--------- beginning of main
--------- beginning of system
12-07 22:51:29.802 13117 13117 E droid.apps.doc: Not starting debugger since process cannot load the jdwp agent.
12-07 22:51:31.528 16506 16506 E BeaconBle: Scan couldn't start for Places
12-07 22:51:32.906 13117 13117 E DocsApplication: [main] No default account found during application creation.
12-07 22:51:33.709  1737  1809 E storaged: getDiskStats failed with result NOT_SUPPORTED and size 0
12-07 22:51:34.481  1729  1752 E         : Couldn't opendir /data/app/vmdl1330276856.tmp: No such file or directory
12-07 22:51:34.481  1729  1752 E installd: Failed to delete /data/app/vmdl1330276856.tmp: No such file or directory
12-07 22:51:38.205 13208 13208 E harlton.mileag: Not starting debugger since process cannot load the jdwp agent.
12-07 22:51:39.697 16085 31762 E putmethod.lati: Invalid ID 0x00000001.
12-07 22:51:39.715 16085 31762 E LstmTrainingCache: emn: Can't get resource name for input slot
12-07 22:51:39.715 16085 31762 E LstmTrainingCache: android.content.res.Resources$NotFoundException: Unable to find resource ID #0x1
12-07 22:51:39.715 16085 31762 E LstmTrainingCache: 	at android.content.res.ResourcesImpl.getResourceName(ResourcesImpl.java:255)
12-07 22:51:39.715 16085 31762 E LstmTrainingCache: 	at android.content.res.Resources.getResourceName(Resources.java:1954)
12-07 22:51:39.715 16085 31762 E LstmTrainingCache: 	at emn.a(PG:12)
12-07 22:51:39.715 16085 31762 E LstmTrainingCache: 	at emk.run(PG:5)
12-07 22:51:39.715 16085 31762 E LstmTrainingCache: 	at java.lang.Thread.run(Thread.java:764)
12-07 22:51:43.479 16085 16085 E native  : suggestion-transformer.cc:118 suggestion picked candidate not found for id: 1
12-07 22:51:52.483 16506 10808 E ctxmgr  : [AppIntervalImpl]closeInterval: ongoing
12-07 22:51:52.487 16506 10808 E ctxmgr  : [AppIntervalImpl]closeInterval: ongoing
12-07 22:51:53.212 15927 13251 E audio_hw_generic: pcm_open(in) failed: cannot open device '/dev/snd/pcmC0D0c': Device or resource busy: channels 2 format 0 rate 16000
12-07 22:51:53.511 16506 16506 E BeaconBle: Scan couldn't start for Places
12-07 22:52:06.489 10641 10641 E ContextIntentStarter: No activity found for any of the 0 intents
12-07 22:52:11.240  1829  1829 E netmgr  : Failed to open QEMU pipe 'qemud:network': Invalid argument
12-07 22:52:11.240  1829  1829 E netmgr  : WifiForwarder unable to open QEMU pipe: Invalid argument
12-07 22:52:33.738  1737  1809 E storaged: getDiskStats failed with result NOT_SUPPORTED and size 0
12-07 22:53:11.246  1829  1829 E netmgr  : Failed to open QEMU pipe 'qemud:network': Invalid argument
12-07 22:53:11.246  1829  1829 E netmgr  : WifiForwarder unable to open QEMU pipe: Invalid argument
12-07 22:53:33.744  1737  1809 E storaged: getDiskStats failed with result NOT_SUPPORTED and size 0
12-07 22:53:56.223 15976 15994 E BatteryExternalStatsWorker: no controller energy info supplied for wifi
12-07 22:54:11.257  1829  1829 E netmgr  : Failed to open QEMU pipe 'qemud:network': Invalid argument
12-07 22:54:11.257  1829  1829 E netmgr  : WifiForwarder unable to open QEMU pipe: Invalid argument
12-07 22:54:33.898  1737  1809 E storaged: getDiskStats failed with result NOT_SUPPORTED and size 0
12-07 22:54:53.903 16788 17129 E PlayCommon: [121] com.google.android.play.b.g.a(448): Failed to connect to server: java.net.UnknownHostException: Unable to resolve host "play.googleapis.com": No address associated with hostname
12-07 22:55:11.310  1829  1829 E netmgr  : Failed to open QEMU pipe 'qemud:network': Invalid argument
12-07 22:55:11.310  1829  1829 E netmgr  : WifiForwarder unable to open QEMU pipe: Invalid argument
12-07 22:55:33.902  1737  1809 E storaged: getDiskStats failed with result NOT_SUPPORTED and size 0
12-07 22:55:55.965 13208 13208 E SpannableStringBuilder: SPAN_EXCLUSIVE_EXCLUSIVE spans cannot have a zero length
12-07 22:55:55.965 13208 13208 E SpannableStringBuilder: SPAN_EXCLUSIVE_EXCLUSIVE spans cannot have a zero length
12-07 22:55:59.261 16085 16085 E native  : suggestion-transformer.cc:118 suggestion picked candidate not found for id: 3
