--------- beginning of main
--------- beginning of system
12-07 19:48:52.816  1729  1931 E         : Couldn't opendir /data/app/vmdl161607103.tmp: No such file or directory
12-07 19:48:52.816  1729  1931 E installd: Failed to delete /data/app/vmdl161607103.tmp: No such file or directory
12-07 19:48:55.736 21258 21258 E harlton.mileag: Not starting debugger since process cannot load the jdwp agent.
12-07 19:48:57.736 16085 24146 E putmethod.lati: Invalid ID 0x00000001.
12-07 19:48:57.744 16085 24146 E LstmTrainingCache: emn: Can't get resource name for input slot
12-07 19:48:57.744 16085 24146 E LstmTrainingCache: android.content.res.Resources$NotFoundException: Unable to find resource ID #0x1
12-07 19:48:57.744 16085 24146 E LstmTrainingCache: 	at android.content.res.ResourcesImpl.getResourceName(ResourcesImpl.java:255)
12-07 19:48:57.744 16085 24146 E LstmTrainingCache: 	at android.content.res.Resources.getResourceName(Resources.java:1954)
12-07 19:48:57.744 16085 24146 E LstmTrainingCache: 	at emn.a(PG:12)
12-07 19:48:57.744 16085 24146 E LstmTrainingCache: 	at emk.run(PG:5)
12-07 19:48:57.744 16085 24146 E LstmTrainingCache: 	at java.lang.Thread.run(Thread.java:764)
12-07 19:49:01.523 16085 24146 E putmethod.lati: Invalid ID 0x00000001.
12-07 19:49:01.533 16085 24146 E LstmTrainingCache: emn: Can't get resource name for input slot
12-07 19:49:01.533 16085 24146 E LstmTrainingCache: android.content.res.Resources$NotFoundException: Unable to find resource ID #0x1
12-07 19:49:01.533 16085 24146 E LstmTrainingCache: 	at android.content.res.ResourcesImpl.getResourceName(ResourcesImpl.java:255)
12-07 19:49:01.533 16085 24146 E LstmTrainingCache: 	at android.content.res.Resources.getResourceName(Resources.java:1954)
12-07 19:49:01.533 16085 24146 E LstmTrainingCache: 	at emn.a(PG:12)
12-07 19:49:01.533 16085 24146 E LstmTrainingCache: 	at emk.run(PG:5)
12-07 19:49:01.533 16085 24146 E LstmTrainingCache: 	at java.lang.Thread.run(Thread.java:764)
12-07 19:49:02.642 16561 16708 E MicroDetectionWorker: Stale runnable..ignoring
12-07 19:49:03.860 16506 20764 E ctxmgr  : [AppIntervalImpl]closeInterval: stopTimeMillis invalid, stop=1544230143860, start=1544238227857
12-07 19:49:03.863 16506 20764 E ctxmgr  : [AppIntervalImpl]closeInterval: stopTimeMillis invalid, stop=1544230143863, start=1544238227858
12-07 19:49:08.062  1829  1829 E netmgr  : Failed to open QEMU pipe 'qemud:network': Invalid argument
12-07 19:49:08.062  1829  1829 E netmgr  : WifiForwarder unable to open QEMU pipe: Invalid argument
12-07 19:49:13.721  1632  1632 E lowmemorykiller: Error writing /proc/20406/oom_score_adj; errno=22
12-07 19:49:14.884 16506 16506 E BeaconBle: Missing BluetoothAdapter
12-07 19:49:14.977 16506 16506 E BeaconBle: Scan couldn't start for Places
12-07 19:49:30.201  1737  1809 E storaged: getDiskStats failed with result NOT_SUPPORTED and size 0
12-07 19:49:35.010 15976 16534 E WindowManager: Performed 6 layouts in a row. Skipping
12-07 19:49:35.031 15976 16026 E WindowManager: Performed 6 layouts in a row. Skipping
12-07 19:49:35.076 15976 16026 E WindowManager: Performed 6 layouts in a row. Skipping
12-07 19:49:35.102 15976 16026 E WindowManager: Performed 6 layouts in a row. Skipping
12-07 19:49:35.180 15976 16026 E WindowManager: Performed 6 layouts in a row. Skipping
12-07 19:49:35.220 15976 16026 E WindowManager: Performed 6 layouts in a row. Skipping
12-07 19:49:35.239 15976 16026 E WindowManager: Performed 6 layouts in a row. Skipping
12-07 19:49:35.310 15976 16026 E WindowManager: Performed 6 layouts in a row. Skipping
12-07 19:49:35.330 15976 15991 E WindowManager: Performed 6 layouts in a row. Skipping
12-07 19:49:35.370 15976 16115 E WindowManager: Performed 6 layouts in a row. Skipping
12-07 19:49:35.396 15976 16026 E WindowManager: Performed 6 layouts in a row. Skipping
12-07 19:49:35.502 15976 16026 E WindowManager: Performed 6 layouts in a row. Skipping
12-07 19:49:36.120 21258 21258 E WindowManager: 
12-07 19:49:36.120 21258 21258 E WindowManager: android.view.WindowLeaked: Activity com.evancharlton.mileage.FieldActivity has leaked window DecorView@5005c3a[FieldActivity] that was originally added here
12-07 19:49:36.120 21258 21258 E WindowManager: 	at android.view.ViewRootImpl.<init>(ViewRootImpl.java:511)
12-07 19:49:36.120 21258 21258 E WindowManager: 	at android.view.WindowManagerGlobal.addView(WindowManagerGlobal.java:346)
12-07 19:49:36.120 21258 21258 E WindowManager: 	at android.view.WindowManagerImpl.addView(WindowManagerImpl.java:93)
12-07 19:49:36.120 21258 21258 E WindowManager: 	at com.android.internal.policy.PhoneWindow.openPanel(PhoneWindow.java:887)
12-07 19:49:36.120 21258 21258 E WindowManager: 	at com.android.internal.policy.PhoneWindow.onKeyUpPanel(PhoneWindow.java:1104)
12-07 19:49:36.120 21258 21258 E WindowManager: 	at com.android.internal.policy.PhoneWindow.onKeyUp(PhoneWindow.java:2007)
12-07 19:49:36.120 21258 21258 E WindowManager: 	at com.android.internal.policy.DecorView.dispatchKeyEvent(DecorView.java:350)
12-07 19:49:36.120 21258 21258 E WindowManager: 	at android.view.ViewRootImpl$ViewPostImeInputStage.processKeyEvent(ViewRootImpl.java:5037)
12-07 19:49:36.120 21258 21258 E WindowManager: 	at android.view.ViewRootImpl$ViewPostImeInputStage.onProcess(ViewRootImpl.java:4905)
12-07 19:49:36.120 21258 21258 E WindowManager: 	at android.view.ViewRootImpl$InputStage.deliver(ViewRootImpl.java:4426)
12-07 19:49:36.120 21258 21258 E WindowManager: 	at android.view.ViewRootImpl$InputStage.onDeliverToNext(ViewRootImpl.java:4479)
12-07 19:49:36.120 21258 21258 E WindowManager: 	at android.view.ViewRootImpl$InputStage.forward(ViewRootImpl.java:4445)
12-07 19:49:36.120 21258 21258 E WindowManager: 	at android.view.ViewRootImpl$AsyncInputStage.forward(ViewRootImpl.java:4585)
12-07 19:49:36.120 21258 21258 E WindowManager: 	at android.view.ViewRootImpl$InputStage.apply(ViewRootImpl.java:4453)
12-07 19:49:36.120 21258 21258 E WindowManager: 	at android.view.ViewRootImpl$AsyncInputStage.apply(ViewRootImpl.java:4642)
12-07 19:49:36.120 21258 21258 E WindowManager: 	at android.view.ViewRootImpl$InputStage.deliver(ViewRootImpl.java:4426)
12-07 19:49:36.120 21258 21258 E WindowManager: 	at android.view.ViewRootImpl$InputStage.onDeliverToNext(ViewRootImpl.java:4479)
12-07 19:49:36.120 21258 21258 E WindowManager: 	at android.view.ViewRootImpl$InputStage.forward(ViewRootImpl.java:4445)
12-07 19:49:36.120 21258 21258 E WindowManager: 	at android.view.ViewRootImpl$InputStage.apply(ViewRootImpl.java:4453)
12-07 19:49:36.120 21258 21258 E WindowManager: 	at android.view.ViewRootImpl$InputStage.deliver(ViewRootImpl.java:4426)
12-07 19:49:36.120 21258 21258 E WindowManager: 	at android.view.ViewRootImpl$InputStage.onDeliverToNext(ViewRootImpl.java:4479)
12-07 19:49:36.120 21258 21258 E WindowManager: 	at android.view.ViewRootImpl$InputStage.forward(ViewRootImpl.java:4445)
12-07 19:49:36.120 21258 21258 E WindowManager: 	at android.view.ViewRootImpl$AsyncInputStage.forward(ViewRootImpl.java:4618)
12-07 19:49:36.120 21258 21258 E WindowManager: 	at android.view.ViewRootImpl$ImeInputStage.onFinishedInputEvent(ViewRootImpl.java:4779)
12-07 19:49:36.120 21258 21258 E WindowManager: 	at android.view.inputmethod.InputMethodManager$PendingEvent.run(InputMethodManager.java:2571)
12-07 19:49:36.120 21258 21258 E WindowManager: 	at android.view.inputmethod.InputMethodManager.invokeFinishedInputEventCallback(InputMethodManager.java:2081)
12-07 19:49:36.120 21258 21258 E WindowManager: 	at android.view.inputmethod.InputMethodManager.finishedInputEvent(InputMethodManager.java:2072)
12-07 19:49:36.120 21258 21258 E WindowManager: 	at android.view.inputmethod.InputMethodManager$ImeInputEventSender.onInputEventFinished(InputMethodManager.java:2548)
12-07 19:49:36.120 21258 21258 E WindowManager: 	at android.view.InputEventSender.dispatchInputEventFinished(InputEventSender.java:141)
12-07 19:49:36.120 21258 21258 E WindowManager: 	at android.os.MessageQueue.nativePollOnce(Native Method)
12-07 19:49:36.120 21258 21258 E WindowManager: 	at android.os.MessageQueue.next(MessageQueue.java:326)
12-07 19:49:36.120 21258 21258 E WindowManager: 	at android.os.Looper.loop(Looper.java:160)
12-07 19:49:36.120 21258 21258 E WindowManager: 	at android.app.ActivityThread.main(ActivityThread.java:6669)
12-07 19:49:36.120 21258 21258 E WindowManager: 	at java.lang.reflect.Method.invoke(Native Method)
12-07 19:49:36.120 21258 21258 E WindowManager: 	at com.android.internal.os.RuntimeInit$MethodAndArgsCaller.run(RuntimeInit.java:493)
12-07 19:49:36.120 21258 21258 E WindowManager: 	at com.android.internal.os.ZygoteInit.main(ZygoteInit.java:858)
12-07 19:49:37.033 16561 16561 E ContextIntentStarter: No activity found for any of the 0 intents
12-07 19:49:50.514 21364 21364 E id.partnersetu: Not starting debugger since process cannot load the jdwp agent.
12-07 19:49:51.049 21380 21380 E boxed_process2: Not starting debugger since process cannot load the jdwp agent.
12-07 19:49:52.836 16561 16561 E ClientVe: Failed to create ClientVisualElementsProto for user interaction on view com.google.android.apps.gsa.searchbox.ui.suggestions.views.CoreSuggestionView{5ba3d52 VFE...CL. ...P.... 0,289-1038,436 #144} because the view is not tagged for visual element logging.
12-07 19:49:52.869 16561 16561 E ClientVe: Failed to create ClientVisualElementsProto for user interaction on view com.google.android.apps.gsa.searchbox.ui.suggestions.views.CoreSuggestionView{9c3bad9 VFE...CL. ...P.... 0,436-1038,583 #145} because the view is not tagged for visual element logging.
12-07 19:49:54.564 15927 21412 E audio_hw_generic: pcm_open(in) failed: cannot open device '/dev/snd/pcmC0D0c': Device or resource busy: channels 2 format 0 rate 16000
12-07 19:49:55.341 16561 16561 E ClientVe: Failed to create ClientVisualElementsProto for user interaction on view com.google.android.apps.gsa.searchbox.ui.suggestions.views.CoreSuggestionView{9c3bad9 VFE...CL. ...P.... 0,436-1038,583 #145} because the view is not tagged for visual element logging.
12-07 19:49:55.503 16561 16561 E ClientVe: Failed to create ClientVisualElementsProto for user interaction on view com.google.android.apps.gsa.searchbox.ui.suggestions.views.CoreSuggestionView{5ba3d52 VFE...CL. ...P.... 0,289-1038,436 #144} because the view is not tagged for visual element logging.
12-07 19:49:55.871 16561 16570 E ReloadingLock: Finalizing LOCKED Token[searchresults_activity 2018-12-07 19:49:53.675]
12-07 19:49:59.242 21420 21420 E .android.chrom: Not starting debugger since process cannot load the jdwp agent.
12-07 19:50:08.063  1829  1829 E netmgr  : Failed to open QEMU pipe 'qemud:network': Invalid argument
12-07 19:50:08.063  1829  1829 E netmgr  : WifiForwarder unable to open QEMU pipe: Invalid argument
12-07 19:50:30.220  1737  1809 E storaged: getDiskStats failed with result NOT_SUPPORTED and size 0
12-07 19:50:40.259 15976 15989 E memtrack: Couldn't load memtrack module
12-07 19:50:45.533 15976 18399 E WindowManager: Performed 6 layouts in a row. Skipping
12-07 19:50:45.567 15976 16026 E WindowManager: Performed 6 layouts in a row. Skipping
12-07 19:50:45.655 15976 16026 E WindowManager: Performed 6 layouts in a row. Skipping
12-07 19:50:45.731 15976 16026 E WindowManager: Performed 6 layouts in a row. Skipping
12-07 19:50:45.818 15976 16026 E WindowManager: Performed 6 layouts in a row. Skipping
12-07 19:50:45.844 15976 15991 E WindowManager: Performed 6 layouts in a row. Skipping
12-07 19:50:45.913 15976 16026 E WindowManager: Performed 6 layouts in a row. Skipping
12-07 19:50:45.944 15976 19497 E WindowManager: Performed 6 layouts in a row. Skipping
12-07 19:50:45.990 15976 16026 E WindowManager: Performed 6 layouts in a row. Skipping
12-07 19:50:46.024 15976 19497 E WindowManager: Performed 6 layouts in a row. Skipping
12-07 19:50:46.055 15976 16026 E WindowManager: Performed 6 layouts in a row. Skipping
12-07 19:50:46.095 15976 16026 E WindowManager: Performed 6 layouts in a row. Skipping
12-07 19:50:46.118 15976 16026 E WindowManager: Performed 6 layouts in a row. Skipping
12-07 19:50:46.203 15976 16026 E WindowManager: Performed 6 layouts in a row. Skipping
12-07 19:50:50.029 15976 15989 E memtrack: Couldn't load memtrack module
12-07 19:50:50.138 15976 15989 E memtrack: Couldn't load memtrack module
12-07 19:50:52.222 15976 19497 E WindowManager: Performed 6 layouts in a row. Skipping
12-07 19:50:52.250 15976 16026 E WindowManager: Performed 6 layouts in a row. Skipping
12-07 19:50:52.307 15976 16026 E WindowManager: Performed 6 layouts in a row. Skipping
12-07 19:50:52.437 15976 16026 E WindowManager: Performed 6 layouts in a row. Skipping
12-07 19:50:52.564 15976 16026 E WindowManager: Performed 6 layouts in a row. Skipping
12-07 19:50:52.618 15976 16026 E WindowManager: Performed 6 layouts in a row. Skipping
12-07 19:50:52.697 15976 15991 E WindowManager: Performed 6 layouts in a row. Skipping
12-07 19:50:52.745 15976 16026 E WindowManager: Performed 6 layouts in a row. Skipping
12-07 19:50:52.782 15976 16026 E WindowManager: Performed 6 layouts in a row. Skipping
12-07 19:50:52.818 15976 17775 E WindowManager: Performed 6 layouts in a row. Skipping
12-07 19:50:52.880 15976 16026 E WindowManager: Performed 6 layouts in a row. Skipping
12-07 19:50:52.944 15976 16026 E WindowManager: Performed 6 layouts in a row. Skipping
12-07 19:50:52.978 15976 16026 E WindowManager: Performed 6 layouts in a row. Skipping
12-07 19:50:53.026 15976 16026 E WindowManager: Performed 6 layouts in a row. Skipping
12-07 19:50:53.124 15976 16026 E WindowManager: Performed 6 layouts in a row. Skipping
12-07 19:50:53.730  1632  1632 E lowmemorykiller: Error opening /proc/20523/oom_score_adj; errno=2
12-07 19:50:53.730  1632  1632 E lowmemorykiller: Error opening /proc/20555/oom_score_adj; errno=2
12-07 19:50:54.090  1632  1632 E lowmemorykiller: Error writing /proc/20158/oom_score_adj; errno=22
12-07 19:50:54.091  1632  1632 E lowmemorykiller: Error opening /proc/20774/oom_score_adj; errno=2
