--------- beginning of system
--------- beginning of main
12-08 05:02:13.628 21643 21643 E ndroid.keychai: Not starting debugger since process cannot load the jdwp agent.
12-08 05:02:13.659 21649 21649 E oid.documentsu: Not starting debugger since process cannot load the jdwp agent.
12-08 05:02:14.148  1829  1829 E netmgr  : Failed to open QEMU pipe 'qemud:network': Invalid argument
12-08 05:02:14.148  1829  1829 E netmgr  : WifiForwarder unable to open QEMU pipe: Invalid argument
12-08 05:02:14.700 21700 21700 E droid.apps.doc: Not starting debugger since process cannot load the jdwp agent.
12-08 05:02:16.762 21700 21700 E DocsApplication: [main] No default account found during application creation.
12-08 05:02:18.268  1729  2327 E         : Couldn't opendir /data/app/vmdl375644791.tmp: No such file or directory
12-08 05:02:18.268  1729  2327 E installd: Failed to delete /data/app/vmdl375644791.tmp: No such file or directory
12-08 05:02:22.548 21767 21767 E harlton.mileag: Not starting debugger since process cannot load the jdwp agent.
12-08 05:02:24.356 16085 31762 E putmethod.lati: Invalid ID 0x00000001.
12-08 05:02:24.367 16085 31762 E LstmTrainingCache: emn: Can't get resource name for input slot
12-08 05:02:24.367 16085 31762 E LstmTrainingCache: android.content.res.Resources$NotFoundException: Unable to find resource ID #0x1
12-08 05:02:24.367 16085 31762 E LstmTrainingCache: 	at android.content.res.ResourcesImpl.getResourceName(ResourcesImpl.java:255)
12-08 05:02:24.367 16085 31762 E LstmTrainingCache: 	at android.content.res.Resources.getResourceName(Resources.java:1954)
12-08 05:02:24.367 16085 31762 E LstmTrainingCache: 	at emn.a(PG:12)
12-08 05:02:24.367 16085 31762 E LstmTrainingCache: 	at emk.run(PG:5)
12-08 05:02:24.367 16085 31762 E LstmTrainingCache: 	at java.lang.Thread.run(Thread.java:764)
12-08 05:02:33.030 21800 21800 E emui:screensho: Not starting debugger since process cannot load the jdwp agent.
12-08 05:02:34.378 21800 21800 E SoundPool: error loading /product/media/audio/ui/camera_click.ogg
12-08 05:02:34.637  1739  1739 E OMXNodeInstance: getConfig(0xee326b40:google.vorbis.decoder, ConfigAndroidVendorExtension(0x6f100004)) ERROR: Undefined(0x80001001)
12-08 05:02:35.526  1737  1809 E storaged: getDiskStats failed with result NOT_SUPPORTED and size 0
12-08 05:02:39.985 16485 26522 E s.nexuslaunche: Failed to open APK '/data/app/com.evancharlton.mileage-5XyiShSiK2Fbn0U718pfEg==/base.apk' I/O error
12-08 05:02:40.029 16485 26522 E ResourcesManager: failed to add asset path /data/app/com.evancharlton.mileage-5XyiShSiK2Fbn0U718pfEg==/base.apk
12-08 05:02:43.457 16506 16506 E BeaconBle: Missing BluetoothAdapter
12-08 05:02:43.605 16506 16506 E BeaconBle: Scan couldn't start for Places
12-08 05:02:47.856 21848 21848 E oid.apps.photo: Not starting debugger since process cannot load the jdwp agent.
12-08 05:02:49.986 21871 21871 E ocess.gservice: Not starting debugger since process cannot load the jdwp agent.
12-08 05:03:06.535 21767 21767 E WindowManager: 
12-08 05:03:06.535 21767 21767 E WindowManager: android.view.WindowLeaked: Activity com.evancharlton.mileage.FieldActivity has leaked window DecorView@40c3817[FieldActivity] that was originally added here
12-08 05:03:06.535 21767 21767 E WindowManager: 	at android.view.ViewRootImpl.<init>(ViewRootImpl.java:511)
12-08 05:03:06.535 21767 21767 E WindowManager: 	at android.view.WindowManagerGlobal.addView(WindowManagerGlobal.java:346)
12-08 05:03:06.535 21767 21767 E WindowManager: 	at android.view.WindowManagerImpl.addView(WindowManagerImpl.java:93)
12-08 05:03:06.535 21767 21767 E WindowManager: 	at com.android.internal.policy.PhoneWindow.openPanel(PhoneWindow.java:887)
12-08 05:03:06.535 21767 21767 E WindowManager: 	at com.android.internal.policy.PhoneWindow.onKeyUpPanel(PhoneWindow.java:1104)
12-08 05:03:06.535 21767 21767 E WindowManager: 	at com.android.internal.policy.PhoneWindow.onKeyUp(PhoneWindow.java:2007)
12-08 05:03:06.535 21767 21767 E WindowManager: 	at com.android.internal.policy.DecorView.dispatchKeyEvent(DecorView.java:350)
12-08 05:03:06.535 21767 21767 E WindowManager: 	at android.view.ViewRootImpl$ViewPostImeInputStage.processKeyEvent(ViewRootImpl.java:5037)
12-08 05:03:06.535 21767 21767 E WindowManager: 	at android.view.ViewRootImpl$ViewPostImeInputStage.onProcess(ViewRootImpl.java:4905)
12-08 05:03:06.535 21767 21767 E WindowManager: 	at android.view.ViewRootImpl$InputStage.deliver(ViewRootImpl.java:4426)
12-08 05:03:06.535 21767 21767 E WindowManager: 	at android.view.ViewRootImpl$InputStage.onDeliverToNext(ViewRootImpl.java:4479)
12-08 05:03:06.535 21767 21767 E WindowManager: 	at android.view.ViewRootImpl$InputStage.forward(ViewRootImpl.java:4445)
12-08 05:03:06.535 21767 21767 E WindowManager: 	at android.view.ViewRootImpl$AsyncInputStage.forward(ViewRootImpl.java:4585)
12-08 05:03:06.535 21767 21767 E WindowManager: 	at android.view.ViewRootImpl$InputStage.apply(ViewRootImpl.java:4453)
12-08 05:03:06.535 21767 21767 E WindowManager: 	at android.view.ViewRootImpl$AsyncInputStage.apply(ViewRootImpl.java:4642)
12-08 05:03:06.535 21767 21767 E WindowManager: 	at android.view.ViewRootImpl$InputStage.deliver(ViewRootImpl.java:4426)
12-08 05:03:06.535 21767 21767 E WindowManager: 	at android.view.ViewRootImpl$InputStage.onDeliverToNext(ViewRootImpl.java:4479)
12-08 05:03:06.535 21767 21767 E WindowManager: 	at android.view.ViewRootImpl$InputStage.forward(ViewRootImpl.java:4445)
12-08 05:03:06.535 21767 21767 E WindowManager: 	at android.view.ViewRootImpl$InputStage.apply(ViewRootImpl.java:4453)
12-08 05:03:06.535 21767 21767 E WindowManager: 	at android.view.ViewRootImpl$InputStage.deliver(ViewRootImpl.java:4426)
12-08 05:03:06.535 21767 21767 E WindowManager: 	at android.view.ViewRootImpl$InputStage.onDeliverToNext(ViewRootImpl.java:4479)
12-08 05:03:06.535 21767 21767 E WindowManager: 	at android.view.ViewRootImpl$InputStage.forward(ViewRootImpl.java:4445)
12-08 05:03:06.535 21767 21767 E WindowManager: 	at android.view.ViewRootImpl$AsyncInputStage.forward(ViewRootImpl.java:4618)
12-08 05:03:06.535 21767 21767 E WindowManager: 	at android.view.ViewRootImpl$ImeInputStage.onFinishedInputEvent(ViewRootImpl.java:4779)
12-08 05:03:06.535 21767 21767 E WindowManager: 	at android.view.inputmethod.InputMethodManager$PendingEvent.run(InputMethodManager.java:2571)
12-08 05:03:06.535 21767 21767 E WindowManager: 	at android.view.inputmethod.InputMethodManager.invokeFinishedInputEventCallback(InputMethodManager.java:2081)
12-08 05:03:06.535 21767 21767 E WindowManager: 	at android.view.inputmethod.InputMethodManager.finishedInputEvent(InputMethodManager.java:2072)
12-08 05:03:06.535 21767 21767 E WindowManager: 	at android.view.inputmethod.InputMethodManager$ImeInputEventSender.onInputEventFinished(InputMethodManager.java:2548)
12-08 05:03:06.535 21767 21767 E WindowManager: 	at android.view.InputEventSender.dispatchInputEventFinished(InputEventSender.java:141)
12-08 05:03:06.535 21767 21767 E WindowManager: 	at android.os.MessageQueue.nativePollOnce(Native Method)
12-08 05:03:06.535 21767 21767 E WindowManager: 	at android.os.MessageQueue.next(MessageQueue.java:326)
12-08 05:03:06.535 21767 21767 E WindowManager: 	at android.os.Looper.loop(Looper.java:160)
12-08 05:03:06.535 21767 21767 E WindowManager: 	at android.app.ActivityThread.main(ActivityThread.java:6669)
12-08 05:03:06.535 21767 21767 E WindowManager: 	at java.lang.reflect.Method.invoke(Native Method)
12-08 05:03:06.535 21767 21767 E WindowManager: 	at com.android.internal.os.RuntimeInit$MethodAndArgsCaller.run(RuntimeInit.java:493)
12-08 05:03:06.535 21767 21767 E WindowManager: 	at com.android.internal.os.ZygoteInit.main(ZygoteInit.java:858)
12-08 05:03:08.494 10641 10641 E ContextIntentStarter: No activity found for any of the 0 intents
12-08 05:03:14.177  1829  1829 E netmgr  : Failed to open QEMU pipe 'qemud:network': Invalid argument
12-08 05:03:14.177  1829  1829 E netmgr  : WifiForwarder unable to open QEMU pipe: Invalid argument
12-08 05:03:21.929 15927 21928 E audio_hw_generic: pcm_open(in) failed: cannot open device '/dev/snd/pcmC0D0c': Device or resource busy: channels 2 format 0 rate 16000
12-08 05:03:35.540  1737  1809 E storaged: getDiskStats failed with result NOT_SUPPORTED and size 0
12-08 05:04:14.191  1829  1829 E netmgr  : Failed to open QEMU pipe 'qemud:network': Invalid argument
12-08 05:04:14.191  1829  1829 E netmgr  : WifiForwarder unable to open QEMU pipe: Invalid argument
12-08 05:04:35.566  1737  1809 E storaged: getDiskStats failed with result NOT_SUPPORTED and size 0
12-08 05:04:56.900 16788 17129 E PlayCommon: [121] com.google.android.play.b.g.a(448): Failed to connect to server: java.net.UnknownHostException: Unable to resolve host "play.googleapis.com": No address associated with hostname
12-08 05:05:14.248  1829  1829 E netmgr  : Failed to open QEMU pipe 'qemud:network': Invalid argument
12-08 05:05:14.248  1829  1829 E netmgr  : WifiForwarder unable to open QEMU pipe: Invalid argument
12-08 05:05:35.598  1737  1809 E storaged: getDiskStats failed with result NOT_SUPPORTED and size 0
12-08 05:06:14.309  1829  1829 E netmgr  : Failed to open QEMU pipe 'qemud:network': Invalid argument
12-08 05:06:14.309  1829  1829 E netmgr  : WifiForwarder unable to open QEMU pipe: Invalid argument
12-08 05:06:35.603  1737  1809 E storaged: getDiskStats failed with result NOT_SUPPORTED and size 0
12-08 05:07:14.346  1829  1829 E netmgr  : Failed to open QEMU pipe 'qemud:network': Invalid argument
12-08 05:07:14.346  1829  1829 E netmgr  : WifiForwarder unable to open QEMU pipe: Invalid argument
12-08 05:07:25.247 22006 22006 E hod.latin:trai: Not starting debugger since process cannot load the jdwp agent.
12-08 05:07:35.621  1737  1809 E storaged: getDiskStats failed with result NOT_SUPPORTED and size 0
