--------- beginning of main
12-08 00:33:25.948 19145 19145 E oid.documentsu: Not starting debugger since process cannot load the jdwp agent.
12-08 00:33:25.952 19150 19150 E ndroid.keychai: Not starting debugger since process cannot load the jdwp agent.
--------- beginning of system
12-08 00:33:26.746 19199 19199 E droid.apps.doc: Not starting debugger since process cannot load the jdwp agent.
12-08 00:33:29.165 19199 19199 E DocsApplication: [main] No default account found during application creation.
12-08 00:33:29.754  1729  1752 E         : Couldn't opendir /data/app/vmdl1299043527.tmp: No such file or directory
12-08 00:33:29.754  1729  1752 E installd: Failed to delete /data/app/vmdl1299043527.tmp: No such file or directory
12-08 00:33:30.012  1737  1809 E storaged: getDiskStats failed with result NOT_SUPPORTED and size 0
12-08 00:33:33.710 19271 19271 E harlton.mileag: Not starting debugger since process cannot load the jdwp agent.
12-08 00:33:35.650 16085 24146 E putmethod.lati: Invalid ID 0x00000001.
12-08 00:33:35.677 16085 24146 E LstmTrainingCache: emn: Can't get resource name for input slot
12-08 00:33:35.677 16085 24146 E LstmTrainingCache: android.content.res.Resources$NotFoundException: Unable to find resource ID #0x1
12-08 00:33:35.677 16085 24146 E LstmTrainingCache: 	at android.content.res.ResourcesImpl.getResourceName(ResourcesImpl.java:255)
12-08 00:33:35.677 16085 24146 E LstmTrainingCache: 	at android.content.res.Resources.getResourceName(Resources.java:1954)
12-08 00:33:35.677 16085 24146 E LstmTrainingCache: 	at emn.a(PG:12)
12-08 00:33:35.677 16085 24146 E LstmTrainingCache: 	at emk.run(PG:5)
12-08 00:33:35.677 16085 24146 E LstmTrainingCache: 	at java.lang.Thread.run(Thread.java:764)
12-08 00:33:39.665 16085 16085 E native  : suggestion-transformer.cc:118 suggestion picked candidate not found for id: 1
12-08 00:33:39.674 16085 16085 E native  : suggestion-transformer.cc:118 suggestion picked candidate not found for id: 1
12-08 00:33:40.114 15976 15993 E libprocessgroup: Error encountered killing process cgroup uid 99061 pid 18323: No such file or directory
12-08 00:33:40.491 16506 18902 E ctxmgr  : [AppIntervalImpl]closeInterval: stopTimeMillis invalid, stop=1544229220487, start=1544238227857
12-08 00:33:40.503 16506 18902 E ctxmgr  : [AppIntervalImpl]closeInterval: stopTimeMillis invalid, stop=1544229220502, start=1544238227858
12-08 00:33:43.630 16085 24146 E putmethod.lati: Invalid ID 0x00000001.
12-08 00:33:43.642 16085 24146 E LstmTrainingCache: emn: Can't get resource name for input slot
12-08 00:33:43.642 16085 24146 E LstmTrainingCache: android.content.res.Resources$NotFoundException: Unable to find resource ID #0x1
12-08 00:33:43.642 16085 24146 E LstmTrainingCache: 	at android.content.res.ResourcesImpl.getResourceName(ResourcesImpl.java:255)
12-08 00:33:43.642 16085 24146 E LstmTrainingCache: 	at android.content.res.Resources.getResourceName(Resources.java:1954)
12-08 00:33:43.642 16085 24146 E LstmTrainingCache: 	at emn.a(PG:12)
12-08 00:33:43.642 16085 24146 E LstmTrainingCache: 	at emk.run(PG:5)
12-08 00:33:43.642 16085 24146 E LstmTrainingCache: 	at java.lang.Thread.run(Thread.java:764)
12-08 00:33:44.338 15976 15989 E memtrack: Couldn't load memtrack module
12-08 00:33:44.482 19308 19308 E emui:screensho: Not starting debugger since process cannot load the jdwp agent.
12-08 00:33:45.071 19308 19308 E SoundPool: error loading /product/media/audio/ui/camera_click.ogg
12-08 00:33:45.261  1724  2165 E SurfaceFlinger: ro.sf.lcd_density must be defined as a build property
12-08 00:33:45.326  1739  2097 E OMXNodeInstance: getConfig(0xee326f60:google.vorbis.decoder, ConfigAndroidVendorExtension(0x6f100004)) ERROR: Undefined(0x80001001)
12-08 00:33:45.464  1724  2165 E SurfaceFlinger: ro.sf.lcd_density must be defined as a build property
12-08 00:33:46.119 15976 15989 E memtrack: Couldn't load memtrack module
12-08 00:33:46.607 15976 15989 E memtrack: Couldn't load memtrack module
12-08 00:33:46.708 16485 24890 E s.nexuslaunche: Failed to open APK '/data/app/com.evancharlton.mileage-DdgSVCTauq8-UFfkYbmKPA==/base.apk' I/O error
12-08 00:33:46.721 16485 24890 E ResourcesManager: failed to add asset path /data/app/com.evancharlton.mileage-DdgSVCTauq8-UFfkYbmKPA==/base.apk
12-08 00:33:47.333 15976 15989 E memtrack: Couldn't load memtrack module
12-08 00:33:49.578 16506 17111 E PlaceInferenceEngine: Position timestamp out of order. Previous: 1544246903000, Current: 1544229228000. Skipping this Position.
12-08 00:33:50.183 16506 16506 E BeaconBle: Missing BluetoothAdapter
12-08 00:33:50.324 16506 16506 E BeaconBle: Scan couldn't start for Places
12-08 00:33:56.668 19366 19366 E id.partnersetu: Not starting debugger since process cannot load the jdwp agent.
12-08 00:33:57.079 19383 19383 E boxed_process2: Not starting debugger since process cannot load the jdwp agent.
12-08 00:33:59.213 19415 19415 E oid.apps.photo: Not starting debugger since process cannot load the jdwp agent.
12-08 00:33:59.449 16561 16561 E ClientVe: Failed to create ClientVisualElementsProto for user interaction on view com.google.android.apps.gsa.searchbox.ui.suggestions.views.CoreSuggestionView{8061952 VFE...CL. ...P.... 0,436-1038,583 #13b} because the view is not tagged for visual element logging.
12-08 00:33:59.524 16561 16561 E ClientVe: Failed to create ClientVisualElementsProto for user interaction on view com.google.android.apps.gsa.searchbox.ui.suggestions.views.CoreSuggestionView{af646d9 VFE...CL. ...P.... 0,289-1038,436 #13a} because the view is not tagged for visual element logging.
12-08 00:33:59.756 16561 16561 E ClientVe: Failed to create ClientVisualElementsProto for user interaction on view com.google.android.apps.gsa.searchbox.ui.suggestions.views.CoreSuggestionView{37bcd20 VFE...CL. ...P.... 0,142-1038,289 #139} because the view is not tagged for visual element logging.
12-08 00:34:00.450 16561 16561 E ClientVe: Failed to create ClientVisualElementsProto for user interaction on view com.google.android.apps.gsa.searchbox.ui.suggestions.views.CoreSuggestionView{af646d9 VFE...CL. ...P.... 0,289-1038,436 #13a} because the view is not tagged for visual element logging.
12-08 00:34:00.462 16561 16561 E ClientVe: Failed to create ClientVisualElementsProto for user interaction on view com.google.android.apps.gsa.searchbox.ui.suggestions.views.CoreSuggestionView{af646d9 VFE...CL. ...P.... 0,289-1038,436 #13a} because the view is not tagged for visual element logging.
12-08 00:34:01.287 16561 16561 E ClientVe: Failed to create ClientVisualElementsProto for user interaction on view com.google.android.apps.gsa.searchbox.ui.suggestions.views.CoreSuggestionView{948789e VFE...CL. ...P.... 0,583-1038,730 #13c} because the view is not tagged for visual element logging.
12-08 00:34:02.421 16561 16570 E ReloadingLock: Finalizing LOCKED Token[searchresults_activity 2018-12-08 00:34:00.214]
12-08 00:34:06.485 15976 15989 E memtrack: Couldn't load memtrack module
12-08 00:34:06.726 19467 19467 E .android.chrom: Not starting debugger since process cannot load the jdwp agent.
12-08 00:34:06.790 15976 15989 E memtrack: Couldn't load memtrack module
12-08 00:34:07.904  1829  1829 E netmgr  : Failed to open QEMU pipe 'qemud:network': Invalid argument
12-08 00:34:07.905  1829  1829 E netmgr  : WifiForwarder unable to open QEMU pipe: Invalid argument
12-08 00:34:08.362 15976 15989 E memtrack: Couldn't load memtrack module
12-08 00:34:09.130 15976 16534 E NotificationService: Package enqueue rate is 6.506928. Shedding 0|com.google.android.googlequicksearchbox|393216|h|10036. package=com.google.android.googlequicksearchbox
12-08 00:34:09.683 15976 15989 E memtrack: Couldn't load memtrack module
12-08 00:34:10.786 15976 15989 E memtrack: Couldn't load memtrack module
12-08 00:34:24.747 15976 15989 E memtrack: Couldn't load memtrack module
12-08 00:34:30.051  1737  1809 E storaged: getDiskStats failed with result NOT_SUPPORTED and size 0
12-08 00:34:30.377 15976 15989 E memtrack: Couldn't load memtrack module
12-08 00:34:31.917 15976 15989 E memtrack: Couldn't load memtrack module
