--------- beginning of main
--------- beginning of system
12-07 20:39:15.480 27334 27334 E oid.documentsu: Not starting debugger since process cannot load the jdwp agent.
12-07 20:39:15.549 27349 27349 E ndroid.keychai: Not starting debugger since process cannot load the jdwp agent.
12-07 20:39:16.521 27397 27397 E droid.apps.doc: Not starting debugger since process cannot load the jdwp agent.
12-07 20:39:16.656 16506 16506 E BeaconBle: Missing BluetoothAdapter
12-07 20:39:16.725 16506 16506 E BeaconBle: Scan couldn't start for Places
12-07 20:39:17.733 27425 27425 E ocess.gservice: Not starting debugger since process cannot load the jdwp agent.
12-07 20:39:18.866 27397 27397 E DocsApplication: [main] No default account found during application creation.
12-07 20:39:19.517  1729  1931 E         : Couldn't opendir /data/app/vmdl1381671522.tmp: No such file or directory
12-07 20:39:19.517  1729  1931 E installd: Failed to delete /data/app/vmdl1381671522.tmp: No such file or directory
12-07 20:39:22.512 27476 27476 E harlton.mileag: Not starting debugger since process cannot load the jdwp agent.
12-07 20:39:23.939 16085 24146 E putmethod.lati: Invalid ID 0x00000001.
12-07 20:39:23.952 16085 24146 E LstmTrainingCache: emn: Can't get resource name for input slot
12-07 20:39:23.952 16085 24146 E LstmTrainingCache: android.content.res.Resources$NotFoundException: Unable to find resource ID #0x1
12-07 20:39:23.952 16085 24146 E LstmTrainingCache: 	at android.content.res.ResourcesImpl.getResourceName(ResourcesImpl.java:255)
12-07 20:39:23.952 16085 24146 E LstmTrainingCache: 	at android.content.res.Resources.getResourceName(Resources.java:1954)
12-07 20:39:23.952 16085 24146 E LstmTrainingCache: 	at emn.a(PG:12)
12-07 20:39:23.952 16085 24146 E LstmTrainingCache: 	at emk.run(PG:5)
12-07 20:39:23.952 16085 24146 E LstmTrainingCache: 	at java.lang.Thread.run(Thread.java:764)
12-07 20:39:30.217 16085 16085 E native  : suggestion-transformer.cc:118 suggestion picked candidate not found for id: 2
12-07 20:39:31.111  1737  1809 E storaged: getDiskStats failed with result NOT_SUPPORTED and size 0
12-07 20:39:33.917 16788 17129 E PlayCommon: [121] com.google.android.play.b.g.a(448): Failed to connect to server: java.net.UnknownHostException: Unable to resolve host "play.googleapis.com": No address associated with hostname
12-07 20:39:34.695 27476 27476 E SpannableStringBuilder: SPAN_EXCLUSIVE_EXCLUSIVE spans cannot have a zero length
12-07 20:39:34.695 27476 27476 E SpannableStringBuilder: SPAN_EXCLUSIVE_EXCLUSIVE spans cannot have a zero length
12-07 20:39:37.775 16506 25050 E ctxmgr  : [AppIntervalImpl]closeInterval: stopTimeMillis invalid, stop=1544233177775, start=1544238227857
12-07 20:39:37.783 16506 25050 E ctxmgr  : [AppIntervalImpl]closeInterval: stopTimeMillis invalid, stop=1544233177783, start=1544238227858
12-07 20:39:38.078  1632  1632 E lowmemorykiller: Error opening /proc/26966/oom_score_adj; errno=2
12-07 20:39:38.339 27516 27516 E emui:screensho: Not starting debugger since process cannot load the jdwp agent.
12-07 20:39:39.754 27516 27516 E SoundPool: error loading /product/media/audio/ui/camera_click.ogg
12-07 20:39:40.004  1739  1739 E OMXNodeInstance: getConfig(0xee326c60:google.vorbis.decoder, ConfigAndroidVendorExtension(0x6f100004)) ERROR: Undefined(0x80001001)
12-07 20:39:40.131 16085 27537 E AppIndexingFetcher: fls: Query Query{query=, package=com.bitstrips.imoji, corpus=[internal.3p:StickerPack, internal.3p:StickerPack_cross_device], start=0, limit=100, prefix=false, filter=false, timeoutMs=15000} failed with status Status{statusCode=INTERRUPTED, resolution=null}
12-07 20:39:44.462 16085 16085 E RecyclerView: No adapter attached; skipping layout
12-07 20:39:47.152 16506 16506 E BeaconBle: Missing BluetoothAdapter
12-07 20:39:47.219 16506 16506 E BeaconBle: Scan couldn't start for Places
12-07 20:39:53.421 27572 27572 E oid.apps.photo: Not starting debugger since process cannot load the jdwp agent.
12-07 20:40:02.770  1724  1724 E SurfaceFlinger: [StatusBar#0] rejecting buffer: bufWidth=1080, bufHeight=1920, front.active.{w=1080, h=63}
12-07 20:40:03.881 16561 16561 E ContextIntentStarter: No activity found for any of the 0 intents
12-07 20:40:09.272  1829  1829 E netmgr  : Failed to open QEMU pipe 'qemud:network': Invalid argument
12-07 20:40:09.272  1829  1829 E netmgr  : WifiForwarder unable to open QEMU pipe: Invalid argument
12-07 20:40:15.464 15927 27628 E audio_hw_generic: pcm_open(in) failed: cannot open device '/dev/snd/pcmC0D0c': Device or resource busy: channels 2 format 0 rate 16000
12-07 20:40:15.482 16506 25497 E ctxmgr  : [AppIntervalImpl]closeInterval: stopTimeMillis invalid, stop=1544233215482, start=1544238227857
12-07 20:40:15.489 16506 25497 E ctxmgr  : [AppIntervalImpl]closeInterval: stopTimeMillis invalid, stop=1544233215489, start=1544238227858
12-07 20:40:31.142  1737  1809 E storaged: getDiskStats failed with result NOT_SUPPORTED and size 0
12-07 20:41:09.286  1829  1829 E netmgr  : Failed to open QEMU pipe 'qemud:network': Invalid argument
12-07 20:41:09.286  1829  1829 E netmgr  : WifiForwarder unable to open QEMU pipe: Invalid argument
12-07 20:41:31.174  1737  1809 E storaged: getDiskStats failed with result NOT_SUPPORTED and size 0
12-07 20:42:09.347  1829  1829 E netmgr  : Failed to open QEMU pipe 'qemud:network': Invalid argument
12-07 20:42:09.348  1829  1829 E netmgr  : WifiForwarder unable to open QEMU pipe: Invalid argument
12-07 20:42:31.176  1737  1809 E storaged: getDiskStats failed with result NOT_SUPPORTED and size 0
12-07 20:43:09.409  1829  1829 E netmgr  : Failed to open QEMU pipe 'qemud:network': Invalid argument
12-07 20:43:09.409  1829  1829 E netmgr  : WifiForwarder unable to open QEMU pipe: Invalid argument
12-07 20:43:31.178  1737  1809 E storaged: getDiskStats failed with result NOT_SUPPORTED and size 0
