--------- beginning of system
12-07 01:24:49.180  1735  1809 E storaged: getDiskStats failed with result NOT_SUPPORTED and size 0
--------- beginning of main
12-07 01:25:13.860  2378 19496 E ctxmgr  : [ProducerStatusImpl]updateStateForNewContextData: inactive, contextName=7
12-07 01:25:14.633  2378  2378 E BeaconBle: Missing BluetoothAdapter
12-07 01:25:14.696  2378  2378 E BeaconBle: Scan couldn't start for Places
12-07 01:25:16.632  2768  2768 E ContextIntentStarter: No activity found for any of the 0 intents
12-07 01:25:28.726  2378 21009 E ctxmgr  : [ProducerStatusImpl]updateStateForNewContextData: inactive, contextName=7
12-07 01:25:29.389  2378  2378 E BeaconBle: Missing BluetoothAdapter
12-07 01:25:29.551  2378  2378 E BeaconBle: Scan couldn't start for Places
12-07 01:25:33.248  1610 21232 E audio_hw_generic: pcm_open(in) failed: cannot open device '/dev/snd/pcmC0D0c': Device or resource busy: channels 2 format 0 rate 16000
12-07 01:25:36.061  2768  2768 E ContextIntentStarter: No activity found for any of the 0 intents
12-07 01:25:38.914 21241 21241 E boxed_process2: Not starting debugger since process cannot load the jdwp agent.
12-07 01:25:39.072  2768  2768 E ClientVe: Failed to create ClientVisualElementsProto for user interaction on view com.google.android.apps.gsa.searchbox.ui.suggestions.views.CoreSuggestionView{91e6c8d VFE...CL. ...P.... 0,583-1038,730 #1ed} because the view is not tagged for visual element logging.
12-07 01:25:39.281  2768  2768 E ClientVe: Failed to create ClientVisualElementsProto for user interaction on view com.google.android.apps.gsa.searchbox.ui.suggestions.views.CoreSuggestionView{91e6c8d VFE...CL. ........ 0,583-1038,730 #1ed} because the view is not tagged for visual element logging.
12-07 01:25:39.294  2768  2768 E ClientVe: Failed to create ClientVisualElementsProto for user interaction on view com.google.android.apps.gsa.searchbox.ui.suggestions.views.CoreSuggestionView{9dd6e53 VFE...CL. ...P.... 0,142-1038,289 #1ea} because the view is not tagged for visual element logging.
12-07 01:25:39.777  1829  1829 E netmgr  : Failed to open QEMU pipe 'qemud:network': Invalid argument
12-07 01:25:39.777  1829  1829 E netmgr  : WifiForwarder unable to open QEMU pipe: Invalid argument
12-07 01:25:40.271  2768  2768 E ClientVe: Failed to create ClientVisualElementsProto for user interaction on view com.google.android.apps.gsa.searchbox.ui.suggestions.views.CoreSuggestionView{a924489 VFE...CL. ...P.... 0,436-1038,583 #1ec} because the view is not tagged for visual element logging.
12-07 01:25:49.194  1735  1809 E storaged: getDiskStats failed with result NOT_SUPPORTED and size 0
12-07 01:25:51.397  2378  2378 E BeaconBle: Scan couldn't start for Places
12-07 01:26:16.530  2378 21265 E ctxmgr  : [ProducerStatusImpl]updateStateForNewContextData: inactive, contextName=7
12-07 01:26:16.893  2378  2378 E BeaconBle: Missing BluetoothAdapter
12-07 01:26:16.908  2378  2378 E BeaconBle: Scan couldn't start for Places
12-07 01:26:24.489 21327 21327 E boxed_process2: Not starting debugger since process cannot load the jdwp agent.
12-07 01:26:25.670  1610 21347 E audio_hw_generic: pcm_open(in) failed: cannot open device '/dev/snd/pcmC0D0c': Device or resource busy: channels 2 format 0 rate 16000
12-07 01:26:26.807  2768  2776 E ReloadingLock: Finalizing LOCKED Token[searchresults_activity 2018-12-07 01:26:24.941]
12-07 01:26:39.787  1829  1829 E netmgr  : Failed to open QEMU pipe 'qemud:network': Invalid argument
12-07 01:26:39.788  1829  1829 E netmgr  : WifiForwarder unable to open QEMU pipe: Invalid argument
12-07 01:26:44.260  2768  2768 E ContextIntentStarter: No activity found for any of the 0 intents
12-07 01:26:47.012  1610 21377 E audio_hw_generic: pcm_open(in) failed: cannot open device '/dev/snd/pcmC0D0c': Device or resource busy: channels 2 format 0 rate 16000
12-07 01:26:49.210  1735  1809 E storaged: getDiskStats failed with result NOT_SUPPORTED and size 0
12-07 01:26:49.888  2768  2768 E ClientVe: Failed to create ClientVisualElementsProto for user interaction on view com.google.android.apps.gsa.searchbox.ui.suggestions.views.CoreSuggestionView{4092adc VFE...CL. ...P.... 0,583-1038,730 #204} because the view is not tagged for visual element logging.
12-07 01:26:50.397  2768  2768 E ClientVe: Failed to create ClientVisualElementsProto for user interaction on view com.google.android.apps.gsa.searchbox.ui.suggestions.views.CoreSuggestionView{69f02ba VFE...CL. ......ID 0,142-1038,289 #201} because the view is not tagged for visual element logging.
12-07 01:26:50.571  2768  2768 E ClientVe: Failed to create ClientVisualElementsProto for user interaction on view com.google.android.apps.gsa.searchbox.ui.suggestions.views.CoreSuggestionView{4092adc VFE...CL. ...P.... 0,583-1038,730 #204} because the view is not tagged for visual element logging.
12-07 01:26:50.918  2768  2768 E ClientVe: Failed to create ClientVisualElementsProto for user interaction on view com.google.android.apps.gsa.searchbox.ui.suggestions.views.CoreSuggestionView{51e77e5 VFE...CL. ...P.... 0,-5-1038,142 #200} because the view is not tagged for visual element logging.
12-07 01:26:51.867  2768  2768 E ClientVe: Failed to create ClientVisualElementsProto for user interaction on view com.google.android.apps.gsa.searchbox.ui.suggestions.views.CoreSuggestionView{51e77e5 VFE...CL. ...P.... 0,-5-1038,142 #200} because the view is not tagged for visual element logging.
12-07 01:26:51.993  2768  2768 E ClientVe: Failed to create ClientVisualElementsProto for user interaction on view com.google.android.apps.gsa.searchbox.ui.suggestions.views.CoreSuggestionView{6c18c8 VFE...CL. ...P.... 0,436-1038,583 #203} because the view is not tagged for visual element logging.
12-07 01:26:52.490  2768  2768 E ClientVe: Failed to create ClientVisualElementsProto for user interaction on view com.google.android.apps.gsa.searchbox.ui.suggestions.views.CoreSuggestionView{6c18c8 VFE...CL. ...P.... 0,436-1038,583 #203} because the view is not tagged for visual element logging.
12-07 01:26:58.434  1610 21387 E audio_hw_generic: pcm_open(in) failed: cannot open device '/dev/snd/pcmC0D0c': Device or resource busy: channels 2 format 0 rate 16000
12-07 01:27:02.842  1625  1625 E android.hardware.wifi@1.0-service: Failed to register radio mode change callback
12-07 01:27:02.848  1625  1625 E android.hardware.wifi@1.0-service: Failed to set DFS flag; DFS channels may be unavailable.
12-07 01:27:02.885  1736  1736 E wificond: No Offload Service available
12-07 01:27:03.039  1880  1969 E WifiP2pService: Unhandled message { when=0 what=131203 target=com.android.internal.util.StateMachine$SmHandler }
12-07 01:27:03.050  1880  1969 E WifiP2pService: Unhandled message { when=0 what=131203 target=com.android.internal.util.StateMachine$SmHandler }
12-07 01:27:03.091  1880  1900 E BatteryExternalStatsWorker: no controller energy info supplied for wifi
12-07 01:27:03.136  1880  1900 E BatteryExternalStatsWorker: no controller energy info supplied for wifi
12-07 01:27:07.237  1880  1900 E BatteryExternalStatsWorker: no controller energy info supplied for wifi
12-07 01:27:07.668  1880  1967 E WifiVendorHal: stopRssiMonitoring(l.2404) failed {.code = ERROR_NOT_AVAILABLE, .description = }
12-07 01:27:08.091  1733  1824 E Netd    : Error adding route ::/0 -> fe80::ff:fe00:100 wlan0 to table 1003: File exists
12-07 01:27:08.264  2378 21411 E WakeLock: GCM_HB_ALARM release without a matched acquire!
12-07 01:27:08.438  2378 21411 E WakeLock: GCM_CONN_ALARM release without a matched acquire!
12-07 01:27:14.696  1880  1899 E libprocessgroup: Error encountered killing process cgroup uid 99064 pid 21327: No such file or directory
12-07 01:27:15.310  2378 21423 E WakeLock: GCM_CONN_ALARM release without a matched acquire!
