--------- beginning of system
12-08 13:41:08.350  1738  1772 E storaged: getDiskStats failed with result NOT_SUPPORTED and size 0
12-08 13:41:40.103  1881  1896 E AutofillSession: No assist structure - app might have crashed providing it
--------- beginning of main
12-08 13:41:57.052  1828  1828 E netmgr  : Failed to open QEMU pipe 'qemud:network': Invalid argument
12-08 13:41:57.053  1828  1828 E netmgr  : WifiForwarder unable to open QEMU pipe: Invalid argument
12-08 13:41:59.932  1992  6060 E putmethod.lati: Invalid ID 0x00000001.
12-08 13:41:59.932  1992  6060 E LstmTrainingCache: emn: Can't get resource name for input slot
12-08 13:41:59.932  1992  6060 E LstmTrainingCache: android.content.res.Resources$NotFoundException: Unable to find resource ID #0x1
12-08 13:41:59.932  1992  6060 E LstmTrainingCache: 	at android.content.res.ResourcesImpl.getResourceName(ResourcesImpl.java:255)
12-08 13:41:59.932  1992  6060 E LstmTrainingCache: 	at android.content.res.Resources.getResourceName(Resources.java:1954)
12-08 13:41:59.932  1992  6060 E LstmTrainingCache: 	at emn.a(PG:12)
12-08 13:41:59.932  1992  6060 E LstmTrainingCache: 	at emk.run(PG:5)
12-08 13:41:59.932  1992  6060 E LstmTrainingCache: 	at java.lang.Thread.run(Thread.java:764)
12-08 13:42:04.603  8931  8931 E SpannableStringBuilder: SPAN_EXCLUSIVE_EXCLUSIVE spans cannot have a zero length
12-08 13:42:04.603  8931  8931 E SpannableStringBuilder: SPAN_EXCLUSIVE_EXCLUSIVE spans cannot have a zero length
12-08 13:42:09.419  1738  1772 E storaged: getDiskStats failed with result NOT_SUPPORTED and size 0
12-08 13:42:43.998  2494  2716 E PlayCommon: [101] com.google.android.play.b.g.a(448): Failed to connect to server: java.net.UnknownHostException: Unable to resolve host "play.googleapis.com": No address associated with hostname
12-08 13:42:56.149  1611  1695 E audio_hw_generic: pcm_write failed cannot write stream data: I/O error
12-08 13:42:58.706  1828  1828 E netmgr  : Failed to open QEMU pipe 'qemud:network': Invalid argument
12-08 13:42:58.706  1828  1828 E netmgr  : WifiForwarder unable to open QEMU pipe: Invalid argument
12-08 13:43:11.028  1738  1772 E storaged: getDiskStats failed with result NOT_SUPPORTED and size 0
12-08 13:43:36.111  2448  8682 E ctxmgr  : [ProducerStatusImpl]updateStateForNewContextData: inactive, contextName=7
12-08 13:43:36.121  2448  3146 E PlaceInferenceEngine: Position timestamp out of order. Previous: 1544276349000, Current: 1544258618000. Skipping this Position.
12-08 13:43:38.427  2448  8682 E ctxmgr  : [ProducerStatusImpl]updateStateForNewContextData: inactive, contextName=1
12-08 13:43:38.486  2448  8682 E ctxmgr  : [ProducerStatusImpl]updateStateForNewContextData: inactive, contextName=1
12-08 13:43:41.053  2448  2448 E BeaconBle: Missing BluetoothAdapter
12-08 13:43:43.436  2448  2448 E BeaconBle: Scan couldn't start for Places
12-08 13:43:53.568  2692  2692 E ContextIntentStarter: No activity found for any of the 0 intents
12-08 13:44:00.556  1828  1828 E netmgr  : Failed to open QEMU pipe 'qemud:network': Invalid argument
12-08 13:44:00.556  1828  1828 E netmgr  : WifiForwarder unable to open QEMU pipe: Invalid argument
12-08 13:44:06.029  2448  8682 E ctxmgr  : [ProducerStatusImpl]updateStateForNewContextData: inactive, contextName=7
12-08 13:44:11.035  1738  1772 E storaged: getDiskStats failed with result NOT_SUPPORTED and size 0
12-08 13:44:15.841  2448  2448 E BeaconBle: Missing BluetoothAdapter
12-08 13:44:15.894  2448  2448 E BeaconBle: Scan couldn't start for Places
12-08 13:44:18.450  9014  9014 E boxed_process3: Not starting debugger since process cannot load the jdwp agent.
12-08 13:44:25.438  1992  1992 E RecyclerView: No adapter attached; skipping layout
12-08 13:45:00.717  1828  1828 E netmgr  : Failed to open QEMU pipe 'qemud:network': Invalid argument
12-08 13:45:00.718  1828  1828 E netmgr  : WifiForwarder unable to open QEMU pipe: Invalid argument
12-08 13:45:13.140  1738  1772 E storaged: getDiskStats failed with result NOT_SUPPORTED and size 0
12-08 13:45:23.254  1992  1992 E native  : suggestion-transformer.cc:118 suggestion picked candidate not found for id: 3
