--------- beginning of system
--------- beginning of main
12-08 02:33:04.809  1632  1632 E lowmemorykiller: Error opening /proc/6525/oom_score_adj; errno=2
12-08 02:33:04.810  1632  1632 E lowmemorykiller: Error writing /proc/6482/oom_score_adj; errno=22
12-08 02:33:04.828  1632  1632 E lowmemorykiller: Error opening /proc/6482/oom_score_adj; errno=2
12-08 02:33:05.206  6615  6615 E id.partnersetu: Not starting debugger since process cannot load the jdwp agent.
12-08 02:33:05.861  6631  6631 E ocess.gservice: Not starting debugger since process cannot load the jdwp agent.
12-08 02:33:06.464  3953  4101 E MicroDetectionWorker: Stale runnable..ignoring
12-08 02:33:06.713 16506 16506 E BeaconBle: Missing BluetoothAdapter
12-08 02:33:06.784 16506 16506 E BeaconBle: Scan couldn't start for Places
12-08 02:33:11.911 15976 19497 E InputMethodManagerService: Ignoring com.android.server.InputMethodManagerService.updateStatusIcon:2188 due to an invalid token. uid:10060 token:android.os.Binder@fb63875
12-08 02:33:11.994 16506  1977 E ctxmgr  : [AppIntervalImpl]closeInterval: ongoing
12-08 02:33:12.033 16506  1977 E ctxmgr  : [AppIntervalImpl]closeInterval: ongoing
12-08 02:33:13.461  3953  4101 E AttachedClient: Dropping clientEvent = CANCEL coming from client[17387022111570465]
12-08 02:33:13.461  3953  4101 E AttachedClient: Dropping clientEvent = CANCEL coming from client[17387022111570465]
12-08 02:33:13.468  3953  4101 E AttachedClient: Dropping clientEvent = QUERY_COMMIT coming from client[17387022111570465]
12-08 02:33:13.469  3953  4101 E AttachedClient: Dropping clientEvent = STOP_LISTENING coming from client[17387022111570465]
12-08 02:33:13.799  3953  4101 E PBSessionCacheImpl: sessionId[17387022111570465] not persisted.
12-08 02:33:13.812  3953  4101 E PBSessionCacheImpl: sessionId[17387022111570465] not persisted.
12-08 02:33:13.919 16506 16506 E BeaconBle: Scan couldn't start for Places
12-08 02:33:15.103  6667  6667 E emui:screensho: Not starting debugger since process cannot load the jdwp agent.
12-08 02:33:15.544  6667  6667 E SoundPool: error loading /product/media/audio/ui/camera_click.ogg
12-08 02:33:15.911  1739  2068 E OMXNodeInstance: getConfig(0xedf11000:google.vorbis.decoder, ConfigAndroidVendorExtension(0x6f100004)) ERROR: Undefined(0x80001001)
12-08 02:33:16.392  3953  4101 E PBSessionCacheImpl: sessionId[17387022111570465] not persisted.
12-08 02:33:16.428  3953  4101 E PBSessionCacheImpl: sessionId[17387022111570465] not persisted.
12-08 02:33:16.550  3953  4101 E AttachedClient: Dropping clientEvent = CANCEL coming from client[17387022111570465]
12-08 02:33:16.551  3953  4101 E AttachedClient: Dropping clientEvent = STOP_LISTENING coming from client[17387022111570465]
12-08 02:33:16.551  3953  4101 E AttachedClient: Dropping clientEvent = QUERY_COMMIT coming from client[17387022111570465]
12-08 02:33:18.646  6716  6716 E d.process.medi: Not starting debugger since process cannot load the jdwp agent.
12-08 02:33:19.361  1829  1829 E netmgr  : Failed to open QEMU pipe 'qemud:network': Invalid argument
12-08 02:33:19.361  1829  1829 E netmgr  : WifiForwarder unable to open QEMU pipe: Invalid argument
12-08 02:33:21.864 15927  6758 E audio_hw_generic: pcm_open(in) failed: cannot open device '/dev/snd/pcmC0D0c': Device or resource busy: channels 2 format 0 rate 16000
12-08 02:33:24.943  6711  6711 E EmojiSearchExtension: com.google.android.apps.inputmethod.libs.search.emoji.EmojiSearchExtension: Cannot deactivate emoji search JNI; null locale
12-08 02:33:27.658  6830  6830 E d.process.acor: Not starting debugger since process cannot load the jdwp agent.
12-08 02:33:28.831 16506  5678 E ctxmgr  : [AppIntervalImpl]closeInterval: ongoing
12-08 02:33:28.842 16506  5678 E ctxmgr  : [AppIntervalImpl]closeInterval: ongoing
12-08 02:33:30.207  6865  6865 E oid.apps.photo: Not starting debugger since process cannot load the jdwp agent.
12-08 02:33:37.435  1737  1809 E storaged: getDiskStats failed with result NOT_SUPPORTED and size 0
12-08 02:33:39.656  6594  6594 E WindowManager: 
12-08 02:33:39.656  6594  6594 E WindowManager: android.view.WindowLeaked: Activity com.evancharlton.mileage.FieldActivity has leaked window DecorView@b97fe1d[FieldActivity] that was originally added here
12-08 02:33:39.656  6594  6594 E WindowManager: 	at android.view.ViewRootImpl.<init>(ViewRootImpl.java:511)
12-08 02:33:39.656  6594  6594 E WindowManager: 	at android.view.WindowManagerGlobal.addView(WindowManagerGlobal.java:346)
12-08 02:33:39.656  6594  6594 E WindowManager: 	at android.view.WindowManagerImpl.addView(WindowManagerImpl.java:93)
12-08 02:33:39.656  6594  6594 E WindowManager: 	at com.android.internal.policy.PhoneWindow.openPanel(PhoneWindow.java:887)
12-08 02:33:39.656  6594  6594 E WindowManager: 	at com.android.internal.policy.PhoneWindow.onKeyUpPanel(PhoneWindow.java:1104)
12-08 02:33:39.656  6594  6594 E WindowManager: 	at com.android.internal.policy.PhoneWindow.onKeyUp(PhoneWindow.java:2007)
12-08 02:33:39.656  6594  6594 E WindowManager: 	at com.android.internal.policy.DecorView.dispatchKeyEvent(DecorView.java:350)
12-08 02:33:39.656  6594  6594 E WindowManager: 	at android.view.ViewRootImpl$ViewPostImeInputStage.processKeyEvent(ViewRootImpl.java:5037)
12-08 02:33:39.656  6594  6594 E WindowManager: 	at android.view.ViewRootImpl$ViewPostImeInputStage.onProcess(ViewRootImpl.java:4905)
12-08 02:33:39.656  6594  6594 E WindowManager: 	at android.view.ViewRootImpl$InputStage.deliver(ViewRootImpl.java:4426)
12-08 02:33:39.656  6594  6594 E WindowManager: 	at android.view.ViewRootImpl$InputStage.onDeliverToNext(ViewRootImpl.java:4479)
12-08 02:33:39.656  6594  6594 E WindowManager: 	at android.view.ViewRootImpl$InputStage.forward(ViewRootImpl.java:4445)
12-08 02:33:39.656  6594  6594 E WindowManager: 	at android.view.ViewRootImpl$AsyncInputStage.forward(ViewRootImpl.java:4585)
12-08 02:33:39.656  6594  6594 E WindowManager: 	at android.view.ViewRootImpl$InputStage.apply(ViewRootImpl.java:4453)
12-08 02:33:39.656  6594  6594 E WindowManager: 	at android.view.ViewRootImpl$AsyncInputStage.apply(ViewRootImpl.java:4642)
12-08 02:33:39.656  6594  6594 E WindowManager: 	at android.view.ViewRootImpl$InputStage.deliver(ViewRootImpl.java:4426)
12-08 02:33:39.656  6594  6594 E WindowManager: 	at android.view.ViewRootImpl$InputStage.onDeliverToNext(ViewRootImpl.java:4479)
12-08 02:33:39.656  6594  6594 E WindowManager: 	at android.view.ViewRootImpl$InputStage.forward(ViewRootImpl.java:4445)
12-08 02:33:39.656  6594  6594 E WindowManager: 	at android.view.ViewRootImpl$InputStage.apply(ViewRootImpl.java:4453)
12-08 02:33:39.656  6594  6594 E WindowManager: 	at android.view.ViewRootImpl$InputStage.deliver(ViewRootImpl.java:4426)
12-08 02:33:39.656  6594  6594 E WindowManager: 	at android.view.ViewRootImpl$InputStage.onDeliverToNext(ViewRootImpl.java:4479)
12-08 02:33:39.656  6594  6594 E WindowManager: 	at android.view.ViewRootImpl$InputStage.forward(ViewRootImpl.java:4445)
12-08 02:33:39.656  6594  6594 E WindowManager: 	at android.view.ViewRootImpl$AsyncInputStage.forward(ViewRootImpl.java:4585)
12-08 02:33:39.656  6594  6594 E WindowManager: 	at android.view.ViewRootImpl$InputStage.apply(ViewRootImpl.java:4453)
12-08 02:33:39.656  6594  6594 E WindowManager: 	at android.view.ViewRootImpl$AsyncInputStage.apply(ViewRootImpl.java:4642)
12-08 02:33:39.656  6594  6594 E WindowManager: 	at android.view.ViewRootImpl$InputStage.deliver(ViewRootImpl.java:4426)
12-08 02:33:39.656  6594  6594 E WindowManager: 	at android.view.ViewRootImpl$InputStage.onDeliverToNext(ViewRootImpl.java:4479)
12-08 02:33:39.656  6594  6594 E WindowManager: 	at android.view.ViewRootImpl$InputStage.forward(ViewRootImpl.java:4445)
12-08 02:33:39.656  6594  6594 E WindowManager: 	at android.view.ViewRootImpl$InputStage.apply(ViewRootImpl.java:4453)
12-08 02:33:39.656  6594  6594 E WindowManager: 	at android.view.ViewRootImpl$InputStage.deliver(ViewRootImpl.java:4426)
12-08 02:33:39.656  6594  6594 E WindowManager: 	at android.view.ViewRootImpl$InputStage.onDeliverToNext(ViewRootImpl.java:4479)
12-08 02:33:39.656  6594  6594 E WindowManager: 	at android.view.ViewRootImpl$InputStage.forward(ViewRootImpl.java:4445)
12-08 02:33:39.656  6594  6594 E WindowManager: 	at android.view.ViewRootImpl$AsyncInputStage.forward(ViewRootImpl.java:4585)
12-08 02:33:39.656  6594  6594 E WindowManager: 	at android.view.ViewRootImpl$InputStage.apply(ViewRootImpl.java:4453)
12-08 02:33:39.656  6594  6594 E WindowManager: 	at android.view.ViewRootImpl$AsyncInputStage.apply(ViewRootImpl.java:4642)
12-08 02:33:39.656  6594  6594 E WindowManager: 	at android.view.ViewRootImpl$InputStage.deliver(ViewRootImpl.java:4426)
12-08 02:33:39.656  6594  6594 E WindowManager: 	at android.view.ViewRootImpl.deliverInputEvent(ViewRootImpl.java:7092)
12-08 02:33:39.656  6594  6594 E WindowManager: 	at android.view.ViewRootImpl.doProcessInputEvents(ViewRootImpl.java:7061)
12-08 02:33:39.656  6594  6594 E WindowManager: 	at android.view.ViewRootImpl.enqueueInputEvent(ViewRootImpl.java:7022)
12-08 02:33:39.656  6594  6594 E WindowManager: 	at android.view.ViewRootImpl$WindowInputEventReceiver.onInputEvent(ViewRootImpl.java:7195)
12-08 02:33:39.656  6594  6594 E WindowManager: 	at android.view.InputEventReceiver.dispatchInputEvent(InputEventReceiver.java:186)
12-08 02:33:39.656  6594  6594 E WindowManager: 	at android.os.MessageQueue.nativePollOnce(Native Method)
12-08 02:33:39.656  6594  6594 E WindowManager: 	at android.os.MessageQueue.next(MessageQueue.java:326)
12-08 02:33:39.656  6594  6594 E WindowManager: 	at android.os.Looper.loop(Looper.java:160)
12-08 02:33:39.656  6594  6594 E WindowManager: 	at android.app.ActivityThread.main(ActivityThread.java:6669)
12-08 02:33:39.656  6594  6594 E WindowManager: 	at java.lang.reflect.Method.invoke(Native Method)
12-08 02:33:39.656  6594  6594 E WindowManager: 	at com.android.internal.os.RuntimeInit$MethodAndArgsCaller.run(RuntimeInit.java:493)
12-08 02:33:39.656  6594  6594 E WindowManager: 	at com.android.internal.os.ZygoteInit.main(ZygoteInit.java:858)
12-08 02:33:42.629  3953  3953 E ContextIntentStarter: No activity found for any of the 0 intents
12-08 02:33:47.046  1724  1876 E SurfaceFlinger: getLayerUser(name=0xe58dcc20) is dead
12-08 02:34:14.160  6942  6942 E id.partnersetu: Not starting debugger since process cannot load the jdwp agent.
12-08 02:34:19.419  1829  1829 E netmgr  : Failed to open QEMU pipe 'qemud:network': Invalid argument
12-08 02:34:19.419  1829  1829 E netmgr  : WifiForwarder unable to open QEMU pipe: Invalid argument
12-08 02:34:37.457  1737  1809 E storaged: getDiskStats failed with result NOT_SUPPORTED and size 0
12-08 02:35:03.020 16788 17129 E PlayCommon: [121] com.google.android.play.b.g.a(448): Failed to connect to server: java.net.UnknownHostException: Unable to resolve host "play.googleapis.com": No address associated with hostname
12-08 02:35:19.452  1829  1829 E netmgr  : Failed to open QEMU pipe 'qemud:network': Invalid argument
12-08 02:35:19.452  1829  1829 E netmgr  : WifiForwarder unable to open QEMU pipe: Invalid argument
12-08 02:35:37.477  1737  1809 E storaged: getDiskStats failed with result NOT_SUPPORTED and size 0
12-08 02:36:19.460  1829  1829 E netmgr  : Failed to open QEMU pipe 'qemud:network': Invalid argument
12-08 02:36:19.461  1829  1829 E netmgr  : WifiForwarder unable to open QEMU pipe: Invalid argument
12-08 02:36:37.482  1737  1809 E storaged: getDiskStats failed with result NOT_SUPPORTED and size 0
12-08 02:37:19.471  1829  1829 E netmgr  : Failed to open QEMU pipe 'qemud:network': Invalid argument
12-08 02:37:19.471  1829  1829 E netmgr  : WifiForwarder unable to open QEMU pipe: Invalid argument
12-08 02:37:37.483  1737  1809 E storaged: getDiskStats failed with result NOT_SUPPORTED and size 0
