--------- beginning of main
--------- beginning of system
12-08 22:59:23.953  1885  1957 E InputDispatcher: channel '6cb9143 com.evancharlton.mileage/com.evancharlton.mileage.SettingsActivity (server)' ~ Channel is unrecoverably broken and will be disposed!
12-08 22:59:23.953  1885  1957 E InputDispatcher: channel '56ae819 com.evancharlton.mileage/com.evancharlton.mileage.AboutActivity (server)' ~ Channel is unrecoverably broken and will be disposed!
12-08 22:59:23.954  1885  1957 E InputDispatcher: channel '8a167d com.evancharlton.mileage/com.evancharlton.mileage.Mileage (server)' ~ Channel is unrecoverably broken and will be disposed!
12-08 22:59:24.028  1885  1899 E ActivityManager: Failure starting process com.evancharlton.mileage
12-08 22:59:24.028  1885  1899 E ActivityManager: java.lang.SecurityException: Package com.evancharlton.mileage was not found!
12-08 22:59:24.028  1885  1899 E ActivityManager: 	at com.android.server.pm.PackageManagerService.checkPackageStartable(PackageManagerService.java:3987)
12-08 22:59:24.028  1885  1899 E ActivityManager: 	at com.android.server.am.ActivityManagerService.startProcessLocked(ActivityManagerService.java:4234)
12-08 22:59:24.028  1885  1899 E ActivityManager: 	at com.android.server.am.ActivityManagerService.startProcessLocked(ActivityManagerService.java:4199)
12-08 22:59:24.028  1885  1899 E ActivityManager: 	at com.android.server.am.ActivityManagerService.startProcessLocked(ActivityManagerService.java:4181)
12-08 22:59:24.028  1885  1899 E ActivityManager: 	at com.android.server.am.ActivityManagerService.startProcessLocked(ActivityManagerService.java:4067)
12-08 22:59:24.028  1885  1899 E ActivityManager: 	at com.android.server.am.ActivityStackSupervisor.startSpecificActivityLocked(ActivityStackSupervisor.java:1715)
12-08 22:59:24.028  1885  1899 E ActivityManager: 	at com.android.server.am.ActivityStack.resumeTopActivityInnerLocked(ActivityStack.java:2764)
12-08 22:59:24.028  1885  1899 E ActivityManager: 	at com.android.server.am.ActivityStack.resumeTopActivityUncheckedLocked(ActivityStack.java:2302)
12-08 22:59:24.028  1885  1899 E ActivityManager: 	at com.android.server.am.ActivityStackSupervisor.resumeFocusedStackTopActivityLocked(ActivityStackSupervisor.java:2234)
12-08 22:59:24.028  1885  1899 E ActivityManager: 	at com.android.server.am.ActivityStackSupervisor.resumeFocusedStackTopActivityLocked(ActivityStackSupervisor.java:2218)
12-08 22:59:24.028  1885  1899 E ActivityManager: 	at com.android.server.am.ActivityManagerService.handleAppDiedLocked(ActivityManagerService.java:5923)
12-08 22:59:24.028  1885  1899 E ActivityManager: 	at com.android.server.am.ActivityManagerService.removeProcessLocked(ActivityManagerService.java:7501)
12-08 22:59:24.028  1885  1899 E ActivityManager: 	at com.android.server.am.ActivityManagerService.killPackageProcessesLocked(ActivityManagerService.java:7142)
12-08 22:59:24.028  1885  1899 E ActivityManager: 	at com.android.server.am.ActivityManagerService.forceStopPackageLocked(ActivityManagerService.java:7275)
12-08 22:59:24.028  1885  1899 E ActivityManager: 	at com.android.server.am.ActivityManagerService$MainHandler.handleMessage(ActivityManagerService.java:2289)
12-08 22:59:24.028  1885  1899 E ActivityManager: 	at android.os.Handler.dispatchMessage(Handler.java:106)
12-08 22:59:24.028  1885  1899 E ActivityManager: 	at android.os.Looper.loop(Looper.java:193)
12-08 22:59:24.028  1885  1899 E ActivityManager: 	at android.os.HandlerThread.run(HandlerThread.java:65)
12-08 22:59:24.028  1885  1899 E ActivityManager: 	at com.android.server.ServiceThread.run(ServiceThread.java:44)
12-08 22:59:24.229  2342  2769 E IconLoader: Unexpected null component name or activity info: ComponentInfo{com.evancharlton.mileage/com.evancharlton.mileage.Mileage}, null
12-08 22:59:25.239  2378 10785 E ctxmgr  : [ProducerStatusImpl]updateStateForNewContextData: inactive, contextName=7
12-08 22:59:25.335  2378  2378 E BeaconBle: Scan couldn't start for Places
12-08 22:59:26.489  1731  1776 E         : Couldn't opendir /data/app/vmdl2020479792.tmp: No such file or directory
12-08 22:59:26.489  1731  1776 E installd: Failed to delete /data/app/vmdl2020479792.tmp: No such file or directory
12-08 22:59:27.354 10876 10876 E harlton.mileag: Not starting debugger since process cannot load the jdwp agent.
12-08 22:59:34.372  1994  7294 E putmethod.lati: Invalid ID 0x00000001.
12-08 22:59:34.372  1994  7294 E LstmTrainingCache: emn: Can't get resource name for input slot
12-08 22:59:34.372  1994  7294 E LstmTrainingCache: android.content.res.Resources$NotFoundException: Unable to find resource ID #0x1
12-08 22:59:34.372  1994  7294 E LstmTrainingCache: 	at android.content.res.ResourcesImpl.getResourceName(ResourcesImpl.java:255)
12-08 22:59:34.372  1994  7294 E LstmTrainingCache: 	at android.content.res.Resources.getResourceName(Resources.java:1954)
12-08 22:59:34.372  1994  7294 E LstmTrainingCache: 	at emn.a(PG:12)
12-08 22:59:34.372  1994  7294 E LstmTrainingCache: 	at emk.run(PG:5)
12-08 22:59:34.372  1994  7294 E LstmTrainingCache: 	at java.lang.Thread.run(Thread.java:764)
12-08 22:59:38.446  1885  1898 E memtrack: Couldn't load memtrack module
12-08 22:59:39.783  2378 10628 E ctxmgr  : [ProducerStatusImpl]updateStateForNewContextData: inactive, contextName=7
12-08 22:59:40.181  2378  2378 E BeaconBle: Missing BluetoothAdapter
12-08 22:59:40.288  2378  2378 E BeaconBle: Scan couldn't start for Places
12-08 22:59:43.469  2720  2720 E ContextIntentStarter: No activity found for any of the 0 intents
12-08 22:59:44.672  1629  1629 E android.hardware.wifi@1.0-service: Failed to register radio mode change callback
12-08 22:59:44.676  1629  1629 E android.hardware.wifi@1.0-service: Failed to set DFS flag; DFS channels may be unavailable.
12-08 22:59:44.734  1740  1740 E wificond: No Offload Service available
12-08 22:59:44.740  1885  1969 E SupplicantStaIfaceHal: Can't call setupIface, ISupplicantStaIface is null
12-08 22:59:44.795  1885  1970 E WifiVendorHal: getBgScanCapabilities(l.671) failed {.code = ERROR_NOT_SUPPORTED, .description = }
12-08 22:59:44.833  1885  1971 E WifiP2pService: Unhandled message { when=0 what=131203 target=com.android.internal.util.StateMachine$SmHandler }
12-08 22:59:44.867  1885  1971 E WifiP2pService: Unhandled message { when=-1ms what=131203 target=com.android.internal.util.StateMachine$SmHandler }
12-08 22:59:44.965  1885  1903 E BatteryExternalStatsWorker: no controller energy info supplied for wifi
12-08 22:59:45.066 10920 10920 E wpa_supplicant: nl80211: Failed to open /proc/sys/net/ipv4/conf/p2p-dev-wlan0/drop_unicast_in_l2_multicast: No such file or directory
12-08 22:59:45.066 10920 10920 E wpa_supplicant: nl80211: Failed to set IPv4 unicast in multicast filter
12-08 22:59:45.066 10920 10920 E wpa_supplicant: nl80211: Failed to open /proc/sys/net/ipv4/conf/p2p-dev-wlan0/drop_unicast_in_l2_multicast: No such file or directory
12-08 22:59:45.066 10920 10920 E wpa_supplicant: nl80211: Failed to set IPv4 unicast in multicast filter
12-08 22:59:45.150 10920 10920 E wpa_supplicant: nl80211: Failed to open /proc/sys/net/ipv4/conf/wlan0/drop_unicast_in_l2_multicast: No such file or directory
12-08 22:59:45.150 10920 10920 E wpa_supplicant: nl80211: Failed to set IPv4 unicast in multicast filter
12-08 22:59:45.230 10920 10920 E wpa_supplicant: nl80211: Failed to open /proc/sys/net/ipv4/conf/wlan0/drop_unicast_in_l2_multicast: No such file or directory
12-08 22:59:45.230 10920 10920 E wpa_supplicant: nl80211: Failed to set IPv4 unicast in multicast filter
12-08 22:59:45.498  1629  1629 E android.hardware.wifi@1.0-service: Failed to open directory: Permission denied
12-08 22:59:45.498  1629  1629 E android.hardware.wifi@1.0-service: Error occurred while deleting old tombstone files
12-08 22:59:45.498  1629  1629 E android.hardware.wifi@1.0-service: Error writing files to flash
12-08 22:59:45.721  1885  1969 E SupplicantStaIfaceHal: Can't call setPowerSave, ISupplicantStaIface is null
12-08 22:59:45.721  1885  1969 E SupplicantStaIfaceHal: Can't call setBtCoexistenceMode, ISupplicantStaIface is null
12-08 22:59:45.731  1885  1969 E HalDevMgr: Should have at least 1 chip!
12-08 22:59:45.732  1885  1969 E HalDevMgr: dispatchAvailableForRequestListeners: no chip info found
12-08 22:59:45.738  1885  1969 E SupplicantStaIfaceHal: Can't call listNetworks, ISupplicantStaIface is null
12-08 22:59:45.738  1885  1969 E SupplicantStaIfaceHal: removeAllNetworks failed, got null networks
12-08 22:59:45.738  1885  1969 E WifiStateMachine: Failed to remove networks on exiting connect mode
12-08 22:59:45.744  1885  1970 E WificondControl: No valid wificond scanner interface handler
12-08 22:59:45.744  1885  1903 E BatteryExternalStatsWorker: no controller energy info supplied for wifi
12-08 22:59:45.751  1885  1971 E WifiP2pService: Unhandled message { when=-12ms what=131204 target=com.android.internal.util.StateMachine$SmHandler }
12-08 22:59:45.752  1885  1903 E BatteryExternalStatsWorker: no controller energy info supplied for wifi
12-08 22:59:46.326  1885  1898 E GnssLocationProvider: no AGPS interface in set_agps_server
12-08 22:59:46.443  1629  1629 E android.hardware.wifi@1.0-service: Failed to register radio mode change callback
12-08 22:59:46.446  1629  1629 E android.hardware.wifi@1.0-service: Failed to set DFS flag; DFS channels may be unavailable.
12-08 22:59:46.649  1740  1740 E wificond: No Offload Service available
12-08 22:59:46.661  1885  1969 E SupplicantStaIfaceHal: Can't call setupIface, ISupplicantStaIface is null
12-08 22:59:46.718  1885  1970 E WifiVendorHal: getBgScanCapabilities(l.671) failed {.code = ERROR_NOT_SUPPORTED, .description = }
12-08 22:59:46.864  1885  1971 E WifiP2pService: Unhandled message { when=0 what=131203 target=com.android.internal.util.StateMachine$SmHandler }
12-08 22:59:46.905  1885  1971 E WifiP2pService: Unhandled message { when=-1ms what=131203 target=com.android.internal.util.StateMachine$SmHandler }
12-08 22:59:46.975  1885  1903 E BatteryExternalStatsWorker: no controller energy info supplied for wifi
12-08 22:59:47.071  1885  1903 E BatteryExternalStatsWorker: no controller energy info supplied for wifi
12-08 22:59:47.355  1885  1972 E ConnectivityService: exception in setMtu()java.lang.IllegalStateException: command '215 interface setmtu radio0 1500' failed with '400 215 Failed to set MTU (Permission denied)'
12-08 22:59:48.174  2378 10962 E WakeLock: GCM_CONN_ALARM release without a matched acquire!
12-08 22:59:48.545  1885  1898 E GnssLocationProvider: no AGPS interface in set_agps_server
12-08 22:59:48.660 10963 10963 E id.gms.learnin: Not starting debugger since process cannot load the jdwp agent.
12-08 22:59:49.270  2378 10628 E NetworkScheduler.TED: Dropping task as app's play services SDK version does not support Android O. Either update the SDK or lower your app's target SDK version. Canceling all tasks for the service: ComponentInfo{com.google.android.gms/com.google.android.gms.checkin.EventLogService}
12-08 22:59:49.276  2378 10184 E NetworkScheduler: Unknown result code received: 4
12-08 22:59:49.278  2378  2378 E NetworkScheduler.ATC: Called cancelTask for already completed task com.google.android.gms/.checkin.EventLogService{u=0 tag="AggregationTaskTag" trigger=window{period=1800s,flex=600s,earliest=-97s,latest=502s} requirements=[NET_ANY] attributes=[PERSISTED,RECURRING] scheduled=-1297s last_run=0s jid=N/A status=PENDING retries=0 client_lib=MANCHEGO_GCM-14799000} :INVALID_START
12-08 22:59:51.092  1885  1903 E BatteryExternalStatsWorker: no controller energy info supplied for wifi
12-08 22:59:51.189  1885  1969 E WifiVendorHal: stopRssiMonitoring(l.2404) failed {.code = ERROR_NOT_AVAILABLE, .description = }
12-08 22:59:51.694  2378 10998 E WakeLock: GCM_HB_ALARM release without a matched acquire!
12-08 22:59:51.811  2378 11000 E WakeLock: GCM_CONN_ALARM release without a matched acquire!
12-08 22:59:51.946  1737  1820 E Netd    : Error adding route ::/0 -> fe80::ff:fe00:100 wlan0 to table 1003: File exists
