--------- beginning of system
--------- beginning of main
12-08 06:48:17.709  2475  1181 E ChromeSync: [Sync,SyncIntentOperation] Error handling the intent: Intent { act=android.intent.action.PACKAGE_ADDED dat=package:com.evancharlton.mileage flg=0x4000010 cmp=com.google.android.gms/.chimera.GmsIntentOperationService (has extras) }.
12-08 06:48:19.952  1200  1200 E harlton.mileag: Not starting debugger since process cannot load the jdwp agent.
12-08 06:48:24.164  1828  1828 E netmgr  : Failed to open QEMU pipe 'qemud:network': Invalid argument
12-08 06:48:24.171  1828  1828 E netmgr  : WifiForwarder unable to open QEMU pipe: Invalid argument
12-08 06:48:28.716  1881  1896 E AutofillSession: No assist structure - app might have crashed providing it
12-08 06:48:33.251  1738  1772 E storaged: getDiskStats failed with result NOT_SUPPORTED and size 0
12-08 06:48:44.986  1200  1200 E InputEventSender: Exception dispatching finished signal.
12-08 06:48:44.986  1200  1200 E MessageQueue-JNI: Exception in MessageQueue callback: handleReceiveCallback
12-08 06:48:44.990  1200  1200 E MessageQueue-JNI: java.lang.VerifyError: Verifier rejected class com.evancharlton.mileage.tasks.VehicleStatisticsTask: java.lang.Integer com.evancharlton.mileage.tasks.VehicleStatisticsTask.doInBackground(android.database.Cursor[]) failed to verify: java.lang.Integer com.evancharlton.mileage.tasks.VehicleStatisticsTask.doInBackground(android.database.Cursor[]): [0x35E] register v1 has type Zero/null but expected Double (Low Half) (declaration of 'com.evancharlton.mileage.tasks.VehicleStatisticsTask' appears in base.apk)
12-08 06:48:44.990  1200  1200 E MessageQueue-JNI: 	at com.evancharlton.mileage.VehicleStatisticsActivity.calculate(VehicleStatisticsActivity.java:206)
12-08 06:48:44.990  1200  1200 E MessageQueue-JNI: 	at com.evancharlton.mileage.VehicleStatisticsActivity.recalculate(VehicleStatisticsActivity.java:170)
12-08 06:48:44.990  1200  1200 E MessageQueue-JNI: 	at com.evancharlton.mileage.VehicleStatisticsActivity.onCreate(VehicleStatisticsActivity.java:131)
12-08 06:48:44.990  1200  1200 E MessageQueue-JNI: 	at android.app.Activity.performCreate(Activity.java:7136)
12-08 06:48:44.990  1200  1200 E MessageQueue-JNI: 	at android.app.Activity.performCreate(Activity.java:7127)
12-08 06:48:44.990  1200  1200 E MessageQueue-JNI: 	at android.app.Instrumentation.callActivityOnCreate(Instrumentation.java:1271)
12-08 06:48:44.990  1200  1200 E MessageQueue-JNI: 	at android.app.ActivityThread.performLaunchActivity(ActivityThread.java:2893)
12-08 06:48:44.990  1200  1200 E MessageQueue-JNI: 	at android.app.ActivityThread.startActivityNow(ActivityThread.java:2723)
12-08 06:48:44.990  1200  1200 E MessageQueue-JNI: 	at android.app.LocalActivityManager.moveToState(LocalActivityManager.java:139)
12-08 06:48:44.990  1200  1200 E MessageQueue-JNI: 	at android.app.LocalActivityManager.startActivity(LocalActivityManager.java:366)
12-08 06:48:44.990  1200  1200 E MessageQueue-JNI: 	at android.widget.TabHost$IntentContentStrategy.getContentView(TabHost.java:774)
12-08 06:48:44.990  1200  1200 E MessageQueue-JNI: 	at android.widget.TabHost.setCurrentTab(TabHost.java:428)
12-08 06:48:44.990  1200  1200 E MessageQueue-JNI: 	at android.widget.TabHost$2.onTabSelectionChanged(TabHost.java:172)
12-08 06:48:44.990  1200  1200 E MessageQueue-JNI: 	at android.widget.TabWidget$TabClickListener.onClick(TabWidget.java:562)
12-08 06:48:44.990  1200  1200 E MessageQueue-JNI: 	at android.view.View.performClick(View.java:6597)
12-08 06:48:44.990  1200  1200 E MessageQueue-JNI: 	at android.view.View.performClickInternal(View.java:6574)
12-08 06:48:44.990  1200  1200 E MessageQueue-JNI: 	at android.view.View.onKeyUp(View.java:13216)
12-08 06:48:44.990  1200  1200 E MessageQueue-JNI: 	at android.view.KeyEvent.dispatch(KeyEvent.java:2716)
12-08 06:48:44.990  1200  1200 E MessageQueue-JNI: 	at android.view.View.dispatchKeyEvent(View.java:12450)
12-08 06:48:44.990  1200  1200 E MessageQueue-JNI: 	at android.view.ViewGroup.dispatchKeyEvent(ViewGroup.java:1891)
12-08 06:48:44.990  1200  1200 E MessageQueue-JNI: 	at android.view.ViewGroup.dispatchKeyEvent(ViewGroup.java:1896)
12-08 06:48:44.990  1200  1200 E MessageQueue-JNI: 	at android.view.ViewGroup.dispatchKeyEvent(ViewGroup.java:1896)
12-08 06:48:44.990  1200  1200 E MessageQueue-JNI: 	at android.view.ViewGroup.dispatchKeyEvent(ViewGroup.java:1896)
12-08 06:48:44.990  1200  1200 E MessageQueue-JNI: 	at android.widget.TabHost.dispatchKeyEvent(TabHost.java:346)
12-08 06:48:44.990  1200  1200 E MessageQueue-JNI: 	at android.view.ViewGroup.dispatchKeyEvent(ViewGroup.java:1896)
12-08 06:48:44.990  1200  1200 E MessageQueue-JNI: 	at android.view.ViewGroup.dispatchKeyEvent(ViewGroup.java:1896)
12-08 06:48:44.990  1200  1200 E MessageQueue-JNI: 	at android.view.ViewGroup.dispatchKeyEvent(ViewGroup.java:1896)
12-08 06:48:44.990  1200  1200 E MessageQueue-JNI: 	at com.android.internal.policy.DecorView.superDispatchKeyEvent(DecorView.java:428)
12-08 06:48:44.990  1200  1200 E MessageQueue-JNI: 	at com.android.internal.policy.PhoneWindow.superDispatchKeyEvent(PhoneWindow.java:1820)
12-08 06:48:44.990  1200  1200 E MessageQueue-JNI: 	at android.app.Activity.dispatchKeyEvent(Activity.java:3360)
12-08 06:48:44.990  1200  1200 E MessageQueue-JNI: 	at com.android.internal.policy.DecorView.dispatchKeyEvent(DecorView.java:342)
12-08 06:48:44.990  1200  1200 E MessageQueue-JNI: 	at android.view.ViewRootImpl$ViewPostImeInputStage.processKeyEvent(ViewRootImpl.java:5037)
12-08 06:48:44.990  1200  1200 E MessageQueue-JNI: 	at android.view.ViewRootImpl$ViewPostImeInputStage.onProcess(ViewRootImpl.java:4905)
12-08 06:48:44.990  1200  1200 E MessageQueue-JNI: 	at android.view.ViewRootImpl$InputStage.deliver(ViewRootImpl.java:4426)
12-08 06:48:44.990  1200  1200 E MessageQueue-JNI: 	at android.view.ViewRootImpl$InputStage.onDeliverToNext(ViewRootImpl.java:4479)
12-08 06:48:44.990  1200  1200 E MessageQueue-JNI: 	at android.view.ViewRootImpl$InputStage.forward(ViewRootImpl.java:4445)
12-08 06:48:44.990  1200  1200 E MessageQueue-JNI: 	at android.view.ViewRootImpl$AsyncInputStage.forward(ViewRootImpl.java:4585)
12-08 06:48:44.990  1200  1200 E MessageQueue-JNI: 	at android.view.ViewRootImpl$InputStage.apply(ViewRootImpl.java:4453)
12-08 06:48:44.990  1200  1200 E MessageQueue-JNI: 	at android.view.ViewRootImpl$AsyncInputStage.apply(ViewRootImpl.java:4642)
12-08 06:48:44.990  1200  1200 E MessageQueue-JNI: 	at android.view.ViewRootImpl$InputStage.deliver(ViewRootImpl.java:4426)
12-08 06:48:44.990  1200  1200 E MessageQueue-JNI: 	at android.view.ViewRootImpl$InputStage.onDeliverToNext(ViewRootImpl.java:4479)
12-08 06:48:44.990  1200  1200 E MessageQueue-JNI: 	at android.view.ViewRootImpl$InputStage.forward(ViewRootImpl.java:4445)
12-08 06:48:44.990  1200  1200 E MessageQueue-JNI: 	at android.view.ViewRootImpl$InputStage.apply(ViewRootImpl.java:4453)
12-08 06:48:44.990  1200  1200 E MessageQueue-JNI: 	at android.view.ViewRootImpl$InputStage.deliver(ViewRootImpl.java:4426)
12-08 06:48:44.990  1200  1200 E MessageQueue-JNI: 	at android.view.ViewRootImpl$InputStage.onDeliverToNext(ViewRootImpl.java:4479)
12-08 06:48:44.990  1200  1200 E MessageQueue-JNI: 	at android.view.ViewRootImpl$InputStage.forward(ViewRootImpl.java:4445)
12-08 06:48:44.990  1200  1200 E MessageQueue-JNI: 	at android.view.ViewRootImpl$AsyncInputStage.forward(ViewRootImpl.java:4618)
12-08 06:48:44.990  1200  1200 E MessageQueue-JNI: 	at android.view.ViewRootImpl$ImeInputStage.onFinishedInputEvent(ViewRootImpl.java:4779)
12-08 06:48:44.990  1200  1200 E MessageQueue-JNI: 	at android.view.in
--------- beginning of crash
12-08 06:48:44.991  1200  1200 E AndroidRuntime: FATAL EXCEPTION: main
12-08 06:48:44.991  1200  1200 E AndroidRuntime: Process: com.evancharlton.mileage, PID: 1200
12-08 06:48:44.991  1200  1200 E AndroidRuntime: java.lang.VerifyError: Verifier rejected class com.evancharlton.mileage.tasks.VehicleStatisticsTask: java.lang.Integer com.evancharlton.mileage.tasks.VehicleStatisticsTask.doInBackground(android.database.Cursor[]) failed to verify: java.lang.Integer com.evancharlton.mileage.tasks.VehicleStatisticsTask.doInBackground(android.database.Cursor[]): [0x35E] register v1 has type Zero/null but expected Double (Low Half) (declaration of 'com.evancharlton.mileage.tasks.VehicleStatisticsTask' appears in base.apk)
12-08 06:48:44.991  1200  1200 E AndroidRuntime: 	at com.evancharlton.mileage.VehicleStatisticsActivity.calculate(VehicleStatisticsActivity.java:206)
12-08 06:48:44.991  1200  1200 E AndroidRuntime: 	at com.evancharlton.mileage.VehicleStatisticsActivity.recalculate(VehicleStatisticsActivity.java:170)
12-08 06:48:44.991  1200  1200 E AndroidRuntime: 	at com.evancharlton.mileage.VehicleStatisticsActivity.onCreate(VehicleStatisticsActivity.java:131)
12-08 06:48:44.991  1200  1200 E AndroidRuntime: 	at android.app.Activity.performCreate(Activity.java:7136)
12-08 06:48:44.991  1200  1200 E AndroidRuntime: 	at android.app.Activity.performCreate(Activity.java:7127)
12-08 06:48:44.991  1200  1200 E AndroidRuntime: 	at android.app.Instrumentation.callActivityOnCreate(Instrumentation.java:1271)
12-08 06:48:44.991  1200  1200 E AndroidRuntime: 	at android.app.ActivityThread.performLaunchActivity(ActivityThread.java:2893)
12-08 06:48:44.991  1200  1200 E AndroidRuntime: 	at android.app.ActivityThread.startActivityNow(ActivityThread.java:2723)
12-08 06:48:44.991  1200  1200 E AndroidRuntime: 	at android.app.LocalActivityManager.moveToState(LocalActivityManager.java:139)
12-08 06:48:44.991  1200  1200 E AndroidRuntime: 	at android.app.LocalActivityManager.startActivity(LocalActivityManager.java:366)
12-08 06:48:44.991  1200  1200 E AndroidRuntime: 	at android.widget.TabHost$IntentContentStrategy.getContentView(TabHost.java:774)
12-08 06:48:44.991  1200  1200 E AndroidRuntime: 	at android.widget.TabHost.setCurrentTab(TabHost.java:428)
12-08 06:48:44.991  1200  1200 E AndroidRuntime: 	at android.widget.TabHost$2.onTabSelectionChanged(TabHost.java:172)
12-08 06:48:44.991  1200  1200 E AndroidRuntime: 	at android.widget.TabWidget$TabClickListener.onClick(TabWidget.java:562)
12-08 06:48:44.991  1200  1200 E AndroidRuntime: 	at android.view.View.performClick(View.java:6597)
12-08 06:48:44.991  1200  1200 E AndroidRuntime: 	at android.view.View.performClickInternal(View.java:6574)
12-08 06:48:44.991  1200  1200 E AndroidRuntime: 	at android.view.View.onKeyUp(View.java:13216)
12-08 06:48:44.991  1200  1200 E AndroidRuntime: 	at android.view.KeyEvent.dispatch(KeyEvent.java:2716)
12-08 06:48:44.991  1200  1200 E AndroidRuntime: 	at android.view.View.dispatchKeyEvent(View.java:12450)
12-08 06:48:44.991  1200  1200 E AndroidRuntime: 	at android.view.ViewGroup.dispatchKeyEvent(ViewGroup.java:1891)
12-08 06:48:44.991  1200  1200 E AndroidRuntime: 	at android.view.ViewGroup.dispatchKeyEvent(ViewGroup.java:1896)
12-08 06:48:44.991  1200  1200 E AndroidRuntime: 	at android.view.ViewGroup.dispatchKeyEvent(ViewGroup.java:1896)
12-08 06:48:44.991  1200  1200 E AndroidRuntime: 	at android.view.ViewGroup.dispatchKeyEvent(ViewGroup.java:1896)
12-08 06:48:44.991  1200  1200 E AndroidRuntime: 	at android.widget.TabHost.dispatchKeyEvent(TabHost.java:346)
12-08 06:48:44.991  1200  1200 E AndroidRuntime: 	at android.view.ViewGroup.dispatchKeyEvent(ViewGroup.java:1896)
12-08 06:48:44.991  1200  1200 E AndroidRuntime: 	at android.view.ViewGroup.dispatchKeyEvent(ViewGroup.java:1896)
12-08 06:48:44.991  1200  1200 E AndroidRuntime: 	at android.view.ViewGroup.dispatchKeyEvent(ViewGroup.java:1896)
12-08 06:48:44.991  1200  1200 E AndroidRuntime: 	at com.android.internal.policy.DecorView.superDispatchKeyEvent(DecorView.java:428)
12-08 06:48:44.991  1200  1200 E AndroidRuntime: 	at com.android.internal.policy.PhoneWindow.superDispatchKeyEvent(PhoneWindow.java:1820)
12-08 06:48:44.991  1200  1200 E AndroidRuntime: 	at android.app.Activity.dispatchKeyEvent(Activity.java:3360)
12-08 06:48:44.991  1200  1200 E AndroidRuntime: 	at com.android.internal.policy.DecorView.dispatchKeyEvent(DecorView.java:342)
12-08 06:48:44.991  1200  1200 E AndroidRuntime: 	at android.view.ViewRootImpl$ViewPostImeInputStage.processKeyEvent(ViewRootImpl.java:5037)
12-08 06:48:44.991  1200  1200 E AndroidRuntime: 	at android.view.ViewRootImpl$ViewPostImeInputStage.onProcess(ViewRootImpl.java:4905)
12-08 06:48:44.991  1200  1200 E AndroidRuntime: 	at android.view.ViewRootImpl$InputStage.deliver(ViewRootImpl.java:4426)
12-08 06:48:44.991  1200  1200 E AndroidRuntime: 	at android.view.ViewRootImpl$InputStage.onDeliverToNext(ViewRootImpl.java:4479)
12-08 06:48:44.991  1200  1200 E AndroidRuntime: 	at android.view.ViewRootImpl$InputStage.forward(ViewRootImpl.java:4445)
12-08 06:48:44.991  1200  1200 E AndroidRuntime: 	at android.view.ViewRootImpl$AsyncInputStage.forward(ViewRootImpl.java:4585)
12-08 06:48:44.991  1200  1200 E AndroidRuntime: 	at android.view.ViewRootImpl$InputStage.apply(ViewRootImpl.java:4453)
12-08 06:48:44.991  1200  1200 E AndroidRuntime: 	at android.view.ViewRootImpl$AsyncInputStage.apply(ViewRootImpl.java:4642)
12-08 06:48:44.991  1200  1200 E AndroidRuntime: 	at android.view.ViewRootImpl$InputStage.deliver(ViewRootImpl.java:4426)
12-08 06:48:44.991  1200  1200 E AndroidRuntime: 	at android.view.ViewRootImpl$InputStage.onDeliverToNext(ViewRootImpl.java:4479)
12-08 06:48:44.991  1200  1200 E AndroidRuntime: 	at android.view.ViewRootImpl$InputStage.forward(ViewRootImpl.java:4445)
12-08 06:48:44.991  1200  1200 E AndroidRuntime: 	at android.view.ViewRootImpl$InputStage.apply(ViewRootImpl.java:4453)
12-08 06:48:44.991  1200  1200 E AndroidRuntime: 	at android.view.ViewRootImpl$InputStage.deliver(ViewRootImpl.java:4426)
12-08 06:48:44.991  1200  1200 E AndroidRuntime: 	at android.view.ViewRootImpl$InputStage.onDeliverToNext(ViewRootImpl.java:4479)
12-08 06:48:44.991  1200  1200 E AndroidRuntime: 	at android.view.ViewRootImpl$InputStage.forward(ViewRootImpl.java:4445)
12-08 06:48:44.991  1200  1200 E AndroidRuntime: 	at android.view.ViewRootImpl$AsyncInputStage.forward(ViewRootImpl.java:4618)
12-08 06:48:44.991  1200  1200 E AndroidRuntime: 	at android.view.ViewRootImpl$ImeInputStage.onFinishedInputEvent(ViewRootImpl.java:4779)
12-08 06:48:44.991  1200  1200 E AndroidRuntime: 	at android.view.inputmethod.InputMethodManager$PendingEvent.run(InputMethodManager.java:2571)
12-08 06:48:44.991  1200  1200 E AndroidRuntime: 	at android.view.inputmethod.InputMethodManager.invokeFinishedInputEventCallback(InputMethodManager.java:2081)
12-08 06:48:44.991  1200  1200 E AndroidRuntime: 	at android.view.inputmethod.InputMethodManager.finishedInputEvent(InputMethodManager.java:2072)
12-08 06:48:44.991  1200  1200 E AndroidRuntime: 	at android.view.inputmethod.InputMethodManager$ImeInputEventSender.onInputEventFinished(InputMethodManager.java:2548)
12-08 06:48:44.991  1200  1200 E AndroidRuntime: 	at android.view.InputEventSender.dispatchInputEventFinished(InputEventSender.java:141)
12-08 06:48:44.991  1200  1200 E AndroidRuntime: 	at android.os.MessageQueue.nativePollOnce(Native Method)
12-08 06:48:44.991  1200  1200 E AndroidRuntime: 	at android.os.MessageQueue.next(MessageQueue.java:326)
12-08 06:48:44.991  1200  1200 E AndroidRuntime: 	at android.os.Looper.loop(Looper.java:160)
12-08 06:48:44.991  1200  1200 E AndroidRuntime: 	at android.app.ActivityThread.main(ActivityThread.java:6669)
12-08 06:48:44.991  1200  1200 E AndroidRuntime: 	at java.lang.reflect.Method.invoke(Native Method)
12-08 06:48:44.991  1200  1200 E AndroidRuntime: 	at com.android.internal.os.RuntimeInit$MethodAndArgsCaller.run(RuntimeInit.java:493)
12-08 06:48:44.991  1200  1200 E AndroidRuntime: 	at com.android.internal.os.ZygoteInit.main(ZygoteInit.java:858)
12-08 06:48:49.528  2448  1222 E ctxmgr  : [ProducerStatusImpl]updateStateForNewContextData: inactive, contextName=7
12-08 06:48:51.891  2448  2448 E BeaconBle: Missing BluetoothAdapter
12-08 06:48:53.848  2448  2448 E BeaconBle: Scan couldn't start for Places
12-08 06:48:58.664  1251  1251 E boxed_process1: Not starting debugger since process cannot load the jdwp agent.
12-08 06:49:10.173  2692  2692 E SpannableStringBuilder: SPAN_EXCLUSIVE_EXCLUSIVE spans cannot have a zero length
12-08 06:49:10.173  2692  2692 E SpannableStringBuilder: SPAN_EXCLUSIVE_EXCLUSIVE spans cannot have a zero length
12-08 06:49:10.181  2692  3033 E MicroDetectionWorker: Stale runnable..ignoring
12-08 06:49:16.717  1281  1281 E harlton.mileag: Not starting debugger since process cannot load the jdwp agent.
12-08 06:49:25.848  1828  1828 E netmgr  : Failed to open QEMU pipe 'qemud:network': Invalid argument
12-08 06:49:25.849  1828  1828 E netmgr  : WifiForwarder unable to open QEMU pipe: Invalid argument
12-08 06:49:34.953  1738  1772 E storaged: getDiskStats failed with result NOT_SUPPORTED and size 0
12-08 06:49:41.917  1611  1695 E audio_hw_generic: pcm_write failed cannot write stream data: I/O error
12-08 06:50:00.507  2448  1223 E ctxmgr  : [ProducerStatusImpl]updateStateForNewContextData: inactive, contextName=7
12-08 06:50:02.522  2448  1223 E ctxmgr  : [ProducerStatusImpl]updateStateForNewContextData: inactive, contextName=1
12-08 06:50:02.528  2448  1223 E ctxmgr  : [ProducerStatusImpl]updateStateForNewContextData: inactive, contextName=1
12-08 06:50:02.662  2448  2448 E BeaconBle: Missing BluetoothAdapter
12-08 06:50:02.724  2448  2448 E BeaconBle: Scan couldn't start for Places
12-08 06:50:07.005  1281  1281 E SpannableStringBuilder: SPAN_EXCLUSIVE_EXCLUSIVE spans cannot have a zero length
12-08 06:50:07.005  1281  1281 E SpannableStringBuilder: SPAN_EXCLUSIVE_EXCLUSIVE spans cannot have a zero length
12-08 06:50:11.525  2692  2692 E ContextIntentStarter: No activity found for any of the 0 intents
12-08 06:50:20.953  2448  1222 E ctxmgr  : [ProducerStatusImpl]updateStateForNewContextData: inactive, contextName=7
12-08 06:50:23.659  1348  1348 E boxed_process1: Not starting debugger since process cannot load the jdwp agent.
12-08 06:50:25.907  1828  1828 E netmgr  : Failed to open QEMU pipe 'qemud:network': Invalid argument
12-08 06:50:25.907  1828  1828 E netmgr  : WifiForwarder unable to open QEMU pipe: Invalid argument
12-08 06:50:25.909  2448  2448 E BeaconBle: Missing BluetoothAdapter
12-08 06:50:28.000  2448  2448 E BeaconBle: Scan couldn't start for Places
12-08 06:50:28.035  1611  1368 E audio_hw_generic: pcm_open(in) failed: cannot open device '/dev/snd/pcmC0D0c': Device or resource busy: channels 2 format 0 rate 16000
12-08 06:50:34.962  1738  1772 E storaged: getDiskStats failed with result NOT_SUPPORTED and size 0
12-08 06:50:37.671 29746 29746 E SchedPolicy: set_timerslack_ns write failed: Operation not permitted
12-08 06:50:44.620 29746 29746 E SchedPolicy: set_timerslack_ns write failed: Operation not permitted
12-08 06:51:23.858  1281  1281 E SpannableStringBuilder: SPAN_EXCLUSIVE_EXCLUSIVE spans cannot have a zero length
12-08 06:51:23.858  1281  1281 E SpannableStringBuilder: SPAN_EXCLUSIVE_EXCLUSIVE spans cannot have a zero length
12-08 06:51:25.962  1828  1828 E netmgr  : Failed to open QEMU pipe 'qemud:network': Invalid argument
12-08 06:51:25.962  1828  1828 E netmgr  : WifiForwarder unable to open QEMU pipe: Invalid argument
12-08 06:51:34.967  1738  1772 E storaged: getDiskStats failed with result NOT_SUPPORTED and size 0
