--------- beginning of system
12-08 10:26:53.886  1738  1772 E storaged: getDiskStats failed with result NOT_SUPPORTED and size 0
12-08 10:27:55.613  1738  1772 E storaged: getDiskStats failed with result NOT_SUPPORTED and size 0
12-08 10:28:05.976  1881  1896 E AutofillSession: No assist structure - app might have crashed providing it
12-08 10:28:57.918  1738  1772 E storaged: getDiskStats failed with result NOT_SUPPORTED and size 0
--------- beginning of main
12-08 10:29:29.694  1740 10340 E OMXNodeInstance: setConfig(0xf48ac420:google.vorbis.decoder, ConfigPriority(0x6f800002)) ERROR: Undefined(0x80001001)
12-08 10:29:29.697  1740 10340 E OMXNodeInstance: getConfig(0xf48ac420:google.vorbis.decoder, ConfigAndroidVendorExtension(0x6f100004)) ERROR: Undefined(0x80001001)
12-08 10:29:37.499  1828  1828 E netmgr  : Failed to open QEMU pipe 'qemud:network': Invalid argument
12-08 10:29:37.499  1828  1828 E netmgr  : WifiForwarder unable to open QEMU pipe: Invalid argument
12-08 10:29:58.054  1738  1772 E storaged: getDiskStats failed with result NOT_SUPPORTED and size 0
12-08 10:30:16.975  2448 14729 E ctxmgr  : [ProducerStatusImpl]updateStateForNewContextData: inactive, contextName=7
12-08 10:30:19.347  2448 14729 E ctxmgr  : [ProducerStatusImpl]updateStateForNewContextData: inactive, contextName=1
12-08 10:30:19.350  2448 14729 E ctxmgr  : [ProducerStatusImpl]updateStateForNewContextData: inactive, contextName=1
12-08 10:30:22.086  2448  2448 E BeaconBle: Missing BluetoothAdapter
12-08 10:30:22.159  2448  2448 E BeaconBle: Scan couldn't start for Places
12-08 10:30:37.553  1828  1828 E netmgr  : Failed to open QEMU pipe 'qemud:network': Invalid argument
12-08 10:30:37.554  1828  1828 E netmgr  : WifiForwarder unable to open QEMU pipe: Invalid argument
12-08 10:30:37.748  2692  2692 E ContextIntentStarter: No activity found for any of the 0 intents
12-08 10:30:53.439  2448 14782 E ctxmgr  : [ProducerStatusImpl]updateStateForNewContextData: inactive, contextName=7
12-08 10:30:56.002  2448  2448 E BeaconBle: Missing BluetoothAdapter
12-08 10:30:56.129  2448  2448 E BeaconBle: Scan couldn't start for Places
12-08 10:30:58.525  1738  1772 E storaged: getDiskStats failed with result NOT_SUPPORTED and size 0
12-08 10:31:38.360  1828  1828 E netmgr  : Failed to open QEMU pipe 'qemud:network': Invalid argument
12-08 10:31:38.361  1828  1828 E netmgr  : WifiForwarder unable to open QEMU pipe: Invalid argument
12-08 10:31:38.363  1611  1695 E audio_hw_generic: pcm_write failed cannot write stream data: I/O error
12-08 10:31:48.952  1611  1695 E audio_hw_generic: pcm_write failed cannot write stream data: I/O error
12-08 10:31:59.444  1611  1695 E audio_hw_generic: pcm_write failed cannot write stream data: I/O error
12-08 10:31:59.447  1738  1772 E storaged: getDiskStats failed with result NOT_SUPPORTED and size 0
12-08 10:32:12.533  1611  1695 E audio_hw_generic: pcm_write failed cannot write stream data: I/O error
12-08 10:32:17.651  1881  1896 E AutofillSession: No assist structure - app might have crashed providing it
12-08 10:32:25.112  1611  1695 E audio_hw_generic: pcm_write failed cannot write stream data: I/O error
12-08 10:32:35.607  1611  1695 E audio_hw_generic: pcm_write failed cannot write stream data: I/O error
12-08 10:32:38.412  1828  1828 E netmgr  : Failed to open QEMU pipe 'qemud:network': Invalid argument
12-08 10:32:38.413  1828  1828 E netmgr  : WifiForwarder unable to open QEMU pipe: Invalid argument
