--------- beginning of system
12-09 05:42:18.709  1885  1899 E ActivityManager: Failure starting process com.evancharlton.mileage
12-09 05:42:18.709  1885  1899 E ActivityManager: java.lang.SecurityException: Package com.evancharlton.mileage is currently frozen!
12-09 05:42:18.709  1885  1899 E ActivityManager: 	at com.android.server.pm.PackageManagerService.checkPackageStartable(PackageManagerService.java:4000)
12-09 05:42:18.709  1885  1899 E ActivityManager: 	at com.android.server.am.ActivityManagerService.startProcessLocked(ActivityManagerService.java:4234)
12-09 05:42:18.709  1885  1899 E ActivityManager: 	at com.android.server.am.ActivityManagerService.startProcessLocked(ActivityManagerService.java:4199)
12-09 05:42:18.709  1885  1899 E ActivityManager: 	at com.android.server.am.ActivityManagerService.startProcessLocked(ActivityManagerService.java:4181)
12-09 05:42:18.709  1885  1899 E ActivityManager: 	at com.android.server.am.ActivityManagerService.startProcessLocked(ActivityManagerService.java:4067)
12-09 05:42:18.709  1885  1899 E ActivityManager: 	at com.android.server.am.ActivityStackSupervisor.startSpecificActivityLocked(ActivityStackSupervisor.java:1715)
12-09 05:42:18.709  1885  1899 E ActivityManager: 	at com.android.server.am.ActivityStack.resumeTopActivityInnerLocked(ActivityStack.java:2764)
12-09 05:42:18.709  1885  1899 E ActivityManager: 	at com.android.server.am.ActivityStack.resumeTopActivityUncheckedLocked(ActivityStack.java:2302)
12-09 05:42:18.709  1885  1899 E ActivityManager: 	at com.android.server.am.ActivityStackSupervisor.resumeFocusedStackTopActivityLocked(ActivityStackSupervisor.java:2234)
12-09 05:42:18.709  1885  1899 E ActivityManager: 	at com.android.server.am.ActivityStackSupervisor.resumeFocusedStackTopActivityLocked(ActivityStackSupervisor.java:2218)
12-09 05:42:18.709  1885  1899 E ActivityManager: 	at com.android.server.am.ActivityManagerService.handleAppDiedLocked(ActivityManagerService.java:5923)
12-09 05:42:18.709  1885  1899 E ActivityManager: 	at com.android.server.am.ActivityManagerService.removeProcessLocked(ActivityManagerService.java:7501)
12-09 05:42:18.709  1885  1899 E ActivityManager: 	at com.android.server.am.ActivityManagerService.killPackageProcessesLocked(ActivityManagerService.java:7142)
12-09 05:42:18.709  1885  1899 E ActivityManager: 	at com.android.server.am.ActivityManagerService.forceStopPackageLocked(ActivityManagerService.java:7275)
12-09 05:42:18.709  1885  1899 E ActivityManager: 	at com.android.server.am.ActivityManagerService$MainHandler.handleMessage(ActivityManagerService.java:2289)
12-09 05:42:18.709  1885  1899 E ActivityManager: 	at android.os.Handler.dispatchMessage(Handler.java:106)
12-09 05:42:18.709  1885  1899 E ActivityManager: 	at android.os.Looper.loop(Looper.java:193)
12-09 05:42:18.709  1885  1899 E ActivityManager: 	at android.os.HandlerThread.run(HandlerThread.java:65)
12-09 05:42:18.709  1885  1899 E ActivityManager: 	at com.android.server.ServiceThread.run(ServiceThread.java:44)
--------- beginning of main
12-09 05:42:19.260 18783 18783 E id.defcontaine: Not starting debugger since process cannot load the jdwp agent.
12-09 05:42:19.332 18797 18797 E ndroid.keychai: Not starting debugger since process cannot load the jdwp agent.
12-09 05:42:19.357 18812 18812 E oid.documentsu: Not starting debugger since process cannot load the jdwp agent.
12-09 05:42:20.176 18853 18853 E droid.apps.doc: Not starting debugger since process cannot load the jdwp agent.
12-09 05:42:21.196 18879 18879 E d.process.medi: Not starting debugger since process cannot load the jdwp agent.
12-09 05:42:21.636 18905 18905 E id.defcontaine: Not starting debugger since process cannot load the jdwp agent.
12-09 05:42:21.639 18898 18898 E ocess.gservice: Not starting debugger since process cannot load the jdwp agent.
12-09 05:42:22.751  1739  1762 E storaged: getDiskStats failed with result NOT_SUPPORTED and size 0
12-09 05:42:23.044 18853 18853 E DocsApplication: [main] No default account found during application creation.
12-09 05:42:23.268 18853 18866 E JavaBinder: *** Uncaught remote exception!  (Exceptions are not yet supported across processes.)
12-09 05:42:23.268 18853 18866 E JavaBinder: android.database.StaleDataException: Attempted to access a cursor after it has been closed.
12-09 05:42:23.268 18853 18866 E JavaBinder: 	at android.database.CursorToBulkCursorAdaptor.throwIfCursorIsClosed(CursorToBulkCursorAdaptor.java:121)
12-09 05:42:23.268 18853 18866 E JavaBinder: 	at android.database.CursorToBulkCursorAdaptor.getBulkCursorDescriptor(CursorToBulkCursorAdaptor.java:139)
12-09 05:42:23.268 18853 18866 E JavaBinder: 	at android.content.ContentProviderNative.onTransact(ContentProviderNative.java:111)
12-09 05:42:23.268 18853 18866 E JavaBinder: 	at android.os.Binder.execTransact(Binder.java:731)
12-09 05:42:23.491  2378 18365 E ctxmgr  : [ProducerStatusImpl]updateStateForNewContextData: inactive, contextName=7
12-09 05:42:23.862  2378  2378 E BeaconBle: Missing BluetoothAdapter
12-09 05:42:23.923  2378  2378 E BeaconBle: Scan couldn't start for Places
12-09 05:42:25.094  1731  1949 E         : Couldn't opendir /data/app/vmdl1433350110.tmp: No such file or directory
12-09 05:42:25.094  1731  1949 E installd: Failed to delete /data/app/vmdl1433350110.tmp: No such file or directory
12-09 05:42:28.195 18981 18981 E harlton.mileag: Not starting debugger since process cannot load the jdwp agent.
12-09 05:42:30.145  1994  7294 E putmethod.lati: Invalid ID 0x00000001.
12-09 05:42:30.149  1994  7294 E LstmTrainingCache: emn: Can't get resource name for input slot
12-09 05:42:30.149  1994  7294 E LstmTrainingCache: android.content.res.Resources$NotFoundException: Unable to find resource ID #0x1
12-09 05:42:30.149  1994  7294 E LstmTrainingCache: 	at android.content.res.ResourcesImpl.getResourceName(ResourcesImpl.java:255)
12-09 05:42:30.149  1994  7294 E LstmTrainingCache: 	at android.content.res.Resources.getResourceName(Resources.java:1954)
12-09 05:42:30.149  1994  7294 E LstmTrainingCache: 	at emn.a(PG:12)
12-09 05:42:30.149  1994  7294 E LstmTrainingCache: 	at emk.run(PG:5)
12-09 05:42:30.149  1994  7294 E LstmTrainingCache: 	at java.lang.Thread.run(Thread.java:764)
12-09 05:42:39.294 19014 19014 E emui:screensho: Not starting debugger since process cannot load the jdwp agent.
12-09 05:42:39.722 19014 19014 E SoundPool: error loading /product/media/audio/ui/camera_click.ogg
12-09 05:42:39.913  1726  1873 E SurfaceFlinger: ro.sf.lcd_density must be defined as a build property
12-09 05:42:40.036  1741  2075 E OMXNodeInstance: getConfig(0xe93913c0:google.vorbis.decoder, ConfigAndroidVendorExtension(0x6f100004)) ERROR: Undefined(0x80001001)
12-09 05:42:40.091  1726  2181 E SurfaceFlinger: ro.sf.lcd_density must be defined as a build property
12-09 05:42:41.532 19037 19037 E earchbox:searc: Not starting debugger since process cannot load the jdwp agent.
12-09 05:42:42.528 19057 19057 E d.process.medi: Not starting debugger since process cannot load the jdwp agent.
12-09 05:42:43.774 19037 19037 E OverlaySController: Calling with an invalid UID, the interface will not work
12-09 05:42:44.306 19088 19088 E ocess.gservice: Not starting debugger since process cannot load the jdwp agent.
12-09 05:42:44.503 19106 19106 E id.partnersetu: Not starting debugger since process cannot load the jdwp agent.
12-09 05:42:44.568 19037 19100 E BluetoothAdapter: Bluetooth binder is null
12-09 05:42:44.603 19123 19123 E e.process.gapp: Not starting debugger since process cannot load the jdwp agent.
12-09 05:42:48.776  1726  2181 E SurfaceFlinger: ro.sf.lcd_density must be defined as a build property
12-09 05:42:49.273  1726  1750 E SurfaceFlinger: ro.sf.lcd_density must be defined as a build property
12-09 05:42:54.826  2378 18884 E ctxmgr  : [ProducerStatusImpl]updateStateForNewContextData: inactive, contextName=7
12-09 05:42:55.164  2378  2378 E BeaconBle: Missing BluetoothAdapter
12-09 05:42:55.208  2378  2378 E BeaconBle: Scan couldn't start for Places
12-09 05:42:55.555 19037 19037 E ContextIntentStarter: No activity found for any of the 0 intents
12-09 05:42:56.139  1726  1873 E SurfaceFlinger: getLayerUser(name=0xe7d61bf0) is dead
12-09 05:43:06.063 19197 19197 E oid.apps.photo: Not starting debugger since process cannot load the jdwp agent.
12-09 05:43:07.428 19228 19228 E d.process.medi: Not starting debugger since process cannot load the jdwp agent.
12-09 05:43:08.029 19248 19248 E id.partnersetu: Not starting debugger since process cannot load the jdwp agent.
12-09 05:43:08.536 19269 19269 E dboxed_process: Not starting debugger since process cannot load the jdwp agent.
12-09 05:43:09.577 19037 19293 E BluetoothAdapter: Bluetooth binder is null
12-09 05:43:10.601 19037 19037 E ClientVe: Failed to create ClientVisualElementsProto for user interaction on view com.google.android.apps.gsa.searchbox.ui.suggestions.views.CoreSuggestionView{1a2d43c VFE...CL. ...P.... 0,289-1038,436 #3} because the view is not tagged for visual element logging.
12-09 05:43:11.303 19303 19303 E oid.apps.photo: Not starting debugger since process cannot load the jdwp agent.
12-09 05:43:14.507 19037 19045 E ReloadingLock: Finalizing LOCKED Token[searchresults_activity 2018-12-09 05:43:13.267]
12-09 05:43:14.854  1834  1834 E netmgr  : Failed to open QEMU pipe 'qemud:network': Invalid argument
12-09 05:43:14.855  1834  1834 E netmgr  : WifiForwarder unable to open QEMU pipe: Invalid argument
12-09 05:43:22.770  1739  1762 E storaged: getDiskStats failed with result NOT_SUPPORTED and size 0
12-09 05:44:14.857  1834  1834 E netmgr  : Failed to open QEMU pipe 'qemud:network': Invalid argument
12-09 05:44:14.857  1834  1834 E netmgr  : WifiForwarder unable to open QEMU pipe: Invalid argument
12-09 05:44:22.773  1739  1762 E storaged: getDiskStats failed with result NOT_SUPPORTED and size 0
12-09 05:45:14.902  1834  1834 E netmgr  : Failed to open QEMU pipe 'qemud:network': Invalid argument
12-09 05:45:14.903  1834  1834 E netmgr  : WifiForwarder unable to open QEMU pipe: Invalid argument
12-09 05:45:18.541 19362 19362 E harlton.mileag: Not starting debugger since process cannot load the jdwp agent.
12-09 05:45:22.787  1739  1762 E storaged: getDiskStats failed with result NOT_SUPPORTED and size 0
