--------- beginning of main
--------- beginning of system
12-08 16:01:27.576  1881  5571 E memtrack: Couldn't load memtrack module
12-08 16:01:30.026  1881  5571 E memtrack: Couldn't load memtrack module
12-08 16:01:30.166  1881  5571 E memtrack: Couldn't load memtrack module
12-08 16:01:32.564  1881  5571 E memtrack: Couldn't load memtrack module
12-08 16:01:37.856  1881  5571 E memtrack: Couldn't load memtrack module
12-08 16:01:38.095  1881  5571 E memtrack: Couldn't load memtrack module
12-08 16:01:40.738  1881  5571 E memtrack: Couldn't load memtrack module
12-08 16:01:40.766  1881  5571 E memtrack: Couldn't load memtrack module
12-08 16:01:40.768  1881  5571 E memtrack: Couldn't load memtrack module
12-08 16:01:40.769  1881  5571 E memtrack: Couldn't load memtrack module
12-08 16:01:40.770  1881  5571 E memtrack: Couldn't load memtrack module
12-08 16:01:40.777  1881  5571 E memtrack: Couldn't load memtrack module
12-08 16:01:40.781  1881  5571 E memtrack: Couldn't load memtrack module
12-08 16:01:40.789  1881  5571 E memtrack: Couldn't load memtrack module
12-08 16:01:40.793  1881  5571 E memtrack: Couldn't load memtrack module
12-08 16:01:40.799  1881  5571 E memtrack: Couldn't load memtrack module
12-08 16:01:40.809  1881  5571 E memtrack: Couldn't load memtrack module
12-08 16:01:40.813  1881  5571 E memtrack: Couldn't load memtrack module
12-08 16:01:40.819  1881  5571 E memtrack: Couldn't load memtrack module
12-08 16:01:40.848  1881  5571 E memtrack: Couldn't load memtrack module
12-08 16:01:42.939  1881  5571 E memtrack: Couldn't load memtrack module
12-08 16:01:42.945  1881  5571 E memtrack: Couldn't load memtrack module
12-08 16:01:42.968  1881  5571 E memtrack: Couldn't load memtrack module
12-08 16:01:42.980  1881  5571 E memtrack: Couldn't load memtrack module
12-08 16:01:42.993  1881  5571 E memtrack: Couldn't load memtrack module
12-08 16:01:43.001  1881  5571 E memtrack: Couldn't load memtrack module
12-08 16:01:43.013  1881  5571 E memtrack: Couldn't load memtrack module
12-08 16:01:43.025  1881  5571 E memtrack: Couldn't load memtrack module
12-08 16:01:43.054  2448 15761 E ctxmgr  : [ProducerStatusImpl]updateStateForNewContextData: inactive, contextName=7
12-08 16:01:43.056  1881  5571 E memtrack: Couldn't load memtrack module
12-08 16:01:43.068  1881  5571 E memtrack: Couldn't load memtrack module
12-08 16:01:43.091  1881  5571 E memtrack: Couldn't load memtrack module
12-08 16:01:43.101  1881  5571 E memtrack: Couldn't load memtrack module
12-08 16:01:43.107  1881  5571 E memtrack: Couldn't load memtrack module
12-08 16:01:43.115  1881  5571 E memtrack: Couldn't load memtrack module
12-08 16:01:43.122  1881  5571 E memtrack: Couldn't load memtrack module
12-08 16:01:43.128  1881  5571 E memtrack: Couldn't load memtrack module
12-08 16:01:43.159  1881  5571 E memtrack: Couldn't load memtrack module
12-08 16:01:43.164  1881  5571 E memtrack: Couldn't load memtrack module
12-08 16:01:43.171  1881  5571 E memtrack: Couldn't load memtrack module
12-08 16:01:43.176  1881  5571 E memtrack: Couldn't load memtrack module
12-08 16:01:43.182  1881  5571 E memtrack: Couldn't load memtrack module
12-08 16:01:43.206  1881  5571 E memtrack: Couldn't load memtrack module
12-08 16:01:43.252  2448  2448 E BeaconBle: Missing BluetoothAdapter
12-08 16:01:43.260  2448  3146 E PlaceInferenceEngine: Position timestamp out of order. Previous: 1544284458000, Current: 1544266705000. Skipping this Position.
12-08 16:01:45.603  1881  5571 E memtrack: Couldn't load memtrack module
12-08 16:01:45.640  1881  5571 E memtrack: Couldn't load memtrack module
12-08 16:01:45.648  2448  2448 E BeaconBle: Scan couldn't start for Places
12-08 16:01:45.659  1881  5571 E memtrack: Couldn't load memtrack module
12-08 16:01:45.674  1881  5571 E memtrack: Couldn't load memtrack module
12-08 16:01:45.688  1881  5571 E memtrack: Couldn't load memtrack module
12-08 16:01:45.698  1881  5571 E memtrack: Couldn't load memtrack module
12-08 16:01:45.709  1881  5571 E memtrack: Couldn't load memtrack module
12-08 16:01:45.733  1881  5571 E memtrack: Couldn't load memtrack module
12-08 16:01:45.749  1881  5571 E memtrack: Couldn't load memtrack module
12-08 16:01:45.771  1881  5571 E memtrack: Couldn't load memtrack module
12-08 16:01:45.783  1881  5571 E memtrack: Couldn't load memtrack module
12-08 16:01:45.790  1881  5571 E memtrack: Couldn't load memtrack module
12-08 16:01:45.803  1881  5571 E memtrack: Couldn't load memtrack module
12-08 16:01:45.812  1881  5571 E memtrack: Couldn't load memtrack module
12-08 16:01:45.834  1881  5571 E memtrack: Couldn't load memtrack module
12-08 16:01:45.843  1881  5571 E memtrack: Couldn't load memtrack module
12-08 16:01:45.855  1881  5571 E memtrack: Couldn't load memtrack module
12-08 16:01:45.863  1881  5571 E memtrack: Couldn't load memtrack module
12-08 16:01:45.871  1881  5571 E memtrack: Couldn't load memtrack module
12-08 16:01:45.889  1881  5571 E memtrack: Couldn't load memtrack module
12-08 16:01:45.894  1881  5571 E memtrack: Couldn't load memtrack module
12-08 16:01:45.898  1881  5571 E memtrack: Couldn't load memtrack module
12-08 16:01:45.902  1881  5571 E memtrack: Couldn't load memtrack module
12-08 16:01:45.907  1881  5571 E memtrack: Couldn't load memtrack module
12-08 16:01:45.915  1881  5571 E memtrack: Couldn't load memtrack module
12-08 16:01:45.922  1881  5571 E memtrack: Couldn't load memtrack module
12-08 16:01:45.928  1881  5571 E memtrack: Couldn't load memtrack module
12-08 16:01:45.933  1881  5571 E memtrack: Couldn't load memtrack module
12-08 16:01:48.172  1881  5571 E memtrack: Couldn't load memtrack module
12-08 16:01:48.176  1881  5571 E memtrack: Couldn't load memtrack module
12-08 16:01:48.181  1881  5571 E memtrack: Couldn't load memtrack module
12-08 16:01:48.188  1881  5571 E memtrack: Couldn't load memtrack module
12-08 16:01:48.197  1881  5571 E memtrack: Couldn't load memtrack module
12-08 16:01:48.219  1881  5571 E memtrack: Couldn't load memtrack module
12-08 16:01:48.232  1881  5571 E memtrack: Couldn't load memtrack module
12-08 16:01:50.840  1881  1965 E WificondScannerImpl: Timed out waiting for scan result from wificond
12-08 16:01:53.312  1739  1739 E wificond: NL80211_CMD_TRIGGER_SCAN failed: Device or resource busy
12-08 16:01:53.312  1881  1965 E WificondScannerImpl: Failed to start scan, freqs=null
12-08 16:02:01.434  1730  1944 E         : Couldn't opendir /data/app/vmdl928542789.tmp: No such file or directory
12-08 16:02:01.434  1730  1944 E installd: Failed to delete /data/app/vmdl928542789.tmp: No such file or directory
12-08 16:02:06.427  1828  1828 E netmgr  : Failed to open QEMU pipe 'qemud:network': Invalid argument
12-08 16:02:06.427  1828  1828 E netmgr  : WifiForwarder unable to open QEMU pipe: Invalid argument
12-08 16:02:11.770  2475 16655 E ChromeSync: [Sync,SyncIntentOperation] Error handling the intent: Intent { act=android.intent.action.PACKAGE_ADDED dat=package:com.evancharlton.mileage flg=0x4000010 cmp=com.google.android.gms/.chimera.GmsIntentOperationService (has extras) }.
12-08 16:02:19.373 16673 16673 E harlton.mileag: Not starting debugger since process cannot load the jdwp agent.
12-08 16:02:24.843  1738  1772 E storaged: getDiskStats failed with result NOT_SUPPORTED and size 0
12-08 16:02:29.738  1881  1896 E AutofillSession: No assist structure - app might have crashed providing it
12-08 16:02:29.959  1881  1894 E memtrack: Couldn't load memtrack module
12-08 16:02:42.970  1881  1894 E memtrack: Couldn't load memtrack module
12-08 16:02:50.610  1881  1895 E system_server: libdebuggerd_client: failed to read response from tombstoned: timeout reached?
12-08 16:02:53.356  1881  1895 E system_server: libdebuggerd_client: received packet of unexpected length from tombstoned: expected 128, received -1
12-08 16:02:53.356  1881  1895 E ActivityManager: Aborting stack trace dump (current firstPid=2692); deadline exceeded.
12-08 16:02:53.455  1881  1895 E ActivityManager: ANR in com.evancharlton.mileage (com.evancharlton.mileage/.Mileage)
12-08 16:02:53.455  1881  1895 E ActivityManager: PID: 16673
12-08 16:02:53.455  1881  1895 E ActivityManager: Reason: Input dispatching timed out (Waiting because no window has focus but there is a focused application that may eventually add a window when it finishes starting up.)
12-08 16:02:53.455  1881  1895 E ActivityManager: Load: 4.08 / 4.12 / 4.12
12-08 16:02:53.455  1881  1895 E ActivityManager: CPU usage from 0ms to 26003ms later (2018-12-08 16:02:27.354 to 2018-12-08 16:02:53.357):
12-08 16:02:53.455  1881  1895 E ActivityManager:   69% 1881/system_server: 36% user + 32% kernel / faults: 3789 minor 236 major
12-08 16:02:53.455  1881  1895 E ActivityManager:   40% 2692/com.google.android.googlequicksearchbox:search: 17% user + 22% kernel / faults: 14899 minor 225 major
12-08 16:02:53.455  1881  1895 E ActivityManager:   29% 645/kswapd0: 0% user + 29% kernel
12-08 16:02:53.455  1881  1895 E ActivityManager:   21% 16673/com.evancharlton.mileage: 5.3% user + 16% kernel / faults: 13812 minor 188 major
12-08 16:02:53.455  1881  1895 E ActivityManager:   11% 1725/surfaceflinger: 5.1% user + 6.6% kernel / faults: 24 minor 1 major
12-08 16:02:53.455  1881  1895 E ActivityManager:   3.7% 1992/com.google.android.inputmethod.latin: 1.6% user + 2% kernel / faults: 509 minor 182 major
12-08 16:02:53.455  1881  1895 E ActivityManager:   10% 2004/com.android.systemui: 5.1% user + 5.2% kernel / faults: 1839 minor 88 major
12-08 16:02:53.455  1881  1895 E ActivityManager:   10% 1704/kworker/u9:4: 0% user + 10% kernel
12-08 16:02:53.455  1881  1895 E ActivityManager:   9.5% 2314/adbd: 0.2% user + 9.3% kernel / faults: 53713 minor 2 major
12-08 16:02:53.455  1881  1895 E ActivityManager:   8.9% 13274/com.android.phone: 2.1% user + 6.8% kernel / faults: 16 minor 25 major
12-08 16:02:53.455  1881  1895 E ActivityManager:   1.5% 2448/com.google.android.gms.persistent: 0.2% user + 1.3% kernel / faults: 468 minor 172 major
12-08 16:02:53.455  1881  1895 E ActivityManager:   0.7% 9451/kworker/u9:0: 0% user + 0.7% kernel
12-08 16:02:53.455  1881  1895 E ActivityManager:   0.5% 5249/kworker/u9:2: 0% user + 0.5% kernel
12-08 16:02:53.455  1881  1895 E ActivityManager:   0.4% 16645/com.android.commands.monkey: 0.2% user + 0.2% kernel / faults: 196 minor 24 major
12-08 16:02:53.455  1881  1895 E ActivityManager:   0.4% 1747/android.hardware.graphics.composer@2.1-service: 0% user + 0.3% kernel / faults: 25 minor
12-08 16:02:53.455  1881  1895 E ActivityManager:   0.4% 5536/kworker/u9:1: 0% user + 0.4% kernel
12-08 16:02:53.455  1881  1895 E ActivityManager:   0.4% 15085/kworker/u8:6: 0% user + 0.4% kernel
12-08 16:02:53.455  1881  1895 E ActivityManager:   0.3% 13668/kworker/u8:5: 0% user + 0.3% kernel
12-08 16:02:53.455  1881  1895 E ActivityManager:   0.3% 15677/kworker/u8:2: 0% user + 0.3% kernel
12-08 16:02:53.455  1881  1895 E ActivityManager:   0.3% 1625/android.hardware.sensors@1.0-service: 0.1% user + 0.1% kernel
12-08 16:02:53.455  1881  1895 E ActivityManager:   0.3% 16529/kworker/u8:3: 0% user + 0.3% kernel
12-08 16:02:53.455  1881  1895 E ActivityManager:   0.2% 1553/logd: 0% user + 0.1% kernel / faults: 2 minor 2 major
12-08 16:02:53.455  1881  1895 E ActivityManager:   0.1% 2508/kworker/u9:3: 0% user + 0.1% kernel
12-08 16:02:53.455  1881  1895 E ActivityManager:   0.1% 2330/logcat: 0% user + 0.1% kernel
12-08 16:02:53.455  1881  1895 E ActivityManager:   0.1% 2494/com.android.vending: 0% user + 0% kernel / faults: 46 minor 32 major
12-08 16:02:53.455  1881  1895 E ActivityManager:   0.1% 16020/kworker/0:1: 0% user + 0.1% kernel
12-08 16:02:53.455  1881  1895 E ActivityManager:   0% 1609/healthd: 0% user + 0% kernel / faults: 1 minor 1 major
12-08 16:02:53.455  1881  1895 E ActivityManager:   0% 2475/com.google.android.gms: 0% user + 0% kernel / faults: 8 minor 9 major
12-08 16:02:53.455  1881  1895 E ActivityManager:   0% 7/rcu_preempt: 0% user + 0% kernel
12-08 16:02:53.455  1881  1895 E ActivityManager:   0% 21/ksoftirqd/3: 0% user + 0% kernel
12-08 16:02:53.455  1881  1895 E ActivityManager:   0% 1554/servicemanager: 0% user + 0% kernel
12-08 16:02:53.455  1881  1895 E ActivityManager:   0% 1611/android.hardware.audio@2.0-service: 0% user + 0% kernel / faults: 1 minor
12-08 16:02:53.455  1881  1895 E ActivityManager:   0% 1620/android.hardware.gnss@1.0-service: 0% user + 0% kernel
12-08 16:02:53.455  1881  1895 E ActivityManager:   0% 1621/android.hardware.graphics.allocator@2.0-service: 0% user + 0% kernel / faults: 13 minor
12-08 16:02:53.455  1881  1895 E ActivityManager:   0% 1623/android.hardware.health@2.0-service.goldfish: 0% user + 0% kernel / faults: 6 minor 4 major
12-08 16:02:53.455  1881  1895 E ActivityManager:   0% 1628/qemu-props: 0% user + 0% kernel / faults: 1 major
12-08 16:02:53.455  1881  1895 E ActivityManager:   0% 1672/dmcrypt_write: 0% user + 0% kernel
12-08 16:02:53.455  1881  1895 E ActivityManager:   0% 1718/jbd2/dm-1-8: 0% user + 0% kernel
12-08 16:02:53.455  1881  1895 E ActivityManager:   0% 1737/statsd: 0% user + 0% kernel
12-08 16:02:53.455  1881  1895 E ActivityManager:   0% 16015/wpa_supplicant: 0% user + 0% kernel
12-08 16:02:53.455  1881  1895 E ActivityManager:   0% 29746/com.google.android.apps.nexuslauncher: 0% user + 0% kernel / faults: 41 minor 22 major
12-08 16:02:53.455  1881  1895 E ActivityManager:  +0% 16698/crash_dump32: 0% user + 0% kernel
12-08 16:02:53.455  1881  1895 E ActivityManager: 39% TOTAL: 7% user + 14% kernel + 16% iowait + 0.8% softirq
12-08 16:02:53.455  1881  1895 E ActivityManager: CPU usage from 49ms to 2751ms later (2018-12-08 16:02:27.402 to 2018-12-08 16:02:30.104):
12-08 16:02:53.455  1881  1895 E ActivityManager:   97% 1881/system_server: 54% user + 43% kernel / faults: 386 minor 31 major
12-08 16:02:53.455  1881  1895 E ActivityManager:     50% 1895/ActivityManager: 30% user + 19% kernel
12-08 16:02:53.455  1881  1895 E ActivityManager:     43% 1892/Binder:1881_2: 23% user + 20% kernel
12-08 16:02:53.455  1881  1895 E ActivityManager:     1% 1894/android.bg: 0.2% user + 0.8% kernel
12-08 16:02:53.455  1881  1895 E ActivityManager:     0.6% 1934/android.anim: 0.4% user + 0.2% kernel
12-08 16:02:53.455  1881  1895 E ActivityManager:     0.4% 1891/Binder:1881_1: 0% user + 0.4% kernel
12-08 16:02:53.455  1881  1895 E ActivityManager:     0.4% 1896/android.ui: 0.2% user + 0.2% kernel
12-08 16:02:53.455  1881  1895 E ActivityManager:     0.4% 1953/InputDispatcher: 0.4% user + 0% kernel
12-08 16:02:53.455  1881  1895 E ActivityManager:     0.2% 1881/system_server: 0% user + 0.2% kernel
12-08 16:02:53.455  1881  1895 E ActivityManager:     0.2% 1901/android.fg: 0.2% user + 0% kernel
12-08 16:02:53.455  1881  1895 E ActivityManager:     0.2% 1908/PackageManager: 0% user + 0.2% kernel
12-08 16:02:53.455  1881  1895 E ActivityManager:     0.2% 1935/android.anim.lf: 0% user + 0.2% kernel
12-08 16:02:53.455  1881  1895 E ActivityManager:     0.2% 1941/SensorService: 0% user + 0.2% kernel
12-08 16:02:53.455  1881  1895 E ActivityManager:     0.2% 7662/HwBinder:1881_5: 0% user + 0.2% kernel
12-08 16:02:53.455  1881  1895 E ActivityManager:   85% 
12-08 16:02:53.510  1744  1744 E /system/bin/tombstoned: Traces for pid 2692 written to: /data/anr/trace_12
12-08 16:02:58.885  1881  4493 E memtrack: Couldn't load memtrack module
12-08 16:02:58.914  1744  1744 E /system/bin/tombstoned: Tombstone written to: /data/tombstones/tombstone_02
12-08 16:03:01.249  1881  4493 E memtrack: Couldn't load memtrack module
12-08 16:03:01.394  1881  4493 E memtrack: Couldn't load memtrack module
12-08 16:03:03.961  1881  4493 E memtrack: Couldn't load memtrack module
12-08 16:03:04.100  1881  4493 E memtrack: Couldn't load memtrack module
12-08 16:03:04.235  1881  4493 E memtrack: Couldn't load memtrack module
12-08 16:03:06.449  1881  4493 E memtrack: Couldn't load memtrack module
12-08 16:03:06.489  1828  1828 E netmgr  : Failed to open QEMU pipe 'qemud:network': Invalid argument
12-08 16:03:06.489  1828  1828 E netmgr  : WifiForwarder unable to open QEMU pipe: Invalid argument
12-08 16:03:06.514  1881  4493 E memtrack: Couldn't load memtrack module
12-08 16:03:06.581  1881  4493 E memtrack: Couldn't load memtrack module
12-08 16:03:06.650  1881  4493 E memtrack: Couldn't load memtrack module
12-08 16:03:06.714  1881  4493 E memtrack: Couldn't load memtrack module
12-08 16:03:06.777  1881  4493 E memtrack: Couldn't load memtrack module
12-08 16:03:09.166  1881  4493 E memtrack: Couldn't load memtrack module
12-08 16:03:09.263  1881  4493 E memtrack: Couldn't load memtrack module
12-08 16:03:09.356  1881  4493 E memtrack: Couldn't load memtrack module
12-08 16:03:11.570  1881  1965 E WificondScannerImpl: Timed out waiting for scan result from wificond
12-08 16:03:11.577  1881  1964 E WifiScanRequestProxy: Scan failure received. reason: -1,description: Scan failed
12-08 16:03:11.627  1881  4493 E memtrack: Couldn't load memtrack module
12-08 16:03:11.728  1881  4493 E memtrack: Couldn't load memtrack module
