--------- beginning of main
--------- beginning of system
12-09 13:43:13.256  1885  1899 E ActivityManager: Failure starting process com.evancharlton.mileage
12-09 13:43:13.256  1885  1899 E ActivityManager: java.lang.SecurityException: Package com.evancharlton.mileage is currently frozen!
12-09 13:43:13.256  1885  1899 E ActivityManager: 	at com.android.server.pm.PackageManagerService.checkPackageStartable(PackageManagerService.java:4000)
12-09 13:43:13.256  1885  1899 E ActivityManager: 	at com.android.server.am.ActivityManagerService.startProcessLocked(ActivityManagerService.java:4234)
12-09 13:43:13.256  1885  1899 E ActivityManager: 	at com.android.server.am.ActivityManagerService.startProcessLocked(ActivityManagerService.java:4199)
12-09 13:43:13.256  1885  1899 E ActivityManager: 	at com.android.server.am.ActivityManagerService.startProcessLocked(ActivityManagerService.java:4181)
12-09 13:43:13.256  1885  1899 E ActivityManager: 	at com.android.server.am.ActivityManagerService.startProcessLocked(ActivityManagerService.java:4067)
12-09 13:43:13.256  1885  1899 E ActivityManager: 	at com.android.server.am.ActivityStackSupervisor.startSpecificActivityLocked(ActivityStackSupervisor.java:1715)
12-09 13:43:13.256  1885  1899 E ActivityManager: 	at com.android.server.am.ActivityStack.resumeTopActivityInnerLocked(ActivityStack.java:2764)
12-09 13:43:13.256  1885  1899 E ActivityManager: 	at com.android.server.am.ActivityStack.resumeTopActivityUncheckedLocked(ActivityStack.java:2302)
12-09 13:43:13.256  1885  1899 E ActivityManager: 	at com.android.server.am.ActivityStackSupervisor.resumeFocusedStackTopActivityLocked(ActivityStackSupervisor.java:2234)
12-09 13:43:13.256  1885  1899 E ActivityManager: 	at com.android.server.am.ActivityStackSupervisor.resumeFocusedStackTopActivityLocked(ActivityStackSupervisor.java:2218)
12-09 13:43:13.256  1885  1899 E ActivityManager: 	at com.android.server.am.ActivityManagerService.handleAppDiedLocked(ActivityManagerService.java:5923)
12-09 13:43:13.256  1885  1899 E ActivityManager: 	at com.android.server.am.ActivityManagerService.removeProcessLocked(ActivityManagerService.java:7501)
12-09 13:43:13.256  1885  1899 E ActivityManager: 	at com.android.server.am.ActivityManagerService.killPackageProcessesLocked(ActivityManagerService.java:7142)
12-09 13:43:13.256  1885  1899 E ActivityManager: 	at com.android.server.am.ActivityManagerService.forceStopPackageLocked(ActivityManagerService.java:7275)
12-09 13:43:13.256  1885  1899 E ActivityManager: 	at com.android.server.am.ActivityManagerService$MainHandler.handleMessage(ActivityManagerService.java:2289)
12-09 13:43:13.256  1885  1899 E ActivityManager: 	at android.os.Handler.dispatchMessage(Handler.java:106)
12-09 13:43:13.256  1885  1899 E ActivityManager: 	at android.os.Looper.loop(Looper.java:193)
12-09 13:43:13.256  1885  1899 E ActivityManager: 	at android.os.HandlerThread.run(HandlerThread.java:65)
12-09 13:43:13.256  1885  1899 E ActivityManager: 	at com.android.server.ServiceThread.run(ServiceThread.java:44)
12-09 13:43:14.340 23572 23572 E ndroid.keychai: Not starting debugger since process cannot load the jdwp agent.
12-09 13:43:14.362 23565 23565 E oid.documentsu: Not starting debugger since process cannot load the jdwp agent.
12-09 13:43:15.486  2378 22355 E ctxmgr  : [ProducerStatusImpl]updateStateForNewContextData: inactive, contextName=7
12-09 13:43:15.528 23618 23618 E droid.apps.doc: Not starting debugger since process cannot load the jdwp agent.
12-09 13:43:15.882  2378  2378 E BeaconBle: Scan couldn't start for Places
12-09 13:43:16.981 23646 23646 E d.process.medi: Not starting debugger since process cannot load the jdwp agent.
12-09 13:43:17.662  1834  1834 E netmgr  : Failed to open QEMU pipe 'qemud:network': Invalid argument
12-09 13:43:17.662  1834  1834 E netmgr  : WifiForwarder unable to open QEMU pipe: Invalid argument
12-09 13:43:17.968 23618 23618 E DocsApplication: [main] No default account found during application creation.
12-09 13:43:18.468  1731  1949 E         : Couldn't opendir /data/app/vmdl636484541.tmp: No such file or directory
12-09 13:43:18.468  1731  1949 E installd: Failed to delete /data/app/vmdl636484541.tmp: No such file or directory
12-09 13:43:20.588 23721 23721 E harlton.mileag: Not starting debugger since process cannot load the jdwp agent.
12-09 13:43:22.486  1994  7294 E putmethod.lati: Invalid ID 0x00000001.
12-09 13:43:22.504  1994  7294 E LstmTrainingCache: emn: Can't get resource name for input slot
12-09 13:43:22.504  1994  7294 E LstmTrainingCache: android.content.res.Resources$NotFoundException: Unable to find resource ID #0x1
12-09 13:43:22.504  1994  7294 E LstmTrainingCache: 	at android.content.res.ResourcesImpl.getResourceName(ResourcesImpl.java:255)
12-09 13:43:22.504  1994  7294 E LstmTrainingCache: 	at android.content.res.Resources.getResourceName(Resources.java:1954)
12-09 13:43:22.504  1994  7294 E LstmTrainingCache: 	at emn.a(PG:12)
12-09 13:43:22.504  1994  7294 E LstmTrainingCache: 	at emk.run(PG:5)
12-09 13:43:22.504  1994  7294 E LstmTrainingCache: 	at java.lang.Thread.run(Thread.java:764)
12-09 13:43:25.523  1994  7294 E putmethod.lati: Invalid ID 0x00000001.
12-09 13:43:25.530  1994  7294 E LstmTrainingCache: emn: Can't get resource name for input slot
12-09 13:43:25.530  1994  7294 E LstmTrainingCache: android.content.res.Resources$NotFoundException: Unable to find resource ID #0x1
12-09 13:43:25.530  1994  7294 E LstmTrainingCache: 	at android.content.res.ResourcesImpl.getResourceName(ResourcesImpl.java:255)
12-09 13:43:25.530  1994  7294 E LstmTrainingCache: 	at android.content.res.Resources.getResourceName(Resources.java:1954)
12-09 13:43:25.530  1994  7294 E LstmTrainingCache: 	at emn.a(PG:12)
12-09 13:43:25.530  1994  7294 E LstmTrainingCache: 	at emk.run(PG:5)
12-09 13:43:25.530  1994  7294 E LstmTrainingCache: 	at java.lang.Thread.run(Thread.java:764)
12-09 13:43:26.954  1994  1994 E native  : clearcut-logger.cc:191 USER_EDIT span#originalSpan is missing
12-09 13:43:28.539  1739  1762 E storaged: getDiskStats failed with result NOT_SUPPORTED and size 0
12-09 13:43:31.430  1994  7294 E putmethod.lati: Invalid ID 0x00000001.
12-09 13:43:31.463  1994  7294 E LstmTrainingCache: emn: Can't get resource name for input slot
12-09 13:43:31.463  1994  7294 E LstmTrainingCache: android.content.res.Resources$NotFoundException: Unable to find resource ID #0x1
12-09 13:43:31.463  1994  7294 E LstmTrainingCache: 	at android.content.res.ResourcesImpl.getResourceName(ResourcesImpl.java:255)
12-09 13:43:31.463  1994  7294 E LstmTrainingCache: 	at android.content.res.Resources.getResourceName(Resources.java:1954)
12-09 13:43:31.463  1994  7294 E LstmTrainingCache: 	at emn.a(PG:12)
12-09 13:43:31.463  1994  7294 E LstmTrainingCache: 	at emk.run(PG:5)
12-09 13:43:31.463  1994  7294 E LstmTrainingCache: 	at java.lang.Thread.run(Thread.java:764)
12-09 13:43:32.381  1885  1898 E memtrack: Couldn't load memtrack module
12-09 13:43:32.453 23751 23751 E emui:screensho: Not starting debugger since process cannot load the jdwp agent.
12-09 13:43:32.482  1885  1898 E memtrack: Couldn't load memtrack module
12-09 13:43:33.194 23751 23751 E SoundPool: error loading /product/media/audio/ui/camera_click.ogg
12-09 13:43:33.518  1726  1873 E SurfaceFlinger: ro.sf.lcd_density must be defined as a build property
12-09 13:43:33.537  1741  2074 E OMXNodeInstance: getConfig(0xe97a6cc0:google.vorbis.decoder, ConfigAndroidVendorExtension(0x6f100004)) ERROR: Undefined(0x80001001)
12-09 13:43:33.801  1726  1751 E SurfaceFlinger: ro.sf.lcd_density must be defined as a build property
12-09 13:43:35.807  1885  1898 E memtrack: Couldn't load memtrack module
12-09 13:43:37.687 23668 23701 E MicroDetectionWorker: Stale runnable..ignoring
12-09 13:43:38.381  2378 23616 E ctxmgr  : [ProducerStatusImpl]updateStateForNewContextData: inactive, contextName=7
12-09 13:43:38.507 23668  9053 E GmsContextObserver: Received context data while not listening
12-09 13:43:38.510 23668 18754 E GmsContextObserver: Received context data while not listening
12-09 13:43:38.741  2378  2378 E BeaconBle: Missing BluetoothAdapter
12-09 13:43:38.782  2378  2378 E BeaconBle: Scan couldn't start for Places
12-09 13:43:40.457  1885  1898 E memtrack: Couldn't load memtrack module
12-09 13:43:40.914 23668 23668 E ContextIntentStarter: No activity found for any of the 0 intents
12-09 13:43:42.929  2378 23486 E ctxmgr  : [ProducerStatusImpl]updateStateForNewContextData: inactive, contextName=7
12-09 13:43:43.141  2378  2378 E BeaconBle: Scan couldn't start for Places
12-09 13:43:47.165 23800 23800 E oid.apps.photo: Not starting debugger since process cannot load the jdwp agent.
12-09 13:43:48.542 23820 23820 E ocess.gservice: Not starting debugger since process cannot load the jdwp agent.
12-09 13:43:57.868  1885  1898 E memtrack: Couldn't load memtrack module
12-09 13:43:57.926  1885  1898 E memtrack: Couldn't load memtrack module
12-09 13:44:02.242  1885  1898 E memtrack: Couldn't load memtrack module
12-09 13:44:17.684  1834  1834 E netmgr  : Failed to open QEMU pipe 'qemud:network': Invalid argument
12-09 13:44:17.684  1834  1834 E netmgr  : WifiForwarder unable to open QEMU pipe: Invalid argument
12-09 13:44:18.284  1885  1898 E memtrack: Couldn't load memtrack module
