--------- beginning of system
12-09 09:19:44.202  1885  1938 E WindowManager: Performed 6 layouts in a row. Skipping
12-09 09:19:44.266  1885  1938 E WindowManager: Performed 6 layouts in a row. Skipping
12-09 09:19:46.592  1885  1899 E ActivityManager: Failure starting process com.evancharlton.mileage
12-09 09:19:46.592  1885  1899 E ActivityManager: java.lang.SecurityException: Package com.evancharlton.mileage was not found!
12-09 09:19:46.592  1885  1899 E ActivityManager: 	at com.android.server.pm.PackageManagerService.checkPackageStartable(PackageManagerService.java:3987)
12-09 09:19:46.592  1885  1899 E ActivityManager: 	at com.android.server.am.ActivityManagerService.startProcessLocked(ActivityManagerService.java:4234)
12-09 09:19:46.592  1885  1899 E ActivityManager: 	at com.android.server.am.ActivityManagerService.startProcessLocked(ActivityManagerService.java:4199)
12-09 09:19:46.592  1885  1899 E ActivityManager: 	at com.android.server.am.ActivityManagerService.startProcessLocked(ActivityManagerService.java:4181)
12-09 09:19:46.592  1885  1899 E ActivityManager: 	at com.android.server.am.ActivityManagerService.startProcessLocked(ActivityManagerService.java:4067)
12-09 09:19:46.592  1885  1899 E ActivityManager: 	at com.android.server.am.ActivityStackSupervisor.startSpecificActivityLocked(ActivityStackSupervisor.java:1715)
12-09 09:19:46.592  1885  1899 E ActivityManager: 	at com.android.server.am.ActivityStack.resumeTopActivityInnerLocked(ActivityStack.java:2764)
12-09 09:19:46.592  1885  1899 E ActivityManager: 	at com.android.server.am.ActivityStack.resumeTopActivityUncheckedLocked(ActivityStack.java:2302)
12-09 09:19:46.592  1885  1899 E ActivityManager: 	at com.android.server.am.ActivityStackSupervisor.resumeFocusedStackTopActivityLocked(ActivityStackSupervisor.java:2234)
12-09 09:19:46.592  1885  1899 E ActivityManager: 	at com.android.server.am.ActivityStackSupervisor.resumeFocusedStackTopActivityLocked(ActivityStackSupervisor.java:2218)
12-09 09:19:46.592  1885  1899 E ActivityManager: 	at com.android.server.am.ActivityManagerService.handleAppDiedLocked(ActivityManagerService.java:5923)
12-09 09:19:46.592  1885  1899 E ActivityManager: 	at com.android.server.am.ActivityManagerService.removeProcessLocked(ActivityManagerService.java:7501)
12-09 09:19:46.592  1885  1899 E ActivityManager: 	at com.android.server.am.ActivityManagerService.killPackageProcessesLocked(ActivityManagerService.java:7142)
12-09 09:19:46.592  1885  1899 E ActivityManager: 	at com.android.server.am.ActivityManagerService.forceStopPackageLocked(ActivityManagerService.java:7275)
12-09 09:19:46.592  1885  1899 E ActivityManager: 	at com.android.server.am.ActivityManagerService$MainHandler.handleMessage(ActivityManagerService.java:2289)
12-09 09:19:46.592  1885  1899 E ActivityManager: 	at android.os.Handler.dispatchMessage(Handler.java:106)
12-09 09:19:46.592  1885  1899 E ActivityManager: 	at android.os.Looper.loop(Looper.java:193)
12-09 09:19:46.592  1885  1899 E ActivityManager: 	at android.os.HandlerThread.run(HandlerThread.java:65)
12-09 09:19:46.592  1885  1899 E ActivityManager: 	at com.android.server.ServiceThread.run(ServiceThread.java:44)
--------- beginning of main
12-09 09:19:47.180  4981  4981 E id.defcontaine: Not starting debugger since process cannot load the jdwp agent.
12-09 09:19:47.280  4996  4996 E oid.documentsu: Not starting debugger since process cannot load the jdwp agent.
12-09 09:19:47.438  5014  5014 E ndroid.keychai: Not starting debugger since process cannot load the jdwp agent.
12-09 09:19:48.453  5066  5066 E droid.apps.doc: Not starting debugger since process cannot load the jdwp agent.
12-09 09:19:49.619  2378  4004 E ctxmgr  : [ProducerStatusImpl]updateStateForNewContextData: inactive, contextName=7
12-09 09:19:49.884  2378  2378 E BeaconBle: Missing BluetoothAdapter
12-09 09:19:49.943  2378  2378 E BeaconBle: Scan couldn't start for Places
12-09 09:19:50.665  5066  5066 E DocsApplication: [main] No default account found during application creation.
12-09 09:19:51.532  1731  1949 E         : Couldn't opendir /data/app/vmdl1912379685.tmp: No such file or directory
12-09 09:19:51.532  1731  1949 E installd: Failed to delete /data/app/vmdl1912379685.tmp: No such file or directory
12-09 09:19:54.171  5138  5138 E harlton.mileag: Not starting debugger since process cannot load the jdwp agent.
12-09 09:19:55.400  1994  7294 E putmethod.lati: Invalid ID 0x00000001.
12-09 09:19:55.426  1994  7294 E LstmTrainingCache: emn: Can't get resource name for input slot
12-09 09:19:55.426  1994  7294 E LstmTrainingCache: android.content.res.Resources$NotFoundException: Unable to find resource ID #0x1
12-09 09:19:55.426  1994  7294 E LstmTrainingCache: 	at android.content.res.ResourcesImpl.getResourceName(ResourcesImpl.java:255)
12-09 09:19:55.426  1994  7294 E LstmTrainingCache: 	at android.content.res.Resources.getResourceName(Resources.java:1954)
12-09 09:19:55.426  1994  7294 E LstmTrainingCache: 	at emn.a(PG:12)
12-09 09:19:55.426  1994  7294 E LstmTrainingCache: 	at emk.run(PG:5)
12-09 09:19:55.426  1994  7294 E LstmTrainingCache: 	at java.lang.Thread.run(Thread.java:764)
12-09 09:20:03.047  1994  7294 E putmethod.lati: Invalid ID 0x00000001.
12-09 09:20:03.059  1994  7294 E LstmTrainingCache: emn: Can't get resource name for input slot
12-09 09:20:03.059  1994  7294 E LstmTrainingCache: android.content.res.Resources$NotFoundException: Unable to find resource ID #0x1
12-09 09:20:03.059  1994  7294 E LstmTrainingCache: 	at android.content.res.ResourcesImpl.getResourceName(ResourcesImpl.java:255)
12-09 09:20:03.059  1994  7294 E LstmTrainingCache: 	at android.content.res.Resources.getResourceName(Resources.java:1954)
12-09 09:20:03.059  1994  7294 E LstmTrainingCache: 	at emn.a(PG:12)
12-09 09:20:03.059  1994  7294 E LstmTrainingCache: 	at emk.run(PG:5)
12-09 09:20:03.059  1994  7294 E LstmTrainingCache: 	at java.lang.Thread.run(Thread.java:764)
12-09 09:20:05.525  5163  5163 E emui:screensho: Not starting debugger since process cannot load the jdwp agent.
12-09 09:20:06.118  5163  5163 E SoundPool: error loading /product/media/audio/ui/camera_click.ogg
12-09 09:20:06.451  1741  2075 E OMXNodeInstance: getConfig(0xe93910c0:google.vorbis.decoder, ConfigAndroidVendorExtension(0x6f100004)) ERROR: Undefined(0x80001001)
12-09 09:20:10.180  1633  1633 E lowmemorykiller: Error writing /proc/5066/oom_score_adj; errno=22
12-09 09:20:13.344  1834  1834 E netmgr  : Failed to open QEMU pipe 'qemud:network': Invalid argument
12-09 09:20:13.345  1834  1834 E netmgr  : WifiForwarder unable to open QEMU pipe: Invalid argument
12-09 09:20:14.631  2378  4547 E ctxmgr  : [ProducerStatusImpl]updateStateForNewContextData: inactive, contextName=7
12-09 09:20:14.972  2378  2378 E BeaconBle: Missing BluetoothAdapter
12-09 09:20:15.051  2378  2378 E BeaconBle: Scan couldn't start for Places
12-09 09:20:19.377  5210  5210 E oid.apps.photo: Not starting debugger since process cannot load the jdwp agent.
12-09 09:20:19.871  5228  5228 E ocess.gservice: Not starting debugger since process cannot load the jdwp agent.
12-09 09:20:21.295  1739  1762 E storaged: getDiskStats failed with result NOT_SUPPORTED and size 0
12-09 09:20:27.918  1885  4897 E WindowManager: Performed 6 layouts in a row. Skipping
12-09 09:20:27.954  1885  1938 E WindowManager: Performed 6 layouts in a row. Skipping
12-09 09:20:27.992  1885  1938 E WindowManager: Performed 6 layouts in a row. Skipping
12-09 09:20:28.026  1885  1938 E WindowManager: Performed 6 layouts in a row. Skipping
12-09 09:20:28.081  1885  1938 E WindowManager: Performed 6 layouts in a row. Skipping
12-09 09:20:28.097  1885  1938 E WindowManager: Performed 6 layouts in a row. Skipping
12-09 09:20:28.132  1885  1900 E WindowManager: Performed 6 layouts in a row. Skipping
12-09 09:20:28.174  1885  1938 E WindowManager: Performed 6 layouts in a row. Skipping
12-09 09:20:28.206  1885  1938 E WindowManager: Performed 6 layouts in a row. Skipping
12-09 09:20:28.244  1885  1896 E WindowManager: Performed 6 layouts in a row. Skipping
12-09 09:20:28.274  1885  1938 E WindowManager: Performed 6 layouts in a row. Skipping
12-09 09:20:28.345  1885  1938 E WindowManager: Performed 6 layouts in a row. Skipping
12-09 09:20:28.378  1885  4766 E WindowManager: Performed 6 layouts in a row. Skipping
12-09 09:20:28.406  1885  1896 E WindowManager: Performed 6 layouts in a row. Skipping
12-09 09:20:28.471  1885  1938 E WindowManager: Performed 6 layouts in a row. Skipping
12-09 09:20:30.180  4375  4375 E ContextIntentStarter: No activity found for any of the 0 intents
12-09 09:20:31.059  1629  1629 E android.hardware.wifi@1.0-service: Failed to register radio mode change callback
12-09 09:20:31.063  1629  1629 E android.hardware.wifi@1.0-service: Failed to set DFS flag; DFS channels may be unavailable.
12-09 09:20:31.112  1740  1740 E wificond: No Offload Service available
12-09 09:20:31.338  1885  1971 E WifiP2pService: Unhandled message { when=-1ms what=131203 target=com.android.internal.util.StateMachine$SmHandler }
12-09 09:20:31.357  1885  1971 E WifiP2pService: Unhandled message { when=-2ms what=131203 target=com.android.internal.util.StateMachine$SmHandler }
12-09 09:20:31.389  1885  1903 E BatteryExternalStatsWorker: no controller energy info supplied for wifi
12-09 09:20:31.520  1885  1903 E BatteryExternalStatsWorker: no controller energy info supplied for wifi
12-09 09:20:32.490  1726  1751 E SurfaceFlinger: getLayerUser(name=0xe696ead0) is dead
12-09 09:20:35.369  1885  1903 E BatteryExternalStatsWorker: no controller energy info supplied for wifi
12-09 09:20:36.228  1737  1820 E Netd    : Error adding route ::/0 -> fe80::ff:fe00:100 wlan0 to table 1003: File exists
12-09 09:20:36.348  2378  5304 E WakeLock: GCM_CONN_ALARM release without a matched acquire!
12-09 09:20:37.899  2378  5308 E ctxmgr  : [ProducerStatusImpl]updateStateForNewContextData: inactive, contextName=7
12-09 09:20:38.113  2378  2378 E BeaconBle: Scan couldn't start for Places
12-09 09:20:51.226  5319  5319 E viders.calenda: Not starting debugger since process cannot load the jdwp agent.
12-09 09:20:51.472  5336  5336 E ndroid.calenda: Not starting debugger since process cannot load the jdwp agent.
12-09 09:20:52.839  5390  5390 E droid.deskcloc: Not starting debugger since process cannot load the jdwp agent.
12-09 09:20:52.951  5390  5390 E LoadedApk: Unable to instantiate appComponentFactory
12-09 09:20:52.951  5390  5390 E LoadedApk: java.lang.ClassNotFoundException: Didn't find class "android.support.v4.app.CoreComponentFactory" on path: DexPathList[[zip file "/data/app/com.google.android.deskclock-irjeQ48B8SlCzNgOUY6aXg==/base.apk"],nativeLibraryDirectories=[/data/app/com.google.android.deskclock-irjeQ48B8SlCzNgOUY6aXg==/lib/x86, /system/lib]]
12-09 09:20:52.951  5390  5390 E LoadedApk: 	at dalvik.system.BaseDexClassLoader.findClass(BaseDexClassLoader.java:134)
12-09 09:20:52.951  5390  5390 E LoadedApk: 	at java.lang.ClassLoader.loadClass(ClassLoader.java:379)
12-09 09:20:52.951  5390  5390 E LoadedApk: 	at java.lang.ClassLoader.loadClass(ClassLoader.java:312)
12-09 09:20:52.951  5390  5390 E LoadedApk: 	at android.app.LoadedApk.createAppFactory(LoadedApk.java:226)
12-09 09:20:52.951  5390  5390 E LoadedApk: 	at android.app.LoadedApk.createOrUpdateClassLoaderLocked(LoadedApk.java:731)
12-09 09:20:52.951  5390  5390 E LoadedApk: 	at android.app.LoadedApk.getClassLoader(LoadedApk.java:810)
12-09 09:20:52.951  5390  5390 E LoadedApk: 	at android.app.LoadedApk.getResources(LoadedApk.java:1032)
12-09 09:20:52.951  5390  5390 E LoadedApk: 	at android.app.ContextImpl.createAppContext(ContextImpl.java:2345)
12-09 09:20:52.951  5390  5390 E LoadedApk: 	at android.app.ActivityThread.handleBindApplication(ActivityThread.java:5749)
12-09 09:20:52.951  5390  5390 E LoadedApk: 	at android.app.ActivityThread.access$1100(ActivityThread.java:199)
12-09 09:20:52.951  5390  5390 E LoadedApk: 	at android.app.ActivityThread$H.handleMessage(ActivityThread.java:1650)
12-09 09:20:52.951  5390  5390 E LoadedApk: 	at android.os.Handler.dispatchMessage(Handler.java:106)
12-09 09:20:52.951  5390  5390 E LoadedApk: 	at android.os.Looper.loop(Looper.java:193)
12-09 09:20:52.951  5390  5390 E LoadedApk: 	at android.app.ActivityThread.main(ActivityThread.java:6669)
12-09 09:20:52.951  5390  5390 E LoadedApk: 	at java.lang.reflect.Method.invoke(Native Method)
12-09 09:20:52.951  5390  5390 E LoadedApk: 	at com.android.internal.os.RuntimeInit$MethodAndArgsCaller.run(RuntimeInit.java:493)
12-09 09:20:52.951  5390  5390 E LoadedApk: 	at com.android.internal.os.ZygoteInit.main(ZygoteInit.java:858)
12-09 09:20:53.680  5424  5424 E com.ustwo.lwp: Not starting debugger since process cannot load the jdwp agent.
12-09 09:20:54.049  1633  1633 E lowmemorykiller: Error writing /proc/5210/oom_score_adj; errno=22
12-09 09:20:54.076  1633  1633 E lowmemorykiller: Error writing /proc/5210/oom_score_adj; errno=22
12-09 09:20:57.666  2342  2342 E SchedPolicy: set_timerslack_ns write failed: Operation not permitted
12-09 09:21:02.023  2342  2342 E SchedPolicy: set_timerslack_ns write failed: Operation not permitted
12-09 09:21:13.408  1834  1834 E netmgr  : Failed to open QEMU pipe 'qemud:network': Invalid argument
12-09 09:21:13.409  1834  1834 E netmgr  : WifiForwarder unable to open QEMU pipe: Invalid argument
12-09 09:21:21.345  1739  1762 E storaged: getDiskStats failed with result NOT_SUPPORTED and size 0
12-09 09:21:32.489 30523  3094 E SQLiteCastStore: Skip saving CastDeviceInfo: "Nearby device" (__cast_nearby___V_0f5819c9-683f-416e-99eb-5ae2628ac21a)
12-09 09:22:13.411  1834  1834 E netmgr  : Failed to open QEMU pipe 'qemud:network': Invalid argument
12-09 09:22:13.412  1834  1834 E netmgr  : WifiForwarder unable to open QEMU pipe: Invalid argument
12-09 09:22:21.350  1739  1762 E storaged: getDiskStats failed with result NOT_SUPPORTED and size 0
12-09 09:22:40.954  5464  5464 E hod.latin:trai: Not starting debugger since process cannot load the jdwp agent.
