--------- beginning of main
--------- beginning of system
12-08 16:33:52.401  1881  5179 E memtrack: Couldn't load memtrack module
12-08 16:33:52.690  1881  5179 E memtrack: Couldn't load memtrack module
12-08 16:33:55.375 18181 18181 E droid.apps.doc: Not starting debugger since process cannot load the jdwp agent.
12-08 16:33:55.465  1881  5179 E memtrack: Couldn't load memtrack module
12-08 16:34:05.477  1828  1828 E netmgr  : Failed to open QEMU pipe 'qemud:network': Invalid argument
12-08 16:34:05.478  1828  1828 E netmgr  : WifiForwarder unable to open QEMU pipe: Invalid argument
12-08 16:34:05.592 13588 18157 E ActivityThread: Failed to find provider info for com.google.android.apps.docs.storage
12-08 16:34:10.656  1881  5179 E memtrack: Couldn't load memtrack module
12-08 16:34:10.697  1881  5179 E memtrack: Couldn't load memtrack module
12-08 16:34:10.700  1881  5179 E memtrack: Couldn't load memtrack module
12-08 16:34:10.705  1881  5179 E memtrack: Couldn't load memtrack module
12-08 16:34:10.708  1881  5179 E memtrack: Couldn't load memtrack module
12-08 16:34:10.718  1881  5179 E memtrack: Couldn't load memtrack module
12-08 16:34:10.728  1881  5179 E memtrack: Couldn't load memtrack module
12-08 16:34:10.752  1881  5179 E memtrack: Couldn't load memtrack module
12-08 16:34:10.759  1881  5179 E memtrack: Couldn't load memtrack module
12-08 16:34:10.771  1881  5179 E memtrack: Couldn't load memtrack module
12-08 16:34:10.791  1881  5179 E memtrack: Couldn't load memtrack module
12-08 16:34:10.799  1881  5179 E memtrack: Couldn't load memtrack module
12-08 16:34:10.806  1881  5179 E memtrack: Couldn't load memtrack module
12-08 16:34:10.833  1881  5179 E memtrack: Couldn't load memtrack module
12-08 16:34:10.846  2448  2448 E BeaconBle: Missing BluetoothAdapter
12-08 16:34:10.848  1881  5179 E memtrack: Couldn't load memtrack module
12-08 16:34:10.875  1881  5179 E memtrack: Couldn't load memtrack module
12-08 16:34:10.885  1881  5179 E memtrack: Couldn't load memtrack module
12-08 16:34:10.891  1881  5179 E memtrack: Couldn't load memtrack module
12-08 16:34:10.901  1881  5179 E memtrack: Couldn't load memtrack module
12-08 16:34:10.913  1881  5179 E memtrack: Couldn't load memtrack module
12-08 16:34:10.940  1881  5179 E memtrack: Couldn't load memtrack module
12-08 16:34:10.955  1881  5179 E memtrack: Couldn't load memtrack module
12-08 16:34:15.862  2448  2448 E BeaconBle: Scan couldn't start for Places
12-08 16:34:15.894  1881  5179 E memtrack: Couldn't load memtrack module
12-08 16:34:15.930  1881  5179 E memtrack: Couldn't load memtrack module
12-08 16:34:15.946  1881  5179 E memtrack: Couldn't load memtrack module
12-08 16:34:15.964  1881  5179 E memtrack: Couldn't load memtrack module
12-08 16:34:16.002  1881  5179 E memtrack: Couldn't load memtrack module
12-08 16:34:16.037  1881  5179 E memtrack: Couldn't load memtrack module
12-08 16:34:16.047  1881  5179 E memtrack: Couldn't load memtrack module
12-08 16:34:16.056  1881  5179 E memtrack: Couldn't load memtrack module
12-08 16:34:16.063  1881  5179 E memtrack: Couldn't load memtrack module
12-08 16:34:16.070  1881  5179 E memtrack: Couldn't load memtrack module
12-08 16:34:16.077  1881  5179 E memtrack: Couldn't load memtrack module
12-08 16:34:16.137  1881  5179 E memtrack: Couldn't load memtrack module
12-08 16:34:21.103  1881  5179 E memtrack: Couldn't load memtrack module
12-08 16:34:21.155  1881  5179 E memtrack: Couldn't load memtrack module
12-08 16:34:21.197  1881  5179 E memtrack: Couldn't load memtrack module
12-08 16:34:21.205  1881  5179 E memtrack: Couldn't load memtrack module
12-08 16:34:21.217  1881  5179 E memtrack: Couldn't load memtrack module
12-08 16:34:21.236  1881  5179 E memtrack: Couldn't load memtrack module
12-08 16:34:21.250  1881  5179 E memtrack: Couldn't load memtrack module
12-08 16:34:21.309  1881  5179 E memtrack: Couldn't load memtrack module
12-08 16:34:21.335  1881  5179 E memtrack: Couldn't load memtrack module
12-08 16:34:21.359  1881  5179 E memtrack: Couldn't load memtrack module
12-08 16:34:21.375  1881  5179 E memtrack: Couldn't load memtrack module
12-08 16:34:21.388  1881  5179 E memtrack: Couldn't load memtrack module
12-08 16:34:21.398  1881  5179 E memtrack: Couldn't load memtrack module
12-08 16:34:21.406  1881  5179 E memtrack: Couldn't load memtrack module
12-08 16:34:21.429  1881  5179 E memtrack: Couldn't load memtrack module
12-08 16:34:21.438  1881  5179 E memtrack: Couldn't load memtrack module
12-08 16:34:21.451  1881  5179 E memtrack: Couldn't load memtrack module
12-08 16:34:21.458  1881  5179 E memtrack: Couldn't load memtrack module
12-08 16:34:26.259  1881  5179 E memtrack: Couldn't load memtrack module
12-08 16:34:26.279  1881  5179 E memtrack: Couldn't load memtrack module
12-08 16:34:26.283  1881  5179 E memtrack: Couldn't load memtrack module
12-08 16:34:26.287  1881  5179 E memtrack: Couldn't load memtrack module
12-08 16:34:26.292  1881  5179 E memtrack: Couldn't load memtrack module
12-08 16:34:26.298  1881  5179 E memtrack: Couldn't load memtrack module
12-08 16:34:26.304  1881  5179 E memtrack: Couldn't load memtrack module
12-08 16:34:26.309  1881  5179 E memtrack: Couldn't load memtrack module
12-08 16:34:26.318  1881  5179 E memtrack: Couldn't load memtrack module
12-08 16:34:26.329  1881  5179 E memtrack: Couldn't load memtrack module
12-08 16:34:26.409  1881  5179 E memtrack: Couldn't load memtrack module
12-08 16:34:26.414  1881  5179 E memtrack: Couldn't load memtrack module
12-08 16:34:26.420  1881  5179 E memtrack: Couldn't load memtrack module
12-08 16:34:26.425  1881  5179 E memtrack: Couldn't load memtrack module
12-08 16:34:26.457  1881  5179 E memtrack: Couldn't load memtrack module
12-08 16:34:26.478  1881  5179 E memtrack: Couldn't load memtrack module
12-08 16:34:26.481  1881  5179 E memtrack: Couldn't load memtrack module
12-08 16:34:26.487  1881  5179 E memtrack: Couldn't load memtrack module
12-08 16:34:39.316  1738  1772 E storaged: getDiskStats failed with result NOT_SUPPORTED and size 0
12-08 16:34:50.249  1730  1944 E         : Couldn't opendir /data/app/vmdl1647572215.tmp: No such file or directory
12-08 16:34:50.249  1730  1944 E installd: Failed to delete /data/app/vmdl1647572215.tmp: No such file or directory
12-08 16:34:55.350 18264 18264 E droid.apps.doc: Not starting debugger since process cannot load the jdwp agent.
12-08 16:35:05.397 13588 18240 E ActivityThread: Failed to find provider info for com.google.android.apps.docs.storage
12-08 16:35:05.535  1828  1828 E netmgr  : Failed to open QEMU pipe 'qemud:network': Invalid argument
12-08 16:35:05.535  1828  1828 E netmgr  : WifiForwarder unable to open QEMU pipe: Invalid argument
12-08 16:35:05.732  2475 18253 E ChromeSync: [Sync,SyncIntentOperation] Error handling the intent: Intent { act=android.intent.action.PACKAGE_ADDED dat=package:com.evancharlton.mileage flg=0x4000010 cmp=com.google.android.gms/.chimera.GmsIntentOperationService (has extras) }.
12-08 16:35:18.625 18290 18290 E harlton.mileag: Not starting debugger since process cannot load the jdwp agent.
12-08 16:35:31.427  1881  1894 E memtrack: Couldn't load memtrack module
12-08 16:35:44.554  1738  1772 E storaged: getDiskStats failed with result NOT_SUPPORTED and size 0
12-08 16:35:44.715  1881  1894 E memtrack: Couldn't load memtrack module
12-08 16:35:50.071  2448 18210 E ctxmgr  : [AppIntervalImpl]closeInterval: ongoing
12-08 16:35:50.085  2448 18210 E ctxmgr  : [AppIntervalImpl]closeInterval: ongoing
12-08 16:36:13.190  1828  1828 E netmgr  : Failed to open QEMU pipe 'qemud:network': Invalid argument
12-08 16:36:13.190  1828  1828 E netmgr  : WifiForwarder unable to open QEMU pipe: Invalid argument
12-08 16:36:36.678  1881  1940 E libbacktrace: void SignalHandler(int, siginfo_t *, void *): Timed out waiting for unwind thread to indicate it completed.
12-08 16:36:36.678  1881  1895 E system_server: libdebuggerd_client: failed to read response from tombstoned: timeout reached?
12-08 16:36:41.939  1881  1895 E system_server: libdebuggerd_client: timeout expired
12-08 16:36:47.041  1881  1895 E system_server: libdebuggerd_client: received packet of unexpected length from tombstoned: expected 128, received -1
12-08 16:36:47.051  1738  1772 E storaged: getDiskStats failed with result NOT_SUPPORTED and size 0
12-08 16:36:47.136  1881  1899 E BluetoothAdapter: Bluetooth binder is null
12-08 16:36:47.142  1881  1899 E BatteryExternalStatsWorker: no controller energy info supplied for wifi
12-08 16:36:47.147  1881  1894 E memtrack: Couldn't load memtrack module
12-08 16:36:47.367  1744  1744 E /system/bin/tombstoned: Traces for pid 1881 written to: /data/anr/trace_26
12-08 16:36:49.597  1881  1895 E system_server: libdebuggerd_client: timeout expired
12-08 16:36:49.599  1881  1895 E ActivityManager: Aborting stack trace dump (current firstPid=2692); deadline exceeded.
12-08 16:36:49.686  1881  1895 E ActivityManager: ANR in com.evancharlton.mileage (com.evancharlton.mileage/.Mileage)
12-08 16:36:49.686  1881  1895 E ActivityManager: PID: 18290
12-08 16:36:49.686  1881  1895 E ActivityManager: Reason: Input dispatching timed out (Waiting to send key event because the focused window has not finished processing all of the input events that were previously delivered to it.  Outbound queue length: 0.  Wait queue length: 1.)
12-08 16:36:49.686  1881  1895 E ActivityManager: Load: 4.68 / 6.42 / 5.91
12-08 16:36:49.686  1881  1895 E ActivityManager: CPU usage from 23331ms to 31045ms later (2018-12-08 16:36:41.930 to 2018-12-08 16:36:49.644):
12-08 16:36:49.686  1881  1895 E ActivityManager:   69% 1881/system_server: 33% user + 35% kernel / faults: 3424 minor 68 major
12-08 16:36:49.686  1881  1895 E ActivityManager:   28% 1704/kworker/u9:4: 0% user + 28% kernel
12-08 16:36:49.686  1881  1895 E ActivityManager:   2.8% 2692/com.google.android.googlequicksearchbox:search: 0% user + 2.8% kernel / faults: 2595 minor 27 major
12-08 16:36:49.686  1881  1895 E ActivityManager:   2.5% 1992/com.google.android.inputmethod.latin: 0% user + 2.5% kernel / faults: 1851 minor 27 major
12-08 16:36:49.686  1881  1895 E ActivityManager:   1.1% 1725/surfaceflinger: 1.1% user + 0% kernel / faults: 3 minor
12-08 16:36:49.686  1881  1895 E ActivityManager:   1.1% 2314/adbd: 0% user + 1.1% kernel / faults: 13107 minor
12-08 16:36:49.686  1881  1895 E ActivityManager:   1% 18290/com.evancharlton.mileage: 1% user + 0% kernel / faults: 3946 minor 2 major
12-08 16:36:49.686  1881  1895 E ActivityManager:   0.5% 1553/logd: 0% user + 0.5% kernel / faults: 1 minor
12-08 16:36:49.686  1881  1895 E ActivityManager:   0.5% 5249/kworker/u9:2: 0% user + 0.5% kernel
12-08 16:36:49.686  1881  1895 E ActivityManager:   0% 645/kswapd0: 0% user + 0% kernel
12-08 16:36:49.686  1881  1895 E ActivityManager:   0.2% 1747/android.hardware.graphics.composer@2.1-service: 0% user + 0.2% kernel / faults: 5 minor
12-08 16:36:49.686  1881  1895 E ActivityManager:   0.2% 2004/com.android.systemui: 0.2% user + 0% kernel
12-08 16:36:49.686  1881  1895 E ActivityManager:   0.2% 16529/kworker/u8:3: 0% user + 0.2% kernel
12-08 16:36:49.686  1881  1895 E ActivityManager:   0.2% 17553/kworker/u8:4: 0% user + 0.2% kernel
12-08 16:36:49.686  1881  1895 E ActivityManager:   0% 1//init: 0% user + 0% kernel / faults: 9 minor 10 major
12-08 16:36:49.686  1881  1895 E ActivityManager:   0% 1620/android.hardware.gnss@1.0-service: 0% user + 0% kernel
12-08 16:36:49.686  1881  1895 E ActivityManager:   0.1% 1625/android.hardware.sensors@1.0-service: 0% user + 0.1% kernel
12-08 16:36:49.686  1881  1895 E ActivityManager:   0.1% 2330/logcat: 0% user + 0.1% kernel
12-08 16:36:49.686  1881  1895 E ActivityManager:   0.1% 2448/com.google.android.gms.persistent: 0.1% user + 0% kernel / faults: 8 minor
12-08 16:36:49.686  1881  1895 E ActivityManager:   0% 2494/com.android.vending: 0% user + 0% kernel / faults: 14 minor
12-08 16:36:49.686  1881  1895 E ActivityManager:   0.1% 2508/kworker/u9:3: 0% user + 0.1% kernel
12-08 16:36:49.686  1881  1895 E ActivityManager:   0% 13274/com.android.phone: 0% user + 0% kernel / faults: 26 minor 10 major
12-08 16:36:49.686  1881  1895 E ActivityManager:   0.1% 15251/kworker/u8:0: 0% user + 0.1% kernel
12-08 16:36:49.686  1881  1895 E ActivityManager:   0.1% 18236/com.android.commands.monkey: 0% user + 0.1% kernel / faults: 4 minor
12-08 16:36:49.686  1881  1895 E ActivityManager:  +0% 18327/crash_dump32: 0% user + 0% kernel
12-08 16:36:49.686  1881  1895 E ActivityManager:  +0% 18329/com.google.android.googlequicksearchbox:search: 0% user + 0% kernel
12-08 16:36:49.686  1881  1895 E ActivityManager: 11% TOTAL: 3.8% user + 6.4% kernel + 0.6% iowait + 0.2% softirq
12-08 16:36:49.686  1881  1895 E ActivityManager: CPU usage from 38ms to 5453ms later (2018-12-08 16:36:18.637 to 2018-12-08 16:36:24.051):
12-08 16:36:49.686  1881  1895 E ActivityManager:   101% 1881/system_server: 57% user + 44% kernel / faults: 570 minor 3 major
12-08 16:36:49.686  1881  1895 E ActivityManager:     94% 1890/HeapTaskDaemon: 46% user + 47% kernel
12-08 16:36:49.686  1881  1895 E ActivityManager:     3.6% 1895/ActivityManager: 3.6% user + 0% kernel
12-08 16:36:49.686  1881  1895 E ActivityManager:     0.7% 1953/InputDispatcher: 0.7% user + 0% kernel
12-08 16:36:49.686  1881  1895 E ActivityManager:     0.5% 4164/Binder:1881_15: 0.5% user + 0% kernel
12-08 16:36:49.686  1881  1895 E ActivityManager:     0.3% 1896/android.ui: 0.1% user + 0.1% kernel
12-08 16:36:49.686  1881  1895 E ActivityManager:     0.3% 4709/Binder:1881_19: 0% user + 0.3% kernel
12-08 16:36:49.686  1881  1895 E ActivityManager:     0.1% 1888/FinalizerDaemon: 0% user + 0.1% kernel
12-08 16:36:49.686  1881  1895 E ActivityManager:     0.1% 1934/android.anim: 0.1% user + 0% kernel
12-08 16:36:49.686  1881  1895 E ActivityManager:     0.1% 1941/SensorService: 0% user + 0.1% kernel
12-08 16:36:49.686  1881  1895 E ActivityManager:     0.1% 1993/Binder:1881_3: 0.1% user + 0% kernel
12-08 16:36:49.686  1881  1895 E ActivityManager:   92% 1725/surfaceflinger: 38% user + 53% kernel / faults: 3 minor
12-08 16:36:49.686  1881  1895 E ActivityManager:     91% 1725/surfaceflinger: 35% user + 56% kernel
12-08 16:36:49.686  1881  1895 E ActivityManager:     0.3% 1799/DispSync: 0.1% user + 0.1% kernel
12-08 16:36:49.686  1881  1895 E ActivityManager:     0.1% 1797/Binder:1725_1: 0.1% user + 0% kernel
12-08 16:36:49.686  1881  1895 E ActivityManager:     0.1% 1798/Binder:1725_2: 0% user + 0.1% kernel
12-08 16:36:49.686  1881  1895 E ActivityManager:     0.1% 1800/appEventThread: 0.1% user + 0% kernel
12-08 16:36:49.686  1881  1895 E ActivityManager:     0.1% 1801/sfEventThread: 0.1% user + 0% kernel
12-08 16:36:49.686  1881  1895 E ActivityManager:   64% 2004/com.android.systemui: 35% user + 28% kernel / faults: 13 minor
12-08 16:36:49.686  1881  1895 E ActivityManager:     63% 2242/RenderThread: 29% user + 34% kernel
12-08 16:36:49.686  1881  1895 E ActivityManager:     0.2% 2004/ndroid.systemui: 0.2% user + 0% kernel
12-08 16:36:49.686  1881  1895 E ActivityManager:   62% 2314/adbd: 2.9% user + 59% kernel / faults: 11051 minor
12-08 16:36:49.686  1881  1895 E ActivityManager:     31% 2314/adbd: 2.6% user + 28% kernel
12-08 16:36:49.686  1881  1895 E ActivityManager:     31% 2317/->host-9: 0.2% user + 30% kernel
12-08 16:36:49.686  1881  1895 E ActivityManager:     0.1% 2318/<-host-9: 0% user + 0.1% kernel
12-08 16:36:49.686  1881  1895 E ActivityManager:   5.3% 18290/com.evancharlton.mileage: 1.9% user + 3.4% kernel / faults: 2261 minor 24 major
12-08 16:36:49.686  1881  1895 E ActivityManager:     4.9% 18290/harlton.mileage: 3.4% user + 1.5% kernel
12-08 16:36:49.686  1881  1895 E ActivityManager:    +0% 18319/Binder:18290_4: 0% user + 0% kernel
12-08 16:36:49.686  1881  1895 E ActivityManager:   0.3% 1747/android.hardware.graphics.composer@2.1-service: 0% user + 0.3% kernel / faults: 6 minor
12-08 16:36:49.686  1881  1895 E ActivityManager:     0.1% 1820/HwBinder:1747_1: 0% user + 0.1% kernel
12-08 16:36:49.686  1881  1895 E ActivityManager:     0.1% 1880/HwBinder:1747_2: 0% user + 0.1% kern
12-08 16:37:00.252  1881  4709 E memtrack: Couldn't load memtrack module
12-08 16:37:00.346  1881  4709 E memtrack: Couldn't load memtrack module
12-08 16:37:00.380  1744  1744 E /system/bin/tombstoned: Traces for pid 2692 written to: /data/anr/trace_27
12-08 16:37:00.412  1881  4709 E memtrack: Couldn't load memtrack module
12-08 16:37:05.339  1881  4709 E memtrack: Couldn't load memtrack module
12-08 16:37:05.424  1881  4709 E memtrack: Couldn't load memtrack module
12-08 16:37:05.509  1881  4709 E memtrack: Couldn't load memtrack module
12-08 16:37:05.596  1881  4709 E memtrack: Couldn't load memtrack module
12-08 16:37:10.459  1881  4709 E memtrack: Couldn't load memtrack module
12-08 16:37:10.539  1881  4709 E memtrack: Couldn't load memtrack module
12-08 16:37:10.606  1881  4709 E memtrack: Couldn't load memtrack module
