--------- beginning of system
--------- beginning of main
12-09 06:33:21.970  1885  1957 E InputDispatcher: channel 'ce4b97 com.evancharlton.mileage/com.evancharlton.mileage.ImportExportActivity (server)' ~ Channel is unrecoverably broken and will be disposed!
12-09 06:33:21.972  1885  1957 E InputDispatcher: channel 'd89c841 com.evancharlton.mileage/com.evancharlton.mileage.Mileage (server)' ~ Channel is unrecoverably broken and will be disposed!
12-09 06:33:21.992  1885  1899 E ActivityManager: Failure starting process com.evancharlton.mileage
12-09 06:33:21.992  1885  1899 E ActivityManager: java.lang.SecurityException: Package com.evancharlton.mileage is currently frozen!
12-09 06:33:21.992  1885  1899 E ActivityManager: 	at com.android.server.pm.PackageManagerService.checkPackageStartable(PackageManagerService.java:4000)
12-09 06:33:21.992  1885  1899 E ActivityManager: 	at com.android.server.am.ActivityManagerService.startProcessLocked(ActivityManagerService.java:4234)
12-09 06:33:21.992  1885  1899 E ActivityManager: 	at com.android.server.am.ActivityManagerService.startProcessLocked(ActivityManagerService.java:4199)
12-09 06:33:21.992  1885  1899 E ActivityManager: 	at com.android.server.am.ActivityManagerService.startProcessLocked(ActivityManagerService.java:4181)
12-09 06:33:21.992  1885  1899 E ActivityManager: 	at com.android.server.am.ActivityManagerService.startProcessLocked(ActivityManagerService.java:4067)
12-09 06:33:21.992  1885  1899 E ActivityManager: 	at com.android.server.am.ActivityStackSupervisor.startSpecificActivityLocked(ActivityStackSupervisor.java:1715)
12-09 06:33:21.992  1885  1899 E ActivityManager: 	at com.android.server.am.ActivityStack.resumeTopActivityInnerLocked(ActivityStack.java:2764)
12-09 06:33:21.992  1885  1899 E ActivityManager: 	at com.android.server.am.ActivityStack.resumeTopActivityUncheckedLocked(ActivityStack.java:2302)
12-09 06:33:21.992  1885  1899 E ActivityManager: 	at com.android.server.am.ActivityStackSupervisor.resumeFocusedStackTopActivityLocked(ActivityStackSupervisor.java:2234)
12-09 06:33:21.992  1885  1899 E ActivityManager: 	at com.android.server.am.ActivityStackSupervisor.resumeFocusedStackTopActivityLocked(ActivityStackSupervisor.java:2218)
12-09 06:33:21.992  1885  1899 E ActivityManager: 	at com.android.server.am.ActivityManagerService.handleAppDiedLocked(ActivityManagerService.java:5923)
12-09 06:33:21.992  1885  1899 E ActivityManager: 	at com.android.server.am.ActivityManagerService.removeProcessLocked(ActivityManagerService.java:7501)
12-09 06:33:21.992  1885  1899 E ActivityManager: 	at com.android.server.am.ActivityManagerService.killPackageProcessesLocked(ActivityManagerService.java:7142)
12-09 06:33:21.992  1885  1899 E ActivityManager: 	at com.android.server.am.ActivityManagerService.forceStopPackageLocked(ActivityManagerService.java:7275)
12-09 06:33:21.992  1885  1899 E ActivityManager: 	at com.android.server.am.ActivityManagerService$MainHandler.handleMessage(ActivityManagerService.java:2289)
12-09 06:33:21.992  1885  1899 E ActivityManager: 	at android.os.Handler.dispatchMessage(Handler.java:106)
12-09 06:33:21.992  1885  1899 E ActivityManager: 	at android.os.Looper.loop(Looper.java:193)
12-09 06:33:21.992  1885  1899 E ActivityManager: 	at android.os.HandlerThread.run(HandlerThread.java:65)
12-09 06:33:21.992  1885  1899 E ActivityManager: 	at com.android.server.ServiceThread.run(ServiceThread.java:44)
12-09 06:33:22.222 23591 23635 E IconLoader: Unexpected null component name or activity info: ComponentInfo{com.evancharlton.mileage/com.evancharlton.mileage.Mileage}, null
12-09 06:33:22.774  1739  1762 E storaged: getDiskStats failed with result NOT_SUPPORTED and size 0
12-09 06:33:25.322  1731  1731 E         : Couldn't opendir /data/app/vmdl803227536.tmp: No such file or directory
12-09 06:33:25.322  1731  1731 E installd: Failed to delete /data/app/vmdl803227536.tmp: No such file or directory
12-09 06:33:26.921 31196 31196 E harlton.mileag: Not starting debugger since process cannot load the jdwp agent.
12-09 06:33:29.058  1885  1898 E memtrack: Couldn't load memtrack module
12-09 06:33:38.370  1885  1898 E memtrack: Couldn't load memtrack module
12-09 06:33:40.010  1885  1898 E memtrack: Couldn't load memtrack module
12-09 06:33:40.713  2378 28825 E ctxmgr  : [ProducerStatusImpl]updateStateForNewContextData: inactive, contextName=7
12-09 06:33:41.166  2378  2378 E BeaconBle: Missing BluetoothAdapter
12-09 06:33:41.182  2378  2378 E BeaconBle: Scan couldn't start for Places
12-09 06:33:44.743 23668 23668 E ContextIntentStarter: No activity found for any of the 0 intents
12-09 06:33:45.867  1629  1629 E android.hardware.wifi@1.0-service: Failed to register radio mode change callback
12-09 06:33:45.873  1629  1629 E android.hardware.wifi@1.0-service: Failed to set DFS flag; DFS channels may be unavailable.
12-09 06:33:45.968  1740  1740 E wificond: No Offload Service available
12-09 06:33:45.994  1885  1969 E SupplicantStaIfaceHal: Can't call setupIface, ISupplicantStaIface is null
12-09 06:33:46.216  1885  1970 E WifiVendorHal: getBgScanCapabilities(l.671) failed {.code = ERROR_NOT_SUPPORTED, .description = }
12-09 06:33:46.297  1885  1971 E WifiP2pService: Unhandled message { when=-5ms what=131203 target=com.android.internal.util.StateMachine$SmHandler }
12-09 06:33:46.329  1885  1971 E WifiP2pService: Unhandled message { when=-3ms what=131203 target=com.android.internal.util.StateMachine$SmHandler }
12-09 06:33:46.384  1885  1903 E BatteryExternalStatsWorker: no controller energy info supplied for wifi
12-09 06:33:46.456  1885  1898 E GnssLocationProvider: no AGPS interface in set_agps_server
12-09 06:33:46.590 31248 31248 E wpa_supplicant: nl80211: Failed to open /proc/sys/net/ipv4/conf/p2p-dev-wlan0/drop_unicast_in_l2_multicast: No such file or directory
12-09 06:33:46.590 31248 31248 E wpa_supplicant: nl80211: Failed to set IPv4 unicast in multicast filter
12-09 06:33:46.591 31248 31248 E wpa_supplicant: nl80211: Failed to open /proc/sys/net/ipv4/conf/p2p-dev-wlan0/drop_unicast_in_l2_multicast: No such file or directory
12-09 06:33:46.591 31248 31248 E wpa_supplicant: nl80211: Failed to set IPv4 unicast in multicast filter
12-09 06:33:46.660 31248 31248 E wpa_supplicant: nl80211: Failed to open /proc/sys/net/ipv4/conf/wlan0/drop_unicast_in_l2_multicast: No such file or directory
12-09 06:33:46.660 31248 31248 E wpa_supplicant: nl80211: Failed to set IPv4 unicast in multicast filter
12-09 06:33:46.752 31248 31248 E wpa_supplicant: nl80211: Failed to open /proc/sys/net/ipv4/conf/wlan0/drop_unicast_in_l2_multicast: No such file or directory
12-09 06:33:46.752 31248 31248 E wpa_supplicant: nl80211: Failed to set IPv4 unicast in multicast filter
12-09 06:33:46.990  1629  1629 E android.hardware.wifi@1.0-service: Failed to open directory: Permission denied
12-09 06:33:46.991  1629  1629 E android.hardware.wifi@1.0-service: Error occurred while deleting old tombstone files
12-09 06:33:46.991  1629  1629 E android.hardware.wifi@1.0-service: Error writing files to flash
12-09 06:33:47.197  1885  1969 E SupplicantStaIfaceHal: Can't call setPowerSave, ISupplicantStaIface is null
12-09 06:33:47.197  1885  1969 E SupplicantStaIfaceHal: Can't call setBtCoexistenceMode, ISupplicantStaIface is null
12-09 06:33:47.198  1885  1969 E HalDevMgr: Should have at least 1 chip!
12-09 06:33:47.198  1885  1969 E HalDevMgr: dispatchAvailableForRequestListeners: no chip info found
12-09 06:33:47.216  1885  1969 E SupplicantStaIfaceHal: Can't call listNetworks, ISupplicantStaIface is null
12-09 06:33:47.217  1885  1969 E SupplicantStaIfaceHal: removeAllNetworks failed, got null networks
12-09 06:33:47.217  1885  1969 E WifiStateMachine: Failed to remove networks on exiting connect mode
12-09 06:33:47.217  1885  1971 E WifiP2pService: Unhandled message { when=-1ms what=131204 target=com.android.internal.util.StateMachine$SmHandler }
12-09 06:33:47.238  1885  1970 E WificondControl: No valid wificond scanner interface handler
12-09 06:33:47.240  1885  1903 E BatteryExternalStatsWorker: no controller energy info supplied for wifi
12-09 06:33:47.246  1885  1969 E WifiScanRequestProxy: Scan failure received. reason: -1,description: not available
12-09 06:33:47.253  1885  1903 E BatteryExternalStatsWorker: no controller energy info supplied for wifi
12-09 06:33:54.862  1885  1898 E memtrack: Couldn't load memtrack module
12-09 06:34:01.365  1885  1970 E WificondScannerImpl: Timed out waiting for scan result from wificond
12-09 06:34:02.996  1885  1898 E memtrack: Couldn't load memtrack module
