--------- beginning of system
12-08 09:20:47.508  1738  1772 E storaged: getDiskStats failed with result NOT_SUPPORTED and size 0
12-08 09:21:05.046  1881  1896 E AutofillSession: No assist structure - app might have crashed providing it
--------- beginning of main
12-08 09:21:35.209  1828  1828 E netmgr  : Failed to open QEMU pipe 'qemud:network': Invalid argument
12-08 09:21:35.210  1828  1828 E netmgr  : WifiForwarder unable to open QEMU pipe: Invalid argument
12-08 09:21:47.510  1738  1772 E storaged: getDiskStats failed with result NOT_SUPPORTED and size 0
12-08 09:21:55.390  1992  6060 E putmethod.lati: Invalid ID 0x00000001.
12-08 09:21:55.393  1992  6060 E LstmTrainingCache: emn: Can't get resource name for input slot
12-08 09:21:55.393  1992  6060 E LstmTrainingCache: android.content.res.Resources$NotFoundException: Unable to find resource ID #0x1
12-08 09:21:55.393  1992  6060 E LstmTrainingCache: 	at android.content.res.ResourcesImpl.getResourceName(ResourcesImpl.java:255)
12-08 09:21:55.393  1992  6060 E LstmTrainingCache: 	at android.content.res.Resources.getResourceName(Resources.java:1954)
12-08 09:21:55.393  1992  6060 E LstmTrainingCache: 	at emn.a(PG:12)
12-08 09:21:55.393  1992  6060 E LstmTrainingCache: 	at emk.run(PG:5)
12-08 09:21:55.393  1992  6060 E LstmTrainingCache: 	at java.lang.Thread.run(Thread.java:764)
12-08 09:22:25.713  1740  1771 E OMXNodeInstance: setConfig(0xf4fa6c00:google.vorbis.decoder, ConfigPriority(0x6f800002)) ERROR: Undefined(0x80001001)
12-08 09:22:25.716  1740  1771 E OMXNodeInstance: getConfig(0xf4fa6c00:google.vorbis.decoder, ConfigAndroidVendorExtension(0x6f100004)) ERROR: Undefined(0x80001001)
12-08 09:22:35.645  1828  1828 E netmgr  : Failed to open QEMU pipe 'qemud:network': Invalid argument
12-08 09:22:35.645  1828  1828 E netmgr  : WifiForwarder unable to open QEMU pipe: Invalid argument
12-08 09:22:48.099  1738  1772 E storaged: getDiskStats failed with result NOT_SUPPORTED and size 0
12-08 09:22:53.234  1611  1695 E audio_hw_generic: pcm_write failed cannot write stream data: I/O error
12-08 09:22:56.174  2494  2716 E PlayCommon: [101] com.google.android.play.b.g.a(448): Failed to connect to server: java.net.UnknownHostException: Unable to resolve host "play.googleapis.com": No address associated with hostname
12-08 09:23:03.535  1611  1695 E audio_hw_generic: pcm_write failed cannot write stream data: I/O error
12-08 09:23:03.588  2448 11107 E ctxmgr  : [ProducerStatusImpl]updateStateForNewContextData: inactive, contextName=7
12-08 09:23:06.313  2448  2448 E BeaconBle: Missing BluetoothAdapter
12-08 09:23:06.396  2448  2448 E BeaconBle: Scan couldn't start for Places
12-08 09:23:13.662  1611  1695 E audio_hw_generic: pcm_write failed cannot write stream data: I/O error
12-08 09:23:23.891  1611  1695 E audio_hw_generic: pcm_write failed cannot write stream data: I/O error
12-08 09:23:23.962  1626  1626 E android.hardware.wifi@1.0-service: Failed to register radio mode change callback
12-08 09:23:23.973  1626  1626 E android.hardware.wifi@1.0-service: Failed to set DFS flag; DFS channels may be unavailable.
12-08 09:23:24.059  1739  1739 E wificond: No Offload Service available
12-08 09:23:26.694  1881  1966 E WifiP2pService: Unhandled message { when=-1ms what=131203 target=com.android.internal.util.StateMachine$SmHandler }
12-08 09:23:26.757  1881  1966 E WifiP2pService: Unhandled message { when=0 what=131203 target=com.android.internal.util.StateMachine$SmHandler }
12-08 09:23:26.831  1881  1899 E BatteryExternalStatsWorker: no controller energy info supplied for wifi
12-08 09:23:26.884 11279 11279 E wpa_supplicant: nl80211: Failed to open /proc/sys/net/ipv4/conf/p2p-dev-wlan0/drop_unicast_in_l2_multicast: No such file or directory
12-08 09:23:26.884 11279 11279 E wpa_supplicant: nl80211: Failed to set IPv4 unicast in multicast filter
12-08 09:23:26.887 11279 11279 E wpa_supplicant: nl80211: Failed to open /proc/sys/net/ipv4/conf/p2p-dev-wlan0/drop_unicast_in_l2_multicast: No such file or directory
12-08 09:23:26.887 11279 11279 E wpa_supplicant: nl80211: Failed to set IPv4 unicast in multicast filter
12-08 09:23:29.048 11279 11279 E wpa_supplicant: nl80211: Failed to open /proc/sys/net/ipv4/conf/wlan0/drop_unicast_in_l2_multicast: No such file or directory
12-08 09:23:29.048 11279 11279 E wpa_supplicant: nl80211: Failed to set IPv4 unicast in multicast filter
12-08 09:23:29.162 11279 11279 E wpa_supplicant: nl80211: Failed to open /proc/sys/net/ipv4/conf/wlan0/drop_unicast_in_l2_multicast: No such file or directory
12-08 09:23:29.162 11279 11279 E wpa_supplicant: nl80211: Failed to set IPv4 unicast in multicast filter
12-08 09:23:31.734  1626  1626 E android.hardware.wifi@1.0-service: Failed to open directory: Permission denied
12-08 09:23:31.734  1626  1626 E android.hardware.wifi@1.0-service: Error occurred while deleting old tombstone files
12-08 09:23:31.734  1626  1626 E android.hardware.wifi@1.0-service: Error writing files to flash
12-08 09:23:32.101  1881  1966 E WifiP2pService: Unhandled message { when=-1ms what=131204 target=com.android.internal.util.StateMachine$SmHandler }
12-08 09:23:34.238  1611  1695 E audio_hw_generic: pcm_write failed cannot write stream data: I/O error
12-08 09:23:34.322  1881  1899 E BatteryExternalStatsWorker: no controller energy info supplied for wifi
12-08 09:23:34.349  1881  1899 E BatteryExternalStatsWorker: no controller energy info supplied for wifi
12-08 09:23:36.944  1828  1828 E netmgr  : Failed to open QEMU pipe 'qemud:network': Invalid argument
12-08 09:23:36.944  1828  1828 E netmgr  : WifiForwarder unable to open QEMU pipe: Invalid argument
12-08 09:23:37.255 11302 11302 E com.ustwo.lwp: Not starting debugger since process cannot load the jdwp agent.
12-08 09:23:42.425  2448 11107 E ctxmgr  : [ProducerStatusImpl]updateStateForNewContextData: inactive, contextName=7
12-08 09:23:44.748  2448 11107 E ctxmgr  : [ProducerStatusImpl]updateStateForNewContextData: inactive, contextName=1
12-08 09:23:44.748  2448 11107 E ctxmgr  : [ProducerStatusImpl]updateStateForNewContextData: inactive, contextName=1
12-08 09:23:44.931  2448  2448 E BeaconBle: Missing BluetoothAdapter
12-08 09:23:44.961  2448  2448 E BeaconBle: Scan couldn't start for Places
12-08 09:23:49.763  1738  1772 E storaged: getDiskStats failed with result NOT_SUPPORTED and size 0
12-08 09:24:38.737  1828  1828 E netmgr  : Failed to open QEMU pipe 'qemud:network': Invalid argument
12-08 09:24:38.737  1828  1828 E netmgr  : WifiForwarder unable to open QEMU pipe: Invalid argument
12-08 09:24:49.166  2475 11195 E SQLiteCastStore: Skip saving CastDeviceInfo: "Nearby device" (__cast_nearby___V_9041068f-17b6-4a6e-89e7-6a00d3f35c52)
12-08 09:24:51.475  1738  1772 E storaged: getDiskStats failed with result NOT_SUPPORTED and size 0
12-08 09:25:09.254 11205 11205 E SpannableStringBuilder: SPAN_EXCLUSIVE_EXCLUSIVE spans cannot have a zero length
12-08 09:25:09.254 11205 11205 E SpannableStringBuilder: SPAN_EXCLUSIVE_EXCLUSIVE spans cannot have a zero length
