--------- beginning of system
12-07 09:42:53.729  1735  1809 E storaged: getDiskStats failed with result NOT_SUPPORTED and size 0
12-07 09:43:54.627  1735  1809 E storaged: getDiskStats failed with result NOT_SUPPORTED and size 0
12-07 09:44:54.773  1735  1809 E storaged: getDiskStats failed with result NOT_SUPPORTED and size 0
12-07 09:45:54.830  1735  1809 E storaged: getDiskStats failed with result NOT_SUPPORTED and size 0
12-07 09:46:35.562  2422  2422 E SchedPolicy: set_timerslack_ns write failed: Operation not permitted
12-07 09:46:50.216  2422  2422 E SchedPolicy: set_timerslack_ns write failed: Operation not permitted
12-07 09:46:54.837  1735  1809 E storaged: getDiskStats failed with result NOT_SUPPORTED and size 0
12-07 09:47:55.001  1735  1809 E storaged: getDiskStats failed with result NOT_SUPPORTED and size 0
12-07 09:48:55.113  1735  1809 E storaged: getDiskStats failed with result NOT_SUPPORTED and size 0
12-07 09:49:56.762  1735  1809 E storaged: getDiskStats failed with result NOT_SUPPORTED and size 0
12-07 09:50:56.816  1735  1809 E storaged: getDiskStats failed with result NOT_SUPPORTED and size 0
12-07 09:51:58.009  1735  1809 E storaged: getDiskStats failed with result NOT_SUPPORTED and size 0
12-07 09:52:18.699  1736  1736 E wificond: NL80211_CMD_TRIGGER_SCAN failed: Device or resource busy
12-07 09:52:58.660  1735  1809 E storaged: getDiskStats failed with result NOT_SUPPORTED and size 0
12-07 09:53:42.876  1880  1897 E AutofillSession: No assist structure - app might have crashed providing it
12-07 09:53:58.862  1735  1809 E storaged: getDiskStats failed with result NOT_SUPPORTED and size 0
12-07 09:55:00.243  1735  1809 E storaged: getDiskStats failed with result NOT_SUPPORTED and size 0
--------- beginning of main
12-07 09:55:51.126  2378 18541 E WakeLock: GCM_HB_ALARM release without a matched acquire!
12-07 09:55:55.799 22024 22024 E id.gms.unstabl: Not starting debugger since process cannot load the jdwp agent.
12-07 09:55:55.905 22038 22038 E id.gms.learnin: Not starting debugger since process cannot load the jdwp agent.
12-07 09:55:58.589 22055 22055 E ocess.gservice: Not starting debugger since process cannot load the jdwp agent.
12-07 09:56:00.428  1735  1809 E storaged: getDiskStats failed with result NOT_SUPPORTED and size 0
12-07 09:56:00.446 19845 19845 E ContextIntentStarter: No activity found for any of the 0 intents
12-07 09:56:16.801  1736  1736 E wificond: NL80211_CMD_TRIGGER_SCAN failed: Device or resource busy
12-07 09:56:16.876  2378 22103 E NetworkScheduler.ATC: Called cancelTask for already completed task com.google.android.gms/.learning.training.background.TrainingGcmTaskService{u=0 tag="com.google.android.gms.learning.BACKGROUND_TRAINING_TASK" trigger=window{period=900s,flex=600s,earliest=-416s,latest=183s} requirements=[NET_ANY,CHARGING,DEVICE_IDLE] attributes=[PERSISTED,RECURRING] scheduled=-716s last_run=-22s jid=N/A status=ACTIVE retries=0 client_lib=MANCHEGO_GCM-14799000} :RESCHEDULED
12-07 09:56:21.385  1829  1829 E netmgr  : Failed to open QEMU pipe 'qemud:network': Invalid argument
12-07 09:56:21.386  1829  1829 E netmgr  : WifiForwarder unable to open QEMU pipe: Invalid argument
12-07 09:56:26.386 21618 21618 E WindowManager: 
12-07 09:56:26.386 21618 21618 E WindowManager: android.view.WindowLeaked: Activity com.evancharlton.mileage.FieldActivity has leaked window DecorView@ddc8215[FieldActivity] that was originally added here
12-07 09:56:26.386 21618 21618 E WindowManager: 	at android.view.ViewRootImpl.<init>(ViewRootImpl.java:511)
12-07 09:56:26.386 21618 21618 E WindowManager: 	at android.view.WindowManagerGlobal.addView(WindowManagerGlobal.java:346)
12-07 09:56:26.386 21618 21618 E WindowManager: 	at android.view.WindowManagerImpl.addView(WindowManagerImpl.java:93)
12-07 09:56:26.386 21618 21618 E WindowManager: 	at com.android.internal.policy.PhoneWindow.openPanel(PhoneWindow.java:887)
12-07 09:56:26.386 21618 21618 E WindowManager: 	at com.android.internal.policy.PhoneWindow.onKeyUpPanel(PhoneWindow.java:1104)
12-07 09:56:26.386 21618 21618 E WindowManager: 	at com.android.internal.policy.PhoneWindow.onKeyUp(PhoneWindow.java:2007)
12-07 09:56:26.386 21618 21618 E WindowManager: 	at com.android.internal.policy.DecorView.dispatchKeyEvent(DecorView.java:350)
12-07 09:56:26.386 21618 21618 E WindowManager: 	at android.view.ViewRootImpl$ViewPostImeInputStage.processKeyEvent(ViewRootImpl.java:5037)
12-07 09:56:26.386 21618 21618 E WindowManager: 	at android.view.ViewRootImpl$ViewPostImeInputStage.onProcess(ViewRootImpl.java:4905)
12-07 09:56:26.386 21618 21618 E WindowManager: 	at android.view.ViewRootImpl$InputStage.deliver(ViewRootImpl.java:4426)
12-07 09:56:26.386 21618 21618 E WindowManager: 	at android.view.ViewRootImpl$InputStage.onDeliverToNext(ViewRootImpl.java:4479)
12-07 09:56:26.386 21618 21618 E WindowManager: 	at android.view.ViewRootImpl$InputStage.forward(ViewRootImpl.java:4445)
12-07 09:56:26.386 21618 21618 E WindowManager: 	at android.view.ViewRootImpl$AsyncInputStage.forward(ViewRootImpl.java:4585)
12-07 09:56:26.386 21618 21618 E WindowManager: 	at android.view.ViewRootImpl$InputStage.apply(ViewRootImpl.java:4453)
12-07 09:56:26.386 21618 21618 E WindowManager: 	at android.view.ViewRootImpl$AsyncInputStage.apply(ViewRootImpl.java:4642)
12-07 09:56:26.386 21618 21618 E WindowManager: 	at android.view.ViewRootImpl$InputStage.deliver(ViewRootImpl.java:4426)
12-07 09:56:26.386 21618 21618 E WindowManager: 	at android.view.ViewRootImpl$InputStage.onDeliverToNext(ViewRootImpl.java:4479)
12-07 09:56:26.386 21618 21618 E WindowManager: 	at android.view.ViewRootImpl$InputStage.forward(ViewRootImpl.java:4445)
12-07 09:56:26.386 21618 21618 E WindowManager: 	at android.view.ViewRootImpl$InputStage.apply(ViewRootImpl.java:4453)
12-07 09:56:26.386 21618 21618 E WindowManager: 	at android.view.ViewRootImpl$InputStage.deliver(ViewRootImpl.java:4426)
12-07 09:56:26.386 21618 21618 E WindowManager: 	at android.view.ViewRootImpl$InputStage.onDeliverToNext(ViewRootImpl.java:4479)
12-07 09:56:26.386 21618 21618 E WindowManager: 	at android.view.ViewRootImpl$InputStage.forward(ViewRootImpl.java:4445)
12-07 09:56:26.386 21618 21618 E WindowManager: 	at android.view.ViewRootImpl$AsyncInputStage.forward(ViewRootImpl.java:4618)
12-07 09:56:26.386 21618 21618 E WindowManager: 	at android.view.ViewRootImpl$ImeInputStage.onFinishedInputEvent(ViewRootImpl.java:4779)
12-07 09:56:26.386 21618 21618 E WindowManager: 	at android.view.inputmethod.InputMethodManager$PendingEvent.run(InputMethodManager.java:2571)
12-07 09:56:26.386 21618 21618 E WindowManager: 	at android.view.inputmethod.InputMethodManager.invokeFinishedInputEventCallback(InputMethodManager.java:2081)
12-07 09:56:26.386 21618 21618 E WindowManager: 	at android.view.inputmethod.InputMethodManager.finishedInputEvent(InputMethodManager.java:2072)
12-07 09:56:26.386 21618 21618 E WindowManager: 	at android.view.inputmethod.InputMethodManager$ImeInputEventSender.onInputEventFinished(InputMethodManager.java:2548)
12-07 09:56:26.386 21618 21618 E WindowManager: 	at android.view.InputEventSender.dispatchInputEventFinished(InputEventSender.java:141)
12-07 09:56:26.386 21618 21618 E WindowManager: 	at android.os.MessageQueue.nativePollOnce(Native Method)
12-07 09:56:26.386 21618 21618 E WindowManager: 	at android.os.MessageQueue.next(MessageQueue.java:326)
12-07 09:56:26.386 21618 21618 E WindowManager: 	at android.os.Looper.loop(Looper.java:160)
12-07 09:56:26.386 21618 21618 E WindowManager: 	at android.app.ActivityThread.main(ActivityThread.java:6669)
12-07 09:56:26.386 21618 21618 E WindowManager: 	at java.lang.reflect.Method.invoke(Native Method)
12-07 09:56:26.386 21618 21618 E WindowManager: 	at com.android.internal.os.RuntimeInit$MethodAndArgsCaller.run(RuntimeInit.java:493)
12-07 09:56:26.386 21618 21618 E WindowManager: 	at com.android.internal.os.ZygoteInit.main(ZygoteInit.java:858)
12-07 09:56:51.837  2378 22102 E ctxmgr  : [ProducerStatusImpl]updateStateForNewContextData: inactive, contextName=7
12-07 09:56:54.082  2378 22102 E ctxmgr  : [ProducerStatusImpl]updateStateForNewContextData: inactive, contextName=1
12-07 09:56:58.792  1737  1737 E OMXNodeInstance: getConfig(0xe9a2c000:google.amrwb.encoder, ConfigAndroidVendorExtension(0x6f100004)) ERROR: Undefined(0x80001001)
12-07 09:57:00.680  2378  2804 E SynchronizedLE: asynchronous call timed out or was interrupted
12-07 09:57:00.687  1735  1809 E storaged: getDiskStats failed with result NOT_SUPPORTED and size 0
12-07 09:57:01.021  2378  2378 E BeaconBle: Missing BluetoothAdapter
12-07 09:57:01.093  2378  2378 E BeaconBle: Scan couldn't start for Places
12-07 09:57:10.211 19845 22141 E native  : decoder_endpointer_stream.cc:24 Acoustic ep reader thread failed: *** Error status -73543: <no msg> ***
12-07 09:57:10.211 19845 22141 E native  : 
12-07 09:57:21.389  1829  1829 E netmgr  : Failed to open QEMU pipe 'qemud:network': Invalid argument
12-07 09:57:21.389  1829  1829 E netmgr  : WifiForwarder unable to open QEMU pipe: Invalid argument
12-07 09:57:32.997  1992  1992 E native  : suggestion-transformer.cc:118 suggestion picked candidate not found for id: 6
12-07 09:57:37.617  1610  1692 E audio_hw_generic: pcm_write failed cannot write stream data: I/O error
12-07 09:57:56.579  1610  1692 E audio_hw_generic: pcm_write failed cannot write stream data: I/O error
12-07 09:58:01.352  1735  1809 E storaged: getDiskStats failed with result NOT_SUPPORTED and size 0
12-07 09:58:08.560  1610  1692 E audio_hw_generic: pcm_write failed cannot write stream data: I/O error
12-07 09:58:20.297  1610  1692 E audio_hw_generic: pcm_write failed cannot write stream data: I/O error
12-07 09:58:22.783  1829  1829 E netmgr  : Failed to open QEMU pipe 'qemud:network': Invalid argument
12-07 09:58:22.784  1829  1829 E netmgr  : WifiForwarder unable to open QEMU pipe: Invalid argument
12-07 09:58:32.323  1610  1692 E audio_hw_generic: pcm_write failed cannot write stream data: I/O error
12-07 09:58:39.161 22163 22163 E dboxed_process: Not starting debugger since process cannot load the jdwp agent.
12-07 09:58:43.477  1610  1692 E audio_hw_generic: pcm_write failed cannot write stream data: I/O error
12-07 09:58:43.724 19845 19845 E ClientVe: Failed to create ClientVisualElementsProto for user interaction on view com.google.android.apps.gsa.searchbox.ui.suggestions.views.CoreSuggestionView{a65f68f VFE...CL. ...P.... 0,142-1038,289 #33} because the view is not tagged for visual element logging.
12-07 09:58:45.929 19845 19845 E ClientVe: Failed to create ClientVisualElementsProto for user interaction on view com.google.android.apps.gsa.searchbox.ui.suggestions.views.CoreSuggestionView{a65f68f VFE...CL. ...P.... 0,142-1038,289 #33} because the view is not tagged for visual element logging.
12-07 09:58:46.031 19845 19845 E ClientVe: Failed to create ClientVisualElementsProto for user interaction on view com.google.android.apps.gsa.searchbox.ui.suggestions.views.CoreSuggestionView{5d56cab VFE...CL. ...P.... 0,-5-1038,142 #32} because the view is not tagged for visual element logging.
12-07 09:58:46.053 19845 19845 E ClientVe: Failed to create ClientVisualElementsProto for user interaction on view com.google.android.apps.gsa.searchbox.ui.suggestions.views.CoreSuggestionView{a3d8f08 VFE...CL. ...P.... 0,289-1038,436 #34} because the view is not tagged for visual element logging.
12-07 09:58:52.571  1880  1896 E system_server: libdebuggerd_client: failed to read response from tombstoned: timeout reached?
12-07 09:58:54.940  1610  1692 E audio_hw_generic: pcm_write failed cannot write stream data: I/O error
12-07 09:58:55.029  1880  1896 E system_server: libdebuggerd_client: timeout expired
12-07 09:58:55.083  1880  1896 E ActivityManager: ANR in com.google.android.googlequicksearchbox:search
12-07 09:58:55.083  1880  1896 E ActivityManager: PID: 19845
12-07 09:58:55.083  1880  1896 E ActivityManager: Reason: Input dispatching timed out (Waiting to send key event because the focused window has not finished processing all of the input events that were previously delivered to it.  Outbound queue length: 0.  Wait queue length: 1.)
12-07 09:58:55.083  1880  1896 E ActivityManager: Load: 0.0 / 0.0 / 0.0
12-07 09:58:55.083  1880  1896 E ActivityManager: CPU usage from 0ms to 13418ms later (2018-12-07 09:58:41.615 to 2018-12-07 09:58:55.033):
12-07 09:58:55.083  1880  1896 E ActivityManager:   97% 19845/com.google.android.googlequicksearchbox:search: 40% user + 56% kernel / faults: 8830 minor 966 major
12-07 09:58:55.083  1880  1896 E ActivityManager:   49% 646/kswapd0: 0% user + 49% kernel
12-07 09:58:55.083  1880  1896 E ActivityManager:   42% 1880/system_server: 22% user + 20% kernel / faults: 417 minor 176 major
12-07 09:58:55.083  1880  1896 E ActivityManager:   21% 2482/com.google.android.gms: 9.8% user + 11% kernel / faults: 2670 minor 228 major
12-07 09:58:55.083  1880  1896 E ActivityManager:   18% 1702/kworker/u9:3: 0% user + 18% kernel
12-07 09:58:55.083  1880  1896 E ActivityManager:   17% 1992/com.google.android.inputmethod.latin: 8.8% user + 8.8% kernel / faults: 4803 minor 210 major
12-07 09:58:55.083  1880  1896 E ActivityManager:   16% 1675/kworker/u9:0: 0% user + 16% kernel
12-07 09:58:55.083  1880  1896 E ActivityManager:   15% 18700/kworker/u9:4: 0% user + 15% kernel
12-07 09:58:55.083  1880  1896 E ActivityManager:   15% 1745/android.hardware.graphics.composer@2.1-service: 1.4% user + 13% kernel / faults: 1 minor 3 major
12-07 09:58:55.083  1880  1896 E ActivityManager:   12% 1854/dhcpclient: 4.3% user + 8% kernel
12-07 09:58:55.083  1880  1896 E ActivityManager:   2.3% 1700/kworker/u9:1: 0% user + 2.3% kernel
12-07 09:58:55.083  1880  1896 E ActivityManager:   1.4% 2300/adbd: 0% user + 1.3% kernel / faults: 25700 minor 2 major
12-07 09:58:55.083  1880  1896 E ActivityManager:   1.3% 22163/com.android.chrome:sandboxed_process9: 0% user + 1.3% kernel / faults: 1302 minor 526 major
12-07 09:58:55.083  1880  1896 E ActivityManager:   1.1% 1722/surfaceflinger: 0.5% user + 0.6% kernel / faults: 4 major
12-07 09:58:55.083  1880  1896 E ActivityManager:   1.1% 15200/kworker/u8:0: 0% user + 1.1% kernel
12-07 09:58:55.083  1880  1896 E ActivityManager:   1.1% 1610/android.hardware.audio@2.0-service: 0% user + 1% kernel / faults: 2 minor 9 major
12-07 09:58:55.083  1880  1896 E ActivityManager:   0.9% 2378/com.google.android.gms.persistent: 0.4% user + 0.5% kernel / faults: 167 minor 36 major
12-07 09:58:55.083  1880  1896 E ActivityManager:   0.9% 16047/kworker/u8:2: 0% user + 0.9% kernel
12-07 09:58:55.083  1880  1896 E ActivityManager:   0.8% 2347/kworker/u8:4: 0% user + 0.8% kernel
12-07 09:58:55.083  1880  1896 E ActivityManager:   0.6% 21141/kworker/u8:5: 0% user + 0.6% kernel
12-07 09:58:55.083  1880  1896 E ActivityManager:   0.6% 21928/kworker/u8:1: 0% user + 0.6% kernel
12-07 09:58:55.083  1880  1896 E ActivityManager:   0.5% 1628/audioserver: 0.3% user + 0.1% kernel / faults: 23 minor 29 major
12-07 09:58:55.083  1880  1896 E ActivityManager:   0.4% 1701/kworker/u9:2: 0% user + 0.4% kernel
12-07 09:58:55.083  1880  1896 E ActivityManager:   0.4% 21604/com.android.commands.monkey: 0% user + 0.4% kernel / faults: 30 minor 4 major
12-07 09:58:55.083  1880  1896 E ActivityManager:   0.3% 1553/logd: 0% user + 0.3% kernel / faults: 1 minor 2 major
12-07 09:58:55.083  1880  1896 E ActivityManager:   0.3% 2008/com.android.systemui: 0.1% user + 0.2% kernel / faults: 31 minor 22 major
12-07 09:58:55.083  1880  1896 E ActivityManager:   0% 20586/com.google.android.apps.messaging: 0% user + 0% kernel / faults: 191 minor 70 major
12-07 09:58:55.083  1880  1896 E ActivityManager:   0% 21831/com.google.android.partnersetup: 0% user + 0% kernel / faults: 206 minor 34 major
12-07 09:58:55.083  1880  1896 E ActivityManager:   0.2% 3/ksoftirqd/0: 0% user + 0.2% kernel
12-07 09:58:55.083  1880  1896 E ActivityManager:   0.2% 1624/android.hardware.sensors@1.0-service: 0.2% user + 0% kernel
12-07 09:58:55.083  1880  1896 E ActivityManager:   0.1% 1619/android.hardware.gnss@1.0-service: 0% user + 0.1% kernel
12-07 09:58:55.083  1880  1896 E ActivityManager:   0% 7/rcu_preempt: 0% user + 0% kernel
12-07 09:58:55.083  1880  1896 E ActivityManager:   0% 16/ksoftirqd/2: 0% user + 0% kernel
12-07 09:58:55.083  1880  1896 E ActivityManager:   0% 1715/jbd2/dm-1-8: 0% user + 0% kernel
12-07 09:58:55.083  1880  1896 E ActivityManager:   0% 1733/netd: 0% user + 0% kernel / faults: 20 minor 11 major
12-07 09:58:55.083  1880  1896 E ActivityManager:   0% 1738/rild: 0% user + 0% kernel / faults: 9 minor 31 major
12-07 09:58:55.083  1880  1896 E ActivityManager:   0% 1741/tombstoned: 0% user + 0% kernel / faults: 14 minor 5 major
12-07 09:58:55.083  1880  1896 E ActivityManager:   0% 2318/logcat: 0% user + 0% kernel / faults: 1 minor
12-07 09:58:55.083  1880  1896 E ActivityManager:   0% 21439/kworker/3:1: 0% user + 0% kernel
12-07 09:58:55.083  1880  1896 E ActivityManager:   0% 21998/kworker/2:2: 0% user + 0% kernel
12-07 09:58:55.083  1880  1896 E ActivityManager:  +0% 22186/crash_dump32: 0% user + 0% kernel
12-07 09:58:55.083  1880  1896 E ActivityManager:  +0% 22189/com.google.android.googlequicksearchbox:search: 0% user + 0% kernel
12-07 09:58:55.083  1880  1896 E ActivityManager: 89% TOTAL: 11% user + 40% kernel + 35% iowait + 1.2% softirq
12-07 09:58:55.083  1880  1896 E ActivityManager: CPU usage from 16932147ms to 16932147ms ago (1970-01-01 00:00:00.000 to 1970-01-01 00:00:00.000) with 0% awake:
12-07 09:58:55.083  1880  1896 E ActivityManager: 0% TOTAL: 0% user + 0% kernel
12-07 09:58:55.145  1741  1741 E /system/bin/tombstoned: Traces for pid 19845 written to: /data/anr/trace_10
12-07 09:58:59.458  1880  1895 E memtrack: Couldn't load memtrack module
12-07 09:58:59.500 19845 20122 E IcingUsageReportRunnabl: Failed to connect when reporting usage: ConnectionResult{statusCode=TIMEOUT, resolution=null, message=null}
12-07 09:58:59.509 19845 20124 E IcingUsageReportRunnabl: Failed to connect when reporting usage: ConnectionResult{statusCode=TIMEOUT, resolution=null, message=null}
12-07 09:58:59.556 19845 21286 E IcingUsageReportRunnabl: Failed to connect when reporting usage: ConnectionResult{statusCode=TIMEOUT, resolution=null, message=null}
12-07 09:59:01.626  1735  1809 E storaged: getDiskStats failed with result NOT_SUPPORTED and size 0
12-07 09:59:06.157  1880  4544 E memtrack: Couldn't load memtrack module
12-07 09:59:06.409  1880  4544 E memtrack: Couldn't load memtrack module
12-07 09:59:08.740  1880  4544 E memtrack: Couldn't load memtrack module
12-07 09:59:10.597  1880  4544 E memtrack: Couldn't load memtrack module
12-07 09:59:10.741  1880  4544 E memtrack: Couldn't load memtrack module
12-07 09:59:10.889  1880  4544 E memtrack: Couldn't load memtrack module
12-07 09:59:12.939 19845 19853 E ReloadingLock: Finalizing LOCKED Token[searchresults_activity 2018-12-07 09:58:59.683]
12-07 09:59:13.006  1880  4544 E memtrack: Couldn't load memtrack module
12-07 09:59:13.188  1880  4544 E memtrack: Couldn't load memtrack module
12-07 09:59:15.034  1880  4544 E memtrack: Couldn't load memtrack module
12-07 09:59:15.164  1880  4544 E memtrack: Couldn't load memtrack module
12-07 09:59:17.574  1880  4544 E memtrack: Couldn't load memtrack module
12-07 09:59:17.664  1880  4544 E memtrack: Couldn't load memtrack module
12-07 09:59:17.753  1880  4544 E memtrack: Couldn't load memtrack module
12-07 09:59:19.515  1880  1895 E memtrack: Couldn't load memtrack module
12-07 09:59:19.542  1880  4544 E memtrack: Couldn't load memtrack module
12-07 09:59:19.649  1880  4544 E memtrack: Couldn't load memtrack module
12-07 09:59:19.767  1880  4544 E memtrack: Couldn't load memtrack module
12-07 09:59:19.831  1880  4544 E memtrack: Couldn't load memtrack module
12-07 09:59:21.901  1880  4544 E memtrack: Couldn't load memtrack module
12-07 09:59:21.976  1880  4544 E memtrack: Couldn't load memtrack module
12-07 09:59:22.043  1880  4544 E memtrack: Couldn't load memtrack module
12-07 09:59:22.116  1880  4544 E memtrack: Couldn't load memtrack module
12-07 09:59:22.203  1880  4544 E memtrack: Couldn't load memtrack module
12-07 09:59:23.944  1829  1829 E netmgr  : Failed to open QEMU pipe 'qemud:network': Invalid argument
12-07 09:59:23.947  1829  1829 E netmgr  : WifiForwarder unable to open QEMU pipe: Invalid argument
12-07 09:59:24.127  1880  4544 E memtrack: Couldn't load memtrack module
12-07 09:59:24.185  1880  4544 E memtrack: Couldn't load memtrack module
12-07 09:59:24.188  1880  4544 E memtrack: Couldn't load memtrack module
12-07 09:59:24.191  1880  4544 E memtrack: Couldn't load memtrack module
12-07 09:59:24.194  1880  4544 E memtrack: Couldn't load memtrack module
12-07 09:59:24.206  1880  4544 E memtrack: Couldn't load memtrack module
12-07 09:59:24.218  1880  4544 E memtrack: Couldn't load memtrack module
12-07 09:59:24.225  1880  4544 E memtrack: Couldn't load memtrack module
12-07 09:59:24.235  1880  4544 E memtrack: Couldn't load memtrack module
12-07 09:59:24.251  1880  4544 E memtrack: Couldn't load memtrack module
12-07 09:59:24.262  1880  4544 E memtrack: Couldn't load memtrack module
12-07 09:59:24.285  1880  4544 E memtrack: Couldn't load memtrack module
12-07 09:59:24.293  1880  4544 E memtrack: Couldn't load memtrack module
12-07 09:59:24.317  1880  4544 E memtrack: Couldn't load memtrack module
12-07 09:59:24.339  1880  4544 E memtrack: Couldn't load memtrack module
12-07 09:59:24.353  1880  4544 E memtrack: Couldn't load memtrack module
12-07 09:59:24.380  1880  4544 E memtrack: Couldn't load memtrack module
12-07 09:59:26.358  1880  4544 E memtrack: Couldn't load memtrack module
12-07 09:59:26.391  1880  4544 E memtrack: Couldn't load memtrack module
12-07 09:59:26.412  1880  4544 E memtrack: Couldn't load memtrack module
12-07 09:59:26.450  1880  4544 E memtrack: Couldn't load memtrack module
12-07 09:59:26.467  1880  4544 E memtrack: Couldn't load memtrack module
12-07 09:59:26.491  1880  4544 E memtrack: Couldn't load memtrack module
12-07 09:59:26.540  1880  4544 E memtrack: Couldn't load memtrack module
12-07 09:59:26.557  1880  4544 E memtrack: Couldn't load memtrack module
12-07 09:59:26.585  1880  4544 E memtrack: Couldn't load memtrack module
12-07 09:59:26.597  1880  4544 E memtrack: Couldn't load memtrack module
12-07 09:59:26.606  1880  4544 E memtrack: Couldn't load memtrack module
12-07 09:59:26.619  1880  4544 E memtrack: Couldn't load memtrack module
12-07 09:59:26.629  1880  4544 E memtrack: Couldn't load memtrack module
