--------- beginning of system
--------- beginning of main
12-08 10:08:03.512  1881  1895 E ActivityManager: Failure starting process com.evancharlton.mileage
12-08 10:08:03.512  1881  1895 E ActivityManager: java.lang.SecurityException: Package com.evancharlton.mileage is currently frozen!
12-08 10:08:03.512  1881  1895 E ActivityManager: 	at com.android.server.pm.PackageManagerService.checkPackageStartable(PackageManagerService.java:4000)
12-08 10:08:03.512  1881  1895 E ActivityManager: 	at com.android.server.am.ActivityManagerService.startProcessLocked(ActivityManagerService.java:4234)
12-08 10:08:03.512  1881  1895 E ActivityManager: 	at com.android.server.am.ActivityManagerService.startProcessLocked(ActivityManagerService.java:4199)
12-08 10:08:03.512  1881  1895 E ActivityManager: 	at com.android.server.am.ActivityManagerService.startProcessLocked(ActivityManagerService.java:4181)
12-08 10:08:03.512  1881  1895 E ActivityManager: 	at com.android.server.am.ActivityManagerService.startProcessLocked(ActivityManagerService.java:4067)
12-08 10:08:03.512  1881  1895 E ActivityManager: 	at com.android.server.am.ActivityStackSupervisor.startSpecificActivityLocked(ActivityStackSupervisor.java:1715)
12-08 10:08:03.512  1881  1895 E ActivityManager: 	at com.android.server.am.ActivityStack.resumeTopActivityInnerLocked(ActivityStack.java:2764)
12-08 10:08:03.512  1881  1895 E ActivityManager: 	at com.android.server.am.ActivityStack.resumeTopActivityUncheckedLocked(ActivityStack.java:2302)
12-08 10:08:03.512  1881  1895 E ActivityManager: 	at com.android.server.am.ActivityStackSupervisor.resumeFocusedStackTopActivityLocked(ActivityStackSupervisor.java:2234)
12-08 10:08:03.512  1881  1895 E ActivityManager: 	at com.android.server.am.ActivityStackSupervisor.resumeFocusedStackTopActivityLocked(ActivityStackSupervisor.java:2218)
12-08 10:08:03.512  1881  1895 E ActivityManager: 	at com.android.server.am.ActivityManagerService.handleAppDiedLocked(ActivityManagerService.java:5923)
12-08 10:08:03.512  1881  1895 E ActivityManager: 	at com.android.server.am.ActivityManagerService.removeProcessLocked(ActivityManagerService.java:7501)
12-08 10:08:03.512  1881  1895 E ActivityManager: 	at com.android.server.am.ActivityManagerService.killPackageProcessesLocked(ActivityManagerService.java:7142)
12-08 10:08:03.512  1881  1895 E ActivityManager: 	at com.android.server.am.ActivityManagerService.forceStopPackageLocked(ActivityManagerService.java:7275)
12-08 10:08:03.512  1881  1895 E ActivityManager: 	at com.android.server.am.ActivityManagerService$MainHandler.handleMessage(ActivityManagerService.java:2289)
12-08 10:08:03.512  1881  1895 E ActivityManager: 	at android.os.Handler.dispatchMessage(Handler.java:106)
12-08 10:08:03.512  1881  1895 E ActivityManager: 	at android.os.Looper.loop(Looper.java:193)
12-08 10:08:03.512  1881  1895 E ActivityManager: 	at android.os.HandlerThread.run(HandlerThread.java:65)
12-08 10:08:03.512  1881  1895 E ActivityManager: 	at com.android.server.ServiceThread.run(ServiceThread.java:44)
12-08 10:08:04.547 24524 24524 E droid.apps.doc: Not starting debugger since process cannot load the jdwp agent.
12-08 10:08:05.456  1611 24552 E audio_hw_generic: pcm_open(in) failed: cannot open device '/dev/snd/pcmC0D0c': Device or resource busy: channels 2 format 0 rate 16000
12-08 10:08:05.594  2448 24031 E ctxmgr  : [ProducerStatusImpl]updateStateForNewContextData: inactive, contextName=7
12-08 10:08:06.041  2448  2448 E BeaconBle: Missing BluetoothAdapter
12-08 10:08:06.088  2448  2448 E BeaconBle: Scan couldn't start for Places
12-08 10:08:06.947 24524 24524 E DocsApplication: [main] No default account found during application creation.
12-08 10:08:07.966  1730  1755 E         : Couldn't opendir /data/app/vmdl1099404526.tmp: No such file or directory
12-08 10:08:07.967  1730  1755 E installd: Failed to delete /data/app/vmdl1099404526.tmp: No such file or directory
12-08 10:08:09.367  2475 24517 E ChromeSync: [Sync,SyncIntentOperation] Error handling the intent: Intent { act=android.intent.action.PACKAGE_ADDED dat=package:com.evancharlton.mileage flg=0x4000010 cmp=com.google.android.gms/.chimera.GmsIntentOperationService (has extras) }.
12-08 10:08:10.366 24602 24602 E harlton.mileag: Not starting debugger since process cannot load the jdwp agent.
12-08 10:08:26.640  2448 23253 E ctxmgr  : [ProducerStatusImpl]updateStateForNewContextData: inactive, contextName=7
12-08 10:08:26.956  2448  2448 E BeaconBle: Scan couldn't start for Places
12-08 10:08:32.491  1611  1695 E audio_hw_generic: pcm_write failed cannot write stream data: I/O error
12-08 10:08:35.857 24651 24651 E oid.apps.photo: Not starting debugger since process cannot load the jdwp agent.
12-08 10:08:36.379 24669 24669 E ocess.gservice: Not starting debugger since process cannot load the jdwp agent.
12-08 10:08:40.381  2692  2692 E ContextIntentStarter: No activity found for any of the 0 intents
12-08 10:08:41.463  1881  4709 E WindowManager: Performed 6 layouts in a row. Skipping
12-08 10:08:41.488  1881  1934 E WindowManager: Performed 6 layouts in a row. Skipping
12-08 10:08:41.509  1881  1934 E WindowManager: Performed 6 layouts in a row. Skipping
12-08 10:08:41.553  1881  1934 E WindowManager: Performed 6 layouts in a row. Skipping
12-08 10:08:41.575  1881  1896 E WindowManager: Performed 6 layouts in a row. Skipping
12-08 10:08:41.672  1881  1934 E WindowManager: Performed 6 layouts in a row. Skipping
12-08 10:08:41.700  1881  1934 E WindowManager: Performed 6 layouts in a row. Skipping
12-08 10:08:41.742  1881  1934 E WindowManager: Performed 6 layouts in a row. Skipping
12-08 10:08:41.776  1881  2381 E WindowManager: Performed 6 layouts in a row. Skipping
12-08 10:08:42.185  1828  1828 E netmgr  : Failed to open QEMU pipe 'qemud:network': Invalid argument
12-08 10:08:42.185  1828  1828 E netmgr  : WifiForwarder unable to open QEMU pipe: Invalid argument
12-08 10:08:42.953  1611 24723 E audio_hw_generic: pcm_open(in) failed: cannot open device '/dev/snd/pcmC0D0c': Device or resource busy: channels 2 format 0 rate 16000
12-08 10:08:45.387  1738  1772 E storaged: getDiskStats failed with result NOT_SUPPORTED and size 0
12-08 10:09:42.241  1828  1828 E netmgr  : Failed to open QEMU pipe 'qemud:network': Invalid argument
12-08 10:09:42.241  1828  1828 E netmgr  : WifiForwarder unable to open QEMU pipe: Invalid argument
12-08 10:09:45.391  1738  1772 E storaged: getDiskStats failed with result NOT_SUPPORTED and size 0
12-08 10:10:42.302  1828  1828 E netmgr  : Failed to open QEMU pipe 'qemud:network': Invalid argument
12-08 10:10:42.302  1828  1828 E netmgr  : WifiForwarder unable to open QEMU pipe: Invalid argument
12-08 10:10:45.393  1738  1772 E storaged: getDiskStats failed with result NOT_SUPPORTED and size 0
12-08 10:10:56.495  1881  2406 E WindowManager: Performed 6 layouts in a row. Skipping
12-08 10:10:56.539  1881  1934 E WindowManager: Performed 6 layouts in a row. Skipping
12-08 10:10:56.570  1881  1934 E WindowManager: Performed 6 layouts in a row. Skipping
12-08 10:10:56.594  1881  1896 E WindowManager: Performed 6 layouts in a row. Skipping
12-08 10:10:56.618  1881  1934 E WindowManager: Performed 6 layouts in a row. Skipping
12-08 10:10:56.654  1881  1934 E WindowManager: Performed 6 layouts in a row. Skipping
12-08 10:10:56.697  1881  1934 E WindowManager: Performed 6 layouts in a row. Skipping
12-08 10:10:56.725  1881  1934 E WindowManager: Performed 6 layouts in a row. Skipping
12-08 10:10:56.755  1881  2408 E WindowManager: Performed 6 layouts in a row. Skipping
12-08 10:10:56.805  1881  1934 E WindowManager: Performed 6 layouts in a row. Skipping
12-08 10:10:56.961  1881  1934 E WindowManager: Performed 6 layouts in a row. Skipping
