--------- beginning of main
--------- beginning of system
12-07 20:44:51.615 28019 28019 E oid.documentsu: Not starting debugger since process cannot load the jdwp agent.
12-07 20:44:52.652 28058 28058 E droid.apps.doc: Not starting debugger since process cannot load the jdwp agent.
12-07 20:44:52.822 16506 16506 E BeaconBle: Missing BluetoothAdapter
12-07 20:44:53.037 16506 16506 E BeaconBle: Scan couldn't start for Places
12-07 20:44:54.105  1632  1632 E lowmemorykiller: Error writing /proc/28002/oom_score_adj; errno=22
12-07 20:44:54.835 16506 26798 E ctxmgr  : [AppIntervalImpl]closeInterval: stopTimeMillis invalid, stop=1544233494835, start=1544238227857
12-07 20:44:54.840 16506 26798 E ctxmgr  : [AppIntervalImpl]closeInterval: stopTimeMillis invalid, stop=1544233494839, start=1544238227858
12-07 20:44:55.364 28058 28058 E DocsApplication: [main] No default account found during application creation.
12-07 20:44:56.382  1729  1931 E         : Couldn't opendir /data/app/vmdl518607416.tmp: No such file or directory
12-07 20:44:56.382  1729  1931 E installd: Failed to delete /data/app/vmdl518607416.tmp: No such file or directory
12-07 20:44:59.451 28133 28133 E harlton.mileag: Not starting debugger since process cannot load the jdwp agent.
12-07 20:45:00.923 16085 24146 E putmethod.lati: Invalid ID 0x00000001.
12-07 20:45:00.935 16085 24146 E LstmTrainingCache: emn: Can't get resource name for input slot
12-07 20:45:00.935 16085 24146 E LstmTrainingCache: android.content.res.Resources$NotFoundException: Unable to find resource ID #0x1
12-07 20:45:00.935 16085 24146 E LstmTrainingCache: 	at android.content.res.ResourcesImpl.getResourceName(ResourcesImpl.java:255)
12-07 20:45:00.935 16085 24146 E LstmTrainingCache: 	at android.content.res.Resources.getResourceName(Resources.java:1954)
12-07 20:45:00.935 16085 24146 E LstmTrainingCache: 	at emn.a(PG:12)
12-07 20:45:00.935 16085 24146 E LstmTrainingCache: 	at emk.run(PG:5)
12-07 20:45:00.935 16085 24146 E LstmTrainingCache: 	at java.lang.Thread.run(Thread.java:764)
12-07 20:45:01.087 28153 28153 E hod.latin:trai: Not starting debugger since process cannot load the jdwp agent.
12-07 20:45:05.065 16085 16085 E native  : suggestion-transformer.cc:118 suggestion picked candidate not found for id: 6
12-07 20:45:05.069 16085 16085 E native  : suggestion-transformer.cc:118 suggestion picked candidate not found for id: 6
12-07 20:45:05.832 28183 28183 E emui:screensho: Not starting debugger since process cannot load the jdwp agent.
12-07 20:45:07.111 15976 17636 E InputMethodManagerService: Ignoring com.android.server.InputMethodManagerService.updateStatusIcon:2188 due to an invalid token. uid:10060 token:android.os.Binder@d32f70b
12-07 20:45:07.302 16085 16085 E EmojiSearchExtension: com.google.android.apps.inputmethod.libs.search.emoji.EmojiSearchExtension: Cannot deactivate emoji search JNI; null locale
12-07 20:45:08.826 15927 28205 E audio_hw_generic: pcm_open(in) failed: cannot open device '/dev/snd/pcmC0D0c': Device or resource busy: channels 2 format 0 rate 16000
12-07 20:45:09.523  1829  1829 E netmgr  : Failed to open QEMU pipe 'qemud:network': Invalid argument
12-07 20:45:09.523  1829  1829 E netmgr  : WifiForwarder unable to open QEMU pipe: Invalid argument
12-07 20:45:11.598 16506 16506 E BeaconBle: Missing BluetoothAdapter
12-07 20:45:11.648 16506 16506 E BeaconBle: Scan couldn't start for Places
12-07 20:45:12.975 28183 28183 E SoundPool: error loading /product/media/audio/ui/camera_click.ogg
12-07 20:45:13.386  1724  1766 E SurfaceFlinger: ro.sf.lcd_density must be defined as a build property
12-07 20:45:13.539  1739  2097 E OMXNodeInstance: getConfig(0xedf11420:google.vorbis.decoder, ConfigAndroidVendorExtension(0x6f100004)) ERROR: Undefined(0x80001001)
12-07 20:45:13.747 16506 24216 E ctxmgr  : [AppIntervalImpl]closeInterval: stopTimeMillis invalid, stop=1544233513747, start=1544238227857
12-07 20:45:13.764 16506 24216 E ctxmgr  : [AppIntervalImpl]closeInterval: stopTimeMillis invalid, stop=1544233513764, start=1544238227858
12-07 20:45:13.776  1724  1766 E SurfaceFlinger: ro.sf.lcd_density must be defined as a build property
12-07 20:45:16.376 28248 28248 E d.process.medi: Not starting debugger since process cannot load the jdwp agent.
12-07 20:45:17.621 16506 16506 E BeaconBle: Scan couldn't start for Places
12-07 20:45:27.368 28278 28278 E oid.apps.photo: Not starting debugger since process cannot load the jdwp agent.
12-07 20:45:28.646 28299 28299 E ocess.gservice: Not starting debugger since process cannot load the jdwp agent.
12-07 20:45:29.438 28133 28133 E SpannableStringBuilder: SPAN_EXCLUSIVE_EXCLUSIVE spans cannot have a zero length
12-07 20:45:29.438 28133 28133 E SpannableStringBuilder: SPAN_EXCLUSIVE_EXCLUSIVE spans cannot have a zero length
12-07 20:45:30.997 16561 16561 E ContextIntentStarter: No activity found for any of the 0 intents
12-07 20:45:31.216  1737  1809 E storaged: getDiskStats failed with result NOT_SUPPORTED and size 0
12-07 20:45:32.270  1628  1628 E android.hardware.wifi@1.0-service: Failed to register radio mode change callback
12-07 20:45:32.276  1628  1628 E android.hardware.wifi@1.0-service: Failed to set DFS flag; DFS channels may be unavailable.
12-07 20:45:32.369 15926 15926 E wificond: No Offload Service available
12-07 20:45:32.679 15976 16055 E WifiP2pService: Unhandled message { when=-1ms what=131203 target=com.android.internal.util.StateMachine$SmHandler }
12-07 20:45:32.714 15976 16055 E WifiP2pService: Unhandled message { when=-5ms what=131203 target=com.android.internal.util.StateMachine$SmHandler }
12-07 20:45:32.755 15976 15994 E BatteryExternalStatsWorker: no controller energy info supplied for wifi
12-07 20:45:32.772 28344 28344 E wpa_supplicant: nl80211: Failed to open /proc/sys/net/ipv4/conf/p2p-dev-wlan0/drop_unicast_in_l2_multicast: No such file or directory
12-07 20:45:32.772 28344 28344 E wpa_supplicant: nl80211: Failed to set IPv4 unicast in multicast filter
12-07 20:45:32.783 28344 28344 E wpa_supplicant: nl80211: Failed to open /proc/sys/net/ipv4/conf/p2p-dev-wlan0/drop_unicast_in_l2_multicast: No such file or directory
12-07 20:45:32.783 28344 28344 E wpa_supplicant: nl80211: Failed to set IPv4 unicast in multicast filter
12-07 20:45:32.872 28344 28344 E wpa_supplicant: nl80211: Failed to open /proc/sys/net/ipv4/conf/wlan0/drop_unicast_in_l2_multicast: No such file or directory
12-07 20:45:32.872 28344 28344 E wpa_supplicant: nl80211: Failed to set IPv4 unicast in multicast filter
12-07 20:45:32.951 28344 28344 E wpa_supplicant: nl80211: Failed to open /proc/sys/net/ipv4/conf/wlan0/drop_unicast_in_l2_multicast: No such file or directory
12-07 20:45:32.951 28344 28344 E wpa_supplicant: nl80211: Failed to set IPv4 unicast in multicast filter
12-07 20:45:33.190  1628  1628 E android.hardware.wifi@1.0-service: Failed to open directory: Permission denied
12-07 20:45:33.191  1628  1628 E android.hardware.wifi@1.0-service: Error occurred while deleting old tombstone files
12-07 20:45:33.192  1628  1628 E android.hardware.wifi@1.0-service: Error writing files to flash
12-07 20:45:33.317 28354 28354 E rrierdefaultap: Not starting debugger since process cannot load the jdwp agent.
12-07 20:45:33.481 15976 16055 E WifiP2pService: Unhandled message { when=-2ms what=131204 target=com.android.internal.util.StateMachine$SmHandler }
12-07 20:45:33.531 15976 15994 E BatteryExternalStatsWorker: no controller energy info supplied for wifi
12-07 20:45:33.561 15976 15994 E BatteryExternalStatsWorker: no controller energy info supplied for wifi
12-07 20:45:34.352 28372 28372 E .android.diale: Not starting debugger since process cannot load the jdwp agent.
12-07 20:45:34.950 28372 28372 E .android.diale: The String#value field is not present on Android versions >= 6.0
12-07 20:45:41.234 16506 25050 E ctxmgr  : [AppIntervalImpl]closeInterval: stopTimeMillis invalid, stop=1544233541234, start=1544238227857
12-07 20:45:41.238 16506 25050 E ctxmgr  : [AppIntervalImpl]closeInterval: stopTimeMillis invalid, stop=1544233541238, start=1544238227858
12-07 20:45:41.328 15927 28412 E audio_hw_generic: pcm_open(in) failed: cannot open device '/dev/snd/pcmC0D0c': Device or resource busy: channels 2 format 0 rate 16000
12-07 20:46:09.530  1829  1829 E netmgr  : Failed to open QEMU pipe 'qemud:network': Invalid argument
12-07 20:46:09.530  1829  1829 E netmgr  : WifiForwarder unable to open QEMU pipe: Invalid argument
12-07 20:46:31.221  1737  1809 E storaged: getDiskStats failed with result NOT_SUPPORTED and size 0
12-07 20:47:09.591  1829  1829 E netmgr  : Failed to open QEMU pipe 'qemud:network': Invalid argument
12-07 20:47:09.592  1829  1829 E netmgr  : WifiForwarder unable to open QEMU pipe: Invalid argument
12-07 20:47:31.225  1737  1809 E storaged: getDiskStats failed with result NOT_SUPPORTED and size 0
12-07 20:47:46.226 16085 16085 E native  : suggestion-transformer.cc:118 suggestion picked candidate not found for id: 3
12-07 20:47:47.535 16085 16085 E native  : clearcut-logger.cc:191 USER_EDIT span#originalSpan is missing
