--------- beginning of system
12-08 10:15:42.495  1738  1772 E storaged: getDiskStats failed with result NOT_SUPPORTED and size 0
12-08 10:16:26.475  1626  1626 E android.hardware.wifi@1.0-service: Failed to register radio mode change callback
12-08 10:16:26.489  1626  1626 E android.hardware.wifi@1.0-service: Failed to set DFS flag; DFS channels may be unavailable.
12-08 10:16:28.920  1739  1739 E wificond: No Offload Service available
12-08 10:16:29.049  1881  1966 E WifiP2pService: Unhandled message { when=0 what=131203 target=com.android.internal.util.StateMachine$SmHandler }
12-08 10:16:29.071  1881  1966 E WifiP2pService: Unhandled message { when=-1ms what=131203 target=com.android.internal.util.StateMachine$SmHandler }
12-08 10:16:29.138  1881  1899 E BatteryExternalStatsWorker: no controller energy info supplied for wifi
12-08 10:16:29.191  1881  1899 E BatteryExternalStatsWorker: no controller energy info supplied for wifi
12-08 10:16:44.345  1738  1772 E storaged: getDiskStats failed with result NOT_SUPPORTED and size 0
12-08 10:16:49.655  1739  1739 E wificond: NL80211_CMD_TRIGGER_SCAN failed: Device or resource busy
--------- beginning of main
12-08 10:17:30.902  1828  1828 E netmgr  : Failed to open QEMU pipe 'qemud:network': Invalid argument
12-08 10:17:30.908  1828  1828 E netmgr  : WifiForwarder unable to open QEMU pipe: Invalid argument
12-08 10:17:36.095  1611  1695 E audio_hw_generic: pcm_write failed cannot write stream data: I/O error
12-08 10:17:41.651  1740  1771 E OMXNodeInstance: setConfig(0xf48ac420:google.vorbis.decoder, ConfigPriority(0x6f800002)) ERROR: Undefined(0x80001001)
12-08 10:17:41.652  1740 10340 E OMXNodeInstance: getConfig(0xf48ac420:google.vorbis.decoder, ConfigAndroidVendorExtension(0x6f100004)) ERROR: Undefined(0x80001001)
12-08 10:17:46.640  1611  1695 E audio_hw_generic: pcm_write failed cannot write stream data: I/O error
12-08 10:17:46.641  1738  1772 E storaged: getDiskStats failed with result NOT_SUPPORTED and size 0
12-08 10:17:57.044  1611  1695 E audio_hw_generic: pcm_write failed cannot write stream data: I/O error
12-08 10:18:07.382  1611  1695 E audio_hw_generic: pcm_write failed cannot write stream data: I/O error
12-08 10:18:10.078  2494  2716 E PlayCommon: [101] com.google.android.play.b.g.a(448): Failed to connect to server: java.net.UnknownHostException: Unable to resolve host "play.googleapis.com": No address associated with hostname
12-08 10:18:12.591  1881  1896 E AutofillSession: No assist structure - app might have crashed providing it
12-08 10:18:17.740  1611  1695 E audio_hw_generic: pcm_write failed cannot write stream data: I/O error
12-08 10:18:30.968  1828  1828 E netmgr  : Failed to open QEMU pipe 'qemud:network': Invalid argument
12-08 10:18:30.968  1828  1828 E netmgr  : WifiForwarder unable to open QEMU pipe: Invalid argument
12-08 10:18:36.071  1739  1739 E wificond: NL80211_CMD_TRIGGER_SCAN failed: Device or resource busy
12-08 10:18:41.460  2448 13200 E ctxmgr  : [ProducerStatusImpl]updateStateForNewContextData: inactive, contextName=7
12-08 10:18:41.545  2448 13200 E ctxmgr  : [ProducerStatusImpl]updateStateForNewContextData: inactive, contextName=1
12-08 10:18:41.546  2448 13200 E ctxmgr  : [ProducerStatusImpl]updateStateForNewContextData: inactive, contextName=1
12-08 10:18:44.056  2448  2448 E BeaconBle: Missing BluetoothAdapter
12-08 10:18:44.121  2448  2448 E BeaconBle: Scan couldn't start for Places
12-08 10:18:46.643  1738  1772 E storaged: getDiskStats failed with result NOT_SUPPORTED and size 0
12-08 10:18:57.229  2692  2692 E ContextIntentStarter: No activity found for any of the 0 intents
12-08 10:19:04.916  1611  1695 E audio_hw_generic: pcm_write failed cannot write stream data: I/O error
12-08 10:19:13.117  2448 13200 E ctxmgr  : [ProducerStatusImpl]updateStateForNewContextData: inactive, contextName=7
12-08 10:19:15.607  1739  1739 E wificond: NL80211_CMD_TRIGGER_SCAN failed: Device or resource busy
12-08 10:19:18.211  1739  1739 E wificond: NL80211_CMD_TRIGGER_SCAN failed: Device or resource busy
12-08 10:19:21.086  2448  2448 E BeaconBle: Missing BluetoothAdapter
12-08 10:19:23.372  2448  2448 E BeaconBle: Scan couldn't start for Places
12-08 10:19:28.641 29746 29746 E SchedPolicy: set_timerslack_ns write failed: Operation not permitted
12-08 10:19:31.313  1828  1828 E netmgr  : Failed to open QEMU pipe 'qemud:network': Invalid argument
12-08 10:19:31.313  1828  1828 E netmgr  : WifiForwarder unable to open QEMU pipe: Invalid argument
12-08 10:19:39.284  1739  1739 E wificond: NL80211_CMD_TRIGGER_SCAN failed: Device or resource busy
12-08 10:19:41.994 14304 14304 E id.gms.learnin: Not starting debugger since process cannot load the jdwp agent.
12-08 10:19:44.890 29746 29746 E SchedPolicy: set_timerslack_ns write failed: Operation not permitted
12-08 10:19:47.289  1738  1772 E storaged: getDiskStats failed with result NOT_SUPPORTED and size 0
12-08 10:19:57.704  2448 14297 E NetworkScheduler.TED: Dropping task as app's play services SDK version does not support Android O. Either update the SDK or lower your app's target SDK version. Canceling all tasks for the service: ComponentInfo{com.google.android.gms/com.google.android.gms.learning.training.background.TrainingGcmTaskService}
12-08 10:19:57.737  2448 13200 E NetworkScheduler.ATC: Called cancelTask for already completed task com.google.android.gms/.learning.training.background.TrainingGcmTaskService{u=0 tag="com.google.android.gms.learning.BACKGROUND_TRAINING_TASK" trigger=window{period=900s,flex=600s,earliest=-627s,latest=-27s} requirements=[NET_ANY,CHARGING,DEVICE_IDLE] attributes=[PERSISTED,RECURRING] scheduled=-927s last_run=-20s jid=N/A status=PENDING retries=0 client_lib=MANCHEGO_GCM-14799000} :CANCEL_REQUEST
12-08 10:19:57.738  2448 13200 E NetworkScheduler: Unknown result code received: 4
12-08 10:20:24.069  2475 13990 E SQLiteCastStore: Skip saving CastDeviceInfo: "Nearby device" (__cast_nearby___V_4e539622-0962-42d5-ab60-90d1abfca976)
12-08 10:20:24.172  1739  1739 E wificond: NL80211_CMD_TRIGGER_SCAN failed: Device or resource busy
12-08 10:20:31.788  1828  1828 E netmgr  : Failed to open QEMU pipe 'qemud:network': Invalid argument
12-08 10:20:31.788  1828  1828 E netmgr  : WifiForwarder unable to open QEMU pipe: Invalid argument
12-08 10:20:45.064  1992  1992 E native  : clearcut-logger.cc:191 USER_EDIT span#originalSpan is missing
12-08 10:20:47.294  1738  1772 E storaged: getDiskStats failed with result NOT_SUPPORTED and size 0
