--------- beginning of system
--------- beginning of main
12-08 01:43:24.623 15927   639 E audio_hw_generic: pcm_open(in) failed: cannot open device '/dev/snd/pcmC0D0c': Device or resource busy: channels 2 format 0 rate 16000
12-08 01:43:25.363   659   659 E droid.apps.doc: Not starting debugger since process cannot load the jdwp agent.
12-08 01:43:26.280   675   675 E id.defcontaine: Not starting debugger since process cannot load the jdwp agent.
12-08 01:43:26.514   696   696 E d.process.medi: Not starting debugger since process cannot load the jdwp agent.
12-08 01:43:28.976   659   659 E DocsApplication: [main] No default account found during application creation.
12-08 01:43:30.367  1729  1752 E         : Couldn't opendir /data/app/vmdl583015221.tmp: No such file or directory
12-08 01:43:30.367  1729  1752 E installd: Failed to delete /data/app/vmdl583015221.tmp: No such file or directory
12-08 01:43:34.900   767   767 E harlton.mileag: Not starting debugger since process cannot load the jdwp agent.
12-08 01:43:36.432  1737  1809 E storaged: getDiskStats failed with result NOT_SUPPORTED and size 0
12-08 01:43:36.692 16085 31762 E putmethod.lati: Invalid ID 0x00000001.
12-08 01:43:36.710 16085 31762 E LstmTrainingCache: emn: Can't get resource name for input slot
12-08 01:43:36.710 16085 31762 E LstmTrainingCache: android.content.res.Resources$NotFoundException: Unable to find resource ID #0x1
12-08 01:43:36.710 16085 31762 E LstmTrainingCache: 	at android.content.res.ResourcesImpl.getResourceName(ResourcesImpl.java:255)
12-08 01:43:36.710 16085 31762 E LstmTrainingCache: 	at android.content.res.Resources.getResourceName(Resources.java:1954)
12-08 01:43:36.710 16085 31762 E LstmTrainingCache: 	at emn.a(PG:12)
12-08 01:43:36.710 16085 31762 E LstmTrainingCache: 	at emk.run(PG:5)
12-08 01:43:36.710 16085 31762 E LstmTrainingCache: 	at java.lang.Thread.run(Thread.java:764)
12-08 01:43:50.782   808   808 E emui:screensho: Not starting debugger since process cannot load the jdwp agent.
12-08 01:43:51.741   808   808 E SoundPool: error loading /product/media/audio/ui/camera_click.ogg
12-08 01:43:52.050  1739  2068 E OMXNodeInstance: getConfig(0xee326ae0:google.vorbis.decoder, ConfigAndroidVendorExtension(0x6f100004)) ERROR: Undefined(0x80001001)
12-08 01:43:53.624 15976 18399 E WindowManager: Performed 6 layouts in a row. Skipping
12-08 01:43:53.647 15976 16026 E WindowManager: Performed 6 layouts in a row. Skipping
12-08 01:43:53.739 15976 16026 E WindowManager: Performed 6 layouts in a row. Skipping
12-08 01:43:53.763 15976 16026 E WindowManager: Performed 6 layouts in a row. Skipping
12-08 01:43:53.790 15976 16026 E WindowManager: Performed 6 layouts in a row. Skipping
12-08 01:43:53.809 15976 16893 E WindowManager: Performed 6 layouts in a row. Skipping
12-08 01:43:53.863 15976 16026 E WindowManager: Performed 6 layouts in a row. Skipping
12-08 01:43:53.925 15976 16026 E WindowManager: Performed 6 layouts in a row. Skipping
12-08 01:43:53.981 15976 16026 E WindowManager: Performed 6 layouts in a row. Skipping
12-08 01:43:54.009 15976 16026 E WindowManager: Performed 6 layouts in a row. Skipping
12-08 01:43:54.042 15976 17651 E WindowManager: Performed 6 layouts in a row. Skipping
12-08 01:43:54.086 15976 15991 E WindowManager: Performed 6 layouts in a row. Skipping
12-08 01:43:54.130 15976 16026 E WindowManager: Performed 6 layouts in a row. Skipping
12-08 01:43:54.158 15976 16026 E WindowManager: Performed 6 layouts in a row. Skipping
12-08 01:43:54.181 15976 16026 E WindowManager: Performed 6 layouts in a row. Skipping
12-08 01:43:54.206 15976 17651 E WindowManager: Performed 6 layouts in a row. Skipping
12-08 01:43:54.234 15976 16026 E WindowManager: Performed 6 layouts in a row. Skipping
12-08 01:43:54.357 15976 16026 E WindowManager: Performed 6 layouts in a row. Skipping
12-08 01:44:00.815 16506 16506 E BeaconBle: Missing BluetoothAdapter
12-08 01:44:00.853 16506 16506 E BeaconBle: Scan couldn't start for Places
12-08 01:44:05.388   872   872 E oid.apps.photo: Not starting debugger since process cannot load the jdwp agent.
12-08 01:44:06.595   901   901 E ocess.gservice: Not starting debugger since process cannot load the jdwp agent.
12-08 01:44:08.634   939   939 E id.partnersetu: Not starting debugger since process cannot load the jdwp agent.
12-08 01:44:17.232  1829  1829 E netmgr  : Failed to open QEMU pipe 'qemud:network': Invalid argument
12-08 01:44:17.232  1829  1829 E netmgr  : WifiForwarder unable to open QEMU pipe: Invalid argument
12-08 01:44:21.504   767   767 E WindowManager: 
12-08 01:44:21.504   767   767 E WindowManager: android.view.WindowLeaked: Activity com.evancharlton.mileage.FieldActivity has leaked window DecorView@83d21bf[FieldActivity] that was originally added here
12-08 01:44:21.504   767   767 E WindowManager: 	at android.view.ViewRootImpl.<init>(ViewRootImpl.java:511)
12-08 01:44:21.504   767   767 E WindowManager: 	at android.view.WindowManagerGlobal.addView(WindowManagerGlobal.java:346)
12-08 01:44:21.504   767   767 E WindowManager: 	at android.view.WindowManagerImpl.addView(WindowManagerImpl.java:93)
12-08 01:44:21.504   767   767 E WindowManager: 	at com.android.internal.policy.PhoneWindow.openPanel(PhoneWindow.java:887)
12-08 01:44:21.504   767   767 E WindowManager: 	at com.android.internal.policy.PhoneWindow.onKeyUpPanel(PhoneWindow.java:1104)
12-08 01:44:21.504   767   767 E WindowManager: 	at com.android.internal.policy.PhoneWindow.onKeyUp(PhoneWindow.java:2007)
12-08 01:44:21.504   767   767 E WindowManager: 	at com.android.internal.policy.DecorView.dispatchKeyEvent(DecorView.java:350)
12-08 01:44:21.504   767   767 E WindowManager: 	at android.view.ViewRootImpl$ViewPostImeInputStage.processKeyEvent(ViewRootImpl.java:5037)
12-08 01:44:21.504   767   767 E WindowManager: 	at android.view.ViewRootImpl$ViewPostImeInputStage.onProcess(ViewRootImpl.java:4905)
12-08 01:44:21.504   767   767 E WindowManager: 	at android.view.ViewRootImpl$InputStage.deliver(ViewRootImpl.java:4426)
12-08 01:44:21.504   767   767 E WindowManager: 	at android.view.ViewRootImpl$InputStage.onDeliverToNext(ViewRootImpl.java:4479)
12-08 01:44:21.504   767   767 E WindowManager: 	at android.view.ViewRootImpl$InputStage.forward(ViewRootImpl.java:4445)
12-08 01:44:21.504   767   767 E WindowManager: 	at android.view.ViewRootImpl$AsyncInputStage.forward(ViewRootImpl.java:4585)
12-08 01:44:21.504   767   767 E WindowManager: 	at android.view.ViewRootImpl$InputStage.apply(ViewRootImpl.java:4453)
12-08 01:44:21.504   767   767 E WindowManager: 	at android.view.ViewRootImpl$AsyncInputStage.apply(ViewRootImpl.java:4642)
12-08 01:44:21.504   767   767 E WindowManager: 	at android.view.ViewRootImpl$InputStage.deliver(ViewRootImpl.java:4426)
12-08 01:44:21.504   767   767 E WindowManager: 	at android.view.ViewRootImpl$InputStage.onDeliverToNext(ViewRootImpl.java:4479)
12-08 01:44:21.504   767   767 E WindowManager: 	at android.view.ViewRootImpl$InputStage.forward(ViewRootImpl.java:4445)
12-08 01:44:21.504   767   767 E WindowManager: 	at android.view.ViewRootImpl$InputStage.apply(ViewRootImpl.java:4453)
12-08 01:44:21.504   767   767 E WindowManager: 	at android.view.ViewRootImpl$InputStage.deliver(ViewRootImpl.java:4426)
12-08 01:44:21.504   767   767 E WindowManager: 	at android.view.ViewRootImpl$InputStage.onDeliverToNext(ViewRootImpl.java:4479)
12-08 01:44:21.504   767   767 E WindowManager: 	at android.view.ViewRootImpl$InputStage.forward(ViewRootImpl.java:4445)
12-08 01:44:21.504   767   767 E WindowManager: 	at android.view.ViewRootImpl$AsyncInputStage.forward(ViewRootImpl.java:4618)
12-08 01:44:21.504   767   767 E WindowManager: 	at android.view.ViewRootImpl$ImeInputStage.onFinishedInputEvent(ViewRootImpl.java:4779)
12-08 01:44:21.504   767   767 E WindowManager: 	at android.view.inputmethod.InputMethodManager$PendingEvent.run(InputMethodManager.java:2571)
12-08 01:44:21.504   767   767 E WindowManager: 	at android.view.inputmethod.InputMethodManager.invokeFinishedInputEventCallback(InputMethodManager.java:2081)
12-08 01:44:21.504   767   767 E WindowManager: 	at android.view.inputmethod.InputMethodManager.finishedInputEvent(InputMethodManager.java:2072)
12-08 01:44:21.504   767   767 E WindowManager: 	at android.view.inputmethod.InputMethodManager$ImeInputEventSender.onInputEventFinished(InputMethodManager.java:2548)
12-08 01:44:21.504   767   767 E WindowManager: 	at android.view.InputEventSender.dispatchInputEventFinished(InputEventSender.java:141)
12-08 01:44:21.504   767   767 E WindowManager: 	at android.os.MessageQueue.nativePollOnce(Native Method)
12-08 01:44:21.504   767   767 E WindowManager: 	at android.os.MessageQueue.next(MessageQueue.java:326)
12-08 01:44:21.504   767   767 E WindowManager: 	at android.os.Looper.loop(Looper.java:160)
12-08 01:44:21.504   767   767 E WindowManager: 	at android.app.ActivityThread.main(ActivityThread.java:6669)
12-08 01:44:21.504   767   767 E WindowManager: 	at java.lang.reflect.Method.invoke(Native Method)
12-08 01:44:21.504   767   767 E WindowManager: 	at com.android.internal.os.RuntimeInit$MethodAndArgsCaller.run(RuntimeInit.java:493)
12-08 01:44:21.504   767   767 E WindowManager: 	at com.android.internal.os.ZygoteInit.main(ZygoteInit.java:858)
12-08 01:44:23.319 28119 28119 E ContextIntentStarter: No activity found for any of the 0 intents
12-08 01:44:25.107   995   995 E rrierdefaultap: Not starting debugger since process cannot load the jdwp agent.
12-08 01:44:28.291 16506 30673 E ctxmgr  : [AppIntervalImpl]closeInterval: ongoing
12-08 01:44:28.317 16506 30673 E ctxmgr  : [AppIntervalImpl]closeInterval: ongoing
12-08 01:44:35.475 15927  1016 E audio_hw_generic: pcm_open(in) failed: cannot open device '/dev/snd/pcmC0D0c': Device or resource busy: channels 2 format 0 rate 16000
12-08 01:44:36.452  1737  1809 E storaged: getDiskStats failed with result NOT_SUPPORTED and size 0
12-08 01:44:43.040  1023  1023 E id.partnersetu: Not starting debugger since process cannot load the jdwp agent.
12-08 01:45:00.388 16788 17129 E PlayCommon: [121] com.google.android.play.b.g.a(448): Failed to connect to server: java.net.UnknownHostException: Unable to resolve host "play.googleapis.com": No address associated with hostname
12-08 01:45:17.255  1829  1829 E netmgr  : Failed to open QEMU pipe 'qemud:network': Invalid argument
12-08 01:45:17.255  1829  1829 E netmgr  : WifiForwarder unable to open QEMU pipe: Invalid argument
12-08 01:45:36.482  1737  1809 E storaged: getDiskStats failed with result NOT_SUPPORTED and size 0
12-08 01:46:17.316  1829  1829 E netmgr  : Failed to open QEMU pipe 'qemud:network': Invalid argument
12-08 01:46:17.316  1829  1829 E netmgr  : WifiForwarder unable to open QEMU pipe: Invalid argument
12-08 01:46:36.487  1737  1809 E storaged: getDiskStats failed with result NOT_SUPPORTED and size 0
12-08 01:46:57.295  1080  1080 E hod.latin:trai: Not starting debugger since process cannot load the jdwp agent.
12-08 01:47:02.785 15976 17775 E WindowManager: Performed 6 layouts in a row. Skipping
12-08 01:47:02.821 15976 16026 E WindowManager: Performed 6 layouts in a row. Skipping
12-08 01:47:02.942 15976 16026 E WindowManager: Performed 6 layouts in a row. Skipping
12-08 01:47:03.042 15976 16026 E WindowManager: Performed 6 layouts in a row. Skipping
12-08 01:47:03.065 15976 16026 E WindowManager: Performed 6 layouts in a row. Skipping
12-08 01:47:03.081 15976 15991 E WindowManager: Performed 6 layouts in a row. Skipping
12-08 01:47:03.151 15976 16026 E WindowManager: Performed 6 layouts in a row. Skipping
12-08 01:47:03.207 15976 16026 E WindowManager: Performed 6 layouts in a row. Skipping
12-08 01:47:03.230 15976 19332 E WindowManager: Performed 6 layouts in a row. Skipping
12-08 01:47:03.273 15976 16026 E WindowManager: Performed 6 layouts in a row. Skipping
12-08 01:47:03.329 15976 16026 E WindowManager: Performed 6 layouts in a row. Skipping
12-08 01:47:03.350 15976 19332 E WindowManager: Performed 6 layouts in a row. Skipping
12-08 01:47:03.400 15976 16026 E WindowManager: Performed 6 layouts in a row. Skipping
12-08 01:47:03.500 15976 16026 E WindowManager: Performed 6 layouts in a row. Skipping
