--------- beginning of main
--------- beginning of system
12-08 14:24:34.967  1885  1899 E ActivityManager: Failure starting process com.evancharlton.mileage
12-08 14:24:34.967  1885  1899 E ActivityManager: java.lang.SecurityException: Package com.evancharlton.mileage is currently frozen!
12-08 14:24:34.967  1885  1899 E ActivityManager: 	at com.android.server.pm.PackageManagerService.checkPackageStartable(PackageManagerService.java:4000)
12-08 14:24:34.967  1885  1899 E ActivityManager: 	at com.android.server.am.ActivityManagerService.startProcessLocked(ActivityManagerService.java:4234)
12-08 14:24:34.967  1885  1899 E ActivityManager: 	at com.android.server.am.ActivityManagerService.startProcessLocked(ActivityManagerService.java:4199)
12-08 14:24:34.967  1885  1899 E ActivityManager: 	at com.android.server.am.ActivityManagerService.startProcessLocked(ActivityManagerService.java:4181)
12-08 14:24:34.967  1885  1899 E ActivityManager: 	at com.android.server.am.ActivityManagerService.startProcessLocked(ActivityManagerService.java:4067)
12-08 14:24:34.967  1885  1899 E ActivityManager: 	at com.android.server.am.ActivityStackSupervisor.startSpecificActivityLocked(ActivityStackSupervisor.java:1715)
12-08 14:24:34.967  1885  1899 E ActivityManager: 	at com.android.server.am.ActivityStack.resumeTopActivityInnerLocked(ActivityStack.java:2764)
12-08 14:24:34.967  1885  1899 E ActivityManager: 	at com.android.server.am.ActivityStack.resumeTopActivityUncheckedLocked(ActivityStack.java:2302)
12-08 14:24:34.967  1885  1899 E ActivityManager: 	at com.android.server.am.ActivityStackSupervisor.resumeFocusedStackTopActivityLocked(ActivityStackSupervisor.java:2234)
12-08 14:24:34.967  1885  1899 E ActivityManager: 	at com.android.server.am.ActivityStackSupervisor.resumeFocusedStackTopActivityLocked(ActivityStackSupervisor.java:2218)
12-08 14:24:34.967  1885  1899 E ActivityManager: 	at com.android.server.am.ActivityManagerService.handleAppDiedLocked(ActivityManagerService.java:5923)
12-08 14:24:34.967  1885  1899 E ActivityManager: 	at com.android.server.am.ActivityManagerService.removeProcessLocked(ActivityManagerService.java:7501)
12-08 14:24:34.967  1885  1899 E ActivityManager: 	at com.android.server.am.ActivityManagerService.killPackageProcessesLocked(ActivityManagerService.java:7142)
12-08 14:24:34.967  1885  1899 E ActivityManager: 	at com.android.server.am.ActivityManagerService.forceStopPackageLocked(ActivityManagerService.java:7275)
12-08 14:24:34.967  1885  1899 E ActivityManager: 	at com.android.server.am.ActivityManagerService$MainHandler.handleMessage(ActivityManagerService.java:2289)
12-08 14:24:34.967  1885  1899 E ActivityManager: 	at android.os.Handler.dispatchMessage(Handler.java:106)
12-08 14:24:34.967  1885  1899 E ActivityManager: 	at android.os.Looper.loop(Looper.java:193)
12-08 14:24:34.967  1885  1899 E ActivityManager: 	at android.os.HandlerThread.run(HandlerThread.java:65)
12-08 14:24:34.967  1885  1899 E ActivityManager: 	at com.android.server.ServiceThread.run(ServiceThread.java:44)
12-08 14:24:36.980  2429 27391 E ctxmgr  : [ProducerStatusImpl]updateStateForNewContextData: inactive, contextName=7
12-08 14:24:37.163  2429  2429 E BeaconBle: Missing BluetoothAdapter
12-08 14:24:37.202  2429  2429 E BeaconBle: Scan couldn't start for Places
12-08 14:24:39.112  1732  1934 E         : Couldn't opendir /data/app/vmdl486270494.tmp: No such file or directory
12-08 14:24:39.112  1732  1934 E installd: Failed to delete /data/app/vmdl486270494.tmp: No such file or directory
12-08 14:24:40.666 27525 27525 E harlton.mileag: Not starting debugger since process cannot load the jdwp agent.
12-08 14:24:42.459  1996  2601 E putmethod.lati: Invalid ID 0x00000001.
12-08 14:24:42.499  1996  2601 E LstmTrainingCache: emn: Can't get resource name for input slot
12-08 14:24:42.499  1996  2601 E LstmTrainingCache: android.content.res.Resources$NotFoundException: Unable to find resource ID #0x1
12-08 14:24:42.499  1996  2601 E LstmTrainingCache: 	at android.content.res.ResourcesImpl.getResourceName(ResourcesImpl.java:255)
12-08 14:24:42.499  1996  2601 E LstmTrainingCache: 	at android.content.res.Resources.getResourceName(Resources.java:1954)
12-08 14:24:42.499  1996  2601 E LstmTrainingCache: 	at emn.a(PG:12)
12-08 14:24:42.499  1996  2601 E LstmTrainingCache: 	at emk.run(PG:5)
12-08 14:24:42.499  1996  2601 E LstmTrainingCache: 	at java.lang.Thread.run(Thread.java:764)
12-08 14:24:59.692  2429 27391 E ctxmgr  : [ProducerStatusImpl]updateStateForNewContextData: inactive, contextName=7
12-08 14:24:59.959  2429  2429 E BeaconBle: Missing BluetoothAdapter
12-08 14:25:00.043  2429  2429 E BeaconBle: Scan couldn't start for Places
12-08 14:25:05.198  1834  1834 E netmgr  : Failed to open QEMU pipe 'qemud:network': Invalid argument
12-08 14:25:05.198  1834  1834 E netmgr  : WifiForwarder unable to open QEMU pipe: Invalid argument
12-08 14:25:10.665  2540  2540 E ContextIntentStarter: No activity found for any of the 0 intents
12-08 14:25:11.532  1740  1805 E storaged: getDiskStats failed with result NOT_SUPPORTED and size 0
12-08 14:25:11.996  1885  2169 E WindowManager: Performed 6 layouts in a row. Skipping
12-08 14:25:12.032  1885  1939 E WindowManager: Performed 6 layouts in a row. Skipping
12-08 14:25:12.071  1885  1939 E WindowManager: Performed 6 layouts in a row. Skipping
12-08 14:25:12.124  1885  1939 E WindowManager: Performed 6 layouts in a row. Skipping
12-08 14:25:12.148  1885  1900 E WindowManager: Performed 6 layouts in a row. Skipping
12-08 14:25:12.184  1885  1939 E WindowManager: Performed 6 layouts in a row. Skipping
12-08 14:25:12.231  1885  1939 E WindowManager: Performed 6 layouts in a row. Skipping
12-08 14:25:22.250  1614  1698 E audio_hw_generic: pcm_write failed cannot write stream data: I/O error
12-08 14:25:30.515  2407  2407 E SchedPolicy: set_timerslack_ns write failed: Operation not permitted
12-08 14:25:32.260  1614  1698 E audio_hw_generic: pcm_write failed cannot write stream data: I/O error
12-08 14:25:32.862  2407  2407 E SchedPolicy: set_timerslack_ns write failed: Operation not permitted
12-08 14:25:42.290  1614  1698 E audio_hw_generic: pcm_write failed cannot write stream data: I/O error
12-08 14:25:51.892  1885  2160 E WindowManager: Performed 6 layouts in a row. Skipping
12-08 14:25:51.965  1885  1939 E WindowManager: Performed 6 layouts in a row. Skipping
12-08 14:25:52.013  1885  1939 E WindowManager: Performed 6 layouts in a row. Skipping
12-08 14:25:52.038  1885  1900 E WindowManager: Performed 6 layouts in a row. Skipping
12-08 14:25:52.186  1885  1995 E WindowManager: Performed 6 layouts in a row. Skipping
12-08 14:25:52.225  1885  1939 E WindowManager: Performed 6 layouts in a row. Skipping
12-08 14:25:52.273  1885  2169 E WindowManager: Performed 6 layouts in a row. Skipping
12-08 14:25:55.711  1614  1698 E audio_hw_generic: pcm_write failed cannot write stream data: I/O error
