--------- beginning of main
--------- beginning of system
12-07 16:58:49.686 15976 15990 E ActivityManager: Failure starting process com.evancharlton.mileage
12-07 16:58:49.686 15976 15990 E ActivityManager: java.lang.SecurityException: Package com.evancharlton.mileage is currently frozen!
12-07 16:58:49.686 15976 15990 E ActivityManager: 	at com.android.server.pm.PackageManagerService.checkPackageStartable(PackageManagerService.java:4000)
12-07 16:58:49.686 15976 15990 E ActivityManager: 	at com.android.server.am.ActivityManagerService.startProcessLocked(ActivityManagerService.java:4234)
12-07 16:58:49.686 15976 15990 E ActivityManager: 	at com.android.server.am.ActivityManagerService.startProcessLocked(ActivityManagerService.java:4199)
12-07 16:58:49.686 15976 15990 E ActivityManager: 	at com.android.server.am.ActivityManagerService.startProcessLocked(ActivityManagerService.java:4181)
12-07 16:58:49.686 15976 15990 E ActivityManager: 	at com.android.server.am.ActivityManagerService.startProcessLocked(ActivityManagerService.java:4067)
12-07 16:58:49.686 15976 15990 E ActivityManager: 	at com.android.server.am.ActivityStackSupervisor.startSpecificActivityLocked(ActivityStackSupervisor.java:1715)
12-07 16:58:49.686 15976 15990 E ActivityManager: 	at com.android.server.am.ActivityStack.resumeTopActivityInnerLocked(ActivityStack.java:2764)
12-07 16:58:49.686 15976 15990 E ActivityManager: 	at com.android.server.am.ActivityStack.resumeTopActivityUncheckedLocked(ActivityStack.java:2302)
12-07 16:58:49.686 15976 15990 E ActivityManager: 	at com.android.server.am.ActivityStackSupervisor.resumeFocusedStackTopActivityLocked(ActivityStackSupervisor.java:2234)
12-07 16:58:49.686 15976 15990 E ActivityManager: 	at com.android.server.am.ActivityStackSupervisor.resumeFocusedStackTopActivityLocked(ActivityStackSupervisor.java:2218)
12-07 16:58:49.686 15976 15990 E ActivityManager: 	at com.android.server.am.ActivityManagerService.handleAppDiedLocked(ActivityManagerService.java:5923)
12-07 16:58:49.686 15976 15990 E ActivityManager: 	at com.android.server.am.ActivityManagerService.removeProcessLocked(ActivityManagerService.java:7501)
12-07 16:58:49.686 15976 15990 E ActivityManager: 	at com.android.server.am.ActivityManagerService.killPackageProcessesLocked(ActivityManagerService.java:7142)
12-07 16:58:49.686 15976 15990 E ActivityManager: 	at com.android.server.am.ActivityManagerService.forceStopPackageLocked(ActivityManagerService.java:7275)
12-07 16:58:49.686 15976 15990 E ActivityManager: 	at com.android.server.am.ActivityManagerService$MainHandler.handleMessage(ActivityManagerService.java:2289)
12-07 16:58:49.686 15976 15990 E ActivityManager: 	at android.os.Handler.dispatchMessage(Handler.java:106)
12-07 16:58:49.686 15976 15990 E ActivityManager: 	at android.os.Looper.loop(Looper.java:193)
12-07 16:58:49.686 15976 15990 E ActivityManager: 	at android.os.HandlerThread.run(HandlerThread.java:65)
12-07 16:58:49.686 15976 15990 E ActivityManager: 	at com.android.server.ServiceThread.run(ServiceThread.java:44)
12-07 16:58:51.382 16506 32584 E ctxmgr  : [ProducerStatusImpl]updateStateForNewContextData: inactive, contextName=7
12-07 16:58:51.583 16506 16506 E BeaconBle: Missing BluetoothAdapter
12-07 16:58:51.635 16506 16506 E BeaconBle: Scan couldn't start for Places
12-07 16:58:53.090  1729  1752 E         : Couldn't opendir /data/app/vmdl1869433292.tmp: No such file or directory
12-07 16:58:53.090  1729  1752 E installd: Failed to delete /data/app/vmdl1869433292.tmp: No such file or directory
12-07 16:58:54.730   817   817 E harlton.mileag: Not starting debugger since process cannot load the jdwp agent.
12-07 16:59:03.248 16085 16085 E native  : suggestion-transformer.cc:118 suggestion picked candidate not found for id: 3
12-07 16:59:05.213  1829  1829 E netmgr  : Failed to open QEMU pipe 'qemud:network': Invalid argument
12-07 16:59:05.214  1829  1829 E netmgr  : WifiForwarder unable to open QEMU pipe: Invalid argument
12-07 16:59:11.340 16506   866 E ctxmgr  : [ProducerStatusImpl]updateStateForNewContextData: inactive, contextName=7
12-07 16:59:11.503 16506 16506 E BeaconBle: Missing BluetoothAdapter
12-07 16:59:11.559 16506 16506 E BeaconBle: Scan couldn't start for Places
12-07 16:59:15.569 15976 15989 E memtrack: Couldn't load memtrack module
12-07 16:59:17.229 16561 16561 E ContextIntentStarter: No activity found for any of the 0 intents
12-07 16:59:17.820 15976 15989 E GnssLocationProvider: no AGPS interface in set_agps_server
12-07 16:59:18.087  1628  1628 E android.hardware.wifi@1.0-service: Failed to register radio mode change callback
12-07 16:59:18.094  1628  1628 E android.hardware.wifi@1.0-service: Failed to set DFS flag; DFS channels may be unavailable.
12-07 21:59:18.012 15926 15926 E wificond: No Offload Service available
12-07 21:59:18.022 15976 16053 E SupplicantStaIfaceHal: Can't call setupIface, ISupplicantStaIface is null
12-07 21:59:18.126 15927   931 E audio_hw_generic: pcm_open(in) failed: cannot open device '/dev/snd/pcmC0D0c': Device or resource busy: channels 2 format 0 rate 16000
12-07 21:59:18.239   926   926 E ndroid.calenda: Not starting debugger since process cannot load the jdwp agent.
12-07 21:59:18.254 15976 16054 E WifiVendorHal: getBgScanCapabilities(l.671) failed {.code = ERROR_NOT_SUPPORTED, .description = }
12-07 21:59:18.259   933   933 E viders.calenda: Not starting debugger since process cannot load the jdwp agent.
12-07 21:59:18.431 15976 16055 E WifiP2pService: Unhandled message { when=0 what=131203 target=com.android.internal.util.StateMachine$SmHandler }
12-07 21:59:18.500 15976 16055 E WifiP2pService: Unhandled message { when=0 what=131203 target=com.android.internal.util.StateMachine$SmHandler }
12-07 21:59:18.681 15976 15994 E BatteryExternalStatsWorker: no controller energy info supplied for wifi
12-07 21:59:18.718   909   909 E wpa_supplicant: nl80211: Failed to open /proc/sys/net/ipv4/conf/p2p-dev-wlan0/drop_unicast_in_l2_multicast: No such file or directory
12-07 21:59:18.719   909   909 E wpa_supplicant: nl80211: Failed to set IPv4 unicast in multicast filter
12-07 21:59:18.721   909   909 E wpa_supplicant: nl80211: Failed to open /proc/sys/net/ipv4/conf/p2p-dev-wlan0/drop_unicast_in_l2_multicast: No such file or directory
12-07 21:59:18.721   909   909 E wpa_supplicant: nl80211: Failed to set IPv4 unicast in multicast filter
12-07 21:59:18.855   909   909 E wpa_supplicant: nl80211: Failed to open /proc/sys/net/ipv4/conf/wlan0/drop_unicast_in_l2_multicast: No such file or directory
12-07 21:59:18.855   909   909 E wpa_supplicant: nl80211: Failed to set IPv4 unicast in multicast filter
12-07 21:59:19.024   909   909 E wpa_supplicant: nl80211: Failed to open /proc/sys/net/ipv4/conf/wlan0/drop_unicast_in_l2_multicast: No such file or directory
12-07 21:59:19.024   909   909 E wpa_supplicant: nl80211: Failed to set IPv4 unicast in multicast filter
12-07 21:59:19.283  1628  1628 E android.hardware.wifi@1.0-service: Failed to open directory: Permission denied
12-07 21:59:19.283  1628  1628 E android.hardware.wifi@1.0-service: Error occurred while deleting old tombstone files
12-07 21:59:19.283  1628  1628 E android.hardware.wifi@1.0-service: Error writing files to flash
12-07 21:59:19.496 15976 16053 E SupplicantStaIfaceHal: Can't call setPowerSave, ISupplicantStaIface is null
12-07 21:59:19.496 15976 16053 E SupplicantStaIfaceHal: Can't call setBtCoexistenceMode, ISupplicantStaIface is null
12-07 21:59:19.498 15976 16053 E HalDevMgr: Should have at least 1 chip!
12-07 21:59:19.498 15976 16053 E HalDevMgr: dispatchAvailableForRequestListeners: no chip info found
12-07 21:59:19.531 15976 16053 E SupplicantStaIfaceHal: Can't call listNetworks, ISupplicantStaIface is null
12-07 21:59:19.531 15976 16053 E SupplicantStaIfaceHal: removeAllNetworks failed, got null networks
12-07 21:59:19.531 15976 16053 E WifiStateMachine: Failed to remove networks on exiting connect mode
12-07 21:59:19.532 15976 16055 E WifiP2pService: Unhandled message { when=-1ms what=131204 target=com.android.internal.util.StateMachine$SmHandler }
12-07 21:59:19.543 15976 15994 E BatteryExternalStatsWorker: no controller energy info supplied for wifi
12-07 21:59:19.546 15976 16054 E WificondControl: No valid wificond scanner interface handler
12-07 21:59:19.580 15976 15994 E BatteryExternalStatsWorker: no controller energy info supplied for wifi
12-07 21:59:20.082   997   997 E droid.deskcloc: Not starting debugger since process cannot load the jdwp agent.
12-07 21:59:20.260 15976 15989 E memtrack: Couldn't load memtrack module
12-07 21:59:20.311   997   997 E LoadedApk: Unable to instantiate appComponentFactory
12-07 21:59:20.311   997   997 E LoadedApk: java.lang.ClassNotFoundException: Didn't find class "android.support.v4.app.CoreComponentFactory" on path: DexPathList[[zip file "/data/app/com.google.android.deskclock-irjeQ48B8SlCzNgOUY6aXg==/base.apk"],nativeLibraryDirectories=[/data/app/com.google.android.deskclock-irjeQ48B8SlCzNgOUY6aXg==/lib/x86, /system/lib]]
12-07 21:59:20.311   997   997 E LoadedApk: 	at dalvik.system.BaseDexClassLoader.findClass(BaseDexClassLoader.java:134)
12-07 21:59:20.311   997   997 E LoadedApk: 	at java.lang.ClassLoader.loadClass(ClassLoader.java:379)
12-07 21:59:20.311   997   997 E LoadedApk: 	at java.lang.ClassLoader.loadClass(ClassLoader.java:312)
12-07 21:59:20.311   997   997 E LoadedApk: 	at android.app.LoadedApk.createAppFactory(LoadedApk.java:226)
12-07 21:59:20.311   997   997 E LoadedApk: 	at android.app.LoadedApk.createOrUpdateClassLoaderLocked(LoadedApk.java:731)
12-07 21:59:20.311   997   997 E LoadedApk: 	at android.app.LoadedApk.getClassLoader(LoadedApk.java:810)
12-07 21:59:20.311   997   997 E LoadedApk: 	at android.app.LoadedApk.getResources(LoadedApk.java:1032)
12-07 21:59:20.311   997   997 E LoadedApk: 	at android.app.ContextImpl.createAppContext(ContextImpl.java:2345)
12-07 21:59:20.311   997   997 E LoadedApk: 	at android.app.ActivityThread.handleBindApplication(ActivityThread.java:5749)
12-07 21:59:20.311   997   997 E LoadedApk: 	at android.app.ActivityThread.access$1100(ActivityThread.java:199)
12-07 21:59:20.311   997   997 E LoadedApk: 	at android.app.ActivityThread$H.handleMessage(ActivityThread.java:1650)
12-07 21:59:20.311   997   997 E LoadedApk: 	at android.os.Handler.dispatchMessage(Handler.java:106)
12-07 21:59:20.311   997   997 E LoadedApk: 	at android.os.Looper.loop(Looper.java:193)
12-07 21:59:20.311   997   997 E LoadedApk: 	at android.app.ActivityThread.main(ActivityThread.java:6669)
12-07 21:59:20.311   997   997 E LoadedApk: 	at java.lang.reflect.Method.invoke(Native Method)
12-07 21:59:20.311   997   997 E LoadedApk: 	at com.android.internal.os.RuntimeInit$MethodAndArgsCaller.run(RuntimeInit.java:493)
12-07 21:59:20.311   997   997 E LoadedApk: 	at com.android.internal.os.ZygoteInit.main(ZygoteInit.java:858)
12-07 21:59:20.421 15976 15989 E GnssLocationProvider: no AGPS interface in set_agps_server
12-07 21:59:26.637  1737  1809 E storaged: getDiskStats failed with result NOT_SUPPORTED and size 0
12-07 21:59:33.646 15976 16054 E WificondScannerImpl: Timed out waiting for scan result from wificond
12-07 21:59:34.231 16085 16085 E native  : suggestion-transformer.cc:118 suggestion picked candidate not found for id: 3
