--------- beginning of system
--------- beginning of main
12-08 10:06:05.791  1881  1895 E ActivityManager: Failure starting process com.evancharlton.mileage
12-08 10:06:05.791  1881  1895 E ActivityManager: java.lang.SecurityException: Package com.evancharlton.mileage is currently frozen!
12-08 10:06:05.791  1881  1895 E ActivityManager: 	at com.android.server.pm.PackageManagerService.checkPackageStartable(PackageManagerService.java:4000)
12-08 10:06:05.791  1881  1895 E ActivityManager: 	at com.android.server.am.ActivityManagerService.startProcessLocked(ActivityManagerService.java:4234)
12-08 10:06:05.791  1881  1895 E ActivityManager: 	at com.android.server.am.ActivityManagerService.startProcessLocked(ActivityManagerService.java:4199)
12-08 10:06:05.791  1881  1895 E ActivityManager: 	at com.android.server.am.ActivityManagerService.startProcessLocked(ActivityManagerService.java:4181)
12-08 10:06:05.791  1881  1895 E ActivityManager: 	at com.android.server.am.ActivityManagerService.startProcessLocked(ActivityManagerService.java:4067)
12-08 10:06:05.791  1881  1895 E ActivityManager: 	at com.android.server.am.ActivityStackSupervisor.startSpecificActivityLocked(ActivityStackSupervisor.java:1715)
12-08 10:06:05.791  1881  1895 E ActivityManager: 	at com.android.server.am.ActivityStack.resumeTopActivityInnerLocked(ActivityStack.java:2764)
12-08 10:06:05.791  1881  1895 E ActivityManager: 	at com.android.server.am.ActivityStack.resumeTopActivityUncheckedLocked(ActivityStack.java:2302)
12-08 10:06:05.791  1881  1895 E ActivityManager: 	at com.android.server.am.ActivityStackSupervisor.resumeFocusedStackTopActivityLocked(ActivityStackSupervisor.java:2234)
12-08 10:06:05.791  1881  1895 E ActivityManager: 	at com.android.server.am.ActivityStackSupervisor.resumeFocusedStackTopActivityLocked(ActivityStackSupervisor.java:2218)
12-08 10:06:05.791  1881  1895 E ActivityManager: 	at com.android.server.am.ActivityManagerService.handleAppDiedLocked(ActivityManagerService.java:5923)
12-08 10:06:05.791  1881  1895 E ActivityManager: 	at com.android.server.am.ActivityManagerService.removeProcessLocked(ActivityManagerService.java:7501)
12-08 10:06:05.791  1881  1895 E ActivityManager: 	at com.android.server.am.ActivityManagerService.killPackageProcessesLocked(ActivityManagerService.java:7142)
12-08 10:06:05.791  1881  1895 E ActivityManager: 	at com.android.server.am.ActivityManagerService.forceStopPackageLocked(ActivityManagerService.java:7275)
12-08 10:06:05.791  1881  1895 E ActivityManager: 	at com.android.server.am.ActivityManagerService$MainHandler.handleMessage(ActivityManagerService.java:2289)
12-08 10:06:05.791  1881  1895 E ActivityManager: 	at android.os.Handler.dispatchMessage(Handler.java:106)
12-08 10:06:05.791  1881  1895 E ActivityManager: 	at android.os.Looper.loop(Looper.java:193)
12-08 10:06:05.791  1881  1895 E ActivityManager: 	at android.os.HandlerThread.run(HandlerThread.java:65)
12-08 10:06:05.791  1881  1895 E ActivityManager: 	at com.android.server.ServiceThread.run(ServiceThread.java:44)
12-08 10:06:06.818 24081 24081 E droid.apps.doc: Not starting debugger since process cannot load the jdwp agent.
12-08 10:06:09.072 24081 24081 E DocsApplication: [main] No default account found during application creation.
12-08 10:06:09.921  1730  1755 E         : Couldn't opendir /data/app/vmdl178668466.tmp: No such file or directory
12-08 10:06:09.921  1730  1755 E installd: Failed to delete /data/app/vmdl178668466.tmp: No such file or directory
12-08 10:06:11.063  2475 24087 E ChromeSync: [Sync,SyncIntentOperation] Error handling the intent: Intent { act=android.intent.action.PACKAGE_ADDED dat=package:com.evancharlton.mileage flg=0x4000010 cmp=com.google.android.gms/.chimera.GmsIntentOperationService (has extras) }.
12-08 10:06:12.763 24163 24163 E harlton.mileag: Not starting debugger since process cannot load the jdwp agent.
12-08 10:06:14.076  1992 20735 E putmethod.lati: Invalid ID 0x00000001.
12-08 10:06:14.080  1992 20735 E LstmTrainingCache: emn: Can't get resource name for input slot
12-08 10:06:14.080  1992 20735 E LstmTrainingCache: android.content.res.Resources$NotFoundException: Unable to find resource ID #0x1
12-08 10:06:14.080  1992 20735 E LstmTrainingCache: 	at android.content.res.ResourcesImpl.getResourceName(ResourcesImpl.java:255)
12-08 10:06:14.080  1992 20735 E LstmTrainingCache: 	at android.content.res.Resources.getResourceName(Resources.java:1954)
12-08 10:06:14.080  1992 20735 E LstmTrainingCache: 	at emn.a(PG:12)
12-08 10:06:14.080  1992 20735 E LstmTrainingCache: 	at emk.run(PG:5)
12-08 10:06:14.080  1992 20735 E LstmTrainingCache: 	at java.lang.Thread.run(Thread.java:764)
12-08 10:06:26.689  1881  1899 E BatteryExternalStatsWorker: no controller energy info supplied for wifi
12-08 10:06:29.557  2448 23748 E ctxmgr  : [ProducerStatusImpl]updateStateForNewContextData: inactive, contextName=7
12-08 10:06:29.735  2448  2448 E BeaconBle: Missing BluetoothAdapter
12-08 10:06:29.782  2448  2448 E BeaconBle: Scan couldn't start for Places
12-08 10:06:35.231  1611  1695 E audio_hw_generic: pcm_write failed cannot write stream data: I/O error
12-08 10:06:37.585 24210 24210 E oid.apps.photo: Not starting debugger since process cannot load the jdwp agent.
12-08 10:06:38.132 24230 24230 E ocess.gservice: Not starting debugger since process cannot load the jdwp agent.
12-08 10:06:41.853  1881  1894 E memtrack: Couldn't load memtrack module
12-08 10:06:42.104  1828  1828 E netmgr  : Failed to open QEMU pipe 'qemud:network': Invalid argument
12-08 10:06:42.104  1828  1828 E netmgr  : WifiForwarder unable to open QEMU pipe: Invalid argument
12-08 10:06:44.479  1881  4493 E WindowManager: Performed 6 layouts in a row. Skipping
12-08 10:06:44.499  1881  1934 E WindowManager: Performed 6 layouts in a row. Skipping
12-08 10:06:44.526  1881  1934 E WindowManager: Performed 6 layouts in a row. Skipping
12-08 10:06:44.559  1881  1934 E WindowManager: Performed 6 layouts in a row. Skipping
12-08 10:06:44.594  1881  1934 E WindowManager: Performed 6 layouts in a row. Skipping
12-08 10:06:44.612  1881  1896 E WindowManager: Performed 6 layouts in a row. Skipping
12-08 10:06:44.640  1881  1934 E WindowManager: Performed 6 layouts in a row. Skipping
12-08 10:06:44.738  1881  1934 E WindowManager: Performed 6 layouts in a row. Skipping
12-08 10:06:44.767  1881  2408 E WindowManager: Performed 6 layouts in a row. Skipping
12-08 10:06:44.796  1881  1934 E WindowManager: Performed 6 layouts in a row. Skipping
12-08 10:06:44.839  1881  1934 E WindowManager: Performed 6 layouts in a row. Skipping
12-08 10:06:44.873  1881  4900 E WindowManager: Performed 6 layouts in a row. Skipping
12-08 10:06:44.913  1881  1934 E WindowManager: Performed 6 layouts in a row. Skipping
12-08 10:06:44.950  1881  1934 E WindowManager: Performed 6 layouts in a row. Skipping
12-08 10:06:44.978  1881  2408 E WindowManager: Performed 6 layouts in a row. Skipping
12-08 10:06:45.014  1881  4900 E WindowManager: Performed 6 layouts in a row. Skipping
12-08 10:06:45.062  1881  1934 E WindowManager: Performed 6 layouts in a row. Skipping
12-08 10:06:45.082  1881  4900 E WindowManager: Performed 6 layouts in a row. Skipping
12-08 10:06:45.090  1738  1772 E storaged: getDiskStats failed with result NOT_SUPPORTED and size 0
12-08 10:06:45.112  1881  4900 E WindowManager: Performed 6 layouts in a row. Skipping
12-08 10:06:45.149  1881  1934 E WindowManager: Performed 6 layouts in a row. Skipping
12-08 10:06:45.197  1881  1934 E WindowManager: Performed 6 layouts in a row. Skipping
12-08 10:06:46.238  2692  2692 E ContextIntentStarter: No activity found for any of the 0 intents
12-08 10:06:47.249  1881  1894 E memtrack: Couldn't load memtrack module
12-08 10:06:52.566  1611 24279 E audio_hw_generic: pcm_open(in) failed: cannot open device '/dev/snd/pcmC0D0c': Device or resource busy: channels 2 format 0 rate 16000
12-08 10:06:58.117 24282 24282 E boxed_process3: Not starting debugger since process cannot load the jdwp agent.
12-08 10:06:59.136  2692  2692 E ClientVe: Failed to create ClientVisualElementsProto for user interaction on view com.google.android.apps.gsa.searchbox.ui.suggestions.views.CoreSuggestionView{3ced40b VFE...CL. ...P.... 0,289-1038,436 #67} because the view is not tagged for visual element logging.
12-08 10:06:59.282  2692  2692 E ClientVe: Failed to create ClientVisualElementsProto for user interaction on view com.google.android.apps.gsa.searchbox.ui.suggestions.views.CoreSuggestionView{faa67da VFE...CL. ...P.... 0,142-1038,289 #66} because the view is not tagged for visual element logging.
12-08 10:06:59.517  2692  2692 E ClientVe: Failed to create ClientVisualElementsProto for user interaction on view com.google.android.apps.gsa.searchbox.ui.suggestions.views.CoreSuggestionView{3ced40b VFE...CL. ...P.... 0,289-1038,436 #67} because the view is not tagged for visual element logging.
12-08 10:06:59.557  2692  2692 E ClientVe: Failed to create ClientVisualElementsProto for user interaction on view com.google.android.apps.gsa.searchbox.ui.suggestions.views.CoreSuggestionView{3ced40b VFE...CL. ...P.... 0,289-1038,436 #67} because the view is not tagged for visual element logging.
12-08 10:07:00.263  2692  2692 E ClientVe: Failed to create ClientVisualElementsProto for user interaction on view com.google.android.apps.gsa.searchbox.ui.suggestions.views.CoreSuggestionView{faa67da VFE...CL. ...P.... 0,142-1038,289 #66} because the view is not tagged for visual element logging.
12-08 10:07:01.047  2692  2692 E ClientVe: Failed to create ClientVisualElementsProto for user interaction on view com.google.android.apps.gsa.searchbox.ui.suggestions.views.CoreSuggestionView{91bd85 VFE...CL. ...P.... 0,-5-1038,142 #65} because the view is not tagged for visual element logging.
12-08 10:07:03.716  2692  3033 E MicroDetectionWorker: Stale runnable..ignoring
