--------- beginning of system
12-07 11:11:12.205  1737  1809 E storaged: getDiskStats failed with result NOT_SUPPORTED and size 0
--------- beginning of main
12-07 11:11:14.496 10049 10049 E harlton.mileag: Not starting debugger since process cannot load the jdwp agent.
12-07 11:11:23.817  2420  9782 E NetworkScheduler.TED: Dropping task as app's play services SDK version does not support Android O. Either update the SDK or lower your app's target SDK version. Canceling all tasks for the service: ComponentInfo{com.google.android.gms/com.google.android.gms.checkin.EventLogService}
12-07 11:11:25.738  2420  9782 E ctxmgr  : [ProducerStatusImpl]updateStateForNewContextData: inactive, contextName=7
12-07 11:11:26.317  2420  2420 E BeaconBle: Missing BluetoothAdapter
12-07 11:11:26.424  2420  2420 E BeaconBle: Scan couldn't start for Places
12-07 11:11:28.099  9420  9420 E wpa_supplicant: nl80211: Failed to open /proc/sys/net/ipv4/conf/p2p-dev-wlan0/drop_unicast_in_l2_multicast: No such file or directory
12-07 11:11:28.100  9420  9420 E wpa_supplicant: nl80211: Failed to set IPv4 unicast in multicast filter
12-07 11:11:28.129  9420  9420 E wpa_supplicant: nl80211: Failed to open /proc/sys/net/ipv4/conf/p2p-dev-wlan0/drop_unicast_in_l2_multicast: No such file or directory
12-07 11:11:28.129  9420  9420 E wpa_supplicant: nl80211: Failed to set IPv4 unicast in multicast filter
12-07 11:11:28.238  9420  9420 E wpa_supplicant: nl80211: Failed to open /proc/sys/net/ipv4/conf/wlan0/drop_unicast_in_l2_multicast: No such file or directory
12-07 11:11:28.239  9420  9420 E wpa_supplicant: nl80211: Failed to set IPv4 unicast in multicast filter
12-07 11:11:28.239  9420  9420 E wpa_supplicant: nl80211: Failed to open /proc/sys/net/ipv4/conf/wlan0/drop_unicast_in_l2_multicast: No such file or directory
12-07 11:11:28.239  9420  9420 E wpa_supplicant: nl80211: Failed to set IPv4 unicast in multicast filter
12-07 11:11:28.301  9420  9420 E wpa_supplicant: nl80211: Failed to open /proc/sys/net/ipv4/conf/wlan0/drop_unicast_in_l2_multicast: No such file or directory
12-07 11:11:28.301  9420  9420 E wpa_supplicant: nl80211: Failed to set IPv4 unicast in multicast filter
12-07 11:11:28.615  1628  1628 E android.hardware.wifi@1.0-service: Failed to open directory: Permission denied
12-07 11:11:28.615  1628  1628 E android.hardware.wifi@1.0-service: Error occurred while deleting old tombstone files
12-07 11:11:28.615  1628  1628 E android.hardware.wifi@1.0-service: Error writing files to flash
12-07 11:11:28.711  1613 10113 E audio_hw_generic: pcm_open(in) failed: cannot open device '/dev/snd/pcmC0D0c': Device or resource busy: channels 2 format 0 rate 16000
12-07 11:11:29.351  2420  9446 E WakeLock: GCM_HB_ALARM release without a matched acquire!
12-07 11:11:29.357  2420  9446 E GCM     : Connection closed with errorCode 20
12-07 11:11:29.574  1883  1967 E WifiP2pService: Unhandled message { when=-1ms what=131204 target=com.android.internal.util.StateMachine$SmHandler }
12-07 11:11:29.606  2420  9446 E WakeLock: GCM_CONN_ALARM release without a matched acquire!
12-07 11:11:29.614  1883  1901 E BatteryExternalStatsWorker: no controller energy info supplied for wifi
12-07 11:11:30.368  1628  1628 E android.hardware.wifi@1.0-service: Failed to register radio mode change callback
12-07 11:11:30.383  1628  1628 E android.hardware.wifi@1.0-service: Failed to set DFS flag; DFS channels may be unavailable.
12-07 11:11:30.506  1738  1738 E wificond: No Offload Service available
12-07 11:11:30.616  1883  1967 E WifiP2pService: Unhandled message { when=-3ms what=131203 target=com.android.internal.util.StateMachine$SmHandler }
12-07 11:11:30.623  1883  1967 E WifiP2pService: Unhandled message { when=0 what=131203 target=com.android.internal.util.StateMachine$SmHandler }
12-07 11:11:30.635  1883  1901 E BatteryExternalStatsWorker: no controller energy info supplied for wifi
12-07 11:11:30.640  1883  1901 E BatteryExternalStatsWorker: no controller energy info supplied for wifi
12-07 11:11:34.613  1883  1901 E BatteryExternalStatsWorker: no controller energy info supplied for wifi
12-07 11:11:35.467  1735  1813 E Netd    : Error adding route ::/0 -> fe80::ff:fe00:100 wlan0 to table 1003: File exists
12-07 11:11:41.122  2420  9996 E ctxmgr  : [ProducerStatusImpl]updateStateForNewContextData: inactive, contextName=7
12-07 11:11:41.693  2420  2420 E BeaconBle: Scan couldn't start for Places
12-07 11:11:44.985 10153 10153 E boxed_process3: Not starting debugger since process cannot load the jdwp agent.
12-07 11:11:54.935  2420 10133 E WakeLock: GCM_HB_ALARM release without a matched acquire!
12-07 11:11:55.338  2759  2759 E ContextIntentStarter: No activity found for any of the 0 intents
12-07 11:11:57.754  2759  2759 E ClientVe: Failed to create ClientVisualElementsProto for user interaction on view com.google.android.apps.gsa.searchbox.ui.suggestions.views.CoreSuggestionView{ae76c38 VFE...CL. ...P.... 0,583-1038,730 #a5} because the view is not tagged for visual element logging.
12-07 11:11:58.000  2759  2759 E ClientVe: Failed to create ClientVisualElementsProto for user interaction on view com.google.android.apps.gsa.searchbox.ui.suggestions.views.CoreSuggestionView{ae76c38 VFE...CL. ...P.... 0,583-1038,730 #a5} because the view is not tagged for visual element logging.
12-07 11:11:58.003  2759  2759 E ClientVe: Failed to create ClientVisualElementsProto for user interaction on view com.google.android.apps.gsa.searchbox.ui.suggestions.views.CoreSuggestionView{f512976 VFE...CL. ...P.... 0,142-1038,289 #a2} because the view is not tagged for visual element logging.
12-07 11:11:59.023  2759  2759 E ClientVe: Failed to create ClientVisualElementsProto for user interaction on view com.google.android.apps.gsa.searchbox.ui.suggestions.views.CoreSuggestionView{7c313e4 VFE...CL. ...P..I. 0,436-1038,583 #a4} because the view is not tagged for visual element logging.
12-07 11:12:00.033  1613 10202 E audio_hw_generic: pcm_open(in) failed: cannot open device '/dev/snd/pcmC0D0c': Device or resource busy: channels 2 format 0 rate 16000
12-07 11:12:04.065  2759  2759 E SpannableStringBuilder: SPAN_EXCLUSIVE_EXCLUSIVE spans cannot have a zero length
12-07 11:12:04.065  2759  2759 E SpannableStringBuilder: SPAN_EXCLUSIVE_EXCLUSIVE spans cannot have a zero length
12-07 11:12:06.499  1829  1829 E netmgr  : Failed to open QEMU pipe 'qemud:network': Invalid argument
12-07 11:12:06.500  1829  1829 E netmgr  : WifiForwarder unable to open QEMU pipe: Invalid argument
12-07 11:12:12.208  1737  1809 E storaged: getDiskStats failed with result NOT_SUPPORTED and size 0
12-07 11:12:15.324  2759  2759 E ContextIntentStarter: No activity found for any of the 0 intents
12-07 11:12:19.913  2759  2759 E ContextIntentStarter: No activity found for any of the 0 intents
12-07 11:12:25.515  2420 10013 E ctxmgr  : [ProducerStatusImpl]updateStateForNewContextData: inactive, contextName=7
12-07 11:12:26.027  2420  2420 E BeaconBle: Missing BluetoothAdapter
12-07 11:12:26.106  2420  2420 E BeaconBle: Scan couldn't start for Places
12-07 11:12:30.292  2528  9799 E SQLiteCastStore: Skip saving CastDeviceInfo: "Nearby device" (__cast_nearby___V_5cc83879-177f-4fbc-9776-8079df6e255f)
12-07 11:12:31.872  1613 10243 E audio_hw_generic: pcm_open(in) failed: cannot open device '/dev/snd/pcmC0D0c': Device or resource busy: channels 2 format 0 rate 16000
12-07 11:12:32.306  2759  2759 E ClientVe: Failed to create ClientVisualElementsProto for user interaction on view com.google.android.apps.gsa.searchbox.ui.suggestions.views.CoreSuggestionView{b65f21b VFE...CL. ...P.... 21,436-1059,583 #a8} because the view is not tagged for visual element logging.
12-07 11:12:33.927  2759  2759 E ClientVe: Failed to create ClientVisualElementsProto for user interaction on view com.google.android.apps.gsa.searchbox.ui.suggestions.views.CoreSuggestionView{9768993 VFE...CL. ...P.... 21,1024-1059,1171 #ac} because the view is not tagged for visual element logging.
12-07 11:12:34.991  2420 10196 E WakeLock: GCM_HB_ALARM release without a matched acquire!
12-07 11:12:35.038  2420 10196 E WakeLock: GCM_CONN_ALARM release without a matched acquire!
12-07 11:12:35.067  1613 10248 E audio_hw_generic: pcm_open(in) failed: cannot open device '/dev/snd/pcmC0D0c': Device or resource busy: channels 2 format 0 rate 16000
12-07 11:12:47.789  2759  2759 E ContextIntentStarter: No activity found for any of the 0 intents
12-07 11:12:49.834  2759  2759 E ClientVe: Failed to create ClientVisualElementsProto for user interaction on view com.google.android.apps.gsa.searchbox.ui.suggestions.views.CoreSuggestionView{4eefde8 VFE...CL. ...P.... 0,-5-1038,142 #b3} because the view is not tagged for visual element logging.
12-07 11:12:49.977  2759  2759 E ClientVe: Failed to create ClientVisualElementsProto for user interaction on view com.google.android.apps.gsa.searchbox.ui.suggestions.views.CoreSuggestionView{bc0ce7 VFE...CL. ...P.... 0,436-1038,583 #b6} because the view is not tagged for visual element logging.
12-07 11:12:50.139  2759  2759 E ClientVe: Failed to create ClientVisualElementsProto for user interaction on view com.google.android.apps.gsa.searchbox.ui.suggestions.views.CoreSuggestionView{4eefde8 VFE...CL. ...P.... 0,-5-1038,142 #b3} because the view is not tagged for visual element logging.
12-07 11:12:51.737  1613 10267 E audio_hw_generic: pcm_open(in) failed: cannot open device '/dev/snd/pcmC0D0c': Device or resource busy: channels 2 format 0 rate 16000
12-07 11:12:53.611  1990  1990 E native  : clearcut-logger.cc:191 USER_EDIT span#originalSpan is missing
12-07 11:13:06.274  1613 10285 E audio_hw_generic: pcm_open(in) failed: cannot open device '/dev/snd/pcmC0D0c': Device or resource busy: channels 2 format 0 rate 16000
12-07 11:13:06.502  1829  1829 E netmgr  : Failed to open QEMU pipe 'qemud:network': Invalid argument
12-07 11:13:06.502  1829  1829 E netmgr  : WifiForwarder unable to open QEMU pipe: Invalid argument
12-07 11:13:12.214  1737  1809 E storaged: getDiskStats failed with result NOT_SUPPORTED and size 0
