--------- beginning of main
--------- beginning of system
12-09 05:45:22.787  1739  1762 E storaged: getDiskStats failed with result NOT_SUPPORTED and size 0
12-09 05:45:23.655  1885  1899 E ActivityManager: Failure starting process com.evancharlton.mileage
12-09 05:45:23.655  1885  1899 E ActivityManager: java.lang.SecurityException: Package com.evancharlton.mileage was not found!
12-09 05:45:23.655  1885  1899 E ActivityManager: 	at com.android.server.pm.PackageManagerService.checkPackageStartable(PackageManagerService.java:3987)
12-09 05:45:23.655  1885  1899 E ActivityManager: 	at com.android.server.am.ActivityManagerService.startProcessLocked(ActivityManagerService.java:4234)
12-09 05:45:23.655  1885  1899 E ActivityManager: 	at com.android.server.am.ActivityManagerService.startProcessLocked(ActivityManagerService.java:4199)
12-09 05:45:23.655  1885  1899 E ActivityManager: 	at com.android.server.am.ActivityManagerService.startProcessLocked(ActivityManagerService.java:4181)
12-09 05:45:23.655  1885  1899 E ActivityManager: 	at com.android.server.am.ActivityManagerService.startProcessLocked(ActivityManagerService.java:4067)
12-09 05:45:23.655  1885  1899 E ActivityManager: 	at com.android.server.am.ActivityStackSupervisor.startSpecificActivityLocked(ActivityStackSupervisor.java:1715)
12-09 05:45:23.655  1885  1899 E ActivityManager: 	at com.android.server.am.ActivityStack.resumeTopActivityInnerLocked(ActivityStack.java:2764)
12-09 05:45:23.655  1885  1899 E ActivityManager: 	at com.android.server.am.ActivityStack.resumeTopActivityUncheckedLocked(ActivityStack.java:2302)
12-09 05:45:23.655  1885  1899 E ActivityManager: 	at com.android.server.am.ActivityStackSupervisor.resumeFocusedStackTopActivityLocked(ActivityStackSupervisor.java:2234)
12-09 05:45:23.655  1885  1899 E ActivityManager: 	at com.android.server.am.ActivityStackSupervisor.resumeFocusedStackTopActivityLocked(ActivityStackSupervisor.java:2218)
12-09 05:45:23.655  1885  1899 E ActivityManager: 	at com.android.server.am.ActivityManagerService.handleAppDiedLocked(ActivityManagerService.java:5923)
12-09 05:45:23.655  1885  1899 E ActivityManager: 	at com.android.server.am.ActivityManagerService.removeProcessLocked(ActivityManagerService.java:7501)
12-09 05:45:23.655  1885  1899 E ActivityManager: 	at com.android.server.am.ActivityManagerService.killPackageProcessesLocked(ActivityManagerService.java:7142)
12-09 05:45:23.655  1885  1899 E ActivityManager: 	at com.android.server.am.ActivityManagerService.forceStopPackageLocked(ActivityManagerService.java:7275)
12-09 05:45:23.655  1885  1899 E ActivityManager: 	at com.android.server.am.ActivityManagerService$MainHandler.handleMessage(ActivityManagerService.java:2289)
12-09 05:45:23.655  1885  1899 E ActivityManager: 	at android.os.Handler.dispatchMessage(Handler.java:106)
12-09 05:45:23.655  1885  1899 E ActivityManager: 	at android.os.Looper.loop(Looper.java:193)
12-09 05:45:23.655  1885  1899 E ActivityManager: 	at android.os.HandlerThread.run(HandlerThread.java:65)
12-09 05:45:23.655  1885  1899 E ActivityManager: 	at com.android.server.ServiceThread.run(ServiceThread.java:44)
12-09 05:45:23.850  2342  6780 E IconLoader: Unexpected null component name or activity info: ComponentInfo{com.evancharlton.mileage/com.evancharlton.mileage.Mileage}, null
12-09 05:45:24.296 19391 19391 E id.defcontaine: Not starting debugger since process cannot load the jdwp agent.
12-09 05:45:24.380 19413 19413 E ndroid.keychai: Not starting debugger since process cannot load the jdwp agent.
12-09 05:45:24.391 19406 19406 E oid.documentsu: Not starting debugger since process cannot load the jdwp agent.
12-09 05:45:25.193 19466 19466 E droid.apps.doc: Not starting debugger since process cannot load the jdwp agent.
12-09 05:45:26.296 19495 19495 E d.process.medi: Not starting debugger since process cannot load the jdwp agent.
12-09 05:45:26.518 19516 19516 E id.defcontaine: Not starting debugger since process cannot load the jdwp agent.
12-09 05:45:26.616 19531 19531 E ocess.gservice: Not starting debugger since process cannot load the jdwp agent.
12-09 05:45:27.194  1633  1633 E lowmemorykiller: Error opening /proc/19466/oom_score_adj; errno=2
12-09 05:45:27.196  1633  1633 E lowmemorykiller: Error opening /proc/19406/oom_score_adj; errno=2
12-09 05:45:27.214  1633  1633 E lowmemorykiller: Error opening /proc/19406/oom_score_adj; errno=2
12-09 05:45:27.254 19551 19551 E ocess.gservice: Not starting debugger since process cannot load the jdwp agent.
12-09 05:45:28.657  1731  1949 E         : Couldn't opendir /data/app/vmdl1987798691.tmp: No such file or directory
12-09 05:45:28.657  1731  1949 E installd: Failed to delete /data/app/vmdl1987798691.tmp: No such file or directory
12-09 05:45:31.900 19591 19591 E harlton.mileag: Not starting debugger since process cannot load the jdwp agent.
12-09 05:45:44.796 19624 19624 E emui:screensho: Not starting debugger since process cannot load the jdwp agent.
12-09 05:45:45.527 19624 19624 E SoundPool: error loading /product/media/audio/ui/camera_click.ogg
12-09 05:45:45.840  1741  2075 E OMXNodeInstance: getConfig(0xe93913c0:google.vorbis.decoder, ConfigAndroidVendorExtension(0x6f100004)) ERROR: Undefined(0x80001001)
12-09 05:45:47.415 19647 19647 E earchbox:searc: Not starting debugger since process cannot load the jdwp agent.
12-09 05:45:48.458 19667 19667 E d.process.medi: Not starting debugger since process cannot load the jdwp agent.
12-09 05:45:49.464 19647 19647 E OverlaySController: Calling with an invalid UID, the interface will not work
12-09 05:45:49.876 19695 19695 E ocess.gservice: Not starting debugger since process cannot load the jdwp agent.
12-09 05:45:50.178 19714 19714 E id.partnersetu: Not starting debugger since process cannot load the jdwp agent.
12-09 05:45:50.192 19723 19723 E e.process.gapp: Not starting debugger since process cannot load the jdwp agent.
12-09 05:45:50.218 19647 19708 E BluetoothAdapter: Bluetooth binder is null
12-09 05:45:59.139  2378 19182 E ctxmgr  : [ProducerStatusImpl]updateStateForNewContextData: inactive, contextName=7
12-09 05:45:59.303 19794 19794 E oid.apps.photo: Not starting debugger since process cannot load the jdwp agent.
12-09 05:46:00.073 15954 15954 E wpa_supplicant: nl80211: Failed to open /proc/sys/net/ipv4/conf/p2p-dev-wlan0/drop_unicast_in_l2_multicast: No such file or directory
12-09 05:46:00.074 15954 15954 E wpa_supplicant: nl80211: Failed to set IPv4 unicast in multicast filter
12-09 05:46:00.146 15954 15954 E wpa_supplicant: nl80211: Failed to open /proc/sys/net/ipv4/conf/p2p-dev-wlan0/drop_unicast_in_l2_multicast: No such file or directory
12-09 05:46:00.146 15954 15954 E wpa_supplicant: nl80211: Failed to set IPv4 unicast in multicast filter
12-09 05:46:00.316 15954 15954 E wpa_supplicant: nl80211: Failed to open /proc/sys/net/ipv4/conf/wlan0/drop_unicast_in_l2_multicast: No such file or directory
12-09 05:46:00.316 15954 15954 E wpa_supplicant: nl80211: Failed to set IPv4 unicast in multicast filter
12-09 05:46:00.316 15954 15954 E wpa_supplicant: nl80211: Failed to open /proc/sys/net/ipv4/conf/wlan0/drop_unicast_in_l2_multicast: No such file or directory
12-09 05:46:00.316 15954 15954 E wpa_supplicant: nl80211: Failed to set IPv4 unicast in multicast filter
12-09 05:46:00.407 15954 15954 E wpa_supplicant: nl80211: Failed to open /proc/sys/net/ipv4/conf/wlan0/drop_unicast_in_l2_multicast: No such file or directory
12-09 05:46:00.409 15954 15954 E wpa_supplicant: nl80211: Failed to set IPv4 unicast in multicast filter
12-09 05:46:00.821  1629  1629 E android.hardware.wifi@1.0-service: Failed to open directory: Permission denied
12-09 05:46:00.822  1629  1629 E android.hardware.wifi@1.0-service: Error occurred while deleting old tombstone files
12-09 05:46:00.822  1629  1629 E android.hardware.wifi@1.0-service: Error writing files to flash
12-09 05:46:00.832  2378  2378 E BeaconBle: Missing BluetoothAdapter
12-09 05:46:00.986  2378  2378 E BeaconBle: Scan couldn't start for Places
12-09 05:46:01.137  1885  1971 E WifiP2pService: Unhandled message { when=-1ms what=131204 target=com.android.internal.util.StateMachine$SmHandler }
12-09 05:46:01.213  1885  1903 E BatteryExternalStatsWorker: no controller energy info supplied for wifi
12-09 05:46:01.341  2378 16126 E WakeLock: GCM_HB_ALARM release without a matched acquire!
12-09 05:46:01.397  2378 16126 E WakeLock: GCM_CONN_ALARM release without a matched acquire!
12-09 05:46:01.234  1885  1903 E BatteryExternalStatsWorker: no controller energy info supplied for wifi
12-09 05:46:01.986 19647 19647 E ContextIntentStarter: No activity found for any of the 0 intents
12-09 05:46:02.409  1633  1633 E lowmemorykiller: Error writing /proc/19624/oom_score_adj; errno=22
12-09 05:46:08.557 19861 19861 E rrierdefaultap: Not starting debugger since process cannot load the jdwp agent.
12-09 05:46:11.049  1633  1633 E lowmemorykiller: Error opening /proc/19714/oom_score_adj; errno=2
12-09 05:46:13.017 19884 19884 E id.partnersetu: Not starting debugger since process cannot load the jdwp agent.
12-09 05:46:13.596 19901 19901 E dboxed_process: Not starting debugger since process cannot load the jdwp agent.
12-09 05:46:14.782 19647 19924 E BluetoothAdapter: Bluetooth binder is null
12-09 05:46:14.927  1834  1834 E netmgr  : Failed to open QEMU pipe 'qemud:network': Invalid argument
12-09 05:46:14.928  1834  1834 E netmgr  : WifiForwarder unable to open QEMU pipe: Invalid argument
12-09 05:46:16.250 19647 19647 E ClientVe: Failed to create ClientVisualElementsProto for user interaction on view com.google.android.apps.gsa.searchbox.ui.suggestions.views.CoreSuggestionView{35caa1e VFE...CL. ...P.... 0,289-1038,436 #3} because the view is not tagged for visual element logging.
12-09 05:46:22.822  1739  1762 E storaged: getDiskStats failed with result NOT_SUPPORTED and size 0
12-09 05:47:14.932  1834  1834 E netmgr  : Failed to open QEMU pipe 'qemud:network': Invalid argument
12-09 05:47:14.932  1834  1834 E netmgr  : WifiForwarder unable to open QEMU pipe: Invalid argument
12-09 05:47:22.826  1739  1762 E storaged: getDiskStats failed with result NOT_SUPPORTED and size 0
12-09 05:47:38.517 19964 19964 E id.gms.learnin: Not starting debugger since process cannot load the jdwp agent.
12-09 05:47:39.361 19979 19979 E ocess.gservice: Not starting debugger since process cannot load the jdwp agent.
12-09 05:48:14.944  1834  1834 E netmgr  : Failed to open QEMU pipe 'qemud:network': Invalid argument
12-09 05:48:14.944  1834  1834 E netmgr  : WifiForwarder unable to open QEMU pipe: Invalid argument
12-09 05:48:22.832  1739  1762 E storaged: getDiskStats failed with result NOT_SUPPORTED and size 0
12-09 05:48:23.196 20009 20009 E harlton.mileag: Not starting debugger since process cannot load the jdwp agent.
