--------- beginning of main
--------- beginning of system
12-07 22:34:52.001  1729  1931 E         : Couldn't opendir /data/app/vmdl1251894823.tmp: No such file or directory
12-07 22:34:52.002  1729  1931 E installd: Failed to delete /data/app/vmdl1251894823.tmp: No such file or directory
12-07 22:34:54.627 11370 11370 E harlton.mileag: Not starting debugger since process cannot load the jdwp agent.
12-07 22:34:55.831 16085 31762 E putmethod.lati: Invalid ID 0x00000001.
12-07 22:34:55.833 16085 31762 E LstmTrainingCache: emn: Can't get resource name for input slot
12-07 22:34:55.833 16085 31762 E LstmTrainingCache: android.content.res.Resources$NotFoundException: Unable to find resource ID #0x1
12-07 22:34:55.833 16085 31762 E LstmTrainingCache: 	at android.content.res.ResourcesImpl.getResourceName(ResourcesImpl.java:255)
12-07 22:34:55.833 16085 31762 E LstmTrainingCache: 	at android.content.res.Resources.getResourceName(Resources.java:1954)
12-07 22:34:55.833 16085 31762 E LstmTrainingCache: 	at emn.a(PG:12)
12-07 22:34:55.833 16085 31762 E LstmTrainingCache: 	at emk.run(PG:5)
12-07 22:34:55.833 16085 31762 E LstmTrainingCache: 	at java.lang.Thread.run(Thread.java:764)
12-07 22:35:03.468 16506 11177 E ctxmgr  : [AppIntervalImpl]closeInterval: ongoing
12-07 22:35:03.478 16506 11177 E ctxmgr  : [AppIntervalImpl]closeInterval: ongoing
12-07 22:35:10.853  1829  1829 E netmgr  : Failed to open QEMU pipe 'qemud:network': Invalid argument
12-07 22:35:10.854  1829  1829 E netmgr  : WifiForwarder unable to open QEMU pipe: Invalid argument
12-07 22:35:13.618 15976 16042 E WindowManager: Performed 6 layouts in a row. Skipping
12-07 22:35:13.634 15976 16026 E WindowManager: Performed 6 layouts in a row. Skipping
12-07 22:35:13.652 15976 16115 E WindowManager: Performed 6 layouts in a row. Skipping
12-07 22:35:13.679 15976 16116 E WindowManager: Performed 6 layouts in a row. Skipping
12-07 22:35:13.706 15976 16745 E WindowManager: Performed 6 layouts in a row. Skipping
12-07 22:35:13.771 15976 16026 E WindowManager: Performed 6 layouts in a row. Skipping
12-07 22:35:13.790 15976 16745 E WindowManager: Performed 6 layouts in a row. Skipping
12-07 22:35:13.814 15976 15991 E WindowManager: Performed 6 layouts in a row. Skipping
12-07 22:35:13.836 15976 16026 E WindowManager: Performed 6 layouts in a row. Skipping
12-07 22:35:13.889 15976 16026 E WindowManager: Performed 6 layouts in a row. Skipping
12-07 22:35:13.910 15976 16115 E WindowManager: Performed 6 layouts in a row. Skipping
12-07 22:35:13.948 15976 19360 E WindowManager: Performed 6 layouts in a row. Skipping
12-07 22:35:13.983 15976 16026 E WindowManager: Performed 6 layouts in a row. Skipping
12-07 22:35:14.091 15976 16026 E WindowManager: Performed 6 layouts in a row. Skipping
12-07 22:35:15.423 15976 16026 E WindowManager: Performed 6 layouts in a row. Skipping
12-07 22:35:15.463 15976 16116 E WindowManager: Performed 6 layouts in a row. Skipping
12-07 22:35:15.520 15976 16026 E WindowManager: Performed 6 layouts in a row. Skipping
12-07 22:35:15.890 16506 16506 E BeaconBle: Missing BluetoothAdapter
12-07 22:35:15.945 15976 16026 E WindowManager: Performed 6 layouts in a row. Skipping
12-07 22:35:15.969 16506 16506 E BeaconBle: Scan couldn't start for Places
12-07 22:35:15.976 15976 17135 E WindowManager: Performed 6 layouts in a row. Skipping
12-07 22:35:16.003 15976 16026 E WindowManager: Performed 6 layouts in a row. Skipping
12-07 22:35:16.026 15976 19437 E WindowManager: Performed 6 layouts in a row. Skipping
12-07 22:35:16.050 15976 16026 E WindowManager: Performed 6 layouts in a row. Skipping
12-07 22:35:16.081 15976 16026 E WindowManager: Performed 6 layouts in a row. Skipping
12-07 22:35:16.101 15976 19437 E WindowManager: Performed 6 layouts in a row. Skipping
12-07 22:35:16.137 15976 16026 E WindowManager: Performed 6 layouts in a row. Skipping
12-07 22:35:18.564 15976 16026 E WindowManager: Performed 6 layouts in a row. Skipping
12-07 22:35:18.996 16506 11436 E WakeLock: GCM_HB_ALARM release without a matched acquire!
12-07 22:35:19.014 16506 11436 E WakeLock: GCM_CONN_ALARM release without a matched acquire!
12-07 22:35:26.389 16085 16085 E native  : clearcut-logger.cc:191 USER_EDIT span#originalSpan is missing
12-07 22:35:27.222 10641 10641 E ContextIntentStarter: No activity found for any of the 0 intents
12-07 22:35:33.473  1737  1809 E storaged: getDiskStats failed with result NOT_SUPPORTED and size 0
12-07 22:35:35.337 15927 11454 E audio_hw_generic: pcm_open(in) failed: cannot open device '/dev/snd/pcmC0D0c': Device or resource busy: channels 2 format 0 rate 16000
12-07 22:36:10.860  1829  1829 E netmgr  : Failed to open QEMU pipe 'qemud:network': Invalid argument
12-07 22:36:10.860  1829  1829 E netmgr  : WifiForwarder unable to open QEMU pipe: Invalid argument
12-07 22:36:28.906 16410 10993 E SQLiteCastStore: Skip saving CastDeviceInfo: "Nearby device" (__cast_nearby___V_865ddae6-2e2a-4984-8557-4363cc1b7842)
12-07 22:36:33.479  1737  1809 E storaged: getDiskStats failed with result NOT_SUPPORTED and size 0
12-07 22:37:10.863  1829  1829 E netmgr  : Failed to open QEMU pipe 'qemud:network': Invalid argument
12-07 22:37:10.863  1829  1829 E netmgr  : WifiForwarder unable to open QEMU pipe: Invalid argument
12-07 22:37:33.483  1737  1809 E storaged: getDiskStats failed with result NOT_SUPPORTED and size 0
12-07 22:37:59.853 11503 11503 E hod.latin:trai: Not starting debugger since process cannot load the jdwp agent.
12-07 22:38:03.392 16085 16085 E native  : suggestion-transformer.cc:118 suggestion picked candidate not found for id: 3
