--------- beginning of system
--------- beginning of main
12-09 10:09:59.724 13436 13436 E id.defcontaine: Not starting debugger since process cannot load the jdwp agent.
12-09 10:10:00.697 13509 13509 E droid.apps.doc: Not starting debugger since process cannot load the jdwp agent.
12-09 10:10:00.786  1633  1633 E lowmemorykiller: Error opening /proc/13441/oom_score_adj; errno=2
12-09 10:10:01.440 13532 13532 E id.defcontaine: Not starting debugger since process cannot load the jdwp agent.
12-09 10:10:01.556 13547 13547 E d.process.medi: Not starting debugger since process cannot load the jdwp agent.
12-09 10:10:03.492  1731  1949 E         : Couldn't opendir /data/app/vmdl401192752.tmp: No such file or directory
12-09 10:10:03.492  1731  1949 E installd: Failed to delete /data/app/vmdl401192752.tmp: No such file or directory
12-09 10:10:07.016 13593 13593 E harlton.mileag: Not starting debugger since process cannot load the jdwp agent.
12-09 10:10:08.790  1994  7294 E putmethod.lati: Invalid ID 0x00000001.
12-09 10:10:08.803  1994  7294 E LstmTrainingCache: emn: Can't get resource name for input slot
12-09 10:10:08.803  1994  7294 E LstmTrainingCache: android.content.res.Resources$NotFoundException: Unable to find resource ID #0x1
12-09 10:10:08.803  1994  7294 E LstmTrainingCache: 	at android.content.res.ResourcesImpl.getResourceName(ResourcesImpl.java:255)
12-09 10:10:08.803  1994  7294 E LstmTrainingCache: 	at android.content.res.Resources.getResourceName(Resources.java:1954)
12-09 10:10:08.803  1994  7294 E LstmTrainingCache: 	at emn.a(PG:12)
12-09 10:10:08.803  1994  7294 E LstmTrainingCache: 	at emk.run(PG:5)
12-09 10:10:08.803  1994  7294 E LstmTrainingCache: 	at java.lang.Thread.run(Thread.java:764)
12-09 10:10:14.159  1834  1834 E netmgr  : Failed to open QEMU pipe 'qemud:network': Invalid argument
12-09 10:10:14.167  1834  1834 E netmgr  : WifiForwarder unable to open QEMU pipe: Invalid argument
12-09 10:10:18.322  1994  7294 E putmethod.lati: Invalid ID 0x00000001.
12-09 10:10:18.361  1994  7294 E LstmTrainingCache: emn: Can't get resource name for input slot
12-09 10:10:18.361  1994  7294 E LstmTrainingCache: android.content.res.Resources$NotFoundException: Unable to find resource ID #0x1
12-09 10:10:18.361  1994  7294 E LstmTrainingCache: 	at android.content.res.ResourcesImpl.getResourceName(ResourcesImpl.java:255)
12-09 10:10:18.361  1994  7294 E LstmTrainingCache: 	at android.content.res.Resources.getResourceName(Resources.java:1954)
12-09 10:10:18.361  1994  7294 E LstmTrainingCache: 	at emn.a(PG:12)
12-09 10:10:18.361  1994  7294 E LstmTrainingCache: 	at emk.run(PG:5)
12-09 10:10:18.361  1994  7294 E LstmTrainingCache: 	at java.lang.Thread.run(Thread.java:764)
12-09 10:10:19.654  1633  1633 E lowmemorykiller: Error opening /proc/2524/oom_score_adj; errno=2
12-09 10:10:19.716  1633  1633 E lowmemorykiller: Error opening /proc/2524/oom_score_adj; errno=2
12-09 10:10:20.623 13623 13623 E emui:screensho: Not starting debugger since process cannot load the jdwp agent.
12-09 10:10:20.760 13637 13637 E oid.setupwizar: Not starting debugger since process cannot load the jdwp agent.
12-09 10:10:21.765 13623 13623 E SoundPool: error loading /product/media/audio/ui/camera_click.ogg
12-09 10:10:22.161  1739  1762 E storaged: getDiskStats failed with result NOT_SUPPORTED and size 0
12-09 10:10:22.271  1741  1741 E OMXNodeInstance: getConfig(0xe9391180:google.vorbis.decoder, ConfigAndroidVendorExtension(0x6f100004)) ERROR: Undefined(0x80001001)
12-09 10:10:22.735 13677 13677 E ocess.gservice: Not starting debugger since process cannot load the jdwp agent.
12-09 10:10:25.165 13753 13753 E d.process.medi: Not starting debugger since process cannot load the jdwp agent.
12-09 10:10:26.334 13781 13781 E earchbox:searc: Not starting debugger since process cannot load the jdwp agent.
12-09 10:10:28.286 13781 13781 E OverlaySController: Calling with an invalid UID, the interface will not work
12-09 10:10:28.854 13781 13813 E BluetoothAdapter: Bluetooth binder is null
12-09 10:10:28.959 13823 13823 E id.partnersetu: Not starting debugger since process cannot load the jdwp agent.
12-09 10:10:28.992 13835 13835 E e.process.gapp: Not starting debugger since process cannot load the jdwp agent.
12-09 10:10:34.888  1994  1994 E native  : suggestion-transformer.cc:118 suggestion picked candidate not found for id: 2
12-09 10:10:35.358 13690 13884 E Finsky  : [6522] com.google.android.finsky.as.c.a(27): Unable to build selector: /storage/emulated/0/Download/marketenvs.csv (No such file or directory)
12-09 10:10:35.560  2378 13717 E ctxmgr  : [ProducerStatusImpl]updateStateForNewContextData: inactive, contextName=7
12-09 10:10:35.691  2378 13717 E ctxmgr  : [ProducerStatusImpl]updateStateForNewContextData: inactive, contextName=1
12-09 10:10:35.882  2378  3140 E PlaceInferenceEngine: Position timestamp out of order. Previous: 1544349925609, Current: 1544332236000. Skipping this Position.
12-09 10:10:36.374 13900 13900 E oid.apps.photo: Not starting debugger since process cannot load the jdwp agent.
12-09 10:10:36.561  2378  2378 E BeaconBle: Missing BluetoothAdapter
12-09 10:10:36.742  2378  2378 E BeaconBle: Scan couldn't start for Places
12-09 10:10:37.730 13781 13781 E ContextIntentStarter: No activity found for any of the 0 intents
12-09 10:10:39.255  1726  1911 E SurfaceFlinger: getLayerUser(name=0xe79c42c0) is dead
12-09 10:10:48.842 13975 13975 E webview_servic: Not starting debugger since process cannot load the jdwp agent.
12-09 10:10:48.916 13989 13989 E dboxed_process: Not starting debugger since process cannot load the jdwp agent.
12-09 10:10:49.990 13781 14019 E BluetoothAdapter: Bluetooth binder is null
12-09 10:10:55.332  2378  2968 E akgr    : Phenotype API error. Event # brpy@5cde6326, EventCode: 12 [CONTEXT service_id=51 ]
12-09 10:10:55.332  2378  2968 E akgr    : akfn: 29503
12-09 10:10:55.332  2378  2968 E akgr    : 	at akgy.a(:com.google.android.gms@14799040@14.7.99 (100700-223214910):40)
12-09 10:10:55.332  2378  2968 E akgr    : 	at akgx.b(Unknown Source:2)
12-09 10:10:55.332  2378  2968 E akgr    : 	at akgr.a(:com.google.android.gms@14799040@14.7.99 (100700-223214910):107)
12-09 10:10:55.332  2378  2968 E akgr    : 	at akgr.a(:com.google.android.gms@14799040@14.7.99 (100700-223214910):101)
12-09 10:10:55.332  2378  2968 E akgr    : 	at ybc.run(:com.google.android.gms@14799040@14.7.99 (100700-223214910):27)
12-09 10:10:55.332  2378  2968 E akgr    : 	at beyi.run(:com.google.android.gms@14799040@14.7.99 (100700-223214910):2)
12-09 10:10:55.332  2378  2968 E akgr    : 	at qwc.run(:com.google.android.gms@14799040@14.7.99 (100700-223214910):21)
12-09 10:10:55.332  2378  2968 E akgr    : 	at java.util.concurrent.ThreadPoolExecutor.runWorker(ThreadPoolExecutor.java:1167)
12-09 10:10:55.332  2378  2968 E akgr    : 	at java.util.concurrent.ThreadPoolExecutor$Worker.run(ThreadPoolExecutor.java:641)
12-09 10:10:55.332  2378  2968 E akgr    : 	at rbx.run(Unknown Source:7)
12-09 10:10:55.332  2378  2968 E akgr    : 	at java.lang.Thread.run(Thread.java:764)
12-09 10:10:55.338  2378  2968 E AsyncOperation: serviceID=51, operation=GetCommittedConfigurationOperationCall
12-09 10:10:55.338  2378  2968 E AsyncOperation: OperationException[Status{statusCode=unknown status code: 29503, resolution=null}]
12-09 10:10:55.338  2378  2968 E AsyncOperation: 	at akgr.a(:com.google.android.gms@14799040@14.7.99 (100700-223214910):115)
12-09 10:10:55.338  2378  2968 E AsyncOperation: 	at akgr.a(:com.google.android.gms@14799040@14.7.99 (100700-223214910):101)
12-09 10:10:55.338  2378  2968 E AsyncOperation: 	at ybc.run(:com.google.android.gms@14799040@14.7.99 (100700-223214910):27)
12-09 10:10:55.338  2378  2968 E AsyncOperation: 	at beyi.run(:com.google.android.gms@14799040@14.7.99 (100700-223214910):2)
12-09 10:10:55.338  2378  2968 E AsyncOperation: 	at qwc.run(:com.google.android.gms@14799040@14.7.99 (100700-223214910):21)
12-09 10:10:55.338  2378  2968 E AsyncOperation: 	at java.util.concurrent.ThreadPoolExecutor.runWorker(ThreadPoolExecutor.java:1167)
12-09 10:10:55.338  2378  2968 E AsyncOperation: 	at java.util.concurrent.ThreadPoolExecutor$Worker.run(ThreadPoolExecutor.java:641)
12-09 10:10:55.338  2378  2968 E AsyncOperation: 	at rbx.run(Unknown Source:7)
12-09 10:10:55.338  2378  2968 E AsyncOperation: 	at java.lang.Thread.run(Thread.java:764)
12-09 10:10:55.356  2378  3011 E NetRec  : [109] ahqw.a: Could not retrieve server token for package com.google.android.apps.gcs
12-09 10:10:55.356  2378  3011 E NetRec  : java.util.concurrent.ExecutionException: ppw: 29503: 
12-09 10:10:55.356  2378  3011 E NetRec  : 	at arhb.b(:com.google.android.gms@14799040@14.7.99 (100700-223214910):2)
12-09 10:10:55.356  2378  3011 E NetRec  : 	at arhb.a(:com.google.android.gms@14799040@14.7.99 (100700-223214910):28)
12-09 10:10:55.356  2378  3011 E NetRec  : 	at ahqw.a(:com.google.android.gms@14799040@14.7.99 (100700-223214910):1)
12-09 10:10:55.356  2378  3011 E NetRec  : 	at ahqw.a(:com.google.android.gms@14799040@14.7.99 (100700-223214910):4)
12-09 10:10:55.356  2378  3011 E NetRec  : 	at ahqt.getHeaders(:com.google.android.gms@14799040@14.7.99 (100700-223214910):2)
12-09 10:10:55.356  2378  3011 E NetRec  : 	at com.android.volley.toolbox.HttpClientStack.performRequest(:com.google.android.gms@14799040@14.7.99 (100700-223214910):9)
12-09 10:10:55.356  2378  3011 E NetRec  : 	at qph.performRequest(:com.google.android.gms@14799040@14.7.99 (100700-223214910):1)
12-09 10:10:55.356  2378  3011 E NetRec  : 	at bpq.executeRequest(:com.google.android.gms@14799040@14.7.99 (100700-223214910):1)
12-09 10:10:55.356  2378  3011 E NetRec  : 	at com.android.volley.toolbox.BasicNetwork.performRequest(:com.google.android.gms@14799040@14.7.99 (100700-223214910):10)
12-09 10:10:55.356  2378  3011 E NetRec  : 	at qpi.performRequest(:com.google.android.gms@14799040@14.7.99 (100700-223214910):13)
12-09 10:10:55.356  2378  3011 E NetRec  : 	at com.android.volley.NetworkDispatcher.a(:com.google.android.gms@14799040@14.7.99 (100700-223214910):6)
12-09 10:10:55.356  2378  3011 E NetRec  : 	at com.android.volley.NetworkDispatcher.run(:com.google.android.gms@14799040@14.7.99 (100700-223214910):2)
12-09 10:10:55.356  2378  3011 E NetRec  : Caused by: ppw: 29503: 
12-09 10:10:55.356  2378  3011 E NetRec  : 	at pvq.a(:com.google.android.gms@14799040@14.7.99 (100700-223214910):3)
12-09 10:10:55.356  2378  3011 E NetRec  : 	at akei.b(:com.google.android.gms@14799040@14.7.99 (100700-223214910):3)
12-09 10:10:55.356  2378  3011 E NetRec  : 	at akgx.a(:com.google.android.gms@14799040@14.7.99 (100700-223214910):7)
12-09 10:10:55.356  2378  3011 E NetRec  : 	at yax.a(:com.google.android.gms@14799040@14.7.99 (100700-223214910):5)
12-09 10:10:55.356  2378  3011 E NetRec  : 	at ybc.run(:com.google.android.gms@14799040@14.7.99 (100700-223214910):34)
12-09 10:10:55.356  2378  3011 E NetRec  : 	at beyi.run(:com.google.android.gms@14799040@14.7.99 (100700-223214910):2)
12-09 10:10:55.356  2378  3011 E NetRec  : 	at qwc.run(:com.google.android.gms@14799040@14.7.99 (100700-223214910):21)
12-09 10:10:55.356  2378  3011 E NetRec  : 	at java.util.concurrent.ThreadPoolExecutor.runWorker(ThreadPoolExecutor.java:1167)
12-09 10:10:55.356  2378  3011 E NetRec  : 	at java.util.concurrent.ThreadPoolExecutor$Worker.run(ThreadPoolExecutor.java:641)
12-09 10:10:55.356  2378  3011 E NetRec  : 	at rbx.run(Unknown Source:7)
12-09 10:10:55.356  2378  3011 E NetRec  : 	at java.lang.Thread.run(Thread.java:764)
12-09 10:10:56.034 14044 14044 E id.gms.unstabl: Not starting debugger since process cannot load the jdwp agent.
12-09 10:11:07.090  2378 11349 E WakeLock: GCM_HB_ALARM release without a matched acquire!
12-09 10:11:14.163  1834  1834 E netmgr  : Failed to open QEMU pipe 'qemud:network': Invalid argument
12-09 10:11:14.170  1834  1834 E netmgr  : WifiForwarder unable to open QEMU pipe: Invalid argument
12-09 10:11:22.171  1739  1762 E storaged: getDiskStats failed with result NOT_SUPPORTED and size 0
12-09 10:12:14.224  1834  1834 E netmgr  : Failed to open QEMU pipe 'qemud:network': Invalid argument
12-09 10:12:14.225  1834  1834 E netmgr  : WifiForwarder unable to open QEMU pipe: Invalid argument
12-09 10:12:22.172  1739  1762 E storaged: getDiskStats failed with result NOT_SUPPORTED and size 0
12-09 10:13:14.227  1834  1834 E netmgr  : Failed to open QEMU pipe 'qemud:network': Invalid argument
12-09 10:13:14.227  1834  1834 E netmgr  : WifiForwarder unable to open QEMU pipe: Invalid argument
12-09 10:13:22.193  1739  1762 E storaged: getDiskStats failed with result NOT_SUPPORTED and size 0
12-09 10:13:29.370  1885  1902 E libprocessgroup: Error encountered killing process cgroup uid 99122 pid 13989: No such file or directory
