--------- beginning of main
--------- beginning of system
12-07 19:20:00.804 17024 17024 E droid.apps.doc: Not starting debugger since process cannot load the jdwp agent.
12-07 19:20:03.672 17024 17024 E DocsApplication: [main] No default account found during application creation.
12-07 19:20:05.190  1729  1729 E         : Couldn't opendir /data/app/vmdl1852632780.tmp: No such file or directory
12-07 19:20:05.190  1729  1729 E installd: Failed to delete /data/app/vmdl1852632780.tmp: No such file or directory
12-07 19:20:06.641 16506 12071 E ctxmgr  : [AppIntervalImpl]closeInterval: stopTimeMillis invalid, stop=1544228406628, start=1544238227857
12-07 19:20:06.674 16506 12071 E ctxmgr  : [AppIntervalImpl]closeInterval: stopTimeMillis invalid, stop=1544228406674, start=1544238227858
12-07 19:20:07.126  1829  1829 E netmgr  : Failed to open QEMU pipe 'qemud:network': Invalid argument
12-07 19:20:07.126  1829  1829 E netmgr  : WifiForwarder unable to open QEMU pipe: Invalid argument
12-07 19:20:09.402 17128 17128 E harlton.mileag: Not starting debugger since process cannot load the jdwp agent.
12-07 19:20:10.811 16085 24146 E putmethod.lati: Invalid ID 0x00000001.
12-07 19:20:10.819 16085 24146 E LstmTrainingCache: emn: Can't get resource name for input slot
12-07 19:20:10.819 16085 24146 E LstmTrainingCache: android.content.res.Resources$NotFoundException: Unable to find resource ID #0x1
12-07 19:20:10.819 16085 24146 E LstmTrainingCache: 	at android.content.res.ResourcesImpl.getResourceName(ResourcesImpl.java:255)
12-07 19:20:10.819 16085 24146 E LstmTrainingCache: 	at android.content.res.Resources.getResourceName(Resources.java:1954)
12-07 19:20:10.819 16085 24146 E LstmTrainingCache: 	at emn.a(PG:12)
12-07 19:20:10.819 16085 24146 E LstmTrainingCache: 	at emk.run(PG:5)
12-07 19:20:10.819 16085 24146 E LstmTrainingCache: 	at java.lang.Thread.run(Thread.java:764)
12-07 19:20:19.111 16085 24146 E putmethod.lati: Invalid ID 0x00000001.
12-07 19:20:19.117 16085 24146 E LstmTrainingCache: emn: Can't get resource name for input slot
12-07 19:20:19.117 16085 24146 E LstmTrainingCache: android.content.res.Resources$NotFoundException: Unable to find resource ID #0x1
12-07 19:20:19.117 16085 24146 E LstmTrainingCache: 	at android.content.res.ResourcesImpl.getResourceName(ResourcesImpl.java:255)
12-07 19:20:19.117 16085 24146 E LstmTrainingCache: 	at android.content.res.Resources.getResourceName(Resources.java:1954)
12-07 19:20:19.117 16085 24146 E LstmTrainingCache: 	at emn.a(PG:12)
12-07 19:20:19.117 16085 24146 E LstmTrainingCache: 	at emk.run(PG:5)
12-07 19:20:19.117 16085 24146 E LstmTrainingCache: 	at java.lang.Thread.run(Thread.java:764)
12-07 19:20:26.447 15927 17194 E audio_hw_generic: pcm_open(in) failed: cannot open device '/dev/snd/pcmC0D0c': Device or resource busy: channels 2 format 0 rate 16000
12-07 19:20:29.370  1737  1809 E storaged: getDiskStats failed with result NOT_SUPPORTED and size 0
12-07 19:20:42.698 17128 17128 E WindowManager: 
12-07 19:20:42.698 17128 17128 E WindowManager: android.view.WindowLeaked: Activity com.evancharlton.mileage.FieldActivity has leaked window DecorView@1d57be9[FieldActivity] that was originally added here
12-07 19:20:42.698 17128 17128 E WindowManager: 	at android.view.ViewRootImpl.<init>(ViewRootImpl.java:511)
12-07 19:20:42.698 17128 17128 E WindowManager: 	at android.view.WindowManagerGlobal.addView(WindowManagerGlobal.java:346)
12-07 19:20:42.698 17128 17128 E WindowManager: 	at android.view.WindowManagerImpl.addView(WindowManagerImpl.java:93)
12-07 19:20:42.698 17128 17128 E WindowManager: 	at com.android.internal.policy.PhoneWindow.openPanel(PhoneWindow.java:887)
12-07 19:20:42.698 17128 17128 E WindowManager: 	at com.android.internal.policy.PhoneWindow.onKeyUpPanel(PhoneWindow.java:1104)
12-07 19:20:42.698 17128 17128 E WindowManager: 	at com.android.internal.policy.PhoneWindow.onKeyUp(PhoneWindow.java:2007)
12-07 19:20:42.698 17128 17128 E WindowManager: 	at com.android.internal.policy.DecorView.dispatchKeyEvent(DecorView.java:350)
12-07 19:20:42.698 17128 17128 E WindowManager: 	at android.view.ViewRootImpl$ViewPostImeInputStage.processKeyEvent(ViewRootImpl.java:5037)
12-07 19:20:42.698 17128 17128 E WindowManager: 	at android.view.ViewRootImpl$ViewPostImeInputStage.onProcess(ViewRootImpl.java:4905)
12-07 19:20:42.698 17128 17128 E WindowManager: 	at android.view.ViewRootImpl$InputStage.deliver(ViewRootImpl.java:4426)
12-07 19:20:42.698 17128 17128 E WindowManager: 	at android.view.ViewRootImpl$InputStage.onDeliverToNext(ViewRootImpl.java:4479)
12-07 19:20:42.698 17128 17128 E WindowManager: 	at android.view.ViewRootImpl$InputStage.forward(ViewRootImpl.java:4445)
12-07 19:20:42.698 17128 17128 E WindowManager: 	at android.view.ViewRootImpl$AsyncInputStage.forward(ViewRootImpl.java:4585)
12-07 19:20:42.698 17128 17128 E WindowManager: 	at android.view.ViewRootImpl$InputStage.apply(ViewRootImpl.java:4453)
12-07 19:20:42.698 17128 17128 E WindowManager: 	at android.view.ViewRootImpl$AsyncInputStage.apply(ViewRootImpl.java:4642)
12-07 19:20:42.698 17128 17128 E WindowManager: 	at android.view.ViewRootImpl$InputStage.deliver(ViewRootImpl.java:4426)
12-07 19:20:42.698 17128 17128 E WindowManager: 	at android.view.ViewRootImpl$InputStage.onDeliverToNext(ViewRootImpl.java:4479)
12-07 19:20:42.698 17128 17128 E WindowManager: 	at android.view.ViewRootImpl$InputStage.forward(ViewRootImpl.java:4445)
12-07 19:20:42.698 17128 17128 E WindowManager: 	at android.view.ViewRootImpl$InputStage.apply(ViewRootImpl.java:4453)
12-07 19:20:42.698 17128 17128 E WindowManager: 	at android.view.ViewRootImpl$InputStage.deliver(ViewRootImpl.java:4426)
12-07 19:20:42.698 17128 17128 E WindowManager: 	at android.view.ViewRootImpl$InputStage.onDeliverToNext(ViewRootImpl.java:4479)
12-07 19:20:42.698 17128 17128 E WindowManager: 	at android.view.ViewRootImpl$InputStage.forward(ViewRootImpl.java:4445)
12-07 19:20:42.698 17128 17128 E WindowManager: 	at android.view.ViewRootImpl$AsyncInputStage.forward(ViewRootImpl.java:4618)
12-07 19:20:42.698 17128 17128 E WindowManager: 	at android.view.ViewRootImpl$ImeInputStage.onFinishedInputEvent(ViewRootImpl.java:4779)
12-07 19:20:42.698 17128 17128 E WindowManager: 	at android.view.inputmethod.InputMethodManager$PendingEvent.run(InputMethodManager.java:2571)
12-07 19:20:42.698 17128 17128 E WindowManager: 	at android.view.inputmethod.InputMethodManager.invokeFinishedInputEventCallback(InputMethodManager.java:2081)
12-07 19:20:42.698 17128 17128 E WindowManager: 	at android.view.inputmethod.InputMethodManager.finishedInputEvent(InputMethodManager.java:2072)
12-07 19:20:42.698 17128 17128 E WindowManager: 	at android.view.inputmethod.InputMethodManager$ImeInputEventSender.onInputEventFinished(InputMethodManager.java:2548)
12-07 19:20:42.698 17128 17128 E WindowManager: 	at android.view.InputEventSender.dispatchInputEventFinished(InputEventSender.java:141)
12-07 19:20:42.698 17128 17128 E WindowManager: 	at android.os.MessageQueue.nativePollOnce(Native Method)
12-07 19:20:42.698 17128 17128 E WindowManager: 	at android.os.MessageQueue.next(MessageQueue.java:326)
12-07 19:20:42.698 17128 17128 E WindowManager: 	at android.os.Looper.loop(Looper.java:160)
12-07 19:20:42.698 17128 17128 E WindowManager: 	at android.app.ActivityThread.main(ActivityThread.java:6669)
12-07 19:20:42.698 17128 17128 E WindowManager: 	at java.lang.reflect.Method.invoke(Native Method)
12-07 19:20:42.698 17128 17128 E WindowManager: 	at com.android.internal.os.RuntimeInit$MethodAndArgsCaller.run(RuntimeInit.java:493)
12-07 19:20:42.698 17128 17128 E WindowManager: 	at com.android.internal.os.ZygoteInit.main(ZygoteInit.java:858)
12-07 19:20:45.478  1628  1628 E android.hardware.wifi@1.0-service: Failed to register radio mode change callback
12-07 19:20:45.482  1628  1628 E android.hardware.wifi@1.0-service: Failed to set DFS flag; DFS channels may be unavailable.
12-07 19:20:45.545 15926 15926 E wificond: No Offload Service available
12-07 19:20:46.183 15976 16055 E WifiP2pService: Unhandled message { when=0 what=131203 target=com.android.internal.util.StateMachine$SmHandler }
12-07 19:20:46.219 15976 16055 E WifiP2pService: Unhandled message { when=-1ms what=131203 target=com.android.internal.util.StateMachine$SmHandler }
12-07 19:20:46.292 15976 15994 E BatteryExternalStatsWorker: no controller energy info supplied for wifi
12-07 19:20:46.339 17243 17243 E ndroid.calenda: Not starting debugger since process cannot load the jdwp agent.
12-07 19:20:46.343 17234 17234 E wpa_supplicant: nl80211: Failed to open /proc/sys/net/ipv4/conf/p2p-dev-wlan0/drop_unicast_in_l2_multicast: No such file or directory
12-07 19:20:46.343 17234 17234 E wpa_supplicant: nl80211: Failed to set IPv4 unicast in multicast filter
12-07 19:20:46.345 17234 17234 E wpa_supplicant: nl80211: Failed to open /proc/sys/net/ipv4/conf/p2p-dev-wlan0/drop_unicast_in_l2_multicast: No such file or directory
12-07 19:20:46.345 17234 17234 E wpa_supplicant: nl80211: Failed to set IPv4 unicast in multicast filter
12-07 19:20:46.358 17250 17250 E viders.calenda: Not starting debugger since process cannot load the jdwp agent.
12-07 19:20:46.434 17268 17268 E rrierdefaultap: Not starting debugger since process cannot load the jdwp agent.
12-07 19:20:46.491 17234 17234 E wpa_supplicant: nl80211: Failed to open /proc/sys/net/ipv4/conf/wlan0/drop_unicast_in_l2_multicast: No such file or directory
12-07 19:20:46.491 17234 17234 E wpa_supplicant: nl80211: Failed to set IPv4 unicast in multicast filter
12-07 19:20:46.602 17234 17234 E wpa_supplicant: nl80211: Failed to open /proc/sys/net/ipv4/conf/wlan0/drop_unicast_in_l2_multicast: No such file or directory
12-07 19:20:46.602 17234 17234 E wpa_supplicant: nl80211: Failed to set IPv4 unicast in multicast filter
12-07 19:20:46.832  1628  1628 E android.hardware.wifi@1.0-service: Failed to open directory: Permission denied
12-07 19:20:46.833  1628  1628 E android.hardware.wifi@1.0-service: Error occurred while deleting old tombstone files
12-07 19:20:46.833  1628  1628 E android.hardware.wifi@1.0-service: Error writing files to flash
12-07 19:20:47.090 15976 16055 E WifiP2pService: Unhandled message { when=-1ms what=131204 target=com.android.internal.util.StateMachine$SmHandler }
12-07 19:20:47.123 15976 15994 E BatteryExternalStatsWorker: no controller energy info supplied for wifi
12-07 19:20:47.128 15976 15994 E BatteryExternalStatsWorker: no controller energy info supplied for wifi
12-07 19:20:47.244 17296 17296 E ocess.gservice: Not starting debugger since process cannot load the jdwp agent.
12-07 19:20:48.378 17339 17339 E droid.deskcloc: Not starting debugger since process cannot load the jdwp agent.
12-07 19:20:48.524 17339 17339 E LoadedApk: Unable to instantiate appComponentFactory
12-07 19:20:48.524 17339 17339 E LoadedApk: java.lang.ClassNotFoundException: Didn't find class "android.support.v4.app.CoreComponentFactory" on path: DexPathList[[zip file "/data/app/com.google.android.deskclock-irjeQ48B8SlCzNgOUY6aXg==/base.apk"],nativeLibraryDirectories=[/data/app/com.google.android.deskclock-irjeQ48B8SlCzNgOUY6aXg==/lib/x86, /system/lib]]
12-07 19:20:48.524 17339 17339 E LoadedApk: 	at dalvik.system.BaseDexClassLoader.findClass(BaseDexClassLoader.java:134)
12-07 19:20:48.524 17339 17339 E LoadedApk: 	at java.lang.ClassLoader.loadClass(ClassLoader.java:379)
12-07 19:20:48.524 17339 17339 E LoadedApk: 	at java.lang.ClassLoader.loadClass(ClassLoader.java:312)
12-07 19:20:48.524 17339 17339 E LoadedApk: 	at android.app.LoadedApk.createAppFactory(LoadedApk.java:226)
12-07 19:20:48.524 17339 17339 E LoadedApk: 	at android.app.LoadedApk.createOrUpdateClassLoaderLocked(LoadedApk.java:731)
12-07 19:20:48.524 17339 17339 E LoadedApk: 	at android.app.LoadedApk.getClassLoader(LoadedApk.java:810)
12-07 19:20:48.524 17339 17339 E LoadedApk: 	at android.app.LoadedApk.getResources(LoadedApk.java:1032)
12-07 19:20:48.524 17339 17339 E LoadedApk: 	at android.app.ContextImpl.createAppContext(ContextImpl.java:2345)
12-07 19:20:48.524 17339 17339 E LoadedApk: 	at android.app.ActivityThread.handleBindApplication(ActivityThread.java:5749)
12-07 19:20:48.524 17339 17339 E LoadedApk: 	at android.app.ActivityThread.access$1100(ActivityThread.java:199)
12-07 19:20:48.524 17339 17339 E LoadedApk: 	at android.app.ActivityThread$H.handleMessage(ActivityThread.java:1650)
12-07 19:20:48.524 17339 17339 E LoadedApk: 	at android.os.Handler.dispatchMessage(Handler.java:106)
12-07 19:20:48.524 17339 17339 E LoadedApk: 	at android.os.Looper.loop(Looper.java:193)
12-07 19:20:48.524 17339 17339 E LoadedApk: 	at android.app.ActivityThread.main(ActivityThread.java:6669)
12-07 19:20:48.524 17339 17339 E LoadedApk: 	at java.lang.reflect.Method.invoke(Native Method)
12-07 19:20:48.524 17339 17339 E LoadedApk: 	at com.android.internal.os.RuntimeInit$MethodAndArgsCaller.run(RuntimeInit.java:493)
12-07 19:20:48.524 17339 17339 E LoadedApk: 	at com.android.internal.os.ZygoteInit.main(ZygoteInit.java:858)
12-07 19:20:49.015 17370 17370 E com.ustwo.lwp: Not starting debugger since process cannot load the jdwp agent.
12-07 19:20:50.087 17398 17398 E id.gms.learnin: Not starting debugger since process cannot load the jdwp agent.
12-07 19:21:07.133  1829  1829 E netmgr  : Failed to open QEMU pipe 'qemud:network': Invalid argument
12-07 19:21:07.133  1829  1829 E netmgr  : WifiForwarder unable to open QEMU pipe: Invalid argument
12-07 19:21:29.399  1737  1809 E storaged: getDiskStats failed with result NOT_SUPPORTED and size 0
12-07 19:22:07.135  1829  1829 E netmgr  : Failed to open QEMU pipe 'qemud:network': Invalid argument
12-07 19:22:07.136  1829  1829 E netmgr  : WifiForwarder unable to open QEMU pipe: Invalid argument
12-07 19:22:29.411  1737  1809 E storaged: getDiskStats failed with result NOT_SUPPORTED and size 0
12-07 19:23:07.138  1829  1829 E netmgr  : Failed to open QEMU pipe 'qemud:network': Invalid argument
12-07 19:23:07.139  1829  1829 E netmgr  : WifiForwarder unable to open QEMU pipe: Invalid argument
12-07 19:23:29.413  1737  1809 E storaged: getDiskStats failed with result NOT_SUPPORTED and size 0
12-07 19:23:55.813 15976 15994 E BatteryExternalStatsWorker: no controller energy info supplied for wifi
12-07 19:24:07.141  1829  1829 E netmgr  : Failed to open QEMU pipe 'qemud:network': Invalid argument
12-07 19:24:07.171  1829  1829 E netmgr  : WifiForwarder unable to open QEMU pipe: Invalid argument
12-07 19:24:09.402 16085 16085 E native  : suggestion-transformer.cc:118 suggestion picked candidate not found for id: 3
12-07 19:24:10.336 16085 16085 E native  : clearcut-logger.cc:191 USER_EDIT span#originalSpan is missing
