--------- beginning of system
12-07 11:26:12.278  1737  1809 E storaged: getDiskStats failed with result NOT_SUPPORTED and size 0
--------- beginning of main
12-07 11:26:55.090 12584 12584 E dboxed_process: Not starting debugger since process cannot load the jdwp agent.
12-07 11:26:55.090  1613 12582 E audio_hw_generic: pcm_open(in) failed: cannot open device '/dev/snd/pcmC0D0c': Device or resource busy: channels 2 format 0 rate 16000
12-07 11:27:02.915  2420 12457 E ctxmgr  : [ProducerStatusImpl]updateStateForNewContextData: inactive, contextName=7
12-07 11:27:03.454  2420  2420 E BeaconBle: Scan couldn't start for Places
12-07 11:27:06.632  1829  1829 E netmgr  : Failed to open QEMU pipe 'qemud:network': Invalid argument
12-07 11:27:06.632  1829  1829 E netmgr  : WifiForwarder unable to open QEMU pipe: Invalid argument
12-07 11:27:07.606  2759  2766 E ReloadingLock: Finalizing LOCKED Token[searchresults_activity 2018-12-07 11:26:54.941]
12-07 11:27:08.329  1628  1628 E android.hardware.wifi@1.0-service: Failed to register radio mode change callback
12-07 11:27:08.335  1628  1628 E android.hardware.wifi@1.0-service: Failed to set DFS flag; DFS channels may be unavailable.
12-07 11:27:08.445  1738  1738 E wificond: No Offload Service available
12-07 11:27:08.587  1883  1967 E WifiP2pService: Unhandled message { when=0 what=131203 target=com.android.internal.util.StateMachine$SmHandler }
12-07 11:27:08.623  1883  1967 E WifiP2pService: Unhandled message { when=0 what=131203 target=com.android.internal.util.StateMachine$SmHandler }
12-07 11:27:08.670  1883  1901 E BatteryExternalStatsWorker: no controller energy info supplied for wifi
12-07 11:27:08.692  1883  1901 E BatteryExternalStatsWorker: no controller energy info supplied for wifi
12-07 11:27:09.869  2759  2759 E ContextIntentStarter: No activity found for any of the 0 intents
12-07 11:27:12.280  1737  1809 E storaged: getDiskStats failed with result NOT_SUPPORTED and size 0
12-07 11:27:12.782  1883  1901 E BatteryExternalStatsWorker: no controller energy info supplied for wifi
12-07 11:27:13.546  1735  1813 E Netd    : Error adding route ::/0 -> fe80::ff:fe00:100 wlan0 to table 1003: File exists
12-07 11:27:13.551  2420 12651 E WakeLock: GCM_CONN_ALARM release without a matched acquire!
12-07 11:27:15.337  1883  1994 E NotificationService: Package enqueue rate is 5.5015197. Shedding 0|com.google.android.googlequicksearchbox|393216|h|10036. package=com.google.android.googlequicksearchbox
12-07 11:27:19.153  2759  2759 E ContextIntentStarter: No activity found for any of the 0 intents
12-07 11:27:27.346  1883  1993 E WindowManager: Performed 6 layouts in a row. Skipping
12-07 11:27:27.360  1883  1935 E WindowManager: Performed 6 layouts in a row. Skipping
12-07 11:27:27.388  1883  1935 E WindowManager: Performed 6 layouts in a row. Skipping
12-07 11:27:27.416  1883  1935 E WindowManager: Performed 6 layouts in a row. Skipping
12-07 11:27:27.479  1883  1935 E WindowManager: Performed 6 layouts in a row. Skipping
12-07 11:27:27.497  1883  1993 E WindowManager: Performed 6 layouts in a row. Skipping
12-07 11:27:27.534  1883  1935 E WindowManager: Performed 6 layouts in a row. Skipping
12-07 11:27:27.552  1883  1935 E WindowManager: Performed 6 layouts in a row. Skipping
12-07 11:27:27.649  1883  1935 E WindowManager: Performed 6 layouts in a row. Skipping
12-07 11:27:32.427  2420 12614 E ctxmgr  : [ProducerStatusImpl]updateStateForNewContextData: inactive, contextName=7
12-07 11:27:32.810  2420  2420 E BeaconBle: Missing BluetoothAdapter
12-07 11:27:32.867  2420  2420 E BeaconBle: Scan couldn't start for Places
12-07 11:27:38.805 12690 12690 E dboxed_process: Not starting debugger since process cannot load the jdwp agent.
12-07 11:27:38.896  2759  2759 E ClientVe: Failed to create ClientVisualElementsProto for user interaction on view com.google.android.apps.gsa.searchbox.ui.suggestions.views.CoreSuggestionView{bfdfef0 VFE...CL. ...p.... 0,142-1038,289 #139} because the view is not tagged for visual element logging.
12-07 11:27:39.015  2759  2759 E ClientVe: Failed to create ClientVisualElementsProto for user interaction on view com.google.android.apps.gsa.searchbox.ui.suggestions.views.CoreSuggestionView{bfdfef0 VFE...CL. ......ID 0,142-1038,289 #139} because the view is not tagged for visual element logging.
12-07 11:27:39.491  2759  2975 E MicroDetectionWorker: Stale runnable..ignoring
12-07 11:27:40.025  1613 12711 E audio_hw_generic: pcm_open(in) failed: cannot open device '/dev/snd/pcmC0D0c': Device or resource busy: channels 2 format 0 rate 16000
12-07 11:27:51.887 12431 12431 E SpannableStringBuilder: SPAN_EXCLUSIVE_EXCLUSIVE spans cannot have a zero length
12-07 11:27:51.887 12431 12431 E SpannableStringBuilder: SPAN_EXCLUSIVE_EXCLUSIVE spans cannot have a zero length
12-07 11:27:53.457  1613 12728 E audio_hw_generic: pcm_open(in) failed: cannot open device '/dev/snd/pcmC0D0c': Device or resource busy: channels 2 format 0 rate 16000
12-07 11:28:03.550  1990  1990 E native  : clearcut-logger.cc:191 USER_EDIT span#originalSpan is missing
12-07 11:28:06.636  1829  1829 E netmgr  : Failed to open QEMU pipe 'qemud:network': Invalid argument
12-07 11:28:06.637  1829  1829 E netmgr  : WifiForwarder unable to open QEMU pipe: Invalid argument
12-07 11:28:10.020  1613 12740 E audio_hw_generic: pcm_open(in) failed: cannot open device '/dev/snd/pcmC0D0c': Device or resource busy: channels 2 format 0 rate 16000
12-07 11:28:12.290  1737  1809 E storaged: getDiskStats failed with result NOT_SUPPORTED and size 0
12-07 11:28:15.316  2759  2759 E SpannableStringBuilder: SPAN_EXCLUSIVE_EXCLUSIVE spans cannot have a zero length
12-07 11:28:15.316  2759  2759 E SpannableStringBuilder: SPAN_EXCLUSIVE_EXCLUSIVE spans cannot have a zero length
12-07 11:28:17.897  1613 12753 E audio_hw_generic: pcm_open(in) failed: cannot open device '/dev/snd/pcmC0D0c': Device or resource busy: channels 2 format 0 rate 16000
12-07 11:28:26.032  1883  1900 E libprocessgroup: Error encountered killing process cgroup uid 99048 pid 12690: No such file or directory
