--------- beginning of main
--------- beginning of system
12-09 06:22:03.820  1885  1899 E ActivityManager: Failure starting process com.evancharlton.mileage
12-09 06:22:03.820  1885  1899 E ActivityManager: java.lang.SecurityException: Package com.evancharlton.mileage is currently frozen!
12-09 06:22:03.820  1885  1899 E ActivityManager: 	at com.android.server.pm.PackageManagerService.checkPackageStartable(PackageManagerService.java:4000)
12-09 06:22:03.820  1885  1899 E ActivityManager: 	at com.android.server.am.ActivityManagerService.startProcessLocked(ActivityManagerService.java:4234)
12-09 06:22:03.820  1885  1899 E ActivityManager: 	at com.android.server.am.ActivityManagerService.startProcessLocked(ActivityManagerService.java:4199)
12-09 06:22:03.820  1885  1899 E ActivityManager: 	at com.android.server.am.ActivityManagerService.startProcessLocked(ActivityManagerService.java:4181)
12-09 06:22:03.820  1885  1899 E ActivityManager: 	at com.android.server.am.ActivityManagerService.startProcessLocked(ActivityManagerService.java:4067)
12-09 06:22:03.820  1885  1899 E ActivityManager: 	at com.android.server.am.ActivityStackSupervisor.startSpecificActivityLocked(ActivityStackSupervisor.java:1715)
12-09 06:22:03.820  1885  1899 E ActivityManager: 	at com.android.server.am.ActivityStack.resumeTopActivityInnerLocked(ActivityStack.java:2764)
12-09 06:22:03.820  1885  1899 E ActivityManager: 	at com.android.server.am.ActivityStack.resumeTopActivityUncheckedLocked(ActivityStack.java:2302)
12-09 06:22:03.820  1885  1899 E ActivityManager: 	at com.android.server.am.ActivityStackSupervisor.resumeFocusedStackTopActivityLocked(ActivityStackSupervisor.java:2234)
12-09 06:22:03.820  1885  1899 E ActivityManager: 	at com.android.server.am.ActivityStackSupervisor.resumeFocusedStackTopActivityLocked(ActivityStackSupervisor.java:2218)
12-09 06:22:03.820  1885  1899 E ActivityManager: 	at com.android.server.am.ActivityManagerService.handleAppDiedLocked(ActivityManagerService.java:5923)
12-09 06:22:03.820  1885  1899 E ActivityManager: 	at com.android.server.am.ActivityManagerService.removeProcessLocked(ActivityManagerService.java:7501)
12-09 06:22:03.820  1885  1899 E ActivityManager: 	at com.android.server.am.ActivityManagerService.killPackageProcessesLocked(ActivityManagerService.java:7142)
12-09 06:22:03.820  1885  1899 E ActivityManager: 	at com.android.server.am.ActivityManagerService.forceStopPackageLocked(ActivityManagerService.java:7275)
12-09 06:22:03.820  1885  1899 E ActivityManager: 	at com.android.server.am.ActivityManagerService$MainHandler.handleMessage(ActivityManagerService.java:2289)
12-09 06:22:03.820  1885  1899 E ActivityManager: 	at android.os.Handler.dispatchMessage(Handler.java:106)
12-09 06:22:03.820  1885  1899 E ActivityManager: 	at android.os.Looper.loop(Looper.java:193)
12-09 06:22:03.820  1885  1899 E ActivityManager: 	at android.os.HandlerThread.run(HandlerThread.java:65)
12-09 06:22:03.820  1885  1899 E ActivityManager: 	at com.android.server.ServiceThread.run(ServiceThread.java:44)
12-09 06:22:03.837  1885  1957 E InputDispatcher: channel '2f985aa com.evancharlton.mileage/com.evancharlton.mileage.FieldListActivity (server)' ~ Channel is unrecoverably broken and will be disposed!
12-09 06:22:03.837  1885  1957 E InputDispatcher: channel '17a24c3 com.evancharlton.mileage/com.evancharlton.mileage.FieldActivity (server)' ~ Channel is unrecoverably broken and will be disposed!
12-09 06:22:03.837  1885  1957 E InputDispatcher: channel '8ba8888 com.evancharlton.mileage/com.evancharlton.mileage.Mileage (server)' ~ Channel is unrecoverably broken and will be disposed!
12-09 06:22:05.208  2378  2378 E BeaconBle: Scan couldn't start for Places
12-09 06:22:06.995  1731  1949 E         : Couldn't opendir /data/app/vmdl265550187.tmp: No such file or directory
12-09 06:22:06.995  1731  1949 E installd: Failed to delete /data/app/vmdl265550187.tmp: No such file or directory
12-09 06:22:08.385 28068 28068 E harlton.mileag: Not starting debugger since process cannot load the jdwp agent.
12-09 06:22:09.859  1994  7294 E putmethod.lati: Invalid ID 0x00000001.
12-09 06:22:09.869  1994  7294 E LstmTrainingCache: emn: Can't get resource name for input slot
12-09 06:22:09.869  1994  7294 E LstmTrainingCache: android.content.res.Resources$NotFoundException: Unable to find resource ID #0x1
12-09 06:22:09.869  1994  7294 E LstmTrainingCache: 	at android.content.res.ResourcesImpl.getResourceName(ResourcesImpl.java:255)
12-09 06:22:09.869  1994  7294 E LstmTrainingCache: 	at android.content.res.Resources.getResourceName(Resources.java:1954)
12-09 06:22:09.869  1994  7294 E LstmTrainingCache: 	at emn.a(PG:12)
12-09 06:22:09.869  1994  7294 E LstmTrainingCache: 	at emk.run(PG:5)
12-09 06:22:09.869  1994  7294 E LstmTrainingCache: 	at java.lang.Thread.run(Thread.java:764)
12-09 06:22:15.171  1834  1834 E netmgr  : Failed to open QEMU pipe 'qemud:network': Invalid argument
12-09 06:22:15.172  1834  1834 E netmgr  : WifiForwarder unable to open QEMU pipe: Invalid argument
12-09 06:22:19.437  1885  1898 E memtrack: Couldn't load memtrack module
12-09 06:22:19.530  1885  1898 E memtrack: Couldn't load memtrack module
12-09 06:22:22.150  2378 28035 E ctxmgr  : [ProducerStatusImpl]updateStateForNewContextData: inactive, contextName=7
12-09 06:22:22.736  2378  2378 E BeaconBle: Missing BluetoothAdapter
12-09 06:22:22.828  2378  2378 E BeaconBle: Scan couldn't start for Places
12-09 06:22:22.876  1739  1762 E storaged: getDiskStats failed with result NOT_SUPPORTED and size 0
12-09 06:22:25.441  1885  1898 E GnssLocationProvider: no AGPS interface in set_agps_server
12-09 06:22:25.525 23668 23668 E ContextIntentStarter: No activity found for any of the 0 intents
12-09 06:22:25.735  1629  1629 E android.hardware.wifi@1.0-service: Failed to register radio mode change callback
12-09 06:22:25.745  1629  1629 E android.hardware.wifi@1.0-service: Failed to set DFS flag; DFS channels may be unavailable.
12-09 06:22:25.871  1740  1740 E wificond: No Offload Service available
12-09 06:22:25.876  1885  1969 E SupplicantStaIfaceHal: Can't call setupIface, ISupplicantStaIface is null
12-09 06:22:25.979  1885  1970 E WifiVendorHal: getBgScanCapabilities(l.671) failed {.code = ERROR_NOT_SUPPORTED, .description = }
12-09 06:22:26.047  1885  1971 E WifiP2pService: Unhandled message { when=-1ms what=131203 target=com.android.internal.util.StateMachine$SmHandler }
12-09 06:22:26.067  1885  1971 E WifiP2pService: Unhandled message { when=-1ms what=131203 target=com.android.internal.util.StateMachine$SmHandler }
12-09 06:22:26.170  1885  1903 E BatteryExternalStatsWorker: no controller energy info supplied for wifi
12-09 06:22:26.229 28114 28114 E wpa_supplicant: nl80211: Failed to open /proc/sys/net/ipv4/conf/p2p-dev-wlan0/drop_unicast_in_l2_multicast: No such file or directory
12-09 06:22:26.230 28114 28114 E wpa_supplicant: nl80211: Failed to set IPv4 unicast in multicast filter
12-09 06:22:26.230 28114 28114 E wpa_supplicant: nl80211: Failed to open /proc/sys/net/ipv4/conf/p2p-dev-wlan0/drop_unicast_in_l2_multicast: No such file or directory
12-09 06:22:26.231 28114 28114 E wpa_supplicant: nl80211: Failed to set IPv4 unicast in multicast filter
12-09 06:22:26.310 28114 28114 E wpa_supplicant: nl80211: Failed to open /proc/sys/net/ipv4/conf/wlan0/drop_unicast_in_l2_multicast: No such file or directory
12-09 06:22:26.310 28114 28114 E wpa_supplicant: nl80211: Failed to set IPv4 unicast in multicast filter
12-09 06:22:26.386 28114 28114 E wpa_supplicant: nl80211: Failed to open /proc/sys/net/ipv4/conf/wlan0/drop_unicast_in_l2_multicast: No such file or directory
12-09 06:22:26.386 28114 28114 E wpa_supplicant: nl80211: Failed to set IPv4 unicast in multicast filter
12-09 06:22:26.596  1629  1629 E android.hardware.wifi@1.0-service: Failed to open directory: Permission denied
12-09 06:22:26.597  1629  1629 E android.hardware.wifi@1.0-service: Error occurred while deleting old tombstone files
12-09 06:22:26.597  1629  1629 E android.hardware.wifi@1.0-service: Error writing files to flash
12-09 06:22:26.810  1885  1969 E SupplicantStaIfaceHal: Can't call setPowerSave, ISupplicantStaIface is null
12-09 06:22:26.810  1885  1969 E SupplicantStaIfaceHal: Can't call setBtCoexistenceMode, ISupplicantStaIface is null
12-09 06:22:26.816  1885  1969 E HalDevMgr: Should have at least 1 chip!
12-09 06:22:26.816  1885  1969 E HalDevMgr: dispatchAvailableForRequestListeners: no chip info found
12-09 06:22:26.827  1885  1969 E SupplicantStaIfaceHal: Can't call listNetworks, ISupplicantStaIface is null
12-09 06:22:26.827  1885  1969 E SupplicantStaIfaceHal: removeAllNetworks failed, got null networks
12-09 06:22:26.827  1885  1969 E WifiStateMachine: Failed to remove networks on exiting connect mode
12-09 06:22:26.834  1885  1971 E WifiP2pService: Unhandled message { when=-7ms what=131204 target=com.android.internal.util.StateMachine$SmHandler }
12-09 06:22:26.850  1885  1970 E WificondControl: No valid wificond scanner interface handler
12-09 06:22:26.862  1885  1903 E BatteryExternalStatsWorker: no controller energy info supplied for wifi
12-09 06:22:27.285  1629  1629 E android.hardware.wifi@1.0-service: Failed to register radio mode change callback
12-09 06:22:27.286  1629  1629 E android.hardware.wifi@1.0-service: Failed to set DFS flag; DFS channels may be unavailable.
12-09 06:22:27.359  1740  1740 E wificond: No Offload Service available
12-09 06:22:27.365  1885  1969 E SupplicantStaIfaceHal: Can't call setupIface, ISupplicantStaIface is null
12-09 06:22:27.443  1885  1970 E WifiVendorHal: getBgScanCapabilities(l.671) failed {.code = ERROR_NOT_SUPPORTED, .description = }
12-09 06:22:27.473  1885  1971 E WifiP2pService: Unhandled message { when=0 what=131203 target=com.android.internal.util.StateMachine$SmHandler }
12-09 06:22:27.552  1885  1971 E WifiP2pService: Unhandled message { when=-1ms what=131203 target=com.android.internal.util.StateMachine$SmHandler }
12-09 06:22:27.604  1885  1903 E BatteryExternalStatsWorker: no controller energy info supplied for wifi
12-09 06:22:27.682  1885  1903 E BatteryExternalStatsWorker: no controller energy info supplied for wifi
12-09 06:22:27.901  1885  1898 E GnssLocationProvider: no AGPS interface in set_agps_server
12-09 06:22:31.792  1885  1903 E BatteryExternalStatsWorker: no controller energy info supplied for wifi
12-09 06:22:31.981  1885  1969 E WifiVendorHal: stopRssiMonitoring(l.2404) failed {.code = ERROR_NOT_AVAILABLE, .description = }
12-09 06:22:32.666  1737  1820 E Netd    : Error adding route ::/0 -> fe80::ff:fe00:100 wlan0 to table 1003: File exists
12-09 06:22:33.028  2378 28158 E WakeLock: GCM_CONN_ALARM release without a matched acquire!
12-09 06:22:33.476 28159 28159 E id.gms.unstabl: Not starting debugger since process cannot load the jdwp agent.
