--------- beginning of system
12-09 03:41:21.491  1885  1899 E ActivityManager: Failure starting process com.evancharlton.mileage
12-09 03:41:21.491  1885  1899 E ActivityManager: java.lang.SecurityException: Package com.evancharlton.mileage was not found!
12-09 03:41:21.491  1885  1899 E ActivityManager: 	at com.android.server.pm.PackageManagerService.checkPackageStartable(PackageManagerService.java:3987)
12-09 03:41:21.491  1885  1899 E ActivityManager: 	at com.android.server.am.ActivityManagerService.startProcessLocked(ActivityManagerService.java:4234)
12-09 03:41:21.491  1885  1899 E ActivityManager: 	at com.android.server.am.ActivityManagerService.startProcessLocked(ActivityManagerService.java:4199)
12-09 03:41:21.491  1885  1899 E ActivityManager: 	at com.android.server.am.ActivityManagerService.startProcessLocked(ActivityManagerService.java:4181)
12-09 03:41:21.491  1885  1899 E ActivityManager: 	at com.android.server.am.ActivityManagerService.startProcessLocked(ActivityManagerService.java:4067)
12-09 03:41:21.491  1885  1899 E ActivityManager: 	at com.android.server.am.ActivityStackSupervisor.startSpecificActivityLocked(ActivityStackSupervisor.java:1715)
12-09 03:41:21.491  1885  1899 E ActivityManager: 	at com.android.server.am.ActivityStack.resumeTopActivityInnerLocked(ActivityStack.java:2764)
12-09 03:41:21.491  1885  1899 E ActivityManager: 	at com.android.server.am.ActivityStack.resumeTopActivityUncheckedLocked(ActivityStack.java:2302)
12-09 03:41:21.491  1885  1899 E ActivityManager: 	at com.android.server.am.ActivityStackSupervisor.resumeFocusedStackTopActivityLocked(ActivityStackSupervisor.java:2234)
12-09 03:41:21.491  1885  1899 E ActivityManager: 	at com.android.server.am.ActivityStackSupervisor.resumeFocusedStackTopActivityLocked(ActivityStackSupervisor.java:2218)
12-09 03:41:21.491  1885  1899 E ActivityManager: 	at com.android.server.am.ActivityManagerService.handleAppDiedLocked(ActivityManagerService.java:5923)
12-09 03:41:21.491  1885  1899 E ActivityManager: 	at com.android.server.am.ActivityManagerService.removeProcessLocked(ActivityManagerService.java:7501)
12-09 03:41:21.491  1885  1899 E ActivityManager: 	at com.android.server.am.ActivityManagerService.killPackageProcessesLocked(ActivityManagerService.java:7142)
12-09 03:41:21.491  1885  1899 E ActivityManager: 	at com.android.server.am.ActivityManagerService.forceStopPackageLocked(ActivityManagerService.java:7275)
12-09 03:41:21.491  1885  1899 E ActivityManager: 	at com.android.server.am.ActivityManagerService$MainHandler.handleMessage(ActivityManagerService.java:2289)
12-09 03:41:21.491  1885  1899 E ActivityManager: 	at android.os.Handler.dispatchMessage(Handler.java:106)
12-09 03:41:21.491  1885  1899 E ActivityManager: 	at android.os.Looper.loop(Looper.java:193)
12-09 03:41:21.491  1885  1899 E ActivityManager: 	at android.os.HandlerThread.run(HandlerThread.java:65)
12-09 03:41:21.491  1885  1899 E ActivityManager: 	at com.android.server.ServiceThread.run(ServiceThread.java:44)
--------- beginning of main
12-09 03:41:22.468  5597  5597 E droid.apps.doc: Not starting debugger since process cannot load the jdwp agent.
12-09 03:41:22.889  2378  4903 E ctxmgr  : [ProducerStatusImpl]updateStateForNewContextData: inactive, contextName=7
12-09 03:41:23.272  2378  2378 E BeaconBle: Missing BluetoothAdapter
12-09 03:41:23.323  2378  2378 E BeaconBle: Scan couldn't start for Places
12-09 03:41:23.620  5597  5597 E DocsApplication: [main] No default account found during application creation.
12-09 03:41:25.076  1731  1776 E         : Couldn't opendir /data/app/vmdl1158335436.tmp: No such file or directory
12-09 03:41:25.076  1731  1776 E installd: Failed to delete /data/app/vmdl1158335436.tmp: No such file or directory
12-09 03:41:26.490  5668  5668 E harlton.mileag: Not starting debugger since process cannot load the jdwp agent.
12-09 03:41:38.944  2378  4636 E ctxmgr  : [ProducerStatusImpl]updateStateForNewContextData: inactive, contextName=7
12-09 03:41:39.051  2342  2342 E SchedPolicy: set_timerslack_ns write failed: Operation not permitted
12-09 03:41:39.119  2342  2342 E SchedPolicy: set_timerslack_ns write failed: Operation not permitted
12-09 03:41:39.405  2378  2378 E BeaconBle: Missing BluetoothAdapter
12-09 03:41:39.458  2378  2378 E BeaconBle: Scan couldn't start for Places
12-09 03:41:43.995  2720  2720 E ContextIntentStarter: No activity found for any of the 0 intents
12-09 03:41:46.182  2378  2378 E BeaconBle: Scan couldn't start for Places
12-09 03:41:48.143  2342  2342 E SchedPolicy: set_timerslack_ns write failed: Operation not permitted
12-09 03:41:48.612  2342  2342 E SchedPolicy: set_timerslack_ns write failed: Operation not permitted
12-09 03:41:53.008  1885  3163 E WindowManager: Performed 6 layouts in a row. Skipping
12-09 03:41:53.027  1885  1938 E WindowManager: Performed 6 layouts in a row. Skipping
12-09 03:41:53.058  1885  1938 E WindowManager: Performed 6 layouts in a row. Skipping
12-09 03:41:53.064  5732  5732 E d.process.acor: Not starting debugger since process cannot load the jdwp agent.
12-09 03:41:53.100  1885  3163 E WindowManager: Performed 6 layouts in a row. Skipping
12-09 03:41:53.128  1885  1938 E WindowManager: Performed 6 layouts in a row. Skipping
12-09 03:41:53.144  1885  2413 E WindowManager: Performed 6 layouts in a row. Skipping
12-09 03:41:53.168  1885  1938 E WindowManager: Performed 6 layouts in a row. Skipping
12-09 03:41:53.212  1885  1938 E WindowManager: Performed 6 layouts in a row. Skipping
12-09 03:42:10.111  1834  1834 E netmgr  : Failed to open QEMU pipe 'qemud:network': Invalid argument
12-09 03:42:10.112  1834  1834 E netmgr  : WifiForwarder unable to open QEMU pipe: Invalid argument
12-09 03:42:13.594  1885  1899 E ActivityManager: Failure starting process com.evancharlton.mileage
12-09 03:42:13.594  1885  1899 E ActivityManager: java.lang.SecurityException: Package com.evancharlton.mileage was not found!
12-09 03:42:13.594  1885  1899 E ActivityManager: 	at com.android.server.pm.PackageManagerService.checkPackageStartable(PackageManagerService.java:3987)
12-09 03:42:13.594  1885  1899 E ActivityManager: 	at com.android.server.am.ActivityManagerService.startProcessLocked(ActivityManagerService.java:4234)
12-09 03:42:13.594  1885  1899 E ActivityManager: 	at com.android.server.am.ActivityManagerService.startProcessLocked(ActivityManagerService.java:4199)
12-09 03:42:13.594  1885  1899 E ActivityManager: 	at com.android.server.am.ActivityManagerService.startProcessLocked(ActivityManagerService.java:4181)
12-09 03:42:13.594  1885  1899 E ActivityManager: 	at com.android.server.am.ActivityManagerService.startProcessLocked(ActivityManagerService.java:4067)
12-09 03:42:13.594  1885  1899 E ActivityManager: 	at com.android.server.am.ActivityStackSupervisor.startSpecificActivityLocked(ActivityStackSupervisor.java:1715)
12-09 03:42:13.594  1885  1899 E ActivityManager: 	at com.android.server.am.ActivityStack.resumeTopActivityInnerLocked(ActivityStack.java:2764)
12-09 03:42:13.594  1885  1899 E ActivityManager: 	at com.android.server.am.ActivityStack.resumeTopActivityUncheckedLocked(ActivityStack.java:2302)
12-09 03:42:13.594  1885  1899 E ActivityManager: 	at com.android.server.am.ActivityStackSupervisor.resumeFocusedStackTopActivityLocked(ActivityStackSupervisor.java:2234)
12-09 03:42:13.594  1885  1899 E ActivityManager: 	at com.android.server.am.ActivityStackSupervisor.resumeFocusedStackTopActivityLocked(ActivityStackSupervisor.java:2218)
12-09 03:42:13.594  1885  1899 E ActivityManager: 	at com.android.server.am.ActivityManagerService.handleAppDiedLocked(ActivityManagerService.java:5923)
12-09 03:42:13.594  1885  1899 E ActivityManager: 	at com.android.server.am.ActivityManagerService.removeProcessLocked(ActivityManagerService.java:7501)
12-09 03:42:13.594  1885  1899 E ActivityManager: 	at com.android.server.am.ActivityManagerService.killPackageProcessesLocked(ActivityManagerService.java:7142)
12-09 03:42:13.594  1885  1899 E ActivityManager: 	at com.android.server.am.ActivityManagerService.forceStopPackageLocked(ActivityManagerService.java:7275)
12-09 03:42:13.594  1885  1899 E ActivityManager: 	at com.android.server.am.ActivityManagerService$MainHandler.handleMessage(ActivityManagerService.java:2289)
12-09 03:42:13.594  1885  1899 E ActivityManager: 	at android.os.Handler.dispatchMessage(Handler.java:106)
12-09 03:42:13.594  1885  1899 E ActivityManager: 	at android.os.Looper.loop(Looper.java:193)
12-09 03:42:13.594  1885  1899 E ActivityManager: 	at android.os.HandlerThread.run(HandlerThread.java:65)
12-09 03:42:13.594  1885  1899 E ActivityManager: 	at com.android.server.ServiceThread.run(ServiceThread.java:44)
12-09 03:42:14.831  2378  5721 E ctxmgr  : [ProducerStatusImpl]updateStateForNewContextData: inactive, contextName=7
12-09 03:42:15.051  2378  2378 E BeaconBle: Missing BluetoothAdapter
12-09 03:42:15.092  2378  3140 E PlaceInferenceEngine: Position timestamp out of order. Previous: 1544326905462, Current: 1544308934000. Skipping this Position.
12-09 03:42:15.104  2378  2378 E BeaconBle: Scan couldn't start for Places
12-09 03:42:16.025  1739  1762 E storaged: getDiskStats failed with result NOT_SUPPORTED and size 0
12-09 03:42:56.957  1731  1776 E         : Couldn't opendir /data/app/vmdl1446048641.tmp: No such file or directory
12-09 03:42:56.957  1731  1776 E installd: Failed to delete /data/app/vmdl1446048641.tmp: No such file or directory
12-09 03:42:58.173  5869  5869 E harlton.mileag: Not starting debugger since process cannot load the jdwp agent.
12-09 03:43:10.116  1834  1834 E netmgr  : Failed to open QEMU pipe 'qemud:network': Invalid argument
12-09 03:43:10.116  1834  1834 E netmgr  : WifiForwarder unable to open QEMU pipe: Invalid argument
12-09 03:43:13.391  2378  4459 E ctxmgr  : [ProducerStatusImpl]updateStateForNewContextData: inactive, contextName=7
12-09 03:43:13.999  2378  2378 E BeaconBle: Missing BluetoothAdapter
12-09 03:43:14.216  2378  2378 E BeaconBle: Scan couldn't start for Places
12-09 03:43:15.670  2720  2720 E ContextIntentStarter: No activity found for any of the 0 intents
12-09 03:43:16.029  1739  1762 E storaged: getDiskStats failed with result NOT_SUPPORTED and size 0
12-09 03:43:16.421  5925  5925 E rrierdefaultap: Not starting debugger since process cannot load the jdwp agent.
12-09 03:43:16.610  2117  2117 E wpa_supplicant: nl80211: Failed to open /proc/sys/net/ipv4/conf/p2p-dev-wlan0/drop_unicast_in_l2_multicast: No such file or directory
12-09 03:43:16.610  2117  2117 E wpa_supplicant: nl80211: Failed to set IPv4 unicast in multicast filter
12-09 03:43:16.644  2117  2117 E wpa_supplicant: nl80211: Failed to open /proc/sys/net/ipv4/conf/p2p-dev-wlan0/drop_unicast_in_l2_multicast: No such file or directory
12-09 03:43:16.644  2117  2117 E wpa_supplicant: nl80211: Failed to set IPv4 unicast in multicast filter
12-09 03:43:16.784  2117  2117 E wpa_supplicant: nl80211: Failed to open /proc/sys/net/ipv4/conf/wlan0/drop_unicast_in_l2_multicast: No such file or directory
12-09 03:43:16.785  2117  2117 E wpa_supplicant: nl80211: Failed to set IPv4 unicast in multicast filter
12-09 03:43:16.785  2117  2117 E wpa_supplicant: nl80211: Failed to open /proc/sys/net/ipv4/conf/wlan0/drop_unicast_in_l2_multicast: No such file or directory
12-09 03:43:16.785  2117  2117 E wpa_supplicant: nl80211: Failed to set IPv4 unicast in multicast filter
12-09 03:43:16.905  2117  2117 E wpa_supplicant: nl80211: Failed to open /proc/sys/net/ipv4/conf/wlan0/drop_unicast_in_l2_multicast: No such file or directory
12-09 03:43:16.905  2117  2117 E wpa_supplicant: nl80211: Failed to set IPv4 unicast in multicast filter
12-09 03:43:17.273  1629  1629 E android.hardware.wifi@1.0-service: Failed to open directory: Permission denied
12-09 03:43:17.273  1629  1629 E android.hardware.wifi@1.0-service: Error occurred while deleting old tombstone files
12-09 03:43:17.273  1629  1629 E android.hardware.wifi@1.0-service: Error writing files to flash
12-09 03:43:17.530  2378  3681 E WakeLock: GCM_HB_ALARM release without a matched acquire!
12-09 03:43:17.631  1885  1971 E WifiP2pService: Unhandled message { when=-4ms what=131204 target=com.android.internal.util.StateMachine$SmHandler }
12-09 03:43:17.685  2378  3681 E WakeLock: GCM_CONN_ALARM release without a matched acquire!
12-09 03:43:17.726  1885  1903 E BatteryExternalStatsWorker: no controller energy info supplied for wifi
12-09 03:43:17.737  1885  1903 E BatteryExternalStatsWorker: no controller energy info supplied for wifi
12-09 03:43:17.864  2342  2342 E SchedPolicy: set_timerslack_ns write failed: Operation not permitted
12-09 03:43:17.902  2342  2342 E SchedPolicy: set_timerslack_ns write failed: Operation not permitted
