--------- beginning of main
--------- beginning of system
12-08 09:39:06.469 29746 30730 E IconLoader: Unexpected null component name or activity info: ComponentInfo{com.evancharlton.mileage/com.evancharlton.mileage.Mileage}, null
12-08 09:39:14.518  2448 11891 E ctxmgr  : [ProducerStatusImpl]updateStateForNewContextData: inactive, contextName=7
12-08 09:39:16.745  2448  2448 E BeaconBle: Missing BluetoothAdapter
12-08 09:39:16.798  2448  2448 E BeaconBle: Scan couldn't start for Places
12-08 09:39:19.317  1881  1894 E AutofillSession: Error notifying client to finish session
12-08 09:39:19.317  1881  1894 E AutofillSession: android.os.DeadObjectException
12-08 09:39:19.317  1881  1894 E AutofillSession: 	at android.os.BinderProxy.transactNative(Native Method)
12-08 09:39:19.317  1881  1894 E AutofillSession: 	at android.os.BinderProxy.transact(Binder.java:1127)
12-08 09:39:19.317  1881  1894 E AutofillSession: 	at android.view.autofill.IAutoFillManagerClient$Stub$Proxy.setSessionFinished(IAutoFillManagerClient.java:512)
12-08 09:39:19.317  1881  1894 E AutofillSession: 	at com.android.server.autofill.Session.forceRemoveSelfLocked(Session.java:2751)
12-08 09:39:19.317  1881  1894 E AutofillSession: 	at com.android.server.autofill.Session.forceRemoveSelfLocked(Session.java:2738)
12-08 09:39:19.317  1881  1894 E AutofillSession: 	at com.android.server.autofill.AutofillManagerServiceImpl.destroySessionsLocked(AutofillManagerServiceImpl.java:1042)
12-08 09:39:19.317  1881  1894 E AutofillSession: 	at com.android.server.autofill.AutofillManagerService.updateCachedServiceLocked(AutofillManagerService.java:579)
12-08 09:39:19.317  1881  1894 E AutofillSession: 	at com.android.server.autofill.AutofillManagerService.updateCachedServiceLocked(AutofillManagerService.java:569)
12-08 09:39:19.317  1881  1894 E AutofillSession: 	at com.android.server.autofill.AutofillManagerService.access$400(AutofillManagerService.java:100)
12-08 09:39:19.317  1881  1894 E AutofillSession: 	at com.android.server.autofill.AutofillManagerService$2.onSomePackagesChanged(AutofillManagerService.java:215)
12-08 09:39:19.317  1881  1894 E AutofillSession: 	at com.android.internal.content.PackageMonitor.onReceive(PackageMonitor.java:451)
12-08 09:39:19.317  1881  1894 E AutofillSession: 	at android.app.LoadedApk$ReceiverDispatcher$Args.lambda$getRunnable$0(LoadedApk.java:1391)
12-08 09:39:19.317  1881  1894 E AutofillSession: 	at android.app.-$$Lambda$LoadedApk$ReceiverDispatcher$Args$_BumDX2UKsnxLVrE6UJsJZkotuA.run(Unknown Source:2)
12-08 09:39:19.317  1881  1894 E AutofillSession: 	at android.os.Handler.handleCallback(Handler.java:873)
12-08 09:39:19.317  1881  1894 E AutofillSession: 	at android.os.Handler.dispatchMessage(Handler.java:99)
12-08 09:39:19.317  1881  1894 E AutofillSession: 	at android.os.Looper.loop(Looper.java:193)
12-08 09:39:19.317  1881  1894 E AutofillSession: 	at android.os.HandlerThread.run(HandlerThread.java:65)
12-08 09:39:29.220  1730  1730 E         : Couldn't opendir /data/app/vmdl1354815956.tmp: No such file or directory
12-08 09:39:29.220  1730  1730 E installd: Failed to delete /data/app/vmdl1354815956.tmp: No such file or directory
12-08 09:39:34.315  2475 11979 E ChromeSync: [Sync,SyncIntentOperation] Error handling the intent: Intent { act=android.intent.action.PACKAGE_ADDED dat=package:com.evancharlton.mileage flg=0x4000010 cmp=com.google.android.gms/.chimera.GmsIntentOperationService (has extras) }.
12-08 09:39:41.418 11996 11996 E harlton.mileag: Not starting debugger since process cannot load the jdwp agent.
12-08 09:39:49.312  1828  1828 E netmgr  : Failed to open QEMU pipe 'qemud:network': Invalid argument
12-08 09:39:49.312  1828  1828 E netmgr  : WifiForwarder unable to open QEMU pipe: Invalid argument
12-08 09:39:51.639  1992  6060 E putmethod.lati: Invalid ID 0x00000001.
12-08 09:39:51.648  1992  6060 E LstmTrainingCache: emn: Can't get resource name for input slot
12-08 09:39:51.648  1992  6060 E LstmTrainingCache: android.content.res.Resources$NotFoundException: Unable to find resource ID #0x1
12-08 09:39:51.648  1992  6060 E LstmTrainingCache: 	at android.content.res.ResourcesImpl.getResourceName(ResourcesImpl.java:255)
12-08 09:39:51.648  1992  6060 E LstmTrainingCache: 	at android.content.res.Resources.getResourceName(Resources.java:1954)
12-08 09:39:51.648  1992  6060 E LstmTrainingCache: 	at emn.a(PG:12)
12-08 09:39:51.648  1992  6060 E LstmTrainingCache: 	at emk.run(PG:5)
12-08 09:39:51.648  1992  6060 E LstmTrainingCache: 	at java.lang.Thread.run(Thread.java:764)
12-08 09:40:04.485  1738  1772 E storaged: getDiskStats failed with result NOT_SUPPORTED and size 0
12-08 09:40:50.253  1828  1828 E netmgr  : Failed to open QEMU pipe 'qemud:network': Invalid argument
12-08 09:40:50.253  1828  1828 E netmgr  : WifiForwarder unable to open QEMU pipe: Invalid argument
12-08 09:41:05.427  1738  1772 E storaged: getDiskStats failed with result NOT_SUPPORTED and size 0
12-08 09:41:07.816  1611  1695 E audio_hw_generic: pcm_write failed cannot write stream data: I/O error
12-08 09:41:13.098  1740 10340 E OMXNodeInstance: setConfig(0xf4fa6c00:google.vorbis.decoder, ConfigPriority(0x6f800002)) ERROR: Undefined(0x80001001)
12-08 09:41:13.100  1740 10340 E OMXNodeInstance: getConfig(0xf4fa6c00:google.vorbis.decoder, ConfigAndroidVendorExtension(0x6f100004)) ERROR: Undefined(0x80001001)
12-08 09:41:17.987  1611  1695 E audio_hw_generic: pcm_write failed cannot write stream data: I/O error
12-08 09:41:28.261  1611  1695 E audio_hw_generic: pcm_write failed cannot write stream data: I/O error
12-08 09:41:38.598  1611  1695 E audio_hw_generic: pcm_write failed cannot write stream data: I/O error
12-08 09:41:38.866  2448 11683 E ctxmgr  : [ProducerStatusImpl]updateStateForNewContextData: inactive, contextName=7
12-08 09:41:41.434  2448 11683 E ctxmgr  : [ProducerStatusImpl]updateStateForNewContextData: inactive, contextName=1
12-08 09:41:41.434  2448 11683 E ctxmgr  : [ProducerStatusImpl]updateStateForNewContextData: inactive, contextName=1
12-08 09:41:41.484  2448 11683 E ctxmgr  : [ProducerStatusImpl]updateStateForNewContextData: inactive, contextName=1
12-08 09:41:43.948  2448  2448 E BeaconBle: Missing BluetoothAdapter
12-08 09:41:46.506  2448  2448 E BeaconBle: Scan couldn't start for Places
12-08 09:41:48.914  1611  1695 E audio_hw_generic: pcm_write failed cannot write stream data: I/O error
12-08 09:41:48.971  2692  2692 E ContextIntentStarter: No activity found for any of the 0 intents
12-08 09:41:51.584  1828  1828 E netmgr  : Failed to open QEMU pipe 'qemud:network': Invalid argument
12-08 09:41:51.586  1828  1828 E netmgr  : WifiForwarder unable to open QEMU pipe: Invalid argument
12-08 09:41:57.011  1626  1626 E android.hardware.wifi@1.0-service: Failed to register radio mode change callback
12-08 09:41:57.034  1626  1626 E android.hardware.wifi@1.0-service: Failed to set DFS flag; DFS channels may be unavailable.
12-08 09:41:57.138  1739  1739 E wificond: No Offload Service available
12-08 09:41:59.224  1611  1695 E audio_hw_generic: pcm_write failed cannot write stream data: I/O error
12-08 09:42:04.680  2448 11944 E ctxmgr  : [ProducerStatusImpl]updateStateForNewContextData: inactive, contextName=7
12-08 09:42:07.123  1738  1772 E storaged: getDiskStats failed with result NOT_SUPPORTED and size 0
12-08 09:42:07.142  1881  1899 E BatteryExternalStatsWorker: no controller energy info supplied for wifi
12-08 09:42:07.147  1881  1966 E WifiP2pService: Unhandled message { when=-2s462ms what=131203 target=com.android.internal.util.StateMachine$SmHandler }
12-08 09:42:07.148  1881  1966 E WifiP2pService: Unhandled message { when=-2s428ms what=131203 target=com.android.internal.util.StateMachine$SmHandler }
12-08 09:42:07.327 12068 12068 E wpa_supplicant: nl80211: Failed to open /proc/sys/net/ipv4/conf/p2p-dev-wlan0/drop_unicast_in_l2_multicast: No such file or directory
12-08 09:42:07.327 12068 12068 E wpa_supplicant: nl80211: Failed to set IPv4 unicast in multicast filter
12-08 09:42:07.330 12068 12068 E wpa_supplicant: nl80211: Failed to open /proc/sys/net/ipv4/conf/p2p-dev-wlan0/drop_unicast_in_l2_multicast: No such file or directory
12-08 09:42:07.330 12068 12068 E wpa_supplicant: nl80211: Failed to set IPv4 unicast in multicast filter
12-08 09:42:07.436 12068 12068 E wpa_supplicant: nl80211: Failed to open /proc/sys/net/ipv4/conf/wlan0/drop_unicast_in_l2_multicast: No such file or directory
12-08 09:42:07.436 12068 12068 E wpa_supplicant: nl80211: Failed to set IPv4 unicast in multicast filter
12-08 09:42:09.673 12068 12068 E wpa_supplicant: nl80211: Failed to open /proc/sys/net/ipv4/conf/wlan0/drop_unicast_in_l2_multicast: No such file or directory
12-08 09:42:09.673 12068 12068 E wpa_supplicant: nl80211: Failed to set IPv4 unicast in multicast filter
12-08 09:42:09.970  1626  1626 E android.hardware.wifi@1.0-service: Failed to open directory: Permission denied
12-08 09:42:09.970  1626  1626 E android.hardware.wifi@1.0-service: Error occurred while deleting old tombstone files
12-08 09:42:09.971  1626  1626 E android.hardware.wifi@1.0-service: Error writing files to flash
12-08 09:42:12.401  1881  1966 E WifiP2pService: Unhandled message { when=-2ms what=131204 target=com.android.internal.util.StateMachine$SmHandler }
12-08 09:42:12.411  1881  1899 E BatteryExternalStatsWorker: no controller energy info supplied for wifi
12-08 09:42:12.414  2448  2448 E BeaconBle: Missing BluetoothAdapter
12-08 09:42:12.427  1881  1899 E BatteryExternalStatsWorker: no controller energy info supplied for wifi
12-08 09:42:12.587  2448  2448 E BeaconBle: Scan couldn't start for Places
12-08 09:42:15.199  1626  1626 E android.hardware.wifi@1.0-service: Failed to register radio mode change callback
12-08 09:42:15.200  1626  1626 E android.hardware.wifi@1.0-service: Failed to set DFS flag; DFS channels may be unavailable.
12-08 09:42:15.217  1739  1739 E wificond: No Offload Service available
12-08 09:42:17.481  1881  1964 E NetdConnector: NDC Command {501 interface ipv6privacyextensions wlan0 enable} took too long (2235ms)
12-08 09:42:17.545  1881  1966 E WifiP2pService: Unhandled message { when=0 what=131203 target=com.android.internal.util.StateMachine$SmHandler }
12-08 09:42:17.568  1881  1966 E WifiP2pService: Unhandled message { when=0 what=131203 target=com.android.internal.util.StateMachine$SmHandler }
12-08 09:42:17.583  1881  1899 E BatteryExternalStatsWorker: no controller energy info supplied for wifi
12-08 09:42:17.591  1881  1899 E BatteryExternalStatsWorker: no controller energy info supplied for wifi
12-08 09:42:32.892  1881  1895 E system_server: libdebuggerd_client: received packet of unexpected length from tombstoned: expected 128, received -1
12-08 09:42:32.893  1611  1695 E audio_hw_generic: pcm_write failed cannot write stream data: I/O error
12-08 09:42:32.895  1881  1894 E GnssLocationProvider: no AGPS interface in set_agps_server
12-08 09:42:33.117  1881  1894 E memtrack: Couldn't load memtrack module
12-08 09:42:35.381  1881  1895 E system_server: libdebuggerd_client: timeout expired
12-08 09:42:35.423  1881  1895 E ActivityManager: Aborting stack trace dump (current firstPid=2692); deadline exceeded.
12-08 09:42:35.497  1881  1895 E ActivityManager: ANR in com.android.systemui
12-08 09:42:35.497  1881  1895 E ActivityManager: PID: 2004
12-08 09:42:35.497  1881  1895 E ActivityManager: Reason: Input dispatching timed out (Waiting to send key event because the focused window has not finished processing all of the input events that were previously delivered to it.  Outbound queue length: 0.  Wait queue length: 15.)
12-08 09:42:35.497  1881  1895 E ActivityManager: Load: 5.13 / 2.84 / 2.75
12-08 09:42:35.497  1881  1895 E ActivityManager: CPU usage from 0ms to 33128ms later (2018-12-08 09:42:02.295 to 2018-12-08 09:42:35.423):
12-08 09:42:35.497  1881  1895 E ActivityManager:   85% 1881/system_server: 41% user + 43% kernel / faults: 9992 minor 234 major
12-08 09:42:35.497  1881  1895 E ActivityManager:   53% 1725/surfaceflinger: 22% user + 31% kernel / faults: 33 minor
12-08 09:42:35.497  1881  1895 E ActivityManager:   27% 2692/com.google.android.googlequicksearchbox:search: 10% user + 16% kernel / faults: 3453 minor 88 major
12-08 09:42:35.497  1881  1895 E ActivityManager:   23% 2119/com.android.phone: 9.5% user + 14% kernel / faults: 1300 minor 42 major
12-08 09:42:35.497  1881  1895 E ActivityManager:   17% 2004/com.android.systemui: 9.4% user + 8.4% kernel / faults: 2581 minor 144 major
12-08 09:42:35.497  1881  1895 E ActivityManager:   16% 2448/com.google.android.gms.persistent: 9% user + 7.2% kernel / faults: 642 minor 37 major
12-08 09:42:35.497  1881  1895 E ActivityManager:   15% 645/kswapd0: 0% user + 15% kernel
12-08 09:42:35.497  1881  1895 E ActivityManager:   9.4% 29746/com.google.android.apps.nexuslauncher: 3.2% user + 6.2% kernel / faults: 2236 minor 25 major
12-08 09:42:35.497  1881  1895 E ActivityManager:   8.7% 2314/adbd: 0.6% user + 8% kernel / faults: 78899 minor
12-08 09:42:35.497  1881  1895 E ActivityManager:   7.6% 5793/com.google.android.calendar: 3.1% user + 4.5% kernel / faults: 546 minor 32 major
12-08 09:42:35.497  1881  1895 E ActivityManager:   7.4% 1718/jbd2/dm-1-8: 0% user + 7.4% kernel
12-08 09:42:35.497  1881  1895 E ActivityManager:   7.1% 1992/com.google.android.inputmethod.latin: 3.5% user + 3.6% kernel / faults: 45 minor 32 major
12-08 09:42:35.497  1881  1895 E ActivityManager:   7% 1747/android.hardware.graphics.composer@2.1-service: 0.8% user + 6.1% kernel / faults: 23 minor
12-08 09:42:35.497  1881  1895 E ActivityManager:   6.6% 9462/kworker/u8:2: 0% user + 6.6% kernel
12-08 09:42:35.497  1881  1895 E ActivityManager:   1.4% 1611/android.hardware.audio@2.0-service: 1.3% user + 0% kernel / faults: 13 minor
12-08 09:42:35.497  1881  1895 E ActivityManager:   1.2% 1629/audioserver: 0.9% user + 0.2% kernel / faults: 101 minor
12-08 09:42:35.497  1881  1895 E ActivityManager:   0.5% 5249/kworker/u9:2: 0% user + 0.5% kernel
12-08 09:42:35.497  1881  1895 E ActivityManager:   0.5% 9451/kworker/u9:0: 0% user + 0.5% kernel
12-08 09:42:35.497  1881  1895 E ActivityManager:   0% 5862/com.google.android.deskclock: 0% user + 0% kernel / faults: 541 minor 32 major
12-08 09:42:35.497  1881  1895 E ActivityManager:   0.4% 1553/logd: 0.2% user + 0.1% kernel / faults: 4 minor
12-08 09:42:35.497  1881  1895 E ActivityManager:   0.4% 2475/com.google.android.gms: 0.1% user + 0.2% kernel / faults: 384 minor 78 major
12-08 09:42:35.497  1881  1895 E ActivityManager:   0.3% 1554/servicemanager: 0% user + 0.3% kernel
12-08 09:42:35.497  1881  1895 E ActivityManager:   0.3% 11110/kworker/u8:0: 0% user + 0.3% kernel
12-08 09:42:35.497  1881  1895 E ActivityManager:   0.3% 1704/kworker/u9:4: 0% user + 0.3% kernel
12-08 09:42:35.497  1881  1895 E ActivityManager:   0.3% 11968/com.android.commands.monkey: 0.2% user + 0% kernel / faults: 79 minor 3 major
12-08 09:42:35.497  1881  1895 E ActivityManager:   0.2% 1//init: 0% user + 0.2% kernel / faults: 35 minor
12-08 09:42:35.497  1881  1895 E ActivityManager:   0.2% 1625/android.hardware.sensors@1.0-service: 0.1% user + 0% kernel
12-08 09:42:35.497  1881  1895 E ActivityManager:   0.2% 1741/rild: 0% user + 0.1% kernel
12-08 09:42:35.497  1881  1895 E ActivityManager:   0.1% 5536/kworker/u9:1: 0% user + 0.1% kernel
12-08 09:42:35.497  1881  1895 E ActivityManager:   0.1% 11480/kworker/u8:1: 0% user + 0.1% kernel
12-08 09:42:35.497  1881  1895 E ActivityManager:   0.1% 11680/kworker/u8:6: 0% user + 0.1% kernel
12-08 09:42:35.497  1881  1895 E ActivityManager:   0.1% 12070/kworker/0:1: 0% user + 0.1% kernel
12-08 09:42:35.497  1881  1895 E ActivityManager:   0% 1739/wificond: 0% user + 0% kernel / faults: 1 major
12-08 09:42:35.497  1881  1895 E ActivityManager:   0% 2321/mdnsd: 0% user + 0% kernel
12-08 09:42:35.497  1881  1895 E ActivityManager:   0% 2330/logcat: 0% user + 0% kernel
12-08 09:42:35.497  1881  1895 E ActivityManager:   0% 2340/com.google.android.setupwizard: 0% user + 0% kernel / faults: 32 minor 16 major
12-08 09:42:35.497  1881  1895 E ActivityManager:   0% 8745/com.android.providers.calendar: 0% user + 0% kernel / faults: 127 minor 2 major
12-08 09:42:35.497  1881  1895 E ActivityManager:   0% 1620/android.hardware.gnss@1.0-service: 0% user + 0% kernel
12-08 09:42:35.497  1881  1895 E ActivityManager:   0% 1621/android.hardware.graphics.allocator@2.0-service: 0% user + 0% kernel / faults: 9 minor
12-08 09:42:35.497  1881  1895 E ActivityManager:   0% 1672/dmcrypt_write: 0% user + 0% kernel
12-08 09:42:35.497  1881  1895 E ActivityManager:   0% 3/ksoftirqd/0: 0% user + 0% kernel
12-08 09:42:35.497  1881  1895 E ActivityManager:   0% 17/ksoftirqd/2: 0% user + 0% kernel
12-08 09:42:35.497  1881  1895 E ActivityManager:   0% 1555/hwservicemanager: 0% user + 0% kernel / faults: 41 minor
12-08 09:42:35.497  1881  1895 E ActivityManager:   0% 1609/healthd: 0% user + 0% kernel
12-08 09:42:35.497  1881  1895 E ActivityManager:   0% 1624/android.hardware.power@1.1-service.ranchu: 0% user + 0% kernel
12-08 09:42:35.497  1881  1895 E ActivityManager:   0% 1626/android.hardware.wifi@1.0-service: 0% user + 0% kernel / faults: 2 minor
12-08 09:42:35.497  1881  1895 E ActivityManager:   0% 1635/traced: 0% user + 0% kernel
12-08 09:42:35.497  1881  1895 E ActivityManager:   0% 1709/kworker/2:1H: 0% user + 0% kernel
12-08 09:42:35.497  1881  1895 E ActivityManager:   0% 1736/netd: 0% user + 0% kernel / faults: 1 major
12-08 09:42:35.497  1881  1895 E ActivityManager:   0% 1737/statsd: 0% user + 0% kernel
12-08 09:42:35.497  1881  1895 E ActivityManager:   0% 1744/tombstoned: 0% user + 0% kernel / faults: 2 minor 1 major
12-08 09:42:35.497  1881  1895 E ActivityManager:   0% 1824/kworker/3:1H: 0% user + 0% kernel
12-08 09:42:35.497  1881  1895 E ActivityManager:   0% 1866/hostapd_nohidl: 0% user + 0% kernel / faults: 6 minor 5 major
12-08 09:42:35.497  1881  1895 E ActivityManager:   0% 2188/com.google.android.ext.services: 0% user + 0% kernel / faults: 1 minor
12-08 09:42:35.497  1881  1895 E ActivityManager:   0% 2494/com.android.vending: 0% user + 0% kernel / faults: 39 minor
12-08 09:42:35.497  1881  1895 E ActivityManager:   0% 4075/android.process.media: 0% user + 0% kernel / faults: 1 minor
12-08 09:42:35.497  1881  1895 E ActivityManager:   0
12-08 09:42:35.554  1881  1965 E WifiVendorHal: getBgScanCapabilities(l.671) failed {.code = ERROR_NOT_SUPPORTED, .description = }
12-08 09:42:35.710  1744  1744 E /system/bin/tombstoned: Traces for pid 2692 written to: /data/anr/trace_04
12-08 09:42:38.078  1739  1739 E wificond: Timeout waiting for netlink reply messages
12-08 09:42:38.078  1739  1739 E wificond: NL80211_CMD_GET_WIPHY dump failed
12-08 09:42:38.078  1739  1739 E wificond: Failed to get wiphy info from kernel
12-08 09:42:38.078  1881  1965 E WificondChannelHelper: Failed to get channels for 5GHz DFS only band
12-08 09:42:38.079  1881  1965 E WificondChannelHelper: Failed to get all channels for band, not updating band channel lists
12-08 09:42:38.106 12119 12119 E .android.diale: Not starting debugger since process cannot load the jdwp agent.
12-08 09:42:38.155  1739  1739 E wificond: Failed to read packet from buffer
12-08 09:42:40.485  1739  1739 E wificond: Failed to poll netlink fd: time out 
12-08 09:42:40.487  1881  1965 E WificondScannerImpl: Failed to start scan, freqs=null
12-08 09:42:40.675 12142 12142 E ocess.gservice: Not starting debugger since process cannot load the jdwp agent.
12-08 09:42:43.070  1739  1739 E wificond: NL80211_CMD_TRIGGER_SCAN failed: Device or resource busy
12-08 09:42:43.072  1881  1965 E WificondScannerImpl: Failed to start scan, freqs=null
12-08 09:42:43.176  1881  5179 E memtrack: Couldn't load memtrack module
12-08 09:42:43.311  1881  5179 E memtrack: Couldn't load memtrack module
12-08 09:42:43.419  1881  5179 E memtrack: Couldn't load memtrack module
12-08 09:42:45.493  1739  1739 E wificond: NL80211_CMD_TRIGGER_SCAN failed: Device or resource busy
12-08 09:42:45.495  1881  1965 E WificondScannerImpl: Failed to start scan, freqs=null
12-08 09:42:45.532  1881  5179 E memtrack: Couldn't load memtrack module
12-08 09:42:45.542 12119 12119 E .android.diale: The String#value field is not present on Android versions >= 6.0
12-08 09:42:45.640  1881  5179 E memtrack: Couldn't load memtrack module
12-08 09:42:45.774  1881  5179 E memtrack: Couldn't load memtrack module
12-08 09:42:48.128  1881  5179 E memtrack: Couldn't load memtrack module
12-08 09:42:48.219  1881  5179 E memtrack: Couldn't load memtrack module
12-08 09:42:48.297  1881  5179 E memtrack: Couldn't load memtrack module
12-08 09:42:48.376  1881  5179 E memtrack: Couldn't load memtrack module
12-08 09:42:48.488  1881  5179 E memtrack: Couldn't load memtrack module
12-08 09:42:50.545  1739  1739 E wificond: NL80211_CMD_TRIGGER_SCAN failed: Device or resource busy
12-08 09:42:50.546  1881  1965 E WificondScannerImpl: Failed to start scan, freqs=null
12-08 09:42:50.616  1881  5179 E memtrack: Couldn't load memtrack module
12-08 09:42:50.689  1881  5179 E memtrack: Couldn't load memtrack module
12-08 09:42:50.754  1881  5179 E memtrack: Couldn't load memtrack module
12-08 09:42:50.817  1881  5179 E memtrack: Couldn't load memtrack module
12-08 09:42:50.907  1881  5179 E memtrack: Couldn't load memtrack module
12-08 09:42:53.072  1828  1828 E netmgr  : Failed to open QEMU pipe 'qemud:network': Invalid argument
12-08 09:42:53.074  1828  1828 E netmgr  : WifiForwarder unable to open QEMU pipe: Invalid argument
12-08 09:42:53.157  1881  5179 E memtrack: Couldn't load memtrack module
12-08 09:42:53.232  1881  5179 E memtrack: Couldn't load memtrack module
12-08 09:42:53.305  1881  5179 E memtrack: Couldn't load memtrack module
12-08 09:42:53.370  1881  5179 E memtrack: Couldn't load memtrack module
12-08 09:42:53.435  1881  5179 E memtrack: Couldn't load memtrack module
12-08 09:42:55.461  1881  5179 E memtrack: Couldn't load memtrack module
