--------- beginning of system
--------- beginning of main
12-08 04:01:18.775  1881  1895 E ActivityManager: Failure starting process com.evancharlton.mileage
12-08 04:01:18.775  1881  1895 E ActivityManager: java.lang.SecurityException: Package com.evancharlton.mileage is currently frozen!
12-08 04:01:18.775  1881  1895 E ActivityManager: 	at com.android.server.pm.PackageManagerService.checkPackageStartable(PackageManagerService.java:4000)
12-08 04:01:18.775  1881  1895 E ActivityManager: 	at com.android.server.am.ActivityManagerService.startProcessLocked(ActivityManagerService.java:4234)
12-08 04:01:18.775  1881  1895 E ActivityManager: 	at com.android.server.am.ActivityManagerService.startProcessLocked(ActivityManagerService.java:4199)
12-08 04:01:18.775  1881  1895 E ActivityManager: 	at com.android.server.am.ActivityManagerService.startProcessLocked(ActivityManagerService.java:4181)
12-08 04:01:18.775  1881  1895 E ActivityManager: 	at com.android.server.am.ActivityManagerService.startProcessLocked(ActivityManagerService.java:4067)
12-08 04:01:18.775  1881  1895 E ActivityManager: 	at com.android.server.am.ActivityStackSupervisor.startSpecificActivityLocked(ActivityStackSupervisor.java:1715)
12-08 04:01:18.775  1881  1895 E ActivityManager: 	at com.android.server.am.ActivityStack.resumeTopActivityInnerLocked(ActivityStack.java:2764)
12-08 04:01:18.775  1881  1895 E ActivityManager: 	at com.android.server.am.ActivityStack.resumeTopActivityUncheckedLocked(ActivityStack.java:2302)
12-08 04:01:18.775  1881  1895 E ActivityManager: 	at com.android.server.am.ActivityStackSupervisor.resumeFocusedStackTopActivityLocked(ActivityStackSupervisor.java:2234)
12-08 04:01:18.775  1881  1895 E ActivityManager: 	at com.android.server.am.ActivityStackSupervisor.resumeFocusedStackTopActivityLocked(ActivityStackSupervisor.java:2218)
12-08 04:01:18.775  1881  1895 E ActivityManager: 	at com.android.server.am.ActivityManagerService.handleAppDiedLocked(ActivityManagerService.java:5923)
12-08 04:01:18.775  1881  1895 E ActivityManager: 	at com.android.server.am.ActivityManagerService.removeProcessLocked(ActivityManagerService.java:7501)
12-08 04:01:18.775  1881  1895 E ActivityManager: 	at com.android.server.am.ActivityManagerService.killPackageProcessesLocked(ActivityManagerService.java:7142)
12-08 04:01:18.775  1881  1895 E ActivityManager: 	at com.android.server.am.ActivityManagerService.forceStopPackageLocked(ActivityManagerService.java:7275)
12-08 04:01:18.775  1881  1895 E ActivityManager: 	at com.android.server.am.ActivityManagerService$MainHandler.handleMessage(ActivityManagerService.java:2289)
12-08 04:01:18.775  1881  1895 E ActivityManager: 	at android.os.Handler.dispatchMessage(Handler.java:106)
12-08 04:01:18.775  1881  1895 E ActivityManager: 	at android.os.Looper.loop(Looper.java:193)
12-08 04:01:18.775  1881  1895 E ActivityManager: 	at android.os.HandlerThread.run(HandlerThread.java:65)
12-08 04:01:18.775  1881  1895 E ActivityManager: 	at com.android.server.ServiceThread.run(ServiceThread.java:44)
12-08 04:01:19.015  2463  9242 E IconLoader: Unexpected null component name or activity info: ComponentInfo{com.evancharlton.mileage/com.evancharlton.mileage.Mileage}, null
12-08 04:01:21.826  1730  1930 E         : Couldn't opendir /data/app/vmdl189000817.tmp: No such file or directory
12-08 04:01:21.826  1730  1930 E installd: Failed to delete /data/app/vmdl189000817.tmp: No such file or directory
12-08 04:01:22.560  2475 17623 E ChromeSync: [Sync,SyncIntentOperation] Error handling the intent: Intent { act=android.intent.action.PACKAGE_ADDED dat=package:com.evancharlton.mileage flg=0x4000010 cmp=com.google.android.gms/.chimera.GmsIntentOperationService (has extras) }.
12-08 04:01:23.448 17676 17676 E harlton.mileag: Not starting debugger since process cannot load the jdwp agent.
12-08 04:01:27.240 17676 17676 E SpannableStringBuilder: SPAN_EXCLUSIVE_EXCLUSIVE spans cannot have a zero length
12-08 04:01:27.240 17676 17676 E SpannableStringBuilder: SPAN_EXCLUSIVE_EXCLUSIVE spans cannot have a zero length
12-08 04:01:28.191  1992  1992 E native  : clearcut-logger.cc:191 USER_EDIT span#originalSpan is missing
12-08 04:01:29.710  1881  1993 E InputMethodManagerService: Ignoring com.android.server.InputMethodManagerService.updateStatusIcon:2188 due to an invalid token. uid:10060 token:android.os.Binder@fd464
12-08 04:01:29.751  1992  1992 E EmojiSearchExtension: com.google.android.apps.inputmethod.libs.search.emoji.EmojiSearchExtension: Cannot deactivate emoji search JNI; null locale
12-08 04:01:30.538  1611 17705 E audio_hw_generic: pcm_open(in) failed: cannot open device '/dev/snd/pcmC0D0c': Device or resource busy: channels 2 format 0 rate 16000
12-08 04:01:30.974  2448 16609 E ctxmgr  : [ProducerStatusImpl]updateStateForNewContextData: inactive, contextName=7
12-08 04:01:30.997  2448 16609 E ctxmgr  : [ProducerStatusImpl]updateStateForNewContextData: inactive, contextName=1
12-08 04:01:31.036  2448 16609 E ctxmgr  : [ProducerStatusImpl]updateStateForNewContextData: inactive, contextName=1
12-08 04:01:31.166  2448  2448 E BeaconBle: Scan couldn't start for Places
12-08 04:01:38.931  1828  1828 E netmgr  : Failed to open QEMU pipe 'qemud:network': Invalid argument
12-08 04:01:38.932  1828  1828 E netmgr  : WifiForwarder unable to open QEMU pipe: Invalid argument
12-08 04:01:44.075  1738  1772 E storaged: getDiskStats failed with result NOT_SUPPORTED and size 0
12-08 04:01:48.194  2692  2692 E ContextIntentStarter: No activity found for any of the 0 intents
12-08 04:01:49.247  1881  2408 E WindowManager: Performed 6 layouts in a row. Skipping
12-08 04:01:49.317  1881  1934 E WindowManager: Performed 6 layouts in a row. Skipping
12-08 04:01:49.341  1881  1896 E WindowManager: Performed 6 layouts in a row. Skipping
12-08 04:01:51.828  1611 17755 E audio_hw_generic: pcm_open(in) failed: cannot open device '/dev/snd/pcmC0D0c': Device or resource busy: channels 2 format 0 rate 16000
12-08 04:02:09.603  2494  2716 E PlayCommon: [101] com.google.android.play.b.g.a(448): Failed to connect to server: java.net.UnknownHostException: Unable to resolve host "play.googleapis.com": No address associated with hostname
12-08 04:02:38.944  1828  1828 E netmgr  : Failed to open QEMU pipe 'qemud:network': Invalid argument
12-08 04:02:38.944  1828  1828 E netmgr  : WifiForwarder unable to open QEMU pipe: Invalid argument
12-08 04:02:44.077  1738  1772 E storaged: getDiskStats failed with result NOT_SUPPORTED and size 0
12-08 04:03:27.121  1881  5179 E WindowManager: Performed 6 layouts in a row. Skipping
12-08 04:03:27.140  1881  1934 E WindowManager: Performed 6 layouts in a row. Skipping
12-08 04:03:27.161  1881  1934 E WindowManager: Performed 6 layouts in a row. Skipping
12-08 04:03:27.197  1881  1896 E WindowManager: Performed 6 layouts in a row. Skipping
12-08 04:03:27.222  1881  1934 E WindowManager: Performed 6 layouts in a row. Skipping
12-08 04:03:27.249  1881  5713 E WindowManager: Performed 6 layouts in a row. Skipping
12-08 04:03:27.300  1881  1934 E WindowManager: Performed 6 layouts in a row. Skipping
12-08 04:03:27.475  1881  1934 E WindowManager: Performed 6 layouts in a row. Skipping
12-08 04:03:29.334  1881  5179 E WindowManager: Performed 6 layouts in a row. Skipping
12-08 04:03:29.335  1881  1894 E memtrack: Couldn't load memtrack module
12-08 04:03:29.364  1881  1934 E WindowManager: Performed 6 layouts in a row. Skipping
12-08 04:03:29.380  1881  1896 E WindowManager: Performed 6 layouts in a row. Skipping
12-08 04:03:29.467  1881  1934 E WindowManager: Performed 6 layouts in a row. Skipping
12-08 04:03:29.520  1881  1934 E WindowManager: Performed 6 layouts in a row. Skipping
12-08 04:03:29.542  1881  2002 E WindowManager: Performed 6 layouts in a row. Skipping
12-08 04:03:29.576  1881  1934 E WindowManager: Performed 6 layouts in a row. Skipping
12-08 04:03:29.596  1881  2002 E WindowManager: Performed 6 layouts in a row. Skipping
12-08 04:03:29.623  1881  1934 E WindowManager: Performed 6 layouts in a row. Skipping
12-08 04:03:29.646  1881  1934 E WindowManager: Performed 6 layouts in a row. Skipping
12-08 04:03:29.670  1881  2408 E WindowManager: Performed 6 layouts in a row. Skipping
12-08 04:03:29.697  1881  1934 E WindowManager: Performed 6 layouts in a row. Skipping
12-08 04:03:29.750  1881  1934 E WindowManager: Performed 6 layouts in a row. Skipping
