--------- beginning of system
12-07 20:46:52.736  1737  1809 E storaged: getDiskStats failed with result NOT_SUPPORTED and size 0
12-07 20:47:47.242 13523 13523 E SchedPolicy: set_timerslack_ns write failed: Operation not permitted
12-07 20:47:47.283 13523 13523 E SchedPolicy: set_timerslack_ns write failed: Operation not permitted
12-07 20:47:53.999  1737  1809 E storaged: getDiskStats failed with result NOT_SUPPORTED and size 0
12-07 20:48:29.900 13523 13523 E SchedPolicy: set_timerslack_ns write failed: Operation not permitted
12-07 20:48:34.465 13523 13523 E SchedPolicy: set_timerslack_ns write failed: Operation not permitted
12-07 20:48:55.686  1737  1809 E storaged: getDiskStats failed with result NOT_SUPPORTED and size 0
12-07 20:48:58.292  1883  1901 E BatteryExternalStatsWorker: no controller energy info supplied for wifi
12-07 20:49:56.978  1737  1809 E storaged: getDiskStats failed with result NOT_SUPPORTED and size 0
12-07 20:50:57.956  1737  1809 E storaged: getDiskStats failed with result NOT_SUPPORTED and size 0
12-07 20:51:14.983 13523 13523 E SchedPolicy: set_timerslack_ns write failed: Operation not permitted
12-07 20:51:15.048 13523 13523 E SchedPolicy: set_timerslack_ns write failed: Operation not permitted
12-07 20:52:28.495  1738  1738 E wificond: Receive ERROR message in response to 'stop scheduled scan' request: Operation not supported on transport endpoint
--------- beginning of main
12-07 20:52:30.882 13353 13353 E wpa_supplicant: nl80211: Failed to set IPv4 unicast in multicast filter
12-07 20:52:30.977 13353 13353 E wpa_supplicant: nl80211: Failed to open /proc/sys/net/ipv4/conf/wlan0/drop_unicast_in_l2_multicast: No such file or directory
12-07 20:52:30.978 13353 13353 E wpa_supplicant: nl80211: Failed to set IPv4 unicast in multicast filter
12-07 20:52:32.927  1737  1809 E storaged: getDiskStats failed with result NOT_SUPPORTED and size 0
12-07 20:52:33.046  1628  1628 E android.hardware.wifi@1.0-service: Failed to open directory: Permission denied
12-07 20:52:33.046  1628  1628 E android.hardware.wifi@1.0-service: Error occurred while deleting old tombstone files
12-07 20:52:33.046  1628  1628 E android.hardware.wifi@1.0-service: Error writing files to flash
12-07 20:52:33.357  1883  1967 E WifiP2pService: Unhandled message { when=0 what=131204 target=com.android.internal.util.StateMachine$SmHandler }
12-07 20:52:35.453  1883  1901 E BatteryExternalStatsWorker: no controller energy info supplied for wifi
12-07 20:52:35.464  1883  1901 E BatteryExternalStatsWorker: no controller energy info supplied for wifi
12-07 20:53:08.240  1829  1829 E netmgr  : Failed to open QEMU pipe 'qemud:network': Invalid argument
12-07 20:53:08.240  1829  1829 E netmgr  : WifiForwarder unable to open QEMU pipe: Invalid argument
12-07 20:53:33.775  1737  1809 E storaged: getDiskStats failed with result NOT_SUPPORTED and size 0
12-07 20:53:41.259  2420 14410 E ctxmgr  : [ProducerStatusImpl]updateStateForNewContextData: inactive, contextName=7
12-07 20:53:41.470  2420  2420 E BeaconBle: Missing BluetoothAdapter
12-07 20:53:43.331  2420  2420 E BeaconBle: Scan couldn't start for Places
12-07 20:53:45.964 13523 13523 E SchedPolicy: set_timerslack_ns write failed: Operation not permitted
12-07 20:53:46.045 13523 13523 E SchedPolicy: set_timerslack_ns write failed: Operation not permitted
12-07 20:53:53.103 13523 13523 E SchedPolicy: set_timerslack_ns write failed: Operation not permitted
12-07 20:53:53.238 13523 13523 E SchedPolicy: set_timerslack_ns write failed: Operation not permitted
12-07 20:53:57.811 14435 14435 E boxed_process1: Not starting debugger since process cannot load the jdwp agent.
12-07 20:54:00.335  1613 14455 E audio_hw_generic: pcm_open(in) failed: cannot open device '/dev/snd/pcmC0D0c': Device or resource busy: channels 2 format 0 rate 16000
12-07 20:54:10.173  1829  1829 E netmgr  : Failed to open QEMU pipe 'qemud:network': Invalid argument
12-07 20:54:10.174  1829  1829 E netmgr  : WifiForwarder unable to open QEMU pipe: Invalid argument
12-07 20:54:34.176  1737  1809 E storaged: getDiskStats failed with result NOT_SUPPORTED and size 0
12-07 20:54:55.909  2420 14410 E ctxmgr  : [ProducerStatusImpl]updateStateForNewContextData: inactive, contextName=7
12-07 20:54:58.504  2420  2420 E BeaconBle: Missing BluetoothAdapter
12-07 20:54:58.576  2420  2420 E BeaconBle: Scan couldn't start for Places
12-07 20:55:07.851  2561  2771 E PlayCommon: [113] com.google.android.play.b.g.a(448): Failed to connect to server: java.net.UnknownHostException: Unable to resolve host "play.googleapis.com": No address associated with hostname
12-07 20:55:10.227  1829  1829 E netmgr  : Failed to open QEMU pipe 'qemud:network': Invalid argument
12-07 20:55:10.228  1829  1829 E netmgr  : WifiForwarder unable to open QEMU pipe: Invalid argument
12-07 20:55:10.345 14492 14492 E boxed_process2: Not starting debugger since process cannot load the jdwp agent.
12-07 20:55:32.318  1990  1990 E native  : clearcut-logger.cc:191 USER_EDIT span#originalSpan is missing
12-07 20:55:34.179  1737  1809 E storaged: getDiskStats failed with result NOT_SUPPORTED and size 0
12-07 20:55:37.070  1990  1990 E native  : clearcut-logger.cc:191 USER_EDIT span#originalSpan is missing
12-07 20:56:09.970  2420 14281 E ctxmgr  : [ProducerStatusImpl]updateStateForNewContextData: inactive, contextName=7
12-07 20:56:10.288  1829  1829 E netmgr  : Failed to open QEMU pipe 'qemud:network': Invalid argument
12-07 20:56:10.291  1829  1829 E netmgr  : WifiForwarder unable to open QEMU pipe: Invalid argument
12-07 20:56:12.368  2420  2420 E BeaconBle: Missing BluetoothAdapter
12-07 20:56:12.383  2420  2420 E BeaconBle: Scan couldn't start for Places
12-07 20:56:17.454 14540 14540 E boxed_process2: Not starting debugger since process cannot load the jdwp agent.
12-07 20:56:26.686 11781 11781 E SpannableStringBuilder: SPAN_EXCLUSIVE_EXCLUSIVE spans cannot have a zero length
12-07 20:56:26.686 11781 11781 E SpannableStringBuilder: SPAN_EXCLUSIVE_EXCLUSIVE spans cannot have a zero length
12-07 20:56:26.768 11781 11827 E MicroDetectionWorker: Stale runnable..ignoring
12-07 20:56:34.182  1737  1809 E storaged: getDiskStats failed with result NOT_SUPPORTED and size 0
12-07 20:56:43.406  1632  1632 E lowmemorykiller: Error opening /proc/14540/oom_score_adj; errno=2
12-07 20:56:43.408  1632  1632 E lowmemorykiller: Error opening /proc/14540/oom_score_adj; errno=2
12-07 20:56:43.424  1632  1632 E lowmemorykiller: Error opening /proc/14540/oom_score_adj; errno=2
12-07 20:56:48.221  2420 14281 E ctxmgr  : [ProducerStatusImpl]updateStateForNewContextData: inactive, contextName=7
12-07 20:56:50.620  2420  2420 E BeaconBle: Missing BluetoothAdapter
12-07 20:56:50.676  2420  2420 E BeaconBle: Scan couldn't start for Places
12-07 20:57:11.879  1829  1829 E netmgr  : Failed to open QEMU pipe 'qemud:network': Invalid argument
12-07 20:57:11.880  1829  1829 E netmgr  : WifiForwarder unable to open QEMU pipe: Invalid argument
