--------- beginning of system
12-08 14:29:55.520  1738  1772 E storaged: getDiskStats failed with result NOT_SUPPORTED and size 0
--------- beginning of main
12-08 14:30:05.900  2475 11579 E ChromeSync: [Sync,SyncIntentOperation] Error handling the intent: Intent { act=android.intent.action.PACKAGE_ADDED dat=package:com.evancharlton.mileage flg=0x4000010 cmp=com.google.android.gms/.chimera.GmsIntentOperationService (has extras) }.
12-08 14:30:10.871 11599 11599 E harlton.mileag: Not starting debugger since process cannot load the jdwp agent.
12-08 14:30:25.633  1881  1896 E AutofillSession: No assist structure - app might have crashed providing it
12-08 14:30:43.253  1828  1828 E netmgr  : Failed to open QEMU pipe 'qemud:network': Invalid argument
12-08 14:30:43.254  1828  1828 E netmgr  : WifiForwarder unable to open QEMU pipe: Invalid argument
12-08 14:30:55.986  1738  1772 E storaged: getDiskStats failed with result NOT_SUPPORTED and size 0
12-08 14:31:41.671  1611  1695 E audio_hw_generic: pcm_write failed cannot write stream data: I/O error
12-08 14:31:44.239  1828  1828 E netmgr  : Failed to open QEMU pipe 'qemud:network': Invalid argument
12-08 14:31:44.240  1828  1828 E netmgr  : WifiForwarder unable to open QEMU pipe: Invalid argument
12-08 14:31:51.720  1611  1695 E audio_hw_generic: pcm_write failed cannot write stream data: I/O error
12-08 14:31:54.385  2475 11589 E SQLiteCastStore: Skip saving CastDeviceInfo: "Nearby device" (__cast_nearby___V_2aaaa8bc-9f2a-4c7b-a426-38bd7b75baa1)
12-08 14:31:56.772  1738  1772 E storaged: getDiskStats failed with result NOT_SUPPORTED and size 0
12-08 14:31:59.785  2448 11549 E ctxmgr  : [ProducerStatusImpl]updateStateForNewContextData: inactive, contextName=7
12-08 14:32:04.674  2448  2448 E BeaconBle: Missing BluetoothAdapter
12-08 14:32:04.768  2448  2448 E BeaconBle: Scan couldn't start for Places
12-08 14:32:09.880  1611  1695 E audio_hw_generic: pcm_write failed cannot write stream data: I/O error
12-08 14:32:25.198  1611  1695 E audio_hw_generic: pcm_write failed cannot write stream data: I/O error
12-08 14:32:25.542  2692  2692 E ContextIntentStarter: No activity found for any of the 0 intents
12-08 14:32:35.467  1611  1695 E audio_hw_generic: pcm_write failed cannot write stream data: I/O error
12-08 14:32:38.280  1626  1626 E android.hardware.wifi@1.0-service: Failed to register radio mode change callback
12-08 14:32:38.284  1626  1626 E android.hardware.wifi@1.0-service: Failed to set DFS flag; DFS channels may be unavailable.
12-08 14:32:38.357  1739  1739 E wificond: No Offload Service available
12-08 14:32:40.596  1881  1964 E NetdConnector: NDC Command {487 interface getcfg wlan0} took too long (2192ms)
12-08 14:32:40.883  1881  1966 E WifiP2pService: Unhandled message { when=-17ms what=131203 target=com.android.internal.util.StateMachine$SmHandler }
12-08 14:32:40.938  1881  1966 E WifiP2pService: Unhandled message { when=-1ms what=131203 target=com.android.internal.util.StateMachine$SmHandler }
12-08 14:32:40.959  1881  1899 E BatteryExternalStatsWorker: no controller energy info supplied for wifi
12-08 14:32:43.139  1881  1899 E BatteryExternalStatsWorker: no controller energy info supplied for wifi
12-08 14:32:43.497  2448 11493 E ctxmgr  : [ProducerStatusImpl]updateStateForNewContextData: inactive, contextName=7
12-08 14:32:45.799  1828  1828 E netmgr  : Failed to open QEMU pipe 'qemud:network': Invalid argument
12-08 14:32:45.799  1828  1828 E netmgr  : WifiForwarder unable to open QEMU pipe: Invalid argument
12-08 14:32:46.195  2448  2448 E BeaconBle: Missing BluetoothAdapter
12-08 14:32:48.410  2448  2448 E BeaconBle: Scan couldn't start for Places
12-08 14:32:56.220 29746 29746 E SchedPolicy: set_timerslack_ns write failed: Operation not permitted
12-08 14:32:58.523  1738  1772 E storaged: getDiskStats failed with result NOT_SUPPORTED and size 0
12-08 14:32:58.744  2494  2716 E PlayCommon: [101] com.google.android.play.b.g.a(448): Failed to connect to server: java.net.UnknownHostException: Unable to resolve host "play.googleapis.com": No address associated with hostname
12-08 14:33:01.184  1739  1739 E wificond: NL80211_CMD_TRIGGER_SCAN failed: Device or resource busy
12-08 14:33:14.058 29746 29746 E SchedPolicy: set_timerslack_ns write failed: Operation not permitted
12-08 14:33:42.766  1739  1739 E wificond: NL80211_CMD_TRIGGER_SCAN failed: Device or resource busy
12-08 14:33:45.642  1828  1828 E netmgr  : Failed to open QEMU pipe 'qemud:network': Invalid argument
12-08 14:33:45.642  1828  1828 E netmgr  : WifiForwarder unable to open QEMU pipe: Invalid argument
12-08 14:33:53.350  2448 11683 E NetworkScheduler.ATC: Called cancelTask for already completed task com.google.android.gms/.learning.training.background.TrainingGcmTaskService{u=0 tag="com.google.android.gms.learning.BACKGROUND_TRAINING_TASK" trigger=window{period=900s,flex=600s,earliest=-295s,latest=304s} requirements=[NET_ANY,CHARGING,DEVICE_IDLE] attributes=[PERSISTED,RECURRING] scheduled=-595s last_run=-8s jid=N/A status=ACTIVE retries=0 client_lib=MANCHEGO_GCM-14799000} :RESCHEDULED
12-08 14:33:58.179  1881  1896 E AutofillSession: No assist structure - app might have crashed providing it
12-08 14:33:58.550  1738  1772 E storaged: getDiskStats failed with result NOT_SUPPORTED and size 0
12-08 14:34:20.828  1881  1965 E WificondScannerImpl: Timed out waiting for scan result from wificond
12-08 14:34:20.849  1881  1894 E memtrack: Couldn't load memtrack module
