--------- beginning of main
--------- beginning of system
12-07 22:34:46.779  1729  1931 E         : Couldn't opendir /data/app/vmdl1040566409.tmp: No such file or directory
12-07 22:34:46.780  1729  1931 E installd: Failed to delete /data/app/vmdl1040566409.tmp: No such file or directory
12-07 22:34:49.992  6173  6173 E harlton.mileag: Not starting debugger since process cannot load the jdwp agent.
12-07 22:34:50.613 16561 16708 E MicroDetectionWorker: Stale runnable..ignoring
12-07 22:34:51.348 16085 24146 E putmethod.lati: Invalid ID 0x00000001.
12-07 22:34:51.354 16085 24146 E LstmTrainingCache: emn: Can't get resource name for input slot
12-07 22:34:51.354 16085 24146 E LstmTrainingCache: android.content.res.Resources$NotFoundException: Unable to find resource ID #0x1
12-07 22:34:51.354 16085 24146 E LstmTrainingCache: 	at android.content.res.ResourcesImpl.getResourceName(ResourcesImpl.java:255)
12-07 22:34:51.354 16085 24146 E LstmTrainingCache: 	at android.content.res.Resources.getResourceName(Resources.java:1954)
12-07 22:34:51.354 16085 24146 E LstmTrainingCache: 	at emn.a(PG:12)
12-07 22:34:51.354 16085 24146 E LstmTrainingCache: 	at emk.run(PG:5)
12-07 22:34:51.354 16085 24146 E LstmTrainingCache: 	at java.lang.Thread.run(Thread.java:764)
12-07 22:34:54.368  6173  6173 E SpannableStringBuilder: SPAN_EXCLUSIVE_EXCLUSIVE spans cannot have a zero length
12-07 22:34:54.368  6173  6173 E SpannableStringBuilder: SPAN_EXCLUSIVE_EXCLUSIVE spans cannot have a zero length
12-07 22:34:56.927 16085 24146 E putmethod.lati: Invalid ID 0x00000001.
12-07 22:34:56.934 16085 24146 E LstmTrainingCache: emn: Can't get resource name for input slot
12-07 22:34:56.934 16085 24146 E LstmTrainingCache: android.content.res.Resources$NotFoundException: Unable to find resource ID #0x1
12-07 22:34:56.934 16085 24146 E LstmTrainingCache: 	at android.content.res.ResourcesImpl.getResourceName(ResourcesImpl.java:255)
12-07 22:34:56.934 16085 24146 E LstmTrainingCache: 	at android.content.res.Resources.getResourceName(Resources.java:1954)
12-07 22:34:56.934 16085 24146 E LstmTrainingCache: 	at emn.a(PG:12)
12-07 22:34:56.934 16085 24146 E LstmTrainingCache: 	at emk.run(PG:5)
12-07 22:34:56.934 16085 24146 E LstmTrainingCache: 	at java.lang.Thread.run(Thread.java:764)
12-07 22:34:57.162 16506  5850 E ctxmgr  : [AppIntervalImpl]closeInterval: stopTimeMillis invalid, stop=1544222097162, start=1544238227857
12-07 22:34:57.174 16506  5850 E ctxmgr  : [AppIntervalImpl]closeInterval: stopTimeMillis invalid, stop=1544222097174, start=1544238227858
12-07 22:35:02.265 16506 16506 E BeaconBle: Scan couldn't start for Places
12-07 22:35:06.061  1829  1829 E netmgr  : Failed to open QEMU pipe 'qemud:network': Invalid argument
12-07 22:35:06.061  1829  1829 E netmgr  : WifiForwarder unable to open QEMU pipe: Invalid argument
12-07 22:35:11.384 15976 19560 E WindowManager: Performed 6 layouts in a row. Skipping
12-07 22:35:11.409 15976 16026 E WindowManager: Performed 6 layouts in a row. Skipping
12-07 22:35:11.476 15976 16026 E WindowManager: Performed 6 layouts in a row. Skipping
12-07 22:35:11.534 15976 16026 E WindowManager: Performed 6 layouts in a row. Skipping
12-07 22:35:11.552 15976 15991 E WindowManager: Performed 6 layouts in a row. Skipping
12-07 22:35:11.601 15976 16026 E WindowManager: Performed 6 layouts in a row. Skipping
12-07 22:35:11.631 15976 16026 E WindowManager: Performed 6 layouts in a row. Skipping
12-07 22:35:11.705 15976 16026 E WindowManager: Performed 6 layouts in a row. Skipping
12-07 22:35:11.728 15976 19437 E WindowManager: Performed 6 layouts in a row. Skipping
12-07 22:35:11.751 15976 16026 E WindowManager: Performed 6 layouts in a row. Skipping
12-07 22:35:11.785 15976 19360 E WindowManager: Performed 6 layouts in a row. Skipping
12-07 22:35:11.825 15976 16026 E WindowManager: Performed 6 layouts in a row. Skipping
12-07 22:35:11.880 15976 17775 E WindowManager: Performed 6 layouts in a row. Skipping
12-07 22:35:11.926 15976 16026 E WindowManager: Performed 6 layouts in a row. Skipping
12-07 22:35:11.989 15976 16026 E WindowManager: Performed 6 layouts in a row. Skipping
12-07 22:35:12.640  6173  6173 E WindowManager: 
12-07 22:35:12.640  6173  6173 E WindowManager: android.view.WindowLeaked: Activity com.evancharlton.mileage.FieldActivity has leaked window DecorView@4e687b1[FieldActivity] that was originally added here
12-07 22:35:12.640  6173  6173 E WindowManager: 	at android.view.ViewRootImpl.<init>(ViewRootImpl.java:511)
12-07 22:35:12.640  6173  6173 E WindowManager: 	at android.view.WindowManagerGlobal.addView(WindowManagerGlobal.java:346)
12-07 22:35:12.640  6173  6173 E WindowManager: 	at android.view.WindowManagerImpl.addView(WindowManagerImpl.java:93)
12-07 22:35:12.640  6173  6173 E WindowManager: 	at com.android.internal.policy.PhoneWindow.openPanel(PhoneWindow.java:887)
12-07 22:35:12.640  6173  6173 E WindowManager: 	at com.android.internal.policy.PhoneWindow.onKeyUpPanel(PhoneWindow.java:1104)
12-07 22:35:12.640  6173  6173 E WindowManager: 	at com.android.internal.policy.PhoneWindow.onKeyUp(PhoneWindow.java:2007)
12-07 22:35:12.640  6173  6173 E WindowManager: 	at com.android.internal.policy.DecorView.dispatchKeyEvent(DecorView.java:350)
12-07 22:35:12.640  6173  6173 E WindowManager: 	at android.view.ViewRootImpl$ViewPostImeInputStage.processKeyEvent(ViewRootImpl.java:5037)
12-07 22:35:12.640  6173  6173 E WindowManager: 	at android.view.ViewRootImpl$ViewPostImeInputStage.onProcess(ViewRootImpl.java:4905)
12-07 22:35:12.640  6173  6173 E WindowManager: 	at android.view.ViewRootImpl$InputStage.deliver(ViewRootImpl.java:4426)
12-07 22:35:12.640  6173  6173 E WindowManager: 	at android.view.ViewRootImpl$InputStage.onDeliverToNext(ViewRootImpl.java:4479)
12-07 22:35:12.640  6173  6173 E WindowManager: 	at android.view.ViewRootImpl$InputStage.forward(ViewRootImpl.java:4445)
12-07 22:35:12.640  6173  6173 E WindowManager: 	at android.view.ViewRootImpl$AsyncInputStage.forward(ViewRootImpl.java:4585)
12-07 22:35:12.640  6173  6173 E WindowManager: 	at android.view.ViewRootImpl$InputStage.apply(ViewRootImpl.java:4453)
12-07 22:35:12.640  6173  6173 E WindowManager: 	at android.view.ViewRootImpl$AsyncInputStage.apply(ViewRootImpl.java:4642)
12-07 22:35:12.640  6173  6173 E WindowManager: 	at android.view.ViewRootImpl$InputStage.deliver(ViewRootImpl.java:4426)
12-07 22:35:12.640  6173  6173 E WindowManager: 	at android.view.ViewRootImpl$InputStage.onDeliverToNext(ViewRootImpl.java:4479)
12-07 22:35:12.640  6173  6173 E WindowManager: 	at android.view.ViewRootImpl$InputStage.forward(ViewRootImpl.java:4445)
12-07 22:35:12.640  6173  6173 E WindowManager: 	at android.view.ViewRootImpl$InputStage.apply(ViewRootImpl.java:4453)
12-07 22:35:12.640  6173  6173 E WindowManager: 	at android.view.ViewRootImpl$InputStage.deliver(ViewRootImpl.java:4426)
12-07 22:35:12.640  6173  6173 E WindowManager: 	at android.view.ViewRootImpl$InputStage.onDeliverToNext(ViewRootImpl.java:4479)
12-07 22:35:12.640  6173  6173 E WindowManager: 	at android.view.ViewRootImpl$InputStage.forward(ViewRootImpl.java:4445)
12-07 22:35:12.640  6173  6173 E WindowManager: 	at android.view.ViewRootImpl$AsyncInputStage.forward(ViewRootImpl.java:4618)
12-07 22:35:12.640  6173  6173 E WindowManager: 	at android.view.ViewRootImpl$ImeInputStage.onFinishedInputEvent(ViewRootImpl.java:4779)
12-07 22:35:12.640  6173  6173 E WindowManager: 	at android.view.inputmethod.InputMethodManager$PendingEvent.run(InputMethodManager.java:2571)
12-07 22:35:12.640  6173  6173 E WindowManager: 	at android.view.inputmethod.InputMethodManager.invokeFinishedInputEventCallback(InputMethodManager.java:2081)
12-07 22:35:12.640  6173  6173 E WindowManager: 	at android.view.inputmethod.InputMethodManager.finishedInputEvent(InputMethodManager.java:2072)
12-07 22:35:12.640  6173  6173 E WindowManager: 	at android.view.inputmethod.InputMethodManager$ImeInputEventSender.onInputEventFinished(InputMethodManager.java:2548)
12-07 22:35:12.640  6173  6173 E WindowManager: 	at android.view.InputEventSender.dispatchInputEventFinished(InputEventSender.java:141)
12-07 22:35:12.640  6173  6173 E WindowManager: 	at android.os.MessageQueue.nativePollOnce(Native Method)
12-07 22:35:12.640  6173  6173 E WindowManager: 	at android.os.MessageQueue.next(MessageQueue.java:326)
12-07 22:35:12.640  6173  6173 E WindowManager: 	at android.os.Looper.loop(Looper.java:160)
12-07 22:35:12.640  6173  6173 E WindowManager: 	at android.app.ActivityThread.main(ActivityThread.java:6669)
12-07 22:35:12.640  6173  6173 E WindowManager: 	at java.lang.reflect.Method.invoke(Native Method)
12-07 22:35:12.640  6173  6173 E WindowManager: 	at com.android.internal.os.RuntimeInit$MethodAndArgsCaller.run(RuntimeInit.java:493)
12-07 22:35:12.640  6173  6173 E WindowManager: 	at com.android.internal.os.ZygoteInit.main(ZygoteInit.java:858)
12-07 22:35:13.136 16561 16561 E ContextIntentStarter: No activity found for any of the 0 intents
12-07 22:35:14.285  1628  1628 E android.hardware.wifi@1.0-service: Failed to register radio mode change callback
12-07 22:35:14.288  1628  1628 E android.hardware.wifi@1.0-service: Failed to set DFS flag; DFS channels may be unavailable.
12-07 22:35:14.356 15926 15926 E wificond: No Offload Service available
12-07 22:35:14.543 15976 16055 E WifiP2pService: Unhandled message { when=-1ms what=131203 target=com.android.internal.util.StateMachine$SmHandler }
12-07 22:35:14.578 15976 16055 E WifiP2pService: Unhandled message { when=0 what=131203 target=com.android.internal.util.StateMachine$SmHandler }
12-07 22:35:14.599 15976 15994 E BatteryExternalStatsWorker: no controller energy info supplied for wifi
12-07 22:35:14.646 15976 15994 E BatteryExternalStatsWorker: no controller energy info supplied for wifi
12-07 22:35:16.894 15927  6243 E audio_hw_generic: pcm_open(in) failed: cannot open device '/dev/snd/pcmC0D0c': Device or resource busy: channels 2 format 0 rate 16000
12-07 22:35:18.953 15976 15994 E BatteryExternalStatsWorker: no controller energy info supplied for wifi
12-07 22:35:19.552 16506  6267 E WakeLock: GCM_CONN_ALARM release without a matched acquire!
12-07 22:35:19.735 15925 15942 E Netd    : Error adding route ::/0 -> fe80::ff:fe00:100 wlan0 to table 1003: File exists
12-07 22:35:22.366  6272  6272 E android.youtub: Not starting debugger since process cannot load the jdwp agent.
12-07 22:35:23.939  6272  6292 E YouTube : Failed delayed event dispatch, no dispatchers.
12-07 22:35:26.002 16485 16485 E SchedPolicy: set_timerslack_ns write failed: Operation not permitted
12-07 22:35:28.010  1737  1809 E storaged: getDiskStats failed with result NOT_SUPPORTED and size 0
12-07 22:35:29.408 16506  5796 E PhenotypeFlagCommitter: Retrieving snapshot for com.google.android.gms.playlog.uploader failed
12-07 22:35:29.408 16506  5796 E PhenotypeFlagCommitter: java.lang.InterruptedException
12-07 22:35:29.408 16506  5796 E PhenotypeFlagCommitter: 	at java.util.concurrent.locks.AbstractQueuedSynchronizer.doAcquireSharedNanos(AbstractQueuedSynchronizer.java:1063)
12-07 22:35:29.408 16506  5796 E PhenotypeFlagCommitter: 	at java.util.concurrent.locks.AbstractQueuedSynchronizer.tryAcquireSharedNanos(AbstractQueuedSynchronizer.java:1352)
12-07 22:35:29.408 16506  5796 E PhenotypeFlagCommitter: 	at java.util.concurrent.CountDownLatch.await(CountDownLatch.java:278)
12-07 22:35:29.408 16506  5796 E PhenotypeFlagCommitter: 	at arhb.a(:com.google.android.gms@14799040@14.7.99 (100700-223214910):27)
12-07 22:35:29.408 16506  5796 E PhenotypeFlagCommitter: 	at akeu.a(:com.google.android.gms@14799040@14.7.99 (100700-223214910):2)
12-07 22:35:29.408 16506  5796 E PhenotypeFlagCommitter: 	at akeu.a(:com.google.android.gms@14799040@14.7.99 (100700-223214910):19)
12-07 22:35:29.408 16506  5796 E PhenotypeFlagCommitter: 	at akeu.a(:com.google.android.gms@14799040@14.7.99 (100700-223214910):26)
12-07 22:35:29.408 16506  5796 E PhenotypeFlagCommitter: 	at com.google.android.gms.clearcut.uploader.QosUploaderChimeraService.c(:com.google.android.gms@14799040@14.7.99 (100700-223214910):4)
12-07 22:35:29.408 16506  5796 E PhenotypeFlagCommitter: 	at com.google.android.gms.clearcut.uploader.QosUploaderChimeraService.a(:com.google.android.gms@14799040@14.7.99 (100700-223214910):14)
12-07 22:35:29.408 16506  5796 E PhenotypeFlagCommitter: 	at com.google.android.gms.clearcut.uploader.QosUploaderChimeraService.a(:com.google.android.gms@14799040@14.7.99 (100700-223214910):6)
12-07 22:35:29.408 16506  5796 E PhenotypeFlagCommitter: 	at ynh.run(:com.google.android.gms@14799040@14.7.99 (100700-223214910):5)
12-07 22:35:29.408 16506  5796 E PhenotypeFlagCommitter: 	at qwc.run(:com.google.android.gms@14799040@14.7.99 (100700-223214910):21)
12-07 22:35:29.408 16506  5796 E PhenotypeFlagCommitter: 	at java.util.concurrent.ThreadPoolExecutor.runWorker(ThreadPoolExecutor.java:1167)
12-07 22:35:29.408 16506  5796 E PhenotypeFlagCommitter: 	at java.util.concurrent.ThreadPoolExecutor$Worker.run(ThreadPoolExecutor.java:641)
12-07 22:35:29.408 16506  5796 E PhenotypeFlagCommitter: 	at rbx.run(Unknown Source:7)
12-07 22:35:29.408 16506  5796 E PhenotypeFlagCommitter: 	at java.lang.Thread.run(Thread.java:764)
12-07 22:35:34.204  6406  6406 E viders.calenda: Not starting debugger since process cannot load the jdwp agent.
12-07 22:35:34.481  6428  6428 E com.ustwo.lwp: Not starting debugger since process cannot load the jdwp agent.
12-07 22:35:34.805 16485 16485 E SchedPolicy: set_timerslack_ns write failed: Operation not permitted
12-07 22:36:06.138  1829  1829 E netmgr  : Failed to open QEMU pipe 'qemud:network': Invalid argument
12-07 22:36:06.139  1829  1829 E netmgr  : WifiForwarder unable to open QEMU pipe: Invalid argument
12-07 22:36:15.275 16410  6136 E SQLiteCastStore: Skip saving CastDeviceInfo: "Nearby device" (__cast_nearby___V_dc72bb9e-d322-4dcf-bc7a-241964ed8766)
12-07 22:36:28.075  1737  1809 E storaged: getDiskStats failed with result NOT_SUPPORTED and size 0
12-07 22:37:06.150  1829  1829 E netmgr  : Failed to open QEMU pipe 'qemud:network': Invalid argument
12-07 22:37:06.151  1829  1829 E netmgr  : WifiForwarder unable to open QEMU pipe: Invalid argument
12-07 22:37:28.076  1737  1809 E storaged: getDiskStats failed with result NOT_SUPPORTED and size 0
12-07 22:37:34.588 15976 15986 E WindowManager: Performed 6 layouts in a row. Skipping
12-07 22:37:34.609 15976 16026 E WindowManager: Performed 6 layouts in a row. Skipping
12-07 22:37:34.657 15976 16026 E WindowManager: Performed 6 layouts in a row. Skipping
12-07 22:37:34.702 15976 16026 E WindowManager: Performed 6 layouts in a row. Skipping
12-07 22:37:34.721 15976 19360 E WindowManager: Performed 6 layouts in a row. Skipping
12-07 22:37:34.768 15976 15991 E WindowManager: Performed 6 layouts in a row. Skipping
12-07 22:37:34.791 15976 16026 E WindowManager: Performed 6 layouts in a row. Skipping
12-07 22:37:34.817 15976 16026 E WindowManager: Performed 6 layouts in a row. Skipping
12-07 22:37:34.886 15976 16026 E WindowManager: Performed 6 layouts in a row. Skipping
