--------- beginning of system
12-09 07:23:54.157  1885  3541 E WindowManager: Performed 6 layouts in a row. Skipping
--------- beginning of main
12-09 07:23:54.201  1885  1938 E WindowManager: Performed 6 layouts in a row. Skipping
12-09 07:23:54.231  1885  1900 E WindowManager: Performed 6 layouts in a row. Skipping
12-09 07:23:54.267  1885  1938 E WindowManager: Performed 6 layouts in a row. Skipping
12-09 07:23:54.343  1885  1938 E WindowManager: Performed 6 layouts in a row. Skipping
12-09 07:23:54.407  1885  1938 E WindowManager: Performed 6 layouts in a row. Skipping
12-09 07:23:54.432  1885  3541 E WindowManager: Performed 6 layouts in a row. Skipping
12-09 07:23:54.479  1885  1938 E WindowManager: Performed 6 layouts in a row. Skipping
12-09 07:23:54.594  1885  1938 E WindowManager: Performed 6 layouts in a row. Skipping
12-09 07:23:56.430  1885  1899 E ActivityManager: Failure starting process com.evancharlton.mileage
12-09 07:23:56.430  1885  1899 E ActivityManager: java.lang.SecurityException: Package com.evancharlton.mileage is currently frozen!
12-09 07:23:56.430  1885  1899 E ActivityManager: 	at com.android.server.pm.PackageManagerService.checkPackageStartable(PackageManagerService.java:4000)
12-09 07:23:56.430  1885  1899 E ActivityManager: 	at com.android.server.am.ActivityManagerService.startProcessLocked(ActivityManagerService.java:4234)
12-09 07:23:56.430  1885  1899 E ActivityManager: 	at com.android.server.am.ActivityManagerService.startProcessLocked(ActivityManagerService.java:4199)
12-09 07:23:56.430  1885  1899 E ActivityManager: 	at com.android.server.am.ActivityManagerService.startProcessLocked(ActivityManagerService.java:4181)
12-09 07:23:56.430  1885  1899 E ActivityManager: 	at com.android.server.am.ActivityManagerService.startProcessLocked(ActivityManagerService.java:4067)
12-09 07:23:56.430  1885  1899 E ActivityManager: 	at com.android.server.am.ActivityStackSupervisor.startSpecificActivityLocked(ActivityStackSupervisor.java:1715)
12-09 07:23:56.430  1885  1899 E ActivityManager: 	at com.android.server.am.ActivityStack.resumeTopActivityInnerLocked(ActivityStack.java:2764)
12-09 07:23:56.430  1885  1899 E ActivityManager: 	at com.android.server.am.ActivityStack.resumeTopActivityUncheckedLocked(ActivityStack.java:2302)
12-09 07:23:56.430  1885  1899 E ActivityManager: 	at com.android.server.am.ActivityStackSupervisor.resumeFocusedStackTopActivityLocked(ActivityStackSupervisor.java:2234)
12-09 07:23:56.430  1885  1899 E ActivityManager: 	at com.android.server.am.ActivityStackSupervisor.resumeFocusedStackTopActivityLocked(ActivityStackSupervisor.java:2218)
12-09 07:23:56.430  1885  1899 E ActivityManager: 	at com.android.server.am.ActivityManagerService.handleAppDiedLocked(ActivityManagerService.java:5923)
12-09 07:23:56.430  1885  1899 E ActivityManager: 	at com.android.server.am.ActivityManagerService.removeProcessLocked(ActivityManagerService.java:7501)
12-09 07:23:56.430  1885  1899 E ActivityManager: 	at com.android.server.am.ActivityManagerService.killPackageProcessesLocked(ActivityManagerService.java:7142)
12-09 07:23:56.430  1885  1899 E ActivityManager: 	at com.android.server.am.ActivityManagerService.forceStopPackageLocked(ActivityManagerService.java:7275)
12-09 07:23:56.430  1885  1899 E ActivityManager: 	at com.android.server.am.ActivityManagerService$MainHandler.handleMessage(ActivityManagerService.java:2289)
12-09 07:23:56.430  1885  1899 E ActivityManager: 	at android.os.Handler.dispatchMessage(Handler.java:106)
12-09 07:23:56.430  1885  1899 E ActivityManager: 	at android.os.Looper.loop(Looper.java:193)
12-09 07:23:56.430  1885  1899 E ActivityManager: 	at android.os.HandlerThread.run(HandlerThread.java:65)
12-09 07:23:56.430  1885  1899 E ActivityManager: 	at com.android.server.ServiceThread.run(ServiceThread.java:44)
12-09 07:23:57.165 13668 13668 E oid.documentsu: Not starting debugger since process cannot load the jdwp agent.
12-09 07:23:57.179 13678 13678 E ndroid.keychai: Not starting debugger since process cannot load the jdwp agent.
12-09 07:24:00.280  1731  1949 E         : Couldn't opendir /data/app/vmdl586124569.tmp: No such file or directory
12-09 07:24:00.280  1731  1949 E installd: Failed to delete /data/app/vmdl586124569.tmp: No such file or directory
12-09 07:24:00.651 13749 13749 E droid.apps.doc: Not starting debugger since process cannot load the jdwp agent.
12-09 07:24:01.831 13749 13749 E DocsApplication: [main] No default account found during application creation.
12-09 07:24:03.285 13792 13792 E harlton.mileag: Not starting debugger since process cannot load the jdwp agent.
12-09 07:24:04.691  1994  7294 E putmethod.lati: Invalid ID 0x00000001.
12-09 07:24:04.729  1994  7294 E LstmTrainingCache: emn: Can't get resource name for input slot
12-09 07:24:04.729  1994  7294 E LstmTrainingCache: android.content.res.Resources$NotFoundException: Unable to find resource ID #0x1
12-09 07:24:04.729  1994  7294 E LstmTrainingCache: 	at android.content.res.ResourcesImpl.getResourceName(ResourcesImpl.java:255)
12-09 07:24:04.729  1994  7294 E LstmTrainingCache: 	at android.content.res.Resources.getResourceName(Resources.java:1954)
12-09 07:24:04.729  1994  7294 E LstmTrainingCache: 	at emn.a(PG:12)
12-09 07:24:04.729  1994  7294 E LstmTrainingCache: 	at emk.run(PG:5)
12-09 07:24:04.729  1994  7294 E LstmTrainingCache: 	at java.lang.Thread.run(Thread.java:764)
12-09 07:24:11.908  1834  1834 E netmgr  : Failed to open QEMU pipe 'qemud:network': Invalid argument
12-09 07:24:11.908  1834  1834 E netmgr  : WifiForwarder unable to open QEMU pipe: Invalid argument
12-09 07:24:15.187 13822 13822 E emui:screensho: Not starting debugger since process cannot load the jdwp agent.
12-09 07:24:16.343 13822 13822 E SoundPool: error loading /product/media/audio/ui/camera_click.ogg
12-09 07:24:16.700  1741  2074 E OMXNodeInstance: getConfig(0xe9391180:google.vorbis.decoder, ConfigAndroidVendorExtension(0x6f100004)) ERROR: Undefined(0x80001001)
12-09 07:24:18.512  2342  6597 E s.nexuslaunche: Failed to open APK '/data/app/com.evancharlton.mileage-cSkSfWCrGO7V-geT23mKRw==/base.apk' I/O error
12-09 07:24:18.536  2342  6597 E ResourcesManager: failed to add asset path /data/app/com.evancharlton.mileage-cSkSfWCrGO7V-geT23mKRw==/base.apk
12-09 07:24:18.734  1739  1762 E storaged: getDiskStats failed with result NOT_SUPPORTED and size 0
12-09 07:24:20.704  2378 13276 E ctxmgr  : [ProducerStatusImpl]updateStateForNewContextData: inactive, contextName=7
12-09 07:24:20.964  2378  3140 E PlaceInferenceEngine: Position timestamp out of order. Previous: 1544340090000, Current: 1544322260000. Skipping this Position.
12-09 07:24:21.058  2378  2378 E BeaconBle: Missing BluetoothAdapter
12-09 07:24:21.103  2378  2378 E BeaconBle: Scan couldn't start for Places
12-09 07:24:29.598 13871 13871 E oid.apps.photo: Not starting debugger since process cannot load the jdwp agent.
12-09 07:24:30.455 13891 13891 E ocess.gservice: Not starting debugger since process cannot load the jdwp agent.
12-09 07:24:37.092  1885  2489 E WindowManager: Performed 6 layouts in a row. Skipping
12-09 07:24:37.126  1885  1938 E WindowManager: Performed 6 layouts in a row. Skipping
12-09 07:24:37.182  1885  1938 E WindowManager: Performed 6 layouts in a row. Skipping
12-09 07:24:37.226  1885  1938 E WindowManager: Performed 6 layouts in a row. Skipping
12-09 07:24:37.259  1885  1938 E WindowManager: Performed 6 layouts in a row. Skipping
12-09 07:24:37.275  1885  1900 E WindowManager: Performed 6 layouts in a row. Skipping
12-09 07:24:37.312  1885  1938 E WindowManager: Performed 6 layouts in a row. Skipping
12-09 07:24:37.337  1885  1938 E WindowManager: Performed 6 layouts in a row. Skipping
12-09 07:24:37.589  1885  1938 E WindowManager: Performed 6 layouts in a row. Skipping
12-09 07:24:37.612  1885  3217 E WindowManager: Performed 6 layouts in a row. Skipping
12-09 07:24:37.649  1885  1938 E WindowManager: Performed 6 layouts in a row. Skipping
12-09 07:24:37.696  1885  1938 E WindowManager: Performed 6 layouts in a row. Skipping
12-09 07:24:38.643 13792 13792 E WindowManager: 
12-09 07:24:38.643 13792 13792 E WindowManager: android.view.WindowLeaked: Activity com.evancharlton.mileage.FieldActivity has leaked window DecorView@2d242f9[FieldActivity] that was originally added here
12-09 07:24:38.643 13792 13792 E WindowManager: 	at android.view.ViewRootImpl.<init>(ViewRootImpl.java:511)
12-09 07:24:38.643 13792 13792 E WindowManager: 	at android.view.WindowManagerGlobal.addView(WindowManagerGlobal.java:346)
12-09 07:24:38.643 13792 13792 E WindowManager: 	at android.view.WindowManagerImpl.addView(WindowManagerImpl.java:93)
12-09 07:24:38.643 13792 13792 E WindowManager: 	at com.android.internal.policy.PhoneWindow.openPanel(PhoneWindow.java:887)
12-09 07:24:38.643 13792 13792 E WindowManager: 	at com.android.internal.policy.PhoneWindow.onKeyUpPanel(PhoneWindow.java:1104)
12-09 07:24:38.643 13792 13792 E WindowManager: 	at com.android.internal.policy.PhoneWindow.onKeyUp(PhoneWindow.java:2007)
12-09 07:24:38.643 13792 13792 E WindowManager: 	at com.android.internal.policy.DecorView.dispatchKeyEvent(DecorView.java:350)
12-09 07:24:38.643 13792 13792 E WindowManager: 	at android.view.ViewRootImpl$ViewPostImeInputStage.processKeyEvent(ViewRootImpl.java:5037)
12-09 07:24:38.643 13792 13792 E WindowManager: 	at android.view.ViewRootImpl$ViewPostImeInputStage.onProcess(ViewRootImpl.java:4905)
12-09 07:24:38.643 13792 13792 E WindowManager: 	at android.view.ViewRootImpl$InputStage.deliver(ViewRootImpl.java:4426)
12-09 07:24:38.643 13792 13792 E WindowManager: 	at android.view.ViewRootImpl$InputStage.onDeliverToNext(ViewRootImpl.java:4479)
12-09 07:24:38.643 13792 13792 E WindowManager: 	at android.view.ViewRootImpl$InputStage.forward(ViewRootImpl.java:4445)
12-09 07:24:38.643 13792 13792 E WindowManager: 	at android.view.ViewRootImpl$AsyncInputStage.forward(ViewRootImpl.java:4585)
12-09 07:24:38.643 13792 13792 E WindowManager: 	at android.view.ViewRootImpl$InputStage.apply(ViewRootImpl.java:4453)
12-09 07:24:38.643 13792 13792 E WindowManager: 	at android.view.ViewRootImpl$AsyncInputStage.apply(ViewRootImpl.java:4642)
12-09 07:24:38.643 13792 13792 E WindowManager: 	at android.view.ViewRootImpl$InputStage.deliver(ViewRootImpl.java:4426)
12-09 07:24:38.643 13792 13792 E WindowManager: 	at android.view.ViewRootImpl$InputStage.onDeliverToNext(ViewRootImpl.java:4479)
12-09 07:24:38.643 13792 13792 E WindowManager: 	at android.view.ViewRootImpl$InputStage.forward(ViewRootImpl.java:4445)
12-09 07:24:38.643 13792 13792 E WindowManager: 	at android.view.ViewRootImpl$InputStage.apply(ViewRootImpl.java:4453)
12-09 07:24:38.643 13792 13792 E WindowManager: 	at android.view.ViewRootImpl$InputStage.deliver(ViewRootImpl.java:4426)
12-09 07:24:38.643 13792 13792 E WindowManager: 	at android.view.ViewRootImpl$InputStage.onDeliverToNext(ViewRootImpl.java:4479)
12-09 07:24:38.643 13792 13792 E WindowManager: 	at android.view.ViewRootImpl$InputStage.forward(ViewRootImpl.java:4445)
12-09 07:24:38.643 13792 13792 E WindowManager: 	at android.view.ViewRootImpl$AsyncInputStage.forward(ViewRootImpl.java:4618)
12-09 07:24:38.643 13792 13792 E WindowManager: 	at android.view.ViewRootImpl$ImeInputStage.onFinishedInputEvent(ViewRootImpl.java:4779)
12-09 07:24:38.643 13792 13792 E WindowManager: 	at android.view.inputmethod.InputMethodManager$PendingEvent.run(InputMethodManager.java:2571)
12-09 07:24:38.643 13792 13792 E WindowManager: 	at android.view.inputmethod.InputMethodManager.invokeFinishedInputEventCallback(InputMethodManager.java:2081)
12-09 07:24:38.643 13792 13792 E WindowManager: 	at android.view.inputmethod.InputMethodManager.finishedInputEvent(InputMethodManager.java:2072)
12-09 07:24:38.643 13792 13792 E WindowManager: 	at android.view.inputmethod.InputMethodManager$ImeInputEventSender.onInputEventFinished(InputMethodManager.java:2548)
12-09 07:24:38.643 13792 13792 E WindowManager: 	at android.view.InputEventSender.dispatchInputEventFinished(InputEventSender.java:141)
12-09 07:24:38.643 13792 13792 E WindowManager: 	at android.os.MessageQueue.nativePollOnce(Native Method)
12-09 07:24:38.643 13792 13792 E WindowManager: 	at android.os.MessageQueue.next(MessageQueue.java:326)
12-09 07:24:38.643 13792 13792 E WindowManager: 	at android.os.Looper.loop(Looper.java:160)
12-09 07:24:38.643 13792 13792 E WindowManager: 	at android.app.ActivityThread.main(ActivityThread.java:6669)
12-09 07:24:38.643 13792 13792 E WindowManager: 	at java.lang.reflect.Method.invoke(Native Method)
12-09 07:24:38.643 13792 13792 E WindowManager: 	at com.android.internal.os.RuntimeInit$MethodAndArgsCaller.run(RuntimeInit.java:493)
12-09 07:24:38.643 13792 13792 E WindowManager: 	at com.android.internal.os.ZygoteInit.main(ZygoteInit.java:858)
12-09 07:24:40.361 10557 10557 E ContextIntentStarter: No activity found for any of the 0 intents
12-09 07:24:41.167  1885  2001 E WindowManager: Performed 6 layouts in a row. Skipping
12-09 07:24:41.186  1885  1938 E WindowManager: Performed 6 layouts in a row. Skipping
12-09 07:24:41.213  1885  1938 E WindowManager: Performed 6 layouts in a row. Skipping
12-09 07:24:41.253  1885  1938 E WindowManager: Performed 6 layouts in a row. Skipping
12-09 07:24:41.281  1885  1900 E WindowManager: Performed 6 layouts in a row. Skipping
12-09 07:24:41.311  1885  1938 E WindowManager: Performed 6 layouts in a row. Skipping
12-09 07:24:41.339  1885  1938 E WindowManager: Performed 6 layouts in a row. Skipping
12-09 07:24:41.359  1885  1938 E WindowManager: Performed 6 layouts in a row. Skipping
12-09 07:25:11.921  1834  1834 E netmgr  : Failed to open QEMU pipe 'qemud:network': Invalid argument
12-09 07:25:11.921  1834  1834 E netmgr  : WifiForwarder unable to open QEMU pipe: Invalid argument
12-09 07:25:18.766  1739  1762 E storaged: getDiskStats failed with result NOT_SUPPORTED and size 0
12-09 07:25:39.765  2342  2342 E SchedPolicy: set_timerslack_ns write failed: Operation not permitted
12-09 07:25:43.004  2342  2342 E SchedPolicy: set_timerslack_ns write failed: Operation not permitted
12-09 07:25:53.572  2378 13487 E WakeLock: GCM_HB_ALARM release without a matched acquire!
12-09 07:25:54.617  2378 13737 E NetworkScheduler.ATC: Called cancelTask for already completed task com.google.android.gms/.measurement.PackageMeasurementTaskService{u=0 tag="Measurement.PackageMeasurementTaskService.UPLOAD_TASK_TAG" trigger=window{start=415s,end=832s,earliest=-120s,latest=296s} requirements=[NET_CONNECTED] attributes=[PERSISTED] scheduled=-535s last_run=0s jid=N/A status=ACTIVE retries=0 client_lib=MANCHEGO_GCM-14799000} :RESCHEDULED
12-09 07:26:11.926  1834  1834 E netmgr  : Failed to open QEMU pipe 'qemud:network': Invalid argument
12-09 07:26:11.927  1834  1834 E netmgr  : WifiForwarder unable to open QEMU pipe: Invalid argument
12-09 07:26:18.771  1739  1762 E storaged: getDiskStats failed with result NOT_SUPPORTED and size 0
12-09 07:27:07.657  1885  2489 E WindowManager: Performed 6 layouts in a row. Skipping
12-09 07:27:07.682  1885  1938 E WindowManager: Performed 6 layouts in a row. Skipping
12-09 07:27:07.777  1885  1938 E WindowManager: Performed 6 layouts in a row. Skipping
12-09 07:27:07.811  1885  1938 E WindowManager: Performed 6 layouts in a row. Skipping
12-09 07:27:07.830  1885  1938 E WindowManager: Performed 6 layouts in a row. Skipping
12-09 07:27:07.860  1885  1938 E WindowManager: Performed 6 layouts in a row. Skipping
12-09 07:27:07.880  1885  1900 E WindowManager: Performed 6 layouts in a row. Skipping
12-09 07:27:07.959  1885  1938 E WindowManager: Performed 6 layouts in a row. Skipping
12-09 07:27:08.086  1885  1938 E WindowManager: Performed 6 layouts in a row. Skipping
12-09 07:27:08.106  1885  2489 E WindowManager: Performed 6 layouts in a row. Skipping
12-09 07:27:08.131  1885  1938 E WindowManager: Performed 6 layouts in a row. Skipping
12-09 07:27:08.259  1885  1938 E WindowManager: Performed 6 layouts in a row. Skipping
12-09 07:27:09.450 13969 13969 E hod.latin:trai: Not starting debugger since process cannot load the jdwp agent.
12-09 07:27:11.932  1834  1834 E netmgr  : Failed to open QEMU pipe 'qemud:network': Invalid argument
12-09 07:27:11.932  1834  1834 E netmgr  : WifiForwarder unable to open QEMU pipe: Invalid argument
12-09 07:27:12.262  1885  1895 E WindowManager: Performed 6 layouts in a row. Skipping
12-09 07:27:12.290  1885  1938 E WindowManager: Performed 6 layouts in a row. Skipping
12-09 07:27:12.414  1885  1938 E WindowManager: Performed 6 layouts in a row. Skipping
12-09 07:27:12.485  1885  1938 E WindowManager: Performed 6 layouts in a row. Skipping
12-09 07:27:12.557  1885  1938 E WindowManager: Performed 6 layouts in a row. Skipping
12-09 07:27:12.576  1885  2489 E WindowManager: Performed 6 layouts in a row. Skipping
12-09 07:27:12.602  1885  1900 E WindowManager: Performed 6 layouts in a row. Skipping
12-09 07:27:12.639  1885  1938 E WindowManager: Performed 6 layouts in a row. Skipping
12-09 07:27:12.675  1885  2489 E WindowManager: Performed 6 layouts in a row. Skipping
12-09 07:27:12.729  1885  1938 E WindowManager: Performed 6 layouts in a row. Skipping
12-09 07:27:12.792  1885  1938 E WindowManager: Performed 6 layouts in a row. Skipping
12-09 07:27:12.840  1885  1938 E WindowManager: Performed 6 layouts in a row. Skipping
12-09 07:27:12.920  1885  1938 E WindowManager: Performed 6 layouts in a row. Skipping
