--------- beginning of system
12-08 19:50:20.903  1885  1899 E ActivityManager: Failure starting process com.evancharlton.mileage
12-08 19:50:20.903  1885  1899 E ActivityManager: java.lang.SecurityException: Package com.evancharlton.mileage is currently frozen!
12-08 19:50:20.903  1885  1899 E ActivityManager: 	at com.android.server.pm.PackageManagerService.checkPackageStartable(PackageManagerService.java:4000)
12-08 19:50:20.903  1885  1899 E ActivityManager: 	at com.android.server.am.ActivityManagerService.startProcessLocked(ActivityManagerService.java:4234)
12-08 19:50:20.903  1885  1899 E ActivityManager: 	at com.android.server.am.ActivityManagerService.startProcessLocked(ActivityManagerService.java:4199)
12-08 19:50:20.903  1885  1899 E ActivityManager: 	at com.android.server.am.ActivityManagerService.startProcessLocked(ActivityManagerService.java:4181)
12-08 19:50:20.903  1885  1899 E ActivityManager: 	at com.android.server.am.ActivityManagerService.startProcessLocked(ActivityManagerService.java:4067)
12-08 19:50:20.903  1885  1899 E ActivityManager: 	at com.android.server.am.ActivityStackSupervisor.startSpecificActivityLocked(ActivityStackSupervisor.java:1715)
12-08 19:50:20.903  1885  1899 E ActivityManager: 	at com.android.server.am.ActivityStack.resumeTopActivityInnerLocked(ActivityStack.java:2764)
12-08 19:50:20.903  1885  1899 E ActivityManager: 	at com.android.server.am.ActivityStack.resumeTopActivityUncheckedLocked(ActivityStack.java:2302)
12-08 19:50:20.903  1885  1899 E ActivityManager: 	at com.android.server.am.ActivityStackSupervisor.resumeFocusedStackTopActivityLocked(ActivityStackSupervisor.java:2234)
12-08 19:50:20.903  1885  1899 E ActivityManager: 	at com.android.server.am.ActivityStackSupervisor.resumeFocusedStackTopActivityLocked(ActivityStackSupervisor.java:2218)
12-08 19:50:20.903  1885  1899 E ActivityManager: 	at com.android.server.am.ActivityManagerService.handleAppDiedLocked(ActivityManagerService.java:5923)
12-08 19:50:20.903  1885  1899 E ActivityManager: 	at com.android.server.am.ActivityManagerService.removeProcessLocked(ActivityManagerService.java:7501)
12-08 19:50:20.903  1885  1899 E ActivityManager: 	at com.android.server.am.ActivityManagerService.killPackageProcessesLocked(ActivityManagerService.java:7142)
12-08 19:50:20.903  1885  1899 E ActivityManager: 	at com.android.server.am.ActivityManagerService.forceStopPackageLocked(ActivityManagerService.java:7275)
12-08 19:50:20.903  1885  1899 E ActivityManager: 	at com.android.server.am.ActivityManagerService$MainHandler.handleMessage(ActivityManagerService.java:2289)
12-08 19:50:20.903  1885  1899 E ActivityManager: 	at android.os.Handler.dispatchMessage(Handler.java:106)
12-08 19:50:20.903  1885  1899 E ActivityManager: 	at android.os.Looper.loop(Looper.java:193)
12-08 19:50:20.903  1885  1899 E ActivityManager: 	at android.os.HandlerThread.run(HandlerThread.java:65)
12-08 19:50:20.903  1885  1899 E ActivityManager: 	at com.android.server.ServiceThread.run(ServiceThread.java:44)
--------- beginning of main
12-08 19:50:27.263 30559 30559 E harlton.mileag: Not starting debugger since process cannot load the jdwp agent.
12-08 19:50:28.550  1996  2601 E putmethod.lati: Invalid ID 0x00000001.
12-08 19:50:28.563  1996  2601 E LstmTrainingCache: emn: Can't get resource name for input slot
12-08 19:50:28.563  1996  2601 E LstmTrainingCache: android.content.res.Resources$NotFoundException: Unable to find resource ID #0x1
12-08 19:50:28.563  1996  2601 E LstmTrainingCache: 	at android.content.res.ResourcesImpl.getResourceName(ResourcesImpl.java:255)
12-08 19:50:28.563  1996  2601 E LstmTrainingCache: 	at android.content.res.Resources.getResourceName(Resources.java:1954)
12-08 19:50:28.563  1996  2601 E LstmTrainingCache: 	at emn.a(PG:12)
12-08 19:50:28.563  1996  2601 E LstmTrainingCache: 	at emk.run(PG:5)
12-08 19:50:28.563  1996  2601 E LstmTrainingCache: 	at java.lang.Thread.run(Thread.java:764)
12-08 19:50:38.753 30559 30559 E SpannableStringBuilder: SPAN_EXCLUSIVE_EXCLUSIVE spans cannot have a zero length
12-08 19:50:38.806 30559 30559 E SpannableStringBuilder: SPAN_EXCLUSIVE_EXCLUSIVE spans cannot have a zero length
12-08 19:50:38.915 30559 30559 E SpannableStringBuilder: SPAN_EXCLUSIVE_EXCLUSIVE spans cannot have a zero length
12-08 19:50:38.915 30559 30559 E SpannableStringBuilder: SPAN_EXCLUSIVE_EXCLUSIVE spans cannot have a zero length
12-08 19:50:48.181  2407  5656 E s.nexuslaunche: Failed to open APK '/data/app/com.evancharlton.mileage-9N57gvIkRbOMXQUWkm6VXA==/base.apk' I/O error
12-08 19:50:48.181  2407  5656 E ResourcesManager: failed to add asset path /data/app/com.evancharlton.mileage-9N57gvIkRbOMXQUWkm6VXA==/base.apk
12-08 19:50:49.382  2429 25129 E ctxmgr  : [ProducerStatusImpl]updateStateForNewContextData: inactive, contextName=7
12-08 19:50:49.417  2429 25129 E ctxmgr  : [ProducerStatusImpl]updateStateForNewContextData: inactive, contextName=1
12-08 19:50:49.525  2429  2429 E BeaconBle: Missing BluetoothAdapter
12-08 19:50:49.562  2429  2429 E BeaconBle: Scan couldn't start for Places
12-08 19:51:01.970 30559 30559 E SpannableStringBuilder: SPAN_EXCLUSIVE_EXCLUSIVE spans cannot have a zero length
12-08 19:51:01.970 30559 30559 E SpannableStringBuilder: SPAN_EXCLUSIVE_EXCLUSIVE spans cannot have a zero length
12-08 19:51:03.350  2540  2540 E ContextIntentStarter: No activity found for any of the 0 intents
12-08 19:51:04.905  1629  1629 E android.hardware.wifi@1.0-service: Failed to register radio mode change callback
12-08 19:51:04.915  1629  1629 E android.hardware.wifi@1.0-service: Failed to set DFS flag; DFS channels may be unavailable.
12-08 19:51:05.122  1741  1741 E wificond: No Offload Service available
12-08 19:51:05.421  1885  1971 E WifiP2pService: Unhandled message { when=-4ms what=131203 target=com.android.internal.util.StateMachine$SmHandler }
12-08 19:51:05.448  1885  1971 E WifiP2pService: Unhandled message { when=-1ms what=131203 target=com.android.internal.util.StateMachine$SmHandler }
12-08 19:51:05.526  1885  1903 E BatteryExternalStatsWorker: no controller energy info supplied for wifi
12-08 19:51:05.597  1834  1834 E netmgr  : Failed to open QEMU pipe 'qemud:network': Invalid argument
12-08 19:51:05.598  1834  1834 E netmgr  : WifiForwarder unable to open QEMU pipe: Invalid argument
12-08 19:51:05.681  1885  1903 E BatteryExternalStatsWorker: no controller energy info supplied for wifi
12-08 19:51:05.734  1885  1972 E ConnectivityService: exception in setMtu()java.lang.IllegalStateException: command '826 interface setmtu radio0 1500' failed with '400 826 Failed to set MTU (Permission denied)'
12-08 19:51:09.450  1885  1903 E BatteryExternalStatsWorker: no controller energy info supplied for wifi
12-08 19:51:10.051  2429 30659 E WakeLock: GCM_HB_ALARM release without a matched acquire!
12-08 19:51:10.071  2429 30660 E WakeLock: GCM_HB_ALARM release without a matched acquire!
12-08 19:51:10.079  2429 30663 E WakeLock: GCM_HB_ALARM release without a matched acquire!
12-08 19:51:10.088  2429 30663 E WakeLock: GCM_CONN_ALARM release without a matched acquire!
12-08 19:51:10.318  1738  1800 E Netd    : Error adding route ::/0 -> fe80::ff:fe00:100 wlan0 to table 1003: File exists
12-08 19:51:11.770  1740  1805 E storaged: getDiskStats failed with result NOT_SUPPORTED and size 0
12-08 19:51:19.327  2429 30675 E WakeLock: GCM_CONN_ALARM release without a matched acquire!
12-08 19:51:19.535 30676 30676 E id.gms.unstabl: Not starting debugger since process cannot load the jdwp agent.
12-08 19:51:19.664 30690 30690 E id.gms.learnin: Not starting debugger since process cannot load the jdwp agent.
12-08 19:51:24.785 30733 30733 E viders.calenda: Not starting debugger since process cannot load the jdwp agent.
12-08 19:51:24.398 30752 30752 E ndroid.calenda: Not starting debugger since process cannot load the jdwp agent.
12-08 19:51:25.928 30803 30803 E droid.deskcloc: Not starting debugger since process cannot load the jdwp agent.
12-08 19:51:26.026 30803 30803 E LoadedApk: Unable to instantiate appComponentFactory
12-08 19:51:26.026 30803 30803 E LoadedApk: java.lang.ClassNotFoundException: Didn't find class "android.support.v4.app.CoreComponentFactory" on path: DexPathList[[zip file "/data/app/com.google.android.deskclock-irjeQ48B8SlCzNgOUY6aXg==/base.apk"],nativeLibraryDirectories=[/data/app/com.google.android.deskclock-irjeQ48B8SlCzNgOUY6aXg==/lib/x86, /system/lib]]
12-08 19:51:26.026 30803 30803 E LoadedApk: 	at dalvik.system.BaseDexClassLoader.findClass(BaseDexClassLoader.java:134)
12-08 19:51:26.026 30803 30803 E LoadedApk: 	at java.lang.ClassLoader.loadClass(ClassLoader.java:379)
12-08 19:51:26.026 30803 30803 E LoadedApk: 	at java.lang.ClassLoader.loadClass(ClassLoader.java:312)
12-08 19:51:26.026 30803 30803 E LoadedApk: 	at android.app.LoadedApk.createAppFactory(LoadedApk.java:226)
12-08 19:51:26.026 30803 30803 E LoadedApk: 	at android.app.LoadedApk.createOrUpdateClassLoaderLocked(LoadedApk.java:731)
12-08 19:51:26.026 30803 30803 E LoadedApk: 	at android.app.LoadedApk.getClassLoader(LoadedApk.java:810)
12-08 19:51:26.026 30803 30803 E LoadedApk: 	at android.app.LoadedApk.getResources(LoadedApk.java:1032)
12-08 19:51:26.026 30803 30803 E LoadedApk: 	at android.app.ContextImpl.createAppContext(ContextImpl.java:2345)
12-08 19:51:26.026 30803 30803 E LoadedApk: 	at android.app.ActivityThread.handleBindApplication(ActivityThread.java:5749)
12-08 19:51:26.026 30803 30803 E LoadedApk: 	at android.app.ActivityThread.access$1100(ActivityThread.java:199)
12-08 19:51:26.026 30803 30803 E LoadedApk: 	at android.app.ActivityThread$H.handleMessage(ActivityThread.java:1650)
12-08 19:51:26.026 30803 30803 E LoadedApk: 	at android.os.Handler.dispatchMessage(Handler.java:106)
12-08 19:51:26.026 30803 30803 E LoadedApk: 	at android.os.Looper.loop(Looper.java:193)
12-08 19:51:26.026 30803 30803 E LoadedApk: 	at android.app.ActivityThread.main(ActivityThread.java:6669)
12-08 19:51:26.026 30803 30803 E LoadedApk: 	at java.lang.reflect.Method.invoke(Native Method)
12-08 19:51:26.026 30803 30803 E LoadedApk: 	at com.android.internal.os.RuntimeInit$MethodAndArgsCaller.run(RuntimeInit.java:493)
12-08 19:51:26.026 30803 30803 E LoadedApk: 	at com.android.internal.os.ZygoteInit.main(ZygoteInit.java:858)
12-08 19:51:26.058  1614  1698 E audio_hw_generic: pcm_write failed cannot write stream data: I/O error
12-08 19:51:26.754 30833 30833 E com.ustwo.lwp: Not starting debugger since process cannot load the jdwp agent.
12-08 19:51:33.514  2429 30668 E WakeLock: GCM_HB_ALARM release without a matched acquire!
12-08 19:51:42.260  2429 30863 E WakeLock: GCM_CONN_ALARM release without a matched acquire!
12-08 19:52:04.876  1834  1834 E netmgr  : Failed to open QEMU pipe 'qemud:network': Invalid argument
12-08 19:52:04.877  1834  1834 E netmgr  : WifiForwarder unable to open QEMU pipe: Invalid argument
12-08 19:52:05.864  2608 30503 E SQLiteCastStore: Skip saving CastDeviceInfo: "Nearby device" (__cast_nearby___V_73cdf3e0-1a8b-47d9-8cd6-27ad28209f6a)
12-08 19:52:11.042  1740  1805 E storaged: getDiskStats failed with result NOT_SUPPORTED and size 0
12-08 19:52:44.358  1614  1698 E audio_hw_generic: pcm_write failed cannot write stream data: I/O error
12-08 19:53:02.879  1614  1698 E audio_hw_generic: pcm_write failed cannot write stream data: I/O error
12-08 19:53:04.881  1834  1834 E netmgr  : Failed to open QEMU pipe 'qemud:network': Invalid argument
12-08 19:53:04.882  1834  1834 E netmgr  : WifiForwarder unable to open QEMU pipe: Invalid argument
12-08 19:53:11.044  1740  1805 E storaged: getDiskStats failed with result NOT_SUPPORTED and size 0
12-08 19:53:16.989  1614  1698 E audio_hw_generic: pcm_write failed cannot write stream data: I/O error
12-08 19:53:24.983 30885 30885 E hod.latin:trai: Not starting debugger since process cannot load the jdwp agent.
12-08 19:53:25.451  1996  1996 E native  : suggestion-transformer.cc:118 suggestion picked candidate not found for id: 3
12-08 19:53:26.960  1885  1898 E memtrack: Couldn't load memtrack module
12-08 19:53:26.999  1614  1698 E audio_hw_generic: pcm_write failed cannot write stream data: I/O error
