--------- beginning of main
12-08 01:47:06.770  1159  1159 E ndroid.keychai: Not starting debugger since process cannot load the jdwp agent.
--------- beginning of system
12-08 01:47:07.699  1218  1218 E droid.apps.doc: Not starting debugger since process cannot load the jdwp agent.
12-08 01:47:08.571  1241  1241 E d.process.medi: Not starting debugger since process cannot load the jdwp agent.
12-08 01:47:08.920  1256  1256 E id.defcontaine: Not starting debugger since process cannot load the jdwp agent.
12-08 01:47:09.175  1280  1280 E ocess.gservice: Not starting debugger since process cannot load the jdwp agent.
12-08 01:47:10.393  1218  1218 E DocsApplication: [main] No default account found during application creation.
12-08 01:47:11.346  1729  1752 E         : Couldn't opendir /data/app/vmdl1674823977.tmp: No such file or directory
12-08 01:47:11.347  1729  1752 E installd: Failed to delete /data/app/vmdl1674823977.tmp: No such file or directory
12-08 01:47:15.684  1326  1326 E harlton.mileag: Not starting debugger since process cannot load the jdwp agent.
12-08 01:47:17.378  1829  1829 E netmgr  : Failed to open QEMU pipe 'qemud:network': Invalid argument
12-08 01:47:17.378  1829  1829 E netmgr  : WifiForwarder unable to open QEMU pipe: Invalid argument
12-08 01:47:17.599 16085 31762 E putmethod.lati: Invalid ID 0x00000001.
12-08 01:47:17.610 16085 31762 E LstmTrainingCache: emn: Can't get resource name for input slot
12-08 01:47:17.610 16085 31762 E LstmTrainingCache: android.content.res.Resources$NotFoundException: Unable to find resource ID #0x1
12-08 01:47:17.610 16085 31762 E LstmTrainingCache: 	at android.content.res.ResourcesImpl.getResourceName(ResourcesImpl.java:255)
12-08 01:47:17.610 16085 31762 E LstmTrainingCache: 	at android.content.res.Resources.getResourceName(Resources.java:1954)
12-08 01:47:17.610 16085 31762 E LstmTrainingCache: 	at emn.a(PG:12)
12-08 01:47:17.610 16085 31762 E LstmTrainingCache: 	at emk.run(PG:5)
12-08 01:47:17.610 16085 31762 E LstmTrainingCache: 	at java.lang.Thread.run(Thread.java:764)
12-08 01:47:26.292  1354  1354 E emui:screensho: Not starting debugger since process cannot load the jdwp agent.
12-08 01:47:26.963  1354  1354 E SoundPool: error loading /product/media/audio/ui/camera_click.ogg
12-08 01:47:27.251  1739  2068 E OMXNodeInstance: getConfig(0xee326ae0:google.vorbis.decoder, ConfigAndroidVendorExtension(0x6f100004)) ERROR: Undefined(0x80001001)
12-08 01:47:27.335  1724  1767 E SurfaceFlinger: ro.sf.lcd_density must be defined as a build property
12-08 01:47:27.609  1724  1766 E SurfaceFlinger: ro.sf.lcd_density must be defined as a build property
12-08 01:47:33.462 16506 16506 E BeaconBle: Missing BluetoothAdapter
12-08 01:47:33.571 16506 16506 E BeaconBle: Scan couldn't start for Places
12-08 01:47:36.502  1737  1809 E storaged: getDiskStats failed with result NOT_SUPPORTED and size 0
12-08 01:47:40.251  1404  1404 E oid.apps.photo: Not starting debugger since process cannot load the jdwp agent.
12-08 01:47:43.138  1440  1440 E id.partnersetu: Not starting debugger since process cannot load the jdwp agent.
12-08 01:47:52.744 15976 17775 E WindowManager: Performed 6 layouts in a row. Skipping
12-08 01:47:52.792 15976 16026 E WindowManager: Performed 6 layouts in a row. Skipping
12-08 01:47:52.934 15976 16026 E WindowManager: Performed 6 layouts in a row. Skipping
12-08 01:47:52.999 15976 16026 E WindowManager: Performed 6 layouts in a row. Skipping
12-08 01:47:53.087 15976 16026 E WindowManager: Performed 6 layouts in a row. Skipping
12-08 01:47:53.107 15976 15991 E WindowManager: Performed 6 layouts in a row. Skipping
12-08 01:47:53.147 15976 17388 E WindowManager: Performed 6 layouts in a row. Skipping
12-08 01:47:53.198 15976 16026 E WindowManager: Performed 6 layouts in a row. Skipping
12-08 01:47:53.240 15976 17388 E WindowManager: Performed 6 layouts in a row. Skipping
12-08 01:47:53.267 15976 16026 E WindowManager: Performed 6 layouts in a row. Skipping
12-08 01:47:53.370 15976 16026 E WindowManager: Performed 6 layouts in a row. Skipping
12-08 01:47:53.404 15976 16026 E WindowManager: Performed 6 layouts in a row. Skipping
12-08 01:48:09.341 16506  1013 E ctxmgr  : [AppIntervalImpl]closeInterval: ongoing
12-08 01:48:09.350 16506  1013 E ctxmgr  : [AppIntervalImpl]closeInterval: ongoing
12-08 01:48:09.418 15927  1493 E audio_hw_generic: pcm_open(in) failed: cannot open device '/dev/snd/pcmC0D0c': Device or resource busy: channels 2 format 0 rate 16000
12-08 01:48:17.440  1829  1829 E netmgr  : Failed to open QEMU pipe 'qemud:network': Invalid argument
12-08 01:48:17.440  1829  1829 E netmgr  : WifiForwarder unable to open QEMU pipe: Invalid argument
12-08 01:48:36.528  1737  1809 E storaged: getDiskStats failed with result NOT_SUPPORTED and size 0
12-08 01:49:17.450  1829  1829 E netmgr  : Failed to open QEMU pipe 'qemud:network': Invalid argument
12-08 01:49:17.451  1829  1829 E netmgr  : WifiForwarder unable to open QEMU pipe: Invalid argument
12-08 01:49:36.563  1737  1809 E storaged: getDiskStats failed with result NOT_SUPPORTED and size 0
12-08 01:50:00.630 16788 17129 E PlayCommon: [121] com.google.android.play.b.g.a(448): Failed to connect to server: java.net.UnknownHostException: Unable to resolve host "play.googleapis.com": No address associated with hostname
12-08 01:50:17.512  1829  1829 E netmgr  : Failed to open QEMU pipe 'qemud:network': Invalid argument
12-08 01:50:17.513  1829  1829 E netmgr  : WifiForwarder unable to open QEMU pipe: Invalid argument
12-08 01:50:36.584  1737  1809 E storaged: getDiskStats failed with result NOT_SUPPORTED and size 0
12-08 01:51:17.520  1829  1829 E netmgr  : Failed to open QEMU pipe 'qemud:network': Invalid argument
12-08 01:51:17.521  1829  1829 E netmgr  : WifiForwarder unable to open QEMU pipe: Invalid argument
12-08 01:51:36.609  1737  1809 E storaged: getDiskStats failed with result NOT_SUPPORTED and size 0
12-08 01:51:36.726 15976 18395 E WindowManager: Performed 6 layouts in a row. Skipping
12-08 01:51:36.749 15976 16026 E WindowManager: Performed 6 layouts in a row. Skipping
12-08 01:51:36.943 15976 16026 E WindowManager: Performed 6 layouts in a row. Skipping
12-08 01:51:36.965 15976 16893 E WindowManager: Performed 6 layouts in a row. Skipping
12-08 01:51:36.987 15976 19437 E WindowManager: Performed 6 layouts in a row. Skipping
12-08 01:51:37.029 15976 16026 E WindowManager: Performed 6 layouts in a row. Skipping
12-08 01:51:37.083 15976 16026 E WindowManager: Performed 6 layouts in a row. Skipping
12-08 01:51:37.111 15976 19437 E WindowManager: Performed 6 layouts in a row. Skipping
