--------- beginning of system
--------- beginning of main
12-08 11:02:18.956  2448  2448 E BeaconBle: Missing BluetoothAdapter
12-08 11:02:18.987  2448  2448 E BeaconBle: Scan couldn't start for Places
12-08 11:02:25.589  1730  1755 E         : Couldn't opendir /data/app/vmdl266768461.tmp: No such file or directory
12-08 11:02:25.589  1730  1755 E installd: Failed to delete /data/app/vmdl266768461.tmp: No such file or directory
12-08 11:02:29.968  2475 29957 E ChromeSync: [Sync,SyncIntentOperation] Error handling the intent: Intent { act=android.intent.action.PACKAGE_ADDED dat=package:com.evancharlton.mileage flg=0x4000010 cmp=com.google.android.gms/.chimera.GmsIntentOperationService (has extras) }.
12-08 11:02:32.316 29974 29974 E harlton.mileag: Not starting debugger since process cannot load the jdwp agent.
12-08 11:02:37.076  1881  1896 E AutofillSession: No assist structure - app might have crashed providing it
12-08 11:02:37.252  1992 20735 E putmethod.lati: Invalid ID 0x00000001.
12-08 11:02:37.277  1992 20735 E LstmTrainingCache: emn: Can't get resource name for input slot
12-08 11:02:37.277  1992 20735 E LstmTrainingCache: android.content.res.Resources$NotFoundException: Unable to find resource ID #0x1
12-08 11:02:37.277  1992 20735 E LstmTrainingCache: 	at android.content.res.ResourcesImpl.getResourceName(ResourcesImpl.java:255)
12-08 11:02:37.277  1992 20735 E LstmTrainingCache: 	at android.content.res.Resources.getResourceName(Resources.java:1954)
12-08 11:02:37.277  1992 20735 E LstmTrainingCache: 	at emn.a(PG:12)
12-08 11:02:37.277  1992 20735 E LstmTrainingCache: 	at emk.run(PG:5)
12-08 11:02:37.277  1992 20735 E LstmTrainingCache: 	at java.lang.Thread.run(Thread.java:764)
12-08 11:02:37.391 29994 29994 E hod.latin:trai: Not starting debugger since process cannot load the jdwp agent.
12-08 11:02:53.543  1828  1828 E netmgr  : Failed to open QEMU pipe 'qemud:network': Invalid argument
12-08 11:02:53.543  1828  1828 E netmgr  : WifiForwarder unable to open QEMU pipe: Invalid argument
12-08 11:02:56.122  1738  1772 E storaged: getDiskStats failed with result NOT_SUPPORTED and size 0
12-08 11:03:29.049  1611  1695 E audio_hw_generic: pcm_write failed cannot write stream data: I/O error
12-08 11:03:42.251  1611  1695 E audio_hw_generic: pcm_write failed cannot write stream data: I/O error
12-08 11:03:46.575  1740  1740 E OMXNodeInstance: setConfig(0xf4fa6c60:google.vorbis.decoder, ConfigPriority(0x6f800002)) ERROR: Undefined(0x80001001)
12-08 11:03:46.579  1740  1740 E OMXNodeInstance: getConfig(0xf4fa6c60:google.vorbis.decoder, ConfigAndroidVendorExtension(0x6f100004)) ERROR: Undefined(0x80001001)
12-08 11:03:51.526  2448 30014 E ctxmgr  : [ProducerStatusImpl]updateStateForNewContextData: inactive, contextName=7
12-08 11:03:53.598  1828  1828 E netmgr  : Failed to open QEMU pipe 'qemud:network': Invalid argument
12-08 11:03:53.599  1828  1828 E netmgr  : WifiForwarder unable to open QEMU pipe: Invalid argument
12-08 11:03:53.697  2448 30014 E ctxmgr  : [ProducerStatusImpl]updateStateForNewContextData: inactive, contextName=1
12-08 11:03:53.702  2448 30014 E ctxmgr  : [ProducerStatusImpl]updateStateForNewContextData: inactive, contextName=1
12-08 11:03:55.485  2448  2448 E BeaconBle: Missing BluetoothAdapter
12-08 11:03:55.660  2448  2448 E BeaconBle: Scan couldn't start for Places
12-08 11:03:57.819  1738  1772 E storaged: getDiskStats failed with result NOT_SUPPORTED and size 0
12-08 11:03:59.850  1611  1695 E audio_hw_generic: pcm_write failed cannot write stream data: I/O error
12-08 11:04:06.551  2692  2692 E ContextIntentStarter: No activity found for any of the 0 intents
12-08 11:04:15.696  2448 30014 E ctxmgr  : [ProducerStatusImpl]updateStateForNewContextData: inactive, contextName=7
12-08 11:04:17.689  2448  2448 E BeaconBle: Missing BluetoothAdapter
12-08 11:04:17.744  2448  2448 E BeaconBle: Scan couldn't start for Places
12-08 11:04:21.969 29746 29746 E SchedPolicy: set_timerslack_ns write failed: Operation not permitted
12-08 11:04:26.415 29746 29746 E SchedPolicy: set_timerslack_ns write failed: Operation not permitted
12-08 11:04:35.315 29746 29746 E SchedPolicy: set_timerslack_ns write failed: Operation not permitted
12-08 11:04:37.274 29746 29746 E SchedPolicy: set_timerslack_ns write failed: Operation not permitted
12-08 11:04:55.233  1828  1828 E netmgr  : Failed to open QEMU pipe 'qemud:network': Invalid argument
12-08 11:04:55.233  1828  1828 E netmgr  : WifiForwarder unable to open QEMU pipe: Invalid argument
12-08 11:04:55.234  1611  1695 E audio_hw_generic: pcm_write failed cannot write stream data: I/O error
12-08 11:04:59.559  1738  1772 E storaged: getDiskStats failed with result NOT_SUPPORTED and size 0
12-08 11:05:08.167  1611  1695 E audio_hw_generic: pcm_write failed cannot write stream data: I/O error
