--------- beginning of system
--------- beginning of main
12-08 03:33:51.164  2463  7119 E IconLoader: Unexpected null component name or activity info: ComponentInfo{com.evancharlton.mileage/com.evancharlton.mileage.Mileage}, null
12-08 03:33:52.000  1611 12798 E audio_hw_generic: pcm_open(in) failed: cannot open device '/dev/snd/pcmC0D0c': Device or resource busy: channels 2 format 0 rate 16000
12-08 03:33:53.698  1730  1944 E         : Couldn't opendir /data/app/vmdl1573676861.tmp: No such file or directory
12-08 03:33:53.698  1730  1944 E installd: Failed to delete /data/app/vmdl1573676861.tmp: No such file or directory
12-08 03:33:54.292  2475 12783 E ChromeSync: [Sync,SyncIntentOperation] Error handling the intent: Intent { act=android.intent.action.PACKAGE_ADDED dat=package:com.evancharlton.mileage flg=0x4000010 cmp=com.google.android.gms/.chimera.GmsIntentOperationService (has extras) }.
12-08 03:33:54.623 12826 12826 E harlton.mileag: Not starting debugger since process cannot load the jdwp agent.
12-08 03:33:57.000  1881  1894 E memtrack: Couldn't load memtrack module
12-08 03:34:03.521  2448 12849 E ctxmgr  : [ProducerStatusImpl]updateStateForNewContextData: inactive, contextName=7
12-08 03:34:03.773  2448  2448 E BeaconBle: Missing BluetoothAdapter
12-08 03:34:03.834  2448  2448 E BeaconBle: Scan couldn't start for Places
12-08 03:34:04.700  2692  2692 E ContextIntentStarter: No activity found for any of the 0 intents
12-08 03:34:05.715  1626  1626 E android.hardware.wifi@1.0-service: Failed to register radio mode change callback
12-08 03:34:05.720  1626  1626 E android.hardware.wifi@1.0-service: Failed to set DFS flag; DFS channels may be unavailable.
12-08 03:34:05.800  1881  1894 E GnssLocationProvider: no AGPS interface in set_agps_server
12-08 03:34:05.996  1739  1739 E wificond: No Offload Service available
12-08 03:34:06.011  1881  1964 E SupplicantStaIfaceHal: Can't call setupIface, ISupplicantStaIface is null
12-08 03:34:06.341  1881  1965 E WifiVendorHal: getBgScanCapabilities(l.671) failed {.code = ERROR_NOT_SUPPORTED, .description = }
12-08 03:34:06.432  1881  1966 E WifiP2pService: Unhandled message { when=-6ms what=131203 target=com.android.internal.util.StateMachine$SmHandler }
12-08 03:34:06.454  1881  1966 E WifiP2pService: Unhandled message { when=0 what=131203 target=com.android.internal.util.StateMachine$SmHandler }
12-08 03:34:06.477  1881  1899 E BatteryExternalStatsWorker: no controller energy info supplied for wifi
12-08 03:34:06.549  1881  1899 E BatteryExternalStatsWorker: no controller energy info supplied for wifi
12-08 03:34:07.267 12864 12864 E wpa_supplicant: nl80211: Failed to open /proc/sys/net/ipv4/conf/p2p-dev-wlan0/drop_unicast_in_l2_multicast: No such file or directory
12-08 03:34:07.267 12864 12864 E wpa_supplicant: nl80211: Failed to set IPv4 unicast in multicast filter
12-08 03:34:07.269 12864 12864 E wpa_supplicant: nl80211: Failed to open /proc/sys/net/ipv4/conf/p2p-dev-wlan0/drop_unicast_in_l2_multicast: No such file or directory
12-08 03:34:07.269 12864 12864 E wpa_supplicant: nl80211: Failed to set IPv4 unicast in multicast filter
12-08 03:34:07.364 12864 12864 E wpa_supplicant: nl80211: Failed to open /proc/sys/net/ipv4/conf/wlan0/drop_unicast_in_l2_multicast: No such file or directory
12-08 03:34:07.364 12864 12864 E wpa_supplicant: nl80211: Failed to set IPv4 unicast in multicast filter
12-08 03:34:07.447 12864 12864 E wpa_supplicant: nl80211: Failed to open /proc/sys/net/ipv4/conf/wlan0/drop_unicast_in_l2_multicast: No such file or directory
12-08 03:34:07.447 12864 12864 E wpa_supplicant: nl80211: Failed to set IPv4 unicast in multicast filter
12-08 03:34:07.606  1881  1967 E ConnectivityService: exception in setMtu()java.lang.IllegalStateException: command '373 interface setmtu radio0 1500' failed with '400 373 Failed to set MTU (Permission denied)'
12-08 03:34:07.706  1626  1626 E android.hardware.wifi@1.0-service: Failed to open directory: Permission denied
12-08 03:34:07.706  1626  1626 E android.hardware.wifi@1.0-service: Error occurred while deleting old tombstone files
12-08 03:34:07.706  1626  1626 E android.hardware.wifi@1.0-service: Error writing files to flash
12-08 03:34:07.938  1881  1964 E SupplicantStaIfaceHal: Can't call setPowerSave, ISupplicantStaIface is null
12-08 03:34:07.944  1881  1964 E SupplicantStaIfaceHal: Can't call setBtCoexistenceMode, ISupplicantStaIface is null
12-08 03:34:07.956  1881  1964 E HalDevMgr: Should have at least 1 chip!
12-08 03:34:07.957  1881  1964 E HalDevMgr: dispatchAvailableForRequestListeners: no chip info found
12-08 03:34:07.972  1881  1964 E SupplicantStaIfaceHal: Can't call listNetworks, ISupplicantStaIface is null
12-08 03:34:07.972  1881  1964 E SupplicantStaIfaceHal: removeAllNetworks failed, got null networks
12-08 03:34:07.972  1881  1964 E WifiStateMachine: Failed to remove networks on exiting connect mode
12-08 03:34:07.972  1881  1966 E WifiP2pService: Unhandled message { when=0 what=131204 target=com.android.internal.util.StateMachine$SmHandler }
12-08 03:34:07.978  1881  1965 E WificondControl: No valid wificond scanner interface handler
12-08 03:34:07.996  1881  1899 E BatteryExternalStatsWorker: no controller energy info supplied for wifi
12-08 03:34:08.443 12892 12892 E rrierdefaultap: Not starting debugger since process cannot load the jdwp agent.
12-08 03:34:09.149  2448 12910 E WakeLock: GCM_HB_ALARM release without a matched acquire!
12-08 03:34:09.152  2448 12910 E WakeLock: GCM_CONN_ALARM release without a matched acquire!
12-08 03:34:09.261  1881  1964 E WifiScanRequestProxy: Scan failure received. reason: -1,description: not available
12-08 03:34:09.673 12913 12913 E id.gms.learnin: Not starting debugger since process cannot load the jdwp agent.
12-08 03:34:10.116  1626  1626 E android.hardware.wifi@1.0-service: Failed to register radio mode change callback
12-08 03:34:10.118  1626  1626 E android.hardware.wifi@1.0-service: Failed to set DFS flag; DFS channels may be unavailable.
12-08 03:34:10.258  1739  1739 E wificond: No Offload Service available
12-08 03:34:10.259  1881  1964 E SupplicantStaIfaceHal: Can't call setupIface, ISupplicantStaIface is null
12-08 03:34:10.319  1881  1965 E WifiVendorHal: getBgScanCapabilities(l.671) failed {.code = ERROR_NOT_SUPPORTED, .description = }
12-08 03:34:10.363  2448 12849 E NetworkScheduler.TED: Dropping task as app's play services SDK version does not support Android O. Either update the SDK or lower your app's target SDK version. Canceling all tasks for the service: ComponentInfo{com.google.android.gms/com.google.android.gms.checkin.EventLogService}
12-08 03:34:10.379  2448 12848 E NetworkScheduler.ATC: Called cancelTask for already completed task com.google.android.gms/.checkin.EventLogService{u=0 tag="AggregationTaskTag" trigger=window{period=1800s,flex=600s,earliest=-391s,latest=208s} requirements=[NET_ANY] attributes=[PERSISTED,RECURRING] scheduled=-1591s last_run=0s jid=N/A status=PENDING retries=0 client_lib=MANCHEGO_GCM-14799000} :CANCEL_REQUEST
12-08 03:34:10.380  2448 12848 E NetworkScheduler: Unknown result code received: 4
12-08 03:34:10.398  1881  1966 E WifiP2pService: Unhandled message { when=0 what=131203 target=com.android.internal.util.StateMachine$SmHandler }
12-08 03:34:10.449  1881  1966 E WifiP2pService: Unhandled message { when=-1ms what=131203 target=com.android.internal.util.StateMachine$SmHandler }
12-08 03:34:10.501  1881  1899 E BatteryExternalStatsWorker: no controller energy info supplied for wifi
12-08 03:34:10.538  1881  1899 E BatteryExternalStatsWorker: no controller energy info supplied for wifi
12-08 03:34:11.037  1739  1739 E wificond: Receive ERROR message in response to 'stop scheduled scan' request: Operation not supported on transport endpoint
12-08 03:34:11.108 12928 12928 E wpa_supplicant: nl80211: Failed to open /proc/sys/net/ipv4/conf/p2p-dev-wlan0/drop_unicast_in_l2_multicast: No such file or directory
12-08 03:34:11.108 12928 12928 E wpa_supplicant: nl80211: Failed to set IPv4 unicast in multicast filter
12-08 03:34:11.108 12928 12928 E wpa_supplicant: nl80211: Failed to open /proc/sys/net/ipv4/conf/p2p-dev-wlan0/drop_unicast_in_l2_multicast: No such file or directory
12-08 03:34:11.108 12928 12928 E wpa_supplicant: nl80211: Failed to set IPv4 unicast in multicast filter
12-08 03:34:11.207 12928 12928 E wpa_supplicant: nl80211: Failed to open /proc/sys/net/ipv4/conf/wlan0/drop_unicast_in_l2_multicast: No such file or directory
12-08 03:34:11.207 12928 12928 E wpa_supplicant: nl80211: Failed to set IPv4 unicast in multicast filter
12-08 03:34:11.287 12928 12928 E wpa_supplicant: nl80211: Failed to open /proc/sys/net/ipv4/conf/wlan0/drop_unicast_in_l2_multicast: No such file or directory
12-08 03:34:11.287 12928 12928 E wpa_supplicant: nl80211: Failed to set IPv4 unicast in multicast filter
12-08 03:34:11.354  1881  1894 E GnssLocationProvider: no AGPS interface in set_agps_server
12-08 03:34:11.516  1626  1626 E android.hardware.wifi@1.0-service: Failed to open directory: Permission denied
12-08 03:34:11.516  1626  1626 E android.hardware.wifi@1.0-service: Error occurred while deleting old tombstone files
12-08 03:34:11.516  1626  1626 E android.hardware.wifi@1.0-service: Error writing files to flash
12-08 03:34:11.730  1881  1967 E ConnectivityService: exception in setMtu()java.lang.IllegalStateException: command '396 interface setmtu radio0 1500' failed with '400 396 Failed to set MTU (Permission denied)'
12-08 03:34:11.761  1881  1964 E SupplicantStaIfaceHal: Can't call setPowerSave, ISupplicantStaIface is null
12-08 03:34:11.761  1881  1964 E SupplicantStaIfaceHal: Can't call setBtCoexistenceMode, ISupplicantStaIface is null
12-08 03:34:11.765  1881  1964 E HalDevMgr: Should have at least 1 chip!
12-08 03:34:11.765  1881  1964 E HalDevMgr: dispatchAvailableForRequestListeners: no chip info found
12-08 03:34:11.775  1881  1964 E SupplicantStaIfaceHal: Can't call listNetworks, ISupplicantStaIface is null
12-08 03:34:11.775  1881  1964 E SupplicantStaIfaceHal: removeAllNetworks failed, got null networks
12-08 03:34:11.775  1881  1964 E WifiStateMachine: Failed to remove networks on exiting connect mode
12-08 03:34:11.776  1881  1966 E WifiP2pService: Unhandled message { when=0 what=131204 target=com.android.internal.util.StateMachine$SmHandler }
12-08 03:34:11.778  1881  1899 E BatteryExternalStatsWorker: no controller energy info supplied for wifi
12-08 03:34:11.783  1881  1899 E BatteryExternalStatsWorker: no controller energy info supplied for wifi
12-08 03:34:12.403  2448 12958 E WakeLock: GCM_CONN_ALARM release without a matched acquire!
12-08 03:34:12.594  2448 12961 E WakeLock: GCM_HB_ALARM release without a matched acquire!
12-08 03:34:12.606  2448 12961 E WakeLock: GCM_CONN_ALARM release without a matched acquire!
12-08 03:34:12.916 12965 12965 E id.gms.unstabl: Not starting debugger since process cannot load the jdwp agent.
