--------- beginning of system
--------- beginning of main
12-07 23:03:58.454 14202 14202 E ndroid.keychai: Not starting debugger since process cannot load the jdwp agent.
12-07 23:03:59.061 16506 13248 E ctxmgr  : [AppIntervalImpl]closeInterval: ongoing
12-07 23:03:59.081 16506 13248 E ctxmgr  : [AppIntervalImpl]closeInterval: ongoing
12-07 23:04:00.275 16506 16506 E BeaconBle: Scan couldn't start for Places
12-07 23:04:00.632 15927 14247 E audio_hw_generic: pcm_open(in) failed: cannot open device '/dev/snd/pcmC0D0c': Device or resource busy: channels 2 format 0 rate 16000
12-07 23:04:02.549  1729  1752 E         : Couldn't opendir /data/app/vmdl1030327633.tmp: No such file or directory
12-07 23:04:02.549  1729  1752 E installd: Failed to delete /data/app/vmdl1030327633.tmp: No such file or directory
12-07 23:04:02.857 14268 14268 E droid.apps.doc: Not starting debugger since process cannot load the jdwp agent.
12-07 23:04:04.403 14289 14289 E ocess.gservice: Not starting debugger since process cannot load the jdwp agent.
12-07 23:04:05.758 14268 14268 E DocsApplication: [main] No default account found during application creation.
12-07 23:04:06.331 14323 14323 E harlton.mileag: Not starting debugger since process cannot load the jdwp agent.
12-07 23:04:07.891 16085 31762 E putmethod.lati: Invalid ID 0x00000001.
12-07 23:04:07.912 16085 31762 E LstmTrainingCache: emn: Can't get resource name for input slot
12-07 23:04:07.912 16085 31762 E LstmTrainingCache: android.content.res.Resources$NotFoundException: Unable to find resource ID #0x1
12-07 23:04:07.912 16085 31762 E LstmTrainingCache: 	at android.content.res.ResourcesImpl.getResourceName(ResourcesImpl.java:255)
12-07 23:04:07.912 16085 31762 E LstmTrainingCache: 	at android.content.res.Resources.getResourceName(Resources.java:1954)
12-07 23:04:07.912 16085 31762 E LstmTrainingCache: 	at emn.a(PG:12)
12-07 23:04:07.912 16085 31762 E LstmTrainingCache: 	at emk.run(PG:5)
12-07 23:04:07.912 16085 31762 E LstmTrainingCache: 	at java.lang.Thread.run(Thread.java:764)
12-07 23:04:11.419  1829  1829 E netmgr  : Failed to open QEMU pipe 'qemud:network': Invalid argument
12-07 23:04:11.419  1829  1829 E netmgr  : WifiForwarder unable to open QEMU pipe: Invalid argument
12-07 23:04:21.694 16506 13486 E ctxmgr  : [AppIntervalImpl]closeInterval: ongoing
12-07 23:04:21.706 16506 13486 E ctxmgr  : [AppIntervalImpl]closeInterval: ongoing
12-07 23:04:23.588 16506 16506 E BeaconBle: Scan couldn't start for Places
12-07 23:04:30.350 14378 14378 E oid.apps.photo: Not starting debugger since process cannot load the jdwp agent.
12-07 23:04:34.036  1737  1809 E storaged: getDiskStats failed with result NOT_SUPPORTED and size 0
12-07 23:04:36.362 10641 10641 E ContextIntentStarter: No activity found for any of the 0 intents
12-07 23:04:48.767 16506 14244 E ctxmgr  : [AppIntervalImpl]closeInterval: ongoing
12-07 23:04:48.771 16506 14244 E ctxmgr  : [AppIntervalImpl]closeInterval: ongoing
12-07 23:04:48.777 15927 14435 E audio_hw_generic: pcm_open(in) failed: cannot open device '/dev/snd/pcmC0D0c': Device or resource busy: channels 2 format 0 rate 16000
12-07 23:04:54.183 16788 17129 E PlayCommon: [121] com.google.android.play.b.g.a(448): Failed to connect to server: java.net.UnknownHostException: Unable to resolve host "play.googleapis.com": No address associated with hostname
12-07 23:05:11.426  1829  1829 E netmgr  : Failed to open QEMU pipe 'qemud:network': Invalid argument
12-07 23:05:11.427  1829  1829 E netmgr  : WifiForwarder unable to open QEMU pipe: Invalid argument
12-07 23:05:34.044  1737  1809 E storaged: getDiskStats failed with result NOT_SUPPORTED and size 0
12-07 23:06:04.652 16485 16485 E SchedPolicy: set_timerslack_ns write failed: Operation not permitted
12-07 23:06:09.840 16485 16485 E SchedPolicy: set_timerslack_ns write failed: Operation not permitted
12-07 23:06:11.436  1829  1829 E netmgr  : Failed to open QEMU pipe 'qemud:network': Invalid argument
12-07 23:06:11.436  1829  1829 E netmgr  : WifiForwarder unable to open QEMU pipe: Invalid argument
12-07 23:06:34.049  1737  1809 E storaged: getDiskStats failed with result NOT_SUPPORTED and size 0
12-07 23:07:11.443  1829  1829 E netmgr  : Failed to open QEMU pipe 'qemud:network': Invalid argument
12-07 23:07:11.444  1829  1829 E netmgr  : WifiForwarder unable to open QEMU pipe: Invalid argument
12-07 23:07:21.188 14487 14487 E .android.chrom: Not starting debugger since process cannot load the jdwp agent.
12-07 23:07:34.052  1737  1809 E storaged: getDiskStats failed with result NOT_SUPPORTED and size 0
12-07 23:08:11.455  1829  1829 E netmgr  : Failed to open QEMU pipe 'qemud:network': Invalid argument
12-07 23:08:11.455  1829  1829 E netmgr  : WifiForwarder unable to open QEMU pipe: Invalid argument
12-07 23:08:19.722 15976 15989 E memtrack: Couldn't load memtrack module
12-07 23:08:34.054  1737  1809 E storaged: getDiskStats failed with result NOT_SUPPORTED and size 0
