--------- beginning of main
12-08 19:02:13.169  1991  1991 E native  : clearcut-logger.cc:191 USER_EDIT span#originalSpan is missing
--------- beginning of system
12-08 19:02:15.880  4804  4804 E id.defcontaine: Not starting debugger since process cannot load the jdwp agent.
12-08 19:02:15.908  4814  4814 E ndroid.keychai: Not starting debugger since process cannot load the jdwp agent.
12-08 19:02:18.059  1733  1930 E         : Couldn't opendir /data/app/vmdl1472587328.tmp: No such file or directory
12-08 19:02:18.060  1733  1930 E installd: Failed to delete /data/app/vmdl1472587328.tmp: No such file or directory
12-08 19:02:18.290  2113  2113 E VvmPkgInstalledRcvr: cannot create TelephonyManager from ComponentInfo{com.android.phone/com.android.services.telephony.TelephonyConnectionService}, ***, UserHandle{0}
12-08 19:02:19.225  4874  4874 E harlton.mileag: Not starting debugger since process cannot load the jdwp agent.
12-08 19:02:27.388  4901  4901 E emui:screensho: Not starting debugger since process cannot load the jdwp agent.
12-08 19:02:27.609  4901  4901 E SoundPool: error loading /product/media/audio/ui/camera_click.ogg
12-08 19:02:27.688  1728  1813 E SurfaceFlinger: ro.sf.lcd_density must be defined as a build property
12-08 19:02:27.738  1743  1817 E OMXNodeInstance: getConfig(0xee2ac4e0:google.vorbis.decoder, ConfigAndroidVendorExtension(0x6f100004)) ERROR: Undefined(0x80001001)
12-08 19:02:27.821  1728  2034 E SurfaceFlinger: ro.sf.lcd_density must be defined as a build property
12-08 19:02:29.857  1881  1899 E KernelUidCpuFreqTimeReader: Failed to read /proc/uid_time_in_state: java.io.FileNotFoundException: /proc/uid_time_in_state (No such file or directory)
12-08 19:02:32.666  2337  4889 E s.nexuslaunche: Failed to open APK '/data/app/com.evancharlton.mileage-gwaXTfZa0hIvoK8O1jwiZw==/base.apk' I/O error
12-08 19:02:32.666  2337  4889 E ResourcesManager: failed to add asset path /data/app/com.evancharlton.mileage-gwaXTfZa0hIvoK8O1jwiZw==/base.apk
12-08 19:02:33.969  2438  2857 E ctxmgr  : [ProducerStatusImpl]updateStateForNewContextData: inactive, contextName=7
12-08 19:02:34.213  2438  2438 E BeaconBle: Missing BluetoothAdapter
12-08 19:02:34.268  2438  2438 E BeaconBle: Scan couldn't start for Places
12-08 19:02:35.923  2570  2570 E ContextIntentStarter: No activity found for any of the 0 intents
12-08 19:02:37.115  2113  2113 E PhoneInterfaceManager: [PhoneIntfMgr] getIccId: No UICC
12-08 19:02:37.209  1629  1629 E android.hardware.wifi@1.0-service: Failed to register radio mode change callback
12-08 19:02:37.222  1629  1629 E android.hardware.wifi@1.0-service: Failed to set DFS flag; DFS channels may be unavailable.
12-08 19:02:37.409  1742  1742 E wificond: No Offload Service available
12-08 19:02:37.418  1881  1965 E SupplicantStaIfaceHal: Can't call setupIface, ISupplicantStaIface is null
12-08 19:02:37.547  1881  1966 E WifiVendorHal: getBgScanCapabilities(l.671) failed {.code = ERROR_NOT_SUPPORTED, .description = }
12-08 19:02:37.589  1881  1967 E WifiP2pService: Unhandled message { when=0 what=131203 target=com.android.internal.util.StateMachine$SmHandler }
12-08 19:02:37.607  1881  1967 E WifiP2pService: Unhandled message { when=0 what=131203 target=com.android.internal.util.StateMachine$SmHandler }
12-08 19:02:37.637  1881  1899 E BatteryExternalStatsWorker: no controller energy info supplied for wifi
12-08 19:02:37.656  1881  1899 E BatteryExternalStatsWorker: no controller energy info supplied for wifi
12-08 19:02:37.808  2113  2113 E PhoneInterfaceManager: [PhoneIntfMgr] getIccId: No UICC
12-08 19:02:37.840  4971  4971 E ndroid.setting: Not starting debugger since process cannot load the jdwp agent.
12-08 19:02:38.408  1881  1894 E memtrack: Couldn't load memtrack module
12-08 19:02:38.573  1881  1894 E memtrack: Couldn't load memtrack module
12-08 19:02:38.823  2113  2113 E PhoneInterfaceManager: [PhoneIntfMgr] getIccId: No UICC
12-08 19:02:38.889  2113  2113 E PhoneInterfaceManager: [PhoneIntfMgr] getIccId: No UICC
12-08 19:02:39.213  5004  5004 E id.partnersetu: Not starting debugger since process cannot load the jdwp agent.
12-08 19:02:39.576  1881  1894 E GnssLocationProvider: no AGPS interface in set_agps_server
12-08 19:02:39.610  1881  1934 E system_server: No package ID ff found for ID 0xffffffff.
12-08 19:02:39.665  2000  2000 E StatusBarSignalPolicy: Unexpected subscription 1
12-08 19:02:39.683  1881  1894 E GnssLocationProvider: no AGPS interface in set_agps_server
12-08 19:02:39.900  1881  1894 E GnssLocationProvider: no AGPS interface in set_agps_server
12-08 19:02:39.971  1881  1894 E GnssLocationProvider: no AGPS interface in set_agps_server
12-08 19:02:40.179  1881  1894 E GnssLocationProvider: no AGPS interface in set_agps_server
12-08 19:02:40.225  1881  1894 E memtrack: Couldn't load memtrack module
12-08 19:02:40.512  1881  1894 E GnssLocationProvider: no AGPS interface in set_agps_server
12-08 19:02:41.072  5028  5028 E .android.diale: Not starting debugger since process cannot load the jdwp agent.
12-08 19:02:41.521  5047  5047 E com.ustwo.lwp: Not starting debugger since process cannot load the jdwp agent.
12-08 19:02:42.132  5076  5076 E d.process.acor: Not starting debugger since process cannot load the jdwp agent.
12-08 19:02:42.152  1881  1965 E WifiVendorHal: stopRssiMonitoring(l.2404) failed {.code = ERROR_NOT_AVAILABLE, .description = }
12-08 19:02:42.155  1881  1899 E BatteryExternalStatsWorker: no controller energy info supplied for wifi
12-08 19:02:42.164  5028  5028 E .android.diale: The String#value field is not present on Android versions >= 6.0
12-08 19:02:42.620  5116  5116 E android.youtub: Not starting debugger since process cannot load the jdwp agent.
12-08 19:02:42.872  1739  1788 E Netd    : Error adding route ::/0 -> fe80::ff:fe00:100 wlan0 to table 1003: File exists
12-08 19:02:43.443  1881  1894 E GnssLocationProvider: no AGPS interface in set_agps_server
12-08 19:02:43.630  5158  5158 E oadcastreceive: Not starting debugger since process cannot load the jdwp agent.
12-08 19:02:44.013  5191  5191 E .apps.messagin: Not starting debugger since process cannot load the jdwp agent.
12-08 19:02:44.167  5116  5217 E YouTube : Failed delayed event dispatch, no dispatchers.
12-08 19:02:45.000  1807  1807 E netmgr  : Failed to open QEMU pipe 'qemud:network': Invalid argument
12-08 19:02:45.000  1807  1807 E netmgr  : WifiForwarder unable to open QEMU pipe: Invalid argument
