--------- beginning of system
12-08 14:04:32.801  1738  1772 E storaged: getDiskStats failed with result NOT_SUPPORTED and size 0
--------- beginning of main
12-08 14:05:22.142  1828  1828 E netmgr  : Failed to open QEMU pipe 'qemud:network': Invalid argument
12-08 14:05:22.143  1828  1828 E netmgr  : WifiForwarder unable to open QEMU pipe: Invalid argument
12-08 14:05:34.865  1738  1772 E storaged: getDiskStats failed with result NOT_SUPPORTED and size 0
12-08 14:06:17.498  1740  1740 E OMXNodeInstance: setConfig(0xf4fa6d20:google.vorbis.decoder, ConfigPriority(0x6f800002)) ERROR: Undefined(0x80001001)
12-08 14:06:17.509  1740  1740 E OMXNodeInstance: getConfig(0xf4fa6d20:google.vorbis.decoder, ConfigAndroidVendorExtension(0x6f100004)) ERROR: Undefined(0x80001001)
12-08 14:06:22.294  1828  1828 E netmgr  : Failed to open QEMU pipe 'qemud:network': Invalid argument
12-08 14:06:22.295  1828  1828 E netmgr  : WifiForwarder unable to open QEMU pipe: Invalid argument
12-08 14:06:27.406  1611  1695 E audio_hw_generic: pcm_write failed cannot write stream data: I/O error
12-08 14:06:30.128  1881  1899 E BatteryExternalStatsWorker: no controller energy info supplied for wifi
12-08 14:06:34.968  1738  1772 E storaged: getDiskStats failed with result NOT_SUPPORTED and size 0
12-08 14:06:37.462  1611  1695 E audio_hw_generic: pcm_write failed cannot write stream data: I/O error
12-08 14:06:47.540  1611  1695 E audio_hw_generic: pcm_write failed cannot write stream data: I/O error
12-08 14:06:55.415  2448 10290 E ctxmgr  : [ProducerStatusImpl]updateStateForNewContextData: inactive, contextName=7
12-08 14:06:57.598  1611  1695 E audio_hw_generic: pcm_write failed cannot write stream data: I/O error
12-08 14:06:57.815  2448  2448 E BeaconBle: Missing BluetoothAdapter
12-08 14:06:57.884  2448  2448 E BeaconBle: Scan couldn't start for Places
12-08 14:07:02.913  2448 10290 E ctxmgr  : [ProducerStatusImpl]updateStateForNewContextData: inactive, contextName=18
12-08 14:07:05.461  2692  2692 E ContextIntentStarter: No activity found for any of the 0 intents
12-08 14:07:07.641  1611  1695 E audio_hw_generic: pcm_write failed cannot write stream data: I/O error
12-08 14:07:15.589  1626  1626 E android.hardware.wifi@1.0-service: Failed to register radio mode change callback
12-08 14:07:15.601  1626  1626 E android.hardware.wifi@1.0-service: Failed to set DFS flag; DFS channels may be unavailable.
12-08 14:07:15.663  2448 10350 E ctxmgr  : [ProducerStatusImpl]updateStateForNewContextData: inactive, contextName=7
12-08 14:07:15.828  1739  1739 E wificond: No Offload Service available
12-08 14:07:18.020  1611  1695 E audio_hw_generic: pcm_write failed cannot write stream data: I/O error
12-08 14:07:18.045  1881  1964 E NetdConnector: NDC Command {467 interface getcfg wlan0} took too long (2078ms)
12-08 14:07:18.260  1881  1966 E WifiP2pService: Unhandled message { when=-2ms what=131203 target=com.android.internal.util.StateMachine$SmHandler }
12-08 14:07:18.370  1881  1966 E WifiP2pService: Unhandled message { when=-7ms what=131203 target=com.android.internal.util.StateMachine$SmHandler }
12-08 14:07:20.758  1881  1899 E BatteryExternalStatsWorker: no controller energy info supplied for wifi
12-08 14:07:20.930  2448  2448 E BeaconBle: Missing BluetoothAdapter
12-08 14:07:20.851  1881  1899 E BatteryExternalStatsWorker: no controller energy info supplied for wifi
12-08 14:07:21.091  2448  2448 E BeaconBle: Scan couldn't start for Places
12-08 14:07:23.246  1828  1828 E netmgr  : Failed to open QEMU pipe 'qemud:network': Invalid argument
12-08 14:07:23.272  1828  1828 E netmgr  : WifiForwarder unable to open QEMU pipe: Invalid argument
12-08 14:07:25.932 29746 29746 E SchedPolicy: set_timerslack_ns write failed: Operation not permitted
12-08 14:07:36.106  1738  1772 E storaged: getDiskStats failed with result NOT_SUPPORTED and size 0
12-08 14:07:41.195 29746 29746 E SchedPolicy: set_timerslack_ns write failed: Operation not permitted
12-08 14:07:51.880  2494  2716 E PlayCommon: [101] com.google.android.play.b.g.a(448): Failed to connect to server: java.net.UnknownHostException: Unable to resolve host "play.googleapis.com": No address associated with hostname
12-08 14:07:59.568 10399 10399 E id.gms.learnin: Not starting debugger since process cannot load the jdwp agent.
12-08 14:08:17.409  2448 10364 E NetworkScheduler.TED: Dropping task as app's play services SDK version does not support Android O. Either update the SDK or lower your app's target SDK version. Canceling all tasks for the service: ComponentInfo{com.google.android.gms/com.google.android.gms.learning.training.background.TrainingGcmTaskService}
12-08 14:08:24.314  1828  1828 E netmgr  : Failed to open QEMU pipe 'qemud:network': Invalid argument
12-08 14:08:24.315  1828  1828 E netmgr  : WifiForwarder unable to open QEMU pipe: Invalid argument
12-08 14:08:24.443  2475  9861 E SQLiteCastStore: Skip saving CastDeviceInfo: "Nearby device" (__cast_nearby___V_4dbcc6ea-750e-4321-8289-22fb964c5cce)
12-08 14:08:34.595  1881  1965 E WificondScannerImpl: Timed out waiting for scan result from wificond
12-08 14:08:36.868  1738  1772 E storaged: getDiskStats failed with result NOT_SUPPORTED and size 0
