--------- beginning of system
12-07 12:06:32.394  1735  1809 E storaged: getDiskStats failed with result NOT_SUPPORTED and size 0
12-07 12:07:32.896  1735  1809 E storaged: getDiskStats failed with result NOT_SUPPORTED and size 0
12-07 12:08:33.521  1735  1809 E storaged: getDiskStats failed with result NOT_SUPPORTED and size 0
12-07 12:08:59.291 26518 26518 E SchedPolicy: set_timerslack_ns write failed: Operation not permitted
12-07 12:09:12.268 26518 26518 E SchedPolicy: set_timerslack_ns write failed: Operation not permitted
12-07 12:09:34.813  1735  1809 E storaged: getDiskStats failed with result NOT_SUPPORTED and size 0
12-07 12:10:35.565  1735  1809 E storaged: getDiskStats failed with result NOT_SUPPORTED and size 0
12-07 12:11:36.129  1735  1809 E storaged: getDiskStats failed with result NOT_SUPPORTED and size 0
12-07 12:12:37.222  1735  1809 E storaged: getDiskStats failed with result NOT_SUPPORTED and size 0
--------- beginning of main
12-07 12:13:12.928  1829  1829 E netmgr  : Failed to open QEMU pipe 'qemud:network': Invalid argument
12-07 12:13:12.928  1829  1829 E netmgr  : WifiForwarder unable to open QEMU pipe: Invalid argument
12-07 12:13:28.564  2378 28995 E ctxmgr  : [ProducerStatusImpl]updateStateForNewContextData: inactive, contextName=7
12-07 12:13:31.237  2378  2378 E BeaconBle: Missing BluetoothAdapter
12-07 12:13:31.318  2378  2378 E BeaconBle: Scan couldn't start for Places
12-07 12:13:38.700  1735  1809 E storaged: getDiskStats failed with result NOT_SUPPORTED and size 0
12-07 12:14:14.243  1829  1829 E netmgr  : Failed to open QEMU pipe 'qemud:network': Invalid argument
12-07 12:14:14.243  1829  1829 E netmgr  : WifiForwarder unable to open QEMU pipe: Invalid argument
12-07 12:14:39.619  1735  1809 E storaged: getDiskStats failed with result NOT_SUPPORTED and size 0
12-07 12:15:15.273  1829  1829 E netmgr  : Failed to open QEMU pipe 'qemud:network': Invalid argument
12-07 12:15:15.274  1829  1829 E netmgr  : WifiForwarder unable to open QEMU pipe: Invalid argument
12-07 12:15:28.418  2378 28995 E ctxmgr  : [ProducerStatusImpl]updateStateForNewContextData: inactive, contextName=7
12-07 12:15:28.505  2378 28995 E ctxmgr  : [ProducerStatusImpl]updateStateForNewContextData: inactive, contextName=1
12-07 12:15:28.505  2378 28995 E ctxmgr  : [ProducerStatusImpl]updateStateForNewContextData: inactive, contextName=1
12-07 12:15:31.098  2378  2378 E BeaconBle: Missing BluetoothAdapter
12-07 12:15:33.469  2378  2378 E BeaconBle: Scan couldn't start for Places
12-07 12:15:41.017  1735  1809 E storaged: getDiskStats failed with result NOT_SUPPORTED and size 0
12-07 12:16:01.541 29032 29032 E boxed_process3: Not starting debugger since process cannot load the jdwp agent.
12-07 12:16:16.729  1829  1829 E netmgr  : Failed to open QEMU pipe 'qemud:network': Invalid argument
12-07 12:16:16.736  1829  1829 E netmgr  : WifiForwarder unable to open QEMU pipe: Invalid argument
12-07 12:16:32.461  1880  1900 E BatteryExternalStatsWorker: no controller energy info supplied for wifi
12-07 12:16:42.588  1735  1809 E storaged: getDiskStats failed with result NOT_SUPPORTED and size 0
12-07 12:17:18.294  1829  1829 E netmgr  : Failed to open QEMU pipe 'qemud:network': Invalid argument
12-07 12:17:18.298  1829  1829 E netmgr  : WifiForwarder unable to open QEMU pipe: Invalid argument
12-07 12:17:21.432  2378 29068 E ctxmgr  : [ProducerStatusImpl]updateStateForNewContextData: inactive, contextName=7
12-07 12:17:23.648  2378  2378 E BeaconBle: Missing BluetoothAdapter
12-07 12:17:23.740  2378  2378 E BeaconBle: Scan couldn't start for Places
12-07 12:17:33.859 19845 19845 E ContextIntentStarter: No activity found for any of the 0 intents
12-07 12:17:39.293 29086 29086 E boxed_process3: Not starting debugger since process cannot load the jdwp agent.
12-07 12:17:44.134  1735  1809 E storaged: getDiskStats failed with result NOT_SUPPORTED and size 0
12-07 12:18:07.616  2780  2915 E PlayCommon: [145] com.google.android.play.b.g.a(448): Failed to connect to server: java.net.UnknownHostException: Unable to resolve host "play.googleapis.com": No address associated with hostname
12-07 12:18:20.129  1829  1829 E netmgr  : Failed to open QEMU pipe 'qemud:network': Invalid argument
12-07 12:18:20.130  1829  1829 E netmgr  : WifiForwarder unable to open QEMU pipe: Invalid argument
12-07 12:18:38.205  2378 29118 E ctxmgr  : [ProducerStatusImpl]updateStateForNewContextData: inactive, contextName=7
12-07 12:18:40.870  2378  2378 E BeaconBle: Missing BluetoothAdapter
12-07 12:18:43.298  2378  2378 E BeaconBle: Scan couldn't start for Places
12-07 12:18:45.660  1735  1809 E storaged: getDiskStats failed with result NOT_SUPPORTED and size 0
12-07 12:19:01.186  1625  1625 E android.hardware.wifi@1.0-service: Failed to register radio mode change callback
12-07 12:19:01.190  1625  1625 E android.hardware.wifi@1.0-service: Failed to set DFS flag; DFS channels may be unavailable.
12-07 12:19:01.268  1736  1736 E wificond: No Offload Service available
12-07 12:19:03.747  1880  1969 E WifiP2pService: Unhandled message { when=0 what=131203 target=com.android.internal.util.StateMachine$SmHandler }
12-07 12:19:03.779  1880  1969 E WifiP2pService: Unhandled message { when=-2ms what=131203 target=com.android.internal.util.StateMachine$SmHandler }
12-07 12:19:03.796  1880  1900 E BatteryExternalStatsWorker: no controller energy info supplied for wifi
12-07 12:19:03.815  1880  1900 E BatteryExternalStatsWorker: no controller energy info supplied for wifi
12-07 12:19:11.319  2378 29014 E ctxmgr  : [ProducerStatusImpl]updateStateForNewContextData: inactive, contextName=7
12-07 12:19:14.232  2378  2378 E BeaconBle: Missing BluetoothAdapter
12-07 12:19:14.389  2378  2378 E BeaconBle: Scan couldn't start for Places
12-07 12:19:21.900  1829  1829 E netmgr  : Failed to open QEMU pipe 'qemud:network': Invalid argument
12-07 12:19:21.901  1829  1829 E netmgr  : WifiForwarder unable to open QEMU pipe: Invalid argument
12-07 12:19:47.104  1735  1809 E storaged: getDiskStats failed with result NOT_SUPPORTED and size 0
12-07 12:20:02.592  1722  1722 E SurfaceFlinger: [StatusBar#0] rejecting buffer: bufWidth=1080, bufHeight=63, front.active.{w=1080, h=1920}
12-07 12:20:07.510  2482 28735 E SQLiteCastStore: Skip saving CastDeviceInfo: "Nearby device" (__cast_nearby___V_6c94579c-88a0-4b9d-aff5-b0b76bf82445)
