--------- beginning of main
--------- beginning of system
12-07 22:50:20.148  1729  1752 E         : Couldn't opendir /data/app/vmdl1795827039.tmp: No such file or directory
12-07 22:50:20.148  1729  1752 E installd: Failed to delete /data/app/vmdl1795827039.tmp: No such file or directory
12-07 22:50:23.760 12892 12892 E harlton.mileag: Not starting debugger since process cannot load the jdwp agent.
12-07 22:50:24.936 16085 31762 E putmethod.lati: Invalid ID 0x00000001.
12-07 22:50:24.951 16085 31762 E LstmTrainingCache: emn: Can't get resource name for input slot
12-07 22:50:24.951 16085 31762 E LstmTrainingCache: android.content.res.Resources$NotFoundException: Unable to find resource ID #0x1
12-07 22:50:24.951 16085 31762 E LstmTrainingCache: 	at android.content.res.ResourcesImpl.getResourceName(ResourcesImpl.java:255)
12-07 22:50:24.951 16085 31762 E LstmTrainingCache: 	at android.content.res.Resources.getResourceName(Resources.java:1954)
12-07 22:50:24.951 16085 31762 E LstmTrainingCache: 	at emn.a(PG:12)
12-07 22:50:24.951 16085 31762 E LstmTrainingCache: 	at emk.run(PG:5)
12-07 22:50:24.951 16085 31762 E LstmTrainingCache: 	at java.lang.Thread.run(Thread.java:764)
12-07 22:50:30.899 16085 31762 E putmethod.lati: Invalid ID 0x00000001.
12-07 22:50:30.914 16085 31762 E LstmTrainingCache: emn: Can't get resource name for input slot
12-07 22:50:30.914 16085 31762 E LstmTrainingCache: android.content.res.Resources$NotFoundException: Unable to find resource ID #0x1
12-07 22:50:30.914 16085 31762 E LstmTrainingCache: 	at android.content.res.ResourcesImpl.getResourceName(ResourcesImpl.java:255)
12-07 22:50:30.914 16085 31762 E LstmTrainingCache: 	at android.content.res.Resources.getResourceName(Resources.java:1954)
12-07 22:50:30.914 16085 31762 E LstmTrainingCache: 	at emn.a(PG:12)
12-07 22:50:30.914 16085 31762 E LstmTrainingCache: 	at emk.run(PG:5)
12-07 22:50:30.914 16085 31762 E LstmTrainingCache: 	at java.lang.Thread.run(Thread.java:764)
12-07 22:50:33.679  1737  1809 E storaged: getDiskStats failed with result NOT_SUPPORTED and size 0
12-07 22:50:35.204 12892 12892 E SpannableStringBuilder: SPAN_EXCLUSIVE_EXCLUSIVE spans cannot have a zero length
12-07 22:50:35.204 12892 12892 E SpannableStringBuilder: SPAN_EXCLUSIVE_EXCLUSIVE spans cannot have a zero length
12-07 22:50:40.328 16506 16506 E BeaconBle: Missing BluetoothAdapter
12-07 22:50:40.372 16506 16506 E BeaconBle: Scan couldn't start for Places
12-07 22:50:45.559 12951 12951 E viders.calenda: Not starting debugger since process cannot load the jdwp agent.
12-07 22:50:45.559 12946 12946 E oid.apps.photo: Not starting debugger since process cannot load the jdwp agent.
12-07 22:50:51.881 15976 15989 E memtrack: Couldn't load memtrack module
12-07 22:50:51.954 15976 15989 E memtrack: Couldn't load memtrack module
12-07 22:51:01.150 16085 16085 E native  : suggestion-transformer.cc:118 suggestion picked candidate not found for id: 1
12-07 22:51:01.426 12892 12892 E SpannableStringBuilder: SPAN_EXCLUSIVE_EXCLUSIVE spans cannot have a zero length
12-07 22:51:01.426 12892 12892 E SpannableStringBuilder: SPAN_EXCLUSIVE_EXCLUSIVE spans cannot have a zero length
12-07 22:51:02.441 10641 10641 E ContextIntentStarter: No activity found for any of the 0 intents
12-07 22:51:06.380 15976 15989 E memtrack: Couldn't load memtrack module
12-07 22:51:09.612 15927 13023 E audio_hw_generic: pcm_open(in) failed: cannot open device '/dev/snd/pcmC0D0c': Device or resource busy: channels 2 format 0 rate 16000
12-07 22:51:11.229  1829  1829 E netmgr  : Failed to open QEMU pipe 'qemud:network': Invalid argument
12-07 22:51:11.229  1829  1829 E netmgr  : WifiForwarder unable to open QEMU pipe: Invalid argument
12-07 22:51:11.507 13028 13028 E id.partnersetu: Not starting debugger since process cannot load the jdwp agent.
12-07 22:51:11.813 13046 13046 E dboxed_process: Not starting debugger since process cannot load the jdwp agent.
12-07 22:51:17.066 16085 13075 E HttpClientWrapper: fid: Exception occurred while executing network request.
12-07 22:51:20.150 15976 15989 E memtrack: Couldn't load memtrack module
12-07 22:51:23.167 12892 12892 E SpannableStringBuilder: SPAN_EXCLUSIVE_EXCLUSIVE spans cannot have a zero length
12-07 22:51:23.167 12892 12892 E SpannableStringBuilder: SPAN_EXCLUSIVE_EXCLUSIVE spans cannot have a zero length
12-07 22:51:24.772 15976 18246 E WindowManager: Performed 6 layouts in a row. Skipping
12-07 22:51:24.788 15976 16026 E WindowManager: Performed 6 layouts in a row. Skipping
12-07 22:51:24.867 15976 16026 E WindowManager: Performed 6 layouts in a row. Skipping
12-07 22:51:24.893 15976 15991 E WindowManager: Performed 6 layouts in a row. Skipping
12-07 22:51:24.921 15976 16026 E WindowManager: Performed 6 layouts in a row. Skipping
12-07 22:51:24.953 15976 16026 E WindowManager: Performed 6 layouts in a row. Skipping
12-07 22:51:24.984 15976 18395 E WindowManager: Performed 6 layouts in a row. Skipping
12-07 22:51:25.011 15976 16026 E WindowManager: Performed 6 layouts in a row. Skipping
12-07 22:51:25.029 15976 15991 E WindowManager: Performed 6 layouts in a row. Skipping
12-07 22:51:25.053 15976 16026 E WindowManager: Performed 6 layouts in a row. Skipping
12-07 22:51:25.089 15976 16026 E WindowManager: Performed 6 layouts in a row. Skipping
12-07 22:51:25.120 15976 16026 E WindowManager: Performed 6 layouts in a row. Skipping
12-07 22:51:25.299 15976 16026 E WindowManager: Performed 6 layouts in a row. Skipping
12-07 22:51:26.238 16506 10808 E ctxmgr  : [AppIntervalImpl]closeInterval: ongoing
12-07 22:51:26.246 16506 10808 E ctxmgr  : [AppIntervalImpl]closeInterval: ongoing
12-07 22:51:26.528 15976 15989 E memtrack: Couldn't load memtrack module
