--------- beginning of main
--------- beginning of system
12-08 09:51:48.476  1881  5179 E WindowManager: Performed 6 layouts in a row. Skipping
12-08 09:51:48.509  1881  1934 E WindowManager: Performed 6 layouts in a row. Skipping
12-08 09:51:48.540  1881  1934 E WindowManager: Performed 6 layouts in a row. Skipping
12-08 09:51:48.566  1881  5179 E WindowManager: Performed 6 layouts in a row. Skipping
12-08 09:51:48.612  1881  1934 E WindowManager: Performed 6 layouts in a row. Skipping
12-08 09:51:48.657  1881  1934 E WindowManager: Performed 6 layouts in a row. Skipping
12-08 09:51:48.687  1881  5713 E WindowManager: Performed 6 layouts in a row. Skipping
12-08 09:51:48.732  1881  1934 E WindowManager: Performed 6 layouts in a row. Skipping
12-08 09:51:48.768  1881  1934 E WindowManager: Performed 6 layouts in a row. Skipping
12-08 09:51:48.787  1881  1934 E WindowManager: Performed 6 layouts in a row. Skipping
12-08 09:51:48.819  1881  1934 E WindowManager: Performed 6 layouts in a row. Skipping
12-08 09:51:48.894  1881  1934 E WindowManager: Performed 6 layouts in a row. Skipping
12-08 09:51:50.647  1881  1895 E ActivityManager: Failure starting process com.evancharlton.mileage
12-08 09:51:50.647  1881  1895 E ActivityManager: java.lang.SecurityException: Package com.evancharlton.mileage is currently frozen!
12-08 09:51:50.647  1881  1895 E ActivityManager: 	at com.android.server.pm.PackageManagerService.checkPackageStartable(PackageManagerService.java:4000)
12-08 09:51:50.647  1881  1895 E ActivityManager: 	at com.android.server.am.ActivityManagerService.startProcessLocked(ActivityManagerService.java:4234)
12-08 09:51:50.647  1881  1895 E ActivityManager: 	at com.android.server.am.ActivityManagerService.startProcessLocked(ActivityManagerService.java:4199)
12-08 09:51:50.647  1881  1895 E ActivityManager: 	at com.android.server.am.ActivityManagerService.startProcessLocked(ActivityManagerService.java:4181)
12-08 09:51:50.647  1881  1895 E ActivityManager: 	at com.android.server.am.ActivityManagerService.startProcessLocked(ActivityManagerService.java:4067)
12-08 09:51:50.647  1881  1895 E ActivityManager: 	at com.android.server.am.ActivityStackSupervisor.startSpecificActivityLocked(ActivityStackSupervisor.java:1715)
12-08 09:51:50.647  1881  1895 E ActivityManager: 	at com.android.server.am.ActivityStack.resumeTopActivityInnerLocked(ActivityStack.java:2764)
12-08 09:51:50.647  1881  1895 E ActivityManager: 	at com.android.server.am.ActivityStack.resumeTopActivityUncheckedLocked(ActivityStack.java:2302)
12-08 09:51:50.647  1881  1895 E ActivityManager: 	at com.android.server.am.ActivityStackSupervisor.resumeFocusedStackTopActivityLocked(ActivityStackSupervisor.java:2234)
12-08 09:51:50.647  1881  1895 E ActivityManager: 	at com.android.server.am.ActivityStackSupervisor.resumeFocusedStackTopActivityLocked(ActivityStackSupervisor.java:2218)
12-08 09:51:50.647  1881  1895 E ActivityManager: 	at com.android.server.am.ActivityManagerService.handleAppDiedLocked(ActivityManagerService.java:5923)
12-08 09:51:50.647  1881  1895 E ActivityManager: 	at com.android.server.am.ActivityManagerService.removeProcessLocked(ActivityManagerService.java:7501)
12-08 09:51:50.647  1881  1895 E ActivityManager: 	at com.android.server.am.ActivityManagerService.killPackageProcessesLocked(ActivityManagerService.java:7142)
12-08 09:51:50.647  1881  1895 E ActivityManager: 	at com.android.server.am.ActivityManagerService.forceStopPackageLocked(ActivityManagerService.java:7275)
12-08 09:51:50.647  1881  1895 E ActivityManager: 	at com.android.server.am.ActivityManagerService$MainHandler.handleMessage(ActivityManagerService.java:2289)
12-08 09:51:50.647  1881  1895 E ActivityManager: 	at android.os.Handler.dispatchMessage(Handler.java:106)
12-08 09:51:50.647  1881  1895 E ActivityManager: 	at android.os.Looper.loop(Looper.java:193)
12-08 09:51:50.647  1881  1895 E ActivityManager: 	at android.os.HandlerThread.run(HandlerThread.java:65)
12-08 09:51:50.647  1881  1895 E ActivityManager: 	at com.android.server.ServiceThread.run(ServiceThread.java:44)
12-08 09:51:51.473 22597 22597 E droid.apps.doc: Not starting debugger since process cannot load the jdwp agent.
12-08 09:51:52.162  2448 21806 E ctxmgr  : [ProducerStatusImpl]updateStateForNewContextData: inactive, contextName=7
12-08 09:51:52.404  2448  2448 E BeaconBle: Scan couldn't start for Places
12-08 09:51:53.375 22597 22597 E DocsApplication: [main] No default account found during application creation.
12-08 09:51:54.403  1730  6463 E         : Couldn't opendir /data/app/vmdl197648638.tmp: No such file or directory
12-08 09:51:54.403  1730  6463 E installd: Failed to delete /data/app/vmdl197648638.tmp: No such file or directory
12-08 09:51:55.458  2475 22591 E ChromeSync: [Sync,SyncIntentOperation] Error handling the intent: Intent { act=android.intent.action.PACKAGE_ADDED dat=package:com.evancharlton.mileage flg=0x4000010 cmp=com.google.android.gms/.chimera.GmsIntentOperationService (has extras) }.
12-08 09:51:56.745 22681 22681 E harlton.mileag: Not starting debugger since process cannot load the jdwp agent.
12-08 09:51:58.150  1992 20735 E putmethod.lati: Invalid ID 0x00000001.
12-08 09:51:58.169  1992 20735 E LstmTrainingCache: emn: Can't get resource name for input slot
12-08 09:51:58.169  1992 20735 E LstmTrainingCache: android.content.res.Resources$NotFoundException: Unable to find resource ID #0x1
12-08 09:51:58.169  1992 20735 E LstmTrainingCache: 	at android.content.res.ResourcesImpl.getResourceName(ResourcesImpl.java:255)
12-08 09:51:58.169  1992 20735 E LstmTrainingCache: 	at android.content.res.Resources.getResourceName(Resources.java:1954)
12-08 09:51:58.169  1992 20735 E LstmTrainingCache: 	at emn.a(PG:12)
12-08 09:51:58.169  1992 20735 E LstmTrainingCache: 	at emk.run(PG:5)
12-08 09:51:58.169  1992 20735 E LstmTrainingCache: 	at java.lang.Thread.run(Thread.java:764)
12-08 09:52:10.963  2448 21806 E ctxmgr  : [ProducerStatusImpl]updateStateForNewContextData: inactive, contextName=7
12-08 09:52:11.168  2448  2448 E BeaconBle: Missing BluetoothAdapter
12-08 09:52:11.184  2448  2448 E BeaconBle: Scan couldn't start for Places
12-08 09:52:11.449  2494  2716 E PlayCommon: [101] com.google.android.play.b.g.a(448): Failed to connect to server: java.net.UnknownHostException: Unable to resolve host "play.googleapis.com": No address associated with hostname
12-08 09:52:17.592  1611  1695 E audio_hw_generic: pcm_write failed cannot write stream data: I/O error
12-08 09:52:23.881  2692  2692 E ContextIntentStarter: No activity found for any of the 0 intents
12-08 09:52:25.083 22735 22735 E rrierdefaultap: Not starting debugger since process cannot load the jdwp agent.
12-08 09:52:35.491  1611  1695 E audio_hw_generic: pcm_write failed cannot write stream data: I/O error
12-08 09:52:41.456  1828  1828 E netmgr  : Failed to open QEMU pipe 'qemud:network': Invalid argument
12-08 09:52:41.456  1828  1828 E netmgr  : WifiForwarder unable to open QEMU pipe: Invalid argument
12-08 09:52:44.912  1738  1772 E storaged: getDiskStats failed with result NOT_SUPPORTED and size 0
12-08 09:52:45.522  1611  1695 E audio_hw_generic: pcm_write failed cannot write stream data: I/O error
12-08 09:52:56.732  1611  1695 E audio_hw_generic: pcm_write failed cannot write stream data: I/O error
12-08 09:53:06.742  1611  1695 E audio_hw_generic: pcm_write failed cannot write stream data: I/O error
12-08 09:53:18.191  1611  1695 E audio_hw_generic: pcm_write failed cannot write stream data: I/O error
12-08 09:53:29.241  1611  1695 E audio_hw_generic: pcm_write failed cannot write stream data: I/O error
12-08 09:53:39.262  1611  1695 E audio_hw_generic: pcm_write failed cannot write stream data: I/O error
12-08 09:53:41.517  1828  1828 E netmgr  : Failed to open QEMU pipe 'qemud:network': Invalid argument
12-08 09:53:41.518  1828  1828 E netmgr  : WifiForwarder unable to open QEMU pipe: Invalid argument
12-08 09:53:44.915  1738  1772 E storaged: getDiskStats failed with result NOT_SUPPORTED and size 0
12-08 09:53:52.431  1611  1695 E audio_hw_generic: pcm_write failed cannot write stream data: I/O error
