--------- beginning of system
12-07 11:04:37.763  1883  1897 E ActivityManager: Failure starting process com.evancharlton.mileage
12-07 11:04:37.763  1883  1897 E ActivityManager: java.lang.SecurityException: Package com.evancharlton.mileage is currently frozen!
12-07 11:04:37.763  1883  1897 E ActivityManager: 	at com.android.server.pm.PackageManagerService.checkPackageStartable(PackageManagerService.java:4000)
12-07 11:04:37.763  1883  1897 E ActivityManager: 	at com.android.server.am.ActivityManagerService.startProcessLocked(ActivityManagerService.java:4234)
12-07 11:04:37.763  1883  1897 E ActivityManager: 	at com.android.server.am.ActivityManagerService.startProcessLocked(ActivityManagerService.java:4199)
12-07 11:04:37.763  1883  1897 E ActivityManager: 	at com.android.server.am.ActivityManagerService.startProcessLocked(ActivityManagerService.java:4181)
12-07 11:04:37.763  1883  1897 E ActivityManager: 	at com.android.server.am.ActivityManagerService.startProcessLocked(ActivityManagerService.java:4067)
12-07 11:04:37.763  1883  1897 E ActivityManager: 	at com.android.server.am.ActivityStackSupervisor.startSpecificActivityLocked(ActivityStackSupervisor.java:1715)
12-07 11:04:37.763  1883  1897 E ActivityManager: 	at com.android.server.am.ActivityStack.resumeTopActivityInnerLocked(ActivityStack.java:2764)
12-07 11:04:37.763  1883  1897 E ActivityManager: 	at com.android.server.am.ActivityStack.resumeTopActivityUncheckedLocked(ActivityStack.java:2302)
12-07 11:04:37.763  1883  1897 E ActivityManager: 	at com.android.server.am.ActivityStackSupervisor.resumeFocusedStackTopActivityLocked(ActivityStackSupervisor.java:2234)
12-07 11:04:37.763  1883  1897 E ActivityManager: 	at com.android.server.am.ActivityStackSupervisor.resumeFocusedStackTopActivityLocked(ActivityStackSupervisor.java:2218)
12-07 11:04:37.763  1883  1897 E ActivityManager: 	at com.android.server.am.ActivityManagerService.handleAppDiedLocked(ActivityManagerService.java:5923)
12-07 11:04:37.763  1883  1897 E ActivityManager: 	at com.android.server.am.ActivityManagerService.removeProcessLocked(ActivityManagerService.java:7501)
12-07 11:04:37.763  1883  1897 E ActivityManager: 	at com.android.server.am.ActivityManagerService.killPackageProcessesLocked(ActivityManagerService.java:7142)
12-07 11:04:37.763  1883  1897 E ActivityManager: 	at com.android.server.am.ActivityManagerService.forceStopPackageLocked(ActivityManagerService.java:7275)
12-07 11:04:37.763  1883  1897 E ActivityManager: 	at com.android.server.am.ActivityManagerService$MainHandler.handleMessage(ActivityManagerService.java:2289)
12-07 11:04:37.763  1883  1897 E ActivityManager: 	at android.os.Handler.dispatchMessage(Handler.java:106)
12-07 11:04:37.763  1883  1897 E ActivityManager: 	at android.os.Looper.loop(Looper.java:193)
12-07 11:04:37.763  1883  1897 E ActivityManager: 	at android.os.HandlerThread.run(HandlerThread.java:65)
12-07 11:04:37.763  1883  1897 E ActivityManager: 	at com.android.server.ServiceThread.run(ServiceThread.java:44)
12-07 11:05:01.773  1628  1628 E android.hardware.wifi@1.0-service: Failed to open directory: Permission denied
12-07 11:05:01.773  1628  1628 E android.hardware.wifi@1.0-service: Error occurred while deleting old tombstone files
12-07 11:05:01.773  1628  1628 E android.hardware.wifi@1.0-service: Error writing files to flash
12-07 11:05:02.043  1883  1967 E WifiP2pService: Unhandled message { when=-1ms what=131204 target=com.android.internal.util.StateMachine$SmHandler }
12-07 11:05:02.089  1883  1901 E BatteryExternalStatsWorker: no controller energy info supplied for wifi
--------- beginning of main
12-07 11:05:02.210  2420  8615 E WakeLock: GCM_CONN_ALARM release without a matched acquire!
12-07 11:05:02.547  1628  1628 E android.hardware.wifi@1.0-service: Failed to register radio mode change callback
12-07 11:05:02.549  1628  1628 E android.hardware.wifi@1.0-service: Failed to set DFS flag; DFS channels may be unavailable.
12-07 11:05:02.614  1738  1738 E wificond: No Offload Service available
12-07 11:05:02.698  1883  1967 E WifiP2pService: Unhandled message { when=0 what=131203 target=com.android.internal.util.StateMachine$SmHandler }
12-07 11:05:02.729  1883  1967 E WifiP2pService: Unhandled message { when=0 what=131203 target=com.android.internal.util.StateMachine$SmHandler }
12-07 11:05:02.745  1883  1901 E BatteryExternalStatsWorker: no controller energy info supplied for wifi
12-07 11:05:02.758  1883  1901 E BatteryExternalStatsWorker: no controller energy info supplied for wifi
12-07 11:05:03.667  2391  2391 E SchedPolicy: set_timerslack_ns write failed: Operation not permitted
12-07 11:05:04.387  2391  2391 E SchedPolicy: set_timerslack_ns write failed: Operation not permitted
12-07 11:05:05.466  2420  8799 E WakeLock: GCM_HB_ALARM release without a matched acquire!
12-07 11:05:05.473  2420  8799 E WakeLock: GCM_CONN_ALARM release without a matched acquire!
12-07 11:05:06.442  1829  1829 E netmgr  : Failed to open QEMU pipe 'qemud:network': Invalid argument
12-07 11:05:06.442  1829  1829 E netmgr  : WifiForwarder unable to open QEMU pipe: Invalid argument
12-07 11:05:06.763  1883  1901 E BatteryExternalStatsWorker: no controller energy info supplied for wifi
12-07 11:05:07.614  1735  1813 E Netd    : Error adding route ::/0 -> fe80::ff:fe00:100 wlan0 to table 1003: File exists
12-07 11:05:07.685  2420  8819 E WakeLock: GCM_CONN_ALARM release without a matched acquire!
12-07 11:05:12.143  1737  1809 E storaged: getDiskStats failed with result NOT_SUPPORTED and size 0
12-07 11:05:14.548  2420  8105 E ctxmgr  : [ProducerStatusImpl]updateStateForNewContextData: inactive, contextName=7
12-07 11:05:15.162  2420  2420 E BeaconBle: Missing BluetoothAdapter
12-07 11:05:15.412  2420  2420 E BeaconBle: Scan couldn't start for Places
12-07 11:05:15.737  8839  8839 E boxed_process2: Not starting debugger since process cannot load the jdwp agent.
12-07 11:05:20.647  2759  2766 E ReloadingLock: Finalizing LOCKED Token[searchresults_activity 2018-12-07 11:05:18.682]
12-07 11:05:25.173  2420  8875 E ctxmgr  : [ProducerStatusImpl]updateStateForNewContextData: inactive, contextName=7
12-07 11:05:25.708  2420  2420 E BeaconBle: Scan couldn't start for Places
12-07 11:05:29.802  1613  8884 E audio_hw_generic: pcm_open(in) failed: cannot open device '/dev/snd/pcmC0D0c': Device or resource busy: channels 2 format 0 rate 16000
12-07 11:05:31.038  2759  2759 E ContextIntentStarter: No activity found for any of the 0 intents
12-07 11:05:33.226  2759  2759 E ClientVe: Failed to create ClientVisualElementsProto for user interaction on view com.google.android.apps.gsa.searchbox.ui.suggestions.views.CoreSuggestionView{2a59fbd VFE...CL. ...P.... 0,583-1038,730 #6e} because the view is not tagged for visual element logging.
12-07 11:05:33.331  2759  2759 E ClientVe: Failed to create ClientVisualElementsProto for user interaction on view com.google.android.apps.gsa.searchbox.ui.suggestions.views.CoreSuggestionView{2a59fbd VFE...CL. ........ 0,583-1038,730 #6e} because the view is not tagged for visual element logging.
12-07 11:05:33.355  2759  2759 E ClientVe: Failed to create ClientVisualElementsProto for user interaction on view com.google.android.apps.gsa.searchbox.ui.suggestions.views.CoreSuggestionView{b7c4d03 VFE...CL. ...P.... 0,142-1038,289 #6b} because the view is not tagged for visual element logging.
12-07 11:05:34.373  2759  2759 E ClientVe: Failed to create ClientVisualElementsProto for user interaction on view com.google.android.apps.gsa.searchbox.ui.suggestions.views.CoreSuggestionView{2117ab9 VFE...CL. ...P.... 0,436-1038,583 #6d} because the view is not tagged for visual element logging.
12-07 11:05:40.506  1990  1990 E EmojiSearchExtension: com.google.android.apps.inputmethod.libs.search.emoji.EmojiSearchExtension: Cannot deactivate emoji search JNI; null locale
12-07 11:05:43.049  1990  1990 E RecyclerView: No adapter attached; skipping layout
12-07 11:05:45.316  1613  8904 E audio_hw_generic: pcm_open(in) failed: cannot open device '/dev/snd/pcmC0D0c': Device or resource busy: channels 2 format 0 rate 16000
12-07 11:05:51.097  2759  2759 E ContextIntentStarter: No activity found for any of the 0 intents
12-07 11:05:56.164  2759  2759 E ContextIntentStarter: No activity found for any of the 0 intents
12-07 11:06:02.549  2420  8105 E ctxmgr  : [ProducerStatusImpl]updateStateForNewContextData: inactive, contextName=7
12-07 11:06:02.680  2420  8105 E ctxmgr  : [ProducerStatusImpl]updateStateForNewContextData: inactive, contextName=1
12-07 11:06:02.900  2420  2420 E BeaconBle: Missing BluetoothAdapter
12-07 11:06:02.968  2420  2420 E BeaconBle: Scan couldn't start for Places
12-07 11:06:03.177  2528  7639 E SQLiteCastStore: Skip saving CastDeviceInfo: "Nearby device" (__cast_nearby___V_fbcd6f30-3ea7-4a22-b14d-7469fa2fa694)
12-07 11:06:06.450  1829  1829 E netmgr  : Failed to open QEMU pipe 'qemud:network': Invalid argument
12-07 11:06:06.450  1829  1829 E netmgr  : WifiForwarder unable to open QEMU pipe: Invalid argument
12-07 11:06:07.724  8924  8924 E boxed_process2: Not starting debugger since process cannot load the jdwp agent.
12-07 11:06:07.787  2759  2759 E ClientVe: Failed to create ClientVisualElementsProto for user interaction on view com.google.android.apps.gsa.searchbox.ui.suggestions.views.CoreSuggestionView{c7be95e VFE...CL. ...p.... 0,142-1038,289 #70} because the view is not tagged for visual element logging.
12-07 11:06:07.838  2759  2759 E ClientVe: Failed to create ClientVisualElementsProto for user interaction on view com.google.android.apps.gsa.searchbox.ui.suggestions.views.CoreSuggestionView{c7be95e VFE...CL. ...P.... 0,142-1038,289 #70} because the view is not tagged for visual element logging.
12-07 11:06:08.021  2759  2759 E ClientVe: Failed to create ClientVisualElementsProto for user interaction on view com.google.android.apps.gsa.searchbox.ui.suggestions.views.CoreSuggestionView{e91313f VFE...CL. ...P.... 0,-5-1038,142 #6f} because the view is not tagged for visual element logging.
12-07 11:06:08.101  2759  2759 E ClientVe: Failed to create ClientVisualElementsProto for user interaction on view com.google.android.apps.gsa.searchbox.ui.suggestions.views.CoreSuggestionView{68d5a0c VFE...CL. ...P.... 0,289-1038,436 #71} because the view is not tagged for visual element logging.
12-07 11:06:08.529  2759  2759 E ClientVe: Failed to create ClientVisualElementsProto for user interaction on view com.google.android.apps.gsa.searchbox.ui.suggestions.views.CoreSuggestionView{ce72f55 VFE...CL. ...P.... 0,436-1038,583 #72} because the view is not tagged for visual element logging.
12-07 11:06:11.397  1613  8954 E audio_hw_generic: pcm_open(in) failed: cannot open device '/dev/snd/pcmC0D0c': Device or resource busy: channels 2 format 0 rate 16000
12-07 11:06:12.153  1737  1809 E storaged: getDiskStats failed with result NOT_SUPPORTED and size 0
12-07 11:06:24.434  2759  2759 E ClientVe: Failed to create ClientVisualElementsProto for user interaction on view com.google.android.apps.gsa.searchbox.ui.suggestions.views.CoreSuggestionView{6f01ae7 VFE...CL. ...P.... 0,-5-1038,142 #74} because the view is not tagged for visual element logging.
12-07 11:06:24.604  2759  2759 E ClientVe: Failed to create ClientVisualElementsProto for user interaction on view com.google.android.apps.gsa.searchbox.ui.suggestions.views.CoreSuggestionView{553d132 VFE...CL. ...P.... 0,436-1038,583 #77} because the view is not tagged for visual element logging.
12-07 11:06:24.715  2759  2759 E ClientVe: Failed to create ClientVisualElementsProto for user interaction on view com.google.android.apps.gsa.searchbox.ui.suggestions.views.CoreSuggestionView{6f01ae7 VFE...CL. ...P.... 0,-5-1038,142 #74} because the view is not tagged for visual element logging.
12-07 11:06:26.768  1613  8964 E audio_hw_generic: pcm_open(in) failed: cannot open device '/dev/snd/pcmC0D0c': Device or resource busy: channels 2 format 0 rate 16000
12-07 11:06:33.175  8729  8970 E SQLiteLog: (1) no such table: fillups
12-07 11:06:33.184  8729  8970 E DatabaseUpgrader: Couldn't upgrade database!
12-07 11:06:33.184  8729  8970 E DatabaseUpgrader: android.database.sqlite.SQLiteException: no such table: fillups (code 1 SQLITE_ERROR): , while compiling: ALTER TABLE fillups ADD COLUMN is_partial INTEGER;
12-07 11:06:33.184  8729  8970 E DatabaseUpgrader: 	at android.database.sqlite.SQLiteConnection.nativePrepareStatement(Native Method)
12-07 11:06:33.184  8729  8970 E DatabaseUpgrader: 	at android.database.sqlite.SQLiteConnection.acquirePreparedStatement(SQLiteConnection.java:903)
12-07 11:06:33.184  8729  8970 E DatabaseUpgrader: 	at android.database.sqlite.SQLiteConnection.prepare(SQLiteConnection.java:514)
12-07 11:06:33.184  8729  8970 E DatabaseUpgrader: 	at android.database.sqlite.SQLiteSession.prepare(SQLiteSession.java:588)
12-07 11:06:33.184  8729  8970 E DatabaseUpgrader: 	at android.database.sqlite.SQLiteProgram.<init>(SQLiteProgram.java:58)
12-07 11:06:33.184  8729  8970 E DatabaseUpgrader: 	at android.database.sqlite.SQLiteStatement.<init>(SQLiteStatement.java:31)
12-07 11:06:33.184  8729  8970 E DatabaseUpgrader: 	at android.database.sqlite.SQLiteDatabase.executeSql(SQLiteDatabase.java:1769)
12-07 11:06:33.184  8729  8970 E DatabaseUpgrader: 	at android.database.sqlite.SQLiteDatabase.execSQL(SQLiteDatabase.java:1698)
12-07 11:06:33.184  8729  8970 E DatabaseUpgrader: 	at com.evancharlton.mileage.provider.DatabaseUpgrader.exec(DatabaseUpgrader.java:105)
12-07 11:06:33.184  8729  8970 E DatabaseUpgrader: 	at com.evancharlton.mileage.provider.DatabaseUpgrader.upgradeDatabase(DatabaseUpgrader.java:44)
12-07 11:06:33.184  8729  8970 E DatabaseUpgrader: 	at com.evancharlton.mileage.provider.DatabaseUpgrader.upgradeDatabase(DatabaseUpgrader.java:89)
12-07 11:06:33.184  8729  8970 E DatabaseUpgrader: 	at com.evancharlton.mileage.tasks.DbImportTask.upgradeDatabase(DbImportTask.java:77)
12-07 11:06:33.184  8729  8970 E DatabaseUpgrader: 	at com.evancharlton.mileage.tasks.DbImportTask.doInBackground(DbImportTask.java:43)
12-07 11:06:33.184  8729  8970 E DatabaseUpgrader: 	at com.evancharlton.mileage.tasks.DbImportTask.doInBackground(DbImportTask.java:20)
12-07 11:06:33.184  8729  8970 E DatabaseUpgrader: 	at android.os.AsyncTask$2.call(AsyncTask.java:333)
12-07 11:06:33.184  8729  8970 E DatabaseUpgrader: 	at java.util.concurrent.FutureTask.run(FutureTask.java:266)
12-07 11:06:33.184  8729  8970 E DatabaseUpgrader: 	at java.util.concurrent.ThreadPoolExecutor.runWorker(ThreadPoolExecutor.java:1167)
12-07 11:06:33.184  8729  8970 E DatabaseUpgrader: 	at java.util.concurrent.ThreadPoolExecutor$Worker.run(ThreadPoolExecutor.java:641)
12-07 11:06:33.184  8729  8970 E DatabaseUpgrader: 	at java.lang.Thread.run(Thread.java:764)
12-07 11:06:36.764  1738  1738 E wificond: Receive ERROR message in response to 'stop scheduled scan' request: Operation not supported on transport endpoint
12-07 11:06:36.923  8795  8795 E wpa_supplicant: nl80211: Failed to open /proc/sys/net/ipv4/conf/p2p-dev-wlan0/drop_unicast_in_l2_multicast: No such file or directory
12-07 11:06:36.923  8795  8795 E wpa_supplicant: nl80211: Failed to set IPv4 unicast in multicast filter
12-07 11:06:36.952  8795  8795 E wpa_supplicant: nl80211: Failed to open /proc/sys/net/ipv4/conf/p2p-dev-wlan0/drop_unicast_in_l2_multicast: No such file or directory
12-07 11:06:36.952  8795  8795 E wpa_supplicant: nl80211: Failed to set IPv4 unicast in multicast filter
12-07 11:06:37.063  8795  8795 E wpa_supplicant: nl80211: Failed to open /proc/sys/net/ipv4/conf/wlan0/drop_unicast_in_l2_multicast: No such file or directory
12-07 11:06:37.063  8795  8795 E wpa_supplicant: nl80211: Failed to set IPv4 unicast in multicast filter
12-07 11:06:37.063  8795  8795 E wpa_supplicant: nl80211: Failed to open /proc/sys/net/ipv4/conf/wlan0/drop_unicast_in_l2_multicast: No such file or directory
12-07 11:06:37.063  8795  8795 E wpa_supplicant: nl80211: Failed to set IPv4 unicast in multicast filter
12-07 11:06:37.161  8795  8795 E wpa_supplicant: nl80211: Failed to open /proc/sys/net/ipv4/conf/wlan0/drop_unicast_in_l2_multicast: No such file or directory
12-07 11:06:37.161  8795  8795 E wpa_supplicant: nl80211: Failed to set IPv4 unicast in multicast filter
12-07 11:06:37.413  1628  1628 E android.hardware.wifi@1.0-service: Failed to open directory: Permission denied
12-07 11:06:37.413  1628  1628 E android.hardware.wifi@1.0-service: Error occurred while deleting old tombstone files
12-07 11:06:37.414  1628  1628 E android.hardware.wifi@1.0-service: Error writing files to flash
12-07 11:06:37.746  1883  1967 E WifiP2pService: Unhandled message { when=-2ms what=131204 target=com.android.internal.util.StateMachine$SmHandler }
12-07 11:06:37.816  2420  8819 E WakeLock: GCM_HB_ALARM release without a matched acquire!
12-07 11:06:37.820  1883  1901 E BatteryExternalStatsWorker: no controller energy info supplied for wifi
12-07 11:06:37.824  2420  8819 E GCM     : Connection closed with errorCode 20
12-07 11:06:37.847  1883  1901 E BatteryExternalStatsWorker: no controller energy info supplied for wifi
12-07 11:06:37.956  2420  8819 E WakeLock: GCM_CONN_ALARM release without a matched acquire!
12-07 11:06:38.404  1613  8982 E audio_hw_generic: pcm_open(in) failed: cannot open device '/dev/snd/pcmC0D0c': Device or resource busy: channels 2 format 0 rate 16000
12-07 11:06:38.722  1628  1628 E android.hardware.wifi@1.0-service: Failed to register radio mode change callback
12-07 11:06:38.724  1628  1628 E android.hardware.wifi@1.0-service: Failed to set DFS flag; DFS channels may be unavailable.
12-07 11:06:38.791  1738  1738 E wificond: No Offload Service available
12-07 11:06:38.905  1883  1967 E WifiP2pService: Unhandled message { when=-1ms what=131203 target=com.android.internal.util.StateMachine$SmHandler }
12-07 11:06:38.939  1883  1967 E WifiP2pService: Unhandled message { when=-1ms what=131203 target=com.android.internal.util.StateMachine$SmHandler }
12-07 11:06:39.040  1883  1901 E BatteryExternalStatsWorker: no controller energy info supplied for wifi
12-07 11:06:39.064  1883  1901 E BatteryExternalStatsWorker: no controller energy info supplied for wifi
12-07 11:06:43.012  1883  1901 E BatteryExternalStatsWorker: no controller energy info supplied for wifi
12-07 11:06:43.071  1883  1965 E WifiVendorHal: stopRssiMonitoring(l.2404) failed {.code = ERROR_NOT_AVAILABLE, .description = }
12-07 11:06:43.547  2420  9008 E WakeLock: GCM_CONN_ALARM release without a matched acquire!
12-07 11:06:43.770  1735  1813 E Netd    : Error adding route ::/0 -> fe80::ff:fe00:100 wlan0 to table 1003: File exists
12-07 11:06:44.830  1738  1738 E wificond: Receive ERROR message in response to 'stop scheduled scan' request: Operation not supported on transport endpoint
12-07 11:06:44.836  8980  8980 E wpa_supplicant: nl80211: Failed to open /proc/sys/net/ipv4/conf/p2p-dev-wlan0/drop_unicast_in_l2_multicast: No such file or directory
12-07 11:06:44.836  8980  8980 E wpa_supplicant: nl80211: Failed to set IPv4 unicast in multicast filter
12-07 11:06:44.836  8980  8980 E wpa_supplicant: nl80211: Failed to open /proc/sys/net/ipv4/conf/p2p-dev-wlan0/drop_unicast_in_l2_multicast: No such file or directory
12-07 11:06:44.836  8980  8980 E wpa_supplicant: nl80211: Failed to set IPv4 unicast in multicast filter
12-07 11:06:44.932  8980  8980 E wpa_supplicant: nl80211: Failed to open /proc/sys/net/ipv4/conf/wlan0/drop_unicast_in_l2_multicast: No such file or directory
12-07 11:06:44.932  8980  8980 E wpa_supplicant: nl80211: Failed to set IPv4 unicast in multicast filter
12-07 11:06:44.932  8980  8980 E wpa_supplicant: nl80211: Failed to open /proc/sys/net/ipv4/conf/wlan0/drop_unicast_in_l2_multicast: No such file or directory
12-07 11:06:44.932  8980  8980 E wpa_supplicant: nl80211: Failed to set IPv4 unicast in multicast filter
12-07 11:06:45.053  8980  8980 E wpa_supplicant: nl80211: Failed to open /proc/sys/net/ipv4/conf/wlan0/drop_unicast_in_l2_multicast: No such file or directory
12-07 11:06:45.053  8980  8980 E wpa_supplicant: nl80211: Failed to set IPv4 unicast in multicast filter
12-07 11:06:45.144  1883  8987 E ConnectivityPacketTracker.wlan0: readPacket error: 
12-07 11:06:45.144  1883  8987 E ConnectivityPacketTracker.wlan0: android.system.ErrnoException: read failed: ENETDOWN (Network is down)
12-07 11:06:45.144  1883  8987 E ConnectivityPacketTracker.wlan0: 	at libcore.io.Linux.readBytes(Native Method)
12-07 11:06:45.144  1883  8987 E ConnectivityPacketTracker.wlan0: 	at libcore.io.Linux.read(Linux.java:184)
12-07 11:06:45.144  1883  8987 E ConnectivityPacketTracker.wlan0: 	at libcore.io.BlockGuardOs.read(BlockGuardOs.java:254)
12-07 11:06:45.144  1883  8987 E ConnectivityPacketTracker.wlan0: 	at android.system.Os.read(Os.java:414)
12-07 11:06:45.144  1883  8987 E ConnectivityPacketTracker.wlan0: 	at android.net.util.PacketReader.readPacket(PacketReader.java:137)
12-07 11:06:45.144  1883  8987 E ConnectivityPacketTracker.wlan0: 	at android.net.util.PacketReader.handleInput(PacketReader.java:207)
12-07 11:06:45.144  1883  8987 E ConnectivityPacketTracker.wlan0: 	at android.net.util.PacketReader.access$100(PacketReader.java:70)
12-07 11:06:45.144  1883  8987 E ConnectivityPacketTracker.wlan0: 	at android.net.util.PacketReader$1.onFileDescriptorEvents(PacketReader.java:189)
12-07 11:06:45.144  1883  8987 E ConnectivityPacketTracker.wlan0: 	at android.os.MessageQueue.dispatchEvents(MessageQueue.java:285)
12-07 11:06:45.144  1883  8987 E ConnectivityPacketTracker.wlan0: 	at android.os.MessageQueue.nativePollOnce(Native Method)
12-07 11:06:45.144  1883  8987 E ConnectivityPacketTracker.wlan0: 	at android.os.MessageQueue.next(MessageQueue.java:326)
12-07 11:06:45.144  1883  8987 E ConnectivityPacketTracker.wlan0: 	at android.os.Looper.loop(Looper.java:160)
12-07 11:06:45.144  1883  8987 E ConnectivityPacketTracker.wlan0: 	at android.os.HandlerThread.run(HandlerThread.java:65)
12-07 11:06:45.159  1883  8993 E DhcpClient: Read error
12-07 11:06:45.159  1883  8993 E DhcpClient: android.system.ErrnoException: read failed: ENETDOWN (Network is down)
12-07 11:06:45.159  1883  8993 E DhcpClient: 	at libcore.io.Linux.readBytes(Native Method)
12-07 11:06:45.159  1883  8993 E DhcpClient: 	at libcore.io.Linux.read(Linux.java:184)
12-07 11:06:45.159  1883  8993 E DhcpClient: 	at libcore.io.BlockGuardOs.read(BlockGuardOs.java:254)
12-07 11:06:45.159  1883  8993 E DhcpClient: 	at android.system.Os.read(Os.java:414)
12-07 11:06:45.159  1883  8993 E DhcpClient: 	at android.net.dhcp.DhcpClient$ReceiveThread.run(DhcpClient.java:364)
12-07 11:06:45.271  1628  1628 E android.hardware.wifi@1.0-service: Failed to open directory: Permission denied
12-07 11:06:45.271  1628  1628 E android.hardware.wifi@1.0-service: Error occurred while deleting old tombstone files
12-07 11:06:45.271  1628  1628 E android.hardware.wifi@1.0-service: Error writing files to flash
12-07 11:06:45.486  1883  1965 E SupplicantStaIfaceHal: Can't call setPowerSave, ISupplicantStaIface is null
12-07 11:06:45.486  1883  1965 E SupplicantStaIfaceHal: Can't call setBtCoexistenceMode, ISupplicantStaIface is null
12-07 11:06:45.497  1883  1965 E HalDevMgr: Should have at least 1 chip!
12-07 11:06:45.498  1883  1965 E HalDevMgr: dispatchAvailableForRequestListeners: no chip info found
12-07 11:06:45.509  1883  1965 E SupplicantStaIfaceHal: Can't call listNetworks, ISupplicantStaIface is null
12-07 11:06:45.509  1883  1965 E SupplicantStaIfaceHal: removeAllNetworks failed, got null networks
12-07 11:06:45.509  1883  1965 E WifiStateMachine: Failed to remove networks on exiting connect mode
12-07 11:06:45.516  1883  1967 E WifiP2pService: Unhandled message { when=-8ms what=131204 target=com.android.internal.util.StateMachine$SmHandler }
12-07 11:06:45.542  2420  9008 E WakeLock: GCM_HB_ALARM release without a matched acquire!
12-07 11:06:45.543  2420  9008 E GCM     : Connection closed with errorCode 20
12-07 11:06:45.557  2420  9012 E WakeLock: GCM_HB_ALARM release without a matched acquire!
12-07 11:06:45.560  1883  1901 E BatteryExternalStatsWorker: no controller energy info supplied for wifi
12-07 11:06:45.577  2420  9012 E WakeLock: GCM_CONN_ALARM release without a matched acquire!
12-07 11:06:45.570  1883  1901 E BatteryExternalStatsWorker: no controller energy info supplied for wifi
12-07 11:06:47.664  2420  9021 E WakeLock: GCM_HB_ALARM release without a matched acquire!
12-07 11:06:47.667  2420  9021 E WakeLock: GCM_CONN_ALARM release without a matched acquire!
