--------- beginning of system
12-08 14:54:14.172  1881  1896 E AutofillSession: No assist structure - app might have crashed providing it
12-08 14:54:19.212  1881  1896 E AutofillSession: No assist structure - app might have crashed providing it
12-08 14:54:19.217  1738  1772 E storaged: getDiskStats failed with result NOT_SUPPORTED and size 0
--------- beginning of main
12-08 14:55:05.408  1828  1828 E netmgr  : Failed to open QEMU pipe 'qemud:network': Invalid argument
12-08 14:55:05.409  1828  1828 E netmgr  : WifiForwarder unable to open QEMU pipe: Invalid argument
12-08 14:55:12.895  1881  1896 E AutofillSession: No assist structure - app might have crashed providing it
12-08 14:55:20.558  1738  1772 E storaged: getDiskStats failed with result NOT_SUPPORTED and size 0
12-08 14:56:06.815  1828  1828 E netmgr  : Failed to open QEMU pipe 'qemud:network': Invalid argument
12-08 14:56:06.815  1828  1828 E netmgr  : WifiForwarder unable to open QEMU pipe: Invalid argument
12-08 14:56:22.475  1738  1772 E storaged: getDiskStats failed with result NOT_SUPPORTED and size 0
12-08 14:56:22.505  2448 12627 E ctxmgr  : [ProducerStatusImpl]updateStateForNewContextData: inactive, contextName=7
12-08 14:56:25.153  2448 12627 E ctxmgr  : [ProducerStatusImpl]updateStateForNewContextData: inactive, contextName=1
12-08 14:56:25.177  2448 12627 E ctxmgr  : [ProducerStatusImpl]updateStateForNewContextData: inactive, contextName=1
12-08 14:56:27.760  2448  2448 E BeaconBle: Missing BluetoothAdapter
12-08 14:56:27.958  2448  2448 E BeaconBle: Scan couldn't start for Places
12-08 14:56:28.010  2448 12438 E ctxmgr  : [ProducerStatusImpl]updateStateForNewContextData: inactive, contextName=18
12-08 14:56:40.308  2692  2692 E ContextIntentStarter: No activity found for any of the 0 intents
12-08 14:56:40.656  1626  1626 E android.hardware.wifi@1.0-service: Failed to register radio mode change callback
12-08 14:56:40.665  1626  1626 E android.hardware.wifi@1.0-service: Failed to set DFS flag; DFS channels may be unavailable.
12-08 14:56:40.798  1739  1739 E wificond: No Offload Service available
12-08 14:56:43.466  1881  1966 E WifiP2pService: Unhandled message { when=0 what=131203 target=com.android.internal.util.StateMachine$SmHandler }
12-08 14:56:43.559  1881  1966 E WifiP2pService: Unhandled message { when=-16ms what=131203 target=com.android.internal.util.StateMachine$SmHandler }
12-08 14:56:45.768  1739  1739 E wificond: Timeout waiting for netlink reply messages
12-08 14:56:45.812  1881  1899 E BatteryExternalStatsWorker: no controller energy info supplied for wifi
12-08 14:56:45.966 12813 12813 E wpa_supplicant: nl80211: Failed to open /proc/sys/net/ipv4/conf/p2p-dev-wlan0/drop_unicast_in_l2_multicast: No such file or directory
12-08 14:56:45.966 12813 12813 E wpa_supplicant: nl80211: Failed to set IPv4 unicast in multicast filter
12-08 14:56:45.969 12813 12813 E wpa_supplicant: nl80211: Failed to open /proc/sys/net/ipv4/conf/p2p-dev-wlan0/drop_unicast_in_l2_multicast: No such file or directory
12-08 14:56:45.969 12813 12813 E wpa_supplicant: nl80211: Failed to set IPv4 unicast in multicast filter
12-08 14:56:46.082 12813 12813 E wpa_supplicant: nl80211: Failed to open /proc/sys/net/ipv4/conf/wlan0/drop_unicast_in_l2_multicast: No such file or directory
12-08 14:56:46.082 12813 12813 E wpa_supplicant: nl80211: Failed to set IPv4 unicast in multicast filter
12-08 14:56:48.502 12813 12813 E wpa_supplicant: nl80211: Failed to open /proc/sys/net/ipv4/conf/wlan0/drop_unicast_in_l2_multicast: No such file or directory
12-08 14:56:48.502 12813 12813 E wpa_supplicant: nl80211: Failed to set IPv4 unicast in multicast filter
12-08 14:56:51.173  1626  1626 E android.hardware.wifi@1.0-service: Failed to open directory: Permission denied
12-08 14:56:51.173  1626  1626 E android.hardware.wifi@1.0-service: Error occurred while deleting old tombstone files
12-08 14:56:51.173  1626  1626 E android.hardware.wifi@1.0-service: Error writing files to flash
12-08 14:56:53.744  1881  1966 E WifiP2pService: Unhandled message { when=0 what=131204 target=com.android.internal.util.StateMachine$SmHandler }
12-08 14:56:53.789  1881  1899 E BatteryExternalStatsWorker: no controller energy info supplied for wifi
12-08 14:56:56.226  1626  1626 E android.hardware.wifi@1.0-service: Failed to register radio mode change callback
12-08 14:56:56.227  1626  1626 E android.hardware.wifi@1.0-service: Failed to set DFS flag; DFS channels may be unavailable.
12-08 14:56:56.332  1739  1739 E wificond: No Offload Service available
12-08 14:56:56.468  1881  1966 E WifiP2pService: Unhandled message { when=0 what=131203 target=com.android.internal.util.StateMachine$SmHandler }
12-08 14:56:56.487  1881  1966 E WifiP2pService: Unhandled message { when=0 what=131203 target=com.android.internal.util.StateMachine$SmHandler }
12-08 14:56:56.537  1881  1899 E BatteryExternalStatsWorker: no controller energy info supplied for wifi
12-08 14:56:58.888  1881  1899 E BatteryExternalStatsWorker: no controller energy info supplied for wifi
12-08 14:56:59.028  2448 12695 E ctxmgr  : [ProducerStatusImpl]updateStateForNewContextData: inactive, contextName=7
12-08 14:57:03.722  2448  2448 E BeaconBle: Missing BluetoothAdapter
12-08 14:57:03.862  2448  2448 E BeaconBle: Scan couldn't start for Places
12-08 14:57:06.367 29746 29746 E SchedPolicy: set_timerslack_ns write failed: Operation not permitted
12-08 14:57:06.426  1828  1828 E netmgr  : Failed to open QEMU pipe 'qemud:network': Invalid argument
12-08 14:57:06.426  1828  1828 E netmgr  : WifiForwarder unable to open QEMU pipe: Invalid argument
12-08 14:57:09.012 12845 12845 E com.ustwo.lwp: Not starting debugger since process cannot load the jdwp agent.
12-08 14:57:16.675  1739  1739 E wificond: NL80211_CMD_TRIGGER_SCAN failed: Device or resource busy
12-08 14:57:22.047  1738  1772 E storaged: getDiskStats failed with result NOT_SUPPORTED and size 0
12-08 14:57:24.729 29746 29746 E SchedPolicy: set_timerslack_ns write failed: Operation not permitted
12-08 14:57:34.966  1611  1695 E audio_hw_generic: pcm_write failed cannot write stream data: I/O error
12-08 14:57:45.398  1611  1695 E audio_hw_generic: pcm_write failed cannot write stream data: I/O error
12-08 14:57:55.743  1611  1695 E audio_hw_generic: pcm_write failed cannot write stream data: I/O error
12-08 14:57:58.349  1739  1739 E wificond: NL80211_CMD_TRIGGER_SCAN failed: Device or resource busy
12-08 14:58:01.295  1725  1725 E SurfaceFlinger: [StatusBar#0] rejecting buffer: bufWidth=1080, bufHeight=63, front.active.{w=1080, h=1920}
12-08 14:58:03.507  2494  2716 E PlayCommon: [101] com.google.android.play.b.g.a(448): Failed to connect to server: java.net.UnknownHostException: Unable to resolve host "play.googleapis.com": No address associated with hostname
12-08 14:58:05.959  1611  1695 E audio_hw_generic: pcm_write failed cannot write stream data: I/O error
12-08 14:58:08.491  1828  1828 E netmgr  : Failed to open QEMU pipe 'qemud:network': Invalid argument
12-08 14:58:08.491  1828  1828 E netmgr  : WifiForwarder unable to open QEMU pipe: Invalid argument
12-08 14:58:16.333  1611  1695 E audio_hw_generic: pcm_write failed cannot write stream data: I/O error
12-08 14:58:16.341  1881  1896 E AutofillSession: No assist structure - app might have crashed providing it
12-08 14:58:23.893  1738  1772 E storaged: getDiskStats failed with result NOT_SUPPORTED and size 0
12-08 14:58:26.561  1611  1695 E audio_hw_generic: pcm_write failed cannot write stream data: I/O error
12-08 14:58:36.776  1881  1965 E WificondScannerImpl: Timed out waiting for scan result from wificond
