--------- beginning of system
--------- beginning of main
12-08 22:31:39.527  1884  3891 E WindowManager: Performed 6 layouts in a row. Skipping
12-08 22:31:39.549  1884  1938 E WindowManager: Performed 6 layouts in a row. Skipping
12-08 22:31:39.564  1884  1938 E WindowManager: Performed 6 layouts in a row. Skipping
12-08 22:31:39.597  1884  1938 E WindowManager: Performed 6 layouts in a row. Skipping
12-08 22:31:39.619  1884  1938 E WindowManager: Performed 6 layouts in a row. Skipping
12-08 22:31:39.633  1884  1938 E WindowManager: Performed 6 layouts in a row. Skipping
12-08 22:31:39.651  1884  1899 E WindowManager: Performed 6 layouts in a row. Skipping
12-08 22:31:39.682  1884  1938 E WindowManager: Performed 6 layouts in a row. Skipping
12-08 22:31:39.701  1884  4922 E WindowManager: Performed 6 layouts in a row. Skipping
12-08 22:31:39.741  1884  1938 E WindowManager: Performed 6 layouts in a row. Skipping
12-08 22:31:39.857  1884  1938 E WindowManager: Performed 6 layouts in a row. Skipping
12-08 22:31:42.095  1884  1898 E ActivityManager: Failure starting process com.evancharlton.mileage
12-08 22:31:42.095  1884  1898 E ActivityManager: java.lang.SecurityException: Package com.evancharlton.mileage was not found!
12-08 22:31:42.095  1884  1898 E ActivityManager: 	at com.android.server.pm.PackageManagerService.checkPackageStartable(PackageManagerService.java:3987)
12-08 22:31:42.095  1884  1898 E ActivityManager: 	at com.android.server.am.ActivityManagerService.startProcessLocked(ActivityManagerService.java:4234)
12-08 22:31:42.095  1884  1898 E ActivityManager: 	at com.android.server.am.ActivityManagerService.startProcessLocked(ActivityManagerService.java:4199)
12-08 22:31:42.095  1884  1898 E ActivityManager: 	at com.android.server.am.ActivityManagerService.startProcessLocked(ActivityManagerService.java:4181)
12-08 22:31:42.095  1884  1898 E ActivityManager: 	at com.android.server.am.ActivityManagerService.startProcessLocked(ActivityManagerService.java:4067)
12-08 22:31:42.095  1884  1898 E ActivityManager: 	at com.android.server.am.ActivityStackSupervisor.startSpecificActivityLocked(ActivityStackSupervisor.java:1715)
12-08 22:31:42.095  1884  1898 E ActivityManager: 	at com.android.server.am.ActivityStack.resumeTopActivityInnerLocked(ActivityStack.java:2764)
12-08 22:31:42.095  1884  1898 E ActivityManager: 	at com.android.server.am.ActivityStack.resumeTopActivityUncheckedLocked(ActivityStack.java:2302)
12-08 22:31:42.095  1884  1898 E ActivityManager: 	at com.android.server.am.ActivityStackSupervisor.resumeFocusedStackTopActivityLocked(ActivityStackSupervisor.java:2234)
12-08 22:31:42.095  1884  1898 E ActivityManager: 	at com.android.server.am.ActivityStackSupervisor.resumeFocusedStackTopActivityLocked(ActivityStackSupervisor.java:2218)
12-08 22:31:42.095  1884  1898 E ActivityManager: 	at com.android.server.am.ActivityManagerService.handleAppDiedLocked(ActivityManagerService.java:5923)
12-08 22:31:42.095  1884  1898 E ActivityManager: 	at com.android.server.am.ActivityManagerService.removeProcessLocked(ActivityManagerService.java:7501)
12-08 22:31:42.095  1884  1898 E ActivityManager: 	at com.android.server.am.ActivityManagerService.killPackageProcessesLocked(ActivityManagerService.java:7142)
12-08 22:31:42.095  1884  1898 E ActivityManager: 	at com.android.server.am.ActivityManagerService.forceStopPackageLocked(ActivityManagerService.java:7275)
12-08 22:31:42.095  1884  1898 E ActivityManager: 	at com.android.server.am.ActivityManagerService$MainHandler.handleMessage(ActivityManagerService.java:2289)
12-08 22:31:42.095  1884  1898 E ActivityManager: 	at android.os.Handler.dispatchMessage(Handler.java:106)
12-08 22:31:42.095  1884  1898 E ActivityManager: 	at android.os.Looper.loop(Looper.java:193)
12-08 22:31:42.095  1884  1898 E ActivityManager: 	at android.os.HandlerThread.run(HandlerThread.java:65)
12-08 22:31:42.095  1884  1898 E ActivityManager: 	at com.android.server.ServiceThread.run(ServiceThread.java:44)
12-08 22:31:43.180  1827  1827 E netmgr  : Failed to open QEMU pipe 'qemud:network': Invalid argument
12-08 22:31:43.180  1827  1827 E netmgr  : WifiForwarder unable to open QEMU pipe: Invalid argument
12-08 22:31:45.579  1731  1771 E         : Couldn't opendir /data/app/vmdl1996027590.tmp: No such file or directory
12-08 22:31:45.579  1731  1771 E installd: Failed to delete /data/app/vmdl1996027590.tmp: No such file or directory
12-08 22:31:48.116 26505 26505 E harlton.mileag: Not starting debugger since process cannot load the jdwp agent.
12-08 22:31:49.961  1993 19358 E putmethod.lati: Invalid ID 0x00000001.
12-08 22:31:49.964  1993 19358 E LstmTrainingCache: emn: Can't get resource name for input slot
12-08 22:31:49.964  1993 19358 E LstmTrainingCache: android.content.res.Resources$NotFoundException: Unable to find resource ID #0x1
12-08 22:31:49.964  1993 19358 E LstmTrainingCache: 	at android.content.res.ResourcesImpl.getResourceName(ResourcesImpl.java:255)
12-08 22:31:49.964  1993 19358 E LstmTrainingCache: 	at android.content.res.Resources.getResourceName(Resources.java:1954)
12-08 22:31:49.964  1993 19358 E LstmTrainingCache: 	at emn.a(PG:12)
12-08 22:31:49.964  1993 19358 E LstmTrainingCache: 	at emk.run(PG:5)
12-08 22:31:49.964  1993 19358 E LstmTrainingCache: 	at java.lang.Thread.run(Thread.java:764)
12-08 22:31:50.127  1739  1753 E storaged: getDiskStats failed with result NOT_SUPPORTED and size 0
12-08 22:32:02.718  2413  8493 E s.nexuslaunche: Failed to open APK '/data/app/com.evancharlton.mileage--fCSXj53ZKBo58rp456d3w==/base.apk' I/O error
12-08 22:32:02.725  2413  8493 E ResourcesManager: failed to add asset path /data/app/com.evancharlton.mileage--fCSXj53ZKBo58rp456d3w==/base.apk
12-08 22:32:04.036  2439 26349 E ctxmgr  : [ProducerStatusImpl]updateStateForNewContextData: inactive, contextName=7
12-08 22:32:04.116  2439 26349 E ctxmgr  : [ProducerStatusImpl]updateStateForNewContextData: inactive, contextName=1
12-08 22:32:04.256  2439  2439 E BeaconBle: Missing BluetoothAdapter
12-08 22:32:04.304  2439  2439 E BeaconBle: Scan couldn't start for Places
12-08 22:32:18.772  2826  2826 E ContextIntentStarter: No activity found for any of the 0 intents
12-08 22:32:28.811 26569 26569 E boxed_process1: Not starting debugger since process cannot load the jdwp agent.
12-08 22:32:31.058  1884  1902 E BatteryExternalStatsWorker: no controller energy info supplied for wifi
12-08 22:32:43.181  1827  1827 E netmgr  : Failed to open QEMU pipe 'qemud:network': Invalid argument
12-08 22:32:43.181  1827  1827 E netmgr  : WifiForwarder unable to open QEMU pipe: Invalid argument
12-08 22:32:49.776  1884  1897 E memtrack: Couldn't load memtrack module
12-08 22:32:50.130  1739  1753 E storaged: getDiskStats failed with result NOT_SUPPORTED and size 0
12-08 22:32:54.353  1726  1726 E SurfaceFlinger: [StatusBar#0] rejecting buffer: bufWidth=1080, bufHeight=1920, front.active.{w=1080, h=63}
12-08 22:32:56.240  1884  4210 E WindowManager: Performed 6 layouts in a row. Skipping
12-08 22:32:56.256  1884  1938 E WindowManager: Performed 6 layouts in a row. Skipping
12-08 22:32:56.280  1884  1938 E WindowManager: Performed 6 layouts in a row. Skipping
12-08 22:32:56.303  1884  1938 E WindowManager: Performed 6 layouts in a row. Skipping
12-08 22:32:56.337  1884  1938 E WindowManager: Performed 6 layouts in a row. Skipping
12-08 22:32:56.359  1884  1899 E WindowManager: Performed 6 layouts in a row. Skipping
12-08 22:32:56.389  1884  1938 E WindowManager: Performed 6 layouts in a row. Skipping
12-08 22:32:56.434  1884  1938 E WindowManager: Performed 6 layouts in a row. Skipping
12-08 22:32:56.508  1884  1938 E WindowManager: Performed 6 layouts in a row. Skipping
12-08 22:32:56.524  1884  1895 E WindowManager: Performed 6 layouts in a row. Skipping
12-08 22:32:56.564  1884  1938 E WindowManager: Performed 6 layouts in a row. Skipping
12-08 22:32:56.591  1884  1938 E WindowManager: Performed 6 layouts in a row. Skipping
12-08 22:32:56.607  1884  1895 E WindowManager: Performed 6 layouts in a row. Skipping
12-08 22:32:56.640  1884  1938 E WindowManager: Performed 6 layouts in a row. Skipping
12-08 22:32:56.684  1884  1938 E WindowManager: Performed 6 layouts in a row. Skipping
12-08 22:32:56.716  1884  1938 E WindowManager: Performed 6 layouts in a row. Skipping
