--------- beginning of main
--------- beginning of system
12-08 22:01:49.854  1739  1753 E storaged: getDiskStats failed with result NOT_SUPPORTED and size 0
12-08 22:01:49.890  1993  1993 E native  : clearcut-logger.cc:191 USER_EDIT span#originalSpan is missing
12-08 22:01:51.473  1884  1898 E ActivityManager: Failure starting process com.evancharlton.mileage
12-08 22:01:51.473  1884  1898 E ActivityManager: java.lang.SecurityException: Package com.evancharlton.mileage was not found!
12-08 22:01:51.473  1884  1898 E ActivityManager: 	at com.android.server.pm.PackageManagerService.checkPackageStartable(PackageManagerService.java:3987)
12-08 22:01:51.473  1884  1898 E ActivityManager: 	at com.android.server.am.ActivityManagerService.startProcessLocked(ActivityManagerService.java:4234)
12-08 22:01:51.473  1884  1898 E ActivityManager: 	at com.android.server.am.ActivityManagerService.startProcessLocked(ActivityManagerService.java:4199)
12-08 22:01:51.473  1884  1898 E ActivityManager: 	at com.android.server.am.ActivityManagerService.startProcessLocked(ActivityManagerService.java:4181)
12-08 22:01:51.473  1884  1898 E ActivityManager: 	at com.android.server.am.ActivityManagerService.startProcessLocked(ActivityManagerService.java:4067)
12-08 22:01:51.473  1884  1898 E ActivityManager: 	at com.android.server.am.ActivityStackSupervisor.startSpecificActivityLocked(ActivityStackSupervisor.java:1715)
12-08 22:01:51.473  1884  1898 E ActivityManager: 	at com.android.server.am.ActivityStack.resumeTopActivityInnerLocked(ActivityStack.java:2764)
12-08 22:01:51.473  1884  1898 E ActivityManager: 	at com.android.server.am.ActivityStack.resumeTopActivityUncheckedLocked(ActivityStack.java:2302)
12-08 22:01:51.473  1884  1898 E ActivityManager: 	at com.android.server.am.ActivityStackSupervisor.resumeFocusedStackTopActivityLocked(ActivityStackSupervisor.java:2234)
12-08 22:01:51.473  1884  1898 E ActivityManager: 	at com.android.server.am.ActivityStackSupervisor.resumeFocusedStackTopActivityLocked(ActivityStackSupervisor.java:2218)
12-08 22:01:51.473  1884  1898 E ActivityManager: 	at com.android.server.am.ActivityManagerService.handleAppDiedLocked(ActivityManagerService.java:5923)
12-08 22:01:51.473  1884  1898 E ActivityManager: 	at com.android.server.am.ActivityManagerService.removeProcessLocked(ActivityManagerService.java:7501)
12-08 22:01:51.473  1884  1898 E ActivityManager: 	at com.android.server.am.ActivityManagerService.killPackageProcessesLocked(ActivityManagerService.java:7142)
12-08 22:01:51.473  1884  1898 E ActivityManager: 	at com.android.server.am.ActivityManagerService.forceStopPackageLocked(ActivityManagerService.java:7275)
12-08 22:01:51.473  1884  1898 E ActivityManager: 	at com.android.server.am.ActivityManagerService$MainHandler.handleMessage(ActivityManagerService.java:2289)
12-08 22:01:51.473  1884  1898 E ActivityManager: 	at android.os.Handler.dispatchMessage(Handler.java:106)
12-08 22:01:51.473  1884  1898 E ActivityManager: 	at android.os.Looper.loop(Looper.java:193)
12-08 22:01:51.473  1884  1898 E ActivityManager: 	at android.os.HandlerThread.run(HandlerThread.java:65)
12-08 22:01:51.473  1884  1898 E ActivityManager: 	at com.android.server.ServiceThread.run(ServiceThread.java:44)
12-08 22:01:51.690  2413  6895 E IconLoader: Unexpected null component name or activity info: ComponentInfo{com.evancharlton.mileage/com.evancharlton.mileage.Mileage}, null
12-08 22:01:53.794  2439 23199 E ctxmgr  : [ProducerStatusImpl]updateStateForNewContextData: inactive, contextName=7
12-08 22:01:54.013  2439  2439 E BeaconBle: Scan couldn't start for Places
12-08 22:01:56.288  1731 11051 E         : Couldn't opendir /data/app/vmdl1929306481.tmp: No such file or directory
12-08 22:01:56.288  1731 11051 E installd: Failed to delete /data/app/vmdl1929306481.tmp: No such file or directory
12-08 22:01:59.521 23290 23290 E harlton.mileag: Not starting debugger since process cannot load the jdwp agent.
12-08 22:02:00.873  1993 19358 E putmethod.lati: Invalid ID 0x00000001.
12-08 22:02:00.902  1993 19358 E LstmTrainingCache: emn: Can't get resource name for input slot
12-08 22:02:00.902  1993 19358 E LstmTrainingCache: android.content.res.Resources$NotFoundException: Unable to find resource ID #0x1
12-08 22:02:00.902  1993 19358 E LstmTrainingCache: 	at android.content.res.ResourcesImpl.getResourceName(ResourcesImpl.java:255)
12-08 22:02:00.902  1993 19358 E LstmTrainingCache: 	at android.content.res.Resources.getResourceName(Resources.java:1954)
12-08 22:02:00.902  1993 19358 E LstmTrainingCache: 	at emn.a(PG:12)
12-08 22:02:00.902  1993 19358 E LstmTrainingCache: 	at emk.run(PG:5)
12-08 22:02:00.902  1993 19358 E LstmTrainingCache: 	at java.lang.Thread.run(Thread.java:764)
12-08 22:02:04.106  1993 19358 E putmethod.lati: Invalid ID 0x00000001.
12-08 22:02:04.107  1993 19358 E LstmTrainingCache: emn: Can't get resource name for input slot
12-08 22:02:04.107  1993 19358 E LstmTrainingCache: android.content.res.Resources$NotFoundException: Unable to find resource ID #0x1
12-08 22:02:04.107  1993 19358 E LstmTrainingCache: 	at android.content.res.ResourcesImpl.getResourceName(ResourcesImpl.java:255)
12-08 22:02:04.107  1993 19358 E LstmTrainingCache: 	at android.content.res.Resources.getResourceName(Resources.java:1954)
12-08 22:02:04.107  1993 19358 E LstmTrainingCache: 	at emn.a(PG:12)
12-08 22:02:04.107  1993 19358 E LstmTrainingCache: 	at emk.run(PG:5)
12-08 22:02:04.107  1993 19358 E LstmTrainingCache: 	at java.lang.Thread.run(Thread.java:764)
12-08 22:02:04.636 23290 23290 E SpannableStringBuilder: SPAN_EXCLUSIVE_EXCLUSIVE spans cannot have a zero length
12-08 22:02:04.636 23290 23290 E SpannableStringBuilder: SPAN_EXCLUSIVE_EXCLUSIVE spans cannot have a zero length
12-08 22:02:05.385  1993  1993 E native  : clearcut-logger.cc:191 USER_EDIT span#originalSpan is missing
12-08 22:02:14.004 23290 23290 E SpannableStringBuilder: SPAN_EXCLUSIVE_EXCLUSIVE spans cannot have a zero length
12-08 22:02:14.004 23290 23290 E SpannableStringBuilder: SPAN_EXCLUSIVE_EXCLUSIVE spans cannot have a zero length
12-08 22:02:15.591 23290 23290 E SpannableStringBuilder: SPAN_EXCLUSIVE_EXCLUSIVE spans cannot have a zero length
12-08 22:02:15.591 23290 23290 E SpannableStringBuilder: SPAN_EXCLUSIVE_EXCLUSIVE spans cannot have a zero length
12-08 22:02:17.585  2439 23199 E ctxmgr  : [ProducerStatusImpl]updateStateForNewContextData: inactive, contextName=7
12-08 22:02:17.759  2439  2439 E BeaconBle: Missing BluetoothAdapter
12-08 22:02:17.795  2439  2439 E BeaconBle: Scan couldn't start for Places
12-08 22:02:26.629  2826  2826 E ContextIntentStarter: No activity found for any of the 0 intents
12-08 22:02:31.064  1884  1902 E BluetoothAdapter: Bluetooth binder is null
12-08 22:02:31.065  1884  1902 E BatteryExternalStatsWorker: no controller energy info supplied for wifi
12-08 22:02:34.713 23352 23352 E dboxed_process: Not starting debugger since process cannot load the jdwp agent.
12-08 22:02:34.918  2826  2826 E ClientVe: Failed to create ClientVisualElementsProto for user interaction on view com.google.android.apps.gsa.searchbox.ui.suggestions.views.CoreSuggestionView{60b2608 VFE...CL. ...P.... 0,289-1038,436 #9a} because the view is not tagged for visual element logging.
12-08 22:02:34.993  2826  2826 E ClientVe: Failed to create ClientVisualElementsProto for user interaction on view com.google.android.apps.gsa.searchbox.ui.suggestions.views.CoreSuggestionView{ebbeb87 VFE...CL. ...P.... 0,436-1038,583 #9b} because the view is not tagged for visual element logging.
12-08 22:02:35.408  1993  1993 E native  : suggestion-transformer.cc:118 suggestion picked candidate not found for id: 2
12-08 22:02:37.023  2826  2826 E ClientVe: Failed to create ClientVisualElementsProto for user interaction on view com.google.android.apps.gsa.searchbox.ui.suggestions.views.CoreSuggestionView{ebbeb87 VFE...CL. ...P.... 0,436-1038,583 #9b} because the view is not tagged for visual element logging.
12-08 22:02:37.231  2826  2826 E ClientVe: Failed to create ClientVisualElementsProto for user interaction on view com.google.android.apps.gsa.searchbox.ui.suggestions.views.CoreSuggestionView{60b2608 VFE...CL. ...P.... 0,289-1038,436 #9a} because the view is not tagged for visual element logging.
12-08 22:02:37.444  2826  2826 E ClientVe: Failed to create ClientVisualElementsProto for user interaction on view com.google.android.apps.gsa.searchbox.ui.suggestions.views.CoreSuggestionView{45f7fc6 VFE...CL. ...P.... 0,142-1038,289 #99} because the view is not tagged for visual element logging.
12-08 22:02:37.707  2826  2826 E ClientVe: Failed to create ClientVisualElementsProto for user interaction on view com.google.android.apps.gsa.searchbox.ui.suggestions.views.CoreSuggestionView{60b2608 VFE...CL. ...P.... 0,289-1038,436 #9a} because the view is not tagged for visual element logging.
12-08 22:02:37.766  2826  2826 E ClientVe: Failed to create ClientVisualElementsProto for user interaction on view com.google.android.apps.gsa.searchbox.ui.suggestions.views.CoreSuggestionView{60b2608 VFE...CL. ...P.... 0,289-1038,436 #9a} because the view is not tagged for visual element logging.
12-08 22:02:38.261  2826  2826 E ClientVe: Failed to create ClientVisualElementsProto for user interaction on view com.google.android.apps.gsa.searchbox.ui.suggestions.views.CoreSuggestionView{9309ab4 VFE...CL. ...P.... 0,583-1038,730 #9c} because the view is not tagged for visual element logging.
12-08 22:02:39.577  2826  2834 E ReloadingLock: Finalizing LOCKED Token[searchresults_activity 2018-12-08 22:02:38.253]
12-08 22:02:42.947  1827  1827 E netmgr  : Failed to open QEMU pipe 'qemud:network': Invalid argument
12-08 22:02:42.947  1827  1827 E netmgr  : WifiForwarder unable to open QEMU pipe: Invalid argument
12-08 22:02:49.889  1739  1753 E storaged: getDiskStats failed with result NOT_SUPPORTED and size 0
12-08 22:02:54.225  1993  1993 E native  : suggestion-transformer.cc:118 suggestion picked candidate not found for id: 3
12-08 22:02:57.854  1884  1901 E libprocessgroup: Error encountered killing process cgroup uid 99043 pid 23352: No such file or directory
