--------- beginning of main
--------- beginning of system
12-08 19:35:19.812  1881  1895 E ActivityManager: Failure starting process com.evancharlton.mileage
12-08 19:35:19.812  1881  1895 E ActivityManager: java.lang.SecurityException: Package com.evancharlton.mileage is currently frozen!
12-08 19:35:19.812  1881  1895 E ActivityManager: 	at com.android.server.pm.PackageManagerService.checkPackageStartable(PackageManagerService.java:4000)
12-08 19:35:19.812  1881  1895 E ActivityManager: 	at com.android.server.am.ActivityManagerService.startProcessLocked(ActivityManagerService.java:4234)
12-08 19:35:19.812  1881  1895 E ActivityManager: 	at com.android.server.am.ActivityManagerService.startProcessLocked(ActivityManagerService.java:4199)
12-08 19:35:19.812  1881  1895 E ActivityManager: 	at com.android.server.am.ActivityManagerService.startProcessLocked(ActivityManagerService.java:4181)
12-08 19:35:19.812  1881  1895 E ActivityManager: 	at com.android.server.am.ActivityManagerService.startProcessLocked(ActivityManagerService.java:4067)
12-08 19:35:19.812  1881  1895 E ActivityManager: 	at com.android.server.am.ActivityStackSupervisor.startSpecificActivityLocked(ActivityStackSupervisor.java:1715)
12-08 19:35:19.812  1881  1895 E ActivityManager: 	at com.android.server.am.ActivityStack.resumeTopActivityInnerLocked(ActivityStack.java:2764)
12-08 19:35:19.812  1881  1895 E ActivityManager: 	at com.android.server.am.ActivityStack.resumeTopActivityUncheckedLocked(ActivityStack.java:2302)
12-08 19:35:19.812  1881  1895 E ActivityManager: 	at com.android.server.am.ActivityStackSupervisor.resumeFocusedStackTopActivityLocked(ActivityStackSupervisor.java:2234)
12-08 19:35:19.812  1881  1895 E ActivityManager: 	at com.android.server.am.ActivityStackSupervisor.resumeFocusedStackTopActivityLocked(ActivityStackSupervisor.java:2218)
12-08 19:35:19.812  1881  1895 E ActivityManager: 	at com.android.server.am.ActivityManagerService.handleAppDiedLocked(ActivityManagerService.java:5923)
12-08 19:35:19.812  1881  1895 E ActivityManager: 	at com.android.server.am.ActivityManagerService.removeProcessLocked(ActivityManagerService.java:7501)
12-08 19:35:19.812  1881  1895 E ActivityManager: 	at com.android.server.am.ActivityManagerService.killPackageProcessesLocked(ActivityManagerService.java:7142)
12-08 19:35:19.812  1881  1895 E ActivityManager: 	at com.android.server.am.ActivityManagerService.forceStopPackageLocked(ActivityManagerService.java:7275)
12-08 19:35:19.812  1881  1895 E ActivityManager: 	at com.android.server.am.ActivityManagerService$MainHandler.handleMessage(ActivityManagerService.java:2289)
12-08 19:35:19.812  1881  1895 E ActivityManager: 	at android.os.Handler.dispatchMessage(Handler.java:106)
12-08 19:35:19.812  1881  1895 E ActivityManager: 	at android.os.Looper.loop(Looper.java:193)
12-08 19:35:19.812  1881  1895 E ActivityManager: 	at android.os.HandlerThread.run(HandlerThread.java:65)
12-08 19:35:19.812  1881  1895 E ActivityManager: 	at com.android.server.ServiceThread.run(ServiceThread.java:44)
12-08 19:35:20.007  2337  2403 E IconLoader: Unexpected null component name or activity info: ComponentInfo{com.evancharlton.mileage/com.evancharlton.mileage.Mileage}, null
12-08 19:35:21.073  2438 16215 E ctxmgr  : [BaseServerTask]Failed network request due to no network connectivity: 
12-08 19:35:21.125  2438 16215 E ctxmgr  : [DailyCheckinOperation]Failed daily get config: network status=1
12-08 19:35:21.280  2438 16215 E ctxmgr  : [BaseServerTask]Failed network request due to no network connectivity: 
12-08 19:35:21.315  2438 16215 E ctxmgr  : [ProducerStatusImpl]updateStateForNewContextData: inactive, contextName=7
12-08 19:35:21.325  2438 16215 E ctxmgr  : [DailyCheckinOperation]Failed daily get config: network status=1
12-08 19:35:21.582  2438  2438 E BeaconBle: Scan couldn't start for Places
12-08 19:35:23.208  1733  1947 E         : Couldn't opendir /data/app/vmdl1032875047.tmp: No such file or directory
12-08 19:35:23.208  1733  1947 E installd: Failed to delete /data/app/vmdl1032875047.tmp: No such file or directory
12-08 19:35:24.625 16477 16477 E harlton.mileag: Not starting debugger since process cannot load the jdwp agent.
12-08 19:35:33.407  1881  3353 E InputMethodManagerService: Ignoring com.android.server.InputMethodManagerService.updateSystemUiLocked:2331 due to an invalid token. uid:10060 token:android.os.Binder@4dc4b0
12-08 19:35:33.424  1881  2382 E InputMethodManagerService: Ignoring com.android.server.InputMethodManagerService.updateStatusIcon:2188 due to an invalid token. uid:10060 token:android.os.Binder@4dc4b0
12-08 19:35:33.475  1991  1991 E EmojiSearchExtension: com.google.android.apps.inputmethod.libs.search.emoji.EmojiSearchExtension: Cannot deactivate emoji search JNI; null locale
12-08 19:35:34.901  1881  1894 E memtrack: Couldn't load memtrack module
12-08 19:35:35.869  2438 16060 E ctxmgr  : [BaseServerTask]Failed network request due to no network connectivity: 
12-08 19:35:35.893  2438 16060 E ctxmgr  : [DailyCheckinOperation]Failed daily get config: network status=1
12-08 19:35:36.168  2438 16060 E ctxmgr  : [BaseServerTask]Failed network request due to no network connectivity: 
12-08 19:35:36.196  2438 16060 E ctxmgr  : [ProducerStatusImpl]updateStateForNewContextData: inactive, contextName=7
12-08 19:35:36.223  2438 16060 E ctxmgr  : [DailyCheckinOperation]Failed daily get config: network status=1
12-08 19:35:36.595  2438  2438 E BeaconBle: Missing BluetoothAdapter
12-08 19:35:36.657  2438  2438 E BeaconBle: Scan couldn't start for Places
12-08 19:35:36.784  2570  2950 E PBSessionCacheImpl: sessionId[11304523847213017] not persisted.
12-08 19:35:36.797  2570  2950 E PBSessionCacheImpl: sessionId[11304523847213017] not persisted.
12-08 19:35:39.667  2570 16523 E native  : decoder_endpointer_stream.cc:24 Acoustic ep reader thread failed: *** Error status -73543: <no msg> ***
12-08 19:35:39.667  2570 16523 E native  : 
12-08 19:35:43.638  2570  2570 E ContextIntentStarter: No activity found for any of the 0 intents
12-08 19:35:45.109  1629  1629 E android.hardware.wifi@1.0-service: Failed to register radio mode change callback
12-08 19:35:45.120  1629  1629 E android.hardware.wifi@1.0-service: Failed to set DFS flag; DFS channels may be unavailable.
12-08 19:35:45.214  1807  1807 E netmgr  : Failed to open QEMU pipe 'qemud:network': Invalid argument
12-08 19:35:45.214  1807  1807 E netmgr  : WifiForwarder unable to open QEMU pipe: Invalid argument
12-08 19:35:45.285  1742  1742 E wificond: No Offload Service available
12-08 19:35:45.288  1881  1965 E SupplicantStaIfaceHal: Can't call setupIface, ISupplicantStaIface is null
12-08 19:35:45.652  1881  1966 E WifiVendorHal: getBgScanCapabilities(l.671) failed {.code = ERROR_NOT_SUPPORTED, .description = }
12-08 19:35:45.720  1881  1967 E WifiP2pService: Unhandled message { when=-1ms what=131203 target=com.android.internal.util.StateMachine$SmHandler }
12-08 19:35:45.738  1881  1967 E WifiP2pService: Unhandled message { when=0 what=131203 target=com.android.internal.util.StateMachine$SmHandler }
12-08 19:35:45.754  1881  1899 E BatteryExternalStatsWorker: no controller energy info supplied for wifi
12-08 19:35:45.906  1881  1899 E BatteryExternalStatsWorker: no controller energy info supplied for wifi
12-08 19:35:46.167  1881  1968 E ConnectivityService: exception in setMtu()java.lang.IllegalStateException: command '319 interface setmtu radio0 1500' failed with '400 319 Failed to set MTU (Permission denied)'
12-08 19:35:46.689 16572 16572 E wpa_supplicant: nl80211: Failed to open /proc/sys/net/ipv4/conf/p2p-dev-wlan0/drop_unicast_in_l2_multicast: No such file or directory
12-08 19:35:46.689 16572 16572 E wpa_supplicant: nl80211: Failed to set IPv4 unicast in multicast filter
12-08 19:35:46.690 16572 16572 E wpa_supplicant: nl80211: Failed to open /proc/sys/net/ipv4/conf/p2p-dev-wlan0/drop_unicast_in_l2_multicast: No such file or directory
12-08 19:35:46.690 16572 16572 E wpa_supplicant: nl80211: Failed to set IPv4 unicast in multicast filter
12-08 19:35:46.767 16572 16572 E wpa_supplicant: nl80211: Failed to open /proc/sys/net/ipv4/conf/wlan0/drop_unicast_in_l2_multicast: No such file or directory
12-08 19:35:46.768 16572 16572 E wpa_supplicant: nl80211: Failed to set IPv4 unicast in multicast filter
12-08 19:35:46.847 16572 16572 E wpa_supplicant: nl80211: Failed to open /proc/sys/net/ipv4/conf/wlan0/drop_unicast_in_l2_multicast: No such file or directory
12-08 19:35:46.847 16572 16572 E wpa_supplicant: nl80211: Failed to set IPv4 unicast in multicast filter
12-08 19:35:47.228  1629  1629 E android.hardware.wifi@1.0-service: Failed to open directory: Permission denied
12-08 19:35:47.228  1629  1629 E android.hardware.wifi@1.0-service: Error occurred while deleting old tombstone files
12-08 19:35:47.228  1629  1629 E android.hardware.wifi@1.0-service: Error writing files to flash
12-08 19:35:47.449  1881  1965 E SupplicantStaIfaceHal: Can't call setPowerSave, ISupplicantStaIface is null
12-08 19:35:47.449  1881  1965 E SupplicantStaIfaceHal: Can't call setBtCoexistenceMode, ISupplicantStaIface is null
12-08 19:35:47.486  1881  1965 E HalDevMgr: Should have at least 1 chip!
12-08 19:35:47.486  1881  1965 E HalDevMgr: dispatchAvailableForRequestListeners: no chip info found
12-08 19:35:47.511  1881  1965 E SupplicantStaIfaceHal: Can't call listNetworks, ISupplicantStaIface is null
12-08 19:35:47.511  1881  1965 E SupplicantStaIfaceHal: removeAllNetworks failed, got null networks
12-08 19:35:47.511  1881  1965 E WifiStateMachine: Failed to remove networks on exiting connect mode
12-08 19:35:47.516  1881  1967 E WifiP2pService: Unhandled message { when=-5ms what=131204 target=com.android.internal.util.StateMachine$SmHandler }
12-08 19:35:47.556  1881  1899 E BatteryExternalStatsWorker: no controller energy info supplied for wifi
12-08 19:35:47.559  1881  1966 E WificondControl: No valid wificond scanner interface handler
12-08 19:35:47.588  1881  1899 E BatteryExternalStatsWorker: no controller energy info supplied for wifi
12-08 19:35:47.610  1881  1965 E WifiScanRequestProxy: Scan failure received. reason: -1,description: Scan was interrupted
12-08 19:35:49.268  2438 16598 E WakeLock: GCM_HB_ALARM release without a matched acquire!
12-08 19:35:49.276  2438 16598 E WakeLock: GCM_CONN_ALARM release without a matched acquire!
12-08 19:35:51.443  1741  1793 E storaged: getDiskStats failed with result NOT_SUPPORTED and size 0
12-08 19:35:57.354  1881  1894 E memtrack: Couldn't load memtrack module
12-08 19:35:59.697 16477 16477 E SpannableStringBuilder: SPAN_EXCLUSIVE_EXCLUSIVE spans cannot have a zero length
12-08 19:35:59.697 16477 16477 E SpannableStringBuilder: SPAN_EXCLUSIVE_EXCLUSIVE spans cannot have a zero length
12-08 19:36:00.760  1881  1966 E WificondScannerImpl: Timed out waiting for scan result from wificond
12-08 19:36:01.619  1881  1894 E memtrack: Couldn't load memtrack module
