--------- beginning of main
--------- beginning of system
12-09 00:04:16.262  1739  1762 E storaged: getDiskStats failed with result NOT_SUPPORTED and size 0
12-09 00:04:18.520  1885  1899 E ActivityManager: Failure starting process com.evancharlton.mileage
12-09 00:04:18.520  1885  1899 E ActivityManager: java.lang.SecurityException: Package com.evancharlton.mileage was not found!
12-09 00:04:18.520  1885  1899 E ActivityManager: 	at com.android.server.pm.PackageManagerService.checkPackageStartable(PackageManagerService.java:3987)
12-09 00:04:18.520  1885  1899 E ActivityManager: 	at com.android.server.am.ActivityManagerService.startProcessLocked(ActivityManagerService.java:4234)
12-09 00:04:18.520  1885  1899 E ActivityManager: 	at com.android.server.am.ActivityManagerService.startProcessLocked(ActivityManagerService.java:4199)
12-09 00:04:18.520  1885  1899 E ActivityManager: 	at com.android.server.am.ActivityManagerService.startProcessLocked(ActivityManagerService.java:4181)
12-09 00:04:18.520  1885  1899 E ActivityManager: 	at com.android.server.am.ActivityManagerService.startProcessLocked(ActivityManagerService.java:4067)
12-09 00:04:18.520  1885  1899 E ActivityManager: 	at com.android.server.am.ActivityStackSupervisor.startSpecificActivityLocked(ActivityStackSupervisor.java:1715)
12-09 00:04:18.520  1885  1899 E ActivityManager: 	at com.android.server.am.ActivityStack.resumeTopActivityInnerLocked(ActivityStack.java:2764)
12-09 00:04:18.520  1885  1899 E ActivityManager: 	at com.android.server.am.ActivityStack.resumeTopActivityUncheckedLocked(ActivityStack.java:2302)
12-09 00:04:18.520  1885  1899 E ActivityManager: 	at com.android.server.am.ActivityStackSupervisor.resumeFocusedStackTopActivityLocked(ActivityStackSupervisor.java:2234)
12-09 00:04:18.520  1885  1899 E ActivityManager: 	at com.android.server.am.ActivityStackSupervisor.resumeFocusedStackTopActivityLocked(ActivityStackSupervisor.java:2218)
12-09 00:04:18.520  1885  1899 E ActivityManager: 	at com.android.server.am.ActivityManagerService.handleAppDiedLocked(ActivityManagerService.java:5923)
12-09 00:04:18.520  1885  1899 E ActivityManager: 	at com.android.server.am.ActivityManagerService.removeProcessLocked(ActivityManagerService.java:7501)
12-09 00:04:18.520  1885  1899 E ActivityManager: 	at com.android.server.am.ActivityManagerService.killPackageProcessesLocked(ActivityManagerService.java:7142)
12-09 00:04:18.520  1885  1899 E ActivityManager: 	at com.android.server.am.ActivityManagerService.forceStopPackageLocked(ActivityManagerService.java:7275)
12-09 00:04:18.520  1885  1899 E ActivityManager: 	at com.android.server.am.ActivityManagerService$MainHandler.handleMessage(ActivityManagerService.java:2289)
12-09 00:04:18.520  1885  1899 E ActivityManager: 	at android.os.Handler.dispatchMessage(Handler.java:106)
12-09 00:04:18.520  1885  1899 E ActivityManager: 	at android.os.Looper.loop(Looper.java:193)
12-09 00:04:18.520  1885  1899 E ActivityManager: 	at android.os.HandlerThread.run(HandlerThread.java:65)
12-09 00:04:18.520  1885  1899 E ActivityManager: 	at com.android.server.ServiceThread.run(ServiceThread.java:44)
12-09 00:04:18.698  2342  6359 E IconLoader: Unexpected null component name or activity info: ComponentInfo{com.evancharlton.mileage/com.evancharlton.mileage.Mileage}, null
12-09 00:04:22.371  1731  1731 E         : Couldn't opendir /data/app/vmdl838227890.tmp: No such file or directory
12-09 00:04:22.372  1731  1731 E installd: Failed to delete /data/app/vmdl838227890.tmp: No such file or directory
12-09 00:04:24.088 23552 23552 E harlton.mileag: Not starting debugger since process cannot load the jdwp agent.
12-09 00:04:41.959  2378 23332 E ctxmgr  : [ProducerStatusImpl]updateStateForNewContextData: inactive, contextName=7
12-09 00:04:42.113  2378  2378 E BeaconBle: Missing BluetoothAdapter
12-09 00:04:42.143  2378  2378 E BeaconBle: Scan couldn't start for Places
12-09 00:04:54.226  2720  2720 E ContextIntentStarter: No activity found for any of the 0 intents
12-09 00:04:55.363  1885  3848 E WindowManager: Performed 6 layouts in a row. Skipping
12-09 00:04:55.392  1885  1938 E WindowManager: Performed 6 layouts in a row. Skipping
12-09 00:04:55.431  1885  4011 E WindowManager: Performed 6 layouts in a row. Skipping
12-09 00:04:55.463  1885  1938 E WindowManager: Performed 6 layouts in a row. Skipping
12-09 00:04:55.483  1885  1900 E WindowManager: Performed 6 layouts in a row. Skipping
12-09 00:04:55.524  1885  1938 E WindowManager: Performed 6 layouts in a row. Skipping
12-09 00:04:55.662  1885  1938 E WindowManager: Performed 6 layouts in a row. Skipping
12-09 00:04:55.705  1885  1938 E WindowManager: Performed 6 layouts in a row. Skipping
12-09 00:04:55.723  1885  2489 E WindowManager: Performed 6 layouts in a row. Skipping
12-09 00:05:10.105  1834  1834 E netmgr  : Failed to open QEMU pipe 'qemud:network': Invalid argument
12-09 00:05:10.105  1834  1834 E netmgr  : WifiForwarder unable to open QEMU pipe: Invalid argument
12-09 00:05:16.267  1739  1762 E storaged: getDiskStats failed with result NOT_SUPPORTED and size 0
12-09 00:06:10.108  1834  1834 E netmgr  : Failed to open QEMU pipe 'qemud:network': Invalid argument
12-09 00:06:10.109  1834  1834 E netmgr  : WifiForwarder unable to open QEMU pipe: Invalid argument
12-09 00:06:16.271  1739  1762 E storaged: getDiskStats failed with result NOT_SUPPORTED and size 0
12-09 00:06:56.999  1885  1903 E BatteryExternalStatsWorker: no controller energy info supplied for wifi
12-09 00:07:09.355  1885  2489 E WindowManager: Performed 6 layouts in a row. Skipping
12-09 00:07:09.412  1885  1938 E WindowManager: Performed 6 layouts in a row. Skipping
12-09 00:07:09.435  1885  1938 E WindowManager: Performed 6 layouts in a row. Skipping
12-09 00:07:09.456  1885  1900 E WindowManager: Performed 6 layouts in a row. Skipping
12-09 00:07:09.487  1885  1938 E WindowManager: Performed 6 layouts in a row. Skipping
12-09 00:07:09.564  1885  1938 E WindowManager: Performed 6 layouts in a row. Skipping
12-09 00:07:09.622  1885  1938 E WindowManager: Performed 6 layouts in a row. Skipping
12-09 00:07:09.649  1885  2488 E WindowManager: Performed 6 layouts in a row. Skipping
12-09 00:07:09.690  1885  1938 E WindowManager: Performed 6 layouts in a row. Skipping
12-09 00:07:09.812  1885  1938 E WindowManager: Performed 6 layouts in a row. Skipping
12-09 00:07:09.850  1885  1938 E WindowManager: Performed 6 layouts in a row. Skipping
12-09 00:07:10.112  1834  1834 E netmgr  : Failed to open QEMU pipe 'qemud:network': Invalid argument
12-09 00:07:10.113  1834  1834 E netmgr  : WifiForwarder unable to open QEMU pipe: Invalid argument
