--------- beginning of system
12-08 10:43:23.150  1881  1895 E ActivityManager: Failure starting process com.evancharlton.mileage
12-08 10:43:23.150  1881  1895 E ActivityManager: java.lang.SecurityException: Package com.evancharlton.mileage is currently frozen!
12-08 10:43:23.150  1881  1895 E ActivityManager: 	at com.android.server.pm.PackageManagerService.checkPackageStartable(PackageManagerService.java:4000)
12-08 10:43:23.150  1881  1895 E ActivityManager: 	at com.android.server.am.ActivityManagerService.startProcessLocked(ActivityManagerService.java:4234)
12-08 10:43:23.150  1881  1895 E ActivityManager: 	at com.android.server.am.ActivityManagerService.startProcessLocked(ActivityManagerService.java:4199)
12-08 10:43:23.150  1881  1895 E ActivityManager: 	at com.android.server.am.ActivityManagerService.startProcessLocked(ActivityManagerService.java:4181)
12-08 10:43:23.150  1881  1895 E ActivityManager: 	at com.android.server.am.ActivityManagerService.startProcessLocked(ActivityManagerService.java:4067)
12-08 10:43:23.150  1881  1895 E ActivityManager: 	at com.android.server.am.ActivityStackSupervisor.startSpecificActivityLocked(ActivityStackSupervisor.java:1715)
12-08 10:43:23.150  1881  1895 E ActivityManager: 	at com.android.server.am.ActivityStack.resumeTopActivityInnerLocked(ActivityStack.java:2764)
12-08 10:43:23.150  1881  1895 E ActivityManager: 	at com.android.server.am.ActivityStack.resumeTopActivityUncheckedLocked(ActivityStack.java:2302)
12-08 10:43:23.150  1881  1895 E ActivityManager: 	at com.android.server.am.ActivityStackSupervisor.resumeFocusedStackTopActivityLocked(ActivityStackSupervisor.java:2234)
12-08 10:43:23.150  1881  1895 E ActivityManager: 	at com.android.server.am.ActivityStackSupervisor.resumeFocusedStackTopActivityLocked(ActivityStackSupervisor.java:2218)
12-08 10:43:23.150  1881  1895 E ActivityManager: 	at com.android.server.am.ActivityManagerService.handleAppDiedLocked(ActivityManagerService.java:5923)
12-08 10:43:23.150  1881  1895 E ActivityManager: 	at com.android.server.am.ActivityManagerService.removeProcessLocked(ActivityManagerService.java:7501)
12-08 10:43:23.150  1881  1895 E ActivityManager: 	at com.android.server.am.ActivityManagerService.killPackageProcessesLocked(ActivityManagerService.java:7142)
12-08 10:43:23.150  1881  1895 E ActivityManager: 	at com.android.server.am.ActivityManagerService.forceStopPackageLocked(ActivityManagerService.java:7275)
12-08 10:43:23.150  1881  1895 E ActivityManager: 	at com.android.server.am.ActivityManagerService$MainHandler.handleMessage(ActivityManagerService.java:2289)
12-08 10:43:23.150  1881  1895 E ActivityManager: 	at android.os.Handler.dispatchMessage(Handler.java:106)
12-08 10:43:23.150  1881  1895 E ActivityManager: 	at android.os.Looper.loop(Looper.java:193)
12-08 10:43:23.150  1881  1895 E ActivityManager: 	at android.os.HandlerThread.run(HandlerThread.java:65)
12-08 10:43:23.150  1881  1895 E ActivityManager: 	at com.android.server.ServiceThread.run(ServiceThread.java:44)
--------- beginning of main
12-08 10:43:30.180 28319 28319 E harlton.mileag: Not starting debugger since process cannot load the jdwp agent.
12-08 10:43:30.421  2692  3033 E MicroDetectionWorker: Stale runnable..ignoring
12-08 10:43:31.786  1992 20735 E putmethod.lati: Invalid ID 0x00000001.
12-08 10:43:31.800  1992 20735 E LstmTrainingCache: emn: Can't get resource name for input slot
12-08 10:43:31.800  1992 20735 E LstmTrainingCache: android.content.res.Resources$NotFoundException: Unable to find resource ID #0x1
12-08 10:43:31.800  1992 20735 E LstmTrainingCache: 	at android.content.res.ResourcesImpl.getResourceName(ResourcesImpl.java:255)
12-08 10:43:31.800  1992 20735 E LstmTrainingCache: 	at android.content.res.Resources.getResourceName(Resources.java:1954)
12-08 10:43:31.800  1992 20735 E LstmTrainingCache: 	at emn.a(PG:12)
12-08 10:43:31.800  1992 20735 E LstmTrainingCache: 	at emk.run(PG:5)
12-08 10:43:31.800  1992 20735 E LstmTrainingCache: 	at java.lang.Thread.run(Thread.java:764)
12-08 10:43:44.011  1828  1828 E netmgr  : Failed to open QEMU pipe 'qemud:network': Invalid argument
12-08 10:43:44.011  1828  1828 E netmgr  : WifiForwarder unable to open QEMU pipe: Invalid argument
12-08 10:43:45.511 28350 28350 E emui:screensho: Not starting debugger since process cannot load the jdwp agent.
12-08 10:43:45.882  1738  1772 E storaged: getDiskStats failed with result NOT_SUPPORTED and size 0
12-08 10:43:46.157 28350 28350 E SoundPool: error loading /product/media/audio/ui/camera_click.ogg
12-08 10:43:46.573  1740  2212 E OMXNodeInstance: getConfig(0xf48ac0c0:google.vorbis.decoder, ConfigAndroidVendorExtension(0x6f100004)) ERROR: Undefined(0x80001001)
12-08 10:43:50.672  2448 27922 E ctxmgr  : [ProducerStatusImpl]updateStateForNewContextData: inactive, contextName=7
12-08 10:43:50.722  2448 27922 E ctxmgr  : [ProducerStatusImpl]updateStateForNewContextData: inactive, contextName=1
12-08 10:43:50.850  2448  2448 E BeaconBle: Missing BluetoothAdapter
12-08 10:43:50.909  2448  2448 E BeaconBle: Scan couldn't start for Places
12-08 10:43:59.445 28393 28393 E oid.apps.photo: Not starting debugger since process cannot load the jdwp agent.
12-08 10:44:00.256 28412 28412 E ocess.gservice: Not starting debugger since process cannot load the jdwp agent.
12-08 10:44:12.460  1881  4115 E WindowManager: Performed 6 layouts in a row. Skipping
12-08 10:44:12.526  1881  1934 E WindowManager: Performed 6 layouts in a row. Skipping
12-08 10:44:12.555  1881  1934 E WindowManager: Performed 6 layouts in a row. Skipping
12-08 10:44:12.593  1881  1934 E WindowManager: Performed 6 layouts in a row. Skipping
12-08 10:44:12.636  1881  1896 E WindowManager: Performed 6 layouts in a row. Skipping
12-08 10:44:12.774  1881  1934 E WindowManager: Performed 6 layouts in a row. Skipping
12-08 10:44:12.894  1881  1934 E WindowManager: Performed 6 layouts in a row. Skipping
12-08 10:44:12.920  1881  4115 E WindowManager: Performed 6 layouts in a row. Skipping
12-08 10:44:12.963  1881  1934 E WindowManager: Performed 6 layouts in a row. Skipping
12-08 10:44:13.075  1881  1934 E WindowManager: Performed 6 layouts in a row. Skipping
12-08 10:44:13.629  1611  1695 E audio_hw_generic: pcm_write failed cannot write stream data: I/O error
12-08 10:44:13.785 28319 28319 E WindowManager: 
12-08 10:44:13.785 28319 28319 E WindowManager: android.view.WindowLeaked: Activity com.evancharlton.mileage.FieldActivity has leaked window DecorView@48c3eb9[FieldActivity] that was originally added here
12-08 10:44:13.785 28319 28319 E WindowManager: 	at android.view.ViewRootImpl.<init>(ViewRootImpl.java:511)
12-08 10:44:13.785 28319 28319 E WindowManager: 	at android.view.WindowManagerGlobal.addView(WindowManagerGlobal.java:346)
12-08 10:44:13.785 28319 28319 E WindowManager: 	at android.view.WindowManagerImpl.addView(WindowManagerImpl.java:93)
12-08 10:44:13.785 28319 28319 E WindowManager: 	at com.android.internal.policy.PhoneWindow.openPanel(PhoneWindow.java:887)
12-08 10:44:13.785 28319 28319 E WindowManager: 	at com.android.internal.policy.PhoneWindow.onKeyUpPanel(PhoneWindow.java:1104)
12-08 10:44:13.785 28319 28319 E WindowManager: 	at com.android.internal.policy.PhoneWindow.onKeyUp(PhoneWindow.java:2007)
12-08 10:44:13.785 28319 28319 E WindowManager: 	at com.android.internal.policy.DecorView.dispatchKeyEvent(DecorView.java:350)
12-08 10:44:13.785 28319 28319 E WindowManager: 	at android.view.ViewRootImpl$ViewPostImeInputStage.processKeyEvent(ViewRootImpl.java:5037)
12-08 10:44:13.785 28319 28319 E WindowManager: 	at android.view.ViewRootImpl$ViewPostImeInputStage.onProcess(ViewRootImpl.java:4905)
12-08 10:44:13.785 28319 28319 E WindowManager: 	at android.view.ViewRootImpl$InputStage.deliver(ViewRootImpl.java:4426)
12-08 10:44:13.785 28319 28319 E WindowManager: 	at android.view.ViewRootImpl$InputStage.onDeliverToNext(ViewRootImpl.java:4479)
12-08 10:44:13.785 28319 28319 E WindowManager: 	at android.view.ViewRootImpl$InputStage.forward(ViewRootImpl.java:4445)
12-08 10:44:13.785 28319 28319 E WindowManager: 	at android.view.ViewRootImpl$AsyncInputStage.forward(ViewRootImpl.java:4585)
12-08 10:44:13.785 28319 28319 E WindowManager: 	at android.view.ViewRootImpl$InputStage.apply(ViewRootImpl.java:4453)
12-08 10:44:13.785 28319 28319 E WindowManager: 	at android.view.ViewRootImpl$AsyncInputStage.apply(ViewRootImpl.java:4642)
12-08 10:44:13.785 28319 28319 E WindowManager: 	at android.view.ViewRootImpl$InputStage.deliver(ViewRootImpl.java:4426)
12-08 10:44:13.785 28319 28319 E WindowManager: 	at android.view.ViewRootImpl$InputStage.onDeliverToNext(ViewRootImpl.java:4479)
12-08 10:44:13.785 28319 28319 E WindowManager: 	at android.view.ViewRootImpl$InputStage.forward(ViewRootImpl.java:4445)
12-08 10:44:13.785 28319 28319 E WindowManager: 	at android.view.ViewRootImpl$InputStage.apply(ViewRootImpl.java:4453)
12-08 10:44:13.785 28319 28319 E WindowManager: 	at android.view.ViewRootImpl$InputStage.deliver(ViewRootImpl.java:4426)
12-08 10:44:13.785 28319 28319 E WindowManager: 	at android.view.ViewRootImpl$InputStage.onDeliverToNext(ViewRootImpl.java:4479)
12-08 10:44:13.785 28319 28319 E WindowManager: 	at android.view.ViewRootImpl$InputStage.forward(ViewRootImpl.java:4445)
12-08 10:44:13.785 28319 28319 E WindowManager: 	at android.view.ViewRootImpl$AsyncInputStage.forward(ViewRootImpl.java:4618)
12-08 10:44:13.785 28319 28319 E WindowManager: 	at android.view.ViewRootImpl$ImeInputStage.onFinishedInputEvent(ViewRootImpl.java:4779)
12-08 10:44:13.785 28319 28319 E WindowManager: 	at android.view.inputmethod.InputMethodManager$PendingEvent.run(InputMethodManager.java:2571)
12-08 10:44:13.785 28319 28319 E WindowManager: 	at android.view.inputmethod.InputMethodManager.invokeFinishedInputEventCallback(InputMethodManager.java:2081)
12-08 10:44:13.785 28319 28319 E WindowManager: 	at android.view.inputmethod.InputMethodManager.finishedInputEvent(InputMethodManager.java:2072)
12-08 10:44:13.785 28319 28319 E WindowManager: 	at android.view.inputmethod.InputMethodManager$ImeInputEventSender.onInputEventFinished(InputMethodManager.java:2548)
12-08 10:44:13.785 28319 28319 E WindowManager: 	at android.view.InputEventSender.dispatchInputEventFinished(InputEventSender.java:141)
12-08 10:44:13.785 28319 28319 E WindowManager: 	at android.os.MessageQueue.nativePollOnce(Native Method)
12-08 10:44:13.785 28319 28319 E WindowManager: 	at android.os.MessageQueue.next(MessageQueue.java:326)
12-08 10:44:13.785 28319 28319 E WindowManager: 	at android.os.Looper.loop(Looper.java:160)
12-08 10:44:13.785 28319 28319 E WindowManager: 	at android.app.ActivityThread.main(ActivityThread.java:6669)
12-08 10:44:13.785 28319 28319 E WindowManager: 	at java.lang.reflect.Method.invoke(Native Method)
12-08 10:44:13.785 28319 28319 E WindowManager: 	at com.android.internal.os.RuntimeInit$MethodAndArgsCaller.run(RuntimeInit.java:493)
12-08 10:44:13.785 28319 28319 E WindowManager: 	at com.android.internal.os.ZygoteInit.main(ZygoteInit.java:858)
12-08 10:44:15.850  2692  2692 E ContextIntentStarter: No activity found for any of the 0 intents
12-08 10:44:16.808 28470 28470 E rrierdefaultap: Not starting debugger since process cannot load the jdwp agent.
12-08 10:44:23.331  1611 28486 E audio_hw_generic: pcm_open(in) failed: cannot open device '/dev/snd/pcmC0D0c': Device or resource busy: channels 2 format 0 rate 16000
12-08 10:44:23.657  1611  1695 E audio_hw_generic: pcm_write failed cannot write stream data: I/O error
12-08 10:44:44.068  1828  1828 E netmgr  : Failed to open QEMU pipe 'qemud:network': Invalid argument
12-08 10:44:44.068  1828  1828 E netmgr  : WifiForwarder unable to open QEMU pipe: Invalid argument
12-08 10:44:45.889  1738  1772 E storaged: getDiskStats failed with result NOT_SUPPORTED and size 0
12-08 10:45:18.409  2475 27779 E SQLiteCastStore: Skip saving CastDeviceInfo: "Nearby device" (__cast_nearby___V_5b77d06e-4e5c-4c26-aee3-18691d894d77)
12-08 10:45:44.070  1828  1828 E netmgr  : Failed to open QEMU pipe 'qemud:network': Invalid argument
12-08 10:45:44.070  1828  1828 E netmgr  : WifiForwarder unable to open QEMU pipe: Invalid argument
12-08 10:45:45.893  1738  1772 E storaged: getDiskStats failed with result NOT_SUPPORTED and size 0
