--------- beginning of system
--------- beginning of main
12-08 09:00:24.638 29746  1408 E IconLoader: Unexpected null component name or activity info: ComponentInfo{com.evancharlton.mileage/com.evancharlton.mileage.Mileage}, null
12-08 09:00:29.314  1738  1772 E storaged: getDiskStats failed with result NOT_SUPPORTED and size 0
12-08 09:00:34.585  2448  9895 E ctxmgr  : [ProducerStatusImpl]updateStateForNewContextData: inactive, contextName=7
12-08 09:00:36.964  2448  2448 E BeaconBle: Missing BluetoothAdapter
12-08 09:00:37.013  2448  2448 E BeaconBle: Scan couldn't start for Places
12-08 09:00:49.099  1730  6463 E         : Couldn't opendir /data/app/vmdl46901910.tmp: No such file or directory
12-08 09:00:49.099  1730  6463 E installd: Failed to delete /data/app/vmdl46901910.tmp: No such file or directory
12-08 09:00:53.967  2475  9993 E ChromeSync: [Sync,SyncIntentOperation] Error handling the intent: Intent { act=android.intent.action.PACKAGE_ADDED dat=package:com.evancharlton.mileage flg=0x4000010 cmp=com.google.android.gms/.chimera.GmsIntentOperationService (has extras) }.
12-08 09:00:58.844 10012 10012 E harlton.mileag: Not starting debugger since process cannot load the jdwp agent.
12-08 09:01:13.608  1881  1896 E AutofillSession: No assist structure - app might have crashed providing it
12-08 09:01:18.566  1828  1828 E netmgr  : Failed to open QEMU pipe 'qemud:network': Invalid argument
12-08 09:01:18.566  1828  1828 E netmgr  : WifiForwarder unable to open QEMU pipe: Invalid argument
12-08 09:01:31.210  1738  1772 E storaged: getDiskStats failed with result NOT_SUPPORTED and size 0
12-08 09:01:56.193  1992  6060 E putmethod.lati: Invalid ID 0x00000001.
12-08 09:01:56.194  1992  6060 E LstmTrainingCache: emn: Can't get resource name for input slot
12-08 09:01:56.194  1992  6060 E LstmTrainingCache: android.content.res.Resources$NotFoundException: Unable to find resource ID #0x1
12-08 09:01:56.194  1992  6060 E LstmTrainingCache: 	at android.content.res.ResourcesImpl.getResourceName(ResourcesImpl.java:255)
12-08 09:01:56.194  1992  6060 E LstmTrainingCache: 	at android.content.res.Resources.getResourceName(Resources.java:1954)
12-08 09:01:56.194  1992  6060 E LstmTrainingCache: 	at emn.a(PG:12)
12-08 09:01:56.194  1992  6060 E LstmTrainingCache: 	at emk.run(PG:5)
12-08 09:01:56.194  1992  6060 E LstmTrainingCache: 	at java.lang.Thread.run(Thread.java:764)
12-08 09:02:16.382  1611  1695 E audio_hw_generic: pcm_write failed cannot write stream data: I/O error
12-08 09:02:18.624  1828  1828 E netmgr  : Failed to open QEMU pipe 'qemud:network': Invalid argument
12-08 09:02:18.624  1828  1828 E netmgr  : WifiForwarder unable to open QEMU pipe: Invalid argument
12-08 09:02:31.212  1738  1772 E storaged: getDiskStats failed with result NOT_SUPPORTED and size 0
12-08 09:02:50.988  2494  2716 E PlayCommon: [101] com.google.android.play.b.g.a(448): Failed to connect to server: java.net.UnknownHostException: Unable to resolve host "play.googleapis.com": No address associated with hostname
12-08 09:02:58.323  2448  9895 E ctxmgr  : [ProducerStatusImpl]updateStateForNewContextData: inactive, contextName=7
12-08 09:02:58.489  2448  9895 E ctxmgr  : [ProducerStatusImpl]updateStateForNewContextData: inactive, contextName=1
12-08 09:02:58.489  2448  9895 E ctxmgr  : [ProducerStatusImpl]updateStateForNewContextData: inactive, contextName=1
12-08 09:03:01.206  2448  2448 E BeaconBle: Missing BluetoothAdapter
12-08 09:03:03.517  2448  2448 E BeaconBle: Scan couldn't start for Places
12-08 09:03:06.014  1881  1896 E AutofillSession: No assist structure - app might have crashed providing it
12-08 09:03:20.807  1828  1828 E netmgr  : Failed to open QEMU pipe 'qemud:network': Invalid argument
12-08 09:03:20.807  1828  1828 E netmgr  : WifiForwarder unable to open QEMU pipe: Invalid argument
12-08 09:03:20.827  2692  2692 E ContextIntentStarter: No activity found for any of the 0 intents
12-08 09:03:31.017  1881  1901 E NetdConnector: NDC event {600 Iface linkstate wlan0 down} took too long: 2334ms
12-08 09:03:31.019  1881  1901 E NetdConnector: NDC event {600 Iface linkstate wlan0 down} processed too late: 2338ms
12-08 09:03:31.213  1738  1772 E storaged: getDiskStats failed with result NOT_SUPPORTED and size 0
12-08 09:03:31.363  1626  1626 E android.hardware.wifi@1.0-service: Failed to register radio mode change callback
12-08 09:03:31.367  1626  1626 E android.hardware.wifi@1.0-service: Failed to set DFS flag; DFS channels may be unavailable.
12-08 09:03:33.676  1739  1739 E wificond: No Offload Service available
12-08 09:03:36.150  1611  1695 E audio_hw_generic: pcm_write failed cannot write stream data: I/O error
12-08 09:03:36.267  1881  1966 E WifiP2pService: Unhandled message { when=0 what=131203 target=com.android.internal.util.StateMachine$SmHandler }
12-08 09:03:36.301  1881  1966 E WifiP2pService: Unhandled message { when=-3ms what=131203 target=com.android.internal.util.StateMachine$SmHandler }
12-08 09:03:36.342  1881  1899 E BatteryExternalStatsWorker: no controller energy info supplied for wifi
12-08 09:03:36.393 10085 10085 E wpa_supplicant: nl80211: Failed to open /proc/sys/net/ipv4/conf/p2p-dev-wlan0/drop_unicast_in_l2_multicast: No such file or directory
12-08 09:03:36.393 10085 10085 E wpa_supplicant: nl80211: Failed to set IPv4 unicast in multicast filter
12-08 09:03:36.399 10085 10085 E wpa_supplicant: nl80211: Failed to open /proc/sys/net/ipv4/conf/p2p-dev-wlan0/drop_unicast_in_l2_multicast: No such file or directory
12-08 09:03:36.399 10085 10085 E wpa_supplicant: nl80211: Failed to set IPv4 unicast in multicast filter
12-08 09:03:36.472 10085 10085 E wpa_supplicant: nl80211: Failed to open /proc/sys/net/ipv4/conf/wlan0/drop_unicast_in_l2_multicast: No such file or directory
12-08 09:03:36.472 10085 10085 E wpa_supplicant: nl80211: Failed to set IPv4 unicast in multicast filter
12-08 09:03:36.552 10085 10085 E wpa_supplicant: nl80211: Failed to open /proc/sys/net/ipv4/conf/wlan0/drop_unicast_in_l2_multicast: No such file or directory
12-08 09:03:36.552 10085 10085 E wpa_supplicant: nl80211: Failed to set IPv4 unicast in multicast filter
12-08 09:03:38.842  2448  8709 E ctxmgr  : [ProducerStatusImpl]updateStateForNewContextData: inactive, contextName=7
12-08 09:03:38.863  1626  1626 E android.hardware.wifi@1.0-service: Failed to open directory: Permission denied
12-08 09:03:38.863  1626  1626 E android.hardware.wifi@1.0-service: Error occurred while deleting old tombstone files
12-08 09:03:38.863  1626  1626 E android.hardware.wifi@1.0-service: Error writing files to flash
12-08 09:03:38.968 10101 10101 E .android.diale: Not starting debugger since process cannot load the jdwp agent.
12-08 09:03:41.354  1881  1964 E SupplicantStaIfaceHal: Can't call listNetworks, ISupplicantStaIface is null
12-08 09:03:41.354  1881  1964 E SupplicantStaIfaceHal: removeAllNetworks failed, got null networks
12-08 09:03:41.354  1881  1964 E WifiStateMachine: Failed to remove networks on exiting connect mode
12-08 09:03:41.355  1881  1966 E WifiP2pService: Unhandled message { when=0 what=131204 target=com.android.internal.util.StateMachine$SmHandler }
12-08 09:03:41.398  1881  1899 E BatteryExternalStatsWorker: no controller energy info supplied for wifi
12-08 09:03:41.417  1881  1965 E WificondControl: No valid wificond scanner interface handler
12-08 09:03:41.422  1881  1964 E WifiScanRequestProxy: Scan failure received. reason: -1,description: Scan was interrupted
12-08 09:03:41.411  1881  1899 E BatteryExternalStatsWorker: no controller energy info supplied for wifi
12-08 09:03:43.807  1881  1894 E memtrack: Couldn't load memtrack module
12-08 09:03:43.939  2448  2448 E BeaconBle: Missing BluetoothAdapter
12-08 09:03:44.047  2448  2448 E BeaconBle: Scan couldn't start for Places
12-08 09:03:46.234  1611  1695 E audio_hw_generic: pcm_write failed cannot write stream data: I/O error
12-08 09:03:48.919 29746 29746 E SchedPolicy: set_timerslack_ns write failed: Operation not permitted
12-08 09:03:49.037 10101 10101 E .android.diale: The String#value field is not present on Android versions >= 6.0
12-08 09:03:49.102 10135 10135 E com.ustwo.lwp: Not starting debugger since process cannot load the jdwp agent.
12-08 09:03:51.384  1881  1965 E WificondScannerImpl: Timed out waiting for scan result from wificond
12-08 09:03:51.422 10101 10140 E PhenotypeFlagCommitter: Retrieving snapshot for com.google.android.dialer failed
12-08 09:03:51.422 10101 10140 E PhenotypeFlagCommitter: java.util.concurrent.TimeoutException: Timed out waiting for Task
12-08 09:03:51.422 10101 10140 E PhenotypeFlagCommitter: 	at fas.a(Unknown Source:77)
12-08 09:03:51.422 10101 10140 E PhenotypeFlagCommitter: 	at fpa.a(Unknown Source:3)
12-08 09:03:51.422 10101 10140 E PhenotypeFlagCommitter: 	at edu.a(PG:7)
12-08 09:03:51.422 10101 10140 E PhenotypeFlagCommitter: 	at bcc.c(PG:14)
12-08 09:03:51.422 10101 10140 E PhenotypeFlagCommitter: 	at bcd.run(Unknown Source:2)
12-08 09:03:51.422 10101 10140 E PhenotypeFlagCommitter: 	at java.util.concurrent.Executors$RunnableAdapter.call(Executors.java:458)
12-08 09:03:51.422 10101 10140 E PhenotypeFlagCommitter: 	at java.util.concurrent.FutureTask.run(FutureTask.java:266)
12-08 09:03:51.422 10101 10140 E PhenotypeFlagCommitter: 	at java.util.concurrent.ScheduledThreadPoolExecutor$ScheduledFutureTask.run(ScheduledThreadPoolExecutor.java:301)
12-08 09:03:51.422 10101 10140 E PhenotypeFlagCommitter: 	at java.util.concurrent.ThreadPoolExecutor.runWorker(ThreadPoolExecutor.java:1167)
12-08 09:03:51.422 10101 10140 E PhenotypeFlagCommitter: 	at java.util.concurrent.ThreadPoolExecutor$Worker.run(ThreadPoolExecutor.java:641)
12-08 09:03:51.422 10101 10140 E PhenotypeFlagCommitter: 	at java.lang.Thread.run(Thread.java:764)
12-08 09:03:51.762  1881  1895 E ActivityManager: ANR in com.google.android.dialer
12-08 09:03:51.762  1881  1895 E ActivityManager: PID: 10101
12-08 09:03:51.762  1881  1895 E ActivityManager: Reason: Broadcast of Intent { act=android.telephony.action.SHOW_VOICEMAIL_NOTIFICATION flg=0x10000010 pkg=com.google.android.dialer cmp=com.google.android.dialer/com.android.dialer.app.voicemail.LegacyVoicemailNotificationReceiver (has extras) }
12-08 09:03:51.762  1881  1895 E ActivityManager: Load: 0.0 / 0.0 / 0.0
12-08 09:03:51.762  1881  1895 E ActivityManager: CPU usage from 52607ms to 0ms ago (2018-12-08 09:02:56.247 to 2018-12-08 09:03:48.853):
12-08 09:03:51.762  1881  1895 E ActivityManager:   61% 1881/system_server: 31% user + 29% kernel / faults: 14308 minor 338 major
12-08 09:03:51.762  1881  1895 E ActivityManager:   37% 1725/surfaceflinger: 15% user + 21% kernel / faults: 103 minor
12-08 09:03:51.762  1881  1895 E ActivityManager:   34% 2692/com.google.android.googlequicksearchbox:search: 16% user + 18% kernel / faults: 13400 minor 203 major
12-08 09:03:51.762  1881  1895 E ActivityManager:   32% 2448/com.google.android.gms.persistent: 18% user + 13% kernel / faults: 2011 minor 121 major
12-08 09:03:51.762  1881  1895 E ActivityManager:   23% 2004/com.android.systemui: 12% user + 10% kernel / faults: 1769 minor 98 major
12-08 09:03:51.762  1881  1895 E ActivityManager:   22% 29746/com.google.android.apps.nexuslauncher: 11% user + 10% kernel / faults: 4978 minor 62 major
12-08 09:03:51.762  1881  1895 E ActivityManager:   10% 645/kswapd0: 0% user + 10% kernel
12-08 09:03:51.762  1881  1895 E ActivityManager:   9.8% 2314/adbd: 0.6% user + 9.1% kernel / faults: 127042 minor
12-08 09:03:51.762  1881  1895 E ActivityManager:   8.7% 7948/kworker/u8:5: 0% user + 8.7% kernel
12-08 09:03:51.762  1881  1895 E ActivityManager:   5.6% 10012/com.evancharlton.mileage: 2.1% user + 3.5% kernel / faults: 10913 minor 5 major
12-08 09:03:51.762  1881  1895 E ActivityManager:   5.1% 1992/com.google.android.inputmethod.latin: 2.8% user + 2.3% kernel / faults: 4109 minor 57 major
12-08 09:03:51.762  1881  1895 E ActivityManager:   4.9% 2119/com.android.phone: 1.6% user + 3.3% kernel / faults: 689 minor 85 major
12-08 09:03:51.762  1881  1895 E ActivityManager:   4.7% 1629/audioserver: 1.8% user + 2.9% kernel / faults: 85 minor 2 major
12-08 09:03:51.762  1881  1895 E ActivityManager:   3.1% 2475/com.google.android.gms: 1.5% user + 1.6% kernel / faults: 1842 minor 53 major
12-08 09:03:51.762  1881  1895 E ActivityManager:   4.6% 1611/android.hardware.audio@2.0-service: 1.7% user + 2.9% kernel / faults: 13 minor
12-08 09:03:51.762  1881  1895 E ActivityManager:   4.6% 2508/kworker/u9:3: 0% user + 4.6% kernel
12-08 09:03:51.762  1881  1895 E ActivityManager:   4% 9893/kworker/u8:1: 0% user + 4% kernel
12-08 09:03:51.762  1881  1895 E ActivityManager:   1.2% 5536/kworker/u9:1: 0% user + 1.2% kernel
12-08 09:03:51.762  1881  1895 E ActivityManager:   0.7% 1747/android.hardware.graphics.composer@2.1-service: 0% user + 0.6% kernel / faults: 69 minor
12-08 09:03:51.762  1881  1895 E ActivityManager:   0.6% 5249/kworker/u9:2: 0% user + 0.6% kernel
12-08 09:03:51.762  1881  1895 E ActivityManager:   0.5% 1704/kworker/u9:4: 0% user + 0.5% kernel
12-08 09:03:51.762  1881  1895 E ActivityManager:   0.4% 1625/android.hardware.sensors@1.0-service: 0% user + 0.3% kernel
12-08 09:03:51.762  1881  1895 E ActivityManager:   0.3% 9985/com.android.commands.monkey: 0% user + 0.3% kernel / faults: 65 minor 4 major
12-08 09:03:51.762  1881  1895 E ActivityManager:   0.3% 1553/logd: 0% user + 0.3% kernel / faults: 8 minor 1 major
12-08 09:03:51.762  1881  1895 E ActivityManager:   0.3% 7141/kworker/u8:3: 0% user + 0.3% kernel
12-08 09:03:51.762  1881  1895 E ActivityManager:   0% 5793/com.google.android.calendar: 0% user + 0% kernel / faults: 274 minor 48 major
12-08 09:03:51.762  1881  1895 E ActivityManager:   0.2% 9451/kworker/u9:0: 0% user + 0.2% kernel
12-08 09:03:51.762  1881  1895 E ActivityManager:   0.2% 8663/kworker/u8:0: 0% user + 0.2% kernel
12-08 09:03:51.762  1881  1895 E ActivityManager:   0.1% 1554/servicemanager: 0% user + 0.1% kernel
12-08 09:03:51.762  1881  1895 E ActivityManager:   0.1% 2330/logcat: 0% user + 0.1% kernel
12-08 09:03:51.762  1881  1895 E ActivityManager:   0% 1//init: 0% user + 0% kernel / faults: 51 minor 15 major
12-08 09:03:51.762  1881  1895 E ActivityManager:   0% 6776/kworker/u8:4: 0% user + 0% kernel
12-08 09:03:51.762  1881  1895 E ActivityManager:   0% 1626/android.hardware.wifi@1.0-service: 0% user + 0% kernel / faults: 33 minor 20 major
12-08 09:03:51.762  1881  1895 E ActivityManager:   0% 2340/com.google.android.setupwizard: 0% user + 0% kernel / faults: 105 minor 17 major
12-08 09:03:51.762  1881  1895 E ActivityManager:   0% 9761/kworker/0:1: 0% user + 0% kernel
12-08 09:03:51.762  1881  1895 E ActivityManager:   0% 1621/android.hardware.graphics.allocator@2.0-service: 0% user + 0% kernel / faults: 30 minor
12-08 09:03:51.762  1881  1895 E ActivityManager:   0% 1718/jbd2/dm-1-8: 0% user + 0% kernel
12-08 09:03:51.762  1881  1895 E ActivityManager:   0% 1741/rild: 0% user + 0% kernel / faults: 10 minor 14 major
12-08 09:03:51.762  1881  1895 E ActivityManager:   0% 2321/mdnsd: 0% user + 0% kernel / faults: 7 minor 11 major
12-08 09:03:51.762  1881  1895 E ActivityManager:   0% 8745/com.android.providers.calendar: 0% user + 0% kernel / faults: 120 minor 10 major
12-08 09:03:51.762  1881  1895 E ActivityManager:   0% 1620/android.hardware.gnss@1.0-service: 0% user + 0% kernel
12-08 09:03:51.762  1881  1895 E ActivityManager:   0% 1672/dmcrypt_write: 0% user + 0% kernel
12-08 09:03:51.762  1881  1895 E ActivityManager:   0% 1726/zygote: 0% user + 0% kernel / faults: 150 minor 8 major
12-08 09:03:51.762  1881  1895 E ActivityManager:   0% 1739/wificond: 0% user + 0% kernel / faults: 10 minor 8 major
12-08 09:03:51.762  1881  1895 E ActivityManager:   0% 5862/com.google.android.deskclock: 0% user + 0% kernel / faults: 109 minor 22 major
12-08 09:03:51.762  1881  1895 E ActivityManager:   0% 30638/com.google.android.apps.photos: 0% user + 0% kernel / faults: 44 minor 46 major
12-08 09:03:51.762  1881  1895 E ActivityManager:   0% 7/rcu_preempt: 0% user + 0% kernel
12-08 09:03:51.762  1881  1895 E ActivityManager:   0% 1555/hwservicemanager: 0% user + 0% kernel / faults: 64 minor 7 major
12-08 09:03:51.762  1881  1895 E ActivityManager:   0% 1737/statsd: 0% user + 0% kernel
12-08 09:03:51.762  1881  1895 E ActivityManager:   0% 2494/com.android.vending: 0% user + 0% kernel / faults: 42 minor 1 major
12-08 09:03:51.762  1881  1895 E ActivityManager:   0% 9748/com.android.carrierdefaultapp: 0% user + 0% kernel / faults: 34 minor 5 major
12-08 09:03:51.762  1881  1895 E ActivityManager:   0% 3/ksoftirqd/0: 0% user + 0% kernel
12-08 09:03:51.762  1881  1895 E ActivityManager:   0% 12/ksoftirqd/1: 0% user + 0% kernel
12-08 09:03:51.762  1881  1895 E ActivityManager:   0% 
12-08 09:03:58.784 29746 29746 E SchedPolicy: set_timerslack_ns write failed: Operation not permitted
12-08 09:03:58.852  1611  1695 E audio_hw_generic: pcm_write failed cannot write stream data: I/O error
12-08 09:03:58.998  1881  4709 E memtrack: Couldn't load memtrack module
12-08 09:03:59.109  1881  4709 E memtrack: Couldn't load memtrack module
12-08 09:04:01.282  1881  1894 E memtrack: Couldn't load memtrack module
12-08 09:04:01.356  1881  4709 E memtrack: Couldn't load memtrack module
12-08 09:04:01.515  1881  4709 E memtrack: Couldn't load memtrack module
12-08 09:04:01.598  1881  4709 E memtrack: Couldn't load memtrack module
12-08 09:04:03.737  1881  4709 E memtrack: Couldn't load memtrack module
12-08 09:04:03.826  1881  4709 E memtrack: Couldn't load memtrack module
12-08 09:04:03.895  1881  4709 E memtrack: Couldn't load memtrack module
12-08 09:04:03.962  1881  4709 E memtrack: Couldn't load memtrack module
12-08 09:04:04.029  1881  4709 E memtrack: Couldn't load memtrack module
12-08 09:04:06.240  1881  4709 E memtrack: Couldn't load memtrack module
12-08 09:04:06.252  1881  1894 E memtrack: Couldn't load memtrack module
12-08 09:04:06.322  1881  4709 E memtrack: Couldn't load memtrack module
12-08 09:04:06.387  1881  4709 E memtrack: Couldn't load memtrack module
12-08 09:04:06.464  1881  4709 E memtrack: Couldn't load memtrack module
12-08 09:04:06.528  1881  4709 E memtrack: Couldn't load memtrack module
12-08 09:04:08.481  1881  4709 E memtrack: Couldn't load memtrack module
12-08 09:04:08.564  1881  4709 E memtrack: Couldn't load memtrack module
12-08 09:04:08.630  1881  4709 E memtrack: Couldn't load memtrack module
12-08 09:04:08.696  1881  4709 E memtrack: Couldn't load memtrack module
12-08 09:04:08.762  1881  4709 E memtrack: Couldn't load memtrack module
12-08 09:04:08.826  1881  4709 E memtrack: Couldn't load memtrack module
12-08 09:04:11.008  1881  1894 E memtrack: Couldn't load memtrack module
12-08 09:04:11.011  1881  4709 E memtrack: Couldn't load memtrack module
12-08 09:04:11.095  1881  4709 E memtrack: Couldn't load memtrack module
12-08 09:04:11.164  1881  4709 E memtrack: Couldn't load memtrack module
12-08 09:04:11.237  1881  4709 E memtrack: Couldn't load memtrack module
12-08 09:04:11.311  1881  4709 E memtrack: Couldn't load memtrack module
12-08 09:04:13.318  1881  4709 E memtrack: Couldn't load memtrack module
12-08 09:04:13.337  1881  1894 E memtrack: Couldn't load memtrack module
12-08 09:04:13.407  1881  4709 E memtrack: Couldn't load memtrack module
12-08 09:04:13.482  1881  4709 E memtrack: Couldn't load memtrack module
