--------- beginning of main
--------- beginning of system
12-08 16:03:24.988  1738  1772 E storaged: getDiskStats failed with result NOT_SUPPORTED and size 0
12-08 16:03:25.182  2494  2716 E PlayCommon: [101] com.google.android.play.b.g.a(448): Failed to connect to server: java.net.UnknownHostException: Unable to resolve host "play.googleapis.com": No address associated with hostname
12-08 16:03:35.781  2448 16658 E ctxmgr  : [ProducerStatusImpl]updateStateForNewContextData: inactive, contextName=7
12-08 16:03:38.280  2448  2448 E BeaconBle: Missing BluetoothAdapter
12-08 16:03:38.341  2448  2448 E BeaconBle: Scan couldn't start for Places
12-08 16:03:59.781  1730  1944 E         : Couldn't opendir /data/app/vmdl596226090.tmp: No such file or directory
12-08 16:03:59.781  1730  1944 E installd: Failed to delete /data/app/vmdl596226090.tmp: No such file or directory
12-08 16:04:07.690  1828  1828 E netmgr  : Failed to open QEMU pipe 'qemud:network': Invalid argument
12-08 16:04:07.691  1828  1828 E netmgr  : WifiForwarder unable to open QEMU pipe: Invalid argument
12-08 16:04:13.182  2475 16797 E ChromeSync: [Sync,SyncIntentOperation] Error handling the intent: Intent { act=android.intent.action.PACKAGE_ADDED dat=package:com.evancharlton.mileage flg=0x4000010 cmp=com.google.android.gms/.chimera.GmsIntentOperationService (has extras) }.
12-08 16:04:23.774 16813 16813 E harlton.mileag: Not starting debugger since process cannot load the jdwp agent.
12-08 16:04:26.319  1738  1772 E storaged: getDiskStats failed with result NOT_SUPPORTED and size 0
12-08 16:04:39.428  1739  1739 E wificond: NL80211_CMD_TRIGGER_SCAN failed: Device or resource busy
12-08 16:04:44.715  1881  1896 E AutofillSession: No assist structure - app might have crashed providing it
12-08 16:05:03.070  1739  1739 E wificond: Receive ERROR message in response to 'stop scheduled scan' request: Operation not supported on transport endpoint
12-08 16:05:03.217 16015 16015 E wpa_supplicant: nl80211: Failed to open /proc/sys/net/ipv4/conf/p2p-dev-wlan0/drop_unicast_in_l2_multicast: No such file or directory
12-08 16:05:03.217 16015 16015 E wpa_supplicant: nl80211: Failed to set IPv4 unicast in multicast filter
12-08 16:05:03.259 16015 16015 E wpa_supplicant: nl80211: Failed to open /proc/sys/net/ipv4/conf/p2p-dev-wlan0/drop_unicast_in_l2_multicast: No such file or directory
12-08 16:05:03.259 16015 16015 E wpa_supplicant: nl80211: Failed to set IPv4 unicast in multicast filter
12-08 16:05:05.757 16015 16015 E wpa_supplicant: nl80211: Failed to open /proc/sys/net/ipv4/conf/wlan0/drop_unicast_in_l2_multicast: No such file or directory
12-08 16:05:05.758 16015 16015 E wpa_supplicant: nl80211: Failed to set IPv4 unicast in multicast filter
12-08 16:05:05.844 16015 16015 E wpa_supplicant: nl80211: Failed to open /proc/sys/net/ipv4/conf/wlan0/drop_unicast_in_l2_multicast: No such file or directory
12-08 16:05:05.845 16015 16015 E wpa_supplicant: nl80211: Failed to set IPv4 unicast in multicast filter
12-08 16:05:06.127  1626  1626 E android.hardware.wifi@1.0-service: Failed to open directory: Permission denied
12-08 16:05:06.127  1626  1626 E android.hardware.wifi@1.0-service: Error occurred while deleting old tombstone files
12-08 16:05:06.127  1626  1626 E android.hardware.wifi@1.0-service: Error writing files to flash
12-08 16:05:08.511  1828  1828 E netmgr  : Failed to open QEMU pipe 'qemud:network': Invalid argument
12-08 16:05:08.511  1828  1828 E netmgr  : WifiForwarder unable to open QEMU pipe: Invalid argument
12-08 16:05:08.786  1881  1966 E WifiP2pService: Unhandled message { when=0 what=131204 target=com.android.internal.util.StateMachine$SmHandler }
12-08 16:05:08.817  1881  1899 E BatteryExternalStatsWorker: no controller energy info supplied for wifi
12-08 16:05:08.858  1881  1899 E BatteryExternalStatsWorker: no controller energy info supplied for wifi
12-08 16:05:21.804  1881  1896 E AutofillSession: No assist structure - app might have crashed providing it
12-08 16:05:27.062  1738  1772 E storaged: getDiskStats failed with result NOT_SUPPORTED and size 0
12-08 16:05:50.752  1992  1992 E native  : suggestion-transformer.cc:118 suggestion picked candidate not found for id: 3
12-08 16:06:08.809  1828  1828 E netmgr  : Failed to open QEMU pipe 'qemud:network': Invalid argument
12-08 16:06:08.810  1828  1828 E netmgr  : WifiForwarder unable to open QEMU pipe: Invalid argument
12-08 16:06:08.896  2475 16758 E SQLiteCastStore: Skip saving CastDeviceInfo: "Nearby device" (__cast_nearby___V_2fd917db-db8d-4a62-aa00-03154b410861)
12-08 16:06:26.952  1611  1695 E audio_hw_generic: pcm_write failed cannot write stream data: I/O error
12-08 16:06:27.066  1738  1772 E storaged: getDiskStats failed with result NOT_SUPPORTED and size 0
12-08 16:06:37.513  1881  1899 E BatteryExternalStatsWorker: no controller energy info supplied for wifi
12-08 16:06:53.253  1881  1896 E AutofillSession: No assist structure - app might have crashed providing it
12-08 16:07:08.865  1828  1828 E netmgr  : Failed to open QEMU pipe 'qemud:network': Invalid argument
12-08 16:07:08.865  1828  1828 E netmgr  : WifiForwarder unable to open QEMU pipe: Invalid argument
12-08 16:07:27.388  1738  1772 E storaged: getDiskStats failed with result NOT_SUPPORTED and size 0
12-08 16:07:48.820  2448 16000 E ctxmgr  : [ProducerStatusImpl]updateStateForNewContextData: inactive, contextName=7
12-08 16:07:51.312  2448 16000 E ctxmgr  : [ProducerStatusImpl]updateStateForNewContextData: inactive, contextName=1
12-08 16:07:51.325  2448 16000 E ctxmgr  : [ProducerStatusImpl]updateStateForNewContextData: inactive, contextName=1
12-08 16:07:51.550  2448  2448 E BeaconBle: Missing BluetoothAdapter
12-08 16:07:51.660  2448  2448 E BeaconBle: Scan couldn't start for Places
12-08 16:08:11.958  1828  1828 E netmgr  : Failed to open QEMU pipe 'qemud:network': Invalid argument
12-08 16:08:11.962  1828  1828 E netmgr  : WifiForwarder unable to open QEMU pipe: Invalid argument
12-08 16:08:11.993  1881  1895 E system_server: libdebuggerd_client: failed to read response from tombstoned: timeout reached?
12-08 16:08:14.669  1881  1895 E system_server: libdebuggerd_client: received packet of unexpected length from tombstoned: expected 128, received -1
12-08 16:08:14.670  1881  1895 E ActivityManager: Aborting stack trace dump (current firstPid=1992); deadline exceeded.
12-08 16:08:14.704  1881  1895 E ActivityManager: ANR in com.evancharlton.mileage (com.evancharlton.mileage/.FieldActivity)
12-08 16:08:14.704  1881  1895 E ActivityManager: PID: 16813
12-08 16:08:14.704  1881  1895 E ActivityManager: Reason: Input dispatching timed out (Waiting because no window has focus but there is a focused application that may eventually add a window when it finishes starting up.)
12-08 16:08:14.704  1881  1895 E ActivityManager: Load: 3.43 / 3.38 / 3.84
12-08 16:08:14.704  1881  1895 E ActivityManager: CPU usage from 0ms to 28475ms later (2018-12-08 16:07:46.196 to 2018-12-08 16:08:14.670):
12-08 16:08:14.704  1881  1895 E ActivityManager:   56% 1881/system_server: 28% user + 27% kernel / faults: 4441 minor 260 major
12-08 16:08:14.704  1881  1895 E ActivityManager:   51% 1725/surfaceflinger: 21% user + 30% kernel / faults: 26 minor
12-08 16:08:14.704  1881  1895 E ActivityManager:   35% 2692/com.google.android.googlequicksearchbox:search: 19% user + 16% kernel / faults: 11696 minor 14 major
12-08 16:08:14.704  1881  1895 E ActivityManager:   26% 645/kswapd0: 0% user + 26% kernel
12-08 16:08:14.704  1881  1895 E ActivityManager:   18% 1992/com.google.android.inputmethod.latin: 8.7% user + 10% kernel / faults: 2571 minor 72 major
12-08 16:08:14.704  1881  1895 E ActivityManager:   17% 2314/adbd: 0.7% user + 16% kernel / faults: 42148 minor
12-08 16:08:14.704  1881  1895 E ActivityManager:   17% 16529/kworker/u8:3: 0% user + 17% kernel
12-08 16:08:14.704  1881  1895 E ActivityManager:   10% 2448/com.google.android.gms.persistent: 6.3% user + 4.4% kernel / faults: 991 minor 74 major
12-08 16:08:14.704  1881  1895 E ActivityManager:   9.7% 16813/com.evancharlton.mileage: 0.6% user + 9% kernel / faults: 11243 minor 110 major
12-08 16:08:14.704  1881  1895 E ActivityManager:   8.4% 1625/android.hardware.sensors@1.0-service: 0.8% user + 7.6% kernel
12-08 16:08:14.704  1881  1895 E ActivityManager:   8.4% 1704/kworker/u9:4: 0% user + 8.4% kernel
12-08 16:08:14.704  1881  1895 E ActivityManager:   0.6% 2004/com.android.systemui: 0% user + 0.6% kernel / faults: 115 minor 49 major
12-08 16:08:14.704  1881  1895 E ActivityManager:   0.3% 1747/android.hardware.graphics.composer@2.1-service: 0% user + 0.3% kernel / faults: 31 minor
12-08 16:08:14.704  1881  1895 E ActivityManager:   0.2% 5249/kworker/u9:2: 0% user + 0.2% kernel
12-08 16:08:14.704  1881  1895 E ActivityManager:   0.2% 15251/kworker/u8:0: 0% user + 0.2% kernel
12-08 16:08:14.704  1881  1895 E ActivityManager:   0.2% 9451/kworker/u9:0: 0% user + 0.2% kernel
12-08 16:08:14.704  1881  1895 E ActivityManager:   0.1% 16852/kworker/u8:1: 0% user + 0.1% kernel
12-08 16:08:14.704  1881  1895 E ActivityManager:   0.1% 1553/logd: 0% user + 0.1% kernel / faults: 1 minor
12-08 16:08:14.704  1881  1895 E ActivityManager:   0% 15085/kworker/u8:6: 0% user + 0% kernel
12-08 16:08:14.704  1881  1895 E ActivityManager:   0.1% 16786/com.android.commands.monkey: 0.1% user + 0% kernel / faults: 11 minor 1 major
12-08 16:08:14.704  1881  1895 E ActivityManager:   0.1% 2330/logcat: 0% user + 0% kernel
12-08 16:08:14.704  1881  1895 E ActivityManager:   0% 2475/com.google.android.gms: 0% user + 0% kernel / faults: 98 minor 7 major
12-08 16:08:14.704  1881  1895 E ActivityManager:   0.1% 2508/kworker/u9:3: 0% user + 0.1% kernel
12-08 16:08:14.704  1881  1895 E ActivityManager:   0% 3/ksoftirqd/0: 0% user + 0% kernel
12-08 16:08:14.704  1881  1895 E ActivityManager:   0% 1621/android.hardware.graphics.allocator@2.0-service: 0% user + 0% kernel / faults: 19 minor
12-08 16:08:14.704  1881  1895 E ActivityManager:   0% 13274/com.android.phone: 0% user + 0% kernel / faults: 15 minor 17 major
12-08 16:08:14.704  1881  1895 E ActivityManager:   0% 15677/kworker/u8:2: 0% user + 0% kernel
12-08 16:08:14.704  1881  1895 E ActivityManager:   0% 7/rcu_preempt: 0% user + 0% kernel
12-08 16:08:14.704  1881  1895 E ActivityManager:   0% 1620/android.hardware.gnss@1.0-service: 0% user + 0% kernel
12-08 16:08:14.704  1881  1895 E ActivityManager:   0% 1630/lmkd: 0% user + 0% kernel
12-08 16:08:14.704  1881  1895 E ActivityManager:   0% 1672/dmcrypt_write: 0% user + 0% kernel
12-08 16:08:14.704  1881  1895 E ActivityManager:   0% 1718/jbd2/dm-1-8: 0% user + 0% kernel
12-08 16:08:14.704  1881  1895 E ActivityManager:   0% 1737/statsd: 0% user + 0% kernel
12-08 16:08:14.704  1881  1895 E ActivityManager:   0% 1866/hostapd_nohidl: 0% user + 0% kernel
12-08 16:08:14.704  1881  1895 E ActivityManager:   0% 2494/com.android.vending: 0% user + 0% kernel / faults: 12 minor
12-08 16:08:14.704  1881  1895 E ActivityManager:   0% 16717/kworker/0:0: 0% user + 0% kernel
12-08 16:08:14.704  1881  1895 E ActivityManager:   0% 29746/com.google.android.apps.nexuslauncher: 0% user + 0% kernel / faults: 21 minor 4 major
12-08 16:08:14.704  1881  1895 E ActivityManager:  +0% 16883/crash_dump32: 0% user + 0% kernel
12-08 16:08:14.704  1881  1895 E ActivityManager:  +0% 16884/crash_dump32: 0% user + 0% kernel
12-08 16:08:14.704  1881  1895 E ActivityManager: 26% TOTAL: 7.6% user + 11% kernel + 6.5% iowait + 0.7% softirq
12-08 16:08:14.704  1881  1895 E ActivityManager: CPU usage from 138ms to 7821ms later (2018-12-08 16:07:46.333 to 2018-12-08 16:07:54.017) with 99% awake:
12-08 16:08:14.704  1881  1895 E ActivityManager:   100% 1881/system_server: 49% user + 50% kernel / faults: 388 minor 3 major
12-08 16:08:14.704  1881  1895 E ActivityManager:     47% 1895/ActivityManager: 24% user + 22% kernel
12-08 16:08:14.704  1881  1895 E ActivityManager:     46% 4709/Binder:1881_19: 23% user + 22% kernel
12-08 16:08:14.704  1881  1895 E ActivityManager:     1.1% 1892/Binder:1881_2: 0.7% user + 0.3% kernel
12-08 16:08:14.704  1881  1895 E ActivityManager:     0.9% 4115/Binder:1881_13: 0% user + 0.9% kernel
12-08 16:08:14.704  1881  1895 E ActivityManager:     0.7% 5179/Binder:1881_1C: 0% user + 0.7% kernel
12-08 16:08:14.704  1881  1895 E ActivityManager:     0.5% 1934/android.anim: 0.5% user + 0% kernel
12-08 16:08:14.704  1881  1895 E ActivityManager:     0.5% 5571/Binder:1881_1E: 0.3% user + 0.1% kernel
12-08 16:08:14.704  1881  1895 E ActivityManager:     0.3% 1896/android.ui: 0.1% user + 0.1% kernel
12-08 16:08:14.704  1881  1895 E ActivityManager:     0.3% 1953/InputDispatcher: 0.3% user + 0% kernel
12-08 16:08:14.704  1881  1895 E ActivityManager:     0.1% 1903/android.display: 0.1% user + 0% kernel
12-08 16:08:14.704  1881  1895 E ActivityManager:     0.1% 1905/PowerManagerSer: 0% user + 0.1% kernel
12-08 16:08:14.704  1881  1895 E ActivityManager:     0.1% 1935/android.anim.lf: 0% user + 0.1% kernel
12-08 16:08:14.704  1881  1895 E ActivityManager:     0.1% 1941/SensorService: 0% user + 0.1% kernel
12-08 16:08:14.704  1881  1895 E ActivityManager:     0.1% 4163/Binder:1881_14: 0% user + 0.1% kernel
12-08 16:08:14.704  1881  1895 E ActivityManager:     0.1% 4493/Binder:1881_18: 0% user + 0.1% kernel
12-08 16:08:14.704  1881  1895 E ActivityManager:   52% 2448/com.google.android.gms.persistent: 31% user + 21% kernel / faults: 451 minor 35 major
12-08 16:08:14.704  1881  1895 E ActivityManager:     1.7% 16658/lowpool[705]: 1.7% user + 0% kernel
12-08 16:08:14.704  1881  1895 E ActivityManager:     1.3% 16877/lowpool[707]: 0.7% user + 0.5% kernel
12-08 16:08:14.704  1881  1895 E ActivityManager:     0.9%
12-08 16:08:19.877  1992  1992 E libbacktrace: void SignalHandler(int, siginfo_t *, void *): Timed out waiting for unwind thread to indicate it completed.
12-08 16:08:19.911  1992  2010 E libbacktrace: bool BacktraceCurrent::UnwindThread(size_t): Timed out waiting for signal handler to get ucontext data.
12-08 16:08:19.978  1744  1744 E /system/bin/tombstoned: Traces for pid 1992 written to: /data/anr/trace_13
12-08 16:08:25.362  1881  5791 E memtrack: Couldn't load memtrack module
12-08 16:08:25.426  2494  2716 E PlayCommon: [101] com.google.android.play.b.g.a(448): Failed to connect to server: java.net.UnknownHostException: Unable to resolve host "play.googleapis.com": No address associated with hostname
12-08 16:08:25.441  1744  1744 E /system/bin/tombstoned: Tombstone written to: /data/tombstones/tombstone_03
12-08 16:08:25.469  1881  5791 E memtrack: Couldn't load memtrack module
12-08 16:08:27.687  1738  1772 E storaged: getDiskStats failed with result NOT_SUPPORTED and size 0
12-08 16:08:27.753  1881  5791 E memtrack: Couldn't load memtrack module
12-08 16:08:27.869  1881  5791 E memtrack: Couldn't load memtrack module
12-08 16:08:27.955  1881  5791 E memtrack: Couldn't load memtrack module
12-08 16:08:28.040  1881  5791 E memtrack: Couldn't load memtrack module
12-08 16:08:30.430  1881  5791 E memtrack: Couldn't load memtrack module
12-08 16:08:30.507  1881  5791 E memtrack: Couldn't load memtrack module
12-08 16:08:30.576  1881  5791 E memtrack: Couldn't load memtrack module
12-08 16:08:30.644  1881  5791 E memtrack: Couldn't load memtrack module
12-08 16:08:30.708  1881  5791 E memtrack: Couldn't load memtrack module
12-08 16:08:35.479  1881  5791 E memtrack: Couldn't load memtrack module
12-08 16:08:35.554  1881  5791 E memtrack: Couldn't load memtrack module
12-08 16:08:35.625  1881  5791 E memtrack: Couldn't load memtrack module
12-08 16:08:35.695  1881  5791 E memtrack: Couldn't load memtrack module
12-08 16:08:35.763  1881  5791 E memtrack: Couldn't load memtrack module
12-08 16:08:37.950  1881  5791 E memtrack: Couldn't load memtrack module
12-08 16:08:38.023  1881  5791 E memtrack: Couldn't load memtrack module
