--------- beginning of main
--------- beginning of system
12-08 02:32:54.084  2476  2476 E ndroid.keychai: Not starting debugger since process cannot load the jdwp agent.
12-08 02:32:54.099  2469  2469 E oid.documentsu: Not starting debugger since process cannot load the jdwp agent.
12-08 02:32:54.892  2525  2525 E droid.apps.doc: Not starting debugger since process cannot load the jdwp agent.
12-08 02:32:55.968  2565  2565 E d.process.medi: Not starting debugger since process cannot load the jdwp agent.
12-08 02:32:55.986  2558  2558 E ocess.gservice: Not starting debugger since process cannot load the jdwp agent.
12-08 02:32:56.166  1632  1632 E lowmemorykiller: Error opening /proc/2432/oom_score_adj; errno=2
12-08 02:32:56.167  1632  1632 E lowmemorykiller: Error opening /proc/2394/oom_score_adj; errno=2
12-08 02:32:56.179  1632  1632 E lowmemorykiller: Error opening /proc/2432/oom_score_adj; errno=2
12-08 02:32:57.194  2525  2525 E DocsApplication: [main] No default account found during application creation.
12-08 02:32:58.027  1729  1931 E         : Couldn't opendir /data/app/vmdl283460873.tmp: No such file or directory
12-08 02:32:58.027  1729  1931 E installd: Failed to delete /data/app/vmdl283460873.tmp: No such file or directory
12-08 02:33:01.492  2626  2626 E harlton.mileag: Not starting debugger since process cannot load the jdwp agent.
12-08 02:33:02.715 16561 16708 E MicroDetectionWorker: Stale runnable..ignoring
12-08 02:33:03.183 16085 31762 E putmethod.lati: Invalid ID 0x00000001.
12-08 02:33:03.220 16085 31762 E LstmTrainingCache: emn: Can't get resource name for input slot
12-08 02:33:03.220 16085 31762 E LstmTrainingCache: android.content.res.Resources$NotFoundException: Unable to find resource ID #0x1
12-08 02:33:03.220 16085 31762 E LstmTrainingCache: 	at android.content.res.ResourcesImpl.getResourceName(ResourcesImpl.java:255)
12-08 02:33:03.220 16085 31762 E LstmTrainingCache: 	at android.content.res.Resources.getResourceName(Resources.java:1954)
12-08 02:33:03.220 16085 31762 E LstmTrainingCache: 	at emn.a(PG:12)
12-08 02:33:03.220 16085 31762 E LstmTrainingCache: 	at emk.run(PG:5)
12-08 02:33:03.220 16085 31762 E LstmTrainingCache: 	at java.lang.Thread.run(Thread.java:764)
12-08 02:33:03.397 16506 16506 E BeaconBle: Missing BluetoothAdapter
12-08 02:33:03.429 16506 16506 E BeaconBle: Scan couldn't start for Places
12-08 02:33:06.793 16506  2647 E ctxmgr  : [AppIntervalImpl]closeInterval: stopTimeMillis invalid, stop=1544236386793, start=1544238227857
12-08 02:33:06.794 16506  2647 E ctxmgr  : [AppIntervalImpl]closeInterval: stopTimeMillis invalid, stop=1544236386794, start=1544238227858
12-08 02:33:10.769  2665  2665 E emui:screensho: Not starting debugger since process cannot load the jdwp agent.
12-08 02:33:10.787  1829  1829 E netmgr  : Failed to open QEMU pipe 'qemud:network': Invalid argument
12-08 02:33:10.787  1829  1829 E netmgr  : WifiForwarder unable to open QEMU pipe: Invalid argument
12-08 02:33:11.462  2665  2665 E SoundPool: error loading /product/media/audio/ui/camera_click.ogg
12-08 02:33:11.699  1724  1863 E SurfaceFlinger: ro.sf.lcd_density must be defined as a build property
12-08 02:33:11.726  1739  1778 E OMXNodeInstance: getConfig(0xee326b40:google.vorbis.decoder, ConfigAndroidVendorExtension(0x6f100004)) ERROR: Undefined(0x80001001)
12-08 02:33:11.869  1724  2165 E SurfaceFlinger: ro.sf.lcd_density must be defined as a build property
12-08 02:33:12.816  2626  2626 E SpannableStringBuilder: SPAN_EXCLUSIVE_EXCLUSIVE spans cannot have a zero length
12-08 02:33:12.816  2626  2626 E SpannableStringBuilder: SPAN_EXCLUSIVE_EXCLUSIVE spans cannot have a zero length
12-08 02:33:16.082  1632  1632 E lowmemorykiller: Error writing /proc/1330/oom_score_adj; errno=22
12-08 02:33:16.082  1632  1632 E lowmemorykiller: Error opening /proc/2558/oom_score_adj; errno=2
12-08 02:33:17.082 16506 16506 E BeaconBle: Missing BluetoothAdapter
12-08 02:33:17.144 16506 16506 E BeaconBle: Scan couldn't start for Places
12-08 02:33:24.533  2712  2712 E oid.apps.photo: Not starting debugger since process cannot load the jdwp agent.
12-08 02:33:25.462  2730  2730 E ocess.gservice: Not starting debugger since process cannot load the jdwp agent.
12-08 02:33:32.565  1737  1809 E storaged: getDiskStats failed with result NOT_SUPPORTED and size 0
12-08 02:33:34.059 16561 16561 E ContextIntentStarter: No activity found for any of the 0 intents
12-08 02:33:34.187  1657  1657 E wpa_supplicant: nl80211: Failed to open /proc/sys/net/ipv4/conf/p2p-dev-wlan0/drop_unicast_in_l2_multicast: No such file or directory
12-08 02:33:34.187  1657  1657 E wpa_supplicant: nl80211: Failed to set IPv4 unicast in multicast filter
12-08 02:33:34.208  1657  1657 E wpa_supplicant: nl80211: Failed to open /proc/sys/net/ipv4/conf/p2p-dev-wlan0/drop_unicast_in_l2_multicast: No such file or directory
12-08 02:33:34.208  1657  1657 E wpa_supplicant: nl80211: Failed to set IPv4 unicast in multicast filter
12-08 02:33:34.311  1657  1657 E wpa_supplicant: nl80211: Failed to open /proc/sys/net/ipv4/conf/wlan0/drop_unicast_in_l2_multicast: No such file or directory
12-08 02:33:34.311  1657  1657 E wpa_supplicant: nl80211: Failed to set IPv4 unicast in multicast filter
12-08 02:33:34.311  1657  1657 E wpa_supplicant: nl80211: Failed to open /proc/sys/net/ipv4/conf/wlan0/drop_unicast_in_l2_multicast: No such file or directory
12-08 02:33:34.311  1657  1657 E wpa_supplicant: nl80211: Failed to set IPv4 unicast in multicast filter
12-08 02:33:34.406  1657  1657 E wpa_supplicant: nl80211: Failed to open /proc/sys/net/ipv4/conf/wlan0/drop_unicast_in_l2_multicast: No such file or directory
12-08 02:33:34.406  1657  1657 E wpa_supplicant: nl80211: Failed to set IPv4 unicast in multicast filter
12-08 02:33:34.641  2785  2785 E rrierdefaultap: Not starting debugger since process cannot load the jdwp agent.
12-08 02:33:34.713  1628  1628 E android.hardware.wifi@1.0-service: Failed to open directory: Permission denied
12-08 02:33:34.713  1628  1628 E android.hardware.wifi@1.0-service: Error occurred while deleting old tombstone files
12-08 02:33:34.713  1628  1628 E android.hardware.wifi@1.0-service: Error writing files to flash
12-08 02:33:35.023 15976 16055 E WifiP2pService: Unhandled message { when=-3ms what=131204 target=com.android.internal.util.StateMachine$SmHandler }
12-08 02:33:35.045 15976 15994 E BatteryExternalStatsWorker: no controller energy info supplied for wifi
12-08 02:33:35.152 15976 15994 E BatteryExternalStatsWorker: no controller energy info supplied for wifi
12-08 02:33:35.195 16506  1719 E WakeLock: GCM_HB_ALARM release without a matched acquire!
12-08 02:33:35.247 16506  1719 E WakeLock: GCM_CONN_ALARM release without a matched acquire!
12-08 02:33:41.012 16506  1550 E ctxmgr  : [AppIntervalImpl]closeInterval: stopTimeMillis invalid, stop=1544236421012, start=1544238227857
12-08 02:33:41.022 16506  1550 E ctxmgr  : [AppIntervalImpl]closeInterval: stopTimeMillis invalid, stop=1544236421022, start=1544238227858
12-08 02:33:41.030 15927  2805 E audio_hw_generic: pcm_open(in) failed: cannot open device '/dev/snd/pcmC0D0c': Device or resource busy: channels 2 format 0 rate 16000
12-08 02:34:10.789  1829  1829 E netmgr  : Failed to open QEMU pipe 'qemud:network': Invalid argument
12-08 02:34:10.789  1829  1829 E netmgr  : WifiForwarder unable to open QEMU pipe: Invalid argument
12-08 02:34:32.568  1737  1809 E storaged: getDiskStats failed with result NOT_SUPPORTED and size 0
12-08 02:34:53.960 16485 16485 E SchedPolicy: set_timerslack_ns write failed: Operation not permitted
12-08 02:34:59.051 16485 16485 E SchedPolicy: set_timerslack_ns write failed: Operation not permitted
12-08 02:35:10.792  1829  1829 E netmgr  : Failed to open QEMU pipe 'qemud:network': Invalid argument
12-08 02:35:10.792  1829  1829 E netmgr  : WifiForwarder unable to open QEMU pipe: Invalid argument
12-08 02:35:32.572  1737  1809 E storaged: getDiskStats failed with result NOT_SUPPORTED and size 0
12-08 02:36:10.797  1829  1829 E netmgr  : Failed to open QEMU pipe 'qemud:network': Invalid argument
12-08 02:36:10.798  1829  1829 E netmgr  : WifiForwarder unable to open QEMU pipe: Invalid argument
12-08 02:36:32.572  1737  1809 E storaged: getDiskStats failed with result NOT_SUPPORTED and size 0
12-08 02:37:10.798  1829  1829 E netmgr  : Failed to open QEMU pipe 'qemud:network': Invalid argument
12-08 02:37:10.798  1829  1829 E netmgr  : WifiForwarder unable to open QEMU pipe: Invalid argument
12-08 02:37:32.574  1737  1809 E storaged: getDiskStats failed with result NOT_SUPPORTED and size 0
12-08 02:37:36.150  2626  2626 E SpannableStringBuilder: SPAN_EXCLUSIVE_EXCLUSIVE spans cannot have a zero length
12-08 02:37:36.150  2626  2626 E SpannableStringBuilder: SPAN_EXCLUSIVE_EXCLUSIVE spans cannot have a zero length
12-08 02:37:36.861 15976 19469 E WindowManager: Performed 6 layouts in a row. Skipping
12-08 02:37:36.878 15976 16026 E WindowManager: Performed 6 layouts in a row. Skipping
12-08 02:37:36.926 15976 16026 E WindowManager: Performed 6 layouts in a row. Skipping
12-08 02:37:36.951 15976 16026 E WindowManager: Performed 6 layouts in a row. Skipping
12-08 02:37:36.972 15976 16026 E WindowManager: Performed 6 layouts in a row. Skipping
12-08 02:37:36.987 15976 15991 E WindowManager: Performed 6 layouts in a row. Skipping
12-08 02:37:37.021 15976 16026 E WindowManager: Performed 6 layouts in a row. Skipping
12-08 02:37:37.045 15976 16026 E WindowManager: Performed 6 layouts in a row. Skipping
12-08 02:37:37.080 15976 16026 E WindowManager: Performed 6 layouts in a row. Skipping
12-08 02:37:37.105 15976 19469 E WindowManager: Performed 6 layouts in a row. Skipping
12-08 02:37:37.141 15976 16026 E WindowManager: Performed 6 layouts in a row. Skipping
12-08 02:37:37.214 15976 16026 E WindowManager: Performed 6 layouts in a row. Skipping
12-08 02:37:37.243 15976 19469 E WindowManager: Performed 6 layouts in a row. Skipping
12-08 02:37:37.267 15976 16026 E WindowManager: Performed 6 layouts in a row. Skipping
12-08 02:37:37.308 15976 16026 E WindowManager: Performed 6 layouts in a row. Skipping
12-08 02:37:37.327 15976 16026 E WindowManager: Performed 6 layouts in a row. Skipping
12-08 02:37:37.371 15976 16026 E WindowManager: Performed 6 layouts in a row. Skipping
