--------- beginning of main
--------- beginning of system
12-09 02:08:12.256  1834  1834 E netmgr  : Failed to open QEMU pipe 'qemud:network': Invalid argument
12-09 02:08:12.256  1834  1834 E netmgr  : WifiForwarder unable to open QEMU pipe: Invalid argument
12-09 02:08:12.547  1885  1899 E ActivityManager: Failure starting process com.evancharlton.mileage
12-09 02:08:12.547  1885  1899 E ActivityManager: java.lang.SecurityException: Package com.evancharlton.mileage was not found!
12-09 02:08:12.547  1885  1899 E ActivityManager: 	at com.android.server.pm.PackageManagerService.checkPackageStartable(PackageManagerService.java:3987)
12-09 02:08:12.547  1885  1899 E ActivityManager: 	at com.android.server.am.ActivityManagerService.startProcessLocked(ActivityManagerService.java:4234)
12-09 02:08:12.547  1885  1899 E ActivityManager: 	at com.android.server.am.ActivityManagerService.startProcessLocked(ActivityManagerService.java:4199)
12-09 02:08:12.547  1885  1899 E ActivityManager: 	at com.android.server.am.ActivityManagerService.startProcessLocked(ActivityManagerService.java:4181)
12-09 02:08:12.547  1885  1899 E ActivityManager: 	at com.android.server.am.ActivityManagerService.startProcessLocked(ActivityManagerService.java:4067)
12-09 02:08:12.547  1885  1899 E ActivityManager: 	at com.android.server.am.ActivityStackSupervisor.startSpecificActivityLocked(ActivityStackSupervisor.java:1715)
12-09 02:08:12.547  1885  1899 E ActivityManager: 	at com.android.server.am.ActivityStack.resumeTopActivityInnerLocked(ActivityStack.java:2764)
12-09 02:08:12.547  1885  1899 E ActivityManager: 	at com.android.server.am.ActivityStack.resumeTopActivityUncheckedLocked(ActivityStack.java:2302)
12-09 02:08:12.547  1885  1899 E ActivityManager: 	at com.android.server.am.ActivityStackSupervisor.resumeFocusedStackTopActivityLocked(ActivityStackSupervisor.java:2234)
12-09 02:08:12.547  1885  1899 E ActivityManager: 	at com.android.server.am.ActivityStackSupervisor.resumeFocusedStackTopActivityLocked(ActivityStackSupervisor.java:2218)
12-09 02:08:12.547  1885  1899 E ActivityManager: 	at com.android.server.am.ActivityManagerService.handleAppDiedLocked(ActivityManagerService.java:5923)
12-09 02:08:12.547  1885  1899 E ActivityManager: 	at com.android.server.am.ActivityManagerService.removeProcessLocked(ActivityManagerService.java:7501)
12-09 02:08:12.547  1885  1899 E ActivityManager: 	at com.android.server.am.ActivityManagerService.killPackageProcessesLocked(ActivityManagerService.java:7142)
12-09 02:08:12.547  1885  1899 E ActivityManager: 	at com.android.server.am.ActivityManagerService.forceStopPackageLocked(ActivityManagerService.java:7275)
12-09 02:08:12.547  1885  1899 E ActivityManager: 	at com.android.server.am.ActivityManagerService$MainHandler.handleMessage(ActivityManagerService.java:2289)
12-09 02:08:12.547  1885  1899 E ActivityManager: 	at android.os.Handler.dispatchMessage(Handler.java:106)
12-09 02:08:12.547  1885  1899 E ActivityManager: 	at android.os.Looper.loop(Looper.java:193)
12-09 02:08:12.547  1885  1899 E ActivityManager: 	at android.os.HandlerThread.run(HandlerThread.java:65)
12-09 02:08:12.547  1885  1899 E ActivityManager: 	at com.android.server.ServiceThread.run(ServiceThread.java:44)
12-09 02:08:12.728  2342  4708 E IconLoader: Unexpected null component name or activity info: ComponentInfo{com.evancharlton.mileage/com.evancharlton.mileage.Mileage}, null
12-09 02:08:15.871  1731  1731 E         : Couldn't opendir /data/app/vmdl1313936679.tmp: No such file or directory
12-09 02:08:15.871  1731  1731 E installd: Failed to delete /data/app/vmdl1313936679.tmp: No such file or directory
12-09 02:08:18.052 11608 11608 E harlton.mileag: Not starting debugger since process cannot load the jdwp agent.
12-09 02:08:19.053  1739  1762 E storaged: getDiskStats failed with result NOT_SUPPORTED and size 0
12-09 02:08:19.559  1994  7294 E putmethod.lati: Invalid ID 0x00000001.
12-09 02:08:19.563  1994  7294 E LstmTrainingCache: emn: Can't get resource name for input slot
12-09 02:08:19.563  1994  7294 E LstmTrainingCache: android.content.res.Resources$NotFoundException: Unable to find resource ID #0x1
12-09 02:08:19.563  1994  7294 E LstmTrainingCache: 	at android.content.res.ResourcesImpl.getResourceName(ResourcesImpl.java:255)
12-09 02:08:19.563  1994  7294 E LstmTrainingCache: 	at android.content.res.Resources.getResourceName(Resources.java:1954)
12-09 02:08:19.563  1994  7294 E LstmTrainingCache: 	at emn.a(PG:12)
12-09 02:08:19.563  1994  7294 E LstmTrainingCache: 	at emk.run(PG:5)
12-09 02:08:19.563  1994  7294 E LstmTrainingCache: 	at java.lang.Thread.run(Thread.java:764)
12-09 02:08:22.806  2378  9425 E WakeLock: GCM_HB_ALARM release without a matched acquire!
12-09 02:08:23.324 11634 11634 E id.gms.learnin: Not starting debugger since process cannot load the jdwp agent.
12-09 02:08:31.040  2378 11400 E ctxmgr  : [ProducerStatusImpl]updateStateForNewContextData: inactive, contextName=7
12-09 02:08:31.488  2378  2378 E BeaconBle: Missing BluetoothAdapter
12-09 02:08:31.553  2378  3140 E PlaceInferenceEngine: Position timestamp out of order. Previous: 1544339143927, Current: 1544321310000. Skipping this Position.
12-09 02:08:31.581  2378  2378 E BeaconBle: Scan couldn't start for Places
12-09 02:08:42.070 11608 11625 E SQLiteLog: (1) no such table: fillups
12-09 02:08:42.085 11608 11625 E DatabaseUpgrader: Couldn't upgrade database!
12-09 02:08:42.085 11608 11625 E DatabaseUpgrader: android.database.sqlite.SQLiteException: no such table: fillups (code 1 SQLITE_ERROR): , while compiling: ALTER TABLE fillups ADD COLUMN is_partial INTEGER;
12-09 02:08:42.085 11608 11625 E DatabaseUpgrader: 	at android.database.sqlite.SQLiteConnection.nativePrepareStatement(Native Method)
12-09 02:08:42.085 11608 11625 E DatabaseUpgrader: 	at android.database.sqlite.SQLiteConnection.acquirePreparedStatement(SQLiteConnection.java:903)
12-09 02:08:42.085 11608 11625 E DatabaseUpgrader: 	at android.database.sqlite.SQLiteConnection.prepare(SQLiteConnection.java:514)
12-09 02:08:42.085 11608 11625 E DatabaseUpgrader: 	at android.database.sqlite.SQLiteSession.prepare(SQLiteSession.java:588)
12-09 02:08:42.085 11608 11625 E DatabaseUpgrader: 	at android.database.sqlite.SQLiteProgram.<init>(SQLiteProgram.java:58)
12-09 02:08:42.085 11608 11625 E DatabaseUpgrader: 	at android.database.sqlite.SQLiteStatement.<init>(SQLiteStatement.java:31)
12-09 02:08:42.085 11608 11625 E DatabaseUpgrader: 	at android.database.sqlite.SQLiteDatabase.executeSql(SQLiteDatabase.java:1769)
12-09 02:08:42.085 11608 11625 E DatabaseUpgrader: 	at android.database.sqlite.SQLiteDatabase.execSQL(SQLiteDatabase.java:1698)
12-09 02:08:42.085 11608 11625 E DatabaseUpgrader: 	at com.evancharlton.mileage.provider.DatabaseUpgrader.exec(DatabaseUpgrader.java:105)
12-09 02:08:42.085 11608 11625 E DatabaseUpgrader: 	at com.evancharlton.mileage.provider.DatabaseUpgrader.upgradeDatabase(DatabaseUpgrader.java:44)
12-09 02:08:42.085 11608 11625 E DatabaseUpgrader: 	at com.evancharlton.mileage.provider.DatabaseUpgrader.upgradeDatabase(DatabaseUpgrader.java:89)
12-09 02:08:42.085 11608 11625 E DatabaseUpgrader: 	at com.evancharlton.mileage.tasks.DbImportTask.upgradeDatabase(DbImportTask.java:77)
12-09 02:08:42.085 11608 11625 E DatabaseUpgrader: 	at com.evancharlton.mileage.tasks.DbImportTask.doInBackground(DbImportTask.java:43)
12-09 02:08:42.085 11608 11625 E DatabaseUpgrader: 	at com.evancharlton.mileage.tasks.DbImportTask.doInBackground(DbImportTask.java:20)
12-09 02:08:42.085 11608 11625 E DatabaseUpgrader: 	at android.os.AsyncTask$2.call(AsyncTask.java:333)
12-09 02:08:42.085 11608 11625 E DatabaseUpgrader: 	at java.util.concurrent.FutureTask.run(FutureTask.java:266)
12-09 02:08:42.085 11608 11625 E DatabaseUpgrader: 	at java.util.concurrent.ThreadPoolExecutor.runWorker(ThreadPoolExecutor.java:1167)
12-09 02:08:42.085 11608 11625 E DatabaseUpgrader: 	at java.util.concurrent.ThreadPoolExecutor$Worker.run(ThreadPoolExecutor.java:641)
12-09 02:08:42.085 11608 11625 E DatabaseUpgrader: 	at java.lang.Thread.run(Thread.java:764)
12-09 02:08:43.806 10557 10557 E ContextIntentStarter: No activity found for any of the 0 intents
12-09 02:08:44.255  9318  9318 E wpa_supplicant: nl80211: Failed to open /proc/sys/net/ipv4/conf/p2p-dev-wlan0/drop_unicast_in_l2_multicast: No such file or directory
12-09 02:08:44.255  9318  9318 E wpa_supplicant: nl80211: Failed to set IPv4 unicast in multicast filter
12-09 02:08:44.267  9318  9318 E wpa_supplicant: nl80211: Failed to open /proc/sys/net/ipv4/conf/p2p-dev-wlan0/drop_unicast_in_l2_multicast: No such file or directory
12-09 02:08:44.267  9318  9318 E wpa_supplicant: nl80211: Failed to set IPv4 unicast in multicast filter
12-09 02:08:44.470  9318  9318 E wpa_supplicant: nl80211: Failed to open /proc/sys/net/ipv4/conf/wlan0/drop_unicast_in_l2_multicast: No such file or directory
12-09 02:08:44.470  9318  9318 E wpa_supplicant: nl80211: Failed to set IPv4 unicast in multicast filter
12-09 02:08:44.525  9318  9318 E wpa_supplicant: nl80211: Failed to open /proc/sys/net/ipv4/conf/wlan0/drop_unicast_in_l2_multicast: No such file or directory
12-09 02:08:44.525  9318  9318 E wpa_supplicant: nl80211: Failed to set IPv4 unicast in multicast filter
12-09 02:08:44.581 11700 11700 E rrierdefaultap: Not starting debugger since process cannot load the jdwp agent.
12-09 02:08:44.617  9318  9318 E wpa_supplicant: nl80211: Failed to open /proc/sys/net/ipv4/conf/wlan0/drop_unicast_in_l2_multicast: No such file or directory
12-09 02:08:44.617  9318  9318 E wpa_supplicant: nl80211: Failed to set IPv4 unicast in multicast filter
12-09 02:08:44.900  1629  1629 E android.hardware.wifi@1.0-service: Failed to open directory: Permission denied
12-09 02:08:44.900  1629  1629 E android.hardware.wifi@1.0-service: Error occurred while deleting old tombstone files
12-09 02:08:44.900  1629  1629 E android.hardware.wifi@1.0-service: Error writing files to flash
12-09 02:08:45.400  2378  9431 E WakeLock: GCM_HB_ALARM release without a matched acquire!
12-09 02:08:45.704  2378  9431 E WakeLock: GCM_CONN_ALARM release without a matched acquire!
12-09 02:08:45.758  1885  1971 E WifiP2pService: Unhandled message { when=-2ms what=131204 target=com.android.internal.util.StateMachine$SmHandler }
12-09 02:08:45.859  1885  1903 E BatteryExternalStatsWorker: no controller energy info supplied for wifi
12-09 02:08:45.910 11720 11720 E viders.calenda: Not starting debugger since process cannot load the jdwp agent.
12-09 02:08:46.283 11737 11737 E ndroid.calenda: Not starting debugger since process cannot load the jdwp agent.
12-09 02:08:46.673  1629  1629 E android.hardware.wifi@1.0-service: Failed to register radio mode change callback
12-09 02:08:46.676  1629  1629 E android.hardware.wifi@1.0-service: Failed to set DFS flag; DFS channels may be unavailable.
12-09 02:08:46.734  1740  1740 E wificond: No Offload Service available
12-09 02:08:46.899  1885  1971 E WifiP2pService: Unhandled message { when=-4ms what=131203 target=com.android.internal.util.StateMachine$SmHandler }
12-09 02:08:46.929  1885  1971 E WifiP2pService: Unhandled message { when=-1ms what=131203 target=com.android.internal.util.StateMachine$SmHandler }
12-09 02:08:46.939  1885  1903 E BatteryExternalStatsWorker: no controller energy info supplied for wifi
12-09 02:08:46.951  1885  1903 E BatteryExternalStatsWorker: no controller energy info supplied for wifi
12-09 02:08:47.215  1885  1972 E ConnectivityService: exception in setMtu()java.lang.IllegalStateException: command '1329 interface setmtu radio0 1500' failed with '400 1329 Failed to set MTU (Permission denied)'
12-09 02:08:47.785  2378 11803 E WakeLock: GCM_CONN_ALARM release without a matched acquire!
12-09 02:08:48.048 11807 11807 E droid.deskcloc: Not starting debugger since process cannot load the jdwp agent.
12-09 02:08:48.179 11807 11807 E LoadedApk: Unable to instantiate appComponentFactory
12-09 02:08:48.179 11807 11807 E LoadedApk: java.lang.ClassNotFoundException: Didn't find class "android.support.v4.app.CoreComponentFactory" on path: DexPathList[[zip file "/data/app/com.google.android.deskclock-irjeQ48B8SlCzNgOUY6aXg==/base.apk"],nativeLibraryDirectories=[/data/app/com.google.android.deskclock-irjeQ48B8SlCzNgOUY6aXg==/lib/x86, /system/lib]]
12-09 02:08:48.179 11807 11807 E LoadedApk: 	at dalvik.system.BaseDexClassLoader.findClass(BaseDexClassLoader.java:134)
12-09 02:08:48.179 11807 11807 E LoadedApk: 	at java.lang.ClassLoader.loadClass(ClassLoader.java:379)
12-09 02:08:48.179 11807 11807 E LoadedApk: 	at java.lang.ClassLoader.loadClass(ClassLoader.java:312)
12-09 02:08:48.179 11807 11807 E LoadedApk: 	at android.app.LoadedApk.createAppFactory(LoadedApk.java:226)
12-09 02:08:48.179 11807 11807 E LoadedApk: 	at android.app.LoadedApk.createOrUpdateClassLoaderLocked(LoadedApk.java:731)
12-09 02:08:48.179 11807 11807 E LoadedApk: 	at android.app.LoadedApk.getClassLoader(LoadedApk.java:810)
12-09 02:08:48.179 11807 11807 E LoadedApk: 	at android.app.LoadedApk.getResources(LoadedApk.java:1032)
12-09 02:08:48.179 11807 11807 E LoadedApk: 	at android.app.ContextImpl.createAppContext(ContextImpl.java:2345)
12-09 02:08:48.179 11807 11807 E LoadedApk: 	at android.app.ActivityThread.handleBindApplication(ActivityThread.java:5749)
12-09 02:08:48.179 11807 11807 E LoadedApk: 	at android.app.ActivityThread.access$1100(ActivityThread.java:199)
12-09 02:08:48.179 11807 11807 E LoadedApk: 	at android.app.ActivityThread$H.handleMessage(ActivityThread.java:1650)
12-09 02:08:48.179 11807 11807 E LoadedApk: 	at android.os.Handler.dispatchMessage(Handler.java:106)
12-09 02:08:48.179 11807 11807 E LoadedApk: 	at android.os.Looper.loop(Looper.java:193)
12-09 02:08:48.179 11807 11807 E LoadedApk: 	at android.app.ActivityThread.main(ActivityThread.java:6669)
12-09 02:08:48.179 11807 11807 E LoadedApk: 	at java.lang.reflect.Method.invoke(Native Method)
12-09 02:08:48.179 11807 11807 E LoadedApk: 	at com.android.internal.os.RuntimeInit$MethodAndArgsCaller.run(RuntimeInit.java:493)
12-09 02:08:48.179 11807 11807 E LoadedApk: 	at com.android.internal.os.ZygoteInit.main(ZygoteInit.java:858)
12-09 02:08:48.825 11837 11837 E com.ustwo.lwp: Not starting debugger since process cannot load the jdwp agent.
12-09 02:08:50.949  1885  1903 E BatteryExternalStatsWorker: no controller energy info supplied for wifi
12-09 02:08:51.756  2378 11876 E WakeLock: GCM_HB_ALARM release without a matched acquire!
12-09 02:08:51.815  1737  1820 E Netd    : Error adding route ::/0 -> fe80::ff:fe00:100 wlan0 to table 1003: File exists
12-09 02:08:51.887  2378 11880 E WakeLock: GCM_CONN_ALARM release without a matched acquire!
12-09 02:09:12.261  1834  1834 E netmgr  : Failed to open QEMU pipe 'qemud:network': Invalid argument
12-09 02:09:12.261  1834  1834 E netmgr  : WifiForwarder unable to open QEMU pipe: Invalid argument
12-09 02:09:19.054  1739  1762 E storaged: getDiskStats failed with result NOT_SUPPORTED and size 0
12-09 02:10:12.266  1834  1834 E netmgr  : Failed to open QEMU pipe 'qemud:network': Invalid argument
12-09 02:10:12.266  1834  1834 E netmgr  : WifiForwarder unable to open QEMU pipe: Invalid argument
12-09 02:10:19.058  1739  1762 E storaged: getDiskStats failed with result NOT_SUPPORTED and size 0
