--------- beginning of main
--------- beginning of system
12-09 08:46:44.736  1885  1899 E ActivityManager: Failure starting process com.evancharlton.mileage
12-09 08:46:44.736  1885  1899 E ActivityManager: java.lang.SecurityException: Package com.evancharlton.mileage was not found!
12-09 08:46:44.736  1885  1899 E ActivityManager: 	at com.android.server.pm.PackageManagerService.checkPackageStartable(PackageManagerService.java:3987)
12-09 08:46:44.736  1885  1899 E ActivityManager: 	at com.android.server.am.ActivityManagerService.startProcessLocked(ActivityManagerService.java:4234)
12-09 08:46:44.736  1885  1899 E ActivityManager: 	at com.android.server.am.ActivityManagerService.startProcessLocked(ActivityManagerService.java:4199)
12-09 08:46:44.736  1885  1899 E ActivityManager: 	at com.android.server.am.ActivityManagerService.startProcessLocked(ActivityManagerService.java:4181)
12-09 08:46:44.736  1885  1899 E ActivityManager: 	at com.android.server.am.ActivityManagerService.startProcessLocked(ActivityManagerService.java:4067)
12-09 08:46:44.736  1885  1899 E ActivityManager: 	at com.android.server.am.ActivityStackSupervisor.startSpecificActivityLocked(ActivityStackSupervisor.java:1715)
12-09 08:46:44.736  1885  1899 E ActivityManager: 	at com.android.server.am.ActivityStack.resumeTopActivityInnerLocked(ActivityStack.java:2764)
12-09 08:46:44.736  1885  1899 E ActivityManager: 	at com.android.server.am.ActivityStack.resumeTopActivityUncheckedLocked(ActivityStack.java:2302)
12-09 08:46:44.736  1885  1899 E ActivityManager: 	at com.android.server.am.ActivityStackSupervisor.resumeFocusedStackTopActivityLocked(ActivityStackSupervisor.java:2234)
12-09 08:46:44.736  1885  1899 E ActivityManager: 	at com.android.server.am.ActivityStackSupervisor.resumeFocusedStackTopActivityLocked(ActivityStackSupervisor.java:2218)
12-09 08:46:44.736  1885  1899 E ActivityManager: 	at com.android.server.am.ActivityManagerService.handleAppDiedLocked(ActivityManagerService.java:5923)
12-09 08:46:44.736  1885  1899 E ActivityManager: 	at com.android.server.am.ActivityManagerService.removeProcessLocked(ActivityManagerService.java:7501)
12-09 08:46:44.736  1885  1899 E ActivityManager: 	at com.android.server.am.ActivityManagerService.killPackageProcessesLocked(ActivityManagerService.java:7142)
12-09 08:46:44.736  1885  1899 E ActivityManager: 	at com.android.server.am.ActivityManagerService.forceStopPackageLocked(ActivityManagerService.java:7275)
12-09 08:46:44.736  1885  1899 E ActivityManager: 	at com.android.server.am.ActivityManagerService$MainHandler.handleMessage(ActivityManagerService.java:2289)
12-09 08:46:44.736  1885  1899 E ActivityManager: 	at android.os.Handler.dispatchMessage(Handler.java:106)
12-09 08:46:44.736  1885  1899 E ActivityManager: 	at android.os.Looper.loop(Looper.java:193)
12-09 08:46:44.736  1885  1899 E ActivityManager: 	at android.os.HandlerThread.run(HandlerThread.java:65)
12-09 08:46:44.736  1885  1899 E ActivityManager: 	at com.android.server.ServiceThread.run(ServiceThread.java:44)
12-09 08:46:45.686 24703 24703 E id.defcontaine: Not starting debugger since process cannot load the jdwp agent.
12-09 08:46:45.794 24716 24716 E oid.documentsu: Not starting debugger since process cannot load the jdwp agent.
12-09 08:46:46.087 24736 24736 E ndroid.keychai: Not starting debugger since process cannot load the jdwp agent.
12-09 08:46:47.290 24775 24775 E droid.apps.doc: Not starting debugger since process cannot load the jdwp agent.
12-09 08:46:47.349  2378 24378 E ctxmgr  : [ProducerStatusImpl]updateStateForNewContextData: inactive, contextName=7
12-09 08:46:47.723  2378  2378 E BeaconBle: Missing BluetoothAdapter
12-09 08:46:47.882  2378  2378 E BeaconBle: Scan couldn't start for Places
12-09 08:46:48.407 24803 24803 E d.process.medi: Not starting debugger since process cannot load the jdwp agent.
12-09 08:46:49.089 24775 24775 E DocsApplication: [main] No default account found during application creation.
12-09 08:46:50.062  1731  1949 E         : Couldn't opendir /data/app/vmdl235473530.tmp: No such file or directory
12-09 08:46:50.062  1731  1949 E installd: Failed to delete /data/app/vmdl235473530.tmp: No such file or directory
12-09 08:46:52.598 24861 24861 E harlton.mileag: Not starting debugger since process cannot load the jdwp agent.
12-09 08:46:55.455  1994  7294 E putmethod.lati: Invalid ID 0x00000001.
12-09 08:46:55.457  1994  7294 E LstmTrainingCache: emn: Can't get resource name for input slot
12-09 08:46:55.457  1994  7294 E LstmTrainingCache: android.content.res.Resources$NotFoundException: Unable to find resource ID #0x1
12-09 08:46:55.457  1994  7294 E LstmTrainingCache: 	at android.content.res.ResourcesImpl.getResourceName(ResourcesImpl.java:255)
12-09 08:46:55.457  1994  7294 E LstmTrainingCache: 	at android.content.res.Resources.getResourceName(Resources.java:1954)
12-09 08:46:55.457  1994  7294 E LstmTrainingCache: 	at emn.a(PG:12)
12-09 08:46:55.457  1994  7294 E LstmTrainingCache: 	at emk.run(PG:5)
12-09 08:46:55.457  1994  7294 E LstmTrainingCache: 	at java.lang.Thread.run(Thread.java:764)
12-09 08:46:58.439  1994  1994 E native  : suggestion-transformer.cc:118 suggestion picked candidate not found for id: 1
12-09 08:46:58.486 24861 24861 E SpannableStringBuilder: SPAN_EXCLUSIVE_EXCLUSIVE spans cannot have a zero length
12-09 08:46:58.486 24861 24861 E SpannableStringBuilder: SPAN_EXCLUSIVE_EXCLUSIVE spans cannot have a zero length
12-09 08:47:06.318 24894 24894 E emui:screensho: Not starting debugger since process cannot load the jdwp agent.
12-09 08:47:06.515  1885  1898 E memtrack: Couldn't load memtrack module
12-09 08:47:07.862 24894 24894 E SoundPool: error loading /product/media/audio/ui/camera_click.ogg
12-09 08:47:08.115  1726  1751 E SurfaceFlinger: ro.sf.lcd_density must be defined as a build property
12-09 08:47:08.296  1741  1787 E OMXNodeInstance: getConfig(0xe97a6cc0:google.vorbis.decoder, ConfigAndroidVendorExtension(0x6f100004)) ERROR: Undefined(0x80001001)
12-09 08:47:08.345  1885  1898 E memtrack: Couldn't load memtrack module
12-09 08:47:08.413  1726  1751 E SurfaceFlinger: ro.sf.lcd_density must be defined as a build property
12-09 08:47:08.419  1885  1898 E memtrack: Couldn't load memtrack module
12-09 08:47:10.323  1885  1898 E memtrack: Couldn't load memtrack module
12-09 08:47:10.479  9391  9795 E s.nexuslaunche: Failed to open APK '/data/app/com.evancharlton.mileage-1n0ELxlptzdG45BXold6eg==/base.apk' I/O error
12-09 08:47:10.509  9391  9795 E ResourcesManager: failed to add asset path /data/app/com.evancharlton.mileage-1n0ELxlptzdG45BXold6eg==/base.apk
12-09 08:47:12.289  2378 24491 E ctxmgr  : [ProducerStatusImpl]updateStateForNewContextData: inactive, contextName=7
12-09 08:47:12.453  2378 24491 E ctxmgr  : [ProducerStatusImpl]updateStateForNewContextData: inactive, contextName=1
12-09 08:47:12.816  2378  2378 E BeaconBle: Missing BluetoothAdapter
12-09 08:47:12.870  2378  2378 E BeaconBle: Scan couldn't start for Places
12-09 08:47:17.825  1834  1834 E netmgr  : Failed to open QEMU pipe 'qemud:network': Invalid argument
12-09 08:47:17.825  1834  1834 E netmgr  : WifiForwarder unable to open QEMU pipe: Invalid argument
12-09 08:47:19.104  1885  1898 E memtrack: Couldn't load memtrack module
12-09 08:47:22.002 23668 23668 E ContextIntentStarter: No activity found for any of the 0 intents
12-09 08:47:22.267 24935 24935 E oid.apps.photo: Not starting debugger since process cannot load the jdwp agent.
12-09 08:47:23.959 24954 24954 E ocess.gservice: Not starting debugger since process cannot load the jdwp agent.
12-09 08:47:26.702  1885  1898 E memtrack: Couldn't load memtrack module
12-09 08:47:28.662  1739  1762 E storaged: getDiskStats failed with result NOT_SUPPORTED and size 0
12-09 08:47:28.997  1885  1898 E memtrack: Couldn't load memtrack module
12-09 08:47:29.113  1885  1898 E memtrack: Couldn't load memtrack module
12-09 08:47:32.417  1885  1898 E memtrack: Couldn't load memtrack module
12-09 08:47:38.898 24861 24861 E SpannableStringBuilder: SPAN_EXCLUSIVE_EXCLUSIVE spans cannot have a zero length
12-09 08:47:38.898 24861 24861 E SpannableStringBuilder: SPAN_EXCLUSIVE_EXCLUSIVE spans cannot have a zero length
12-09 08:47:39.169  1885  1898 E memtrack: Couldn't load memtrack module
