--------- beginning of main
--------- beginning of system
12-07 22:47:02.529  1729  1931 E         : Couldn't opendir /data/app/vmdl790747460.tmp: No such file or directory
12-07 22:47:02.529  1729  1931 E installd: Failed to delete /data/app/vmdl790747460.tmp: No such file or directory
12-07 22:47:06.342  1829  1829 E netmgr  : Failed to open QEMU pipe 'qemud:network': Invalid argument
12-07 22:47:06.342  1829  1829 E netmgr  : WifiForwarder unable to open QEMU pipe: Invalid argument
12-07 22:47:06.476  7391  7391 E harlton.mileag: Not starting debugger since process cannot load the jdwp agent.
12-07 22:47:09.588 16085 24146 E putmethod.lati: Invalid ID 0x00000001.
12-07 22:47:09.593 16085 24146 E LstmTrainingCache: emn: Can't get resource name for input slot
12-07 22:47:09.593 16085 24146 E LstmTrainingCache: android.content.res.Resources$NotFoundException: Unable to find resource ID #0x1
12-07 22:47:09.593 16085 24146 E LstmTrainingCache: 	at android.content.res.ResourcesImpl.getResourceName(ResourcesImpl.java:255)
12-07 22:47:09.593 16085 24146 E LstmTrainingCache: 	at android.content.res.Resources.getResourceName(Resources.java:1954)
12-07 22:47:09.593 16085 24146 E LstmTrainingCache: 	at emn.a(PG:12)
12-07 22:47:09.593 16085 24146 E LstmTrainingCache: 	at emk.run(PG:5)
12-07 22:47:09.593 16085 24146 E LstmTrainingCache: 	at java.lang.Thread.run(Thread.java:764)
12-07 22:47:18.503 16506  7199 E ctxmgr  : [AppIntervalImpl]closeInterval: stopTimeMillis invalid, stop=1544222838496, start=1544238227857
12-07 22:47:18.511 16506  7199 E ctxmgr  : [AppIntervalImpl]closeInterval: stopTimeMillis invalid, stop=1544222838511, start=1544238227858
12-07 22:47:19.705  7391  7391 E harlton.mileag: No package ID 49 found for ID 0x49470b49.
12-07 22:47:19.713  7391  7391 E harlton.mileag: No package ID 49 found for ID 0x49470b49.
12-07 22:47:19.713  7391  7391 E harlton.mileag: No package ID 87 found for ID 0x87589fbe.
12-07 22:47:19.713  7391  7391 E harlton.mileag: No package ID 87 found for ID 0x87589fbe.
12-07 22:47:19.713  7391  7391 E harlton.mileag: No package ID 99 found for ID 0x990fd33a.
12-07 22:47:19.713  7391  7391 E harlton.mileag: No package ID 99 found for ID 0x990fd33a.
12-07 22:47:19.714  7391  7391 E harlton.mileag: No package ID 7c found for ID 0x7c0596af.
12-07 22:47:19.714  7391  7391 E harlton.mileag: No package ID 7c found for ID 0x7c0596af.
12-07 22:47:19.714  7391  7391 E harlton.mileag: No package ID 9f found for ID 0x9f2c01f4.
12-07 22:47:19.714  7391  7391 E harlton.mileag: No package ID 9f found for ID 0x9f2c01f4.
12-07 22:47:19.714  7391  7391 E harlton.mileag: No package ID 77 found for ID 0x779c270c.
12-07 22:47:19.714  7391  7391 E harlton.mileag: No package ID 77 found for ID 0x779c270c.
12-07 22:47:19.714  7391  7391 E harlton.mileag: No package ID ae found for ID 0xae06108c.
12-07 22:47:19.714  7391  7391 E harlton.mileag: No package ID ae found for ID 0xae06108c.
12-07 22:47:19.715  7391  7391 E harlton.mileag: No package ID b5 found for ID 0xb5413a44.
12-07 22:47:19.715  7391  7391 E harlton.mileag: No package ID b5 found for ID 0xb5413a44.
12-07 22:47:19.901  7391  7391 E harlton.mileag: No package ID 49 found for ID 0x49470b49.
12-07 22:47:19.902  7391  7391 E harlton.mileag: No package ID 49 found for ID 0x49470b49.
12-07 22:47:19.902  7391  7391 E harlton.mileag: No package ID 87 found for ID 0x87589fbe.
12-07 22:47:19.902  7391  7391 E harlton.mileag: No package ID 87 found for ID 0x87589fbe.
12-07 22:47:19.902  7391  7391 E harlton.mileag: No package ID 99 found for ID 0x990fd33a.
12-07 22:47:19.902  7391  7391 E harlton.mileag: No package ID 99 found for ID 0x990fd33a.
12-07 22:47:19.902  7391  7391 E harlton.mileag: No package ID 7c found for ID 0x7c0596af.
12-07 22:47:19.902  7391  7391 E harlton.mileag: No package ID 7c found for ID 0x7c0596af.
12-07 22:47:19.902  7391  7391 E harlton.mileag: No package ID 9f found for ID 0x9f2c01f4.
12-07 22:47:19.902  7391  7391 E harlton.mileag: No package ID 9f found for ID 0x9f2c01f4.
12-07 22:47:19.903  7391  7391 E harlton.mileag: No package ID 77 found for ID 0x779c270c.
12-07 22:47:19.903  7391  7391 E harlton.mileag: No package ID 77 found for ID 0x779c270c.
12-07 22:47:19.903  7391  7391 E harlton.mileag: No package ID ae found for ID 0xae06108c.
12-07 22:47:19.903  7391  7391 E harlton.mileag: No package ID ae found for ID 0xae06108c.
12-07 22:47:19.903  7391  7391 E harlton.mileag: No package ID b5 found for ID 0xb5413a44.
12-07 22:47:19.903  7391  7391 E harlton.mileag: No package ID b5 found for ID 0xb5413a44.
12-07 22:47:27.277 16506 16506 E BeaconBle: Missing BluetoothAdapter
12-07 22:47:27.327 16506 16506 E BeaconBle: Scan couldn't start for Places
12-07 22:47:28.142  1737  1809 E storaged: getDiskStats failed with result NOT_SUPPORTED and size 0
12-07 22:47:45.950 15976 18809 E WindowManager: Performed 6 layouts in a row. Skipping
12-07 22:47:45.975 15976 16026 E WindowManager: Performed 6 layouts in a row. Skipping
12-07 22:47:46.029 15976 16026 E WindowManager: Performed 6 layouts in a row. Skipping
12-07 22:47:46.090 15976 16026 E WindowManager: Performed 6 layouts in a row. Skipping
12-07 22:47:46.133 15976 16026 E WindowManager: Performed 6 layouts in a row. Skipping
12-07 22:47:46.169 15976 15991 E WindowManager: Performed 6 layouts in a row. Skipping
12-07 22:47:46.213 15976 16026 E WindowManager: Performed 6 layouts in a row. Skipping
12-07 22:47:46.262 15976 16026 E WindowManager: Performed 6 layouts in a row. Skipping
12-07 22:47:46.329 15976 16026 E WindowManager: Performed 6 layouts in a row. Skipping
12-07 22:47:46.364 15976 15991 E WindowManager: Performed 6 layouts in a row. Skipping
12-07 22:47:46.393 15976 18809 E WindowManager: Performed 6 layouts in a row. Skipping
12-07 22:47:46.441 15976 16026 E WindowManager: Performed 6 layouts in a row. Skipping
12-07 22:47:46.479 15976 16026 E WindowManager: Performed 6 layouts in a row. Skipping
12-07 22:47:46.511 15976 17636 E WindowManager: Performed 6 layouts in a row. Skipping
12-07 22:47:46.533 15976 16026 E WindowManager: Performed 6 layouts in a row. Skipping
12-07 22:47:48.254  7391  7467 E SQLiteLog: (1) no such table: fillups
12-07 22:47:48.313  7391  7467 E DatabaseUpgrader: Couldn't upgrade database!
12-07 22:47:48.313  7391  7467 E DatabaseUpgrader: android.database.sqlite.SQLiteException: no such table: fillups (code 1 SQLITE_ERROR): , while compiling: ALTER TABLE fillups ADD COLUMN is_partial INTEGER;
12-07 22:47:48.313  7391  7467 E DatabaseUpgrader: 	at android.database.sqlite.SQLiteConnection.nativePrepareStatement(Native Method)
12-07 22:47:48.313  7391  7467 E DatabaseUpgrader: 	at android.database.sqlite.SQLiteConnection.acquirePreparedStatement(SQLiteConnection.java:903)
12-07 22:47:48.313  7391  7467 E DatabaseUpgrader: 	at android.database.sqlite.SQLiteConnection.prepare(SQLiteConnection.java:514)
12-07 22:47:48.313  7391  7467 E DatabaseUpgrader: 	at android.database.sqlite.SQLiteSession.prepare(SQLiteSession.java:588)
12-07 22:47:48.313  7391  7467 E DatabaseUpgrader: 	at android.database.sqlite.SQLiteProgram.<init>(SQLiteProgram.java:58)
12-07 22:47:48.313  7391  7467 E DatabaseUpgrader: 	at android.database.sqlite.SQLiteStatement.<init>(SQLiteStatement.java:31)
12-07 22:47:48.313  7391  7467 E DatabaseUpgrader: 	at android.database.sqlite.SQLiteDatabase.executeSql(SQLiteDatabase.java:1769)
12-07 22:47:48.313  7391  7467 E DatabaseUpgrader: 	at android.database.sqlite.SQLiteDatabase.execSQL(SQLiteDatabase.java:1698)
12-07 22:47:48.313  7391  7467 E DatabaseUpgrader: 	at com.evancharlton.mileage.provider.DatabaseUpgrader.exec(DatabaseUpgrader.java:105)
12-07 22:47:48.313  7391  7467 E DatabaseUpgrader: 	at com.evancharlton.mileage.provider.DatabaseUpgrader.upgradeDatabase(DatabaseUpgrader.java:44)
12-07 22:47:48.313  7391  7467 E DatabaseUpgrader: 	at com.evancharlton.mileage.provider.DatabaseUpgrader.upgradeDatabase(DatabaseUpgrader.java:89)
12-07 22:47:48.313  7391  7467 E DatabaseUpgrader: 	at com.evancharlton.mileage.tasks.DbImportTask.upgradeDatabase(DbImportTask.java:77)
12-07 22:47:48.313  7391  7467 E DatabaseUpgrader: 	at com.evancharlton.mileage.tasks.DbImportTask.doInBackground(DbImportTask.java:43)
12-07 22:47:48.313  7391  7467 E DatabaseUpgrader: 	at com.evancharlton.mileage.tasks.DbImportTask.doInBackground(DbImportTask.java:20)
12-07 22:47:48.313  7391  7467 E DatabaseUpgrader: 	at android.os.AsyncTask$2.call(AsyncTask.java:333)
12-07 22:47:48.313  7391  7467 E DatabaseUpgrader: 	at java.util.concurrent.FutureTask.run(FutureTask.java:266)
12-07 22:47:48.313  7391  7467 E DatabaseUpgrader: 	at java.util.concurrent.ThreadPoolExecutor.runWorker(ThreadPoolExecutor.java:1167)
12-07 22:47:48.313  7391  7467 E DatabaseUpgrader: 	at java.util.concurrent.ThreadPoolExecutor$Worker.run(ThreadPoolExecutor.java:641)
12-07 22:47:48.313  7391  7467 E DatabaseUpgrader: 	at java.lang.Thread.run(Thread.java:764)
12-07 22:48:06.346  1829  1829 E netmgr  : Failed to open QEMU pipe 'qemud:network': Invalid argument
12-07 22:48:06.346  1829  1829 E netmgr  : WifiForwarder unable to open QEMU pipe: Invalid argument
12-07 22:48:28.146  1737  1809 E storaged: getDiskStats failed with result NOT_SUPPORTED and size 0
12-07 22:49:06.357  1829  1829 E netmgr  : Failed to open QEMU pipe 'qemud:network': Invalid argument
12-07 22:49:06.357  1829  1829 E netmgr  : WifiForwarder unable to open QEMU pipe: Invalid argument
12-07 22:49:28.149  1737  1809 E storaged: getDiskStats failed with result NOT_SUPPORTED and size 0
12-07 22:49:57.866  7518  7518 E id.gms.learnin: Not starting debugger since process cannot load the jdwp agent.
12-07 22:50:06.361  1829  1829 E netmgr  : Failed to open QEMU pipe 'qemud:network': Invalid argument
12-07 22:50:06.363  1829  1829 E netmgr  : WifiForwarder unable to open QEMU pipe: Invalid argument
12-07 22:50:28.150  1737  1809 E storaged: getDiskStats failed with result NOT_SUPPORTED and size 0
12-07 22:50:41.413 15976 15989 E memtrack: Couldn't load memtrack module
12-07 22:51:04.336 15976 15989 E memtrack: Couldn't load memtrack module
12-07 22:51:06.364  1829  1829 E netmgr  : Failed to open QEMU pipe 'qemud:network': Invalid argument
12-07 22:51:06.364  1829  1829 E netmgr  : WifiForwarder unable to open QEMU pipe: Invalid argument
