--------- beginning of main
--------- beginning of system
12-09 07:08:05.151  1885  1957 E InputDispatcher: channel 'd1970d8 com.evancharlton.mileage/com.evancharlton.mileage.FieldListActivity (server)' ~ Channel is unrecoverably broken and will be disposed!
12-09 07:08:05.153  1885  1957 E InputDispatcher: channel '90dd748 com.evancharlton.mileage/com.evancharlton.mileage.FieldActivity (server)' ~ Channel is unrecoverably broken and will be disposed!
12-09 07:08:05.155  1885  1957 E InputDispatcher: channel 'a50c236 com.evancharlton.mileage/com.evancharlton.mileage.Mileage (server)' ~ Channel is unrecoverably broken and will be disposed!
12-09 07:08:05.194  1885  1899 E ActivityManager: Failure starting process com.evancharlton.mileage
12-09 07:08:05.194  1885  1899 E ActivityManager: java.lang.SecurityException: Package com.evancharlton.mileage is currently frozen!
12-09 07:08:05.194  1885  1899 E ActivityManager: 	at com.android.server.pm.PackageManagerService.checkPackageStartable(PackageManagerService.java:4000)
12-09 07:08:05.194  1885  1899 E ActivityManager: 	at com.android.server.am.ActivityManagerService.startProcessLocked(ActivityManagerService.java:4234)
12-09 07:08:05.194  1885  1899 E ActivityManager: 	at com.android.server.am.ActivityManagerService.startProcessLocked(ActivityManagerService.java:4199)
12-09 07:08:05.194  1885  1899 E ActivityManager: 	at com.android.server.am.ActivityManagerService.startProcessLocked(ActivityManagerService.java:4181)
12-09 07:08:05.194  1885  1899 E ActivityManager: 	at com.android.server.am.ActivityManagerService.startProcessLocked(ActivityManagerService.java:4067)
12-09 07:08:05.194  1885  1899 E ActivityManager: 	at com.android.server.am.ActivityStackSupervisor.startSpecificActivityLocked(ActivityStackSupervisor.java:1715)
12-09 07:08:05.194  1885  1899 E ActivityManager: 	at com.android.server.am.ActivityStack.resumeTopActivityInnerLocked(ActivityStack.java:2764)
12-09 07:08:05.194  1885  1899 E ActivityManager: 	at com.android.server.am.ActivityStack.resumeTopActivityUncheckedLocked(ActivityStack.java:2302)
12-09 07:08:05.194  1885  1899 E ActivityManager: 	at com.android.server.am.ActivityStackSupervisor.resumeFocusedStackTopActivityLocked(ActivityStackSupervisor.java:2234)
12-09 07:08:05.194  1885  1899 E ActivityManager: 	at com.android.server.am.ActivityStackSupervisor.resumeFocusedStackTopActivityLocked(ActivityStackSupervisor.java:2218)
12-09 07:08:05.194  1885  1899 E ActivityManager: 	at com.android.server.am.ActivityManagerService.handleAppDiedLocked(ActivityManagerService.java:5923)
12-09 07:08:05.194  1885  1899 E ActivityManager: 	at com.android.server.am.ActivityManagerService.removeProcessLocked(ActivityManagerService.java:7501)
12-09 07:08:05.194  1885  1899 E ActivityManager: 	at com.android.server.am.ActivityManagerService.killPackageProcessesLocked(ActivityManagerService.java:7142)
12-09 07:08:05.194  1885  1899 E ActivityManager: 	at com.android.server.am.ActivityManagerService.forceStopPackageLocked(ActivityManagerService.java:7275)
12-09 07:08:05.194  1885  1899 E ActivityManager: 	at com.android.server.am.ActivityManagerService$MainHandler.handleMessage(ActivityManagerService.java:2289)
12-09 07:08:05.194  1885  1899 E ActivityManager: 	at android.os.Handler.dispatchMessage(Handler.java:106)
12-09 07:08:05.194  1885  1899 E ActivityManager: 	at android.os.Looper.loop(Looper.java:193)
12-09 07:08:05.194  1885  1899 E ActivityManager: 	at android.os.HandlerThread.run(HandlerThread.java:65)
12-09 07:08:05.194  1885  1899 E ActivityManager: 	at com.android.server.ServiceThread.run(ServiceThread.java:44)
12-09 07:08:07.582  2378  5162 E ctxmgr  : [ProducerStatusImpl]updateStateForNewContextData: inactive, contextName=7
12-09 07:08:07.937  2378  2378 E BeaconBle: Missing BluetoothAdapter
12-09 07:08:08.010  2378  2378 E BeaconBle: Scan couldn't start for Places
12-09 07:08:09.997  1731  1731 E         : Couldn't opendir /data/app/vmdl1187285699.tmp: No such file or directory
12-09 07:08:09.997  1731  1731 E installd: Failed to delete /data/app/vmdl1187285699.tmp: No such file or directory
12-09 07:08:12.461  5713  5713 E harlton.mileag: Not starting debugger since process cannot load the jdwp agent.
12-09 07:08:14.626  1994  7294 E putmethod.lati: Invalid ID 0x00000001.
12-09 07:08:14.644  1994  7294 E LstmTrainingCache: emn: Can't get resource name for input slot
12-09 07:08:14.644  1994  7294 E LstmTrainingCache: android.content.res.Resources$NotFoundException: Unable to find resource ID #0x1
12-09 07:08:14.644  1994  7294 E LstmTrainingCache: 	at android.content.res.ResourcesImpl.getResourceName(ResourcesImpl.java:255)
12-09 07:08:14.644  1994  7294 E LstmTrainingCache: 	at android.content.res.Resources.getResourceName(Resources.java:1954)
12-09 07:08:14.644  1994  7294 E LstmTrainingCache: 	at emn.a(PG:12)
12-09 07:08:14.644  1994  7294 E LstmTrainingCache: 	at emk.run(PG:5)
12-09 07:08:14.644  1994  7294 E LstmTrainingCache: 	at java.lang.Thread.run(Thread.java:764)
12-09 07:08:15.232  1834  1834 E netmgr  : Failed to open QEMU pipe 'qemud:network': Invalid argument
12-09 07:08:15.232  1834  1834 E netmgr  : WifiForwarder unable to open QEMU pipe: Invalid argument
12-09 07:08:19.965  1885  1898 E memtrack: Couldn't load memtrack module
12-09 07:08:20.121  1885  1898 E memtrack: Couldn't load memtrack module
12-09 07:08:20.248  1885  1898 E memtrack: Couldn't load memtrack module
12-09 07:08:20.336  1885  1898 E memtrack: Couldn't load memtrack module
12-09 07:08:20.401  1885  1898 E memtrack: Couldn't load memtrack module
12-09 07:08:20.445  1885  1898 E memtrack: Couldn't load memtrack module
12-09 07:08:20.495  1885  1898 E memtrack: Couldn't load memtrack module
12-09 07:08:20.554  1885  1898 E memtrack: Couldn't load memtrack module
12-09 07:08:20.622  1885  1898 E memtrack: Couldn't load memtrack module
12-09 07:08:20.793  1885  1898 E memtrack: Couldn't load memtrack module
12-09 07:08:22.360  1885  1898 E memtrack: Couldn't load memtrack module
12-09 07:08:23.723  1994  7294 E putmethod.lati: Invalid ID 0x00000001.
12-09 07:08:23.756  1994  7294 E LstmTrainingCache: emn: Can't get resource name for input slot
12-09 07:08:23.756  1994  7294 E LstmTrainingCache: android.content.res.Resources$NotFoundException: Unable to find resource ID #0x1
12-09 07:08:23.756  1994  7294 E LstmTrainingCache: 	at android.content.res.ResourcesImpl.getResourceName(ResourcesImpl.java:255)
12-09 07:08:23.756  1994  7294 E LstmTrainingCache: 	at android.content.res.Resources.getResourceName(Resources.java:1954)
12-09 07:08:23.756  1994  7294 E LstmTrainingCache: 	at emn.a(PG:12)
12-09 07:08:23.756  1994  7294 E LstmTrainingCache: 	at emk.run(PG:5)
12-09 07:08:23.756  1994  7294 E LstmTrainingCache: 	at java.lang.Thread.run(Thread.java:764)
12-09 07:08:23.813  1885  1898 E memtrack: Couldn't load memtrack module
12-09 07:08:24.404  1739  1762 E storaged: getDiskStats failed with result NOT_SUPPORTED and size 0
12-09 07:08:34.254  2378  5600 E ctxmgr  : [ProducerStatusImpl]updateStateForNewContextData: inactive, contextName=7
12-09 07:08:34.583  2378  2378 E BeaconBle: Missing BluetoothAdapter
12-09 07:08:34.623  2378  2378 E BeaconBle: Scan couldn't start for Places
12-09 07:08:38.208 23668 23668 E ContextIntentStarter: No activity found for any of the 0 intents
12-09 07:08:39.984  1629  1629 E android.hardware.wifi@1.0-service: Failed to register radio mode change callback
12-09 07:08:39.991  1629  1629 E android.hardware.wifi@1.0-service: Failed to set DFS flag; DFS channels may be unavailable.
12-09 07:08:40.066  1740  1740 E wificond: No Offload Service available
12-09 07:08:40.083  1885  1969 E SupplicantStaIfaceHal: Can't call setupIface, ISupplicantStaIface is null
12-09 07:08:40.560  1885  1970 E WifiVendorHal: getBgScanCapabilities(l.671) failed {.code = ERROR_NOT_SUPPORTED, .description = }
12-09 07:08:40.734  1885  1971 E WifiP2pService: Unhandled message { when=-4ms what=131203 target=com.android.internal.util.StateMachine$SmHandler }
12-09 07:08:40.952  1885  1971 E WifiP2pService: Unhandled message { when=-8ms what=131203 target=com.android.internal.util.StateMachine$SmHandler }
12-09 07:08:41.264  1885  1903 E BatteryExternalStatsWorker: no controller energy info supplied for wifi
12-09 07:08:41.305  5773  5773 E ndroid.calenda: Not starting debugger since process cannot load the jdwp agent.
12-09 07:08:41.380  5768  5768 E viders.calenda: Not starting debugger since process cannot load the jdwp agent.
12-09 07:08:41.511  1885  1903 E BatteryExternalStatsWorker: no controller energy info supplied for wifi
12-09 07:08:42.346  5761  5761 E wpa_supplicant: nl80211: Failed to open /proc/sys/net/ipv4/conf/p2p-dev-wlan0/drop_unicast_in_l2_multicast: No such file or directory
12-09 07:08:42.346  5761  5761 E wpa_supplicant: nl80211: Failed to set IPv4 unicast in multicast filter
12-09 07:08:42.389  5761  5761 E wpa_supplicant: nl80211: Failed to open /proc/sys/net/ipv4/conf/p2p-dev-wlan0/drop_unicast_in_l2_multicast: No such file or directory
12-09 07:08:42.389  5761  5761 E wpa_supplicant: nl80211: Failed to set IPv4 unicast in multicast filter
12-09 07:08:42.482  5761  5761 E wpa_supplicant: nl80211: Failed to open /proc/sys/net/ipv4/conf/wlan0/drop_unicast_in_l2_multicast: No such file or directory
12-09 07:08:42.482  5761  5761 E wpa_supplicant: nl80211: Failed to set IPv4 unicast in multicast filter
12-09 07:08:42.573  5761  5761 E wpa_supplicant: nl80211: Failed to open /proc/sys/net/ipv4/conf/wlan0/drop_unicast_in_l2_multicast: No such file or directory
12-09 07:08:42.573  5761  5761 E wpa_supplicant: nl80211: Failed to set IPv4 unicast in multicast filter
12-09 07:08:42.941  1629  1629 E android.hardware.wifi@1.0-service: Failed to open directory: Permission denied
12-09 07:08:42.941  1629  1629 E android.hardware.wifi@1.0-service: Error occurred while deleting old tombstone files
12-09 07:08:42.941  1629  1629 E android.hardware.wifi@1.0-service: Error writing files to flash
12-09 07:08:43.195  1885  1969 E SupplicantStaIfaceHal: Can't call setPowerSave, ISupplicantStaIface is null
12-09 07:08:43.195  1885  1969 E SupplicantStaIfaceHal: Can't call setBtCoexistenceMode, ISupplicantStaIface is null
12-09 07:08:43.203  1885  1969 E HalDevMgr: Should have at least 1 chip!
12-09 07:08:43.203  1885  1969 E HalDevMgr: dispatchAvailableForRequestListeners: no chip info found
12-09 07:08:43.219  1885  1969 E SupplicantStaIfaceHal: Can't call listNetworks, ISupplicantStaIface is null
12-09 07:08:43.219  1885  1969 E SupplicantStaIfaceHal: removeAllNetworks failed, got null networks
12-09 07:08:43.220  1885  1969 E WifiStateMachine: Failed to remove networks on exiting connect mode
12-09 07:08:43.221  1885  1971 E WifiP2pService: Unhandled message { when=-2ms what=131204 target=com.android.internal.util.StateMachine$SmHandler }
12-09 07:08:43.254  1885  1970 E WificondControl: No valid wificond scanner interface handler
12-09 07:08:43.257  1885  1903 E BatteryExternalStatsWorker: no controller energy info supplied for wifi
12-09 07:08:43.292  1885  1903 E BatteryExternalStatsWorker: no controller energy info supplied for wifi
12-09 07:08:45.546  1629  1629 E android.hardware.wifi@1.0-service: Failed to register radio mode change callback
12-09 07:08:45.547  1629  1629 E android.hardware.wifi@1.0-service: Failed to set DFS flag; DFS channels may be unavailable.
12-09 07:08:45.691  1740  1740 E wificond: No Offload Service available
12-09 07:08:45.739  1885  1969 E SupplicantStaIfaceHal: Can't call setupIface, ISupplicantStaIface is null
12-09 07:08:45.967  1885  1970 E WifiVendorHal: getBgScanCapabilities(l.671) failed {.code = ERROR_NOT_SUPPORTED, .description = }
12-09 07:08:46.020  1885  1971 E WifiP2pService: Unhandled message { when=-1ms what=131203 target=com.android.internal.util.StateMachine$SmHandler }
12-09 07:08:46.077  1885  1971 E WifiP2pService: Unhandled message { when=-1ms what=131203 target=com.android.internal.util.StateMachine$SmHandler }
12-09 07:08:46.111  1885  1903 E BatteryExternalStatsWorker: no controller energy info supplied for wifi
12-09 07:08:46.234  1885  1903 E BatteryExternalStatsWorker: no controller energy info supplied for wifi
12-09 07:08:48.305  5842  5842 E droid.deskcloc: Not starting debugger since process cannot load the jdwp agent.
12-09 07:08:49.696  5842  5842 E LoadedApk: Unable to instantiate appComponentFactory
12-09 07:08:49.696  5842  5842 E LoadedApk: java.lang.ClassNotFoundException: Didn't find class "android.support.v4.app.CoreComponentFactory" on path: DexPathList[[zip file "/data/app/com.google.android.deskclock-irjeQ48B8SlCzNgOUY6aXg==/base.apk"],nativeLibraryDirectories=[/data/app/com.google.android.deskclock-irjeQ48B8SlCzNgOUY6aXg==/lib/x86, /system/lib]]
12-09 07:08:49.696  5842  5842 E LoadedApk: 	at dalvik.system.BaseDexClassLoader.findClass(BaseDexClassLoader.java:134)
12-09 07:08:49.696  5842  5842 E LoadedApk: 	at java.lang.ClassLoader.loadClass(ClassLoader.java:379)
12-09 07:08:49.696  5842  5842 E LoadedApk: 	at java.lang.ClassLoader.loadClass(ClassLoader.java:312)
12-09 07:08:49.696  5842  5842 E LoadedApk: 	at android.app.LoadedApk.createAppFactory(LoadedApk.java:226)
12-09 07:08:49.696  5842  5842 E LoadedApk: 	at android.app.LoadedApk.createOrUpdateClassLoaderLocked(LoadedApk.java:731)
12-09 07:08:49.696  5842  5842 E LoadedApk: 	at android.app.LoadedApk.getClassLoader(LoadedApk.java:810)
12-09 07:08:49.696  5842  5842 E LoadedApk: 	at android.app.LoadedApk.getResources(LoadedApk.java:1032)
12-09 07:08:49.696  5842  5842 E LoadedApk: 	at android.app.ContextImpl.createAppContext(ContextImpl.java:2345)
12-09 07:08:49.696  5842  5842 E LoadedApk: 	at android.app.ActivityThread.handleBindApplication(ActivityThread.java:5749)
12-09 07:08:49.696  5842  5842 E LoadedApk: 	at android.app.ActivityThread.access$1100(ActivityThread.java:199)
12-09 07:08:49.696  5842  5842 E LoadedApk: 	at android.app.ActivityThread$H.handleMessage(ActivityThread.java:1650)
12-09 07:08:49.696  5842  5842 E LoadedApk: 	at android.os.Handler.dispatchMessage(Handler.java:106)
12-09 07:08:49.696  5842  5842 E LoadedApk: 	at android.os.Looper.loop(Looper.java:193)
12-09 07:08:49.696  5842  5842 E LoadedApk: 	at android.app.ActivityThread.main(ActivityThread.java:6669)
12-09 07:08:49.696  5842  5842 E LoadedApk: 	at java.lang.reflect.Method.invoke(Native Method)
12-09 07:08:49.696  5842  5842 E LoadedApk: 	at com.android.internal.os.RuntimeInit$MethodAndArgsCaller.run(RuntimeInit.java:493)
12-09 07:08:49.696  5842  5842 E LoadedApk: 	at com.android.internal.os.ZygoteInit.main(ZygoteInit.java:858)
12-09 07:08:50.693  1885  1903 E BatteryExternalStatsWorker: no controller energy info supplied for wifi
12-09 07:08:50.960  1885  1969 E WifiVendorHal: stopRssiMonitoring(l.2404) failed {.code = ERROR_NOT_AVAILABLE, .description = }
12-09 07:08:51.384  1737  1820 E Netd    : Error adding route ::/0 -> fe80::ff:fe00:100 wlan0 to table 1003: File exists
12-09 07:08:53.343  1885  1898 E memtrack: Couldn't load memtrack module
