--------- beginning of system
--------- beginning of main
12-07 19:56:14.304 22429 22429 E oid.documentsu: Not starting debugger since process cannot load the jdwp agent.
12-07 19:56:14.310 22422 22422 E id.defcontaine: Not starting debugger since process cannot load the jdwp agent.
12-07 19:56:14.334 22444 22444 E ndroid.keychai: Not starting debugger since process cannot load the jdwp agent.
12-07 19:56:15.115 22495 22495 E droid.apps.doc: Not starting debugger since process cannot load the jdwp agent.
12-07 19:56:16.079 22522 22522 E d.process.medi: Not starting debugger since process cannot load the jdwp agent.
12-07 19:56:16.950 22495 22495 E DocsApplication: [main] No default account found during application creation.
12-07 19:56:18.678  1729  1931 E         : Couldn't opendir /data/app/vmdl824771123.tmp: No such file or directory
12-07 19:56:18.678  1729  1931 E installd: Failed to delete /data/app/vmdl824771123.tmp: No such file or directory
12-07 19:56:21.235 16506 17111 E PlaceInferenceEngine: Position timestamp out of order. Previous: 1544248512000, Current: 1544230532438. Skipping this Position.
12-07 19:56:21.405 16506 16506 E BeaconBle: Missing BluetoothAdapter
12-07 19:56:21.662 16506 16506 E BeaconBle: Scan couldn't start for Places
12-07 19:56:23.870 22582 22582 E harlton.mileag: Not starting debugger since process cannot load the jdwp agent.
12-07 19:56:24.642 16506 22365 E ctxmgr  : [AppIntervalImpl]closeInterval: stopTimeMillis invalid, stop=1544230584642, start=1544238227857
12-07 19:56:24.669 16506 22365 E ctxmgr  : [AppIntervalImpl]closeInterval: stopTimeMillis invalid, stop=1544230584669, start=1544238227858
12-07 19:56:25.603 16085 24146 E putmethod.lati: Invalid ID 0x00000001.
12-07 19:56:25.608 16085 24146 E LstmTrainingCache: emn: Can't get resource name for input slot
12-07 19:56:25.608 16085 24146 E LstmTrainingCache: android.content.res.Resources$NotFoundException: Unable to find resource ID #0x1
12-07 19:56:25.608 16085 24146 E LstmTrainingCache: 	at android.content.res.ResourcesImpl.getResourceName(ResourcesImpl.java:255)
12-07 19:56:25.608 16085 24146 E LstmTrainingCache: 	at android.content.res.Resources.getResourceName(Resources.java:1954)
12-07 19:56:25.608 16085 24146 E LstmTrainingCache: 	at emn.a(PG:12)
12-07 19:56:25.608 16085 24146 E LstmTrainingCache: 	at emk.run(PG:5)
12-07 19:56:25.608 16085 24146 E LstmTrainingCache: 	at java.lang.Thread.run(Thread.java:764)
12-07 19:56:30.433  1737  1809 E storaged: getDiskStats failed with result NOT_SUPPORTED and size 0
12-07 19:56:35.177 22618 22618 E emui:screensho: Not starting debugger since process cannot load the jdwp agent.
12-07 19:56:35.548 22618 22618 E SoundPool: error loading /product/media/audio/ui/camera_click.ogg
12-07 19:56:35.635  1724  1863 E SurfaceFlinger: ro.sf.lcd_density must be defined as a build property
12-07 19:56:35.821  1739  2068 E OMXNodeInstance: getConfig(0xedf11420:google.vorbis.decoder, ConfigAndroidVendorExtension(0x6f100004)) ERROR: Undefined(0x80001001)
12-07 19:56:35.831  1724  1766 E SurfaceFlinger: ro.sf.lcd_density must be defined as a build property
12-07 19:56:38.988 16506 16506 E BeaconBle: Missing BluetoothAdapter
12-07 19:56:39.023 16506 16506 E BeaconBle: Scan couldn't start for Places
12-07 19:56:48.147 22668 22668 E oid.apps.photo: Not starting debugger since process cannot load the jdwp agent.
12-07 19:56:48.950 22690 22690 E ocess.gservice: Not starting debugger since process cannot load the jdwp agent.
12-07 19:57:01.595 16561 16561 E ContextIntentStarter: No activity found for any of the 0 intents
12-07 19:57:02.168 20234 20234 E wpa_supplicant: nl80211: Failed to open /proc/sys/net/ipv4/conf/p2p-dev-wlan0/drop_unicast_in_l2_multicast: No such file or directory
12-07 19:57:02.168 20234 20234 E wpa_supplicant: nl80211: Failed to set IPv4 unicast in multicast filter
12-07 19:57:02.229 20234 20234 E wpa_supplicant: nl80211: Failed to open /proc/sys/net/ipv4/conf/p2p-dev-wlan0/drop_unicast_in_l2_multicast: No such file or directory
12-07 19:57:02.229 20234 20234 E wpa_supplicant: nl80211: Failed to set IPv4 unicast in multicast filter
12-07 19:57:02.383 20234 20234 E wpa_supplicant: nl80211: Failed to open /proc/sys/net/ipv4/conf/wlan0/drop_unicast_in_l2_multicast: No such file or directory
12-07 19:57:02.383 20234 20234 E wpa_supplicant: nl80211: Failed to set IPv4 unicast in multicast filter
12-07 19:57:02.383 20234 20234 E wpa_supplicant: nl80211: Failed to open /proc/sys/net/ipv4/conf/wlan0/drop_unicast_in_l2_multicast: No such file or directory
12-07 19:57:02.384 20234 20234 E wpa_supplicant: nl80211: Failed to set IPv4 unicast in multicast filter
12-07 19:57:02.461 20234 20234 E wpa_supplicant: nl80211: Failed to open /proc/sys/net/ipv4/conf/wlan0/drop_unicast_in_l2_multicast: No such file or directory
12-07 19:57:02.461 20234 20234 E wpa_supplicant: nl80211: Failed to set IPv4 unicast in multicast filter
12-07 19:57:02.742  1628  1628 E android.hardware.wifi@1.0-service: Failed to open directory: Permission denied
12-07 19:57:02.742  1628  1628 E android.hardware.wifi@1.0-service: Error occurred while deleting old tombstone files
12-07 19:57:02.742  1628  1628 E android.hardware.wifi@1.0-service: Error writing files to flash
12-07 19:57:03.387 15925 15934 E Netd    : Interface index 3 was never in a currently-connected netId
12-07 19:57:03.421 15976 16055 E WifiP2pService: Unhandled message { when=-1ms what=131204 target=com.android.internal.util.StateMachine$SmHandler }
12-07 19:57:03.472 15976 15994 E BatteryExternalStatsWorker: no controller energy info supplied for wifi
12-07 19:57:03.514 16506 22749 E WakeLock: GCM_HB_ALARM release without a matched acquire!
12-07 19:57:03.526 16506 22749 E WakeLock: GCM_CONN_ALARM release without a matched acquire!
12-07 19:57:04.059  1628  1628 E android.hardware.wifi@1.0-service: Failed to register radio mode change callback
12-07 19:57:04.061  1628  1628 E android.hardware.wifi@1.0-service: Failed to set DFS flag; DFS channels may be unavailable.
12-07 19:57:04.119 15926 15926 E wificond: No Offload Service available
12-07 19:57:04.244 15976 16056 E ConnectivityService: exception in setMtu()java.lang.IllegalStateException: command '1039 interface setmtu radio0 1500' failed with '400 1039 Failed to set MTU (Permission denied)'
12-07 19:57:04.256 15976 16055 E WifiP2pService: Unhandled message { when=-1ms what=131203 target=com.android.internal.util.StateMachine$SmHandler }
12-07 19:57:04.277 15976 16055 E WifiP2pService: Unhandled message { when=-1ms what=131203 target=com.android.internal.util.StateMachine$SmHandler }
12-07 19:57:04.352 15976 15994 E BatteryExternalStatsWorker: no controller energy info supplied for wifi
12-07 19:57:04.380 15976 15994 E BatteryExternalStatsWorker: no controller energy info supplied for wifi
12-07 19:57:04.952 16506 22765 E WakeLock: GCM_CONN_ALARM release without a matched acquire!
12-07 19:57:08.176  1829  1829 E netmgr  : Failed to open QEMU pipe 'qemud:network': Invalid argument
12-07 19:57:08.177  1829  1829 E netmgr  : WifiForwarder unable to open QEMU pipe: Invalid argument
12-07 19:57:08.199 15976 15994 E BatteryExternalStatsWorker: no controller energy info supplied for wifi
12-07 19:57:08.885 16506 22783 E WakeLock: GCM_HB_ALARM release without a matched acquire!
12-07 19:57:09.040 16506 22785 E WakeLock: GCM_CONN_ALARM release without a matched acquire!
12-07 19:57:09.093 15925 15942 E Netd    : Error adding route ::/0 -> fe80::ff:fe00:100 wlan0 to table 1003: File exists
12-07 19:57:10.127 22786 22786 E rrierdefaultap: Not starting debugger since process cannot load the jdwp agent.
12-07 19:57:14.076 16506 21704 E ctxmgr  : [AppIntervalImpl]closeInterval: stopTimeMillis invalid, stop=1544230634075, start=1544238227857
12-07 19:57:14.082 16506 21704 E ctxmgr  : [AppIntervalImpl]closeInterval: stopTimeMillis invalid, stop=1544230634081, start=1544238227858
12-07 19:57:14.123 15927 22803 E audio_hw_generic: pcm_open(in) failed: cannot open device '/dev/snd/pcmC0D0c': Device or resource busy: channels 2 format 0 rate 16000
12-07 19:57:30.469  1737  1809 E storaged: getDiskStats failed with result NOT_SUPPORTED and size 0
12-07 19:58:08.177  1829  1829 E netmgr  : Failed to open QEMU pipe 'qemud:network': Invalid argument
12-07 19:58:08.177  1829  1829 E netmgr  : Poller found past due deadline, setting to zero
12-07 19:58:08.178  1829  1829 E netmgr  : WifiForwarder unable to open QEMU pipe: Invalid argument
12-07 19:58:30.475  1737  1809 E storaged: getDiskStats failed with result NOT_SUPPORTED and size 0
12-07 19:59:08.194  1829  1829 E netmgr  : Failed to open QEMU pipe 'qemud:network': Invalid argument
12-07 19:59:08.194  1829  1829 E netmgr  : WifiForwarder unable to open QEMU pipe: Invalid argument
