--------- beginning of system
--------- beginning of main
12-08 01:23:17.215 30843 30843 E oid.documentsu: Not starting debugger since process cannot load the jdwp agent.
12-08 01:23:17.244 30852 30852 E ndroid.keychai: Not starting debugger since process cannot load the jdwp agent.
12-08 01:23:18.381 30904 30904 E droid.apps.doc: Not starting debugger since process cannot load the jdwp agent.
12-08 01:23:19.584 30932 30932 E d.process.medi: Not starting debugger since process cannot load the jdwp agent.
12-08 01:23:20.264 30904 30904 E DocsApplication: [main] No default account found during application creation.
12-08 01:23:21.177  1729  1729 E         : Couldn't opendir /data/app/vmdl1582729006.tmp: No such file or directory
12-08 01:23:21.177  1729  1729 E installd: Failed to delete /data/app/vmdl1582729006.tmp: No such file or directory
12-08 01:23:24.962 30984 30984 E harlton.mileag: Not starting debugger since process cannot load the jdwp agent.
12-08 01:23:26.215 16085 31762 E putmethod.lati: Invalid ID 0x00000001.
12-08 01:23:26.231 16085 31762 E LstmTrainingCache: emn: Can't get resource name for input slot
12-08 01:23:26.231 16085 31762 E LstmTrainingCache: android.content.res.Resources$NotFoundException: Unable to find resource ID #0x1
12-08 01:23:26.231 16085 31762 E LstmTrainingCache: 	at android.content.res.ResourcesImpl.getResourceName(ResourcesImpl.java:255)
12-08 01:23:26.231 16085 31762 E LstmTrainingCache: 	at android.content.res.Resources.getResourceName(Resources.java:1954)
12-08 01:23:26.231 16085 31762 E LstmTrainingCache: 	at emn.a(PG:12)
12-08 01:23:26.231 16085 31762 E LstmTrainingCache: 	at emk.run(PG:5)
12-08 01:23:26.231 16085 31762 E LstmTrainingCache: 	at java.lang.Thread.run(Thread.java:764)
12-08 01:23:36.128  1737  1809 E storaged: getDiskStats failed with result NOT_SUPPORTED and size 0
12-08 01:23:36.760 31021 31021 E emui:screensho: Not starting debugger since process cannot load the jdwp agent.
12-08 01:23:37.355 31021 31021 E SoundPool: error loading /product/media/audio/ui/camera_click.ogg
12-08 01:23:37.581  1739  2068 E OMXNodeInstance: getConfig(0xee326c00:google.vorbis.decoder, ConfigAndroidVendorExtension(0x6f100004)) ERROR: Undefined(0x80001001)
12-08 01:23:37.614  1724  1767 E SurfaceFlinger: ro.sf.lcd_density must be defined as a build property
12-08 01:23:38.020  1724  1767 E SurfaceFlinger: ro.sf.lcd_density must be defined as a build property
12-08 01:23:41.872 16485 18943 E s.nexuslaunche: Failed to open APK '/data/app/com.evancharlton.mileage-yOGUb5tKh2H14AihxigfPg==/base.apk' I/O error
12-08 01:23:41.886 16485 18943 E ResourcesManager: failed to add asset path /data/app/com.evancharlton.mileage-yOGUb5tKh2H14AihxigfPg==/base.apk
12-08 01:23:43.683 16506 16506 E BeaconBle: Missing BluetoothAdapter
12-08 01:23:43.750 16506 16506 E BeaconBle: Scan couldn't start for Places
12-08 01:23:50.760 31071 31071 E oid.apps.photo: Not starting debugger since process cannot load the jdwp agent.
12-08 01:23:52.038 31089 31089 E ocess.gservice: Not starting debugger since process cannot load the jdwp agent.
12-08 01:23:55.938 15976 15994 E BatteryExternalStatsWorker: no controller energy info supplied for wifi
12-08 01:24:05.887 31135 31135 E hod.latin:trai: Not starting debugger since process cannot load the jdwp agent.
12-08 01:24:09.363 28119 28119 E ContextIntentStarter: No activity found for any of the 0 intents
12-08 01:24:16.436  1829  1829 E netmgr  : Failed to open QEMU pipe 'qemud:network': Invalid argument
12-08 01:24:16.436  1829  1829 E netmgr  : WifiForwarder unable to open QEMU pipe: Invalid argument
12-08 01:24:22.746 16506 30673 E ctxmgr  : [AppIntervalImpl]closeInterval: ongoing
12-08 01:24:22.753 16506 30673 E ctxmgr  : [AppIntervalImpl]closeInterval: ongoing
12-08 01:24:36.176  1737  1809 E storaged: getDiskStats failed with result NOT_SUPPORTED and size 0
12-08 01:24:53.227 31180 31180 E id.partnersetu: Not starting debugger since process cannot load the jdwp agent.
12-08 01:24:53.537 16410 31185 E WorkSourceUtil: Could not find package: com.google.android.gms.westworld
12-08 01:24:59.745 16788 17129 E PlayCommon: [121] com.google.android.play.b.g.a(448): Failed to connect to server: java.net.UnknownHostException: Unable to resolve host "play.googleapis.com": No address associated with hostname
12-08 01:25:16.461  1829  1829 E netmgr  : Failed to open QEMU pipe 'qemud:network': Invalid argument
12-08 01:25:16.461  1829  1829 E netmgr  : WifiForwarder unable to open QEMU pipe: Invalid argument
12-08 01:25:36.208  1737  1809 E storaged: getDiskStats failed with result NOT_SUPPORTED and size 0
12-08 01:26:16.525  1829  1829 E netmgr  : Failed to open QEMU pipe 'qemud:network': Invalid argument
12-08 01:26:16.526  1829  1829 E netmgr  : WifiForwarder unable to open QEMU pipe: Invalid argument
12-08 01:26:36.221  1737  1809 E storaged: getDiskStats failed with result NOT_SUPPORTED and size 0
12-08 01:27:16.539  1829  1829 E netmgr  : Failed to open QEMU pipe 'qemud:network': Invalid argument
12-08 01:27:16.539  1829  1829 E netmgr  : WifiForwarder unable to open QEMU pipe: Invalid argument
12-08 01:27:36.224  1737  1809 E storaged: getDiskStats failed with result NOT_SUPPORTED and size 0
12-08 01:28:05.707 16485 16485 E SchedPolicy: set_timerslack_ns write failed: Operation not permitted
12-08 01:28:08.328 15976 17858 E WindowManager: Performed 6 layouts in a row. Skipping
12-08 01:28:08.343 15976 16026 E WindowManager: Performed 6 layouts in a row. Skipping
12-08 01:28:08.442 15976 16026 E WindowManager: Performed 6 layouts in a row. Skipping
12-08 01:28:08.518 15976 16026 E WindowManager: Performed 6 layouts in a row. Skipping
12-08 01:28:08.588 15976 16026 E WindowManager: Performed 6 layouts in a row. Skipping
12-08 01:28:08.607 15976 18124 E WindowManager: Performed 6 layouts in a row. Skipping
12-08 01:28:08.651 15976 15991 E WindowManager: Performed 6 layouts in a row. Skipping
12-08 01:28:08.731 15976 16026 E WindowManager: Performed 6 layouts in a row. Skipping
12-08 01:28:08.803 15976 16026 E WindowManager: Performed 6 layouts in a row. Skipping
12-08 01:28:08.848 15976 16026 E WindowManager: Performed 6 layouts in a row. Skipping
12-08 01:28:08.899 15976 16026 E WindowManager: Performed 6 layouts in a row. Skipping
12-08 01:28:08.922 15976 18124 E WindowManager: Performed 6 layouts in a row. Skipping
12-08 01:28:08.959 15976 16026 E WindowManager: Performed 6 layouts in a row. Skipping
12-08 01:28:08.982 15976 16026 E WindowManager: Performed 6 layouts in a row. Skipping
12-08 01:28:09.045 15976 16026 E WindowManager: Performed 6 layouts in a row. Skipping
12-08 01:28:09.087 15976 16026 E WindowManager: Performed 6 layouts in a row. Skipping
12-08 01:28:09.118 15976 16026 E WindowManager: Performed 6 layouts in a row. Skipping
12-08 01:28:09.299  1724  1724 E SurfaceFlinger: [StatusBar#0] rejecting buffer: bufWidth=1080, bufHeight=1920, front.active.{w=1080, h=63}
12-08 01:28:12.833 15976 16318 E WindowManager: Performed 6 layouts in a row. Skipping
12-08 01:28:12.857 15976 16026 E WindowManager: Performed 6 layouts in a row. Skipping
12-08 01:28:12.929 15976 16026 E WindowManager: Performed 6 layouts in a row. Skipping
12-08 01:28:13.001 15976 16026 E WindowManager: Performed 6 layouts in a row. Skipping
12-08 01:28:13.079 15976 16026 E WindowManager: Performed 6 layouts in a row. Skipping
12-08 01:28:13.097 15976 15991 E WindowManager: Performed 6 layouts in a row. Skipping
12-08 01:28:13.127 15976 17858 E WindowManager: Performed 6 layouts in a row. Skipping
12-08 01:28:13.182 15976 16026 E WindowManager: Performed 6 layouts in a row. Skipping
12-08 01:28:13.256 15976 16026 E WindowManager: Performed 6 layouts in a row. Skipping
12-08 01:28:13.274 15976 18399 E WindowManager: Performed 6 layouts in a row. Skipping
12-08 01:28:13.318 15976 16026 E WindowManager: Performed 6 layouts in a row. Skipping
