--------- beginning of system
12-08 09:32:37.959  1881  1934 E WindowManager: Performed 6 layouts in a row. Skipping
12-08 09:32:37.990  1881  1934 E WindowManager: Performed 6 layouts in a row. Skipping
12-08 09:32:38.070  1881  1934 E WindowManager: Performed 6 layouts in a row. Skipping
12-08 09:32:40.216  1881  1895 E ActivityManager: Failure starting process com.evancharlton.mileage
12-08 09:32:40.216  1881  1895 E ActivityManager: java.lang.SecurityException: Package com.evancharlton.mileage is currently frozen!
12-08 09:32:40.216  1881  1895 E ActivityManager: 	at com.android.server.pm.PackageManagerService.checkPackageStartable(PackageManagerService.java:4000)
12-08 09:32:40.216  1881  1895 E ActivityManager: 	at com.android.server.am.ActivityManagerService.startProcessLocked(ActivityManagerService.java:4234)
12-08 09:32:40.216  1881  1895 E ActivityManager: 	at com.android.server.am.ActivityManagerService.startProcessLocked(ActivityManagerService.java:4199)
12-08 09:32:40.216  1881  1895 E ActivityManager: 	at com.android.server.am.ActivityManagerService.startProcessLocked(ActivityManagerService.java:4181)
12-08 09:32:40.216  1881  1895 E ActivityManager: 	at com.android.server.am.ActivityManagerService.startProcessLocked(ActivityManagerService.java:4067)
12-08 09:32:40.216  1881  1895 E ActivityManager: 	at com.android.server.am.ActivityStackSupervisor.startSpecificActivityLocked(ActivityStackSupervisor.java:1715)
12-08 09:32:40.216  1881  1895 E ActivityManager: 	at com.android.server.am.ActivityStack.resumeTopActivityInnerLocked(ActivityStack.java:2764)
12-08 09:32:40.216  1881  1895 E ActivityManager: 	at com.android.server.am.ActivityStack.resumeTopActivityUncheckedLocked(ActivityStack.java:2302)
12-08 09:32:40.216  1881  1895 E ActivityManager: 	at com.android.server.am.ActivityStackSupervisor.resumeFocusedStackTopActivityLocked(ActivityStackSupervisor.java:2234)
12-08 09:32:40.216  1881  1895 E ActivityManager: 	at com.android.server.am.ActivityStackSupervisor.resumeFocusedStackTopActivityLocked(ActivityStackSupervisor.java:2218)
12-08 09:32:40.216  1881  1895 E ActivityManager: 	at com.android.server.am.ActivityManagerService.handleAppDiedLocked(ActivityManagerService.java:5923)
12-08 09:32:40.216  1881  1895 E ActivityManager: 	at com.android.server.am.ActivityManagerService.removeProcessLocked(ActivityManagerService.java:7501)
12-08 09:32:40.216  1881  1895 E ActivityManager: 	at com.android.server.am.ActivityManagerService.killPackageProcessesLocked(ActivityManagerService.java:7142)
12-08 09:32:40.216  1881  1895 E ActivityManager: 	at com.android.server.am.ActivityManagerService.forceStopPackageLocked(ActivityManagerService.java:7275)
12-08 09:32:40.216  1881  1895 E ActivityManager: 	at com.android.server.am.ActivityManagerService$MainHandler.handleMessage(ActivityManagerService.java:2289)
12-08 09:32:40.216  1881  1895 E ActivityManager: 	at android.os.Handler.dispatchMessage(Handler.java:106)
12-08 09:32:40.216  1881  1895 E ActivityManager: 	at android.os.Looper.loop(Looper.java:193)
12-08 09:32:40.216  1881  1895 E ActivityManager: 	at android.os.HandlerThread.run(HandlerThread.java:65)
12-08 09:32:40.216  1881  1895 E ActivityManager: 	at com.android.server.ServiceThread.run(ServiceThread.java:44)
12-08 09:32:44.368  1738  1772 E storaged: getDiskStats failed with result NOT_SUPPORTED and size 0
--------- beginning of main
12-08 09:33:01.101  2463  3017 E s.nexuslaunche: Failed to open APK '/data/app/com.evancharlton.mileage-_OznMl58k4Mkx91Vy3ZIXg==/base.apk' I/O error
12-08 09:33:01.106  2463  3017 E ResourcesManager: failed to add asset path /data/app/com.evancharlton.mileage-_OznMl58k4Mkx91Vy3ZIXg==/base.apk
12-08 09:33:02.234  2448 19986 E ctxmgr  : [ProducerStatusImpl]updateStateForNewContextData: inactive, contextName=7
12-08 09:33:02.282  2448 19986 E ctxmgr  : [ProducerStatusImpl]updateStateForNewContextData: inactive, contextName=1
12-08 09:33:02.373  2448  2448 E BeaconBle: Missing BluetoothAdapter
12-08 09:33:02.377  2448  3146 E PlaceInferenceEngine: Position timestamp out of order. Previous: 1544261284000, Current: 1544243582000. Skipping this Position.
12-08 09:33:02.422  2448  2448 E BeaconBle: Scan couldn't start for Places
12-08 09:33:13.604  2692  2692 E ContextIntentStarter: No activity found for any of the 0 intents
12-08 09:33:28.989  2692  2692 E PSAC    : Bitmap height 117 is less than first row height for pixel search
12-08 09:33:29.813 20881 20881 E boxed_process2: Not starting debugger since process cannot load the jdwp agent.
12-08 09:33:40.086  1828  1828 E netmgr  : Failed to open QEMU pipe 'qemud:network': Invalid argument
12-08 09:33:40.086  1828  1828 E netmgr  : WifiForwarder unable to open QEMU pipe: Invalid argument
12-08 09:33:44.379  1738  1772 E storaged: getDiskStats failed with result NOT_SUPPORTED and size 0
12-08 09:34:14.500  1611  1695 E audio_hw_generic: pcm_write failed cannot write stream data: I/O error
12-08 09:34:25.781  1611  1695 E audio_hw_generic: pcm_write failed cannot write stream data: I/O error
12-08 09:34:35.801  1611  1695 E audio_hw_generic: pcm_write failed cannot write stream data: I/O error
12-08 09:34:40.110  1828  1828 E netmgr  : Failed to open QEMU pipe 'qemud:network': Invalid argument
12-08 09:34:40.110  1828  1828 E netmgr  : WifiForwarder unable to open QEMU pipe: Invalid argument
12-08 09:34:44.399  1738  1772 E storaged: getDiskStats failed with result NOT_SUPPORTED and size 0
12-08 09:34:51.169  1611  1695 E audio_hw_generic: pcm_write failed cannot write stream data: I/O error
12-08 09:35:01.180  1611  1695 E audio_hw_generic: pcm_write failed cannot write stream data: I/O error
12-08 09:35:18.881  1611  1695 E audio_hw_generic: pcm_write failed cannot write stream data: I/O error
12-08 09:35:28.384 20907 20907 E hod.latin:trai: Not starting debugger since process cannot load the jdwp agent.
12-08 09:35:28.903  1611  1695 E audio_hw_generic: pcm_write failed cannot write stream data: I/O error
12-08 09:35:29.180  1881  4493 E WindowManager: Performed 6 layouts in a row. Skipping
12-08 09:35:29.213  1881  1934 E WindowManager: Performed 6 layouts in a row. Skipping
12-08 09:35:29.238  1881  1934 E WindowManager: Performed 6 layouts in a row. Skipping
12-08 09:35:29.301  1881  1934 E WindowManager: Performed 6 layouts in a row. Skipping
12-08 09:35:29.349  1881  1934 E WindowManager: Performed 6 layouts in a row. Skipping
12-08 09:35:29.372  1881  1896 E WindowManager: Performed 6 layouts in a row. Skipping
12-08 09:35:29.429  1881  1934 E WindowManager: Performed 6 layouts in a row. Skipping
12-08 09:35:29.476  1881  1934 E WindowManager: Performed 6 layouts in a row. Skipping
12-08 09:35:29.519  1881  1934 E WindowManager: Performed 6 layouts in a row. Skipping
12-08 09:35:29.544  1881  5713 E WindowManager: Performed 6 layouts in a row. Skipping
12-08 09:35:29.589  1881  1934 E WindowManager: Performed 6 layouts in a row. Skipping
12-08 09:35:29.611  1881  1934 E WindowManager: Performed 6 layouts in a row. Skipping
12-08 09:35:29.635  1881  4164 E WindowManager: Performed 6 layouts in a row. Skipping
12-08 09:35:29.685  1881  1934 E WindowManager: Performed 6 layouts in a row. Skipping
12-08 09:35:29.760  1881  1934 E WindowManager: Performed 6 layouts in a row. Skipping
12-08 09:35:29.802  1881  5713 E WindowManager: Performed 6 layouts in a row. Skipping
12-08 09:35:29.829  1881  4164 E WindowManager: Performed 6 layouts in a row. Skipping
12-08 09:35:29.859  1881  1934 E WindowManager: Performed 6 layouts in a row. Skipping
12-08 09:35:29.922  1881  1934 E WindowManager: Performed 6 layouts in a row. Skipping
12-08 09:35:29.948  1881  1934 E WindowManager: Performed 6 layouts in a row. Skipping
12-08 09:35:29.996  1881  1934 E WindowManager: Performed 6 layouts in a row. Skipping
12-08 09:35:33.004  1881  2132 E WindowManager: Performed 6 layouts in a row. Skipping
12-08 09:35:33.021  1881  1934 E WindowManager: Performed 6 layouts in a row. Skipping
12-08 09:35:33.103  1881  1934 E WindowManager: Performed 6 layouts in a row. Skipping
12-08 09:35:33.146  1881  1934 E WindowManager: Performed 6 layouts in a row. Skipping
12-08 09:35:33.170  1881  1934 E WindowManager: Performed 6 layouts in a row. Skipping
12-08 09:35:33.194  1881  1896 E WindowManager: Performed 6 layouts in a row. Skipping
12-08 09:35:33.217  1881  1993 E WindowManager: Performed 6 layouts in a row. Skipping
12-08 09:35:33.260  1881  1934 E WindowManager: Performed 6 layouts in a row. Skipping
12-08 09:35:33.278  1881  1934 E WindowManager: Performed 6 layouts in a row. Skipping
12-08 09:35:33.303  1881  1993 E WindowManager: Performed 6 layouts in a row. Skipping
12-08 09:35:33.343  1881  1934 E WindowManager: Performed 6 layouts in a row. Skipping
12-08 09:35:33.490  1881  1934 E WindowManager: Performed 6 layouts in a row. Skipping
12-08 09:35:35.445  1881  1898 E libprocessgroup: Error encountered killing process cgroup uid 99028 pid 20881: No such file or directory
