--------- beginning of main
--------- beginning of system
12-08 03:19:22.776  1881  1895 E ActivityManager: Failure starting process com.evancharlton.mileage
12-08 03:19:22.776  1881  1895 E ActivityManager: java.lang.SecurityException: Package com.evancharlton.mileage was not found!
12-08 03:19:22.776  1881  1895 E ActivityManager: 	at com.android.server.pm.PackageManagerService.checkPackageStartable(PackageManagerService.java:3987)
12-08 03:19:22.776  1881  1895 E ActivityManager: 	at com.android.server.am.ActivityManagerService.startProcessLocked(ActivityManagerService.java:4234)
12-08 03:19:22.776  1881  1895 E ActivityManager: 	at com.android.server.am.ActivityManagerService.startProcessLocked(ActivityManagerService.java:4199)
12-08 03:19:22.776  1881  1895 E ActivityManager: 	at com.android.server.am.ActivityManagerService.startProcessLocked(ActivityManagerService.java:4181)
12-08 03:19:22.776  1881  1895 E ActivityManager: 	at com.android.server.am.ActivityManagerService.startProcessLocked(ActivityManagerService.java:4067)
12-08 03:19:22.776  1881  1895 E ActivityManager: 	at com.android.server.am.ActivityStackSupervisor.startSpecificActivityLocked(ActivityStackSupervisor.java:1715)
12-08 03:19:22.776  1881  1895 E ActivityManager: 	at com.android.server.am.ActivityStack.resumeTopActivityInnerLocked(ActivityStack.java:2764)
12-08 03:19:22.776  1881  1895 E ActivityManager: 	at com.android.server.am.ActivityStack.resumeTopActivityUncheckedLocked(ActivityStack.java:2302)
12-08 03:19:22.776  1881  1895 E ActivityManager: 	at com.android.server.am.ActivityStackSupervisor.resumeFocusedStackTopActivityLocked(ActivityStackSupervisor.java:2234)
12-08 03:19:22.776  1881  1895 E ActivityManager: 	at com.android.server.am.ActivityStackSupervisor.resumeFocusedStackTopActivityLocked(ActivityStackSupervisor.java:2218)
12-08 03:19:22.776  1881  1895 E ActivityManager: 	at com.android.server.am.ActivityManagerService.handleAppDiedLocked(ActivityManagerService.java:5923)
12-08 03:19:22.776  1881  1895 E ActivityManager: 	at com.android.server.am.ActivityManagerService.removeProcessLocked(ActivityManagerService.java:7501)
12-08 03:19:22.776  1881  1895 E ActivityManager: 	at com.android.server.am.ActivityManagerService.killPackageProcessesLocked(ActivityManagerService.java:7142)
12-08 03:19:22.776  1881  1895 E ActivityManager: 	at com.android.server.am.ActivityManagerService.forceStopPackageLocked(ActivityManagerService.java:7275)
12-08 03:19:22.776  1881  1895 E ActivityManager: 	at com.android.server.am.ActivityManagerService$MainHandler.handleMessage(ActivityManagerService.java:2289)
12-08 03:19:22.776  1881  1895 E ActivityManager: 	at android.os.Handler.dispatchMessage(Handler.java:106)
12-08 03:19:22.776  1881  1895 E ActivityManager: 	at android.os.Looper.loop(Looper.java:193)
12-08 03:19:22.776  1881  1895 E ActivityManager: 	at android.os.HandlerThread.run(HandlerThread.java:65)
12-08 03:19:22.776  1881  1895 E ActivityManager: 	at com.android.server.ServiceThread.run(ServiceThread.java:44)
12-08 03:19:23.779  2448  8464 E ctxmgr  : [ProducerStatusImpl]updateStateForNewContextData: inactive, contextName=7
12-08 03:19:24.093  2448  2448 E BeaconBle: Missing BluetoothAdapter
12-08 03:19:24.129  2448  2448 E BeaconBle: Scan couldn't start for Places
12-08 03:19:25.443  1730  1944 E         : Couldn't opendir /data/app/vmdl1057557067.tmp: No such file or directory
12-08 03:19:25.443  1730  1944 E installd: Failed to delete /data/app/vmdl1057557067.tmp: No such file or directory
12-08 03:19:26.326  8790  8790 E harlton.mileag: Not starting debugger since process cannot load the jdwp agent.
12-08 03:19:35.994  8822  8822 E id.gms.learnin: Not starting debugger since process cannot load the jdwp agent.
12-08 03:19:36.617  1881  1894 E memtrack: Couldn't load memtrack module
12-08 03:19:38.451  1828  1828 E netmgr  : Failed to open QEMU pipe 'qemud:network': Invalid argument
12-08 03:19:38.457  1828  1828 E netmgr  : WifiForwarder unable to open QEMU pipe: Invalid argument
12-08 03:19:42.351  2448  8712 E ctxmgr  : [ProducerStatusImpl]updateStateForNewContextData: inactive, contextName=7
12-08 03:19:42.665  2448  2448 E BeaconBle: Missing BluetoothAdapter
12-08 03:19:42.718  2448  2448 E BeaconBle: Scan couldn't start for Places
12-08 03:19:44.158  1738  1772 E storaged: getDiskStats failed with result NOT_SUPPORTED and size 0
12-08 03:19:45.049  2692  2692 E ContextIntentStarter: No activity found for any of the 0 intents
12-08 03:19:45.874  8235  8235 E wpa_supplicant: nl80211: Failed to open /proc/sys/net/ipv4/conf/p2p-dev-wlan0/drop_unicast_in_l2_multicast: No such file or directory
12-08 03:19:45.874  8235  8235 E wpa_supplicant: nl80211: Failed to set IPv4 unicast in multicast filter
12-08 03:19:45.874  8235  8235 E wpa_supplicant: nl80211: Failed to open /proc/sys/net/ipv4/conf/p2p-dev-wlan0/drop_unicast_in_l2_multicast: No such file or directory
12-08 03:19:45.874  8235  8235 E wpa_supplicant: nl80211: Failed to set IPv4 unicast in multicast filter
12-08 03:19:45.959  8235  8235 E wpa_supplicant: nl80211: Failed to open /proc/sys/net/ipv4/conf/wlan0/drop_unicast_in_l2_multicast: No such file or directory
12-08 03:19:45.960  8235  8235 E wpa_supplicant: nl80211: Failed to set IPv4 unicast in multicast filter
12-08 03:19:45.992  8235  8235 E wpa_supplicant: nl80211: Failed to open /proc/sys/net/ipv4/conf/wlan0/drop_unicast_in_l2_multicast: No such file or directory
12-08 03:19:45.992  8235  8235 E wpa_supplicant: nl80211: Failed to set IPv4 unicast in multicast filter
12-08 03:19:46.076  8235  8235 E wpa_supplicant: nl80211: Failed to open /proc/sys/net/ipv4/conf/wlan0/drop_unicast_in_l2_multicast: No such file or directory
12-08 03:19:46.076  8235  8235 E wpa_supplicant: nl80211: Failed to set IPv4 unicast in multicast filter
12-08 03:19:46.127  1881  8259 E DhcpClient: Read error
12-08 03:19:46.127  1881  8259 E DhcpClient: android.system.ErrnoException: read failed: ENETDOWN (Network is down)
12-08 03:19:46.127  1881  8259 E DhcpClient: 	at libcore.io.Linux.readBytes(Native Method)
12-08 03:19:46.127  1881  8259 E DhcpClient: 	at libcore.io.Linux.read(Linux.java:184)
12-08 03:19:46.127  1881  8259 E DhcpClient: 	at libcore.io.BlockGuardOs.read(BlockGuardOs.java:254)
12-08 03:19:46.127  1881  8259 E DhcpClient: 	at android.system.Os.read(Os.java:414)
12-08 03:19:46.127  1881  8259 E DhcpClient: 	at android.net.dhcp.DhcpClient$ReceiveThread.run(DhcpClient.java:364)
12-08 03:19:46.133  1881  8242 E ConnectivityPacketTracker.wlan0: readPacket error: 
12-08 03:19:46.133  1881  8242 E ConnectivityPacketTracker.wlan0: android.system.ErrnoException: read failed: ENETDOWN (Network is down)
12-08 03:19:46.133  1881  8242 E ConnectivityPacketTracker.wlan0: 	at libcore.io.Linux.readBytes(Native Method)
12-08 03:19:46.133  1881  8242 E ConnectivityPacketTracker.wlan0: 	at libcore.io.Linux.read(Linux.java:184)
12-08 03:19:46.133  1881  8242 E ConnectivityPacketTracker.wlan0: 	at libcore.io.BlockGuardOs.read(BlockGuardOs.java:254)
12-08 03:19:46.133  1881  8242 E ConnectivityPacketTracker.wlan0: 	at android.system.Os.read(Os.java:414)
12-08 03:19:46.133  1881  8242 E ConnectivityPacketTracker.wlan0: 	at android.net.util.PacketReader.readPacket(PacketReader.java:137)
12-08 03:19:46.133  1881  8242 E ConnectivityPacketTracker.wlan0: 	at android.net.util.PacketReader.handleInput(PacketReader.java:207)
12-08 03:19:46.133  1881  8242 E ConnectivityPacketTracker.wlan0: 	at android.net.util.PacketReader.access$100(PacketReader.java:70)
12-08 03:19:46.133  1881  8242 E ConnectivityPacketTracker.wlan0: 	at android.net.util.PacketReader$1.onFileDescriptorEvents(PacketReader.java:189)
12-08 03:19:46.133  1881  8242 E ConnectivityPacketTracker.wlan0: 	at android.os.MessageQueue.dispatchEvents(MessageQueue.java:285)
12-08 03:19:46.133  1881  8242 E ConnectivityPacketTracker.wlan0: 	at android.os.MessageQueue.nativePollOnce(Native Method)
12-08 03:19:46.133  1881  8242 E ConnectivityPacketTracker.wlan0: 	at android.os.MessageQueue.next(MessageQueue.java:326)
12-08 03:19:46.133  1881  8242 E ConnectivityPacketTracker.wlan0: 	at android.os.Looper.loop(Looper.java:160)
12-08 03:19:46.133  1881  8242 E ConnectivityPacketTracker.wlan0: 	at android.os.HandlerThread.run(HandlerThread.java:65)
12-08 03:19:46.265  1626  1626 E android.hardware.wifi@1.0-service: Failed to open directory: Permission denied
12-08 03:19:46.265  1626  1626 E android.hardware.wifi@1.0-service: Error occurred while deleting old tombstone files
12-08 03:19:46.265  1626  1626 E android.hardware.wifi@1.0-service: Error writing files to flash
12-08 03:19:46.483  1881  1964 E SupplicantStaIfaceHal: Can't call setPowerSave, ISupplicantStaIface is null
12-08 03:19:46.483  1881  1964 E SupplicantStaIfaceHal: Can't call setBtCoexistenceMode, ISupplicantStaIface is null
12-08 03:19:46.525  2448  8272 E WakeLock: GCM_HB_ALARM release without a matched acquire!
12-08 03:19:46.529  1881  1964 E HalDevMgr: Should have at least 1 chip!
12-08 03:19:46.529  1881  1964 E HalDevMgr: dispatchAvailableForRequestListeners: no chip info found
12-08 03:19:46.530  2448  8272 E GCM     : Connection closed with errorCode 20
12-08 03:19:46.540  1881  1964 E SupplicantStaIfaceHal: Can't call listNetworks, ISupplicantStaIface is null
12-08 03:19:46.540  1881  1964 E SupplicantStaIfaceHal: removeAllNetworks failed, got null networks
12-08 03:19:46.541  1881  1964 E WifiStateMachine: Failed to remove networks on exiting connect mode
12-08 03:19:46.542  1881  1966 E WifiP2pService: Unhandled message { when=-1ms what=131204 target=com.android.internal.util.StateMachine$SmHandler }
12-08 03:19:46.546  2448  8272 E WakeLock: GCM_CONN_ALARM release without a matched acquire!
12-08 03:19:46.564  1881  1965 E WificondControl: No valid wificond scanner interface handler
12-08 03:19:46.569  1881  1899 E BatteryExternalStatsWorker: no controller energy info supplied for wifi
12-08 03:19:46.576  1881  1899 E BatteryExternalStatsWorker: no controller energy info supplied for wifi
12-08 03:19:46.721  1611  8874 E audio_hw_generic: pcm_open(in) failed: cannot open device '/dev/snd/pcmC0D0c': Device or resource busy: channels 2 format 0 rate 16000
12-08 03:19:47.427  1881  1964 E WifiScanRequestProxy: Scan failure received. reason: -1,description: not available
12-08 03:19:53.888  2448  8879 E WakeLock: GCM_HB_ALARM release without a matched acquire!
12-08 03:19:53.891  2448  8879 E WakeLock: GCM_CONN_ALARM release without a matched acquire!
12-08 03:19:57.850  1881  1894 E memtrack: Couldn't load memtrack module
12-08 03:20:00.830  1881  5571 E WindowManager: Performed 6 layouts in a row. Skipping
12-08 03:20:00.850  1881  1934 E WindowManager: Performed 6 layouts in a row. Skipping
12-08 03:20:00.901  1881  1934 E WindowManager: Performed 6 layouts in a row. Skipping
12-08 03:20:00.918  1881  5571 E WindowManager: Performed 6 layouts in a row. Skipping
12-08 03:20:00.949  1881  1934 E WindowManager: Performed 6 layouts in a row. Skipping
12-08 03:20:00.993  1881  1934 E WindowManager: Performed 6 layouts in a row. Skipping
12-08 03:20:01.009  1881  2405 E WindowManager: Performed 6 layouts in a row. Skipping
12-08 03:20:01.036  1881  1934 E WindowManager: Performed 6 layouts in a row. Skipping
12-08 03:20:01.084  1881  1934 E WindowManager: Performed 6 layouts in a row. Skipping
