--------- beginning of system
12-08 10:43:09.161  1738  1772 E storaged: getDiskStats failed with result NOT_SUPPORTED and size 0
--------- beginning of main
12-08 10:43:53.237  1828  1828 E netmgr  : Failed to open QEMU pipe 'qemud:network': Invalid argument
12-08 10:43:53.237  1828  1828 E netmgr  : WifiForwarder unable to open QEMU pipe: Invalid argument
12-08 10:44:03.969 15444 15444 E SpannableStringBuilder: SPAN_EXCLUSIVE_EXCLUSIVE spans cannot have a zero length
12-08 10:44:03.969 15444 15444 E SpannableStringBuilder: SPAN_EXCLUSIVE_EXCLUSIVE spans cannot have a zero length
12-08 10:44:09.174  1738  1772 E storaged: getDiskStats failed with result NOT_SUPPORTED and size 0
12-08 10:44:11.597  1881  1896 E AutofillSession: No assist structure - app might have crashed providing it
12-08 10:44:11.761  1992  1992 E native  : clearcut-logger.cc:191 USER_EDIT span#originalSpan is missing
12-08 10:44:16.823  1881  1896 E AutofillSession: No assist structure - app might have crashed providing it
12-08 10:44:53.285  1828  1828 E netmgr  : Failed to open QEMU pipe 'qemud:network': Invalid argument
12-08 10:44:53.286  1828  1828 E netmgr  : WifiForwarder unable to open QEMU pipe: Invalid argument
12-08 10:45:01.217 15444 15473 E SQLiteLog: (1) no such table: fillups
12-08 10:45:01.229 15444 15473 E DatabaseUpgrader: Couldn't upgrade database!
12-08 10:45:01.229 15444 15473 E DatabaseUpgrader: android.database.sqlite.SQLiteException: no such table: fillups (code 1 SQLITE_ERROR): , while compiling: ALTER TABLE fillups ADD COLUMN is_partial INTEGER;
12-08 10:45:01.229 15444 15473 E DatabaseUpgrader: 	at android.database.sqlite.SQLiteConnection.nativePrepareStatement(Native Method)
12-08 10:45:01.229 15444 15473 E DatabaseUpgrader: 	at android.database.sqlite.SQLiteConnection.acquirePreparedStatement(SQLiteConnection.java:903)
12-08 10:45:01.229 15444 15473 E DatabaseUpgrader: 	at android.database.sqlite.SQLiteConnection.prepare(SQLiteConnection.java:514)
12-08 10:45:01.229 15444 15473 E DatabaseUpgrader: 	at android.database.sqlite.SQLiteSession.prepare(SQLiteSession.java:588)
12-08 10:45:01.229 15444 15473 E DatabaseUpgrader: 	at android.database.sqlite.SQLiteProgram.<init>(SQLiteProgram.java:58)
12-08 10:45:01.229 15444 15473 E DatabaseUpgrader: 	at android.database.sqlite.SQLiteStatement.<init>(SQLiteStatement.java:31)
12-08 10:45:01.229 15444 15473 E DatabaseUpgrader: 	at android.database.sqlite.SQLiteDatabase.executeSql(SQLiteDatabase.java:1769)
12-08 10:45:01.229 15444 15473 E DatabaseUpgrader: 	at android.database.sqlite.SQLiteDatabase.execSQL(SQLiteDatabase.java:1698)
12-08 10:45:01.229 15444 15473 E DatabaseUpgrader: 	at com.evancharlton.mileage.provider.DatabaseUpgrader.exec(DatabaseUpgrader.java:105)
12-08 10:45:01.229 15444 15473 E DatabaseUpgrader: 	at com.evancharlton.mileage.provider.DatabaseUpgrader.upgradeDatabase(DatabaseUpgrader.java:44)
12-08 10:45:01.229 15444 15473 E DatabaseUpgrader: 	at com.evancharlton.mileage.provider.DatabaseUpgrader.upgradeDatabase(DatabaseUpgrader.java:89)
12-08 10:45:01.229 15444 15473 E DatabaseUpgrader: 	at com.evancharlton.mileage.tasks.DbImportTask.upgradeDatabase(DbImportTask.java:77)
12-08 10:45:01.229 15444 15473 E DatabaseUpgrader: 	at com.evancharlton.mileage.tasks.DbImportTask.doInBackground(DbImportTask.java:43)
12-08 10:45:01.229 15444 15473 E DatabaseUpgrader: 	at com.evancharlton.mileage.tasks.DbImportTask.doInBackground(DbImportTask.java:20)
12-08 10:45:01.229 15444 15473 E DatabaseUpgrader: 	at android.os.AsyncTask$2.call(AsyncTask.java:333)
12-08 10:45:01.229 15444 15473 E DatabaseUpgrader: 	at java.util.concurrent.FutureTask.run(FutureTask.java:266)
12-08 10:45:01.229 15444 15473 E DatabaseUpgrader: 	at java.util.concurrent.ThreadPoolExecutor.runWorker(ThreadPoolExecutor.java:1167)
12-08 10:45:01.229 15444 15473 E DatabaseUpgrader: 	at java.util.concurrent.ThreadPoolExecutor$Worker.run(ThreadPoolExecutor.java:641)
12-08 10:45:01.229 15444 15473 E DatabaseUpgrader: 	at java.lang.Thread.run(Thread.java:764)
12-08 10:45:09.175  1738  1772 E storaged: getDiskStats failed with result NOT_SUPPORTED and size 0
12-08 10:45:14.565  1740 10340 E OMXNodeInstance: setConfig(0xf48ac420:google.vorbis.decoder, ConfigPriority(0x6f800002)) ERROR: Undefined(0x80001001)
12-08 10:45:14.565  1740  1771 E OMXNodeInstance: getConfig(0xf48ac420:google.vorbis.decoder, ConfigAndroidVendorExtension(0x6f100004)) ERROR: Undefined(0x80001001)
12-08 10:45:38.286  2448 15134 E ctxmgr  : [ProducerStatusImpl]updateStateForNewContextData: inactive, contextName=7
12-08 10:45:40.907  2448 15134 E ctxmgr  : [ProducerStatusImpl]updateStateForNewContextData: inactive, contextName=1
12-08 10:45:40.920  2448 15134 E ctxmgr  : [ProducerStatusImpl]updateStateForNewContextData: inactive, contextName=1
12-08 10:45:40.920  2448 15134 E ctxmgr  : [ProducerStatusImpl]updateStateForNewContextData: inactive, contextName=1
12-08 10:45:43.462  2448  2448 E BeaconBle: Missing BluetoothAdapter
12-08 10:45:43.575  2448  2448 E BeaconBle: Scan couldn't start for Places
12-08 10:45:53.878  1828  1828 E netmgr  : Failed to open QEMU pipe 'qemud:network': Invalid argument
12-08 10:45:53.880  1828  1828 E netmgr  : WifiForwarder unable to open QEMU pipe: Invalid argument
12-08 10:45:56.621  2692  2692 E ContextIntentStarter: No activity found for any of the 0 intents
12-08 10:46:07.409  2692  3033 E MicroDetectionWorker: Stale runnable..ignoring
12-08 10:46:09.900  1738  1772 E storaged: getDiskStats failed with result NOT_SUPPORTED and size 0
12-08 10:46:12.851  2448 15465 E ctxmgr  : [ProducerStatusImpl]updateStateForNewContextData: inactive, contextName=7
12-08 10:46:15.526  2448  2448 E BeaconBle: Missing BluetoothAdapter
12-08 10:46:15.592  2448  2448 E BeaconBle: Scan couldn't start for Places
12-08 10:46:20.853 15524 15524 E dboxed_process: Not starting debugger since process cannot load the jdwp agent.
12-08 10:46:36.580  1611  1695 E audio_hw_generic: pcm_write failed cannot write stream data: I/O error
12-08 10:46:47.258  1611  1695 E audio_hw_generic: pcm_write failed cannot write stream data: I/O error
12-08 10:46:55.384  1828  1828 E netmgr  : Failed to open QEMU pipe 'qemud:network': Invalid argument
12-08 10:46:55.384  1828  1828 E netmgr  : WifiForwarder unable to open QEMU pipe: Invalid argument
12-08 10:46:57.967  1611  1695 E audio_hw_generic: pcm_write failed cannot write stream data: I/O error
12-08 10:47:08.680  1611  1695 E audio_hw_generic: pcm_write failed cannot write stream data: I/O error
12-08 10:47:11.496  1738  1772 E storaged: getDiskStats failed with result NOT_SUPPORTED and size 0
12-08 10:47:19.270  1611  1695 E audio_hw_generic: pcm_write failed cannot write stream data: I/O error
12-08 10:47:29.910  1611  1695 E audio_hw_generic: pcm_write failed cannot write stream data: I/O error
12-08 10:47:35.188  1881  1898 E libprocessgroup: Error encountered killing process cgroup uid 99081 pid 15524: No such file or directory
12-08 10:47:40.243  1611  1695 E audio_hw_generic: pcm_write failed cannot write stream data: I/O error
