--------- beginning of system
12-07 07:16:50.797  1735  1809 E storaged: getDiskStats failed with result NOT_SUPPORTED and size 0
12-07 07:17:53.113  1735  1809 E storaged: getDiskStats failed with result NOT_SUPPORTED and size 0
12-07 07:18:38.655  1736  1736 E wificond: Receive ERROR message in response to 'stop scheduled scan' request: Operation not supported on transport endpoint
--------- beginning of main
12-07 07:18:39.432  1625  1625 E android.hardware.wifi@1.0-service: Failed to open directory: Permission denied
12-07 07:18:39.432  1625  1625 E android.hardware.wifi@1.0-service: Error occurred while deleting old tombstone files
12-07 07:18:39.432  1625  1625 E android.hardware.wifi@1.0-service: Error writing files to flash
12-07 07:18:39.848  1880  1969 E WifiP2pService: Unhandled message { when=-1ms what=131204 target=com.android.internal.util.StateMachine$SmHandler }
12-07 07:18:39.902  1880  1900 E BatteryExternalStatsWorker: no controller energy info supplied for wifi
12-07 07:18:39.993  2378 30250 E WakeLock: GCM_HB_ALARM release without a matched acquire!
12-07 07:18:39.964  1880  1900 E BatteryExternalStatsWorker: no controller energy info supplied for wifi
12-07 07:18:40.097  2378 30250 E GCM     : Connection closed with errorCode 20
12-07 07:18:40.114  2378 30250 E WakeLock: GCM_CONN_ALARM release without a matched acquire!
12-07 07:18:40.760  1829  1829 E netmgr  : Failed to open QEMU pipe 'qemud:network': Invalid argument
12-07 07:18:40.760  1829  1829 E netmgr  : WifiForwarder unable to open QEMU pipe: Invalid argument
12-07 07:18:40.918  1625  1625 E android.hardware.wifi@1.0-service: Failed to register radio mode change callback
12-07 07:18:40.923  1625  1625 E android.hardware.wifi@1.0-service: Failed to set DFS flag; DFS channels may be unavailable.
12-07 07:18:41.027  1736  1736 E wificond: No Offload Service available
12-07 07:18:41.259  1880  1969 E WifiP2pService: Unhandled message { when=0 what=131203 target=com.android.internal.util.StateMachine$SmHandler }
12-07 07:18:41.272  1880  1969 E WifiP2pService: Unhandled message { when=0 what=131203 target=com.android.internal.util.StateMachine$SmHandler }
12-07 07:18:41.309  1880  1900 E BatteryExternalStatsWorker: no controller energy info supplied for wifi
12-07 07:18:41.330  1880  1900 E BatteryExternalStatsWorker: no controller energy info supplied for wifi
12-07 07:18:45.625  1880  1900 E BatteryExternalStatsWorker: no controller energy info supplied for wifi
12-07 07:18:46.265  1610  1692 E audio_hw_generic: pcm_write failed cannot write stream data: I/O error
12-07 07:18:46.364  1733  1824 E Netd    : Error adding route ::/0 -> fe80::ff:fe00:100 wlan0 to table 1003: File exists
12-07 07:18:46.711  2378  2552 E WakeLock: GCM_CONN_ALARM release without a matched acquire!
12-07 07:18:47.132  2554  2554 E .android.video: Not starting debugger since process cannot load the jdwp agent.
12-07 07:18:53.146  1735  1809 E storaged: getDiskStats failed with result NOT_SUPPORTED and size 0
12-07 07:19:01.845  2179  2179 E SpannableStringBuilder: SPAN_EXCLUSIVE_EXCLUSIVE spans cannot have a zero length
12-07 07:19:01.846  2179  2179 E SpannableStringBuilder: SPAN_EXCLUSIVE_EXCLUSIVE spans cannot have a zero length
12-07 07:19:13.706  1610  2648 E audio_hw_generic: pcm_open(in) failed: cannot open device '/dev/snd/pcmC0D0c': Device or resource busy: channels 2 format 0 rate 16000
12-07 07:19:13.908  2768  2768 E ClientVe: Failed to create ClientVisualElementsProto for user interaction on view com.google.android.apps.gsa.searchbox.ui.suggestions.views.CoreSuggestionView{b02ac09 VFE...CL. ...P.... 21,436-1059,583 #2db} because the view is not tagged for visual element logging.
12-07 07:19:15.422  2768  2768 E ClientVe: Failed to create ClientVisualElementsProto for user interaction on view com.google.android.apps.gsa.searchbox.ui.suggestions.views.p{f118db3 VFE...CL. ...P.... 414,21-621,279 #2e3} because the view is not tagged for visual element logging.
12-07 07:19:15.430  2768  2768 E ClientVe: Failed to create ClientVisualElementsProto for user interaction on view com.google.android.apps.gsa.searchbox.ui.suggestions.views.CoreSuggestionView{e5bf0e6 VFE...CL. ...P.... 21,877-1059,1024 #2de} because the view is not tagged for visual element logging.
12-07 07:19:15.468  2768  2768 E ClientVe: Failed to create ClientVisualElementsProto for user interaction on view com.google.android.apps.gsa.searchbox.ui.suggestions.views.CoreSuggestionView{716d341 VFE...CL. ...P.... 21,730-1059,877 #2dd} because the view is not tagged for visual element logging.
12-07 07:19:30.258  2768  2768 E ClientVe: Failed to create ClientVisualElementsProto for user interaction on view com.google.android.apps.gsa.searchbox.ui.suggestions.views.CoreSuggestionView{134ea56 VFE...CL. ...P.... 0,289-1038,436 #2e8} because the view is not tagged for visual element logging.
12-07 07:19:30.404  2768  2768 E ClientVe: Failed to create ClientVisualElementsProto for user interaction on view com.google.android.apps.gsa.searchbox.ui.suggestions.views.CoreSuggestionView{982fead VFE...CL. ...P.... 0,436-1038,600 #2e9} because the view is not tagged for visual element logging.
12-07 07:19:31.136  2768  2768 E ClientVe: Failed to create ClientVisualElementsProto for user interaction on view com.google.android.apps.gsa.searchbox.ui.suggestions.views.CoreSuggestionView{134ea56 VFE...CL. .F....ID 0,289-1038,436 #2e8} because the view is not tagged for visual element logging.
12-07 07:19:34.017  2179  2179 E SpannableStringBuilder: SPAN_EXCLUSIVE_EXCLUSIVE spans cannot have a zero length
12-07 07:19:34.017  2179  2179 E SpannableStringBuilder: SPAN_EXCLUSIVE_EXCLUSIVE spans cannot have a zero length
12-07 07:19:40.768  1829  1829 E netmgr  : Failed to open QEMU pipe 'qemud:network': Invalid argument
12-07 07:19:40.770  1829  1829 E netmgr  : WifiForwarder unable to open QEMU pipe: Invalid argument
12-07 07:19:42.278  2768  2768 E ContextIntentStarter: No activity found for any of the 0 intents
12-07 07:19:46.206  2768  2768 E ClientVe: Failed to create ClientVisualElementsProto for user interaction on view com.google.android.apps.gsa.searchbox.ui.suggestions.views.CoreSuggestionView{be0482e VFE...CL. ...P.... 0,-5-1038,142 #2eb} because the view is not tagged for visual element logging.
12-07 07:19:46.442  2768  2768 E ClientVe: Failed to create ClientVisualElementsProto for user interaction on view com.google.android.apps.gsa.searchbox.ui.suggestions.views.CoreSuggestionView{ef865 VFE...CL. ...P.... 0,436-1038,583 #2ee} because the view is not tagged for visual element logging.
12-07 07:19:46.613  2768  2768 E ClientVe: Failed to create ClientVisualElementsProto for user interaction on view com.google.android.apps.gsa.searchbox.ui.suggestions.views.CoreSuggestionView{be0482e VFE...CL. ...P.... 0,-5-1038,142 #2eb} because the view is not tagged for visual element logging.
12-07 07:19:53.174  1735  1809 E storaged: getDiskStats failed with result NOT_SUPPORTED and size 0
12-07 07:19:53.908  2768  2768 E SpannableStringBuilder: SPAN_EXCLUSIVE_EXCLUSIVE spans cannot have a zero length
12-07 07:19:53.908  2768  2768 E SpannableStringBuilder: SPAN_EXCLUSIVE_EXCLUSIVE spans cannot have a zero length
12-07 07:19:54.409  2768  2768 E SpannableStringBuilder: SPAN_EXCLUSIVE_EXCLUSIVE spans cannot have a zero length
12-07 07:19:54.409  2768  2768 E SpannableStringBuilder: SPAN_EXCLUSIVE_EXCLUSIVE spans cannot have a zero length
12-07 07:20:09.238  1992  9017 E putmethod.lati: Invalid ID 0x00000002.
12-07 07:20:09.269  1992  9017 E LstmTrainingCache: emn: Can't get resource name for input slot
12-07 07:20:09.269  1992  9017 E LstmTrainingCache: android.content.res.Resources$NotFoundException: Unable to find resource ID #0x2
12-07 07:20:09.269  1992  9017 E LstmTrainingCache: 	at android.content.res.ResourcesImpl.getResourceName(ResourcesImpl.java:255)
12-07 07:20:09.269  1992  9017 E LstmTrainingCache: 	at android.content.res.Resources.getResourceName(Resources.java:1954)
12-07 07:20:09.269  1992  9017 E LstmTrainingCache: 	at emn.a(PG:12)
12-07 07:20:09.269  1992  9017 E LstmTrainingCache: 	at emk.run(PG:5)
12-07 07:20:09.269  1992  9017 E LstmTrainingCache: 	at java.lang.Thread.run(Thread.java:764)
12-07 07:20:21.721  1992  9017 E putmethod.lati: Invalid ID 0x00000002.
12-07 07:20:21.801  1992  9017 E LstmTrainingCache: emn: Can't get resource name for input slot
12-07 07:20:21.801  1992  9017 E LstmTrainingCache: android.content.res.Resources$NotFoundException: Unable to find resource ID #0x2
12-07 07:20:21.801  1992  9017 E LstmTrainingCache: 	at android.content.res.ResourcesImpl.getResourceName(ResourcesImpl.java:255)
12-07 07:20:21.801  1992  9017 E LstmTrainingCache: 	at android.content.res.Resources.getResourceName(Resources.java:1954)
12-07 07:20:21.801  1992  9017 E LstmTrainingCache: 	at emn.a(PG:12)
12-07 07:20:21.801  1992  9017 E LstmTrainingCache: 	at emk.run(PG:5)
12-07 07:20:21.801  1992  9017 E LstmTrainingCache: 	at java.lang.Thread.run(Thread.java:764)
12-07 07:20:30.598  1992  9017 E putmethod.lati: Invalid ID 0x00000002.
12-07 07:20:30.620  1992  9017 E LstmTrainingCache: emn: Can't get resource name for input slot
12-07 07:20:30.620  1992  9017 E LstmTrainingCache: android.content.res.Resources$NotFoundException: Unable to find resource ID #0x2
12-07 07:20:30.620  1992  9017 E LstmTrainingCache: 	at android.content.res.ResourcesImpl.getResourceName(ResourcesImpl.java:255)
12-07 07:20:30.620  1992  9017 E LstmTrainingCache: 	at android.content.res.Resources.getResourceName(Resources.java:1954)
12-07 07:20:30.620  1992  9017 E LstmTrainingCache: 	at emn.a(PG:12)
12-07 07:20:30.620  1992  9017 E LstmTrainingCache: 	at emk.run(PG:5)
12-07 07:20:30.620  1992  9017 E LstmTrainingCache: 	at java.lang.Thread.run(Thread.java:764)
12-07 07:20:31.042  1992  9017 E putmethod.lati: Invalid ID 0x00000004.
12-07 07:20:31.042  1992  9017 E LstmTrainingCache: emn: Can't get resource name for input slot
12-07 07:20:31.042  1992  9017 E LstmTrainingCache: android.content.res.Resources$NotFoundException: Unable to find resource ID #0x4
12-07 07:20:31.042  1992  9017 E LstmTrainingCache: 	at android.content.res.ResourcesImpl.getResourceName(ResourcesImpl.java:255)
12-07 07:20:31.042  1992  9017 E LstmTrainingCache: 	at android.content.res.Resources.getResourceName(Resources.java:1954)
12-07 07:20:31.042  1992  9017 E LstmTrainingCache: 	at emn.a(PG:12)
12-07 07:20:31.042  1992  9017 E LstmTrainingCache: 	at emk.run(PG:5)
12-07 07:20:31.042  1992  9017 E LstmTrainingCache: 	at java.lang.Thread.run(Thread.java:764)
12-07 07:20:31.791  2179  2179 E SpannableStringBuilder: SPAN_EXCLUSIVE_EXCLUSIVE spans cannot have a zero length
12-07 07:20:31.791  2179  2179 E SpannableStringBuilder: SPAN_EXCLUSIVE_EXCLUSIVE spans cannot have a zero length
12-07 07:20:33.851  1992  9017 E putmethod.lati: Invalid ID 0x00000004.
12-07 07:20:33.875  1992  9017 E LstmTrainingCache: emn: Can't get resource name for input slot
12-07 07:20:33.875  1992  9017 E LstmTrainingCache: android.content.res.Resources$NotFoundException: Unable to find resource ID #0x4
12-07 07:20:33.875  1992  9017 E LstmTrainingCache: 	at android.content.res.ResourcesImpl.getResourceName(ResourcesImpl.java:255)
12-07 07:20:33.875  1992  9017 E LstmTrainingCache: 	at android.content.res.Resources.getResourceName(Resources.java:1954)
12-07 07:20:33.875  1992  9017 E LstmTrainingCache: 	at emn.a(PG:12)
12-07 07:20:33.875  1992  9017 E LstmTrainingCache: 	at emk.run(PG:5)
12-07 07:20:33.875  1992  9017 E LstmTrainingCache: 	at java.lang.Thread.run(Thread.java:764)
12-07 07:20:34.776  1992  9017 E putmethod.lati: Invalid ID 0x00000002.
12-07 07:20:34.776  1992  9017 E LstmTrainingCache: emn: Can't get resource name for input slot
12-07 07:20:34.776  1992  9017 E LstmTrainingCache: android.content.res.Resources$NotFoundException: Unable to find resource ID #0x2
12-07 07:20:34.776  1992  9017 E LstmTrainingCache: 	at android.content.res.ResourcesImpl.getResourceName(ResourcesImpl.java:255)
12-07 07:20:34.776  1992  9017 E LstmTrainingCache: 	at android.content.res.Resources.getResourceName(Resources.java:1954)
12-07 07:20:34.776  1992  9017 E LstmTrainingCache: 	at emn.a(PG:12)
12-07 07:20:34.776  1992  9017 E LstmTrainingCache: 	at emk.run(PG:5)
12-07 07:20:34.776  1992  9017 E LstmTrainingCache: 	at java.lang.Thread.run(Thread.java:764)
12-07 07:20:37.286  1992  9017 E putmethod.lati: Invalid ID 0x00000002.
12-07 07:20:37.306  1992  9017 E LstmTrainingCache: emn: Can't get resource name for input slot
12-07 07:20:37.306  1992  9017 E LstmTrainingCache: android.content.res.Resources$NotFoundException: Unable to find resource ID #0x2
12-07 07:20:37.306  1992  9017 E LstmTrainingCache: 	at android.content.res.ResourcesImpl.getResourceName(ResourcesImpl.java:255)
12-07 07:20:37.306  1992  9017 E LstmTrainingCache: 	at android.content.res.Resources.getResourceName(Resources.java:1954)
12-07 07:20:37.306  1992  9017 E LstmTrainingCache: 	at emn.a(PG:12)
12-07 07:20:37.306  1992  9017 E LstmTrainingCache: 	at emk.run(PG:5)
12-07 07:20:37.306  1992  9017 E LstmTrainingCache: 	at java.lang.Thread.run(Thread.java:764)
12-07 07:20:40.776  1829  1829 E netmgr  : Failed to open QEMU pipe 'qemud:network': Invalid argument
12-07 07:20:40.777  1829  1829 E netmgr  : WifiForwarder unable to open QEMU pipe: Invalid argument
12-07 07:20:47.827  1880  1895 E memtrack: Couldn't load memtrack module
