--------- beginning of system
12-07 11:20:52.001  1883  1897 E ActivityManager: Failure starting process com.evancharlton.mileage
12-07 11:20:52.001  1883  1897 E ActivityManager: java.lang.SecurityException: Package com.evancharlton.mileage was not found!
12-07 11:20:52.001  1883  1897 E ActivityManager: 	at com.android.server.pm.PackageManagerService.checkPackageStartable(PackageManagerService.java:3987)
12-07 11:20:52.001  1883  1897 E ActivityManager: 	at com.android.server.am.ActivityManagerService.startProcessLocked(ActivityManagerService.java:4234)
12-07 11:20:52.001  1883  1897 E ActivityManager: 	at com.android.server.am.ActivityManagerService.startProcessLocked(ActivityManagerService.java:4199)
12-07 11:20:52.001  1883  1897 E ActivityManager: 	at com.android.server.am.ActivityManagerService.startProcessLocked(ActivityManagerService.java:4181)
12-07 11:20:52.001  1883  1897 E ActivityManager: 	at com.android.server.am.ActivityManagerService.startProcessLocked(ActivityManagerService.java:4067)
12-07 11:20:52.001  1883  1897 E ActivityManager: 	at com.android.server.am.ActivityStackSupervisor.startSpecificActivityLocked(ActivityStackSupervisor.java:1715)
12-07 11:20:52.001  1883  1897 E ActivityManager: 	at com.android.server.am.ActivityStack.resumeTopActivityInnerLocked(ActivityStack.java:2764)
12-07 11:20:52.001  1883  1897 E ActivityManager: 	at com.android.server.am.ActivityStack.resumeTopActivityUncheckedLocked(ActivityStack.java:2302)
12-07 11:20:52.001  1883  1897 E ActivityManager: 	at com.android.server.am.ActivityStackSupervisor.resumeFocusedStackTopActivityLocked(ActivityStackSupervisor.java:2234)
12-07 11:20:52.001  1883  1897 E ActivityManager: 	at com.android.server.am.ActivityStackSupervisor.resumeFocusedStackTopActivityLocked(ActivityStackSupervisor.java:2218)
12-07 11:20:52.001  1883  1897 E ActivityManager: 	at com.android.server.am.ActivityManagerService.handleAppDiedLocked(ActivityManagerService.java:5923)
12-07 11:20:52.001  1883  1897 E ActivityManager: 	at com.android.server.am.ActivityManagerService.removeProcessLocked(ActivityManagerService.java:7501)
12-07 11:20:52.001  1883  1897 E ActivityManager: 	at com.android.server.am.ActivityManagerService.killPackageProcessesLocked(ActivityManagerService.java:7142)
12-07 11:20:52.001  1883  1897 E ActivityManager: 	at com.android.server.am.ActivityManagerService.forceStopPackageLocked(ActivityManagerService.java:7275)
12-07 11:20:52.001  1883  1897 E ActivityManager: 	at com.android.server.am.ActivityManagerService$MainHandler.handleMessage(ActivityManagerService.java:2289)
12-07 11:20:52.001  1883  1897 E ActivityManager: 	at android.os.Handler.dispatchMessage(Handler.java:106)
12-07 11:20:52.001  1883  1897 E ActivityManager: 	at android.os.Looper.loop(Looper.java:193)
12-07 11:20:52.001  1883  1897 E ActivityManager: 	at android.os.HandlerThread.run(HandlerThread.java:65)
12-07 11:20:52.001  1883  1897 E ActivityManager: 	at com.android.server.ServiceThread.run(ServiceThread.java:44)
--------- beginning of main
12-07 11:20:55.994  1729  2327 E         : Couldn't opendir /data/app/vmdl1448028032.tmp: No such file or directory
12-07 11:20:55.994  1729  2327 E installd: Failed to delete /data/app/vmdl1448028032.tmp: No such file or directory
12-07 11:20:56.284  2117  2117 E VvmPkgInstalledRcvr: cannot create TelephonyManager from ComponentInfo{com.android.phone/com.android.services.telephony.TelephonyConnectionService}, ***, UserHandle{0}
12-07 11:20:57.884 11684 11684 E harlton.mileag: Not starting debugger since process cannot load the jdwp agent.
12-07 11:21:06.541  1829  1829 E netmgr  : Failed to open QEMU pipe 'qemud:network': Invalid argument
12-07 11:21:06.541  1829  1829 E netmgr  : WifiForwarder unable to open QEMU pipe: Invalid argument
12-07 11:21:10.665  2420 11651 E ctxmgr  : [ProducerStatusImpl]updateStateForNewContextData: inactive, contextName=7
12-07 11:21:11.295  2420  2420 E BeaconBle: Missing BluetoothAdapter
12-07 11:21:11.444  2420  2420 E BeaconBle: Scan couldn't start for Places
12-07 11:21:12.258  1737  1809 E storaged: getDiskStats failed with result NOT_SUPPORTED and size 0
12-07 11:21:13.154  1613 11737 E audio_hw_generic: pcm_open(in) failed: cannot open device '/dev/snd/pcmC0D0c': Device or resource busy: channels 2 format 0 rate 16000
12-07 11:21:14.237  1613 11742 E audio_hw_generic: pcm_open(in) failed: cannot open device '/dev/snd/pcmC0D0c': Device or resource busy: channels 2 format 0 rate 16000
12-07 11:21:15.067 11745 11745 E boxed_process3: Not starting debugger since process cannot load the jdwp agent.
12-07 11:21:16.078  2391  2391 E SchedPolicy: set_timerslack_ns write failed: Operation not permitted
12-07 11:21:16.173  2391  2391 E SchedPolicy: set_timerslack_ns write failed: Operation not permitted
12-07 11:21:17.426  2391  2391 E SchedPolicy: set_timerslack_ns write failed: Operation not permitted
12-07 11:21:18.504  2391  2391 E SchedPolicy: set_timerslack_ns write failed: Operation not permitted
12-07 11:21:29.968  2420 11651 E ctxmgr  : [ProducerStatusImpl]updateStateForNewContextData: inactive, contextName=7
12-07 11:21:30.237  2420  2420 E BeaconBle: Missing BluetoothAdapter
12-07 11:21:30.340  2420  2420 E BeaconBle: Scan couldn't start for Places
12-07 11:21:32.204 11782 11782 E dboxed_process: Not starting debugger since process cannot load the jdwp agent.
12-07 11:21:33.292  1883  1993 E WindowManager: Performed 6 layouts in a row. Skipping
12-07 11:21:33.310  1883  1935 E WindowManager: Performed 6 layouts in a row. Skipping
12-07 11:21:33.326  1883  1935 E WindowManager: Performed 6 layouts in a row. Skipping
12-07 11:21:33.388  1883  1935 E WindowManager: Performed 6 layouts in a row. Skipping
12-07 11:21:33.414  1883  1898 E WindowManager: Performed 6 layouts in a row. Skipping
12-07 11:21:33.444  1883  1935 E WindowManager: Performed 6 layouts in a row. Skipping
12-07 11:21:33.474  1883  3454 E WindowManager: Performed 6 layouts in a row. Skipping
12-07 11:21:33.509  1883  1935 E WindowManager: Performed 6 layouts in a row. Skipping
12-07 11:21:33.538  1883  3454 E WindowManager: Performed 6 layouts in a row. Skipping
12-07 11:21:33.574  1883  1905 E WindowManager: Performed 6 layouts in a row. Skipping
12-07 11:21:33.599  1883  1935 E WindowManager: Performed 6 layouts in a row. Skipping
12-07 11:21:33.652  1883  1898 E WindowManager: Performed 6 layouts in a row. Skipping
12-07 11:21:33.679  1883  1935 E WindowManager: Performed 6 layouts in a row. Skipping
12-07 11:21:33.703  1883  1935 E WindowManager: Performed 6 layouts in a row. Skipping
12-07 11:21:33.774  1883  1935 E WindowManager: Performed 6 layouts in a row. Skipping
12-07 11:21:41.812  2420 11778 E ctxmgr  : [ProducerStatusImpl]updateStateForNewContextData: inactive, contextName=7
12-07 11:21:42.119  2420  2420 E BeaconBle: Scan couldn't start for Places
12-07 11:21:45.284  2420 10870 E ctxmgr  : [ProducerStatusImpl]updateStateForNewContextData: inactive, contextName=7
12-07 11:21:45.733  2420  2420 E BeaconBle: Missing BluetoothAdapter
12-07 11:21:45.803  2420  2420 E BeaconBle: Scan couldn't start for Places
12-07 11:21:49.060 11832 11832 E dboxed_process: Not starting debugger since process cannot load the jdwp agent.
12-07 11:21:51.203  1613 11860 E audio_hw_generic: pcm_open(in) failed: cannot open device '/dev/snd/pcmC0D0c': Device or resource busy: channels 2 format 0 rate 16000
12-07 11:22:06.543  1829  1829 E netmgr  : Failed to open QEMU pipe 'qemud:network': Invalid argument
12-07 11:22:06.543  1829  1829 E netmgr  : WifiForwarder unable to open QEMU pipe: Invalid argument
12-07 11:22:12.258  1737  1809 E storaged: getDiskStats failed with result NOT_SUPPORTED and size 0
12-07 11:22:17.352  2420 10870 E ctxmgr  : [ProducerStatusImpl]updateStateForNewContextData: inactive, contextName=7
12-07 11:22:17.734  2420  2420 E BeaconBle: Missing BluetoothAdapter
12-07 11:22:17.797  2420  2420 E BeaconBle: Scan couldn't start for Places
12-07 11:22:22.393 11887 11887 E dboxed_process: Not starting debugger since process cannot load the jdwp agent.
12-07 11:22:23.331  1613 11908 E audio_hw_generic: pcm_open(in) failed: cannot open device '/dev/snd/pcmC0D0c': Device or resource busy: channels 2 format 0 rate 16000
12-07 11:22:24.972  1613 11916 E audio_hw_generic: pcm_open(in) failed: cannot open device '/dev/snd/pcmC0D0c': Device or resource busy: channels 2 format 0 rate 16000
12-07 11:22:40.159  1613 11925 E audio_hw_generic: pcm_open(in) failed: cannot open device '/dev/snd/pcmC0D0c': Device or resource busy: channels 2 format 0 rate 16000
12-07 11:22:43.267  2759  2759 E SpannableStringBuilder: SPAN_EXCLUSIVE_EXCLUSIVE spans cannot have a zero length
12-07 11:22:54.812  1632  1632 E lowmemorykiller: Error writing /proc/11887/oom_score_adj; errno=22
12-07 11:22:54.824  1632  1632 E lowmemorykiller: Error writing /proc/11887/oom_score_adj; errno=22
12-07 11:22:54.865  1883  1900 E libprocessgroup: Error encountered killing process cgroup uid 99042 pid 11887: No such file or directory
12-07 11:22:55.905  1613 11939 E audio_hw_generic: pcm_open(in) failed: cannot open device '/dev/snd/pcmC0D0c': Device or resource busy: channels 2 format 0 rate 16000
12-07 11:22:56.184  2420 11824 E ctxmgr  : [ProducerStatusImpl]updateStateForNewContextData: inactive, contextName=7
12-07 11:22:56.765  2420  2420 E BeaconBle: Scan couldn't start for Places
12-07 11:23:02.462  1628  1628 E android.hardware.wifi@1.0-service: Failed to register radio mode change callback
12-07 11:23:02.468  1628  1628 E android.hardware.wifi@1.0-service: Failed to set DFS flag; DFS channels may be unavailable.
12-07 11:23:02.521  1738  1738 E wificond: No Offload Service available
12-07 11:23:02.536  1883  1965 E SupplicantStaIfaceHal: Can't call setupIface, ISupplicantStaIface is null
12-07 11:23:02.661  1883  1966 E WifiVendorHal: getBgScanCapabilities(l.671) failed {.code = ERROR_NOT_SUPPORTED, .description = }
12-07 11:23:02.743  1883  1967 E WifiP2pService: Unhandled message { when=0 what=131203 target=com.android.internal.util.StateMachine$SmHandler }
12-07 11:23:02.828  1883  1967 E WifiP2pService: Unhandled message { when=0 what=131203 target=com.android.internal.util.StateMachine$SmHandler }
12-07 11:23:02.866  1883  1901 E BatteryExternalStatsWorker: no controller energy info supplied for wifi
12-07 11:23:02.913  1883  1901 E BatteryExternalStatsWorker: no controller energy info supplied for wifi
