--------- beginning of system
12-07 12:39:56.316  1736  1736 E wificond: NL80211_CMD_TRIGGER_SCAN failed: Device or resource busy
12-07 12:40:31.544  1735  1809 E storaged: getDiskStats failed with result NOT_SUPPORTED and size 0
12-07 12:41:33.245  1735  1809 E storaged: getDiskStats failed with result NOT_SUPPORTED and size 0
12-07 12:42:34.993  1735  1809 E storaged: getDiskStats failed with result NOT_SUPPORTED and size 0
12-07 12:42:45.389  1625  1625 E android.hardware.wifi@1.0-service: Failed to open directory: Permission denied
12-07 12:42:45.390  1625  1625 E android.hardware.wifi@1.0-service: Error occurred while deleting old tombstone files
12-07 12:42:45.390  1625  1625 E android.hardware.wifi@1.0-service: Error writing files to flash
12-07 12:42:59.000 26518 26518 E SchedPolicy: set_timerslack_ns write failed: Operation not permitted
12-07 12:43:09.225 26518 26518 E SchedPolicy: set_timerslack_ns write failed: Operation not permitted
12-07 12:43:35.028  1735  1809 E storaged: getDiskStats failed with result NOT_SUPPORTED and size 0
12-07 12:44:36.434  1735  1809 E storaged: getDiskStats failed with result NOT_SUPPORTED and size 0
12-07 12:45:37.932  1735  1809 E storaged: getDiskStats failed with result NOT_SUPPORTED and size 0
12-07 12:46:34.605  1880  1900 E BatteryExternalStatsWorker: no controller energy info supplied for wifi
12-07 12:46:39.732  1735  1809 E storaged: getDiskStats failed with result NOT_SUPPORTED and size 0
12-07 12:47:39.738  1735  1809 E storaged: getDiskStats failed with result NOT_SUPPORTED and size 0
--------- beginning of main
12-07 12:48:00.398  1829  1829 E netmgr  : Failed to open QEMU pipe 'qemud:network': Invalid argument
12-07 12:48:00.398  1829  1829 E netmgr  : WifiForwarder unable to open QEMU pipe: Invalid argument
12-07 12:48:15.586  2780  2915 E PlayCommon: [145] com.google.android.play.b.g.a(448): Failed to connect to server: java.net.UnknownHostException: Unable to resolve host "play.googleapis.com": No address associated with hostname
12-07 12:48:28.709  2378 30332 E ctxmgr  : [ProducerStatusImpl]updateStateForNewContextData: inactive, contextName=7
12-07 12:48:28.744  2378 30332 E ctxmgr  : [ProducerStatusImpl]updateStateForNewContextData: inactive, contextName=1
12-07 12:48:28.857  2378  2378 E BeaconBle: Missing BluetoothAdapter
12-07 12:48:30.932  2378  2378 E BeaconBle: Scan couldn't start for Places
12-07 12:48:41.386  1735  1809 E storaged: getDiskStats failed with result NOT_SUPPORTED and size 0
12-07 12:49:01.780  1829  1829 E netmgr  : Failed to open QEMU pipe 'qemud:network': Invalid argument
12-07 12:49:01.783  1829  1829 E netmgr  : WifiForwarder unable to open QEMU pipe: Invalid argument
12-07 12:49:42.799  1735  1809 E storaged: getDiskStats failed with result NOT_SUPPORTED and size 0
12-07 12:50:03.354  1829  1829 E netmgr  : Failed to open QEMU pipe 'qemud:network': Invalid argument
12-07 12:50:03.354  1829  1829 E netmgr  : WifiForwarder unable to open QEMU pipe: Invalid argument
12-07 12:50:16.621  2378 30348 E ctxmgr  : [ProducerStatusImpl]updateStateForNewContextData: inactive, contextName=7
12-07 12:50:19.173  2378  2378 E BeaconBle: Missing BluetoothAdapter
12-07 12:50:21.592  2378  2378 E BeaconBle: Scan couldn't start for Places
12-07 12:50:42.800  1735  1809 E storaged: getDiskStats failed with result NOT_SUPPORTED and size 0
12-07 12:50:55.613 30375 30375 E boxed_process3: Not starting debugger since process cannot load the jdwp agent.
12-07 12:51:03.538  1829  1829 E netmgr  : Failed to open QEMU pipe 'qemud:network': Invalid argument
12-07 12:51:03.539  1829  1829 E netmgr  : WifiForwarder unable to open QEMU pipe: Invalid argument
12-07 12:51:42.801  1735  1809 E storaged: getDiskStats failed with result NOT_SUPPORTED and size 0
12-07 12:52:03.598  1829  1829 E netmgr  : Failed to open QEMU pipe 'qemud:network': Invalid argument
12-07 12:52:03.598  1829  1829 E netmgr  : WifiForwarder unable to open QEMU pipe: Invalid argument
12-07 12:52:11.535  2378 30348 E ctxmgr  : [ProducerStatusImpl]updateStateForNewContextData: inactive, contextName=7
12-07 12:52:14.086  2378  2378 E BeaconBle: Missing BluetoothAdapter
12-07 12:52:16.499  2378  2378 E BeaconBle: Scan couldn't start for Places
12-07 12:52:32.501 30422 30422 E dboxed_process: Not starting debugger since process cannot load the jdwp agent.
12-07 12:52:42.971  1735  1809 E storaged: getDiskStats failed with result NOT_SUPPORTED and size 0
12-07 12:52:45.584 26518 26518 E SchedPolicy: set_timerslack_ns write failed: Operation not permitted
12-07 12:52:45.879 26518 26518 E SchedPolicy: set_timerslack_ns write failed: Operation not permitted
12-07 12:53:03.671  1829  1829 E netmgr  : Failed to open QEMU pipe 'qemud:network': Invalid argument
12-07 12:53:03.671  1829  1829 E netmgr  : WifiForwarder unable to open QEMU pipe: Invalid argument
12-07 12:53:16.523  2780  2915 E PlayCommon: [145] com.google.android.play.b.g.a(448): Failed to connect to server: java.net.UnknownHostException: Unable to resolve host "play.googleapis.com": No address associated with hostname
12-07 12:53:36.975  2378 30409 E ctxmgr  : [ProducerStatusImpl]updateStateForNewContextData: inactive, contextName=7
12-07 12:53:42.351  2378  2378 E BeaconBle: Missing BluetoothAdapter
12-07 12:53:42.489  2378  2378 E BeaconBle: Scan couldn't start for Places
12-07 12:53:45.025  1735  1809 E storaged: getDiskStats failed with result NOT_SUPPORTED and size 0
12-07 12:54:01.105  1625  1625 E android.hardware.wifi@1.0-service: Failed to register radio mode change callback
12-07 12:54:01.108  1625  1625 E android.hardware.wifi@1.0-service: Failed to set DFS flag; DFS channels may be unavailable.
12-07 12:54:01.166  1736  1736 E wificond: No Offload Service available
12-07 12:54:03.460  1880  1969 E WifiP2pService: Unhandled message { when=-1ms what=131203 target=com.android.internal.util.StateMachine$SmHandler }
12-07 12:54:03.503  1880  1969 E WifiP2pService: Unhandled message { when=-7ms what=131203 target=com.android.internal.util.StateMachine$SmHandler }
12-07 12:54:03.546  1880  1900 E BatteryExternalStatsWorker: no controller energy info supplied for wifi
12-07 12:54:03.580  1880  1900 E BatteryExternalStatsWorker: no controller energy info supplied for wifi
12-07 12:54:05.966  1829  1829 E netmgr  : Failed to open QEMU pipe 'qemud:network': Invalid argument
12-07 12:54:05.977  1829  1829 E netmgr  : WifiForwarder unable to open QEMU pipe: Invalid argument
12-07 12:54:16.246  2378 30462 E ctxmgr  : [ProducerStatusImpl]updateStateForNewContextData: inactive, contextName=7
12-07 12:54:18.958  2378  2378 E BeaconBle: Missing BluetoothAdapter
12-07 12:54:19.057  2378  2378 E BeaconBle: Scan couldn't start for Places
12-07 12:54:24.226  1736  1736 E wificond: NL80211_CMD_TRIGGER_SCAN failed: Device or resource busy
12-07 12:54:29.357  1722  1959 E SurfaceFlinger: getLayerUser(name=0xe592ac10) is dead
12-07 12:54:45.030  1735  1809 E storaged: getDiskStats failed with result NOT_SUPPORTED and size 0
12-07 12:54:47.711  2378 30478 E NetworkScheduler.ATC: Called cancelTask for already completed task com.google.android.gms/.learning.training.background.TrainingGcmTaskService{u=0 tag="com.google.android.gms.learning.BACKGROUND_TRAINING_TASK" trigger=window{period=900s,flex=600s,earliest=-606s,latest=-6s} requirements=[NET_ANY,CHARGING,DEVICE_IDLE] attributes=[PERSISTED,RECURRING] scheduled=-906s last_run=-2s jid=N/A status=ACTIVE retries=0 client_lib=MANCHEGO_GCM-14799000} :RESCHEDULED
12-07 12:55:05.153  1880  1968 E WificondScannerImpl: Timed out waiting for scan result from wificond
12-07 12:55:05.168  1736  1736 E wificond: NL80211_CMD_TRIGGER_SCAN failed: Device or resource busy
12-07 12:55:05.168  1880  1968 E WificondScannerImpl: Failed to start scan, freqs=null
12-07 12:55:07.824  1829  1829 E netmgr  : Failed to open QEMU pipe 'qemud:network': Invalid argument
12-07 12:55:07.825  1829  1829 E netmgr  : WifiForwarder unable to open QEMU pipe: Invalid argument
12-07 12:55:10.476  2482 30054 E SQLiteCastStore: Skip saving CastDeviceInfo: "Nearby device" (__cast_nearby___V_7066a82a-14fd-4705-8794-d7b16991cfa5)
