--------- beginning of main
--------- beginning of system
12-08 23:00:28.101  1885  1899 E ActivityManager: Failure starting process com.evancharlton.mileage
12-08 23:00:28.101  1885  1899 E ActivityManager: java.lang.SecurityException: Package com.evancharlton.mileage was not found!
12-08 23:00:28.101  1885  1899 E ActivityManager: 	at com.android.server.pm.PackageManagerService.checkPackageStartable(PackageManagerService.java:3987)
12-08 23:00:28.101  1885  1899 E ActivityManager: 	at com.android.server.am.ActivityManagerService.startProcessLocked(ActivityManagerService.java:4234)
12-08 23:00:28.101  1885  1899 E ActivityManager: 	at com.android.server.am.ActivityManagerService.startProcessLocked(ActivityManagerService.java:4199)
12-08 23:00:28.101  1885  1899 E ActivityManager: 	at com.android.server.am.ActivityManagerService.startProcessLocked(ActivityManagerService.java:4181)
12-08 23:00:28.101  1885  1899 E ActivityManager: 	at com.android.server.am.ActivityManagerService.startProcessLocked(ActivityManagerService.java:4067)
12-08 23:00:28.101  1885  1899 E ActivityManager: 	at com.android.server.am.ActivityStackSupervisor.startSpecificActivityLocked(ActivityStackSupervisor.java:1715)
12-08 23:00:28.101  1885  1899 E ActivityManager: 	at com.android.server.am.ActivityStack.resumeTopActivityInnerLocked(ActivityStack.java:2764)
12-08 23:00:28.101  1885  1899 E ActivityManager: 	at com.android.server.am.ActivityStack.resumeTopActivityUncheckedLocked(ActivityStack.java:2302)
12-08 23:00:28.101  1885  1899 E ActivityManager: 	at com.android.server.am.ActivityStackSupervisor.resumeFocusedStackTopActivityLocked(ActivityStackSupervisor.java:2234)
12-08 23:00:28.101  1885  1899 E ActivityManager: 	at com.android.server.am.ActivityStackSupervisor.resumeFocusedStackTopActivityLocked(ActivityStackSupervisor.java:2218)
12-08 23:00:28.101  1885  1899 E ActivityManager: 	at com.android.server.am.ActivityManagerService.handleAppDiedLocked(ActivityManagerService.java:5923)
12-08 23:00:28.101  1885  1899 E ActivityManager: 	at com.android.server.am.ActivityManagerService.removeProcessLocked(ActivityManagerService.java:7501)
12-08 23:00:28.101  1885  1899 E ActivityManager: 	at com.android.server.am.ActivityManagerService.killPackageProcessesLocked(ActivityManagerService.java:7142)
12-08 23:00:28.101  1885  1899 E ActivityManager: 	at com.android.server.am.ActivityManagerService.forceStopPackageLocked(ActivityManagerService.java:7275)
12-08 23:00:28.101  1885  1899 E ActivityManager: 	at com.android.server.am.ActivityManagerService$MainHandler.handleMessage(ActivityManagerService.java:2289)
12-08 23:00:28.101  1885  1899 E ActivityManager: 	at android.os.Handler.dispatchMessage(Handler.java:106)
12-08 23:00:28.101  1885  1899 E ActivityManager: 	at android.os.Looper.loop(Looper.java:193)
12-08 23:00:28.101  1885  1899 E ActivityManager: 	at android.os.HandlerThread.run(HandlerThread.java:65)
12-08 23:00:28.101  1885  1899 E ActivityManager: 	at com.android.server.ServiceThread.run(ServiceThread.java:44)
12-08 23:00:28.225  2342  2354 E IconLoader: Unexpected null component name or activity info: ComponentInfo{com.evancharlton.mileage/com.evancharlton.mileage.Mileage}, null
12-08 23:00:29.319  2378 11002 E ctxmgr  : [ProducerStatusImpl]updateStateForNewContextData: inactive, contextName=7
12-08 23:00:29.416  2378  2378 E BeaconBle: Scan couldn't start for Places
12-08 23:00:30.515  1731  1776 E         : Couldn't opendir /data/app/vmdl1002094028.tmp: No such file or directory
12-08 23:00:30.515  1731  1776 E installd: Failed to delete /data/app/vmdl1002094028.tmp: No such file or directory
12-08 23:00:31.459 11260 11260 E harlton.mileag: Not starting debugger since process cannot load the jdwp agent.
12-08 23:00:32.693  1994  7294 E putmethod.lati: Invalid ID 0x00000001.
12-08 23:00:32.694  1994  7294 E LstmTrainingCache: emn: Can't get resource name for input slot
12-08 23:00:32.694  1994  7294 E LstmTrainingCache: android.content.res.Resources$NotFoundException: Unable to find resource ID #0x1
12-08 23:00:32.694  1994  7294 E LstmTrainingCache: 	at android.content.res.ResourcesImpl.getResourceName(ResourcesImpl.java:255)
12-08 23:00:32.694  1994  7294 E LstmTrainingCache: 	at android.content.res.Resources.getResourceName(Resources.java:1954)
12-08 23:00:32.694  1994  7294 E LstmTrainingCache: 	at emn.a(PG:12)
12-08 23:00:32.694  1994  7294 E LstmTrainingCache: 	at emk.run(PG:5)
12-08 23:00:32.694  1994  7294 E LstmTrainingCache: 	at java.lang.Thread.run(Thread.java:764)
12-08 23:00:38.653 11260 11260 E harlton.mileag: No package ID 49 found for ID 0x49470b49.
12-08 23:00:38.653 11260 11260 E harlton.mileag: No package ID 49 found for ID 0x49470b49.
12-08 23:00:38.653 11260 11260 E harlton.mileag: No package ID 87 found for ID 0x87589fbe.
12-08 23:00:38.653 11260 11260 E harlton.mileag: No package ID 87 found for ID 0x87589fbe.
12-08 23:00:38.654 11260 11260 E harlton.mileag: No package ID 99 found for ID 0x990fd33a.
12-08 23:00:38.654 11260 11260 E harlton.mileag: No package ID 99 found for ID 0x990fd33a.
12-08 23:00:38.654 11260 11260 E harlton.mileag: No package ID 7c found for ID 0x7c0596af.
12-08 23:00:38.654 11260 11260 E harlton.mileag: No package ID 7c found for ID 0x7c0596af.
12-08 23:00:38.654 11260 11260 E harlton.mileag: No package ID 9f found for ID 0x9f2c01f4.
12-08 23:00:38.654 11260 11260 E harlton.mileag: No package ID 9f found for ID 0x9f2c01f4.
12-08 23:00:38.654 11260 11260 E harlton.mileag: No package ID 77 found for ID 0x779c270c.
12-08 23:00:38.654 11260 11260 E harlton.mileag: No package ID 77 found for ID 0x779c270c.
12-08 23:00:38.655 11260 11260 E harlton.mileag: No package ID ae found for ID 0xae06108c.
12-08 23:00:38.655 11260 11260 E harlton.mileag: No package ID ae found for ID 0xae06108c.
12-08 23:00:38.655 11260 11260 E harlton.mileag: No package ID b5 found for ID 0xb5413a44.
12-08 23:00:38.655 11260 11260 E harlton.mileag: No package ID b5 found for ID 0xb5413a44.
12-08 23:00:43.106  1885  1898 E memtrack: Couldn't load memtrack module
12-08 23:00:45.211  1885  1898 E memtrack: Couldn't load memtrack module
12-08 23:00:45.318  2378 11006 E ctxmgr  : [ProducerStatusImpl]updateStateForNewContextData: inactive, contextName=7
12-08 23:00:45.760  2378  2378 E BeaconBle: Missing BluetoothAdapter
12-08 23:00:45.819  2378  2378 E BeaconBle: Scan couldn't start for Places
12-08 23:00:45.895  1885  1898 E memtrack: Couldn't load memtrack module
12-08 23:00:47.240 11260 11277 E SQLiteLog: (1) no such table: fillups
12-08 23:00:47.244 11260 11277 E DatabaseUpgrader: Couldn't upgrade database!
12-08 23:00:47.244 11260 11277 E DatabaseUpgrader: android.database.sqlite.SQLiteException: no such table: fillups (code 1 SQLITE_ERROR): , while compiling: ALTER TABLE fillups ADD COLUMN is_partial INTEGER;
12-08 23:00:47.244 11260 11277 E DatabaseUpgrader: 	at android.database.sqlite.SQLiteConnection.nativePrepareStatement(Native Method)
12-08 23:00:47.244 11260 11277 E DatabaseUpgrader: 	at android.database.sqlite.SQLiteConnection.acquirePreparedStatement(SQLiteConnection.java:903)
12-08 23:00:47.244 11260 11277 E DatabaseUpgrader: 	at android.database.sqlite.SQLiteConnection.prepare(SQLiteConnection.java:514)
12-08 23:00:47.244 11260 11277 E DatabaseUpgrader: 	at android.database.sqlite.SQLiteSession.prepare(SQLiteSession.java:588)
12-08 23:00:47.244 11260 11277 E DatabaseUpgrader: 	at android.database.sqlite.SQLiteProgram.<init>(SQLiteProgram.java:58)
12-08 23:00:47.244 11260 11277 E DatabaseUpgrader: 	at android.database.sqlite.SQLiteStatement.<init>(SQLiteStatement.java:31)
12-08 23:00:47.244 11260 11277 E DatabaseUpgrader: 	at android.database.sqlite.SQLiteDatabase.executeSql(SQLiteDatabase.java:1769)
12-08 23:00:47.244 11260 11277 E DatabaseUpgrader: 	at android.database.sqlite.SQLiteDatabase.execSQL(SQLiteDatabase.java:1698)
12-08 23:00:47.244 11260 11277 E DatabaseUpgrader: 	at com.evancharlton.mileage.provider.DatabaseUpgrader.exec(DatabaseUpgrader.java:105)
12-08 23:00:47.244 11260 11277 E DatabaseUpgrader: 	at com.evancharlton.mileage.provider.DatabaseUpgrader.upgradeDatabase(DatabaseUpgrader.java:44)
12-08 23:00:47.244 11260 11277 E DatabaseUpgrader: 	at com.evancharlton.mileage.tasks.DbImportTask.upgradeDatabase(DbImportTask.java:77)
12-08 23:00:47.244 11260 11277 E DatabaseUpgrader: 	at com.evancharlton.mileage.tasks.DbImportTask.doInBackground(DbImportTask.java:43)
12-08 23:00:47.244 11260 11277 E DatabaseUpgrader: 	at com.evancharlton.mileage.tasks.DbImportTask.doInBackground(DbImportTask.java:20)
12-08 23:00:47.244 11260 11277 E DatabaseUpgrader: 	at android.os.AsyncTask$2.call(AsyncTask.java:333)
12-08 23:00:47.244 11260 11277 E DatabaseUpgrader: 	at java.util.concurrent.FutureTask.run(FutureTask.java:266)
12-08 23:00:47.244 11260 11277 E DatabaseUpgrader: 	at java.util.concurrent.ThreadPoolExecutor.runWorker(ThreadPoolExecutor.java:1167)
12-08 23:00:47.244 11260 11277 E DatabaseUpgrader: 	at java.util.concurrent.ThreadPoolExecutor$Worker.run(ThreadPoolExecutor.java:641)
12-08 23:00:47.244 11260 11277 E DatabaseUpgrader: 	at java.lang.Thread.run(Thread.java:764)
12-08 23:00:47.890 11260 11260 E WindowManager: 
12-08 23:00:47.890 11260 11260 E WindowManager: android.view.WindowLeaked: Activity com.evancharlton.mileage.ImportActivity has leaked window DecorView@5a1e589[ImportActivity] that was originally added here
12-08 23:00:47.890 11260 11260 E WindowManager: 	at android.view.ViewRootImpl.<init>(ViewRootImpl.java:511)
12-08 23:00:47.890 11260 11260 E WindowManager: 	at android.view.WindowManagerGlobal.addView(WindowManagerGlobal.java:346)
12-08 23:00:47.890 11260 11260 E WindowManager: 	at android.view.WindowManagerImpl.addView(WindowManagerImpl.java:93)
12-08 23:00:47.890 11260 11260 E WindowManager: 	at com.android.internal.policy.PhoneWindow.openPanel(PhoneWindow.java:887)
12-08 23:00:47.890 11260 11260 E WindowManager: 	at com.android.internal.policy.PhoneWindow.onKeyUpPanel(PhoneWindow.java:1104)
12-08 23:00:47.890 11260 11260 E WindowManager: 	at com.android.internal.policy.PhoneWindow.onKeyUp(PhoneWindow.java:2007)
12-08 23:00:47.890 11260 11260 E WindowManager: 	at com.android.internal.policy.DecorView.dispatchKeyEvent(DecorView.java:350)
12-08 23:00:47.890 11260 11260 E WindowManager: 	at android.view.ViewRootImpl$ViewPostImeInputStage.processKeyEvent(ViewRootImpl.java:5037)
12-08 23:00:47.890 11260 11260 E WindowManager: 	at android.view.ViewRootImpl$ViewPostImeInputStage.onProcess(ViewRootImpl.java:4905)
12-08 23:00:47.890 11260 11260 E WindowManager: 	at android.view.ViewRootImpl$InputStage.deliver(ViewRootImpl.java:4426)
12-08 23:00:47.890 11260 11260 E WindowManager: 	at android.view.ViewRootImpl$InputStage.onDeliverToNext(ViewRootImpl.java:4479)
12-08 23:00:47.890 11260 11260 E WindowManager: 	at android.view.ViewRootImpl$InputStage.forward(ViewRootImpl.java:4445)
12-08 23:00:47.890 11260 11260 E WindowManager: 	at android.view.ViewRootImpl$AsyncInputStage.forward(ViewRootImpl.java:4585)
12-08 23:00:47.890 11260 11260 E WindowManager: 	at android.view.ViewRootImpl$InputStage.apply(ViewRootImpl.java:4453)
12-08 23:00:47.890 11260 11260 E WindowManager: 	at android.view.ViewRootImpl$AsyncInputStage.apply(ViewRootImpl.java:4642)
12-08 23:00:47.890 11260 11260 E WindowManager: 	at android.view.ViewRootImpl$InputStage.deliver(ViewRootImpl.java:4426)
12-08 23:00:47.890 11260 11260 E WindowManager: 	at android.view.ViewRootImpl$InputStage.onDeliverToNext(ViewRootImpl.java:4479)
12-08 23:00:47.890 11260 11260 E WindowManager: 	at android.view.ViewRootImpl$InputStage.forward(ViewRootImpl.java:4445)
12-08 23:00:47.890 11260 11260 E WindowManager: 	at android.view.ViewRootImpl$InputStage.apply(ViewRootImpl.java:4453)
12-08 23:00:47.890 11260 11260 E WindowManager: 	at android.view.ViewRootImpl$InputStage.deliver(ViewRootImpl.java:4426)
12-08 23:00:47.890 11260 11260 E WindowManager: 	at android.view.ViewRootImpl$InputStage.onDeliverToNext(ViewRootImpl.java:4479)
12-08 23:00:47.890 11260 11260 E WindowManager: 	at android.view.ViewRootImpl$InputStage.forward(ViewRootImpl.java:4445)
12-08 23:00:47.890 11260 11260 E WindowManager: 	at android.view.ViewRootImpl$AsyncInputStage.forward(ViewRootImpl.java:4618)
12-08 23:00:47.890 11260 11260 E WindowManager: 	at android.view.ViewRootImpl$ImeInputStage.onFinishedInputEvent(ViewRootImpl.java:4779)
12-08 23:00:47.890 11260 11260 E WindowManager: 	at android.view.inputmethod.InputMethodManager$PendingEvent.run(InputMethodManager.java:2571)
12-08 23:00:47.890 11260 11260 E WindowManager: 	at android.view.inputmethod.InputMethodManager.invokeFinishedInputEventCallback(InputMethodManager.java:2081)
12-08 23:00:47.890 11260 11260 E WindowManager: 	at android.view.inputmethod.InputMethodManager.finishedInputEvent(InputMethodManager.java:2072)
12-08 23:00:47.890 11260 11260 E WindowManager: 	at android.view.inputmethod.InputMethodManager$ImeInputEventSender.onInputEventFinished(InputMethodManager.java:2548)
12-08 23:00:47.890 11260 11260 E WindowManager: 	at android.view.InputEventSender.dispatchInputEventFinished(InputEventSender.java:141)
12-08 23:00:47.890 11260 11260 E WindowManager: 	at android.os.MessageQueue.nativePollOnce(Native Method)
12-08 23:00:47.890 11260 11260 E WindowManager: 	at android.os.MessageQueue.next(MessageQueue.java:326)
12-08 23:00:47.890 11260 11260 E WindowManager: 	at android.os.Looper.loop(Looper.java:160)
12-08 23:00:47.890 11260 11260 E WindowManager: 	at android.app.ActivityThread.main(ActivityThread.java:6669)
12-08 23:00:47.890 11260 11260 E WindowManager: 	at java.lang.reflect.Method.invoke(Native Method)
12-08 23:00:47.890 11260 11260 E WindowManager: 	at com.android.internal.os.RuntimeInit$MethodAndArgsCaller.run(RuntimeInit.java:493)
12-08 23:00:47.890 11260 11260 E WindowManager: 	at com.android.internal.os.ZygoteInit.main(ZygoteInit.java:858)
12-08 23:00:48.670  2720  2720 E ContextIntentStarter: No activity found for any of the 0 intents
12-08 23:00:49.447  1629  1629 E android.hardware.wifi@1.0-service: Failed to register radio mode change callback
12-08 23:00:49.450  1629  1629 E android.hardware.wifi@1.0-service: Failed to set DFS flag; DFS channels may be unavailable.
12-08 23:00:49.654  1740  1740 E wificond: No Offload Service available
12-08 23:00:49.665  1885  1969 E SupplicantStaIfaceHal: Can't call setupIface, ISupplicantStaIface is null
12-08 23:00:50.105  1885  1970 E WifiVendorHal: getBgScanCapabilities(l.671) failed {.code = ERROR_NOT_SUPPORTED, .description = }
12-08 23:00:50.197  1885  1971 E WifiP2pService: Unhandled message { when=-1ms what=131203 target=com.android.internal.util.StateMachine$SmHandler }
12-08 23:00:50.292  1885  1971 E WifiP2pService: Unhandled message { when=-2ms what=131203 target=com.android.internal.util.StateMachine$SmHandler }
12-08 23:00:50.320  1885  1903 E BatteryExternalStatsWorker: no controller energy info supplied for wifi
12-08 23:00:50.360 11311 11311 E wpa_supplicant: nl80211: Failed to open /proc/sys/net/ipv4/conf/p2p-dev-wlan0/drop_unicast_in_l2_multicast: No such file or directory
12-08 23:00:50.360 11311 11311 E wpa_supplicant: nl80211: Failed to set IPv4 unicast in multicast filter
12-08 23:00:50.361 11311 11311 E wpa_supplicant: nl80211: Failed to open /proc/sys/net/ipv4/conf/p2p-dev-wlan0/drop_unicast_in_l2_multicast: No such file or directory
12-08 23:00:50.361 11311 11311 E wpa_supplicant: nl80211: Failed to set IPv4 unicast in multicast filter
12-08 23:00:50.460 11311 11311 E wpa_supplicant: nl80211: Failed to open /proc/sys/net/ipv4/conf/wlan0/drop_unicast_in_l2_multicast: No such file or directory
12-08 23:00:50.460 11311 11311 E wpa_supplicant: nl80211: Failed to set IPv4 unicast in multicast filter
12-08 23:00:50.517  1885  1898 E GnssLocationProvider: no AGPS interface in set_agps_server
12-08 23:00:50.531 11311 11311 E wpa_supplicant: nl80211: Failed to open /proc/sys/net/ipv4/conf/wlan0/drop_unicast_in_l2_multicast: No such file or directory
12-08 23:00:50.531 11311 11311 E wpa_supplicant: nl80211: Failed to set IPv4 unicast in multicast filter
12-08 23:00:50.846  1629  1629 E android.hardware.wifi@1.0-service: Failed to open directory: Permission denied
12-08 23:00:50.846  1629  1629 E android.hardware.wifi@1.0-service: Error occurred while deleting old tombstone files
12-08 23:00:50.846  1629  1629 E android.hardware.wifi@1.0-service: Error writing files to flash
12-08 23:00:51.056  1885  1969 E SupplicantStaIfaceHal: Can't call setPowerSave, ISupplicantStaIface is null
12-08 23:00:51.056  1885  1969 E SupplicantStaIfaceHal: Can't call setBtCoexistenceMode, ISupplicantStaIface is null
12-08 23:00:51.060  1885  1969 E HalDevMgr: Should have at least 1 chip!
12-08 23:00:51.060  1885  1969 E HalDevMgr: dispatchAvailableForRequestListeners: no chip info found
12-08 23:00:51.064  1885  1969 E SupplicantStaIfaceHal: Can't call listNetworks, ISupplicantStaIface is null
12-08 23:00:51.064  1885  1969 E SupplicantStaIfaceHal: removeAllNetworks failed, got null networks
12-08 23:00:51.064  1885  1969 E WifiStateMachine: Failed to remove networks on exiting connect mode
12-08 23:00:51.071  1885  1971 E WifiP2pService: Unhandled message { when=-7ms what=131204 target=com.android.internal.util.StateMachine$SmHandler }
12-08 23:00:51.073  1885  1903 E BatteryExternalStatsWorker: no controller energy info supplied for wifi
12-08 23:00:51.079  1885  1970 E WificondControl: No valid wificond scanner interface handler
12-08 23:00:51.457  1629  1629 E android.hardware.wifi@1.0-service: Failed to register radio mode change callback
12-08 23:00:51.458  1629  1629 E android.hardware.wifi@1.0-service: Failed to set DFS flag; DFS channels may be unavailable.
12-08 23:00:51.622  1740  1740 E wificond: No Offload Service available
12-08 23:00:51.635  1885  1969 E SupplicantStaIfaceHal: Can't call setupIface, ISupplicantStaIface is null
12-08 23:00:51.686  1885  1970 E WifiVendorHal: getBgScanCapabilities(l.671) failed {.code = ERROR_NOT_SUPPORTED, .description = }
12-08 23:00:51.701  1885  1971 E WifiP2pService: Unhandled message { when=-1ms what=131203 target=com.android.internal.util.StateMachine$SmHandler }
12-08 23:00:51.723  1885  1971 E WifiP2pService: Unhandled message { when=-1ms what=131203 target=com.android.internal.util.StateMachine$SmHandler }
12-08 23:00:51.741  1885  1903 E BatteryExternalStatsWorker: no controller energy info supplied for wifi
12-08 23:00:51.747  1885  1903 E BatteryExternalStatsWorker: no controller energy info supplied for wifi
12-08 23:00:52.034  1885  1898 E GnssLocationProvider: no AGPS interface in set_agps_server
12-08 23:00:52.772  1885  1898 E GnssLocationProvider: no AGPS interface in set_agps_server
12-08 23:00:52.919  1885  1972 E ConnectivityService: exception in setMtu()java.lang.IllegalStateException: command '277 interface setmtu radio0 1500' failed with '400 277 Failed to set MTU (Permission denied)'
12-08 23:00:53.455  2378 11359 E WakeLock: GCM_CONN_ALARM release without a matched acquire!
12-08 23:00:55.900  1885  1903 E BatteryExternalStatsWorker: no controller energy info supplied for wifi
12-08 23:00:56.066  1885  1969 E WifiVendorHal: stopRssiMonitoring(l.2404) failed {.code = ERROR_NOT_AVAILABLE, .description = }
12-08 23:00:56.554  2378 11371 E WakeLock: GCM_HB_ALARM release without a matched acquire!
12-08 23:00:56.641  1737  1820 E Netd    : Error adding route ::/0 -> fe80::ff:fe00:100 wlan0 to table 1003: File exists
12-08 23:00:56.746  2378 11374 E WakeLock: GCM_CONN_ALARM release without a matched acquire!
