--------- beginning of main
12-08 00:29:04.143 18429 18429 E droid.apps.doc: Not starting debugger since process cannot load the jdwp agent.
--------- beginning of system
12-08 00:29:04.211 15927 18426 E audio_hw_generic: pcm_open(in) failed: cannot open device '/dev/snd/pcmC0D0c': Device or resource busy: channels 2 format 0 rate 16000
12-08 00:29:04.820 16506 16506 E BeaconBle: Missing BluetoothAdapter
12-08 00:29:05.143 16506 16506 E BeaconBle: Scan couldn't start for Places
12-08 00:29:05.884 18476 18476 E ocess.gservice: Not starting debugger since process cannot load the jdwp agent.
12-08 00:29:07.213 18429 18429 E DocsApplication: [main] No default account found during application creation.
12-08 00:29:07.383  1829  1829 E netmgr  : Failed to open QEMU pipe 'qemud:network': Invalid argument
12-08 00:29:07.384  1829  1829 E netmgr  : WifiForwarder unable to open QEMU pipe: Invalid argument
12-08 00:29:07.919  1729  1752 E         : Couldn't opendir /data/app/vmdl65450347.tmp: No such file or directory
12-08 00:29:07.919  1729  1752 E installd: Failed to delete /data/app/vmdl65450347.tmp: No such file or directory
12-08 00:29:10.927 18539 18539 E harlton.mileag: Not starting debugger since process cannot load the jdwp agent.
12-08 00:29:12.138 16085 24146 E putmethod.lati: Invalid ID 0x00000001.
12-08 00:29:12.144 16085 24146 E LstmTrainingCache: emn: Can't get resource name for input slot
12-08 00:29:12.144 16085 24146 E LstmTrainingCache: android.content.res.Resources$NotFoundException: Unable to find resource ID #0x1
12-08 00:29:12.144 16085 24146 E LstmTrainingCache: 	at android.content.res.ResourcesImpl.getResourceName(ResourcesImpl.java:255)
12-08 00:29:12.144 16085 24146 E LstmTrainingCache: 	at android.content.res.Resources.getResourceName(Resources.java:1954)
12-08 00:29:12.144 16085 24146 E LstmTrainingCache: 	at emn.a(PG:12)
12-08 00:29:12.144 16085 24146 E LstmTrainingCache: 	at emk.run(PG:5)
12-08 00:29:12.144 16085 24146 E LstmTrainingCache: 	at java.lang.Thread.run(Thread.java:764)
12-08 00:29:21.341 18573 18573 E emui:screensho: Not starting debugger since process cannot load the jdwp agent.
12-08 00:29:22.473 18573 18573 E SoundPool: error loading /product/media/audio/ui/camera_click.ogg
12-08 00:29:22.657  1724  1766 E SurfaceFlinger: ro.sf.lcd_density must be defined as a build property
12-08 00:29:22.717  1739  2068 E OMXNodeInstance: getConfig(0xee326f60:google.vorbis.decoder, ConfigAndroidVendorExtension(0x6f100004)) ERROR: Undefined(0x80001001)
12-08 00:29:22.852  1724  1876 E SurfaceFlinger: ro.sf.lcd_density must be defined as a build property
12-08 00:29:25.340 16506 17794 E ctxmgr  : [AppIntervalImpl]closeInterval: stopTimeMillis invalid, stop=1544228965339, start=1544238227857
12-08 00:29:25.348 16506 17794 E ctxmgr  : [AppIntervalImpl]closeInterval: stopTimeMillis invalid, stop=1544228965348, start=1544238227858
12-08 00:29:27.181 16788 17129 E PlayCommon: [121] com.google.android.play.b.g.a(448): Failed to connect to server: java.net.UnknownHostException: Unable to resolve host "play.googleapis.com": No address associated with hostname
12-08 00:29:29.509  1737  1809 E storaged: getDiskStats failed with result NOT_SUPPORTED and size 0
12-08 00:29:35.496 18626 18626 E oid.apps.photo: Not starting debugger since process cannot load the jdwp agent.
12-08 00:29:41.747 16561 16561 E ContextIntentStarter: No activity found for any of the 0 intents
12-08 00:29:42.469  1628  1628 E android.hardware.wifi@1.0-service: Failed to register radio mode change callback
12-08 00:29:42.496  1628  1628 E android.hardware.wifi@1.0-service: Failed to set DFS flag; DFS channels may be unavailable.
12-08 00:29:42.576 15926 15926 E wificond: No Offload Service available
12-08 00:29:43.012 15976 16055 E WifiP2pService: Unhandled message { when=-8ms what=131203 target=com.android.internal.util.StateMachine$SmHandler }
12-08 00:29:43.038 15976 16055 E WifiP2pService: Unhandled message { when=0 what=131203 target=com.android.internal.util.StateMachine$SmHandler }
12-08 00:29:43.082 15976 15994 E BatteryExternalStatsWorker: no controller energy info supplied for wifi
12-08 00:29:43.108 15976 15994 E BatteryExternalStatsWorker: no controller energy info supplied for wifi
12-08 00:29:43.349 15976 16056 E ConnectivityService: exception in setMtu()java.lang.IllegalStateException: command '942 interface setmtu radio0 1500' failed with '400 942 Failed to set MTU (Permission denied)'
12-08 00:29:44.197 16506 18695 E WakeLock: GCM_CONN_ALARM release without a matched acquire!
12-08 00:29:44.865 18699 18699 E id.gms.learnin: Not starting debugger since process cannot load the jdwp agent.
12-08 00:29:47.576 15976 15994 E BatteryExternalStatsWorker: no controller energy info supplied for wifi
12-08 00:29:47.777  1632  1632 E lowmemorykiller: Error writing /proc/18380/oom_score_adj; errno=22
12-08 00:29:47.832  1632  1632 E lowmemorykiller: Error writing /proc/18380/oom_score_adj; errno=22
12-08 00:29:48.411 15925 15942 E Netd    : Error adding route ::/0 -> fe80::ff:fe00:100 wlan0 to table 1003: File exists
12-08 00:29:48.746 18740 18740 E android.youtub: Not starting debugger since process cannot load the jdwp agent.
12-08 00:29:48.781 16506 18737 E WakeLock: GCM_HB_ALARM release without a matched acquire!
12-08 00:29:49.054 16506 18754 E WakeLock: GCM_CONN_ALARM release without a matched acquire!
12-08 00:29:49.644 15976 15987 E NotificationService: Package enqueue rate is 7.169831. Shedding 0|com.google.android.googlequicksearchbox|393216|h|10036. package=com.google.android.googlequicksearchbox
12-08 00:29:50.716 18740 18762 E YouTube : Failed delayed event dispatch, no dispatchers.
12-08 00:29:55.107 15976 15987 E NotificationService: Package enqueue rate is 5.802586. Shedding 0|com.google.android.googlequicksearchbox|393216|h|10036. package=com.google.android.googlequicksearchbox
12-08 00:29:57.498 16506 16506 E BeaconBle: Missing BluetoothAdapter
12-08 00:29:57.670 16506 16506 E BeaconBle: Scan couldn't start for Places
12-08 00:30:00.275 15976 16116 E NotificationService: Package enqueue rate is 7.3094425. Shedding 0|com.google.android.googlequicksearchbox|393216|h|10036. package=com.google.android.googlequicksearchbox
12-08 00:30:03.273 18915 18915 E viders.calenda: Not starting debugger since process cannot load the jdwp agent.
12-08 00:30:03.320 18927 18927 E ndroid.calenda: Not starting debugger since process cannot load the jdwp agent.
12-08 00:30:04.675 18976 18976 E droid.deskcloc: Not starting debugger since process cannot load the jdwp agent.
12-08 00:30:04.751 18976 18976 E LoadedApk: Unable to instantiate appComponentFactory
12-08 00:30:04.751 18976 18976 E LoadedApk: java.lang.ClassNotFoundException: Didn't find class "android.support.v4.app.CoreComponentFactory" on path: DexPathList[[zip file "/data/app/com.google.android.deskclock-irjeQ48B8SlCzNgOUY6aXg==/base.apk"],nativeLibraryDirectories=[/data/app/com.google.android.deskclock-irjeQ48B8SlCzNgOUY6aXg==/lib/x86, /system/lib]]
12-08 00:30:04.751 18976 18976 E LoadedApk: 	at dalvik.system.BaseDexClassLoader.findClass(BaseDexClassLoader.java:134)
12-08 00:30:04.751 18976 18976 E LoadedApk: 	at java.lang.ClassLoader.loadClass(ClassLoader.java:379)
12-08 00:30:04.751 18976 18976 E LoadedApk: 	at java.lang.ClassLoader.loadClass(ClassLoader.java:312)
12-08 00:30:04.751 18976 18976 E LoadedApk: 	at android.app.LoadedApk.createAppFactory(LoadedApk.java:226)
12-08 00:30:04.751 18976 18976 E LoadedApk: 	at android.app.LoadedApk.createOrUpdateClassLoaderLocked(LoadedApk.java:731)
12-08 00:30:04.751 18976 18976 E LoadedApk: 	at android.app.LoadedApk.getClassLoader(LoadedApk.java:810)
12-08 00:30:04.751 18976 18976 E LoadedApk: 	at android.app.LoadedApk.getResources(LoadedApk.java:1032)
12-08 00:30:04.751 18976 18976 E LoadedApk: 	at android.app.ContextImpl.createAppContext(ContextImpl.java:2345)
12-08 00:30:04.751 18976 18976 E LoadedApk: 	at android.app.ActivityThread.handleBindApplication(ActivityThread.java:5749)
12-08 00:30:04.751 18976 18976 E LoadedApk: 	at android.app.ActivityThread.access$1100(ActivityThread.java:199)
12-08 00:30:04.751 18976 18976 E LoadedApk: 	at android.app.ActivityThread$H.handleMessage(ActivityThread.java:1650)
12-08 00:30:04.751 18976 18976 E LoadedApk: 	at android.os.Handler.dispatchMessage(Handler.java:106)
12-08 00:30:04.751 18976 18976 E LoadedApk: 	at android.os.Looper.loop(Looper.java:193)
12-08 00:30:04.751 18976 18976 E LoadedApk: 	at android.app.ActivityThread.main(ActivityThread.java:6669)
12-08 00:30:04.751 18976 18976 E LoadedApk: 	at java.lang.reflect.Method.invoke(Native Method)
12-08 00:30:04.751 18976 18976 E LoadedApk: 	at com.android.internal.os.RuntimeInit$MethodAndArgsCaller.run(RuntimeInit.java:493)
12-08 00:30:04.751 18976 18976 E LoadedApk: 	at com.android.internal.os.ZygoteInit.main(ZygoteInit.java:858)
12-08 00:30:05.241 19005 19005 E com.ustwo.lwp: Not starting debugger since process cannot load the jdwp agent.
12-08 00:30:07.846  1829  1829 E netmgr  : Failed to open QEMU pipe 'qemud:network': Invalid argument
12-08 00:30:07.846  1829  1829 E netmgr  : WifiForwarder unable to open QEMU pipe: Invalid argument
12-08 00:30:29.984  1737  1809 E storaged: getDiskStats failed with result NOT_SUPPORTED and size 0
12-08 00:31:02.504 16410 18459 E SQLiteCastStore: Skip saving CastDeviceInfo: "Nearby device" (__cast_nearby___V_634091c8-3055-4db3-8106-252ab3cdfce4)
12-08 00:31:06.676 16485 16485 E SchedPolicy: set_timerslack_ns write failed: Operation not permitted
12-08 00:31:07.852  1829  1829 E netmgr  : Failed to open QEMU pipe 'qemud:network': Invalid argument
12-08 00:31:07.852  1829  1829 E netmgr  : WifiForwarder unable to open QEMU pipe: Invalid argument
12-08 00:31:15.043 16485 16485 E SchedPolicy: set_timerslack_ns write failed: Operation not permitted
12-08 00:31:29.987  1737  1809 E storaged: getDiskStats failed with result NOT_SUPPORTED and size 0
12-08 00:31:55.301 16506 16163 E ctxmgr  : [NetworkUtil]No active synchronizable contexts.
12-08 00:32:07.856  1829  1829 E netmgr  : Failed to open QEMU pipe 'qemud:network': Invalid argument
12-08 00:32:07.856  1829  1829 E netmgr  : WifiForwarder unable to open QEMU pipe: Invalid argument
12-08 00:32:29.989  1737  1809 E storaged: getDiskStats failed with result NOT_SUPPORTED and size 0
12-08 00:33:07.902  1829  1829 E netmgr  : Failed to open QEMU pipe 'qemud:network': Invalid argument
12-08 00:33:07.902  1829  1829 E netmgr  : WifiForwarder unable to open QEMU pipe: Invalid argument
