--------- beginning of main
12-07 20:53:41.928 29073 29073 E id.defcontaine: Not starting debugger since process cannot load the jdwp agent.
12-07 20:53:41.933 29080 29080 E oid.documentsu: Not starting debugger since process cannot load the jdwp agent.
--------- beginning of system
12-07 20:53:42.053 29096 29096 E ndroid.keychai: Not starting debugger since process cannot load the jdwp agent.
12-07 20:53:43.033 29151 29151 E droid.apps.doc: Not starting debugger since process cannot load the jdwp agent.
12-07 20:53:43.527 16506 16506 E BeaconBle: Missing BluetoothAdapter
12-07 20:53:43.556 16506 16506 E BeaconBle: Scan couldn't start for Places
12-07 20:53:43.783 15927 29169 E audio_hw_generic: pcm_open(in) failed: cannot open device '/dev/snd/pcmC0D0c': Device or resource busy: channels 2 format 0 rate 16000
12-07 20:53:45.082 29151 29151 E DocsApplication: [main] No default account found during application creation.
12-07 20:53:46.566  1729  1931 E         : Couldn't opendir /data/app/vmdl351495030.tmp: No such file or directory
12-07 20:53:46.566  1729  1931 E installd: Failed to delete /data/app/vmdl351495030.tmp: No such file or directory
--------- beginning of crash
12-07 20:53:46.658 29149 29150 F libc    : Fatal signal 11 (SIGSEGV), code 1 (SEGV_MAPERR), fault addr 0x98 in tid 29150 (Binder:29149_1), pid 29149 (cmd)
12-07 20:53:49.923 29220 29220 E harlton.mileag: Not starting debugger since process cannot load the jdwp agent.
12-07 20:53:51.464 16085 24146 E putmethod.lati: Invalid ID 0x00000001.
12-07 20:53:51.471 16085 24146 E LstmTrainingCache: emn: Can't get resource name for input slot
12-07 20:53:51.471 16085 24146 E LstmTrainingCache: android.content.res.Resources$NotFoundException: Unable to find resource ID #0x1
12-07 20:53:51.471 16085 24146 E LstmTrainingCache: 	at android.content.res.ResourcesImpl.getResourceName(ResourcesImpl.java:255)
12-07 20:53:51.471 16085 24146 E LstmTrainingCache: 	at android.content.res.Resources.getResourceName(Resources.java:1954)
12-07 20:53:51.471 16085 24146 E LstmTrainingCache: 	at emn.a(PG:12)
12-07 20:53:51.471 16085 24146 E LstmTrainingCache: 	at emk.run(PG:5)
12-07 20:53:51.471 16085 24146 E LstmTrainingCache: 	at java.lang.Thread.run(Thread.java:764)
12-07 20:53:55.286 16085 24146 E putmethod.lati: Invalid ID 0x00000001.
12-07 20:53:55.311 16085 24146 E LstmTrainingCache: emn: Can't get resource name for input slot
12-07 20:53:55.311 16085 24146 E LstmTrainingCache: android.content.res.Resources$NotFoundException: Unable to find resource ID #0x1
12-07 20:53:55.311 16085 24146 E LstmTrainingCache: 	at android.content.res.ResourcesImpl.getResourceName(ResourcesImpl.java:255)
12-07 20:53:55.311 16085 24146 E LstmTrainingCache: 	at android.content.res.Resources.getResourceName(Resources.java:1954)
12-07 20:53:55.311 16085 24146 E LstmTrainingCache: 	at emn.a(PG:12)
12-07 20:53:55.311 16085 24146 E LstmTrainingCache: 	at emk.run(PG:5)
12-07 20:53:55.311 16085 24146 E LstmTrainingCache: 	at java.lang.Thread.run(Thread.java:764)
12-07 20:53:56.281 15976 15994 E BatteryExternalStatsWorker: no controller energy info supplied for wifi
12-07 20:54:02.217 16506 24216 E ctxmgr  : [AppIntervalImpl]closeInterval: stopTimeMillis invalid, stop=1544234042216, start=1544238227857
12-07 20:54:02.277 16506 24216 E ctxmgr  : [AppIntervalImpl]closeInterval: stopTimeMillis invalid, stop=1544234042277, start=1544238227858
12-07 20:54:03.156 16085 24146 E putmethod.lati: Invalid ID 0x00000001.
12-07 20:54:03.175 16085 24146 E LstmTrainingCache: emn: Can't get resource name for input slot
12-07 20:54:03.175 16085 24146 E LstmTrainingCache: android.content.res.Resources$NotFoundException: Unable to find resource ID #0x1
12-07 20:54:03.175 16085 24146 E LstmTrainingCache: 	at android.content.res.ResourcesImpl.getResourceName(ResourcesImpl.java:255)
12-07 20:54:03.175 16085 24146 E LstmTrainingCache: 	at android.content.res.Resources.getResourceName(Resources.java:1954)
12-07 20:54:03.175 16085 24146 E LstmTrainingCache: 	at emn.a(PG:12)
12-07 20:54:03.175 16085 24146 E LstmTrainingCache: 	at emk.run(PG:5)
12-07 20:54:03.175 16085 24146 E LstmTrainingCache: 	at java.lang.Thread.run(Thread.java:764)
12-07 20:54:03.849 29249 29249 E emui:screensho: Not starting debugger since process cannot load the jdwp agent.
12-07 20:54:04.912 29249 29249 E SoundPool: error loading /product/media/audio/ui/camera_click.ogg
12-07 20:54:05.190  1724  1876 E SurfaceFlinger: ro.sf.lcd_density must be defined as a build property
12-07 20:54:05.234  1739  1739 E OMXNodeInstance: getConfig(0xee326b40:google.vorbis.decoder, ConfigAndroidVendorExtension(0x6f100004)) ERROR: Undefined(0x80001001)
12-07 20:54:05.397  1724  1766 E SurfaceFlinger: ro.sf.lcd_density must be defined as a build property
12-07 20:54:09.547 16506 16506 E BeaconBle: Missing BluetoothAdapter
12-07 20:54:09.642 16506 16506 E BeaconBle: Scan couldn't start for Places
12-07 20:54:09.914  1829  1829 E netmgr  : Failed to open QEMU pipe 'qemud:network': Invalid argument
12-07 20:54:09.914  1829  1829 E netmgr  : WifiForwarder unable to open QEMU pipe: Invalid argument
12-07 20:54:11.332 16561 16561 E ContextIntentStarter: No activity found for any of the 0 intents
12-07 20:54:18.136 29304 29304 E oid.apps.photo: Not starting debugger since process cannot load the jdwp agent.
12-07 20:54:20.251 16506 25050 E ctxmgr  : [AppIntervalImpl]closeInterval: stopTimeMillis invalid, stop=1544234060251, start=1544238227857
12-07 20:54:20.256 16506 25050 E ctxmgr  : [AppIntervalImpl]closeInterval: stopTimeMillis invalid, stop=1544234060256, start=1544238227858
12-07 20:54:31.616  1737  1809 E storaged: getDiskStats failed with result NOT_SUPPORTED and size 0
12-07 20:54:34.348 16788 17129 E PlayCommon: [121] com.google.android.play.b.g.a(448): Failed to connect to server: java.net.UnknownHostException: Unable to resolve host "play.googleapis.com": No address associated with hostname
12-07 20:55:09.976  1829  1829 E netmgr  : Failed to open QEMU pipe 'qemud:network': Invalid argument
12-07 20:55:09.976  1829  1829 E netmgr  : WifiForwarder unable to open QEMU pipe: Invalid argument
12-07 20:55:31.625  1737  1809 E storaged: getDiskStats failed with result NOT_SUPPORTED and size 0
12-07 20:56:10.012  1829  1829 E netmgr  : Failed to open QEMU pipe 'qemud:network': Invalid argument
12-07 20:56:10.013  1829  1829 E netmgr  : WifiForwarder unable to open QEMU pipe: Invalid argument
12-07 20:56:31.629  1737  1809 E storaged: getDiskStats failed with result NOT_SUPPORTED and size 0
12-07 20:57:10.071  1829  1829 E netmgr  : Failed to open QEMU pipe 'qemud:network': Invalid argument
12-07 20:57:10.071  1829  1829 E netmgr  : WifiForwarder unable to open QEMU pipe: Invalid argument
12-07 20:57:28.691 29415 29415 E hod.latin:trai: Not starting debugger since process cannot load the jdwp agent.
12-07 20:57:31.699 29220 29220 E SpannableStringBuilder: SPAN_EXCLUSIVE_EXCLUSIVE spans cannot have a zero length
12-07 20:57:31.699 29220 29220 E SpannableStringBuilder: SPAN_EXCLUSIVE_EXCLUSIVE spans cannot have a zero length
12-07 20:57:31.699  1737  1809 E storaged: getDiskStats failed with result NOT_SUPPORTED and size 0
12-07 20:57:33.935 15976 15986 E WindowManager: Performed 6 layouts in a row. Skipping
12-07 20:57:33.962 15976 16026 E WindowManager: Performed 6 layouts in a row. Skipping
12-07 20:57:33.994 15976 15986 E WindowManager: Performed 6 layouts in a row. Skipping
12-07 20:57:34.088 15976 16026 E WindowManager: Performed 6 layouts in a row. Skipping
12-07 20:57:34.136 15976 16026 E WindowManager: Performed 6 layouts in a row. Skipping
12-07 20:57:34.178 15976 15991 E WindowManager: Performed 6 layouts in a row. Skipping
12-07 20:57:34.205 15976 16026 E WindowManager: Performed 6 layouts in a row. Skipping
12-07 20:57:34.243 15976 16026 E WindowManager: Performed 6 layouts in a row. Skipping
12-07 20:57:34.292 15976 16247 E WindowManager: Performed 6 layouts in a row. Skipping
12-07 20:57:34.319 15976 16026 E WindowManager: Performed 6 layouts in a row. Skipping
12-07 20:57:34.343 15976 15991 E WindowManager: Performed 6 layouts in a row. Skipping
12-07 20:57:34.392 15976 16026 E WindowManager: Performed 6 layouts in a row. Skipping
12-07 20:57:34.428 15976 16026 E WindowManager: Performed 6 layouts in a row. Skipping
12-07 20:57:34.483 15976 16026 E WindowManager: Performed 6 layouts in a row. Skipping
