--------- beginning of system
12-08 10:04:29.821  1738  1772 E storaged: getDiskStats failed with result NOT_SUPPORTED and size 0
12-08 10:05:31.158  1738  1772 E storaged: getDiskStats failed with result NOT_SUPPORTED and size 0
12-08 10:05:54.430  1881  1895 E WindowManager: Performed 6 layouts in a row. Skipping
12-08 10:05:54.457  1881  1934 E WindowManager: Performed 6 layouts in a row. Skipping
12-08 10:05:54.509  1881  1934 E WindowManager: Performed 6 layouts in a row. Skipping
12-08 10:05:54.540  1881  1934 E WindowManager: Performed 6 layouts in a row. Skipping
12-08 10:05:54.565  1881  1896 E WindowManager: Performed 6 layouts in a row. Skipping
12-08 10:05:54.609  1881  1934 E WindowManager: Performed 6 layouts in a row. Skipping
12-08 10:05:54.651  1881  1896 E WindowManager: Performed 6 layouts in a row. Skipping
12-08 10:05:54.679  1881  1934 E WindowManager: Performed 6 layouts in a row. Skipping
12-08 10:05:54.697  1881  4900 E WindowManager: Performed 6 layouts in a row. Skipping
12-08 10:05:54.726  1881  1934 E WindowManager: Performed 6 layouts in a row. Skipping
12-08 10:05:56.938  1881  1934 E WindowManager: Performed 6 layouts in a row. Skipping
12-08 10:05:56.958  1881  4900 E WindowManager: Performed 6 layouts in a row. Skipping
12-08 10:05:56.999  1881  1934 E WindowManager: Performed 6 layouts in a row. Skipping
12-08 10:05:57.179  1881  1934 E WindowManager: Performed 6 layouts in a row. Skipping
--------- beginning of main
12-08 10:06:20.120  1828  1828 E netmgr  : Failed to open QEMU pipe 'qemud:network': Invalid argument
12-08 10:06:20.120  1828  1828 E netmgr  : WifiForwarder unable to open QEMU pipe: Invalid argument
12-08 10:06:33.098  1738  1772 E storaged: getDiskStats failed with result NOT_SUPPORTED and size 0
12-08 10:06:33.265  1881  1899 E BatteryExternalStatsWorker: no controller energy info supplied for wifi
12-08 10:06:46.142  1611  1695 E audio_hw_generic: pcm_write failed cannot write stream data: I/O error
12-08 10:06:56.403  1611  1695 E audio_hw_generic: pcm_write failed cannot write stream data: I/O error
12-08 10:07:07.034  2448 13200 E ctxmgr  : [ProducerStatusImpl]updateStateForNewContextData: inactive, contextName=7
12-08 10:07:07.034  1611  1695 E audio_hw_generic: pcm_write failed cannot write stream data: I/O error
12-08 10:07:09.646  2448  2448 E BeaconBle: Missing BluetoothAdapter
12-08 10:07:09.837  2448  2448 E BeaconBle: Scan couldn't start for Places
12-08 10:07:17.522  1611  1695 E audio_hw_generic: pcm_write failed cannot write stream data: I/O error
12-08 10:07:20.123  1828  1828 E netmgr  : Failed to open QEMU pipe 'qemud:network': Invalid argument
12-08 10:07:20.123  1828  1828 E netmgr  : WifiForwarder unable to open QEMU pipe: Invalid argument
12-08 10:07:27.981  1611  1695 E audio_hw_generic: pcm_write failed cannot write stream data: I/O error
12-08 10:07:33.429  1738  1772 E storaged: getDiskStats failed with result NOT_SUPPORTED and size 0
12-08 10:07:33.464  2692  2692 E ContextIntentStarter: No activity found for any of the 0 intents
12-08 10:07:36.049 12832 12832 E wpa_supplicant: nl80211: Failed to open /proc/sys/net/ipv4/conf/p2p-dev-wlan0/drop_unicast_in_l2_multicast: No such file or directory
12-08 10:07:36.050 12832 12832 E wpa_supplicant: nl80211: Failed to set IPv4 unicast in multicast filter
12-08 10:07:36.095 12832 12832 E wpa_supplicant: nl80211: Failed to open /proc/sys/net/ipv4/conf/p2p-dev-wlan0/drop_unicast_in_l2_multicast: No such file or directory
12-08 10:07:36.095 12832 12832 E wpa_supplicant: nl80211: Failed to set IPv4 unicast in multicast filter
--------- beginning of crash
12-08 10:07:36.102  2119  2119 E AndroidRuntime: FATAL EXCEPTION: main
12-08 10:07:36.102  2119  2119 E AndroidRuntime: Process: com.android.phone, PID: 2119
12-08 10:07:36.102  2119  2119 E AndroidRuntime: java.lang.RuntimeException: Error receiving broadcast Intent { act=android.intent.action.AIRPLANE_MODE flg=0x10 (has extras) } in com.android.phone.PhoneGlobals$PhoneAppBroadcastReceiver@e1a2dc4
12-08 10:07:36.102  2119  2119 E AndroidRuntime: 	at android.app.LoadedApk$ReceiverDispatcher$Args.lambda$getRunnable$0(LoadedApk.java:1401)
12-08 10:07:36.102  2119  2119 E AndroidRuntime: 	at android.app.-$$Lambda$LoadedApk$ReceiverDispatcher$Args$_BumDX2UKsnxLVrE6UJsJZkotuA.run(Unknown Source:2)
12-08 10:07:36.102  2119  2119 E AndroidRuntime: 	at android.os.Handler.handleCallback(Handler.java:873)
12-08 10:07:36.102  2119  2119 E AndroidRuntime: 	at android.os.Handler.dispatchMessage(Handler.java:99)
12-08 10:07:36.102  2119  2119 E AndroidRuntime: 	at android.os.Looper.loop(Looper.java:193)
12-08 10:07:36.102  2119  2119 E AndroidRuntime: 	at android.app.ActivityThread.main(ActivityThread.java:6669)
12-08 10:07:36.102  2119  2119 E AndroidRuntime: 	at java.lang.reflect.Method.invoke(Native Method)
12-08 10:07:36.102  2119  2119 E AndroidRuntime: 	at com.android.internal.os.RuntimeInit$MethodAndArgsCaller.run(RuntimeInit.java:493)
12-08 10:07:36.102  2119  2119 E AndroidRuntime: 	at com.android.internal.os.ZygoteInit.main(ZygoteInit.java:858)
12-08 10:07:36.102  2119  2119 E AndroidRuntime: Caused by: java.lang.RuntimeException: failed to set system property
12-08 10:07:36.102  2119  2119 E AndroidRuntime: 	at android.os.SystemProperties.native_set(Native Method)
12-08 10:07:36.102  2119  2119 E AndroidRuntime: 	at android.os.SystemProperties.set(SystemProperties.java:183)
12-08 10:07:36.102  2119  2119 E AndroidRuntime: 	at com.android.phone.PhoneGlobals.setRadioPowerOff(PhoneGlobals.java:649)
12-08 10:07:36.102  2119  2119 E AndroidRuntime: 	at com.android.phone.PhoneGlobals.maybeTurnCellOff(PhoneGlobals.java:675)
12-08 10:07:36.102  2119  2119 E AndroidRuntime: 	at com.android.phone.PhoneGlobals.handleAirplaneModeChange(PhoneGlobals.java:627)
12-08 10:07:36.102  2119  2119 E AndroidRuntime: 	at com.android.phone.PhoneGlobals.access$700(PhoneGlobals.java:78)
12-08 10:07:36.102  2119  2119 E AndroidRuntime: 	at com.android.phone.PhoneGlobals$PhoneAppBroadcastReceiver.onReceive(PhoneGlobals.java:702)
12-08 10:07:36.102  2119  2119 E AndroidRuntime: 	at android.app.LoadedApk$ReceiverDispatcher$Args.lambda$getRunnable$0(LoadedApk.java:1391)
12-08 10:07:36.102  2119  2119 E AndroidRuntime: 	... 8 more
12-08 10:07:36.205 12832 12832 E wpa_supplicant: nl80211: Failed to open /proc/sys/net/ipv4/conf/wlan0/drop_unicast_in_l2_multicast: No such file or directory
12-08 10:07:36.205 12832 12832 E wpa_supplicant: nl80211: Failed to set IPv4 unicast in multicast filter
12-08 10:07:36.312 12832 12832 E wpa_supplicant: nl80211: Failed to open /proc/sys/net/ipv4/conf/wlan0/drop_unicast_in_l2_multicast: No such file or directory
12-08 10:07:36.312 12832 12832 E wpa_supplicant: nl80211: Failed to set IPv4 unicast in multicast filter
12-08 10:07:38.762  1611  1695 E audio_hw_generic: pcm_write failed cannot write stream data: I/O error
12-08 10:07:39.070  1626  1626 E android.hardware.wifi@1.0-service: Failed to open directory: Permission denied
12-08 10:07:39.071  1626  1626 E android.hardware.wifi@1.0-service: Error occurred while deleting old tombstone files
12-08 10:07:39.071  1626  1626 E android.hardware.wifi@1.0-service: Error writing files to flash
12-08 10:07:41.714  1881  1966 E WifiP2pService: Unhandled message { when=-3ms what=131204 target=com.android.internal.util.StateMachine$SmHandler }
12-08 10:07:41.725 13274 13274 E m.android.phon: Not starting debugger since process cannot load the jdwp agent.
12-08 10:07:44.519  1881  1899 E BatteryExternalStatsWorker: no controller energy info supplied for wifi
12-08 10:07:49.936  2448 13200 E ctxmgr  : [ProducerStatusImpl]updateStateForNewContextData: inactive, contextName=7
12-08 10:07:52.174 13274 13274 E CarrierIdProvider: read carrier list from ota pb failure: java.io.FileNotFoundException: /data/misc/carrierid/carrier_list.pb (No such file or directory)
12-08 10:07:52.218  1626  1626 E android.hardware.wifi@1.0-service: Failed to register radio mode change callback
12-08 10:07:52.228  1626  1626 E android.hardware.wifi@1.0-service: Failed to set DFS flag; DFS channels may be unavailable.
12-08 10:07:52.290  1739  1739 E wificond: No Offload Service available
12-08 10:07:55.007  1881  1966 E WifiP2pService: Unhandled message { when=-1ms what=131203 target=com.android.internal.util.StateMachine$SmHandler }
12-08 10:07:55.046  1881  1966 E WifiP2pService: Unhandled message { when=0 what=131203 target=com.android.internal.util.StateMachine$SmHandler }
12-08 10:07:55.086  1881  1899 E BatteryExternalStatsWorker: no controller energy info supplied for wifi
12-08 10:07:55.190  2448  2448 E BeaconBle: Missing BluetoothAdapter
12-08 10:07:55.289  2448  2448 E BeaconBle: Scan couldn't start for Places
12-08 10:07:55.144  1881  1899 E BatteryExternalStatsWorker: no controller energy info supplied for wifi
12-08 10:08:00.792 13274 13274 E BluetoothAdapter: Bluetooth binder is null
12-08 10:08:03.002 13320 13320 E d.process.acor: Not starting debugger since process cannot load the jdwp agent.
12-08 10:08:06.207  2494  2716 E PlayCommon: [101] com.google.android.play.b.g.a(448): Failed to connect to server: java.net.UnknownHostException: Unable to resolve host "play.googleapis.com": No address associated with hostname
12-08 10:08:11.412 13274 13274 E PhoneInterfaceManager: [PhoneIntfMgr] getIccId: No UICC
12-08 10:08:11.744 13274 13274 E PhoneInterfaceManager: [PhoneIntfMgr] getIccId: No UICC
12-08 10:08:16.943 13274 13274 E PhoneInterfaceManager: [PhoneIntfMgr] getIccId: No UICC
12-08 10:08:16.978 13274 13274 E PhoneInterfaceManager: [PhoneIntfMgr] getIccId: No UICC
12-08 10:08:17.018 13274 13274 E PhoneInterfaceManager: [PhoneIntfMgr] getIccId: No UICC
12-08 10:08:19.455 13274 13274 E PhoneInterfaceManager: [PhoneIntfMgr] getIccId: No UICC
12-08 10:08:19.534 13354 13354 E ndroid.setting: Not starting debugger since process cannot load the jdwp agent.
12-08 10:08:22.003  1828  1828 E netmgr  : Failed to open QEMU pipe 'qemud:network': Invalid argument
12-08 10:08:22.003  1828  1828 E netmgr  : WifiForwarder unable to open QEMU pipe: Invalid argument
12-08 10:08:22.275 13274 13274 E PhoneInterfaceManager: [PhoneIntfMgr] getIccId: No UICC
12-08 10:08:22.326 13274 13274 E PhoneInterfaceManager: [PhoneIntfMgr] getIccId: No UICC
12-08 10:08:24.808  2004  2004 E StatusBarSignalPolicy: Unexpected subscription 1
12-08 10:08:35.232  1738  1772 E storaged: getDiskStats failed with result NOT_SUPPORTED and size 0
12-08 10:08:35.252 13386 13386 E .android.diale: Not starting debugger since process cannot load the jdwp agent.
12-08 10:08:35.267  1739  1739 E wificond: NL80211_CMD_TRIGGER_SCAN failed: Device or resource busy
12-08 10:08:35.434 13400 13400 E oadcastreceive: Not starting debugger since process cannot load the jdwp agent.
12-08 10:08:40.709 13421 13421 E .apps.messagin: Not starting debugger since process cannot load the jdwp agent.
12-08 10:08:43.662 13386 13386 E .android.diale: The String#value field is not present on Android versions >= 6.0
12-08 10:08:46.314 13386 13445 E PhenotypeFlagCommitter: Retrieving snapshot for com.google.android.dialer failed
12-08 10:08:46.314 13386 13445 E PhenotypeFlagCommitter: java.util.concurrent.TimeoutException: Timed out waiting for Task
12-08 10:08:46.314 13386 13445 E PhenotypeFlagCommitter: 	at fas.a(Unknown Source:77)
12-08 10:08:46.314 13386 13445 E PhenotypeFlagCommitter: 	at fpa.a(Unknown Source:3)
12-08 10:08:46.314 13386 13445 E PhenotypeFlagCommitter: 	at edu.a(PG:7)
12-08 10:08:46.314 13386 13445 E PhenotypeFlagCommitter: 	at bcc.c(PG:14)
12-08 10:08:46.314 13386 13445 E PhenotypeFlagCommitter: 	at bcd.run(Unknown Source:2)
12-08 10:08:46.314 13386 13445 E PhenotypeFlagCommitter: 	at java.util.concurrent.Executors$RunnableAdapter.call(Executors.java:458)
12-08 10:08:46.314 13386 13445 E PhenotypeFlagCommitter: 	at java.util.concurrent.FutureTask.run(FutureTask.java:266)
12-08 10:08:46.314 13386 13445 E PhenotypeFlagCommitter: 	at java.util.concurrent.ScheduledThreadPoolExecutor$ScheduledFutureTask.run(ScheduledThreadPoolExecutor.java:301)
12-08 10:08:46.314 13386 13445 E PhenotypeFlagCommitter: 	at java.util.concurrent.ThreadPoolExecutor.runWorker(ThreadPoolExecutor.java:1167)
12-08 10:08:46.314 13386 13445 E PhenotypeFlagCommitter: 	at java.util.concurrent.ThreadPoolExecutor$Worker.run(ThreadPoolExecutor.java:641)
12-08 10:08:46.314 13386 13445 E PhenotypeFlagCommitter: 	at java.lang.Thread.run(Thread.java:764)
12-08 10:08:46.346  1881  1895 E ActivityManager: ANR in com.google.android.dialer
12-08 10:08:46.346  1881  1895 E ActivityManager: PID: 13386
12-08 10:08:46.346  1881  1895 E ActivityManager: Reason: Broadcast of Intent { act=android.telephony.action.SHOW_VOICEMAIL_NOTIFICATION flg=0x10000010 pkg=com.google.android.dialer cmp=com.google.android.dialer/com.android.dialer.app.voicemail.LegacyVoicemailNotificationReceiver (has extras) }
12-08 10:08:46.346  1881  1895 E ActivityManager: Load: 0.0 / 0.0 / 0.0
12-08 10:08:46.346  1881  1895 E ActivityManager: CPU usage from 59326ms to -2ms ago (2018-12-08 10:07:44.163 to 2018-12-08 10:08:43.491):
12-08 10:08:46.346  1881  1895 E ActivityManager:   46% 1881/system_server: 23% user + 23% kernel / faults: 8099 minor 186 major
12-08 10:08:46.346  1881  1895 E ActivityManager:   31% 13274/com.android.phone: 12% user + 18% kernel / faults: 5938 minor 355 major
12-08 10:08:46.346  1881  1895 E ActivityManager:   23% 29746/com.google.android.apps.nexuslauncher: 13% user + 9.8% kernel / faults: 3516 minor 55 major
12-08 10:08:46.346  1881  1895 E ActivityManager:   15% 2692/com.google.android.googlequicksearchbox:search: 7.6% user + 8.2% kernel / faults: 1833 minor 171 major
12-08 10:08:46.346  1881  1895 E ActivityManager:   15% 1725/surfaceflinger: 6.2% user + 8.7% kernel / faults: 49 minor
12-08 10:08:46.346  1881  1895 E ActivityManager:   11% 645/kswapd0: 0% user + 11% kernel
12-08 10:08:46.346  1881  1895 E ActivityManager:   13% 2314/adbd: 0.6% user + 12% kernel / faults: 114879 minor
12-08 10:08:46.346  1881  1895 E ActivityManager:   13% 2448/com.google.android.gms.persistent: 7.4% user + 6% kernel / faults: 1086 minor 28 major
12-08 10:08:46.346  1881  1895 E ActivityManager:   11% 2475/com.google.android.gms: 5.6% user + 5.7% kernel / faults: 394 minor 114 major
12-08 10:08:46.346  1881  1895 E ActivityManager:   9.4% 2004/com.android.systemui: 5.1% user + 4.2% kernel / faults: 944 minor 72 major
12-08 10:08:46.346  1881  1895 E ActivityManager:   8.4% 1625/android.hardware.sensors@1.0-service: 0.5% user + 7.8% kernel
12-08 10:08:46.346  1881  1895 E ActivityManager:   4.3% 1629/audioserver: 2% user + 2.3% kernel / faults: 100 minor 1 major
12-08 10:08:46.346  1881  1895 E ActivityManager:   3.5% 1554/servicemanager: 0.3% user + 3.1% kernel / faults: 1 minor
12-08 10:08:46.346  1881  1895 E ActivityManager:   4.4% 13080/kworker/u8:1: 0% user + 4.4% kernel
12-08 10:08:46.346  1881  1895 E ActivityManager:   0.3% 5793/com.google.android.calendar: 0.1% user + 0.2% kernel / faults: 580 minor 49 major
12-08 10:08:46.346  1881  1895 E ActivityManager:   4.2% 2508/kworker/u9:3: 0% user + 4.2% kernel
12-08 10:08:46.346  1881  1895 E ActivityManager:   4.2% 1747/android.hardware.graphics.composer@2.1-service: 0.3% user + 3.9% kernel / faults: 33 minor
12-08 10:08:46.346  1881  1895 E ActivityManager:   4.1% 13149/com.android.commands.monkey: 1.8% user + 2.2% kernel / faults: 37 minor
12-08 10:08:46.346  1881  1895 E ActivityManager:   3.7% 1621/android.hardware.graphics.allocator@2.0-service: 0.5% user + 3.2% kernel / faults: 16 minor
12-08 10:08:46.346  1881  1895 E ActivityManager:   3.9% 1553/logd: 0.6% user + 3.3% kernel / faults: 13 minor
12-08 10:08:46.346  1881  1895 E ActivityManager:   3.4% 1//init: 0.3% user + 3.1% kernel / faults: 29 minor 4 major
12-08 10:08:46.346  1881  1895 E ActivityManager:   1.1% 1611/android.hardware.audio@2.0-service: 1.1% user + 0% kernel / faults: 13 minor
12-08 10:08:46.346  1881  1895 E ActivityManager:   0.6% 1992/com.google.android.inputmethod.latin: 0.2% user + 0.4% kernel / faults: 3327 minor 16 major
12-08 10:08:46.346  1881  1895 E ActivityManager:   0.6% 9451/kworker/u9:0: 0% user + 0.6% kernel
12-08 10:08:46.346  1881  1895 E ActivityManager:   0.4% 5249/kworker/u9:2: 0% user + 0.4% kernel
12-08 10:08:46.346  1881  1895 E ActivityManager:   0.3% 11110/kworker/u8:0: 0% user + 0.3% kernel
12-08 10:08:46.346  1881  1895 E ActivityManager:   0.3% 12441/kworker/u8:4: 0% user + 0.3% kernel
12-08 10:08:46.346  1881  1895 E ActivityManager:   0.1% 2494/com.android.vending: 0% user + 0.1% kernel / faults: 309 minor 59 major
12-08 10:08:46.346  1881  1895 E ActivityManager:   0.2% 12890/kworker/u8:3: 0% user + 0.2% kernel
12-08 10:08:46.346  1881  1895 E ActivityManager:   0.1% 1741/rild: 0.1% user + 0% kernel / faults: 18 minor 16 major
12-08 10:08:46.346  1881  1895 E ActivityManager:   0.1% 1704/kworker/u9:4: 0% user + 0.1% kernel
12-08 10:08:46.346  1881  1895 E ActivityManager:   0% 5536/kworker/u9:1: 0% user + 0% kernel
12-08 10:08:46.346  1881  1895 E ActivityManager:   0% 5862/com.google.android.deskclock: 0% user + 0% kernel / faults: 390 minor 31 major
12-08 10:08:46.346  1881  1895 E ActivityManager:   0.1% 1726/zygote: 0% user + 0.1% kernel / faults: 665 minor
12-08 10:08:46.346  1881  1895 E ActivityManager:   0.1% 2330/logcat: 0% user + 0.1% kernel / faults: 1 minor
12-08 10:08:46.346  1881  1895 E ActivityManager:   0% 12142/com.google.process.gservices: 0% user + 0% kernel / faults: 200 minor 6 major
12-08 10:08:46.346  1881  1895 E ActivityManager:   0% 1739/wificond: 0% user + 0% kernel / faults: 11 minor 8 major
12-08 10:08:46.346  1881  1895 E ActivityManager:   0% 8745/com.android.providers.calendar: 0% user + 0% kernel / faults: 196 minor 6 major
12-08 10:08:46.346  1881  1895 E ActivityManager:   0% 13090/kworker/0:1: 0% user + 0% kernel
12-08 10:08:46.346  1881  1895 E ActivityManager:   0% 30638/com.google.android.apps.photos: 0% user + 0% kernel / faults: 58 minor 46 major
12-08 10:08:46.346  1881  1895 E ActivityManager:   0% 3/ksoftirqd/0: 0% user + 0% kernel
12-08 10:08:46.346  1881  1895 E ActivityManager:   0% 1620/android.hardware.gnss@1.0-service: 0% user + 0% kernel
12-08 10:08:46.346  1881  1895 E ActivityManager:   0% 1672/dmcrypt_write: 0% user + 0% kernel
12-08 10:08:46.346  1881  1895 E ActivityManager:   0% 1718/jbd2/dm-1-8: 0% user + 0% kernel
12-08 10:08:46.346  1881  1895 E ActivityManager:   0% 2321/mdnsd: 0% user + 0% kernel / faults: 1 minor 1 major
12-08 10:08:46.346  1881  1895 E ActivityManager:   0% 2340/com.google.android.setupwizard: 0% user + 0% kernel / faults: 76 minor 15 major
12-08 10:08:46.346  1881  1895 E ActivityManager:   0% 1737/statsd: 0% user + 0% kernel
12-08 10:08:46.346  1881  1895 E ActivityManager:   0% 12656/kworker/u8:2: 0% user + 0% kernel
12-08 10:08:46.346  1881  1895 E ActivityManager:   0% 29435/com.google.android.partnersetup: 0% user + 0% kernel / faults: 132 minor 18 major
12-08 10:08:46.346  1881  1895 E ActivityManager:   0% 7/rcu_preempt: 0% user + 0% kernel
12-08 10:08:46.346  1881  1895 E ActivityManager:   0% 12/ksoftirqd/1: 0% user + 0% kernel
12-08 10:08:46.346  1881  1895 E ActivityManager:   0% 816/hwrng: 0% user + 0% kernel
12-08 10:08:46.346  1881  1895 E ActivityManager:   0% 1555/hwservicemanager: 0% user + 0% kernel / faults: 86 minor 3 major
12-08 10:08:46.346  1881  1895 E ActivityManager:   0% 
12-08 10:08:48.899  1881  1894 E GnssLocationProvider: no AGPS interface in set_agps_server
12-08 10:08:54.219  1881  4163 E memtrack: Couldn't load memtrack module
12-08 10:08:54.331  1881  4163 E memtrack: Couldn't load memtrack module
12-08 10:08:56.475  1881  1894 E memtrack: Couldn't load memtrack module
12-08 10:08:56.517  1881  4163 E memtrack: Couldn't load memtrack module
12-08 10:08:56.607  1881  4163 E memtrack: Couldn't load memtrack module
12-08 10:08:56.680  1881  4163 E memtrack: Couldn't load memtrack module
12-08 10:08:56.777  1881  4163 E memtrack: Couldn't load memtrack module
12-08 10:08:59.069  1881  1965 E WificondScannerImpl: Timed out waiting for scan result from wificond
12-08 10:08:59.124  1739  1739 E wificond: NL80211_CMD_TRIGGER_SCAN failed: Device or resource busy
12-08 10:08:59.132  1881  1965 E WificondScannerImpl: Failed to start scan, freqs=null
12-08 10:08:59.179  1881  4163 E memtrack: Couldn't load memtrack module
12-08 10:08:59.282  1881  4163 E memtrack: Couldn't load memtrack module
12-08 10:08:59.371  1881  4163 E memtrack: Couldn't load memtrack module
12-08 10:08:59.443  1881  4163 E memtrack: Couldn't load memtrack module
12-08 10:09:01.558  1881  1894 E memtrack: Couldn't load memtrack module
12-08 10:09:01.795  2494  5331 E Finsky  : [175] com.google.android.finsky.setup.am.a(77): Error prefetching preloads, using account=null, preloads=NULL, preloadGroups=NULL
12-08 10:09:01.795  2494  5331 E Finsky  : com.google.android.finsky.setup.fetchers.RawDocumentsFetchException[reason=pai_config, account=null]
12-08 10:09:01.795  2494  5331 E Finsky  : 	at com.google.android.finsky.setup.am.a(SourceFile:50)
12-08 10:09:01.795  2494  5331 E Finsky  : 	at com.google.android.finsky.setup.ao.call(Unknown Source:4)
12-08 10:09:01.795  2494  5331 E Finsky  : 	at java.util.concurrent.FutureTask.run(FutureTask.java:266)
12-08 10:09:01.795  2494  5331 E Finsky  : 	at java.util.concurrent.ThreadPoolExecutor.runWorker(ThreadPoolExecutor.java:1167)
12-08 10:09:01.795  2494  5331 E Finsky  : 	at java.util.concurrent.ThreadPoolExecutor$Worker.run(ThreadPoolExecutor.java:641)
12-08 10:09:01.795  2494  5331 E Finsky  : 	at java.lang.Thread.run(Thread.java:764)
12-08 10:09:04.347  1881  4163 E memtrack: Couldn't load memtrack module
12-08 10:09:07.008  1881  4163 E memtrack: Couldn't load memtrack module
12-08 10:09:07.151  1881  4163 E memtrack: Couldn't load memtrack module
12-08 10:09:07.239 13421 13421 E Bugle   : com.google.android.apps.messaging.shared.util.common.AsyncTimeoutReporter$SilentTimeoutError: FixupMessageStatusOnStartupAction.executeAction did not complete in 1000ms
12-08 10:09:09.725  1881  4163 E memtrack: Couldn't load memtrack module
12-08 10:09:09.835  1881  4163 E memtrack: Couldn't load memtrack module
12-08 10:09:09.887 13511 13511 E s.messaging:rc: Not starting debugger since process cannot load the jdwp agent.
12-08 10:09:09.952  1881  4163 E memtrack: Couldn't load memtrack module
12-08 10:09:12.060 13421 13421 E Bugle   : com.google.android.apps.messaging.shared.util.common.AsyncTimeoutReporter$SilentTimeoutError: CommitPhenotypeAction.executeAction did not complete in 1000ms
12-08 10:09:12.155  1881  4163 E memtrack: Couldn't load memtrack module
12-08 10:09:12.176 13421 13486 E PhenotypeFlagCommitter: Retrieving snapshot for com.google.android.apps.messaging failed
12-08 10:09:12.176 13421 13486 E PhenotypeFlagCommitter: java.util.concurrent.TimeoutException: Timed out waiting for Task
12-08 10:09:12.176 13421 13486 E PhenotypeFlagCommitter: 	at kko.a(SourceFile:21)
12-08 10:09:12.176 13421 13486 E PhenotypeFlagCommitter: 	at kgm.a(SourceFile:9)
12-08 10:09:12.176 13421 13486 E PhenotypeFlagCommitter: 	at com.google.android.apps.messaging.shared.datamodel.action.CommitPhenotypeAction.executeAction(SourceFile:11)
12-08 10:09:12.176 13421 13486 E PhenotypeFlagCommitter: 	at ddp.a(SourceFile:9)
12-08 10:09:12.176 13421 13486 E PhenotypeFlagCommitter: 	at dcx.run(SourceFile:8)
12-08 10:09:12.176 13421 13486 E PhenotypeFlagCommitter: 	at java.util.concurrent.ThreadPoolExecutor.runWorker(ThreadPoolExecutor.java:1167)
12-08 10:09:12.176 13421 13486 E PhenotypeFlagCommitter: 	at java.util.concurrent.ThreadPoolExecutor$Worker.run(ThreadPoolExecutor.java:641)
12-08 10:09:12.176 13421 13486 E PhenotypeFlagCommitter: 	at java.lang.Thread.run(Thread.java:764)
12-08 10:09:12.242  1881  4163 E memtrack: Couldn't load memtrack module
12-08 10:09:12.391  1881  4163 E memtrack: Couldn't load memtrack module
