--------- beginning of system
--------- beginning of main
12-07 20:04:48.674 23671 23671 E oid.documentsu: Not starting debugger since process cannot load the jdwp agent.
12-07 20:04:48.704 23678 23678 E ndroid.keychai: Not starting debugger since process cannot load the jdwp agent.
12-07 20:04:49.428 23727 23727 E droid.apps.doc: Not starting debugger since process cannot load the jdwp agent.
12-07 20:04:50.292 23754 23754 E ocess.gservice: Not starting debugger since process cannot load the jdwp agent.
12-07 20:04:51.274 23727 23727 E DocsApplication: [main] No default account found during application creation.
12-07 20:04:52.033  1729  1931 E         : Couldn't opendir /data/app/vmdl722662165.tmp: No such file or directory
12-07 20:04:52.033  1729  1931 E installd: Failed to delete /data/app/vmdl722662165.tmp: No such file or directory
12-07 20:04:54.846 23811 23811 E harlton.mileag: Not starting debugger since process cannot load the jdwp agent.
12-07 20:04:56.229 16085 24146 E putmethod.lati: Invalid ID 0x00000001.
12-07 20:04:56.238 16085 24146 E LstmTrainingCache: emn: Can't get resource name for input slot
12-07 20:04:56.238 16085 24146 E LstmTrainingCache: android.content.res.Resources$NotFoundException: Unable to find resource ID #0x1
12-07 20:04:56.238 16085 24146 E LstmTrainingCache: 	at android.content.res.ResourcesImpl.getResourceName(ResourcesImpl.java:255)
12-07 20:04:56.238 16085 24146 E LstmTrainingCache: 	at android.content.res.Resources.getResourceName(Resources.java:1954)
12-07 20:04:56.238 16085 24146 E LstmTrainingCache: 	at emn.a(PG:12)
12-07 20:04:56.238 16085 24146 E LstmTrainingCache: 	at emk.run(PG:5)
12-07 20:04:56.238 16085 24146 E LstmTrainingCache: 	at java.lang.Thread.run(Thread.java:764)
12-07 20:04:58.525 23811 23811 E SpannableStringBuilder: SPAN_EXCLUSIVE_EXCLUSIVE spans cannot have a zero length
12-07 20:04:58.525 23811 23811 E SpannableStringBuilder: SPAN_EXCLUSIVE_EXCLUSIVE spans cannot have a zero length
12-07 20:05:04.371 23848 23848 E emui:screensho: Not starting debugger since process cannot load the jdwp agent.
12-07 20:05:04.805 23848 23848 E SoundPool: error loading /product/media/audio/ui/camera_click.ogg
12-07 20:05:04.990  1724  1876 E SurfaceFlinger: ro.sf.lcd_density must be defined as a build property
12-07 20:05:05.079  1739  2068 E OMXNodeInstance: getConfig(0xedf11420:google.vorbis.decoder, ConfigAndroidVendorExtension(0x6f100004)) ERROR: Undefined(0x80001001)
12-07 20:05:05.117  1724  1876 E SurfaceFlinger: ro.sf.lcd_density must be defined as a build property
12-07 20:05:07.811 15927 23880 E audio_hw_generic: pcm_open(in) failed: cannot open device '/dev/snd/pcmC0D0c': Device or resource busy: channels 2 format 0 rate 16000
12-07 20:05:08.305  1829  1829 E netmgr  : Failed to open QEMU pipe 'qemud:network': Invalid argument
12-07 20:05:08.305  1829  1829 E netmgr  : WifiForwarder unable to open QEMU pipe: Invalid argument
12-07 20:05:08.607 16506 16506 E BeaconBle: Missing BluetoothAdapter
12-07 20:05:08.645 16506 16506 E BeaconBle: Scan couldn't start for Places
12-07 20:05:17.764 23895 23895 E oid.apps.photo: Not starting debugger since process cannot load the jdwp agent.
12-07 20:05:28.391 16561 16561 E ContextIntentStarter: No activity found for any of the 0 intents
12-07 20:05:30.611  1737  1809 E storaged: getDiskStats failed with result NOT_SUPPORTED and size 0
12-07 20:05:36.029 16506 23887 E ctxmgr  : [AppIntervalImpl]closeInterval: stopTimeMillis invalid, stop=1544231136029, start=1544238227857
12-07 20:05:36.036 16506 23887 E ctxmgr  : [AppIntervalImpl]closeInterval: stopTimeMillis invalid, stop=1544231136036, start=1544238227858
12-07 20:05:37.200 15927 23958 E audio_hw_generic: pcm_open(in) failed: cannot open device '/dev/snd/pcmC0D0c': Device or resource busy: channels 2 format 0 rate 16000
12-07 20:05:37.868 23961 23961 E boxed_process2: Not starting debugger since process cannot load the jdwp agent.
12-07 20:06:08.307  1829  1829 E netmgr  : Failed to open QEMU pipe 'qemud:network': Invalid argument
12-07 20:06:08.307  1829  1829 E netmgr  : WifiForwarder unable to open QEMU pipe: Invalid argument
12-07 20:06:19.303 16506 22783 E WakeLock: GCM_HB_ALARM release without a matched acquire!
12-07 20:06:19.689 24003 24003 E id.gms.learnin: Not starting debugger since process cannot load the jdwp agent.
12-07 20:06:22.948 16506 23887 E NetworkScheduler.ATC: Called cancelTask for already completed task com.google.android.gms/.learning.training.background.TrainingGcmTaskService{u=0 tag="com.google.android.gms.learning.BACKGROUND_TRAINING_TASK" trigger=window{period=900s,flex=600s,earliest=-12s,latest=587s} requirements=[NET_ANY,CHARGING,DEVICE_IDLE] attributes=[PERSISTED,RECURRING] scheduled=-312s last_run=-3s jid=N/A status=ACTIVE retries=0 client_lib=MANCHEGO_GCM-14799000} :RESCHEDULED
12-07 20:06:30.634  1737  1809 E storaged: getDiskStats failed with result NOT_SUPPORTED and size 0
12-07 20:07:08.312  1829  1829 E netmgr  : Failed to open QEMU pipe 'qemud:network': Invalid argument
12-07 20:07:08.312  1829  1829 E netmgr  : WifiForwarder unable to open QEMU pipe: Invalid argument
12-07 20:07:30.652  1737  1809 E storaged: getDiskStats failed with result NOT_SUPPORTED and size 0
12-07 20:08:08.320  1829  1829 E netmgr  : Failed to open QEMU pipe 'qemud:network': Invalid argument
12-07 20:08:08.320  1829  1829 E netmgr  : WifiForwarder unable to open QEMU pipe: Invalid argument
12-07 20:08:30.657  1737  1809 E storaged: getDiskStats failed with result NOT_SUPPORTED and size 0
