--------- beginning of main
--------- beginning of system
12-08 06:51:50.825  2448  1222 E ctxmgr  : [ProducerStatusImpl]updateStateForNewContextData: inactive, contextName=7
12-08 06:51:52.844  2448  2448 E BeaconBle: Missing BluetoothAdapter
12-08 06:51:52.895  2448  2448 E BeaconBle: Scan couldn't start for Places
12-08 06:51:57.495  1730  1944 E         : Couldn't opendir /data/app/vmdl210505813.tmp: No such file or directory
12-08 06:51:57.495  1730  1944 E installd: Failed to delete /data/app/vmdl210505813.tmp: No such file or directory
12-08 06:52:01.961  2475  1466 E ChromeSync: [Sync,SyncIntentOperation] Error handling the intent: Intent { act=android.intent.action.PACKAGE_ADDED dat=package:com.evancharlton.mileage flg=0x4000010 cmp=com.google.android.gms/.chimera.GmsIntentOperationService (has extras) }.
12-08 06:52:06.149  1487  1487 E harlton.mileag: Not starting debugger since process cannot load the jdwp agent.
12-08 06:52:24.263  2494  2716 E PlayCommon: [101] com.google.android.play.b.g.a(448): Failed to connect to server: java.net.UnknownHostException: Unable to resolve host "play.googleapis.com": No address associated with hostname
12-08 06:52:26.584  1828  1828 E netmgr  : Failed to open QEMU pipe 'qemud:network': Invalid argument
12-08 06:52:26.585  1828  1828 E netmgr  : WifiForwarder unable to open QEMU pipe: Invalid argument
12-08 06:52:35.719  1738  1772 E storaged: getDiskStats failed with result NOT_SUPPORTED and size 0
12-08 06:53:14.006  1611  1695 E audio_hw_generic: pcm_write failed cannot write stream data: I/O error
12-08 06:53:27.683  1828  1828 E netmgr  : Failed to open QEMU pipe 'qemud:network': Invalid argument
12-08 06:53:27.688  1828  1828 E netmgr  : WifiForwarder unable to open QEMU pipe: Invalid argument
12-08 06:53:36.875  1738  1772 E storaged: getDiskStats failed with result NOT_SUPPORTED and size 0
12-08 06:53:37.225  2448  1508 E ctxmgr  : [ProducerStatusImpl]updateStateForNewContextData: inactive, contextName=7
12-08 06:53:37.312  2448  1508 E ctxmgr  : [ProducerStatusImpl]updateStateForNewContextData: inactive, contextName=1
12-08 06:53:39.648  2448  2448 E BeaconBle: Missing BluetoothAdapter
12-08 06:53:39.742  2448  2448 E BeaconBle: Scan couldn't start for Places
12-08 06:53:53.086  2692  2692 E ContextIntentStarter: No activity found for any of the 0 intents
12-08 06:54:00.098  2448  1508 E ctxmgr  : [ProducerStatusImpl]updateStateForNewContextData: inactive, contextName=7
12-08 06:54:07.355  1579  1579 E id.gms.learnin: Not starting debugger since process cannot load the jdwp agent.
12-08 06:54:07.364  2448  2448 E BeaconBle: Missing BluetoothAdapter
12-08 06:54:07.524  2448  2448 E BeaconBle: Scan couldn't start for Places
12-08 06:54:09.558  1602  1602 E boxed_process1: Not starting debugger since process cannot load the jdwp agent.
12-08 06:54:09.609  1640  1640 E ocess.gservice: Not starting debugger since process cannot load the jdwp agent.
12-08 06:54:11.811  2692  2692 E SpannableStringBuilder: SPAN_EXCLUSIVE_EXCLUSIVE spans cannot have a zero length
12-08 06:54:11.811  2692  2692 E SpannableStringBuilder: SPAN_EXCLUSIVE_EXCLUSIVE spans cannot have a zero length
12-08 06:54:27.939  1828  1828 E netmgr  : Failed to open QEMU pipe 'qemud:network': Invalid argument
12-08 06:54:27.940  1828  1828 E netmgr  : WifiForwarder unable to open QEMU pipe: Invalid argument
12-08 06:54:28.067  2448  1548 E NetworkScheduler.ATC: Called cancelTask for already completed task com.google.android.gms/.learning.training.background.TrainingGcmTaskService{u=0 tag="com.google.android.gms.learning.BACKGROUND_TRAINING_TASK" trigger=window{period=900s,flex=600s,earliest=-632s,latest=-32s} requirements=[NET_ANY,CHARGING,DEVICE_IDLE] attributes=[PERSISTED,RECURRING] scheduled=-932s last_run=-28s jid=N/A status=ACTIVE retries=0 client_lib=MANCHEGO_GCM-14799000} :RESCHEDULED
12-08 06:54:37.297  1738  1772 E storaged: getDiskStats failed with result NOT_SUPPORTED and size 0
12-08 06:54:37.410  1881  1894 E memtrack: Couldn't load memtrack module
12-08 06:54:41.878  1881  1898 E libprocessgroup: Error encountered killing process cgroup uid 99055 pid 1602: No such file or directory
12-08 06:54:48.747  1881  1894 E memtrack: Couldn't load memtrack module
12-08 06:54:51.028  1881  1894 E memtrack: Couldn't load memtrack module
12-08 06:54:55.647  1487  1487 E SpannableStringBuilder: SPAN_EXCLUSIVE_EXCLUSIVE spans cannot have a zero length
12-08 06:54:55.647  1487  1487 E SpannableStringBuilder: SPAN_EXCLUSIVE_EXCLUSIVE spans cannot have a zero length
