--------- beginning of system
12-07 10:23:55.446  1735  1809 E storaged: getDiskStats failed with result NOT_SUPPORTED and size 0
12-07 10:24:56.650  1735  1809 E storaged: getDiskStats failed with result NOT_SUPPORTED and size 0
12-07 10:25:56.673  1735  1809 E storaged: getDiskStats failed with result NOT_SUPPORTED and size 0
12-07 10:26:57.374  1735  1809 E storaged: getDiskStats failed with result NOT_SUPPORTED and size 0
12-07 10:27:57.455  1735  1809 E storaged: getDiskStats failed with result NOT_SUPPORTED and size 0
12-07 10:28:59.071  1735  1809 E storaged: getDiskStats failed with result NOT_SUPPORTED and size 0
12-07 10:29:59.089  1735  1809 E storaged: getDiskStats failed with result NOT_SUPPORTED and size 0
12-07 10:31:00.322  1735  1809 E storaged: getDiskStats failed with result NOT_SUPPORTED and size 0
12-07 10:32:01.718  1735  1809 E storaged: getDiskStats failed with result NOT_SUPPORTED and size 0
12-07 10:33:02.880  1735  1809 E storaged: getDiskStats failed with result NOT_SUPPORTED and size 0
12-07 10:34:03.392  1735  1809 E storaged: getDiskStats failed with result NOT_SUPPORTED and size 0
12-07 10:35:04.497  1735  1809 E storaged: getDiskStats failed with result NOT_SUPPORTED and size 0
12-07 10:36:06.266  1735  1809 E storaged: getDiskStats failed with result NOT_SUPPORTED and size 0
12-07 10:37:06.624  1735  1809 E storaged: getDiskStats failed with result NOT_SUPPORTED and size 0
12-07 10:38:07.967  1735  1809 E storaged: getDiskStats failed with result NOT_SUPPORTED and size 0
12-07 10:38:54.749  1625  1625 E android.hardware.wifi@1.0-service: Failed to register radio mode change callback
12-07 10:38:54.753  1625  1625 E android.hardware.wifi@1.0-service: Failed to set DFS flag; DFS channels may be unavailable.
12-07 10:38:54.864  1736  1736 E wificond: No Offload Service available
12-07 10:39:09.018  1735  1809 E storaged: getDiskStats failed with result NOT_SUPPORTED and size 0
12-07 10:40:11.005  1735  1809 E storaged: getDiskStats failed with result NOT_SUPPORTED and size 0
12-07 10:41:13.033  1735  1809 E storaged: getDiskStats failed with result NOT_SUPPORTED and size 0
12-07 10:42:13.891  1735  1809 E storaged: getDiskStats failed with result NOT_SUPPORTED and size 0
12-07 10:43:14.088  1735  1809 E storaged: getDiskStats failed with result NOT_SUPPORTED and size 0
12-07 10:44:14.658  1735  1809 E storaged: getDiskStats failed with result NOT_SUPPORTED and size 0
12-07 10:45:15.124  1735  1809 E storaged: getDiskStats failed with result NOT_SUPPORTED and size 0
12-07 10:46:17.089  1735  1809 E storaged: getDiskStats failed with result NOT_SUPPORTED and size 0
12-07 10:46:31.177  1880  1900 E BatteryExternalStatsWorker: no controller energy info supplied for wifi
12-07 10:47:17.574  1735  1809 E storaged: getDiskStats failed with result NOT_SUPPORTED and size 0
12-07 10:48:17.723  1735  1809 E storaged: getDiskStats failed with result NOT_SUPPORTED and size 0
--------- beginning of main
12-07 10:48:27.175  1880  1897 E AutofillSession: No assist structure - app might have crashed providing it
12-07 10:48:27.324  1992  9017 E putmethod.lati: Invalid ID 0x00000004.
12-07 10:48:27.337  1992  9017 E LstmTrainingCache: emn: Can't get resource name for input slot
12-07 10:48:27.337  1992  9017 E LstmTrainingCache: android.content.res.Resources$NotFoundException: Unable to find resource ID #0x4
12-07 10:48:27.337  1992  9017 E LstmTrainingCache: 	at android.content.res.ResourcesImpl.getResourceName(ResourcesImpl.java:255)
12-07 10:48:27.337  1992  9017 E LstmTrainingCache: 	at android.content.res.Resources.getResourceName(Resources.java:1954)
12-07 10:48:27.337  1992  9017 E LstmTrainingCache: 	at emn.a(PG:12)
12-07 10:48:27.337  1992  9017 E LstmTrainingCache: 	at emk.run(PG:5)
12-07 10:48:27.337  1992  9017 E LstmTrainingCache: 	at java.lang.Thread.run(Thread.java:764)
12-07 10:48:42.078  2378 23682 E ctxmgr  : [ProducerStatusImpl]updateStateForNewContextData: inactive, contextName=7
12-07 10:48:42.135  2378 23682 E ctxmgr  : [ProducerStatusImpl]updateStateForNewContextData: inactive, contextName=1
12-07 10:48:44.597  2378  2378 E BeaconBle: Missing BluetoothAdapter
12-07 10:48:46.919  2378  2378 E BeaconBle: Scan couldn't start for Places
12-07 10:49:05.654  1829  1829 E netmgr  : Failed to open QEMU pipe 'qemud:network': Invalid argument
12-07 10:49:05.655  1829  1829 E netmgr  : WifiForwarder unable to open QEMU pipe: Invalid argument
12-07 10:49:19.804  1735  1809 E storaged: getDiskStats failed with result NOT_SUPPORTED and size 0
12-07 10:49:38.847 23985 23985 E id.gms.learnin: Not starting debugger since process cannot load the jdwp agent.
12-07 10:49:43.517 24000 24000 E ocess.gservice: Not starting debugger since process cannot load the jdwp agent.
12-07 10:50:00.267 24033 24033 E d.process.medi: Not starting debugger since process cannot load the jdwp agent.
12-07 10:50:03.063 24048 24048 E hod.latin:trai: Not starting debugger since process cannot load the jdwp agent.
12-07 10:50:07.483  1829  1829 E netmgr  : Failed to open QEMU pipe 'qemud:network': Invalid argument
12-07 10:50:07.484  1829  1829 E netmgr  : WifiForwarder unable to open QEMU pipe: Invalid argument
12-07 10:50:19.450 24077 24077 E boxed_process1: Not starting debugger since process cannot load the jdwp agent.
12-07 10:50:21.728  1735  1809 E storaged: getDiskStats failed with result NOT_SUPPORTED and size 0
12-07 10:51:09.340  1829  1829 E netmgr  : Failed to open QEMU pipe 'qemud:network': Invalid argument
12-07 10:51:09.343  1829  1829 E netmgr  : WifiForwarder unable to open QEMU pipe: Invalid argument
12-07 10:51:23.844  1735  1809 E storaged: getDiskStats failed with result NOT_SUPPORTED and size 0
12-07 10:51:23.930  2378 23682 E ctxmgr  : [ProducerStatusImpl]updateStateForNewContextData: inactive, contextName=7
12-07 10:51:24.023  2378 23682 E ctxmgr  : [ProducerStatusImpl]updateStateForNewContextData: inactive, contextName=1
12-07 10:51:24.183  2378  2378 E BeaconBle: Missing BluetoothAdapter
12-07 10:51:24.215  2378  2378 E BeaconBle: Scan couldn't start for Places
12-07 10:52:11.298  1829  1829 E netmgr  : Failed to open QEMU pipe 'qemud:network': Invalid argument
12-07 10:52:11.298  1829  1829 E netmgr  : WifiForwarder unable to open QEMU pipe: Invalid argument
12-07 10:52:18.384  1992  9017 E putmethod.lati: Invalid ID 0x00000004.
12-07 10:52:18.396  1992  9017 E LstmTrainingCache: emn: Can't get resource name for input slot
12-07 10:52:18.396  1992  9017 E LstmTrainingCache: android.content.res.Resources$NotFoundException: Unable to find resource ID #0x4
12-07 10:52:18.396  1992  9017 E LstmTrainingCache: 	at android.content.res.ResourcesImpl.getResourceName(ResourcesImpl.java:255)
12-07 10:52:18.396  1992  9017 E LstmTrainingCache: 	at android.content.res.Resources.getResourceName(Resources.java:1954)
12-07 10:52:18.396  1992  9017 E LstmTrainingCache: 	at emn.a(PG:12)
12-07 10:52:18.396  1992  9017 E LstmTrainingCache: 	at emk.run(PG:5)
12-07 10:52:18.396  1992  9017 E LstmTrainingCache: 	at java.lang.Thread.run(Thread.java:764)
12-07 10:52:20.957 24137 24137 E id.partnersetu: Not starting debugger since process cannot load the jdwp agent.
12-07 10:52:25.653  1610  1692 E audio_hw_generic: pcm_write failed cannot write stream data: I/O error
12-07 10:52:25.672  1735  1809 E storaged: getDiskStats failed with result NOT_SUPPORTED and size 0
12-07 10:52:35.688  1610  1692 E audio_hw_generic: pcm_write failed cannot write stream data: I/O error
12-07 10:52:47.158  1610  1692 E audio_hw_generic: pcm_write failed cannot write stream data: I/O error
12-07 10:52:49.793  2780  2915 E PlayCommon: [145] com.google.android.play.b.g.a(448): Failed to connect to server: java.net.UnknownHostException: Unable to resolve host "play.googleapis.com": No address associated with hostname
12-07 10:52:59.024  1610  1692 E audio_hw_generic: pcm_write failed cannot write stream data: I/O error
12-07 10:53:11.308  1829  1829 E netmgr  : Failed to open QEMU pipe 'qemud:network': Invalid argument
12-07 10:53:11.309  1829  1829 E netmgr  : WifiForwarder unable to open QEMU pipe: Invalid argument
12-07 10:53:13.696  1880  1895 E memtrack: Couldn't load memtrack module
12-07 10:53:13.868  1610  1692 E audio_hw_generic: pcm_write failed cannot write stream data: I/O error
