--------- beginning of system
12-07 00:36:44.994  1735  1809 E storaged: getDiskStats failed with result NOT_SUPPORTED and size 0
12-07 00:36:49.099  1625  1625 E android.hardware.wifi@1.0-service: Failed to open directory: Permission denied
12-07 00:36:49.099  1625  1625 E android.hardware.wifi@1.0-service: Error occurred while deleting old tombstone files
12-07 00:36:49.099  1625  1625 E android.hardware.wifi@1.0-service: Error writing files to flash
12-07 00:36:51.249  2422  2422 E SchedPolicy: set_timerslack_ns write failed: Operation not permitted
12-07 00:36:52.477  2422  2422 E SchedPolicy: set_timerslack_ns write failed: Operation not permitted
--------- beginning of main
12-07 00:37:09.276  2378  9020 E ctxmgr  : [ProducerStatusImpl]updateStateForNewContextData: inactive, contextName=7
12-07 00:37:09.646  2378  2378 E BeaconBle: Missing BluetoothAdapter
12-07 00:37:09.696  2378  2378 E BeaconBle: Scan couldn't start for Places
12-07 00:37:23.035  2378  9043 E ctxmgr  : [ProducerStatusImpl]updateStateForNewContextData: inactive, contextName=7
12-07 00:37:23.363  2378  2378 E BeaconBle: Missing BluetoothAdapter
12-07 00:37:23.442  2378  2378 E BeaconBle: Scan couldn't start for Places
12-07 00:37:30.775  9072  9072 E boxed_process2: Not starting debugger since process cannot load the jdwp agent.
12-07 00:37:33.117  1610  9098 E audio_hw_generic: pcm_open(in) failed: cannot open device '/dev/snd/pcmC0D0c': Device or resource busy: channels 2 format 0 rate 16000
12-07 00:37:39.835  1829  1829 E netmgr  : Failed to open QEMU pipe 'qemud:network': Invalid argument
12-07 00:37:39.837  1829  1829 E netmgr  : WifiForwarder unable to open QEMU pipe: Invalid argument
12-07 00:37:42.336  2378  8214 E ctxmgr  : [ProducerStatusImpl]updateStateForNewContextData: inactive, contextName=7
12-07 00:37:42.585  2378  2378 E BeaconBle: Scan couldn't start for Places
12-07 00:37:45.004  1735  1809 E storaged: getDiskStats failed with result NOT_SUPPORTED and size 0
12-07 00:37:51.014  2482  9014 E SQLiteCastStore: Skip saving CastDeviceInfo: "Nearby device" (__cast_nearby___V_e481aade-6c18-435d-a731-06dd422b8e5d)
12-07 00:38:06.578  2378  8188 E ctxmgr  : [ProducerStatusImpl]updateStateForNewContextData: inactive, contextName=7
12-07 00:38:06.836  2378  2378 E BeaconBle: Missing BluetoothAdapter
12-07 00:38:06.935  2378  2378 E BeaconBle: Scan couldn't start for Places
12-07 00:38:10.923  9151  9151 E boxed_process2: Not starting debugger since process cannot load the jdwp agent.
12-07 00:38:11.216  1610  9167 E audio_hw_generic: pcm_open(in) failed: cannot open device '/dev/snd/pcmC0D0c': Device or resource busy: channels 2 format 0 rate 16000
12-07 00:38:13.847  1610  9181 E audio_hw_generic: pcm_open(in) failed: cannot open device '/dev/snd/pcmC0D0c': Device or resource busy: channels 2 format 0 rate 16000
12-07 00:38:20.069  8891  8891 E SpannableStringBuilder: SPAN_EXCLUSIVE_EXCLUSIVE spans cannot have a zero length
12-07 00:38:20.069  8891  8891 E SpannableStringBuilder: SPAN_EXCLUSIVE_EXCLUSIVE spans cannot have a zero length
12-07 00:38:21.132  1992  1992 E native  : clearcut-logger.cc:191 USER_EDIT span#originalSpan is missing
12-07 00:38:25.374  9191  9191 E boxed_process2: Not starting debugger since process cannot load the jdwp agent.
12-07 00:38:27.250  1610  9216 E audio_hw_generic: pcm_open(in) failed: cannot open device '/dev/snd/pcmC0D0c': Device or resource busy: channels 2 format 0 rate 16000
12-07 00:38:27.365  2768  2768 E ClientVe: Failed to create ClientVisualElementsProto for user interaction on view com.google.android.apps.gsa.searchbox.ui.suggestions.views.p{4ea22ce VFE...CL. ...P.... 0,21-207,279 #a3} because the view is not tagged for visual element logging.
12-07 00:38:30.316  1992  1992 E native  : clearcut-logger.cc:191 USER_EDIT span#originalSpan is missing
12-07 00:38:36.511  1992  9017 E putmethod.lati: Invalid ID 0x00000003.
12-07 00:38:36.521  1992  9017 E LstmTrainingCache: emn: Can't get resource name for input slot
12-07 00:38:36.521  1992  9017 E LstmTrainingCache: android.content.res.Resources$NotFoundException: Unable to find resource ID #0x3
12-07 00:38:36.521  1992  9017 E LstmTrainingCache: 	at android.content.res.ResourcesImpl.getResourceName(ResourcesImpl.java:255)
12-07 00:38:36.521  1992  9017 E LstmTrainingCache: 	at android.content.res.Resources.getResourceName(Resources.java:1954)
12-07 00:38:36.521  1992  9017 E LstmTrainingCache: 	at emn.a(PG:12)
12-07 00:38:36.521  1992  9017 E LstmTrainingCache: 	at emk.run(PG:5)
12-07 00:38:36.521  1992  9017 E LstmTrainingCache: 	at java.lang.Thread.run(Thread.java:764)
12-07 00:38:39.839  1829  1829 E netmgr  : Failed to open QEMU pipe 'qemud:network': Invalid argument
12-07 00:38:39.839  1829  1829 E netmgr  : WifiForwarder unable to open QEMU pipe: Invalid argument
12-07 00:38:40.759  1625  1625 E android.hardware.wifi@1.0-service: Failed to register radio mode change callback
12-07 00:38:40.761  1625  1625 E android.hardware.wifi@1.0-service: Failed to set DFS flag; DFS channels may be unavailable.
12-07 00:38:40.884  1736  1736 E wificond: No Offload Service available
12-07 00:38:41.008  1880  1969 E WifiP2pService: Unhandled message { when=0 what=131203 target=com.android.internal.util.StateMachine$SmHandler }
12-07 00:38:41.019  1880  1969 E WifiP2pService: Unhandled message { when=0 what=131203 target=com.android.internal.util.StateMachine$SmHandler }
12-07 00:38:41.040  1880  1900 E BatteryExternalStatsWorker: no controller energy info supplied for wifi
12-07 00:38:41.085  1629  1629 E lowmemorykiller: Error writing /proc/9191/oom_score_adj; errno=22
12-07 00:38:41.057  1880  1900 E BatteryExternalStatsWorker: no controller energy info supplied for wifi
12-07 00:38:42.189  1610  9234 E audio_hw_generic: pcm_open(in) failed: cannot open device '/dev/snd/pcmC0D0c': Device or resource busy: channels 2 format 0 rate 16000
12-07 00:38:42.322  2378  8188 E ctxmgr  : [ProducerStatusImpl]updateStateForNewContextData: inactive, contextName=7
12-07 00:38:42.781  2378  2378 E BeaconBle: Scan couldn't start for Places
12-07 00:38:45.007  1735  1809 E storaged: getDiskStats failed with result NOT_SUPPORTED and size 0
12-07 00:38:45.074  1880  1900 E BatteryExternalStatsWorker: no controller energy info supplied for wifi
12-07 00:38:45.667  1992  9017 E putmethod.lati: Invalid ID 0x00000003.
12-07 00:38:45.668  1992  9017 E LstmTrainingCache: emn: Can't get resource name for input slot
12-07 00:38:45.668  1992  9017 E LstmTrainingCache: android.content.res.Resources$NotFoundException: Unable to find resource ID #0x3
12-07 00:38:45.668  1992  9017 E LstmTrainingCache: 	at android.content.res.ResourcesImpl.getResourceName(ResourcesImpl.java:255)
12-07 00:38:45.668  1992  9017 E LstmTrainingCache: 	at android.content.res.Resources.getResourceName(Resources.java:1954)
12-07 00:38:45.668  1992  9017 E LstmTrainingCache: 	at emn.a(PG:12)
12-07 00:38:45.668  1992  9017 E LstmTrainingCache: 	at emk.run(PG:5)
12-07 00:38:45.668  1992  9017 E LstmTrainingCache: 	at java.lang.Thread.run(Thread.java:764)
12-07 00:38:45.695  2378  9258 E WakeLock: GCM_CONN_ALARM release without a matched acquire!
12-07 00:38:45.841  1992  9017 E putmethod.lati: Invalid ID 0x00000002.
12-07 00:38:45.841  1992  9017 E LstmTrainingCache: emn: Can't get resource name for input slot
12-07 00:38:45.841  1992  9017 E LstmTrainingCache: android.content.res.Resources$NotFoundException: Unable to find resource ID #0x2
12-07 00:38:45.841  1992  9017 E LstmTrainingCache: 	at android.content.res.ResourcesImpl.getResourceName(ResourcesImpl.java:255)
12-07 00:38:45.841  1992  9017 E LstmTrainingCache: 	at android.content.res.Resources.getResourceName(Resources.java:1954)
12-07 00:38:45.841  1992  9017 E LstmTrainingCache: 	at emn.a(PG:12)
12-07 00:38:45.841  1992  9017 E LstmTrainingCache: 	at emk.run(PG:5)
12-07 00:38:45.841  1992  9017 E LstmTrainingCache: 	at java.lang.Thread.run(Thread.java:764)
12-07 00:38:45.922  1733  1824 E Netd    : Error adding route ::/0 -> fe80::ff:fe00:100 wlan0 to table 1003: File exists
12-07 00:38:47.384  1992  9017 E putmethod.lati: Invalid ID 0x00000002.
12-07 00:38:47.385  1992  9017 E LstmTrainingCache: emn: Can't get resource name for input slot
12-07 00:38:47.385  1992  9017 E LstmTrainingCache: android.content.res.Resources$NotFoundException: Unable to find resource ID #0x2
12-07 00:38:47.385  1992  9017 E LstmTrainingCache: 	at android.content.res.ResourcesImpl.getResourceName(ResourcesImpl.java:255)
12-07 00:38:47.385  1992  9017 E LstmTrainingCache: 	at android.content.res.Resources.getResourceName(Resources.java:1954)
12-07 00:38:47.385  1992  9017 E LstmTrainingCache: 	at emn.a(PG:12)
12-07 00:38:47.385  1992  9017 E LstmTrainingCache: 	at emk.run(PG:5)
12-07 00:38:47.385  1992  9017 E LstmTrainingCache: 	at java.lang.Thread.run(Thread.java:764)
12-07 00:38:47.770  1880  4490 E NotificationService: Package enqueue rate is 5.7826953. Shedding 0|com.google.android.googlequicksearchbox|393216|h|10036. package=com.google.android.googlequicksearchbox
