--------- beginning of system
--------- beginning of main
12-08 23:06:54.245  1885  1899 E ActivityManager: Failure starting process com.evancharlton.mileage
12-08 23:06:54.245  1885  1899 E ActivityManager: java.lang.SecurityException: Package com.evancharlton.mileage is currently frozen!
12-08 23:06:54.245  1885  1899 E ActivityManager: 	at com.android.server.pm.PackageManagerService.checkPackageStartable(PackageManagerService.java:4000)
12-08 23:06:54.245  1885  1899 E ActivityManager: 	at com.android.server.am.ActivityManagerService.startProcessLocked(ActivityManagerService.java:4234)
12-08 23:06:54.245  1885  1899 E ActivityManager: 	at com.android.server.am.ActivityManagerService.startProcessLocked(ActivityManagerService.java:4199)
12-08 23:06:54.245  1885  1899 E ActivityManager: 	at com.android.server.am.ActivityManagerService.startProcessLocked(ActivityManagerService.java:4181)
12-08 23:06:54.245  1885  1899 E ActivityManager: 	at com.android.server.am.ActivityManagerService.startProcessLocked(ActivityManagerService.java:4067)
12-08 23:06:54.245  1885  1899 E ActivityManager: 	at com.android.server.am.ActivityStackSupervisor.startSpecificActivityLocked(ActivityStackSupervisor.java:1715)
12-08 23:06:54.245  1885  1899 E ActivityManager: 	at com.android.server.am.ActivityStack.resumeTopActivityInnerLocked(ActivityStack.java:2764)
12-08 23:06:54.245  1885  1899 E ActivityManager: 	at com.android.server.am.ActivityStack.resumeTopActivityUncheckedLocked(ActivityStack.java:2302)
12-08 23:06:54.245  1885  1899 E ActivityManager: 	at com.android.server.am.ActivityStackSupervisor.resumeFocusedStackTopActivityLocked(ActivityStackSupervisor.java:2234)
12-08 23:06:54.245  1885  1899 E ActivityManager: 	at com.android.server.am.ActivityStackSupervisor.resumeFocusedStackTopActivityLocked(ActivityStackSupervisor.java:2218)
12-08 23:06:54.245  1885  1899 E ActivityManager: 	at com.android.server.am.ActivityManagerService.handleAppDiedLocked(ActivityManagerService.java:5923)
12-08 23:06:54.245  1885  1899 E ActivityManager: 	at com.android.server.am.ActivityManagerService.removeProcessLocked(ActivityManagerService.java:7501)
12-08 23:06:54.245  1885  1899 E ActivityManager: 	at com.android.server.am.ActivityManagerService.killPackageProcessesLocked(ActivityManagerService.java:7142)
12-08 23:06:54.245  1885  1899 E ActivityManager: 	at com.android.server.am.ActivityManagerService.forceStopPackageLocked(ActivityManagerService.java:7275)
12-08 23:06:54.245  1885  1899 E ActivityManager: 	at com.android.server.am.ActivityManagerService$MainHandler.handleMessage(ActivityManagerService.java:2289)
12-08 23:06:54.245  1885  1899 E ActivityManager: 	at android.os.Handler.dispatchMessage(Handler.java:106)
12-08 23:06:54.245  1885  1899 E ActivityManager: 	at android.os.Looper.loop(Looper.java:193)
12-08 23:06:54.245  1885  1899 E ActivityManager: 	at android.os.HandlerThread.run(HandlerThread.java:65)
12-08 23:06:54.245  1885  1899 E ActivityManager: 	at com.android.server.ServiceThread.run(ServiceThread.java:44)
12-08 23:06:55.400 13056 13056 E droid.apps.doc: Not starting debugger since process cannot load the jdwp agent.
12-08 23:06:55.577  2378 13021 E ctxmgr  : [ProducerStatusImpl]updateStateForNewContextData: inactive, contextName=7
12-08 23:06:56.084  2378  2378 E BeaconBle: Missing BluetoothAdapter
12-08 23:06:56.190  2378  2378 E BeaconBle: Scan couldn't start for Places
12-08 23:06:56.846 13056 13056 E DocsApplication: [main] No default account found during application creation.
12-08 23:06:57.006  1885  1903 E BatteryExternalStatsWorker: no controller energy info supplied for wifi
12-08 23:06:57.602  1731  1935 E         : Couldn't opendir /data/app/vmdl1166541633.tmp: No such file or directory
12-08 23:06:57.602  1731  1935 E installd: Failed to delete /data/app/vmdl1166541633.tmp: No such file or directory
12-08 23:06:58.598 13132 13132 E harlton.mileag: Not starting debugger since process cannot load the jdwp agent.
12-08 23:06:59.987  2509 12625 E SQLiteCastStore: Skip saving CastDeviceInfo: "Nearby device" (__cast_nearby___V_87142621-b88b-4e21-a91e-313730228673)
12-08 23:07:06.839  1994  7294 E putmethod.lati: Invalid ID 0x00000001.
12-08 23:07:06.839  1994  7294 E LstmTrainingCache: emn: Can't get resource name for input slot
12-08 23:07:06.839  1994  7294 E LstmTrainingCache: android.content.res.Resources$NotFoundException: Unable to find resource ID #0x1
12-08 23:07:06.839  1994  7294 E LstmTrainingCache: 	at android.content.res.ResourcesImpl.getResourceName(ResourcesImpl.java:255)
12-08 23:07:06.839  1994  7294 E LstmTrainingCache: 	at android.content.res.Resources.getResourceName(Resources.java:1954)
12-08 23:07:06.839  1994  7294 E LstmTrainingCache: 	at emn.a(PG:12)
12-08 23:07:06.839  1994  7294 E LstmTrainingCache: 	at emk.run(PG:5)
12-08 23:07:06.839  1994  7294 E LstmTrainingCache: 	at java.lang.Thread.run(Thread.java:764)
12-08 23:07:08.909  1885  1898 E memtrack: Couldn't load memtrack module
12-08 23:07:09.540  1834  1834 E netmgr  : Failed to open QEMU pipe 'qemud:network': Invalid argument
12-08 23:07:09.540  1834  1834 E netmgr  : WifiForwarder unable to open QEMU pipe: Invalid argument
12-08 23:07:13.096  2378 12629 E ctxmgr  : [ProducerStatusImpl]updateStateForNewContextData: inactive, contextName=7
12-08 23:07:13.436  2378  2378 E BeaconBle: Missing BluetoothAdapter
12-08 23:07:13.525  2378  2378 E BeaconBle: Scan couldn't start for Places
12-08 23:07:15.423  1739  1762 E storaged: getDiskStats failed with result NOT_SUPPORTED and size 0
12-08 23:07:16.135  1885  1898 E memtrack: Couldn't load memtrack module
12-08 23:07:16.147  2720  2720 E ContextIntentStarter: No activity found for any of the 0 intents
12-08 23:07:17.074 12786 12786 E wpa_supplicant: nl80211: Failed to open /proc/sys/net/ipv4/conf/p2p-dev-wlan0/drop_unicast_in_l2_multicast: No such file or directory
12-08 23:07:17.074 12786 12786 E wpa_supplicant: nl80211: Failed to set IPv4 unicast in multicast filter
12-08 23:07:17.130 12786 12786 E wpa_supplicant: nl80211: Failed to open /proc/sys/net/ipv4/conf/p2p-dev-wlan0/drop_unicast_in_l2_multicast: No such file or directory
12-08 23:07:17.130 12786 12786 E wpa_supplicant: nl80211: Failed to set IPv4 unicast in multicast filter
12-08 23:07:17.282 12786 12786 E wpa_supplicant: nl80211: Failed to open /proc/sys/net/ipv4/conf/wlan0/drop_unicast_in_l2_multicast: No such file or directory
12-08 23:07:17.282 12786 12786 E wpa_supplicant: nl80211: Failed to set IPv4 unicast in multicast filter
12-08 23:07:17.282 12786 12786 E wpa_supplicant: nl80211: Failed to open /proc/sys/net/ipv4/conf/wlan0/drop_unicast_in_l2_multicast: No such file or directory
12-08 23:07:17.282 12786 12786 E wpa_supplicant: nl80211: Failed to set IPv4 unicast in multicast filter
12-08 23:07:17.361 12786 12786 E wpa_supplicant: nl80211: Failed to open /proc/sys/net/ipv4/conf/wlan0/drop_unicast_in_l2_multicast: No such file or directory
12-08 23:07:17.361 12786 12786 E wpa_supplicant: nl80211: Failed to set IPv4 unicast in multicast filter
12-08 23:07:17.521  1885 12835 E DhcpClient: Read error
12-08 23:07:17.521  1885 12835 E DhcpClient: android.system.ErrnoException: read failed: ENETDOWN (Network is down)
12-08 23:07:17.521  1885 12835 E DhcpClient: 	at libcore.io.Linux.readBytes(Native Method)
12-08 23:07:17.521  1885 12835 E DhcpClient: 	at libcore.io.Linux.read(Linux.java:184)
12-08 23:07:17.521  1885 12835 E DhcpClient: 	at libcore.io.BlockGuardOs.read(BlockGuardOs.java:254)
12-08 23:07:17.521  1885 12835 E DhcpClient: 	at android.system.Os.read(Os.java:414)
12-08 23:07:17.521  1885 12835 E DhcpClient: 	at android.net.dhcp.DhcpClient$ReceiveThread.run(DhcpClient.java:364)
12-08 23:07:17.530  1885 12792 E ConnectivityPacketTracker.wlan0: readPacket error: 
12-08 23:07:17.530  1885 12792 E ConnectivityPacketTracker.wlan0: android.system.ErrnoException: read failed: ENETDOWN (Network is down)
12-08 23:07:17.530  1885 12792 E ConnectivityPacketTracker.wlan0: 	at libcore.io.Linux.readBytes(Native Method)
12-08 23:07:17.530  1885 12792 E ConnectivityPacketTracker.wlan0: 	at libcore.io.Linux.read(Linux.java:184)
12-08 23:07:17.530  1885 12792 E ConnectivityPacketTracker.wlan0: 	at libcore.io.BlockGuardOs.read(BlockGuardOs.java:254)
12-08 23:07:17.530  1885 12792 E ConnectivityPacketTracker.wlan0: 	at android.system.Os.read(Os.java:414)
12-08 23:07:17.530  1885 12792 E ConnectivityPacketTracker.wlan0: 	at android.net.util.PacketReader.readPacket(PacketReader.java:137)
12-08 23:07:17.530  1885 12792 E ConnectivityPacketTracker.wlan0: 	at android.net.util.PacketReader.handleInput(PacketReader.java:207)
12-08 23:07:17.530  1885 12792 E ConnectivityPacketTracker.wlan0: 	at android.net.util.PacketReader.access$100(PacketReader.java:70)
12-08 23:07:17.530  1885 12792 E ConnectivityPacketTracker.wlan0: 	at android.net.util.PacketReader$1.onFileDescriptorEvents(PacketReader.java:189)
12-08 23:07:17.530  1885 12792 E ConnectivityPacketTracker.wlan0: 	at android.os.MessageQueue.dispatchEvents(MessageQueue.java:285)
12-08 23:07:17.530  1885 12792 E ConnectivityPacketTracker.wlan0: 	at android.os.MessageQueue.nativePollOnce(Native Method)
12-08 23:07:17.530  1885 12792 E ConnectivityPacketTracker.wlan0: 	at android.os.MessageQueue.next(MessageQueue.java:326)
12-08 23:07:17.530  1885 12792 E ConnectivityPacketTracker.wlan0: 	at android.os.Looper.loop(Looper.java:160)
12-08 23:07:17.530  1885 12792 E ConnectivityPacketTracker.wlan0: 	at android.os.HandlerThread.run(HandlerThread.java:65)
12-08 23:07:17.701  1629  1629 E android.hardware.wifi@1.0-service: Failed to open directory: Permission denied
12-08 23:07:17.701  1629  1629 E android.hardware.wifi@1.0-service: Error occurred while deleting old tombstone files
12-08 23:07:17.701  1629  1629 E android.hardware.wifi@1.0-service: Error writing files to flash
12-08 23:07:17.788  1885  1898 E GnssLocationProvider: no AGPS interface in set_agps_server
12-08 23:07:17.931  1885  1969 E SupplicantStaIfaceHal: Can't call setPowerSave, ISupplicantStaIface is null
12-08 23:07:17.933  1885  1969 E SupplicantStaIfaceHal: Can't call setBtCoexistenceMode, ISupplicantStaIface is null
12-08 23:07:18.027  1885  1969 E HalDevMgr: Should have at least 1 chip!
12-08 23:07:18.027  1885  1969 E HalDevMgr: dispatchAvailableForRequestListeners: no chip info found
12-08 23:07:18.038  1885  1969 E SupplicantStaIfaceHal: Can't call listNetworks, ISupplicantStaIface is null
12-08 23:07:18.039  1885  1969 E SupplicantStaIfaceHal: removeAllNetworks failed, got null networks
12-08 23:07:18.039  1885  1969 E WifiStateMachine: Failed to remove networks on exiting connect mode
12-08 23:07:18.040  1885  1971 E WifiP2pService: Unhandled message { when=-1ms what=131204 target=com.android.internal.util.StateMachine$SmHandler }
12-08 23:07:18.102  1885  1903 E BatteryExternalStatsWorker: no controller energy info supplied for wifi
12-08 23:07:18.107  1885  1903 E BatteryExternalStatsWorker: no controller energy info supplied for wifi
12-08 23:07:18.162  1885  1970 E WificondControl: No valid wificond scanner interface handler
12-08 23:07:18.200  2378 13198 E WakeLock: GCM_HB_ALARM release without a matched acquire!
12-08 23:07:18.275  2378 13198 E WakeLock: GCM_CONN_ALARM release without a matched acquire!
12-08 23:07:18.982  1629  1629 E android.hardware.wifi@1.0-service: Failed to register radio mode change callback
12-08 23:07:18.995  1629  1629 E android.hardware.wifi@1.0-service: Failed to set DFS flag; DFS channels may be unavailable.
12-08 23:07:19.108  1740  1740 E wificond: No Offload Service available
12-08 23:07:19.116  1885  1969 E SupplicantStaIfaceHal: Can't call setupIface, ISupplicantStaIface is null
12-08 23:07:19.184  1885  1970 E WifiVendorHal: getBgScanCapabilities(l.671) failed {.code = ERROR_NOT_SUPPORTED, .description = }
12-08 23:07:19.203  1885  1971 E WifiP2pService: Unhandled message { when=-1ms what=131203 target=com.android.internal.util.StateMachine$SmHandler }
12-08 23:07:19.218  1885  1971 E WifiP2pService: Unhandled message { when=0 what=131203 target=com.android.internal.util.StateMachine$SmHandler }
12-08 23:07:19.235  1885  1903 E BatteryExternalStatsWorker: no controller energy info supplied for wifi
12-08 23:07:19.244  1885  1903 E BatteryExternalStatsWorker: no controller energy info supplied for wifi
12-08 23:07:19.730  1885  1898 E GnssLocationProvider: no AGPS interface in set_agps_server
12-08 23:07:20.864  1885  1898 E GnssLocationProvider: no AGPS interface in set_agps_server
12-08 23:07:21.057  1885  1972 E ConnectivityService: exception in setMtu()java.lang.IllegalStateException: command '497 interface setmtu radio0 1500' failed with '400 497 Failed to set MTU (Permission denied)'
12-08 23:07:21.565  2378 13224 E WakeLock: GCM_CONN_ALARM release without a matched acquire!
12-08 23:07:23.356  1885  1903 E BatteryExternalStatsWorker: no controller energy info supplied for wifi
12-08 23:07:23.438  1885  1969 E WifiVendorHal: stopRssiMonitoring(l.2404) failed {.code = ERROR_NOT_AVAILABLE, .description = }
12-08 23:07:23.923  2378 13235 E WakeLock: GCM_HB_ALARM release without a matched acquire!
12-08 23:07:24.121  2378 13237 E WakeLock: GCM_CONN_ALARM release without a matched acquire!
12-08 23:07:24.146  1737  1820 E Netd    : Error adding route ::/0 -> fe80::ff:fe00:100 wlan0 to table 1003: File exists
