--------- beginning of main
--------- beginning of system
12-09 02:06:27.016  1881  1895 E ActivityManager: Failure starting process com.evancharlton.mileage
12-09 02:06:27.016  1881  1895 E ActivityManager: java.lang.SecurityException: Package com.evancharlton.mileage is currently frozen!
12-09 02:06:27.016  1881  1895 E ActivityManager: 	at com.android.server.pm.PackageManagerService.checkPackageStartable(PackageManagerService.java:4000)
12-09 02:06:27.016  1881  1895 E ActivityManager: 	at com.android.server.am.ActivityManagerService.startProcessLocked(ActivityManagerService.java:4234)
12-09 02:06:27.016  1881  1895 E ActivityManager: 	at com.android.server.am.ActivityManagerService.startProcessLocked(ActivityManagerService.java:4199)
12-09 02:06:27.016  1881  1895 E ActivityManager: 	at com.android.server.am.ActivityManagerService.startProcessLocked(ActivityManagerService.java:4181)
12-09 02:06:27.016  1881  1895 E ActivityManager: 	at com.android.server.am.ActivityManagerService.startProcessLocked(ActivityManagerService.java:4067)
12-09 02:06:27.016  1881  1895 E ActivityManager: 	at com.android.server.am.ActivityStackSupervisor.startSpecificActivityLocked(ActivityStackSupervisor.java:1715)
12-09 02:06:27.016  1881  1895 E ActivityManager: 	at com.android.server.am.ActivityStack.resumeTopActivityInnerLocked(ActivityStack.java:2764)
12-09 02:06:27.016  1881  1895 E ActivityManager: 	at com.android.server.am.ActivityStack.resumeTopActivityUncheckedLocked(ActivityStack.java:2302)
12-09 02:06:27.016  1881  1895 E ActivityManager: 	at com.android.server.am.ActivityStackSupervisor.resumeFocusedStackTopActivityLocked(ActivityStackSupervisor.java:2234)
12-09 02:06:27.016  1881  1895 E ActivityManager: 	at com.android.server.am.ActivityStackSupervisor.resumeFocusedStackTopActivityLocked(ActivityStackSupervisor.java:2218)
12-09 02:06:27.016  1881  1895 E ActivityManager: 	at com.android.server.am.ActivityManagerService.handleAppDiedLocked(ActivityManagerService.java:5923)
12-09 02:06:27.016  1881  1895 E ActivityManager: 	at com.android.server.am.ActivityManagerService.removeProcessLocked(ActivityManagerService.java:7501)
12-09 02:06:27.016  1881  1895 E ActivityManager: 	at com.android.server.am.ActivityManagerService.killPackageProcessesLocked(ActivityManagerService.java:7142)
12-09 02:06:27.016  1881  1895 E ActivityManager: 	at com.android.server.am.ActivityManagerService.forceStopPackageLocked(ActivityManagerService.java:7275)
12-09 02:06:27.016  1881  1895 E ActivityManager: 	at com.android.server.am.ActivityManagerService$MainHandler.handleMessage(ActivityManagerService.java:2289)
12-09 02:06:27.016  1881  1895 E ActivityManager: 	at android.os.Handler.dispatchMessage(Handler.java:106)
12-09 02:06:27.016  1881  1895 E ActivityManager: 	at android.os.Looper.loop(Looper.java:193)
12-09 02:06:27.016  1881  1895 E ActivityManager: 	at android.os.HandlerThread.run(HandlerThread.java:65)
12-09 02:06:27.016  1881  1895 E ActivityManager: 	at com.android.server.ServiceThread.run(ServiceThread.java:44)
12-09 02:06:27.229  2337  5749 E IconLoader: Unexpected null component name or activity info: ComponentInfo{com.evancharlton.mileage/com.evancharlton.mileage.Mileage}, null
12-09 02:06:27.750 28693 28693 E droid.apps.doc: Not starting debugger since process cannot load the jdwp agent.
12-09 02:06:29.143 28693 28693 E DocsApplication: [main] No default account found during application creation.
12-09 02:06:31.217  1733  1733 E         : Couldn't opendir /data/app/vmdl258592765.tmp: No such file or directory
12-09 02:06:31.217  1733  1733 E installd: Failed to delete /data/app/vmdl258592765.tmp: No such file or directory
12-09 02:06:34.407 28783 28783 E harlton.mileag: Not starting debugger since process cannot load the jdwp agent.
12-09 02:06:35.518  1991 22160 E putmethod.lati: Invalid ID 0x00000001.
12-09 02:06:35.537  1991 22160 E LstmTrainingCache: emn: Can't get resource name for input slot
12-09 02:06:35.537  1991 22160 E LstmTrainingCache: android.content.res.Resources$NotFoundException: Unable to find resource ID #0x1
12-09 02:06:35.537  1991 22160 E LstmTrainingCache: 	at android.content.res.ResourcesImpl.getResourceName(ResourcesImpl.java:255)
12-09 02:06:35.537  1991 22160 E LstmTrainingCache: 	at android.content.res.Resources.getResourceName(Resources.java:1954)
12-09 02:06:35.537  1991 22160 E LstmTrainingCache: 	at emn.a(PG:12)
12-09 02:06:35.537  1991 22160 E LstmTrainingCache: 	at emk.run(PG:5)
12-09 02:06:35.537  1991 22160 E LstmTrainingCache: 	at java.lang.Thread.run(Thread.java:764)
12-09 02:06:38.859  1991 22160 E putmethod.lati: Invalid ID 0x00000001.
12-09 02:06:38.859  1991 22160 E LstmTrainingCache: emn: Can't get resource name for input slot
12-09 02:06:38.859  1991 22160 E LstmTrainingCache: android.content.res.Resources$NotFoundException: Unable to find resource ID #0x1
12-09 02:06:38.859  1991 22160 E LstmTrainingCache: 	at android.content.res.ResourcesImpl.getResourceName(ResourcesImpl.java:255)
12-09 02:06:38.859  1991 22160 E LstmTrainingCache: 	at android.content.res.Resources.getResourceName(Resources.java:1954)
12-09 02:06:38.859  1991 22160 E LstmTrainingCache: 	at emn.a(PG:12)
12-09 02:06:38.859  1991 22160 E LstmTrainingCache: 	at emk.run(PG:5)
12-09 02:06:38.859  1991 22160 E LstmTrainingCache: 	at java.lang.Thread.run(Thread.java:764)
12-09 02:06:39.418 28783 28783 E SpannableStringBuilder: SPAN_EXCLUSIVE_EXCLUSIVE spans cannot have a zero length
12-09 02:06:39.418 28783 28783 E SpannableStringBuilder: SPAN_EXCLUSIVE_EXCLUSIVE spans cannot have a zero length
12-09 02:06:46.886  1807  1807 E netmgr  : Failed to open QEMU pipe 'qemud:network': Invalid argument
12-09 02:06:46.886  1807  1807 E netmgr  : WifiForwarder unable to open QEMU pipe: Invalid argument
12-09 02:06:53.802  1741  1793 E storaged: getDiskStats failed with result NOT_SUPPORTED and size 0
12-09 02:07:08.184  2570  2570 E ContextIntentStarter: No activity found for any of the 0 intents
12-09 02:07:09.521  1881  4898 E WindowManager: Performed 6 layouts in a row. Skipping
12-09 02:07:09.547  1881  1934 E WindowManager: Performed 6 layouts in a row. Skipping
12-09 02:07:09.611  1881  1934 E WindowManager: Performed 6 layouts in a row. Skipping
12-09 02:07:09.645  1881  1896 E WindowManager: Performed 6 layouts in a row. Skipping
12-09 02:07:09.695  1881  1934 E WindowManager: Performed 6 layouts in a row. Skipping
12-09 02:07:09.736  1881  1934 E WindowManager: Performed 6 layouts in a row. Skipping
12-09 02:07:09.766  1881  1934 E WindowManager: Performed 6 layouts in a row. Skipping
12-09 02:07:09.787  1881  3986 E WindowManager: Performed 6 layouts in a row. Skipping
12-09 02:07:46.893  1807  1807 E netmgr  : Failed to open QEMU pipe 'qemud:network': Invalid argument
12-09 02:07:46.893  1807  1807 E netmgr  : WifiForwarder unable to open QEMU pipe: Invalid argument
12-09 02:07:53.803  1741  1793 E storaged: getDiskStats failed with result NOT_SUPPORTED and size 0
12-09 02:08:15.565  2337  2337 E SchedPolicy: set_timerslack_ns write failed: Operation not permitted
12-09 02:08:21.167  2337  2337 E SchedPolicy: set_timerslack_ns write failed: Operation not permitted
12-09 02:08:46.909  1807  1807 E netmgr  : Failed to open QEMU pipe 'qemud:network': Invalid argument
12-09 02:08:46.909  1807  1807 E netmgr  : WifiForwarder unable to open QEMU pipe: Invalid argument
12-09 02:08:53.804  1741  1793 E storaged: getDiskStats failed with result NOT_SUPPORTED and size 0
12-09 02:09:46.970  1807  1807 E netmgr  : Failed to open QEMU pipe 'qemud:network': Invalid argument
12-09 02:09:46.971  1807  1807 E netmgr  : WifiForwarder unable to open QEMU pipe: Invalid argument
12-09 02:09:53.805  1741  1793 E storaged: getDiskStats failed with result NOT_SUPPORTED and size 0
12-09 02:10:40.319  1881  3769 E WindowManager: Performed 6 layouts in a row. Skipping
12-09 02:10:40.351  1881  1934 E WindowManager: Performed 6 layouts in a row. Skipping
12-09 02:10:40.394  1881  1934 E WindowManager: Performed 6 layouts in a row. Skipping
12-09 02:10:40.431  1881  1896 E WindowManager: Performed 6 layouts in a row. Skipping
12-09 02:10:40.471  1881  1934 E WindowManager: Performed 6 layouts in a row. Skipping
12-09 02:10:40.496  1881  1934 E WindowManager: Performed 6 layouts in a row. Skipping
12-09 02:10:40.513  1881  3483 E WindowManager: Performed 6 layouts in a row. Skipping
12-09 02:10:40.597  1881  1934 E WindowManager: Performed 6 layouts in a row. Skipping
12-09 02:10:40.735  1881  1934 E WindowManager: Performed 6 layouts in a row. Skipping
12-09 02:10:42.236 28852 28852 E hod.latin:trai: Not starting debugger since process cannot load the jdwp agent.
12-09 02:10:47.010  1807  1807 E netmgr  : Failed to open QEMU pipe 'qemud:network': Invalid argument
12-09 02:10:47.010  1807  1807 E netmgr  : WifiForwarder unable to open QEMU pipe: Invalid argument
