--------- beginning of main
--------- beginning of system
12-07 23:08:05.305 16506 16506 E BeaconBle: Scan couldn't start for Places
12-07 23:08:06.589  1829  1829 E netmgr  : Failed to open QEMU pipe 'qemud:network': Invalid argument
12-07 23:08:06.590  1829  1829 E netmgr  : WifiForwarder unable to open QEMU pipe: Invalid argument
12-07 23:08:08.312  1729  1931 E         : Couldn't opendir /data/app/vmdl1964578882.tmp: No such file or directory
12-07 23:08:08.313  1729  1931 E installd: Failed to delete /data/app/vmdl1964578882.tmp: No such file or directory
12-07 23:08:11.467  9285  9285 E harlton.mileag: Not starting debugger since process cannot load the jdwp agent.
12-07 23:08:14.459 16085 24146 E putmethod.lati: Invalid ID 0x00000001.
12-07 23:08:14.463 16085 24146 E LstmTrainingCache: emn: Can't get resource name for input slot
12-07 23:08:14.463 16085 24146 E LstmTrainingCache: android.content.res.Resources$NotFoundException: Unable to find resource ID #0x1
12-07 23:08:14.463 16085 24146 E LstmTrainingCache: 	at android.content.res.ResourcesImpl.getResourceName(ResourcesImpl.java:255)
12-07 23:08:14.463 16085 24146 E LstmTrainingCache: 	at android.content.res.Resources.getResourceName(Resources.java:1954)
12-07 23:08:14.463 16085 24146 E LstmTrainingCache: 	at emn.a(PG:12)
12-07 23:08:14.463 16085 24146 E LstmTrainingCache: 	at emk.run(PG:5)
12-07 23:08:14.463 16085 24146 E LstmTrainingCache: 	at java.lang.Thread.run(Thread.java:764)
12-07 23:08:22.079 16085 16085 E native  : suggestion-transformer.cc:118 suggestion picked candidate not found for id: 2
12-07 23:08:23.799 16506  6947 E WakeLock: GCM_HB_ALARM release without a matched acquire!
12-07 23:08:24.615 16506  9184 E ctxmgr  : [AppIntervalImpl]closeInterval: stopTimeMillis invalid, stop=1544224104615, start=1544238227857
12-07 23:08:24.639 16506  9184 E ctxmgr  : [AppIntervalImpl]closeInterval: stopTimeMillis invalid, stop=1544224104639, start=1544238227858
12-07 23:08:25.073  9325  9325 E ocess.gservice: Not starting debugger since process cannot load the jdwp agent.
12-07 23:08:25.330  9339  9339 E id.gms.learnin: Not starting debugger since process cannot load the jdwp agent.
12-07 23:08:28.565  1737  1809 E storaged: getDiskStats failed with result NOT_SUPPORTED and size 0
12-07 23:08:31.507 16506 16506 E BeaconBle: Missing BluetoothAdapter
12-07 23:08:31.547 16506 16506 E BeaconBle: Scan couldn't start for Places
12-07 23:08:54.969 16561 16561 E ContextIntentStarter: No activity found for any of the 0 intents
12-07 23:09:06.174 15927  9404 E audio_hw_generic: pcm_open(in) failed: cannot open device '/dev/snd/pcmC0D0c': Device or resource busy: channels 2 format 0 rate 16000
12-07 23:09:06.598  1829  1829 E netmgr  : Failed to open QEMU pipe 'qemud:network': Invalid argument
12-07 23:09:06.598  1829  1829 E netmgr  : WifiForwarder unable to open QEMU pipe: Invalid argument
12-07 23:09:28.592  1737  1809 E storaged: getDiskStats failed with result NOT_SUPPORTED and size 0
12-07 23:10:06.632  1829  1829 E netmgr  : Failed to open QEMU pipe 'qemud:network': Invalid argument
12-07 23:10:06.632  1829  1829 E netmgr  : WifiForwarder unable to open QEMU pipe: Invalid argument
12-07 23:10:28.595  1737  1809 E storaged: getDiskStats failed with result NOT_SUPPORTED and size 0
12-07 23:11:06.691  1829  1829 E netmgr  : Failed to open QEMU pipe 'qemud:network': Invalid argument
12-07 23:11:06.691  1829  1829 E netmgr  : WifiForwarder unable to open QEMU pipe: Invalid argument
12-07 23:11:28.598  1737  1809 E storaged: getDiskStats failed with result NOT_SUPPORTED and size 0
12-07 23:12:01.320  9462  9462 E hod.latin:trai: Not starting debugger since process cannot load the jdwp agent.
12-07 23:12:04.475 16085 16085 E native  : suggestion-transformer.cc:118 suggestion picked candidate not found for id: 3
12-07 23:12:05.378 15976 19156 E WindowManager: Performed 6 layouts in a row. Skipping
12-07 23:12:05.461 15976 16026 E WindowManager: Performed 6 layouts in a row. Skipping
12-07 23:12:05.484 15976 16026 E WindowManager: Performed 6 layouts in a row. Skipping
12-07 23:12:05.506 15976 15991 E WindowManager: Performed 6 layouts in a row. Skipping
12-07 23:12:05.538 15976 16026 E WindowManager: Performed 6 layouts in a row. Skipping
12-07 23:12:05.707 15976 16026 E WindowManager: Performed 6 layouts in a row. Skipping
12-07 23:12:05.735 15976 15986 E WindowManager: Performed 6 layouts in a row. Skipping
12-07 23:12:05.775 15976 16026 E WindowManager: Performed 6 layouts in a row. Skipping
12-07 23:12:05.855 15976 16026 E WindowManager: Performed 6 layouts in a row. Skipping
12-07 23:12:05.900 15976 16026 E WindowManager: Performed 6 layouts in a row. Skipping
12-07 23:12:05.930 15976 15991 E WindowManager: Performed 6 layouts in a row. Skipping
12-07 23:12:06.750  1829  1829 E netmgr  : Failed to open QEMU pipe 'qemud:network': Invalid argument
12-07 23:12:06.750  1829  1829 E netmgr  : WifiForwarder unable to open QEMU pipe: Invalid argument
