--------- beginning of main
12-07 14:24:45.634  1880  4062 E memtrack: Couldn't load memtrack module
12-07 14:24:45.643  1880  4062 E memtrack: Couldn't load memtrack module
12-07 14:24:45.647  1880  4062 E memtrack: Couldn't load memtrack module
12-07 14:24:45.648  1880  4062 E memtrack: Couldn't load memtrack module
12-07 14:24:45.649  1880  4062 E memtrack: Couldn't load memtrack module
12-07 14:24:45.650  1880  4062 E memtrack: Couldn't load memtrack module
12-07 14:24:45.657  1880  4062 E memtrack: Couldn't load memtrack module
12-07 14:24:45.663  1880  4062 E memtrack: Couldn't load memtrack module
12-07 14:24:45.673  1880  4062 E memtrack: Couldn't load memtrack module
12-07 14:24:45.681  1880  4062 E memtrack: Couldn't load memtrack module
12-07 14:24:45.689  1880  4062 E memtrack: Couldn't load memtrack module
12-07 14:24:45.701  1880  4062 E memtrack: Couldn't load memtrack module
12-07 14:24:45.706  1880  4062 E memtrack: Couldn't load memtrack module
12-07 14:24:45.712  1880  4062 E memtrack: Couldn't load memtrack module
12-07 14:24:45.727  1880  4062 E memtrack: Couldn't load memtrack module
--------- beginning of system
12-07 14:24:45.750  1880  4062 E memtrack: Couldn't load memtrack module
12-07 14:24:45.762  1880  4062 E memtrack: Couldn't load memtrack module
12-07 14:24:45.790  1880  4062 E memtrack: Couldn't load memtrack module
12-07 14:24:45.805  1880  4062 E memtrack: Couldn't load memtrack module
12-07 14:24:45.811  1880  4062 E memtrack: Couldn't load memtrack module
12-07 14:24:45.839  1880  4062 E memtrack: Couldn't load memtrack module
12-07 14:24:45.856  1880  4062 E memtrack: Couldn't load memtrack module
12-07 14:24:45.901  1880  4062 E memtrack: Couldn't load memtrack module
12-07 14:24:45.933  1880  4062 E memtrack: Couldn't load memtrack module
12-07 14:24:45.963  1880  4062 E memtrack: Couldn't load memtrack module
12-07 14:24:48.365  1880  4062 E memtrack: Couldn't load memtrack module
12-07 14:24:48.386  1880  4062 E memtrack: Couldn't load memtrack module
12-07 14:24:48.398  1880  4062 E memtrack: Couldn't load memtrack module
12-07 14:24:48.409  1880  4062 E memtrack: Couldn't load memtrack module
12-07 14:24:48.421  1880  4062 E memtrack: Couldn't load memtrack module
12-07 14:24:48.435  1880  4062 E memtrack: Couldn't load memtrack module
12-07 14:24:48.525  1880  4062 E memtrack: Couldn't load memtrack module
12-07 14:24:48.559  1880  4062 E memtrack: Couldn't load memtrack module
12-07 14:24:48.578  1880  4062 E memtrack: Couldn't load memtrack module
12-07 14:24:48.590  1880  4062 E memtrack: Couldn't load memtrack module
12-07 14:24:48.596  1880  4062 E memtrack: Couldn't load memtrack module
12-07 14:24:48.624  1880  4062 E memtrack: Couldn't load memtrack module
12-07 14:24:50.924  1880  4062 E memtrack: Couldn't load memtrack module
12-07 14:24:50.949  1880  4062 E memtrack: Couldn't load memtrack module
12-07 14:24:50.974  1880  4062 E memtrack: Couldn't load memtrack module
12-07 14:24:50.983  1880  4062 E memtrack: Couldn't load memtrack module
12-07 14:24:50.993  1880  4062 E memtrack: Couldn't load memtrack module
12-07 14:24:51.007  1880  4062 E memtrack: Couldn't load memtrack module
12-07 14:24:51.022  1880  4062 E memtrack: Couldn't load memtrack module
12-07 14:24:51.048  1880  4062 E memtrack: Couldn't load memtrack module
12-07 14:24:51.066  1880  4062 E memtrack: Couldn't load memtrack module
12-07 14:24:51.094  1880  4062 E memtrack: Couldn't load memtrack module
12-07 14:24:51.112  1880  4062 E memtrack: Couldn't load memtrack module
12-07 14:24:51.123  1880  4062 E memtrack: Couldn't load memtrack module
12-07 14:24:51.136  1880  4062 E memtrack: Couldn't load memtrack module
12-07 14:24:51.145  1880  4062 E memtrack: Couldn't load memtrack module
12-07 14:24:51.168  1880  4062 E memtrack: Couldn't load memtrack module
12-07 14:24:51.176  1880  4062 E memtrack: Couldn't load memtrack module
12-07 14:24:51.184  1880  4062 E memtrack: Couldn't load memtrack module
12-07 14:24:51.188  1880  4062 E memtrack: Couldn't load memtrack module
12-07 14:24:51.194  1880  4062 E memtrack: Couldn't load memtrack module
12-07 14:24:51.209  1880  4062 E memtrack: Couldn't load memtrack module
12-07 14:24:51.212  1880  4062 E memtrack: Couldn't load memtrack module
12-07 14:24:51.216  1880  4062 E memtrack: Couldn't load memtrack module
12-07 14:24:51.220  1880  4062 E memtrack: Couldn't load memtrack module
12-07 14:24:56.108  1880  4062 E memtrack: Couldn't load memtrack module
12-07 14:24:56.122  1880  4062 E memtrack: Couldn't load memtrack module
12-07 14:24:56.128  1880  4062 E memtrack: Couldn't load memtrack module
12-07 14:24:56.134  1880  4062 E memtrack: Couldn't load memtrack module
12-07 14:24:56.141  1880  4062 E memtrack: Couldn't load memtrack module
12-07 14:24:56.243  1880  4062 E memtrack: Couldn't load memtrack module
12-07 14:24:56.249  1880  4062 E memtrack: Couldn't load memtrack module
12-07 14:24:56.250  1880  4062 E memtrack: Couldn't load memtrack module
12-07 14:24:56.256  1880  4062 E memtrack: Couldn't load memtrack module
12-07 14:25:11.799  1880  1895 E memtrack: Couldn't load memtrack module
12-07 14:25:16.770  1880  1895 E memtrack: Couldn't load memtrack module
12-07 14:25:17.321  1727  1945 E         : Couldn't opendir /data/app/vmdl914407985.tmp: No such file or directory
12-07 14:25:17.321  1727  1945 E installd: Failed to delete /data/app/vmdl914407985.tmp: No such file or directory
12-07 14:25:19.963  1134  1134 E droid.apps.doc: Not starting debugger since process cannot load the jdwp agent.
12-07 14:25:30.156  1829  1829 E netmgr  : Failed to open QEMU pipe 'qemud:network': Invalid argument
12-07 14:25:30.158  1829  1829 E netmgr  : WifiForwarder unable to open QEMU pipe: Invalid argument
12-07 14:25:30.401  1735  1809 E storaged: getDiskStats failed with result NOT_SUPPORTED and size 0
12-07 14:25:32.750  1134  1134 E DocsApplication: [main] No default account found during application creation.
12-07 14:25:37.945  1880  1895 E memtrack: Couldn't load memtrack module
12-07 14:25:38.200  1195  1195 E harlton.mileag: Not starting debugger since process cannot load the jdwp agent.
12-07 14:25:43.247  1880  1895 E memtrack: Couldn't load memtrack module
12-07 14:25:46.085  1212  1212 E id.gms.learnin: Not starting debugger since process cannot load the jdwp agent.
12-07 14:25:48.576  1880  1895 E memtrack: Couldn't load memtrack module
12-07 14:25:51.355  1880  1897 E AutofillSession: No assist structure - app might have crashed providing it
12-07 14:25:54.017  1992  9017 E putmethod.lati: Invalid ID 0x00000001.
12-07 14:25:54.025  1992  9017 E LstmTrainingCache: emn: Can't get resource name for input slot
12-07 14:25:54.025  1992  9017 E LstmTrainingCache: android.content.res.Resources$NotFoundException: Unable to find resource ID #0x1
12-07 14:25:54.025  1992  9017 E LstmTrainingCache: 	at android.content.res.ResourcesImpl.getResourceName(ResourcesImpl.java:255)
12-07 14:25:54.025  1992  9017 E LstmTrainingCache: 	at android.content.res.Resources.getResourceName(Resources.java:1954)
12-07 14:25:54.025  1992  9017 E LstmTrainingCache: 	at emn.a(PG:12)
12-07 14:25:54.025  1992  9017 E LstmTrainingCache: 	at emk.run(PG:5)
12-07 14:25:54.025  1992  9017 E LstmTrainingCache: 	at java.lang.Thread.run(Thread.java:764)
12-07 14:25:56.723  1880  1899 E libprocessgroup: Error encountered killing process cgroup uid 99226 pid 695: No such file or directory
12-07 14:26:02.039  1880  1895 E memtrack: Couldn't load memtrack module
12-07 14:26:04.694  1880  1895 E memtrack: Couldn't load memtrack module
12-07 14:26:31.277  1829  1829 E netmgr  : Failed to open QEMU pipe 'qemud:network': Invalid argument
12-07 14:26:31.277  1829  1829 E netmgr  : WifiForwarder unable to open QEMU pipe: Invalid argument
12-07 14:26:31.303  1735  1809 E storaged: getDiskStats failed with result NOT_SUPPORTED and size 0
12-07 14:26:34.122  1880  1895 E memtrack: Couldn't load memtrack module
12-07 14:26:47.081  1880  1897 E AutofillSession: No assist structure - app might have crashed providing it
12-07 14:26:55.185  1880  1895 E memtrack: Couldn't load memtrack module
12-07 14:27:03.228  1880  1895 E memtrack: Couldn't load memtrack module
12-07 14:27:29.766  1880  1896 E system_server: libdebuggerd_client: received packet of unexpected length from tombstoned: expected 128, received -1
12-07 14:27:32.517  1880  1896 E system_server: libdebuggerd_client: timeout expired
12-07 14:27:32.518  1880  1896 E ActivityManager: Aborting stack trace dump (current firstPid=1992); deadline exceeded.
12-07 14:27:32.518  1829  1829 E netmgr  : Failed to open QEMU pipe 'qemud:network': Invalid argument
12-07 14:27:32.518  1829  1829 E netmgr  : WifiForwarder unable to open QEMU pipe: Invalid argument
12-07 14:27:32.542  1735  1809 E storaged: getDiskStats failed with result NOT_SUPPORTED and size 0
12-07 14:27:32.594  1741  1741 E /system/bin/tombstoned: Traces for pid 1992 written to: /data/anr/trace_19
12-07 14:27:32.608  1880  1896 E ActivityManager: ANR in com.evancharlton.mileage (com.evancharlton.mileage/.FieldActivity)
12-07 14:27:32.608  1880  1896 E ActivityManager: PID: 1195
12-07 14:27:32.608  1880  1896 E ActivityManager: Reason: Input dispatching timed out (Waiting to send key event because the focused window has not finished processing all of the input events that were previously delivered to it.  Outbound queue length: 0.  Wait queue length: 3.)
12-07 14:27:32.608  1880  1896 E ActivityManager: Load: 3.11 / 4.91 / 3.73
12-07 14:27:32.608  1880  1896 E ActivityManager: CPU usage from 0ms to 29232ms later (2018-12-07 14:27:03.286 to 2018-12-07 14:27:32.518):
12-07 14:27:32.608  1880  1896 E ActivityManager:   87% 1880/system_server: 47% user + 40% kernel / faults: 3896 minor 146 major
12-07 14:27:32.608  1880  1896 E ActivityManager:   24% 2300/adbd: 1.4% user + 23% kernel / faults: 53970 minor 1 major
12-07 14:27:32.608  1880  1896 E ActivityManager:   20% 1722/surfaceflinger: 8% user + 12% kernel / faults: 49 minor
12-07 14:27:32.608  1880  1896 E ActivityManager:   10% 1992/com.google.android.inputmethod.latin: 4.7% user + 5.3% kernel / faults: 7470 minor 35 major
12-07 14:27:32.608  1880  1896 E ActivityManager:   6.9% 646/kswapd0: 0% user + 6.9% kernel
12-07 14:27:32.608  1880  1896 E ActivityManager:   8.3% 2008/com.android.systemui: 4.5% user + 3.8% kernel / faults: 115 minor 8 major
12-07 14:27:32.608  1880  1896 E ActivityManager:   7.6% 2378/com.google.android.gms.persistent: 4.2% user + 3.3% kernel / faults: 104 minor
12-07 14:27:32.608  1880  1896 E ActivityManager:   2.9% 1195/com.evancharlton.mileage: 0.1% user + 2.8% kernel / faults: 24365 minor 112 major
12-07 14:27:32.608  1880  1896 E ActivityManager:   2% 19845/com.google.android.googlequicksearchbox:search: 0.8% user + 1.2% kernel / faults: 2040 minor 60 major
12-07 14:27:32.608  1880  1896 E ActivityManager:   0.3% 1553/logd: 0% user + 0.3% kernel
12-07 14:27:32.608  1880  1896 E ActivityManager:   0.4% 1745/android.hardware.graphics.composer@2.1-service: 0% user + 0.3% kernel / faults: 34 minor
12-07 14:27:32.608  1880  1896 E ActivityManager:   0.3% 1146/com.android.commands.monkey: 0% user + 0.3% kernel / faults: 301 minor 11 major
12-07 14:27:32.608  1880  1896 E ActivityManager:   0.2% 2482/com.google.android.gms: 0.2% user + 0% kernel / faults: 1523 minor
12-07 14:27:32.608  1880  1896 E ActivityManager:   0.1% 32747/kworker/u8:5: 0% user + 0.1% kernel
12-07 14:27:32.608  1880  1896 E ActivityManager:   0.1% 792/kworker/u8:6: 0% user + 0.1% kernel
12-07 14:27:32.608  1880  1896 E ActivityManager:   0.1% 1624/android.hardware.sensors@1.0-service: 0% user + 0.1% kernel
12-07 14:27:32.608  1880  1896 E ActivityManager:   0.1% 2318/logcat: 0% user + 0.1% kernel
12-07 14:27:32.608  1880  1896 E ActivityManager:   0.1% 32186/kworker/u9:1: 0% user + 0.1% kernel
12-07 14:27:32.608  1880  1896 E ActivityManager:   0.1% 3/ksoftirqd/0: 0% user + 0.1% kernel
12-07 14:27:32.608  1880  1896 E ActivityManager:   0.1% 396/kworker/u8:0: 0% user + 0.1% kernel
12-07 14:27:32.608  1880  1896 E ActivityManager:   0% 669/kworker/0:1: 0% user + 0% kernel
12-07 14:27:32.608  1880  1896 E ActivityManager:   0% 1741/tombstoned: 0% user + 0% kernel / faults: 5 minor 2 major
12-07 14:27:32.608  1880  1896 E ActivityManager:   0.1% 18700/kworker/u9:4: 0% user + 0.1% kernel
12-07 14:27:32.608  1880  1896 E ActivityManager:   0% 32698/kworker/u9:3: 0% user + 0% kernel
12-07 14:27:32.608  1880  1896 E ActivityManager:   0% 7/rcu_preempt: 0% user + 0% kernel
12-07 14:27:32.608  1880  1896 E ActivityManager:   0% 32532/kworker/u8:4: 0% user + 0% kernel
12-07 14:27:32.608  1880  1896 E ActivityManager:   0% 16/ksoftirqd/2: 0% user + 0% kernel
12-07 14:27:32.608  1880  1896 E ActivityManager:   0% 1608/healthd: 0% user + 0% kernel
12-07 14:27:32.608  1880  1896 E ActivityManager:   0% 1619/android.hardware.gnss@1.0-service: 0% user + 0% kernel
12-07 14:27:32.608  1880  1896 E ActivityManager:   0% 1627/qemu-props: 0% user + 0% kernel / faults: 2 major
12-07 14:27:32.608  1880  1896 E ActivityManager:   0% 1628/audioserver: 0% user + 0% kernel / faults: 7 minor 5 major
12-07 14:27:32.608  1880  1896 E ActivityManager:   0% 1724/cameraserver: 0% user + 0% kernel / faults: 2 minor 6 major
12-07 14:27:32.608  1880  1896 E ActivityManager:   0% 31287/kworker/2:0: 0% user + 0% kernel
12-07 14:27:32.608  1880  1896 E ActivityManager:   0% 32291/kworker/u8:2: 0% user + 0% kernel
12-07 14:27:32.608  1880  1896 E ActivityManager:   0% 32598/kworker/u9:0: 0% user + 0% kernel
12-07 14:27:32.608  1880  1896 E ActivityManager:  +0% 1276/crash_dump32: 0% user + 0% kernel
12-07 14:27:32.608  1880  1896 E ActivityManager:  +0% 1278/com.google.android.inputmethod.latin: 0% user + 0% kernel
12-07 14:27:32.608  1880  1896 E ActivityManager: 12% TOTAL: 4.5% user + 6.8% kernel + 0.5% iowait + 0.2% softirq
12-07 14:27:32.608  1880  1896 E ActivityManager: CPU usage from 32ms to 5154ms later (2018-12-07 14:27:03.318 to 2018-12-07 14:27:08.440):
12-07 14:27:32.608  1880  1896 E ActivityManager:   56% 1880/system_server: 33% user + 23% kernel / faults: 432 minor 14 major
12-07 14:27:32.608  1880  1896 E ActivityManager:     50% 1896/ActivityManager: 30% user + 20% kernel
12-07 14:27:32.608  1880  1896 E ActivityManager:     2.6% 1889/HeapTaskDaemon: 1.4% user + 1.2% kernel
12-07 14:27:32.608  1880  1896 E ActivityManager:     1% 2357/Binder:1880_8: 0.6% user + 0.4% kernel
12-07 14:27:32.608  1880  1896 E ActivityManager:     0.6% 1934/android.anim: 0% user + 0.6% kernel
12-07 14:27:32.608  1880  1896 E ActivityManager:     0.6% 1954/InputDispatcher: 0.4% user + 0.2% kernel
12-07 14:27:32.608  1880  1896 E ActivityManager:     0.4% 1887/FinalizerDaemon: 0% user + 0.4% kernel
12-07 14:27:32.608  1880  1896 E ActivityManager:     0.4% 1904/android.display: 0.4% user + 0% kernel
12-07 14:27:32.608  1880  1896 E ActivityManager:     0.4% 2569/Binder:1880_A: 0.2% user + 0.2% kernel
12-07 14:27:32.608  1880  1896 E ActivityManager:     0.2% 1895/android.bg: 0.2% user + 0% kernel
12-07 14:27:32.608  1880  1896 E ActivityManager:     0.2% 2071/HwBinder:1880_3: 0.2% user + 0% kernel
12-07 14:27:32.608  1880  1896 E ActivityManager:     0.2% 3624/Binder:1880_12: 0.2% user + 0% kernel
12-07 14:27:32.608  1880  1896 E ActivityManager:   84% 2300/adbd: 4.7% user + 80% kernel / faults: 4626 minor 1 major
12-07 14:27:32.608  1880  1896 E ActivityManager:     83% 2306/->host-8: 1.1% user + 82% kernel
12-07 14:27:32.608  1880  1896 E ActivityManager:     0.7% 2300/adbd: 0% user + 0.7% kernel
12-07 14:27:32.608  1880  1896 E ActivityManager:   85% 2378/com.google.android.gms.persistent: 47% user + 38% kernel / faults: 32 minor
12-07 14:27:32.608  1880  1896 E ActivityManager:     84% 854/lowpool[1257]: 50% user + 34% kernel
12-07 14:27:32.608  1880  1896 E ActivityManager:   3.3% 1722/surfaceflinger: 0.5% user + 2.7% kernel / faults: 1 minor
12-07 14:27:32.608  1880  1896 E ActivityManager:     1.1% 1722/surfaceflinger: 0% user + 1.1% kernel
12-07 14:27:32.608  1880  1896 E ActivityManager:     0.9% 1750/DispSync: 0.3% user + 0.5% kernel
12-07 14:27:32.608  1880  1896 E ActivityManager:     0.5% 1752/sfEventThread: 0.3% user + 0.1% kernel
12-07 14:27:32.608  1880  1896 E ActivityManager:     0.1% 1749
12-07 14:27:38.144  1880  4995 E memtrack: Couldn't load memtrack module
12-07 14:27:38.245  1880  4995 E memtrack: Couldn't load memtrack module
12-07 14:27:40.470  1880  4995 E memtrack: Couldn't load memtrack module
12-07 14:27:40.540  1880  4995 E memtrack: Couldn't load memtrack module
12-07 14:27:40.624  1880  4995 E memtrack: Couldn't load memtrack module
12-07 14:27:40.708  1880  4995 E memtrack: Couldn't load memtrack module
12-07 14:27:43.113  1880  4995 E memtrack: Couldn't load memtrack module
12-07 14:27:43.199  1880  4995 E memtrack: Couldn't load memtrack module
12-07 14:27:43.275  1880  4995 E memtrack: Couldn't load memtrack module
12-07 14:27:43.348  1880  4995 E memtrack: Couldn't load memtrack module
12-07 14:27:43.411  1880  4995 E memtrack: Couldn't load memtrack module
12-07 14:27:45.727  1880  4995 E memtrack: Couldn't load memtrack module
12-07 14:27:45.799  1880  4995 E memtrack: Couldn't load memtrack module
12-07 14:27:45.872  1880  4995 E memtrack: Couldn't load memtrack module
12-07 14:27:45.934  1880  4995 E memtrack: Couldn't load memtrack module
12-07 14:27:46.002  1880  4995 E memtrack: Couldn't load memtrack module
12-07 14:27:50.856  1880  4995 E memtrack: Couldn't load memtrack module
12-07 14:27:50.926  1880  4995 E memtrack: Couldn't load memtrack module
12-07 14:27:51.003  1880  4995 E memtrack: Couldn't load memtrack module
12-07 14:27:51.074  1880  4995 E memtrack: Couldn't load memtrack module
12-07 14:27:51.139  1880  4995 E memtrack: Couldn't load memtrack module
12-07 14:27:53.525  1880  4995 E memtrack: Couldn't load memtrack module
12-07 14:27:53.602  1880  4995 E memtrack: Couldn't load memtrack module
12-07 14:27:53.671  1880  4995 E memtrack: Couldn't load memtrack module
