--------- beginning of main
--------- beginning of system
12-09 06:20:43.329  1885  1899 E ActivityManager: Failure starting process com.evancharlton.mileage
12-09 06:20:43.329  1885  1899 E ActivityManager: java.lang.SecurityException: Package com.evancharlton.mileage was not found!
12-09 06:20:43.329  1885  1899 E ActivityManager: 	at com.android.server.pm.PackageManagerService.checkPackageStartable(PackageManagerService.java:3987)
12-09 06:20:43.329  1885  1899 E ActivityManager: 	at com.android.server.am.ActivityManagerService.startProcessLocked(ActivityManagerService.java:4234)
12-09 06:20:43.329  1885  1899 E ActivityManager: 	at com.android.server.am.ActivityManagerService.startProcessLocked(ActivityManagerService.java:4199)
12-09 06:20:43.329  1885  1899 E ActivityManager: 	at com.android.server.am.ActivityManagerService.startProcessLocked(ActivityManagerService.java:4181)
12-09 06:20:43.329  1885  1899 E ActivityManager: 	at com.android.server.am.ActivityManagerService.startProcessLocked(ActivityManagerService.java:4067)
12-09 06:20:43.329  1885  1899 E ActivityManager: 	at com.android.server.am.ActivityStackSupervisor.startSpecificActivityLocked(ActivityStackSupervisor.java:1715)
12-09 06:20:43.329  1885  1899 E ActivityManager: 	at com.android.server.am.ActivityStack.resumeTopActivityInnerLocked(ActivityStack.java:2764)
12-09 06:20:43.329  1885  1899 E ActivityManager: 	at com.android.server.am.ActivityStack.resumeTopActivityUncheckedLocked(ActivityStack.java:2302)
12-09 06:20:43.329  1885  1899 E ActivityManager: 	at com.android.server.am.ActivityStackSupervisor.resumeFocusedStackTopActivityLocked(ActivityStackSupervisor.java:2234)
12-09 06:20:43.329  1885  1899 E ActivityManager: 	at com.android.server.am.ActivityStackSupervisor.resumeFocusedStackTopActivityLocked(ActivityStackSupervisor.java:2218)
12-09 06:20:43.329  1885  1899 E ActivityManager: 	at com.android.server.am.ActivityManagerService.handleAppDiedLocked(ActivityManagerService.java:5923)
12-09 06:20:43.329  1885  1899 E ActivityManager: 	at com.android.server.am.ActivityManagerService.removeProcessLocked(ActivityManagerService.java:7501)
12-09 06:20:43.329  1885  1899 E ActivityManager: 	at com.android.server.am.ActivityManagerService.killPackageProcessesLocked(ActivityManagerService.java:7142)
12-09 06:20:43.329  1885  1899 E ActivityManager: 	at com.android.server.am.ActivityManagerService.forceStopPackageLocked(ActivityManagerService.java:7275)
12-09 06:20:43.329  1885  1899 E ActivityManager: 	at com.android.server.am.ActivityManagerService$MainHandler.handleMessage(ActivityManagerService.java:2289)
12-09 06:20:43.329  1885  1899 E ActivityManager: 	at android.os.Handler.dispatchMessage(Handler.java:106)
12-09 06:20:43.329  1885  1899 E ActivityManager: 	at android.os.Looper.loop(Looper.java:193)
12-09 06:20:43.329  1885  1899 E ActivityManager: 	at android.os.HandlerThread.run(HandlerThread.java:65)
12-09 06:20:43.329  1885  1899 E ActivityManager: 	at com.android.server.ServiceThread.run(ServiceThread.java:44)
12-09 06:20:44.012  2378 27061 E ctxmgr  : [ProducerStatusImpl]updateStateForNewContextData: inactive, contextName=7
12-09 06:20:44.398  2378  2378 E BeaconBle: Scan couldn't start for Places
12-09 06:20:46.347  1731  1949 E         : Couldn't opendir /data/app/vmdl572839137.tmp: No such file or directory
12-09 06:20:46.347  1731  1949 E installd: Failed to delete /data/app/vmdl572839137.tmp: No such file or directory
12-09 06:20:47.386 27755 27755 E harlton.mileag: Not starting debugger since process cannot load the jdwp agent.
12-09 06:20:58.648  1885  1898 E memtrack: Couldn't load memtrack module
12-09 06:21:03.678  2378 26873 E ctxmgr  : [ProducerStatusImpl]updateStateForNewContextData: inactive, contextName=7
12-09 06:21:04.209  2378  2378 E BeaconBle: Missing BluetoothAdapter
12-09 06:21:04.245  2378  2378 E BeaconBle: Scan couldn't start for Places
12-09 06:21:07.086 23668 23668 E ContextIntentStarter: No activity found for any of the 0 intents
12-09 06:21:15.167  1834  1834 E netmgr  : Failed to open QEMU pipe 'qemud:network': Invalid argument
12-09 06:21:15.168  1834  1834 E netmgr  : WifiForwarder unable to open QEMU pipe: Invalid argument
12-09 06:21:18.671  1885  1898 E memtrack: Couldn't load memtrack module
12-09 06:21:18.827  1885  1898 E memtrack: Couldn't load memtrack module
12-09 06:21:18.991  1885  4139 E WindowManager: Performed 6 layouts in a row. Skipping
12-09 06:21:19.017  1885  1997 E WindowManager: Performed 6 layouts in a row. Skipping
12-09 06:21:19.039  1885  1938 E WindowManager: Performed 6 layouts in a row. Skipping
12-09 06:21:19.087  1885  1938 E WindowManager: Performed 6 layouts in a row. Skipping
12-09 06:21:19.112  1885  1907 E WindowManager: Performed 6 layouts in a row. Skipping
12-09 06:21:19.152  1885  1938 E WindowManager: Performed 6 layouts in a row. Skipping
12-09 06:21:19.181  1885  4139 E WindowManager: Performed 6 layouts in a row. Skipping
12-09 06:21:19.205  1885  1938 E WindowManager: Performed 6 layouts in a row. Skipping
12-09 06:21:19.224  1885  2494 E WindowManager: Performed 6 layouts in a row. Skipping
12-09 06:21:19.246  1885  1938 E WindowManager: Performed 6 layouts in a row. Skipping
12-09 06:21:19.293  1885  1938 E WindowManager: Performed 6 layouts in a row. Skipping
12-09 06:21:19.504  1885  4478 E WindowManager: Performed 6 layouts in a row. Skipping
12-09 06:21:19.536  1885  1938 E WindowManager: Performed 6 layouts in a row. Skipping
12-09 06:21:19.555  1885  1938 E WindowManager: Performed 6 layouts in a row. Skipping
12-09 06:21:19.587  1885  1900 E WindowManager: Performed 6 layouts in a row. Skipping
12-09 06:21:19.619  1885  1938 E WindowManager: Performed 6 layouts in a row. Skipping
12-09 06:21:19.644  1885  1938 E WindowManager: Performed 6 layouts in a row. Skipping
12-09 06:21:19.668  1885  2494 E WindowManager: Performed 6 layouts in a row. Skipping
12-09 06:21:19.697  1885  1938 E WindowManager: Performed 6 layouts in a row. Skipping
12-09 06:21:19.737  1885  1938 E WindowManager: Performed 6 layouts in a row. Skipping
12-09 06:21:19.771  1885  1938 E WindowManager: Performed 6 layouts in a row. Skipping
12-09 06:21:19.855  1885  1938 E WindowManager: Performed 6 layouts in a row. Skipping
12-09 06:21:22.861  1739  1762 E storaged: getDiskStats failed with result NOT_SUPPORTED and size 0
