--------- beginning of main
--------- beginning of crash
12-09 06:25:29.096 28844 28844 E AndroidRuntime: FATAL EXCEPTION: main
12-09 06:25:29.096 28844 28844 E AndroidRuntime: Process: com.evancharlton.mileage, PID: 28844
12-09 06:25:29.096 28844 28844 E AndroidRuntime: java.lang.NullPointerException: null receiver
12-09 06:25:29.096 28844 28844 E AndroidRuntime: 	at java.lang.reflect.Field.get(Native Method)
12-09 06:25:29.096 28844 28844 E AndroidRuntime: 	at com.evancharlton.mileage.dao.Dao.validate(Dao.java:230)
12-09 06:25:29.096 28844 28844 E AndroidRuntime: 	at com.evancharlton.mileage.dao.Dao.save(Dao.java:301)
12-09 06:25:29.096 28844 28844 E AndroidRuntime: 	at com.evancharlton.mileage.BaseFormActivity$1.onClick(BaseFormActivity.java:54)
12-09 06:25:29.096 28844 28844 E AndroidRuntime: 	at android.view.View.performClick(View.java:6597)
12-09 06:25:29.096 28844 28844 E AndroidRuntime: 	at android.view.View.performClickInternal(View.java:6574)
12-09 06:25:29.096 28844 28844 E AndroidRuntime: 	at android.view.View.access$3100(View.java:778)
12-09 06:25:29.096 28844 28844 E AndroidRuntime: 	at android.view.View$PerformClick.run(View.java:25885)
12-09 06:25:29.096 28844 28844 E AndroidRuntime: 	at android.os.Handler.handleCallback(Handler.java:873)
12-09 06:25:29.096 28844 28844 E AndroidRuntime: 	at android.os.Handler.dispatchMessage(Handler.java:99)
12-09 06:25:29.096 28844 28844 E AndroidRuntime: 	at android.os.Looper.loop(Looper.java:193)
12-09 06:25:29.096 28844 28844 E AndroidRuntime: 	at android.app.ActivityThread.main(ActivityThread.java:6669)
12-09 06:25:29.096 28844 28844 E AndroidRuntime: 	at java.lang.reflect.Method.invoke(Native Method)
12-09 06:25:29.096 28844 28844 E AndroidRuntime: 	at com.android.internal.os.RuntimeInit$MethodAndArgsCaller.run(RuntimeInit.java:493)
12-09 06:25:29.096 28844 28844 E AndroidRuntime: 	at com.android.internal.os.ZygoteInit.main(ZygoteInit.java:858)
--------- beginning of system
12-09 06:25:29.179  1885  1957 E InputDispatcher: channel 'b002de9 com.evancharlton.mileage/com.evancharlton.mileage.FieldActivity (server)' ~ Channel is unrecoverably broken and will be disposed!
12-09 06:25:29.181  1885  1957 E InputDispatcher: channel 'b224a51 PopupWindow:4bae1e5 (server)' ~ Channel is unrecoverably broken and will be disposed!
12-09 06:25:29.182  1885  1957 E InputDispatcher: channel '59e1f6f com.evancharlton.mileage/com.evancharlton.mileage.FieldListActivity (server)' ~ Channel is unrecoverably broken and will be disposed!
12-09 06:25:29.273 28890 28890 E harlton.mileag: Not starting debugger since process cannot load the jdwp agent.
12-09 06:25:31.094  1885  1899 E ActivityManager: Failure starting process com.evancharlton.mileage
12-09 06:25:31.094  1885  1899 E ActivityManager: java.lang.SecurityException: Package com.evancharlton.mileage is currently frozen!
12-09 06:25:31.094  1885  1899 E ActivityManager: 	at com.android.server.pm.PackageManagerService.checkPackageStartable(PackageManagerService.java:4000)
12-09 06:25:31.094  1885  1899 E ActivityManager: 	at com.android.server.am.ActivityManagerService.startProcessLocked(ActivityManagerService.java:4234)
12-09 06:25:31.094  1885  1899 E ActivityManager: 	at com.android.server.am.ActivityManagerService.startProcessLocked(ActivityManagerService.java:4199)
12-09 06:25:31.094  1885  1899 E ActivityManager: 	at com.android.server.am.ActivityManagerService.startProcessLocked(ActivityManagerService.java:4181)
12-09 06:25:31.094  1885  1899 E ActivityManager: 	at com.android.server.am.ActivityManagerService.startProcessLocked(ActivityManagerService.java:4067)
12-09 06:25:31.094  1885  1899 E ActivityManager: 	at com.android.server.am.ActivityStackSupervisor.startSpecificActivityLocked(ActivityStackSupervisor.java:1715)
12-09 06:25:31.094  1885  1899 E ActivityManager: 	at com.android.server.am.ActivityStack.resumeTopActivityInnerLocked(ActivityStack.java:2764)
12-09 06:25:31.094  1885  1899 E ActivityManager: 	at com.android.server.am.ActivityStack.resumeTopActivityUncheckedLocked(ActivityStack.java:2302)
12-09 06:25:31.094  1885  1899 E ActivityManager: 	at com.android.server.am.ActivityStackSupervisor.resumeFocusedStackTopActivityLocked(ActivityStackSupervisor.java:2234)
12-09 06:25:31.094  1885  1899 E ActivityManager: 	at com.android.server.am.ActivityStackSupervisor.resumeFocusedStackTopActivityLocked(ActivityStackSupervisor.java:2218)
12-09 06:25:31.094  1885  1899 E ActivityManager: 	at com.android.server.am.ActivityManagerService.handleAppDiedLocked(ActivityManagerService.java:5923)
12-09 06:25:31.094  1885  1899 E ActivityManager: 	at com.android.server.am.ActivityManagerService.removeProcessLocked(ActivityManagerService.java:7501)
12-09 06:25:31.094  1885  1899 E ActivityManager: 	at com.android.server.am.ActivityManagerService.killPackageProcessesLocked(ActivityManagerService.java:7142)
12-09 06:25:31.094  1885  1899 E ActivityManager: 	at com.android.server.am.ActivityManagerService.forceStopPackageLocked(ActivityManagerService.java:7275)
12-09 06:25:31.094  1885  1899 E ActivityManager: 	at com.android.server.am.ActivityManagerService$MainHandler.handleMessage(ActivityManagerService.java:2289)
12-09 06:25:31.094  1885  1899 E ActivityManager: 	at android.os.Handler.dispatchMessage(Handler.java:106)
12-09 06:25:31.094  1885  1899 E ActivityManager: 	at android.os.Looper.loop(Looper.java:193)
12-09 06:25:31.094  1885  1899 E ActivityManager: 	at android.os.HandlerThread.run(HandlerThread.java:65)
12-09 06:25:31.094  1885  1899 E ActivityManager: 	at com.android.server.ServiceThread.run(ServiceThread.java:44)
12-09 06:25:31.810  2378 28915 E ctxmgr  : [ProducerStatusImpl]updateStateForNewContextData: inactive, contextName=7
12-09 06:25:32.285  2378  3140 E PlaceInferenceEngine: Position timestamp out of order. Previous: 1544354700641, Current: 1544336732000. Skipping this Position.
12-09 06:25:32.481  2378  2378 E BeaconBle: Scan couldn't start for Places
12-09 06:25:34.507  1731  1731 E         : Couldn't opendir /data/app/vmdl1812609114.tmp: No such file or directory
12-09 06:25:34.507  1731  1731 E installd: Failed to delete /data/app/vmdl1812609114.tmp: No such file or directory
12-09 06:25:35.863 28972 28972 E harlton.mileag: Not starting debugger since process cannot load the jdwp agent.
12-09 06:25:44.137  1994  7294 E putmethod.lati: Invalid ID 0x00000001.
12-09 06:25:44.143  1994  7294 E LstmTrainingCache: emn: Can't get resource name for input slot
12-09 06:25:44.143  1994  7294 E LstmTrainingCache: android.content.res.Resources$NotFoundException: Unable to find resource ID #0x1
12-09 06:25:44.143  1994  7294 E LstmTrainingCache: 	at android.content.res.ResourcesImpl.getResourceName(ResourcesImpl.java:255)
12-09 06:25:44.143  1994  7294 E LstmTrainingCache: 	at android.content.res.Resources.getResourceName(Resources.java:1954)
12-09 06:25:44.143  1994  7294 E LstmTrainingCache: 	at emn.a(PG:12)
12-09 06:25:44.143  1994  7294 E LstmTrainingCache: 	at emk.run(PG:5)
12-09 06:25:44.143  1994  7294 E LstmTrainingCache: 	at java.lang.Thread.run(Thread.java:764)
12-09 06:25:46.355  1885  1898 E memtrack: Couldn't load memtrack module
12-09 06:25:52.836 23668 23701 E MicroDetectionWorker: Stale runnable..ignoring
12-09 06:25:52.900  2378 28825 E ctxmgr  : [ProducerStatusImpl]updateStateForNewContextData: inactive, contextName=7
12-09 06:25:53.283  2378  2378 E BeaconBle: Missing BluetoothAdapter
12-09 06:25:53.384  2378  2378 E BeaconBle: Scan couldn't start for Places
12-09 06:25:55.328 23668 23668 E ContextIntentStarter: No activity found for any of the 0 intents
12-09 06:25:55.733 28130 28130 E wpa_supplicant: nl80211: Failed to open /proc/sys/net/ipv4/conf/p2p-dev-wlan0/drop_unicast_in_l2_multicast: No such file or directory
12-09 06:25:55.733 28130 28130 E wpa_supplicant: nl80211: Failed to set IPv4 unicast in multicast filter
12-09 06:25:55.778 28130 28130 E wpa_supplicant: nl80211: Failed to open /proc/sys/net/ipv4/conf/p2p-dev-wlan0/drop_unicast_in_l2_multicast: No such file or directory
12-09 06:25:55.778 28130 28130 E wpa_supplicant: nl80211: Failed to set IPv4 unicast in multicast filter
12-09 06:25:55.831 29021 29021 E rrierdefaultap: Not starting debugger since process cannot load the jdwp agent.
12-09 06:25:55.969 28130 28130 E wpa_supplicant: nl80211: Failed to open /proc/sys/net/ipv4/conf/wlan0/drop_unicast_in_l2_multicast: No such file or directory
12-09 06:25:56.000 28130 28130 E wpa_supplicant: nl80211: Failed to set IPv4 unicast in multicast filter
12-09 06:25:56.001 28130 28130 E wpa_supplicant: nl80211: Failed to open /proc/sys/net/ipv4/conf/wlan0/drop_unicast_in_l2_multicast: No such file or directory
12-09 06:25:56.001 28130 28130 E wpa_supplicant: nl80211: Failed to set IPv4 unicast in multicast filter
12-09 06:25:56.080 28130 28130 E wpa_supplicant: nl80211: Failed to open /proc/sys/net/ipv4/conf/wlan0/drop_unicast_in_l2_multicast: No such file or directory
12-09 06:25:56.080 28130 28130 E wpa_supplicant: nl80211: Failed to set IPv4 unicast in multicast filter
12-09 06:25:56.211  1885 28134 E ConnectivityPacketTracker.wlan0: readPacket error: 
12-09 06:25:56.211  1885 28134 E ConnectivityPacketTracker.wlan0: android.system.ErrnoException: read failed: ENETDOWN (Network is down)
12-09 06:25:56.211  1885 28134 E ConnectivityPacketTracker.wlan0: 	at libcore.io.Linux.readBytes(Native Method)
12-09 06:25:56.211  1885 28134 E ConnectivityPacketTracker.wlan0: 	at libcore.io.Linux.read(Linux.java:184)
12-09 06:25:56.211  1885 28134 E ConnectivityPacketTracker.wlan0: 	at libcore.io.BlockGuardOs.read(BlockGuardOs.java:254)
12-09 06:25:56.211  1885 28134 E ConnectivityPacketTracker.wlan0: 	at android.system.Os.read(Os.java:414)
12-09 06:25:56.211  1885 28134 E ConnectivityPacketTracker.wlan0: 	at android.net.util.PacketReader.readPacket(PacketReader.java:137)
12-09 06:25:56.211  1885 28134 E ConnectivityPacketTracker.wlan0: 	at android.net.util.PacketReader.handleInput(PacketReader.java:207)
12-09 06:25:56.211  1885 28134 E ConnectivityPacketTracker.wlan0: 	at android.net.util.PacketReader.access$100(PacketReader.java:70)
12-09 06:25:56.211  1885 28134 E ConnectivityPacketTracker.wlan0: 	at android.net.util.PacketReader$1.onFileDescriptorEvents(PacketReader.java:189)
12-09 06:25:56.211  1885 28134 E ConnectivityPacketTracker.wlan0: 	at android.os.MessageQueue.dispatchEvents(MessageQueue.java:285)
12-09 06:25:56.211  1885 28134 E ConnectivityPacketTracker.wlan0: 	at android.os.MessageQueue.nativePollOnce(Native Method)
12-09 06:25:56.211  1885 28134 E ConnectivityPacketTracker.wlan0: 	at android.os.MessageQueue.next(MessageQueue.java:326)
12-09 06:25:56.211  1885 28134 E ConnectivityPacketTracker.wlan0: 	at android.os.Looper.loop(Looper.java:160)
12-09 06:25:56.211  1885 28134 E ConnectivityPacketTracker.wlan0: 	at android.os.HandlerThread.run(HandlerThread.java:65)
12-09 06:25:56.216  1885 28142 E DhcpClient: Read error
12-09 06:25:56.216  1885 28142 E DhcpClient: android.system.ErrnoException: read failed: ENETDOWN (Network is down)
12-09 06:25:56.216  1885 28142 E DhcpClient: 	at libcore.io.Linux.readBytes(Native Method)
12-09 06:25:56.216  1885 28142 E DhcpClient: 	at libcore.io.Linux.read(Linux.java:184)
12-09 06:25:56.216  1885 28142 E DhcpClient: 	at libcore.io.BlockGuardOs.read(BlockGuardOs.java:254)
12-09 06:25:56.216  1885 28142 E DhcpClient: 	at android.system.Os.read(Os.java:414)
12-09 06:25:56.216  1885 28142 E DhcpClient: 	at android.net.dhcp.DhcpClient$ReceiveThread.run(DhcpClient.java:364)
12-09 06:25:56.372  1629  1629 E android.hardware.wifi@1.0-service: Failed to open directory: Permission denied
12-09 06:25:56.373  1629  1629 E android.hardware.wifi@1.0-service: Error occurred while deleting old tombstone files
12-09 06:25:56.373  1629  1629 E android.hardware.wifi@1.0-service: Error writing files to flash
12-09 06:25:56.603  1885  1969 E SupplicantStaIfaceHal: Can't call setPowerSave, ISupplicantStaIface is null
12-09 06:25:56.603  1885  1969 E SupplicantStaIfaceHal: Can't call setBtCoexistenceMode, ISupplicantStaIface is null
12-09 06:25:56.682  1885  1969 E HalDevMgr: Should have at least 1 chip!
12-09 06:25:56.682  1885  1969 E HalDevMgr: dispatchAvailableForRequestListeners: no chip info found
12-09 06:25:56.686  1885  1969 E SupplicantStaIfaceHal: Can't call listNetworks, ISupplicantStaIface is null
12-09 06:25:56.686  1885  1969 E SupplicantStaIfaceHal: removeAllNetworks failed, got null networks
12-09 06:25:56.686  1885  1969 E WifiStateMachine: Failed to remove networks on exiting connect mode
12-09 06:25:56.688  1885  1971 E WifiP2pService: Unhandled message { when=-2ms what=131204 target=com.android.internal.util.StateMachine$SmHandler }
12-09 06:25:56.742  1885  1903 E BatteryExternalStatsWorker: no controller energy info supplied for wifi
12-09 06:25:56.798  2378 28158 E WakeLock: GCM_HB_ALARM release without a matched acquire!
12-09 06:25:56.803  2378 28158 E GCM     : Connection closed with errorCode 20
12-09 06:25:56.877  2378 28158 E WakeLock: GCM_CONN_ALARM release without a matched acquire!
12-09 06:25:56.952  1885  1970 E WificondControl: No valid wificond scanner interface handler
12-09 06:25:57.777  1629  1629 E android.hardware.wifi@1.0-service: Failed to register radio mode change callback
12-09 06:25:57.805  1629  1629 E android.hardware.wifi@1.0-service: Failed to set DFS flag; DFS channels may be unavailable.
12-09 06:25:57.998  1740  1740 E wificond: No Offload Service available
12-09 06:25:58.028  1885  1969 E SupplicantStaIfaceHal: Can't call setupIface, ISupplicantStaIface is null
12-09 06:25:58.167  1885  1970 E WifiVendorHal: getBgScanCapabilities(l.671) failed {.code = ERROR_NOT_SUPPORTED, .description = }
12-09 06:25:58.303  1885  1971 E WifiP2pService: Unhandled message { when=-1ms what=131203 target=com.android.internal.util.StateMachine$SmHandler }
12-09 06:25:58.371  1885  1971 E WifiP2pService: Unhandled message { when=-1ms what=131203 target=com.android.internal.util.StateMachine$SmHandler }
12-09 06:25:58.415  1885  1903 E BatteryExternalStatsWorker: no controller energy info supplied for wifi
12-09 06:25:58.461 29044 29044 E wpa_supplicant: nl80211: Failed to open /proc/sys/net/ipv4/conf/p2p-dev-wlan0/drop_unicast_in_l2_multicast: No such file or directory
12-09 06:25:58.461 29044 29044 E wpa_supplicant: nl80211: Failed to set IPv4 unicast in multicast filter
12-09 06:25:58.461 29044 29044 E wpa_supplicant: nl80211: Failed to open /proc/sys/net/ipv4/conf/p2p-dev-wlan0/drop_unicast_in_l2_multicast: No such file or directory
12-09 06:25:58.462 29044 29044 E wpa_supplicant: nl80211: Failed to set IPv4 unicast in multicast filter
12-09 06:25:58.571 29044 29044 E wpa_supplicant: nl80211: Failed to open /proc/sys/net/ipv4/conf/wlan0/drop_unicast_in_l2_multicast: No such file or directory
12-09 06:25:58.571 29044 29044 E wpa_supplicant: nl80211: Failed to set IPv4 unicast in multicast filter
12-09 06:25:58.691 29044 29044 E wpa_supplicant: nl80211: Failed to open /proc/sys/net/ipv4/conf/wlan0/drop_unicast_in_l2_multicast: No such file or directory
12-09 06:25:58.691 29044 29044 E wpa_supplicant: nl80211: Failed to set IPv4 unicast in multicast filter
12-09 06:25:58.910  1629  1629 E android.hardware.wifi@1.0-service: Failed to open directory: Permission denied
12-09 06:25:58.910  1629  1629 E android.hardware.wifi@1.0-service: Error occurred while deleting old tombstone files
12-09 06:25:58.910  1629  1629 E android.hardware.wifi@1.0-service: Error writing files to flash
12-09 06:25:59.123  1885  1969 E SupplicantStaIfaceHal: Can't call setPowerSave, ISupplicantStaIface is null
12-09 06:25:59.123  1885  1969 E SupplicantStaIfaceHal: Can't call setBtCoexistenceMode, ISupplicantStaIface is null
12-09 06:25:59.128  1885  1969 E HalDevMgr: Should have at least 1 chip!
12-09 06:25:59.128  1885  1969 E HalDevMgr: dispatchAvailableForRequestListeners: no chip info found
12-09 06:25:59.138  1885  1969 E SupplicantStaIfaceHal: Can't call listNetworks, ISupplicantStaIface is null
12-09 06:25:59.138  1885  1969 E SupplicantStaIfaceHal: removeAllNetworks failed, got null networks
12-09 06:25:59.138  1885  1969 E WifiStateMachine: Failed to remove networks on exiting connect mode
12-09 06:25:59.139  1885  1971 E WifiP2pService: Unhandled message { when=-1ms what=131204 target=com.android.internal.util.StateMachine$SmHandler }
12-09 06:25:59.161  1885  1970 E WificondControl: No valid wificond scanner interface handler
12-09 06:25:59.161  1885  1903 E BatteryExternalStatsWorker: no controller energy info supplied for wifi
12-09 06:25:59.169  1885  1903 E BatteryExternalStatsWorker: no controller energy info supplied for wifi
12-09 06:25:59.845  1885  1969 E WifiScanRequestProxy: Scan failure received. reason: -1,description: not available
