--------- beginning of system
12-08 07:40:56.686  1881  1895 E ActivityManager: Failure starting process com.evancharlton.mileage
12-08 07:40:56.686  1881  1895 E ActivityManager: java.lang.SecurityException: Package com.evancharlton.mileage is currently frozen!
12-08 07:40:56.686  1881  1895 E ActivityManager: 	at com.android.server.pm.PackageManagerService.checkPackageStartable(PackageManagerService.java:4000)
12-08 07:40:56.686  1881  1895 E ActivityManager: 	at com.android.server.am.ActivityManagerService.startProcessLocked(ActivityManagerService.java:4234)
12-08 07:40:56.686  1881  1895 E ActivityManager: 	at com.android.server.am.ActivityManagerService.startProcessLocked(ActivityManagerService.java:4199)
12-08 07:40:56.686  1881  1895 E ActivityManager: 	at com.android.server.am.ActivityManagerService.startProcessLocked(ActivityManagerService.java:4181)
12-08 07:40:56.686  1881  1895 E ActivityManager: 	at com.android.server.am.ActivityManagerService.startProcessLocked(ActivityManagerService.java:4067)
12-08 07:40:56.686  1881  1895 E ActivityManager: 	at com.android.server.am.ActivityStackSupervisor.startSpecificActivityLocked(ActivityStackSupervisor.java:1715)
12-08 07:40:56.686  1881  1895 E ActivityManager: 	at com.android.server.am.ActivityStack.resumeTopActivityInnerLocked(ActivityStack.java:2764)
12-08 07:40:56.686  1881  1895 E ActivityManager: 	at com.android.server.am.ActivityStack.resumeTopActivityUncheckedLocked(ActivityStack.java:2302)
12-08 07:40:56.686  1881  1895 E ActivityManager: 	at com.android.server.am.ActivityStackSupervisor.resumeFocusedStackTopActivityLocked(ActivityStackSupervisor.java:2234)
12-08 07:40:56.686  1881  1895 E ActivityManager: 	at com.android.server.am.ActivityStackSupervisor.resumeFocusedStackTopActivityLocked(ActivityStackSupervisor.java:2218)
12-08 07:40:56.686  1881  1895 E ActivityManager: 	at com.android.server.am.ActivityManagerService.handleAppDiedLocked(ActivityManagerService.java:5923)
12-08 07:40:56.686  1881  1895 E ActivityManager: 	at com.android.server.am.ActivityManagerService.removeProcessLocked(ActivityManagerService.java:7501)
12-08 07:40:56.686  1881  1895 E ActivityManager: 	at com.android.server.am.ActivityManagerService.killPackageProcessesLocked(ActivityManagerService.java:7142)
12-08 07:40:56.686  1881  1895 E ActivityManager: 	at com.android.server.am.ActivityManagerService.forceStopPackageLocked(ActivityManagerService.java:7275)
12-08 07:40:56.686  1881  1895 E ActivityManager: 	at com.android.server.am.ActivityManagerService$MainHandler.handleMessage(ActivityManagerService.java:2289)
12-08 07:40:56.686  1881  1895 E ActivityManager: 	at android.os.Handler.dispatchMessage(Handler.java:106)
12-08 07:40:56.686  1881  1895 E ActivityManager: 	at android.os.Looper.loop(Looper.java:193)
12-08 07:40:56.686  1881  1895 E ActivityManager: 	at android.os.HandlerThread.run(HandlerThread.java:65)
12-08 07:40:56.686  1881  1895 E ActivityManager: 	at com.android.server.ServiceThread.run(ServiceThread.java:44)
12-08 07:41:12.936  1738  1772 E storaged: getDiskStats failed with result NOT_SUPPORTED and size 0
--------- beginning of main
12-08 07:42:06.883  1828  1828 E netmgr  : Failed to open QEMU pipe 'qemud:network': Invalid argument
12-08 07:42:06.884  1828  1828 E netmgr  : WifiForwarder unable to open QEMU pipe: Invalid argument
12-08 07:42:13.848  1738  1772 E storaged: getDiskStats failed with result NOT_SUPPORTED and size 0
12-08 07:42:32.815  2494  2716 E PlayCommon: [101] com.google.android.play.b.g.a(448): Failed to connect to server: java.net.UnknownHostException: Unable to resolve host "play.googleapis.com": No address associated with hostname
12-08 07:43:08.555  1828  1828 E netmgr  : Failed to open QEMU pipe 'qemud:network': Invalid argument
12-08 07:43:08.555  1828  1828 E netmgr  : WifiForwarder unable to open QEMU pipe: Invalid argument
12-08 07:43:10.946  2448  5063 E ctxmgr  : [ProducerStatusImpl]updateStateForNewContextData: inactive, contextName=7
12-08 07:43:13.405  2448  2448 E BeaconBle: Missing BluetoothAdapter
12-08 07:43:13.480  2448  2448 E BeaconBle: Scan couldn't start for Places
12-08 07:43:15.554  1738  1772 E storaged: getDiskStats failed with result NOT_SUPPORTED and size 0
12-08 07:43:22.839  2692  2692 E ContextIntentStarter: No activity found for any of the 0 intents
12-08 07:43:32.542  2448  5025 E ctxmgr  : [ProducerStatusImpl]updateStateForNewContextData: inactive, contextName=7
12-08 07:43:37.375  2448  2448 E BeaconBle: Missing BluetoothAdapter
12-08 07:43:37.533  2448  2448 E BeaconBle: Scan couldn't start for Places
12-08 07:43:42.279  5284  5284 E boxed_process2: Not starting debugger since process cannot load the jdwp agent.
12-08 07:43:42.538  2692  2692 E ClientVe: Failed to create ClientVisualElementsProto for user interaction on view com.google.android.apps.gsa.searchbox.ui.suggestions.views.p{2f40374 VFE...CL. ...P.... 0,21-207,279 #bb} because the view is not tagged for visual element logging.
12-08 07:43:44.546  2692  2692 E ClientVe: Failed to create ClientVisualElementsProto for user interaction on view com.google.android.apps.gsa.searchbox.ui.suggestions.views.CoreSuggestionView{af210e VFE...CL. ...P.... 0,289-1038,436 #b9} because the view is not tagged for visual element logging.
12-08 07:43:44.593  2692  2692 E ClientVe: Failed to create ClientVisualElementsProto for user interaction on view com.google.android.apps.gsa.searchbox.ui.suggestions.views.CoreSuggestionView{2f2cec5 VFE...CL. ...P.... 0,436-1038,583 #ba} because the view is not tagged for visual element logging.
12-08 07:43:46.910  2692  4775 E IcingUsageReportRunnabl: Failed to connect when reporting usage: ConnectionResult{statusCode=TIMEOUT, resolution=null, message=null}
12-08 07:43:59.364  1611  1695 E audio_hw_generic: pcm_write failed cannot write stream data: I/O error
12-08 07:44:08.714  1828  1828 E netmgr  : Failed to open QEMU pipe 'qemud:network': Invalid argument
12-08 07:44:08.715  1828  1828 E netmgr  : WifiForwarder unable to open QEMU pipe: Invalid argument
12-08 07:44:11.245  1611  1695 E audio_hw_generic: pcm_write failed cannot write stream data: I/O error
12-08 07:44:16.081  1738  1772 E storaged: getDiskStats failed with result NOT_SUPPORTED and size 0
12-08 07:44:23.147  1611  1695 E audio_hw_generic: pcm_write failed cannot write stream data: I/O error
12-08 07:44:30.651  2692  2700 E ReloadingLock: Finalizing LOCKED Token[searchresults_activity 2018-12-08 07:43:54.518]
12-08 07:44:37.391  1611  1695 E audio_hw_generic: pcm_write failed cannot write stream data: I/O error
12-08 07:44:37.663  1992  1992 E native  : clearcut-logger.cc:191 USER_EDIT span#originalSpan is missing
12-08 07:44:40.101  1881  1894 E memtrack: Couldn't load memtrack module
12-08 07:44:49.237  1611  1695 E audio_hw_generic: pcm_write failed cannot write stream data: I/O error
