--------- beginning of system
--------- beginning of main
12-09 10:55:36.489  1885  1938 E WindowManager: Performed 6 layouts in a row. Skipping
12-09 10:55:38.954  1885  1899 E ActivityManager: Failure starting process com.evancharlton.mileage
12-09 10:55:38.954  1885  1899 E ActivityManager: java.lang.SecurityException: Package com.evancharlton.mileage was not found!
12-09 10:55:38.954  1885  1899 E ActivityManager: 	at com.android.server.pm.PackageManagerService.checkPackageStartable(PackageManagerService.java:3987)
12-09 10:55:38.954  1885  1899 E ActivityManager: 	at com.android.server.am.ActivityManagerService.startProcessLocked(ActivityManagerService.java:4234)
12-09 10:55:38.954  1885  1899 E ActivityManager: 	at com.android.server.am.ActivityManagerService.startProcessLocked(ActivityManagerService.java:4199)
12-09 10:55:38.954  1885  1899 E ActivityManager: 	at com.android.server.am.ActivityManagerService.startProcessLocked(ActivityManagerService.java:4181)
12-09 10:55:38.954  1885  1899 E ActivityManager: 	at com.android.server.am.ActivityManagerService.startProcessLocked(ActivityManagerService.java:4067)
12-09 10:55:38.954  1885  1899 E ActivityManager: 	at com.android.server.am.ActivityStackSupervisor.startSpecificActivityLocked(ActivityStackSupervisor.java:1715)
12-09 10:55:38.954  1885  1899 E ActivityManager: 	at com.android.server.am.ActivityStack.resumeTopActivityInnerLocked(ActivityStack.java:2764)
12-09 10:55:38.954  1885  1899 E ActivityManager: 	at com.android.server.am.ActivityStack.resumeTopActivityUncheckedLocked(ActivityStack.java:2302)
12-09 10:55:38.954  1885  1899 E ActivityManager: 	at com.android.server.am.ActivityStackSupervisor.resumeFocusedStackTopActivityLocked(ActivityStackSupervisor.java:2234)
12-09 10:55:38.954  1885  1899 E ActivityManager: 	at com.android.server.am.ActivityStackSupervisor.resumeFocusedStackTopActivityLocked(ActivityStackSupervisor.java:2218)
12-09 10:55:38.954  1885  1899 E ActivityManager: 	at com.android.server.am.ActivityManagerService.handleAppDiedLocked(ActivityManagerService.java:5923)
12-09 10:55:38.954  1885  1899 E ActivityManager: 	at com.android.server.am.ActivityManagerService.removeProcessLocked(ActivityManagerService.java:7501)
12-09 10:55:38.954  1885  1899 E ActivityManager: 	at com.android.server.am.ActivityManagerService.killPackageProcessesLocked(ActivityManagerService.java:7142)
12-09 10:55:38.954  1885  1899 E ActivityManager: 	at com.android.server.am.ActivityManagerService.forceStopPackageLocked(ActivityManagerService.java:7275)
12-09 10:55:38.954  1885  1899 E ActivityManager: 	at com.android.server.am.ActivityManagerService$MainHandler.handleMessage(ActivityManagerService.java:2289)
12-09 10:55:38.954  1885  1899 E ActivityManager: 	at android.os.Handler.dispatchMessage(Handler.java:106)
12-09 10:55:38.954  1885  1899 E ActivityManager: 	at android.os.Looper.loop(Looper.java:193)
12-09 10:55:38.954  1885  1899 E ActivityManager: 	at android.os.HandlerThread.run(HandlerThread.java:65)
12-09 10:55:38.954  1885  1899 E ActivityManager: 	at com.android.server.ServiceThread.run(ServiceThread.java:44)
12-09 10:55:39.455 21326 21326 E id.defcontaine: Not starting debugger since process cannot load the jdwp agent.
12-09 10:55:39.500 21333 21333 E oid.documentsu: Not starting debugger since process cannot load the jdwp agent.
12-09 10:55:39.567 21355 21355 E ndroid.keychai: Not starting debugger since process cannot load the jdwp agent.
12-09 10:55:40.239 21396 21396 E droid.apps.doc: Not starting debugger since process cannot load the jdwp agent.
12-09 10:55:41.495 21424 21424 E d.process.medi: Not starting debugger since process cannot load the jdwp agent.
12-09 10:55:41.546 21439 21439 E id.defcontaine: Not starting debugger since process cannot load the jdwp agent.
12-09 10:55:41.660 21455 21455 E ocess.gservice: Not starting debugger since process cannot load the jdwp agent.
12-09 10:55:42.334 21396 21396 E DocsApplication: [main] No default account found during application creation.
12-09 10:55:43.540  1731  1949 E         : Couldn't opendir /data/app/vmdl136842999.tmp: No such file or directory
12-09 10:55:43.540  1731  1949 E installd: Failed to delete /data/app/vmdl136842999.tmp: No such file or directory
12-09 10:55:46.460 21512 21512 E harlton.mileag: Not starting debugger since process cannot load the jdwp agent.
12-09 10:55:47.773  1994  7294 E putmethod.lati: Invalid ID 0x00000001.
12-09 10:55:47.782  1994  7294 E LstmTrainingCache: emn: Can't get resource name for input slot
12-09 10:55:47.782  1994  7294 E LstmTrainingCache: android.content.res.Resources$NotFoundException: Unable to find resource ID #0x1
12-09 10:55:47.782  1994  7294 E LstmTrainingCache: 	at android.content.res.ResourcesImpl.getResourceName(ResourcesImpl.java:255)
12-09 10:55:47.782  1994  7294 E LstmTrainingCache: 	at android.content.res.Resources.getResourceName(Resources.java:1954)
12-09 10:55:47.782  1994  7294 E LstmTrainingCache: 	at emn.a(PG:12)
12-09 10:55:47.782  1994  7294 E LstmTrainingCache: 	at emk.run(PG:5)
12-09 10:55:47.782  1994  7294 E LstmTrainingCache: 	at java.lang.Thread.run(Thread.java:764)
12-09 10:55:53.267  1633  1633 E lowmemorykiller: Error opening /proc/21099/oom_score_adj; errno=2
12-09 10:55:53.328  1633  1633 E lowmemorykiller: Error opening /proc/21099/oom_score_adj; errno=2
12-09 10:55:57.726 21541 21541 E emui:screensho: Not starting debugger since process cannot load the jdwp agent.
12-09 10:55:58.463 21541 21541 E SoundPool: error loading /product/media/audio/ui/camera_click.ogg
12-09 10:55:58.697  1726  1873 E SurfaceFlinger: ro.sf.lcd_density must be defined as a build property
12-09 10:55:58.848  1741  2075 E OMXNodeInstance: getConfig(0xe93913c0:google.vorbis.decoder, ConfigAndroidVendorExtension(0x6f100004)) ERROR: Undefined(0x80001001)
12-09 10:55:58.868  1726  1751 E SurfaceFlinger: ro.sf.lcd_density must be defined as a build property
12-09 10:56:01.434 21574 21574 E d.process.medi: Not starting debugger since process cannot load the jdwp agent.
12-09 10:56:03.122  1994  1994 E RecyclerView: No adapter attached; skipping layout
12-09 10:56:03.328 21595 21595 E earchbox:searc: Not starting debugger since process cannot load the jdwp agent.
12-09 10:56:04.842 21595 21595 E OverlaySController: Calling with an invalid UID, the interface will not work
12-09 10:56:05.223 21619 21619 E ocess.gservice: Not starting debugger since process cannot load the jdwp agent.
12-09 10:56:05.498 21595 21629 E BluetoothAdapter: Bluetooth binder is null
12-09 10:56:05.506 21642 21642 E id.partnersetu: Not starting debugger since process cannot load the jdwp agent.
12-09 10:56:05.539 21653 21653 E e.process.gapp: Not starting debugger since process cannot load the jdwp agent.
12-09 10:56:08.669  1726  2181 E SurfaceFlinger: ro.sf.lcd_density must be defined as a build property
12-09 10:56:08.954  1726  1911 E SurfaceFlinger: ro.sf.lcd_density must be defined as a build property
12-09 10:56:13.905  2378 20356 E ctxmgr  : [ProducerStatusImpl]updateStateForNewContextData: inactive, contextName=7
12-09 10:56:13.954  2378 20356 E ctxmgr  : [ProducerStatusImpl]updateStateForNewContextData: inactive, contextName=1
12-09 10:56:14.258  2378  2378 E BeaconBle: Missing BluetoothAdapter
12-09 10:56:14.287  2378  3140 E PlaceInferenceEngine: Position timestamp out of order. Previous: 1544352761208, Current: 1544334974000. Skipping this Position.
12-09 10:56:14.362  2378  2378 E BeaconBle: Scan couldn't start for Places
12-09 10:56:14.755 21595 21595 E ContextIntentStarter: No activity found for any of the 0 intents
12-09 10:56:14.787  1834  1834 E netmgr  : Failed to open QEMU pipe 'qemud:network': Invalid argument
12-09 10:56:14.787  1834  1834 E netmgr  : WifiForwarder unable to open QEMU pipe: Invalid argument
12-09 10:56:22.273  1633  1633 E lowmemorykiller: Error writing /proc/21595/oom_score_adj; errno=22
12-09 10:56:22.500  1739  1762 E storaged: getDiskStats failed with result NOT_SUPPORTED and size 0
12-09 10:56:22.512 21717 21717 E oid.apps.photo: Not starting debugger since process cannot load the jdwp agent.
12-09 10:56:22.596  2342  2342 E DrawerOverlayClient: Error starting session for search
12-09 10:56:22.596  2342  2342 E DrawerOverlayClient: android.os.DeadObjectException
12-09 10:56:22.596  2342  2342 E DrawerOverlayClient: 	at android.os.BinderProxy.transactNative(Native Method)
12-09 10:56:22.596  2342  2342 E DrawerOverlayClient: 	at android.os.BinderProxy.transact(Binder.java:1127)
12-09 10:56:22.596  2342  2342 E DrawerOverlayClient: 	at com.google.android.aidl.BaseProxy.transactAndReadException(SourceFile:45)
12-09 10:56:22.596  2342  2342 E DrawerOverlayClient: 	at com.google.android.libraries.launcherclient.ILauncherOverlay$Stub$Proxy.startSearch(SourceFile:390)
12-09 10:56:22.596  2342  2342 E DrawerOverlayClient: 	at com.google.android.libraries.gsa.launcherclient.LauncherClient.startSearch(SourceFile:676)
12-09 10:56:22.596  2342  2342 E DrawerOverlayClient: 	at com.google.android.apps.nexuslauncher.qsb.HotseatQsbWidget.a(SourceFile:194)
12-09 10:56:22.596  2342  2342 E DrawerOverlayClient: 	at com.google.android.apps.nexuslauncher.qsb.HotseatQsbWidget.k(SourceFile:184)
12-09 10:56:22.596  2342  2342 E DrawerOverlayClient: 	at com.google.android.apps.nexuslauncher.d.startSearch$4aa4b603(SourceFile:338)
12-09 10:56:22.596  2342  2342 E DrawerOverlayClient: 	at com.android.launcher3.Launcher.startSearch(SourceFile:1376)
12-09 10:56:22.596  2342  2342 E DrawerOverlayClient: 	at android.app.Activity.onKeyDown(Activity.java:3036)
12-09 10:56:22.596  2342  2342 E DrawerOverlayClient: 	at android.view.KeyEvent.dispatch(KeyEvent.java:2692)
12-09 10:56:22.596  2342  2342 E DrawerOverlayClient: 	at android.app.Activity.dispatchKeyEvent(Activity.java:3365)
12-09 10:56:22.596  2342  2342 E DrawerOverlayClient: 	at com.android.launcher3.Launcher.dispatchKeyEvent(SourceFile:1579)
12-09 10:56:22.596  2342  2342 E DrawerOverlayClient: 	at com.android.internal.policy.DecorView.dispatchKeyEvent(DecorView.java:342)
12-09 10:56:22.596  2342  2342 E DrawerOverlayClient: 	at android.view.ViewRootImpl$ViewPostImeInputStage.processKeyEvent(ViewRootImpl.java:5037)
12-09 10:56:22.596  2342  2342 E DrawerOverlayClient: 	at android.view.ViewRootImpl$ViewPostImeInputStage.onProcess(ViewRootImpl.java:4905)
12-09 10:56:22.596  2342  2342 E DrawerOverlayClient: 	at android.view.ViewRootImpl$InputStage.deliver(ViewRootImpl.java:4426)
12-09 10:56:22.596  2342  2342 E DrawerOverlayClient: 	at android.view.ViewRootImpl$InputStage.onDeliverToNext(ViewRootImpl.java:4479)
12-09 10:56:22.596  2342  2342 E DrawerOverlayClient: 	at android.view.ViewRootImpl$InputStage.forward(ViewRootImpl.java:4445)
12-09 10:56:22.596  2342  2342 E DrawerOverlayClient: 	at android.view.ViewRootImpl$AsyncInputStage.forward(ViewRootImpl.java:4585)
12-09 10:56:22.596  2342  2342 E DrawerOverlayClient: 	at android.view.ViewRootImpl$InputStage.apply(ViewRootImpl.java:4453)
12-09 10:56:22.596  2342  2342 E DrawerOverlayClient: 	at android.view.ViewRootImpl$AsyncInputStage.apply(ViewRootImpl.java:4642)
12-09 10:56:22.596  2342  2342 E DrawerOverlayClient: 	at android.view.ViewRootImpl$InputStage.deliver(ViewRootImpl.java:4426)
12-09 10:56:22.596  2342  2342 E DrawerOverlayClient: 	at android.view.ViewRootImpl$InputStage.onDeliverToNext(ViewRootImpl.java:4479)
12-09 10:56:22.596  2342  2342 E DrawerOverlayClient: 	at android.view.ViewRootImpl$InputStage.forward(ViewRootImpl.java:4445)
12-09 10:56:22.596  2342  2342 E DrawerOverlayClient: 	at android.view.ViewRootImpl$InputStage.apply(ViewRootImpl.java:4453)
12-09 10:56:22.596  2342  2342 E DrawerOverlayClient: 	at android.view.ViewRootImpl$InputStage.deliver(ViewRootImpl.java:4426)
12-09 10:56:22.596  2342  2342 E DrawerOverlayClient: 	at android.view.ViewRootImpl$InputStage.onDeliverToNext(ViewRootImpl.java:4479)
12-09 10:56:22.596  2342  2342 E DrawerOverlayClient: 	at android.view.ViewRootImpl$InputStage.forward(ViewRootImpl.java:4445)
12-09 10:56:22.596  2342  2342 E DrawerOverlayClient: 	at android.view.ViewRootImpl$AsyncInputStage.forward(ViewRootImpl.java:4618)
12-09 10:56:22.596  2342  2342 E DrawerOverlayClient: 	at android.view.ViewRootImpl$ImeInputStage.onFinishedInputEvent(ViewRootImpl.java:4779)
12-09 10:56:22.596  2342  2342 E DrawerOverlayClient: 	at android.view.inputmethod.InputMethodManager$PendingEvent.run(InputMethodManager.java:2571)
12-09 10:56:22.596  2342  2342 E DrawerOverlayClient: 	at android.view.inputmethod.InputMethodManager.invokeFinishedInputEventCallback(InputMethodManager.java:2081)
12-09 10:56:22.596  2342  2342 E DrawerOverlayClient: 	at android.view.inputmethod.InputMethodManager.finishedInputEvent(InputMethodManager.java:2072)
12-09 10:56:22.596  2342  2342 E DrawerOverlayClient: 	at android.view.inputmethod.InputMethodManager$H.handleMessage(InputMethodManager.java:541)
12-09 10:56:22.596  2342  2342 E DrawerOverlayClient: 	at android.os.Handler.dispatchMessage(Handler.java:106)
12-09 10:56:22.596  2342  2342 E DrawerOverlayClient: 	at android.os.Looper.loop(Looper.java:193)
12-09 10:56:22.596  2342  2342 E DrawerOverlayClient: 	at android.app.ActivityThread.main(ActivityThread.java:6669)
12-09 10:56:22.596  2342  2342 E DrawerOverlayClient: 	at java.lang.reflect.Method.invoke(Native Method)
12-09 10:56:22.596  2342  2342 E DrawerOverlayClient: 	at com.android.internal.os.RuntimeInit$MethodAndArgsCaller.run(RuntimeInit.java:493)
12-09 10:56:22.596  2342  2342 E DrawerOverlayClient: 	at com.android.internal.os.ZygoteInit.main(ZygoteInit.java:858)
12-09 10:56:23.420 21732 21732 E earchbox:searc: Not starting debugger since process cannot load the jdwp agent.
12-09 10:56:23.693 21757 21757 E d.process.medi: Not starting debugger since process cannot load the jdwp agent.
12-09 10:56:25.289 21732 21732 E OverlaySController: Calling with an invalid UID, the interface will not work
12-09 10:56:26.455  1633  1633 E lowmemorykiller: Error writing /proc/21653/oom_score_adj; errno=22
12-09 10:56:26.506 21732 21798 E BluetoothAdapter: Bluetooth binder is null
12-09 10:56:26.629 21809 21809 E e.process.gapp: Not starting debugger since process cannot load the jdwp agent.
12-09 10:56:33.000  1726  1750 E SurfaceFlinger: ro.sf.lcd_density must be defined as a build property
12-09 10:56:33.401  1726  1750 E SurfaceFlinger: ro.sf.lcd_density must be defined as a build property
12-09 10:57:14.794  1834  1834 E netmgr  : Failed to open QEMU pipe 'qemud:network': Invalid argument
12-09 10:57:14.794  1834  1834 E netmgr  : WifiForwarder unable to open QEMU pipe: Invalid argument
12-09 10:57:19.837  2342  2342 E SchedPolicy: set_timerslack_ns write failed: Operation not permitted
12-09 10:57:22.508  1739  1762 E storaged: getDiskStats failed with result NOT_SUPPORTED and size 0
12-09 10:57:28.823  2342  2342 E SchedPolicy: set_timerslack_ns write failed: Operation not permitted
12-09 10:58:14.795  1834  1834 E netmgr  : Failed to open QEMU pipe 'qemud:network': Invalid argument
12-09 10:58:14.796  1834  1834 E netmgr  : WifiForwarder unable to open QEMU pipe: Invalid argument
12-09 10:58:22.513  1739  1762 E storaged: getDiskStats failed with result NOT_SUPPORTED and size 0
12-09 10:59:13.121  1633  1633 E lowmemorykiller: Error opening /proc/21809/oom_score_adj; errno=2
12-09 10:59:14.797  1834  1834 E netmgr  : Failed to open QEMU pipe 'qemud:network': Invalid argument
12-09 10:59:14.797  1834  1834 E netmgr  : WifiForwarder unable to open QEMU pipe: Invalid argument
