--------- beginning of main
--------- beginning of system
12-07 21:07:26.956 31566 31566 E id.defcontaine: Not starting debugger since process cannot load the jdwp agent.
12-07 21:07:26.985 31578 31578 E oid.documentsu: Not starting debugger since process cannot load the jdwp agent.
12-07 21:07:27.048 31595 31595 E ndroid.keychai: Not starting debugger since process cannot load the jdwp agent.
12-07 21:07:27.805 31640 31640 E droid.apps.doc: Not starting debugger since process cannot load the jdwp agent.
12-07 21:07:29.114 31671 31671 E d.process.medi: Not starting debugger since process cannot load the jdwp agent.
12-07 21:07:29.321 31689 31689 E ocess.gservice: Not starting debugger since process cannot load the jdwp agent.
12-07 21:07:30.517 31640 31640 E DocsApplication: [main] No default account found during application creation.
12-07 21:07:31.023  1729  1931 E         : Couldn't opendir /data/app/vmdl460963869.tmp: No such file or directory
12-07 21:07:31.024  1729  1931 E installd: Failed to delete /data/app/vmdl460963869.tmp: No such file or directory
12-07 21:07:32.158  1737  1809 E storaged: getDiskStats failed with result NOT_SUPPORTED and size 0
12-07 21:07:34.144 31741 31741 E harlton.mileag: Not starting debugger since process cannot load the jdwp agent.
12-07 21:07:35.798 31763 31763 E hod.latin:trai: Not starting debugger since process cannot load the jdwp agent.
12-07 21:07:43.143 31798 31798 E emui:screensho: Not starting debugger since process cannot load the jdwp agent.
12-07 21:07:43.521 31741 31759 E SQLiteLog: (1) no such table: fillups
12-07 21:07:43.545 31741 31759 E DatabaseUpgrader: Couldn't upgrade database!
12-07 21:07:43.545 31741 31759 E DatabaseUpgrader: android.database.sqlite.SQLiteException: no such table: fillups (code 1 SQLITE_ERROR): , while compiling: ALTER TABLE fillups ADD COLUMN is_partial INTEGER;
12-07 21:07:43.545 31741 31759 E DatabaseUpgrader: 	at android.database.sqlite.SQLiteConnection.nativePrepareStatement(Native Method)
12-07 21:07:43.545 31741 31759 E DatabaseUpgrader: 	at android.database.sqlite.SQLiteConnection.acquirePreparedStatement(SQLiteConnection.java:903)
12-07 21:07:43.545 31741 31759 E DatabaseUpgrader: 	at android.database.sqlite.SQLiteConnection.prepare(SQLiteConnection.java:514)
12-07 21:07:43.545 31741 31759 E DatabaseUpgrader: 	at android.database.sqlite.SQLiteSession.prepare(SQLiteSession.java:588)
12-07 21:07:43.545 31741 31759 E DatabaseUpgrader: 	at android.database.sqlite.SQLiteProgram.<init>(SQLiteProgram.java:58)
12-07 21:07:43.545 31741 31759 E DatabaseUpgrader: 	at android.database.sqlite.SQLiteStatement.<init>(SQLiteStatement.java:31)
12-07 21:07:43.545 31741 31759 E DatabaseUpgrader: 	at android.database.sqlite.SQLiteDatabase.executeSql(SQLiteDatabase.java:1769)
12-07 21:07:43.545 31741 31759 E DatabaseUpgrader: 	at android.database.sqlite.SQLiteDatabase.execSQL(SQLiteDatabase.java:1698)
12-07 21:07:43.545 31741 31759 E DatabaseUpgrader: 	at com.evancharlton.mileage.provider.DatabaseUpgrader.exec(DatabaseUpgrader.java:105)
12-07 21:07:43.545 31741 31759 E DatabaseUpgrader: 	at com.evancharlton.mileage.provider.DatabaseUpgrader.upgradeDatabase(DatabaseUpgrader.java:44)
12-07 21:07:43.545 31741 31759 E DatabaseUpgrader: 	at com.evancharlton.mileage.provider.DatabaseUpgrader.upgradeDatabase(DatabaseUpgrader.java:89)
12-07 21:07:43.545 31741 31759 E DatabaseUpgrader: 	at com.evancharlton.mileage.tasks.DbImportTask.upgradeDatabase(DbImportTask.java:77)
12-07 21:07:43.545 31741 31759 E DatabaseUpgrader: 	at com.evancharlton.mileage.tasks.DbImportTask.doInBackground(DbImportTask.java:43)
12-07 21:07:43.545 31741 31759 E DatabaseUpgrader: 	at com.evancharlton.mileage.tasks.DbImportTask.doInBackground(DbImportTask.java:20)
12-07 21:07:43.545 31741 31759 E DatabaseUpgrader: 	at android.os.AsyncTask$2.call(AsyncTask.java:333)
12-07 21:07:43.545 31741 31759 E DatabaseUpgrader: 	at java.util.concurrent.FutureTask.run(FutureTask.java:266)
12-07 21:07:43.545 31741 31759 E DatabaseUpgrader: 	at java.util.concurrent.ThreadPoolExecutor.runWorker(ThreadPoolExecutor.java:1167)
12-07 21:07:43.545 31741 31759 E DatabaseUpgrader: 	at java.util.concurrent.ThreadPoolExecutor$Worker.run(ThreadPoolExecutor.java:641)
12-07 21:07:43.545 31741 31759 E DatabaseUpgrader: 	at java.lang.Thread.run(Thread.java:764)
12-07 21:07:43.855 31798 31798 E SoundPool: error loading /product/media/audio/ui/camera_click.ogg
12-07 21:07:44.089 31741 31778 E SQLiteLog: (1) no such table: fillups
12-07 21:07:44.091 31741 31778 E DatabaseUpgrader: Couldn't upgrade database!
12-07 21:07:44.091 31741 31778 E DatabaseUpgrader: android.database.sqlite.SQLiteException: no such table: fillups (code 1 SQLITE_ERROR): , while compiling: ALTER TABLE fillups ADD COLUMN is_partial INTEGER;
12-07 21:07:44.091 31741 31778 E DatabaseUpgrader: 	at android.database.sqlite.SQLiteConnection.nativePrepareStatement(Native Method)
12-07 21:07:44.091 31741 31778 E DatabaseUpgrader: 	at android.database.sqlite.SQLiteConnection.acquirePreparedStatement(SQLiteConnection.java:903)
12-07 21:07:44.091 31741 31778 E DatabaseUpgrader: 	at android.database.sqlite.SQLiteConnection.prepare(SQLiteConnection.java:514)
12-07 21:07:44.091 31741 31778 E DatabaseUpgrader: 	at android.database.sqlite.SQLiteSession.prepare(SQLiteSession.java:588)
12-07 21:07:44.091 31741 31778 E DatabaseUpgrader: 	at android.database.sqlite.SQLiteProgram.<init>(SQLiteProgram.java:58)
12-07 21:07:44.091 31741 31778 E DatabaseUpgrader: 	at android.database.sqlite.SQLiteStatement.<init>(SQLiteStatement.java:31)
12-07 21:07:44.091 31741 31778 E DatabaseUpgrader: 	at android.database.sqlite.SQLiteDatabase.executeSql(SQLiteDatabase.java:1769)
12-07 21:07:44.091 31741 31778 E DatabaseUpgrader: 	at android.database.sqlite.SQLiteDatabase.execSQL(SQLiteDatabase.java:1698)
12-07 21:07:44.091 31741 31778 E DatabaseUpgrader: 	at com.evancharlton.mileage.provider.DatabaseUpgrader.exec(DatabaseUpgrader.java:105)
12-07 21:07:44.091 31741 31778 E DatabaseUpgrader: 	at com.evancharlton.mileage.provider.DatabaseUpgrader.upgradeDatabase(DatabaseUpgrader.java:44)
12-07 21:07:44.091 31741 31778 E DatabaseUpgrader: 	at com.evancharlton.mileage.provider.DatabaseUpgrader.upgradeDatabase(DatabaseUpgrader.java:89)
12-07 21:07:44.091 31741 31778 E DatabaseUpgrader: 	at com.evancharlton.mileage.tasks.DbImportTask.upgradeDatabase(DbImportTask.java:77)
12-07 21:07:44.091 31741 31778 E DatabaseUpgrader: 	at com.evancharlton.mileage.tasks.DbImportTask.doInBackground(DbImportTask.java:43)
12-07 21:07:44.091 31741 31778 E DatabaseUpgrader: 	at com.evancharlton.mileage.tasks.DbImportTask.doInBackground(DbImportTask.java:20)
12-07 21:07:44.091 31741 31778 E DatabaseUpgrader: 	at android.os.AsyncTask$2.call(AsyncTask.java:333)
12-07 21:07:44.091 31741 31778 E DatabaseUpgrader: 	at java.util.concurrent.FutureTask.run(FutureTask.java:266)
12-07 21:07:44.091 31741 31778 E DatabaseUpgrader: 	at java.util.concurrent.ThreadPoolExecutor.runWorker(ThreadPoolExecutor.java:1167)
12-07 21:07:44.091 31741 31778 E DatabaseUpgrader: 	at java.util.concurrent.ThreadPoolExecutor$Worker.run(ThreadPoolExecutor.java:641)
12-07 21:07:44.091 31741 31778 E DatabaseUpgrader: 	at java.lang.Thread.run(Thread.java:764)
12-07 21:07:44.119  1724  1766 E SurfaceFlinger: ro.sf.lcd_density must be defined as a build property
12-07 21:07:44.176  1739  2097 E OMXNodeInstance: getConfig(0xee326c00:google.vorbis.decoder, ConfigAndroidVendorExtension(0x6f100004)) ERROR: Undefined(0x80001001)
12-07 21:07:44.349  1724  2165 E SurfaceFlinger: ro.sf.lcd_density must be defined as a build property
12-07 21:07:46.448 16485 19833 E s.nexuslaunche: Failed to open APK '/data/app/com.evancharlton.mileage-s9SioA-XzMnUF1dKjvWN8Q==/base.apk' I/O error
12-07 21:07:46.450 16485 19833 E ResourcesManager: failed to add asset path /data/app/com.evancharlton.mileage-s9SioA-XzMnUF1dKjvWN8Q==/base.apk
12-07 21:07:46.749 31830 31830 E d.process.medi: Not starting debugger since process cannot load the jdwp agent.
12-07 21:07:48.874 16506 31855 E ctxmgr  : [AppIntervalImpl]closeInterval: stopTimeMillis invalid, stop=1544234868873, start=1544238227857
12-07 21:07:48.874 16506 31855 E ctxmgr  : [AppIntervalImpl]closeInterval: stopTimeMillis invalid, stop=1544234868874, start=1544238227858
12-07 21:07:48.927 16506 16506 E BeaconBle: Missing BluetoothAdapter
12-07 21:07:49.002 16506 16506 E BeaconBle: Scan couldn't start for Places
12-07 21:07:58.081 31865 31865 E oid.apps.photo: Not starting debugger since process cannot load the jdwp agent.
12-07 21:07:59.117 31887 31887 E ocess.gservice: Not starting debugger since process cannot load the jdwp agent.
12-07 21:08:08.064 16561 16561 E ContextIntentStarter: No activity found for any of the 0 intents
12-07 21:08:08.561 31161 31161 E wpa_supplicant: nl80211: Failed to open /proc/sys/net/ipv4/conf/p2p-dev-wlan0/drop_unicast_in_l2_multicast: No such file or directory
12-07 21:08:08.561 31161 31161 E wpa_supplicant: nl80211: Failed to set IPv4 unicast in multicast filter
12-07 21:08:08.577 31161 31161 E wpa_supplicant: nl80211: Failed to open /proc/sys/net/ipv4/conf/p2p-dev-wlan0/drop_unicast_in_l2_multicast: No such file or directory
12-07 21:08:08.577 31161 31161 E wpa_supplicant: nl80211: Failed to set IPv4 unicast in multicast filter
12-07 21:08:08.735 31161 31161 E wpa_supplicant: nl80211: Failed to open /proc/sys/net/ipv4/conf/wlan0/drop_unicast_in_l2_multicast: No such file or directory
12-07 21:08:08.735 31161 31161 E wpa_supplicant: nl80211: Failed to set IPv4 unicast in multicast filter
12-07 21:08:08.743 31161 31161 E wpa_supplicant: nl80211: Failed to open /proc/sys/net/ipv4/conf/wlan0/drop_unicast_in_l2_multicast: No such file or directory
12-07 21:08:08.743 31161 31161 E wpa_supplicant: nl80211: Failed to set IPv4 unicast in multicast filter
12-07 21:08:08.838 31161 31161 E wpa_supplicant: nl80211: Failed to open /proc/sys/net/ipv4/conf/wlan0/drop_unicast_in_l2_multicast: No such file or directory
12-07 21:08:08.838 31161 31161 E wpa_supplicant: nl80211: Failed to set IPv4 unicast in multicast filter
12-07 21:08:09.198  1628  1628 E android.hardware.wifi@1.0-service: Failed to open directory: Permission denied
12-07 21:08:09.198  1628  1628 E android.hardware.wifi@1.0-service: Error occurred while deleting old tombstone files
12-07 21:08:09.200  1628  1628 E android.hardware.wifi@1.0-service: Error writing files to flash
12-07 21:08:09.620 15976 16055 E WifiP2pService: Unhandled message { when=-1ms what=131204 target=com.android.internal.util.StateMachine$SmHandler }
12-07 21:08:09.685 15976 15994 E BatteryExternalStatsWorker: no controller energy info supplied for wifi
12-07 21:08:09.719 16506 31314 E WakeLock: GCM_HB_ALARM release without a matched acquire!
12-07 21:08:09.759 16506 31314 E WakeLock: GCM_CONN_ALARM release without a matched acquire!
12-07 21:08:10.095  1628  1628 E android.hardware.wifi@1.0-service: Failed to register radio mode change callback
12-07 21:08:10.102  1628  1628 E android.hardware.wifi@1.0-service: Failed to set DFS flag; DFS channels may be unavailable.
12-07 21:08:10.158 15926 15926 E wificond: No Offload Service available
12-07 21:08:10.313 15976 16055 E WifiP2pService: Unhandled message { when=-5ms what=131203 target=com.android.internal.util.StateMachine$SmHandler }
12-07 21:08:10.345 15976 16055 E WifiP2pService: Unhandled message { when=-2ms what=131203 target=com.android.internal.util.StateMachine$SmHandler }
12-07 21:08:10.364 15976 15994 E BatteryExternalStatsWorker: no controller energy info supplied for wifi
12-07 21:08:10.392 15976 15994 E BatteryExternalStatsWorker: no controller energy info supplied for wifi
12-07 21:08:10.434  1829  1829 E netmgr  : Failed to open QEMU pipe 'qemud:network': Invalid argument
12-07 21:08:10.434  1829  1829 E netmgr  : WifiForwarder unable to open QEMU pipe: Invalid argument
12-07 21:08:14.296 15976 15994 E BatteryExternalStatsWorker: no controller energy info supplied for wifi
12-07 21:08:15.032 16506 31963 E WakeLock: GCM_CONN_ALARM release without a matched acquire!
12-07 21:08:15.155 15925 15942 E Netd    : Error adding route ::/0 -> fe80::ff:fe00:100 wlan0 to table 1003: File exists
12-07 21:08:16.030 15927 31965 E audio_hw_generic: pcm_open(in) failed: cannot open device '/dev/snd/pcmC0D0c': Device or resource busy: channels 2 format 0 rate 16000
12-07 21:08:32.173  1737  1809 E storaged: getDiskStats failed with result NOT_SUPPORTED and size 0
12-07 21:09:10.437  1829  1829 E netmgr  : Failed to open QEMU pipe 'qemud:network': Invalid argument
12-07 21:09:10.437  1829  1829 E netmgr  : WifiForwarder unable to open QEMU pipe: Invalid argument
12-07 21:09:32.175  1737  1809 E storaged: getDiskStats failed with result NOT_SUPPORTED and size 0
12-07 21:10:10.455  1829  1829 E netmgr  : Failed to open QEMU pipe 'qemud:network': Invalid argument
12-07 21:10:10.456  1829  1829 E netmgr  : WifiForwarder unable to open QEMU pipe: Invalid argument
