--------- beginning of main
12-08 05:21:34.260 23294 23294 E id.defcontaine: Not starting debugger since process cannot load the jdwp agent.
--------- beginning of system
12-08 05:21:34.290 23301 23301 E oid.documentsu: Not starting debugger since process cannot load the jdwp agent.
12-08 05:21:34.369 23323 23323 E ndroid.keychai: Not starting debugger since process cannot load the jdwp agent.
12-08 05:21:35.198 23367 23367 E droid.apps.doc: Not starting debugger since process cannot load the jdwp agent.
12-08 05:21:35.824  1737  1809 E storaged: getDiskStats failed with result NOT_SUPPORTED and size 0
12-08 05:21:37.242 23367 23367 E DocsApplication: [main] No default account found during application creation.
12-08 05:21:38.736  1729  1752 E         : Couldn't opendir /data/app/vmdl367539617.tmp: No such file or directory
12-08 05:21:38.736  1729  1752 E installd: Failed to delete /data/app/vmdl367539617.tmp: No such file or directory
12-08 05:21:43.228 23432 23432 E harlton.mileag: Not starting debugger since process cannot load the jdwp agent.
12-08 05:21:45.321 16085 31762 E putmethod.lati: Invalid ID 0x00000001.
12-08 05:21:45.338 16085 31762 E LstmTrainingCache: emn: Can't get resource name for input slot
12-08 05:21:45.338 16085 31762 E LstmTrainingCache: android.content.res.Resources$NotFoundException: Unable to find resource ID #0x1
12-08 05:21:45.338 16085 31762 E LstmTrainingCache: 	at android.content.res.ResourcesImpl.getResourceName(ResourcesImpl.java:255)
12-08 05:21:45.338 16085 31762 E LstmTrainingCache: 	at android.content.res.Resources.getResourceName(Resources.java:1954)
12-08 05:21:45.338 16085 31762 E LstmTrainingCache: 	at emn.a(PG:12)
12-08 05:21:45.338 16085 31762 E LstmTrainingCache: 	at emk.run(PG:5)
12-08 05:21:45.338 16085 31762 E LstmTrainingCache: 	at java.lang.Thread.run(Thread.java:764)
12-08 05:21:46.131 16506 22667 E ctxmgr  : [AppIntervalImpl]closeInterval: ongoing
12-08 05:21:46.148 16506 22667 E ctxmgr  : [AppIntervalImpl]closeInterval: ongoing
12-08 05:21:47.042 23458 23458 E id.partnersetu: Not starting debugger since process cannot load the jdwp agent.
12-08 05:21:48.288 23475 23475 E ocess.gservice: Not starting debugger since process cannot load the jdwp agent.
12-08 05:21:51.900 16085 31762 E putmethod.lati: Invalid ID 0x00000001.
12-08 05:21:51.918 16085 31762 E LstmTrainingCache: emn: Can't get resource name for input slot
12-08 05:21:51.918 16085 31762 E LstmTrainingCache: android.content.res.Resources$NotFoundException: Unable to find resource ID #0x1
12-08 05:21:51.918 16085 31762 E LstmTrainingCache: 	at android.content.res.ResourcesImpl.getResourceName(ResourcesImpl.java:255)
12-08 05:21:51.918 16085 31762 E LstmTrainingCache: 	at android.content.res.Resources.getResourceName(Resources.java:1954)
12-08 05:21:51.918 16085 31762 E LstmTrainingCache: 	at emn.a(PG:12)
12-08 05:21:51.918 16085 31762 E LstmTrainingCache: 	at emk.run(PG:5)
12-08 05:21:51.918 16085 31762 E LstmTrainingCache: 	at java.lang.Thread.run(Thread.java:764)
12-08 05:21:53.561 23495 23495 E emui:screensho: Not starting debugger since process cannot load the jdwp agent.
12-08 05:21:55.183 23495 23495 E SoundPool: error loading /product/media/audio/ui/camera_click.ogg
12-08 05:21:55.464  1739  1739 E OMXNodeInstance: getConfig(0xee326b40:google.vorbis.decoder, ConfigAndroidVendorExtension(0x6f100004)) ERROR: Undefined(0x80001001)
12-08 05:21:59.011  1632  1632 E lowmemorykiller: Error writing /proc/23156/oom_score_adj; errno=22
12-08 05:22:03.499 16506 16506 E BeaconBle: Missing BluetoothAdapter
12-08 05:22:03.566 16506 16506 E BeaconBle: Scan couldn't start for Places
12-08 05:22:09.127 23548 23548 E oid.apps.photo: Not starting debugger since process cannot load the jdwp agent.
12-08 05:22:14.941  1829  1829 E netmgr  : Failed to open QEMU pipe 'qemud:network': Invalid argument
12-08 05:22:14.942  1829  1829 E netmgr  : WifiForwarder unable to open QEMU pipe: Invalid argument
12-08 05:22:27.659 15976 16534 E WindowManager: Performed 6 layouts in a row. Skipping
12-08 05:22:27.678 15976 16026 E WindowManager: Performed 6 layouts in a row. Skipping
12-08 05:22:27.723 15976 16026 E WindowManager: Performed 6 layouts in a row. Skipping
12-08 05:22:27.761 15976 16026 E WindowManager: Performed 6 layouts in a row. Skipping
12-08 05:22:27.876 15976 16026 E WindowManager: Performed 6 layouts in a row. Skipping
12-08 05:22:27.918 15976 16026 E WindowManager: Performed 6 layouts in a row. Skipping
12-08 05:22:27.943 15976 16026 E WindowManager: Performed 6 layouts in a row. Skipping
12-08 05:22:27.999 15976 16026 E WindowManager: Performed 6 layouts in a row. Skipping
12-08 05:22:28.020 15976 15991 E WindowManager: Performed 6 layouts in a row. Skipping
12-08 05:22:28.042 15976 16026 E WindowManager: Performed 6 layouts in a row. Skipping
12-08 05:22:28.120 15976 16026 E WindowManager: Performed 6 layouts in a row. Skipping
12-08 05:22:28.151 15976 17135 E WindowManager: Performed 6 layouts in a row. Skipping
12-08 05:22:28.179 15976 16026 E WindowManager: Performed 6 layouts in a row. Skipping
12-08 05:22:28.202 15976 16026 E WindowManager: Performed 6 layouts in a row. Skipping
12-08 05:22:28.240 15976 19560 E WindowManager: Performed 6 layouts in a row. Skipping
12-08 05:22:28.264 15976 16026 E WindowManager: Performed 6 layouts in a row. Skipping
12-08 05:22:28.285 15976 16026 E WindowManager: Performed 6 layouts in a row. Skipping
12-08 05:22:28.434 15976 16026 E WindowManager: Performed 6 layouts in a row. Skipping
12-08 05:22:29.979 10641 10641 E ContextIntentStarter: No activity found for any of the 0 intents
12-08 05:22:35.840  1737  1809 E storaged: getDiskStats failed with result NOT_SUPPORTED and size 0
12-08 05:22:37.272 16506 21003 E ctxmgr  : [AppIntervalImpl]closeInterval: ongoing
12-08 05:22:37.286 16506 21003 E ctxmgr  : [AppIntervalImpl]closeInterval: ongoing
12-08 05:23:14.998  1829  1829 E netmgr  : Failed to open QEMU pipe 'qemud:network': Invalid argument
12-08 05:23:14.998  1829  1829 E netmgr  : WifiForwarder unable to open QEMU pipe: Invalid argument
12-08 05:23:35.854  1737  1809 E storaged: getDiskStats failed with result NOT_SUPPORTED and size 0
12-08 05:23:56.740 15976 15994 E BatteryExternalStatsWorker: no controller energy info supplied for wifi
12-08 05:24:15.059  1829  1829 E netmgr  : Failed to open QEMU pipe 'qemud:network': Invalid argument
12-08 05:24:15.060  1829  1829 E netmgr  : WifiForwarder unable to open QEMU pipe: Invalid argument
12-08 05:24:35.860  1737  1809 E storaged: getDiskStats failed with result NOT_SUPPORTED and size 0
12-08 05:24:53.054 16410 23660 E WorkSourceUtil: Could not find package: com.google.android.gms.westworld
12-08 05:24:57.779 16788 17129 E PlayCommon: [121] com.google.android.play.b.g.a(448): Failed to connect to server: java.net.UnknownHostException: Unable to resolve host "play.googleapis.com": No address associated with hostname
12-08 05:25:15.068  1829  1829 E netmgr  : Failed to open QEMU pipe 'qemud:network': Invalid argument
12-08 05:25:15.068  1829  1829 E netmgr  : WifiForwarder unable to open QEMU pipe: Invalid argument
12-08 05:25:35.886  1737  1809 E storaged: getDiskStats failed with result NOT_SUPPORTED and size 0
12-08 05:26:13.933 15976 15987 E WindowManager: Performed 6 layouts in a row. Skipping
12-08 05:26:13.957 15976 16026 E WindowManager: Performed 6 layouts in a row. Skipping
12-08 05:26:14.093 15976 16026 E WindowManager: Performed 6 layouts in a row. Skipping
12-08 05:26:14.165 15976 16026 E WindowManager: Performed 6 layouts in a row. Skipping
12-08 05:26:14.191 15976 16026 E WindowManager: Performed 6 layouts in a row. Skipping
12-08 05:26:14.209 15976 15991 E WindowManager: Performed 6 layouts in a row. Skipping
12-08 05:26:14.252 15976 16026 E WindowManager: Performed 6 layouts in a row. Skipping
12-08 05:26:14.307 15976 16026 E WindowManager: Performed 6 layouts in a row. Skipping
12-08 05:26:14.464 15976 16026 E WindowManager: Performed 6 layouts in a row. Skipping
12-08 05:26:14.519 15976 19332 E WindowManager: Performed 6 layouts in a row. Skipping
12-08 05:26:14.555 15976 16026 E WindowManager: Performed 6 layouts in a row. Skipping
12-08 05:26:14.608 15976 15987 E WindowManager: Performed 6 layouts in a row. Skipping
12-08 05:26:14.633 15976 16026 E WindowManager: Performed 6 layouts in a row. Skipping
12-08 05:26:14.732 15976 16026 E WindowManager: Performed 6 layouts in a row. Skipping
12-08 05:26:15.128  1829  1829 E netmgr  : Failed to open QEMU pipe 'qemud:network': Invalid argument
12-08 05:26:15.128  1829  1829 E netmgr  : WifiForwarder unable to open QEMU pipe: Invalid argument
