--------- beginning of main
--------- beginning of system
12-09 06:19:17.534  1739  1762 E storaged: getDiskStats failed with result NOT_SUPPORTED and size 0
12-09 06:19:17.549  1885  1899 E ActivityManager: Failure starting process com.evancharlton.mileage
12-09 06:19:17.549  1885  1899 E ActivityManager: java.lang.SecurityException: Package com.evancharlton.mileage is currently frozen!
12-09 06:19:17.549  1885  1899 E ActivityManager: 	at com.android.server.pm.PackageManagerService.checkPackageStartable(PackageManagerService.java:4000)
12-09 06:19:17.549  1885  1899 E ActivityManager: 	at com.android.server.am.ActivityManagerService.startProcessLocked(ActivityManagerService.java:4234)
12-09 06:19:17.549  1885  1899 E ActivityManager: 	at com.android.server.am.ActivityManagerService.startProcessLocked(ActivityManagerService.java:4199)
12-09 06:19:17.549  1885  1899 E ActivityManager: 	at com.android.server.am.ActivityManagerService.startProcessLocked(ActivityManagerService.java:4181)
12-09 06:19:17.549  1885  1899 E ActivityManager: 	at com.android.server.am.ActivityManagerService.startProcessLocked(ActivityManagerService.java:4067)
12-09 06:19:17.549  1885  1899 E ActivityManager: 	at com.android.server.am.ActivityStackSupervisor.startSpecificActivityLocked(ActivityStackSupervisor.java:1715)
12-09 06:19:17.549  1885  1899 E ActivityManager: 	at com.android.server.am.ActivityStack.resumeTopActivityInnerLocked(ActivityStack.java:2764)
12-09 06:19:17.549  1885  1899 E ActivityManager: 	at com.android.server.am.ActivityStack.resumeTopActivityUncheckedLocked(ActivityStack.java:2302)
12-09 06:19:17.549  1885  1899 E ActivityManager: 	at com.android.server.am.ActivityStackSupervisor.resumeFocusedStackTopActivityLocked(ActivityStackSupervisor.java:2234)
12-09 06:19:17.549  1885  1899 E ActivityManager: 	at com.android.server.am.ActivityStackSupervisor.resumeFocusedStackTopActivityLocked(ActivityStackSupervisor.java:2218)
12-09 06:19:17.549  1885  1899 E ActivityManager: 	at com.android.server.am.ActivityManagerService.handleAppDiedLocked(ActivityManagerService.java:5923)
12-09 06:19:17.549  1885  1899 E ActivityManager: 	at com.android.server.am.ActivityManagerService.removeProcessLocked(ActivityManagerService.java:7501)
12-09 06:19:17.549  1885  1899 E ActivityManager: 	at com.android.server.am.ActivityManagerService.killPackageProcessesLocked(ActivityManagerService.java:7142)
12-09 06:19:17.549  1885  1899 E ActivityManager: 	at com.android.server.am.ActivityManagerService.forceStopPackageLocked(ActivityManagerService.java:7275)
12-09 06:19:17.549  1885  1899 E ActivityManager: 	at com.android.server.am.ActivityManagerService$MainHandler.handleMessage(ActivityManagerService.java:2289)
12-09 06:19:17.549  1885  1899 E ActivityManager: 	at android.os.Handler.dispatchMessage(Handler.java:106)
12-09 06:19:17.549  1885  1899 E ActivityManager: 	at android.os.Looper.loop(Looper.java:193)
12-09 06:19:17.549  1885  1899 E ActivityManager: 	at android.os.HandlerThread.run(HandlerThread.java:65)
12-09 06:19:17.549  1885  1899 E ActivityManager: 	at com.android.server.ServiceThread.run(ServiceThread.java:44)
12-09 06:19:18.202  2039  2039 E id.defcontaine: Not starting debugger since process cannot load the jdwp agent.
12-09 06:19:18.292  2052  2052 E oid.documentsu: Not starting debugger since process cannot load the jdwp agent.
12-09 06:19:18.321  2069  2069 E ndroid.keychai: Not starting debugger since process cannot load the jdwp agent.
12-09 06:19:19.035  2378   856 E ctxmgr  : [ProducerStatusImpl]updateStateForNewContextData: inactive, contextName=7
12-09 06:19:19.170  2125  2125 E droid.apps.doc: Not starting debugger since process cannot load the jdwp agent.
12-09 06:19:19.250  2378  2378 E BeaconBle: Missing BluetoothAdapter
12-09 06:19:19.331  2378  2378 E BeaconBle: Scan couldn't start for Places
12-09 06:19:20.581  2125  2125 E DocsApplication: [main] No default account found during application creation.
12-09 06:19:21.521  1731  6658 E         : Couldn't opendir /data/app/vmdl447855072.tmp: No such file or directory
12-09 06:19:21.521  1731  6658 E installd: Failed to delete /data/app/vmdl447855072.tmp: No such file or directory
12-09 06:19:23.795  2250  2250 E harlton.mileag: Not starting debugger since process cannot load the jdwp agent.
12-09 06:19:25.104  1994  7294 E putmethod.lati: Invalid ID 0x00000001.
12-09 06:19:25.120  1994  7294 E LstmTrainingCache: emn: Can't get resource name for input slot
12-09 06:19:25.120  1994  7294 E LstmTrainingCache: android.content.res.Resources$NotFoundException: Unable to find resource ID #0x1
12-09 06:19:25.120  1994  7294 E LstmTrainingCache: 	at android.content.res.ResourcesImpl.getResourceName(ResourcesImpl.java:255)
12-09 06:19:25.120  1994  7294 E LstmTrainingCache: 	at android.content.res.Resources.getResourceName(Resources.java:1954)
12-09 06:19:25.120  1994  7294 E LstmTrainingCache: 	at emn.a(PG:12)
12-09 06:19:25.120  1994  7294 E LstmTrainingCache: 	at emk.run(PG:5)
12-09 06:19:25.120  1994  7294 E LstmTrainingCache: 	at java.lang.Thread.run(Thread.java:764)
12-09 06:19:30.771  1633  1633 E lowmemorykiller: Error writing /proc/1709/oom_score_adj; errno=22
12-09 06:19:34.451  2304  2304 E emui:screensho: Not starting debugger since process cannot load the jdwp agent.
12-09 06:19:35.483  2304  2304 E SoundPool: error loading /product/media/audio/ui/camera_click.ogg
12-09 06:19:35.856  1741  2074 E OMXNodeInstance: getConfig(0xe97a6e40:google.vorbis.decoder, ConfigAndroidVendorExtension(0x6f100004)) ERROR: Undefined(0x80001001)
12-09 06:19:42.118  2378 32705 E ctxmgr  : [ProducerStatusImpl]updateStateForNewContextData: inactive, contextName=7
12-09 06:19:42.282  2378  2378 E BeaconBle: Missing BluetoothAdapter
12-09 06:19:42.337  2378  2378 E BeaconBle: Scan couldn't start for Places
12-09 06:19:48.411  2400  2400 E oid.apps.photo: Not starting debugger since process cannot load the jdwp agent.
12-09 06:19:48.974  2429  2429 E ocess.gservice: Not starting debugger since process cannot load the jdwp agent.
12-09 06:19:49.590  1885  2413 E WindowManager: Performed 6 layouts in a row. Skipping
12-09 06:19:49.637  1885  1938 E WindowManager: Performed 6 layouts in a row. Skipping
12-09 06:19:49.690  1885  1938 E WindowManager: Performed 6 layouts in a row. Skipping
12-09 06:19:49.771  1885  1938 E WindowManager: Performed 6 layouts in a row. Skipping
12-09 06:19:49.801  1885  1900 E WindowManager: Performed 6 layouts in a row. Skipping
12-09 06:19:49.865  1885  1938 E WindowManager: Performed 6 layouts in a row. Skipping
12-09 06:19:49.896  1885  4232 E WindowManager: Performed 6 layouts in a row. Skipping
12-09 06:19:49.930  1885  1938 E WindowManager: Performed 6 layouts in a row. Skipping
12-09 06:19:50.039  1885  1938 E WindowManager: Performed 6 layouts in a row. Skipping
12-09 06:19:50.702  2250  2250 E WindowManager: 
12-09 06:19:50.702  2250  2250 E WindowManager: android.view.WindowLeaked: Activity com.evancharlton.mileage.FieldActivity has leaked window DecorView@2c5fd8d[FieldActivity] that was originally added here
12-09 06:19:50.702  2250  2250 E WindowManager: 	at android.view.ViewRootImpl.<init>(ViewRootImpl.java:511)
12-09 06:19:50.702  2250  2250 E WindowManager: 	at android.view.WindowManagerGlobal.addView(WindowManagerGlobal.java:346)
12-09 06:19:50.702  2250  2250 E WindowManager: 	at android.view.WindowManagerImpl.addView(WindowManagerImpl.java:93)
12-09 06:19:50.702  2250  2250 E WindowManager: 	at com.android.internal.policy.PhoneWindow.openPanel(PhoneWindow.java:887)
12-09 06:19:50.702  2250  2250 E WindowManager: 	at com.android.internal.policy.PhoneWindow.onKeyUpPanel(PhoneWindow.java:1104)
12-09 06:19:50.702  2250  2250 E WindowManager: 	at com.android.internal.policy.PhoneWindow.onKeyUp(PhoneWindow.java:2007)
12-09 06:19:50.702  2250  2250 E WindowManager: 	at com.android.internal.policy.DecorView.dispatchKeyEvent(DecorView.java:350)
12-09 06:19:50.702  2250  2250 E WindowManager: 	at android.view.ViewRootImpl$ViewPostImeInputStage.processKeyEvent(ViewRootImpl.java:5037)
12-09 06:19:50.702  2250  2250 E WindowManager: 	at android.view.ViewRootImpl$ViewPostImeInputStage.onProcess(ViewRootImpl.java:4905)
12-09 06:19:50.702  2250  2250 E WindowManager: 	at android.view.ViewRootImpl$InputStage.deliver(ViewRootImpl.java:4426)
12-09 06:19:50.702  2250  2250 E WindowManager: 	at android.view.ViewRootImpl$InputStage.onDeliverToNext(ViewRootImpl.java:4479)
12-09 06:19:50.702  2250  2250 E WindowManager: 	at android.view.ViewRootImpl$InputStage.forward(ViewRootImpl.java:4445)
12-09 06:19:50.702  2250  2250 E WindowManager: 	at android.view.ViewRootImpl$AsyncInputStage.forward(ViewRootImpl.java:4585)
12-09 06:19:50.702  2250  2250 E WindowManager: 	at android.view.ViewRootImpl$InputStage.apply(ViewRootImpl.java:4453)
12-09 06:19:50.702  2250  2250 E WindowManager: 	at android.view.ViewRootImpl$AsyncInputStage.apply(ViewRootImpl.java:4642)
12-09 06:19:50.702  2250  2250 E WindowManager: 	at android.view.ViewRootImpl$InputStage.deliver(ViewRootImpl.java:4426)
12-09 06:19:50.702  2250  2250 E WindowManager: 	at android.view.ViewRootImpl$InputStage.onDeliverToNext(ViewRootImpl.java:4479)
12-09 06:19:50.702  2250  2250 E WindowManager: 	at android.view.ViewRootImpl$InputStage.forward(ViewRootImpl.java:4445)
12-09 06:19:50.702  2250  2250 E WindowManager: 	at android.view.ViewRootImpl$InputStage.apply(ViewRootImpl.java:4453)
12-09 06:19:50.702  2250  2250 E WindowManager: 	at android.view.ViewRootImpl$InputStage.deliver(ViewRootImpl.java:4426)
12-09 06:19:50.702  2250  2250 E WindowManager: 	at android.view.ViewRootImpl$InputStage.onDeliverToNext(ViewRootImpl.java:4479)
12-09 06:19:50.702  2250  2250 E WindowManager: 	at android.view.ViewRootImpl$InputStage.forward(ViewRootImpl.java:4445)
12-09 06:19:50.702  2250  2250 E WindowManager: 	at android.view.ViewRootImpl$AsyncInputStage.forward(ViewRootImpl.java:4618)
12-09 06:19:50.702  2250  2250 E WindowManager: 	at android.view.ViewRootImpl$ImeInputStage.onFinishedInputEvent(ViewRootImpl.java:4779)
12-09 06:19:50.702  2250  2250 E WindowManager: 	at android.view.inputmethod.InputMethodManager$PendingEvent.run(InputMethodManager.java:2571)
12-09 06:19:50.702  2250  2250 E WindowManager: 	at android.view.inputmethod.InputMethodManager.invokeFinishedInputEventCallback(InputMethodManager.java:2081)
12-09 06:19:50.702  2250  2250 E WindowManager: 	at android.view.inputmethod.InputMethodManager.finishedInputEvent(InputMethodManager.java:2072)
12-09 06:19:50.702  2250  2250 E WindowManager: 	at android.view.inputmethod.InputMethodManager$ImeInputEventSender.onInputEventFinished(InputMethodManager.java:2548)
12-09 06:19:50.702  2250  2250 E WindowManager: 	at android.view.InputEventSender.dispatchInputEventFinished(InputEventSender.java:141)
12-09 06:19:50.702  2250  2250 E WindowManager: 	at android.os.MessageQueue.nativePollOnce(Native Method)
12-09 06:19:50.702  2250  2250 E WindowManager: 	at android.os.MessageQueue.next(MessageQueue.java:326)
12-09 06:19:50.702  2250  2250 E WindowManager: 	at android.os.Looper.loop(Looper.java:160)
12-09 06:19:50.702  2250  2250 E WindowManager: 	at android.app.ActivityThread.main(ActivityThread.java:6669)
12-09 06:19:50.702  2250  2250 E WindowManager: 	at java.lang.reflect.Method.invoke(Native Method)
12-09 06:19:50.702  2250  2250 E WindowManager: 	at com.android.internal.os.RuntimeInit$MethodAndArgsCaller.run(RuntimeInit.java:493)
12-09 06:19:50.702  2250  2250 E WindowManager: 	at com.android.internal.os.ZygoteInit.main(ZygoteInit.java:858)
12-09 06:19:51.735  2720  2720 E ContextIntentStarter: No activity found for any of the 0 intents
12-09 06:19:52.992  2527  2527 E viders.calenda: Not starting debugger since process cannot load the jdwp agent.
12-09 06:19:53.069  2553  2553 E ndroid.calenda: Not starting debugger since process cannot load the jdwp agent.
12-09 06:19:53.133  1629  1629 E android.hardware.wifi@1.0-service: Failed to register radio mode change callback
12-09 06:19:53.143  1629  1629 E android.hardware.wifi@1.0-service: Failed to set DFS flag; DFS channels may be unavailable.
12-09 06:19:53.407  1740  1740 E wificond: No Offload Service available
12-09 06:19:53.793  1885  1971 E WifiP2pService: Unhandled message { when=-1ms what=131203 target=com.android.internal.util.StateMachine$SmHandler }
12-09 06:19:53.812  1885  1972 E ConnectivityService: exception in setMtu()java.lang.IllegalStateException: command '1147 interface setmtu radio0 1500' failed with '400 1147 Failed to set MTU (Permission denied)'
12-09 06:19:53.915  1885  1971 E WifiP2pService: Unhandled message { when=-1ms what=131203 target=com.android.internal.util.StateMachine$SmHandler }
12-09 06:19:53.972  1885  1903 E BatteryExternalStatsWorker: no controller energy info supplied for wifi
12-09 06:19:54.025  1885  1903 E BatteryExternalStatsWorker: no controller energy info supplied for wifi
12-09 06:19:54.732  2378  2610 E WakeLock: GCM_CONN_ALARM release without a matched acquire!
12-09 06:19:55.599  2650  2650 E droid.deskcloc: Not starting debugger since process cannot load the jdwp agent.
12-09 06:19:55.713  2650  2650 E LoadedApk: Unable to instantiate appComponentFactory
12-09 06:19:55.713  2650  2650 E LoadedApk: java.lang.ClassNotFoundException: Didn't find class "android.support.v4.app.CoreComponentFactory" on path: DexPathList[[zip file "/data/app/com.google.android.deskclock-irjeQ48B8SlCzNgOUY6aXg==/base.apk"],nativeLibraryDirectories=[/data/app/com.google.android.deskclock-irjeQ48B8SlCzNgOUY6aXg==/lib/x86, /system/lib]]
12-09 06:19:55.713  2650  2650 E LoadedApk: 	at dalvik.system.BaseDexClassLoader.findClass(BaseDexClassLoader.java:134)
12-09 06:19:55.713  2650  2650 E LoadedApk: 	at java.lang.ClassLoader.loadClass(ClassLoader.java:379)
12-09 06:19:55.713  2650  2650 E LoadedApk: 	at java.lang.ClassLoader.loadClass(ClassLoader.java:312)
12-09 06:19:55.713  2650  2650 E LoadedApk: 	at android.app.LoadedApk.createAppFactory(LoadedApk.java:226)
12-09 06:19:55.713  2650  2650 E LoadedApk: 	at android.app.LoadedApk.createOrUpdateClassLoaderLocked(LoadedApk.java:731)
12-09 06:19:55.713  2650  2650 E LoadedApk: 	at android.app.LoadedApk.getClassLoader(LoadedApk.java:810)
12-09 06:19:55.713  2650  2650 E LoadedApk: 	at android.app.LoadedApk.getResources(LoadedApk.java:1032)
12-09 06:19:55.713  2650  2650 E LoadedApk: 	at android.app.ContextImpl.createAppContext(ContextImpl.java:2345)
12-09 06:19:55.713  2650  2650 E LoadedApk: 	at android.app.ActivityThread.handleBindApplication(ActivityThread.java:5749)
12-09 06:19:55.713  2650  2650 E LoadedApk: 	at android.app.ActivityThread.access$1100(ActivityThread.java:199)
12-09 06:19:55.713  2650  2650 E LoadedApk: 	at android.app.ActivityThread$H.handleMessage(ActivityThread.java:1650)
12-09 06:19:55.713  2650  2650 E LoadedApk: 	at android.os.Handler.dispatchMessage(Handler.java:106)
12-09 06:19:55.713  2650  2650 E LoadedApk: 	at android.os.Looper.loop(Looper.java:193)
12-09 06:19:55.713  2650  2650 E LoadedApk: 	at android.app.ActivityThread.main(ActivityThread.java:6669)
12-09 06:19:55.713  2650  2650 E LoadedApk: 	at java.lang.reflect.Method.invoke(Native Method)
12-09 06:19:55.713  2650  2650 E LoadedApk: 	at com.android.internal.os.RuntimeInit$MethodAndArgsCaller.run(RuntimeInit.java:493)
12-09 06:19:55.713  2650  2650 E LoadedApk: 	at com.android.internal.os.ZygoteInit.main(ZygoteInit.java:858)
12-09 06:19:56.225  2694  2694 E com.ustwo.lwp: Not starting debugger since process cannot load the jdwp agent.
12-09 06:19:57.880  1885  1903 E BatteryExternalStatsWorker: no controller energy info supplied for wifi
12-09 06:19:58.274  2747  2747 E .android.diale: Not starting debugger since process cannot load the jdwp agent.
12-09 06:19:58.370  2378  2744 E WakeLock: GCM_HB_ALARM release without a matched acquire!
12-09 06:19:58.484  2378  2764 E WakeLock: GCM_CONN_ALARM release without a matched acquire!
12-09 06:19:58.636  2747  2747 E .android.diale: The String#value field is not present on Android versions >= 6.0
12-09 06:19:58.794  1737  1820 E Netd    : Error adding route ::/0 -> fe80::ff:fe00:100 wlan0 to table 1003: File exists
12-09 06:20:10.930  1834  1834 E netmgr  : Failed to open QEMU pipe 'qemud:network': Invalid argument
12-09 06:20:10.930  1834  1834 E netmgr  : WifiForwarder unable to open QEMU pipe: Invalid argument
12-09 06:20:17.882  1739  1762 E storaged: getDiskStats failed with result NOT_SUPPORTED and size 0
12-09 06:21:11.274  1834  1834 E netmgr  : Failed to open QEMU pipe 'qemud:network': Invalid argument
12-09 06:21:11.274  1834  1834 E netmgr  : WifiForwarder unable to open QEMU pipe: Invalid argument
12-09 06:21:17.886  1739  1762 E storaged: getDiskStats failed with result NOT_SUPPORTED and size 0
12-09 06:21:31.044  1994  1994 E native  : suggestion-transformer.cc:118 suggestion picked candidate not found for id: 3
