--------- beginning of main
--------- beginning of system
12-09 06:52:16.399  1885  1899 E ActivityManager: Failure starting process com.evancharlton.mileage
12-09 06:52:16.399  1885  1899 E ActivityManager: java.lang.SecurityException: Package com.evancharlton.mileage is currently frozen!
12-09 06:52:16.399  1885  1899 E ActivityManager: 	at com.android.server.pm.PackageManagerService.checkPackageStartable(PackageManagerService.java:4000)
12-09 06:52:16.399  1885  1899 E ActivityManager: 	at com.android.server.am.ActivityManagerService.startProcessLocked(ActivityManagerService.java:4234)
12-09 06:52:16.399  1885  1899 E ActivityManager: 	at com.android.server.am.ActivityManagerService.startProcessLocked(ActivityManagerService.java:4199)
12-09 06:52:16.399  1885  1899 E ActivityManager: 	at com.android.server.am.ActivityManagerService.startProcessLocked(ActivityManagerService.java:4181)
12-09 06:52:16.399  1885  1899 E ActivityManager: 	at com.android.server.am.ActivityManagerService.startProcessLocked(ActivityManagerService.java:4067)
12-09 06:52:16.399  1885  1899 E ActivityManager: 	at com.android.server.am.ActivityStackSupervisor.startSpecificActivityLocked(ActivityStackSupervisor.java:1715)
12-09 06:52:16.399  1885  1899 E ActivityManager: 	at com.android.server.am.ActivityStack.resumeTopActivityInnerLocked(ActivityStack.java:2764)
12-09 06:52:16.399  1885  1899 E ActivityManager: 	at com.android.server.am.ActivityStack.resumeTopActivityUncheckedLocked(ActivityStack.java:2302)
12-09 06:52:16.399  1885  1899 E ActivityManager: 	at com.android.server.am.ActivityStackSupervisor.resumeFocusedStackTopActivityLocked(ActivityStackSupervisor.java:2234)
12-09 06:52:16.399  1885  1899 E ActivityManager: 	at com.android.server.am.ActivityStackSupervisor.resumeFocusedStackTopActivityLocked(ActivityStackSupervisor.java:2218)
12-09 06:52:16.399  1885  1899 E ActivityManager: 	at com.android.server.am.ActivityManagerService.handleAppDiedLocked(ActivityManagerService.java:5923)
12-09 06:52:16.399  1885  1899 E ActivityManager: 	at com.android.server.am.ActivityManagerService.removeProcessLocked(ActivityManagerService.java:7501)
12-09 06:52:16.399  1885  1899 E ActivityManager: 	at com.android.server.am.ActivityManagerService.killPackageProcessesLocked(ActivityManagerService.java:7142)
12-09 06:52:16.399  1885  1899 E ActivityManager: 	at com.android.server.am.ActivityManagerService.forceStopPackageLocked(ActivityManagerService.java:7275)
12-09 06:52:16.399  1885  1899 E ActivityManager: 	at com.android.server.am.ActivityManagerService$MainHandler.handleMessage(ActivityManagerService.java:2289)
12-09 06:52:16.399  1885  1899 E ActivityManager: 	at android.os.Handler.dispatchMessage(Handler.java:106)
12-09 06:52:16.399  1885  1899 E ActivityManager: 	at android.os.Looper.loop(Looper.java:193)
12-09 06:52:16.399  1885  1899 E ActivityManager: 	at android.os.HandlerThread.run(HandlerThread.java:65)
12-09 06:52:16.399  1885  1899 E ActivityManager: 	at com.android.server.ServiceThread.run(ServiceThread.java:44)
12-09 06:52:17.133  9027  9027 E id.defcontaine: Not starting debugger since process cannot load the jdwp agent.
12-09 06:52:17.271  9045  9045 E ndroid.keychai: Not starting debugger since process cannot load the jdwp agent.
12-09 06:52:17.415  9059  9059 E oid.documentsu: Not starting debugger since process cannot load the jdwp agent.
12-09 06:52:18.231  9106  9106 E droid.apps.doc: Not starting debugger since process cannot load the jdwp agent.
12-09 06:52:18.639  2378  7679 E ctxmgr  : [ProducerStatusImpl]updateStateForNewContextData: inactive, contextName=7
12-09 06:52:18.701  1739  1762 E storaged: getDiskStats failed with result NOT_SUPPORTED and size 0
12-09 06:52:19.234  2378  2378 E BeaconBle: Missing BluetoothAdapter
12-09 06:52:19.434  2378  2378 E BeaconBle: Scan couldn't start for Places
12-09 06:52:20.225  9106  9106 E DocsApplication: [main] No default account found during application creation.
12-09 06:52:20.936  1731  1731 E         : Couldn't opendir /data/app/vmdl1426499817.tmp: No such file or directory
12-09 06:52:20.936  1731  1731 E installd: Failed to delete /data/app/vmdl1426499817.tmp: No such file or directory
12-09 06:52:22.900  9174  9174 E harlton.mileag: Not starting debugger since process cannot load the jdwp agent.
12-09 06:52:24.384  1994  7294 E putmethod.lati: Invalid ID 0x00000001.
12-09 06:52:24.397  1994  7294 E LstmTrainingCache: emn: Can't get resource name for input slot
12-09 06:52:24.397  1994  7294 E LstmTrainingCache: android.content.res.Resources$NotFoundException: Unable to find resource ID #0x1
12-09 06:52:24.397  1994  7294 E LstmTrainingCache: 	at android.content.res.ResourcesImpl.getResourceName(ResourcesImpl.java:255)
12-09 06:52:24.397  1994  7294 E LstmTrainingCache: 	at android.content.res.Resources.getResourceName(Resources.java:1954)
12-09 06:52:24.397  1994  7294 E LstmTrainingCache: 	at emn.a(PG:12)
12-09 06:52:24.397  1994  7294 E LstmTrainingCache: 	at emk.run(PG:5)
12-09 06:52:24.397  1994  7294 E LstmTrainingCache: 	at java.lang.Thread.run(Thread.java:764)
12-09 06:52:32.896  9203  9203 E emui:screensho: Not starting debugger since process cannot load the jdwp agent.
12-09 06:52:34.162  9203  9203 E SoundPool: error loading /product/media/audio/ui/camera_click.ogg
12-09 06:52:34.572  1741  2074 E OMXNodeInstance: getConfig(0xe9391180:google.vorbis.decoder, ConfigAndroidVendorExtension(0x6f100004)) ERROR: Undefined(0x80001001)
12-09 06:52:41.104  2378  9228 E ctxmgr  : [ProducerStatusImpl]updateStateForNewContextData: inactive, contextName=7
12-09 06:52:41.196  2378  2378 E BeaconBle: Missing BluetoothAdapter
12-09 06:52:41.285  2378  2378 E BeaconBle: Scan couldn't start for Places
12-09 06:52:47.821  9252  9252 E oid.apps.photo: Not starting debugger since process cannot load the jdwp agent.
12-09 06:52:48.324  9271  9271 E ocess.gservice: Not starting debugger since process cannot load the jdwp agent.
12-09 06:52:55.011  2720  2720 E ContextIntentStarter: No activity found for any of the 0 intents
12-09 06:52:56.519  1629  1629 E android.hardware.wifi@1.0-service: Failed to register radio mode change callback
12-09 06:52:56.529  1629  1629 E android.hardware.wifi@1.0-service: Failed to set DFS flag; DFS channels may be unavailable.
12-09 06:52:56.626  1885  1972 E ConnectivityService: exception in setMtu()java.lang.IllegalStateException: command '1271 interface setmtu radio0 1500' failed with '400 1271 Failed to set MTU (Permission denied)'
12-09 06:52:56.628  1740  1740 E wificond: No Offload Service available
12-09 06:52:56.828  1885  1971 E WifiP2pService: Unhandled message { when=-2ms what=131203 target=com.android.internal.util.StateMachine$SmHandler }
12-09 06:52:56.877  1885  1971 E WifiP2pService: Unhandled message { when=0 what=131203 target=com.android.internal.util.StateMachine$SmHandler }
12-09 06:52:56.961  1885  1903 E BatteryExternalStatsWorker: no controller energy info supplied for wifi
12-09 06:52:57.123  1885  1903 E BatteryExternalStatsWorker: no controller energy info supplied for wifi
12-09 06:52:57.771  2378  9336 E WakeLock: GCM_CONN_ALARM release without a matched acquire!
12-09 06:52:57.960  9339  9339 E .android.video: Not starting debugger since process cannot load the jdwp agent.
12-09 06:53:00.389  9394  9394 E id.gms.learnin: Not starting debugger since process cannot load the jdwp agent.
12-09 06:53:01.056  1885  1903 E BatteryExternalStatsWorker: no controller energy info supplied for wifi
12-09 06:53:01.642  2378  9425 E WakeLock: GCM_HB_ALARM release without a matched acquire!
12-09 06:53:01.774  2378  9431 E WakeLock: GCM_CONN_ALARM release without a matched acquire!
12-09 06:53:01.899  1737  1820 E Netd    : Error adding route ::/0 -> fe80::ff:fe00:100 wlan0 to table 1003: File exists
12-09 06:53:11.645  2342  2342 E SchedPolicy: set_timerslack_ns write failed: Operation not permitted
12-09 06:53:11.844  1834  1834 E netmgr  : Failed to open QEMU pipe 'qemud:network': Invalid argument
12-09 06:53:11.845  1834  1834 E netmgr  : WifiForwarder unable to open QEMU pipe: Invalid argument
12-09 06:53:16.244  9450  9450 E viders.calenda: Not starting debugger since process cannot load the jdwp agent.
12-09 06:53:16.257  9459  9459 E ndroid.calenda: Not starting debugger since process cannot load the jdwp agent.
12-09 06:53:17.335  9516  9516 E droid.deskcloc: Not starting debugger since process cannot load the jdwp agent.
12-09 06:53:17.422  9516  9516 E LoadedApk: Unable to instantiate appComponentFactory
12-09 06:53:17.422  9516  9516 E LoadedApk: java.lang.ClassNotFoundException: Didn't find class "android.support.v4.app.CoreComponentFactory" on path: DexPathList[[zip file "/data/app/com.google.android.deskclock-irjeQ48B8SlCzNgOUY6aXg==/base.apk"],nativeLibraryDirectories=[/data/app/com.google.android.deskclock-irjeQ48B8SlCzNgOUY6aXg==/lib/x86, /system/lib]]
12-09 06:53:17.422  9516  9516 E LoadedApk: 	at dalvik.system.BaseDexClassLoader.findClass(BaseDexClassLoader.java:134)
12-09 06:53:17.422  9516  9516 E LoadedApk: 	at java.lang.ClassLoader.loadClass(ClassLoader.java:379)
12-09 06:53:17.422  9516  9516 E LoadedApk: 	at java.lang.ClassLoader.loadClass(ClassLoader.java:312)
12-09 06:53:17.422  9516  9516 E LoadedApk: 	at android.app.LoadedApk.createAppFactory(LoadedApk.java:226)
12-09 06:53:17.422  9516  9516 E LoadedApk: 	at android.app.LoadedApk.createOrUpdateClassLoaderLocked(LoadedApk.java:731)
12-09 06:53:17.422  9516  9516 E LoadedApk: 	at android.app.LoadedApk.getClassLoader(LoadedApk.java:810)
12-09 06:53:17.422  9516  9516 E LoadedApk: 	at android.app.LoadedApk.getResources(LoadedApk.java:1032)
12-09 06:53:17.422  9516  9516 E LoadedApk: 	at android.app.ContextImpl.createAppContext(ContextImpl.java:2345)
12-09 06:53:17.422  9516  9516 E LoadedApk: 	at android.app.ActivityThread.handleBindApplication(ActivityThread.java:5749)
12-09 06:53:17.422  9516  9516 E LoadedApk: 	at android.app.ActivityThread.access$1100(ActivityThread.java:199)
12-09 06:53:17.422  9516  9516 E LoadedApk: 	at android.app.ActivityThread$H.handleMessage(ActivityThread.java:1650)
12-09 06:53:17.422  9516  9516 E LoadedApk: 	at android.os.Handler.dispatchMessage(Handler.java:106)
12-09 06:53:17.422  9516  9516 E LoadedApk: 	at android.os.Looper.loop(Looper.java:193)
12-09 06:53:17.422  9516  9516 E LoadedApk: 	at android.app.ActivityThread.main(ActivityThread.java:6669)
12-09 06:53:17.422  9516  9516 E LoadedApk: 	at java.lang.reflect.Method.invoke(Native Method)
12-09 06:53:17.422  9516  9516 E LoadedApk: 	at com.android.internal.os.RuntimeInit$MethodAndArgsCaller.run(RuntimeInit.java:493)
12-09 06:53:17.422  9516  9516 E LoadedApk: 	at com.android.internal.os.ZygoteInit.main(ZygoteInit.java:858)
12-09 06:53:17.869  2342  2342 E SchedPolicy: set_timerslack_ns write failed: Operation not permitted
12-09 06:53:17.972  9544  9544 E com.ustwo.lwp: Not starting debugger since process cannot load the jdwp agent.
12-09 06:53:18.029  1633  1633 E lowmemorykiller: Error writing /proc/9394/oom_score_adj; errno=22
12-09 06:53:18.938  1739  1762 E storaged: getDiskStats failed with result NOT_SUPPORTED and size 0
12-09 06:53:57.989  2509  9094 E SQLiteCastStore: Skip saving CastDeviceInfo: "Nearby device" (__cast_nearby___V_293fd9d5-5fce-49dd-aee4-f7265affcad8)
12-09 06:54:12.075  1834  1834 E netmgr  : Failed to open QEMU pipe 'qemud:network': Invalid argument
12-09 06:54:12.075  1834  1834 E netmgr  : WifiForwarder unable to open QEMU pipe: Invalid argument
12-09 06:54:18.940  1739  1762 E storaged: getDiskStats failed with result NOT_SUPPORTED and size 0
12-09 06:54:38.066  1885  3848 E WindowManager: Performed 6 layouts in a row. Skipping
12-09 06:54:38.093  1885  1938 E WindowManager: Performed 6 layouts in a row. Skipping
12-09 06:54:38.122  1885  1938 E WindowManager: Performed 6 layouts in a row. Skipping
12-09 06:54:38.164  1885  1938 E WindowManager: Performed 6 layouts in a row. Skipping
12-09 06:54:38.184  1885  1900 E WindowManager: Performed 6 layouts in a row. Skipping
12-09 06:54:38.217  1885  1938 E WindowManager: Performed 6 layouts in a row. Skipping
12-09 06:54:38.263  1885  1938 E WindowManager: Performed 6 layouts in a row. Skipping
12-09 06:54:38.320  1885  1938 E WindowManager: Performed 6 layouts in a row. Skipping
12-09 06:54:38.345  1885  3848 E WindowManager: Performed 6 layouts in a row. Skipping
12-09 06:54:38.382  1885  1938 E WindowManager: Performed 6 layouts in a row. Skipping
12-09 06:54:38.470  1885  1938 E WindowManager: Performed 6 layouts in a row. Skipping
12-09 06:54:41.247  1885  1898 E memtrack: Couldn't load memtrack module
12-09 06:54:41.281  1885  1898 E memtrack: Couldn't load memtrack module
12-09 06:54:41.282  1885  1898 E memtrack: Couldn't load memtrack module
12-09 06:54:41.282  1885  1898 E memtrack: Couldn't load memtrack module
12-09 06:54:41.283  1885  1898 E memtrack: Couldn't load memtrack module
12-09 06:54:41.287  1885  1898 E memtrack: Couldn't load memtrack module
12-09 06:54:41.290  1885  1898 E memtrack: Couldn't load memtrack module
12-09 06:54:41.295  1885  1898 E memtrack: Couldn't load memtrack module
12-09 06:54:41.309  1885  1898 E memtrack: Couldn't load memtrack module
12-09 06:54:41.319  1885  1898 E memtrack: Couldn't load memtrack module
12-09 06:54:41.335  1885  1898 E memtrack: Couldn't load memtrack module
12-09 06:54:41.352  1885  1898 E memtrack: Couldn't load memtrack module
12-09 06:54:41.357  1885  1898 E memtrack: Couldn't load memtrack module
12-09 06:54:41.366  1885  1898 E memtrack: Couldn't load memtrack module
12-09 06:54:41.384  1885  1898 E memtrack: Couldn't load memtrack module
12-09 06:54:41.394  1885  1898 E memtrack: Couldn't load memtrack module
12-09 06:54:41.417  1885  1898 E memtrack: Couldn't load memtrack module
12-09 06:54:41.426  1885  1898 E memtrack: Couldn't load memtrack module
12-09 06:54:41.435  1885  1898 E memtrack: Couldn't load memtrack module
12-09 06:54:41.458  1885  1898 E memtrack: Couldn't load memtrack module
12-09 06:54:41.469  1885  1898 E memtrack: Couldn't load memtrack module
12-09 06:54:41.480  1885  1898 E memtrack: Couldn't load memtrack module
12-09 06:54:41.491  1885  1898 E memtrack: Couldn't load memtrack module
12-09 06:54:41.529  1885  1898 E memtrack: Couldn't load memtrack module
12-09 06:54:41.552  1885  1898 E memtrack: Couldn't load memtrack module
12-09 06:54:41.558  1885  1898 E memtrack: Couldn't load memtrack module
12-09 06:54:41.561  1885  1898 E memtrack: Couldn't load memtrack module
12-09 06:54:41.564  1885  1898 E memtrack: Couldn't load memtrack module
12-09 06:54:41.568  1885  1898 E memtrack: Couldn't load memtrack module
12-09 06:54:41.570  1885  1898 E memtrack: Couldn't load memtrack module
12-09 06:54:41.605  1885  1898 E memtrack: Couldn't load memtrack module
12-09 06:54:41.611  1885  1898 E memtrack: Couldn't load memtrack module
12-09 06:54:41.616  1885  1898 E memtrack: Couldn't load memtrack module
12-09 06:54:41.623  1885  1898 E memtrack: Couldn't load memtrack module
12-09 06:54:41.627  1885  1898 E memtrack: Couldn't load memtrack module
12-09 06:54:41.655  1885  1898 E memtrack: Couldn't load memtrack module
12-09 06:54:41.773  1885  1898 E memtrack: Couldn't load memtrack module
12-09 06:54:41.794  1885  1898 E memtrack: Couldn't load memtrack module
12-09 06:54:41.804  1885  1898 E memtrack: Couldn't load memtrack module
12-09 06:54:41.814  1885  1898 E memtrack: Couldn't load memtrack module
12-09 06:54:41.820  1885  1898 E memtrack: Couldn't load memtrack module
12-09 06:54:41.831  1885  1898 E memtrack: Couldn't load memtrack module
12-09 06:54:41.857  1885  1898 E memtrack: Couldn't load memtrack module
12-09 06:54:41.875  1885  1898 E memtrack: Couldn't load memtrack module
12-09 06:54:41.885  1885  1898 E memtrack: Couldn't load memtrack module
12-09 06:54:41.909  1885  1898 E memtrack: Couldn't load memtrack module
12-09 06:54:41.915  1885  1898 E memtrack: Couldn't load memtrack module
12-09 06:54:41.924  1885  1898 E memtrack: Couldn't load memtrack module
12-09 06:54:41.931  1885  1898 E memtrack: Couldn't load memtrack module
12-09 06:54:41.939  1885  1898 E memtrack: Couldn't load memtrack module
12-09 06:54:41.963  1885  1898 E memtrack: Couldn't load memtrack module
12-09 06:54:41.968  1885  1898 E memtrack: Couldn't load memtrack module
12-09 06:54:41.976  1885  1898 E memtrack: Couldn't load memtrack module
12-09 06:54:41.979  1885  1898 E memtrack: Couldn't load memtrack module
12-09 06:54:41.982  1885  1898 E memtrack: Couldn't load memtrack module
12-09 06:54:42.000  1885  1898 E memtrack: Couldn't load memtrack module
12-09 06:54:42.004  1885  1898 E memtrack: Couldn't load memtrack module
12-09 06:54:42.006  1885  1898 E memtrack: Couldn't load memtrack module
12-09 06:54:42.012  1885  1898 E memtrack: Couldn't load memtrack module
12-09 06:54:42.016  1885  1898 E memtrack: Couldn't load memtrack module
12-09 06:54:42.019  1885  1898 E memtrack: Couldn't load memtrack module
12-09 06:54:42.024  1885  1898 E memtrack: Couldn't load memtrack module
12-09 06:54:42.028  1885  1898 E memtrack: Couldn't load memtrack module
12-09 06:54:42.037  1885  1898 E memtrack: Couldn't load memtrack module
12-09 06:54:42.098  1885  1898 E memtrack: Couldn't load memtrack module
12-09 06:54:42.101  1885  1898 E memtrack: Couldn't load memtrack module
12-09 06:54:42.103  1885  1898 E memtrack: Couldn't load memtrack module
12-09 06:54:42.106  1885  1898 E memtrack: Couldn't load memtrack module
12-09 06:54:42.142  1885  1898 E memtrack: Couldn't load memtrack module
12-09 06:54:42.148  1885  1898 E memtrack: Couldn't load memtrack module
12-09 06:54:42.263  1885  1898 E memtrack: Couldn't load memtrack module
12-09 06:54:42.346  1885  1898 E memtrack: Couldn't load memtrack module
12-09 06:54:42.421  1885  1898 E memtrack: Couldn't load memtrack module
12-09 06:54:42.488  1885  1898 E memtrack: Couldn't load memtrack module
12-09 06:54:42.542  1885  1898 E memtrack: Couldn't load memtrack module
12-09 06:54:42.598  1885  1898 E memtrack: Couldn't load memtrack module
12-09 06:54:42.652  1885  1898 E memtrack: Couldn't load memtrack module
12-09 06:54:42.709  1885  1898 E memtrack: Couldn't load memtrack module
12-09 06:54:42.758  1885  1898 E memtrack: Couldn't load memtrack module
12-09 06:54:42.814  1885  1898 E memtrack: Couldn't load memtrack module
12-09 06:54:42.868  1885  1898 E memtrack: Couldn't load memtrack module
12-09 06:54:42.917  1885  1898 E memtrack: Couldn't load memtrack module
12-09 06:54:42.992  1885  1898 E memtrack: Couldn't load memtrack module
12-09 06:54:43.043  1885  1898 E memtrack: Couldn't load memtrack module
12-09 06:54:43.115  1885  1898 E memtrack: Couldn't load memtrack module
