--------- beginning of system
--------- beginning of main
12-09 03:33:35.565  1885  1899 E ActivityManager: Failure starting process com.evancharlton.mileage
12-09 03:33:35.565  1885  1899 E ActivityManager: java.lang.SecurityException: Package com.evancharlton.mileage is currently frozen!
12-09 03:33:35.565  1885  1899 E ActivityManager: 	at com.android.server.pm.PackageManagerService.checkPackageStartable(PackageManagerService.java:4000)
12-09 03:33:35.565  1885  1899 E ActivityManager: 	at com.android.server.am.ActivityManagerService.startProcessLocked(ActivityManagerService.java:4234)
12-09 03:33:35.565  1885  1899 E ActivityManager: 	at com.android.server.am.ActivityManagerService.startProcessLocked(ActivityManagerService.java:4199)
12-09 03:33:35.565  1885  1899 E ActivityManager: 	at com.android.server.am.ActivityManagerService.startProcessLocked(ActivityManagerService.java:4181)
12-09 03:33:35.565  1885  1899 E ActivityManager: 	at com.android.server.am.ActivityManagerService.startProcessLocked(ActivityManagerService.java:4067)
12-09 03:33:35.565  1885  1899 E ActivityManager: 	at com.android.server.am.ActivityStackSupervisor.startSpecificActivityLocked(ActivityStackSupervisor.java:1715)
12-09 03:33:35.565  1885  1899 E ActivityManager: 	at com.android.server.am.ActivityStack.resumeTopActivityInnerLocked(ActivityStack.java:2764)
12-09 03:33:35.565  1885  1899 E ActivityManager: 	at com.android.server.am.ActivityStack.resumeTopActivityUncheckedLocked(ActivityStack.java:2302)
12-09 03:33:35.565  1885  1899 E ActivityManager: 	at com.android.server.am.ActivityStackSupervisor.resumeFocusedStackTopActivityLocked(ActivityStackSupervisor.java:2234)
12-09 03:33:35.565  1885  1899 E ActivityManager: 	at com.android.server.am.ActivityStackSupervisor.resumeFocusedStackTopActivityLocked(ActivityStackSupervisor.java:2218)
12-09 03:33:35.565  1885  1899 E ActivityManager: 	at com.android.server.am.ActivityManagerService.handleAppDiedLocked(ActivityManagerService.java:5923)
12-09 03:33:35.565  1885  1899 E ActivityManager: 	at com.android.server.am.ActivityManagerService.removeProcessLocked(ActivityManagerService.java:7501)
12-09 03:33:35.565  1885  1899 E ActivityManager: 	at com.android.server.am.ActivityManagerService.killPackageProcessesLocked(ActivityManagerService.java:7142)
12-09 03:33:35.565  1885  1899 E ActivityManager: 	at com.android.server.am.ActivityManagerService.forceStopPackageLocked(ActivityManagerService.java:7275)
12-09 03:33:35.565  1885  1899 E ActivityManager: 	at com.android.server.am.ActivityManagerService$MainHandler.handleMessage(ActivityManagerService.java:2289)
12-09 03:33:35.565  1885  1899 E ActivityManager: 	at android.os.Handler.dispatchMessage(Handler.java:106)
12-09 03:33:35.565  1885  1899 E ActivityManager: 	at android.os.Looper.loop(Looper.java:193)
12-09 03:33:35.565  1885  1899 E ActivityManager: 	at android.os.HandlerThread.run(HandlerThread.java:65)
12-09 03:33:35.565  1885  1899 E ActivityManager: 	at com.android.server.ServiceThread.run(ServiceThread.java:44)
12-09 03:33:36.423 26055 26055 E id.defcontaine: Not starting debugger since process cannot load the jdwp agent.
12-09 03:33:36.427 26070 26070 E ndroid.keychai: Not starting debugger since process cannot load the jdwp agent.
12-09 03:33:36.448 26062 26062 E oid.documentsu: Not starting debugger since process cannot load the jdwp agent.
12-09 03:33:37.428 26132 26132 E droid.apps.doc: Not starting debugger since process cannot load the jdwp agent.
12-09 03:33:38.379 26155 26155 E d.process.medi: Not starting debugger since process cannot load the jdwp agent.
12-09 03:33:38.436 26168 26168 E id.defcontaine: Not starting debugger since process cannot load the jdwp agent.
12-09 03:33:38.607 26189 26189 E ocess.gservice: Not starting debugger since process cannot load the jdwp agent.
12-09 03:33:40.032 26132 26132 E DocsApplication: [main] No default account found during application creation.
12-09 03:33:40.811  1731  1935 E         : Couldn't opendir /data/app/vmdl2026556041.tmp: No such file or directory
12-09 03:33:40.811  1731  1935 E installd: Failed to delete /data/app/vmdl2026556041.tmp: No such file or directory
12-09 03:33:44.075 26245 26245 E harlton.mileag: Not starting debugger since process cannot load the jdwp agent.
12-09 03:33:45.526  1994  7294 E putmethod.lati: Invalid ID 0x00000001.
12-09 03:33:45.549  1994  7294 E LstmTrainingCache: emn: Can't get resource name for input slot
12-09 03:33:45.549  1994  7294 E LstmTrainingCache: android.content.res.Resources$NotFoundException: Unable to find resource ID #0x1
12-09 03:33:45.549  1994  7294 E LstmTrainingCache: 	at android.content.res.ResourcesImpl.getResourceName(ResourcesImpl.java:255)
12-09 03:33:45.549  1994  7294 E LstmTrainingCache: 	at android.content.res.Resources.getResourceName(Resources.java:1954)
12-09 03:33:45.549  1994  7294 E LstmTrainingCache: 	at emn.a(PG:12)
12-09 03:33:45.549  1994  7294 E LstmTrainingCache: 	at emk.run(PG:5)
12-09 03:33:45.549  1994  7294 E LstmTrainingCache: 	at java.lang.Thread.run(Thread.java:764)
12-09 03:33:48.880  1994  7294 E putmethod.lati: Invalid ID 0x00000001.
12-09 03:33:48.880  1994  7294 E LstmTrainingCache: emn: Can't get resource name for input slot
12-09 03:33:48.880  1994  7294 E LstmTrainingCache: android.content.res.Resources$NotFoundException: Unable to find resource ID #0x1
12-09 03:33:48.880  1994  7294 E LstmTrainingCache: 	at android.content.res.ResourcesImpl.getResourceName(ResourcesImpl.java:255)
12-09 03:33:48.880  1994  7294 E LstmTrainingCache: 	at android.content.res.Resources.getResourceName(Resources.java:1954)
12-09 03:33:48.880  1994  7294 E LstmTrainingCache: 	at emn.a(PG:12)
12-09 03:33:48.880  1994  7294 E LstmTrainingCache: 	at emk.run(PG:5)
12-09 03:33:48.880  1994  7294 E LstmTrainingCache: 	at java.lang.Thread.run(Thread.java:764)
12-09 03:33:49.479 26245 26245 E SpannableStringBuilder: SPAN_EXCLUSIVE_EXCLUSIVE spans cannot have a zero length
12-09 03:33:49.481 26245 26245 E SpannableStringBuilder: SPAN_EXCLUSIVE_EXCLUSIVE spans cannot have a zero length
12-09 03:33:54.713  1994  7294 E putmethod.lati: Invalid ID 0x00000001.
12-09 03:33:54.714  1994  7294 E LstmTrainingCache: emn: Can't get resource name for input slot
12-09 03:33:54.714  1994  7294 E LstmTrainingCache: android.content.res.Resources$NotFoundException: Unable to find resource ID #0x1
12-09 03:33:54.714  1994  7294 E LstmTrainingCache: 	at android.content.res.ResourcesImpl.getResourceName(ResourcesImpl.java:255)
12-09 03:33:54.714  1994  7294 E LstmTrainingCache: 	at android.content.res.Resources.getResourceName(Resources.java:1954)
12-09 03:33:54.714  1994  7294 E LstmTrainingCache: 	at emn.a(PG:12)
12-09 03:33:54.714  1994  7294 E LstmTrainingCache: 	at emk.run(PG:5)
12-09 03:33:54.714  1994  7294 E LstmTrainingCache: 	at java.lang.Thread.run(Thread.java:764)
12-09 03:33:57.056 26275 26275 E emui:screensho: Not starting debugger since process cannot load the jdwp agent.
12-09 03:33:57.659 26275 26275 E SoundPool: error loading /product/media/audio/ui/camera_click.ogg
12-09 03:33:58.011  1741  2075 E OMXNodeInstance: getConfig(0xe97a6e40:google.vorbis.decoder, ConfigAndroidVendorExtension(0x6f100004)) ERROR: Undefined(0x80001001)
12-09 03:34:00.353  1633  1633 E lowmemorykiller: Error opening /proc/25957/oom_score_adj; errno=2
12-09 03:34:00.781 26305 26305 E d.process.medi: Not starting debugger since process cannot load the jdwp agent.
12-09 03:34:02.911  1633  1633 E lowmemorykiller: Error opening /proc/25971/oom_score_adj; errno=2
12-09 03:34:06.117  2378  2378 E BeaconBle: Missing BluetoothAdapter
12-09 03:34:06.195  2378  2378 E BeaconBle: Scan couldn't start for Places
12-09 03:34:12.009 26338 26338 E oid.apps.photo: Not starting debugger since process cannot load the jdwp agent.
12-09 03:34:12.664 26355 26355 E ocess.gservice: Not starting debugger since process cannot load the jdwp agent.
12-09 03:34:12.851  1834  1834 E netmgr  : Failed to open QEMU pipe 'qemud:network': Invalid argument
12-09 03:34:12.852  1834  1834 E netmgr  : WifiForwarder unable to open QEMU pipe: Invalid argument
12-09 03:34:19.881  1739  1762 E storaged: getDiskStats failed with result NOT_SUPPORTED and size 0
12-09 03:34:21.886  1885  3217 E WindowManager: Performed 6 layouts in a row. Skipping
12-09 03:34:21.917  1885  1938 E WindowManager: Performed 6 layouts in a row. Skipping
12-09 03:34:21.984  1885  1938 E WindowManager: Performed 6 layouts in a row. Skipping
12-09 03:34:22.009  1885  1938 E WindowManager: Performed 6 layouts in a row. Skipping
12-09 03:34:22.036  1885  1900 E WindowManager: Performed 6 layouts in a row. Skipping
12-09 03:34:22.073  1885  1938 E WindowManager: Performed 6 layouts in a row. Skipping
12-09 03:34:22.110  1885  1938 E WindowManager: Performed 6 layouts in a row. Skipping
12-09 03:34:22.286  1885  1938 E WindowManager: Performed 6 layouts in a row. Skipping
12-09 03:34:22.315  1885  4232 E WindowManager: Performed 6 layouts in a row. Skipping
12-09 03:34:22.348  1885  1938 E WindowManager: Performed 6 layouts in a row. Skipping
12-09 03:34:22.421  1885  1938 E WindowManager: Performed 6 layouts in a row. Skipping
12-09 03:34:22.454  1885  4232 E WindowManager: Performed 6 layouts in a row. Skipping
12-09 03:34:22.481  1885  1938 E WindowManager: Performed 6 layouts in a row. Skipping
12-09 03:34:22.552  1885  1938 E WindowManager: Performed 6 layouts in a row. Skipping
12-09 03:34:22.573  1885  1938 E WindowManager: Performed 6 layouts in a row. Skipping
12-09 03:34:22.711  1885  1938 E WindowManager: Performed 6 layouts in a row. Skipping
12-09 03:34:23.488 26245 26245 E WindowManager: 
12-09 03:34:23.488 26245 26245 E WindowManager: android.view.WindowLeaked: Activity com.evancharlton.mileage.FieldActivity has leaked window DecorView@b3a05b7[FieldActivity] that was originally added here
12-09 03:34:23.488 26245 26245 E WindowManager: 	at android.view.ViewRootImpl.<init>(ViewRootImpl.java:511)
12-09 03:34:23.488 26245 26245 E WindowManager: 	at android.view.WindowManagerGlobal.addView(WindowManagerGlobal.java:346)
12-09 03:34:23.488 26245 26245 E WindowManager: 	at android.view.WindowManagerImpl.addView(WindowManagerImpl.java:93)
12-09 03:34:23.488 26245 26245 E WindowManager: 	at com.android.internal.policy.PhoneWindow.openPanel(PhoneWindow.java:887)
12-09 03:34:23.488 26245 26245 E WindowManager: 	at com.android.internal.policy.PhoneWindow.onKeyUpPanel(PhoneWindow.java:1104)
12-09 03:34:23.488 26245 26245 E WindowManager: 	at com.android.internal.policy.PhoneWindow.onKeyUp(PhoneWindow.java:2007)
12-09 03:34:23.488 26245 26245 E WindowManager: 	at com.android.internal.policy.DecorView.dispatchKeyEvent(DecorView.java:350)
12-09 03:34:23.488 26245 26245 E WindowManager: 	at android.view.ViewRootImpl$ViewPostImeInputStage.processKeyEvent(ViewRootImpl.java:5037)
12-09 03:34:23.488 26245 26245 E WindowManager: 	at android.view.ViewRootImpl$ViewPostImeInputStage.onProcess(ViewRootImpl.java:4905)
12-09 03:34:23.488 26245 26245 E WindowManager: 	at android.view.ViewRootImpl$InputStage.deliver(ViewRootImpl.java:4426)
12-09 03:34:23.488 26245 26245 E WindowManager: 	at android.view.ViewRootImpl$InputStage.onDeliverToNext(ViewRootImpl.java:4479)
12-09 03:34:23.488 26245 26245 E WindowManager: 	at android.view.ViewRootImpl$InputStage.forward(ViewRootImpl.java:4445)
12-09 03:34:23.488 26245 26245 E WindowManager: 	at android.view.ViewRootImpl$AsyncInputStage.forward(ViewRootImpl.java:4585)
12-09 03:34:23.488 26245 26245 E WindowManager: 	at android.view.ViewRootImpl$InputStage.apply(ViewRootImpl.java:4453)
12-09 03:34:23.488 26245 26245 E WindowManager: 	at android.view.ViewRootImpl$AsyncInputStage.apply(ViewRootImpl.java:4642)
12-09 03:34:23.488 26245 26245 E WindowManager: 	at android.view.ViewRootImpl$InputStage.deliver(ViewRootImpl.java:4426)
12-09 03:34:23.488 26245 26245 E WindowManager: 	at android.view.ViewRootImpl$InputStage.onDeliverToNext(ViewRootImpl.java:4479)
12-09 03:34:23.488 26245 26245 E WindowManager: 	at android.view.ViewRootImpl$InputStage.forward(ViewRootImpl.java:4445)
12-09 03:34:23.488 26245 26245 E WindowManager: 	at android.view.ViewRootImpl$InputStage.apply(ViewRootImpl.java:4453)
12-09 03:34:23.488 26245 26245 E WindowManager: 	at android.view.ViewRootImpl$InputStage.deliver(ViewRootImpl.java:4426)
12-09 03:34:23.488 26245 26245 E WindowManager: 	at android.view.ViewRootImpl$InputStage.onDeliverToNext(ViewRootImpl.java:4479)
12-09 03:34:23.488 26245 26245 E WindowManager: 	at android.view.ViewRootImpl$InputStage.forward(ViewRootImpl.java:4445)
12-09 03:34:23.488 26245 26245 E WindowManager: 	at android.view.ViewRootImpl$AsyncInputStage.forward(ViewRootImpl.java:4618)
12-09 03:34:23.488 26245 26245 E WindowManager: 	at android.view.ViewRootImpl$ImeInputStage.onFinishedInputEvent(ViewRootImpl.java:4779)
12-09 03:34:23.488 26245 26245 E WindowManager: 	at android.view.inputmethod.InputMethodManager$PendingEvent.run(InputMethodManager.java:2571)
12-09 03:34:23.488 26245 26245 E WindowManager: 	at android.view.inputmethod.InputMethodManager.invokeFinishedInputEventCallback(InputMethodManager.java:2081)
12-09 03:34:23.488 26245 26245 E WindowManager: 	at android.view.inputmethod.InputMethodManager.finishedInputEvent(InputMethodManager.java:2072)
12-09 03:34:23.488 26245 26245 E WindowManager: 	at android.view.inputmethod.InputMethodManager$ImeInputEventSender.onInputEventFinished(InputMethodManager.java:2548)
12-09 03:34:23.488 26245 26245 E WindowManager: 	at android.view.InputEventSender.dispatchInputEventFinished(InputEventSender.java:141)
12-09 03:34:23.488 26245 26245 E WindowManager: 	at android.os.MessageQueue.nativePollOnce(Native Method)
12-09 03:34:23.488 26245 26245 E WindowManager: 	at android.os.MessageQueue.next(MessageQueue.java:326)
12-09 03:34:23.488 26245 26245 E WindowManager: 	at android.os.Looper.loop(Looper.java:160)
12-09 03:34:23.488 26245 26245 E WindowManager: 	at android.app.ActivityThread.main(ActivityThread.java:6669)
12-09 03:34:23.488 26245 26245 E WindowManager: 	at java.lang.reflect.Method.invoke(Native Method)
12-09 03:34:23.488 26245 26245 E WindowManager: 	at com.android.internal.os.RuntimeInit$MethodAndArgsCaller.run(RuntimeInit.java:493)
12-09 03:34:23.488 26245 26245 E WindowManager: 	at com.android.internal.os.ZygoteInit.main(ZygoteInit.java:858)
12-09 03:34:24.295 10557 10557 E ContextIntentStarter: No activity found for any of the 0 intents
12-09 03:34:28.439  2378 25760 E ctxmgr  : [AppIntervalImpl]closeInterval: ongoing
12-09 03:34:28.452  2378 25760 E ctxmgr  : [AppIntervalImpl]closeInterval: ongoing
12-09 03:34:31.218 26422 26422 E id.partnersetu: Not starting debugger since process cannot load the jdwp agent.
12-09 03:34:31.528 26436 26436 E boxed_process1: Not starting debugger since process cannot load the jdwp agent.
12-09 03:34:33.426 10557 10557 E ClientVe: Failed to create ClientVisualElementsProto for user interaction on view com.google.android.apps.gsa.searchbox.ui.suggestions.views.CoreSuggestionView{1af228c VFE...CL. ...P.... 0,436-1038,583 #4b} because the view is not tagged for visual element logging.
12-09 03:34:33.456 10557 10557 E ClientVe: Failed to create ClientVisualElementsProto for user interaction on view com.google.android.apps.gsa.searchbox.ui.suggestions.views.CoreSuggestionView{a72cbbf VFE...CL. ...P.... 0,289-1038,436 #4a} because the view is not tagged for visual element logging.
12-09 03:34:33.640 10557 10557 E ClientVe: Failed to create ClientVisualElementsProto for user interaction on view com.google.android.apps.gsa.searchbox.ui.suggestions.views.CoreSuggestionView{bd15dde VFE...CL. ...P.... 0,142-1038,289 #49} because the view is not tagged for visual element logging.
12-09 03:34:34.009 10557 10557 E ClientVe: Failed to create ClientVisualElementsProto for user interaction on view com.google.android.apps.gsa.searchbox.ui.suggestions.views.CoreSuggestionView{a72cbbf VFE...CL. ...P.... 0,289-1038,436 #4a} because the view is not tagged for visual element logging.
12-09 03:34:34.065 10557 10557 E ClientVe: Failed to create ClientVisualElementsProto for user interaction on view com.google.android.apps.gsa.searchbox.ui.suggestions.views.CoreSuggestionView{a72cbbf VFE...CL. ...P.... 0,289-1038,436 #4a} because the view is not tagged for visual element logging.
12-09 03:34:34.431 10557 10557 E ClientVe: Failed to create ClientVisualElementsProto for user interaction on view com.google.android.apps.gsa.searchbox.ui.suggestions.views.CoreSuggestionView{8608dd5 VFE...CL. ...P.... 0,583-1038,730 #4c} because the view is not tagged for visual element logging.
12-09 03:34:35.752 10557 10557 E ClientVe: Failed to create ClientVisualElementsProto for user interaction on view com.google.android.apps.gsa.searchbox.ui.suggestions.views.CoreSuggestionView{bd15dde VFE...CL. ...P.... 0,142-1038,289 #49} because the view is not tagged for visual element logging.
12-09 03:34:36.388 10557 10561 E ReloadingLock: Finalizing LOCKED Token[searchresults_activity 2018-12-09 03:34:34.938]
12-09 03:34:38.390  1633  1633 E lowmemorykiller: Error writing /proc/26305/oom_score_adj; errno=22
12-09 03:34:39.710 26471 26471 E .android.chrom: Not starting debugger since process cannot load the jdwp agent.
12-09 03:34:41.013  1994  1994 E native  : suggestion-transformer.cc:118 suggestion picked candidate not found for id: 3
