--------- beginning of main
--------- beginning of system
12-08 01:18:38.189 30447 30447 E ndroid.keychai: Not starting debugger since process cannot load the jdwp agent.
12-08 01:18:38.277 30462 30462 E oid.documentsu: Not starting debugger since process cannot load the jdwp agent.
12-08 01:18:39.134 30505 30505 E droid.apps.doc: Not starting debugger since process cannot load the jdwp agent.
12-08 01:18:40.334 30531 30531 E d.process.medi: Not starting debugger since process cannot load the jdwp agent.
12-08 01:18:40.377 30545 30545 E ocess.gservice: Not starting debugger since process cannot load the jdwp agent.
12-08 01:18:41.662 30505 30505 E DocsApplication: [main] No default account found during application creation.
12-08 01:18:42.250  1729  2328 E         : Couldn't opendir /data/app/vmdl315458697.tmp: No such file or directory
12-08 01:18:42.250  1729  2328 E installd: Failed to delete /data/app/vmdl315458697.tmp: No such file or directory
12-08 01:18:46.437 30601 30601 E harlton.mileag: Not starting debugger since process cannot load the jdwp agent.
12-08 01:18:56.851 16085 31762 E putmethod.lati: Invalid ID 0x00000001.
12-08 01:18:56.858 16085 31762 E LstmTrainingCache: emn: Can't get resource name for input slot
12-08 01:18:56.858 16085 31762 E LstmTrainingCache: android.content.res.Resources$NotFoundException: Unable to find resource ID #0x1
12-08 01:18:56.858 16085 31762 E LstmTrainingCache: 	at android.content.res.ResourcesImpl.getResourceName(ResourcesImpl.java:255)
12-08 01:18:56.858 16085 31762 E LstmTrainingCache: 	at android.content.res.Resources.getResourceName(Resources.java:1954)
12-08 01:18:56.858 16085 31762 E LstmTrainingCache: 	at emn.a(PG:12)
12-08 01:18:56.858 16085 31762 E LstmTrainingCache: 	at emk.run(PG:5)
12-08 01:18:56.858 16085 31762 E LstmTrainingCache: 	at java.lang.Thread.run(Thread.java:764)
12-08 01:18:58.436 30631 30631 E emui:screensho: Not starting debugger since process cannot load the jdwp agent.
12-08 01:18:59.404 30631 30631 E SoundPool: error loading /product/media/audio/ui/camera_click.ogg
12-08 01:18:59.642  1724  2165 E SurfaceFlinger: ro.sf.lcd_density must be defined as a build property
12-08 01:18:59.671  1739  1778 E OMXNodeInstance: getConfig(0xee326c00:google.vorbis.decoder, ConfigAndroidVendorExtension(0x6f100004)) ERROR: Undefined(0x80001001)
12-08 01:18:59.881  1724  1767 E SurfaceFlinger: ro.sf.lcd_density must be defined as a build property
12-08 01:19:01.733 16485 19320 E s.nexuslaunche: Failed to open APK '/data/app/com.evancharlton.mileage-19z9BTdMRMoqgZlZ56Cpng==/base.apk' I/O error
12-08 01:19:01.744 16485 19320 E ResourcesManager: failed to add asset path /data/app/com.evancharlton.mileage-19z9BTdMRMoqgZlZ56Cpng==/base.apk
12-08 01:19:05.895 28119 28119 E ContextIntentStarter: No activity found for any of the 0 intents
12-08 01:19:06.967 16506 16506 E BeaconBle: Missing BluetoothAdapter
12-08 01:19:07.025 16506 16506 E BeaconBle: Scan couldn't start for Places
12-08 01:19:13.541 30683 30683 E oid.apps.photo: Not starting debugger since process cannot load the jdwp agent.
12-08 01:19:16.230  1829  1829 E netmgr  : Failed to open QEMU pipe 'qemud:network': Invalid argument
12-08 01:19:16.230  1829  1829 E netmgr  : WifiForwarder unable to open QEMU pipe: Invalid argument
12-08 01:19:17.341 16506 28932 E ctxmgr  : [AppIntervalImpl]closeInterval: ongoing
12-08 01:19:17.370 16506 28932 E ctxmgr  : [AppIntervalImpl]closeInterval: ongoing
12-08 01:19:36.098  1737  1809 E storaged: getDiskStats failed with result NOT_SUPPORTED and size 0
12-08 01:19:59.597 16788 17129 E PlayCommon: [121] com.google.android.play.b.g.a(448): Failed to connect to server: java.net.UnknownHostException: Unable to resolve host "play.googleapis.com": No address associated with hostname
12-08 01:20:14.475 30752 30752 E id.partnersetu: Not starting debugger since process cannot load the jdwp agent.
12-08 01:20:16.237  1829  1829 E netmgr  : Failed to open QEMU pipe 'qemud:network': Invalid argument
12-08 01:20:16.237  1829  1829 E netmgr  : WifiForwarder unable to open QEMU pipe: Invalid argument
12-08 01:20:36.103  1737  1809 E storaged: getDiskStats failed with result NOT_SUPPORTED and size 0
12-08 01:21:16.297  1829  1829 E netmgr  : Failed to open QEMU pipe 'qemud:network': Invalid argument
12-08 01:21:16.298  1829  1829 E netmgr  : WifiForwarder unable to open QEMU pipe: Invalid argument
12-08 01:21:36.105  1737  1809 E storaged: getDiskStats failed with result NOT_SUPPORTED and size 0
12-08 01:22:16.309  1829  1829 E netmgr  : Failed to open QEMU pipe 'qemud:network': Invalid argument
12-08 01:22:16.309  1829  1829 E netmgr  : WifiForwarder unable to open QEMU pipe: Invalid argument
12-08 01:22:36.106  1737  1809 E storaged: getDiskStats failed with result NOT_SUPPORTED and size 0
12-08 01:23:13.066 15976 15987 E WindowManager: Performed 6 layouts in a row. Skipping
12-08 01:23:13.110 15976 15976 E WindowManager: Performed 6 layouts in a row. Skipping
12-08 01:23:13.159 15976 16026 E WindowManager: Performed 6 layouts in a row. Skipping
12-08 01:23:13.221 15976 16026 E WindowManager: Performed 6 layouts in a row. Skipping
12-08 01:23:13.286 15976 16026 E WindowManager: Performed 6 layouts in a row. Skipping
12-08 01:23:13.309 15976 15991 E WindowManager: Performed 6 layouts in a row. Skipping
12-08 01:23:13.366 15976 16026 E WindowManager: Performed 6 layouts in a row. Skipping
12-08 01:23:13.391 15976 15987 E WindowManager: Performed 6 layouts in a row. Skipping
12-08 01:23:13.411 15976 16026 E WindowManager: Performed 6 layouts in a row. Skipping
12-08 01:23:13.470 15976 16026 E WindowManager: Performed 6 layouts in a row. Skipping
12-08 01:23:13.494 15976 17388 E WindowManager: Performed 6 layouts in a row. Skipping
12-08 01:23:13.533 15976 16026 E WindowManager: Performed 6 layouts in a row. Skipping
12-08 01:23:13.563 15976 16026 E WindowManager: Performed 6 layouts in a row. Skipping
12-08 01:23:13.626 15976 16026 E WindowManager: Performed 6 layouts in a row. Skipping
12-08 01:23:13.669 15976 19437 E WindowManager: Performed 6 layouts in a row. Skipping
12-08 01:23:13.708 15976 16026 E WindowManager: Performed 6 layouts in a row. Skipping
12-08 01:23:13.738 15976 16026 E WindowManager: Performed 6 layouts in a row. Skipping
12-08 01:23:13.764 15976 15991 E WindowManager: Performed 6 layouts in a row. Skipping
12-08 01:23:13.796 15976 16026 E WindowManager: Performed 6 layouts in a row. Skipping
12-08 01:23:13.817 15976 16026 E WindowManager: Performed 6 layouts in a row. Skipping
