--------- beginning of main
12-07 15:03:37.180  1880  5556 E memtrack: Couldn't load memtrack module
12-07 15:03:37.252  1880  5556 E memtrack: Couldn't load memtrack module
--------- beginning of system
12-07 15:03:37.333  1880  5556 E memtrack: Couldn't load memtrack module
12-07 15:03:39.678  1880  5556 E memtrack: Couldn't load memtrack module
12-07 15:03:39.781  1880  5556 E memtrack: Couldn't load memtrack module
12-07 15:03:47.999  1880  5556 E memtrack: Couldn't load memtrack module
12-07 15:03:48.009  1880  5556 E memtrack: Couldn't load memtrack module
12-07 15:03:48.010  1880  5556 E memtrack: Couldn't load memtrack module
12-07 15:03:48.011  1880  5556 E memtrack: Couldn't load memtrack module
12-07 15:03:48.012  1880  5556 E memtrack: Couldn't load memtrack module
12-07 15:03:48.019  1880  5556 E memtrack: Couldn't load memtrack module
12-07 15:03:48.024  1880  5556 E memtrack: Couldn't load memtrack module
12-07 15:03:48.031  1880  5556 E memtrack: Couldn't load memtrack module
12-07 15:03:48.037  1880  5556 E memtrack: Couldn't load memtrack module
12-07 15:03:48.046  1880  5556 E memtrack: Couldn't load memtrack module
12-07 15:03:48.057  1880  5556 E memtrack: Couldn't load memtrack module
12-07 15:03:48.063  1880  5556 E memtrack: Couldn't load memtrack module
12-07 15:03:48.068  1880  5556 E memtrack: Couldn't load memtrack module
12-07 15:03:48.077  1880  5556 E memtrack: Couldn't load memtrack module
12-07 15:03:48.083  1880  5556 E memtrack: Couldn't load memtrack module
12-07 15:03:48.100  1880  5556 E memtrack: Couldn't load memtrack module
12-07 15:03:48.107  1880  5556 E memtrack: Couldn't load memtrack module
12-07 15:03:48.115  1880  5556 E memtrack: Couldn't load memtrack module
12-07 15:03:48.122  1880  5556 E memtrack: Couldn't load memtrack module
12-07 15:03:48.130  1880  5556 E memtrack: Couldn't load memtrack module
12-07 15:03:48.139  1880  5556 E memtrack: Couldn't load memtrack module
12-07 15:03:50.261  1880  5556 E memtrack: Couldn't load memtrack module
12-07 15:03:50.287  1880  5556 E memtrack: Couldn't load memtrack module
12-07 15:03:50.305  1880  5556 E memtrack: Couldn't load memtrack module
12-07 15:03:50.311  1880  5556 E memtrack: Couldn't load memtrack module
12-07 15:03:50.317  1880  5556 E memtrack: Couldn't load memtrack module
12-07 15:03:50.328  1880  5556 E memtrack: Couldn't load memtrack module
12-07 15:03:50.359  1880  5556 E memtrack: Couldn't load memtrack module
12-07 15:03:50.366  1880  5556 E memtrack: Couldn't load memtrack module
12-07 15:03:50.371  1880  5556 E memtrack: Couldn't load memtrack module
12-07 15:03:50.379  1880  5556 E memtrack: Couldn't load memtrack module
12-07 15:03:50.384  1880  5556 E memtrack: Couldn't load memtrack module
12-07 15:03:50.388  1880  5556 E memtrack: Couldn't load memtrack module
12-07 15:03:50.408  1880  5556 E memtrack: Couldn't load memtrack module
12-07 15:03:50.472  1880  5556 E memtrack: Couldn't load memtrack module
12-07 15:03:50.490  1880  5556 E memtrack: Couldn't load memtrack module
12-07 15:03:50.507  1880  5556 E memtrack: Couldn't load memtrack module
12-07 15:03:50.516  1880  5556 E memtrack: Couldn't load memtrack module
12-07 15:03:50.524  1880  5556 E memtrack: Couldn't load memtrack module
12-07 15:03:50.536  1880  5556 E memtrack: Couldn't load memtrack module
12-07 15:03:50.548  1880  5556 E memtrack: Couldn't load memtrack module
12-07 15:03:50.574  1880  5556 E memtrack: Couldn't load memtrack module
12-07 15:03:50.589  1880  5556 E memtrack: Couldn't load memtrack module
12-07 15:04:00.724  1829  1829 E netmgr  : Failed to open QEMU pipe 'qemud:network': Invalid argument
12-07 15:04:00.725  1829  1829 E netmgr  : WifiForwarder unable to open QEMU pipe: Invalid argument
12-07 15:04:00.726  1735  1809 E storaged: getDiskStats failed with result NOT_SUPPORTED and size 0
12-07 15:04:00.737  1880  5556 E memtrack: Couldn't load memtrack module
12-07 15:04:00.749  1880  5556 E memtrack: Couldn't load memtrack module
12-07 15:04:00.766  1880  5556 E memtrack: Couldn't load memtrack module
12-07 15:04:00.780  1880  5556 E memtrack: Couldn't load memtrack module
12-07 15:04:00.790  1880  5556 E memtrack: Couldn't load memtrack module
12-07 15:04:00.817  1880  5556 E memtrack: Couldn't load memtrack module
12-07 15:04:00.827  1880  5556 E memtrack: Couldn't load memtrack module
12-07 15:04:00.837  1880  5556 E memtrack: Couldn't load memtrack module
12-07 15:04:00.842  1880  5556 E memtrack: Couldn't load memtrack module
12-07 15:04:00.852  1880  5556 E memtrack: Couldn't load memtrack module
12-07 15:04:00.874  1880  5556 E memtrack: Couldn't load memtrack module
12-07 15:04:00.878  1880  5556 E memtrack: Couldn't load memtrack module
12-07 15:04:00.882  1880  5556 E memtrack: Couldn't load memtrack module
12-07 15:04:00.888  1880  5556 E memtrack: Couldn't load memtrack module
12-07 15:04:00.894  1880  5556 E memtrack: Couldn't load memtrack module
12-07 15:04:00.899  1880  5556 E memtrack: Couldn't load memtrack module
12-07 15:04:00.899  2780  2915 E PlayCommon: [145] com.google.android.play.b.g.a(448): Failed to connect to server: java.net.UnknownHostException: Unable to resolve host "play.googleapis.com": No address associated with hostname
12-07 15:04:00.905  1880  5556 E memtrack: Couldn't load memtrack module
12-07 15:04:00.911  1880  5556 E memtrack: Couldn't load memtrack module
12-07 15:04:00.915  1880  5556 E memtrack: Couldn't load memtrack module
12-07 15:04:00.980  1880  5556 E memtrack: Couldn't load memtrack module
12-07 15:04:01.010  1880  5556 E memtrack: Couldn't load memtrack module
12-07 15:04:01.026  1880  5556 E memtrack: Couldn't load memtrack module
12-07 15:04:01.030  1880  5556 E memtrack: Couldn't load memtrack module
12-07 15:04:01.034  1880  5556 E memtrack: Couldn't load memtrack module
12-07 15:04:01.039  1880  5556 E memtrack: Couldn't load memtrack module
12-07 15:04:08.838  1880  1895 E memtrack: Couldn't load memtrack module
12-07 15:04:21.978  1880  1895 E memtrack: Couldn't load memtrack module
12-07 15:04:30.216  1727  1777 E         : Couldn't opendir /data/app/vmdl1866843353.tmp: No such file or directory
12-07 15:04:30.216  1727  1777 E installd: Failed to delete /data/app/vmdl1866843353.tmp: No such file or directory
12-07 15:04:58.819  3731  3731 E harlton.mileag: Not starting debugger since process cannot load the jdwp agent.
12-07 15:05:06.672  1829  1829 E netmgr  : Failed to open QEMU pipe 'qemud:network': Invalid argument
12-07 15:05:06.676  1829  1829 E netmgr  : WifiForwarder unable to open QEMU pipe: Invalid argument
12-07 15:05:06.689  1735  1809 E storaged: getDiskStats failed with result NOT_SUPPORTED and size 0
12-07 15:05:27.687  1880  1895 E memtrack: Couldn't load memtrack module
12-07 15:05:27.696  1880  1896 E system_server: libdebuggerd_client: failed to read response from tombstoned: timeout reached?
12-07 15:05:28.024  1741  1741 E /system/bin/tombstoned: Traces for pid 3731 written to: /data/anr/trace_30
12-07 15:05:30.341  1880  1896 E system_server: libdebuggerd_client: timeout expired
12-07 15:05:30.368  1880  1897 E AutofillSession: No assist structure - app might have crashed providing it
12-07 15:05:30.368  1880  1897 E AutofillSession: No assist structure - app might have crashed providing it
12-07 15:05:43.585  1880  1896 E system_server: libdebuggerd_client: failed to read response from tombstoned: timeout reached?
12-07 15:05:48.772  1880  1896 E system_server: libdebuggerd_client: timeout expired
12-07 15:05:48.780  1880  1896 E ActivityManager: Aborting stack trace dump (current firstPid=1880); deadline exceeded.
12-07 15:05:48.864  1880  1896 E ActivityManager: ANR in com.evancharlton.mileage (com.evancharlton.mileage/.Mileage)
12-07 15:05:48.864  1880  1896 E ActivityManager: PID: 3731
12-07 15:05:48.864  1880  1896 E ActivityManager: Reason: Input dispatching timed out (Waiting because no window has focus but there is a focused application that may eventually add a window when it finishes starting up.)
12-07 15:05:48.864  1880  1896 E ActivityManager: Load: 4.33 / 4.73 / 4.9
12-07 15:05:48.864  1880  1896 E ActivityManager: CPU usage from 0ms to 41858ms later (2018-12-07 15:05:06.946 to 2018-12-07 15:05:48.805):
12-07 15:05:48.864  1880  1896 E ActivityManager:   104% 19845/com.google.android.googlequicksearchbox:search: 53% user + 50% kernel / faults: 14956 minor 201 major
12-07 15:05:48.864  1880  1896 E ActivityManager:   81% 1880/system_server: 41% user + 39% kernel / faults: 2459 minor 145 major
12-07 15:05:48.864  1880  1896 E ActivityManager:   30% 396/kworker/u8:0: 0% user + 30% kernel
12-07 15:05:48.864  1880  1896 E ActivityManager:   12% 3731/com.evancharlton.mileage: 5.7% user + 6.8% kernel / faults: 10341 minor 89 major
12-07 15:05:48.864  1880  1896 E ActivityManager:   12% 3135/com.android.chrome:sandboxed_process19: 10% user + 1.1% kernel / faults: 107 minor 6 major
12-07 15:05:48.864  1880  1896 E ActivityManager:   6.4% 1722/surfaceflinger: 2.3% user + 4.1% kernel / faults: 21 minor 1 major
12-07 15:05:48.864  1880  1896 E ActivityManager:   6.2% 646/kswapd0: 0% user + 6.2% kernel
12-07 15:05:48.864  1880  1896 E ActivityManager:   5.6% 1553/logd: 0.9% user + 4.6% kernel / faults: 1 major
12-07 15:05:48.864  1880  1896 E ActivityManager:   0.2% 2300/adbd: 0% user + 0.2% kernel / faults: 20817 minor
12-07 15:05:48.864  1880  1896 E ActivityManager:   0.2% 1745/android.hardware.graphics.composer@2.1-service: 0% user + 0.1% kernel / faults: 12 minor
12-07 15:05:48.864  1880  1896 E ActivityManager:   0.1% 1624/android.hardware.sensors@1.0-service: 0% user + 0.1% kernel
12-07 15:05:48.864  1880  1896 E ActivityManager:   0.1% 3548/kworker/u9:0: 0% user + 0.1% kernel
12-07 15:05:48.864  1880  1896 E ActivityManager:   0.1% 2008/com.android.systemui: 0% user + 0% kernel / faults: 14 minor
12-07 15:05:48.864  1880  1896 E ActivityManager:   0.1% 2318/logcat: 0% user + 0.1% kernel
12-07 15:05:48.864  1880  1896 E ActivityManager:   0.1% 2378/com.google.android.gms.persistent: 0% user + 0% kernel / faults: 74 minor 1 major
12-07 15:05:48.864  1880  1896 E ActivityManager:   0.1% 2590/kworker/u8:2: 0% user + 0.1% kernel
12-07 15:05:48.864  1880  1896 E ActivityManager:   0.1% 3700/com.android.commands.monkey: 0% user + 0% kernel / faults: 27 minor 4 major
12-07 15:05:48.864  1880  1896 E ActivityManager:   0% 26518/com.google.android.apps.nexuslauncher: 0% user + 0% kernel / faults: 34 minor 17 major
12-07 15:05:48.864  1880  1896 E ActivityManager:   0% 18700/kworker/u9:4: 0% user + 0% kernel
12-07 15:05:48.864  1880  1896 E ActivityManager:   0% 31747/kworker/u9:2: 0% user + 0% kernel
12-07 15:05:48.864  1880  1896 E ActivityManager:   0% 32698/kworker/u9:3: 0% user + 0% kernel
12-07 15:05:48.864  1880  1896 E ActivityManager:   0% 3/ksoftirqd/0: 0% user + 0% kernel
12-07 15:05:48.864  1880  1896 E ActivityManager:   0% 12/ksoftirqd/1: 0% user + 0% kernel
12-07 15:05:48.864  1880  1896 E ActivityManager:   0% 1555/hwservicemanager: 0% user + 0% kernel / faults: 52 minor 2 major
12-07 15:05:48.864  1880  1896 E ActivityManager:   0% 1992/com.google.android.inputmethod.latin: 0% user + 0% kernel / faults: 25 minor 22 major
12-07 15:05:48.864  1880  1896 E ActivityManager:   0% 3574/kworker/u8:1: 0% user + 0% kernel
12-07 15:05:48.864  1880  1896 E ActivityManager:   0% 1//init: 0% user + 0% kernel / faults: 8 minor 10 major
12-07 15:05:48.864  1880  1896 E ActivityManager:   0% 1554/servicemanager: 0% user + 0% kernel
12-07 15:05:48.864  1880  1896 E ActivityManager:   0% 1677/dmcrypt_write: 0% user + 0% kernel
12-07 15:05:48.864  1880  1896 E ActivityManager:   0% 1734/statsd: 0% user + 0% kernel / faults: 3 minor 4 major
12-07 15:05:48.864  1880  1896 E ActivityManager:   0% 1741/tombstoned: 0% user + 0% kernel / faults: 2 minor 1 major
12-07 15:05:48.864  1880  1896 E ActivityManager:   0% 1744/kworker/u8:3: 0% user + 0% kernel
12-07 15:05:48.864  1880  1896 E ActivityManager:   0% 2125/com.android.phone: 0% user + 0% kernel
12-07 15:05:48.864  1880  1896 E ActivityManager:   0% 2482/com.google.android.gms: 0% user + 0% kernel / faults: 4 minor
12-07 15:05:48.864  1880  1896 E ActivityManager:  +0% 3753/kworker/u8:5: 0% user + 0% kernel
12-07 15:05:48.864  1880  1896 E ActivityManager:  +0% 3760/crash_dump32: 0% user + 0% kernel
12-07 15:05:48.864  1880  1896 E ActivityManager:  +0% 3762/system_server: 0% user + 0% kernel
12-07 15:05:48.864  1880  1896 E ActivityManager: 10% TOTAL: 3.2% user + 6.1% kernel + 0.7% iowait + 0.2% softirq
12-07 15:05:48.864  1880  1896 E ActivityManager: CPU usage from 5063ms to 7754ms later (2018-12-07 15:05:12.009 to 2018-12-07 15:05:14.700):
12-07 15:05:48.864  1880  1896 E ActivityManager:   93% 1880/system_server: 46% user + 46% kernel / faults: 350 minor 4 major
12-07 15:05:48.864  1880  1896 E ActivityManager:     89% 1896/ActivityManager: 50% user + 39% kernel
12-07 15:05:48.864  1880  1896 E ActivityManager:     0.7% 1934/android.anim: 0.3% user + 0.3% kernel
12-07 15:05:48.864  1880  1896 E ActivityManager:     0.7% 4432/Binder:1880_17: 0% user + 0.7% kernel
12-07 15:05:48.864  1880  1896 E ActivityManager:     0.3% 1937/android.anim.lf: 0.3% user + 0% kernel
12-07 15:05:48.864  1880  1896 E ActivityManager:     0.3% 1954/InputDispatcher: 0% user + 0.3% kernel
12-07 15:05:48.864  1880  1896 E ActivityManager:     0.3% 4134/RenderThread: 0% user + 0.3% kernel
12-07 15:05:48.864  1880  1896 E ActivityManager:   88% 1722/surfaceflinger: 35% user + 53% kernel / faults: 11 minor
12-07 15:05:48.864  1880  1896 E ActivityManager:     84% 1722/surfaceflinger: 31% user + 52% kernel
12-07 15:05:48.864  1880  1896 E ActivityManager:     2.3% 1750/DispSync: 0.7% user + 1.5% kernel
12-07 15:05:48.864  1880  1896 E ActivityManager:     0.7% 1748/Binder:1722_1: 0% user + 0.7% kernel
12-07 15:05:48.864  1880  1896 E ActivityManager:     0.7% 1752/sfEventThread: 0.3% user + 0.3% kernel
12-07 15:05:48.864  1880  1896 E ActivityManager:     0.7% 1959/Binder:1722_4: 0% user + 0.7% kernel
12-07 15:05:48.864  1880  1896 E ActivityManager:     0.3% 1751/appEventThread: 0.3% user + 0% kernel
12-07 15:05:48.864  1880  1896 E ActivityManager:   85% 646/kswapd0: 0% user + 85% kernel
12-07 15:05:48.864  1880  1896 E ActivityManager:   2.7% 3731/com.evancharlton.mileage: 0% user + 2.7% kernel / faults: 4532 minor
12-07 15:05:48.864  1880  1896 E ActivityManager:     2.7% 3731/harlton.mileage: 0% user + 2.7% kernel
12-07 15:05:48.864  1880  1896 E ActivityManager:   1.5% 1745/android.hardware.graphics.composer@2.1-service: 0.7% user + 0.7% kernel / faults: 3 minor
12-07 15:05:48.864  1880  1896 E ActivityManager:     0.7% 1763/composer@2.1-se: 0% user + 0.7% kernel
12-07 15:05:48.864  1880  1896 E ActivityManager:     0.3% 8195/HwBinder:1745_3: 0% user + 0.3% kernel
12-07 15:05:48.864  1880  1896 E ActivityManager:   1.5% 2300/adbd: 0% user + 1.5% 
12-07 15:05:49.109  1880  1895 E memtrack: Couldn't load memtrack module
12-07 15:05:51.593  1992  9017 E putmethod.lati: Invalid ID 0x00000001.
12-07 15:05:51.640  1992  9017 E LstmTrainingCache: emn: Can't get resource name for input slot
12-07 15:05:51.640  1992  9017 E LstmTrainingCache: android.content.res.Resources$NotFoundException: Unable to find resource ID #0x1
12-07 15:05:51.640  1992  9017 E LstmTrainingCache: 	at android.content.res.ResourcesImpl.getResourceName(ResourcesImpl.java:255)
12-07 15:05:51.640  1992  9017 E LstmTrainingCache: 	at android.content.res.Resources.getResourceName(Resources.java:1954)
12-07 15:05:51.640  1992  9017 E LstmTrainingCache: 	at emn.a(PG:12)
12-07 15:05:51.640  1992  9017 E LstmTrainingCache: 	at emk.run(PG:5)
12-07 15:05:51.640  1992  9017 E LstmTrainingCache: 	at java.lang.Thread.run(Thread.java:764)
12-07 15:06:07.337  1829  1829 E netmgr  : Failed to open QEMU pipe 'qemud:network': Invalid argument
12-07 15:06:07.338  1829  1829 E netmgr  : WifiForwarder unable to open QEMU pipe: Invalid argument
12-07 15:06:07.370  1735  1809 E storaged: getDiskStats failed with result NOT_SUPPORTED and size 0
12-07 15:06:07.440  1880  1895 E memtrack: Couldn't load memtrack module
12-07 15:06:07.681  1741  1741 E /system/bin/tombstoned: Traces for pid 1880 written to: /data/anr/trace_31
12-07 15:06:10.220  1629  1629 E lowmemorykiller: Error writing /proc/3135/oom_score_adj; errno=22
12-07 15:06:10.265  1629  1629 E lowmemorykiller: Error opening /proc/3135/oom_score_adj; errno=2
12-07 15:06:10.286  1880  3620 E memtrack: Couldn't load memtrack module
12-07 15:06:10.305  1629  1629 E lowmemorykiller: Error opening /proc/3135/oom_score_adj; errno=2
12-07 15:06:10.306  1880  1899 E libprocessgroup: Error encountered killing process cgroup uid 99228 pid 3135: No such file or directory
12-07 15:06:10.448  1880  3620 E memtrack: Couldn't load memtrack module
12-07 15:06:26.158  1880  3620 E memtrack: Couldn't load memtrack module
12-07 15:06:26.230  1880  3620 E memtrack: Couldn't load memtrack module
12-07 15:06:26.312  1880  3620 E memtrack: Couldn't load memtrack module
12-07 15:06:28.501  1880  3620 E memtrack: Couldn't load memtrack module
12-07 15:06:28.582  1880  3620 E memtrack: Couldn't load memtrack module
