--------- beginning of main
12-08 16:26:27.852  1881  2225 E memtrack: Couldn't load memtrack module
--------- beginning of system
12-08 16:26:28.078  1881  2225 E memtrack: Couldn't load memtrack module
12-08 16:26:38.307  1629  1976 F         : TimeCheck timeout for IAudioFlinger
--------- beginning of crash
12-08 16:26:38.307  1629  1976 F libc    : Fatal signal 6 (SIGABRT), code -6 (SI_TKILL) in tid 1976 (TimeCheckThread), pid 1629 (audioserver)
12-08 16:26:38.406  1881  2225 E memtrack: Couldn't load memtrack module
12-08 16:26:38.513 17838 17838 F DEBUG   : *** *** *** *** *** *** *** *** *** *** *** *** *** *** *** ***
12-08 16:26:38.513 17838 17838 F DEBUG   : Build fingerprint: 'google/sdk_gphone_x86/generic_x86:9/PSR1.180720.075/5124027:user/release-keys'
12-08 16:26:38.513 17838 17838 F DEBUG   : Revision: '0'
12-08 16:26:38.513 17838 17838 F DEBUG   : ABI: 'x86'
12-08 16:26:38.513 17838 17838 F DEBUG   : pid: 1629, tid: 1976, name: TimeCheckThread  >>> /system/bin/audioserver <<<
12-08 16:26:38.513 17838 17838 F DEBUG   : signal 6 (SIGABRT), code -6 (SI_TKILL), fault addr --------
12-08 16:26:38.513 17838 17838 F DEBUG   : Abort message: 'TimeCheck timeout for IAudioFlinger'
12-08 16:26:38.513 17838 17838 F DEBUG   :     eax 00000000  ebx 0000065d  ecx 000007b8  edx 00000006
12-08 16:26:38.514 17838 17838 F DEBUG   :     edi 0000065d  esi e35ff3fc
12-08 16:26:38.514 17838 17838 F DEBUG   :     ebp e35ff3c8  esp e35ff358  eip e7816b39
12-08 16:26:38.538 17838 17838 F DEBUG   : 
12-08 16:26:38.538 17838 17838 F DEBUG   : backtrace:
12-08 16:26:38.538 17838 17838 F DEBUG   :     #00 pc 00000b39  [vdso:e7816000] (__kernel_vsyscall+9)
12-08 16:26:38.538 17838 17838 F DEBUG   :     #01 pc 0001fdf8  /system/lib/libc.so (syscall+40)
12-08 16:26:38.538 17838 17838 F DEBUG   :     #02 pc 00022ed3  /system/lib/libc.so (abort+115)
12-08 16:26:38.538 17838 17838 F DEBUG   :     #03 pc 00006c84  /system/lib/liblog.so (__android_log_assert+292)
12-08 16:26:38.538 17838 17838 F DEBUG   :     #04 pc 00010d8c  /system/lib/libmedia_helper.so (android::TimeCheck::TimeCheckThread::threadLoop()+428)
12-08 16:26:38.538 17838 17838 F DEBUG   :     #05 pc 0000e5ae  /system/lib/libutils.so (android::Thread::_threadLoop(void*)+222)
12-08 16:26:38.538 17838 17838 F DEBUG   :     #06 pc 0000df76  /system/lib/libutils.so (thread_data_t::trampoline(thread_data_t const*)+246)
12-08 16:26:38.538 17838 17838 F DEBUG   :     #07 pc 0008f065  /system/lib/libc.so (__pthread_start(void*)+53)
12-08 16:26:38.538 17838 17838 F DEBUG   :     #08 pc 0002485b  /system/lib/libc.so (__start_thread+75)
12-08 16:26:40.877  1881  2225 E memtrack: Couldn't load memtrack module
12-08 16:26:41.020  1881  2225 E memtrack: Couldn't load memtrack module
12-08 16:26:41.024  1881  2225 E memtrack: Couldn't load memtrack module
12-08 16:26:41.026  1881  2225 E memtrack: Couldn't load memtrack module
12-08 16:26:41.027  1881  2225 E memtrack: Couldn't load memtrack module
12-08 16:26:41.038  1881  2225 E memtrack: Couldn't load memtrack module
12-08 16:26:41.058  1744  1744 E /system/bin/tombstoned: Tombstone written to: /data/tombstones/tombstone_06
12-08 16:26:41.066  1881  2225 E memtrack: Couldn't load memtrack module
12-08 16:26:41.079  1881  1975 E AudioService: Audioserver died.
12-08 16:26:41.086  1881  2225 E memtrack: Couldn't load memtrack module
12-08 16:26:41.091  1881  2225 E memtrack: Couldn't load memtrack module
12-08 16:26:41.106  1881  2225 E memtrack: Couldn't load memtrack module
12-08 16:26:41.123  1881  2225 E memtrack: Couldn't load memtrack module
12-08 16:26:41.153  1881  2225 E memtrack: Couldn't load memtrack module
12-08 16:26:41.159  1881  2225 E memtrack: Couldn't load memtrack module
12-08 16:26:48.725  1881  2225 E memtrack: Couldn't load memtrack module
12-08 16:26:48.736  1881  1975 E AudioService: Audioserver died.
12-08 16:26:48.762  1881  2225 E memtrack: Couldn't load memtrack module
12-08 16:26:48.807  1881  2225 E memtrack: Couldn't load memtrack module
12-08 16:26:48.905  1881  2225 E memtrack: Couldn't load memtrack module
12-08 16:26:48.908  2448  2448 E BeaconBle: Missing BluetoothAdapter
12-08 16:26:48.928  1881  2225 E memtrack: Couldn't load memtrack module
12-08 16:26:48.950  1881  2225 E memtrack: Couldn't load memtrack module
12-08 16:26:48.957  2448  2448 E BeaconBle: Scan couldn't start for Places
12-08 16:26:48.969  1881  2225 E memtrack: Couldn't load memtrack module
12-08 16:26:48.978  1881  2225 E memtrack: Couldn't load memtrack module
12-08 16:26:48.993  1881  2225 E memtrack: Couldn't load memtrack module
12-08 16:26:49.004  1881  2225 E memtrack: Couldn't load memtrack module
12-08 16:26:49.015  1881  2225 E memtrack: Couldn't load memtrack module
12-08 16:26:49.040  1881  2225 E memtrack: Couldn't load memtrack module
12-08 16:26:49.066  1881  2225 E memtrack: Couldn't load memtrack module
12-08 16:26:49.075  1881  2225 E memtrack: Couldn't load memtrack module
12-08 16:26:51.273  1881  1975 E AudioService: Audioserver died.
12-08 16:26:51.284  1828  1828 E netmgr  : Failed to open QEMU pipe 'qemud:network': Invalid argument
12-08 16:26:51.285  1828  1828 E netmgr  : WifiForwarder unable to open QEMU pipe: Invalid argument
12-08 16:26:51.294  1881  2225 E memtrack: Couldn't load memtrack module
12-08 16:26:51.319  1881  2225 E memtrack: Couldn't load memtrack module
12-08 16:26:51.328  1881  2225 E memtrack: Couldn't load memtrack module
12-08 16:26:51.333  1881  2225 E memtrack: Couldn't load memtrack module
12-08 16:26:51.343  1881  2225 E memtrack: Couldn't load memtrack module
12-08 16:26:51.361  1881  2225 E memtrack: Couldn't load memtrack module
12-08 16:26:51.366  1881  2225 E memtrack: Couldn't load memtrack module
12-08 16:26:51.373  1881  2225 E memtrack: Couldn't load memtrack module
12-08 16:26:51.401  1881  2225 E memtrack: Couldn't load memtrack module
12-08 16:26:51.493 17865 17865 E audiohalservice: Could not get passthrough implementation for android.hardware.soundtrigger@2.1::ISoundTriggerHw/default.
12-08 16:26:51.499 17865 17865 E SoundTriggerHalImpl: couldn't load sound trigger module sound_trigger.primary (No such file or directory)
12-08 16:26:51.500 17865 17865 E audiohalservice: Could not get passthrough implementation for android.hardware.bluetooth.a2dp@1.0::IBluetoothAudioOffload/default.
12-08 16:26:51.521  1881  2225 E memtrack: Couldn't load memtrack module
12-08 16:26:51.539  1881  2225 E memtrack: Couldn't load memtrack module
12-08 16:26:51.555  1881  2225 E memtrack: Couldn't load memtrack module
12-08 16:26:51.566  1881  2225 E memtrack: Couldn't load memtrack module
12-08 16:26:51.573  1881  2225 E memtrack: Couldn't load memtrack module
12-08 16:26:51.584  1881  2225 E memtrack: Couldn't load memtrack module
12-08 16:26:51.595  1881  2225 E memtrack: Couldn't load memtrack module
12-08 16:26:51.620  1881  2225 E memtrack: Couldn't load memtrack module
12-08 16:26:59.157  1881  1975 E AudioService: Audioserver died.
12-08 16:26:59.208  1881  2225 E memtrack: Couldn't load memtrack module
12-08 16:26:59.239  1881  2225 E memtrack: Couldn't load memtrack module
12-08 16:26:59.260  1881  2225 E memtrack: Couldn't load memtrack module
12-08 16:26:59.274  1881  2225 E memtrack: Couldn't load memtrack module
12-08 16:26:59.286  1881  2225 E memtrack: Couldn't load memtrack module
12-08 16:26:59.295  1881  2225 E memtrack: Couldn't load memtrack module
12-08 16:26:59.326  1881  2225 E memtrack: Couldn't load memtrack module
12-08 16:26:59.334  1881  2225 E memtrack: Couldn't load memtrack module
12-08 16:26:59.346  1881  2225 E memtrack: Couldn't load memtrack module
12-08 16:26:59.350  1881  2225 E memtrack: Couldn't load memtrack module
12-08 16:26:59.356  1881  2225 E memtrack: Couldn't load memtrack module
12-08 16:26:59.387 17864 17864 E SoundTriggerHwService: could not read implementation properties
12-08 16:26:59.402  1881  2225 E memtrack: Couldn't load memtrack module
12-08 16:26:59.410  1881  2225 E memtrack: Couldn't load memtrack module
12-08 16:26:59.416  1881  2225 E memtrack: Couldn't load memtrack module
12-08 16:26:59.421  1881  2225 E memtrack: Couldn't load memtrack module
12-08 16:26:59.432  1881  2225 E memtrack: Couldn't load memtrack module
12-08 16:26:59.445  1881  2225 E memtrack: Couldn't load memtrack module
12-08 16:26:59.456  1881  2225 E memtrack: Couldn't load memtrack module
12-08 16:26:59.462  1881  2225 E memtrack: Couldn't load memtrack module
12-08 16:26:59.478  1881  2225 E memtrack: Couldn't load memtrack module
12-08 16:27:01.658  1881  1975 E AudioService: Audioserver started.
12-08 16:27:01.767  1881  2225 E memtrack: Couldn't load memtrack module
12-08 16:27:01.772  1881  2225 E memtrack: Couldn't load memtrack module
12-08 16:27:01.776  1881  2225 E memtrack: Couldn't load memtrack module
12-08 16:27:01.781  1881  2225 E memtrack: Couldn't load memtrack module
12-08 16:27:01.788  1881  2225 E memtrack: Couldn't load memtrack module
12-08 16:27:01.789  1881  2225 E memtrack: Couldn't load memtrack module
12-08 16:27:01.796  1881  2225 E memtrack: Couldn't load memtrack module
12-08 16:27:01.796  1881  2225 E memtrack: Couldn't load memtrack module
12-08 16:27:09.606  1738  1772 E storaged: getDiskStats failed with result NOT_SUPPORTED and size 0
12-08 16:27:33.140  1881  1894 E memtrack: Couldn't load memtrack module
12-08 16:27:33.141  1730  1944 E         : Couldn't opendir /data/app/vmdl227014966.tmp: No such file or directory
12-08 16:27:33.141  1730  1944 E installd: Failed to delete /data/app/vmdl227014966.tmp: No such file or directory
12-08 16:27:53.239  1828  1828 E netmgr  : Failed to open QEMU pipe 'qemud:network': Invalid argument
12-08 16:27:53.241  1828  1828 E netmgr  : WifiForwarder unable to open QEMU pipe: Invalid argument
12-08 16:27:53.272  2475 17919 E ChromeSync: [Sync,SyncIntentOperation] Error handling the intent: Intent { act=android.intent.action.PACKAGE_ADDED dat=package:com.evancharlton.mileage flg=0x4000010 cmp=com.google.android.gms/.chimera.GmsIntentOperationService (has extras) }.
12-08 16:28:06.353 17942 17942 E harlton.mileag: Not starting debugger since process cannot load the jdwp agent.
12-08 16:28:16.835  1738  1772 E storaged: getDiskStats failed with result NOT_SUPPORTED and size 0
12-08 16:28:16.957  1881  1894 E memtrack: Couldn't load memtrack module
12-08 16:28:16.986 17864 17891 E AudioFlinger: no wake lock to update, but system ready!
12-08 16:28:32.679  1881  1894 E memtrack: Couldn't load memtrack module
12-08 16:28:32.748  2494  2716 E PlayCommon: [101] com.google.android.play.b.g.a(448): Failed to connect to server: java.net.UnknownHostException: Unable to resolve host "play.googleapis.com": No address associated with hostname
12-08 16:28:35.428  2448 17726 E ctxmgr  : [AppIntervalImpl]closeInterval: ongoing
12-08 16:28:35.451  2448 17726 E ctxmgr  : [AppIntervalImpl]closeInterval: ongoing
12-08 16:28:45.508  1881  1896 E AutofillSession: No assist structure - app might have crashed providing it
12-08 16:28:45.508  1881  1896 E AutofillSession: No assist structure - app might have crashed providing it
12-08 16:28:53.461  1828  1828 E netmgr  : Failed to open QEMU pipe 'qemud:network': Invalid argument
12-08 16:28:53.464  1828  1828 E netmgr  : WifiForwarder unable to open QEMU pipe: Invalid argument
12-08 16:29:04.024  1881  1894 E memtrack: Couldn't load memtrack module
12-08 16:29:16.837  1738  1772 E storaged: getDiskStats failed with result NOT_SUPPORTED and size 0
12-08 16:29:35.371  1881  1894 E memtrack: Couldn't load memtrack module
12-08 16:29:42.897  1992  4226 E libbacktrace: void SignalHandler(int, siginfo_t *, void *): Timed out waiting for unwind thread to indicate it completed.
12-08 16:29:42.897  1881  1895 E system_server: libdebuggerd_client: received packet of unexpected length from tombstoned: expected 128, received -1
12-08 16:29:48.136  1881  1895 E system_server: libdebuggerd_client: timeout expired
12-08 16:29:48.137  1881  1895 E ActivityManager: Aborting stack trace dump (current firstPid=1992); deadline exceeded.
12-08 16:29:48.180  1881  1895 E ActivityManager: ANR in com.evancharlton.mileage (com.evancharlton.mileage/.Mileage)
12-08 16:29:48.180  1881  1895 E ActivityManager: PID: 17942
12-08 16:29:48.180  1881  1895 E ActivityManager: Reason: Input dispatching timed out (Waiting to send key event because the focused window has not finished processing all of the input events that were previously delivered to it.  Outbound queue length: 0.  Wait queue length: 1.)
12-08 16:29:48.180  1881  1895 E ActivityManager: Load: 4.05 / 6.28 / 5.42
12-08 16:29:48.180  1881  1895 E ActivityManager: CPU usage from 0ms to 31221ms later (2018-12-08 16:29:16.917 to 2018-12-08 16:29:48.138):
12-08 16:29:48.180  1881  1895 E ActivityManager:   38% 1881/system_server: 20% user + 17% kernel / faults: 5396 minor 115 major
12-08 16:29:48.180  1881  1895 E ActivityManager:   24% 17942/com.evancharlton.mileage: 9.1% user + 15% kernel / faults: 11421 minor 43 major
12-08 16:29:48.180  1881  1895 E ActivityManager:   24% 1992/com.google.android.inputmethod.latin: 12% user + 11% kernel / faults: 6245 minor 20 major
12-08 16:29:48.180  1881  1895 E ActivityManager:   7.6% 17769/kworker/0:2: 0% user + 7.6% kernel
12-08 16:29:48.180  1881  1895 E ActivityManager:   7.3% 3/ksoftirqd/0: 0% user + 7.3% kernel
12-08 16:29:48.180  1881  1895 E ActivityManager:   2.1% 1725/surfaceflinger: 1% user + 1% kernel / faults: 26 minor
12-08 16:29:48.180  1881  1895 E ActivityManager:   0.6% 2314/adbd: 0% user + 0.6% kernel / faults: 32125 minor
12-08 16:29:48.180  1881  1895 E ActivityManager:   0.3% 645/kswapd0: 0% user + 0.3% kernel
12-08 16:29:48.180  1881  1895 E ActivityManager:   0.3% 1747/android.hardware.graphics.composer@2.1-service: 0% user + 0.3% kernel / faults: 15 minor
12-08 16:29:48.180  1881  1895 E ActivityManager:   0.1% 2448/com.google.android.gms.persistent: 0.1% user + 0% kernel / faults: 26 minor
12-08 16:29:48.180  1881  1895 E ActivityManager:   0.1% 2004/com.android.systemui: 0% user + 0% kernel / faults: 4 minor 3 major
12-08 16:29:48.180  1881  1895 E ActivityManager:   0% 1704/kworker/u9:4: 0% user + 0% kernel
12-08 16:29:48.180  1881  1895 E ActivityManager:   0% 15251/kworker/u8:0: 0% user + 0% kernel
12-08 16:29:48.180  1881  1895 E ActivityManager:   0% 15677/kworker/u8:2: 0% user + 0% kernel
12-08 16:29:48.180  1881  1895 E ActivityManager:   0% 16852/kworker/u8:1: 0% user + 0% kernel
12-08 16:29:48.180  1881  1895 E ActivityManager:   0% 17925/com.android.commands.monkey: 0% user + 0% kernel / faults: 9 minor 1 major
12-08 16:29:48.180  1881  1895 E ActivityManager:   0% 1553/logd: 0% user + 0% kernel / faults: 1 minor
12-08 16:29:48.180  1881  1895 E ActivityManager:   0% 1625/android.hardware.sensors@1.0-service: 0% user + 0% kernel
12-08 16:29:48.180  1881  1895 E ActivityManager:   0% 2330/logcat: 0% user + 0% kernel
12-08 16:29:48.180  1881  1895 E ActivityManager:   0% 1609/healthd: 0% user + 0% kernel
12-08 16:29:48.180  1881  1895 E ActivityManager:   0% 1620/android.hardware.gnss@1.0-service: 0% user + 0% kernel
12-08 16:29:48.180  1881  1895 E ActivityManager:   0% 1621/android.hardware.graphics.allocator@2.0-service: 0% user + 0% kernel / faults: 7 minor
12-08 16:29:48.180  1881  1895 E ActivityManager:   0% 1623/android.hardware.health@2.0-service.goldfish: 0% user + 0% kernel
12-08 16:29:48.180  1881  1895 E ActivityManager:   0% 1866/hostapd_nohidl: 0% user + 0% kernel
12-08 16:29:48.180  1881  1895 E ActivityManager:   0% 2475/com.google.android.gms: 0% user + 0% kernel / faults: 7 minor
12-08 16:29:48.180  1881  1895 E ActivityManager:   0% 2494/com.android.vending: 0% user + 0% kernel / faults: 24 minor
12-08 16:29:48.180  1881  1895 E ActivityManager:   0% 5249/kworker/u9:2: 0% user + 0% kernel
12-08 16:29:48.180  1881  1895 E ActivityManager:   0% 5536/kworker/u9:1: 0% user + 0% kernel
12-08 16:29:48.180  1881  1895 E ActivityManager:   0% 13274/com.android.phone: 0% user + 0% kernel / faults: 12 minor
12-08 16:29:48.180  1881  1895 E ActivityManager:  +0% 17977/crash_dump32: 0% user + 0% kernel
12-08 16:29:48.180  1881  1895 E ActivityManager:  +0% 17979/com.google.android.inputmethod.latin: 0% user + 0% kernel
12-08 16:29:48.180  1881  1895 E ActivityManager: 5.9% TOTAL: 2.5% user + 2.9% kernel + 0.1% iowait + 0.2% softirq
12-08 16:29:48.180  1881  1895 E ActivityManager: CPU usage from 47ms to 5393ms later (2018-12-08 16:29:16.963 to 2018-12-08 16:29:22.309):
12-08 16:29:48.180  1881  1895 E ActivityManager:   7.9% 1881/system_server: 7.7% user + 0.1% kernel / faults: 460 minor 2 major
12-08 16:29:48.180  1881  1895 E ActivityManager:     3.2% 1895/ActivityManager: 3.2% user + 0% kernel
12-08 16:29:48.180  1881  1895 E ActivityManager:     2.2% 1890/HeapTaskDaemon: 1.8% user + 0.3% kernel
12-08 16:29:48.180  1881  1895 E ActivityManager:     0.3% 1934/android.anim: 0.1% user + 0.1% kernel
12-08 16:29:48.180  1881  1895 E ActivityManager:     0.3% 1953/InputDispatcher: 0.3% user + 0% kernel
12-08 16:29:48.180  1881  1895 E ActivityManager:     0.1% 1881/system_server: 0% user + 0.1% kernel
12-08 16:29:48.180  1881  1895 E ActivityManager:     0.1% 1887/ReferenceQueueD: 0% user + 0.1% kernel
12-08 16:29:48.180  1881  1895 E ActivityManager:     0.1% 1888/FinalizerDaemon: 0% user + 0.1% kernel
12-08 16:29:48.180  1881  1895 E ActivityManager:     0.1% 1896/android.ui: 0% user + 0.1% kernel
12-08 16:29:48.180  1881  1895 E ActivityManager:     0.1% 1905/PowerManagerSer: 0% user + 0.1% kernel
12-08 16:29:48.180  1881  1895 E ActivityManager:     0.1% 1935/android.anim.lf: 0% user + 0.1% kernel
12-08 16:29:48.180  1881  1895 E ActivityManager:     0.1% 2406/Binder:1881_A: 0% user + 0.1% kernel
12-08 16:29:48.180  1881  1895 E ActivityManager:     0.1% 3624/Binder:1881_E: 0.1% user + 0% kernel
12-08 16:29:48.180  1881  1895 E ActivityManager:     0.1% 4165/Binder:1881_16: 0.1% user + 0% kernel
12-08 16:29:48.180  1881  1895 E ActivityManager:     0.1% 7662/HwBinder:1881_5: 0.1% user + 0% kernel
12-08 16:29:48.180  1881  1895 E ActivityManager:   2.4% 1725/surfaceflinger: 1.1% user + 1.3% kernel / faults: 3 minor
12-08 16:29:48.180  1881  1895 E ActivityManager:     1.5% 1725/surfaceflinger: 0.7% user + 0.7% kernel
12-08 16:29:48.180  1881  1895 E ActivityManager:     0.1% 1798/Binder:1725_2: 0% user + 0.1% kernel
12-08 16:29:48.180  1881  1895 E ActivityManager:     0.1% 1799/DispSync: 0.1% user + 0% kernel
12-08 16:29:48.180  1881  1895 E ActivityManager:     0.1% 1800/appEventThread: 0.1% user + 0% kernel
12-08 16:29:48.180  1881  1895 E ActivityManager:     0.1% 1801/sfEventThread: 0.1% user + 0% kernel
12-08 16:29:48.180  1881  1895 E ActivityManager:     0.1% 1861/Binder:1725_3: 0% user + 0.1% kernel
12-08 16:29:48.180  1881  1895 E ActivityManager:   37% 17942/com.evancharlton.mileage: 0% user + 37% kernel / faults: 2525 minor 1 major
12-08 16:29:48.180  1881  1895 E ActivityManager:     37% 17942/harlton.mileage: 0% user + 37% kernel
12-08 16:29:48.180  1881  1895 E ActivityManager:   0.5% 2314/adbd: 0% user + 0.5% kernel / faults: 5397 minor
12-08 16:29:48.180  1881  1895 E ActivityManager:     0.3% 2314/adbd: 0% user + 0.3% kernel
12-08 16:29:48.180  1881  1895 E ActivityManager:     0.1% 2317/->host-9: 0% user + 0.1% kernel
12-08 16:29:48.180  1881  1895 E ActivityManager:     0.1% 2318/<-host-9: 0% user 
12-08 16:29:48.396  1744  1744 E /system/bin/tombstoned: Traces for pid 1992 written to: /data/anr/trace_23
12-08 16:29:53.514  1828  1828 E netmgr  : Failed to open QEMU pipe 'qemud:network': Invalid argument
12-08 16:29:53.515  1828  1828 E netmgr  : WifiForwarder unable to open QEMU pipe: Invalid argument
12-08 16:29:53.597  1881  2406 E memtrack: Couldn't load memtrack module
12-08 16:29:53.663  1881  2406 E memtrack: Couldn't load memtrack module
12-08 16:29:53.753  1881  2406 E memtrack: Couldn't load memtrack module
12-08 16:29:56.149  1881  2406 E memtrack: Couldn't load memtrack module
12-08 16:29:56.278  1881  2406 E memtrack: Couldn't load memtrack module
12-08 16:29:56.364  1881  2406 E memtrack: Couldn't load memtrack module
12-08 16:30:06.438  1881  2406 E memtrack: Couldn't load memtrack module
12-08 16:30:06.539  1881  2406 E memtrack: Couldn't load memtrack module
12-08 16:30:06.614  1881  2406 E memtrack: Couldn't load memtrack module
12-08 16:30:06.680  1881  2406 E memtrack: Couldn't load memtrack module
