--------- beginning of main
12-07 22:08:51.917  7423  7423 E id.defcontaine: Not starting debugger since process cannot load the jdwp agent.
--------- beginning of system
12-07 22:08:52.006  7436  7436 E ndroid.keychai: Not starting debugger since process cannot load the jdwp agent.
12-07 22:08:52.060  7446  7446 E oid.documentsu: Not starting debugger since process cannot load the jdwp agent.
12-07 22:08:53.166  7500  7500 E droid.apps.doc: Not starting debugger since process cannot load the jdwp agent.
12-07 22:08:53.992  7517  7517 E id.defcontaine: Not starting debugger since process cannot load the jdwp agent.
12-07 22:08:54.206  7538  7538 E d.process.medi: Not starting debugger since process cannot load the jdwp agent.
12-07 22:08:54.483  7559  7559 E ocess.gservice: Not starting debugger since process cannot load the jdwp agent.
12-07 22:08:56.372  7500  7500 E DocsApplication: [main] No default account found during application creation.
12-07 22:08:57.136  1729  1729 E         : Couldn't opendir /data/app/vmdl1616319029.tmp: No such file or directory
12-07 22:08:57.136  1729  1729 E installd: Failed to delete /data/app/vmdl1616319029.tmp: No such file or directory
12-07 22:09:01.383  7614  7614 E harlton.mileag: Not starting debugger since process cannot load the jdwp agent.
12-07 22:09:04.382 16506 16506 E BeaconBle: Missing BluetoothAdapter
12-07 22:09:04.480 16506 16506 E BeaconBle: Scan couldn't start for Places
12-07 22:09:06.065 16085 31762 E putmethod.lati: Invalid ID 0x00000001.
12-07 22:09:06.163 16085 31762 E LstmTrainingCache: emn: Can't get resource name for input slot
12-07 22:09:06.163 16085 31762 E LstmTrainingCache: android.content.res.Resources$NotFoundException: Unable to find resource ID #0x1
12-07 22:09:06.163 16085 31762 E LstmTrainingCache: 	at android.content.res.ResourcesImpl.getResourceName(ResourcesImpl.java:255)
12-07 22:09:06.163 16085 31762 E LstmTrainingCache: 	at android.content.res.Resources.getResourceName(Resources.java:1954)
12-07 22:09:06.163 16085 31762 E LstmTrainingCache: 	at emn.a(PG:12)
12-07 22:09:06.163 16085 31762 E LstmTrainingCache: 	at emk.run(PG:5)
12-07 22:09:06.163 16085 31762 E LstmTrainingCache: 	at java.lang.Thread.run(Thread.java:764)
12-07 22:09:06.187 16506  7645 E ctxmgr  : [AppIntervalImpl]closeInterval: ongoing
12-07 22:09:06.193 16506  7645 E ctxmgr  : [AppIntervalImpl]closeInterval: ongoing
12-07 22:09:10.499  1829  1829 E netmgr  : Failed to open QEMU pipe 'qemud:network': Invalid argument
12-07 22:09:10.500  1829  1829 E netmgr  : WifiForwarder unable to open QEMU pipe: Invalid argument
12-07 22:09:12.799  7659  7659 E emui:screensho: Not starting debugger since process cannot load the jdwp agent.
12-07 22:09:13.448  7659  7659 E SoundPool: error loading /product/media/audio/ui/camera_click.ogg
12-07 22:09:13.683  1724  1767 E SurfaceFlinger: ro.sf.lcd_density must be defined as a build property
12-07 22:09:13.789  1739  2097 E OMXNodeInstance: getConfig(0xee326de0:google.vorbis.decoder, ConfigAndroidVendorExtension(0x6f100004)) ERROR: Undefined(0x80001001)
12-07 22:09:13.883  1724  1767 E SurfaceFlinger: ro.sf.lcd_density must be defined as a build property
12-07 22:09:16.374  7687  7687 E d.process.medi: Not starting debugger since process cannot load the jdwp agent.
12-07 22:09:16.971 16561 16708 E MicroDetectionWorker: Stale runnable..ignoring
12-07 22:09:17.300  1632  1632 E lowmemorykiller: Error opening /proc/7559/oom_score_adj; errno=2
12-07 22:09:17.743 16561 16561 E ContextIntentStarter: No activity found for any of the 0 intents
12-07 22:09:18.088 16506 17111 E PlaceInferenceEngine: Position timestamp out of order. Previous: 1544256544000, Current: 1544238546529. Skipping this Position.
12-07 22:09:18.099 16506 16506 E BeaconBle: Missing BluetoothAdapter
12-07 22:09:18.159 16506 16506 E BeaconBle: Scan couldn't start for Places
12-07 22:09:18.700  7721  7721 E rrierdefaultap: Not starting debugger since process cannot load the jdwp agent.
12-07 22:09:18.823  6682  6682 E wpa_supplicant: nl80211: Failed to open /proc/sys/net/ipv4/conf/p2p-dev-wlan0/drop_unicast_in_l2_multicast: No such file or directory
12-07 22:09:18.823  6682  6682 E wpa_supplicant: nl80211: Failed to set IPv4 unicast in multicast filter
12-07 22:09:18.860  6682  6682 E wpa_supplicant: nl80211: Failed to open /proc/sys/net/ipv4/conf/p2p-dev-wlan0/drop_unicast_in_l2_multicast: No such file or directory
12-07 22:09:18.860  6682  6682 E wpa_supplicant: nl80211: Failed to set IPv4 unicast in multicast filter
12-07 22:09:18.994  6682  6682 E wpa_supplicant: nl80211: Failed to open /proc/sys/net/ipv4/conf/wlan0/drop_unicast_in_l2_multicast: No such file or directory
12-07 22:09:18.994  6682  6682 E wpa_supplicant: nl80211: Failed to set IPv4 unicast in multicast filter
12-07 22:09:19.040  6682  6682 E wpa_supplicant: nl80211: Failed to open /proc/sys/net/ipv4/conf/wlan0/drop_unicast_in_l2_multicast: No such file or directory
12-07 22:09:19.040  6682  6682 E wpa_supplicant: nl80211: Failed to set IPv4 unicast in multicast filter
12-07 22:09:19.158  6682  6682 E wpa_supplicant: nl80211: Failed to open /proc/sys/net/ipv4/conf/wlan0/drop_unicast_in_l2_multicast: No such file or directory
12-07 22:09:19.158  6682  6682 E wpa_supplicant: nl80211: Failed to set IPv4 unicast in multicast filter
12-07 22:09:19.409  1628  1628 E android.hardware.wifi@1.0-service: Failed to open directory: Permission denied
12-07 22:09:19.409  1628  1628 E android.hardware.wifi@1.0-service: Error occurred while deleting old tombstone files
12-07 22:09:19.409  1628  1628 E android.hardware.wifi@1.0-service: Error writing files to flash
12-07 22:09:19.813 15976 16055 E WifiP2pService: Unhandled message { when=-12ms what=131204 target=com.android.internal.util.StateMachine$SmHandler }
12-07 22:09:19.901 15976 15994 E BatteryExternalStatsWorker: no controller energy info supplied for wifi
12-07 22:09:19.943 16506  6706 E WakeLock: GCM_HB_ALARM release without a matched acquire!
12-07 22:09:20.002 15976 15994 E BatteryExternalStatsWorker: no controller energy info supplied for wifi
12-07 22:09:20.064 16506  6706 E WakeLock: GCM_CONN_ALARM release without a matched acquire!
12-07 22:09:27.738  7745  7745 E oid.apps.photo: Not starting debugger since process cannot load the jdwp agent.
12-07 22:09:28.895  7764  7764 E ocess.gservice: Not starting debugger since process cannot load the jdwp agent.
12-07 22:09:32.812  1737  1809 E storaged: getDiskStats failed with result NOT_SUPPORTED and size 0
12-07 22:09:46.413 16485 16485 E SchedPolicy: set_timerslack_ns write failed: Operation not permitted
12-07 22:09:51.463 16485 16485 E SchedPolicy: set_timerslack_ns write failed: Operation not permitted
12-07 22:10:10.504  1829  1829 E netmgr  : Failed to open QEMU pipe 'qemud:network': Invalid argument
12-07 22:10:10.505  1829  1829 E netmgr  : WifiForwarder unable to open QEMU pipe: Invalid argument
12-07 22:10:32.837  1737  1809 E storaged: getDiskStats failed with result NOT_SUPPORTED and size 0
12-07 22:11:10.510  1829  1829 E netmgr  : Failed to open QEMU pipe 'qemud:network': Invalid argument
12-07 22:11:10.510  1829  1829 E netmgr  : WifiForwarder unable to open QEMU pipe: Invalid argument
12-07 22:11:30.081  7848  7848 E droid.apps.doc: Not starting debugger since process cannot load the jdwp agent.
12-07 22:11:31.701  7848  7848 E DocsApplication: [main] No default account found during application creation.
12-07 22:11:32.865  1737  1809 E storaged: getDiskStats failed with result NOT_SUPPORTED and size 0
12-07 22:11:39.802 16485 16485 E Launcher: Error: appWidgetId (EXTRA_APPWIDGET_ID) was not returned from the widget configuration activity.
12-07 22:12:10.515  1829  1829 E netmgr  : Failed to open QEMU pipe 'qemud:network': Invalid argument
12-07 22:12:10.515  1829  1829 E netmgr  : WifiForwarder unable to open QEMU pipe: Invalid argument
12-07 22:12:19.898 15976 15989 E memtrack: Couldn't load memtrack module
12-07 22:12:32.884  1737  1809 E storaged: getDiskStats failed with result NOT_SUPPORTED and size 0
12-07 22:12:34.848  7614  7614 E SpannableStringBuilder: SPAN_EXCLUSIVE_EXCLUSIVE spans cannot have a zero length
12-07 22:12:34.848  7614  7614 E SpannableStringBuilder: SPAN_EXCLUSIVE_EXCLUSIVE spans cannot have a zero length
