--------- beginning of system
12-07 11:44:12.665  1737  1809 E storaged: getDiskStats failed with result NOT_SUPPORTED and size 0
--------- beginning of main
12-07 11:45:02.175  2420 15718 E ctxmgr  : [ProducerStatusImpl]updateStateForNewContextData: inactive, contextName=7
12-07 11:45:02.605  2420  2420 E BeaconBle: Missing BluetoothAdapter
12-07 11:45:02.612  2420  3201 E PlaceInferenceEngine: Position timestamp out of order. Previous: 1544219076000, Current: 1544201091357. Skipping this Position.
12-07 11:45:02.654  2420  2420 E BeaconBle: Scan couldn't start for Places
12-07 11:45:04.136 16372 16372 E boxed_process2: Not starting debugger since process cannot load the jdwp agent.
12-07 11:45:07.009  1829  1829 E netmgr  : Failed to open QEMU pipe 'qemud:network': Invalid argument
12-07 11:45:07.009  1829  1829 E netmgr  : WifiForwarder unable to open QEMU pipe: Invalid argument
12-07 11:45:12.681  1737  1809 E storaged: getDiskStats failed with result NOT_SUPPORTED and size 0
12-07 11:45:19.481  2420 16347 E ctxmgr  : [ProducerStatusImpl]updateStateForNewContextData: inactive, contextName=7
12-07 11:45:19.648  2420  2420 E BeaconBle: Missing BluetoothAdapter
12-07 11:45:19.690  2420  2420 E BeaconBle: Scan couldn't start for Places
12-07 11:45:28.939 16421 16421 E boxed_process2: Not starting debugger since process cannot load the jdwp agent.
12-07 11:45:40.761  2420  2420 E BeaconBle: Scan couldn't start for Places
12-07 11:45:47.456  1738  1738 E wificond: Receive ERROR message in response to 'stop scheduled scan' request: Operation not supported on transport endpoint
12-07 11:45:47.494 14664 14664 E wpa_supplicant: nl80211: Failed to open /proc/sys/net/ipv4/conf/p2p-dev-wlan0/drop_unicast_in_l2_multicast: No such file or directory
12-07 11:45:47.496 14664 14664 E wpa_supplicant: nl80211: Failed to set IPv4 unicast in multicast filter
12-07 11:45:47.514 14664 14664 E wpa_supplicant: nl80211: Failed to open /proc/sys/net/ipv4/conf/p2p-dev-wlan0/drop_unicast_in_l2_multicast: No such file or directory
12-07 11:45:47.514 14664 14664 E wpa_supplicant: nl80211: Failed to set IPv4 unicast in multicast filter
12-07 11:45:47.608 14664 14664 E wpa_supplicant: nl80211: Failed to open /proc/sys/net/ipv4/conf/wlan0/drop_unicast_in_l2_multicast: No such file or directory
12-07 11:45:47.608 14664 14664 E wpa_supplicant: nl80211: Failed to set IPv4 unicast in multicast filter
12-07 11:45:47.609 14664 14664 E wpa_supplicant: nl80211: Failed to open /proc/sys/net/ipv4/conf/wlan0/drop_unicast_in_l2_multicast: No such file or directory
12-07 11:45:47.609 14664 14664 E wpa_supplicant: nl80211: Failed to set IPv4 unicast in multicast filter
12-07 11:45:47.728 14664 14664 E wpa_supplicant: nl80211: Failed to open /proc/sys/net/ipv4/conf/wlan0/drop_unicast_in_l2_multicast: No such file or directory
12-07 11:45:47.728 14664 14664 E wpa_supplicant: nl80211: Failed to set IPv4 unicast in multicast filter
12-07 11:45:47.993  1628  1628 E android.hardware.wifi@1.0-service: Failed to open directory: Permission denied
12-07 11:45:47.993  1628  1628 E android.hardware.wifi@1.0-service: Error occurred while deleting old tombstone files
12-07 11:45:47.993  1628  1628 E android.hardware.wifi@1.0-service: Error writing files to flash
12-07 11:45:48.244  1883  1967 E WifiP2pService: Unhandled message { when=-2ms what=131204 target=com.android.internal.util.StateMachine$SmHandler }
12-07 11:45:48.295  1883  1901 E BatteryExternalStatsWorker: no controller energy info supplied for wifi
12-07 11:45:48.304  2420 14706 E WakeLock: GCM_HB_ALARM release without a matched acquire!
12-07 11:45:48.307  1883  1901 E BatteryExternalStatsWorker: no controller energy info supplied for wifi
12-07 11:45:48.320  2420 14706 E GCM     : Connection closed with errorCode 20
12-07 11:45:48.325  2420 14706 E WakeLock: GCM_CONN_ALARM release without a matched acquire!
12-07 11:45:54.300  2420 16481 E WakeLock: GCM_HB_ALARM release without a matched acquire!
12-07 11:45:54.304  2420 16481 E WakeLock: GCM_CONN_ALARM release without a matched acquire!
12-07 11:45:58.669  2420 16457 E ctxmgr  : [ProducerStatusImpl]updateStateForNewContextData: inactive, contextName=7
12-07 11:45:58.930  2420  2420 E BeaconBle: Missing BluetoothAdapter
12-07 11:45:59.003  2420  2420 E BeaconBle: Scan couldn't start for Places
12-07 11:46:05.763 16492 16492 E boxed_process2: Not starting debugger since process cannot load the jdwp agent.
12-07 11:46:05.787  2759  2759 E ClientVe: Failed to create ClientVisualElementsProto for user interaction on view com.google.android.apps.gsa.searchbox.ui.suggestions.views.CoreSuggestionView{b0ab0b0 VFE...CL. ...p..ID 0,142-1038,289 #1e9} because the view is not tagged for visual element logging.
12-07 11:46:05.831  2759  2759 E ClientVe: Failed to create ClientVisualElementsProto for user interaction on view com.google.android.apps.gsa.searchbox.ui.suggestions.views.CoreSuggestionView{b0ab0b0 VFE...CL. ...P.... 0,142-1038,289 #1e9} because the view is not tagged for visual element logging.
12-07 11:46:06.029  2759  2759 E ClientVe: Failed to create ClientVisualElementsProto for user interaction on view com.google.android.apps.gsa.searchbox.ui.suggestions.views.CoreSuggestionView{d830b29 VFE...CL. ...P.... 0,-5-1038,142 #1e8} because the view is not tagged for visual element logging.
12-07 11:46:06.151  2759  2759 E ClientVe: Failed to create ClientVisualElementsProto for user interaction on view com.google.android.apps.gsa.searchbox.ui.suggestions.views.CoreSuggestionView{8e86eae VFE...CL. ...P.... 0,289-1038,436 #1ea} because the view is not tagged for visual element logging.
12-07 11:46:06.240  2420 16508 E WakeLock: GCM_HB_ALARM release without a matched acquire!
12-07 11:46:06.260  2420 16508 E WakeLock: GCM_CONN_ALARM release without a matched acquire!
12-07 11:46:06.399  2759  2759 E ClientVe: Failed to create ClientVisualElementsProto for user interaction on view com.google.android.apps.gsa.searchbox.ui.suggestions.views.CoreSuggestionView{544544f VFE...CL. ...P.... 0,436-1038,583 #1eb} because the view is not tagged for visual element logging.
12-07 11:46:07.022  1829  1829 E netmgr  : Failed to open QEMU pipe 'qemud:network': Invalid argument
12-07 11:46:07.024  1829  1829 E netmgr  : WifiForwarder unable to open QEMU pipe: Invalid argument
12-07 11:46:08.217  2759  2759 E ClientVe: Failed to create ClientVisualElementsProto for user interaction on view com.google.android.apps.gsa.searchbox.ui.suggestions.views.CoreSuggestionView{8e86eae VFE...CL. ...P.... 0,289-1038,436 #1ea} because the view is not tagged for visual element logging.
12-07 11:46:09.907  2759  2766 E ReloadingLock: Finalizing LOCKED Token[searchresults_activity 2018-12-07 11:46:07.259]
12-07 11:46:12.706  1737  1809 E storaged: getDiskStats failed with result NOT_SUPPORTED and size 0
12-07 11:46:24.499  2759  2759 E ContextIntentStarter: No activity found for any of the 0 intents
12-07 11:46:25.398 16535 16535 E boxed_process2: Not starting debugger since process cannot load the jdwp agent.
12-07 11:46:26.741  1613 16561 E audio_hw_generic: pcm_open(in) failed: cannot open device '/dev/snd/pcmC0D0c': Device or resource busy: channels 2 format 0 rate 16000
12-07 11:46:30.116  2420 16564 E WakeLock: GCM_HB_ALARM release without a matched acquire!
12-07 11:46:30.141  2420 16564 E WakeLock: GCM_CONN_ALARM release without a matched acquire!
12-07 11:46:35.175  2420 16454 E ctxmgr  : [ProducerStatusImpl]updateStateForNewContextData: inactive, contextName=7
12-07 11:46:35.469  2420  2420 E BeaconBle: Scan couldn't start for Places
12-07 11:46:38.801  1628  1628 E android.hardware.wifi@1.0-service: Failed to register radio mode change callback
12-07 11:46:38.810  1628  1628 E android.hardware.wifi@1.0-service: Failed to set DFS flag; DFS channels may be unavailable.
12-07 11:46:38.929  1738  1738 E wificond: No Offload Service available
12-07 11:46:39.088  1883  1967 E WifiP2pService: Unhandled message { when=-1ms what=131203 target=com.android.internal.util.StateMachine$SmHandler }
12-07 11:46:39.108  1883  1967 E WifiP2pService: Unhandled message { when=-2ms what=131203 target=com.android.internal.util.StateMachine$SmHandler }
12-07 11:46:39.137  1883  1901 E BatteryExternalStatsWorker: no controller energy info supplied for wifi
12-07 11:46:39.212  1883  1901 E BatteryExternalStatsWorker: no controller energy info supplied for wifi
12-07 11:46:40.247  1613 16588 E audio_hw_generic: pcm_open(in) failed: cannot open device '/dev/snd/pcmC0D0c': Device or resource busy: channels 2 format 0 rate 16000
12-07 11:46:40.375  2420 16454 E ctxmgr  : [ProducerStatusImpl]updateStateForNewContextData: inactive, contextName=7
12-07 11:46:40.511  2420  2420 E BeaconBle: Missing BluetoothAdapter
12-07 11:46:40.603  2420  2420 E BeaconBle: Scan couldn't start for Places
12-07 11:46:43.141  1883  1901 E BatteryExternalStatsWorker: no controller energy info supplied for wifi
12-07 11:46:43.263  1883  1965 E WifiVendorHal: stopRssiMonitoring(l.2404) failed {.code = ERROR_NOT_AVAILABLE, .description = }
12-07 11:46:44.075  1735  1813 E Netd    : Error adding route ::/0 -> fe80::ff:fe00:100 wlan0 to table 1003: File exists
12-07 11:46:44.150  2420 16607 E WakeLock: GCM_CONN_ALARM release without a matched acquire!
12-07 11:46:44.944 16608 16608 E id.gms.learnin: Not starting debugger since process cannot load the jdwp agent.
12-07 11:46:46.312  1883  5877 E NotificationService: Package enqueue rate is 6.478327. Shedding 0|com.google.android.googlequicksearchbox|393216|h|10036. package=com.google.android.googlequicksearchbox
