--------- beginning of system
12-07 14:19:45.165  1735  1809 E storaged: getDiskStats failed with result NOT_SUPPORTED and size 0
12-07 14:19:55.855  1880  1897 E AutofillSession: No assist structure - app might have crashed providing it
12-07 14:19:55.856  1880  1897 E AutofillSession: No assist structure - app might have crashed providing it
--------- beginning of main
12-07 14:20:25.052  1829  1829 E netmgr  : Failed to open QEMU pipe 'qemud:network': Invalid argument
12-07 14:20:25.060  1829  1829 E netmgr  : WifiForwarder unable to open QEMU pipe: Invalid argument
12-07 14:20:46.271  1735  1809 E storaged: getDiskStats failed with result NOT_SUPPORTED and size 0
12-07 14:21:21.462  1737  1737 E OMXNodeInstance: setConfig(0xea126ae0:google.vorbis.decoder, ConfigPriority(0x6f800002)) ERROR: Undefined(0x80001001)
12-07 14:21:21.464  1737  1737 E OMXNodeInstance: getConfig(0xea126ae0:google.vorbis.decoder, ConfigAndroidVendorExtension(0x6f100004)) ERROR: Undefined(0x80001001)
12-07 14:21:26.526  1829  1829 E netmgr  : Failed to open QEMU pipe 'qemud:network': Invalid argument
12-07 14:21:26.529  1829  1829 E netmgr  : WifiForwarder unable to open QEMU pipe: Invalid argument
12-07 14:21:34.458  1610  1692 E audio_hw_generic: pcm_write failed cannot write stream data: I/O error
12-07 14:21:45.108  1610  1692 E audio_hw_generic: pcm_write failed cannot write stream data: I/O error
12-07 14:21:47.936  1735  1809 E storaged: getDiskStats failed with result NOT_SUPPORTED and size 0
12-07 14:21:48.260  2378   573 E ctxmgr  : [ProducerStatusImpl]updateStateForNewContextData: inactive, contextName=7
12-07 14:21:50.751  2378   573 E ctxmgr  : [ProducerStatusImpl]updateStateForNewContextData: inactive, contextName=1
12-07 14:21:50.751  2378   573 E ctxmgr  : [ProducerStatusImpl]updateStateForNewContextData: inactive, contextName=1
12-07 14:21:53.645  2378  2378 E BeaconBle: Missing BluetoothAdapter
12-07 14:21:53.765  2378  2378 E BeaconBle: Scan couldn't start for Places
12-07 14:21:56.022  1610  1692 E audio_hw_generic: pcm_write failed cannot write stream data: I/O error
12-07 14:22:04.487 19845 19845 E ContextIntentStarter: No activity found for any of the 0 intents
12-07 14:22:06.713  1610  1692 E audio_hw_generic: pcm_write failed cannot write stream data: I/O error
12-07 14:22:14.949   631   631 E viders.calenda: Not starting debugger since process cannot load the jdwp agent.
12-07 14:22:15.040   644   644 E ndroid.calenda: Not starting debugger since process cannot load the jdwp agent.
12-07 14:22:17.392  1610  1692 E audio_hw_generic: pcm_write failed cannot write stream data: I/O error
12-07 14:22:22.934  2378   457 E ctxmgr  : [ProducerStatusImpl]updateStateForNewContextData: inactive, contextName=7
12-07 14:22:25.851  1880  1970 E ConnectivityService: exception in setMtu()java.lang.IllegalStateException: command '1362 interface setmtu radio0 1500' failed with '400 1362 Failed to set MTU (Permission denied)'
12-07 14:22:28.261  1829  1829 E netmgr  : Failed to open QEMU pipe 'qemud:network': Invalid argument
12-07 14:22:28.266  1829  1829 E netmgr  : WifiForwarder unable to open QEMU pipe: Invalid argument
12-07 14:22:31.080 19845 19919 E Search.IcingConnection: Could not connect to Icing. Error code 14.
12-07 14:22:31.081 19845 29644 E Search.IcingConnection: Could not connect to Icing. Error code 13.
12-07 14:22:33.710   695   695 E boxed_process1: Not starting debugger since process cannot load the jdwp agent.
12-07 14:22:33.209  2378  2378 E BeaconBle: Missing BluetoothAdapter
12-07 14:22:35.742  1880  1964 E NetdConnector: NDC Command {1368 bandwidth setiquota radio0 9223372036854775807} took too long (2467ms)
12-07 14:22:35.924  2378  2378 E BeaconBle: Scan couldn't start for Places
12-07 14:22:41.371  2378   740 E WakeLock: GCM_CONN_ALARM release without a matched acquire!
12-07 14:22:46.729   754   754 E droid.deskcloc: Not starting debugger since process cannot load the jdwp agent.
12-07 14:22:49.286  1735  1809 E storaged: getDiskStats failed with result NOT_SUPPORTED and size 0
12-07 14:22:49.372   754   754 E LoadedApk: Unable to instantiate appComponentFactory
12-07 14:22:49.372   754   754 E LoadedApk: java.lang.ClassNotFoundException: Didn't find class "android.support.v4.app.CoreComponentFactory" on path: DexPathList[[zip file "/data/app/com.google.android.deskclock-irjeQ48B8SlCzNgOUY6aXg==/base.apk"],nativeLibraryDirectories=[/data/app/com.google.android.deskclock-irjeQ48B8SlCzNgOUY6aXg==/lib/x86, /system/lib]]
12-07 14:22:49.372   754   754 E LoadedApk: 	at dalvik.system.BaseDexClassLoader.findClass(BaseDexClassLoader.java:134)
12-07 14:22:49.372   754   754 E LoadedApk: 	at java.lang.ClassLoader.loadClass(ClassLoader.java:379)
12-07 14:22:49.372   754   754 E LoadedApk: 	at java.lang.ClassLoader.loadClass(ClassLoader.java:312)
12-07 14:22:49.372   754   754 E LoadedApk: 	at android.app.LoadedApk.createAppFactory(LoadedApk.java:226)
12-07 14:22:49.372   754   754 E LoadedApk: 	at android.app.LoadedApk.createOrUpdateClassLoaderLocked(LoadedApk.java:731)
12-07 14:22:49.372   754   754 E LoadedApk: 	at android.app.LoadedApk.getClassLoader(LoadedApk.java:810)
12-07 14:22:49.372   754   754 E LoadedApk: 	at android.app.LoadedApk.getResources(LoadedApk.java:1032)
12-07 14:22:49.372   754   754 E LoadedApk: 	at android.app.ContextImpl.createAppContext(ContextImpl.java:2345)
12-07 14:22:49.372   754   754 E LoadedApk: 	at android.app.ActivityThread.handleBindApplication(ActivityThread.java:5749)
12-07 14:22:49.372   754   754 E LoadedApk: 	at android.app.ActivityThread.access$1100(ActivityThread.java:199)
12-07 14:22:49.372   754   754 E LoadedApk: 	at android.app.ActivityThread$H.handleMessage(ActivityThread.java:1650)
12-07 14:22:49.372   754   754 E LoadedApk: 	at android.os.Handler.dispatchMessage(Handler.java:106)
12-07 14:22:49.372   754   754 E LoadedApk: 	at android.os.Looper.loop(Looper.java:193)
12-07 14:22:49.372   754   754 E LoadedApk: 	at android.app.ActivityThread.main(ActivityThread.java:6669)
12-07 14:22:49.372   754   754 E LoadedApk: 	at java.lang.reflect.Method.invoke(Native Method)
12-07 14:22:49.372   754   754 E LoadedApk: 	at com.android.internal.os.RuntimeInit$MethodAndArgsCaller.run(RuntimeInit.java:493)
12-07 14:22:49.372   754   754 E LoadedApk: 	at com.android.internal.os.ZygoteInit.main(ZygoteInit.java:858)
12-07 14:22:54.673  2482 32345 E bulj    : *~*~*~ Channel {0} was not shutdown properly!!! ~*~*~*
12-07 14:22:54.673  2482 32345 E bulj    :     Make sure to call shutdown()/shutdownNow() and wait until awaitTermination() returns true.
12-07 14:22:54.673  2482 32345 E bulj    : java.lang.RuntimeException: ManagedChannel allocation site
12-07 14:22:54.673  2482 32345 E bulj    : 	at bulk.<init>(:com.google.android.gms@14799040@14.7.99 (100700-223214910):1)
12-07 14:22:54.673  2482 32345 E bulj    : 	at bulj.<init>(:com.google.android.gms@14799040@14.7.99 (100700-223214910):2)
12-07 14:22:54.673  2482 32345 E bulj    : 	at bulj.<init>(:com.google.android.gms@14799040@14.7.99 (100700-223214910):1)
12-07 14:22:54.673  2482 32345 E bulj    : 	at bueg.b(:com.google.android.gms@14799040@14.7.99 (100700-223214910):14)
12-07 14:22:54.673  2482 32345 E bulj    : 	at zte.a(:com.google.android.gms@14799040@14.7.99 (100700-223214910):7)
12-07 14:22:54.673  2482 32345 E bulj    : 	at ztf.a(:com.google.android.gms@14799040@14.7.99 (100700-223214910):1)
12-07 14:22:54.673  2482 32345 E bulj    : 	at zpt.c(:com.google.android.gms@14799040@14.7.99 (100700-223214910):6)
12-07 14:22:54.673  2482 32345 E bulj    : 	at com.google.android.gms.growth.service.GrowthTaskChimeraService.a(:com.google.android.gms@14799040@14.7.99 (100700-223214910):52)
12-07 14:22:54.673  2482 32345 E bulj    : 	at ynh.run(:com.google.android.gms@14799040@14.7.99 (100700-223214910):5)
12-07 14:22:54.673  2482 32345 E bulj    : 	at qwc.run(:com.google.android.gms@14799040@14.7.99 (100700-223214910):21)
12-07 14:22:54.673  2482 32345 E bulj    : 	at java.util.concurrent.ThreadPoolExecutor.runWorker(ThreadPoolExecutor.java:1167)
12-07 14:22:54.673  2482 32345 E bulj    : 	at java.util.concurrent.ThreadPoolExecutor$Worker.run(ThreadPoolExecutor.java:641)
12-07 14:22:54.673  2482 32345 E bulj    : 	at rbx.run(Unknown Source:7)
12-07 14:22:54.673  2482 32345 E bulj    : 	at java.lang.Thread.run(Thread.java:764)
12-07 14:22:59.931 19845 19886 E ThreadPoolDumper: Queue length for executor Background is now 57. Perhaps some tasks are too long, or the pool is too small.
12-07 14:23:03.054   799   799 E .android.video: Not starting debugger since process cannot load the jdwp agent.
12-07 14:23:03.102   805   805 E com.ustwo.lwp: Not starting debugger since process cannot load the jdwp agent.
12-07 14:23:10.977  1880  5028 E NotificationService: Package enqueue rate is 5.1853433. Shedding 0|com.google.android.googlequicksearchbox|393216|h|10036. package=com.google.android.googlequicksearchbox
12-07 14:23:16.130  1880  2569 E NotificationService: Package enqueue rate is 8.34204. Shedding 0|com.google.android.googlequicksearchbox|393216|h|10036. package=com.google.android.googlequicksearchbox
12-07 14:23:21.546  2378   619 E NetworkScheduler.TED: Dropping task as app's play services SDK version does not support Android O. Either update the SDK or lower your app's target SDK version. Canceling all tasks for the service: ComponentInfo{com.google.android.videos/com.google.android.apps.play.movies.common.service.drm.RefreshLicenseTaskService}
12-07 14:23:21.602  2378   345 E NetworkScheduler: Unknown result code received: 4
12-07 14:23:21.739  2378  2378 E NetworkScheduler.ATC: Called cancelTask for already completed task com.google.android.videos/com.google.android.apps.play.movies.common.service.drm.RefreshLicenseTaskService{u=0 tag="refresh_license_forced" trigger=window{start=3600s,end=10800s,earliest=-5657s,latest=1542s} requirements=[NET_CONNECTED] attributes=[] scheduled=-9257s last_run=-24s jid=N/A status=PENDING retries=0 client_lib=MANCHEGO_GCM-10400000} :INVALID_START
12-07 14:23:29.511  1829  1829 E netmgr  : Failed to open QEMU pipe 'qemud:network': Invalid argument
12-07 14:23:29.512  1829  1829 E netmgr  : WifiForwarder unable to open QEMU pipe: Invalid argument
12-07 14:23:32.453   891   891 E id.gms.unstabl: Not starting debugger since process cannot load the jdwp agent.
12-07 14:23:40.258 19845 32046 E ThreadPoolDumper: Queue length for executor Background is now 55. Perhaps some tasks are too long, or the pool is too small.
12-07 14:23:40.290 19845 19845 E SearchServiceStarter: Task 255 failed or timed out. Client 87280777187019691 disconnecting from SearchService!
12-07 14:23:40.290 19845 19845 E SearchServiceStarter: java.util.concurrent.CancellationException: Task was cancelled.
12-07 14:23:40.290 19845 19845 E SearchServiceStarter: 	at com.google.common.r.a.d.fa(SourceFile:101)
12-07 14:23:40.290 19845 19845 E SearchServiceStarter: 	at com.google.common.r.a.d.get(SourceFile:80)
12-07 14:23:40.290 19845 19845 E SearchServiceStarter: 	at com.google.common.r.a.cw.l(SourceFile:1)
12-07 14:23:40.290 19845 19845 E SearchServiceStarter: 	at com.google.common.r.a.bd.n(SourceFile:34)
12-07 14:23:40.290 19845 19845 E SearchServiceStarter: 	at com.google.common.r.a.bf.run(SourceFile:4)
12-07 14:23:40.290 19845 19845 E SearchServiceStarter: 	at com.google.android.apps.gsa.shared.util.concurrent.b.bj.run(SourceFile:2)
12-07 14:23:40.290 19845 19845 E SearchServiceStarter: 	at android.os.Handler.handleCallback(Handler.java:873)
12-07 14:23:40.290 19845 19845 E SearchServiceStarter: 	at android.os.Handler.dispatchMessage(Handler.java:99)
12-07 14:23:40.290 19845 19845 E SearchServiceStarter: 	at android.os.Looper.loop(Looper.java:193)
12-07 14:23:40.290 19845 19845 E SearchServiceStarter: 	at android.app.ActivityThread.main(ActivityThread.java:6669)
12-07 14:23:40.290 19845 19845 E SearchServiceStarter: 	at java.lang.reflect.Method.invoke(Native Method)
12-07 14:23:40.290 19845 19845 E SearchServiceStarter: 	at com.android.internal.os.RuntimeInit$MethodAndArgsCaller.run(RuntimeInit.java:493)
12-07 14:23:40.290 19845 19845 E SearchServiceStarter: 	at com.android.internal.os.ZygoteInit.main(ZygoteInit.java:858)
12-07 14:23:40.473  1880  4057 E NotificationService: Package enqueue rate is 6.083432. Shedding 0|com.google.android.googlequicksearchbox|393216|h|10036. package=com.google.android.googlequicksearchbox
12-07 14:23:42.992  1880  1895 E memtrack: Couldn't load memtrack module
12-07 14:23:45.605  1880  3002 E NotificationService: Package enqueue rate is 7.0933824. Shedding 0|com.google.android.googlequicksearchbox|393216|h|10036. package=com.google.android.googlequicksearchbox
12-07 14:23:48.519  1880  1895 E memtrack: Couldn't load memtrack module
12-07 14:23:48.531  1880  1896 E ActivityManager: ANR in com.google.android.videos
12-07 14:23:48.531  1880  1896 E ActivityManager: PID: 799
12-07 14:23:48.531  1880  1896 E ActivityManager: Reason: executing service com.google.android.videos/com.google.android.apps.play.movies.common.service.drm.RefreshLicenseTaskService
12-07 14:23:48.531  1880  1896 E ActivityManager: Load: 0.0 / 0.0 / 0.0
12-07 14:23:48.531  1880  1896 E ActivityManager: CPU usage from 0ms to 5615ms later (2018-12-07 14:23:42.839 to 2018-12-07 14:23:48.461) with 99% awake:
12-07 14:23:48.531  1880  1896 E ActivityManager:   137% 1880/system_server: 71% user + 66% kernel / faults: 266 minor 7 major
12-07 14:23:48.531  1880  1896 E ActivityManager:   95% 19845/com.google.android.googlequicksearchbox:search: 53% user + 41% kernel / faults: 283 minor 23 major
12-07 14:23:48.531  1880  1896 E ActivityManager:   46% 891/com.google.android.gms.unstable: 19% user + 26% kernel / faults: 1144 minor 64 major
12-07 14:23:48.531  1880  1896 E ActivityManager:   44% 646/kswapd0: 0% user + 44% kernel
12-07 14:23:48.531  1880  1896 E ActivityManager:   5.5% 1722/surfaceflinger: 1.4% user + 4% kernel / faults: 7 minor
12-07 14:23:48.531  1880  1896 E ActivityManager:   3.5% 799/com.google.android.videos: 0% user + 3.5% kernel / faults: 774 minor 91 major
12-07 14:23:48.531  1880  1896 E ActivityManager:   2.3% 26518/com.google.android.apps.nexuslauncher: 0% user + 2.3% kernel / faults: 102 minor 2 major
12-07 14:23:48.531  1880  1896 E ActivityManager:   2.1% 2008/com.android.systemui: 1.5% user + 0.5% kernel / faults: 299 minor
12-07 14:23:48.531  1880  1896 E ActivityManager:   1.6% 1628/audioserver: 0.5% user + 1% kernel
12-07 14:23:48.531  1880  1896 E ActivityManager:   1.4% 1745/android.hardware.graphics.composer@2.1-service: 0% user + 1.4% kernel / faults: 1 minor
12-07 14:23:48.531  1880  1896 E ActivityManager:   1.2% 2300/adbd: 0.1% user + 1% kernel / faults: 10537 minor
12-07 14:23:48.531  1880  1896 E ActivityManager:   1.2% 2378/com.google.android.gms.persistent: 0.5% user + 0.7% kernel / faults: 67 minor 1 major
12-07 14:23:48.531  1880  1896 E ActivityManager:   1% 32186/kworker/u9:1: 0% user + 1% kernel
12-07 14:23:48.531  1880  1896 E ActivityManager:   1% 32598/kworker/u9:0: 0% user + 1% kernel
12-07 14:23:48.531  1880  1896 E ActivityManager:   0.8% 2183/com.google.android.ext.services: 0.8% user + 0% kernel / faults: 131 minor 2 major
12-07 14:23:48.531  1880  1896 E ActivityManager:   0.8% 2780/com.android.vending: 0.5% user + 0.3% kernel / faults: 251 minor 16 major
12-07 14:23:48.531  1880  1896 E ActivityManager:   0.7% 1610/android.hardware.audio@2.0-service: 0.7% user + 0% kernel
12-07 14:23:48.531  1880  1896 E ActivityManager:   0.5% 644/com.google.android.calendar: 0% user + 0.5% kernel / faults: 40 minor 19 major
12-07 14:23:48.531  1880  1896 E ActivityManager:   0.5% 32747/kworker/u8:5: 0% user + 0.5% kernel
12-07 14:23:48.531  1880  1896 E ActivityManager:   0.3% 1624/android.hardware.sensors@1.0-service: 0.3% user + 0% kernel
12-07 14:23:48.531  1880  1896 E ActivityManager:   0.3% 2318/logcat: 0% user + 0.3% kernel
12-07 14:23:48.531  1880  1896 E ActivityManager:   0% 7/rcu_preempt: 0% user + 0% kernel
12-07 14:23:48.531  1880  1896 E ActivityManager:   0.1% 669/kworker/0:1: 0% user + 0.1% kernel
12-07 14:23:48.531  1880  1896 E ActivityManager:   0.1% 792/kworker/u8:6: 0% user + 0.1% kernel
12-07 14:23:48.531  1880  1896 E ActivityManager:   0.1% 1553/logd: 0% user + 0.1% kernel
12-07 14:23:48.531  1880  1896 E ActivityManager:   0% 1623/android.hardware.power@1.1-service.ranchu: 0% user + 0% kernel
12-07 14:23:48.531  1880  1896 E ActivityManager:   0.1% 32291/kworker/u8:2: 0% user + 0.1% kernel
12-07 14:23:48.531  1880  1896 E ActivityManager: 58% TOTAL: 22% user + 33% kernel + 1.4% iowait + 0.7% softirq
12-07 14:23:48.531  1880  1896 E ActivityManager: CPU usage from 32834226ms to 32834226ms ago (1970-01-01 00:00:00.000 to 1970-01-01 00:00:00.000) with 0% awake:
12-07 14:23:48.531  1880  1896 E ActivityManager: 0% TOTAL: 0% user + 0% kernel
12-07 14:23:51.034 19845 32046 E BgTaskExecutorImpl: NONEXCLUSIVE background task BACKGROUNDRETRY_RETRY failed. Crashing.
12-07 14:23:51.034 19845 32046 E BgTaskExecutorImpl: java.util.concurrent.TimeoutException
12-07 14:23:51.034 19845 32046 E BgTaskExecutorImpl: 	at com.google.android.apps.gsa.shared.util.concurrent.u.run(Unknown Source:3)
12-07 14:23:51.034 19845 32046 E BgTaskExecutorImpl: 	at com.google.android.libraries.gsa.runner.a.b.run(Unknown Source:3)
12-07 14:23:51.034 19845 32046 E BgTaskExecutorImpl: 	at com.google.android.apps.gsa.shared.util.concurrent.b.cq.bsW(SourceFile:2)
12-07 14:23:51.034 19845 32046 E BgTaskExecutorImpl: 	at com.google.android.apps.gsa.shared.util.concurrent.b.cp.run(SourceFile:5)
12-07 14:23:51.034 19845 32046 E BgTaskExecutorImpl: 	at com.google.android.apps.gsa.shared.util.concurrent.b.i.run(Unknown Source:4)
12-07 14:23:51.034 19845 32046 E BgTaskExecutorImpl: 	at com.google.android.apps.gsa.shared.util.concurrent.b.bs.run(SourceFile:3)
12-07 14:23:51.034 19845 32046 E BgTaskExecutorImpl: 	at com.google.android.apps.gsa.shared.util.concurrent.b.bs.run(SourceFile:3)
12-07 14:23:51.034 19845 32046 E BgTaskExecutorImpl: 	at java.util.concurrent.ThreadPoolExecutor.runWorker(ThreadPoolExecutor.java:1167)
12-07 14:23:51.034 19845 32046 E BgTaskExecutorImpl: 	at java.util.concurrent.ThreadPoolExecutor$Worker.run(ThreadPoolExecutor.java:641)
12-07 14:23:51.034 19845 32046 E BgTaskExecutorImpl: 	at java.lang.Thread.run(Thread.java:764)
12-07 14:23:51.034 19845 32046 E BgTaskExecutorImpl: 	at com.google.android.apps.gsa.shared.util.concurrent.b.o.run(SourceFile:6)
12-07 14:23:51.086  1735  1809 E storaged: getDiskStats failed with result NOT_SUPPORTED and size 0
12-07 14:23:51.359  1880  5028 E NotificationService: Package enqueue rate is 12.118406. Shedding 0|com.google.android.googlequicksearchbox|393216|h|10036. package=com.google.android.googlequicksearchbox
12-07 14:23:56.695  1880  1896 E ActivityManager: ANR in com.google.android.gms.unstable
12-07 14:23:56.695  1880  1896 E ActivityManager: PID: 891
12-07 14:23:56.695  1880  1896 E ActivityManager: Reason: executing service com.google.android.gms/.droidguard.DroidGuardService
12-07 14:23:56.695  1880  1896 E ActivityManager: Load: 0.0 / 0.0 / 0.0
12-07 14:23:56.695  1880  1896 E ActivityManager: CPU usage from 7983ms to 0ms ago (2018-12-07 14:23:48.461 to 2018-12-07 14:23:56.437):
12-07 14:23:56.695  1880  1896 E ActivityManager:   67% 1880/system_server: 38% user + 29% kernel / faults: 453 minor 33 major
12-07 14:23:56.695  1880  1896 E ActivityManager:   60% 2378/com.google.android.gms.persistent: 33% user + 27% kernel / faults: 156 minor 10 major
12-07 14:23:56.695  1880  1896 E ActivityManager:   60% 646/kswapd0: 0% user + 60% kernel
12-07 14:23:56.695  1880  1896 E ActivityManager:   33% 2008/com.android.systemui: 18% user + 14% kernel / faults: 346 minor 13 major
12-07 14:23:56.695  1880  1896 E ActivityManager:   32% 1722/surfaceflinger: 13% user + 18% kernel / faults: 2 minor 1 major
12-07 14:23:56.695  1880  1896 E ActivityManager:   32% 1610/android.hardware.audio@2.0-service: 13% user + 19% kernel
12-07 14:23:56.695  1880  1896 E ActivityManager:   17% 2125/com.android.phone: 5.2% user + 12% kernel / faults: 4 minor 6 major
12-07 14:23:56.695  1880  1896 E ActivityManager:   28% 792/kworker/u8:6: 0% user + 28% kernel
12-07 14:23:56.695  1880  1896 E ActivityManager:   7.1% 19845/com.google.android.googlequicksearchbox:search: 3.2% user + 3.9% kernel / faults: 343 minor 101 major
12-07 14:23:56.695  1880  1896 E ActivityManager:   0.5% 1735/storaged: 0% user + 0.5% kernel / faults: 4240 minor 9 major
12-07 14:23:56.695  1880  1896 E ActivityManager:   1.5% 799/com.google.android.videos: 1.2% user + 0.2% kernel / faults: 318 minor 42 major
12-07 14:23:56.695  1880  1896 E ActivityManager:   1.5% 891/com.google.android.gms.unstable: 1.5% user + 0% kernel / faults: 461 minor 47 major
12-07 14:23:56.695  1880  1896 E ActivityManager:   1.1% 2300/adbd: 0.2% user + 0.8% kernel / faults: 10280 minor
12-07 14:23:56.695  1880  1896 E ActivityManager:   0.5% 2482/com.google.android.gms: 0.4% user + 0% kernel / faults: 153 minor 8 major
12-07 14:23:56.695  1880  1896 E ActivityManager:   0.7% 32186/kworker/u9:1: 0% user + 0.7% kernel
12-07 14:23:56.695  1880  1896 E ActivityManager:   0.6% 1628/audioserver: 0.1% user + 0.5% kernel / faults: 2 minor 8 major
12-07 14:23:56.695  1880  1896 E ActivityManager:   0.6% 26518/com.google.android.apps.nexuslauncher: 0.2% user + 0.3% kernel / faults: 91 minor
12-07 14:23:56.695  1880  1896 E ActivityManager:   0.5% 32598/kworker/u9:0: 0% user + 0.5% kernel
12-07 14:23:56.695  1880  1896 E ActivityManager:   0.2% 410/com.google.process.gservices: 0% user + 0.1% kernel / faults: 82 minor
12-07 14:23:56.695  1880  1896 E ActivityManager:   0.2% 539/com.android.commands.monkey: 0% user + 0.2% kernel / faults: 42 minor 10 major
12-07 14:23:56.695  1880  1896 E ActivityManager:   0.3% 2183/com.google.android.ext.services: 0.3% user + 0% kernel / faults: 69 minor
12-07 14:23:56.695  1880  1896 E ActivityManager:   0.2% 18700/kworker/u9:4: 0% user + 0.2% kernel
12-07 14:23:56.695  1880  1896 E ActivityManager:   0.2% 31747/kworker/u9:2: 0% user + 0.2% kernel
12-07 14:23:56.695  1880  1896 E ActivityManager:   0.2% 1745/android.hardware.graphics.composer@2.1-service: 0% user + 0.2% kernel / faults: 2 minor
12-07 14:23:56.695  1880  1896 E ActivityManager:   0.1% 7/rcu_preempt: 0% user + 0.1% kernel
12-07 14:23:56.695  1880  1896 E ActivityManager:   0.1% 669/kworker/0:1: 0% user + 0.1% kernel
12-07 14:23:56.695  1880  1896 E ActivityManager:   0.1% 1553/logd: 0% user + 0.1% kernel / faults: 1 minor
12-07 14:23:56.695  1880  1896 E ActivityManager:   0% 1715/jbd2/dm-1-8: 0% user + 0% kernel
12-07 14:23:56.695  1880  1896 E ActivityManager:   0% 1892/kworker/2:1H: 0% user + 0% kernel
12-07 14:23:56.695  1880  1896 E ActivityManager:   0.1% 2318/logcat: 0% user + 0.1% kernel / faults: 1 minor
12-07 14:23:56.695  1880  1896 E ActivityManager:   0.1% 32291/kworker/u8:2: 0% user + 0.1% kernel
12-07 14:23:56.695  1880  1896 E ActivityManager:   0.1% 32747/kworker/u8:5: 0% user + 0.1% kernel
12-07 14:23:56.695  1880  1896 E ActivityManager:  +0% 954/cat: 0% user + 0% kernel
12-07 14:23:56.695  1880  1896 E ActivityManager: 95% TOTAL: 42% user + 49% kernel + 2.1% iowait + 1.6% softirq
12-07 14:23:56.695  1880  1896 E ActivityManager: CPU usage from 32847824ms to 32847824ms ago (1970-01-01 00:00:00.000 to 1970-01-01 00:00:00.000) with 0% awake:
12-07 14:23:56.695  1880  1896 E ActivityManager: 0% TOTAL: 0% user + 0% kernel
12-07 14:23:58.914  1880  1895 E memtrack: Couldn't load memtrack module
12-07 14:23:58.979  1880  2569 E memtrack: Couldn't load memtrack module
12-07 14:24:01.662  1880  2569 E memtrack: Couldn't load memtrack module
12-07 14:24:01.865  1880  2569 E memtrack: Couldn't load memtrack module
12-07 14:24:04.191  1880  2569 E memtrack: Couldn't load memtrack module
12-07 14:24:04.443  1880  2569 E memtrack: Couldn't load memtrack module
12-07 14:24:06.915  1880  2569 E memtrack: Couldn't load memtrack module
12-07 14:24:07.025  1880  2569 E memtrack: Couldn't load memtrack module
12-07 14:24:07.122  1880  2569 E memtrack: Couldn't load memtrack module
12-07 14:24:09.344  1880  1895 E memtrack: Couldn't load memtrack module
12-07 14:24:09.350  1880  2569 E memtrack: Couldn't load memtrack module
12-07 14:24:09.485  1880  2569 E memtrack: Couldn't load memtrack module
12-07 14:24:09.611  1880  2569 E memtrack: Couldn't load memtrack module
12-07 14:24:12.002 19845 19886 E ThreadPoolDumper: Queue length for executor Background is now 66. Perhaps some tasks are too long, or the pool is too small.
12-07 14:24:12.050  1880  2569 E memtrack: Couldn't load memtrack module
12-07 14:24:12.187  1880  2569 E memtrack: Couldn't load memtrack module
12-07 14:24:12.259  1880  4995 E NotificationService: Package enqueue rate is 5.90454. Shedding 0|com.google.android.googlequicksearchbox|393216|h|10036. package=com.google.android.googlequicksearchbox
12-07 14:24:12.285  1880  2569 E memtrack: Couldn't load memtrack module
12-07 14:24:14.460  1880  1895 E memtrack: Couldn't load memtrack module
12-07 14:24:14.542  1880  4062 E memtrack: Couldn't load memtrack module
12-07 14:24:14.672  1880  4062 E memtrack: Couldn't load memtrack module
12-07 14:24:14.820  1880  4062 E memtrack: Couldn't load memtrack module
12-07 14:24:14.820  1880  2569 E memtrack: Couldn't load memtrack module
12-07 14:24:17.292  1880  4062 E memtrack: Couldn't load memtrack module
12-07 14:24:17.366  1880  2569 E memtrack: Couldn't load memtrack module
12-07 14:24:17.449  1880  2569 E memtrack: Couldn't load memtrack module
12-07 14:24:17.464  1880  4062 E memtrack: Couldn't load memtrack module
12-07 14:24:17.510  1880  2651 E NotificationService: Package enqueue rate is 5.0198903. Shedding 0|com.google.android.googlequicksearchbox|393216|h|10036. package=com.google.android.googlequicksearchbox
12-07 14:24:19.779  1880  2569 E memtrack: Couldn't load memtrack module
12-07 14:24:19.781  1880  4062 E memtrack: Couldn't load memtrack module
12-07 14:24:19.900  1880  2569 E memtrack: Couldn't load memtrack module
12-07 14:24:19.917  1880  4062 E memtrack: Couldn't load memtrack module
12-07 14:24:20.020  1880  2569 E memtrack: Couldn't load memtrack module
12-07 14:24:20.037  1880  4062 E memtrack: Couldn't load memtrack module
12-07 14:24:22.490  1880  2569 E memtrack: Couldn't load memtrack module
12-07 14:24:22.497  1880  4062 E memtrack: Couldn't load memtrack module
12-07 14:24:22.557  1880  2569 E memtrack: Couldn't load memtrack module
12-07 14:24:22.571  1880  4062 E memtrack: Couldn't load memtrack module
12-07 14:24:22.637  1880  2569 E memtrack: Couldn't load memtrack module
12-07 14:24:22.653  1880  4062 E memtrack: Couldn't load memtrack module
12-07 14:24:22.726  1880  4062 E memtrack: Couldn't load memtrack module
12-07 14:24:22.737  1880  2569 E memtrack: Couldn't load memtrack module
12-07 14:24:22.793  1880  4062 E memtrack: Couldn't load memtrack module
12-07 14:24:25.001  1880  2569 E memtrack: Couldn't load memtrack module
12-07 14:24:25.008  1880  4062 E memtrack: Couldn't load memtrack module
12-07 14:24:25.113  1880  2569 E memtrack: Couldn't load memtrack module
12-07 14:24:25.115  1880  4062 E memtrack: Couldn't load memtrack module
12-07 14:24:25.182  1880  2569 E memtrack: Couldn't load memtrack module
12-07 14:24:25.200  1880  4062 E memtrack: Couldn't load memtrack module
12-07 14:24:25.242  1880  2569 E memtrack: Couldn't load memtrack module
12-07 14:24:25.271  1880  4062 E memtrack: Couldn't load memtrack module
12-07 14:24:30.052  1829  1829 E netmgr  : Failed to open QEMU pipe 'qemud:network': Invalid argument
12-07 14:24:30.053  1829  1829 E netmgr  : WifiForwarder unable to open QEMU pipe: Invalid argument
12-07 14:24:30.123  1880  2569 E memtrack: Couldn't load memtrack module
12-07 14:24:30.178  1880  4062 E memtrack: Couldn't load memtrack module
12-07 14:24:30.225  1880  2569 E memtrack: Couldn't load memtrack module
12-07 14:24:30.259  1880  4062 E memtrack: Couldn't load memtrack module
12-07 14:24:30.275  1003  1003 E e.process.gapp: Not starting debugger since process cannot load the jdwp agent.
12-07 14:24:30.322  1880  2569 E memtrack: Couldn't load memtrack module
