--------- beginning of main
12-08 00:50:22.455 26976 26976 E oid.documentsu: Not starting debugger since process cannot load the jdwp agent.
12-08 00:50:22.464 26971 26971 E id.defcontaine: Not starting debugger since process cannot load the jdwp agent.
--------- beginning of system
12-08 00:50:22.608 26993 26993 E ndroid.keychai: Not starting debugger since process cannot load the jdwp agent.
12-08 00:50:23.699 27045 27045 E droid.apps.doc: Not starting debugger since process cannot load the jdwp agent.
12-08 00:50:25.025 27066 27066 E id.defcontaine: Not starting debugger since process cannot load the jdwp agent.
12-08 00:50:25.091 27078 27078 E d.process.medi: Not starting debugger since process cannot load the jdwp agent.
12-08 00:50:25.576 27105 27105 E ocess.gservice: Not starting debugger since process cannot load the jdwp agent.
12-08 00:50:27.166 27045 27045 E DocsApplication: [main] No default account found during application creation.
12-08 00:50:28.913  1729  1752 E         : Couldn't opendir /data/app/vmdl8687860.tmp: No such file or directory
12-08 00:50:28.913  1729  1752 E installd: Failed to delete /data/app/vmdl8687860.tmp: No such file or directory
12-08 00:50:30.120  1632  1632 E lowmemorykiller: Error opening /proc/27045/oom_score_adj; errno=2
12-08 00:50:32.360 16506 16506 E BeaconBle: Missing BluetoothAdapter
12-08 00:50:32.438 16506 16506 E BeaconBle: Scan couldn't start for Places
12-08 00:50:33.911 27174 27174 E harlton.mileag: Not starting debugger since process cannot load the jdwp agent.
12-08 00:50:35.528  1737  1809 E storaged: getDiskStats failed with result NOT_SUPPORTED and size 0
12-08 00:50:41.754 16506 26877 E ctxmgr  : [AppIntervalImpl]closeInterval: ongoing
12-08 00:50:41.765 16506 26877 E ctxmgr  : [AppIntervalImpl]closeInterval: ongoing
12-08 00:50:44.330 27202 27202 E id.partnersetu: Not starting debugger since process cannot load the jdwp agent.
12-08 00:50:44.538 16085 31762 E putmethod.lati: Invalid ID 0x00000001.
12-08 00:50:44.553 16085 31762 E LstmTrainingCache: emn: Can't get resource name for input slot
12-08 00:50:44.553 16085 31762 E LstmTrainingCache: android.content.res.Resources$NotFoundException: Unable to find resource ID #0x1
12-08 00:50:44.553 16085 31762 E LstmTrainingCache: 	at android.content.res.ResourcesImpl.getResourceName(ResourcesImpl.java:255)
12-08 00:50:44.553 16085 31762 E LstmTrainingCache: 	at android.content.res.Resources.getResourceName(Resources.java:1954)
12-08 00:50:44.553 16085 31762 E LstmTrainingCache: 	at emn.a(PG:12)
12-08 00:50:44.553 16085 31762 E LstmTrainingCache: 	at emk.run(PG:5)
12-08 00:50:44.553 16085 31762 E LstmTrainingCache: 	at java.lang.Thread.run(Thread.java:764)
12-08 00:50:46.098 27219 27219 E emui:screensho: Not starting debugger since process cannot load the jdwp agent.
12-08 00:50:46.581 27219 27219 E SoundPool: error loading /product/media/audio/ui/camera_click.ogg
12-08 00:50:46.771  1724  1767 E SurfaceFlinger: ro.sf.lcd_density must be defined as a build property
12-08 00:50:46.985  1724  1876 E SurfaceFlinger: ro.sf.lcd_density must be defined as a build property
12-08 00:50:46.991  1739  2097 E OMXNodeInstance: getConfig(0xee326f00:google.vorbis.decoder, ConfigAndroidVendorExtension(0x6f100004)) ERROR: Undefined(0x80001001)
12-08 00:50:49.345 27253 27253 E d.process.medi: Not starting debugger since process cannot load the jdwp agent.
12-08 00:50:51.200 15927 27269 E audio_hw_generic: pcm_open(in) failed: cannot open device '/dev/snd/pcmC0D0c': Device or resource busy: channels 2 format 0 rate 16000
12-08 00:50:51.775 16506 16506 E BeaconBle: Missing BluetoothAdapter
12-08 00:50:51.890 16506 16506 E BeaconBle: Scan couldn't start for Places
12-08 00:51:01.666 27287 27287 E oid.apps.photo: Not starting debugger since process cannot load the jdwp agent.
12-08 00:51:03.216 27304 27304 E ocess.gservice: Not starting debugger since process cannot load the jdwp agent.
12-08 00:51:05.703 15976 15989 E memtrack: Couldn't load memtrack module
12-08 00:51:12.788 15976 15989 E memtrack: Couldn't load memtrack module
12-08 00:51:14.621 10641 10641 E ContextIntentStarter: No activity found for any of the 0 intents
12-08 00:51:15.273  1829  1829 E netmgr  : Failed to open QEMU pipe 'qemud:network': Invalid argument
12-08 00:51:15.274  1829  1829 E netmgr  : WifiForwarder unable to open QEMU pipe: Invalid argument
12-08 00:51:26.375 15976 15989 E memtrack: Couldn't load memtrack module
12-08 00:51:27.093 16506 24937 E ctxmgr  : [AppIntervalImpl]closeInterval: ongoing
12-08 00:51:27.152 16506 24937 E ctxmgr  : [AppIntervalImpl]closeInterval: ongoing
12-08 00:51:34.551 15976 15989 E memtrack: Couldn't load memtrack module
12-08 00:51:35.549  1737  1809 E storaged: getDiskStats failed with result NOT_SUPPORTED and size 0
12-08 00:51:37.483 15976 15989 E memtrack: Couldn't load memtrack module
12-08 00:51:37.732 15976 15989 E memtrack: Couldn't load memtrack module
12-08 00:51:40.881 27382 27382 E boxed_process1: Not starting debugger since process cannot load the jdwp agent.
12-08 00:51:42.036 10641 10641 E ClientVe: Failed to create ClientVisualElementsProto for user interaction on view com.google.android.apps.gsa.searchbox.ui.suggestions.views.CoreSuggestionView{c66c22f VFE...CL. ...P.... 0,289-1038,436 #31} because the view is not tagged for visual element logging.
12-08 00:51:42.144 10641 10641 E ClientVe: Failed to create ClientVisualElementsProto for user interaction on view com.google.android.apps.gsa.searchbox.ui.suggestions.views.CoreSuggestionView{d531428 VFE...CL. ...P.... 0,436-1038,583 #32} because the view is not tagged for visual element logging.
12-08 00:51:45.123 10641 10641 E ClientVe: Failed to create ClientVisualElementsProto for user interaction on view com.google.android.apps.gsa.searchbox.ui.suggestions.views.CoreSuggestionView{c66c22f VFE...CL. ...P.... 0,289-1038,436 #31} because the view is not tagged for visual element logging.
12-08 00:51:45.304 10641 10641 E ClientVe: Failed to create ClientVisualElementsProto for user interaction on view com.google.android.apps.gsa.searchbox.ui.suggestions.views.CoreSuggestionView{60a8b7e VFE...CL. ...P.... 0,142-1038,289 #30} because the view is not tagged for visual element logging.
12-08 00:51:45.518 15976 15989 E memtrack: Couldn't load memtrack module
12-08 00:51:45.527 10641 10641 E ClientVe: Failed to create ClientVisualElementsProto for user interaction on view com.google.android.apps.gsa.searchbox.ui.suggestions.views.CoreSuggestionView{c66c22f VFE...CL. ...P.... 0,289-1038,436 #31} because the view is not tagged for visual element logging.
12-08 00:51:45.528 10641 10641 E ClientVe: Failed to create ClientVisualElementsProto for user interaction on view com.google.android.apps.gsa.searchbox.ui.suggestions.views.CoreSuggestionView{c66c22f VFE...CL. ...P.... 0,289-1038,436 #31} because the view is not tagged for visual element logging.
12-08 00:51:46.279 10641 10641 E ClientVe: Failed to create ClientVisualElementsProto for user interaction on view com.google.android.apps.gsa.searchbox.ui.suggestions.views.CoreSuggestionView{60a8b7e VFE...CL. ...P.... 0,142-1038,289 #30} because the view is not tagged for visual element logging.
12-08 00:51:47.229 15976 15989 E memtrack: Couldn't load memtrack module
12-08 00:51:47.647 10641 10641 E ClientVe: Failed to create ClientVisualElementsProto for user interaction on view com.google.android.apps.gsa.searchbox.ui.suggestions.views.CoreSuggestionView{ebb5939 VFE...CL. ...P.... 0,-5-1038,142 #2f} because the view is not tagged for visual element logging.
12-08 00:51:52.115 10641 10649 E ReloadingLock: Finalizing LOCKED Token[searchresults_activity 2018-12-08 00:51:51.330]
