--------- beginning of main
--------- beginning of system
12-08 18:02:18.437  1885  1898 E memtrack: Couldn't load memtrack module
12-08 18:02:18.624  4495  4495 E s.messaging:rc: Not starting debugger since process cannot load the jdwp agent.
12-08 18:02:18.991  4513  4513 E com.android.mt: Not starting debugger since process cannot load the jdwp agent.
12-08 18:02:19.478  4528  4528 E droid.apps.doc: Not starting debugger since process cannot load the jdwp agent.
12-08 18:02:19.482  1885  1898 E memtrack: Couldn't load memtrack module
12-08 18:02:19.912  1885  1899 E ActivityManager: Failure starting process com.evancharlton.mileage
12-08 18:02:19.912  1885  1899 E ActivityManager: java.lang.SecurityException: Package com.evancharlton.mileage is currently frozen!
12-08 18:02:19.912  1885  1899 E ActivityManager: 	at com.android.server.pm.PackageManagerService.checkPackageStartable(PackageManagerService.java:4000)
12-08 18:02:19.912  1885  1899 E ActivityManager: 	at com.android.server.am.ActivityManagerService.startProcessLocked(ActivityManagerService.java:4234)
12-08 18:02:19.912  1885  1899 E ActivityManager: 	at com.android.server.am.ActivityManagerService.startProcessLocked(ActivityManagerService.java:4199)
12-08 18:02:19.912  1885  1899 E ActivityManager: 	at com.android.server.am.ActivityManagerService.startProcessLocked(ActivityManagerService.java:4181)
12-08 18:02:19.912  1885  1899 E ActivityManager: 	at com.android.server.am.ActivityManagerService.startProcessLocked(ActivityManagerService.java:4067)
12-08 18:02:19.912  1885  1899 E ActivityManager: 	at com.android.server.am.ActivityStackSupervisor.startSpecificActivityLocked(ActivityStackSupervisor.java:1715)
12-08 18:02:19.912  1885  1899 E ActivityManager: 	at com.android.server.am.ActivityStack.resumeTopActivityInnerLocked(ActivityStack.java:2764)
12-08 18:02:19.912  1885  1899 E ActivityManager: 	at com.android.server.am.ActivityStack.resumeTopActivityUncheckedLocked(ActivityStack.java:2302)
12-08 18:02:19.912  1885  1899 E ActivityManager: 	at com.android.server.am.ActivityStackSupervisor.resumeFocusedStackTopActivityLocked(ActivityStackSupervisor.java:2234)
12-08 18:02:19.912  1885  1899 E ActivityManager: 	at com.android.server.am.ActivityStackSupervisor.resumeFocusedStackTopActivityLocked(ActivityStackSupervisor.java:2218)
12-08 18:02:19.912  1885  1899 E ActivityManager: 	at com.android.server.am.ActivityManagerService.handleAppDiedLocked(ActivityManagerService.java:5923)
12-08 18:02:19.912  1885  1899 E ActivityManager: 	at com.android.server.am.ActivityManagerService.removeProcessLocked(ActivityManagerService.java:7501)
12-08 18:02:19.912  1885  1899 E ActivityManager: 	at com.android.server.am.ActivityManagerService.killPackageProcessesLocked(ActivityManagerService.java:7142)
12-08 18:02:19.912  1885  1899 E ActivityManager: 	at com.android.server.am.ActivityManagerService.forceStopPackageLocked(ActivityManagerService.java:7275)
12-08 18:02:19.912  1885  1899 E ActivityManager: 	at com.android.server.am.ActivityManagerService$MainHandler.handleMessage(ActivityManagerService.java:2289)
12-08 18:02:19.912  1885  1899 E ActivityManager: 	at android.os.Handler.dispatchMessage(Handler.java:106)
12-08 18:02:19.912  1885  1899 E ActivityManager: 	at android.os.Looper.loop(Looper.java:193)
12-08 18:02:19.912  1885  1899 E ActivityManager: 	at android.os.HandlerThread.run(HandlerThread.java:65)
12-08 18:02:19.912  1885  1899 E ActivityManager: 	at com.android.server.ServiceThread.run(ServiceThread.java:44)
12-08 18:02:20.303  2407  2761 E IconLoader: Unexpected null component name or activity info: ComponentInfo{com.evancharlton.mileage/com.evancharlton.mileage.Mileage}, null
12-08 18:02:20.699  2429  4561 E WakeLock: GCM_HB_ALARM release without a matched acquire!
12-08 18:02:21.034  4566  4566 E ogle.android.g: Not starting debugger since process cannot load the jdwp agent.
12-08 18:02:21.258  4586  4586 E id.defcontaine: Not starting debugger since process cannot load the jdwp agent.
12-08 18:02:21.377  4611  4611 E ndroid.keychai: Not starting debugger since process cannot load the jdwp agent.
12-08 18:02:22.293  4528  4528 E DocsApplication: [main] No default account found during application creation.
12-08 18:02:22.309  2429  2901 E ctxmgr  : [ProducerStatusImpl]updateStateForNewContextData: inactive, contextName=7
12-08 18:02:22.829  2429  2429 E BeaconBle: Missing BluetoothAdapter
12-08 18:02:22.852  2429  2429 E BeaconBle: Scan couldn't start for Places
12-08 18:02:24.147  1732  1935 E         : Couldn't opendir /data/app/vmdl229619101.tmp: No such file or directory
12-08 18:02:24.147  1732  1935 E installd: Failed to delete /data/app/vmdl229619101.tmp: No such file or directory
12-08 18:02:24.252  2429  4701 E WakeLock: GCM_HB_ALARM release without a matched acquire!
12-08 18:02:25.164  2608  4627 E ChromeSync: [Sync,SyncIntentOperation] Error handling the intent: Intent { act=android.intent.action.PACKAGE_ADDED dat=package:com.evancharlton.mileage flg=0x4000010 cmp=com.google.android.gms/.chimera.GmsIntentOperationService (has extras) }.
12-08 18:02:25.764  4721  4721 E harlton.mileag: Not starting debugger since process cannot load the jdwp agent.
12-08 18:02:30.200  1885  1898 E memtrack: Couldn't load memtrack module
12-08 18:02:31.833  1885  1898 E memtrack: Couldn't load memtrack module
12-08 18:02:32.184  1885  1898 E memtrack: Couldn't load memtrack module
12-08 18:02:33.104  1885  1898 E memtrack: Couldn't load memtrack module
12-08 18:02:37.028  1885  1898 E memtrack: Couldn't load memtrack module
12-08 18:02:37.089  1885  1898 E memtrack: Couldn't load memtrack module
12-08 18:02:37.150  1885  1898 E memtrack: Couldn't load memtrack module
12-08 18:02:37.166  4770  4770 E emui:screensho: Not starting debugger since process cannot load the jdwp agent.
12-08 18:02:37.239  1885  1898 E memtrack: Couldn't load memtrack module
12-08 18:02:37.365  4770  4770 E SoundPool: error loading /product/media/audio/ui/camera_click.ogg
12-08 18:02:37.453  1727  2183 E SurfaceFlinger: ro.sf.lcd_density must be defined as a build property
12-08 18:02:37.547  1885  1898 E memtrack: Couldn't load memtrack module
12-08 18:02:37.561  1727  1956 E SurfaceFlinger: ro.sf.lcd_density must be defined as a build property
12-08 18:02:37.578  1742  2062 E OMXNodeInstance: getConfig(0xedda6c60:google.vorbis.decoder, ConfigAndroidVendorExtension(0x6f100004)) ERROR: Undefined(0x80001001)
12-08 18:02:37.731  1885  1898 E memtrack: Couldn't load memtrack module
12-08 18:02:38.106  1885  1898 E memtrack: Couldn't load memtrack module
12-08 18:02:39.107  1885  1898 E memtrack: Couldn't load memtrack module
12-08 18:02:39.187  1885  1898 E memtrack: Couldn't load memtrack module
12-08 18:02:39.845  1885  1898 E memtrack: Couldn't load memtrack module
12-08 18:02:40.100  2429  2901 E ctxmgr  : [ProducerStatusImpl]updateStateForNewContextData: inactive, contextName=7
12-08 18:02:40.221  2407  2407 E SchedPolicy: set_timerslack_ns write failed: Operation not permitted
12-08 18:02:40.461  2407  2407 E SchedPolicy: set_timerslack_ns write failed: Operation not permitted
12-08 18:02:40.649  2429  2429 E BeaconBle: Missing BluetoothAdapter
12-08 18:02:40.794  2429  2429 E BeaconBle: Scan couldn't start for Places
12-08 18:02:42.132  1885  1898 E memtrack: Couldn't load memtrack module
12-08 18:02:42.791  2540  2540 E ContextIntentStarter: No activity found for any of the 0 intents
12-08 18:02:45.311  4814  4814 E id.partnersetu: Not starting debugger since process cannot load the jdwp agent.
12-08 18:02:45.348  1885  1898 E memtrack: Couldn't load memtrack module
12-08 18:02:45.589  4832  4832 E dboxed_process: Not starting debugger since process cannot load the jdwp agent.
12-08 18:02:46.071  2540  2540 E ClientVe: Failed to create ClientVisualElementsProto for user interaction on view com.google.android.apps.gsa.searchbox.ui.suggestions.views.p{b807cc0 VFE...CL. ...P.... 207,21-414,279 #2} because the view is not tagged for visual element logging.
12-08 18:02:46.399  4847  4847 E .android.chrom: Not starting debugger since process cannot load the jdwp agent.
12-08 18:02:52.309  1885  1898 E memtrack: Couldn't load memtrack module
12-08 18:02:53.036  1996  1996 E native  : suggestion-transformer.cc:118 suggestion picked candidate not found for id: 3
12-08 18:02:53.057  1885  1898 E memtrack: Couldn't load memtrack module
