--------- beginning of main
--------- beginning of system
12-08 19:45:25.497  1881  1895 E ActivityManager: Failure starting process com.evancharlton.mileage
12-08 19:45:25.497  1881  1895 E ActivityManager: java.lang.SecurityException: Package com.evancharlton.mileage is currently frozen!
12-08 19:45:25.497  1881  1895 E ActivityManager: 	at com.android.server.pm.PackageManagerService.checkPackageStartable(PackageManagerService.java:4000)
12-08 19:45:25.497  1881  1895 E ActivityManager: 	at com.android.server.am.ActivityManagerService.startProcessLocked(ActivityManagerService.java:4234)
12-08 19:45:25.497  1881  1895 E ActivityManager: 	at com.android.server.am.ActivityManagerService.startProcessLocked(ActivityManagerService.java:4199)
12-08 19:45:25.497  1881  1895 E ActivityManager: 	at com.android.server.am.ActivityManagerService.startProcessLocked(ActivityManagerService.java:4181)
12-08 19:45:25.497  1881  1895 E ActivityManager: 	at com.android.server.am.ActivityManagerService.startProcessLocked(ActivityManagerService.java:4067)
12-08 19:45:25.497  1881  1895 E ActivityManager: 	at com.android.server.am.ActivityStackSupervisor.startSpecificActivityLocked(ActivityStackSupervisor.java:1715)
12-08 19:45:25.497  1881  1895 E ActivityManager: 	at com.android.server.am.ActivityStack.resumeTopActivityInnerLocked(ActivityStack.java:2764)
12-08 19:45:25.497  1881  1895 E ActivityManager: 	at com.android.server.am.ActivityStack.resumeTopActivityUncheckedLocked(ActivityStack.java:2302)
12-08 19:45:25.497  1881  1895 E ActivityManager: 	at com.android.server.am.ActivityStackSupervisor.resumeFocusedStackTopActivityLocked(ActivityStackSupervisor.java:2234)
12-08 19:45:25.497  1881  1895 E ActivityManager: 	at com.android.server.am.ActivityStackSupervisor.resumeFocusedStackTopActivityLocked(ActivityStackSupervisor.java:2218)
12-08 19:45:25.497  1881  1895 E ActivityManager: 	at com.android.server.am.ActivityManagerService.handleAppDiedLocked(ActivityManagerService.java:5923)
12-08 19:45:25.497  1881  1895 E ActivityManager: 	at com.android.server.am.ActivityManagerService.removeProcessLocked(ActivityManagerService.java:7501)
12-08 19:45:25.497  1881  1895 E ActivityManager: 	at com.android.server.am.ActivityManagerService.killPackageProcessesLocked(ActivityManagerService.java:7142)
12-08 19:45:25.497  1881  1895 E ActivityManager: 	at com.android.server.am.ActivityManagerService.forceStopPackageLocked(ActivityManagerService.java:7275)
12-08 19:45:25.497  1881  1895 E ActivityManager: 	at com.android.server.am.ActivityManagerService$MainHandler.handleMessage(ActivityManagerService.java:2289)
12-08 19:45:25.497  1881  1895 E ActivityManager: 	at android.os.Handler.dispatchMessage(Handler.java:106)
12-08 19:45:25.497  1881  1895 E ActivityManager: 	at android.os.Looper.loop(Looper.java:193)
12-08 19:45:25.497  1881  1895 E ActivityManager: 	at android.os.HandlerThread.run(HandlerThread.java:65)
12-08 19:45:25.497  1881  1895 E ActivityManager: 	at com.android.server.ServiceThread.run(ServiceThread.java:44)
12-08 19:45:27.222  2438 17034 E ctxmgr  : [BaseServerTask]Failed network request due to no network connectivity: 
12-08 19:45:27.254  2438 17034 E ctxmgr  : [DailyCheckinOperation]Failed daily get config: network status=1
12-08 19:45:27.496  2438 17034 E ctxmgr  : [BaseServerTask]Failed network request due to no network connectivity: 
12-08 19:45:27.516  2438 17034 E ctxmgr  : [ProducerStatusImpl]updateStateForNewContextData: inactive, contextName=7
12-08 19:45:27.524  2438 17034 E ctxmgr  : [DailyCheckinOperation]Failed daily get config: network status=1
12-08 19:45:27.679  2438  2438 E BeaconBle: Missing BluetoothAdapter
12-08 19:45:27.783  2438  2438 E BeaconBle: Scan couldn't start for Places
12-08 19:45:29.559  1733  1752 E         : Couldn't opendir /data/app/vmdl249830121.tmp: No such file or directory
12-08 19:45:29.559  1733  1752 E installd: Failed to delete /data/app/vmdl249830121.tmp: No such file or directory
12-08 19:45:31.414 18982 18982 E harlton.mileag: Not starting debugger since process cannot load the jdwp agent.
12-08 19:45:32.926  1991  9248 E putmethod.lati: Invalid ID 0x00000001.
12-08 19:45:32.942  1991  9248 E LstmTrainingCache: emn: Can't get resource name for input slot
12-08 19:45:32.942  1991  9248 E LstmTrainingCache: android.content.res.Resources$NotFoundException: Unable to find resource ID #0x1
12-08 19:45:32.942  1991  9248 E LstmTrainingCache: 	at android.content.res.ResourcesImpl.getResourceName(ResourcesImpl.java:255)
12-08 19:45:32.942  1991  9248 E LstmTrainingCache: 	at android.content.res.Resources.getResourceName(Resources.java:1954)
12-08 19:45:32.942  1991  9248 E LstmTrainingCache: 	at emn.a(PG:12)
12-08 19:45:32.942  1991  9248 E LstmTrainingCache: 	at emk.run(PG:5)
12-08 19:45:32.942  1991  9248 E LstmTrainingCache: 	at java.lang.Thread.run(Thread.java:764)
12-08 19:45:42.266  1881  1894 E memtrack: Couldn't load memtrack module
12-08 19:45:44.871  1881  1894 E memtrack: Couldn't load memtrack module
12-08 19:45:45.328  1807  1807 E netmgr  : Failed to open QEMU pipe 'qemud:network': Invalid argument
12-08 19:45:45.328  1807  1807 E netmgr  : WifiForwarder unable to open QEMU pipe: Invalid argument
12-08 19:45:46.017  1881  4898 E WindowManager: Performed 6 layouts in a row. Skipping
12-08 19:45:46.044  1881  1953 E WindowManager: Performed 6 layouts in a row. Skipping
12-08 19:45:46.069  1881  3769 E WindowManager: Performed 6 layouts in a row. Skipping
12-08 19:45:46.090  1881  4404 E WindowManager: Performed 6 layouts in a row. Skipping
12-08 19:45:46.123  1881  1934 E WindowManager: Performed 6 layouts in a row. Skipping
12-08 19:45:46.165  1881  1934 E WindowManager: Performed 6 layouts in a row. Skipping
12-08 19:45:46.194  1881  4898 E WindowManager: Performed 6 layouts in a row. Skipping
12-08 19:45:46.237  1881  1934 E WindowManager: Performed 6 layouts in a row. Skipping
12-08 19:45:46.270  1881  1934 E WindowManager: Performed 6 layouts in a row. Skipping
12-08 19:45:46.312  1881  4405 E WindowManager: Performed 6 layouts in a row. Skipping
12-08 19:45:46.337  1881  1934 E WindowManager: Performed 6 layouts in a row. Skipping
12-08 19:45:46.360  1881  1896 E WindowManager: Performed 6 layouts in a row. Skipping
12-08 19:45:46.411  1881  1934 E WindowManager: Performed 6 layouts in a row. Skipping
12-08 19:45:46.431  1881  4405 E WindowManager: Performed 6 layouts in a row. Skipping
12-08 19:45:46.469  1881  1934 E WindowManager: Performed 6 layouts in a row. Skipping
12-08 19:45:46.489  1881  1934 E WindowManager: Performed 6 layouts in a row. Skipping
12-08 19:45:46.511  1881  1934 E WindowManager: Performed 6 layouts in a row. Skipping
12-08 19:45:48.138  2438 18902 E ctxmgr  : [BaseServerTask]Failed network request due to no network connectivity: 
12-08 19:45:48.208  2438 18902 E ctxmgr  : [DailyCheckinOperation]Failed daily get config: network status=1
12-08 19:45:46.908  1881  1934 E WindowManager: Performed 6 layouts in a row. Skipping
12-08 19:45:48.728  2438 18902 E ctxmgr  : [BaseServerTask]Failed network request due to no network connectivity: 
12-08 19:45:48.748  2438 18902 E ctxmgr  : [ProducerStatusImpl]updateStateForNewContextData: inactive, contextName=7
12-08 19:45:48.765  2438 18902 E ctxmgr  : [DailyCheckinOperation]Failed daily get config: network status=1
12-08 19:45:49.010  2438  2438 E BeaconBle: Missing BluetoothAdapter
12-08 19:45:49.280  2438  2438 E BeaconBle: Scan couldn't start for Places
12-08 19:45:51.412  2570  2570 E ContextIntentStarter: No activity found for any of the 0 intents
12-08 19:45:51.614  1741  1793 E storaged: getDiskStats failed with result NOT_SUPPORTED and size 0
12-08 19:45:54.833 19046 19046 E boxed_process2: Not starting debugger since process cannot load the jdwp agent.
12-08 19:46:12.524  1881  1894 E memtrack: Couldn't load memtrack module
12-08 19:46:13.600  1881  1894 E memtrack: Couldn't load memtrack module
12-08 19:46:20.113  1881  1898 E libprocessgroup: Error encountered killing process cgroup uid 99026 pid 19046: No such file or directory
12-08 19:46:21.229  2858  3026 E PlayCommon: [148] com.google.android.play.b.g.a(448): Failed to connect to server: java.net.UnknownHostException: Unable to resolve host "play.googleapis.com": No address associated with hostname
