--------- beginning of main
--------- beginning of system
12-07 23:01:51.379  1729  1752 E         : Couldn't opendir /data/app/vmdl92378746.tmp: No such file or directory
12-07 23:01:51.380  1729  1752 E installd: Failed to delete /data/app/vmdl92378746.tmp: No such file or directory
12-07 23:01:55.568 13733 13733 E harlton.mileag: Not starting debugger since process cannot load the jdwp agent.
12-07 23:01:57.612 10641 10670 E MicroDetectionWorker: Stale runnable..ignoring
12-07 23:01:57.641 16085 31762 E putmethod.lati: Invalid ID 0x00000001.
12-07 23:01:57.664 16085 31762 E LstmTrainingCache: emn: Can't get resource name for input slot
12-07 23:01:57.664 16085 31762 E LstmTrainingCache: android.content.res.Resources$NotFoundException: Unable to find resource ID #0x1
12-07 23:01:57.664 16085 31762 E LstmTrainingCache: 	at android.content.res.ResourcesImpl.getResourceName(ResourcesImpl.java:255)
12-07 23:01:57.664 16085 31762 E LstmTrainingCache: 	at android.content.res.Resources.getResourceName(Resources.java:1954)
12-07 23:01:57.664 16085 31762 E LstmTrainingCache: 	at emn.a(PG:12)
12-07 23:01:57.664 16085 31762 E LstmTrainingCache: 	at emk.run(PG:5)
12-07 23:01:57.664 16085 31762 E LstmTrainingCache: 	at java.lang.Thread.run(Thread.java:764)
12-07 23:01:58.411 16506 13164 E ctxmgr  : [AppIntervalImpl]closeInterval: ongoing
12-07 23:01:58.420 16506 13164 E ctxmgr  : [AppIntervalImpl]closeInterval: ongoing
12-07 23:02:04.356 15976 15989 E memtrack: Couldn't load memtrack module
12-07 23:02:07.393 16506 16506 E BeaconBle: Missing BluetoothAdapter
12-07 23:02:07.402 16506 16506 E BeaconBle: Scan couldn't start for Places
12-07 23:02:07.824 15976 18399 E WindowManager: Performed 6 layouts in a row. Skipping
12-07 23:02:07.857 15976 16026 E WindowManager: Performed 6 layouts in a row. Skipping
12-07 23:02:07.879 15976 16318 E WindowManager: Performed 6 layouts in a row. Skipping
12-07 23:02:07.925 15976 16026 E WindowManager: Performed 6 layouts in a row. Skipping
12-07 23:02:08.018 15976 16026 E WindowManager: Performed 6 layouts in a row. Skipping
12-07 23:02:08.062 15976 16026 E WindowManager: Performed 6 layouts in a row. Skipping
12-07 23:02:08.275 15976 16026 E WindowManager: Performed 6 layouts in a row. Skipping
12-07 23:02:08.323 15976 16026 E WindowManager: Performed 6 layouts in a row. Skipping
12-07 23:02:08.348 15976 17858 E WindowManager: Performed 6 layouts in a row. Skipping
12-07 23:02:08.393 15976 16026 E WindowManager: Performed 6 layouts in a row. Skipping
12-07 23:02:08.412 15976 19360 E WindowManager: Performed 6 layouts in a row. Skipping
12-07 23:02:08.443 15976 16026 E WindowManager: Performed 6 layouts in a row. Skipping
12-07 23:02:08.658 15976 16026 E WindowManager: Performed 6 layouts in a row. Skipping
12-07 23:02:09.248 10641 10641 E ContextIntentStarter: No activity found for any of the 0 intents
12-07 23:02:11.397  1829  1829 E netmgr  : Failed to open QEMU pipe 'qemud:network': Invalid argument
12-07 23:02:11.397  1829  1829 E netmgr  : WifiForwarder unable to open QEMU pipe: Invalid argument
12-07 23:02:15.719 13802 13802 E oid.apps.photo: Not starting debugger since process cannot load the jdwp agent.
12-07 23:02:16.492 13821 13821 E ocess.gservice: Not starting debugger since process cannot load the jdwp agent.
12-07 23:02:23.822 13870 13870 E id.partnersetu: Not starting debugger since process cannot load the jdwp agent.
12-07 23:02:24.529 15976 15989 E memtrack: Couldn't load memtrack module
12-07 23:02:25.219 15976 19560 E WindowManager: Performed 6 layouts in a row. Skipping
12-07 23:02:25.239 15976 16026 E WindowManager: Performed 6 layouts in a row. Skipping
12-07 23:02:25.266 13888 13888 E dboxed_process: Not starting debugger since process cannot load the jdwp agent.
12-07 23:02:25.448 15976 16026 E WindowManager: Performed 6 layouts in a row. Skipping
12-07 23:02:25.468 15976 16026 E WindowManager: Performed 6 layouts in a row. Skipping
12-07 23:02:25.598 15976 16026 E WindowManager: Performed 6 layouts in a row. Skipping
12-07 23:02:25.627 15976 19560 E WindowManager: Performed 6 layouts in a row. Skipping
12-07 23:02:25.676 15976 16026 E WindowManager: Performed 6 layouts in a row. Skipping
12-07 23:02:26.058 15976 16026 E WindowManager: Performed 6 layouts in a row. Skipping
12-07 23:02:26.127 15976 19560 E WindowManager: Performed 6 layouts in a row. Skipping
12-07 23:02:26.184 15976 16026 E WindowManager: Performed 6 layouts in a row. Skipping
12-07 23:02:26.316 15976 16026 E WindowManager: Performed 6 layouts in a row. Skipping
12-07 23:02:33.140 15976 15989 E memtrack: Couldn't load memtrack module
12-07 23:02:33.968  1737  1809 E storaged: getDiskStats failed with result NOT_SUPPORTED and size 0
