--------- beginning of system
--------- beginning of main
12-08 15:51:57.197  1730  1730 E         : Couldn't opendir /data/app/vmdl1770624643.tmp: No such file or directory
12-08 15:51:57.197  1730  1730 E installd: Failed to delete /data/app/vmdl1770624643.tmp: No such file or directory
12-08 15:51:59.724  1828  1828 E netmgr  : Failed to open QEMU pipe 'qemud:network': Invalid argument
12-08 15:51:59.725  1828  1828 E netmgr  : WifiForwarder unable to open QEMU pipe: Invalid argument
12-08 15:52:05.133  2475 15908 E ChromeSync: [Sync,SyncIntentOperation] Error handling the intent: Intent { act=android.intent.action.PACKAGE_ADDED dat=package:com.evancharlton.mileage flg=0x4000010 cmp=com.google.android.gms/.chimera.GmsIntentOperationService (has extras) }.
12-08 15:52:10.177 15934 15934 E harlton.mileag: Not starting debugger since process cannot load the jdwp agent.
12-08 15:52:15.521  1738  1772 E storaged: getDiskStats failed with result NOT_SUPPORTED and size 0
12-08 15:52:18.004  1881  1896 E AutofillSession: No assist structure - app might have crashed providing it
12-08 15:52:54.380  1881  1896 E AutofillSession: No assist structure - app might have crashed providing it
12-08 15:52:59.782  1828  1828 E netmgr  : Failed to open QEMU pipe 'qemud:network': Invalid argument
12-08 15:52:59.783  1828  1828 E netmgr  : WifiForwarder unable to open QEMU pipe: Invalid argument
12-08 15:53:15.540  1738  1772 E storaged: getDiskStats failed with result NOT_SUPPORTED and size 0
12-08 15:53:18.121  2494  2716 E PlayCommon: [101] com.google.android.play.b.g.a(448): Failed to connect to server: java.net.UnknownHostException: Unable to resolve host "play.googleapis.com": No address associated with hostname
12-08 15:53:41.712  1740  2042 E OMXNodeInstance: setConfig(0xf48ac420:google.vorbis.decoder, ConfigPriority(0x6f800002)) ERROR: Undefined(0x80001001)
12-08 15:53:41.714  1740  1771 E OMXNodeInstance: getConfig(0xf48ac420:google.vorbis.decoder, ConfigAndroidVendorExtension(0x6f100004)) ERROR: Undefined(0x80001001)
12-08 15:54:00.073  1611  1695 E audio_hw_generic: pcm_write failed cannot write stream data: I/O error
12-08 15:54:00.084  1828  1828 E netmgr  : Failed to open QEMU pipe 'qemud:network': Invalid argument
12-08 15:54:00.085  1828  1828 E netmgr  : WifiForwarder unable to open QEMU pipe: Invalid argument
12-08 15:54:10.641  1611  1695 E audio_hw_generic: pcm_write failed cannot write stream data: I/O error
12-08 15:54:15.944  1738  1772 E storaged: getDiskStats failed with result NOT_SUPPORTED and size 0
12-08 15:54:16.083  2448 15597 E ctxmgr  : [ProducerStatusImpl]updateStateForNewContextData: inactive, contextName=7
12-08 15:54:18.595  2448 15597 E ctxmgr  : [ProducerStatusImpl]updateStateForNewContextData: inactive, contextName=1
12-08 15:54:18.599  2448 15597 E ctxmgr  : [ProducerStatusImpl]updateStateForNewContextData: inactive, contextName=1
12-08 15:54:18.608  2448 15597 E ctxmgr  : [ProducerStatusImpl]updateStateForNewContextData: inactive, contextName=1
12-08 15:54:21.189  1611  1695 E audio_hw_generic: pcm_write failed cannot write stream data: I/O error
12-08 15:54:21.333  2448  2448 E BeaconBle: Missing BluetoothAdapter
12-08 15:54:21.539  2448  2448 E BeaconBle: Scan couldn't start for Places
12-08 15:54:23.838  2448 15597 E ctxmgr  : [ProducerStatusImpl]updateStateForNewContextData: inactive, contextName=18
12-08 15:54:31.752  1611  1695 E audio_hw_generic: pcm_write failed cannot write stream data: I/O error
12-08 15:54:31.774  2692  2692 E ContextIntentStarter: No activity found for any of the 0 intents
12-08 15:54:42.342  1611  1695 E audio_hw_generic: pcm_write failed cannot write stream data: I/O error
12-08 15:54:42.398  1626  1626 E android.hardware.wifi@1.0-service: Failed to register radio mode change callback
12-08 15:54:42.405  1626  1626 E android.hardware.wifi@1.0-service: Failed to set DFS flag; DFS channels may be unavailable.
12-08 15:54:42.454  1739  1739 E wificond: No Offload Service available
12-08 15:54:44.921  1881  1966 E WifiP2pService: Unhandled message { when=-85ms what=131203 target=com.android.internal.util.StateMachine$SmHandler }
12-08 15:54:44.921  1881  1966 E WifiP2pService: Unhandled message { when=-41ms what=131203 target=com.android.internal.util.StateMachine$SmHandler }
12-08 15:54:44.940  1881  1899 E BatteryExternalStatsWorker: no controller energy info supplied for wifi
12-08 15:54:45.027  1881  1899 E BatteryExternalStatsWorker: no controller energy info supplied for wifi
12-08 15:54:53.049  2692  3033 E MicroDetectionWorker: Stale runnable..ignoring
12-08 15:54:55.786 16021 16021 E .android.diale: Not starting debugger since process cannot load the jdwp agent.
12-08 15:54:55.823  2448 16000 E ctxmgr  : [ProducerStatusImpl]updateStateForNewContextData: inactive, contextName=7
12-08 15:54:58.226 16039 16039 E dboxed_process: Not starting debugger since process cannot load the jdwp agent.
12-08 15:54:59.132 16054 16054 E viders.calenda: Not starting debugger since process cannot load the jdwp agent.
12-08 15:55:01.548  1828  1828 E netmgr  : Failed to open QEMU pipe 'qemud:network': Invalid argument
12-08 15:55:01.558  1828  1828 E netmgr  : WifiForwarder unable to open QEMU pipe: Invalid argument
12-08 15:55:01.770  2448  2448 E BeaconBle: Missing BluetoothAdapter
12-08 15:55:01.822 16076 16076 E ndroid.calenda: Not starting debugger since process cannot load the jdwp agent.
12-08 15:55:01.882 16090 16090 E ocess.gservice: Not starting debugger since process cannot load the jdwp agent.
12-08 15:55:04.222  2692  3069 E Search.IcingConnection: Could not connect to Icing. Error code 13.
12-08 15:55:04.226  2692 15019 E Search.IcingConnection: Could not connect to Icing. Error code 14.
12-08 15:55:04.276  2448  2448 E BeaconBle: Scan couldn't start for Places
12-08 15:55:06.779  1881  1965 E WificondScannerImpl: Timed out waiting for scan result from wificond
12-08 15:55:09.538  1739  1739 E wificond: NL80211_CMD_TRIGGER_SCAN failed: Device or resource busy
12-08 15:55:09.538  1881  1965 E WificondScannerImpl: Failed to start scan, freqs=null
12-08 15:55:12.394  1881  1895 E ActivityManager: ANR in com.google.android.dialer
12-08 15:55:12.394  1881  1895 E ActivityManager: PID: 16021
12-08 15:55:12.394  1881  1895 E ActivityManager: Reason: Broadcast of Intent { act=android.telephony.action.SHOW_VOICEMAIL_NOTIFICATION flg=0x10000010 pkg=com.google.android.dialer cmp=com.google.android.dialer/com.android.dialer.app.voicemail.LegacyVoicemailNotificationReceiver (has extras) }
12-08 15:55:12.394  1881  1895 E ActivityManager: Load: 0.0 / 0.0 / 0.0
12-08 15:55:12.394  1881  1895 E ActivityManager: CPU usage from 0ms to 5304ms later (2018-12-08 15:55:06.966 to 2018-12-08 15:55:12.271):
12-08 15:55:12.394  1881  1895 E ActivityManager:   132% 16090/com.google.process.gservices: 29% user + 102% kernel / faults: 532 minor 14 major
12-08 15:55:12.394  1881  1895 E ActivityManager:   47% 2448/com.google.android.gms.persistent: 26% user + 21% kernel / faults: 190 minor 7 major
12-08 15:55:12.394  1881  1895 E ActivityManager:   47% 2692/com.google.android.googlequicksearchbox:search: 23% user + 23% kernel / faults: 59 minor 36 major
12-08 15:55:12.394  1881  1895 E ActivityManager:   45% 13080/kworker/u8:1: 0% user + 45% kernel
12-08 15:55:12.394  1881  1895 E ActivityManager:   41% 15677/kworker/u8:2: 0% user + 41% kernel
12-08 15:55:12.394  1881  1895 E ActivityManager:   7.5% 1881/system_server: 3.5% user + 3.9% kernel / faults: 53 minor 26 major
12-08 15:55:12.394  1881  1895 E ActivityManager:   5.8% 2475/com.google.android.gms: 0.9% user + 4.9% kernel / faults: 1221 minor 26 major
12-08 15:55:12.394  1881  1895 E ActivityManager:   4.7% 645/kswapd0: 0% user + 4.7% kernel
12-08 15:55:12.394  1881  1895 E ActivityManager:   3.9% 1725/surfaceflinger: 0.1% user + 3.8% kernel / faults: 10 minor
12-08 15:55:12.394  1881  1895 E ActivityManager:   3.4% 29746/com.google.android.apps.nexuslauncher: 3.4% user + 0% kernel / faults: 2865 minor 11 major
12-08 15:55:12.394  1881  1895 E ActivityManager:   2.4% 16021/com.google.android.dialer: 0.5% user + 1.8% kernel / faults: 758 minor 76 major
12-08 15:55:12.394  1881  1895 E ActivityManager:   2.2% 1992/com.google.android.inputmethod.latin: 0% user + 2.2% kernel / faults: 489 minor 16 major
12-08 15:55:12.394  1881  1895 E ActivityManager:   1.7% 2508/kworker/u9:3: 0% user + 1.7% kernel
12-08 15:55:12.394  1881  1895 E ActivityManager:   1.5% 5249/kworker/u9:2: 0% user + 1.5% kernel
12-08 15:55:12.394  1881  1895 E ActivityManager:   1.3% 2004/com.android.systemui: 0% user + 1.3% kernel / faults: 45 minor 13 major
12-08 15:55:12.394  1881  1895 E ActivityManager:   1.1% 5536/kworker/u9:1: 0% user + 1.1% kernel
12-08 15:55:12.394  1881  1895 E ActivityManager:   0.9% 2314/adbd: 0% user + 0.9% kernel / faults: 5706 minor
12-08 15:55:12.394  1881  1895 E ActivityManager:   0.9% 15251/kworker/u8:0: 0% user + 0.9% kernel
12-08 15:55:12.394  1881  1895 E ActivityManager:   0.9% 16039/com.android.chrome:sandboxed_process2: 0% user + 0.9% kernel / faults: 134 minor 79 major
12-08 15:55:12.394  1881  1895 E ActivityManager:   0.5% 1704/kworker/u9:4: 0% user + 0.5% kernel
12-08 15:55:12.394  1881  1895 E ActivityManager:   0.5% 1747/android.hardware.graphics.composer@2.1-service: 0% user + 0.5% kernel
12-08 15:55:12.394  1881  1895 E ActivityManager:   0.5% 16076/com.google.android.calendar: 0.5% user + 0% kernel / faults: 78 minor 12 major
12-08 15:55:12.394  1881  1895 E ActivityManager:   0.3% 13668/kworker/u8:5: 0% user + 0.3% kernel
12-08 15:55:12.394  1881  1895 E ActivityManager:   0.1% 15085/kworker/u8:6: 0% user + 0.1% kernel
12-08 15:55:12.394  1881  1895 E ActivityManager:   0.3% 16054/com.android.providers.calendar: 0.1% user + 0.1% kernel / faults: 95 minor
12-08 15:55:12.394  1881  1895 E ActivityManager:   0% 7/rcu_preempt: 0% user + 0% kernel
12-08 15:55:12.394  1881  1895 E ActivityManager:   0.1% 1553/logd: 0% user + 0.1% kernel
12-08 15:55:12.394  1881  1895 E ActivityManager:   0% 1621/android.hardware.graphics.allocator@2.0-service: 0% user + 0% kernel / faults: 11 minor
12-08 15:55:12.394  1881  1895 E ActivityManager:   0.1% 1625/android.hardware.sensors@1.0-service: 0% user + 0.1% kernel
12-08 15:55:12.394  1881  1895 E ActivityManager:   0% 1629/audioserver: 0% user + 0% kernel / faults: 15 minor 21 major
12-08 15:55:12.394  1881  1895 E ActivityManager:   0% 12657/kworker/2:2: 0% user + 0% kernel
12-08 15:55:12.394  1881  1895 E ActivityManager: 100% TOTAL: 17% user + 36% kernel + 43% iowait + 2.3% softirq
12-08 15:55:12.394  1881  1895 E ActivityManager: CPU usage from 28120122ms to 28120122ms ago (1970-01-01 00:00:00.000 to 1970-01-01 00:00:00.000) with 0% awake:
12-08 15:55:12.394  1881  1895 E ActivityManager: 0% TOTAL: 0% user + 0% kernel
12-08 15:55:14.885  1739  1739 E wificond: NL80211_CMD_TRIGGER_SCAN failed: Device or resource busy
12-08 15:55:14.885  1881  1965 E WificondScannerImpl: Failed to start scan, freqs=null
12-08 15:55:15.110 16021 16021 E .android.diale: The String#value field is not present on Android versions >= 6.0
12-08 15:55:17.445 16021 16137 E PhenotypeFlagCommitter: Retrieving snapshot for com.google.android.dialer failed
12-08 15:55:17.445 16021 16137 E PhenotypeFlagCommitter: java.util.concurrent.TimeoutException: Timed out waiting for Task
12-08 15:55:17.445 16021 16137 E PhenotypeFlagCommitter: 	at fas.a(Unknown Source:77)
12-08 15:55:17.445 16021 16137 E PhenotypeFlagCommitter: 	at fpa.a(Unknown Source:3)
12-08 15:55:17.445 16021 16137 E PhenotypeFlagCommitter: 	at edu.a(PG:7)
12-08 15:55:17.445 16021 16137 E PhenotypeFlagCommitter: 	at bcc.c(PG:14)
12-08 15:55:17.445 16021 16137 E PhenotypeFlagCommitter: 	at bcd.run(Unknown Source:2)
12-08 15:55:17.445 16021 16137 E PhenotypeFlagCommitter: 	at java.util.concurrent.Executors$RunnableAdapter.call(Executors.java:458)
12-08 15:55:17.445 16021 16137 E PhenotypeFlagCommitter: 	at java.util.concurrent.FutureTask.run(FutureTask.java:266)
12-08 15:55:17.445 16021 16137 E PhenotypeFlagCommitter: 	at java.util.concurrent.ScheduledThreadPoolExecutor$ScheduledFutureTask.run(ScheduledThreadPoolExecutor.java:301)
12-08 15:55:17.445 16021 16137 E PhenotypeFlagCommitter: 	at java.util.concurrent.ThreadPoolExecutor.runWorker(ThreadPoolExecutor.java:1167)
12-08 15:55:17.445 16021 16137 E PhenotypeFlagCommitter: 	at java.util.concurrent.ThreadPoolExecutor$Worker.run(ThreadPoolExecutor.java:641)
12-08 15:55:17.445 16021 16137 E PhenotypeFlagCommitter: 	at java.lang.Thread.run(Thread.java:764)
12-08 15:55:17.488  1738  1772 E storaged: getDiskStats failed with result NOT_SUPPORTED and size 0
12-08 15:55:17.515  1739  1739 E wificond: NL80211_CMD_TRIGGER_SCAN failed: Device or resource busy
12-08 15:55:17.515  1881  1965 E WificondScannerImpl: Failed to start scan, freqs=null
12-08 15:55:17.526  1881  1894 E memtrack: Couldn't load memtrack module
12-08 15:55:20.215  1881  1894 E memtrack: Couldn't load memtrack module
12-08 15:55:20.552  1739  1739 E wificond: NL80211_CMD_TRIGGER_SCAN failed: Device or resource busy
12-08 15:55:20.552  1881  1965 E WificondScannerImpl: Failed to start scan, freqs=null
12-08 15:55:22.800  1881  1965 E WificondScannerImpl: Failed to start scan, freqs=null
12-08 15:55:22.822  1881  1894 E memtrack: Couldn't load memtrack module
12-08 15:55:22.912  1881  2002 E memtrack: Couldn't load memtrack module
12-08 15:55:25.533  1881  2002 E memtrack: Couldn't load memtrack module
12-08 15:55:25.731  1881  2002 E memtrack: Couldn't load memtrack module
12-08 15:55:25.845  1881  2002 E memtrack: Couldn't load memtrack module
12-08 15:55:25.868  1881  1894 E memtrack: Couldn't load memtrack module
12-08 15:55:28.077  1881  1894 E memtrack: Couldn't load memtrack module
12-08 15:55:28.125  1881  1894 E memtrack: Couldn't load memtrack module
12-08 15:55:28.188  1881  2002 E memtrack: Couldn't load memtrack module
12-08 15:55:28.297  1881  2002 E memtrack: Couldn't load memtrack module
12-08 15:55:22.800  1739  1739 E wificond: NL80211_CMD_TRIGGER_SCAN failed: Device or resource busy
12-08 15:55:30.706  1881  2002 E memtrack: Couldn't load memtrack module
12-08 15:55:30.719 16182 16182 E droid.deskcloc: Not starting debugger since process cannot load the jdwp agent.
12-08 15:55:30.787  1881  2002 E memtrack: Couldn't load memtrack module
12-08 15:55:33.350  1881  2002 E memtrack: Couldn't load memtrack module
12-08 15:55:33.444 16182 16182 E LoadedApk: Unable to instantiate appComponentFactory
12-08 15:55:33.444 16182 16182 E LoadedApk: java.lang.ClassNotFoundException: Didn't find class "android.support.v4.app.CoreComponentFactory" on path: DexPathList[[zip file "/data/app/com.google.android.deskclock-irjeQ48B8SlCzNgOUY6aXg==/base.apk"],nativeLibraryDirectories=[/data/app/com.google.android.deskclock-irjeQ48B8SlCzNgOUY6aXg==/lib/x86, /system/lib]]
12-08 15:55:33.444 16182 16182 E LoadedApk: 	at dalvik.system.BaseDexClassLoader.findClass(BaseDexClassLoader.java:134)
12-08 15:55:33.444 16182 16182 E LoadedApk: 	at java.lang.ClassLoader.loadClass(ClassLoader.java:379)
12-08 15:55:33.444 16182 16182 E LoadedApk: 	at java.lang.ClassLoader.loadClass(ClassLoader.java:312)
12-08 15:55:33.444 16182 16182 E LoadedApk: 	at android.app.LoadedApk.createAppFactory(LoadedApk.java:226)
12-08 15:55:33.444 16182 16182 E LoadedApk: 	at android.app.LoadedApk.createOrUpdateClassLoaderLocked(LoadedApk.java:731)
12-08 15:55:33.444 16182 16182 E LoadedApk: 	at android.app.LoadedApk.getClassLoader(LoadedApk.java:810)
12-08 15:55:33.444 16182 16182 E LoadedApk: 	at android.app.LoadedApk.getResources(LoadedApk.java:1032)
12-08 15:55:33.444 16182 16182 E LoadedApk: 	at android.app.ContextImpl.createAppContext(ContextImpl.java:2345)
12-08 15:55:33.444 16182 16182 E LoadedApk: 	at android.app.ActivityThread.handleBindApplication(ActivityThread.java:5749)
12-08 15:55:33.444 16182 16182 E LoadedApk: 	at android.app.ActivityThread.access$1100(ActivityThread.java:199)
12-08 15:55:33.444 16182 16182 E LoadedApk: 	at android.app.ActivityThread$H.handleMessage(ActivityThread.java:1650)
12-08 15:55:33.444 16182 16182 E LoadedApk: 	at android.os.Handler.dispatchMessage(Handler.java:106)
12-08 15:55:33.444 16182 16182 E LoadedApk: 	at android.os.Looper.loop(Looper.java:193)
12-08 15:55:33.444 16182 16182 E LoadedApk: 	at android.app.ActivityThread.main(ActivityThread.java:6669)
12-08 15:55:33.444 16182 16182 E LoadedApk: 	at java.lang.reflect.Method.invoke(Native Method)
12-08 15:55:33.444 16182 16182 E LoadedApk: 	at com.android.internal.os.RuntimeInit$MethodAndArgsCaller.run(RuntimeInit.java:493)
12-08 15:55:33.444 16182 16182 E LoadedApk: 	at com.android.internal.os.ZygoteInit.main(ZygoteInit.java:858)
12-08 15:55:33.447  1881  2002 E memtrack: Couldn't load memtrack module
12-08 15:55:35.911  1881  1894 E memtrack: Couldn't load memtrack module
12-08 15:55:36.010  1881  2002 E memtrack: Couldn't load memtrack module
12-08 15:55:36.109  1881  2002 E memtrack: Couldn't load memtrack module
12-08 15:55:36.202  1881  2002 E memtrack: Couldn't load memtrack module
12-08 15:55:38.339  1881  1894 E memtrack: Couldn't load memtrack module
12-08 15:55:38.342  1881  2002 E memtrack: Couldn't load memtrack module
12-08 15:55:38.439  1881  2002 E memtrack: Couldn't load memtrack module
