--------- beginning of system
12-07 05:48:59.286  1880  1896 E ActivityManager: Failure starting process com.evancharlton.mileage
12-07 05:48:59.286  1880  1896 E ActivityManager: java.lang.SecurityException: Package com.evancharlton.mileage is currently frozen!
12-07 05:48:59.286  1880  1896 E ActivityManager: 	at com.android.server.pm.PackageManagerService.checkPackageStartable(PackageManagerService.java:4000)
12-07 05:48:59.286  1880  1896 E ActivityManager: 	at com.android.server.am.ActivityManagerService.startProcessLocked(ActivityManagerService.java:4234)
12-07 05:48:59.286  1880  1896 E ActivityManager: 	at com.android.server.am.ActivityManagerService.startProcessLocked(ActivityManagerService.java:4199)
12-07 05:48:59.286  1880  1896 E ActivityManager: 	at com.android.server.am.ActivityManagerService.startProcessLocked(ActivityManagerService.java:4181)
12-07 05:48:59.286  1880  1896 E ActivityManager: 	at com.android.server.am.ActivityManagerService.startProcessLocked(ActivityManagerService.java:4067)
12-07 05:48:59.286  1880  1896 E ActivityManager: 	at com.android.server.am.ActivityStackSupervisor.startSpecificActivityLocked(ActivityStackSupervisor.java:1715)
12-07 05:48:59.286  1880  1896 E ActivityManager: 	at com.android.server.am.ActivityStack.resumeTopActivityInnerLocked(ActivityStack.java:2764)
12-07 05:48:59.286  1880  1896 E ActivityManager: 	at com.android.server.am.ActivityStack.resumeTopActivityUncheckedLocked(ActivityStack.java:2302)
12-07 05:48:59.286  1880  1896 E ActivityManager: 	at com.android.server.am.ActivityStackSupervisor.resumeFocusedStackTopActivityLocked(ActivityStackSupervisor.java:2234)
12-07 05:48:59.286  1880  1896 E ActivityManager: 	at com.android.server.am.ActivityStackSupervisor.resumeFocusedStackTopActivityLocked(ActivityStackSupervisor.java:2218)
12-07 05:48:59.286  1880  1896 E ActivityManager: 	at com.android.server.am.ActivityManagerService.handleAppDiedLocked(ActivityManagerService.java:5923)
12-07 05:48:59.286  1880  1896 E ActivityManager: 	at com.android.server.am.ActivityManagerService.removeProcessLocked(ActivityManagerService.java:7501)
12-07 05:48:59.286  1880  1896 E ActivityManager: 	at com.android.server.am.ActivityManagerService.killPackageProcessesLocked(ActivityManagerService.java:7142)
12-07 05:48:59.286  1880  1896 E ActivityManager: 	at com.android.server.am.ActivityManagerService.forceStopPackageLocked(ActivityManagerService.java:7275)
12-07 05:48:59.286  1880  1896 E ActivityManager: 	at com.android.server.am.ActivityManagerService$MainHandler.handleMessage(ActivityManagerService.java:2289)
12-07 05:48:59.286  1880  1896 E ActivityManager: 	at android.os.Handler.dispatchMessage(Handler.java:106)
12-07 05:48:59.286  1880  1896 E ActivityManager: 	at android.os.Looper.loop(Looper.java:193)
12-07 05:48:59.286  1880  1896 E ActivityManager: 	at android.os.HandlerThread.run(HandlerThread.java:65)
12-07 05:48:59.286  1880  1896 E ActivityManager: 	at com.android.server.ServiceThread.run(ServiceThread.java:44)
--------- beginning of main
12-07 05:49:17.272  2422  5833 E s.nexuslaunche: Failed to open APK '/data/app/com.evancharlton.mileage-8HKwEWdzHt6uphlhShZugw==/base.apk' I/O error
12-07 05:49:17.272  2422  5833 E ResourcesManager: failed to add asset path /data/app/com.evancharlton.mileage-8HKwEWdzHt6uphlhShZugw==/base.apk
12-07 05:49:18.310  2378 11339 E ctxmgr  : [ProducerStatusImpl]updateStateForNewContextData: inactive, contextName=7
12-07 05:49:18.668  2378  2378 E BeaconBle: Missing BluetoothAdapter
12-07 05:49:18.802  2378  2378 E BeaconBle: Scan couldn't start for Places
12-07 05:49:21.186  1610 11361 E audio_hw_generic: pcm_open(in) failed: cannot open device '/dev/snd/pcmC0D0c': Device or resource busy: channels 2 format 0 rate 16000
12-07 05:49:22.721 11365 11365 E boxed_process3: Not starting debugger since process cannot load the jdwp agent.
12-07 05:49:27.077  1610 11394 E audio_hw_generic: pcm_open(in) failed: cannot open device '/dev/snd/pcmC0D0c': Device or resource busy: channels 2 format 0 rate 16000
12-07 05:49:35.556  2378 10242 E ctxmgr  : [ProducerStatusImpl]updateStateForNewContextData: inactive, contextName=7
12-07 05:49:36.344  2378  2378 E BeaconBle: Scan couldn't start for Places
12-07 05:49:38.489  1880  2001 E WindowManager: Performed 6 layouts in a row. Skipping
12-07 05:49:38.531  1880  4569 E WindowManager: Performed 6 layouts in a row. Skipping
12-07 05:49:38.551  1880  1934 E WindowManager: Performed 6 layouts in a row. Skipping
12-07 05:49:38.572  1880  1934 E WindowManager: Performed 6 layouts in a row. Skipping
12-07 05:49:38.591  1880  1897 E WindowManager: Performed 6 layouts in a row. Skipping
12-07 05:49:38.622  1880  1934 E WindowManager: Performed 6 layouts in a row. Skipping
12-07 05:49:38.650  1880  1934 E WindowManager: Performed 6 layouts in a row. Skipping
12-07 05:49:38.668  1880  2001 E WindowManager: Performed 6 layouts in a row. Skipping
12-07 05:49:38.694  1880  1934 E WindowManager: Performed 6 layouts in a row. Skipping
12-07 05:49:38.802  1880  1934 E WindowManager: Performed 6 layouts in a row. Skipping
12-07 05:49:39.822  1829  1829 E netmgr  : Failed to open QEMU pipe 'qemud:network': Invalid argument
12-07 05:49:39.822  1829  1829 E netmgr  : WifiForwarder unable to open QEMU pipe: Invalid argument
12-07 05:49:40.075 11312 11330 E SQLiteLog: (1) no such table: fillups
12-07 05:49:40.085 11312 11330 E DatabaseUpgrader: Couldn't upgrade database!
12-07 05:49:40.085 11312 11330 E DatabaseUpgrader: android.database.sqlite.SQLiteException: no such table: fillups (code 1 SQLITE_ERROR): , while compiling: ALTER TABLE fillups ADD COLUMN is_partial INTEGER;
12-07 05:49:40.085 11312 11330 E DatabaseUpgrader: 	at android.database.sqlite.SQLiteConnection.nativePrepareStatement(Native Method)
12-07 05:49:40.085 11312 11330 E DatabaseUpgrader: 	at android.database.sqlite.SQLiteConnection.acquirePreparedStatement(SQLiteConnection.java:903)
12-07 05:49:40.085 11312 11330 E DatabaseUpgrader: 	at android.database.sqlite.SQLiteConnection.prepare(SQLiteConnection.java:514)
12-07 05:49:40.085 11312 11330 E DatabaseUpgrader: 	at android.database.sqlite.SQLiteSession.prepare(SQLiteSession.java:588)
12-07 05:49:40.085 11312 11330 E DatabaseUpgrader: 	at android.database.sqlite.SQLiteProgram.<init>(SQLiteProgram.java:58)
12-07 05:49:40.085 11312 11330 E DatabaseUpgrader: 	at android.database.sqlite.SQLiteStatement.<init>(SQLiteStatement.java:31)
12-07 05:49:40.085 11312 11330 E DatabaseUpgrader: 	at android.database.sqlite.SQLiteDatabase.executeSql(SQLiteDatabase.java:1769)
12-07 05:49:40.085 11312 11330 E DatabaseUpgrader: 	at android.database.sqlite.SQLiteDatabase.execSQL(SQLiteDatabase.java:1698)
12-07 05:49:40.085 11312 11330 E DatabaseUpgrader: 	at com.evancharlton.mileage.provider.DatabaseUpgrader.exec(DatabaseUpgrader.java:105)
12-07 05:49:40.085 11312 11330 E DatabaseUpgrader: 	at com.evancharlton.mileage.provider.DatabaseUpgrader.upgradeDatabase(DatabaseUpgrader.java:44)
12-07 05:49:40.085 11312 11330 E DatabaseUpgrader: 	at com.evancharlton.mileage.provider.DatabaseUpgrader.upgradeDatabase(DatabaseUpgrader.java:89)
12-07 05:49:40.085 11312 11330 E DatabaseUpgrader: 	at com.evancharlton.mileage.tasks.DbImportTask.upgradeDatabase(DbImportTask.java:77)
12-07 05:49:40.085 11312 11330 E DatabaseUpgrader: 	at com.evancharlton.mileage.tasks.DbImportTask.doInBackground(DbImportTask.java:43)
12-07 05:49:40.085 11312 11330 E DatabaseUpgrader: 	at com.evancharlton.mileage.tasks.DbImportTask.doInBackground(DbImportTask.java:20)
12-07 05:49:40.085 11312 11330 E DatabaseUpgrader: 	at android.os.AsyncTask$2.call(AsyncTask.java:333)
12-07 05:49:40.085 11312 11330 E DatabaseUpgrader: 	at java.util.concurrent.FutureTask.run(FutureTask.java:266)
12-07 05:49:40.085 11312 11330 E DatabaseUpgrader: 	at java.util.concurrent.ThreadPoolExecutor.runWorker(ThreadPoolExecutor.java:1167)
12-07 05:49:40.085 11312 11330 E DatabaseUpgrader: 	at java.util.concurrent.ThreadPoolExecutor$Worker.run(ThreadPoolExecutor.java:641)
12-07 05:49:40.085 11312 11330 E DatabaseUpgrader: 	at java.lang.Thread.run(Thread.java:764)
12-07 05:49:45.045  1735  1809 E storaged: getDiskStats failed with result NOT_SUPPORTED and size 0
12-07 05:49:47.383  1992  1992 E native  : suggestion-transformer.cc:118 suggestion picked candidate not found for id: 1
12-07 05:49:48.356  2378 11400 E ctxmgr  : [ProducerStatusImpl]updateStateForNewContextData: inactive, contextName=7
12-07 05:49:49.133  2378  2378 E BeaconBle: Scan couldn't start for Places
12-07 05:49:50.436  2482 10406 E SQLiteCastStore: Skip saving CastDeviceInfo: "Nearby device" (__cast_nearby___V_a1cc5058-0339-4464-b297-4940d9c7463f)
12-07 05:49:52.410 11312 11312 E SpannableStringBuilder: SPAN_EXCLUSIVE_EXCLUSIVE spans cannot have a zero length
12-07 05:49:52.410 11312 11312 E SpannableStringBuilder: SPAN_EXCLUSIVE_EXCLUSIVE spans cannot have a zero length
12-07 05:49:53.836  2378 11339 E ctxmgr  : [ProducerStatusImpl]updateStateForNewContextData: inactive, contextName=7
12-07 05:49:54.167  2378  2378 E BeaconBle: Missing BluetoothAdapter
12-07 05:49:54.244  2378  2378 E BeaconBle: Scan couldn't start for Places
12-07 05:49:56.859 11436 11436 E boxed_process3: Not starting debugger since process cannot load the jdwp agent.
12-07 05:49:59.164  1610 11462 E audio_hw_generic: pcm_open(in) failed: cannot open device '/dev/snd/pcmC0D0c': Device or resource busy: channels 2 format 0 rate 16000
12-07 05:50:05.423 11312 11312 E WindowManager: 
12-07 05:50:05.423 11312 11312 E WindowManager: android.view.WindowLeaked: Activity com.evancharlton.mileage.ExportActivity has leaked window DecorView@75f6028[ExportActivity] that was originally added here
12-07 05:50:05.423 11312 11312 E WindowManager: 	at android.view.ViewRootImpl.<init>(ViewRootImpl.java:511)
12-07 05:50:05.423 11312 11312 E WindowManager: 	at android.view.WindowManagerGlobal.addView(WindowManagerGlobal.java:346)
12-07 05:50:05.423 11312 11312 E WindowManager: 	at android.view.WindowManagerImpl.addView(WindowManagerImpl.java:93)
12-07 05:50:05.423 11312 11312 E WindowManager: 	at com.android.internal.policy.PhoneWindow.openPanel(PhoneWindow.java:887)
12-07 05:50:05.423 11312 11312 E WindowManager: 	at com.android.internal.policy.PhoneWindow.onKeyUpPanel(PhoneWindow.java:1104)
12-07 05:50:05.423 11312 11312 E WindowManager: 	at com.android.internal.policy.PhoneWindow.onKeyUp(PhoneWindow.java:2007)
12-07 05:50:05.423 11312 11312 E WindowManager: 	at com.android.internal.policy.DecorView.dispatchKeyEvent(DecorView.java:350)
12-07 05:50:05.423 11312 11312 E WindowManager: 	at android.view.ViewRootImpl$ViewPostImeInputStage.processKeyEvent(ViewRootImpl.java:5037)
12-07 05:50:05.423 11312 11312 E WindowManager: 	at android.view.ViewRootImpl$ViewPostImeInputStage.onProcess(ViewRootImpl.java:4905)
12-07 05:50:05.423 11312 11312 E WindowManager: 	at android.view.ViewRootImpl$InputStage.deliver(ViewRootImpl.java:4426)
12-07 05:50:05.423 11312 11312 E WindowManager: 	at android.view.ViewRootImpl$InputStage.onDeliverToNext(ViewRootImpl.java:4479)
12-07 05:50:05.423 11312 11312 E WindowManager: 	at android.view.ViewRootImpl$InputStage.forward(ViewRootImpl.java:4445)
12-07 05:50:05.423 11312 11312 E WindowManager: 	at android.view.ViewRootImpl$AsyncInputStage.forward(ViewRootImpl.java:4585)
12-07 05:50:05.423 11312 11312 E WindowManager: 	at android.view.ViewRootImpl$InputStage.apply(ViewRootImpl.java:4453)
12-07 05:50:05.423 11312 11312 E WindowManager: 	at android.view.ViewRootImpl$AsyncInputStage.apply(ViewRootImpl.java:4642)
12-07 05:50:05.423 11312 11312 E WindowManager: 	at android.view.ViewRootImpl$InputStage.deliver(ViewRootImpl.java:4426)
12-07 05:50:05.423 11312 11312 E WindowManager: 	at android.view.ViewRootImpl$InputStage.onDeliverToNext(ViewRootImpl.java:4479)
12-07 05:50:05.423 11312 11312 E WindowManager: 	at android.view.ViewRootImpl$InputStage.forward(ViewRootImpl.java:4445)
12-07 05:50:05.423 11312 11312 E WindowManager: 	at android.view.ViewRootImpl$InputStage.apply(ViewRootImpl.java:4453)
12-07 05:50:05.423 11312 11312 E WindowManager: 	at android.view.ViewRootImpl$InputStage.deliver(ViewRootImpl.java:4426)
12-07 05:50:05.423 11312 11312 E WindowManager: 	at android.view.ViewRootImpl$InputStage.onDeliverToNext(ViewRootImpl.java:4479)
12-07 05:50:05.423 11312 11312 E WindowManager: 	at android.view.ViewRootImpl$InputStage.forward(ViewRootImpl.java:4445)
12-07 05:50:05.423 11312 11312 E WindowManager: 	at android.view.ViewRootImpl$AsyncInputStage.forward(ViewRootImpl.java:4618)
12-07 05:50:05.423 11312 11312 E WindowManager: 	at android.view.ViewRootImpl$ImeInputStage.onFinishedInputEvent(ViewRootImpl.java:4779)
12-07 05:50:05.423 11312 11312 E WindowManager: 	at android.view.inputmethod.InputMethodManager$PendingEvent.run(InputMethodManager.java:2571)
12-07 05:50:05.423 11312 11312 E WindowManager: 	at android.view.inputmethod.InputMethodManager.invokeFinishedInputEventCallback(InputMethodManager.java:2081)
12-07 05:50:05.423 11312 11312 E WindowManager: 	at android.view.inputmethod.InputMethodManager.finishedInputEvent(InputMethodManager.java:2072)
12-07 05:50:05.423 11312 11312 E WindowManager: 	at android.view.inputmethod.InputMethodManager$ImeInputEventSender.onInputEventFinished(InputMethodManager.java:2548)
12-07 05:50:05.423 11312 11312 E WindowManager: 	at android.view.InputEventSender.dispatchInputEventFinished(InputEventSender.java:141)
12-07 05:50:05.423 11312 11312 E WindowManager: 	at android.os.MessageQueue.nativePollOnce(Native Method)
12-07 05:50:05.423 11312 11312 E WindowManager: 	at android.os.MessageQueue.next(MessageQueue.java:326)
12-07 05:50:05.423 11312 11312 E WindowManager: 	at android.os.Looper.loop(Looper.java:160)
12-07 05:50:05.423 11312 11312 E WindowManager: 	at android.app.ActivityThread.main(ActivityThread.java:6669)
12-07 05:50:05.423 11312 11312 E WindowManager: 	at java.lang.reflect.Method.invoke(Native Method)
12-07 05:50:05.423 11312 11312 E WindowManager: 	at com.android.internal.os.RuntimeInit$MethodAndArgsCaller.run(RuntimeInit.java:493)
12-07 05:50:05.423 11312 11312 E WindowManager: 	at com.android.internal.os.ZygoteInit.main(ZygoteInit.java:858)
12-07 05:50:21.320 11488 11488 E rrierdefaultap: Not starting debugger since process cannot load the jdwp agent.
12-07 05:50:21.542  2378 11502 E WakeLock: GCM_HB_ALARM release without a matched acquire!
12-07 05:50:21.596  2378 11502 E WakeLock: GCM_CONN_ALARM release without a matched acquire!
12-07 05:50:26.062  2378 11175 E ctxmgr  : [ProducerStatusImpl]updateStateForNewContextData: inactive, contextName=7
12-07 05:50:26.329  2378  2378 E BeaconBle: Missing BluetoothAdapter
12-07 05:50:26.364  2378  2378 E BeaconBle: Scan couldn't start for Places
12-07 05:50:27.524  2378 11514 E WakeLock: GCM_HB_ALARM release without a matched acquire!
12-07 05:50:27.549  2378 11514 E WakeLock: GCM_CONN_ALARM release without a matched acquire!
12-07 05:50:30.481  1610 11522 E audio_hw_generic: pcm_open(in) failed: cannot open device '/dev/snd/pcmC0D0c': Device or resource busy: channels 2 format 0 rate 16000
12-07 05:50:30.929 11526 11526 E boxed_process3: Not starting debugger since process cannot load the jdwp agent.
12-07 05:50:32.433  1610 11554 E audio_hw_generic: pcm_open(in) failed: cannot open device '/dev/snd/pcmC0D0c': Device or resource busy: channels 2 format 0 rate 16000
12-07 05:50:39.391  2378 11558 E WakeLock: GCM_HB_ALARM release without a matched acquire!
12-07 05:50:39.392  2378 11558 E WakeLock: GCM_CONN_ALARM release without a matched acquire!
12-07 05:50:39.830  1829  1829 E netmgr  : Failed to open QEMU pipe 'qemud:network': Invalid argument
12-07 05:50:39.830  1829  1829 E netmgr  : WifiForwarder unable to open QEMU pipe: Invalid argument
12-07 05:50:43.460  2768  2768 E ContextIntentStarter: No activity found for any of the 0 intents
12-07 05:50:44.157 11566 11566 E boxed_process3: Not starting debugger since process cannot load the jdwp agent.
12-07 05:50:45.068  1735  1809 E storaged: getDiskStats failed with result NOT_SUPPORTED and size 0
12-07 05:50:45.962  1610 11592 E audio_hw_generic: pcm_open(in) failed: cannot open device '/dev/snd/pcmC0D0c': Device or resource busy: channels 2 format 0 rate 16000
12-07 05:50:52.835 11312 11598 E SQLiteLog: (1) no such table: fillups
12-07 05:50:52.837 11312 11598 E DatabaseUpgrader: Couldn't upgrade database!
12-07 05:50:52.837 11312 11598 E DatabaseUpgrader: android.database.sqlite.SQLiteException: no such table: fillups (code 1 SQLITE_ERROR): , while compiling: ALTER TABLE fillups ADD COLUMN is_partial INTEGER;
12-07 05:50:52.837 11312 11598 E DatabaseUpgrader: 	at android.database.sqlite.SQLiteConnection.nativePrepareStatement(Native Method)
12-07 05:50:52.837 11312 11598 E DatabaseUpgrader: 	at android.database.sqlite.SQLiteConnection.acquirePreparedStatement(SQLiteConnection.java:903)
12-07 05:50:52.837 11312 11598 E DatabaseUpgrader: 	at android.database.sqlite.SQLiteConnection.prepare(SQLiteConnection.java:514)
12-07 05:50:52.837 11312 11598 E DatabaseUpgrader: 	at android.database.sqlite.SQLiteSession.prepare(SQLiteSession.java:588)
12-07 05:50:52.837 11312 11598 E DatabaseUpgrader: 	at android.database.sqlite.SQLiteProgram.<init>(SQLiteProgram.java:58)
12-07 05:50:52.837 11312 11598 E DatabaseUpgrader: 	at android.database.sqlite.SQLiteStatement.<init>(SQLiteStatement.java:31)
12-07 05:50:52.837 11312 11598 E DatabaseUpgrader: 	at android.database.sqlite.SQLiteDatabase.executeSql(SQLiteDatabase.java:1769)
12-07 05:50:52.837 11312 11598 E DatabaseUpgrader: 	at android.database.sqlite.SQLiteDatabase.execSQL(SQLiteDatabase.java:1698)
12-07 05:50:52.837 11312 11598 E DatabaseUpgrader: 	at com.evancharlton.mileage.provider.DatabaseUpgrader.exec(DatabaseUpgrader.java:105)
12-07 05:50:52.837 11312 11598 E DatabaseUpgrader: 	at com.evancharlton.mileage.provider.DatabaseUpgrader.upgradeDatabase(DatabaseUpgrader.java:44)
12-07 05:50:52.837 11312 11598 E DatabaseUpgrader: 	at com.evancharlton.mileage.provider.DatabaseUpgrader.upgradeDatabase(DatabaseUpgrader.java:89)
12-07 05:50:52.837 11312 11598 E DatabaseUpgrader: 	at com.evancharlton.mileage.tasks.DbImportTask.upgradeDatabase(DbImportTask.java:77)
12-07 05:50:52.837 11312 11598 E DatabaseUpgrader: 	at com.evancharlton.mileage.tasks.DbImportTask.doInBackground(DbImportTask.java:43)
12-07 05:50:52.837 11312 11598 E DatabaseUpgrader: 	at com.evancharlton.mileage.tasks.DbImportTask.doInBackground(DbImportTask.java:20)
12-07 05:50:52.837 11312 11598 E DatabaseUpgrader: 	at android.os.AsyncTask$2.call(AsyncTask.java:333)
12-07 05:50:52.837 11312 11598 E DatabaseUpgrader: 	at java.util.concurrent.FutureTask.run(FutureTask.java:266)
12-07 05:50:52.837 11312 11598 E DatabaseUpgrader: 	at java.util.concurrent.ThreadPoolExecutor.runWorker(ThreadPoolExecutor.java:1167)
12-07 05:50:52.837 11312 11598 E DatabaseUpgrader: 	at java.util.concurrent.ThreadPoolExecutor$Worker.run(ThreadPoolExecutor.java:641)
12-07 05:50:52.837 11312 11598 E DatabaseUpgrader: 	at java.lang.Thread.run(Thread.java:764)
12-07 05:50:54.097  2378  2378 E BeaconBle: Scan couldn't start for Places
12-07 05:50:56.846  1625  1625 E android.hardware.wifi@1.0-service: Failed to register radio mode change callback
12-07 05:50:56.850  1625  1625 E android.hardware.wifi@1.0-service: Failed to set DFS flag; DFS channels may be unavailable.
12-07 05:50:56.938  1736  1736 E wificond: No Offload Service available
12-07 05:50:57.117  1880  1969 E WifiP2pService: Unhandled message { when=0 what=131203 target=com.android.internal.util.StateMachine$SmHandler }
12-07 05:50:57.144  1880  1969 E WifiP2pService: Unhandled message { when=-1ms what=131203 target=com.android.internal.util.StateMachine$SmHandler }
12-07 05:50:57.160  1880  1900 E BatteryExternalStatsWorker: no controller energy info supplied for wifi
12-07 05:50:57.167  1880  1900 E BatteryExternalStatsWorker: no controller energy info supplied for wifi
12-07 05:50:58.322  2378 11604 E ctxmgr  : [ProducerStatusImpl]updateStateForNewContextData: inactive, contextName=7
12-07 05:50:58.374  1610 11617 E audio_hw_generic: pcm_open(in) failed: cannot open device '/dev/snd/pcmC0D0c': Device or resource busy: channels 2 format 0 rate 16000
12-07 05:50:58.793  2378  2378 E BeaconBle: Missing BluetoothAdapter
12-07 05:50:58.861  2378  2378 E BeaconBle: Scan couldn't start for Places
12-07 05:51:00.054  1736  1736 E wificond: Receive ERROR message in response to 'stop scheduled scan' request: Operation not supported on transport endpoint
12-07 05:51:00.054 11611 11611 E wpa_supplicant: nl80211: Failed to open /proc/sys/net/ipv4/conf/p2p-dev-wlan0/drop_unicast_in_l2_multicast: No such file or directory
12-07 05:51:00.055 11611 11611 E wpa_supplicant: nl80211: Failed to set IPv4 unicast in multicast filter
12-07 05:51:00.059 11611 11611 E wpa_supplicant: nl80211: Failed to open /proc/sys/net/ipv4/conf/p2p-dev-wlan0/drop_unicast_in_l2_multicast: No such file or directory
12-07 05:51:00.059 11611 11611 E wpa_supplicant: nl80211: Failed to set IPv4 unicast in multicast filter
12-07 05:51:00.140 11611 11611 E wpa_supplicant: nl80211: Failed to open /proc/sys/net/ipv4/conf/wlan0/drop_unicast_in_l2_multicast: No such file or directory
12-07 05:51:00.140 11611 11611 E wpa_supplicant: nl80211: Failed to set IPv4 unicast in multicast filter
12-07 05:51:00.220 11611 11611 E wpa_supplicant: nl80211: Failed to open /proc/sys/net/ipv4/conf/wlan0/drop_unicast_in_l2_multicast: No such file or directory
12-07 05:51:00.220 11611 11611 E wpa_supplicant: nl80211: Failed to set IPv4 unicast in multicast filter
12-07 05:51:00.416  1625  1625 E android.hardware.wifi@1.0-service: Failed to open directory: Permission denied
12-07 05:51:00.416  1625  1625 E android.hardware.wifi@1.0-service: Error occurred while deleting old tombstone files
12-07 05:51:00.416  1625  1625 E android.hardware.wifi@1.0-service: Error writing files to flash
12-07 05:51:00.619  1880  1967 E SupplicantStaIfaceHal: Can't call setPowerSave, ISupplicantStaIface is null
12-07 05:51:00.619  1880  1967 E SupplicantStaIfaceHal: Can't call setBtCoexistenceMode, ISupplicantStaIface is null
12-07 05:51:00.621  1880  1967 E HalDevMgr: Should have at least 1 chip!
12-07 05:51:00.621  1880  1967 E HalDevMgr: dispatchAvailableForRequestListeners: no chip info found
12-07 05:51:00.630  1880  1967 E SupplicantStaIfaceHal: Can't call listNetworks, ISupplicantStaIface is null
12-07 05:51:00.630  1880  1967 E SupplicantStaIfaceHal: removeAllNetworks failed, got null networks
12-07 05:51:00.630  1880  1967 E WifiStateMachine: Failed to remove networks on exiting connect mode
12-07 05:51:00.631  1880  1969 E WifiP2pService: Unhandled message { when=-1ms what=131204 target=com.android.internal.util.StateMachine$SmHandler }
12-07 05:51:00.643  1880  1900 E BatteryExternalStatsWorker: no controller energy info supplied for wifi
12-07 05:51:00.647  1880  1900 E BatteryExternalStatsWorker: no controller energy info supplied for wifi
12-07 05:51:01.804  1880  1895 E memtrack: Couldn't load memtrack module
12-07 05:51:02.484  1880  1970 E ConnectivityService: exception in setMtu()java.lang.IllegalStateException: command '343 interface setmtu radio0 1500' failed with '400 343 Failed to set MTU (Permission denied)'
12-07 05:51:03.423  1880  1967 E WifiScanRequestProxy: Scan failure received. reason: -1,description: not available
12-07 05:51:03.443  2378 11642 E WakeLock: GCM_CONN_ALARM release without a matched acquire!
