--------- beginning of system
12-07 07:20:53.287  1735  1809 E storaged: getDiskStats failed with result NOT_SUPPORTED and size 0
12-07 07:21:53.330  1735  1809 E storaged: getDiskStats failed with result NOT_SUPPORTED and size 0
--------- beginning of main
12-07 07:22:40.796  1829  1829 E netmgr  : Failed to open QEMU pipe 'qemud:network': Invalid argument
12-07 07:22:40.796  1829  1829 E netmgr  : WifiForwarder unable to open QEMU pipe: Invalid argument
12-07 07:22:53.361  1735  1809 E storaged: getDiskStats failed with result NOT_SUPPORTED and size 0
12-07 07:22:57.377  2768  2768 E ClientVe: Failed to create ClientVisualElementsProto for user interaction on view com.google.android.apps.gsa.searchbox.ui.suggestions.views.CoreSuggestionView{5978a59 VFE...CL. ...P.... 0,436-1038,583 #2f9} because the view is not tagged for visual element logging.
12-07 07:23:40.808  1829  1829 E netmgr  : Failed to open QEMU pipe 'qemud:network': Invalid argument
12-07 07:23:40.809  1829  1829 E netmgr  : WifiForwarder unable to open QEMU pipe: Invalid argument
12-07 07:23:53.380  1735  1809 E storaged: getDiskStats failed with result NOT_SUPPORTED and size 0
12-07 07:24:15.419  2378  3082 E ctxmgr  : [ProducerStatusImpl]updateStateForNewContextData: inactive, contextName=7
12-07 07:24:16.580  2378  2378 E BeaconBle: Scan couldn't start for Places
12-07 07:24:17.681  1610  3221 E audio_hw_generic: pcm_open(in) failed: cannot open device '/dev/snd/pcmC0D0c': Device or resource busy: channels 2 format 0 rate 16000
12-07 07:24:27.956  2768  2768 E SpannableStringBuilder: SPAN_EXCLUSIVE_EXCLUSIVE spans cannot have a zero length
12-07 07:24:27.956  2768  2768 E SpannableStringBuilder: SPAN_EXCLUSIVE_EXCLUSIVE spans cannot have a zero length
12-07 07:24:30.569  2888  2888 E SpannableStringBuilder: SPAN_EXCLUSIVE_EXCLUSIVE spans cannot have a zero length
12-07 07:24:30.569  2888  2888 E SpannableStringBuilder: SPAN_EXCLUSIVE_EXCLUSIVE spans cannot have a zero length
12-07 07:24:35.840  2768  2768 E TaskServiceHelper: Cannot execute TaskName.UNKNOWN (or data got corrupted).
12-07 07:24:40.598  2768  2768 E ContextIntentStarter: No activity found for any of the 0 intents
12-07 07:24:40.809  1829  1829 E netmgr  : Failed to open QEMU pipe 'qemud:network': Invalid argument
12-07 07:24:40.812  1829  1829 E netmgr  : WifiForwarder unable to open QEMU pipe: Invalid argument
12-07 07:24:43.730  2768  2768 E SpannableStringBuilder: SPAN_EXCLUSIVE_EXCLUSIVE spans cannot have a zero length
12-07 07:24:43.731  2768  2768 E SpannableStringBuilder: SPAN_EXCLUSIVE_EXCLUSIVE spans cannot have a zero length
12-07 07:24:45.114  1610  3249 E audio_hw_generic: pcm_open(in) failed: cannot open device '/dev/snd/pcmC0D0c': Device or resource busy: channels 2 format 0 rate 16000
12-07 07:24:48.268  2768  2768 E ClientVe: Failed to create ClientVisualElementsProto for user interaction on view com.google.android.apps.gsa.searchbox.ui.suggestions.views.CoreSuggestionView{477ee97 VFE...CL. ...P.... 0,583-1038,730 #316} because the view is not tagged for visual element logging.
12-07 07:24:48.809  2768  2768 E ClientVe: Failed to create ClientVisualElementsProto for user interaction on view com.google.android.apps.gsa.searchbox.ui.suggestions.views.CoreSuggestionView{5a43402 VFE...CL. ......ID 0,142-1038,289 #313} because the view is not tagged for visual element logging.
12-07 07:24:49.760  2768  2768 E ClientVe: Failed to create ClientVisualElementsProto for user interaction on view com.google.android.apps.gsa.searchbox.ui.suggestions.views.CoreSuggestionView{477ee97 VFE...CL. ...P.... 0,583-1038,730 #316} because the view is not tagged for visual element logging.
12-07 07:24:50.318  2768  2768 E ClientVe: Failed to create ClientVisualElementsProto for user interaction on view com.google.android.apps.gsa.searchbox.ui.suggestions.views.CoreSuggestionView{370014d VFE...CL. ...P.... 0,-5-1038,142 #312} because the view is not tagged for visual element logging.
12-07 07:24:53.486  1735  1809 E storaged: getDiskStats failed with result NOT_SUPPORTED and size 0
12-07 07:24:54.558  2768  2935 E MicroDetectionWorker: Stale runnable..ignoring
12-07 07:24:55.257  2378  3124 E ctxmgr  : [ProducerStatusImpl]updateStateForNewContextData: inactive, contextName=7
12-07 07:24:55.521  2378  2937 E PlaceInferenceEngine: Position timestamp out of order. Previous: 1544167451661, Current: 1544149495000. Skipping this Position.
12-07 07:24:55.547  2378  2378 E BeaconBle: Scan couldn't start for Places
12-07 07:24:59.914  1992  9017 E putmethod.lati: Invalid ID 0x00000005.
12-07 07:24:59.928  1992  9017 E LstmTrainingCache: emn: Can't get resource name for input slot
12-07 07:24:59.928  1992  9017 E LstmTrainingCache: android.content.res.Resources$NotFoundException: Unable to find resource ID #0x5
12-07 07:24:59.928  1992  9017 E LstmTrainingCache: 	at android.content.res.ResourcesImpl.getResourceName(ResourcesImpl.java:255)
12-07 07:24:59.928  1992  9017 E LstmTrainingCache: 	at android.content.res.Resources.getResourceName(Resources.java:1954)
12-07 07:24:59.928  1992  9017 E LstmTrainingCache: 	at emn.a(PG:12)
12-07 07:24:59.928  1992  9017 E LstmTrainingCache: 	at emk.run(PG:5)
12-07 07:24:59.928  1992  9017 E LstmTrainingCache: 	at java.lang.Thread.run(Thread.java:764)
12-07 07:25:09.488  1992  9017 E putmethod.lati: Invalid ID 0x00000005.
12-07 07:25:09.581  1992  9017 E LstmTrainingCache: emn: Can't get resource name for input slot
12-07 07:25:09.581  1992  9017 E LstmTrainingCache: android.content.res.Resources$NotFoundException: Unable to find resource ID #0x5
12-07 07:25:09.581  1992  9017 E LstmTrainingCache: 	at android.content.res.ResourcesImpl.getResourceName(ResourcesImpl.java:255)
12-07 07:25:09.581  1992  9017 E LstmTrainingCache: 	at android.content.res.Resources.getResourceName(Resources.java:1954)
12-07 07:25:09.581  1992  9017 E LstmTrainingCache: 	at emn.a(PG:12)
12-07 07:25:09.581  1992  9017 E LstmTrainingCache: 	at emk.run(PG:5)
12-07 07:25:09.581  1992  9017 E LstmTrainingCache: 	at java.lang.Thread.run(Thread.java:764)
12-07 07:25:12.097  1610  3266 E audio_hw_generic: pcm_open(in) failed: cannot open device '/dev/snd/pcmC0D0c': Device or resource busy: channels 2 format 0 rate 16000
12-07 07:25:17.822  1992  9017 E putmethod.lati: Invalid ID 0x00000005.
12-07 07:25:17.850  1992  9017 E LstmTrainingCache: emn: Can't get resource name for input slot
12-07 07:25:17.850  1992  9017 E LstmTrainingCache: android.content.res.Resources$NotFoundException: Unable to find resource ID #0x5
12-07 07:25:17.850  1992  9017 E LstmTrainingCache: 	at android.content.res.ResourcesImpl.getResourceName(ResourcesImpl.java:255)
12-07 07:25:17.850  1992  9017 E LstmTrainingCache: 	at android.content.res.Resources.getResourceName(Resources.java:1954)
12-07 07:25:17.850  1992  9017 E LstmTrainingCache: 	at emn.a(PG:12)
12-07 07:25:17.850  1992  9017 E LstmTrainingCache: 	at emk.run(PG:5)
12-07 07:25:17.850  1992  9017 E LstmTrainingCache: 	at java.lang.Thread.run(Thread.java:764)
12-07 07:25:18.690  1992  9017 E putmethod.lati: Invalid ID 0x00000004.
12-07 07:25:18.690  1992  9017 E LstmTrainingCache: emn: Can't get resource name for input slot
12-07 07:25:18.690  1992  9017 E LstmTrainingCache: android.content.res.Resources$NotFoundException: Unable to find resource ID #0x4
12-07 07:25:18.690  1992  9017 E LstmTrainingCache: 	at android.content.res.ResourcesImpl.getResourceName(ResourcesImpl.java:255)
12-07 07:25:18.690  1992  9017 E LstmTrainingCache: 	at android.content.res.Resources.getResourceName(Resources.java:1954)
12-07 07:25:18.690  1992  9017 E LstmTrainingCache: 	at emn.a(PG:12)
12-07 07:25:18.690  1992  9017 E LstmTrainingCache: 	at emk.run(PG:5)
12-07 07:25:18.690  1992  9017 E LstmTrainingCache: 	at java.lang.Thread.run(Thread.java:764)
12-07 07:25:18.800  1992  9017 E putmethod.lati: Invalid ID 0x00000005.
12-07 07:25:18.800  1992  9017 E LstmTrainingCache: emn: Can't get resource name for input slot
12-07 07:25:18.800  1992  9017 E LstmTrainingCache: android.content.res.Resources$NotFoundException: Unable to find resource ID #0x5
12-07 07:25:18.800  1992  9017 E LstmTrainingCache: 	at android.content.res.ResourcesImpl.getResourceName(ResourcesImpl.java:255)
12-07 07:25:18.800  1992  9017 E LstmTrainingCache: 	at android.content.res.Resources.getResourceName(Resources.java:1954)
12-07 07:25:18.800  1992  9017 E LstmTrainingCache: 	at emn.a(PG:12)
12-07 07:25:18.800  1992  9017 E LstmTrainingCache: 	at emk.run(PG:5)
12-07 07:25:18.800  1992  9017 E LstmTrainingCache: 	at java.lang.Thread.run(Thread.java:764)
