--------- beginning of main
--------- beginning of system
12-08 22:52:35.827  1885  1957 E InputDispatcher: channel 'ce4a3dc com.evancharlton.mileage/com.evancharlton.mileage.Mileage (server)' ~ Channel is unrecoverably broken and will be disposed!
12-08 22:52:35.904  1885  1899 E ActivityManager: Failure starting process com.evancharlton.mileage
12-08 22:52:35.904  1885  1899 E ActivityManager: java.lang.SecurityException: Package com.evancharlton.mileage was not found!
12-08 22:52:35.904  1885  1899 E ActivityManager: 	at com.android.server.pm.PackageManagerService.checkPackageStartable(PackageManagerService.java:3987)
12-08 22:52:35.904  1885  1899 E ActivityManager: 	at com.android.server.am.ActivityManagerService.startProcessLocked(ActivityManagerService.java:4234)
12-08 22:52:35.904  1885  1899 E ActivityManager: 	at com.android.server.am.ActivityManagerService.startProcessLocked(ActivityManagerService.java:4199)
12-08 22:52:35.904  1885  1899 E ActivityManager: 	at com.android.server.am.ActivityManagerService.startProcessLocked(ActivityManagerService.java:4181)
12-08 22:52:35.904  1885  1899 E ActivityManager: 	at com.android.server.am.ActivityManagerService.startProcessLocked(ActivityManagerService.java:4067)
12-08 22:52:35.904  1885  1899 E ActivityManager: 	at com.android.server.am.ActivityStackSupervisor.startSpecificActivityLocked(ActivityStackSupervisor.java:1715)
12-08 22:52:35.904  1885  1899 E ActivityManager: 	at com.android.server.am.ActivityStack.resumeTopActivityInnerLocked(ActivityStack.java:2764)
12-08 22:52:35.904  1885  1899 E ActivityManager: 	at com.android.server.am.ActivityStack.resumeTopActivityUncheckedLocked(ActivityStack.java:2302)
12-08 22:52:35.904  1885  1899 E ActivityManager: 	at com.android.server.am.ActivityStackSupervisor.resumeFocusedStackTopActivityLocked(ActivityStackSupervisor.java:2234)
12-08 22:52:35.904  1885  1899 E ActivityManager: 	at com.android.server.am.ActivityStackSupervisor.resumeFocusedStackTopActivityLocked(ActivityStackSupervisor.java:2218)
12-08 22:52:35.904  1885  1899 E ActivityManager: 	at com.android.server.am.ActivityManagerService.handleAppDiedLocked(ActivityManagerService.java:5923)
12-08 22:52:35.904  1885  1899 E ActivityManager: 	at com.android.server.am.ActivityManagerService.removeProcessLocked(ActivityManagerService.java:7501)
12-08 22:52:35.904  1885  1899 E ActivityManager: 	at com.android.server.am.ActivityManagerService.killPackageProcessesLocked(ActivityManagerService.java:7142)
12-08 22:52:35.904  1885  1899 E ActivityManager: 	at com.android.server.am.ActivityManagerService.forceStopPackageLocked(ActivityManagerService.java:7275)
12-08 22:52:35.904  1885  1899 E ActivityManager: 	at com.android.server.am.ActivityManagerService$MainHandler.handleMessage(ActivityManagerService.java:2289)
12-08 22:52:35.904  1885  1899 E ActivityManager: 	at android.os.Handler.dispatchMessage(Handler.java:106)
12-08 22:52:35.904  1885  1899 E ActivityManager: 	at android.os.Looper.loop(Looper.java:193)
12-08 22:52:35.904  1885  1899 E ActivityManager: 	at android.os.HandlerThread.run(HandlerThread.java:65)
12-08 22:52:35.904  1885  1899 E ActivityManager: 	at com.android.server.ServiceThread.run(ServiceThread.java:44)
12-08 22:52:36.025  2342  4708 E IconLoader: Unexpected null component name or activity info: ComponentInfo{com.evancharlton.mileage/com.evancharlton.mileage.Mileage}, null
12-08 22:52:36.835  2378  8304 E ctxmgr  : [ProducerStatusImpl]updateStateForNewContextData: inactive, contextName=7
12-08 22:52:37.121  2378  2378 E BeaconBle: Scan couldn't start for Places
12-08 22:52:38.298  1731  1776 E         : Couldn't opendir /data/app/vmdl912552318.tmp: No such file or directory
12-08 22:52:38.299  1731  1776 E installd: Failed to delete /data/app/vmdl912552318.tmp: No such file or directory
12-08 22:52:39.167  8652  8652 E harlton.mileag: Not starting debugger since process cannot load the jdwp agent.
12-08 22:52:40.189  1994  7294 E putmethod.lati: Invalid ID 0x00000001.
12-08 22:52:40.189  1994  7294 E LstmTrainingCache: emn: Can't get resource name for input slot
12-08 22:52:40.189  1994  7294 E LstmTrainingCache: android.content.res.Resources$NotFoundException: Unable to find resource ID #0x1
12-08 22:52:40.189  1994  7294 E LstmTrainingCache: 	at android.content.res.ResourcesImpl.getResourceName(ResourcesImpl.java:255)
12-08 22:52:40.189  1994  7294 E LstmTrainingCache: 	at android.content.res.Resources.getResourceName(Resources.java:1954)
12-08 22:52:40.189  1994  7294 E LstmTrainingCache: 	at emn.a(PG:12)
12-08 22:52:40.189  1994  7294 E LstmTrainingCache: 	at emk.run(PG:5)
12-08 22:52:40.189  1994  7294 E LstmTrainingCache: 	at java.lang.Thread.run(Thread.java:764)
12-08 22:52:49.492  1885  1898 E memtrack: Couldn't load memtrack module
12-08 22:52:52.874  2378  8551 E ctxmgr  : [ProducerStatusImpl]updateStateForNewContextData: inactive, contextName=7
12-08 22:52:53.113  2378  2378 E BeaconBle: Missing BluetoothAdapter
12-08 22:52:53.187  2378  2378 E BeaconBle: Scan couldn't start for Places
12-08 22:52:55.211  2720  2720 E ContextIntentStarter: No activity found for any of the 0 intents
12-08 22:52:56.558  8712  8712 E viders.calenda: Not starting debugger since process cannot load the jdwp agent.
12-08 22:52:56.639  1629  1629 E android.hardware.wifi@1.0-service: Failed to register radio mode change callback
12-08 22:52:56.650  8728  8728 E ndroid.calenda: Not starting debugger since process cannot load the jdwp agent.
12-08 22:52:56.685  1629  1629 E android.hardware.wifi@1.0-service: Failed to set DFS flag; DFS channels may be unavailable.
12-08 22:52:56.887  1740  1740 E wificond: No Offload Service available
12-08 22:52:56.895  1885  1969 E SupplicantStaIfaceHal: Can't call setupIface, ISupplicantStaIface is null
12-08 22:52:56.934  1885  1898 E GnssLocationProvider: no AGPS interface in set_agps_server
12-08 22:52:57.177  1885  1970 E WifiVendorHal: getBgScanCapabilities(l.671) failed {.code = ERROR_NOT_SUPPORTED, .description = }
12-08 22:52:57.221  1885  1971 E WifiP2pService: Unhandled message { when=-4ms what=131203 target=com.android.internal.util.StateMachine$SmHandler }
12-08 22:52:57.297  1885  1971 E WifiP2pService: Unhandled message { when=-1ms what=131203 target=com.android.internal.util.StateMachine$SmHandler }
12-08 22:52:57.329  1885  1903 E BatteryExternalStatsWorker: no controller energy info supplied for wifi
12-08 22:52:57.445  8708  8708 E wpa_supplicant: nl80211: Failed to open /proc/sys/net/ipv4/conf/p2p-dev-wlan0/drop_unicast_in_l2_multicast: No such file or directory
12-08 22:52:57.445  8708  8708 E wpa_supplicant: nl80211: Failed to set IPv4 unicast in multicast filter
12-08 22:52:57.448  8708  8708 E wpa_supplicant: nl80211: Failed to open /proc/sys/net/ipv4/conf/p2p-dev-wlan0/drop_unicast_in_l2_multicast: No such file or directory
12-08 22:52:57.448  8708  8708 E wpa_supplicant: nl80211: Failed to set IPv4 unicast in multicast filter
12-08 22:52:57.557  8708  8708 E wpa_supplicant: nl80211: Failed to open /proc/sys/net/ipv4/conf/wlan0/drop_unicast_in_l2_multicast: No such file or directory
12-08 22:52:57.557  8708  8708 E wpa_supplicant: nl80211: Failed to set IPv4 unicast in multicast filter
12-08 22:52:57.681  8708  8708 E wpa_supplicant: nl80211: Failed to open /proc/sys/net/ipv4/conf/wlan0/drop_unicast_in_l2_multicast: No such file or directory
12-08 22:52:57.681  8708  8708 E wpa_supplicant: nl80211: Failed to set IPv4 unicast in multicast filter
12-08 22:52:58.004  1629  1629 E android.hardware.wifi@1.0-service: Failed to open directory: Permission denied
12-08 22:52:58.004  1629  1629 E android.hardware.wifi@1.0-service: Error occurred while deleting old tombstone files
12-08 22:52:58.005  1629  1629 E android.hardware.wifi@1.0-service: Error writing files to flash
12-08 22:52:58.236  1885  1969 E SupplicantStaIfaceHal: Can't call setPowerSave, ISupplicantStaIface is null
12-08 22:52:58.240  1885  1969 E SupplicantStaIfaceHal: Can't call setBtCoexistenceMode, ISupplicantStaIface is null
12-08 22:52:58.244  1885  1969 E HalDevMgr: Should have at least 1 chip!
12-08 22:52:58.244  1885  1969 E HalDevMgr: dispatchAvailableForRequestListeners: no chip info found
12-08 22:52:58.252  1885  1969 E SupplicantStaIfaceHal: Can't call listNetworks, ISupplicantStaIface is null
12-08 22:52:58.252  1885  1969 E SupplicantStaIfaceHal: removeAllNetworks failed, got null networks
12-08 22:52:58.252  1885  1969 E WifiStateMachine: Failed to remove networks on exiting connect mode
12-08 22:52:58.255  1885  1971 E WifiP2pService: Unhandled message { when=-2ms what=131204 target=com.android.internal.util.StateMachine$SmHandler }
12-08 22:52:58.263  1885  1970 E WificondControl: No valid wificond scanner interface handler
12-08 22:52:58.264  1885  1903 E BatteryExternalStatsWorker: no controller energy info supplied for wifi
12-08 22:52:58.288  1885  1969 E WifiScanRequestProxy: Scan failure received. reason: -1,description: Scan was interrupted
12-08 22:52:58.301  1885  1903 E BatteryExternalStatsWorker: no controller energy info supplied for wifi
12-08 22:52:58.992  8784  8784 E droid.deskcloc: Not starting debugger since process cannot load the jdwp agent.
12-08 22:52:59.091  8784  8784 E LoadedApk: Unable to instantiate appComponentFactory
12-08 22:52:59.091  8784  8784 E LoadedApk: java.lang.ClassNotFoundException: Didn't find class "android.support.v4.app.CoreComponentFactory" on path: DexPathList[[zip file "/data/app/com.google.android.deskclock-irjeQ48B8SlCzNgOUY6aXg==/base.apk"],nativeLibraryDirectories=[/data/app/com.google.android.deskclock-irjeQ48B8SlCzNgOUY6aXg==/lib/x86, /system/lib]]
12-08 22:52:59.091  8784  8784 E LoadedApk: 	at dalvik.system.BaseDexClassLoader.findClass(BaseDexClassLoader.java:134)
12-08 22:52:59.091  8784  8784 E LoadedApk: 	at java.lang.ClassLoader.loadClass(ClassLoader.java:379)
12-08 22:52:59.091  8784  8784 E LoadedApk: 	at java.lang.ClassLoader.loadClass(ClassLoader.java:312)
12-08 22:52:59.091  8784  8784 E LoadedApk: 	at android.app.LoadedApk.createAppFactory(LoadedApk.java:226)
12-08 22:52:59.091  8784  8784 E LoadedApk: 	at android.app.LoadedApk.createOrUpdateClassLoaderLocked(LoadedApk.java:731)
12-08 22:52:59.091  8784  8784 E LoadedApk: 	at android.app.LoadedApk.getClassLoader(LoadedApk.java:810)
12-08 22:52:59.091  8784  8784 E LoadedApk: 	at android.app.LoadedApk.getResources(LoadedApk.java:1032)
12-08 22:52:59.091  8784  8784 E LoadedApk: 	at android.app.ContextImpl.createAppContext(ContextImpl.java:2345)
12-08 22:52:59.091  8784  8784 E LoadedApk: 	at android.app.ActivityThread.handleBindApplication(ActivityThread.java:5749)
12-08 22:52:59.091  8784  8784 E LoadedApk: 	at android.app.ActivityThread.access$1100(ActivityThread.java:199)
12-08 22:52:59.091  8784  8784 E LoadedApk: 	at android.app.ActivityThread$H.handleMessage(ActivityThread.java:1650)
12-08 22:52:59.091  8784  8784 E LoadedApk: 	at android.os.Handler.dispatchMessage(Handler.java:106)
12-08 22:52:59.091  8784  8784 E LoadedApk: 	at android.os.Looper.loop(Looper.java:193)
12-08 22:52:59.091  8784  8784 E LoadedApk: 	at android.app.ActivityThread.main(ActivityThread.java:6669)
12-08 22:52:59.091  8784  8784 E LoadedApk: 	at java.lang.reflect.Method.invoke(Native Method)
12-08 22:52:59.091  8784  8784 E LoadedApk: 	at com.android.internal.os.RuntimeInit$MethodAndArgsCaller.run(RuntimeInit.java:493)
12-08 22:52:59.091  8784  8784 E LoadedApk: 	at com.android.internal.os.ZygoteInit.main(ZygoteInit.java:858)
12-08 22:53:00.095  8811  8811 E com.ustwo.lwp: Not starting debugger since process cannot load the jdwp agent.
12-08 22:53:00.781  8835  8835 E id.gms.learnin: Not starting debugger since process cannot load the jdwp agent.
12-08 22:53:03.234  2378  8551 E NetworkScheduler.ATC: Called cancelTask for already completed task com.google.android.gms/.learning.training.background.TrainingGcmTaskService{u=0 tag="com.google.android.gms.learning.BACKGROUND_TRAINING_TASK" trigger=window{period=900s,flex=600s,earliest=-590s,latest=9s} requirements=[NET_ANY,CHARGING,DEVICE_IDLE] attributes=[PERSISTED,RECURRING] scheduled=-890s last_run=-2s jid=N/A status=ACTIVE retries=0 client_lib=MANCHEGO_GCM-14799000} :RESCHEDULED
