--------- beginning of system
12-07 01:42:49.618  1735  1809 E storaged: getDiskStats failed with result NOT_SUPPORTED and size 0
12-07 01:43:05.113  1625  1625 E android.hardware.wifi@1.0-service: Failed to open directory: Permission denied
12-07 01:43:05.113  1625  1625 E android.hardware.wifi@1.0-service: Error occurred while deleting old tombstone files
12-07 01:43:05.113  1625  1625 E android.hardware.wifi@1.0-service: Error writing files to flash
--------- beginning of main
12-07 01:43:49.637  1735  1809 E storaged: getDiskStats failed with result NOT_SUPPORTED and size 0
12-07 01:43:56.101  1610 24579 E audio_hw_generic: pcm_open(in) failed: cannot open device '/dev/snd/pcmC0D0c': Device or resource busy: channels 2 format 0 rate 16000
12-07 01:43:56.726 24582 24582 E boxed_process3: Not starting debugger since process cannot load the jdwp agent.
12-07 01:44:06.885  2482 24375 E SQLiteCastStore: Skip saving CastDeviceInfo: "Nearby device" (__cast_nearby___V_41c872d0-aad8-4b18-9bea-e970ccb9893c)
12-07 01:44:10.323  2378 24477 E ctxmgr  : [ProducerStatusImpl]updateStateForNewContextData: inactive, contextName=7
12-07 01:44:10.991  2378  2378 E BeaconBle: Scan couldn't start for Places
12-07 01:44:19.813  1625  1625 E android.hardware.wifi@1.0-service: Failed to register radio mode change callback
12-07 01:44:19.820  1625  1625 E android.hardware.wifi@1.0-service: Failed to set DFS flag; DFS channels may be unavailable.
12-07 01:44:19.858  1736  1736 E wificond: No Offload Service available
12-07 01:44:19.970  1880  1969 E WifiP2pService: Unhandled message { when=0 what=131203 target=com.android.internal.util.StateMachine$SmHandler }
12-07 01:44:19.985  1880  1969 E WifiP2pService: Unhandled message { when=0 what=131203 target=com.android.internal.util.StateMachine$SmHandler }
12-07 01:44:20.000  1880  1900 E BatteryExternalStatsWorker: no controller energy info supplied for wifi
12-07 01:44:20.038  1880  1900 E BatteryExternalStatsWorker: no controller energy info supplied for wifi
12-07 01:44:24.165  1880  1900 E BatteryExternalStatsWorker: no controller energy info supplied for wifi
12-07 01:44:24.964  1733  1824 E Netd    : Error adding route ::/0 -> fe80::ff:fe00:100 wlan0 to table 1003: File exists
12-07 01:44:25.256  2378 24659 E WakeLock: GCM_CONN_ALARM release without a matched acquire!
12-07 01:44:30.275  1880  4995 E NotificationService: Package enqueue rate is 5.1055164. Shedding 0|com.google.android.googlequicksearchbox|393216|h|10036. package=com.google.android.googlequicksearchbox
12-07 01:44:30.647 24415 24415 E WindowManager: 
12-07 01:44:30.647 24415 24415 E WindowManager: android.view.WindowLeaked: Activity com.evancharlton.mileage.FieldActivity has leaked window DecorView@d4552df[FieldActivity] that was originally added here
12-07 01:44:30.647 24415 24415 E WindowManager: 	at android.view.ViewRootImpl.<init>(ViewRootImpl.java:511)
12-07 01:44:30.647 24415 24415 E WindowManager: 	at android.view.WindowManagerGlobal.addView(WindowManagerGlobal.java:346)
12-07 01:44:30.647 24415 24415 E WindowManager: 	at android.view.WindowManagerImpl.addView(WindowManagerImpl.java:93)
12-07 01:44:30.647 24415 24415 E WindowManager: 	at com.android.internal.policy.PhoneWindow.openPanel(PhoneWindow.java:887)
12-07 01:44:30.647 24415 24415 E WindowManager: 	at com.android.internal.policy.PhoneWindow.onKeyUpPanel(PhoneWindow.java:1104)
12-07 01:44:30.647 24415 24415 E WindowManager: 	at com.android.internal.policy.PhoneWindow.onKeyUp(PhoneWindow.java:2007)
12-07 01:44:30.647 24415 24415 E WindowManager: 	at com.android.internal.policy.DecorView.dispatchKeyEvent(DecorView.java:350)
12-07 01:44:30.647 24415 24415 E WindowManager: 	at android.view.ViewRootImpl$ViewPostImeInputStage.processKeyEvent(ViewRootImpl.java:5037)
12-07 01:44:30.647 24415 24415 E WindowManager: 	at android.view.ViewRootImpl$ViewPostImeInputStage.onProcess(ViewRootImpl.java:4905)
12-07 01:44:30.647 24415 24415 E WindowManager: 	at android.view.ViewRootImpl$InputStage.deliver(ViewRootImpl.java:4426)
12-07 01:44:30.647 24415 24415 E WindowManager: 	at android.view.ViewRootImpl$InputStage.onDeliverToNext(ViewRootImpl.java:4479)
12-07 01:44:30.647 24415 24415 E WindowManager: 	at android.view.ViewRootImpl$InputStage.forward(ViewRootImpl.java:4445)
12-07 01:44:30.647 24415 24415 E WindowManager: 	at android.view.ViewRootImpl$AsyncInputStage.forward(ViewRootImpl.java:4585)
12-07 01:44:30.647 24415 24415 E WindowManager: 	at android.view.ViewRootImpl$InputStage.apply(ViewRootImpl.java:4453)
12-07 01:44:30.647 24415 24415 E WindowManager: 	at android.view.ViewRootImpl$AsyncInputStage.apply(ViewRootImpl.java:4642)
12-07 01:44:30.647 24415 24415 E WindowManager: 	at android.view.ViewRootImpl$InputStage.deliver(ViewRootImpl.java:4426)
12-07 01:44:30.647 24415 24415 E WindowManager: 	at android.view.ViewRootImpl$InputStage.onDeliverToNext(ViewRootImpl.java:4479)
12-07 01:44:30.647 24415 24415 E WindowManager: 	at android.view.ViewRootImpl$InputStage.forward(ViewRootImpl.java:4445)
12-07 01:44:30.647 24415 24415 E WindowManager: 	at android.view.ViewRootImpl$InputStage.apply(ViewRootImpl.java:4453)
12-07 01:44:30.647 24415 24415 E WindowManager: 	at android.view.ViewRootImpl$InputStage.deliver(ViewRootImpl.java:4426)
12-07 01:44:30.647 24415 24415 E WindowManager: 	at android.view.ViewRootImpl$InputStage.onDeliverToNext(ViewRootImpl.java:4479)
12-07 01:44:30.647 24415 24415 E WindowManager: 	at android.view.ViewRootImpl$InputStage.forward(ViewRootImpl.java:4445)
12-07 01:44:30.647 24415 24415 E WindowManager: 	at android.view.ViewRootImpl$AsyncInputStage.forward(ViewRootImpl.java:4618)
12-07 01:44:30.647 24415 24415 E WindowManager: 	at android.view.ViewRootImpl$ImeInputStage.onFinishedInputEvent(ViewRootImpl.java:4779)
12-07 01:44:30.647 24415 24415 E WindowManager: 	at android.view.inputmethod.InputMethodManager$PendingEvent.run(InputMethodManager.java:2571)
12-07 01:44:30.647 24415 24415 E WindowManager: 	at android.view.inputmethod.InputMethodManager.invokeFinishedInputEventCallback(InputMethodManager.java:2081)
12-07 01:44:30.647 24415 24415 E WindowManager: 	at android.view.inputmethod.InputMethodManager.finishedInputEvent(InputMethodManager.java:2072)
12-07 01:44:30.647 24415 24415 E WindowManager: 	at android.view.inputmethod.InputMethodManager$ImeInputEventSender.onInputEventFinished(InputMethodManager.java:2548)
12-07 01:44:30.647 24415 24415 E WindowManager: 	at android.view.InputEventSender.dispatchInputEventFinished(InputEventSender.java:141)
12-07 01:44:30.647 24415 24415 E WindowManager: 	at android.os.MessageQueue.nativePollOnce(Native Method)
12-07 01:44:30.647 24415 24415 E WindowManager: 	at android.os.MessageQueue.next(MessageQueue.java:326)
12-07 01:44:30.647 24415 24415 E WindowManager: 	at android.os.Looper.loop(Looper.java:160)
12-07 01:44:30.647 24415 24415 E WindowManager: 	at android.app.ActivityThread.main(ActivityThread.java:6669)
12-07 01:44:30.647 24415 24415 E WindowManager: 	at java.lang.reflect.Method.invoke(Native Method)
12-07 01:44:30.647 24415 24415 E WindowManager: 	at com.android.internal.os.RuntimeInit$MethodAndArgsCaller.run(RuntimeInit.java:493)
12-07 01:44:30.647 24415 24415 E WindowManager: 	at com.android.internal.os.ZygoteInit.main(ZygoteInit.java:858)
12-07 01:44:39.910  1829  1829 E netmgr  : Failed to open QEMU pipe 'qemud:network': Invalid argument
12-07 01:44:39.910  1829  1829 E netmgr  : WifiForwarder unable to open QEMU pipe: Invalid argument
12-07 01:44:40.877  2378 24477 E ctxmgr  : [ProducerStatusImpl]updateStateForNewContextData: inactive, contextName=7
12-07 01:44:40.929  2378 24477 E ctxmgr  : [ProducerStatusImpl]updateStateForNewContextData: inactive, contextName=1
12-07 01:44:41.155  2378  2378 E BeaconBle: Missing BluetoothAdapter
12-07 01:44:41.169  2378  2378 E BeaconBle: Scan couldn't start for Places
12-07 01:44:48.169  1610 24691 E audio_hw_generic: pcm_open(in) failed: cannot open device '/dev/snd/pcmC0D0c': Device or resource busy: channels 2 format 0 rate 16000
12-07 01:44:48.688 24694 24694 E dboxed_process: Not starting debugger since process cannot load the jdwp agent.
12-07 01:44:49.647  1735  1809 E storaged: getDiskStats failed with result NOT_SUPPORTED and size 0
12-07 01:45:06.762 24415 24415 E SpannableStringBuilder: SPAN_EXCLUSIVE_EXCLUSIVE spans cannot have a zero length
12-07 01:45:06.762 24415 24415 E SpannableStringBuilder: SPAN_EXCLUSIVE_EXCLUSIVE spans cannot have a zero length
12-07 01:45:17.789  2768  2768 E ClientVe: Failed to create ClientVisualElementsProto for user interaction on view com.google.android.apps.gsa.searchbox.ui.suggestions.views.CoreSuggestionView{561e37c VFE...CL. ...P.... 0,-5-1038,142 #2a3} because the view is not tagged for visual element logging.
12-07 01:45:17.879  2768  2768 E ClientVe: Failed to create ClientVisualElementsProto for user interaction on view com.google.android.apps.gsa.searchbox.ui.suggestions.views.CoreSuggestionView{bd50e8b VFE...CL. ...P.... 0,436-1038,583 #2a6} because the view is not tagged for visual element logging.
12-07 01:45:18.011  2768  2768 E ClientVe: Failed to create ClientVisualElementsProto for user interaction on view com.google.android.apps.gsa.searchbox.ui.suggestions.views.CoreSuggestionView{561e37c VFE...CL. ...P.... 0,-5-1038,142 #2a3} because the view is not tagged for visual element logging.
12-07 01:45:19.729  1610 24738 E audio_hw_generic: pcm_open(in) failed: cannot open device '/dev/snd/pcmC0D0c': Device or resource busy: channels 2 format 0 rate 16000
12-07 01:45:34.665  2378  2378 E BeaconBle: Scan couldn't start for Places
12-07 01:45:36.185  1736  1736 E wificond: Receive ERROR message in response to 'stop scheduled scan' request: Operation not supported on transport endpoint
12-07 01:45:36.349 24634 24634 E wpa_supplicant: nl80211: Failed to open /proc/sys/net/ipv4/conf/p2p-dev-wlan0/drop_unicast_in_l2_multicast: No such file or directory
12-07 01:45:36.349 24634 24634 E wpa_supplicant: nl80211: Failed to set IPv4 unicast in multicast filter
12-07 01:45:36.382 24634 24634 E wpa_supplicant: nl80211: Failed to open /proc/sys/net/ipv4/conf/p2p-dev-wlan0/drop_unicast_in_l2_multicast: No such file or directory
12-07 01:45:36.388 24634 24634 E wpa_supplicant: nl80211: Failed to set IPv4 unicast in multicast filter
12-07 01:45:36.505 24634 24634 E wpa_supplicant: nl80211: Failed to open /proc/sys/net/ipv4/conf/wlan0/drop_unicast_in_l2_multicast: No such file or directory
12-07 01:45:36.505 24634 24634 E wpa_supplicant: nl80211: Failed to set IPv4 unicast in multicast filter
12-07 01:45:36.506 24634 24634 E wpa_supplicant: nl80211: Failed to open /proc/sys/net/ipv4/conf/wlan0/drop_unicast_in_l2_multicast: No such file or directory
12-07 01:45:36.506 24634 24634 E wpa_supplicant: nl80211: Failed to set IPv4 unicast in multicast filter
12-07 01:45:36.594 24634 24634 E wpa_supplicant: nl80211: Failed to open /proc/sys/net/ipv4/conf/wlan0/drop_unicast_in_l2_multicast: No such file or directory
12-07 01:45:36.594 24634 24634 E wpa_supplicant: nl80211: Failed to set IPv4 unicast in multicast filter
12-07 01:45:36.878  1625  1625 E android.hardware.wifi@1.0-service: Failed to open directory: Permission denied
12-07 01:45:36.879  1625  1625 E android.hardware.wifi@1.0-service: Error occurred while deleting old tombstone files
12-07 01:45:36.879  1625  1625 E android.hardware.wifi@1.0-service: Error writing files to flash
12-07 01:45:37.206  1880  1969 E WifiP2pService: Unhandled message { when=-1ms what=131204 target=com.android.internal.util.StateMachine$SmHandler }
12-07 01:45:37.246  1880  1900 E BatteryExternalStatsWorker: no controller energy info supplied for wifi
12-07 01:45:37.302  1880  1900 E BatteryExternalStatsWorker: no controller energy info supplied for wifi
12-07 01:45:37.323  2378 24659 E WakeLock: GCM_HB_ALARM release without a matched acquire!
12-07 01:45:37.381  2378 24659 E GCM     : Connection closed with errorCode 20
12-07 01:45:37.466  2378 24659 E WakeLock: GCM_CONN_ALARM release without a matched acquire!
12-07 01:45:39.817  1610 24764 E audio_hw_generic: pcm_open(in) failed: cannot open device '/dev/snd/pcmC0D0c': Device or resource busy: channels 2 format 0 rate 16000
12-07 01:45:39.914  1829  1829 E netmgr  : Failed to open QEMU pipe 'qemud:network': Invalid argument
12-07 01:45:39.915  1829  1829 E netmgr  : WifiForwarder unable to open QEMU pipe: Invalid argument
12-07 01:45:48.017  1880  1899 E libprocessgroup: Error encountered killing process cgroup uid 99080 pid 24694: No such file or directory
12-07 01:45:49.676  1735  1809 E storaged: getDiskStats failed with result NOT_SUPPORTED and size 0
