--------- beginning of main
--------- beginning of system
12-08 02:19:07.744  4918  4918 E oid.documentsu: Not starting debugger since process cannot load the jdwp agent.
12-08 02:19:07.745  4927  4927 E ndroid.keychai: Not starting debugger since process cannot load the jdwp agent.
12-08 02:19:09.876  4985  4985 E droid.apps.doc: Not starting debugger since process cannot load the jdwp agent.
12-08 02:19:12.890  5017  5017 E ocess.gservice: Not starting debugger since process cannot load the jdwp agent.
12-08 02:19:14.832  4985  4985 E DocsApplication: [main] No default account found during application creation.
12-08 02:19:14.981  1729  1945 E         : Couldn't opendir /data/app/vmdl628899819.tmp: No such file or directory
12-08 02:19:14.981  1729  1945 E installd: Failed to delete /data/app/vmdl628899819.tmp: No such file or directory
12-08 02:19:18.830  1829  1829 E netmgr  : Failed to open QEMU pipe 'qemud:network': Invalid argument
12-08 02:19:18.831  1829  1829 E netmgr  : WifiForwarder unable to open QEMU pipe: Invalid argument
12-08 02:19:19.036  5071  5071 E harlton.mileag: Not starting debugger since process cannot load the jdwp agent.
12-08 02:19:20.260  3953  4101 E MicroDetectionWorker: Stale runnable..ignoring
12-08 02:19:21.341 16506 16506 E BeaconBle: Missing BluetoothAdapter
12-08 02:19:21.429 16506 16506 E BeaconBle: Scan couldn't start for Places
12-08 02:19:21.744 16085 31762 E putmethod.lati: Invalid ID 0x00000001.
12-08 02:19:21.751 16085 31762 E LstmTrainingCache: emn: Can't get resource name for input slot
12-08 02:19:21.751 16085 31762 E LstmTrainingCache: android.content.res.Resources$NotFoundException: Unable to find resource ID #0x1
12-08 02:19:21.751 16085 31762 E LstmTrainingCache: 	at android.content.res.ResourcesImpl.getResourceName(ResourcesImpl.java:255)
12-08 02:19:21.751 16085 31762 E LstmTrainingCache: 	at android.content.res.Resources.getResourceName(Resources.java:1954)
12-08 02:19:21.751 16085 31762 E LstmTrainingCache: 	at emn.a(PG:12)
12-08 02:19:21.751 16085 31762 E LstmTrainingCache: 	at emk.run(PG:5)
12-08 02:19:21.751 16085 31762 E LstmTrainingCache: 	at java.lang.Thread.run(Thread.java:764)
12-08 02:19:21.953 16506  4216 E ctxmgr  : [AppIntervalImpl]closeInterval: ongoing
12-08 02:19:21.960 16506  4216 E ctxmgr  : [AppIntervalImpl]closeInterval: ongoing
12-08 02:19:24.965  1632  1632 E lowmemorykiller: Error writing /proc/4643/oom_score_adj; errno=22
12-08 02:19:31.695  5106  5106 E emui:screensho: Not starting debugger since process cannot load the jdwp agent.
12-08 02:19:32.259  5106  5106 E SoundPool: error loading /product/media/audio/ui/camera_click.ogg
12-08 02:19:32.542  1724  2165 E SurfaceFlinger: ro.sf.lcd_density must be defined as a build property
12-08 02:19:32.576  1739  2097 E OMXNodeInstance: getConfig(0xee326c00:google.vorbis.decoder, ConfigAndroidVendorExtension(0x6f100004)) ERROR: Undefined(0x80001001)
12-08 02:19:32.699  1724  1863 E SurfaceFlinger: ro.sf.lcd_density must be defined as a build property
12-08 02:19:35.341  5139  5139 E d.process.medi: Not starting debugger since process cannot load the jdwp agent.
12-08 02:19:37.031 16085 16085 E RecyclerView: No adapter attached; skipping layout
12-08 02:19:37.190  1737  1809 E storaged: getDiskStats failed with result NOT_SUPPORTED and size 0
12-08 02:19:37.459 16506 16506 E BeaconBle: Missing BluetoothAdapter
12-08 02:19:37.560 16506 16506 E BeaconBle: Scan couldn't start for Places
12-08 02:19:48.391  5175  5175 E oid.apps.photo: Not starting debugger since process cannot load the jdwp agent.
12-08 02:19:58.370  3953  3953 E ContextIntentStarter: No activity found for any of the 0 intents
12-08 02:20:01.861 16788 17129 E PlayCommon: [121] com.google.android.play.b.g.a(448): Failed to connect to server: java.net.UnknownHostException: Unable to resolve host "play.googleapis.com": No address associated with hostname
12-08 02:20:12.456 16506  2819 E ctxmgr  : [AppIntervalImpl]closeInterval: ongoing
12-08 02:20:12.467 16506  2819 E ctxmgr  : [AppIntervalImpl]closeInterval: ongoing
12-08 02:20:13.582  5237  5237 E dboxed_process: Not starting debugger since process cannot load the jdwp agent.
12-08 02:20:18.850  1829  1829 E netmgr  : Failed to open QEMU pipe 'qemud:network': Invalid argument
12-08 02:20:18.850  1829  1829 E netmgr  : WifiForwarder unable to open QEMU pipe: Invalid argument
12-08 02:20:36.771  5267  5267 E id.partnersetu: Not starting debugger since process cannot load the jdwp agent.
12-08 02:20:37.210  1737  1809 E storaged: getDiskStats failed with result NOT_SUPPORTED and size 0
12-08 02:21:18.866  1829  1829 E netmgr  : Failed to open QEMU pipe 'qemud:network': Invalid argument
12-08 02:21:18.866  1829  1829 E netmgr  : WifiForwarder unable to open QEMU pipe: Invalid argument
12-08 02:21:37.214  1737  1809 E storaged: getDiskStats failed with result NOT_SUPPORTED and size 0
12-08 02:22:18.875  1829  1829 E netmgr  : Failed to open QEMU pipe 'qemud:network': Invalid argument
12-08 02:22:18.875  1829  1829 E netmgr  : WifiForwarder unable to open QEMU pipe: Invalid argument
12-08 02:22:37.214  1737  1809 E storaged: getDiskStats failed with result NOT_SUPPORTED and size 0
12-08 02:23:18.891  1829  1829 E netmgr  : Failed to open QEMU pipe 'qemud:network': Invalid argument
12-08 02:23:18.891  1829  1829 E netmgr  : WifiForwarder unable to open QEMU pipe: Invalid argument
12-08 02:23:37.215  1737  1809 E storaged: getDiskStats failed with result NOT_SUPPORTED and size 0
12-08 02:23:55.926 15976 15994 E BluetoothAdapter: Bluetooth binder is null
12-08 02:23:55.931 15976 15994 E BatteryExternalStatsWorker: no controller energy info supplied for wifi
12-08 02:23:58.756 15976 15989 E memtrack: Couldn't load memtrack module
