--------- beginning of main
--------- beginning of system
12-07 21:03:45.939 30776 30776 E ndroid.keychai: Not starting debugger since process cannot load the jdwp agent.
12-07 21:03:46.034 30793 30793 E oid.documentsu: Not starting debugger since process cannot load the jdwp agent.
12-07 21:03:46.840 30835 30835 E droid.apps.doc: Not starting debugger since process cannot load the jdwp agent.
12-07 21:03:48.201 30855 30855 E id.defcontaine: Not starting debugger since process cannot load the jdwp agent.
12-07 21:03:48.955 30882 30882 E d.process.medi: Not starting debugger since process cannot load the jdwp agent.
12-07 21:03:50.014 30835 30835 E DocsApplication: [main] No default account found during application creation.
12-07 21:03:51.894  1729  1931 E         : Couldn't opendir /data/app/vmdl483373177.tmp: No such file or directory
12-07 21:03:51.894  1729  1931 E installd: Failed to delete /data/app/vmdl483373177.tmp: No such file or directory
12-07 21:03:54.107 16506 16506 E BeaconBle: Missing BluetoothAdapter
12-07 21:03:54.159 16506 16506 E BeaconBle: Scan couldn't start for Places
12-07 21:03:54.482 30936 30936 E .android.chrom: Not starting debugger since process cannot load the jdwp agent.
12-07 21:03:54.846 15927 30950 E audio_hw_generic: pcm_open(in) failed: cannot open device '/dev/snd/pcmC0D0c': Device or resource busy: channels 2 format 0 rate 16000
12-07 21:03:57.592 30969 30969 E harlton.mileag: Not starting debugger since process cannot load the jdwp agent.
12-07 21:03:57.875 16506 30672 E ctxmgr  : [AppIntervalImpl]closeInterval: stopTimeMillis invalid, stop=1544234637875, start=1544238227857
12-07 21:03:57.881 16506 30672 E ctxmgr  : [AppIntervalImpl]closeInterval: stopTimeMillis invalid, stop=1544234637881, start=1544238227858
12-07 21:04:05.512 31004 31004 E emui:screensho: Not starting debugger since process cannot load the jdwp agent.
12-07 21:04:06.040 31004 31004 E SoundPool: error loading /product/media/audio/ui/camera_click.ogg
12-07 21:04:06.268  1724  2165 E SurfaceFlinger: ro.sf.lcd_density must be defined as a build property
12-07 21:04:06.372  1739  1778 E OMXNodeInstance: getConfig(0xee326de0:google.vorbis.decoder, ConfigAndroidVendorExtension(0x6f100004)) ERROR: Undefined(0x80001001)
12-07 21:04:06.483  1724  1766 E SurfaceFlinger: ro.sf.lcd_density must be defined as a build property
12-07 21:04:08.925 31036 31036 E d.process.medi: Not starting debugger since process cannot load the jdwp agent.
12-07 21:04:10.413  1829  1829 E netmgr  : Failed to open QEMU pipe 'qemud:network': Invalid argument
12-07 21:04:10.414  1829  1829 E netmgr  : WifiForwarder unable to open QEMU pipe: Invalid argument
12-07 21:04:19.576 31063 31063 E oid.apps.photo: Not starting debugger since process cannot load the jdwp agent.
12-07 21:04:20.507 31081 31081 E ocess.gservice: Not starting debugger since process cannot load the jdwp agent.
12-07 21:04:32.115  1737  1809 E storaged: getDiskStats failed with result NOT_SUPPORTED and size 0
12-07 21:04:34.004 30969 31130 E SQLiteLog: (1) no such table: fillups
12-07 21:04:34.035 30969 31130 E DatabaseUpgrader: Couldn't upgrade database!
12-07 21:04:34.035 30969 31130 E DatabaseUpgrader: android.database.sqlite.SQLiteException: no such table: fillups (code 1 SQLITE_ERROR): , while compiling: ALTER TABLE fillups ADD COLUMN is_partial INTEGER;
12-07 21:04:34.035 30969 31130 E DatabaseUpgrader: 	at android.database.sqlite.SQLiteConnection.nativePrepareStatement(Native Method)
12-07 21:04:34.035 30969 31130 E DatabaseUpgrader: 	at android.database.sqlite.SQLiteConnection.acquirePreparedStatement(SQLiteConnection.java:903)
12-07 21:04:34.035 30969 31130 E DatabaseUpgrader: 	at android.database.sqlite.SQLiteConnection.prepare(SQLiteConnection.java:514)
12-07 21:04:34.035 30969 31130 E DatabaseUpgrader: 	at android.database.sqlite.SQLiteSession.prepare(SQLiteSession.java:588)
12-07 21:04:34.035 30969 31130 E DatabaseUpgrader: 	at android.database.sqlite.SQLiteProgram.<init>(SQLiteProgram.java:58)
12-07 21:04:34.035 30969 31130 E DatabaseUpgrader: 	at android.database.sqlite.SQLiteStatement.<init>(SQLiteStatement.java:31)
12-07 21:04:34.035 30969 31130 E DatabaseUpgrader: 	at android.database.sqlite.SQLiteDatabase.executeSql(SQLiteDatabase.java:1769)
12-07 21:04:34.035 30969 31130 E DatabaseUpgrader: 	at android.database.sqlite.SQLiteDatabase.execSQL(SQLiteDatabase.java:1698)
12-07 21:04:34.035 30969 31130 E DatabaseUpgrader: 	at com.evancharlton.mileage.provider.DatabaseUpgrader.exec(DatabaseUpgrader.java:105)
12-07 21:04:34.035 30969 31130 E DatabaseUpgrader: 	at com.evancharlton.mileage.provider.DatabaseUpgrader.upgradeDatabase(DatabaseUpgrader.java:44)
12-07 21:04:34.035 30969 31130 E DatabaseUpgrader: 	at com.evancharlton.mileage.provider.DatabaseUpgrader.upgradeDatabase(DatabaseUpgrader.java:89)
12-07 21:04:34.035 30969 31130 E DatabaseUpgrader: 	at com.evancharlton.mileage.tasks.DbImportTask.upgradeDatabase(DbImportTask.java:77)
12-07 21:04:34.035 30969 31130 E DatabaseUpgrader: 	at com.evancharlton.mileage.tasks.DbImportTask.doInBackground(DbImportTask.java:43)
12-07 21:04:34.035 30969 31130 E DatabaseUpgrader: 	at com.evancharlton.mileage.tasks.DbImportTask.doInBackground(DbImportTask.java:20)
12-07 21:04:34.035 30969 31130 E DatabaseUpgrader: 	at android.os.AsyncTask$2.call(AsyncTask.java:333)
12-07 21:04:34.035 30969 31130 E DatabaseUpgrader: 	at java.util.concurrent.FutureTask.run(FutureTask.java:266)
12-07 21:04:34.035 30969 31130 E DatabaseUpgrader: 	at java.util.concurrent.ThreadPoolExecutor.runWorker(ThreadPoolExecutor.java:1167)
12-07 21:04:34.035 30969 31130 E DatabaseUpgrader: 	at java.util.concurrent.ThreadPoolExecutor$Worker.run(ThreadPoolExecutor.java:641)
12-07 21:04:34.035 30969 31130 E DatabaseUpgrader: 	at java.lang.Thread.run(Thread.java:764)
12-07 21:04:35.613 16561 16561 E ContextIntentStarter: No activity found for any of the 0 intents
12-07 21:04:35.933 29666 29666 E wpa_supplicant: nl80211: Failed to open /proc/sys/net/ipv4/conf/p2p-dev-wlan0/drop_unicast_in_l2_multicast: No such file or directory
12-07 21:04:35.952 29666 29666 E wpa_supplicant: nl80211: Failed to set IPv4 unicast in multicast filter
12-07 21:04:35.978 29666 29666 E wpa_supplicant: nl80211: Failed to open /proc/sys/net/ipv4/conf/p2p-dev-wlan0/drop_unicast_in_l2_multicast: No such file or directory
12-07 21:04:35.978 29666 29666 E wpa_supplicant: nl80211: Failed to set IPv4 unicast in multicast filter
12-07 21:04:36.096 29666 29666 E wpa_supplicant: nl80211: Failed to open /proc/sys/net/ipv4/conf/wlan0/drop_unicast_in_l2_multicast: No such file or directory
12-07 21:04:36.096 29666 29666 E wpa_supplicant: nl80211: Failed to set IPv4 unicast in multicast filter
12-07 21:04:36.097 29666 29666 E wpa_supplicant: nl80211: Failed to open /proc/sys/net/ipv4/conf/wlan0/drop_unicast_in_l2_multicast: No such file or directory
12-07 21:04:36.101 29666 29666 E wpa_supplicant: nl80211: Failed to set IPv4 unicast in multicast filter
12-07 21:04:36.188 29666 29666 E wpa_supplicant: nl80211: Failed to open /proc/sys/net/ipv4/conf/wlan0/drop_unicast_in_l2_multicast: No such file or directory
12-07 21:04:36.188 29666 29666 E wpa_supplicant: nl80211: Failed to set IPv4 unicast in multicast filter
12-07 21:04:36.443 31141 31141 E rrierdefaultap: Not starting debugger since process cannot load the jdwp agent.
12-07 21:04:36.473  1628  1628 E android.hardware.wifi@1.0-service: Failed to open directory: Permission denied
12-07 21:04:36.473  1628  1628 E android.hardware.wifi@1.0-service: Error occurred while deleting old tombstone files
12-07 21:04:36.473  1628  1628 E android.hardware.wifi@1.0-service: Error writing files to flash
12-07 21:04:37.503 15976 16055 E WifiP2pService: Unhandled message { when=-2ms what=131204 target=com.android.internal.util.StateMachine$SmHandler }
12-07 21:04:37.538 15976 15994 E BatteryExternalStatsWorker: no controller energy info supplied for wifi
12-07 21:04:37.660 31163 31163 E viders.calenda: Not starting debugger since process cannot load the jdwp agent.
12-07 21:04:37.698 16506 31159 E WakeLock: GCM_HB_ALARM release without a matched acquire!
12-07 21:04:37.737 16506 31159 E WakeLock: GCM_CONN_ALARM release without a matched acquire!
12-07 21:04:38.131 31180 31180 E ndroid.calenda: Not starting debugger since process cannot load the jdwp agent.
12-07 21:04:38.562  1628  1628 E android.hardware.wifi@1.0-service: Failed to register radio mode change callback
12-07 21:04:38.574  1628  1628 E android.hardware.wifi@1.0-service: Failed to set DFS flag; DFS channels may be unavailable.
12-07 21:04:38.744 15926 15926 E wificond: No Offload Service available
12-07 21:04:39.124 15976 16055 E WifiP2pService: Unhandled message { when=0 what=131203 target=com.android.internal.util.StateMachine$SmHandler }
12-07 21:04:39.164 15976 16055 E WifiP2pService: Unhandled message { when=-1ms what=131203 target=com.android.internal.util.StateMachine$SmHandler }
12-07 21:04:39.274 15976 15994 E BatteryExternalStatsWorker: no controller energy info supplied for wifi
12-07 21:04:39.313 15976 15994 E BatteryExternalStatsWorker: no controller energy info supplied for wifi
12-07 21:04:39.934 31228 31228 E droid.deskcloc: Not starting debugger since process cannot load the jdwp agent.
12-07 21:04:40.538 31228 31228 E LoadedApk: Unable to instantiate appComponentFactory
12-07 21:04:40.538 31228 31228 E LoadedApk: java.lang.ClassNotFoundException: Didn't find class "android.support.v4.app.CoreComponentFactory" on path: DexPathList[[zip file "/data/app/com.google.android.deskclock-irjeQ48B8SlCzNgOUY6aXg==/base.apk"],nativeLibraryDirectories=[/data/app/com.google.android.deskclock-irjeQ48B8SlCzNgOUY6aXg==/lib/x86, /system/lib]]
12-07 21:04:40.538 31228 31228 E LoadedApk: 	at dalvik.system.BaseDexClassLoader.findClass(BaseDexClassLoader.java:134)
12-07 21:04:40.538 31228 31228 E LoadedApk: 	at java.lang.ClassLoader.loadClass(ClassLoader.java:379)
12-07 21:04:40.538 31228 31228 E LoadedApk: 	at java.lang.ClassLoader.loadClass(ClassLoader.java:312)
12-07 21:04:40.538 31228 31228 E LoadedApk: 	at android.app.LoadedApk.createAppFactory(LoadedApk.java:226)
12-07 21:04:40.538 31228 31228 E LoadedApk: 	at android.app.LoadedApk.createOrUpdateClassLoaderLocked(LoadedApk.java:731)
12-07 21:04:40.538 31228 31228 E LoadedApk: 	at android.app.LoadedApk.getClassLoader(LoadedApk.java:810)
12-07 21:04:40.538 31228 31228 E LoadedApk: 	at android.app.LoadedApk.getResources(LoadedApk.java:1032)
12-07 21:04:40.538 31228 31228 E LoadedApk: 	at android.app.ContextImpl.createAppContext(ContextImpl.java:2345)
12-07 21:04:40.538 31228 31228 E LoadedApk: 	at android.app.ActivityThread.handleBindApplication(ActivityThread.java:5749)
12-07 21:04:40.538 31228 31228 E LoadedApk: 	at android.app.ActivityThread.access$1100(ActivityThread.java:199)
12-07 21:04:40.538 31228 31228 E LoadedApk: 	at android.app.ActivityThread$H.handleMessage(ActivityThread.java:1650)
12-07 21:04:40.538 31228 31228 E LoadedApk: 	at android.os.Handler.dispatchMessage(Handler.java:106)
12-07 21:04:40.538 31228 31228 E LoadedApk: 	at android.os.Looper.loop(Looper.java:193)
12-07 21:04:40.538 31228 31228 E LoadedApk: 	at android.app.ActivityThread.main(ActivityThread.java:6669)
12-07 21:04:40.538 31228 31228 E LoadedApk: 	at java.lang.reflect.Method.invoke(Native Method)
12-07 21:04:40.538 31228 31228 E LoadedApk: 	at com.android.internal.os.RuntimeInit$MethodAndArgsCaller.run(RuntimeInit.java:493)
12-07 21:04:40.538 31228 31228 E LoadedApk: 	at com.android.internal.os.ZygoteInit.main(ZygoteInit.java:858)
12-07 21:04:41.359 31258 31258 E com.ustwo.lwp: Not starting debugger since process cannot load the jdwp agent.
12-07 21:04:41.850 16506 31276 E WakeLock: GCM_HB_ALARM release without a matched acquire!
12-07 21:04:41.875 16506 31276 E WakeLock: GCM_CONN_ALARM release without a matched acquire!
12-07 21:04:42.596 31284 31284 E id.gms.learnin: Not starting debugger since process cannot load the jdwp agent.
12-07 21:04:43.801 15976 15994 E BatteryExternalStatsWorker: no controller energy info supplied for wifi
12-07 21:04:44.405 31315 31315 E oid.apps.photo: Not starting debugger since process cannot load the jdwp agent.
12-07 21:04:44.539 16506 31314 E WakeLock: GCM_CONN_ALARM release without a matched acquire!
12-07 21:04:44.626 15925 15942 E Netd    : Error adding route ::/0 -> fe80::ff:fe00:100 wlan0 to table 1003: File exists
12-07 21:04:46.638 31366 31366 E e.process.gapp: Not starting debugger since process cannot load the jdwp agent.
12-07 21:04:47.190 31381 31381 E id.gms.unstabl: Not starting debugger since process cannot load the jdwp agent.
12-07 21:04:50.332 15927 31425 E audio_hw_generic: pcm_open(in) failed: cannot open device '/dev/snd/pcmC0D0c': Device or resource busy: channels 2 format 0 rate 16000
12-07 21:04:54.951 31443 31443 E ndroid.calenda: Not starting debugger since process cannot load the jdwp agent.
12-07 21:05:10.424  1829  1829 E netmgr  : Failed to open QEMU pipe 'qemud:network': Invalid argument
12-07 21:05:10.425  1829  1829 E netmgr  : WifiForwarder unable to open QEMU pipe: Invalid argument
12-07 21:05:32.137  1737  1809 E storaged: getDiskStats failed with result NOT_SUPPORTED and size 0
12-07 21:05:56.323  1632  1632 E lowmemorykiller: Error writing /proc/31315/oom_score_adj; errno=22
12-07 21:06:10.429  1829  1829 E netmgr  : Failed to open QEMU pipe 'qemud:network': Invalid argument
12-07 21:06:10.429  1829  1829 E netmgr  : WifiForwarder unable to open QEMU pipe: Invalid argument
12-07 21:06:32.143  1737  1809 E storaged: getDiskStats failed with result NOT_SUPPORTED and size 0
12-07 21:07:10.431  1829  1829 E netmgr  : Failed to open QEMU pipe 'qemud:network': Invalid argument
12-07 21:07:10.432  1829  1829 E netmgr  : WifiForwarder unable to open QEMU pipe: Invalid argument
