--------- beginning of system
12-07 01:39:41.642  1880  1896 E ActivityManager: Failure starting process com.evancharlton.mileage
12-07 01:39:41.642  1880  1896 E ActivityManager: java.lang.SecurityException: Package com.evancharlton.mileage is currently frozen!
12-07 01:39:41.642  1880  1896 E ActivityManager: 	at com.android.server.pm.PackageManagerService.checkPackageStartable(PackageManagerService.java:4000)
12-07 01:39:41.642  1880  1896 E ActivityManager: 	at com.android.server.am.ActivityManagerService.startProcessLocked(ActivityManagerService.java:4234)
12-07 01:39:41.642  1880  1896 E ActivityManager: 	at com.android.server.am.ActivityManagerService.startProcessLocked(ActivityManagerService.java:4199)
12-07 01:39:41.642  1880  1896 E ActivityManager: 	at com.android.server.am.ActivityManagerService.startProcessLocked(ActivityManagerService.java:4181)
12-07 01:39:41.642  1880  1896 E ActivityManager: 	at com.android.server.am.ActivityManagerService.startProcessLocked(ActivityManagerService.java:4067)
12-07 01:39:41.642  1880  1896 E ActivityManager: 	at com.android.server.am.ActivityStackSupervisor.startSpecificActivityLocked(ActivityStackSupervisor.java:1715)
12-07 01:39:41.642  1880  1896 E ActivityManager: 	at com.android.server.am.ActivityStack.resumeTopActivityInnerLocked(ActivityStack.java:2764)
12-07 01:39:41.642  1880  1896 E ActivityManager: 	at com.android.server.am.ActivityStack.resumeTopActivityUncheckedLocked(ActivityStack.java:2302)
12-07 01:39:41.642  1880  1896 E ActivityManager: 	at com.android.server.am.ActivityStackSupervisor.resumeFocusedStackTopActivityLocked(ActivityStackSupervisor.java:2234)
12-07 01:39:41.642  1880  1896 E ActivityManager: 	at com.android.server.am.ActivityStackSupervisor.resumeFocusedStackTopActivityLocked(ActivityStackSupervisor.java:2218)
12-07 01:39:41.642  1880  1896 E ActivityManager: 	at com.android.server.am.ActivityManagerService.handleAppDiedLocked(ActivityManagerService.java:5923)
12-07 01:39:41.642  1880  1896 E ActivityManager: 	at com.android.server.am.ActivityManagerService.removeProcessLocked(ActivityManagerService.java:7501)
12-07 01:39:41.642  1880  1896 E ActivityManager: 	at com.android.server.am.ActivityManagerService.killPackageProcessesLocked(ActivityManagerService.java:7142)
12-07 01:39:41.642  1880  1896 E ActivityManager: 	at com.android.server.am.ActivityManagerService.forceStopPackageLocked(ActivityManagerService.java:7275)
12-07 01:39:41.642  1880  1896 E ActivityManager: 	at com.android.server.am.ActivityManagerService$MainHandler.handleMessage(ActivityManagerService.java:2289)
12-07 01:39:41.642  1880  1896 E ActivityManager: 	at android.os.Handler.dispatchMessage(Handler.java:106)
12-07 01:39:41.642  1880  1896 E ActivityManager: 	at android.os.Looper.loop(Looper.java:193)
12-07 01:39:41.642  1880  1896 E ActivityManager: 	at android.os.HandlerThread.run(HandlerThread.java:65)
12-07 01:39:41.642  1880  1896 E ActivityManager: 	at com.android.server.ServiceThread.run(ServiceThread.java:44)
12-07 01:39:49.551  1735  1809 E storaged: getDiskStats failed with result NOT_SUPPORTED and size 0
--------- beginning of main
12-07 01:40:24.824  1610 24026 E audio_hw_generic: pcm_open(in) failed: cannot open device '/dev/snd/pcmC0D0c': Device or resource busy: channels 2 format 0 rate 16000
12-07 01:40:25.155  2378 23817 E ctxmgr  : [ProducerStatusImpl]updateStateForNewContextData: inactive, contextName=7
12-07 01:40:25.376  2378  2378 E BeaconBle: Missing BluetoothAdapter
12-07 01:40:25.510  2378  2378 E BeaconBle: Scan couldn't start for Places
12-07 01:40:27.037 24034 24034 E boxed_process3: Not starting debugger since process cannot load the jdwp agent.
12-07 01:40:28.461  1880  4057 E WindowManager: Performed 6 layouts in a row. Skipping
12-07 01:40:28.502  1880  1934 E WindowManager: Performed 6 layouts in a row. Skipping
12-07 01:40:28.545  1880  1934 E WindowManager: Performed 6 layouts in a row. Skipping
12-07 01:40:28.569  1880  1897 E WindowManager: Performed 6 layouts in a row. Skipping
12-07 01:40:28.614  1880  1934 E WindowManager: Performed 6 layouts in a row. Skipping
12-07 01:40:28.781  1880  1934 E WindowManager: Performed 6 layouts in a row. Skipping
12-07 01:40:28.802  1880  4490 E WindowManager: Performed 6 layouts in a row. Skipping
12-07 01:40:28.845  1880  1934 E WindowManager: Performed 6 layouts in a row. Skipping
12-07 01:40:28.875  1880  1934 E WindowManager: Performed 6 layouts in a row. Skipping
12-07 01:40:28.896  1880  4490 E WindowManager: Performed 6 layouts in a row. Skipping
12-07 01:40:28.924  1880  1934 E WindowManager: Performed 6 layouts in a row. Skipping
12-07 01:40:28.962  1880  1904 E WindowManager: Performed 6 layouts in a row. Skipping
12-07 01:40:28.981  1880  1934 E WindowManager: Performed 6 layouts in a row. Skipping
12-07 01:40:29.000  1880  1934 E WindowManager: Performed 6 layouts in a row. Skipping
12-07 01:40:29.040  1880  1934 E WindowManager: Performed 6 layouts in a row. Skipping
12-07 01:40:29.068  1880  1934 E WindowManager: Performed 6 layouts in a row. Skipping
12-07 01:40:30.438 23967 23985 E SQLiteLog: (1) no such table: fillups
12-07 01:40:30.482 23967 23985 E DatabaseUpgrader: Couldn't upgrade database!
12-07 01:40:30.482 23967 23985 E DatabaseUpgrader: android.database.sqlite.SQLiteException: no such table: fillups (code 1 SQLITE_ERROR): , while compiling: ALTER TABLE fillups ADD COLUMN is_partial INTEGER;
12-07 01:40:30.482 23967 23985 E DatabaseUpgrader: 	at android.database.sqlite.SQLiteConnection.nativePrepareStatement(Native Method)
12-07 01:40:30.482 23967 23985 E DatabaseUpgrader: 	at android.database.sqlite.SQLiteConnection.acquirePreparedStatement(SQLiteConnection.java:903)
12-07 01:40:30.482 23967 23985 E DatabaseUpgrader: 	at android.database.sqlite.SQLiteConnection.prepare(SQLiteConnection.java:514)
12-07 01:40:30.482 23967 23985 E DatabaseUpgrader: 	at android.database.sqlite.SQLiteSession.prepare(SQLiteSession.java:588)
12-07 01:40:30.482 23967 23985 E DatabaseUpgrader: 	at android.database.sqlite.SQLiteProgram.<init>(SQLiteProgram.java:58)
12-07 01:40:30.482 23967 23985 E DatabaseUpgrader: 	at android.database.sqlite.SQLiteStatement.<init>(SQLiteStatement.java:31)
12-07 01:40:30.482 23967 23985 E DatabaseUpgrader: 	at android.database.sqlite.SQLiteDatabase.executeSql(SQLiteDatabase.java:1769)
12-07 01:40:30.482 23967 23985 E DatabaseUpgrader: 	at android.database.sqlite.SQLiteDatabase.execSQL(SQLiteDatabase.java:1698)
12-07 01:40:30.482 23967 23985 E DatabaseUpgrader: 	at com.evancharlton.mileage.provider.DatabaseUpgrader.exec(DatabaseUpgrader.java:105)
12-07 01:40:30.482 23967 23985 E DatabaseUpgrader: 	at com.evancharlton.mileage.provider.DatabaseUpgrader.upgradeDatabase(DatabaseUpgrader.java:44)
12-07 01:40:30.482 23967 23985 E DatabaseUpgrader: 	at com.evancharlton.mileage.provider.DatabaseUpgrader.upgradeDatabase(DatabaseUpgrader.java:89)
12-07 01:40:30.482 23967 23985 E DatabaseUpgrader: 	at com.evancharlton.mileage.tasks.DbImportTask.upgradeDatabase(DbImportTask.java:77)
12-07 01:40:30.482 23967 23985 E DatabaseUpgrader: 	at com.evancharlton.mileage.tasks.DbImportTask.doInBackground(DbImportTask.java:43)
12-07 01:40:30.482 23967 23985 E DatabaseUpgrader: 	at com.evancharlton.mileage.tasks.DbImportTask.doInBackground(DbImportTask.java:20)
12-07 01:40:30.482 23967 23985 E DatabaseUpgrader: 	at android.os.AsyncTask$2.call(AsyncTask.java:333)
12-07 01:40:30.482 23967 23985 E DatabaseUpgrader: 	at java.util.concurrent.FutureTask.run(FutureTask.java:266)
12-07 01:40:30.482 23967 23985 E DatabaseUpgrader: 	at java.util.concurrent.ThreadPoolExecutor.runWorker(ThreadPoolExecutor.java:1167)
12-07 01:40:30.482 23967 23985 E DatabaseUpgrader: 	at java.util.concurrent.ThreadPoolExecutor$Worker.run(ThreadPoolExecutor.java:641)
12-07 01:40:30.482 23967 23985 E DatabaseUpgrader: 	at java.lang.Thread.run(Thread.java:764)
12-07 01:40:39.856  1829  1829 E netmgr  : Failed to open QEMU pipe 'qemud:network': Invalid argument
12-07 01:40:39.856  1829  1829 E netmgr  : WifiForwarder unable to open QEMU pipe: Invalid argument
12-07 01:40:44.877  2378 23912 E ctxmgr  : [ProducerStatusImpl]updateStateForNewContextData: inactive, contextName=7
12-07 01:40:45.195  2378  2378 E BeaconBle: Missing BluetoothAdapter
12-07 01:40:45.234  2378  2378 E BeaconBle: Scan couldn't start for Places
12-07 01:40:49.198 24077 24077 E boxed_process3: Not starting debugger since process cannot load the jdwp agent.
12-07 01:40:49.578  1735  1809 E storaged: getDiskStats failed with result NOT_SUPPORTED and size 0
12-07 01:41:04.524  2378 24066 E ctxmgr  : [ProducerStatusImpl]updateStateForNewContextData: inactive, contextName=7
12-07 01:41:05.104  1610 24120 E audio_hw_generic: pcm_open(in) failed: cannot open device '/dev/snd/pcmC0D0c': Device or resource busy: channels 2 format 0 rate 16000
12-07 01:41:05.123  2378  2378 E BeaconBle: Scan couldn't start for Places
12-07 01:41:08.148 24126 24126 E id.gms.unstabl: Not starting debugger since process cannot load the jdwp agent.
12-07 01:41:08.356 24139 24139 E id.gms.learnin: Not starting debugger since process cannot load the jdwp agent.
12-07 01:41:23.260  2378 24116 E ctxmgr  : [ProducerStatusImpl]updateStateForNewContextData: inactive, contextName=7
12-07 01:41:23.477  2378  2378 E BeaconBle: Missing BluetoothAdapter
12-07 01:41:23.506  2378  2378 E BeaconBle: Scan couldn't start for Places
12-07 01:41:30.200 24202 24202 E boxed_process3: Not starting debugger since process cannot load the jdwp agent.
12-07 01:41:31.497  2768  2768 E ClientVe: Failed to create ClientVisualElementsProto for user interaction on view com.google.android.apps.gsa.searchbox.ui.suggestions.views.CoreSuggestionView{9523e08 VFE...CL. ...P.... 0,436-1038,583 #277} because the view is not tagged for visual element logging.
12-07 01:41:31.613  1610 24227 E audio_hw_generic: pcm_open(in) failed: cannot open device '/dev/snd/pcmC0D0c': Device or resource busy: channels 2 format 0 rate 16000
12-07 01:41:33.134  2768  2776 E ReloadingLock: Finalizing LOCKED Token[searchresults_activity 2018-12-07 01:41:31.149]
12-07 01:41:39.859  1829  1829 E netmgr  : Failed to open QEMU pipe 'qemud:network': Invalid argument
12-07 01:41:39.860  1829  1829 E netmgr  : WifiForwarder unable to open QEMU pipe: Invalid argument
12-07 01:41:49.599  1735  1809 E storaged: getDiskStats failed with result NOT_SUPPORTED and size 0
12-07 01:41:51.527  2768  2768 E ContextIntentStarter: No activity found for any of the 0 intents
12-07 01:41:54.554  2768  2768 E ClientVe: Failed to create ClientVisualElementsProto for user interaction on view com.google.android.apps.gsa.searchbox.ui.suggestions.views.CoreSuggestionView{59f943c VFE...CL. ...P.... 0,-5-1038,142 #279} because the view is not tagged for visual element logging.
12-07 01:41:54.687  2768  2768 E ClientVe: Failed to create ClientVisualElementsProto for user interaction on view com.google.android.apps.gsa.searchbox.ui.suggestions.views.CoreSuggestionView{300064b VFE...CL. ...P.... 0,436-1038,583 #27c} because the view is not tagged for visual element logging.
12-07 01:41:54.725  2768  2768 E ClientVe: Failed to create ClientVisualElementsProto for user interaction on view com.google.android.apps.gsa.searchbox.ui.suggestions.views.CoreSuggestionView{59f943c VFE...CL. ...P.... 0,-5-1038,142 #279} because the view is not tagged for visual element logging.
12-07 01:41:56.022 24251 24251 E hod.latin:trai: Not starting debugger since process cannot load the jdwp agent.
12-07 01:41:56.661  1610 24266 E audio_hw_generic: pcm_open(in) failed: cannot open device '/dev/snd/pcmC0D0c': Device or resource busy: channels 2 format 0 rate 16000
12-07 01:41:59.631  2768  2768 E SpannableStringBuilder: SPAN_EXCLUSIVE_EXCLUSIVE spans cannot have a zero length
12-07 01:41:59.631  2768  2768 E SpannableStringBuilder: SPAN_EXCLUSIVE_EXCLUSIVE spans cannot have a zero length
12-07 01:42:07.379 23967 24280 E SQLiteLog: (1) no such table: fillups
12-07 01:42:07.413 23967 24280 E DatabaseUpgrader: Couldn't upgrade database!
12-07 01:42:07.413 23967 24280 E DatabaseUpgrader: android.database.sqlite.SQLiteException: no such table: fillups (code 1 SQLITE_ERROR): , while compiling: ALTER TABLE fillups ADD COLUMN is_partial INTEGER;
12-07 01:42:07.413 23967 24280 E DatabaseUpgrader: 	at android.database.sqlite.SQLiteConnection.nativePrepareStatement(Native Method)
12-07 01:42:07.413 23967 24280 E DatabaseUpgrader: 	at android.database.sqlite.SQLiteConnection.acquirePreparedStatement(SQLiteConnection.java:903)
12-07 01:42:07.413 23967 24280 E DatabaseUpgrader: 	at android.database.sqlite.SQLiteConnection.prepare(SQLiteConnection.java:514)
12-07 01:42:07.413 23967 24280 E DatabaseUpgrader: 	at android.database.sqlite.SQLiteSession.prepare(SQLiteSession.java:588)
12-07 01:42:07.413 23967 24280 E DatabaseUpgrader: 	at android.database.sqlite.SQLiteProgram.<init>(SQLiteProgram.java:58)
12-07 01:42:07.413 23967 24280 E DatabaseUpgrader: 	at android.database.sqlite.SQLiteStatement.<init>(SQLiteStatement.java:31)
12-07 01:42:07.413 23967 24280 E DatabaseUpgrader: 	at android.database.sqlite.SQLiteDatabase.executeSql(SQLiteDatabase.java:1769)
12-07 01:42:07.413 23967 24280 E DatabaseUpgrader: 	at android.database.sqlite.SQLiteDatabase.execSQL(SQLiteDatabase.java:1698)
12-07 01:42:07.413 23967 24280 E DatabaseUpgrader: 	at com.evancharlton.mileage.provider.DatabaseUpgrader.exec(DatabaseUpgrader.java:105)
12-07 01:42:07.413 23967 24280 E DatabaseUpgrader: 	at com.evancharlton.mileage.provider.DatabaseUpgrader.upgradeDatabase(DatabaseUpgrader.java:44)
12-07 01:42:07.413 23967 24280 E DatabaseUpgrader: 	at com.evancharlton.mileage.provider.DatabaseUpgrader.upgradeDatabase(DatabaseUpgrader.java:89)
12-07 01:42:07.413 23967 24280 E DatabaseUpgrader: 	at com.evancharlton.mileage.tasks.DbImportTask.upgradeDatabase(DbImportTask.java:77)
12-07 01:42:07.413 23967 24280 E DatabaseUpgrader: 	at com.evancharlton.mileage.tasks.DbImportTask.doInBackground(DbImportTask.java:43)
12-07 01:42:07.413 23967 24280 E DatabaseUpgrader: 	at com.evancharlton.mileage.tasks.DbImportTask.doInBackground(DbImportTask.java:20)
12-07 01:42:07.413 23967 24280 E DatabaseUpgrader: 	at android.os.AsyncTask$2.call(AsyncTask.java:333)
12-07 01:42:07.413 23967 24280 E DatabaseUpgrader: 	at java.util.concurrent.FutureTask.run(FutureTask.java:266)
12-07 01:42:07.413 23967 24280 E DatabaseUpgrader: 	at java.util.concurrent.ThreadPoolExecutor.runWorker(ThreadPoolExecutor.java:1167)
12-07 01:42:07.413 23967 24280 E DatabaseUpgrader: 	at java.util.concurrent.ThreadPoolExecutor$Worker.run(ThreadPoolExecutor.java:641)
12-07 01:42:07.413 23967 24280 E DatabaseUpgrader: 	at java.lang.Thread.run(Thread.java:764)
12-07 01:42:11.043  2378 24065 E ctxmgr  : [ProducerStatusImpl]updateStateForNewContextData: inactive, contextName=7
12-07 01:42:12.320  2378  2378 E BeaconBle: Scan couldn't start for Places
12-07 01:42:15.442  1610 24294 E audio_hw_generic: pcm_open(in) failed: cannot open device '/dev/snd/pcmC0D0c': Device or resource busy: channels 2 format 0 rate 16000
12-07 01:42:16.552  2768  2768 E SpannableStringBuilder: SPAN_EXCLUSIVE_EXCLUSIVE spans cannot have a zero length
12-07 01:42:16.552  2768  2768 E SpannableStringBuilder: SPAN_EXCLUSIVE_EXCLUSIVE spans cannot have a zero length
12-07 01:42:19.499  1610 24298 E audio_hw_generic: pcm_open(in) failed: cannot open device '/dev/snd/pcmC0D0c': Device or resource busy: channels 2 format 0 rate 16000
12-07 01:42:25.679  1880  1895 E memtrack: Couldn't load memtrack module
12-07 01:42:28.506  1880  1899 E libprocessgroup: Error encountered killing process cgroup uid 99077 pid 24202: No such file or directory
