--------- beginning of system
--------- beginning of main
12-07 22:37:40.010  6571  6571 E id.gms.unstabl: Not starting debugger since process cannot load the jdwp agent.
12-07 22:37:40.753  1729  1931 E         : Couldn't opendir /data/app/vmdl1685906995.tmp: No such file or directory
12-07 22:37:40.754  1729  1931 E installd: Failed to delete /data/app/vmdl1685906995.tmp: No such file or directory
12-07 22:37:43.928  6616  6616 E harlton.mileag: Not starting debugger since process cannot load the jdwp agent.
12-07 22:37:45.558 16085 24146 E putmethod.lati: Invalid ID 0x00000001.
12-07 22:37:45.564 16085 24146 E LstmTrainingCache: emn: Can't get resource name for input slot
12-07 22:37:45.564 16085 24146 E LstmTrainingCache: android.content.res.Resources$NotFoundException: Unable to find resource ID #0x1
12-07 22:37:45.564 16085 24146 E LstmTrainingCache: 	at android.content.res.ResourcesImpl.getResourceName(ResourcesImpl.java:255)
12-07 22:37:45.564 16085 24146 E LstmTrainingCache: 	at android.content.res.Resources.getResourceName(Resources.java:1954)
12-07 22:37:45.564 16085 24146 E LstmTrainingCache: 	at emn.a(PG:12)
12-07 22:37:45.564 16085 24146 E LstmTrainingCache: 	at emk.run(PG:5)
12-07 22:37:45.564 16085 24146 E LstmTrainingCache: 	at java.lang.Thread.run(Thread.java:764)
12-07 22:37:50.621 16506  6397 E ctxmgr  : [AppIntervalImpl]closeInterval: stopTimeMillis invalid, stop=1544222270620, start=1544238227857
12-07 22:37:50.639 16506  6397 E ctxmgr  : [AppIntervalImpl]closeInterval: stopTimeMillis invalid, stop=1544222270639, start=1544238227858
12-07 22:37:58.331 16506 16506 E BeaconBle: Missing BluetoothAdapter
12-07 22:37:58.344 16506 17111 E PlaceInferenceEngine: Position timestamp out of order. Previous: 1544240010000, Current: 1544222277000. Skipping this Position.
12-07 22:37:58.411 16506 16506 E BeaconBle: Scan couldn't start for Places
12-07 22:38:06.155  1829  1829 E netmgr  : Failed to open QEMU pipe 'qemud:network': Invalid argument
12-07 22:38:06.155  1829  1829 E netmgr  : WifiForwarder unable to open QEMU pipe: Invalid argument
12-07 22:38:15.791 16561 16561 E ContextIntentStarter: No activity found for any of the 0 intents
12-07 22:38:16.278  6238  6238 E wpa_supplicant: nl80211: Failed to open /proc/sys/net/ipv4/conf/p2p-dev-wlan0/drop_unicast_in_l2_multicast: No such file or directory
12-07 22:38:16.278  6238  6238 E wpa_supplicant: nl80211: Failed to set IPv4 unicast in multicast filter
12-07 22:38:16.292  6238  6238 E wpa_supplicant: nl80211: Failed to open /proc/sys/net/ipv4/conf/p2p-dev-wlan0/drop_unicast_in_l2_multicast: No such file or directory
12-07 22:38:16.292  6238  6238 E wpa_supplicant: nl80211: Failed to set IPv4 unicast in multicast filter
12-07 22:38:16.321  6687  6687 E rrierdefaultap: Not starting debugger since process cannot load the jdwp agent.
12-07 22:38:16.447  6238  6238 E wpa_supplicant: nl80211: Failed to open /proc/sys/net/ipv4/conf/wlan0/drop_unicast_in_l2_multicast: No such file or directory
12-07 22:38:16.447  6238  6238 E wpa_supplicant: nl80211: Failed to set IPv4 unicast in multicast filter
12-07 22:38:16.447  6238  6238 E wpa_supplicant: nl80211: Failed to open /proc/sys/net/ipv4/conf/wlan0/drop_unicast_in_l2_multicast: No such file or directory
12-07 22:38:16.447  6238  6238 E wpa_supplicant: nl80211: Failed to set IPv4 unicast in multicast filter
12-07 22:38:16.539  6238  6238 E wpa_supplicant: nl80211: Failed to open /proc/sys/net/ipv4/conf/wlan0/drop_unicast_in_l2_multicast: No such file or directory
12-07 22:38:16.539  6238  6238 E wpa_supplicant: nl80211: Failed to set IPv4 unicast in multicast filter
12-07 22:38:16.861  1628  1628 E android.hardware.wifi@1.0-service: Failed to open directory: Permission denied
12-07 22:38:16.862  1628  1628 E android.hardware.wifi@1.0-service: Error occurred while deleting old tombstone files
12-07 22:38:16.862  1628  1628 E android.hardware.wifi@1.0-service: Error writing files to flash
12-07 22:38:17.148 15976 16055 E WifiP2pService: Unhandled message { when=0 what=131204 target=com.android.internal.util.StateMachine$SmHandler }
12-07 22:38:17.242 15976 15994 E BatteryExternalStatsWorker: no controller energy info supplied for wifi
12-07 22:38:17.245 16506  6267 E WakeLock: GCM_HB_ALARM release without a matched acquire!
12-07 22:38:17.255 16506  6267 E GCM     : Connection closed with errorCode 20
12-07 22:38:17.256 15976 15994 E BatteryExternalStatsWorker: no controller energy info supplied for wifi
12-07 22:38:17.275 16506  6267 E WakeLock: GCM_CONN_ALARM release without a matched acquire!
12-07 22:38:26.401 15927  6709 E audio_hw_generic: pcm_open(in) failed: cannot open device '/dev/snd/pcmC0D0c': Device or resource busy: channels 2 format 0 rate 16000
12-07 22:38:28.088  1737  1809 E storaged: getDiskStats failed with result NOT_SUPPORTED and size 0
12-07 22:39:06.217  1829  1829 E netmgr  : Failed to open QEMU pipe 'qemud:network': Invalid argument
12-07 22:39:06.217  1829  1829 E netmgr  : WifiForwarder unable to open QEMU pipe: Invalid argument
12-07 22:39:15.974 16485 16485 E SchedPolicy: set_timerslack_ns write failed: Operation not permitted
12-07 22:39:24.476 16788 17129 E PlayCommon: [121] com.google.android.play.b.g.a(448): Failed to connect to server: java.net.UnknownHostException: Unable to resolve host "play.googleapis.com": No address associated with hostname
12-07 22:39:27.314 16485 16485 E SchedPolicy: set_timerslack_ns write failed: Operation not permitted
12-07 22:39:28.091  1737  1809 E storaged: getDiskStats failed with result NOT_SUPPORTED and size 0
12-07 22:40:06.218  1829  1829 E netmgr  : Failed to open QEMU pipe 'qemud:network': Invalid argument
12-07 22:40:06.218  1829  1829 E netmgr  : WifiForwarder unable to open QEMU pipe: Invalid argument
12-07 22:40:28.092  1737  1809 E storaged: getDiskStats failed with result NOT_SUPPORTED and size 0
12-07 22:41:06.220  1829  1829 E netmgr  : Failed to open QEMU pipe 'qemud:network': Invalid argument
12-07 22:41:06.220  1829  1829 E netmgr  : WifiForwarder unable to open QEMU pipe: Invalid argument
12-07 22:41:23.808 15976 15989 E memtrack: Couldn't load memtrack module
12-07 22:41:28.094  1737  1809 E storaged: getDiskStats failed with result NOT_SUPPORTED and size 0
