--------- beginning of system
12-07 11:23:05.926  1883  1897 E ActivityManager: Failure starting process com.evancharlton.mileage
12-07 11:23:05.926  1883  1897 E ActivityManager: java.lang.SecurityException: Package com.evancharlton.mileage was not found!
12-07 11:23:05.926  1883  1897 E ActivityManager: 	at com.android.server.pm.PackageManagerService.checkPackageStartable(PackageManagerService.java:3987)
12-07 11:23:05.926  1883  1897 E ActivityManager: 	at com.android.server.am.ActivityManagerService.startProcessLocked(ActivityManagerService.java:4234)
12-07 11:23:05.926  1883  1897 E ActivityManager: 	at com.android.server.am.ActivityManagerService.startProcessLocked(ActivityManagerService.java:4199)
12-07 11:23:05.926  1883  1897 E ActivityManager: 	at com.android.server.am.ActivityManagerService.startProcessLocked(ActivityManagerService.java:4181)
12-07 11:23:05.926  1883  1897 E ActivityManager: 	at com.android.server.am.ActivityManagerService.startProcessLocked(ActivityManagerService.java:4067)
12-07 11:23:05.926  1883  1897 E ActivityManager: 	at com.android.server.am.ActivityStackSupervisor.startSpecificActivityLocked(ActivityStackSupervisor.java:1715)
12-07 11:23:05.926  1883  1897 E ActivityManager: 	at com.android.server.am.ActivityStack.resumeTopActivityInnerLocked(ActivityStack.java:2764)
12-07 11:23:05.926  1883  1897 E ActivityManager: 	at com.android.server.am.ActivityStack.resumeTopActivityUncheckedLocked(ActivityStack.java:2302)
12-07 11:23:05.926  1883  1897 E ActivityManager: 	at com.android.server.am.ActivityStackSupervisor.resumeFocusedStackTopActivityLocked(ActivityStackSupervisor.java:2234)
12-07 11:23:05.926  1883  1897 E ActivityManager: 	at com.android.server.am.ActivityStackSupervisor.resumeFocusedStackTopActivityLocked(ActivityStackSupervisor.java:2218)
12-07 11:23:05.926  1883  1897 E ActivityManager: 	at com.android.server.am.ActivityManagerService.handleAppDiedLocked(ActivityManagerService.java:5923)
12-07 11:23:05.926  1883  1897 E ActivityManager: 	at com.android.server.am.ActivityManagerService.removeProcessLocked(ActivityManagerService.java:7501)
12-07 11:23:05.926  1883  1897 E ActivityManager: 	at com.android.server.am.ActivityManagerService.killPackageProcessesLocked(ActivityManagerService.java:7142)
12-07 11:23:05.926  1883  1897 E ActivityManager: 	at com.android.server.am.ActivityManagerService.forceStopPackageLocked(ActivityManagerService.java:7275)
12-07 11:23:05.926  1883  1897 E ActivityManager: 	at com.android.server.am.ActivityManagerService$MainHandler.handleMessage(ActivityManagerService.java:2289)
12-07 11:23:05.926  1883  1897 E ActivityManager: 	at android.os.Handler.dispatchMessage(Handler.java:106)
12-07 11:23:05.926  1883  1897 E ActivityManager: 	at android.os.Looper.loop(Looper.java:193)
12-07 11:23:05.926  1883  1897 E ActivityManager: 	at android.os.HandlerThread.run(HandlerThread.java:65)
12-07 11:23:05.926  1883  1897 E ActivityManager: 	at com.android.server.ServiceThread.run(ServiceThread.java:44)
12-07 11:23:07.088  1883  1901 E BatteryExternalStatsWorker: no controller energy info supplied for wifi
12-07 11:23:12.265  1737  1809 E storaged: getDiskStats failed with result NOT_SUPPORTED and size 0
--------- beginning of main
12-07 11:23:44.434  1990  1990 E native  : suggestion-transformer.cc:118 suggestion picked candidate not found for id: 3
12-07 11:23:52.032  2420 10601 E ctxmgr  : [ProducerStatusImpl]updateStateForNewContextData: inactive, contextName=7
12-07 11:23:52.613  2420  2420 E BeaconBle: Missing BluetoothAdapter
12-07 11:23:52.681  2420  2420 E BeaconBle: Scan couldn't start for Places
12-07 11:23:54.269  1990  1990 E native  : suggestion-transformer.cc:118 suggestion picked candidate not found for id: 1
12-07 11:24:04.817  2420 12119 E ctxmgr  : [ProducerStatusImpl]updateStateForNewContextData: inactive, contextName=7
12-07 11:24:05.333  2420  2420 E BeaconBle: Missing BluetoothAdapter
12-07 11:24:05.408  2420  2420 E BeaconBle: Scan couldn't start for Places
12-07 11:24:06.556  1829  1829 E netmgr  : Failed to open QEMU pipe 'qemud:network': Invalid argument
12-07 11:24:06.556  1829  1829 E netmgr  : WifiForwarder unable to open QEMU pipe: Invalid argument
12-07 11:24:10.089  1613 12171 E audio_hw_generic: pcm_open(in) failed: cannot open device '/dev/snd/pcmC0D0c': Device or resource busy: channels 2 format 0 rate 16000
12-07 11:24:12.266  1737  1809 E storaged: getDiskStats failed with result NOT_SUPPORTED and size 0
12-07 11:24:15.497 12179 12179 E dboxed_process: Not starting debugger since process cannot load the jdwp agent.
12-07 11:24:42.625 12058 12058 E SpannableStringBuilder: SPAN_EXCLUSIVE_EXCLUSIVE spans cannot have a zero length
12-07 11:24:42.625 12058 12058 E SpannableStringBuilder: SPAN_EXCLUSIVE_EXCLUSIVE spans cannot have a zero length
12-07 11:24:43.961  2420 12119 E ctxmgr  : [ProducerStatusImpl]updateStateForNewContextData: inactive, contextName=7
12-07 11:24:44.383  1739  2097 E OMXNodeInstance: getConfig(0xedf112a0:google.amrwb.encoder, ConfigAndroidVendorExtension(0x6f100004)) ERROR: Undefined(0x80001001)
12-07 11:24:44.436  2420  2420 E BeaconBle: Missing BluetoothAdapter
12-07 11:24:44.485  2420  2420 E BeaconBle: Scan couldn't start for Places
12-07 11:24:50.020 12058 12058 E SpannableStringBuilder: SPAN_EXCLUSIVE_EXCLUSIVE spans cannot have a zero length
12-07 11:24:50.020 12058 12058 E SpannableStringBuilder: SPAN_EXCLUSIVE_EXCLUSIVE spans cannot have a zero length
12-07 11:24:51.111  1613 12276 E audio_hw_generic: pcm_open(in) failed: cannot open device '/dev/snd/pcmC0D0c': Device or resource busy: channels 2 format 0 rate 16000
12-07 11:24:51.278  2420 12224 E ctxmgr  : [ProducerStatusImpl]updateStateForNewContextData: inactive, contextName=7
12-07 11:24:51.790  2420  2420 E BeaconBle: Scan couldn't start for Places
12-07 11:24:57.844 12280 12280 E dboxed_process: Not starting debugger since process cannot load the jdwp agent.
12-07 11:24:58.032  2759  2759 E ClientVe: Failed to create ClientVisualElementsProto for user interaction on view com.google.android.apps.gsa.searchbox.ui.suggestions.views.CoreSuggestionView{a9a957 VFE...CL. ......ID 0,142-1038,289 #117} because the view is not tagged for visual element logging.
12-07 11:24:58.158  2759  2759 E ClientVe: Failed to create ClientVisualElementsProto for user interaction on view com.google.android.apps.gsa.searchbox.ui.suggestions.views.CoreSuggestionView{a1fcc44 VFE...CL. ...P.... 0,-5-1038,142 #116} because the view is not tagged for visual element logging.
12-07 11:24:58.237  2759  2759 E ClientVe: Failed to create ClientVisualElementsProto for user interaction on view com.google.android.apps.gsa.searchbox.ui.suggestions.views.CoreSuggestionView{5ee12d VFE...CL. ...P.... 0,289-1038,436 #118} because the view is not tagged for visual element logging.
12-07 11:24:58.544  2759  2759 E ClientVe: Failed to create ClientVisualElementsProto for user interaction on view com.google.android.apps.gsa.searchbox.ui.suggestions.views.CoreSuggestionView{6cfc662 VFE...CL. ...P.... 0,436-1038,583 #119} because the view is not tagged for visual element logging.
12-07 11:25:01.117  2759  2975 E MicroDetectionWorker: Stale runnable..ignoring
12-07 11:25:03.229  2759  2766 E ReloadingLock: Finalizing LOCKED Token[searchresults_activity 2018-12-07 11:25:00.994]
12-07 11:25:06.560  1829  1829 E netmgr  : Failed to open QEMU pipe 'qemud:network': Invalid argument
12-07 11:25:06.560  1829  1829 E netmgr  : WifiForwarder unable to open QEMU pipe: Invalid argument
12-07 11:25:09.375 12058 12058 E SpannableStringBuilder: SPAN_EXCLUSIVE_EXCLUSIVE spans cannot have a zero length
12-07 11:25:09.375 12058 12058 E SpannableStringBuilder: SPAN_EXCLUSIVE_EXCLUSIVE spans cannot have a zero length
12-07 11:25:10.895  1613 12319 E audio_hw_generic: pcm_open(in) failed: cannot open device '/dev/snd/pcmC0D0c': Device or resource busy: channels 2 format 0 rate 16000
12-07 11:25:12.272  1737  1809 E storaged: getDiskStats failed with result NOT_SUPPORTED and size 0
12-07 11:25:14.504  2759  2759 E ContextIntentStarter: No activity found for any of the 0 intents
12-07 11:25:16.609  2759  2759 E ClientVe: Failed to create ClientVisualElementsProto for user interaction on view com.google.android.apps.gsa.searchbox.ui.suggestions.views.CoreSuggestionView{aa8867f VFE...CL. ...P.... 0,-5-1038,142 #11b} because the view is not tagged for visual element logging.
12-07 11:25:16.789  2759  2759 E ClientVe: Failed to create ClientVisualElementsProto for user interaction on view com.google.android.apps.gsa.searchbox.ui.suggestions.views.CoreSuggestionView{ef383aa VFE...CL. ...P.... 0,436-1038,583 #11e} because the view is not tagged for visual element logging.
12-07 11:25:16.808  2759  2759 E ClientVe: Failed to create ClientVisualElementsProto for user interaction on view com.google.android.apps.gsa.searchbox.ui.suggestions.views.CoreSuggestionView{aa8867f VFE...CL. ...P.... 0,-5-1038,142 #11b} because the view is not tagged for visual element logging.
12-07 11:25:27.036  1613 12331 E audio_hw_generic: pcm_open(in) failed: cannot open device '/dev/snd/pcmC0D0c': Device or resource busy: channels 2 format 0 rate 16000
12-07 11:25:31.038  2759  2759 E SpannableStringBuilder: SPAN_EXCLUSIVE_EXCLUSIVE spans cannot have a zero length
12-07 11:25:31.038  2759  2759 E SpannableStringBuilder: SPAN_EXCLUSIVE_EXCLUSIVE spans cannot have a zero length
12-07 11:25:33.925  1613 12341 E audio_hw_generic: pcm_open(in) failed: cannot open device '/dev/snd/pcmC0D0c': Device or resource busy: channels 2 format 0 rate 16000
12-07 11:25:35.600  1738  1738 E wificond: Receive ERROR message in response to 'stop scheduled scan' request: Operation not supported on transport endpoint
12-07 11:25:35.685 11951 11951 E wpa_supplicant: nl80211: Failed to open /proc/sys/net/ipv4/conf/p2p-dev-wlan0/drop_unicast_in_l2_multicast: No such file or directory
12-07 11:25:35.685 11951 11951 E wpa_supplicant: nl80211: Failed to set IPv4 unicast in multicast filter
12-07 11:25:35.721 11951 11951 E wpa_supplicant: nl80211: Failed to open /proc/sys/net/ipv4/conf/p2p-dev-wlan0/drop_unicast_in_l2_multicast: No such file or directory
12-07 11:25:35.721 11951 11951 E wpa_supplicant: nl80211: Failed to set IPv4 unicast in multicast filter
12-07 11:25:35.853 11951 11951 E wpa_supplicant: nl80211: Failed to open /proc/sys/net/ipv4/conf/wlan0/drop_unicast_in_l2_multicast: No such file or directory
12-07 11:25:35.853 11951 11951 E wpa_supplicant: nl80211: Failed to set IPv4 unicast in multicast filter
12-07 11:25:35.853 11951 11951 E wpa_supplicant: nl80211: Failed to open /proc/sys/net/ipv4/conf/wlan0/drop_unicast_in_l2_multicast: No such file or directory
12-07 11:25:35.853 11951 11951 E wpa_supplicant: nl80211: Failed to set IPv4 unicast in multicast filter
12-07 11:25:35.952 11951 11951 E wpa_supplicant: nl80211: Failed to open /proc/sys/net/ipv4/conf/wlan0/drop_unicast_in_l2_multicast: No such file or directory
12-07 11:25:35.952 11951 11951 E wpa_supplicant: nl80211: Failed to set IPv4 unicast in multicast filter
12-07 11:25:36.018  1883 11994 E DhcpClient: Read error
12-07 11:25:36.018  1883 11994 E DhcpClient: android.system.ErrnoException: read failed: ENETDOWN (Network is down)
12-07 11:25:36.018  1883 11994 E DhcpClient: 	at libcore.io.Linux.readBytes(Native Method)
12-07 11:25:36.018  1883 11994 E DhcpClient: 	at libcore.io.Linux.read(Linux.java:184)
12-07 11:25:36.018  1883 11994 E DhcpClient: 	at libcore.io.BlockGuardOs.read(BlockGuardOs.java:254)
12-07 11:25:36.018  1883 11994 E DhcpClient: 	at android.system.Os.read(Os.java:414)
12-07 11:25:36.018  1883 11994 E DhcpClient: 	at android.net.dhcp.DhcpClient$ReceiveThread.run(DhcpClient.java:364)
12-07 11:25:36.024  1883 11954 E ConnectivityPacketTracker.wlan0: readPacket error: 
12-07 11:25:36.024  1883 11954 E ConnectivityPacketTracker.wlan0: android.system.ErrnoException: read failed: ENETDOWN (Network is down)
12-07 11:25:36.024  1883 11954 E ConnectivityPacketTracker.wlan0: 	at libcore.io.Linux.readBytes(Native Method)
12-07 11:25:36.024  1883 11954 E ConnectivityPacketTracker.wlan0: 	at libcore.io.Linux.read(Linux.java:184)
12-07 11:25:36.024  1883 11954 E ConnectivityPacketTracker.wlan0: 	at libcore.io.BlockGuardOs.read(BlockGuardOs.java:254)
12-07 11:25:36.024  1883 11954 E ConnectivityPacketTracker.wlan0: 	at android.system.Os.read(Os.java:414)
12-07 11:25:36.024  1883 11954 E ConnectivityPacketTracker.wlan0: 	at android.net.util.PacketReader.readPacket(PacketReader.java:137)
12-07 11:25:36.024  1883 11954 E ConnectivityPacketTracker.wlan0: 	at android.net.util.PacketReader.handleInput(PacketReader.java:207)
12-07 11:25:36.024  1883 11954 E ConnectivityPacketTracker.wlan0: 	at android.net.util.PacketReader.access$100(PacketReader.java:70)
12-07 11:25:36.024  1883 11954 E ConnectivityPacketTracker.wlan0: 	at android.net.util.PacketReader$1.onFileDescriptorEvents(PacketReader.java:189)
12-07 11:25:36.024  1883 11954 E ConnectivityPacketTracker.wlan0: 	at android.os.MessageQueue.dispatchEvents(MessageQueue.java:285)
12-07 11:25:36.024  1883 11954 E ConnectivityPacketTracker.wlan0: 	at android.os.MessageQueue.nativePollOnce(Native Method)
12-07 11:25:36.024  1883 11954 E ConnectivityPacketTracker.wlan0: 	at android.os.MessageQueue.next(MessageQueue.java:326)
12-07 11:25:36.024  1883 11954 E ConnectivityPacketTracker.wlan0: 	at android.os.Looper.loop(Looper.java:160)
12-07 11:25:36.024  1883 11954 E ConnectivityPacketTracker.wlan0: 	at android.os.HandlerThread.run(HandlerThread.java:65)
12-07 11:25:36.218  1628  1628 E android.hardware.wifi@1.0-service: Failed to open directory: Permission denied
12-07 11:25:36.218  1628  1628 E android.hardware.wifi@1.0-service: Error occurred while deleting old tombstone files
12-07 11:25:36.218  1628  1628 E android.hardware.wifi@1.0-service: Error writing files to flash
12-07 11:25:36.431  1883  1965 E SupplicantStaIfaceHal: Can't call setPowerSave, ISupplicantStaIface is null
12-07 11:25:36.431  1883  1965 E SupplicantStaIfaceHal: Can't call setBtCoexistenceMode, ISupplicantStaIface is null
12-07 11:25:36.458  1883  1965 E HalDevMgr: Should have at least 1 chip!
12-07 11:25:36.458  1883  1965 E HalDevMgr: dispatchAvailableForRequestListeners: no chip info found
12-07 11:25:36.486  1883  1965 E SupplicantStaIfaceHal: Can't call listNetworks, ISupplicantStaIface is null
12-07 11:25:36.487  1883  1965 E SupplicantStaIfaceHal: removeAllNetworks failed, got null networks
12-07 11:25:36.487  1883  1965 E WifiStateMachine: Failed to remove networks on exiting connect mode
12-07 11:25:36.491  1883  1967 E WifiP2pService: Unhandled message { when=-4ms what=131204 target=com.android.internal.util.StateMachine$SmHandler }
12-07 11:25:36.577  1883  1901 E BatteryExternalStatsWorker: no controller energy info supplied for wifi
12-07 11:25:36.594  1883  1901 E BatteryExternalStatsWorker: no controller energy info supplied for wifi
12-07 11:25:36.638  2420 12013 E WakeLock: GCM_HB_ALARM release without a matched acquire!
12-07 11:25:36.650  2420 12013 E GCM     : Connection closed with errorCode 20
12-07 11:25:36.661  2420 12013 E WakeLock: GCM_CONN_ALARM release without a matched acquire!
12-07 11:25:42.753  1883  1900 E libprocessgroup: Error encountered killing process cgroup uid 99044 pid 12280: No such file or directory
