--------- beginning of main
--------- beginning of system
12-08 22:25:45.631  1884  1898 E ActivityManager: Failure starting process com.evancharlton.mileage
12-08 22:25:45.631  1884  1898 E ActivityManager: java.lang.SecurityException: Package com.evancharlton.mileage is currently frozen!
12-08 22:25:45.631  1884  1898 E ActivityManager: 	at com.android.server.pm.PackageManagerService.checkPackageStartable(PackageManagerService.java:4000)
12-08 22:25:45.631  1884  1898 E ActivityManager: 	at com.android.server.am.ActivityManagerService.startProcessLocked(ActivityManagerService.java:4234)
12-08 22:25:45.631  1884  1898 E ActivityManager: 	at com.android.server.am.ActivityManagerService.startProcessLocked(ActivityManagerService.java:4199)
12-08 22:25:45.631  1884  1898 E ActivityManager: 	at com.android.server.am.ActivityManagerService.startProcessLocked(ActivityManagerService.java:4181)
12-08 22:25:45.631  1884  1898 E ActivityManager: 	at com.android.server.am.ActivityManagerService.startProcessLocked(ActivityManagerService.java:4067)
12-08 22:25:45.631  1884  1898 E ActivityManager: 	at com.android.server.am.ActivityStackSupervisor.startSpecificActivityLocked(ActivityStackSupervisor.java:1715)
12-08 22:25:45.631  1884  1898 E ActivityManager: 	at com.android.server.am.ActivityStack.resumeTopActivityInnerLocked(ActivityStack.java:2764)
12-08 22:25:45.631  1884  1898 E ActivityManager: 	at com.android.server.am.ActivityStack.resumeTopActivityUncheckedLocked(ActivityStack.java:2302)
12-08 22:25:45.631  1884  1898 E ActivityManager: 	at com.android.server.am.ActivityStackSupervisor.resumeFocusedStackTopActivityLocked(ActivityStackSupervisor.java:2234)
12-08 22:25:45.631  1884  1898 E ActivityManager: 	at com.android.server.am.ActivityStackSupervisor.resumeFocusedStackTopActivityLocked(ActivityStackSupervisor.java:2218)
12-08 22:25:45.631  1884  1898 E ActivityManager: 	at com.android.server.am.ActivityManagerService.handleAppDiedLocked(ActivityManagerService.java:5923)
12-08 22:25:45.631  1884  1898 E ActivityManager: 	at com.android.server.am.ActivityManagerService.removeProcessLocked(ActivityManagerService.java:7501)
12-08 22:25:45.631  1884  1898 E ActivityManager: 	at com.android.server.am.ActivityManagerService.killPackageProcessesLocked(ActivityManagerService.java:7142)
12-08 22:25:45.631  1884  1898 E ActivityManager: 	at com.android.server.am.ActivityManagerService.forceStopPackageLocked(ActivityManagerService.java:7275)
12-08 22:25:45.631  1884  1898 E ActivityManager: 	at com.android.server.am.ActivityManagerService$MainHandler.handleMessage(ActivityManagerService.java:2289)
12-08 22:25:45.631  1884  1898 E ActivityManager: 	at android.os.Handler.dispatchMessage(Handler.java:106)
12-08 22:25:45.631  1884  1898 E ActivityManager: 	at android.os.Looper.loop(Looper.java:193)
12-08 22:25:45.631  1884  1898 E ActivityManager: 	at android.os.HandlerThread.run(HandlerThread.java:65)
12-08 22:25:45.631  1884  1898 E ActivityManager: 	at com.android.server.ServiceThread.run(ServiceThread.java:44)
12-08 22:25:49.792  1731  1771 E         : Couldn't opendir /data/app/vmdl1453171512.tmp: No such file or directory
12-08 22:25:49.792  1731  1771 E installd: Failed to delete /data/app/vmdl1453171512.tmp: No such file or directory
12-08 22:25:50.058  1739  1753 E storaged: getDiskStats failed with result NOT_SUPPORTED and size 0
12-08 22:25:51.982 26032 26032 E harlton.mileag: Not starting debugger since process cannot load the jdwp agent.
12-08 22:25:53.064  1993 19358 E putmethod.lati: Invalid ID 0x00000001.
12-08 22:25:53.067  1993 19358 E LstmTrainingCache: emn: Can't get resource name for input slot
12-08 22:25:53.067  1993 19358 E LstmTrainingCache: android.content.res.Resources$NotFoundException: Unable to find resource ID #0x1
12-08 22:25:53.067  1993 19358 E LstmTrainingCache: 	at android.content.res.ResourcesImpl.getResourceName(ResourcesImpl.java:255)
12-08 22:25:53.067  1993 19358 E LstmTrainingCache: 	at android.content.res.Resources.getResourceName(Resources.java:1954)
12-08 22:25:53.067  1993 19358 E LstmTrainingCache: 	at emn.a(PG:12)
12-08 22:25:53.067  1993 19358 E LstmTrainingCache: 	at emk.run(PG:5)
12-08 22:25:53.067  1993 19358 E LstmTrainingCache: 	at java.lang.Thread.run(Thread.java:764)
12-08 22:26:07.767  2413  2429 E s.nexuslaunche: Failed to open APK '/data/app/com.evancharlton.mileage-p4lll9xVFTeA-a-2cc8mDQ==/base.apk' I/O error
12-08 22:26:07.773  2413  2429 E ResourcesManager: failed to add asset path /data/app/com.evancharlton.mileage-p4lll9xVFTeA-a-2cc8mDQ==/base.apk
12-08 22:26:09.420  2439 25841 E ctxmgr  : [ProducerStatusImpl]updateStateForNewContextData: inactive, contextName=7
12-08 22:26:09.492  2439 25841 E ctxmgr  : [ProducerStatusImpl]updateStateForNewContextData: inactive, contextName=1
12-08 22:26:09.580  2439  2439 E BeaconBle: Missing BluetoothAdapter
12-08 22:26:09.624  2439  2439 E BeaconBle: Scan couldn't start for Places
12-08 22:26:22.567  2826  2826 E ContextIntentStarter: No activity found for any of the 0 intents
12-08 22:26:43.169  1827  1827 E netmgr  : Failed to open QEMU pipe 'qemud:network': Invalid argument
12-08 22:26:43.169  1827  1827 E netmgr  : WifiForwarder unable to open QEMU pipe: Invalid argument
12-08 22:26:50.065  1739  1753 E storaged: getDiskStats failed with result NOT_SUPPORTED and size 0
12-08 22:27:00.337  2413  2413 E SchedPolicy: set_timerslack_ns write failed: Operation not permitted
12-08 22:27:02.910  2413  2413 E SchedPolicy: set_timerslack_ns write failed: Operation not permitted
12-08 22:27:43.171  1827  1827 E netmgr  : Failed to open QEMU pipe 'qemud:network': Invalid argument
12-08 22:27:43.171  1827  1827 E netmgr  : WifiForwarder unable to open QEMU pipe: Invalid argument
12-08 22:27:50.068  1739  1753 E storaged: getDiskStats failed with result NOT_SUPPORTED and size 0
12-08 22:28:13.094 26088 26088 E hod.latin:trai: Not starting debugger since process cannot load the jdwp agent.
12-08 22:28:14.010  1884  2232 E WindowManager: Performed 6 layouts in a row. Skipping
12-08 22:28:14.052  1884  1938 E WindowManager: Performed 6 layouts in a row. Skipping
12-08 22:28:14.112  1884  1938 E WindowManager: Performed 6 layouts in a row. Skipping
12-08 22:28:14.240  1884  1938 E WindowManager: Performed 6 layouts in a row. Skipping
12-08 22:28:14.266  1884  1899 E WindowManager: Performed 6 layouts in a row. Skipping
12-08 22:28:14.313  1884  1938 E WindowManager: Performed 6 layouts in a row. Skipping
12-08 22:28:14.340  1884  1938 E WindowManager: Performed 6 layouts in a row. Skipping
12-08 22:28:14.364  1884  2551 E WindowManager: Performed 6 layouts in a row. Skipping
12-08 22:28:14.407  1884  1938 E WindowManager: Performed 6 layouts in a row. Skipping
12-08 22:28:14.437  1884  1938 E WindowManager: Performed 6 layouts in a row. Skipping
12-08 22:28:14.461  1884  2551 E WindowManager: Performed 6 layouts in a row. Skipping
12-08 22:28:14.510  1884  1938 E WindowManager: Performed 6 layouts in a row. Skipping
12-08 22:28:14.540  1884  1938 E WindowManager: Performed 6 layouts in a row. Skipping
12-08 22:28:14.577  1884  1938 E WindowManager: Performed 6 layouts in a row. Skipping
12-08 22:28:18.463  1884  5060 E WindowManager: Performed 6 layouts in a row. Skipping
12-08 22:28:18.487  1884  1938 E WindowManager: Performed 6 layouts in a row. Skipping
12-08 22:28:18.604  1884  1938 E WindowManager: Performed 6 layouts in a row. Skipping
12-08 22:28:18.628  1884  1938 E WindowManager: Performed 6 layouts in a row. Skipping
12-08 22:28:18.661  1884  1899 E WindowManager: Performed 6 layouts in a row. Skipping
12-08 22:28:18.686  1884  1938 E WindowManager: Performed 6 layouts in a row. Skipping
12-08 22:28:18.706  1884  1938 E WindowManager: Performed 6 layouts in a row. Skipping
12-08 22:28:18.731  1884  1938 E WindowManager: Performed 6 layouts in a row. Skipping
12-08 22:28:18.789  1884  1938 E WindowManager: Performed 6 layouts in a row. Skipping
12-08 22:28:18.817  1884  2232 E WindowManager: Performed 6 layouts in a row. Skipping
12-08 22:28:18.847  1884  1938 E WindowManager: Performed 6 layouts in a row. Skipping
12-08 22:28:18.891  1884  1938 E WindowManager: Performed 6 layouts in a row. Skipping
12-08 22:28:18.925  1884  2232 E WindowManager: Performed 6 layouts in a row. Skipping
12-08 22:28:18.965  1884  1938 E WindowManager: Performed 6 layouts in a row. Skipping
12-08 22:28:19.045  1884  1938 E WindowManager: Performed 6 layouts in a row. Skipping
12-08 22:28:19.074  1884  5060 E WindowManager: Performed 6 layouts in a row. Skipping
12-08 22:28:19.111  1884  1938 E WindowManager: Performed 6 layouts in a row. Skipping
