--------- beginning of system
12-08 10:35:02.925  1738  1772 E storaged: getDiskStats failed with result NOT_SUPPORTED and size 0
12-08 10:35:26.262  1881  1896 E AutofillSession: No assist structure - app might have crashed providing it
12-08 10:36:02.930  1738  1772 E storaged: getDiskStats failed with result NOT_SUPPORTED and size 0
12-08 10:36:34.055  1881  1899 E BatteryExternalStatsWorker: no controller energy info supplied for wifi
--------- beginning of main
12-08 10:36:54.981  1740  1771 E OMXNodeInstance: setConfig(0xf48ac420:google.vorbis.decoder, ConfigPriority(0x6f800002)) ERROR: Undefined(0x80001001)
12-08 10:36:54.984  1740 10340 E OMXNodeInstance: getConfig(0xf48ac420:google.vorbis.decoder, ConfigAndroidVendorExtension(0x6f100004)) ERROR: Undefined(0x80001001)
12-08 10:37:02.930  1738  1772 E storaged: getDiskStats failed with result NOT_SUPPORTED and size 0
12-08 10:37:44.580  1828  1828 E netmgr  : Failed to open QEMU pipe 'qemud:network': Invalid argument
12-08 10:37:44.580  1828  1828 E netmgr  : WifiForwarder unable to open QEMU pipe: Invalid argument
12-08 10:37:57.700  2448 14946 E ctxmgr  : [ProducerStatusImpl]updateStateForNewContextData: inactive, contextName=7
12-08 10:37:57.735  2448 14946 E ctxmgr  : [ProducerStatusImpl]updateStateForNewContextData: inactive, contextName=1
12-08 10:37:57.736  2448 14946 E ctxmgr  : [ProducerStatusImpl]updateStateForNewContextData: inactive, contextName=1
12-08 10:37:57.848  2448  2448 E BeaconBle: Missing BluetoothAdapter
12-08 10:38:00.498  2448  2448 E BeaconBle: Scan couldn't start for Places
12-08 10:38:02.941  1738  1772 E storaged: getDiskStats failed with result NOT_SUPPORTED and size 0
12-08 10:38:16.453  2494  2716 E PlayCommon: [101] com.google.android.play.b.g.a(448): Failed to connect to server: java.net.UnknownHostException: Unable to resolve host "play.googleapis.com": No address associated with hostname
12-08 10:38:19.001  2692  2692 E ContextIntentStarter: No activity found for any of the 0 intents
12-08 10:38:26.579 15065 15065 E SpannableStringBuilder: SPAN_EXCLUSIVE_EXCLUSIVE spans cannot have a zero length
12-08 10:38:26.579 15065 15065 E SpannableStringBuilder: SPAN_EXCLUSIVE_EXCLUSIVE spans cannot have a zero length
12-08 10:38:37.448  2448 14782 E ctxmgr  : [ProducerStatusImpl]updateStateForNewContextData: inactive, contextName=7
12-08 10:38:45.248  1828  1828 E netmgr  : Failed to open QEMU pipe 'qemud:network': Invalid argument
12-08 10:38:45.248  1828  1828 E netmgr  : WifiForwarder unable to open QEMU pipe: Invalid argument
12-08 10:38:48.103  2448  2448 E BeaconBle: Missing BluetoothAdapter
12-08 10:38:48.239  2448  2448 E BeaconBle: Scan couldn't start for Places
12-08 10:38:48.280 15165 15165 E dboxed_process: Not starting debugger since process cannot load the jdwp agent.
12-08 10:39:04.047  1738  1772 E storaged: getDiskStats failed with result NOT_SUPPORTED and size 0
12-08 10:39:06.914 29746 29746 E SchedPolicy: set_timerslack_ns write failed: Operation not permitted
12-08 10:39:20.028 29746 29746 E SchedPolicy: set_timerslack_ns write failed: Operation not permitted
12-08 10:39:27.948  1611  1695 E audio_hw_generic: pcm_write failed cannot write stream data: I/O error
12-08 10:39:38.658  1611  1695 E audio_hw_generic: pcm_write failed cannot write stream data: I/O error
12-08 10:39:46.744  1828  1828 E netmgr  : Failed to open QEMU pipe 'qemud:network': Invalid argument
12-08 10:39:46.745  1828  1828 E netmgr  : WifiForwarder unable to open QEMU pipe: Invalid argument
12-08 10:39:49.286  1611  1695 E audio_hw_generic: pcm_write failed cannot write stream data: I/O error
12-08 10:39:59.919  1611  1695 E audio_hw_generic: pcm_write failed cannot write stream data: I/O error
12-08 10:40:05.074  1738  1772 E storaged: getDiskStats failed with result NOT_SUPPORTED and size 0
12-08 10:40:31.200  1992  1992 E native  : suggestion-transformer.cc:118 suggestion picked candidate not found for id: 3
12-08 10:40:36.344  1611  1695 E audio_hw_generic: pcm_write failed cannot write stream data: I/O error
12-08 10:40:46.705  1611  1695 E audio_hw_generic: pcm_write failed cannot write stream data: I/O error
12-08 10:40:46.803  1828  1828 E netmgr  : Failed to open QEMU pipe 'qemud:network': Invalid argument
12-08 10:40:46.804  1828  1828 E netmgr  : WifiForwarder unable to open QEMU pipe: Invalid argument
