--------- beginning of system
--------- beginning of main
12-08 02:47:37.484  4297  4297 E id.defcontaine: Not starting debugger since process cannot load the jdwp agent.
12-08 02:47:37.640  4314  4314 E oid.documentsu: Not starting debugger since process cannot load the jdwp agent.
12-08 02:47:37.674  4321  4321 E ndroid.keychai: Not starting debugger since process cannot load the jdwp agent.
12-08 02:47:38.587  4375  4375 E droid.apps.doc: Not starting debugger since process cannot load the jdwp agent.
12-08 02:47:40.092  4404  4404 E d.process.medi: Not starting debugger since process cannot load the jdwp agent.
12-08 02:47:40.338  4420  4420 E ocess.gservice: Not starting debugger since process cannot load the jdwp agent.
12-08 02:47:42.632  4375  4375 E DocsApplication: [main] No default account found during application creation.
12-08 02:47:43.129  1729  1931 E         : Couldn't opendir /data/app/vmdl1838211392.tmp: No such file or directory
12-08 02:47:43.129  1729  1931 E installd: Failed to delete /data/app/vmdl1838211392.tmp: No such file or directory
12-08 02:47:49.953 16506 16506 E BeaconBle: Missing BluetoothAdapter
12-08 02:47:50.065 16506 16506 E BeaconBle: Scan couldn't start for Places
12-08 02:47:50.356  4497  4497 E harlton.mileag: Not starting debugger since process cannot load the jdwp agent.
12-08 02:47:52.651 16085 31762 E putmethod.lati: Invalid ID 0x00000001.
12-08 02:47:52.718 16085 31762 E LstmTrainingCache: emn: Can't get resource name for input slot
12-08 02:47:52.718 16085 31762 E LstmTrainingCache: android.content.res.Resources$NotFoundException: Unable to find resource ID #0x1
12-08 02:47:52.718 16085 31762 E LstmTrainingCache: 	at android.content.res.ResourcesImpl.getResourceName(ResourcesImpl.java:255)
12-08 02:47:52.718 16085 31762 E LstmTrainingCache: 	at android.content.res.Resources.getResourceName(Resources.java:1954)
12-08 02:47:52.718 16085 31762 E LstmTrainingCache: 	at emn.a(PG:12)
12-08 02:47:52.718 16085 31762 E LstmTrainingCache: 	at emk.run(PG:5)
12-08 02:47:52.718 16085 31762 E LstmTrainingCache: 	at java.lang.Thread.run(Thread.java:764)
12-08 02:47:56.604 16085 16085 E native  : suggestion-transformer.cc:118 suggestion picked candidate not found for id: 1
12-08 02:47:56.704  4497  4497 E SpannableStringBuilder: SPAN_EXCLUSIVE_EXCLUSIVE spans cannot have a zero length
12-08 02:47:56.704  4497  4497 E SpannableStringBuilder: SPAN_EXCLUSIVE_EXCLUSIVE spans cannot have a zero length
12-08 02:47:58.704 16506  3633 E ctxmgr  : [AppIntervalImpl]closeInterval: stopTimeMillis invalid, stop=1544237278704, start=1544238227857
12-08 02:47:58.714 16506  3633 E ctxmgr  : [AppIntervalImpl]closeInterval: stopTimeMillis invalid, stop=1544237278714, start=1544238227858
12-08 02:48:01.739  4530  4530 E emui:screensho: Not starting debugger since process cannot load the jdwp agent.
12-08 02:48:02.904  4530  4530 E SoundPool: error loading /product/media/audio/ui/camera_click.ogg
12-08 02:48:03.196  1739  1739 E OMXNodeInstance: getConfig(0xee326de0:google.vorbis.decoder, ConfigAndroidVendorExtension(0x6f100004)) ERROR: Undefined(0x80001001)
12-08 02:48:03.216  1724  1876 E SurfaceFlinger: ro.sf.lcd_density must be defined as a build property
12-08 02:48:03.466  1724  1863 E SurfaceFlinger: ro.sf.lcd_density must be defined as a build property
12-08 02:48:05.666 16485 19321 E s.nexuslaunche: Failed to open APK '/data/app/com.evancharlton.mileage-sVIC5-GjGcq9wKbpFbmWSQ==/base.apk' I/O error
12-08 02:48:05.694 16485 19321 E ResourcesManager: failed to add asset path /data/app/com.evancharlton.mileage-sVIC5-GjGcq9wKbpFbmWSQ==/base.apk
12-08 02:48:09.302 16506 16506 E BeaconBle: Missing BluetoothAdapter
12-08 02:48:09.409 16506 16506 E BeaconBle: Scan couldn't start for Places
12-08 02:48:10.218  1829  1829 E netmgr  : Failed to open QEMU pipe 'qemud:network': Invalid argument
12-08 02:48:10.219  1829  1829 E netmgr  : WifiForwarder unable to open QEMU pipe: Invalid argument
12-08 02:48:16.586  4572  4572 E oid.apps.photo: Not starting debugger since process cannot load the jdwp agent.
12-08 02:48:31.872 16561 16561 E ContextIntentStarter: No activity found for any of the 0 intents
12-08 02:48:32.047  1737  1809 E storaged: getDiskStats failed with result NOT_SUPPORTED and size 0
12-08 02:48:43.035 16506  3633 E ctxmgr  : [AppIntervalImpl]closeInterval: stopTimeMillis invalid, stop=1544237323035, start=1544238227857
12-08 02:48:43.042 16506  3633 E ctxmgr  : [AppIntervalImpl]closeInterval: stopTimeMillis invalid, stop=1544237323042, start=1544238227858
12-08 02:48:43.066 15927  4636 E audio_hw_generic: pcm_open(in) failed: cannot open device '/dev/snd/pcmC0D0c': Device or resource busy: channels 2 format 0 rate 16000
12-08 02:49:10.222  1829  1829 E netmgr  : Failed to open QEMU pipe 'qemud:network': Invalid argument
12-08 02:49:10.222  1829  1829 E netmgr  : WifiForwarder unable to open QEMU pipe: Invalid argument
12-08 02:49:32.050  1737  1809 E storaged: getDiskStats failed with result NOT_SUPPORTED and size 0
12-08 02:50:10.224  1829  1829 E netmgr  : Failed to open QEMU pipe 'qemud:network': Invalid argument
12-08 02:50:10.225  1829  1829 E netmgr  : WifiForwarder unable to open QEMU pipe: Invalid argument
12-08 02:50:32.054  1737  1809 E storaged: getDiskStats failed with result NOT_SUPPORTED and size 0
12-08 02:51:10.283  1829  1829 E netmgr  : Failed to open QEMU pipe 'qemud:network': Invalid argument
12-08 02:51:10.283  1829  1829 E netmgr  : WifiForwarder unable to open QEMU pipe: Invalid argument
12-08 02:51:19.627 16085 16085 E native  : suggestion-transformer.cc:118 suggestion picked candidate not found for id: 3
