--------- beginning of system
12-08 09:59:39.616  1881  3671 E WindowManager: Performed 6 layouts in a row. Skipping
12-08 09:59:39.659  1881  4163 E WindowManager: Performed 6 layouts in a row. Skipping
12-08 09:59:39.717  1881  1934 E WindowManager: Performed 6 layouts in a row. Skipping
12-08 09:59:39.771  1881  1934 E WindowManager: Performed 6 layouts in a row. Skipping
12-08 09:59:39.810  1881  1896 E WindowManager: Performed 6 layouts in a row. Skipping
12-08 09:59:39.850  1881  1934 E WindowManager: Performed 6 layouts in a row. Skipping
12-08 09:59:39.883  1881  1934 E WindowManager: Performed 6 layouts in a row. Skipping
12-08 09:59:39.910  1881  3619 E WindowManager: Performed 6 layouts in a row. Skipping
12-08 09:59:39.951  1881  1934 E WindowManager: Performed 6 layouts in a row. Skipping
12-08 09:59:39.983  1881  1934 E WindowManager: Performed 6 layouts in a row. Skipping
12-08 09:59:40.013  1881  3619 E WindowManager: Performed 6 layouts in a row. Skipping
12-08 09:59:40.048  1881  1934 E WindowManager: Performed 6 layouts in a row. Skipping
12-08 09:59:40.131  1881  1934 E WindowManager: Performed 6 layouts in a row. Skipping
12-08 09:59:41.829  1881  1895 E ActivityManager: Failure starting process com.evancharlton.mileage
12-08 09:59:41.829  1881  1895 E ActivityManager: java.lang.SecurityException: Package com.evancharlton.mileage is currently frozen!
12-08 09:59:41.829  1881  1895 E ActivityManager: 	at com.android.server.pm.PackageManagerService.checkPackageStartable(PackageManagerService.java:4000)
12-08 09:59:41.829  1881  1895 E ActivityManager: 	at com.android.server.am.ActivityManagerService.startProcessLocked(ActivityManagerService.java:4234)
12-08 09:59:41.829  1881  1895 E ActivityManager: 	at com.android.server.am.ActivityManagerService.startProcessLocked(ActivityManagerService.java:4199)
12-08 09:59:41.829  1881  1895 E ActivityManager: 	at com.android.server.am.ActivityManagerService.startProcessLocked(ActivityManagerService.java:4181)
12-08 09:59:41.829  1881  1895 E ActivityManager: 	at com.android.server.am.ActivityManagerService.startProcessLocked(ActivityManagerService.java:4067)
12-08 09:59:41.829  1881  1895 E ActivityManager: 	at com.android.server.am.ActivityStackSupervisor.startSpecificActivityLocked(ActivityStackSupervisor.java:1715)
12-08 09:59:41.829  1881  1895 E ActivityManager: 	at com.android.server.am.ActivityStack.resumeTopActivityInnerLocked(ActivityStack.java:2764)
12-08 09:59:41.829  1881  1895 E ActivityManager: 	at com.android.server.am.ActivityStack.resumeTopActivityUncheckedLocked(ActivityStack.java:2302)
12-08 09:59:41.829  1881  1895 E ActivityManager: 	at com.android.server.am.ActivityStackSupervisor.resumeFocusedStackTopActivityLocked(ActivityStackSupervisor.java:2234)
12-08 09:59:41.829  1881  1895 E ActivityManager: 	at com.android.server.am.ActivityStackSupervisor.resumeFocusedStackTopActivityLocked(ActivityStackSupervisor.java:2218)
12-08 09:59:41.829  1881  1895 E ActivityManager: 	at com.android.server.am.ActivityManagerService.handleAppDiedLocked(ActivityManagerService.java:5923)
12-08 09:59:41.829  1881  1895 E ActivityManager: 	at com.android.server.am.ActivityManagerService.removeProcessLocked(ActivityManagerService.java:7501)
12-08 09:59:41.829  1881  1895 E ActivityManager: 	at com.android.server.am.ActivityManagerService.killPackageProcessesLocked(ActivityManagerService.java:7142)
12-08 09:59:41.829  1881  1895 E ActivityManager: 	at com.android.server.am.ActivityManagerService.forceStopPackageLocked(ActivityManagerService.java:7275)
12-08 09:59:41.829  1881  1895 E ActivityManager: 	at com.android.server.am.ActivityManagerService$MainHandler.handleMessage(ActivityManagerService.java:2289)
12-08 09:59:41.829  1881  1895 E ActivityManager: 	at android.os.Handler.dispatchMessage(Handler.java:106)
12-08 09:59:41.829  1881  1895 E ActivityManager: 	at android.os.Looper.loop(Looper.java:193)
12-08 09:59:41.829  1881  1895 E ActivityManager: 	at android.os.HandlerThread.run(HandlerThread.java:65)
12-08 09:59:41.829  1881  1895 E ActivityManager: 	at com.android.server.ServiceThread.run(ServiceThread.java:44)
12-08 09:59:45.037  1738  1772 E storaged: getDiskStats failed with result NOT_SUPPORTED and size 0
12-08 09:59:55.705  1881  1993 E InputMethodManagerService: Ignoring com.android.server.InputMethodManagerService.updateStatusIcon:2188 due to an invalid token. uid:10060 token:android.os.Binder@8878bfb
--------- beginning of main
12-08 10:00:01.635  2692  3033 E PBSessionCacheImpl: sessionId[11841085464322558] not persisted.
12-08 10:00:01.679  2692  3033 E PBSessionCacheImpl: sessionId[11841085464322558] not persisted.
12-08 10:00:02.587  2692 13098 E native  : ordered_signal_compute_stream.h:29 Signal is not forwarded to output stream: 0xe23cc220
12-08 10:00:08.577  2692  2692 E ContextIntentStarter: No activity found for any of the 0 intents
12-08 10:00:08.736 23483 23483 E viders.calenda: Not starting debugger since process cannot load the jdwp agent.
12-08 10:00:08.843 23496 23496 E ndroid.calenda: Not starting debugger since process cannot load the jdwp agent.
12-08 10:00:10.308  1881  4900 E WindowManager: Performed 6 layouts in a row. Skipping
12-08 10:00:10.359  1881  1934 E WindowManager: Performed 6 layouts in a row. Skipping
12-08 10:00:10.449  1881  1934 E WindowManager: Performed 6 layouts in a row. Skipping
12-08 10:00:10.470  1881  1896 E WindowManager: Performed 6 layouts in a row. Skipping
12-08 10:00:10.532  1881  1934 E WindowManager: Performed 6 layouts in a row. Skipping
12-08 10:00:10.582  1881  1934 E WindowManager: Performed 6 layouts in a row. Skipping
12-08 10:00:10.623  1881  1934 E WindowManager: Performed 6 layouts in a row. Skipping
12-08 10:00:11.468 23549 23549 E droid.deskcloc: Not starting debugger since process cannot load the jdwp agent.
12-08 10:00:11.735 23549 23549 E LoadedApk: Unable to instantiate appComponentFactory
12-08 10:00:11.735 23549 23549 E LoadedApk: java.lang.ClassNotFoundException: Didn't find class "android.support.v4.app.CoreComponentFactory" on path: DexPathList[[zip file "/data/app/com.google.android.deskclock-irjeQ48B8SlCzNgOUY6aXg==/base.apk"],nativeLibraryDirectories=[/data/app/com.google.android.deskclock-irjeQ48B8SlCzNgOUY6aXg==/lib/x86, /system/lib]]
12-08 10:00:11.735 23549 23549 E LoadedApk: 	at dalvik.system.BaseDexClassLoader.findClass(BaseDexClassLoader.java:134)
12-08 10:00:11.735 23549 23549 E LoadedApk: 	at java.lang.ClassLoader.loadClass(ClassLoader.java:379)
12-08 10:00:11.735 23549 23549 E LoadedApk: 	at java.lang.ClassLoader.loadClass(ClassLoader.java:312)
12-08 10:00:11.735 23549 23549 E LoadedApk: 	at android.app.LoadedApk.createAppFactory(LoadedApk.java:226)
12-08 10:00:11.735 23549 23549 E LoadedApk: 	at android.app.LoadedApk.createOrUpdateClassLoaderLocked(LoadedApk.java:731)
12-08 10:00:11.735 23549 23549 E LoadedApk: 	at android.app.LoadedApk.getClassLoader(LoadedApk.java:810)
12-08 10:00:11.735 23549 23549 E LoadedApk: 	at android.app.LoadedApk.getResources(LoadedApk.java:1032)
12-08 10:00:11.735 23549 23549 E LoadedApk: 	at android.app.ContextImpl.createAppContext(ContextImpl.java:2345)
12-08 10:00:11.735 23549 23549 E LoadedApk: 	at android.app.ActivityThread.handleBindApplication(ActivityThread.java:5749)
12-08 10:00:11.735 23549 23549 E LoadedApk: 	at android.app.ActivityThread.access$1100(ActivityThread.java:199)
12-08 10:00:11.735 23549 23549 E LoadedApk: 	at android.app.ActivityThread$H.handleMessage(ActivityThread.java:1650)
12-08 10:00:11.735 23549 23549 E LoadedApk: 	at android.os.Handler.dispatchMessage(Handler.java:106)
12-08 10:00:11.735 23549 23549 E LoadedApk: 	at android.os.Looper.loop(Looper.java:193)
12-08 10:00:11.735 23549 23549 E LoadedApk: 	at android.app.ActivityThread.main(ActivityThread.java:6669)
12-08 10:00:11.735 23549 23549 E LoadedApk: 	at java.lang.reflect.Method.invoke(Native Method)
12-08 10:00:11.735 23549 23549 E LoadedApk: 	at com.android.internal.os.RuntimeInit$MethodAndArgsCaller.run(RuntimeInit.java:493)
12-08 10:00:11.735 23549 23549 E LoadedApk: 	at com.android.internal.os.ZygoteInit.main(ZygoteInit.java:858)
12-08 10:00:12.704 23579 23579 E com.ustwo.lwp: Not starting debugger since process cannot load the jdwp agent.
12-08 10:00:41.862  1828  1828 E netmgr  : Failed to open QEMU pipe 'qemud:network': Invalid argument
12-08 10:00:41.862  1828  1828 E netmgr  : WifiForwarder unable to open QEMU pipe: Invalid argument
12-08 10:00:45.040  1738  1772 E storaged: getDiskStats failed with result NOT_SUPPORTED and size 0
12-08 10:00:51.751  1611  1695 E audio_hw_generic: pcm_write failed cannot write stream data: I/O error
12-08 10:01:01.772  1611  1695 E audio_hw_generic: pcm_write failed cannot write stream data: I/O error
12-08 10:01:15.731  1611  1695 E audio_hw_generic: pcm_write failed cannot write stream data: I/O error
12-08 10:01:26.421  1611  1695 E audio_hw_generic: pcm_write failed cannot write stream data: I/O error
12-08 10:01:36.721  1611  1695 E audio_hw_generic: pcm_write failed cannot write stream data: I/O error
12-08 10:01:41.901  1828  1828 E netmgr  : Failed to open QEMU pipe 'qemud:network': Invalid argument
12-08 10:01:41.902  1828  1828 E netmgr  : WifiForwarder unable to open QEMU pipe: Invalid argument
12-08 10:01:45.044  1738  1772 E storaged: getDiskStats failed with result NOT_SUPPORTED and size 0
12-08 10:01:46.742  1611  1695 E audio_hw_generic: pcm_write failed cannot write stream data: I/O error
12-08 10:02:00.762  1611  1695 E audio_hw_generic: pcm_write failed cannot write stream data: I/O error
12-08 10:02:10.771  1611  1695 E audio_hw_generic: pcm_write failed cannot write stream data: I/O error
12-08 10:02:11.917  2494  2716 E PlayCommon: [101] com.google.android.play.b.g.a(448): Failed to connect to server: java.net.UnknownHostException: Unable to resolve host "play.googleapis.com": No address associated with hostname
12-08 10:02:21.872  1611  1695 E audio_hw_generic: pcm_write failed cannot write stream data: I/O error
