--------- beginning of system
--------- beginning of main
12-07 23:42:39.653  1729  1931 E         : Couldn't opendir /data/app/vmdl591200593.tmp: No such file or directory
12-07 23:42:39.653  1729  1931 E installd: Failed to delete /data/app/vmdl591200593.tmp: No such file or directory
12-07 23:42:43.692 17842 17842 E harlton.mileag: Not starting debugger since process cannot load the jdwp agent.
12-07 23:42:45.801 16085 31762 E putmethod.lati: Invalid ID 0x00000001.
12-07 23:42:45.830 16085 31762 E LstmTrainingCache: emn: Can't get resource name for input slot
12-07 23:42:45.830 16085 31762 E LstmTrainingCache: android.content.res.Resources$NotFoundException: Unable to find resource ID #0x1
12-07 23:42:45.830 16085 31762 E LstmTrainingCache: 	at android.content.res.ResourcesImpl.getResourceName(ResourcesImpl.java:255)
12-07 23:42:45.830 16085 31762 E LstmTrainingCache: 	at android.content.res.Resources.getResourceName(Resources.java:1954)
12-07 23:42:45.830 16085 31762 E LstmTrainingCache: 	at emn.a(PG:12)
12-07 23:42:45.830 16085 31762 E LstmTrainingCache: 	at emk.run(PG:5)
12-07 23:42:45.830 16085 31762 E LstmTrainingCache: 	at java.lang.Thread.run(Thread.java:764)
12-07 23:42:50.838 16506 17571 E ctxmgr  : [AppIntervalImpl]closeInterval: ongoing
12-07 23:42:50.926 16506 17571 E ctxmgr  : [AppIntervalImpl]closeInterval: ongoing
12-07 23:43:01.650 16485 16813 E s.nexuslaunche: Failed to open APK '/data/app/com.evancharlton.mileage-C4lmxPmrPGu0jeQU_pRtuw==/base.apk' I/O error
12-07 23:43:01.689 16485 16813 E ResourcesManager: failed to add asset path /data/app/com.evancharlton.mileage-C4lmxPmrPGu0jeQU_pRtuw==/base.apk
12-07 23:43:04.111 16506 16506 E BeaconBle: Missing BluetoothAdapter
12-07 23:43:04.158 16506 16506 E BeaconBle: Scan couldn't start for Places
12-07 23:43:12.660 17903 17903 E oid.apps.photo: Not starting debugger since process cannot load the jdwp agent.
12-07 23:43:12.851  1829  1829 E netmgr  : Failed to open QEMU pipe 'qemud:network': Invalid argument
12-07 23:43:12.851  1829  1829 E netmgr  : WifiForwarder unable to open QEMU pipe: Invalid argument
12-07 23:43:13.883 17921 17921 E ocess.gservice: Not starting debugger since process cannot load the jdwp agent.
12-07 23:43:16.100 15976 15989 E memtrack: Couldn't load memtrack module
12-07 23:43:16.157 15976 15989 E memtrack: Couldn't load memtrack module
12-07 23:43:16.220 15976 15989 E memtrack: Couldn't load memtrack module
12-07 23:43:16.281 15976 15989 E memtrack: Couldn't load memtrack module
12-07 23:43:16.332 15976 15989 E memtrack: Couldn't load memtrack module
12-07 23:43:16.381 15976 15989 E memtrack: Couldn't load memtrack module
12-07 23:43:16.430 15976 15989 E memtrack: Couldn't load memtrack module
12-07 23:43:16.489 15976 15989 E memtrack: Couldn't load memtrack module
12-07 23:43:16.552 15976 15989 E memtrack: Couldn't load memtrack module
12-07 23:43:16.619 15976 15989 E memtrack: Couldn't load memtrack module
12-07 23:43:22.731 10641 10641 E ContextIntentStarter: No activity found for any of the 0 intents
12-07 23:43:34.315 16506 16970 E ctxmgr  : [AppIntervalImpl]closeInterval: ongoing
12-07 23:43:34.321 16506 16970 E ctxmgr  : [AppIntervalImpl]closeInterval: ongoing
12-07 23:43:34.556  1737  1809 E storaged: getDiskStats failed with result NOT_SUPPORTED and size 0
12-07 23:43:34.817 15976 15989 E memtrack: Couldn't load memtrack module
12-07 23:43:35.398 17981 17981 E id.partnersetu: Not starting debugger since process cannot load the jdwp agent.
12-07 23:43:35.522 17996 17996 E hod.latin:trai: Not starting debugger since process cannot load the jdwp agent.
12-07 23:43:35.732 18010 18010 E dboxed_process: Not starting debugger since process cannot load the jdwp agent.
12-07 23:43:36.397 10641 10641 E ClientVe: Failed to create ClientVisualElementsProto for user interaction on view com.google.android.apps.gsa.searchbox.ui.suggestions.views.CoreSuggestionView{839d1ef VFE...CL. ...P.... 0,142-1038,289 #10} because the view is not tagged for visual element logging.
12-07 23:43:36.498 10641 10641 E ClientVe: Failed to create ClientVisualElementsProto for user interaction on view com.google.android.apps.gsa.searchbox.ui.suggestions.views.CoreSuggestionView{839d1ef VFE...CL. ...P.... 0,142-1038,289 #10} because the view is not tagged for visual element logging.
12-07 23:43:39.730 15927 18064 E audio_hw_generic: pcm_open(in) failed: cannot open device '/dev/snd/pcmC0D0c': Device or resource busy: channels 2 format 0 rate 16000
12-07 23:43:41.576 10641 10641 E ClientVe: Failed to create ClientVisualElementsProto for user interaction on view com.google.android.apps.gsa.searchbox.ui.suggestions.views.CoreSuggestionView{c6f64fc VFE...CL. ...P.... 0,289-1038,436 #11} because the view is not tagged for visual element logging.
12-07 23:43:41.660 10641 10641 E ClientVe: Failed to create ClientVisualElementsProto for user interaction on view com.google.android.apps.gsa.searchbox.ui.suggestions.views.CoreSuggestionView{31af785 VFE...CL. ...P.... 0,436-1038,583 #12} because the view is not tagged for visual element logging.
12-07 23:43:42.721 10641 10641 E ClientVe: Failed to create ClientVisualElementsProto for user interaction on view com.google.android.apps.gsa.searchbox.ui.suggestions.views.CoreSuggestionView{31af785 VFE...CL. ...P.... 0,436-1038,583 #12} because the view is not tagged for visual element logging.
12-07 23:43:42.732 10641 10641 E ClientVe: Failed to create ClientVisualElementsProto for user interaction on view com.google.android.apps.gsa.searchbox.ui.suggestions.views.CoreSuggestionView{c6f64fc VFE...CL. ...P.... 0,289-1038,436 #11} because the view is not tagged for visual element logging.
12-07 23:43:42.809 10641 10641 E ClientVe: Failed to create ClientVisualElementsProto for user interaction on view com.google.android.apps.gsa.searchbox.ui.suggestions.views.CoreSuggestionView{839d1ef VFE...CL. ...P.... 0,142-1038,289 #10} because the view is not tagged for visual element logging.
12-07 23:43:43.146 10641 10641 E ClientVe: Failed to create ClientVisualElementsProto for user interaction on view com.google.android.apps.gsa.searchbox.ui.suggestions.views.CoreSuggestionView{c6f64fc VFE...CL. ...p.... 0,289-1038,436 #11} because the view is not tagged for visual element logging.
12-07 23:43:43.163 10641 10641 E ClientVe: Failed to create ClientVisualElementsProto for user interaction on view com.google.android.apps.gsa.searchbox.ui.suggestions.views.CoreSuggestionView{c6f64fc VFE...CL. ...P.... 0,289-1038,436 #11} because the view is not tagged for visual element logging.
12-07 23:43:44.132 10641 10641 E ClientVe: Failed to create ClientVisualElementsProto for user interaction on view com.google.android.apps.gsa.searchbox.ui.suggestions.views.CoreSuggestionView{839d1ef VFE...CL. ...P.... 0,142-1038,289 #10} because the view is not tagged for visual element logging.
12-07 23:43:44.715 10641 10649 E ReloadingLock: Finalizing LOCKED Token[searchresults_activity 2018-12-07 23:43:39.407]
12-07 23:43:45.097 10641 10641 E ClientVe: Failed to create ClientVisualElementsProto for user interaction on view com.google.android.apps.gsa.searchbox.ui.suggestions.views.CoreSuggestionView{6b4dece VFE...CL. ...P.... 0,-5-1038,142 #f} because the view is not tagged for visual element logging.
12-07 23:43:46.705 15976 19560 E WindowManager: Performed 6 layouts in a row. Skipping
12-07 23:43:46.725 15976 16026 E WindowManager: Performed 6 layouts in a row. Skipping
12-07 23:43:47.023 15976 16026 E WindowManager: Performed 6 layouts in a row. Skipping
12-07 23:43:47.080 15976 16026 E WindowManager: Performed 6 layouts in a row. Skipping
12-07 23:43:47.126 15976 16026 E WindowManager: Performed 6 layouts in a row. Skipping
12-07 23:43:47.147 15976 19332 E WindowManager: Performed 6 layouts in a row. Skipping
12-07 23:43:47.189 15976 15991 E WindowManager: Performed 6 layouts in a row. Skipping
12-07 23:43:47.233 15976 16026 E WindowManager: Performed 6 layouts in a row. Skipping
12-07 23:43:47.262 15976 16026 E WindowManager: Performed 6 layouts in a row. Skipping
12-07 23:43:47.322 15976 16115 E WindowManager: Performed 6 layouts in a row. Skipping
12-07 23:43:47.388 15976 16026 E WindowManager: Performed 6 layouts in a row. Skipping
12-07 23:43:47.433 15976 16116 E WindowManager: Performed 6 layouts in a row. Skipping
12-07 23:43:47.466 15976 16026 E WindowManager: Performed 6 layouts in a row. Skipping
12-07 23:43:47.610 15976 16026 E WindowManager: Performed 6 layouts in a row. Skipping
12-07 23:43:50.666 15976 15989 E memtrack: Couldn't load memtrack module
12-07 23:43:52.285 15976 16318 E WindowManager: Performed 6 layouts in a row. Skipping
12-07 23:43:52.302 15976 16026 E WindowManager: Performed 6 layouts in a row. Skipping
12-07 23:43:52.382 15976 16026 E WindowManager: Performed 6 layouts in a row. Skipping
12-07 23:43:52.418 15976 16026 E WindowManager: Performed 6 layouts in a row. Skipping
12-07 23:43:52.452 15976 16026 E WindowManager: Performed 6 layouts in a row. Skipping
12-07 23:43:52.479 15976 15991 E WindowManager: Performed 6 layouts in a row. Skipping
12-07 23:43:52.519 15976 19332 E WindowManager: Performed 6 layouts in a row. Skipping
12-07 23:43:52.554 15976 16026 E WindowManager: Performed 6 layouts in a row. Skipping
12-07 23:43:52.698 15976 16026 E WindowManager: Performed 6 layouts in a row. Skipping
