--------- beginning of main
--------- beginning of system
12-09 05:42:52.294  1885  1899 E ActivityManager: Failure starting process com.evancharlton.mileage
12-09 05:42:52.294  1885  1899 E ActivityManager: java.lang.SecurityException: Package com.evancharlton.mileage is currently frozen!
12-09 05:42:52.294  1885  1899 E ActivityManager: 	at com.android.server.pm.PackageManagerService.checkPackageStartable(PackageManagerService.java:4000)
12-09 05:42:52.294  1885  1899 E ActivityManager: 	at com.android.server.am.ActivityManagerService.startProcessLocked(ActivityManagerService.java:4234)
12-09 05:42:52.294  1885  1899 E ActivityManager: 	at com.android.server.am.ActivityManagerService.startProcessLocked(ActivityManagerService.java:4199)
12-09 05:42:52.294  1885  1899 E ActivityManager: 	at com.android.server.am.ActivityManagerService.startProcessLocked(ActivityManagerService.java:4181)
12-09 05:42:52.294  1885  1899 E ActivityManager: 	at com.android.server.am.ActivityManagerService.startProcessLocked(ActivityManagerService.java:4067)
12-09 05:42:52.294  1885  1899 E ActivityManager: 	at com.android.server.am.ActivityStackSupervisor.startSpecificActivityLocked(ActivityStackSupervisor.java:1715)
12-09 05:42:52.294  1885  1899 E ActivityManager: 	at com.android.server.am.ActivityStack.resumeTopActivityInnerLocked(ActivityStack.java:2764)
12-09 05:42:52.294  1885  1899 E ActivityManager: 	at com.android.server.am.ActivityStack.resumeTopActivityUncheckedLocked(ActivityStack.java:2302)
12-09 05:42:52.294  1885  1899 E ActivityManager: 	at com.android.server.am.ActivityStackSupervisor.resumeFocusedStackTopActivityLocked(ActivityStackSupervisor.java:2234)
12-09 05:42:52.294  1885  1899 E ActivityManager: 	at com.android.server.am.ActivityStackSupervisor.resumeFocusedStackTopActivityLocked(ActivityStackSupervisor.java:2218)
12-09 05:42:52.294  1885  1899 E ActivityManager: 	at com.android.server.am.ActivityManagerService.handleAppDiedLocked(ActivityManagerService.java:5923)
12-09 05:42:52.294  1885  1899 E ActivityManager: 	at com.android.server.am.ActivityManagerService.removeProcessLocked(ActivityManagerService.java:7501)
12-09 05:42:52.294  1885  1899 E ActivityManager: 	at com.android.server.am.ActivityManagerService.killPackageProcessesLocked(ActivityManagerService.java:7142)
12-09 05:42:52.294  1885  1899 E ActivityManager: 	at com.android.server.am.ActivityManagerService.forceStopPackageLocked(ActivityManagerService.java:7275)
12-09 05:42:52.294  1885  1899 E ActivityManager: 	at com.android.server.am.ActivityManagerService$MainHandler.handleMessage(ActivityManagerService.java:2289)
12-09 05:42:52.294  1885  1899 E ActivityManager: 	at android.os.Handler.dispatchMessage(Handler.java:106)
12-09 05:42:52.294  1885  1899 E ActivityManager: 	at android.os.Looper.loop(Looper.java:193)
12-09 05:42:52.294  1885  1899 E ActivityManager: 	at android.os.HandlerThread.run(HandlerThread.java:65)
12-09 05:42:52.294  1885  1899 E ActivityManager: 	at com.android.server.ServiceThread.run(ServiceThread.java:44)
12-09 05:42:53.193 28100 28100 E ndroid.keychai: Not starting debugger since process cannot load the jdwp agent.
12-09 05:42:53.267 28119 28119 E droid.apps.doc: Not starting debugger since process cannot load the jdwp agent.
12-09 05:42:55.377 28119 28119 E DocsApplication: [main] No default account found during application creation.
12-09 05:42:56.321  1731  1935 E         : Couldn't opendir /data/app/vmdl1960876775.tmp: No such file or directory
12-09 05:42:56.321  1731  1935 E installd: Failed to delete /data/app/vmdl1960876775.tmp: No such file or directory
12-09 05:42:58.559 28204 28204 E harlton.mileag: Not starting debugger since process cannot load the jdwp agent.
12-09 05:43:00.159  1994  7294 E putmethod.lati: Invalid ID 0x00000001.
12-09 05:43:00.161  1994  7294 E LstmTrainingCache: emn: Can't get resource name for input slot
12-09 05:43:00.161  1994  7294 E LstmTrainingCache: android.content.res.Resources$NotFoundException: Unable to find resource ID #0x1
12-09 05:43:00.161  1994  7294 E LstmTrainingCache: 	at android.content.res.ResourcesImpl.getResourceName(ResourcesImpl.java:255)
12-09 05:43:00.161  1994  7294 E LstmTrainingCache: 	at android.content.res.Resources.getResourceName(Resources.java:1954)
12-09 05:43:00.161  1994  7294 E LstmTrainingCache: 	at emn.a(PG:12)
12-09 05:43:00.161  1994  7294 E LstmTrainingCache: 	at emk.run(PG:5)
12-09 05:43:00.161  1994  7294 E LstmTrainingCache: 	at java.lang.Thread.run(Thread.java:764)
12-09 05:43:02.090 28204 28204 E SpannableStringBuilder: SPAN_EXCLUSIVE_EXCLUSIVE spans cannot have a zero length
12-09 05:43:02.090 28204 28204 E SpannableStringBuilder: SPAN_EXCLUSIVE_EXCLUSIVE spans cannot have a zero length
12-09 05:43:03.256  1994  7294 E putmethod.lati: Invalid ID 0x00000001.
12-09 05:43:03.256  1994  7294 E LstmTrainingCache: emn: Can't get resource name for input slot
12-09 05:43:03.256  1994  7294 E LstmTrainingCache: android.content.res.Resources$NotFoundException: Unable to find resource ID #0x1
12-09 05:43:03.256  1994  7294 E LstmTrainingCache: 	at android.content.res.ResourcesImpl.getResourceName(ResourcesImpl.java:255)
12-09 05:43:03.256  1994  7294 E LstmTrainingCache: 	at android.content.res.Resources.getResourceName(Resources.java:1954)
12-09 05:43:03.256  1994  7294 E LstmTrainingCache: 	at emn.a(PG:12)
12-09 05:43:03.256  1994  7294 E LstmTrainingCache: 	at emk.run(PG:5)
12-09 05:43:03.256  1994  7294 E LstmTrainingCache: 	at java.lang.Thread.run(Thread.java:764)
12-09 05:43:03.714 28204 28204 E SpannableStringBuilder: SPAN_EXCLUSIVE_EXCLUSIVE spans cannot have a zero length
12-09 05:43:03.715 28204 28204 E SpannableStringBuilder: SPAN_EXCLUSIVE_EXCLUSIVE spans cannot have a zero length
12-09 05:43:08.455  1994  7294 E putmethod.lati: Invalid ID 0x00000001.
12-09 05:43:08.455  1994  7294 E LstmTrainingCache: emn: Can't get resource name for input slot
12-09 05:43:08.455  1994  7294 E LstmTrainingCache: android.content.res.Resources$NotFoundException: Unable to find resource ID #0x1
12-09 05:43:08.455  1994  7294 E LstmTrainingCache: 	at android.content.res.ResourcesImpl.getResourceName(ResourcesImpl.java:255)
12-09 05:43:08.455  1994  7294 E LstmTrainingCache: 	at android.content.res.Resources.getResourceName(Resources.java:1954)
12-09 05:43:08.455  1994  7294 E LstmTrainingCache: 	at emn.a(PG:12)
12-09 05:43:08.455  1994  7294 E LstmTrainingCache: 	at emk.run(PG:5)
12-09 05:43:08.455  1994  7294 E LstmTrainingCache: 	at java.lang.Thread.run(Thread.java:764)
12-09 05:43:10.642 28231 28231 E emui:screensho: Not starting debugger since process cannot load the jdwp agent.
12-09 05:43:10.665  1834  1834 E netmgr  : Failed to open QEMU pipe 'qemud:network': Invalid argument
12-09 05:43:10.665  1834  1834 E netmgr  : WifiForwarder unable to open QEMU pipe: Invalid argument
12-09 05:43:11.212 28231 28231 E SoundPool: error loading /product/media/audio/ui/camera_click.ogg
12-09 05:43:11.388  1726  1750 E SurfaceFlinger: ro.sf.lcd_density must be defined as a build property
12-09 05:43:11.524  1741  1741 E OMXNodeInstance: getConfig(0xe93910c0:google.vorbis.decoder, ConfigAndroidVendorExtension(0x6f100004)) ERROR: Undefined(0x80001001)
12-09 05:43:11.575  1726  1911 E SurfaceFlinger: ro.sf.lcd_density must be defined as a build property
12-09 05:43:15.491  2378 28066 E ctxmgr  : [ProducerStatusImpl]updateStateForNewContextData: inactive, contextName=7
12-09 05:43:15.590  1994  1994 E native  : suggestion-transformer.cc:118 suggestion picked candidate not found for id: 7
12-09 05:43:15.645  2378 28066 E ctxmgr  : [ProducerStatusImpl]updateStateForNewContextData: inactive, contextName=1
12-09 05:43:15.874  2378  3140 E PlaceInferenceEngine: Position timestamp out of order. Previous: 1544334124038, Current: 1544316195000. Skipping this Position.
12-09 05:43:15.882  2378  2378 E BeaconBle: Missing BluetoothAdapter
12-09 05:43:16.002  2378  2378 E BeaconBle: Scan couldn't start for Places
12-09 05:43:16.591  2720  2720 E ContextIntentStarter: No activity found for any of the 0 intents
12-09 05:43:17.175  1739  1762 E storaged: getDiskStats failed with result NOT_SUPPORTED and size 0
12-09 05:43:17.498 28281 28281 E rrierdefaultap: Not starting debugger since process cannot load the jdwp agent.
12-09 05:43:17.509 26140 26140 E wpa_supplicant: nl80211: Failed to open /proc/sys/net/ipv4/conf/p2p-dev-wlan0/drop_unicast_in_l2_multicast: No such file or directory
12-09 05:43:17.509 26140 26140 E wpa_supplicant: nl80211: Failed to set IPv4 unicast in multicast filter
12-09 05:43:17.539 26140 26140 E wpa_supplicant: nl80211: Failed to open /proc/sys/net/ipv4/conf/p2p-dev-wlan0/drop_unicast_in_l2_multicast: No such file or directory
12-09 05:43:17.539 26140 26140 E wpa_supplicant: nl80211: Failed to set IPv4 unicast in multicast filter
12-09 05:43:17.748 26140 26140 E wpa_supplicant: nl80211: Failed to open /proc/sys/net/ipv4/conf/wlan0/drop_unicast_in_l2_multicast: No such file or directory
12-09 05:43:17.748 26140 26140 E wpa_supplicant: nl80211: Failed to set IPv4 unicast in multicast filter
12-09 05:43:17.748 26140 26140 E wpa_supplicant: nl80211: Failed to open /proc/sys/net/ipv4/conf/wlan0/drop_unicast_in_l2_multicast: No such file or directory
12-09 05:43:17.748 26140 26140 E wpa_supplicant: nl80211: Failed to set IPv4 unicast in multicast filter
12-09 05:43:17.852 26140 26140 E wpa_supplicant: nl80211: Failed to open /proc/sys/net/ipv4/conf/wlan0/drop_unicast_in_l2_multicast: No such file or directory
12-09 05:43:17.852 26140 26140 E wpa_supplicant: nl80211: Failed to set IPv4 unicast in multicast filter
12-09 05:43:18.185  1629  1629 E android.hardware.wifi@1.0-service: Failed to open directory: Permission denied
12-09 05:43:18.185  1629  1629 E android.hardware.wifi@1.0-service: Error occurred while deleting old tombstone files
12-09 05:43:18.185  1629  1629 E android.hardware.wifi@1.0-service: Error writing files to flash
12-09 05:43:18.537  2378 26212 E WakeLock: GCM_HB_ALARM release without a matched acquire!
12-09 05:43:18.539  1885  1971 E WifiP2pService: Unhandled message { when=0 what=131204 target=com.android.internal.util.StateMachine$SmHandler }
12-09 05:43:18.575  1885  1903 E BatteryExternalStatsWorker: no controller energy info supplied for wifi
12-09 05:43:18.599  2378 26212 E WakeLock: GCM_CONN_ALARM release without a matched acquire!
12-09 05:43:18.588  1885  1903 E BatteryExternalStatsWorker: no controller energy info supplied for wifi
12-09 05:43:24.219 28302 28302 E oid.apps.photo: Not starting debugger since process cannot load the jdwp agent.
12-09 05:43:24.806 28320 28320 E ocess.gservice: Not starting debugger since process cannot load the jdwp agent.
12-09 05:43:25.107  2378 28343 E WakeLock: GCM_HB_ALARM release without a matched acquire!
12-09 05:43:25.109  2378 28343 E WakeLock: GCM_CONN_ALARM release without a matched acquire!
12-09 05:44:10.705  1834  1834 E netmgr  : Failed to open QEMU pipe 'qemud:network': Invalid argument
12-09 05:44:10.705  1834  1834 E netmgr  : WifiForwarder unable to open QEMU pipe: Invalid argument
12-09 05:44:17.179  1739  1762 E storaged: getDiskStats failed with result NOT_SUPPORTED and size 0
12-09 05:45:10.708  1834  1834 E netmgr  : Failed to open QEMU pipe 'qemud:network': Invalid argument
12-09 05:45:10.708  1834  1834 E netmgr  : WifiForwarder unable to open QEMU pipe: Invalid argument
12-09 05:45:17.180  1739  1762 E storaged: getDiskStats failed with result NOT_SUPPORTED and size 0
12-09 05:45:17.933 28204 28204 E SpannableStringBuilder: SPAN_EXCLUSIVE_EXCLUSIVE spans cannot have a zero length
12-09 05:45:17.933 28204 28204 E SpannableStringBuilder: SPAN_EXCLUSIVE_EXCLUSIVE spans cannot have a zero length
12-09 05:45:18.633  1885  4630 E WindowManager: Performed 6 layouts in a row. Skipping
12-09 05:45:18.655  1885  1938 E WindowManager: Performed 6 layouts in a row. Skipping
12-09 05:45:18.696  1885  1938 E WindowManager: Performed 6 layouts in a row. Skipping
12-09 05:45:18.716  1885  1900 E WindowManager: Performed 6 layouts in a row. Skipping
12-09 05:45:18.837  1885  1938 E WindowManager: Performed 6 layouts in a row. Skipping
12-09 05:45:18.919  1885  1938 E WindowManager: Performed 6 layouts in a row. Skipping
12-09 05:45:18.960  1885  1896 E WindowManager: Performed 6 layouts in a row. Skipping
12-09 05:45:19.111  1885  1938 E WindowManager: Performed 6 layouts in a row. Skipping
