--------- beginning of system
--------- beginning of main
12-08 20:34:38.178  1884  1897 E memtrack: Couldn't load memtrack module
12-08 20:34:39.281  1884  1956 E InputDispatcher: channel 'bc0532a com.evancharlton.mileage/com.evancharlton.mileage.FieldListActivity (server)' ~ Channel is unrecoverably broken and will be disposed!
12-08 20:34:39.283  1884  1956 E InputDispatcher: channel 'dc7622e com.evancharlton.mileage/com.evancharlton.mileage.Mileage (server)' ~ Channel is unrecoverably broken and will be disposed!
12-08 20:34:39.409  1884  1898 E ActivityManager: Failure starting process com.evancharlton.mileage
12-08 20:34:39.409  1884  1898 E ActivityManager: java.lang.SecurityException: Package com.evancharlton.mileage was not found!
12-08 20:34:39.409  1884  1898 E ActivityManager: 	at com.android.server.pm.PackageManagerService.checkPackageStartable(PackageManagerService.java:3987)
12-08 20:34:39.409  1884  1898 E ActivityManager: 	at com.android.server.am.ActivityManagerService.startProcessLocked(ActivityManagerService.java:4234)
12-08 20:34:39.409  1884  1898 E ActivityManager: 	at com.android.server.am.ActivityManagerService.startProcessLocked(ActivityManagerService.java:4199)
12-08 20:34:39.409  1884  1898 E ActivityManager: 	at com.android.server.am.ActivityManagerService.startProcessLocked(ActivityManagerService.java:4181)
12-08 20:34:39.409  1884  1898 E ActivityManager: 	at com.android.server.am.ActivityManagerService.startProcessLocked(ActivityManagerService.java:4067)
12-08 20:34:39.409  1884  1898 E ActivityManager: 	at com.android.server.am.ActivityStackSupervisor.startSpecificActivityLocked(ActivityStackSupervisor.java:1715)
12-08 20:34:39.409  1884  1898 E ActivityManager: 	at com.android.server.am.ActivityStack.resumeTopActivityInnerLocked(ActivityStack.java:2764)
12-08 20:34:39.409  1884  1898 E ActivityManager: 	at com.android.server.am.ActivityStack.resumeTopActivityUncheckedLocked(ActivityStack.java:2302)
12-08 20:34:39.409  1884  1898 E ActivityManager: 	at com.android.server.am.ActivityStackSupervisor.resumeFocusedStackTopActivityLocked(ActivityStackSupervisor.java:2234)
12-08 20:34:39.409  1884  1898 E ActivityManager: 	at com.android.server.am.ActivityStackSupervisor.resumeFocusedStackTopActivityLocked(ActivityStackSupervisor.java:2218)
12-08 20:34:39.409  1884  1898 E ActivityManager: 	at com.android.server.am.ActivityManagerService.handleAppDiedLocked(ActivityManagerService.java:5923)
12-08 20:34:39.409  1884  1898 E ActivityManager: 	at com.android.server.am.ActivityManagerService.removeProcessLocked(ActivityManagerService.java:7501)
12-08 20:34:39.409  1884  1898 E ActivityManager: 	at com.android.server.am.ActivityManagerService.killPackageProcessesLocked(ActivityManagerService.java:7142)
12-08 20:34:39.409  1884  1898 E ActivityManager: 	at com.android.server.am.ActivityManagerService.forceStopPackageLocked(ActivityManagerService.java:7275)
12-08 20:34:39.409  1884  1898 E ActivityManager: 	at com.android.server.am.ActivityManagerService$MainHandler.handleMessage(ActivityManagerService.java:2289)
12-08 20:34:39.409  1884  1898 E ActivityManager: 	at android.os.Handler.dispatchMessage(Handler.java:106)
12-08 20:34:39.409  1884  1898 E ActivityManager: 	at android.os.Looper.loop(Looper.java:193)
12-08 20:34:39.409  1884  1898 E ActivityManager: 	at android.os.HandlerThread.run(HandlerThread.java:65)
12-08 20:34:39.409  1884  1898 E ActivityManager: 	at com.android.server.ServiceThread.run(ServiceThread.java:44)
12-08 20:34:39.515  1884  1897 E memtrack: Couldn't load memtrack module
12-08 20:34:40.441  4475  4475 E ndroid.keychai: Not starting debugger since process cannot load the jdwp agent.
12-08 20:34:40.441  4468  4468 E oid.documentsu: Not starting debugger since process cannot load the jdwp agent.
12-08 20:34:40.463  2439  4408 E ctxmgr  : [ProducerStatusImpl]updateStateForNewContextData: inactive, contextName=7
12-08 20:34:40.770  2614  3084 E WorkSourceUtil: Could not find package: com.evancharlton.mileage
12-08 20:34:40.780  2614  2614 E ConnectivityChangeRecei: Ignoring connectivity change
12-08 20:34:40.836  4524  4524 E externalstorag: Not starting debugger since process cannot load the jdwp agent.
12-08 20:34:41.229  4542  4542 E com.android.mt: Not starting debugger since process cannot load the jdwp agent.
12-08 20:34:41.320  2439  2439 E BeaconBle: Missing BluetoothAdapter
12-08 20:34:41.566  2439  2439 E BeaconBle: Scan couldn't start for Places
12-08 20:34:41.648  4568  4568 E droid.apps.doc: Not starting debugger since process cannot load the jdwp agent.
12-08 20:34:42.023  1827  1827 E netmgr  : Failed to open QEMU pipe 'qemud:network': Invalid argument
12-08 20:34:42.023  1827  1827 E netmgr  : WifiForwarder unable to open QEMU pipe: Invalid argument
12-08 20:34:42.055  1884  1897 E memtrack: Couldn't load memtrack module
12-08 20:34:43.393  4568  4568 E DocsApplication: [main] No default account found during application creation.
12-08 20:34:43.539  1731  1933 E         : Couldn't opendir /data/app/vmdl1430740236.tmp: No such file or directory
12-08 20:34:43.539  1731  1933 E installd: Failed to delete /data/app/vmdl1430740236.tmp: No such file or directory
12-08 20:34:44.675  4638  4638 E harlton.mileag: Not starting debugger since process cannot load the jdwp agent.
12-08 20:34:45.320  4655  4655 E d.process.acor: Not starting debugger since process cannot load the jdwp agent.
12-08 20:34:48.542  1739  1753 E storaged: getDiskStats failed with result NOT_SUPPORTED and size 0
12-08 20:34:54.076  2614  2806 E SQLiteCastStore: Skip saving CastDeviceInfo: "Nearby device" (__cast_nearby___V_d26cb66e-ed6d-42f9-a2e3-f80362f6511b)
12-08 20:34:54.907  1884  1897 E memtrack: Couldn't load memtrack module
12-08 20:34:56.750  1884  1956 E InputDispatcher: Received spurious receive callback for unknown input channel.  fd=261, events=0x1
12-08 20:34:58.614  2413  2427 E s.nexuslaunche: Failed to open APK '/data/app/com.evancharlton.mileage-pVC_EwjR0zhvIyxvSNl7Dw==/base.apk' I/O error
12-08 20:34:58.614  2413  2427 E ResourcesManager: failed to add asset path /data/app/com.evancharlton.mileage-pVC_EwjR0zhvIyxvSNl7Dw==/base.apk
12-08 20:34:59.014  2413  2413 E SchedPolicy: set_timerslack_ns write failed: Operation not permitted
12-08 20:34:59.330  2439  2792 E ctxmgr  : [ProducerStatusImpl]updateStateForNewContextData: inactive, contextName=7
12-08 20:34:59.120  2413  2413 E SchedPolicy: set_timerslack_ns write failed: Operation not permitted
12-08 20:34:59.915  2439  2439 E BeaconBle: Missing BluetoothAdapter
12-08 20:35:00.100  2439  2439 E BeaconBle: Scan couldn't start for Places
12-08 20:35:00.494  1884  1897 E memtrack: Couldn't load memtrack module
12-08 20:35:01.003  1884  1897 E memtrack: Couldn't load memtrack module
12-08 20:35:01.054  1884  1897 E memtrack: Couldn't load memtrack module
12-08 20:35:01.271  1884  1897 E memtrack: Couldn't load memtrack module
12-08 20:35:01.452  2826  2826 E ContextIntentStarter: No activity found for any of the 0 intents
12-08 20:35:01.480  2439  2950 E Volley  : [106] BasicNetwork.performRequest: Unexpected response code 403 for https://www.googleapis.com/placesandroid/v1/getPlaceById?key=AIzaSyAf4nrRiEKvqzlRKTncQaAXMzb3ePYHr8Y
12-08 20:35:01.525  2439  2792 E AsyncOperation: serviceID=65, operation=GetPlaceById
12-08 20:35:01.525  2439  2792 E AsyncOperation: OperationException[Status{statusCode=ERROR, resolution=null}]
12-08 20:35:01.525  2439  2792 E AsyncOperation: 	at bcmj.b(:com.google.android.gms@14799040@14.7.99 (100700-223214910):3)
12-08 20:35:01.525  2439  2792 E AsyncOperation: 	at bcmc.a(:com.google.android.gms@14799040@14.7.99 (100700-223214910):29)
12-08 20:35:01.525  2439  2792 E AsyncOperation: 	at ybc.run(:com.google.android.gms@14799040@14.7.99 (100700-223214910):27)
12-08 20:35:01.525  2439  2792 E AsyncOperation: 	at beyi.run(:com.google.android.gms@14799040@14.7.99 (100700-223214910):2)
12-08 20:35:01.525  2439  2792 E AsyncOperation: 	at qwc.run(:com.google.android.gms@14799040@14.7.99 (100700-223214910):21)
12-08 20:35:01.525  2439  2792 E AsyncOperation: 	at java.util.concurrent.ThreadPoolExecutor.runWorker(ThreadPoolExecutor.java:1167)
12-08 20:35:01.525  2439  2792 E AsyncOperation: 	at java.util.concurrent.ThreadPoolExecutor$Worker.run(ThreadPoolExecutor.java:641)
12-08 20:35:01.525  2439  2792 E AsyncOperation: 	at rbx.run(Unknown Source:7)
12-08 20:35:01.525  2439  2792 E AsyncOperation: 	at java.lang.Thread.run(Thread.java:764)
12-08 20:35:01.762  1884  1897 E memtrack: Couldn't load memtrack module
12-08 20:35:04.182  4745  4745 E webview_servic: Not starting debugger since process cannot load the jdwp agent.
12-08 20:35:04.752  4770  4770 E dboxed_process: Not starting debugger since process cannot load the jdwp agent.
12-08 20:35:05.978  2413  2413 E SchedPolicy: set_timerslack_ns write failed: Operation not permitted
12-08 20:35:06.191  2826  4793 E BluetoothAdapter: Bluetooth binder is null
12-08 20:35:06.369  1884  1897 E memtrack: Couldn't load memtrack module
12-08 20:35:06.603  2413  2413 E SchedPolicy: set_timerslack_ns write failed: Operation not permitted
