--------- beginning of main
12-08 05:40:23.769 25557 25557 E id.defcontaine: Not starting debugger since process cannot load the jdwp agent.
--------- beginning of system
12-08 05:40:23.901 25571 25571 E oid.documentsu: Not starting debugger since process cannot load the jdwp agent.
12-08 05:40:23.970 25585 25585 E ndroid.keychai: Not starting debugger since process cannot load the jdwp agent.
12-08 05:40:24.753 25629 25629 E droid.apps.doc: Not starting debugger since process cannot load the jdwp agent.
12-08 05:40:25.899 25655 25655 E d.process.medi: Not starting debugger since process cannot load the jdwp agent.
12-08 05:40:26.171 25674 25674 E ocess.gservice: Not starting debugger since process cannot load the jdwp agent.
12-08 05:40:27.465 25629 25629 E DocsApplication: [main] No default account found during application creation.
12-08 05:40:29.020  1729  1752 E         : Couldn't opendir /data/app/vmdl1995872138.tmp: No such file or directory
12-08 05:40:29.020  1729  1752 E installd: Failed to delete /data/app/vmdl1995872138.tmp: No such file or directory
12-08 05:40:32.647 25727 25727 E harlton.mileag: Not starting debugger since process cannot load the jdwp agent.
12-08 05:40:35.323  1737  1809 E storaged: getDiskStats failed with result NOT_SUPPORTED and size 0
12-08 05:40:39.387 25756 25756 E id.partnersetu: Not starting debugger since process cannot load the jdwp agent.
12-08 05:40:47.478 25776 25776 E emui:screensho: Not starting debugger since process cannot load the jdwp agent.
12-08 05:40:48.639 25776 25776 E SoundPool: error loading /product/media/audio/ui/camera_click.ogg
12-08 05:40:48.976  1739  2068 E OMXNodeInstance: getConfig(0xee326b40:google.vorbis.decoder, ConfigAndroidVendorExtension(0x6f100004)) ERROR: Undefined(0x80001001)
12-08 05:40:51.251 16085 16085 E RecyclerView: No adapter attached; skipping layout
12-08 05:40:54.505 16506 16506 E BeaconBle: Missing BluetoothAdapter
12-08 05:40:54.640 16506 16506 E BeaconBle: Scan couldn't start for Places
12-08 05:41:02.617 25827 25827 E oid.apps.photo: Not starting debugger since process cannot load the jdwp agent.
12-08 05:41:07.666 15976 19437 E WindowManager: Performed 6 layouts in a row. Skipping
12-08 05:41:07.687 15976 16026 E WindowManager: Performed 6 layouts in a row. Skipping
12-08 05:41:07.718 15976 16026 E WindowManager: Performed 6 layouts in a row. Skipping
12-08 05:41:07.767 15976 16026 E WindowManager: Performed 6 layouts in a row. Skipping
12-08 05:41:08.038 15976 16026 E WindowManager: Performed 6 layouts in a row. Skipping
12-08 05:41:08.056 15976 16026 E WindowManager: Performed 6 layouts in a row. Skipping
12-08 05:41:08.197 15976 16026 E WindowManager: Performed 6 layouts in a row. Skipping
12-08 05:41:08.283 15976 16026 E WindowManager: Performed 6 layouts in a row. Skipping
12-08 05:41:08.314 15976 16026 E WindowManager: Performed 6 layouts in a row. Skipping
12-08 05:41:08.392 15976 16026 E WindowManager: Performed 6 layouts in a row. Skipping
12-08 05:41:08.417 15976 15991 E WindowManager: Performed 6 layouts in a row. Skipping
12-08 05:41:08.449 15976 19332 E WindowManager: Performed 6 layouts in a row. Skipping
12-08 05:41:08.504 15976 16026 E WindowManager: Performed 6 layouts in a row. Skipping
12-08 05:41:08.649 15976 16026 E WindowManager: Performed 6 layouts in a row. Skipping
12-08 05:41:08.691 15976 15991 E WindowManager: Performed 6 layouts in a row. Skipping
12-08 05:41:10.758 25884 25884 E rrierdefaultap: Not starting debugger since process cannot load the jdwp agent.
12-08 05:41:13.292 16506 25818 E ctxmgr  : [AppIntervalImpl]closeInterval: ongoing
12-08 05:41:13.310 16506 25818 E ctxmgr  : [AppIntervalImpl]closeInterval: ongoing
12-08 05:41:14.830  1829  1829 E netmgr  : Failed to open QEMU pipe 'qemud:network': Invalid argument
12-08 05:41:14.830  1829  1829 E netmgr  : WifiForwarder unable to open QEMU pipe: Invalid argument
12-08 05:41:22.698 15927 25906 E audio_hw_generic: pcm_open(in) failed: cannot open device '/dev/snd/pcmC0D0c': Device or resource busy: channels 2 format 0 rate 16000
12-08 05:41:35.344  1737  1809 E storaged: getDiskStats failed with result NOT_SUPPORTED and size 0
12-08 05:42:14.885  1829  1829 E netmgr  : Failed to open QEMU pipe 'qemud:network': Invalid argument
12-08 05:42:14.886  1829  1829 E netmgr  : WifiForwarder unable to open QEMU pipe: Invalid argument
12-08 05:42:35.367  1737  1809 E storaged: getDiskStats failed with result NOT_SUPPORTED and size 0
12-08 05:42:42.223 16485 16485 E SchedPolicy: set_timerslack_ns write failed: Operation not permitted
12-08 05:42:48.189 16485 16485 E SchedPolicy: set_timerslack_ns write failed: Operation not permitted
12-08 05:43:14.901  1829  1829 E netmgr  : Failed to open QEMU pipe 'qemud:network': Invalid argument
12-08 05:43:14.902  1829  1829 E netmgr  : WifiForwarder unable to open QEMU pipe: Invalid argument
12-08 05:43:35.381  1737  1809 E storaged: getDiskStats failed with result NOT_SUPPORTED and size 0
12-08 05:44:14.918  1829  1829 E netmgr  : Failed to open QEMU pipe 'qemud:network': Invalid argument
12-08 05:44:14.918  1829  1829 E netmgr  : WifiForwarder unable to open QEMU pipe: Invalid argument
12-08 05:44:35.384  1737  1809 E storaged: getDiskStats failed with result NOT_SUPPORTED and size 0
12-08 05:44:57.953 16788 17129 E PlayCommon: [121] com.google.android.play.b.g.a(448): Failed to connect to server: java.net.UnknownHostException: Unable to resolve host "play.googleapis.com": No address associated with hostname
