--------- beginning of system
--------- beginning of main
12-08 15:40:14.746  1884  1898 E ActivityManager: Failure starting process com.evancharlton.mileage
12-08 15:40:14.746  1884  1898 E ActivityManager: java.lang.SecurityException: Package com.evancharlton.mileage is currently frozen!
12-08 15:40:14.746  1884  1898 E ActivityManager: 	at com.android.server.pm.PackageManagerService.checkPackageStartable(PackageManagerService.java:4000)
12-08 15:40:14.746  1884  1898 E ActivityManager: 	at com.android.server.am.ActivityManagerService.startProcessLocked(ActivityManagerService.java:4234)
12-08 15:40:14.746  1884  1898 E ActivityManager: 	at com.android.server.am.ActivityManagerService.startProcessLocked(ActivityManagerService.java:4199)
12-08 15:40:14.746  1884  1898 E ActivityManager: 	at com.android.server.am.ActivityManagerService.startProcessLocked(ActivityManagerService.java:4181)
12-08 15:40:14.746  1884  1898 E ActivityManager: 	at com.android.server.am.ActivityManagerService.startProcessLocked(ActivityManagerService.java:4067)
12-08 15:40:14.746  1884  1898 E ActivityManager: 	at com.android.server.am.ActivityStackSupervisor.startSpecificActivityLocked(ActivityStackSupervisor.java:1715)
12-08 15:40:14.746  1884  1898 E ActivityManager: 	at com.android.server.am.ActivityStack.resumeTopActivityInnerLocked(ActivityStack.java:2764)
12-08 15:40:14.746  1884  1898 E ActivityManager: 	at com.android.server.am.ActivityStack.resumeTopActivityUncheckedLocked(ActivityStack.java:2302)
12-08 15:40:14.746  1884  1898 E ActivityManager: 	at com.android.server.am.ActivityStackSupervisor.resumeFocusedStackTopActivityLocked(ActivityStackSupervisor.java:2234)
12-08 15:40:14.746  1884  1898 E ActivityManager: 	at com.android.server.am.ActivityStackSupervisor.resumeFocusedStackTopActivityLocked(ActivityStackSupervisor.java:2218)
12-08 15:40:14.746  1884  1898 E ActivityManager: 	at com.android.server.am.ActivityManagerService.handleAppDiedLocked(ActivityManagerService.java:5923)
12-08 15:40:14.746  1884  1898 E ActivityManager: 	at com.android.server.am.ActivityManagerService.removeProcessLocked(ActivityManagerService.java:7501)
12-08 15:40:14.746  1884  1898 E ActivityManager: 	at com.android.server.am.ActivityManagerService.killPackageProcessesLocked(ActivityManagerService.java:7142)
12-08 15:40:14.746  1884  1898 E ActivityManager: 	at com.android.server.am.ActivityManagerService.forceStopPackageLocked(ActivityManagerService.java:7275)
12-08 15:40:14.746  1884  1898 E ActivityManager: 	at com.android.server.am.ActivityManagerService$MainHandler.handleMessage(ActivityManagerService.java:2289)
12-08 15:40:14.746  1884  1898 E ActivityManager: 	at android.os.Handler.dispatchMessage(Handler.java:106)
12-08 15:40:14.746  1884  1898 E ActivityManager: 	at android.os.Looper.loop(Looper.java:193)
12-08 15:40:14.746  1884  1898 E ActivityManager: 	at android.os.HandlerThread.run(HandlerThread.java:65)
12-08 15:40:14.746  1884  1898 E ActivityManager: 	at com.android.server.ServiceThread.run(ServiceThread.java:44)
12-08 15:40:16.051  2439  6503 E ctxmgr  : [ProducerStatusImpl]updateStateForNewContextData: inactive, contextName=7
12-08 15:40:16.196  2439  2439 E BeaconBle: Missing BluetoothAdapter
12-08 15:40:16.234  2439  2439 E BeaconBle: Scan couldn't start for Places
12-08 15:40:17.395  1731  1934 E         : Couldn't opendir /data/app/vmdl2146284308.tmp: No such file or directory
12-08 15:40:17.395  1731  1934 E installd: Failed to delete /data/app/vmdl2146284308.tmp: No such file or directory
12-08 15:40:18.310  6586  6586 E harlton.mileag: Not starting debugger since process cannot load the jdwp agent.
12-08 15:40:28.446  1884  1897 E memtrack: Couldn't load memtrack module
12-08 15:40:33.569  2439  6503 E ctxmgr  : [ProducerStatusImpl]updateStateForNewContextData: inactive, contextName=7
12-08 15:40:33.909  2439  3087 E PlaceInferenceEngine: Position timestamp out of order. Previous: 1544319616000, Current: 1544301624514. Skipping this Position.
12-08 15:40:33.953  2439  2439 E BeaconBle: Missing BluetoothAdapter
12-08 15:40:34.050  2439  2439 E BeaconBle: Scan couldn't start for Places
12-08 15:40:36.444  2826  2826 E ContextIntentStarter: No activity found for any of the 0 intents
12-08 15:40:36.922  6142  6142 E wpa_supplicant: nl80211: Failed to open /proc/sys/net/ipv4/conf/p2p-dev-wlan0/drop_unicast_in_l2_multicast: No such file or directory
12-08 15:40:36.922  6142  6142 E wpa_supplicant: nl80211: Failed to set IPv4 unicast in multicast filter
12-08 15:40:36.922  6142  6142 E wpa_supplicant: nl80211: Failed to open /proc/sys/net/ipv4/conf/p2p-dev-wlan0/drop_unicast_in_l2_multicast: No such file or directory
12-08 15:40:36.923  6142  6142 E wpa_supplicant: nl80211: Failed to set IPv4 unicast in multicast filter
12-08 15:40:37.000  6142  6142 E wpa_supplicant: nl80211: Failed to open /proc/sys/net/ipv4/conf/wlan0/drop_unicast_in_l2_multicast: No such file or directory
12-08 15:40:37.001  6142  6142 E wpa_supplicant: nl80211: Failed to set IPv4 unicast in multicast filter
12-08 15:40:37.001  6142  6142 E wpa_supplicant: nl80211: Failed to open /proc/sys/net/ipv4/conf/wlan0/drop_unicast_in_l2_multicast: No such file or directory
12-08 15:40:37.001  6142  6142 E wpa_supplicant: nl80211: Failed to set IPv4 unicast in multicast filter
12-08 15:40:37.103  6142  6142 E wpa_supplicant: nl80211: Failed to open /proc/sys/net/ipv4/conf/wlan0/drop_unicast_in_l2_multicast: No such file or directory
12-08 15:40:37.103  6142  6142 E wpa_supplicant: nl80211: Failed to set IPv4 unicast in multicast filter
12-08 15:40:37.164  1884  6192 E DhcpClient: Read error
12-08 15:40:37.164  1884  6192 E DhcpClient: android.system.ErrnoException: read failed: ENETDOWN (Network is down)
12-08 15:40:37.164  1884  6192 E DhcpClient: 	at libcore.io.Linux.readBytes(Native Method)
12-08 15:40:37.164  1884  6192 E DhcpClient: 	at libcore.io.Linux.read(Linux.java:184)
12-08 15:40:37.164  1884  6192 E DhcpClient: 	at libcore.io.BlockGuardOs.read(BlockGuardOs.java:254)
12-08 15:40:37.164  1884  6192 E DhcpClient: 	at android.system.Os.read(Os.java:414)
12-08 15:40:37.164  1884  6192 E DhcpClient: 	at android.net.dhcp.DhcpClient$ReceiveThread.run(DhcpClient.java:364)
12-08 15:40:37.166  1884  6147 E ConnectivityPacketTracker.wlan0: readPacket error: 
12-08 15:40:37.166  1884  6147 E ConnectivityPacketTracker.wlan0: android.system.ErrnoException: read failed: ENETDOWN (Network is down)
12-08 15:40:37.166  1884  6147 E ConnectivityPacketTracker.wlan0: 	at libcore.io.Linux.readBytes(Native Method)
12-08 15:40:37.166  1884  6147 E ConnectivityPacketTracker.wlan0: 	at libcore.io.Linux.read(Linux.java:184)
12-08 15:40:37.166  1884  6147 E ConnectivityPacketTracker.wlan0: 	at libcore.io.BlockGuardOs.read(BlockGuardOs.java:254)
12-08 15:40:37.166  1884  6147 E ConnectivityPacketTracker.wlan0: 	at android.system.Os.read(Os.java:414)
12-08 15:40:37.166  1884  6147 E ConnectivityPacketTracker.wlan0: 	at android.net.util.PacketReader.readPacket(PacketReader.java:137)
12-08 15:40:37.166  1884  6147 E ConnectivityPacketTracker.wlan0: 	at android.net.util.PacketReader.handleInput(PacketReader.java:207)
12-08 15:40:37.166  1884  6147 E ConnectivityPacketTracker.wlan0: 	at android.net.util.PacketReader.access$100(PacketReader.java:70)
12-08 15:40:37.166  1884  6147 E ConnectivityPacketTracker.wlan0: 	at android.net.util.PacketReader$1.onFileDescriptorEvents(PacketReader.java:189)
12-08 15:40:37.166  1884  6147 E ConnectivityPacketTracker.wlan0: 	at android.os.MessageQueue.dispatchEvents(MessageQueue.java:285)
12-08 15:40:37.166  1884  6147 E ConnectivityPacketTracker.wlan0: 	at android.os.MessageQueue.nativePollOnce(Native Method)
12-08 15:40:37.166  1884  6147 E ConnectivityPacketTracker.wlan0: 	at android.os.MessageQueue.next(MessageQueue.java:326)
12-08 15:40:37.166  1884  6147 E ConnectivityPacketTracker.wlan0: 	at android.os.Looper.loop(Looper.java:160)
12-08 15:40:37.166  1884  6147 E ConnectivityPacketTracker.wlan0: 	at android.os.HandlerThread.run(HandlerThread.java:65)
12-08 15:40:37.242  1628  1628 E android.hardware.wifi@1.0-service: Failed to open directory: Permission denied
12-08 15:40:37.242  1628  1628 E android.hardware.wifi@1.0-service: Error occurred while deleting old tombstone files
12-08 15:40:37.242  1628  1628 E android.hardware.wifi@1.0-service: Error writing files to flash
12-08 15:40:37.455  1884  1967 E SupplicantStaIfaceHal: Can't call setPowerSave, ISupplicantStaIface is null
12-08 15:40:37.455  1884  1967 E SupplicantStaIfaceHal: Can't call setBtCoexistenceMode, ISupplicantStaIface is null
12-08 15:40:37.469  1884  1967 E HalDevMgr: Should have at least 1 chip!
12-08 15:40:37.470  1884  1967 E HalDevMgr: dispatchAvailableForRequestListeners: no chip info found
12-08 15:40:37.499  1884  1967 E SupplicantStaIfaceHal: Can't call listNetworks, ISupplicantStaIface is null
12-08 15:40:37.499  1884  1967 E SupplicantStaIfaceHal: removeAllNetworks failed, got null networks
12-08 15:40:37.499  1884  1967 E WifiStateMachine: Failed to remove networks on exiting connect mode
12-08 15:40:37.501  1884  1969 E WifiP2pService: Unhandled message { when=-1ms what=131204 target=com.android.internal.util.StateMachine$SmHandler }
12-08 15:40:37.506  2439  6204 E WakeLock: GCM_HB_ALARM release without a matched acquire!
12-08 15:40:37.513  1884  1902 E BatteryExternalStatsWorker: no controller energy info supplied for wifi
12-08 15:40:37.513  2439  6204 E GCM     : Connection closed with errorCode 20
12-08 15:40:37.523  1884  1968 E WificondControl: No valid wificond scanner interface handler
12-08 15:40:37.558  2439  6204 E WakeLock: GCM_CONN_ALARM release without a matched acquire!
12-08 15:40:37.929  1628  1628 E android.hardware.wifi@1.0-service: Failed to register radio mode change callback
12-08 15:40:37.938  1628  1628 E android.hardware.wifi@1.0-service: Failed to set DFS flag; DFS channels may be unavailable.
12-08 15:40:37.966  1740  1740 E wificond: No Offload Service available
12-08 15:40:37.971  1884  1967 E SupplicantStaIfaceHal: Can't call setupIface, ISupplicantStaIface is null
12-08 15:40:38.074  1884  1968 E WifiVendorHal: getBgScanCapabilities(l.671) failed {.code = ERROR_NOT_SUPPORTED, .description = }
12-08 15:40:38.096  1884  1969 E WifiP2pService: Unhandled message { when=-12ms what=131203 target=com.android.internal.util.StateMachine$SmHandler }
12-08 15:40:38.099  1884  1969 E WifiP2pService: Unhandled message { when=-3ms what=131203 target=com.android.internal.util.StateMachine$SmHandler }
12-08 15:40:38.113  1884  1970 E ConnectivityService: exception in setMtu()java.lang.IllegalStateException: command '197 interface setmtu radio0 1500' failed with '400 197 Failed to set MTU (Permission denied)'
12-08 15:40:38.212  1884  1902 E BatteryExternalStatsWorker: no controller energy info supplied for wifi
12-08 15:40:38.232  1884  1902 E BatteryExternalStatsWorker: no controller energy info supplied for wifi
12-08 15:40:42.046  1827  1827 E netmgr  : Failed to open QEMU pipe 'qemud:network': Invalid argument
12-08 15:40:42.046  1827  1827 E netmgr  : WifiForwarder unable to open QEMU pipe: Invalid argument
12-08 15:40:42.239  1884  1902 E BatteryExternalStatsWorker: no controller energy info supplied for wifi
12-08 15:40:42.398  1884  1967 E WifiVendorHal: stopRssiMonitoring(l.2404) failed {.code = ERROR_NOT_AVAILABLE, .description = }
12-08 15:40:42.480  1884  1897 E memtrack: Couldn't load memtrack module
12-08 15:40:42.864  2439  6687 E WakeLock: GCM_HB_ALARM release without a matched acquire!
12-08 15:40:43.183  1737  1805 E Netd    : Error adding route ::/0 -> fe80::ff:fe00:100 wlan0 to table 1003: File exists
12-08 15:40:43.433  2439  6690 E WakeLock: GCM_CONN_ALARM release without a matched acquire!
12-08 15:40:48.577  1739  1753 E storaged: getDiskStats failed with result NOT_SUPPORTED and size 0
