--------- beginning of system
12-08 04:10:34.356  1881  1895 E ActivityManager: Failure starting process com.evancharlton.mileage
12-08 04:10:34.356  1881  1895 E ActivityManager: java.lang.SecurityException: Package com.evancharlton.mileage is currently frozen!
12-08 04:10:34.356  1881  1895 E ActivityManager: 	at com.android.server.pm.PackageManagerService.checkPackageStartable(PackageManagerService.java:4000)
12-08 04:10:34.356  1881  1895 E ActivityManager: 	at com.android.server.am.ActivityManagerService.startProcessLocked(ActivityManagerService.java:4234)
12-08 04:10:34.356  1881  1895 E ActivityManager: 	at com.android.server.am.ActivityManagerService.startProcessLocked(ActivityManagerService.java:4199)
12-08 04:10:34.356  1881  1895 E ActivityManager: 	at com.android.server.am.ActivityManagerService.startProcessLocked(ActivityManagerService.java:4181)
12-08 04:10:34.356  1881  1895 E ActivityManager: 	at com.android.server.am.ActivityManagerService.startProcessLocked(ActivityManagerService.java:4067)
12-08 04:10:34.356  1881  1895 E ActivityManager: 	at com.android.server.am.ActivityStackSupervisor.startSpecificActivityLocked(ActivityStackSupervisor.java:1715)
12-08 04:10:34.356  1881  1895 E ActivityManager: 	at com.android.server.am.ActivityStack.resumeTopActivityInnerLocked(ActivityStack.java:2764)
12-08 04:10:34.356  1881  1895 E ActivityManager: 	at com.android.server.am.ActivityStack.resumeTopActivityUncheckedLocked(ActivityStack.java:2302)
12-08 04:10:34.356  1881  1895 E ActivityManager: 	at com.android.server.am.ActivityStackSupervisor.resumeFocusedStackTopActivityLocked(ActivityStackSupervisor.java:2234)
12-08 04:10:34.356  1881  1895 E ActivityManager: 	at com.android.server.am.ActivityStackSupervisor.resumeFocusedStackTopActivityLocked(ActivityStackSupervisor.java:2218)
12-08 04:10:34.356  1881  1895 E ActivityManager: 	at com.android.server.am.ActivityManagerService.handleAppDiedLocked(ActivityManagerService.java:5923)
12-08 04:10:34.356  1881  1895 E ActivityManager: 	at com.android.server.am.ActivityManagerService.removeProcessLocked(ActivityManagerService.java:7501)
12-08 04:10:34.356  1881  1895 E ActivityManager: 	at com.android.server.am.ActivityManagerService.killPackageProcessesLocked(ActivityManagerService.java:7142)
12-08 04:10:34.356  1881  1895 E ActivityManager: 	at com.android.server.am.ActivityManagerService.forceStopPackageLocked(ActivityManagerService.java:7275)
12-08 04:10:34.356  1881  1895 E ActivityManager: 	at com.android.server.am.ActivityManagerService$MainHandler.handleMessage(ActivityManagerService.java:2289)
12-08 04:10:34.356  1881  1895 E ActivityManager: 	at android.os.Handler.dispatchMessage(Handler.java:106)
12-08 04:10:34.356  1881  1895 E ActivityManager: 	at android.os.Looper.loop(Looper.java:193)
12-08 04:10:34.356  1881  1895 E ActivityManager: 	at android.os.HandlerThread.run(HandlerThread.java:65)
12-08 04:10:34.356  1881  1895 E ActivityManager: 	at com.android.server.ServiceThread.run(ServiceThread.java:44)
--------- beginning of main
12-08 04:10:44.459  1738  1772 E storaged: getDiskStats failed with result NOT_SUPPORTED and size 0
12-08 04:10:53.547  2448 18588 E ctxmgr  : [ProducerStatusImpl]updateStateForNewContextData: inactive, contextName=7
12-08 04:10:53.662  2448  2448 E BeaconBle: Missing BluetoothAdapter
12-08 04:10:53.692  2448  2448 E BeaconBle: Scan couldn't start for Places
12-08 04:11:04.066  2692  2692 E ContextIntentStarter: No activity found for any of the 0 intents
12-08 04:11:10.815  1611  1695 E audio_hw_generic: pcm_write failed cannot write stream data: I/O error
12-08 04:11:20.834  1611  1695 E audio_hw_generic: pcm_write failed cannot write stream data: I/O error
12-08 04:11:30.855  1611  1695 E audio_hw_generic: pcm_write failed cannot write stream data: I/O error
12-08 04:11:39.365  1828  1828 E netmgr  : Failed to open QEMU pipe 'qemud:network': Invalid argument
12-08 04:11:39.365  1828  1828 E netmgr  : WifiForwarder unable to open QEMU pipe: Invalid argument
12-08 04:11:41.774  1611  1695 E audio_hw_generic: pcm_write failed cannot write stream data: I/O error
12-08 04:11:44.470  1738  1772 E storaged: getDiskStats failed with result NOT_SUPPORTED and size 0
12-08 04:11:54.294  1611  1695 E audio_hw_generic: pcm_write failed cannot write stream data: I/O error
12-08 04:12:04.304  1611  1695 E audio_hw_generic: pcm_write failed cannot write stream data: I/O error
12-08 04:12:09.929  2494  2716 E PlayCommon: [101] com.google.android.play.b.g.a(448): Failed to connect to server: java.net.UnknownHostException: Unable to resolve host "play.googleapis.com": No address associated with hostname
12-08 04:12:14.314  1611  1695 E audio_hw_generic: pcm_write failed cannot write stream data: I/O error
12-08 04:12:24.335  1611  1695 E audio_hw_generic: pcm_write failed cannot write stream data: I/O error
12-08 04:12:34.374  1611  1695 E audio_hw_generic: pcm_write failed cannot write stream data: I/O error
12-08 04:12:38.977 18658 18658 E SpannableStringBuilder: SPAN_EXCLUSIVE_EXCLUSIVE spans cannot have a zero length
12-08 04:12:38.977 18658 18658 E SpannableStringBuilder: SPAN_EXCLUSIVE_EXCLUSIVE spans cannot have a zero length
12-08 04:12:39.429  1828  1828 E netmgr  : Failed to open QEMU pipe 'qemud:network': Invalid argument
12-08 04:12:39.432  1828  1828 E netmgr  : WifiForwarder unable to open QEMU pipe: Invalid argument
12-08 04:12:39.658  1881  3671 E WindowManager: Performed 6 layouts in a row. Skipping
12-08 04:12:39.677  1881  1934 E WindowManager: Performed 6 layouts in a row. Skipping
12-08 04:12:39.709  1881  1934 E WindowManager: Performed 6 layouts in a row. Skipping
12-08 04:12:39.736  1881  1896 E WindowManager: Performed 6 layouts in a row. Skipping
12-08 04:12:39.768  1881  1934 E WindowManager: Performed 6 layouts in a row. Skipping
12-08 04:12:39.787  1881  2150 E WindowManager: Performed 6 layouts in a row. Skipping
12-08 04:12:39.820  1881  1934 E WindowManager: Performed 6 layouts in a row. Skipping
12-08 04:12:39.844  1881  2225 E WindowManager: Performed 6 layouts in a row. Skipping
12-08 04:12:39.875  1881  1934 E WindowManager: Performed 6 layouts in a row. Skipping
12-08 04:12:39.898  1881  2225 E WindowManager: Performed 6 layouts in a row. Skipping
12-08 04:12:39.927  1881  1934 E WindowManager: Performed 6 layouts in a row. Skipping
12-08 04:12:40.042  1881  1934 E WindowManager: Performed 6 layouts in a row. Skipping
