--------- beginning of system
12-07 12:31:03.871  1883  1897 E ActivityManager: Failure starting process com.evancharlton.mileage
12-07 12:31:03.871  1883  1897 E ActivityManager: java.lang.SecurityException: Package com.evancharlton.mileage is currently frozen!
12-07 12:31:03.871  1883  1897 E ActivityManager: 	at com.android.server.pm.PackageManagerService.checkPackageStartable(PackageManagerService.java:4000)
12-07 12:31:03.871  1883  1897 E ActivityManager: 	at com.android.server.am.ActivityManagerService.startProcessLocked(ActivityManagerService.java:4234)
12-07 12:31:03.871  1883  1897 E ActivityManager: 	at com.android.server.am.ActivityManagerService.startProcessLocked(ActivityManagerService.java:4199)
12-07 12:31:03.871  1883  1897 E ActivityManager: 	at com.android.server.am.ActivityManagerService.startProcessLocked(ActivityManagerService.java:4181)
12-07 12:31:03.871  1883  1897 E ActivityManager: 	at com.android.server.am.ActivityManagerService.startProcessLocked(ActivityManagerService.java:4067)
12-07 12:31:03.871  1883  1897 E ActivityManager: 	at com.android.server.am.ActivityStackSupervisor.startSpecificActivityLocked(ActivityStackSupervisor.java:1715)
12-07 12:31:03.871  1883  1897 E ActivityManager: 	at com.android.server.am.ActivityStack.resumeTopActivityInnerLocked(ActivityStack.java:2764)
12-07 12:31:03.871  1883  1897 E ActivityManager: 	at com.android.server.am.ActivityStack.resumeTopActivityUncheckedLocked(ActivityStack.java:2302)
12-07 12:31:03.871  1883  1897 E ActivityManager: 	at com.android.server.am.ActivityStackSupervisor.resumeFocusedStackTopActivityLocked(ActivityStackSupervisor.java:2234)
12-07 12:31:03.871  1883  1897 E ActivityManager: 	at com.android.server.am.ActivityStackSupervisor.resumeFocusedStackTopActivityLocked(ActivityStackSupervisor.java:2218)
12-07 12:31:03.871  1883  1897 E ActivityManager: 	at com.android.server.am.ActivityManagerService.handleAppDiedLocked(ActivityManagerService.java:5923)
12-07 12:31:03.871  1883  1897 E ActivityManager: 	at com.android.server.am.ActivityManagerService.removeProcessLocked(ActivityManagerService.java:7501)
12-07 12:31:03.871  1883  1897 E ActivityManager: 	at com.android.server.am.ActivityManagerService.killPackageProcessesLocked(ActivityManagerService.java:7142)
12-07 12:31:03.871  1883  1897 E ActivityManager: 	at com.android.server.am.ActivityManagerService.forceStopPackageLocked(ActivityManagerService.java:7275)
12-07 12:31:03.871  1883  1897 E ActivityManager: 	at com.android.server.am.ActivityManagerService$MainHandler.handleMessage(ActivityManagerService.java:2289)
12-07 12:31:03.871  1883  1897 E ActivityManager: 	at android.os.Handler.dispatchMessage(Handler.java:106)
12-07 12:31:03.871  1883  1897 E ActivityManager: 	at android.os.Looper.loop(Looper.java:193)
12-07 12:31:03.871  1883  1897 E ActivityManager: 	at android.os.HandlerThread.run(HandlerThread.java:65)
12-07 12:31:03.871  1883  1897 E ActivityManager: 	at com.android.server.ServiceThread.run(ServiceThread.java:44)
12-07 12:31:19.902  1737  1809 E storaged: getDiskStats failed with result NOT_SUPPORTED and size 0
--------- beginning of main
12-07 12:31:32.671 24371 24371 E WindowManager: 
12-07 12:31:32.671 24371 24371 E WindowManager: android.view.WindowLeaked: Activity com.evancharlton.mileage.ExportActivity has leaked window DecorView@505a69b[ExportActivity] that was originally added here
12-07 12:31:32.671 24371 24371 E WindowManager: 	at android.view.ViewRootImpl.<init>(ViewRootImpl.java:511)
12-07 12:31:32.671 24371 24371 E WindowManager: 	at android.view.WindowManagerGlobal.addView(WindowManagerGlobal.java:346)
12-07 12:31:32.671 24371 24371 E WindowManager: 	at android.view.WindowManagerImpl.addView(WindowManagerImpl.java:93)
12-07 12:31:32.671 24371 24371 E WindowManager: 	at com.android.internal.policy.PhoneWindow.openPanel(PhoneWindow.java:887)
12-07 12:31:32.671 24371 24371 E WindowManager: 	at com.android.internal.policy.PhoneWindow.onKeyUpPanel(PhoneWindow.java:1104)
12-07 12:31:32.671 24371 24371 E WindowManager: 	at com.android.internal.policy.PhoneWindow.onKeyUp(PhoneWindow.java:2007)
12-07 12:31:32.671 24371 24371 E WindowManager: 	at com.android.internal.policy.DecorView.dispatchKeyEvent(DecorView.java:350)
12-07 12:31:32.671 24371 24371 E WindowManager: 	at android.view.ViewRootImpl$ViewPostImeInputStage.processKeyEvent(ViewRootImpl.java:5037)
12-07 12:31:32.671 24371 24371 E WindowManager: 	at android.view.ViewRootImpl$ViewPostImeInputStage.onProcess(ViewRootImpl.java:4905)
12-07 12:31:32.671 24371 24371 E WindowManager: 	at android.view.ViewRootImpl$InputStage.deliver(ViewRootImpl.java:4426)
12-07 12:31:32.671 24371 24371 E WindowManager: 	at android.view.ViewRootImpl$InputStage.onDeliverToNext(ViewRootImpl.java:4479)
12-07 12:31:32.671 24371 24371 E WindowManager: 	at android.view.ViewRootImpl$InputStage.forward(ViewRootImpl.java:4445)
12-07 12:31:32.671 24371 24371 E WindowManager: 	at android.view.ViewRootImpl$AsyncInputStage.forward(ViewRootImpl.java:4585)
12-07 12:31:32.671 24371 24371 E WindowManager: 	at android.view.ViewRootImpl$InputStage.apply(ViewRootImpl.java:4453)
12-07 12:31:32.671 24371 24371 E WindowManager: 	at android.view.ViewRootImpl$AsyncInputStage.apply(ViewRootImpl.java:4642)
12-07 12:31:32.671 24371 24371 E WindowManager: 	at android.view.ViewRootImpl$InputStage.deliver(ViewRootImpl.java:4426)
12-07 12:31:32.671 24371 24371 E WindowManager: 	at android.view.ViewRootImpl$InputStage.onDeliverToNext(ViewRootImpl.java:4479)
12-07 12:31:32.671 24371 24371 E WindowManager: 	at android.view.ViewRootImpl$InputStage.forward(ViewRootImpl.java:4445)
12-07 12:31:32.671 24371 24371 E WindowManager: 	at android.view.ViewRootImpl$InputStage.apply(ViewRootImpl.java:4453)
12-07 12:31:32.671 24371 24371 E WindowManager: 	at android.view.ViewRootImpl$InputStage.deliver(ViewRootImpl.java:4426)
12-07 12:31:32.671 24371 24371 E WindowManager: 	at android.view.ViewRootImpl$InputStage.onDeliverToNext(ViewRootImpl.java:4479)
12-07 12:31:32.671 24371 24371 E WindowManager: 	at android.view.ViewRootImpl$InputStage.forward(ViewRootImpl.java:4445)
12-07 12:31:32.671 24371 24371 E WindowManager: 	at android.view.ViewRootImpl$AsyncInputStage.forward(ViewRootImpl.java:4618)
12-07 12:31:32.671 24371 24371 E WindowManager: 	at android.view.ViewRootImpl$ImeInputStage.onFinishedInputEvent(ViewRootImpl.java:4779)
12-07 12:31:32.671 24371 24371 E WindowManager: 	at android.view.inputmethod.InputMethodManager$PendingEvent.run(InputMethodManager.java:2571)
12-07 12:31:32.671 24371 24371 E WindowManager: 	at android.view.inputmethod.InputMethodManager.invokeFinishedInputEventCallback(InputMethodManager.java:2081)
12-07 12:31:32.671 24371 24371 E WindowManager: 	at android.view.inputmethod.InputMethodManager.finishedInputEvent(InputMethodManager.java:2072)
12-07 12:31:32.671 24371 24371 E WindowManager: 	at android.view.inputmethod.InputMethodManager$ImeInputEventSender.onInputEventFinished(InputMethodManager.java:2548)
12-07 12:31:32.671 24371 24371 E WindowManager: 	at android.view.InputEventSender.dispatchInputEventFinished(InputEventSender.java:141)
12-07 12:31:32.671 24371 24371 E WindowManager: 	at android.os.MessageQueue.nativePollOnce(Native Method)
12-07 12:31:32.671 24371 24371 E WindowManager: 	at android.os.MessageQueue.next(MessageQueue.java:326)
12-07 12:31:32.671 24371 24371 E WindowManager: 	at android.os.Looper.loop(Looper.java:160)
12-07 12:31:32.671 24371 24371 E WindowManager: 	at android.app.ActivityThread.main(ActivityThread.java:6669)
12-07 12:31:32.671 24371 24371 E WindowManager: 	at java.lang.reflect.Method.invoke(Native Method)
12-07 12:31:32.671 24371 24371 E WindowManager: 	at com.android.internal.os.RuntimeInit$MethodAndArgsCaller.run(RuntimeInit.java:493)
12-07 12:31:32.671 24371 24371 E WindowManager: 	at com.android.internal.os.ZygoteInit.main(ZygoteInit.java:858)
12-07 12:31:34.536 23785 23785 E wpa_supplicant: nl80211: Failed to open /proc/sys/net/ipv4/conf/p2p-dev-wlan0/drop_unicast_in_l2_multicast: No such file or directory
12-07 12:31:34.537 23785 23785 E wpa_supplicant: nl80211: Failed to set IPv4 unicast in multicast filter
12-07 12:31:34.549 23785 23785 E wpa_supplicant: nl80211: Failed to open /proc/sys/net/ipv4/conf/p2p-dev-wlan0/drop_unicast_in_l2_multicast: No such file or directory
12-07 12:31:34.549 23785 23785 E wpa_supplicant: nl80211: Failed to set IPv4 unicast in multicast filter
12-07 12:31:34.640 23785 23785 E wpa_supplicant: nl80211: Failed to open /proc/sys/net/ipv4/conf/wlan0/drop_unicast_in_l2_multicast: No such file or directory
12-07 12:31:34.640 23785 23785 E wpa_supplicant: nl80211: Failed to set IPv4 unicast in multicast filter
12-07 12:31:34.640 23785 23785 E wpa_supplicant: nl80211: Failed to open /proc/sys/net/ipv4/conf/wlan0/drop_unicast_in_l2_multicast: No such file or directory
12-07 12:31:34.640 23785 23785 E wpa_supplicant: nl80211: Failed to set IPv4 unicast in multicast filter
12-07 12:31:34.718 23785 23785 E wpa_supplicant: nl80211: Failed to open /proc/sys/net/ipv4/conf/wlan0/drop_unicast_in_l2_multicast: No such file or directory
12-07 12:31:34.718 23785 23785 E wpa_supplicant: nl80211: Failed to set IPv4 unicast in multicast filter
12-07 12:31:34.998  1628  1628 E android.hardware.wifi@1.0-service: Failed to open directory: Permission denied
12-07 12:31:35.005  1628  1628 E android.hardware.wifi@1.0-service: Error occurred while deleting old tombstone files
12-07 12:31:35.005  1628  1628 E android.hardware.wifi@1.0-service: Error writing files to flash
12-07 12:31:35.435  1883  1967 E WifiP2pService: Unhandled message { when=-9ms what=131204 target=com.android.internal.util.StateMachine$SmHandler }
12-07 12:31:35.551  1883  1901 E BatteryExternalStatsWorker: no controller energy info supplied for wifi
12-07 12:31:35.591  1613 24435 E audio_hw_generic: pcm_open(in) failed: cannot open device '/dev/snd/pcmC0D0c': Device or resource busy: channels 2 format 0 rate 16000
12-07 12:31:35.582  1883  1901 E BatteryExternalStatsWorker: no controller energy info supplied for wifi
12-07 12:31:35.748  2420 23813 E WakeLock: GCM_HB_ALARM release without a matched acquire!
12-07 12:31:35.851  2420 23813 E WakeLock: GCM_CONN_ALARM release without a matched acquire!
12-07 12:31:36.373  2117  2117 E PhoneInterfaceManager: [PhoneIntfMgr] getIccId: No UICC
12-07 12:31:36.958  2117  2117 E PhoneInterfaceManager: [PhoneIntfMgr] getIccId: No UICC
12-07 12:31:55.885  2420 24445 E ctxmgr  : [ProducerStatusImpl]updateStateForNewContextData: inactive, contextName=7
12-07 12:31:56.695  2420  2420 E BeaconBle: Missing BluetoothAdapter
12-07 12:31:56.980  2420  2420 E BeaconBle: Scan couldn't start for Places
12-07 12:31:57.880 24455 24455 E boxed_process3: Not starting debugger since process cannot load the jdwp agent.
12-07 12:32:07.368  1829  1829 E netmgr  : Failed to open QEMU pipe 'qemud:network': Invalid argument
12-07 12:32:07.368  1829  1829 E netmgr  : WifiForwarder unable to open QEMU pipe: Invalid argument
12-07 12:32:08.921  2420 24445 E ctxmgr  : [ProducerStatusImpl]updateStateForNewContextData: inactive, contextName=7
12-07 12:32:09.134  2420  2420 E BeaconBle: Missing BluetoothAdapter
12-07 12:32:09.217  2420  2420 E BeaconBle: Scan couldn't start for Places
12-07 12:32:18.957 24497 24497 E boxed_process3: Not starting debugger since process cannot load the jdwp agent.
12-07 12:32:20.024  1737  1809 E storaged: getDiskStats failed with result NOT_SUPPORTED and size 0
12-07 12:32:21.318  1613 24522 E audio_hw_generic: pcm_open(in) failed: cannot open device '/dev/snd/pcmC0D0c': Device or resource busy: channels 2 format 0 rate 16000
12-07 12:32:32.008  2420  2420 E BeaconBle: Scan couldn't start for Places
12-07 12:32:49.386  2420 24444 E ctxmgr  : [ProducerStatusImpl]updateStateForNewContextData: inactive, contextName=7
12-07 12:32:49.643  2420  2420 E BeaconBle: Missing BluetoothAdapter
12-07 12:32:49.701  2420  2420 E BeaconBle: Scan couldn't start for Places
12-07 12:32:58.870 24555 24555 E boxed_process3: Not starting debugger since process cannot load the jdwp agent.
12-07 12:32:59.121  1613 24571 E audio_hw_generic: pcm_open(in) failed: cannot open device '/dev/snd/pcmC0D0c': Device or resource busy: channels 2 format 0 rate 16000
12-07 12:33:07.388  1829  1829 E netmgr  : Failed to open QEMU pipe 'qemud:network': Invalid argument
12-07 12:33:07.388  1829  1829 E netmgr  : WifiForwarder unable to open QEMU pipe: Invalid argument
12-07 12:33:15.291  1613 24594 E audio_hw_generic: pcm_open(in) failed: cannot open device '/dev/snd/pcmC0D0c': Device or resource busy: channels 2 format 0 rate 16000
12-07 12:33:20.066  1737  1809 E storaged: getDiskStats failed with result NOT_SUPPORTED and size 0
12-07 12:33:22.554  2759  2759 E ContextIntentStarter: No activity found for any of the 0 intents
12-07 12:33:23.791 24599 24599 E boxed_process3: Not starting debugger since process cannot load the jdwp agent.
12-07 12:33:33.958 24371 24630 E SQLiteLog: (1) no such table: fillups
12-07 12:33:33.993 24371 24630 E DatabaseUpgrader: Couldn't upgrade database!
12-07 12:33:33.993 24371 24630 E DatabaseUpgrader: android.database.sqlite.SQLiteException: no such table: fillups (code 1 SQLITE_ERROR): , while compiling: ALTER TABLE fillups ADD COLUMN is_partial INTEGER;
12-07 12:33:33.993 24371 24630 E DatabaseUpgrader: 	at android.database.sqlite.SQLiteConnection.nativePrepareStatement(Native Method)
12-07 12:33:33.993 24371 24630 E DatabaseUpgrader: 	at android.database.sqlite.SQLiteConnection.acquirePreparedStatement(SQLiteConnection.java:903)
12-07 12:33:33.993 24371 24630 E DatabaseUpgrader: 	at android.database.sqlite.SQLiteConnection.prepare(SQLiteConnection.java:514)
12-07 12:33:33.993 24371 24630 E DatabaseUpgrader: 	at android.database.sqlite.SQLiteSession.prepare(SQLiteSession.java:588)
12-07 12:33:33.993 24371 24630 E DatabaseUpgrader: 	at android.database.sqlite.SQLiteProgram.<init>(SQLiteProgram.java:58)
12-07 12:33:33.993 24371 24630 E DatabaseUpgrader: 	at android.database.sqlite.SQLiteStatement.<init>(SQLiteStatement.java:31)
12-07 12:33:33.993 24371 24630 E DatabaseUpgrader: 	at android.database.sqlite.SQLiteDatabase.executeSql(SQLiteDatabase.java:1769)
12-07 12:33:33.993 24371 24630 E DatabaseUpgrader: 	at android.database.sqlite.SQLiteDatabase.execSQL(SQLiteDatabase.java:1698)
12-07 12:33:33.993 24371 24630 E DatabaseUpgrader: 	at com.evancharlton.mileage.provider.DatabaseUpgrader.exec(DatabaseUpgrader.java:105)
12-07 12:33:33.993 24371 24630 E DatabaseUpgrader: 	at com.evancharlton.mileage.provider.DatabaseUpgrader.upgradeDatabase(DatabaseUpgrader.java:44)
12-07 12:33:33.993 24371 24630 E DatabaseUpgrader: 	at com.evancharlton.mileage.provider.DatabaseUpgrader.upgradeDatabase(DatabaseUpgrader.java:89)
12-07 12:33:33.993 24371 24630 E DatabaseUpgrader: 	at com.evancharlton.mileage.tasks.DbImportTask.upgradeDatabase(DbImportTask.java:77)
12-07 12:33:33.993 24371 24630 E DatabaseUpgrader: 	at com.evancharlton.mileage.tasks.DbImportTask.doInBackground(DbImportTask.java:43)
12-07 12:33:33.993 24371 24630 E DatabaseUpgrader: 	at com.evancharlton.mileage.tasks.DbImportTask.doInBackground(DbImportTask.java:20)
12-07 12:33:33.993 24371 24630 E DatabaseUpgrader: 	at android.os.AsyncTask$2.call(AsyncTask.java:333)
12-07 12:33:33.993 24371 24630 E DatabaseUpgrader: 	at java.util.concurrent.FutureTask.run(FutureTask.java:266)
12-07 12:33:33.993 24371 24630 E DatabaseUpgrader: 	at java.util.concurrent.ThreadPoolExecutor.runWorker(ThreadPoolExecutor.java:1167)
12-07 12:33:33.993 24371 24630 E DatabaseUpgrader: 	at java.util.concurrent.ThreadPoolExecutor$Worker.run(ThreadPoolExecutor.java:641)
12-07 12:33:33.993 24371 24630 E DatabaseUpgrader: 	at java.lang.Thread.run(Thread.java:764)
12-07 12:33:39.055  1628  1628 E android.hardware.wifi@1.0-service: Failed to register radio mode change callback
12-07 12:33:39.058  1628  1628 E android.hardware.wifi@1.0-service: Failed to set DFS flag; DFS channels may be unavailable.
12-07 12:33:39.111  1738  1738 E wificond: No Offload Service available
12-07 12:33:39.253  1883  1967 E WifiP2pService: Unhandled message { when=0 what=131203 target=com.android.internal.util.StateMachine$SmHandler }
12-07 12:33:39.290  1883  1967 E WifiP2pService: Unhandled message { when=0 what=131203 target=com.android.internal.util.StateMachine$SmHandler }
12-07 12:33:39.328  1883  1901 E BatteryExternalStatsWorker: no controller energy info supplied for wifi
12-07 12:33:39.366  1883  1901 E BatteryExternalStatsWorker: no controller energy info supplied for wifi
12-07 12:33:41.253  1613 24643 E audio_hw_generic: pcm_open(in) failed: cannot open device '/dev/snd/pcmC0D0c': Device or resource busy: channels 2 format 0 rate 16000
12-07 12:33:41.890  2420 24445 E ctxmgr  : [ProducerStatusImpl]updateStateForNewContextData: inactive, contextName=7
12-07 12:33:42.782  2420  2420 E BeaconBle: Scan couldn't start for Places
12-07 12:33:43.824  1883  1901 E BatteryExternalStatsWorker: no controller energy info supplied for wifi
12-07 12:33:43.870  1738  1738 E wificond: Receive ERROR message in response to 'stop scheduled scan' request: Operation not supported on transport endpoint
12-07 12:33:43.916 24637 24637 E wpa_supplicant: nl80211: Failed to open /proc/sys/net/ipv4/conf/p2p-dev-wlan0/drop_unicast_in_l2_multicast: No such file or directory
12-07 12:33:43.916 24637 24637 E wpa_supplicant: nl80211: Failed to set IPv4 unicast in multicast filter
12-07 12:33:43.924 24637 24637 E wpa_supplicant: nl80211: Failed to open /proc/sys/net/ipv4/conf/p2p-dev-wlan0/drop_unicast_in_l2_multicast: No such file or directory
12-07 12:33:43.925 24637 24637 E wpa_supplicant: nl80211: Failed to set IPv4 unicast in multicast filter
12-07 12:33:44.047 24637 24637 E wpa_supplicant: nl80211: Failed to open /proc/sys/net/ipv4/conf/wlan0/drop_unicast_in_l2_multicast: No such file or directory
12-07 12:33:44.047 24637 24637 E wpa_supplicant: nl80211: Failed to set IPv4 unicast in multicast filter
12-07 12:33:44.051 24637 24637 E wpa_supplicant: nl80211: Failed to open /proc/sys/net/ipv4/conf/wlan0/drop_unicast_in_l2_multicast: No such file or directory
12-07 12:33:44.051 24637 24637 E wpa_supplicant: nl80211: Failed to set IPv4 unicast in multicast filter
12-07 12:33:44.101 24637 24637 E wpa_supplicant: nl80211: Failed to open /proc/sys/net/ipv4/conf/wlan0/drop_unicast_in_l2_multicast: No such file or directory
12-07 12:33:44.101 24637 24637 E wpa_supplicant: nl80211: Failed to set IPv4 unicast in multicast filter
12-07 12:33:44.264  1883 24640 E ConnectivityPacketTracker.wlan0: readPacket error: 
12-07 12:33:44.264  1883 24640 E ConnectivityPacketTracker.wlan0: android.system.ErrnoException: read failed: ENETDOWN (Network is down)
12-07 12:33:44.264  1883 24640 E ConnectivityPacketTracker.wlan0: 	at libcore.io.Linux.readBytes(Native Method)
12-07 12:33:44.264  1883 24640 E ConnectivityPacketTracker.wlan0: 	at libcore.io.Linux.read(Linux.java:184)
12-07 12:33:44.264  1883 24640 E ConnectivityPacketTracker.wlan0: 	at libcore.io.BlockGuardOs.read(BlockGuardOs.java:254)
12-07 12:33:44.264  1883 24640 E ConnectivityPacketTracker.wlan0: 	at android.system.Os.read(Os.java:414)
12-07 12:33:44.264  1883 24640 E ConnectivityPacketTracker.wlan0: 	at android.net.util.PacketReader.readPacket(PacketReader.java:137)
12-07 12:33:44.264  1883 24640 E ConnectivityPacketTracker.wlan0: 	at android.net.util.PacketReader.handleInput(PacketReader.java:207)
12-07 12:33:44.264  1883 24640 E ConnectivityPacketTracker.wlan0: 	at android.net.util.PacketReader.access$100(PacketReader.java:70)
12-07 12:33:44.264  1883 24640 E ConnectivityPacketTracker.wlan0: 	at android.net.util.PacketReader$1.onFileDescriptorEvents(PacketReader.java:189)
12-07 12:33:44.264  1883 24640 E ConnectivityPacketTracker.wlan0: 	at android.os.MessageQueue.dispatchEvents(MessageQueue.java:285)
12-07 12:33:44.264  1883 24640 E ConnectivityPacketTracker.wlan0: 	at android.os.MessageQueue.nativePollOnce(Native Method)
12-07 12:33:44.264  1883 24640 E ConnectivityPacketTracker.wlan0: 	at android.os.MessageQueue.next(MessageQueue.java:326)
12-07 12:33:44.264  1883 24640 E ConnectivityPacketTracker.wlan0: 	at android.os.Looper.loop(Looper.java:160)
12-07 12:33:44.264  1883 24640 E ConnectivityPacketTracker.wlan0: 	at android.os.HandlerThread.run(HandlerThread.java:65)
12-07 12:33:44.264  1883 24656 E DhcpClient: Read error
12-07 12:33:44.264  1883 24656 E DhcpClient: android.system.ErrnoException: read failed: ENETDOWN (Network is down)
12-07 12:33:44.264  1883 24656 E DhcpClient: 	at libcore.io.Linux.readBytes(Native Method)
12-07 12:33:44.264  1883 24656 E DhcpClient: 	at libcore.io.Linux.read(Linux.java:184)
12-07 12:33:44.264  1883 24656 E DhcpClient: 	at libcore.io.BlockGuardOs.read(BlockGuardOs.java:254)
12-07 12:33:44.264  1883 24656 E DhcpClient: 	at android.system.Os.read(Os.java:414)
12-07 12:33:44.264  1883 24656 E DhcpClient: 	at android.net.dhcp.DhcpClient$ReceiveThread.run(DhcpClient.java:364)
12-07 12:33:44.408  2420 24669 E WakeLock: GCM_HB_ALARM release without a matched acquire!
12-07 12:33:44.427  2420 24673 E WakeLock: GCM_HB_ALARM release without a matched acquire!
12-07 12:33:44.440  2420 24673 E WakeLock: GCM_CONN_ALARM release without a matched acquire!
12-07 12:33:44.501  1628  1628 E android.hardware.wifi@1.0-service: Failed to open directory: Permission denied
12-07 12:33:44.501  1628  1628 E android.hardware.wifi@1.0-service: Error occurred while deleting old tombstone files
12-07 12:33:44.501  1628  1628 E android.hardware.wifi@1.0-service: Error writing files to flash
12-07 12:33:44.707  1883  1965 E SupplicantStaIfaceHal: Can't call setPowerSave, ISupplicantStaIface is null
12-07 12:33:44.707  1883  1965 E SupplicantStaIfaceHal: Can't call setBtCoexistenceMode, ISupplicantStaIface is null
12-07 12:33:44.727  1883  1965 E HalDevMgr: Should have at least 1 chip!
12-07 12:33:44.727  1883  1965 E HalDevMgr: dispatchAvailableForRequestListeners: no chip info found
12-07 12:33:44.738  1883  1965 E SupplicantStaIfaceHal: Can't call listNetworks, ISupplicantStaIface is null
12-07 12:33:44.738  1883  1965 E SupplicantStaIfaceHal: removeAllNetworks failed, got null networks
12-07 12:33:44.738  1883  1965 E WifiStateMachine: Failed to remove networks on exiting connect mode
12-07 12:33:44.740  1883  1967 E WifiP2pService: Unhandled message { when=-1ms what=131204 target=com.android.internal.util.StateMachine$SmHandler }
12-07 12:33:44.780  1883  1901 E BatteryExternalStatsWorker: no controller energy info supplied for wifi
12-07 12:33:44.786  1883  1901 E BatteryExternalStatsWorker: no controller energy info supplied for wifi
12-07 12:33:46.022  2420 24679 E WakeLock: GCM_HB_ALARM release without a matched acquire!
12-07 12:33:46.027  2420 24679 E WakeLock: GCM_CONN_ALARM release without a matched acquire!
12-07 12:33:50.166  1883  1896 E memtrack: Couldn't load memtrack module
12-07 12:33:50.171  1883  1896 E memtrack: Couldn't load memtrack module
12-07 12:33:50.171  1883  1896 E memtrack: Couldn't load memtrack module
12-07 12:33:50.172  1883  1896 E memtrack: Couldn't load memtrack module
12-07 12:33:50.173  1883  1896 E memtrack: Couldn't load memtrack module
12-07 12:33:50.176  1883  1896 E memtrack: Couldn't load memtrack module
12-07 12:33:50.180  1883  1896 E memtrack: Couldn't load memtrack module
12-07 12:33:50.184  1883  1896 E memtrack: Couldn't load memtrack module
12-07 12:33:50.187  1883  1896 E memtrack: Couldn't load memtrack module
12-07 12:33:50.191  1883  1896 E memtrack: Couldn't load memtrack module
12-07 12:33:50.196  1883  1896 E memtrack: Couldn't load memtrack module
12-07 12:33:50.199  1883  1896 E memtrack: Couldn't load memtrack module
12-07 12:33:50.202  1883  1896 E memtrack: Couldn't load memtrack module
12-07 12:33:50.207  1883  1896 E memtrack: Couldn't load memtrack module
12-07 12:33:50.216  1883  1896 E memtrack: Couldn't load memtrack module
12-07 12:33:50.219  1883  1896 E memtrack: Couldn't load memtrack module
12-07 12:33:50.229  1883  1896 E memtrack: Couldn't load memtrack module
12-07 12:33:50.234  1883  1896 E memtrack: Couldn't load memtrack module
12-07 12:33:50.238  1883  1896 E memtrack: Couldn't load memtrack module
12-07 12:33:50.243  1883  1896 E memtrack: Couldn't load memtrack module
12-07 12:33:50.247  1883  1896 E memtrack: Couldn't load memtrack module
12-07 12:33:50.252  1883  1896 E memtrack: Couldn't load memtrack module
12-07 12:33:50.255  1883  1896 E memtrack: Couldn't load memtrack module
12-07 12:33:50.259  1883  1896 E memtrack: Couldn't load memtrack module
12-07 12:33:50.263  1883  1896 E memtrack: Couldn't load memtrack module
12-07 12:33:50.266  1883  1896 E memtrack: Couldn't load memtrack module
12-07 12:33:50.269  1883  1896 E memtrack: Couldn't load memtrack module
12-07 12:33:50.272  1883  1896 E memtrack: Couldn't load memtrack module
12-07 12:33:50.275  1883  1896 E memtrack: Couldn't load memtrack module
12-07 12:33:50.277  1883  1896 E memtrack: Couldn't load memtrack module
12-07 12:33:50.292  1883  1896 E memtrack: Couldn't load memtrack module
12-07 12:33:50.294  1883  1896 E memtrack: Couldn't load memtrack module
12-07 12:33:50.297  1883  1896 E memtrack: Couldn't load memtrack module
12-07 12:33:50.299  1883  1896 E memtrack: Couldn't load memtrack module
12-07 12:33:50.302  1883  1896 E memtrack: Couldn't load memtrack module
12-07 12:33:50.313  1883  1896 E memtrack: Couldn't load memtrack module
12-07 12:33:50.347  1883  1896 E memtrack: Couldn't load memtrack module
12-07 12:33:50.356  1883  1896 E memtrack: Couldn't load memtrack module
12-07 12:33:50.364  1883  1896 E memtrack: Couldn't load memtrack module
12-07 12:33:50.367  1883  1896 E memtrack: Couldn't load memtrack module
12-07 12:33:50.374  1883  1896 E memtrack: Couldn't load memtrack module
12-07 12:33:50.379  1883  1896 E memtrack: Couldn't load memtrack module
12-07 12:33:50.384  1883  1896 E memtrack: Couldn't load memtrack module
12-07 12:33:50.394  1883  1896 E memtrack: Couldn't load memtrack module
12-07 12:33:50.401  1883  1896 E memtrack: Couldn't load memtrack module
12-07 12:33:50.410  1883  1896 E memtrack: Couldn't load memtrack module
12-07 12:33:50.416  1883  1896 E memtrack: Couldn't load memtrack module
12-07 12:33:50.421  1883  1896 E memtrack: Couldn't load memtrack module
12-07 12:33:50.424  1883  1896 E memtrack: Couldn't load memtrack module
12-07 12:33:50.428  1883  1896 E memtrack: Couldn't load memtrack module
12-07 12:33:50.439  1883  1896 E memtrack: Couldn't load memtrack module
12-07 12:33:50.444  1883  1896 E memtrack: Couldn't load memtrack module
12-07 12:33:50.451  1883  1896 E memtrack: Couldn't load memtrack module
12-07 12:33:50.453  1883  1896 E memtrack: Couldn't load memtrack module
12-07 12:33:50.457  1883  1896 E memtrack: Couldn't load memtrack module
12-07 12:33:50.470  1883  1896 E memtrack: Couldn't load memtrack module
12-07 12:33:50.472  1883  1896 E memtrack: Couldn't load memtrack module
12-07 12:33:50.474  1883  1896 E memtrack: Couldn't load memtrack module
12-07 12:33:50.476  1883  1896 E memtrack: Couldn't load memtrack module
12-07 12:33:50.478  1883  1896 E memtrack: Couldn't load memtrack module
12-07 12:33:50.480  1883  1896 E memtrack: Couldn't load memtrack module
12-07 12:33:50.482  1883  1896 E memtrack: Couldn't load memtrack module
12-07 12:33:50.485  1883  1896 E memtrack: Couldn't load memtrack module
12-07 12:33:50.487  1883  1896 E memtrack: Couldn't load memtrack module
12-07 12:33:50.525  1883  1896 E memtrack: Couldn't load memtrack module
12-07 12:33:50.528  1883  1896 E memtrack: Couldn't load memtrack module
12-07 12:33:50.530  1883  1896 E memtrack: Couldn't load memtrack module
12-07 12:33:50.532  1883  1896 E memtrack: Couldn't load memtrack module
12-07 12:33:50.533  1883  1896 E memtrack: Couldn't load memtrack module
12-07 12:33:50.535  1883  1896 E memtrack: Couldn't load memtrack module
12-07 12:33:50.593  1883  1896 E memtrack: Couldn't load memtrack module
12-07 12:33:50.646  1883  1896 E memtrack: Couldn't load memtrack module
12-07 12:33:50.683  1883  1896 E memtrack: Couldn't load memtrack module
12-07 12:33:50.719  1883  1896 E memtrack: Couldn't load memtrack module
12-07 12:33:50.752  1883  1896 E memtrack: Couldn't load memtrack module
12-07 12:33:50.786  1883  1896 E memtrack: Couldn't load memtrack module
12-07 12:33:50.822  1883  1896 E memtrack: Couldn't load memtrack module
