--------- beginning of system
--------- beginning of main
12-08 00:45:14.977  1829  1829 E netmgr  : Failed to open QEMU pipe 'qemud:network': Invalid argument
12-08 00:45:14.977  1829  1829 E netmgr  : WifiForwarder unable to open QEMU pipe: Invalid argument
12-08 00:45:15.043 26004 26004 E id.defcontaine: Not starting debugger since process cannot load the jdwp agent.
12-08 00:45:15.111 26016 26016 E oid.documentsu: Not starting debugger since process cannot load the jdwp agent.
12-08 00:45:15.133 26025 26025 E ndroid.keychai: Not starting debugger since process cannot load the jdwp agent.
12-08 00:45:15.931 26081 26081 E droid.apps.doc: Not starting debugger since process cannot load the jdwp agent.
12-08 00:45:17.186 26109 26109 E d.process.medi: Not starting debugger since process cannot load the jdwp agent.
12-08 00:45:17.248 26123 26123 E ocess.gservice: Not starting debugger since process cannot load the jdwp agent.
12-08 00:45:19.045 26081 26081 E DocsApplication: [main] No default account found during application creation.
12-08 00:45:19.169 26081 26096 E JavaBinder: *** Uncaught remote exception!  (Exceptions are not yet supported across processes.)
12-08 00:45:19.169 26081 26096 E JavaBinder: android.database.StaleDataException: Attempted to access a cursor after it has been closed.
12-08 00:45:19.169 26081 26096 E JavaBinder: 	at android.database.CursorToBulkCursorAdaptor.throwIfCursorIsClosed(CursorToBulkCursorAdaptor.java:121)
12-08 00:45:19.169 26081 26096 E JavaBinder: 	at android.database.CursorToBulkCursorAdaptor.getBulkCursorDescriptor(CursorToBulkCursorAdaptor.java:139)
12-08 00:45:19.169 26081 26096 E JavaBinder: 	at android.content.ContentProviderNative.onTransact(ContentProviderNative.java:111)
12-08 00:45:19.169 26081 26096 E JavaBinder: 	at android.os.Binder.execTransact(Binder.java:731)
12-08 00:45:19.567  1729  1752 E         : Couldn't opendir /data/app/vmdl204453168.tmp: No such file or directory
12-08 00:45:19.567  1729  1752 E installd: Failed to delete /data/app/vmdl204453168.tmp: No such file or directory
12-08 00:45:23.696 26178 26178 E harlton.mileag: Not starting debugger since process cannot load the jdwp agent.
12-08 00:45:25.591 16085 31762 E putmethod.lati: Invalid ID 0x00000001.
12-08 00:45:25.598 16085 31762 E LstmTrainingCache: emn: Can't get resource name for input slot
12-08 00:45:25.598 16085 31762 E LstmTrainingCache: android.content.res.Resources$NotFoundException: Unable to find resource ID #0x1
12-08 00:45:25.598 16085 31762 E LstmTrainingCache: 	at android.content.res.ResourcesImpl.getResourceName(ResourcesImpl.java:255)
12-08 00:45:25.598 16085 31762 E LstmTrainingCache: 	at android.content.res.Resources.getResourceName(Resources.java:1954)
12-08 00:45:25.598 16085 31762 E LstmTrainingCache: 	at emn.a(PG:12)
12-08 00:45:25.598 16085 31762 E LstmTrainingCache: 	at emk.run(PG:5)
12-08 00:45:25.598 16085 31762 E LstmTrainingCache: 	at java.lang.Thread.run(Thread.java:764)
12-08 00:45:35.318 16085 31762 E putmethod.lati: Invalid ID 0x00000001.
12-08 00:45:35.369 16085 31762 E LstmTrainingCache: emn: Can't get resource name for input slot
12-08 00:45:35.369 16085 31762 E LstmTrainingCache: android.content.res.Resources$NotFoundException: Unable to find resource ID #0x1
12-08 00:45:35.369 16085 31762 E LstmTrainingCache: 	at android.content.res.ResourcesImpl.getResourceName(ResourcesImpl.java:255)
12-08 00:45:35.369 16085 31762 E LstmTrainingCache: 	at android.content.res.Resources.getResourceName(Resources.java:1954)
12-08 00:45:35.369 16085 31762 E LstmTrainingCache: 	at emn.a(PG:12)
12-08 00:45:35.369 16085 31762 E LstmTrainingCache: 	at emk.run(PG:5)
12-08 00:45:35.369 16085 31762 E LstmTrainingCache: 	at java.lang.Thread.run(Thread.java:764)
12-08 00:45:35.446  1737  1809 E storaged: getDiskStats failed with result NOT_SUPPORTED and size 0
12-08 00:45:36.941 26205 26205 E emui:screensho: Not starting debugger since process cannot load the jdwp agent.
12-08 00:45:38.148 26205 26205 E SoundPool: error loading /product/media/audio/ui/camera_click.ogg
12-08 00:45:38.520  1739  1778 E OMXNodeInstance: getConfig(0xee326c00:google.vorbis.decoder, ConfigAndroidVendorExtension(0x6f100004)) ERROR: Undefined(0x80001001)
12-08 00:45:51.478 26247 26247 E oid.apps.photo: Not starting debugger since process cannot load the jdwp agent.
12-08 00:46:00.668 10641 10641 E ContextIntentStarter: No activity found for any of the 0 intents
12-08 00:46:02.301 26306 26306 E viders.calenda: Not starting debugger since process cannot load the jdwp agent.
12-08 00:46:02.302 26312 26312 E ndroid.calenda: Not starting debugger since process cannot load the jdwp agent.
12-08 00:46:05.043 26375 26375 E droid.deskcloc: Not starting debugger since process cannot load the jdwp agent.
12-08 00:46:05.635 26375 26375 E LoadedApk: Unable to instantiate appComponentFactory
12-08 00:46:05.635 26375 26375 E LoadedApk: java.lang.ClassNotFoundException: Didn't find class "android.support.v4.app.CoreComponentFactory" on path: DexPathList[[zip file "/data/app/com.google.android.deskclock-irjeQ48B8SlCzNgOUY6aXg==/base.apk"],nativeLibraryDirectories=[/data/app/com.google.android.deskclock-irjeQ48B8SlCzNgOUY6aXg==/lib/x86, /system/lib]]
12-08 00:46:05.635 26375 26375 E LoadedApk: 	at dalvik.system.BaseDexClassLoader.findClass(BaseDexClassLoader.java:134)
12-08 00:46:05.635 26375 26375 E LoadedApk: 	at java.lang.ClassLoader.loadClass(ClassLoader.java:379)
12-08 00:46:05.635 26375 26375 E LoadedApk: 	at java.lang.ClassLoader.loadClass(ClassLoader.java:312)
12-08 00:46:05.635 26375 26375 E LoadedApk: 	at android.app.LoadedApk.createAppFactory(LoadedApk.java:226)
12-08 00:46:05.635 26375 26375 E LoadedApk: 	at android.app.LoadedApk.createOrUpdateClassLoaderLocked(LoadedApk.java:731)
12-08 00:46:05.635 26375 26375 E LoadedApk: 	at android.app.LoadedApk.getClassLoader(LoadedApk.java:810)
12-08 00:46:05.635 26375 26375 E LoadedApk: 	at android.app.LoadedApk.getResources(LoadedApk.java:1032)
12-08 00:46:05.635 26375 26375 E LoadedApk: 	at android.app.ContextImpl.createAppContext(ContextImpl.java:2345)
12-08 00:46:05.635 26375 26375 E LoadedApk: 	at android.app.ActivityThread.handleBindApplication(ActivityThread.java:5749)
12-08 00:46:05.635 26375 26375 E LoadedApk: 	at android.app.ActivityThread.access$1100(ActivityThread.java:199)
12-08 00:46:05.635 26375 26375 E LoadedApk: 	at android.app.ActivityThread$H.handleMessage(ActivityThread.java:1650)
12-08 00:46:05.635 26375 26375 E LoadedApk: 	at android.os.Handler.dispatchMessage(Handler.java:106)
12-08 00:46:05.635 26375 26375 E LoadedApk: 	at android.os.Looper.loop(Looper.java:193)
12-08 00:46:05.635 26375 26375 E LoadedApk: 	at android.app.ActivityThread.main(ActivityThread.java:6669)
12-08 00:46:05.635 26375 26375 E LoadedApk: 	at java.lang.reflect.Method.invoke(Native Method)
12-08 00:46:05.635 26375 26375 E LoadedApk: 	at com.android.internal.os.RuntimeInit$MethodAndArgsCaller.run(RuntimeInit.java:493)
12-08 00:46:05.635 26375 26375 E LoadedApk: 	at com.android.internal.os.ZygoteInit.main(ZygoteInit.java:858)
12-08 00:46:06.484 26408 26408 E com.ustwo.lwp: Not starting debugger since process cannot load the jdwp agent.
12-08 00:46:10.240 26435 26435 E rrierdefaultap: Not starting debugger since process cannot load the jdwp agent.
12-08 00:46:12.145 15927 26452 E audio_hw_generic: pcm_open(in) failed: cannot open device '/dev/snd/pcmC0D0c': Device or resource busy: channels 2 format 0 rate 16000
12-08 00:46:12.574 16506 16506 E BeaconBle: Missing BluetoothAdapter
12-08 00:46:12.646 16506 16506 E BeaconBle: Scan couldn't start for Places
12-08 00:46:14.993  1829  1829 E netmgr  : Failed to open QEMU pipe 'qemud:network': Invalid argument
12-08 00:46:14.995  1829  1829 E netmgr  : WifiForwarder unable to open QEMU pipe: Invalid argument
12-08 00:46:15.501 16506 24815 E ctxmgr  : [AppIntervalImpl]closeInterval: ongoing
12-08 00:46:15.508 16506 24815 E ctxmgr  : [AppIntervalImpl]closeInterval: ongoing
12-08 00:46:33.181 16485 16485 E SchedPolicy: set_timerslack_ns write failed: Operation not permitted
12-08 00:46:35.469  1737  1809 E storaged: getDiskStats failed with result NOT_SUPPORTED and size 0
12-08 00:46:39.181 16485 16485 E SchedPolicy: set_timerslack_ns write failed: Operation not permitted
12-08 00:46:44.806 26469 26469 E id.partnersetu: Not starting debugger since process cannot load the jdwp agent.
12-08 00:47:15.031  1829  1829 E netmgr  : Failed to open QEMU pipe 'qemud:network': Invalid argument
12-08 00:47:15.031  1829  1829 E netmgr  : WifiForwarder unable to open QEMU pipe: Invalid argument
12-08 00:47:35.493  1737  1809 E storaged: getDiskStats failed with result NOT_SUPPORTED and size 0
12-08 00:48:15.092  1829  1829 E netmgr  : Failed to open QEMU pipe 'qemud:network': Invalid argument
12-08 00:48:15.092  1829  1829 E netmgr  : WifiForwarder unable to open QEMU pipe: Invalid argument
12-08 00:48:35.498  1737  1809 E storaged: getDiskStats failed with result NOT_SUPPORTED and size 0
12-08 00:48:56.172 15976 16208 E WindowManager: Performed 6 layouts in a row. Skipping
12-08 00:48:56.189 15976 16026 E WindowManager: Performed 6 layouts in a row. Skipping
12-08 00:48:56.230 15976 16026 E WindowManager: Performed 6 layouts in a row. Skipping
12-08 00:48:56.254 15976 15991 E WindowManager: Performed 6 layouts in a row. Skipping
12-08 00:48:56.281 15976 16026 E WindowManager: Performed 6 layouts in a row. Skipping
12-08 00:48:56.343 15976 16026 E WindowManager: Performed 6 layouts in a row. Skipping
12-08 00:48:56.387 15976 16026 E WindowManager: Performed 6 layouts in a row. Skipping
12-08 00:48:56.411 15976 19332 E WindowManager: Performed 6 layouts in a row. Skipping
12-08 00:48:56.437 15976 15991 E WindowManager: Performed 6 layouts in a row. Skipping
12-08 00:48:56.479 15976 16026 E WindowManager: Performed 6 layouts in a row. Skipping
12-08 00:48:56.498 15976 16026 E WindowManager: Performed 6 layouts in a row. Skipping
12-08 00:48:56.535 15976 16026 E WindowManager: Performed 6 layouts in a row. Skipping
