--------- beginning of main
--------- beginning of system
12-09 01:41:14.865  1885  1899 E ActivityManager: Failure starting process com.evancharlton.mileage
12-09 01:41:14.865  1885  1899 E ActivityManager: java.lang.SecurityException: Package com.evancharlton.mileage is currently frozen!
12-09 01:41:14.865  1885  1899 E ActivityManager: 	at com.android.server.pm.PackageManagerService.checkPackageStartable(PackageManagerService.java:4000)
12-09 01:41:14.865  1885  1899 E ActivityManager: 	at com.android.server.am.ActivityManagerService.startProcessLocked(ActivityManagerService.java:4234)
12-09 01:41:14.865  1885  1899 E ActivityManager: 	at com.android.server.am.ActivityManagerService.startProcessLocked(ActivityManagerService.java:4199)
12-09 01:41:14.865  1885  1899 E ActivityManager: 	at com.android.server.am.ActivityManagerService.startProcessLocked(ActivityManagerService.java:4181)
12-09 01:41:14.865  1885  1899 E ActivityManager: 	at com.android.server.am.ActivityManagerService.startProcessLocked(ActivityManagerService.java:4067)
12-09 01:41:14.865  1885  1899 E ActivityManager: 	at com.android.server.am.ActivityStackSupervisor.startSpecificActivityLocked(ActivityStackSupervisor.java:1715)
12-09 01:41:14.865  1885  1899 E ActivityManager: 	at com.android.server.am.ActivityStack.resumeTopActivityInnerLocked(ActivityStack.java:2764)
12-09 01:41:14.865  1885  1899 E ActivityManager: 	at com.android.server.am.ActivityStack.resumeTopActivityUncheckedLocked(ActivityStack.java:2302)
12-09 01:41:14.865  1885  1899 E ActivityManager: 	at com.android.server.am.ActivityStackSupervisor.resumeFocusedStackTopActivityLocked(ActivityStackSupervisor.java:2234)
12-09 01:41:14.865  1885  1899 E ActivityManager: 	at com.android.server.am.ActivityStackSupervisor.resumeFocusedStackTopActivityLocked(ActivityStackSupervisor.java:2218)
12-09 01:41:14.865  1885  1899 E ActivityManager: 	at com.android.server.am.ActivityManagerService.handleAppDiedLocked(ActivityManagerService.java:5923)
12-09 01:41:14.865  1885  1899 E ActivityManager: 	at com.android.server.am.ActivityManagerService.removeProcessLocked(ActivityManagerService.java:7501)
12-09 01:41:14.865  1885  1899 E ActivityManager: 	at com.android.server.am.ActivityManagerService.killPackageProcessesLocked(ActivityManagerService.java:7142)
12-09 01:41:14.865  1885  1899 E ActivityManager: 	at com.android.server.am.ActivityManagerService.forceStopPackageLocked(ActivityManagerService.java:7275)
12-09 01:41:14.865  1885  1899 E ActivityManager: 	at com.android.server.am.ActivityManagerService$MainHandler.handleMessage(ActivityManagerService.java:2289)
12-09 01:41:14.865  1885  1899 E ActivityManager: 	at android.os.Handler.dispatchMessage(Handler.java:106)
12-09 01:41:14.865  1885  1899 E ActivityManager: 	at android.os.Looper.loop(Looper.java:193)
12-09 01:41:14.865  1885  1899 E ActivityManager: 	at android.os.HandlerThread.run(HandlerThread.java:65)
12-09 01:41:14.865  1885  1899 E ActivityManager: 	at com.android.server.ServiceThread.run(ServiceThread.java:44)
12-09 01:41:15.520  6717  6717 E id.defcontaine: Not starting debugger since process cannot load the jdwp agent.
12-09 01:41:15.660  6731  6731 E ndroid.keychai: Not starting debugger since process cannot load the jdwp agent.
12-09 01:41:15.730  6749  6749 E oid.documentsu: Not starting debugger since process cannot load the jdwp agent.
12-09 01:41:16.395  6792  6792 E droid.apps.doc: Not starting debugger since process cannot load the jdwp agent.
12-09 01:41:17.841  6792  6792 E DocsApplication: [main] No default account found during application creation.
12-09 01:41:18.552  1739  1762 E storaged: getDiskStats failed with result NOT_SUPPORTED and size 0
12-09 01:41:19.024  1731  1731 E         : Couldn't opendir /data/app/vmdl1936981332.tmp: No such file or directory
12-09 01:41:19.025  1731  1731 E installd: Failed to delete /data/app/vmdl1936981332.tmp: No such file or directory
12-09 01:41:21.500  6862  6862 E harlton.mileag: Not starting debugger since process cannot load the jdwp agent.
12-09 01:41:22.726  1994  7294 E putmethod.lati: Invalid ID 0x00000001.
12-09 01:41:22.741  1994  7294 E LstmTrainingCache: emn: Can't get resource name for input slot
12-09 01:41:22.741  1994  7294 E LstmTrainingCache: android.content.res.Resources$NotFoundException: Unable to find resource ID #0x1
12-09 01:41:22.741  1994  7294 E LstmTrainingCache: 	at android.content.res.ResourcesImpl.getResourceName(ResourcesImpl.java:255)
12-09 01:41:22.741  1994  7294 E LstmTrainingCache: 	at android.content.res.Resources.getResourceName(Resources.java:1954)
12-09 01:41:22.741  1994  7294 E LstmTrainingCache: 	at emn.a(PG:12)
12-09 01:41:22.741  1994  7294 E LstmTrainingCache: 	at emk.run(PG:5)
12-09 01:41:22.741  1994  7294 E LstmTrainingCache: 	at java.lang.Thread.run(Thread.java:764)
12-09 01:41:32.561  6889  6889 E emui:screensho: Not starting debugger since process cannot load the jdwp agent.
12-09 01:41:33.063  6889  6889 E SoundPool: error loading /product/media/audio/ui/camera_click.ogg
12-09 01:41:33.476  1741  2074 E OMXNodeInstance: getConfig(0xe97a6e40:google.vorbis.decoder, ConfigAndroidVendorExtension(0x6f100004)) ERROR: Undefined(0x80001001)
12-09 01:41:33.736  1633  1633 E lowmemorykiller: Error writing /proc/6792/oom_score_adj; errno=22
12-09 01:41:33.738  1633  1633 E lowmemorykiller: Error writing /proc/6731/oom_score_adj; errno=22
12-09 01:41:39.695  2342  6597 E s.nexuslaunche: Failed to open APK '/data/app/com.evancharlton.mileage-fULSSZnk99waZ9iB1JZ_0g==/base.apk' I/O error
12-09 01:41:39.701  2342  6597 E ResourcesManager: failed to add asset path /data/app/com.evancharlton.mileage-fULSSZnk99waZ9iB1JZ_0g==/base.apk
12-09 01:41:40.779  2378  6564 E ctxmgr  : [ProducerStatusImpl]updateStateForNewContextData: inactive, contextName=7
12-09 01:41:41.079  2378  3140 E PlaceInferenceEngine: Position timestamp out of order. Previous: 1544337550005, Current: 1544319700000. Skipping this Position.
12-09 01:41:41.140  2378  2378 E BeaconBle: Missing BluetoothAdapter
12-09 01:41:41.210  2378  2378 E BeaconBle: Scan couldn't start for Places
12-09 01:41:46.044  6938  6938 E oid.apps.photo: Not starting debugger since process cannot load the jdwp agent.
12-09 01:41:46.476  6956  6956 E ocess.gservice: Not starting debugger since process cannot load the jdwp agent.
12-09 01:41:55.308  1885  3512 E WindowManager: Performed 6 layouts in a row. Skipping
12-09 01:41:55.327  1885  1938 E WindowManager: Performed 6 layouts in a row. Skipping
12-09 01:41:55.348  1885  1938 E WindowManager: Performed 6 layouts in a row. Skipping
12-09 01:41:55.387  1885  1938 E WindowManager: Performed 6 layouts in a row. Skipping
12-09 01:41:55.421  1885  1900 E WindowManager: Performed 6 layouts in a row. Skipping
12-09 01:41:55.449  1885  1938 E WindowManager: Performed 6 layouts in a row. Skipping
12-09 01:41:55.493  1885  1938 E WindowManager: Performed 6 layouts in a row. Skipping
12-09 01:41:55.555  1885  1938 E WindowManager: Performed 6 layouts in a row. Skipping
12-09 01:41:55.579  1885  4768 E WindowManager: Performed 6 layouts in a row. Skipping
12-09 01:41:55.616  1885  1938 E WindowManager: Performed 6 layouts in a row. Skipping
12-09 01:41:55.760  1885  1938 E WindowManager: Performed 6 layouts in a row. Skipping
12-09 01:41:56.447  6862  6862 E WindowManager: 
12-09 01:41:56.447  6862  6862 E WindowManager: android.view.WindowLeaked: Activity com.evancharlton.mileage.FieldActivity has leaked window DecorView@5919e79[FieldActivity] that was originally added here
12-09 01:41:56.447  6862  6862 E WindowManager: 	at android.view.ViewRootImpl.<init>(ViewRootImpl.java:511)
12-09 01:41:56.447  6862  6862 E WindowManager: 	at android.view.WindowManagerGlobal.addView(WindowManagerGlobal.java:346)
12-09 01:41:56.447  6862  6862 E WindowManager: 	at android.view.WindowManagerImpl.addView(WindowManagerImpl.java:93)
12-09 01:41:56.447  6862  6862 E WindowManager: 	at com.android.internal.policy.PhoneWindow.openPanel(PhoneWindow.java:887)
12-09 01:41:56.447  6862  6862 E WindowManager: 	at com.android.internal.policy.PhoneWindow.onKeyUpPanel(PhoneWindow.java:1104)
12-09 01:41:56.447  6862  6862 E WindowManager: 	at com.android.internal.policy.PhoneWindow.onKeyUp(PhoneWindow.java:2007)
12-09 01:41:56.447  6862  6862 E WindowManager: 	at com.android.internal.policy.DecorView.dispatchKeyEvent(DecorView.java:350)
12-09 01:41:56.447  6862  6862 E WindowManager: 	at android.view.ViewRootImpl$ViewPostImeInputStage.processKeyEvent(ViewRootImpl.java:5037)
12-09 01:41:56.447  6862  6862 E WindowManager: 	at android.view.ViewRootImpl$ViewPostImeInputStage.onProcess(ViewRootImpl.java:4905)
12-09 01:41:56.447  6862  6862 E WindowManager: 	at android.view.ViewRootImpl$InputStage.deliver(ViewRootImpl.java:4426)
12-09 01:41:56.447  6862  6862 E WindowManager: 	at android.view.ViewRootImpl$InputStage.onDeliverToNext(ViewRootImpl.java:4479)
12-09 01:41:56.447  6862  6862 E WindowManager: 	at android.view.ViewRootImpl$InputStage.forward(ViewRootImpl.java:4445)
12-09 01:41:56.447  6862  6862 E WindowManager: 	at android.view.ViewRootImpl$AsyncInputStage.forward(ViewRootImpl.java:4585)
12-09 01:41:56.447  6862  6862 E WindowManager: 	at android.view.ViewRootImpl$InputStage.apply(ViewRootImpl.java:4453)
12-09 01:41:56.447  6862  6862 E WindowManager: 	at android.view.ViewRootImpl$AsyncInputStage.apply(ViewRootImpl.java:4642)
12-09 01:41:56.447  6862  6862 E WindowManager: 	at android.view.ViewRootImpl$InputStage.deliver(ViewRootImpl.java:4426)
12-09 01:41:56.447  6862  6862 E WindowManager: 	at android.view.ViewRootImpl$InputStage.onDeliverToNext(ViewRootImpl.java:4479)
12-09 01:41:56.447  6862  6862 E WindowManager: 	at android.view.ViewRootImpl$InputStage.forward(ViewRootImpl.java:4445)
12-09 01:41:56.447  6862  6862 E WindowManager: 	at android.view.ViewRootImpl$InputStage.apply(ViewRootImpl.java:4453)
12-09 01:41:56.447  6862  6862 E WindowManager: 	at android.view.ViewRootImpl$InputStage.deliver(ViewRootImpl.java:4426)
12-09 01:41:56.447  6862  6862 E WindowManager: 	at android.view.ViewRootImpl$InputStage.onDeliverToNext(ViewRootImpl.java:4479)
12-09 01:41:56.447  6862  6862 E WindowManager: 	at android.view.ViewRootImpl$InputStage.forward(ViewRootImpl.java:4445)
12-09 01:41:56.447  6862  6862 E WindowManager: 	at android.view.ViewRootImpl$AsyncInputStage.forward(ViewRootImpl.java:4618)
12-09 01:41:56.447  6862  6862 E WindowManager: 	at android.view.ViewRootImpl$ImeInputStage.onFinishedInputEvent(ViewRootImpl.java:4779)
12-09 01:41:56.447  6862  6862 E WindowManager: 	at android.view.inputmethod.InputMethodManager$PendingEvent.run(InputMethodManager.java:2571)
12-09 01:41:56.447  6862  6862 E WindowManager: 	at android.view.inputmethod.InputMethodManager.invokeFinishedInputEventCallback(InputMethodManager.java:2081)
12-09 01:41:56.447  6862  6862 E WindowManager: 	at android.view.inputmethod.InputMethodManager.finishedInputEvent(InputMethodManager.java:2072)
12-09 01:41:56.447  6862  6862 E WindowManager: 	at android.view.inputmethod.InputMethodManager$ImeInputEventSender.onInputEventFinished(InputMethodManager.java:2548)
12-09 01:41:56.447  6862  6862 E WindowManager: 	at android.view.InputEventSender.dispatchInputEventFinished(InputEventSender.java:141)
12-09 01:41:56.447  6862  6862 E WindowManager: 	at android.os.MessageQueue.nativePollOnce(Native Method)
12-09 01:41:56.447  6862  6862 E WindowManager: 	at android.os.MessageQueue.next(MessageQueue.java:326)
12-09 01:41:56.447  6862  6862 E WindowManager: 	at android.os.Looper.loop(Looper.java:160)
12-09 01:41:56.447  6862  6862 E WindowManager: 	at android.app.ActivityThread.main(ActivityThread.java:6669)
12-09 01:41:56.447  6862  6862 E WindowManager: 	at java.lang.reflect.Method.invoke(Native Method)
12-09 01:41:56.447  6862  6862 E WindowManager: 	at com.android.internal.os.RuntimeInit$MethodAndArgsCaller.run(RuntimeInit.java:493)
12-09 01:41:56.447  6862  6862 E WindowManager: 	at com.android.internal.os.ZygoteInit.main(ZygoteInit.java:858)
12-09 01:41:57.420  2720  2720 E ContextIntentStarter: No activity found for any of the 0 intents
12-09 01:41:58.734  1629  1629 E android.hardware.wifi@1.0-service: Failed to register radio mode change callback
12-09 01:41:58.749  1629  1629 E android.hardware.wifi@1.0-service: Failed to set DFS flag; DFS channels may be unavailable.
12-09 01:41:58.878  1740  1740 E wificond: No Offload Service available
12-09 01:41:59.148  7019  7019 E viders.calenda: Not starting debugger since process cannot load the jdwp agent.
12-09 01:41:59.250  1885  1971 E WifiP2pService: Unhandled message { when=-1ms what=131203 target=com.android.internal.util.StateMachine$SmHandler }
12-09 01:41:59.290  7030  7030 E ndroid.calenda: Not starting debugger since process cannot load the jdwp agent.
12-09 01:41:59.340  1885  1971 E WifiP2pService: Unhandled message { when=-23ms what=131203 target=com.android.internal.util.StateMachine$SmHandler }
12-09 01:41:59.368  1885  1903 E BatteryExternalStatsWorker: no controller energy info supplied for wifi
12-09 01:41:59.370  7038  7038 E rrierdefaultap: Not starting debugger since process cannot load the jdwp agent.
12-09 01:41:59.472  7013  7013 E wpa_supplicant: nl80211: Failed to open /proc/sys/net/ipv4/conf/p2p-dev-wlan0/drop_unicast_in_l2_multicast: No such file or directory
12-09 01:41:59.472  7013  7013 E wpa_supplicant: nl80211: Failed to set IPv4 unicast in multicast filter
12-09 01:41:59.481  7013  7013 E wpa_supplicant: nl80211: Failed to open /proc/sys/net/ipv4/conf/p2p-dev-wlan0/drop_unicast_in_l2_multicast: No such file or directory
12-09 01:41:59.481  7013  7013 E wpa_supplicant: nl80211: Failed to set IPv4 unicast in multicast filter
12-09 01:41:59.548  7013  7013 E wpa_supplicant: nl80211: Failed to open /proc/sys/net/ipv4/conf/wlan0/drop_unicast_in_l2_multicast: No such file or directory
12-09 01:41:59.549  7013  7013 E wpa_supplicant: nl80211: Failed to set IPv4 unicast in multicast filter
12-09 01:41:59.628  7013  7013 E wpa_supplicant: nl80211: Failed to open /proc/sys/net/ipv4/conf/wlan0/drop_unicast_in_l2_multicast: No such file or directory
12-09 01:41:59.628  7013  7013 E wpa_supplicant: nl80211: Failed to set IPv4 unicast in multicast filter
12-09 01:41:59.968  1629  1629 E android.hardware.wifi@1.0-service: Failed to open directory: Permission denied
12-09 01:41:59.968  1629  1629 E android.hardware.wifi@1.0-service: Error occurred while deleting old tombstone files
12-09 01:41:59.968  1629  1629 E android.hardware.wifi@1.0-service: Error writing files to flash
12-09 01:42:00.319  1885  1971 E WifiP2pService: Unhandled message { when=-84ms what=131204 target=com.android.internal.util.StateMachine$SmHandler }
12-09 01:42:00.323  1885  1903 E BatteryExternalStatsWorker: no controller energy info supplied for wifi
12-09 01:42:00.334  1885  1903 E BatteryExternalStatsWorker: no controller energy info supplied for wifi
12-09 01:42:01.945  7107  7107 E droid.deskcloc: Not starting debugger since process cannot load the jdwp agent.
12-09 01:42:02.176  7107  7107 E LoadedApk: Unable to instantiate appComponentFactory
12-09 01:42:02.176  7107  7107 E LoadedApk: java.lang.ClassNotFoundException: Didn't find class "android.support.v4.app.CoreComponentFactory" on path: DexPathList[[zip file "/data/app/com.google.android.deskclock-irjeQ48B8SlCzNgOUY6aXg==/base.apk"],nativeLibraryDirectories=[/data/app/com.google.android.deskclock-irjeQ48B8SlCzNgOUY6aXg==/lib/x86, /system/lib]]
12-09 01:42:02.176  7107  7107 E LoadedApk: 	at dalvik.system.BaseDexClassLoader.findClass(BaseDexClassLoader.java:134)
12-09 01:42:02.176  7107  7107 E LoadedApk: 	at java.lang.ClassLoader.loadClass(ClassLoader.java:379)
12-09 01:42:02.176  7107  7107 E LoadedApk: 	at java.lang.ClassLoader.loadClass(ClassLoader.java:312)
12-09 01:42:02.176  7107  7107 E LoadedApk: 	at android.app.LoadedApk.createAppFactory(LoadedApk.java:226)
12-09 01:42:02.176  7107  7107 E LoadedApk: 	at android.app.LoadedApk.createOrUpdateClassLoaderLocked(LoadedApk.java:731)
12-09 01:42:02.176  7107  7107 E LoadedApk: 	at android.app.LoadedApk.getClassLoader(LoadedApk.java:810)
12-09 01:42:02.176  7107  7107 E LoadedApk: 	at android.app.LoadedApk.getResources(LoadedApk.java:1032)
12-09 01:42:02.176  7107  7107 E LoadedApk: 	at android.app.ContextImpl.createAppContext(ContextImpl.java:2345)
12-09 01:42:02.176  7107  7107 E LoadedApk: 	at android.app.ActivityThread.handleBindApplication(ActivityThread.java:5749)
12-09 01:42:02.176  7107  7107 E LoadedApk: 	at android.app.ActivityThread.access$1100(ActivityThread.java:199)
12-09 01:42:02.176  7107  7107 E LoadedApk: 	at android.app.ActivityThread$H.handleMessage(ActivityThread.java:1650)
12-09 01:42:02.176  7107  7107 E LoadedApk: 	at android.os.Handler.dispatchMessage(Handler.java:106)
12-09 01:42:02.176  7107  7107 E LoadedApk: 	at android.os.Looper.loop(Looper.java:193)
12-09 01:42:02.176  7107  7107 E LoadedApk: 	at android.app.ActivityThread.main(ActivityThread.java:6669)
12-09 01:42:02.176  7107  7107 E LoadedApk: 	at java.lang.reflect.Method.invoke(Native Method)
12-09 01:42:02.176  7107  7107 E LoadedApk: 	at com.android.internal.os.RuntimeInit$MethodAndArgsCaller.run(RuntimeInit.java:493)
12-09 01:42:02.176  7107  7107 E LoadedApk: 	at com.android.internal.os.ZygoteInit.main(ZygoteInit.java:858)
12-09 01:42:02.726  7138  7138 E com.ustwo.lwp: Not starting debugger since process cannot load the jdwp agent.
12-09 01:42:02.817  1633  1633 E lowmemorykiller: Error writing /proc/7038/oom_score_adj; errno=22
12-09 01:42:09.033  7168  7168 E .android.diale: Not starting debugger since process cannot load the jdwp agent.
12-09 01:42:09.537  7168  7168 E .android.diale: The String#value field is not present on Android versions >= 6.0
12-09 01:42:11.778  1834  1834 E netmgr  : Failed to open QEMU pipe 'qemud:network': Invalid argument
12-09 01:42:11.778  1834  1834 E netmgr  : WifiForwarder unable to open QEMU pipe: Invalid argument
12-09 01:42:18.559  1739  1762 E storaged: getDiskStats failed with result NOT_SUPPORTED and size 0
12-09 01:43:07.403  2342  2342 E SchedPolicy: set_timerslack_ns write failed: Operation not permitted
12-09 01:43:10.134  2342  2342 E SchedPolicy: set_timerslack_ns write failed: Operation not permitted
12-09 01:43:11.785  1834  1834 E netmgr  : Failed to open QEMU pipe 'qemud:network': Invalid argument
12-09 01:43:11.785  1834  1834 E netmgr  : WifiForwarder unable to open QEMU pipe: Invalid argument
12-09 01:43:14.397  1885  3512 E WindowManager: Performed 6 layouts in a row. Skipping
12-09 01:43:14.423  1885  1938 E WindowManager: Performed 6 layouts in a row. Skipping
12-09 01:43:14.456  1885  1938 E WindowManager: Performed 6 layouts in a row. Skipping
12-09 01:43:14.492  1885  1938 E WindowManager: Performed 6 layouts in a row. Skipping
12-09 01:43:14.511  1885  1900 E WindowManager: Performed 6 layouts in a row. Skipping
12-09 01:43:14.543  1885  1938 E WindowManager: Performed 6 layouts in a row. Skipping
12-09 01:43:14.663  1885  1938 E WindowManager: Performed 6 layouts in a row. Skipping
12-09 01:43:14.687  1885  2413 E WindowManager: Performed 6 layouts in a row. Skipping
12-09 01:43:14.732  1885  1938 E WindowManager: Performed 6 layouts in a row. Skipping
12-09 01:43:14.907  1885  1938 E WindowManager: Performed 6 layouts in a row. Skipping
12-09 01:43:18.560  1739  1762 E storaged: getDiskStats failed with result NOT_SUPPORTED and size 0
