--------- beginning of system
--------- beginning of main
12-08 20:17:10.678  1733  1752 E         : Couldn't opendir /data/app/vmdl193449216.tmp: No such file or directory
12-08 20:17:10.678  1733  1752 E installd: Failed to delete /data/app/vmdl193449216.tmp: No such file or directory
12-08 20:17:13.224 24468 24468 E harlton.mileag: Not starting debugger since process cannot load the jdwp agent.
12-08 20:17:22.095 24468 24468 E SpannableStringBuilder: SPAN_EXCLUSIVE_EXCLUSIVE spans cannot have a zero length
12-08 20:17:22.095 24468 24468 E SpannableStringBuilder: SPAN_EXCLUSIVE_EXCLUSIVE spans cannot have a zero length
12-08 20:17:24.028 24507 24507 E emui:screensho: Not starting debugger since process cannot load the jdwp agent.
12-08 20:17:24.420 24507 24507 E SoundPool: error loading /product/media/audio/ui/camera_click.ogg
12-08 20:17:24.598  1728  2167 E SurfaceFlinger: ro.sf.lcd_density must be defined as a build property
12-08 20:17:24.724  1743  2059 E OMXNodeInstance: getConfig(0xee2ac4e0:google.vorbis.decoder, ConfigAndroidVendorExtension(0x6f100004)) ERROR: Undefined(0x80001001)
12-08 20:17:24.733  1728  1814 E SurfaceFlinger: ro.sf.lcd_density must be defined as a build property
12-08 20:17:28.163  2438 24370 E ctxmgr  : [ProducerStatusImpl]updateStateForNewContextData: inactive, contextName=7
12-08 20:17:28.244  2438 24370 E ctxmgr  : [ProducerStatusImpl]updateStateForNewContextData: inactive, contextName=1
12-08 20:17:28.536  2438  2438 E BeaconBle: Missing BluetoothAdapter
12-08 20:17:28.566  2438  2438 E BeaconBle: Scan couldn't start for Places
12-08 20:17:46.050  1807  1807 E netmgr  : Failed to open QEMU pipe 'qemud:network': Invalid argument
12-08 20:17:46.050  1807  1807 E netmgr  : WifiForwarder unable to open QEMU pipe: Invalid argument
12-08 20:17:52.102 23461 23461 E wpa_supplicant: nl80211: Failed to open /proc/sys/net/ipv4/conf/p2p-dev-wlan0/drop_unicast_in_l2_multicast: No such file or directory
12-08 20:17:52.102 23461 23461 E wpa_supplicant: nl80211: Failed to set IPv4 unicast in multicast filter
12-08 20:17:52.162 23461 23461 E wpa_supplicant: nl80211: Failed to open /proc/sys/net/ipv4/conf/p2p-dev-wlan0/drop_unicast_in_l2_multicast: No such file or directory
12-08 20:17:52.163 23461 23461 E wpa_supplicant: nl80211: Failed to set IPv4 unicast in multicast filter
12-08 20:17:52.224 24556 24556 E rrierdefaultap: Not starting debugger since process cannot load the jdwp agent.
12-08 20:17:52.297 23461 23461 E wpa_supplicant: nl80211: Failed to open /proc/sys/net/ipv4/conf/wlan0/drop_unicast_in_l2_multicast: No such file or directory
12-08 20:17:52.297 23461 23461 E wpa_supplicant: nl80211: Failed to set IPv4 unicast in multicast filter
12-08 20:17:52.297 23461 23461 E wpa_supplicant: nl80211: Failed to open /proc/sys/net/ipv4/conf/wlan0/drop_unicast_in_l2_multicast: No such file or directory
12-08 20:17:52.297 23461 23461 E wpa_supplicant: nl80211: Failed to set IPv4 unicast in multicast filter
12-08 20:17:52.380 23461 23461 E wpa_supplicant: nl80211: Failed to open /proc/sys/net/ipv4/conf/wlan0/drop_unicast_in_l2_multicast: No such file or directory
12-08 20:17:52.380 23461 23461 E wpa_supplicant: nl80211: Failed to set IPv4 unicast in multicast filter
12-08 20:17:52.608  1629  1629 E android.hardware.wifi@1.0-service: Failed to open directory: Permission denied
12-08 20:17:52.609  1629  1629 E android.hardware.wifi@1.0-service: Error occurred while deleting old tombstone files
12-08 20:17:52.609  1629  1629 E android.hardware.wifi@1.0-service: Error writing files to flash
12-08 20:17:52.721  1741  1793 E storaged: getDiskStats failed with result NOT_SUPPORTED and size 0
12-08 20:17:52.817  2570  2570 E ContextIntentStarter: No activity found for any of the 0 intents
12-08 20:17:52.902  1881  1967 E WifiP2pService: Unhandled message { when=-1ms what=131204 target=com.android.internal.util.StateMachine$SmHandler }
12-08 20:17:53.029  1881  1899 E BatteryExternalStatsWorker: no controller energy info supplied for wifi
12-08 20:17:53.145  2438 23666 E WakeLock: GCM_HB_ALARM release without a matched acquire!
12-08 20:17:53.475  2438 23666 E WakeLock: GCM_CONN_ALARM release without a matched acquire!
12-08 20:17:53.756  1629  1629 E android.hardware.wifi@1.0-service: Failed to register radio mode change callback
12-08 20:17:53.761  1629  1629 E android.hardware.wifi@1.0-service: Failed to set DFS flag; DFS channels may be unavailable.
12-08 20:17:53.916  1742  1742 E wificond: No Offload Service available
12-08 20:17:54.215  1881  1967 E WifiP2pService: Unhandled message { when=0 what=131203 target=com.android.internal.util.StateMachine$SmHandler }
12-08 20:17:54.254  1881  1967 E WifiP2pService: Unhandled message { when=-2ms what=131203 target=com.android.internal.util.StateMachine$SmHandler }
12-08 20:17:54.374  1881  1899 E BatteryExternalStatsWorker: no controller energy info supplied for wifi
12-08 20:17:54.388 24584 24584 E viders.calenda: Not starting debugger since process cannot load the jdwp agent.
12-08 20:17:54.427 24576 24576 E wpa_supplicant: nl80211: Failed to open /proc/sys/net/ipv4/conf/p2p-dev-wlan0/drop_unicast_in_l2_multicast: No such file or directory
12-08 20:17:54.427 24576 24576 E wpa_supplicant: nl80211: Failed to set IPv4 unicast in multicast filter
12-08 20:17:54.434 24576 24576 E wpa_supplicant: nl80211: Failed to open /proc/sys/net/ipv4/conf/p2p-dev-wlan0/drop_unicast_in_l2_multicast: No such file or directory
12-08 20:17:54.434 24576 24576 E wpa_supplicant: nl80211: Failed to set IPv4 unicast in multicast filter
12-08 20:17:54.510 24576 24576 E wpa_supplicant: nl80211: Failed to open /proc/sys/net/ipv4/conf/wlan0/drop_unicast_in_l2_multicast: No such file or directory
12-08 20:17:54.510 24576 24576 E wpa_supplicant: nl80211: Failed to set IPv4 unicast in multicast filter
12-08 20:17:54.590 24576 24576 E wpa_supplicant: nl80211: Failed to open /proc/sys/net/ipv4/conf/wlan0/drop_unicast_in_l2_multicast: No such file or directory
12-08 20:17:54.590 24576 24576 E wpa_supplicant: nl80211: Failed to set IPv4 unicast in multicast filter
12-08 20:17:54.648 24605 24605 E ndroid.calenda: Not starting debugger since process cannot load the jdwp agent.
12-08 20:17:54.785  1629  1629 E android.hardware.wifi@1.0-service: Failed to open directory: Permission denied
12-08 20:17:54.785  1629  1629 E android.hardware.wifi@1.0-service: Error occurred while deleting old tombstone files
12-08 20:17:54.785  1629  1629 E android.hardware.wifi@1.0-service: Error writing files to flash
12-08 20:17:55.121  1881  1967 E WifiP2pService: Unhandled message { when=-1ms what=131204 target=com.android.internal.util.StateMachine$SmHandler }
12-08 20:17:55.146  1881  1899 E BatteryExternalStatsWorker: no controller energy info supplied for wifi
12-08 20:17:55.151  1881  1899 E BatteryExternalStatsWorker: no controller energy info supplied for wifi
12-08 20:17:55.666 24624 24624 E .android.diale: Not starting debugger since process cannot load the jdwp agent.
12-08 20:17:56.196 24624 24624 E .android.diale: The String#value field is not present on Android versions >= 6.0
12-08 20:17:56.860 24684 24684 E droid.deskcloc: Not starting debugger since process cannot load the jdwp agent.
12-08 20:17:57.002 24684 24684 E LoadedApk: Unable to instantiate appComponentFactory
12-08 20:17:57.002 24684 24684 E LoadedApk: java.lang.ClassNotFoundException: Didn't find class "android.support.v4.app.CoreComponentFactory" on path: DexPathList[[zip file "/data/app/com.google.android.deskclock-irjeQ48B8SlCzNgOUY6aXg==/base.apk"],nativeLibraryDirectories=[/data/app/com.google.android.deskclock-irjeQ48B8SlCzNgOUY6aXg==/lib/x86, /system/lib]]
12-08 20:17:57.002 24684 24684 E LoadedApk: 	at dalvik.system.BaseDexClassLoader.findClass(BaseDexClassLoader.java:134)
12-08 20:17:57.002 24684 24684 E LoadedApk: 	at java.lang.ClassLoader.loadClass(ClassLoader.java:379)
12-08 20:17:57.002 24684 24684 E LoadedApk: 	at java.lang.ClassLoader.loadClass(ClassLoader.java:312)
12-08 20:17:57.002 24684 24684 E LoadedApk: 	at android.app.LoadedApk.createAppFactory(LoadedApk.java:226)
12-08 20:17:57.002 24684 24684 E LoadedApk: 	at android.app.LoadedApk.createOrUpdateClassLoaderLocked(LoadedApk.java:731)
12-08 20:17:57.002 24684 24684 E LoadedApk: 	at android.app.LoadedApk.getClassLoader(LoadedApk.java:810)
12-08 20:17:57.002 24684 24684 E LoadedApk: 	at android.app.LoadedApk.getResources(LoadedApk.java:1032)
12-08 20:17:57.002 24684 24684 E LoadedApk: 	at android.app.ContextImpl.createAppContext(ContextImpl.java:2345)
12-08 20:17:57.002 24684 24684 E LoadedApk: 	at android.app.ActivityThread.handleBindApplication(ActivityThread.java:5749)
12-08 20:17:57.002 24684 24684 E LoadedApk: 	at android.app.ActivityThread.access$1100(ActivityThread.java:199)
12-08 20:17:57.002 24684 24684 E LoadedApk: 	at android.app.ActivityThread$H.handleMessage(ActivityThread.java:1650)
12-08 20:17:57.002 24684 24684 E LoadedApk: 	at android.os.Handler.dispatchMessage(Handler.java:106)
12-08 20:17:57.002 24684 24684 E LoadedApk: 	at android.os.Looper.loop(Looper.java:193)
12-08 20:17:57.002 24684 24684 E LoadedApk: 	at android.app.ActivityThread.main(ActivityThread.java:6669)
12-08 20:17:57.002 24684 24684 E LoadedApk: 	at java.lang.reflect.Method.invoke(Native Method)
12-08 20:17:57.002 24684 24684 E LoadedApk: 	at com.android.internal.os.RuntimeInit$MethodAndArgsCaller.run(RuntimeInit.java:493)
12-08 20:17:57.002 24684 24684 E LoadedApk: 	at com.android.internal.os.ZygoteInit.main(ZygoteInit.java:858)
12-08 20:17:57.798 24716 24716 E com.ustwo.lwp: Not starting debugger since process cannot load the jdwp agent.
12-08 20:18:46.053  1807  1807 E netmgr  : Failed to open QEMU pipe 'qemud:network': Invalid argument
12-08 20:18:46.053  1807  1807 E netmgr  : WifiForwarder unable to open QEMU pipe: Invalid argument
12-08 20:18:52.725  1741  1793 E storaged: getDiskStats failed with result NOT_SUPPORTED and size 0
12-08 20:19:46.057  1807  1807 E netmgr  : Failed to open QEMU pipe 'qemud:network': Invalid argument
12-08 20:19:46.057  1807  1807 E netmgr  : WifiForwarder unable to open QEMU pipe: Invalid argument
12-08 20:19:52.729  1741  1793 E storaged: getDiskStats failed with result NOT_SUPPORTED and size 0
