--------- beginning of main
--------- beginning of system
12-07 23:43:56.204 18101 18101 E id.defcontaine: Not starting debugger since process cannot load the jdwp agent.
12-07 23:43:56.209 18109 18109 E oid.documentsu: Not starting debugger since process cannot load the jdwp agent.
12-07 23:43:56.267 18129 18129 E ndroid.keychai: Not starting debugger since process cannot load the jdwp agent.
12-07 23:43:56.938  1632  1632 E lowmemorykiller: Error writing /proc/17903/oom_score_adj; errno=22
12-07 23:43:57.136 18174 18174 E droid.apps.doc: Not starting debugger since process cannot load the jdwp agent.
12-07 23:43:58.420 18201 18201 E d.process.medi: Not starting debugger since process cannot load the jdwp agent.
12-07 23:43:58.886 18222 18222 E ocess.gservice: Not starting debugger since process cannot load the jdwp agent.
12-07 23:44:00.037 18174 18174 E DocsApplication: [main] No default account found during application creation.
12-07 23:44:01.164  1729  1931 E         : Couldn't opendir /data/app/vmdl1761650646.tmp: No such file or directory
12-07 23:44:01.164  1729  1931 E installd: Failed to delete /data/app/vmdl1761650646.tmp: No such file or directory
12-07 23:44:03.035 16506 16970 E ctxmgr  : [AppIntervalImpl]closeInterval: ongoing
12-07 23:44:03.040 16506 16970 E ctxmgr  : [AppIntervalImpl]closeInterval: ongoing
12-07 23:44:03.130 16506 16506 E BeaconBle: Missing BluetoothAdapter
12-07 23:44:03.179 16506 16506 E BeaconBle: Scan couldn't start for Places
12-07 23:44:05.318 18282 18282 E harlton.mileag: Not starting debugger since process cannot load the jdwp agent.
12-07 23:44:06.926 16085 31762 E putmethod.lati: Invalid ID 0x00000001.
12-07 23:44:06.935 16085 31762 E LstmTrainingCache: emn: Can't get resource name for input slot
12-07 23:44:06.935 16085 31762 E LstmTrainingCache: android.content.res.Resources$NotFoundException: Unable to find resource ID #0x1
12-07 23:44:06.935 16085 31762 E LstmTrainingCache: 	at android.content.res.ResourcesImpl.getResourceName(ResourcesImpl.java:255)
12-07 23:44:06.935 16085 31762 E LstmTrainingCache: 	at android.content.res.Resources.getResourceName(Resources.java:1954)
12-07 23:44:06.935 16085 31762 E LstmTrainingCache: 	at emn.a(PG:12)
12-07 23:44:06.935 16085 31762 E LstmTrainingCache: 	at emk.run(PG:5)
12-07 23:44:06.935 16085 31762 E LstmTrainingCache: 	at java.lang.Thread.run(Thread.java:764)
12-07 23:44:12.896  1829  1829 E netmgr  : Failed to open QEMU pipe 'qemud:network': Invalid argument
12-07 23:44:12.896  1829  1829 E netmgr  : WifiForwarder unable to open QEMU pipe: Invalid argument
12-07 23:44:17.321 18313 18313 E emui:screensho: Not starting debugger since process cannot load the jdwp agent.
12-07 23:44:17.384  1632  1632 E lowmemorykiller: Error opening /proc/18174/oom_score_adj; errno=2
12-07 23:44:17.390  1632  1632 E lowmemorykiller: Error opening /proc/18174/oom_score_adj; errno=2
12-07 23:44:18.372 18313 18313 E SoundPool: error loading /product/media/audio/ui/camera_click.ogg
12-07 23:44:18.544  1724  2165 E SurfaceFlinger: ro.sf.lcd_density must be defined as a build property
12-07 23:44:18.604  1739  1739 E OMXNodeInstance: getConfig(0xee326cc0:google.vorbis.decoder, ConfigAndroidVendorExtension(0x6f100004)) ERROR: Undefined(0x80001001)
12-07 23:44:18.690  1724  1863 E SurfaceFlinger: ro.sf.lcd_density must be defined as a build property
12-07 23:44:22.396 16506 16506 E BeaconBle: Missing BluetoothAdapter
12-07 23:44:22.459 16506 16506 E BeaconBle: Scan couldn't start for Places
12-07 23:44:31.581 18363 18363 E oid.apps.photo: Not starting debugger since process cannot load the jdwp agent.
12-07 23:44:34.572  1737  1809 E storaged: getDiskStats failed with result NOT_SUPPORTED and size 0
12-07 23:44:38.670 18411 18411 E id.partnersetu: Not starting debugger since process cannot load the jdwp agent.
12-07 23:44:41.791 15976 15989 E memtrack: Couldn't load memtrack module
12-07 23:44:45.486 15976 19437 E WindowManager: Performed 6 layouts in a row. Skipping
12-07 23:44:45.501 15976 16026 E WindowManager: Performed 6 layouts in a row. Skipping
12-07 23:44:45.518 15976 16026 E WindowManager: Performed 6 layouts in a row. Skipping
12-07 23:44:45.567 15976 16026 E WindowManager: Performed 6 layouts in a row. Skipping
12-07 23:44:45.583 15976 16026 E WindowManager: Performed 6 layouts in a row. Skipping
12-07 23:44:45.610 15976 15991 E WindowManager: Performed 6 layouts in a row. Skipping
12-07 23:44:45.653 15976 16026 E WindowManager: Performed 6 layouts in a row. Skipping
12-07 23:44:45.717 15976 16026 E WindowManager: Performed 6 layouts in a row. Skipping
12-07 23:44:45.739 15976 16026 E WindowManager: Performed 6 layouts in a row. Skipping
12-07 23:44:45.840 15976 16026 E WindowManager: Performed 6 layouts in a row. Skipping
12-07 23:44:45.870 15976 16026 E WindowManager: Performed 6 layouts in a row. Skipping
12-07 23:44:45.889 15976 16026 E WindowManager: Performed 6 layouts in a row. Skipping
12-07 23:44:45.916 15976 17388 E WindowManager: Performed 6 layouts in a row. Skipping
12-07 23:44:45.941 15976 16026 E WindowManager: Performed 6 layouts in a row. Skipping
12-07 23:44:45.999 15976 17858 E WindowManager: Performed 6 layouts in a row. Skipping
12-07 23:44:46.030 15976 16026 E WindowManager: Performed 6 layouts in a row. Skipping
12-07 23:44:46.052 15976 16026 E WindowManager: Performed 6 layouts in a row. Skipping
12-07 23:44:46.117 15976 15991 E WindowManager: Performed 6 layouts in a row. Skipping
12-07 23:44:46.151 15976 16026 E WindowManager: Performed 6 layouts in a row. Skipping
12-07 23:44:46.177 15976 17858 E WindowManager: Performed 6 layouts in a row. Skipping
12-07 23:44:46.203 15976 16026 E WindowManager: Performed 6 layouts in a row. Skipping
12-07 23:44:47.296 10641 10641 E ContextIntentStarter: No activity found for any of the 0 intents
12-07 23:44:52.854 15976 15989 E memtrack: Couldn't load memtrack module
12-07 23:44:55.683 16788 17129 E PlayCommon: [121] com.google.android.play.b.g.a(448): Failed to connect to server: java.net.UnknownHostException: Unable to resolve host "play.googleapis.com": No address associated with hostname
12-07 23:44:58.938 15927 18446 E audio_hw_generic: pcm_open(in) failed: cannot open device '/dev/snd/pcmC0D0c': Device or resource busy: channels 2 format 0 rate 16000
12-07 23:44:59.004 16506 18272 E ctxmgr  : [AppIntervalImpl]closeInterval: ongoing
12-07 23:44:59.024 16506 18272 E ctxmgr  : [AppIntervalImpl]closeInterval: ongoing
12-07 23:45:01.486 10641 10641 E ClientVe: Failed to create ClientVisualElementsProto for user interaction on view com.google.android.apps.gsa.searchbox.ui.suggestions.views.CoreSuggestionView{22b822f VFE...CL. ...P.... 0,142-1038,289 #14} because the view is not tagged for visual element logging.
12-07 23:45:01.992 15976 15989 E memtrack: Couldn't load memtrack module
12-07 23:45:02.576 18455 18455 E boxed_process1: Not starting debugger since process cannot load the jdwp agent.
12-07 23:45:02.646 10641 10641 E ClientVe: Failed to create ClientVisualElementsProto for user interaction on view com.google.android.apps.gsa.searchbox.ui.suggestions.views.CoreSuggestionView{77a6f30 VFE...CL. ...P.... 0,289-1038,436 #15} because the view is not tagged for visual element logging.
12-07 23:45:02.650 10641 10641 E ClientVe: Failed to create ClientVisualElementsProto for user interaction on view com.google.android.apps.gsa.searchbox.ui.suggestions.views.CoreSuggestionView{77a6f30 VFE...CL. ...P.... 0,289-1038,436 #15} because the view is not tagged for visual element logging.
12-07 23:45:02.741  1632  1632 E lowmemorykiller: Error writing /proc/18313/oom_score_adj; errno=22
12-07 23:45:02.741  1632  1632 E lowmemorykiller: Error writing /proc/18101/oom_score_adj; errno=22
12-07 23:45:02.762  1632  1632 E lowmemorykiller: Error opening /proc/18101/oom_score_adj; errno=2
12-07 23:45:03.361 10641 10641 E ClientVe: Failed to create ClientVisualElementsProto for user interaction on view com.google.android.apps.gsa.searchbox.ui.suggestions.views.CoreSuggestionView{22b822f VFE...CL. ...P.... 0,142-1038,289 #14} because the view is not tagged for visual element logging.
12-07 23:45:04.182 10641 10641 E ClientVe: Failed to create ClientVisualElementsProto for user interaction on view com.google.android.apps.gsa.searchbox.ui.suggestions.views.CoreSuggestionView{cd4bf9 VFE...CL. ...P.... 0,-5-1038,142 #13} because the view is not tagged for visual element logging.
12-07 23:45:05.084 10641 10649 E ReloadingLock: Finalizing LOCKED Token[searchresults_activity 2018-12-07 23:45:03.787]
12-07 23:45:09.155 15976 15989 E memtrack: Couldn't load memtrack module
