--------- beginning of main
--------- beginning of system
12-08 04:18:18.049  1881  1895 E ActivityManager: Failure starting process com.evancharlton.mileage
12-08 04:18:18.049  1881  1895 E ActivityManager: java.lang.SecurityException: Package com.evancharlton.mileage is currently frozen!
12-08 04:18:18.049  1881  1895 E ActivityManager: 	at com.android.server.pm.PackageManagerService.checkPackageStartable(PackageManagerService.java:4000)
12-08 04:18:18.049  1881  1895 E ActivityManager: 	at com.android.server.am.ActivityManagerService.startProcessLocked(ActivityManagerService.java:4234)
12-08 04:18:18.049  1881  1895 E ActivityManager: 	at com.android.server.am.ActivityManagerService.startProcessLocked(ActivityManagerService.java:4199)
12-08 04:18:18.049  1881  1895 E ActivityManager: 	at com.android.server.am.ActivityManagerService.startProcessLocked(ActivityManagerService.java:4181)
12-08 04:18:18.049  1881  1895 E ActivityManager: 	at com.android.server.am.ActivityManagerService.startProcessLocked(ActivityManagerService.java:4067)
12-08 04:18:18.049  1881  1895 E ActivityManager: 	at com.android.server.am.ActivityStackSupervisor.startSpecificActivityLocked(ActivityStackSupervisor.java:1715)
12-08 04:18:18.049  1881  1895 E ActivityManager: 	at com.android.server.am.ActivityStack.resumeTopActivityInnerLocked(ActivityStack.java:2764)
12-08 04:18:18.049  1881  1895 E ActivityManager: 	at com.android.server.am.ActivityStack.resumeTopActivityUncheckedLocked(ActivityStack.java:2302)
12-08 04:18:18.049  1881  1895 E ActivityManager: 	at com.android.server.am.ActivityStackSupervisor.resumeFocusedStackTopActivityLocked(ActivityStackSupervisor.java:2234)
12-08 04:18:18.049  1881  1895 E ActivityManager: 	at com.android.server.am.ActivityStackSupervisor.resumeFocusedStackTopActivityLocked(ActivityStackSupervisor.java:2218)
12-08 04:18:18.049  1881  1895 E ActivityManager: 	at com.android.server.am.ActivityManagerService.handleAppDiedLocked(ActivityManagerService.java:5923)
12-08 04:18:18.049  1881  1895 E ActivityManager: 	at com.android.server.am.ActivityManagerService.removeProcessLocked(ActivityManagerService.java:7501)
12-08 04:18:18.049  1881  1895 E ActivityManager: 	at com.android.server.am.ActivityManagerService.killPackageProcessesLocked(ActivityManagerService.java:7142)
12-08 04:18:18.049  1881  1895 E ActivityManager: 	at com.android.server.am.ActivityManagerService.forceStopPackageLocked(ActivityManagerService.java:7275)
12-08 04:18:18.049  1881  1895 E ActivityManager: 	at com.android.server.am.ActivityManagerService$MainHandler.handleMessage(ActivityManagerService.java:2289)
12-08 04:18:18.049  1881  1895 E ActivityManager: 	at android.os.Handler.dispatchMessage(Handler.java:106)
12-08 04:18:18.049  1881  1895 E ActivityManager: 	at android.os.Looper.loop(Looper.java:193)
12-08 04:18:18.049  1881  1895 E ActivityManager: 	at android.os.HandlerThread.run(HandlerThread.java:65)
12-08 04:18:18.049  1881  1895 E ActivityManager: 	at com.android.server.ServiceThread.run(ServiceThread.java:44)
12-08 04:18:21.360  1730  1730 E         : Couldn't opendir /data/app/vmdl1021941518.tmp: No such file or directory
12-08 04:18:21.360  1730  1730 E installd: Failed to delete /data/app/vmdl1021941518.tmp: No such file or directory
12-08 04:18:22.107  2475 19374 E ChromeSync: [Sync,SyncIntentOperation] Error handling the intent: Intent { act=android.intent.action.PACKAGE_ADDED dat=package:com.evancharlton.mileage flg=0x4000010 cmp=com.google.android.gms/.chimera.GmsIntentOperationService (has extras) }.
12-08 04:18:22.925 19426 19426 E harlton.mileag: Not starting debugger since process cannot load the jdwp agent.
12-08 04:18:38.950  2463 17779 E s.nexuslaunche: Failed to open APK '/data/app/com.evancharlton.mileage-AbsHjaY8y6fJkQG2mYCjIw==/base.apk' I/O error
12-08 04:18:38.953  2463 17779 E ResourcesManager: failed to add asset path /data/app/com.evancharlton.mileage-AbsHjaY8y6fJkQG2mYCjIw==/base.apk
12-08 04:18:39.655  2448 18924 E ctxmgr  : [ProducerStatusImpl]updateStateForNewContextData: inactive, contextName=7
12-08 04:18:39.691  1828  1828 E netmgr  : Failed to open QEMU pipe 'qemud:network': Invalid argument
12-08 04:18:39.691  1828  1828 E netmgr  : WifiForwarder unable to open QEMU pipe: Invalid argument
12-08 04:18:39.785  2448  2448 E BeaconBle: Missing BluetoothAdapter
12-08 04:18:39.817  2448  2448 E BeaconBle: Scan couldn't start for Places
12-08 04:18:44.514  1738  1772 E storaged: getDiskStats failed with result NOT_SUPPORTED and size 0
12-08 04:18:51.470  2692  2692 E ContextIntentStarter: No activity found for any of the 0 intents
12-08 04:18:56.397 19488 19488 E boxed_process2: Not starting debugger since process cannot load the jdwp agent.
12-08 04:18:56.749  2692  2692 E ClientVe: Failed to create ClientVisualElementsProto for user interaction on view com.google.android.apps.gsa.searchbox.ui.suggestions.views.CoreSuggestionView{e197177 VFE...CL. ...P.... 0,142-1038,289 #37} because the view is not tagged for visual element logging.
12-08 04:18:56.889  2692  2692 E ClientVe: Failed to create ClientVisualElementsProto for user interaction on view com.google.android.apps.gsa.searchbox.ui.suggestions.views.CoreSuggestionView{e197177 VFE...CL. ...P.... 0,142-1038,289 #37} because the view is not tagged for visual element logging.
12-08 04:18:59.012  2692  2692 E ClientVe: Failed to create ClientVisualElementsProto for user interaction on view com.google.android.apps.gsa.searchbox.ui.suggestions.views.CoreSuggestionView{a71c1e4 VFE...CL. ...P.... 0,289-1038,436 #38} because the view is not tagged for visual element logging.
12-08 04:18:59.046  2692  2692 E ClientVe: Failed to create ClientVisualElementsProto for user interaction on view com.google.android.apps.gsa.searchbox.ui.suggestions.views.CoreSuggestionView{5db364d VFE...CL. ...P.... 0,436-1038,583 #39} because the view is not tagged for visual element logging.
12-08 04:19:00.170  2692  2692 E ClientVe: Failed to create ClientVisualElementsProto for user interaction on view com.google.android.apps.gsa.searchbox.ui.suggestions.views.CoreSuggestionView{a71c1e4 VFE...CL. ...P.... 0,289-1038,436 #38} because the view is not tagged for visual element logging.
12-08 04:19:00.366  2692  2692 E ClientVe: Failed to create ClientVisualElementsProto for user interaction on view com.google.android.apps.gsa.searchbox.ui.suggestions.views.CoreSuggestionView{e197177 VFE...CL. ...P.... 0,142-1038,289 #37} because the view is not tagged for visual element logging.
12-08 04:19:00.546  2692  2692 E ClientVe: Failed to create ClientVisualElementsProto for user interaction on view com.google.android.apps.gsa.searchbox.ui.suggestions.views.CoreSuggestionView{a71c1e4 VFE...CL. ...p.... 0,289-1038,436 #38} because the view is not tagged for visual element logging.
12-08 04:19:00.580  2692  2692 E ClientVe: Failed to create ClientVisualElementsProto for user interaction on view com.google.android.apps.gsa.searchbox.ui.suggestions.views.CoreSuggestionView{a71c1e4 VFE...CL. ...P.... 0,289-1038,436 #38} because the view is not tagged for visual element logging.
12-08 04:19:00.856  2692  2700 E ReloadingLock: Finalizing LOCKED Token[searchresults_activity 2018-12-08 04:18:58.726]
12-08 04:19:00.901  2692  2692 E ClientVe: Failed to create ClientVisualElementsProto for user interaction on view com.google.android.apps.gsa.searchbox.ui.suggestions.views.CoreSuggestionView{56fc502 VFE...CL. ...P.... 0,583-1038,730 #3a} because the view is not tagged for visual element logging.
12-08 04:19:08.185  1881  4115 E WindowManager: Performed 6 layouts in a row. Skipping
12-08 04:19:08.208  1881  1934 E WindowManager: Performed 6 layouts in a row. Skipping
12-08 04:19:08.254  1881  1934 E WindowManager: Performed 6 layouts in a row. Skipping
12-08 04:19:08.279  1881  1934 E WindowManager: Performed 6 layouts in a row. Skipping
12-08 04:19:08.304  1881  1896 E WindowManager: Performed 6 layouts in a row. Skipping
12-08 04:19:08.333  1881  1934 E WindowManager: Performed 6 layouts in a row. Skipping
12-08 04:19:08.366  1881  1934 E WindowManager: Performed 6 layouts in a row. Skipping
12-08 04:19:08.398  1881  1934 E WindowManager: Performed 6 layouts in a row. Skipping
12-08 04:19:08.425  1881  4115 E WindowManager: Performed 6 layouts in a row. Skipping
12-08 04:19:08.454  1881  1934 E WindowManager: Performed 6 layouts in a row. Skipping
12-08 04:19:08.547  1881  1934 E WindowManager: Performed 6 layouts in a row. Skipping
12-08 04:19:08.569  1881  4115 E WindowManager: Performed 6 layouts in a row. Skipping
12-08 04:19:08.596  1881  1934 E WindowManager: Performed 6 layouts in a row. Skipping
12-08 04:19:08.622  1881  1934 E WindowManager: Performed 6 layouts in a row. Skipping
12-08 04:19:08.701  1881  1934 E WindowManager: Performed 6 layouts in a row. Skipping
12-08 04:19:11.764  1881  1891 E WindowManager: Performed 6 layouts in a row. Skipping
12-08 04:19:11.813  1881  1934 E WindowManager: Performed 6 layouts in a row. Skipping
12-08 04:19:11.853  1881  1934 E WindowManager: Performed 6 layouts in a row. Skipping
12-08 04:19:11.903  1881  1934 E WindowManager: Performed 6 layouts in a row. Skipping
12-08 04:19:11.917  1881  1896 E WindowManager: Performed 6 layouts in a row. Skipping
12-08 04:19:11.948  1881  1891 E WindowManager: Performed 6 layouts in a row. Skipping
12-08 04:19:12.009  1881  1934 E WindowManager: Performed 6 layouts in a row. Skipping
12-08 04:19:12.042  1881  1934 E WindowManager: Performed 6 layouts in a row. Skipping
12-08 04:19:12.079  1881  4493 E WindowManager: Performed 6 layouts in a row. Skipping
12-08 04:19:12.112  1881  1934 E WindowManager: Performed 6 layouts in a row. Skipping
12-08 04:19:12.159  1881  1934 E WindowManager: Performed 6 layouts in a row. Skipping
12-08 04:19:12.253  1881  1934 E WindowManager: Performed 6 layouts in a row. Skipping
12-08 04:19:13.674  1611  1695 E audio_hw_generic: pcm_write failed cannot write stream data: I/O error
