--------- beginning of main
--------- beginning of system
12-09 00:55:14.070  1991  1991 E native  : clearcut-logger.cc:191 USER_EDIT span#originalSpan is missing
12-09 00:55:18.590  1733  1947 E         : Couldn't opendir /data/app/vmdl1800381642.tmp: No such file or directory
12-09 00:55:18.591  1733  1947 E installd: Failed to delete /data/app/vmdl1800381642.tmp: No such file or directory
12-09 00:55:20.538 20652 20652 E harlton.mileag: Not starting debugger since process cannot load the jdwp agent.
12-09 00:55:32.960  2438 19494 E ctxmgr  : [BaseServerTask]Failed network request due to no network connectivity: 
12-09 00:55:32.980  2438 19494 E ctxmgr  : [DailyCheckinOperation]Failed daily get config: network status=1
12-09 00:55:33.488  2438 19494 E ctxmgr  : [BaseServerTask]Failed network request due to no network connectivity: 
12-09 00:55:33.528  2438 19494 E ctxmgr  : [ProducerStatusImpl]updateStateForNewContextData: inactive, contextName=7
12-09 00:55:33.531  2438 19494 E ctxmgr  : [DailyCheckinOperation]Failed daily get config: network status=1
12-09 00:55:33.745  2438  2438 E BeaconBle: Missing BluetoothAdapter
12-09 00:55:33.824  2438  2438 E BeaconBle: Scan couldn't start for Places
12-09 00:55:44.782  1881  3986 E WindowManager: Performed 6 layouts in a row. Skipping
12-09 00:55:44.812  1881  1934 E WindowManager: Performed 6 layouts in a row. Skipping
12-09 00:55:44.840  1881  1934 E WindowManager: Performed 6 layouts in a row. Skipping
12-09 00:55:44.926  1881  1934 E WindowManager: Performed 6 layouts in a row. Skipping
12-09 00:55:44.944  1881  3986 E WindowManager: Performed 6 layouts in a row. Skipping
12-09 00:55:44.979  1881  1934 E WindowManager: Performed 6 layouts in a row. Skipping
12-09 00:55:45.014  1881  1934 E WindowManager: Performed 6 layouts in a row. Skipping
12-09 00:55:45.035  1881  3483 E WindowManager: Performed 6 layouts in a row. Skipping
12-09 00:55:45.059 20652 20652 E WindowManager: 
12-09 00:55:45.059 20652 20652 E WindowManager: android.view.WindowLeaked: Activity com.evancharlton.mileage.FieldActivity has leaked window DecorView@d781399[FieldActivity] that was originally added here
12-09 00:55:45.059 20652 20652 E WindowManager: 	at android.view.ViewRootImpl.<init>(ViewRootImpl.java:511)
12-09 00:55:45.059 20652 20652 E WindowManager: 	at android.view.WindowManagerGlobal.addView(WindowManagerGlobal.java:346)
12-09 00:55:45.059 20652 20652 E WindowManager: 	at android.view.WindowManagerImpl.addView(WindowManagerImpl.java:93)
12-09 00:55:45.059 20652 20652 E WindowManager: 	at com.android.internal.policy.PhoneWindow.openPanel(PhoneWindow.java:887)
12-09 00:55:45.059 20652 20652 E WindowManager: 	at com.android.internal.policy.PhoneWindow.onKeyUpPanel(PhoneWindow.java:1104)
12-09 00:55:45.059 20652 20652 E WindowManager: 	at com.android.internal.policy.PhoneWindow.onKeyUp(PhoneWindow.java:2007)
12-09 00:55:45.059 20652 20652 E WindowManager: 	at com.android.internal.policy.DecorView.dispatchKeyEvent(DecorView.java:350)
12-09 00:55:45.059 20652 20652 E WindowManager: 	at android.view.ViewRootImpl$ViewPostImeInputStage.processKeyEvent(ViewRootImpl.java:5037)
12-09 00:55:45.059 20652 20652 E WindowManager: 	at android.view.ViewRootImpl$ViewPostImeInputStage.onProcess(ViewRootImpl.java:4905)
12-09 00:55:45.059 20652 20652 E WindowManager: 	at android.view.ViewRootImpl$InputStage.deliver(ViewRootImpl.java:4426)
12-09 00:55:45.059 20652 20652 E WindowManager: 	at android.view.ViewRootImpl$InputStage.onDeliverToNext(ViewRootImpl.java:4479)
12-09 00:55:45.059 20652 20652 E WindowManager: 	at android.view.ViewRootImpl$InputStage.forward(ViewRootImpl.java:4445)
12-09 00:55:45.059 20652 20652 E WindowManager: 	at android.view.ViewRootImpl$AsyncInputStage.forward(ViewRootImpl.java:4585)
12-09 00:55:45.059 20652 20652 E WindowManager: 	at android.view.ViewRootImpl$InputStage.apply(ViewRootImpl.java:4453)
12-09 00:55:45.059 20652 20652 E WindowManager: 	at android.view.ViewRootImpl$AsyncInputStage.apply(ViewRootImpl.java:4642)
12-09 00:55:45.059 20652 20652 E WindowManager: 	at android.view.ViewRootImpl$InputStage.deliver(ViewRootImpl.java:4426)
12-09 00:55:45.059 20652 20652 E WindowManager: 	at android.view.ViewRootImpl$InputStage.onDeliverToNext(ViewRootImpl.java:4479)
12-09 00:55:45.059 20652 20652 E WindowManager: 	at android.view.ViewRootImpl$InputStage.forward(ViewRootImpl.java:4445)
12-09 00:55:45.059 20652 20652 E WindowManager: 	at android.view.ViewRootImpl$InputStage.apply(ViewRootImpl.java:4453)
12-09 00:55:45.059 20652 20652 E WindowManager: 	at android.view.ViewRootImpl$InputStage.deliver(ViewRootImpl.java:4426)
12-09 00:55:45.059 20652 20652 E WindowManager: 	at android.view.ViewRootImpl$InputStage.onDeliverToNext(ViewRootImpl.java:4479)
12-09 00:55:45.059 20652 20652 E WindowManager: 	at android.view.ViewRootImpl$InputStage.forward(ViewRootImpl.java:4445)
12-09 00:55:45.059 20652 20652 E WindowManager: 	at android.view.ViewRootImpl$AsyncInputStage.forward(ViewRootImpl.java:4618)
12-09 00:55:45.059 20652 20652 E WindowManager: 	at android.view.ViewRootImpl$ImeInputStage.onFinishedInputEvent(ViewRootImpl.java:4779)
12-09 00:55:45.059 20652 20652 E WindowManager: 	at android.view.inputmethod.InputMethodManager$PendingEvent.run(InputMethodManager.java:2571)
12-09 00:55:45.059 20652 20652 E WindowManager: 	at android.view.inputmethod.InputMethodManager.invokeFinishedInputEventCallback(InputMethodManager.java:2081)
12-09 00:55:45.059 20652 20652 E WindowManager: 	at android.view.inputmethod.InputMethodManager.finishedInputEvent(InputMethodManager.java:2072)
12-09 00:55:45.059 20652 20652 E WindowManager: 	at android.view.inputmethod.InputMethodManager$ImeInputEventSender.onInputEventFinished(InputMethodManager.java:2548)
12-09 00:55:45.059 20652 20652 E WindowManager: 	at android.view.InputEventSender.dispatchInputEventFinished(InputEventSender.java:141)
12-09 00:55:45.059 20652 20652 E WindowManager: 	at android.os.MessageQueue.nativePollOnce(Native Method)
12-09 00:55:45.059 20652 20652 E WindowManager: 	at android.os.MessageQueue.next(MessageQueue.java:326)
12-09 00:55:45.059 20652 20652 E WindowManager: 	at android.os.Looper.loop(Looper.java:160)
12-09 00:55:45.059 20652 20652 E WindowManager: 	at android.app.ActivityThread.main(ActivityThread.java:6669)
12-09 00:55:45.059 20652 20652 E WindowManager: 	at java.lang.reflect.Method.invoke(Native Method)
12-09 00:55:45.059 20652 20652 E WindowManager: 	at com.android.internal.os.RuntimeInit$MethodAndArgsCaller.run(RuntimeInit.java:493)
12-09 00:55:45.059 20652 20652 E WindowManager: 	at com.android.internal.os.ZygoteInit.main(ZygoteInit.java:858)
12-09 00:55:45.054  1881  3483 E WindowManager: Performed 6 layouts in a row. Skipping
12-09 00:55:45.071  1881  1934 E WindowManager: Performed 6 layouts in a row. Skipping
12-09 00:55:45.124  1881  1934 E WindowManager: Performed 6 layouts in a row. Skipping
12-09 00:55:45.689  1807  1807 E netmgr  : Failed to open QEMU pipe 'qemud:network': Invalid argument
12-09 00:55:45.689  1807  1807 E netmgr  : WifiForwarder unable to open QEMU pipe: Invalid argument
12-09 00:55:46.993  2570  2570 E ContextIntentStarter: No activity found for any of the 0 intents
12-09 00:55:48.358  1629  1629 E android.hardware.wifi@1.0-service: Failed to register radio mode change callback
12-09 00:55:48.363  1629  1629 E android.hardware.wifi@1.0-service: Failed to set DFS flag; DFS channels may be unavailable.
12-09 00:55:48.505  1742  1742 E wificond: No Offload Service available
12-09 00:55:48.690  1881  1967 E WifiP2pService: Unhandled message { when=-1ms what=131203 target=com.android.internal.util.StateMachine$SmHandler }
12-09 00:55:48.724  1881  1967 E WifiP2pService: Unhandled message { when=0 what=131203 target=com.android.internal.util.StateMachine$SmHandler }
12-09 00:55:48.767  1881  1899 E BatteryExternalStatsWorker: no controller energy info supplied for wifi
12-09 00:55:48.803 20713 20713 E wpa_supplicant: nl80211: Failed to open /proc/sys/net/ipv4/conf/p2p-dev-wlan0/drop_unicast_in_l2_multicast: No such file or directory
12-09 00:55:48.803 20713 20713 E wpa_supplicant: nl80211: Failed to set IPv4 unicast in multicast filter
12-09 00:55:48.804 20713 20713 E wpa_supplicant: nl80211: Failed to open /proc/sys/net/ipv4/conf/p2p-dev-wlan0/drop_unicast_in_l2_multicast: No such file or directory
12-09 00:55:48.804 20713 20713 E wpa_supplicant: nl80211: Failed to set IPv4 unicast in multicast filter
12-09 00:55:48.896 20713 20713 E wpa_supplicant: nl80211: Failed to open /proc/sys/net/ipv4/conf/wlan0/drop_unicast_in_l2_multicast: No such file or directory
12-09 00:55:48.897 20713 20713 E wpa_supplicant: nl80211: Failed to set IPv4 unicast in multicast filter
12-09 00:55:48.959 20713 20713 E wpa_supplicant: nl80211: Failed to open /proc/sys/net/ipv4/conf/wlan0/drop_unicast_in_l2_multicast: No such file or directory
12-09 00:55:48.959 20713 20713 E wpa_supplicant: nl80211: Failed to set IPv4 unicast in multicast filter
12-09 00:55:49.197  1629  1629 E android.hardware.wifi@1.0-service: Failed to open directory: Permission denied
12-09 00:55:49.198  1629  1629 E android.hardware.wifi@1.0-service: Error occurred while deleting old tombstone files
12-09 00:55:49.198  1629  1629 E android.hardware.wifi@1.0-service: Error writing files to flash
12-09 00:55:49.516  1881  1967 E WifiP2pService: Unhandled message { when=-4ms what=131204 target=com.android.internal.util.StateMachine$SmHandler }
12-09 00:55:49.538  1881  1899 E BatteryExternalStatsWorker: no controller energy info supplied for wifi
12-09 00:55:49.645  1881  1968 E ConnectivityService: exception in setMtu()java.lang.IllegalStateException: command '349 interface setmtu radio0 1500' failed with '400 349 Failed to set MTU (Permission denied)'
12-09 00:55:50.219  1629  1629 E android.hardware.wifi@1.0-service: Failed to register radio mode change callback
12-09 00:55:50.236  1629  1629 E android.hardware.wifi@1.0-service: Failed to set DFS flag; DFS channels may be unavailable.
12-09 00:55:50.321  1742  1742 E wificond: No Offload Service available
12-09 00:55:50.397  2438 20706 E ctxmgr  : [NetworkUtil]No active synchronizable contexts.
12-09 00:55:50.615  1881  1966 E WifiVendorHal: getBgScanCapabilities(l.671) failed {.code = ERROR_NOT_SUPPORTED, .description = }
12-09 00:55:50.731  1881  1967 E WifiP2pService: Unhandled message { when=-1ms what=131203 target=com.android.internal.util.StateMachine$SmHandler }
12-09 00:55:50.760  1881  1967 E WifiP2pService: Unhandled message { when=-1ms what=131203 target=com.android.internal.util.StateMachine$SmHandler }
12-09 00:55:51.150  1881  1899 E BatteryExternalStatsWorker: no controller energy info supplied for wifi
12-09 00:55:51.162  1881  1899 E BatteryExternalStatsWorker: no controller energy info supplied for wifi
12-09 00:55:51.378  2438 20751 E WakeLock: GCM_CONN_ALARM release without a matched acquire!
12-09 00:55:51.453  1881  1894 E GnssLocationProvider: no AGPS interface in set_agps_server
12-09 00:55:51.693  2438 20706 E ctxmgr  : [ProducerStatusImpl]updateStateForNewContextData: inactive, contextName=7
12-09 00:55:51.839  1741  1793 E storaged: getDiskStats failed with result NOT_SUPPORTED and size 0
12-09 00:55:52.061  2438  2438 E BeaconBle: Missing BluetoothAdapter
12-09 00:55:52.126  2438  2438 E BeaconBle: Scan couldn't start for Places
12-09 00:55:52.170 20756 20756 E id.gms.unstabl: Not starting debugger since process cannot load the jdwp agent.
12-09 00:55:52.321 20772 20772 E id.gms.learnin: Not starting debugger since process cannot load the jdwp agent.
12-09 00:55:54.421  2438 20755 E NetworkScheduler.ATC: Called cancelTask for already completed task com.google.android.gms/.learning.training.background.TrainingGcmTaskService{u=0 tag="com.google.android.gms.learning.BACKGROUND_TRAINING_TASK" trigger=window{period=900s,flex=600s,earliest=-506s,latest=93s} requirements=[NET_ANY,CHARGING,DEVICE_IDLE] attributes=[PERSISTED,RECURRING] scheduled=-806s last_run=-2s jid=N/A status=ACTIVE retries=0 client_lib=MANCHEGO_GCM-14799000} :RESCHEDULED
12-09 00:55:55.564  1881  1899 E BatteryExternalStatsWorker: no controller energy info supplied for wifi
12-09 00:55:55.885  1881  1965 E WifiVendorHal: stopRssiMonitoring(l.2404) failed {.code = ERROR_NOT_AVAILABLE, .description = }
12-09 00:55:56.278  2570  2570 E TaskServiceHelper: Cannot execute TaskName.UNKNOWN (or data got corrupted).
12-09 00:55:56.324  1739  1788 E Netd    : Error adding route ::/0 -> fe80::ff:fe00:100 wlan0 to table 1003: File exists
12-09 00:55:56.429  2438 20822 E WakeLock: GCM_HB_ALARM release without a matched acquire!
12-09 00:55:56.626  2438 20825 E WakeLock: GCM_CONN_ALARM release without a matched acquire!
12-09 00:56:04.610  1881  1894 E memtrack: Couldn't load memtrack module
12-09 00:56:05.466  1881  1966 E WificondScannerImpl: Timed out waiting for scan result from wificond
12-09 00:56:08.599  1881  1894 E memtrack: Couldn't load memtrack module
12-09 00:56:10.232 20831 20831 E viders.calenda: Not starting debugger since process cannot load the jdwp agent.
12-09 00:56:10.252 20836 20836 E ndroid.calenda: Not starting debugger since process cannot load the jdwp agent.
12-09 00:56:11.870 20894 20894 E droid.deskcloc: Not starting debugger since process cannot load the jdwp agent.
12-09 00:56:11.988 20894 20894 E LoadedApk: Unable to instantiate appComponentFactory
12-09 00:56:11.988 20894 20894 E LoadedApk: java.lang.ClassNotFoundException: Didn't find class "android.support.v4.app.CoreComponentFactory" on path: DexPathList[[zip file "/data/app/com.google.android.deskclock-irjeQ48B8SlCzNgOUY6aXg==/base.apk"],nativeLibraryDirectories=[/data/app/com.google.android.deskclock-irjeQ48B8SlCzNgOUY6aXg==/lib/x86, /system/lib]]
12-09 00:56:11.988 20894 20894 E LoadedApk: 	at dalvik.system.BaseDexClassLoader.findClass(BaseDexClassLoader.java:134)
12-09 00:56:11.988 20894 20894 E LoadedApk: 	at java.lang.ClassLoader.loadClass(ClassLoader.java:379)
12-09 00:56:11.988 20894 20894 E LoadedApk: 	at java.lang.ClassLoader.loadClass(ClassLoader.java:312)
12-09 00:56:11.988 20894 20894 E LoadedApk: 	at android.app.LoadedApk.createAppFactory(LoadedApk.java:226)
12-09 00:56:11.988 20894 20894 E LoadedApk: 	at android.app.LoadedApk.createOrUpdateClassLoaderLocked(LoadedApk.java:731)
12-09 00:56:11.988 20894 20894 E LoadedApk: 	at android.app.LoadedApk.getClassLoader(LoadedApk.java:810)
12-09 00:56:11.988 20894 20894 E LoadedApk: 	at android.app.LoadedApk.getResources(LoadedApk.java:1032)
12-09 00:56:11.988 20894 20894 E LoadedApk: 	at android.app.ContextImpl.createAppContext(ContextImpl.java:2345)
12-09 00:56:11.988 20894 20894 E LoadedApk: 	at android.app.ActivityThread.handleBindApplication(ActivityThread.java:5749)
12-09 00:56:11.988 20894 20894 E LoadedApk: 	at android.app.ActivityThread.access$1100(ActivityThread.java:199)
12-09 00:56:11.988 20894 20894 E LoadedApk: 	at android.app.ActivityThread$H.handleMessage(ActivityThread.java:1650)
12-09 00:56:11.988 20894 20894 E LoadedApk: 	at android.os.Handler.dispatchMessage(Handler.java:106)
12-09 00:56:11.988 20894 20894 E LoadedApk: 	at android.os.Looper.loop(Looper.java:193)
12-09 00:56:11.988 20894 20894 E LoadedApk: 	at android.app.ActivityThread.main(ActivityThread.java:6669)
12-09 00:56:11.988 20894 20894 E LoadedApk: 	at java.lang.reflect.Method.invoke(Native Method)
12-09 00:56:11.988 20894 20894 E LoadedApk: 	at com.android.internal.os.RuntimeInit$MethodAndArgsCaller.run(RuntimeInit.java:493)
12-09 00:56:11.988 20894 20894 E LoadedApk: 	at com.android.internal.os.ZygoteInit.main(ZygoteInit.java:858)
12-09 00:56:13.168 20923 20923 E com.ustwo.lwp: Not starting debugger since process cannot load the jdwp agent.
12-09 00:56:14.743  1881  1894 E memtrack: Couldn't load memtrack module
12-09 00:56:18.806  1991  1991 E native  : clearcut-logger.cc:191 USER_EDIT span#originalSpan is missing
