--------- beginning of main
--------- beginning of system
12-09 10:48:33.093  1885  1899 E ActivityManager: Failure starting process com.evancharlton.mileage
12-09 10:48:33.093  1885  1899 E ActivityManager: java.lang.SecurityException: Package com.evancharlton.mileage was not found!
12-09 10:48:33.093  1885  1899 E ActivityManager: 	at com.android.server.pm.PackageManagerService.checkPackageStartable(PackageManagerService.java:3987)
12-09 10:48:33.093  1885  1899 E ActivityManager: 	at com.android.server.am.ActivityManagerService.startProcessLocked(ActivityManagerService.java:4234)
12-09 10:48:33.093  1885  1899 E ActivityManager: 	at com.android.server.am.ActivityManagerService.startProcessLocked(ActivityManagerService.java:4199)
12-09 10:48:33.093  1885  1899 E ActivityManager: 	at com.android.server.am.ActivityManagerService.startProcessLocked(ActivityManagerService.java:4181)
12-09 10:48:33.093  1885  1899 E ActivityManager: 	at com.android.server.am.ActivityManagerService.startProcessLocked(ActivityManagerService.java:4067)
12-09 10:48:33.093  1885  1899 E ActivityManager: 	at com.android.server.am.ActivityStackSupervisor.startSpecificActivityLocked(ActivityStackSupervisor.java:1715)
12-09 10:48:33.093  1885  1899 E ActivityManager: 	at com.android.server.am.ActivityStack.resumeTopActivityInnerLocked(ActivityStack.java:2764)
12-09 10:48:33.093  1885  1899 E ActivityManager: 	at com.android.server.am.ActivityStack.resumeTopActivityUncheckedLocked(ActivityStack.java:2302)
12-09 10:48:33.093  1885  1899 E ActivityManager: 	at com.android.server.am.ActivityStackSupervisor.resumeFocusedStackTopActivityLocked(ActivityStackSupervisor.java:2234)
12-09 10:48:33.093  1885  1899 E ActivityManager: 	at com.android.server.am.ActivityStackSupervisor.resumeFocusedStackTopActivityLocked(ActivityStackSupervisor.java:2218)
12-09 10:48:33.093  1885  1899 E ActivityManager: 	at com.android.server.am.ActivityManagerService.handleAppDiedLocked(ActivityManagerService.java:5923)
12-09 10:48:33.093  1885  1899 E ActivityManager: 	at com.android.server.am.ActivityManagerService.removeProcessLocked(ActivityManagerService.java:7501)
12-09 10:48:33.093  1885  1899 E ActivityManager: 	at com.android.server.am.ActivityManagerService.killPackageProcessesLocked(ActivityManagerService.java:7142)
12-09 10:48:33.093  1885  1899 E ActivityManager: 	at com.android.server.am.ActivityManagerService.forceStopPackageLocked(ActivityManagerService.java:7275)
12-09 10:48:33.093  1885  1899 E ActivityManager: 	at com.android.server.am.ActivityManagerService$MainHandler.handleMessage(ActivityManagerService.java:2289)
12-09 10:48:33.093  1885  1899 E ActivityManager: 	at android.os.Handler.dispatchMessage(Handler.java:106)
12-09 10:48:33.093  1885  1899 E ActivityManager: 	at android.os.Looper.loop(Looper.java:193)
12-09 10:48:33.093  1885  1899 E ActivityManager: 	at android.os.HandlerThread.run(HandlerThread.java:65)
12-09 10:48:33.093  1885  1899 E ActivityManager: 	at com.android.server.ServiceThread.run(ServiceThread.java:44)
12-09 10:48:33.767 20059 20059 E oid.documentsu: Not starting debugger since process cannot load the jdwp agent.
12-09 10:48:33.769 20054 20054 E id.defcontaine: Not starting debugger since process cannot load the jdwp agent.
12-09 10:48:33.847 20079 20079 E ndroid.keychai: Not starting debugger since process cannot load the jdwp agent.
12-09 10:48:33.861 20090 20090 E earchbox:searc: Not starting debugger since process cannot load the jdwp agent.
12-09 10:48:34.779 20141 20141 E droid.apps.doc: Not starting debugger since process cannot load the jdwp agent.
12-09 10:48:35.594 20162 20162 E d.process.medi: Not starting debugger since process cannot load the jdwp agent.
12-09 10:48:35.806 20180 20180 E ocess.gservice: Not starting debugger since process cannot load the jdwp agent.
12-09 10:48:36.360 20090 20090 E OverlaySController: Calling with an invalid UID, the interface will not work
12-09 10:48:37.016 20141 20141 E DocsApplication: [main] No default account found during application creation.
12-09 10:48:37.630 20232 20232 E id.partnersetu: Not starting debugger since process cannot load the jdwp agent.
12-09 10:48:37.696 20247 20247 E e.process.gapp: Not starting debugger since process cannot load the jdwp agent.
12-09 10:48:37.728 20090 20223 E BluetoothAdapter: Bluetooth binder is null
12-09 10:48:38.541  1731  1949 E         : Couldn't opendir /data/app/vmdl256121376.tmp: No such file or directory
12-09 10:48:38.541  1731  1949 E installd: Failed to delete /data/app/vmdl256121376.tmp: No such file or directory
12-09 10:48:41.805 20284 20284 E harlton.mileag: Not starting debugger since process cannot load the jdwp agent.
12-09 10:48:45.741  1633  1633 E lowmemorykiller: Error writing /proc/20180/oom_score_adj; errno=22
12-09 10:48:45.985  2378 19182 E ctxmgr  : [ProducerStatusImpl]updateStateForNewContextData: inactive, contextName=7
12-09 10:48:46.051  2378 19182 E ctxmgr  : [ProducerStatusImpl]updateStateForNewContextData: inactive, contextName=1
12-09 10:48:46.114 20339 20339 E ocess.gservice: Not starting debugger since process cannot load the jdwp agent.
12-09 10:48:46.800  2378  2378 E BeaconBle: Missing BluetoothAdapter
12-09 10:48:46.981  2378  2378 E BeaconBle: Scan couldn't start for Places
12-09 10:48:53.388 20371 20371 E earchbox:searc: Not starting debugger since process cannot load the jdwp agent.
12-09 10:48:55.446 20389 20389 E emui:screensho: Not starting debugger since process cannot load the jdwp agent.
12-09 10:48:55.927 20389 20389 E SoundPool: error loading /product/media/audio/ui/camera_click.ogg
12-09 10:48:55.975 20415 20415 E ocess.gservice: Not starting debugger since process cannot load the jdwp agent.
12-09 10:48:56.171 20371 20405 E BluetoothAdapter: Bluetooth binder is null
12-09 10:48:56.203 20437 20437 E id.partnersetu: Not starting debugger since process cannot load the jdwp agent.
12-09 10:48:56.271  1741  2075 E OMXNodeInstance: getConfig(0xe93913c0:google.vorbis.decoder, ConfigAndroidVendorExtension(0x6f100004)) ERROR: Undefined(0x80001001)
12-09 10:48:56.273 20448 20448 E e.process.gapp: Not starting debugger since process cannot load the jdwp agent.
12-09 10:48:58.478 20371 20371 E OverlaySController: Calling with an invalid UID, the interface will not work
12-09 10:48:59.286 20480 20480 E d.process.medi: Not starting debugger since process cannot load the jdwp agent.
12-09 10:49:10.026 20546 20546 E oid.apps.photo: Not starting debugger since process cannot load the jdwp agent.
12-09 10:49:10.385  1629  1629 E android.hardware.wifi@1.0-service: Failed to register radio mode change callback
12-09 10:49:10.392  1629  1629 E android.hardware.wifi@1.0-service: Failed to set DFS flag; DFS channels may be unavailable.
12-09 10:49:10.482  1740  1740 E wificond: No Offload Service available
12-09 10:49:10.637  1885  1971 E WifiP2pService: Unhandled message { when=-2ms what=131203 target=com.android.internal.util.StateMachine$SmHandler }
12-09 10:49:10.672  1885  1971 E WifiP2pService: Unhandled message { when=-2ms what=131203 target=com.android.internal.util.StateMachine$SmHandler }
12-09 10:49:10.710  1885  1903 E BatteryExternalStatsWorker: no controller energy info supplied for wifi
12-09 10:49:10.766  1885  1903 E BatteryExternalStatsWorker: no controller energy info supplied for wifi
12-09 10:49:11.097 20371 20371 E ContextIntentStarter: No activity found for any of the 0 intents
12-09 10:49:13.587 20581 20581 E oid.apps.photo: Not starting debugger since process cannot load the jdwp agent.
12-09 10:49:14.835  1885  1903 E BatteryExternalStatsWorker: no controller energy info supplied for wifi
12-09 10:49:15.005  1834  1834 E netmgr  : Failed to open QEMU pipe 'qemud:network': Invalid argument
12-09 10:49:15.005  1834  1834 E netmgr  : WifiForwarder unable to open QEMU pipe: Invalid argument
12-09 10:49:15.609  2378 20623 E WakeLock: GCM_CONN_ALARM release without a matched acquire!
12-09 10:49:15.646  1737  1820 E Netd    : Error adding route ::/0 -> fe80::ff:fe00:100 wlan0 to table 1003: File exists
12-09 10:49:18.104 20371 20371 E TaskServiceHelper: Cannot execute TaskName.UNKNOWN (or data got corrupted).
12-09 10:49:22.852  1739  1762 E storaged: getDiskStats failed with result NOT_SUPPORTED and size 0
12-09 10:49:29.289 20636 20636 E viders.calenda: Not starting debugger since process cannot load the jdwp agent.
12-09 10:49:29.509 20653 20653 E ndroid.calenda: Not starting debugger since process cannot load the jdwp agent.
12-09 10:49:31.339 20703 20703 E droid.deskcloc: Not starting debugger since process cannot load the jdwp agent.
12-09 10:49:32.082 20703 20703 E LoadedApk: Unable to instantiate appComponentFactory
12-09 10:49:32.082 20703 20703 E LoadedApk: java.lang.ClassNotFoundException: Didn't find class "android.support.v4.app.CoreComponentFactory" on path: DexPathList[[zip file "/data/app/com.google.android.deskclock-irjeQ48B8SlCzNgOUY6aXg==/base.apk"],nativeLibraryDirectories=[/data/app/com.google.android.deskclock-irjeQ48B8SlCzNgOUY6aXg==/lib/x86, /system/lib]]
12-09 10:49:32.082 20703 20703 E LoadedApk: 	at dalvik.system.BaseDexClassLoader.findClass(BaseDexClassLoader.java:134)
12-09 10:49:32.082 20703 20703 E LoadedApk: 	at java.lang.ClassLoader.loadClass(ClassLoader.java:379)
12-09 10:49:32.082 20703 20703 E LoadedApk: 	at java.lang.ClassLoader.loadClass(ClassLoader.java:312)
12-09 10:49:32.082 20703 20703 E LoadedApk: 	at android.app.LoadedApk.createAppFactory(LoadedApk.java:226)
12-09 10:49:32.082 20703 20703 E LoadedApk: 	at android.app.LoadedApk.createOrUpdateClassLoaderLocked(LoadedApk.java:731)
12-09 10:49:32.082 20703 20703 E LoadedApk: 	at android.app.LoadedApk.getClassLoader(LoadedApk.java:810)
12-09 10:49:32.082 20703 20703 E LoadedApk: 	at android.app.LoadedApk.getResources(LoadedApk.java:1032)
12-09 10:49:32.082 20703 20703 E LoadedApk: 	at android.app.ContextImpl.createAppContext(ContextImpl.java:2345)
12-09 10:49:32.082 20703 20703 E LoadedApk: 	at android.app.ActivityThread.handleBindApplication(ActivityThread.java:5749)
12-09 10:49:32.082 20703 20703 E LoadedApk: 	at android.app.ActivityThread.access$1100(ActivityThread.java:199)
12-09 10:49:32.082 20703 20703 E LoadedApk: 	at android.app.ActivityThread$H.handleMessage(ActivityThread.java:1650)
12-09 10:49:32.082 20703 20703 E LoadedApk: 	at android.os.Handler.dispatchMessage(Handler.java:106)
12-09 10:49:32.082 20703 20703 E LoadedApk: 	at android.os.Looper.loop(Looper.java:193)
12-09 10:49:32.082 20703 20703 E LoadedApk: 	at android.app.ActivityThread.main(ActivityThread.java:6669)
12-09 10:49:32.082 20703 20703 E LoadedApk: 	at java.lang.reflect.Method.invoke(Native Method)
12-09 10:49:32.082 20703 20703 E LoadedApk: 	at com.android.internal.os.RuntimeInit$MethodAndArgsCaller.run(RuntimeInit.java:493)
12-09 10:49:32.082 20703 20703 E LoadedApk: 	at com.android.internal.os.ZygoteInit.main(ZygoteInit.java:858)
12-09 10:49:33.174 20733 20733 E com.ustwo.lwp: Not starting debugger since process cannot load the jdwp agent.
12-09 10:50:14.582  1834  1834 E netmgr  : Failed to open QEMU pipe 'qemud:network': Invalid argument
12-09 10:50:14.582  1834  1834 E netmgr  : WifiForwarder unable to open QEMU pipe: Invalid argument
12-09 10:50:22.435  1739  1762 E storaged: getDiskStats failed with result NOT_SUPPORTED and size 0
12-09 10:50:30.909 20764 20764 E ocess.gservice: Not starting debugger since process cannot load the jdwp agent.
12-09 10:51:14.591  1834  1834 E netmgr  : Failed to open QEMU pipe 'qemud:network': Invalid argument
12-09 10:51:14.591  1834  1834 E netmgr  : WifiForwarder unable to open QEMU pipe: Invalid argument
12-09 10:51:22.439  1739  1762 E storaged: getDiskStats failed with result NOT_SUPPORTED and size 0
12-09 10:52:14.603  1834  1834 E netmgr  : Failed to open QEMU pipe 'qemud:network': Invalid argument
12-09 10:52:14.603  1834  1834 E netmgr  : WifiForwarder unable to open QEMU pipe: Invalid argument
12-09 10:52:22.441  1739  1762 E storaged: getDiskStats failed with result NOT_SUPPORTED and size 0
12-09 10:52:26.803 20790 20790 E hod.latin:trai: Not starting debugger since process cannot load the jdwp agent.
12-09 10:52:33.762  1885  5349 E WindowManager: Performed 6 layouts in a row. Skipping
12-09 10:52:33.812  1885  1938 E WindowManager: Performed 6 layouts in a row. Skipping
12-09 10:52:33.888  1885  1938 E WindowManager: Performed 6 layouts in a row. Skipping
12-09 10:52:33.959  1885  1938 E WindowManager: Performed 6 layouts in a row. Skipping
12-09 10:52:33.993  1885  1938 E WindowManager: Performed 6 layouts in a row. Skipping
12-09 10:52:34.021  1885  1900 E WindowManager: Performed 6 layouts in a row. Skipping
12-09 10:52:34.056  1885  1938 E WindowManager: Performed 6 layouts in a row. Skipping
12-09 10:52:34.072  1885  4232 E WindowManager: Performed 6 layouts in a row. Skipping
12-09 10:52:34.124  1885  1938 E WindowManager: Performed 6 layouts in a row. Skipping
12-09 10:52:34.358  1885  1938 E WindowManager: Performed 6 layouts in a row. Skipping
