--------- beginning of system
12-07 12:20:47.404  1735  1809 E storaged: getDiskStats failed with result NOT_SUPPORTED and size 0
12-07 12:22:08.403  1735  1809 E storaged: getDiskStats failed with result NOT_SUPPORTED and size 0
12-07 12:23:09.735  1735  1809 E storaged: getDiskStats failed with result NOT_SUPPORTED and size 0
12-07 12:23:38.879 29447 29447 E LoadedApk: Unable to instantiate appComponentFactory
12-07 12:23:38.879 29447 29447 E LoadedApk: java.lang.ClassNotFoundException: Didn't find class "android.support.v4.app.CoreComponentFactory" on path: DexPathList[[zip file "/data/app/com.google.android.deskclock-irjeQ48B8SlCzNgOUY6aXg==/base.apk"],nativeLibraryDirectories=[/data/app/com.google.android.deskclock-irjeQ48B8SlCzNgOUY6aXg==/lib/x86, /system/lib]]
12-07 12:23:38.879 29447 29447 E LoadedApk: 	at dalvik.system.BaseDexClassLoader.findClass(BaseDexClassLoader.java:134)
12-07 12:23:38.879 29447 29447 E LoadedApk: 	at java.lang.ClassLoader.loadClass(ClassLoader.java:379)
12-07 12:23:38.879 29447 29447 E LoadedApk: 	at java.lang.ClassLoader.loadClass(ClassLoader.java:312)
12-07 12:23:38.879 29447 29447 E LoadedApk: 	at android.app.LoadedApk.createAppFactory(LoadedApk.java:226)
12-07 12:23:38.879 29447 29447 E LoadedApk: 	at android.app.LoadedApk.createOrUpdateClassLoaderLocked(LoadedApk.java:731)
12-07 12:23:38.879 29447 29447 E LoadedApk: 	at android.app.LoadedApk.getClassLoader(LoadedApk.java:810)
12-07 12:23:38.879 29447 29447 E LoadedApk: 	at android.app.LoadedApk.getResources(LoadedApk.java:1032)
12-07 12:23:38.879 29447 29447 E LoadedApk: 	at android.app.ContextImpl.createAppContext(ContextImpl.java:2345)
12-07 12:23:38.879 29447 29447 E LoadedApk: 	at android.app.ActivityThread.handleBindApplication(ActivityThread.java:5749)
12-07 12:23:38.879 29447 29447 E LoadedApk: 	at android.app.ActivityThread.access$1100(ActivityThread.java:199)
12-07 12:23:38.879 29447 29447 E LoadedApk: 	at android.app.ActivityThread$H.handleMessage(ActivityThread.java:1650)
12-07 12:23:38.879 29447 29447 E LoadedApk: 	at android.os.Handler.dispatchMessage(Handler.java:106)
12-07 12:23:38.879 29447 29447 E LoadedApk: 	at android.os.Looper.loop(Looper.java:193)
12-07 12:23:38.879 29447 29447 E LoadedApk: 	at android.app.ActivityThread.main(ActivityThread.java:6669)
12-07 12:23:38.879 29447 29447 E LoadedApk: 	at java.lang.reflect.Method.invoke(Native Method)
12-07 12:23:38.879 29447 29447 E LoadedApk: 	at com.android.internal.os.RuntimeInit$MethodAndArgsCaller.run(RuntimeInit.java:493)
12-07 12:23:38.879 29447 29447 E LoadedApk: 	at com.android.internal.os.ZygoteInit.main(ZygoteInit.java:858)
12-07 12:24:11.824  1735  1809 E storaged: getDiskStats failed with result NOT_SUPPORTED and size 0
12-07 12:25:12.972  1735  1809 E storaged: getDiskStats failed with result NOT_SUPPORTED and size 0
12-07 12:25:46.840 26518 26518 E SchedPolicy: set_timerslack_ns write failed: Operation not permitted
12-07 12:25:51.796 26518 26518 E SchedPolicy: set_timerslack_ns write failed: Operation not permitted
12-07 12:26:14.552  1735  1809 E storaged: getDiskStats failed with result NOT_SUPPORTED and size 0
12-07 12:26:55.015  1880  1897 E AutofillSession: No assist structure - app might have crashed providing it
12-07 12:27:15.311  1735  1809 E storaged: getDiskStats failed with result NOT_SUPPORTED and size 0
12-07 12:27:53.915  1880  1897 E AutofillSession: No assist structure - app might have crashed providing it
12-07 12:28:16.682  1880  1897 E AutofillSession: No assist structure - app might have crashed providing it
12-07 12:28:16.685  1735  1809 E storaged: getDiskStats failed with result NOT_SUPPORTED and size 0
12-07 12:29:18.517  1735  1809 E storaged: getDiskStats failed with result NOT_SUPPORTED and size 0
12-07 12:29:41.619  1736  1736 E wificond: NL80211_CMD_TRIGGER_SCAN failed: Device or resource busy
12-07 12:29:46.727  1880  1897 E AutofillSession: No assist structure - app might have crashed providing it
12-07 12:30:09.414  1880  1897 E AutofillSession: No assist structure - app might have crashed providing it
12-07 12:30:19.489  1735  1809 E storaged: getDiskStats failed with result NOT_SUPPORTED and size 0
12-07 12:31:21.348  1735  1809 E storaged: getDiskStats failed with result NOT_SUPPORTED and size 0
12-07 12:31:23.977  1880  1897 E AutofillSession: No assist structure - app might have crashed providing it
12-07 12:31:34.272  1880  1897 E AutofillSession: No assist structure - app might have crashed providing it
12-07 12:32:20.554  1880  1897 E AutofillSession: No assist structure - app might have crashed providing it
12-07 12:32:22.969  1735  1809 E storaged: getDiskStats failed with result NOT_SUPPORTED and size 0
12-07 12:33:24.161  1735  1809 E storaged: getDiskStats failed with result NOT_SUPPORTED and size 0
12-07 12:34:24.149  1736  1736 E wificond: NL80211_CMD_TRIGGER_SCAN failed: Device or resource busy
12-07 12:34:24.163  1735  1809 E storaged: getDiskStats failed with result NOT_SUPPORTED and size 0
12-07 12:35:07.825  1736  1736 E wificond: NL80211_CMD_TRIGGER_SCAN failed: Device or resource busy
12-07 12:35:25.906  1735  1809 E storaged: getDiskStats failed with result NOT_SUPPORTED and size 0
--------- beginning of main
12-07 12:35:59.672  1610  1692 E audio_hw_generic: pcm_write failed cannot write stream data: I/O error
12-07 12:36:10.089  1610  1692 E audio_hw_generic: pcm_write failed cannot write stream data: I/O error
12-07 12:36:25.775 19845 19845 E ClientVe: Failed to create ClientVisualElementsProto for user interaction on view com.google.android.apps.gsa.searchbox.ui.suggestions.views.CoreSuggestionView{8c3902a VFE...CL. ...P.... 0,436-1038,583 #c4} because the view is not tagged for visual element logging.
12-07 12:36:25.933  1735  1809 E storaged: getDiskStats failed with result NOT_SUPPORTED and size 0
12-07 12:36:33.602 19845 19845 E ThreadPoolDumper: Queue length for executor EventBus is now 66. Perhaps some tasks are too long, or the pool is too small.
12-07 12:36:33.644 19845 19896 E MicroDetectionWorker: Stale runnable..ignoring
12-07 12:36:41.049  1610  1692 E audio_hw_generic: pcm_write failed cannot write stream data: I/O error
12-07 12:36:43.741  1829  1829 E netmgr  : Failed to open QEMU pipe 'qemud:network': Invalid argument
12-07 12:36:43.742  1829  1829 E netmgr  : WifiForwarder unable to open QEMU pipe: Invalid argument
12-07 12:36:59.318 29910 29910 E boxed_process3: Not starting debugger since process cannot load the jdwp agent.
12-07 12:37:16.987  1722  1959 E SurfaceFlinger: getLayerUser(name=0xe592ae50) is dead
12-07 12:37:16.987  1722  1959 E SurfaceFlinger: getLayerUser(name=0xe592ae50) is dead
12-07 12:37:19.710  2378 29853 E ctxmgr  : [ProducerStatusImpl]updateStateForNewContextData: inactive, contextName=7
12-07 12:37:22.153  2378 29853 E SynchronizedLE: asynchronous call timed out or was interrupted
12-07 12:37:25.065  2378  2378 E BeaconBle: Missing BluetoothAdapter
12-07 12:37:25.098  2378  2378 E BeaconBle: Scan couldn't start for Places
12-07 12:37:27.319  1735  1809 E storaged: getDiskStats failed with result NOT_SUPPORTED and size 0
12-07 12:37:30.363 19845 19845 E PSAC    : Bitmap height 116 is less than first row height for pixel search
12-07 12:37:37.912 29940 29940 E boxed_process3: Not starting debugger since process cannot load the jdwp agent.
12-07 12:37:45.632  1829  1829 E netmgr  : Failed to open QEMU pipe 'qemud:network': Invalid argument
12-07 12:37:45.632  1829  1829 E netmgr  : WifiForwarder unable to open QEMU pipe: Invalid argument
12-07 12:38:13.728  2378 29966 E ctxmgr  : [ProducerStatusImpl]updateStateForNewContextData: inactive, contextName=7
12-07 12:38:16.558  2378  2378 E BeaconBle: Missing BluetoothAdapter
12-07 12:38:16.619  2378  2378 E BeaconBle: Scan couldn't start for Places
12-07 12:38:29.304  1735  1809 E storaged: getDiskStats failed with result NOT_SUPPORTED and size 0
12-07 12:38:47.337  1829  1829 E netmgr  : Failed to open QEMU pipe 'qemud:network': Invalid argument
12-07 12:38:47.338  1829  1829 E netmgr  : WifiForwarder unable to open QEMU pipe: Invalid argument
12-07 12:39:10.331  1610  1692 E audio_hw_generic: pcm_write failed cannot write stream data: I/O error
12-07 12:39:20.497  1610  1692 E audio_hw_generic: pcm_write failed cannot write stream data: I/O error
12-07 12:39:30.844  1735  1809 E storaged: getDiskStats failed with result NOT_SUPPORTED and size 0
12-07 12:39:33.481  1610  1692 E audio_hw_generic: pcm_write failed cannot write stream data: I/O error
12-07 12:39:41.047  2378 29966 E NetworkScheduler.ATC: Called cancelTask for already completed task com.google.android.gms/.learning.training.background.TrainingGcmTaskService{u=0 tag="com.google.android.gms.learning.BACKGROUND_TRAINING_TASK" trigger=window{period=900s,flex=600s,earliest=-641s,latest=-41s} requirements=[NET_ANY,CHARGING,DEVICE_IDLE] attributes=[PERSISTED,RECURRING] scheduled=-941s last_run=-2s jid=N/A status=ACTIVE retries=0 client_lib=MANCHEGO_GCM-14799000} :RESCHEDULED
