--------- beginning of main
--------- beginning of system
12-07 23:51:31.348 14082 14082 E droid.apps.doc: Not starting debugger since process cannot load the jdwp agent.
12-07 23:51:34.442 14082 14082 E DocsApplication: [main] No default account found during application creation.
12-07 23:51:35.334  1729  1945 E         : Couldn't opendir /data/app/vmdl1633326751.tmp: No such file or directory
12-07 23:51:35.334  1729  1945 E installd: Failed to delete /data/app/vmdl1633326751.tmp: No such file or directory
12-07 23:51:39.126 14162 14162 E harlton.mileag: Not starting debugger since process cannot load the jdwp agent.
12-07 23:51:41.446 16085 24146 E putmethod.lati: Invalid ID 0x00000001.
12-07 23:51:41.454 16085 24146 E LstmTrainingCache: emn: Can't get resource name for input slot
12-07 23:51:41.454 16085 24146 E LstmTrainingCache: android.content.res.Resources$NotFoundException: Unable to find resource ID #0x1
12-07 23:51:41.454 16085 24146 E LstmTrainingCache: 	at android.content.res.ResourcesImpl.getResourceName(ResourcesImpl.java:255)
12-07 23:51:41.454 16085 24146 E LstmTrainingCache: 	at android.content.res.Resources.getResourceName(Resources.java:1954)
12-07 23:51:41.454 16085 24146 E LstmTrainingCache: 	at emn.a(PG:12)
12-07 23:51:41.454 16085 24146 E LstmTrainingCache: 	at emk.run(PG:5)
12-07 23:51:41.454 16085 24146 E LstmTrainingCache: 	at java.lang.Thread.run(Thread.java:764)
12-07 23:51:43.227 16506 13924 E ctxmgr  : [AppIntervalImpl]closeInterval: stopTimeMillis invalid, stop=1544226703227, start=1544238227857
12-07 23:51:43.268 16506 13924 E ctxmgr  : [AppIntervalImpl]closeInterval: stopTimeMillis invalid, stop=1544226703268, start=1544238227858
12-07 23:51:44.328 16085 16085 E native  : suggestion-transformer.cc:118 suggestion picked candidate not found for id: 11
12-07 23:51:48.376 16085 16085 E native  : suggestion-transformer.cc:118 suggestion picked candidate not found for id: 2
12-07 23:51:50.992 14162 14162 E SpannableStringBuilder: SPAN_EXCLUSIVE_EXCLUSIVE spans cannot have a zero length
12-07 23:51:50.992 14162 14162 E SpannableStringBuilder: SPAN_EXCLUSIVE_EXCLUSIVE spans cannot have a zero length
12-07 23:51:52.663 14203 14203 E emui:screensho: Not starting debugger since process cannot load the jdwp agent.
12-07 23:51:53.069 14203 14203 E SoundPool: error loading /product/media/audio/ui/camera_click.ogg
12-07 23:51:53.286  1724  1767 E SurfaceFlinger: ro.sf.lcd_density must be defined as a build property
12-07 23:51:53.317  1739  2097 E OMXNodeInstance: getConfig(0xee326f60:google.vorbis.decoder, ConfigAndroidVendorExtension(0x6f100004)) ERROR: Undefined(0x80001001)
12-07 23:51:53.497  1724  1876 E SurfaceFlinger: ro.sf.lcd_density must be defined as a build property
12-07 23:51:56.582 14162 14162 E SpannableStringBuilder: SPAN_EXCLUSIVE_EXCLUSIVE spans cannot have a zero length
12-07 23:51:56.582 14162 14162 E SpannableStringBuilder: SPAN_EXCLUSIVE_EXCLUSIVE spans cannot have a zero length
12-07 23:51:59.308 16506 16506 E BeaconBle: Missing BluetoothAdapter
12-07 23:51:59.356 16506 16506 E BeaconBle: Scan couldn't start for Places
12-07 23:52:05.812 14250 14250 E oid.apps.photo: Not starting debugger since process cannot load the jdwp agent.
12-07 23:52:06.547  1829  1829 E netmgr  : Failed to open QEMU pipe 'qemud:network': Invalid argument
12-07 23:52:06.547  1829  1829 E netmgr  : Poller found past due deadline, setting to zero
12-07 23:52:06.548  1829  1829 E netmgr  : WifiForwarder unable to open QEMU pipe: Invalid argument
12-07 23:52:22.069 16085 16085 E native  : suggestion-transformer.cc:118 suggestion picked candidate not found for id: 6
12-07 23:52:23.211 16561 16561 E ContextIntentStarter: No activity found for any of the 0 intents
12-07 23:52:25.161 15976 19469 E WindowManager: Performed 6 layouts in a row. Skipping
12-07 23:52:25.183 15976 16026 E WindowManager: Performed 6 layouts in a row. Skipping
12-07 23:52:25.215 15976 16026 E WindowManager: Performed 6 layouts in a row. Skipping
12-07 23:52:25.236 15976 15991 E WindowManager: Performed 6 layouts in a row. Skipping
12-07 23:52:25.279 15976 16026 E WindowManager: Performed 6 layouts in a row. Skipping
12-07 23:52:25.301 15976 16026 E WindowManager: Performed 6 layouts in a row. Skipping
12-07 23:52:25.331 15976 16026 E WindowManager: Performed 6 layouts in a row. Skipping
12-07 23:52:25.355 15976 16026 E WindowManager: Performed 6 layouts in a row. Skipping
12-07 23:52:29.001  1737  1809 E storaged: getDiskStats failed with result NOT_SUPPORTED and size 0
12-07 23:52:33.869 15927 14318 E audio_hw_generic: pcm_open(in) failed: cannot open device '/dev/snd/pcmC0D0c': Device or resource busy: channels 2 format 0 rate 16000
12-07 23:53:06.551  1829  1829 E netmgr  : Failed to open QEMU pipe 'qemud:network': Invalid argument
12-07 23:53:06.551  1829  1829 E netmgr  : WifiForwarder unable to open QEMU pipe: Invalid argument
12-07 23:53:29.004  1737  1809 E storaged: getDiskStats failed with result NOT_SUPPORTED and size 0
12-07 23:53:39.688 16485 16485 E SchedPolicy: set_timerslack_ns write failed: Operation not permitted
12-07 23:53:44.443 16485 16485 E SchedPolicy: set_timerslack_ns write failed: Operation not permitted
12-07 23:53:55.821 15976 15994 E BatteryExternalStatsWorker: no controller energy info supplied for wifi
12-07 23:54:06.562  1829  1829 E netmgr  : Failed to open QEMU pipe 'qemud:network': Invalid argument
12-07 23:54:06.563  1829  1829 E netmgr  : WifiForwarder unable to open QEMU pipe: Invalid argument
12-07 23:54:29.118  1737  1809 E storaged: getDiskStats failed with result NOT_SUPPORTED and size 0
12-07 23:54:57.005 16561 16561 E TaskServiceHelper: Cannot execute TaskName.UNKNOWN (or data got corrupted).
12-07 23:54:57.028 16561 16561 E TaskServiceHelper: Cannot execute TaskName.UNKNOWN (or data got corrupted).
12-07 23:55:06.571  1829  1829 E netmgr  : Failed to open QEMU pipe 'qemud:network': Invalid argument
12-07 23:55:06.571  1829  1829 E netmgr  : WifiForwarder unable to open QEMU pipe: Invalid argument
12-07 23:55:29.120  1737  1809 E storaged: getDiskStats failed with result NOT_SUPPORTED and size 0
12-07 23:55:59.590 15976 16534 E WindowManager: Performed 6 layouts in a row. Skipping
12-07 23:55:59.608 15976 16026 E WindowManager: Performed 6 layouts in a row. Skipping
12-07 23:55:59.726 15976 16026 E WindowManager: Performed 6 layouts in a row. Skipping
12-07 23:55:59.764 15976 16026 E WindowManager: Performed 6 layouts in a row. Skipping
12-07 23:55:59.787 15976 17858 E WindowManager: Performed 6 layouts in a row. Skipping
12-07 23:55:59.815 15976 16026 E WindowManager: Performed 6 layouts in a row. Skipping
12-07 23:55:59.842 15976 15991 E WindowManager: Performed 6 layouts in a row. Skipping
12-07 23:55:59.888 15976 16026 E WindowManager: Performed 6 layouts in a row. Skipping
12-07 23:55:59.926 15976 16026 E WindowManager: Performed 6 layouts in a row. Skipping
12-07 23:55:59.958 15976 16026 E WindowManager: Performed 6 layouts in a row. Skipping
12-07 23:55:59.986 15976 16026 E WindowManager: Performed 6 layouts in a row. Skipping
12-07 23:56:00.028 15976 16534 E WindowManager: Performed 6 layouts in a row. Skipping
12-07 23:56:00.060 15976 16026 E WindowManager: Performed 6 layouts in a row. Skipping
12-07 23:56:00.835 14409 14409 E hod.latin:trai: Not starting debugger since process cannot load the jdwp agent.
