--------- beginning of system
12-07 19:10:33.312  1737  1809 E storaged: getDiskStats failed with result NOT_SUPPORTED and size 0
12-07 19:11:33.448  1737  1809 E storaged: getDiskStats failed with result NOT_SUPPORTED and size 0
12-07 19:12:04.932  1628  1628 E android.hardware.wifi@1.0-service: Failed to register radio mode change callback
12-07 19:12:04.937  1628  1628 E android.hardware.wifi@1.0-service: Failed to set DFS flag; DFS channels may be unavailable.
12-07 19:12:05.025  1738  1738 E wificond: No Offload Service available
12-07 19:12:05.251  1883  1967 E WifiP2pService: Unhandled message { when=0 what=131203 target=com.android.internal.util.StateMachine$SmHandler }
12-07 19:12:05.285  1883  1967 E WifiP2pService: Unhandled message { when=-2ms what=131203 target=com.android.internal.util.StateMachine$SmHandler }
12-07 19:12:05.312  1883  1901 E BatteryExternalStatsWorker: no controller energy info supplied for wifi
12-07 19:12:05.349  1883  1901 E BatteryExternalStatsWorker: no controller energy info supplied for wifi
12-07 19:12:09.451  1883  1901 E BatteryExternalStatsWorker: no controller energy info supplied for wifi
12-07 19:12:14.934  1883  3983 E NotificationService: Package enqueue rate is 5.5642033. Shedding 0|com.google.android.googlequicksearchbox|393216|h|10036. package=com.google.android.googlequicksearchbox
--------- beginning of main
12-07 19:12:33.518  1737  1809 E storaged: getDiskStats failed with result NOT_SUPPORTED and size 0
12-07 19:12:43.881  7125  7125 E boxed_process3: Not starting debugger since process cannot load the jdwp agent.
12-07 19:12:51.889  1613  7163 E audio_hw_generic: pcm_open(in) failed: cannot open device '/dev/snd/pcmC0D0c': Device or resource busy: channels 2 format 0 rate 16000
12-07 19:12:52.938  2420  2420 E BeaconBle: Scan couldn't start for Places
12-07 19:13:07.955  2528  6653 E SQLiteCastStore: Skip saving CastDeviceInfo: "Nearby device" (__cast_nearby___V_f138af93-8c4c-446d-ba0e-6e055f1a6ed5)
12-07 19:13:08.278  1829  1829 E netmgr  : Failed to open QEMU pipe 'qemud:network': Invalid argument
12-07 19:13:08.278  1829  1829 E netmgr  : WifiForwarder unable to open QEMU pipe: Invalid argument
12-07 19:13:11.218  6767  6767 E SpannableStringBuilder: SPAN_EXCLUSIVE_EXCLUSIVE spans cannot have a zero length
12-07 19:13:11.218  6767  6767 E SpannableStringBuilder: SPAN_EXCLUSIVE_EXCLUSIVE spans cannot have a zero length
12-07 19:13:33.598  1737  1809 E storaged: getDiskStats failed with result NOT_SUPPORTED and size 0
12-07 19:13:34.097 28976 28976 E ClientVe: Failed to create ClientVisualElementsProto for user interaction on view com.google.android.apps.gsa.searchbox.ui.suggestions.views.CoreSuggestionView{9b8e1f5 VFE...CL. ...P.... 0,583-1038,730 #24f} because the view is not tagged for visual element logging.
12-07 19:13:34.844 28976 28976 E ClientVe: Failed to create ClientVisualElementsProto for user interaction on view com.google.android.apps.gsa.searchbox.ui.suggestions.views.CoreSuggestionView{d01b803 VFE...CL. ...P.... 0,142-1038,289 #24c} because the view is not tagged for visual element logging.
12-07 19:13:35.376 28976 28976 E ClientVe: Failed to create ClientVisualElementsProto for user interaction on view com.google.android.apps.gsa.searchbox.ui.suggestions.views.CoreSuggestionView{9b8e1f5 VFE...CL. ...P.... 0,583-1038,730 #24f} because the view is not tagged for visual element logging.
12-07 19:13:35.899 28976 28976 E ClientVe: Failed to create ClientVisualElementsProto for user interaction on view com.google.android.apps.gsa.searchbox.ui.suggestions.views.CoreSuggestionView{63b00b2 VFE...CL. ...P.... 0,-5-1038,142 #24b} because the view is not tagged for visual element logging.
12-07 19:13:37.037 28976 28976 E ClientVe: Failed to create ClientVisualElementsProto for user interaction on view com.google.android.apps.gsa.searchbox.ui.suggestions.views.CoreSuggestionView{63b00b2 VFE...CL. ...P.... 0,-5-1038,142 #24b} because the view is not tagged for visual element logging.
12-07 19:13:37.069 28976 28976 E ClientVe: Failed to create ClientVisualElementsProto for user interaction on view com.google.android.apps.gsa.searchbox.ui.suggestions.views.CoreSuggestionView{a285db9 VFE...CL. ...P.... 0,436-1038,583 #24e} because the view is not tagged for visual element logging.
12-07 19:13:37.626 28976 28976 E ClientVe: Failed to create ClientVisualElementsProto for user interaction on view com.google.android.apps.gsa.searchbox.ui.suggestions.views.CoreSuggestionView{a285db9 VFE...CL. ...P.... 0,436-1038,583 #24e} because the view is not tagged for visual element logging.
12-07 19:13:43.814  7192  7192 E .android.chrom: Not starting debugger since process cannot load the jdwp agent.
12-07 19:13:58.592 28976 28976 E SpannableStringBuilder: SPAN_EXCLUSIVE_EXCLUSIVE spans cannot have a zero length
12-07 19:13:58.592 28976 28976 E SpannableStringBuilder: SPAN_EXCLUSIVE_EXCLUSIVE spans cannot have a zero length
12-07 19:13:59.934  1613  7227 E audio_hw_generic: pcm_open(in) failed: cannot open device '/dev/snd/pcmC0D0c': Device or resource busy: channels 2 format 0 rate 16000
12-07 19:14:00.933 28976 28976 E SpannableStringBuilder: SPAN_EXCLUSIVE_EXCLUSIVE spans cannot have a zero length
12-07 19:14:00.933 28976 28976 E SpannableStringBuilder: SPAN_EXCLUSIVE_EXCLUSIVE spans cannot have a zero length
12-07 19:14:08.285  1829  1829 E netmgr  : Failed to open QEMU pipe 'qemud:network': Invalid argument
12-07 19:14:08.287  1829  1829 E netmgr  : WifiForwarder unable to open QEMU pipe: Invalid argument
12-07 19:14:12.847  7043  7043 E wpa_supplicant: nl80211: Failed to open /proc/sys/net/ipv4/conf/p2p-dev-wlan0/drop_unicast_in_l2_multicast: No such file or directory
12-07 19:14:12.847  7043  7043 E wpa_supplicant: nl80211: Failed to set IPv4 unicast in multicast filter
12-07 19:14:12.879  7043  7043 E wpa_supplicant: nl80211: Failed to open /proc/sys/net/ipv4/conf/p2p-dev-wlan0/drop_unicast_in_l2_multicast: No such file or directory
12-07 19:14:12.879  7043  7043 E wpa_supplicant: nl80211: Failed to set IPv4 unicast in multicast filter
12-07 19:14:13.018  7043  7043 E wpa_supplicant: nl80211: Failed to open /proc/sys/net/ipv4/conf/wlan0/drop_unicast_in_l2_multicast: No such file or directory
12-07 19:14:13.018  7043  7043 E wpa_supplicant: nl80211: Failed to set IPv4 unicast in multicast filter
12-07 19:14:13.018  7043  7043 E wpa_supplicant: nl80211: Failed to open /proc/sys/net/ipv4/conf/wlan0/drop_unicast_in_l2_multicast: No such file or directory
12-07 19:14:13.018  7043  7043 E wpa_supplicant: nl80211: Failed to set IPv4 unicast in multicast filter
12-07 19:14:13.127  7043  7043 E wpa_supplicant: nl80211: Failed to open /proc/sys/net/ipv4/conf/wlan0/drop_unicast_in_l2_multicast: No such file or directory
12-07 19:14:13.127  7043  7043 E wpa_supplicant: nl80211: Failed to set IPv4 unicast in multicast filter
12-07 19:14:13.426  1628  1628 E android.hardware.wifi@1.0-service: Failed to open directory: Permission denied
12-07 19:14:13.426  1628  1628 E android.hardware.wifi@1.0-service: Error occurred while deleting old tombstone files
12-07 19:14:13.426  1628  1628 E android.hardware.wifi@1.0-service: Error writing files to flash
12-07 19:14:13.760  1883  1967 E WifiP2pService: Unhandled message { when=0 what=131204 target=com.android.internal.util.StateMachine$SmHandler }
12-07 19:14:13.861  1883  1901 E BatteryExternalStatsWorker: no controller energy info supplied for wifi
12-07 19:14:13.928  2420  7071 E WakeLock: GCM_HB_ALARM release without a matched acquire!
12-07 19:14:13.935  2420  7071 E GCM     : Connection closed with errorCode 20
12-07 19:14:13.991  2420  7071 E WakeLock: GCM_CONN_ALARM release without a matched acquire!
12-07 19:14:14.705  1628  1628 E android.hardware.wifi@1.0-service: Failed to register radio mode change callback
12-07 19:14:14.719  1628  1628 E android.hardware.wifi@1.0-service: Failed to set DFS flag; DFS channels may be unavailable.
12-07 19:14:14.896  1738  1738 E wificond: No Offload Service available
12-07 19:14:15.951  1883  1967 E WifiP2pService: Unhandled message { when=-1ms what=131203 target=com.android.internal.util.StateMachine$SmHandler }
12-07 19:14:15.986  1883  1967 E WifiP2pService: Unhandled message { when=-2ms what=131203 target=com.android.internal.util.StateMachine$SmHandler }
12-07 19:14:16.088  1883  1901 E BatteryExternalStatsWorker: no controller energy info supplied for wifi
12-07 19:14:16.207  1883  1901 E BatteryExternalStatsWorker: no controller energy info supplied for wifi
12-07 19:14:17.980  6767  6767 E SpannableStringBuilder: SPAN_EXCLUSIVE_EXCLUSIVE spans cannot have a zero length
12-07 19:14:17.980  6767  6767 E SpannableStringBuilder: SPAN_EXCLUSIVE_EXCLUSIVE spans cannot have a zero length
12-07 19:14:18.576  7251  7251 E .android.chrom: Not starting debugger since process cannot load the jdwp agent.
12-07 19:14:20.673  1883  1901 E BatteryExternalStatsWorker: no controller energy info supplied for wifi
12-07 19:14:20.784  1883  1965 E WifiVendorHal: stopRssiMonitoring(l.2404) failed {.code = ERROR_NOT_AVAILABLE, .description = }
12-07 19:14:21.028  2420  7288 E WakeLock: GCM_HB_ALARM release without a matched acquire!
12-07 19:14:21.379  1735  1813 E Netd    : Error adding route ::/0 -> fe80::ff:fe00:100 wlan0 to table 1003: File exists
12-07 19:14:21.447 28976 28976 E TaskServiceHelper: Cannot execute TaskName.UNKNOWN (or data got corrupted).
12-07 19:14:21.763  2420  7291 E WakeLock: GCM_CONN_ALARM release without a matched acquire!
12-07 19:14:22.590  2420  7292 E WakeLock: GCM_CONN_ALARM release without a matched acquire!
