--------- beginning of main
--------- beginning of system
12-09 07:37:20.446  1885  1957 E InputDispatcher: channel '9885b4d com.evancharlton.mileage/com.evancharlton.mileage.FieldListActivity (server)' ~ Channel is unrecoverably broken and will be disposed!
12-09 07:37:20.449  1885  1957 E InputDispatcher: channel 'd8c1501 com.evancharlton.mileage/com.evancharlton.mileage.Mileage (server)' ~ Channel is unrecoverably broken and will be disposed!
12-09 07:37:20.463  1885  1899 E ActivityManager: Failure starting process com.evancharlton.mileage
12-09 07:37:20.463  1885  1899 E ActivityManager: java.lang.SecurityException: Package com.evancharlton.mileage is currently frozen!
12-09 07:37:20.463  1885  1899 E ActivityManager: 	at com.android.server.pm.PackageManagerService.checkPackageStartable(PackageManagerService.java:4000)
12-09 07:37:20.463  1885  1899 E ActivityManager: 	at com.android.server.am.ActivityManagerService.startProcessLocked(ActivityManagerService.java:4234)
12-09 07:37:20.463  1885  1899 E ActivityManager: 	at com.android.server.am.ActivityManagerService.startProcessLocked(ActivityManagerService.java:4199)
12-09 07:37:20.463  1885  1899 E ActivityManager: 	at com.android.server.am.ActivityManagerService.startProcessLocked(ActivityManagerService.java:4181)
12-09 07:37:20.463  1885  1899 E ActivityManager: 	at com.android.server.am.ActivityManagerService.startProcessLocked(ActivityManagerService.java:4067)
12-09 07:37:20.463  1885  1899 E ActivityManager: 	at com.android.server.am.ActivityStackSupervisor.startSpecificActivityLocked(ActivityStackSupervisor.java:1715)
12-09 07:37:20.463  1885  1899 E ActivityManager: 	at com.android.server.am.ActivityStack.resumeTopActivityInnerLocked(ActivityStack.java:2764)
12-09 07:37:20.463  1885  1899 E ActivityManager: 	at com.android.server.am.ActivityStack.resumeTopActivityUncheckedLocked(ActivityStack.java:2302)
12-09 07:37:20.463  1885  1899 E ActivityManager: 	at com.android.server.am.ActivityStackSupervisor.resumeFocusedStackTopActivityLocked(ActivityStackSupervisor.java:2234)
12-09 07:37:20.463  1885  1899 E ActivityManager: 	at com.android.server.am.ActivityStackSupervisor.resumeFocusedStackTopActivityLocked(ActivityStackSupervisor.java:2218)
12-09 07:37:20.463  1885  1899 E ActivityManager: 	at com.android.server.am.ActivityManagerService.handleAppDiedLocked(ActivityManagerService.java:5923)
12-09 07:37:20.463  1885  1899 E ActivityManager: 	at com.android.server.am.ActivityManagerService.removeProcessLocked(ActivityManagerService.java:7501)
12-09 07:37:20.463  1885  1899 E ActivityManager: 	at com.android.server.am.ActivityManagerService.killPackageProcessesLocked(ActivityManagerService.java:7142)
12-09 07:37:20.463  1885  1899 E ActivityManager: 	at com.android.server.am.ActivityManagerService.forceStopPackageLocked(ActivityManagerService.java:7275)
12-09 07:37:20.463  1885  1899 E ActivityManager: 	at com.android.server.am.ActivityManagerService$MainHandler.handleMessage(ActivityManagerService.java:2289)
12-09 07:37:20.463  1885  1899 E ActivityManager: 	at android.os.Handler.dispatchMessage(Handler.java:106)
12-09 07:37:20.463  1885  1899 E ActivityManager: 	at android.os.Looper.loop(Looper.java:193)
12-09 07:37:20.463  1885  1899 E ActivityManager: 	at android.os.HandlerThread.run(HandlerThread.java:65)
12-09 07:37:20.463  1885  1899 E ActivityManager: 	at com.android.server.ServiceThread.run(ServiceThread.java:44)
12-09 07:37:21.422  2378  8959 E ctxmgr  : [ProducerStatusImpl]updateStateForNewContextData: inactive, contextName=7
12-09 07:37:21.984  2378  2378 E BeaconBle: Scan couldn't start for Places
12-09 07:37:24.186  1731  1949 E         : Couldn't opendir /data/app/vmdl1514153287.tmp: No such file or directory
12-09 07:37:24.187  1731  1949 E installd: Failed to delete /data/app/vmdl1514153287.tmp: No such file or directory
12-09 07:37:25.537  1739  1762 E storaged: getDiskStats failed with result NOT_SUPPORTED and size 0
12-09 07:37:25.809  1885  1898 E memtrack: Couldn't load memtrack module
12-09 07:37:25.872 10936 10936 E harlton.mileag: Not starting debugger since process cannot load the jdwp agent.
12-09 07:37:27.213  1994  7294 E putmethod.lati: Invalid ID 0x00000001.
12-09 07:37:27.218  1994  7294 E LstmTrainingCache: emn: Can't get resource name for input slot
12-09 07:37:27.218  1994  7294 E LstmTrainingCache: android.content.res.Resources$NotFoundException: Unable to find resource ID #0x1
12-09 07:37:27.218  1994  7294 E LstmTrainingCache: 	at android.content.res.ResourcesImpl.getResourceName(ResourcesImpl.java:255)
12-09 07:37:27.218  1994  7294 E LstmTrainingCache: 	at android.content.res.Resources.getResourceName(Resources.java:1954)
12-09 07:37:27.218  1994  7294 E LstmTrainingCache: 	at emn.a(PG:12)
12-09 07:37:27.218  1994  7294 E LstmTrainingCache: 	at emk.run(PG:5)
12-09 07:37:27.218  1994  7294 E LstmTrainingCache: 	at java.lang.Thread.run(Thread.java:764)
12-09 07:37:37.257  1885  1898 E memtrack: Couldn't load memtrack module
12-09 07:37:39.750  2378 10409 E ctxmgr  : [ProducerStatusImpl]updateStateForNewContextData: inactive, contextName=7
12-09 07:37:40.055  2378  2378 E BeaconBle: Missing BluetoothAdapter
12-09 07:37:40.157  2378  2378 E BeaconBle: Scan couldn't start for Places
12-09 07:37:42.673  1885  1898 E memtrack: Couldn't load memtrack module
12-09 07:37:42.683  1885  1898 E memtrack: Couldn't load memtrack module
12-09 07:37:42.684  1885  1898 E memtrack: Couldn't load memtrack module
12-09 07:37:42.686  1885  1898 E memtrack: Couldn't load memtrack module
12-09 07:37:42.689  1885  1898 E memtrack: Couldn't load memtrack module
12-09 07:37:42.693  1885  1898 E memtrack: Couldn't load memtrack module
12-09 07:37:42.700  1885  1898 E memtrack: Couldn't load memtrack module
12-09 07:37:42.703  1885  1898 E memtrack: Couldn't load memtrack module
12-09 07:37:42.708  1885  1898 E memtrack: Couldn't load memtrack module
12-09 07:37:42.712  1885  1898 E memtrack: Couldn't load memtrack module
12-09 07:37:42.719  1885  1898 E memtrack: Couldn't load memtrack module
12-09 07:37:42.722  1885  1898 E memtrack: Couldn't load memtrack module
12-09 07:37:42.725  1885  1898 E memtrack: Couldn't load memtrack module
12-09 07:37:42.731  1885  1898 E memtrack: Couldn't load memtrack module
12-09 07:37:42.750  1885  1898 E memtrack: Couldn't load memtrack module
12-09 07:37:42.754  1885  1898 E memtrack: Couldn't load memtrack module
12-09 07:37:42.769  1885  1898 E memtrack: Couldn't load memtrack module
12-09 07:37:42.777  1885  1898 E memtrack: Couldn't load memtrack module
12-09 07:37:42.782  1885  1898 E memtrack: Couldn't load memtrack module
12-09 07:37:42.789  1885  1898 E memtrack: Couldn't load memtrack module
12-09 07:37:42.801  1885  1898 E memtrack: Couldn't load memtrack module
12-09 07:37:42.820  1885  1898 E memtrack: Couldn't load memtrack module
12-09 07:37:42.824  1885  1898 E memtrack: Couldn't load memtrack module
12-09 07:37:42.832  1885  1898 E memtrack: Couldn't load memtrack module
12-09 07:37:42.840  1885  1898 E memtrack: Couldn't load memtrack module
12-09 07:37:42.846  1885  1898 E memtrack: Couldn't load memtrack module
12-09 07:37:42.850  1885  1898 E memtrack: Couldn't load memtrack module
12-09 07:37:42.859  1885  1898 E memtrack: Couldn't load memtrack module
12-09 07:37:42.863  1885  1898 E memtrack: Couldn't load memtrack module
12-09 07:37:42.867  1885  1898 E memtrack: Couldn't load memtrack module
12-09 07:37:42.896  1885  1898 E memtrack: Couldn't load memtrack module
12-09 07:37:42.898  1885  1898 E memtrack: Couldn't load memtrack module
12-09 07:37:42.904  1885  1898 E memtrack: Couldn't load memtrack module
12-09 07:37:42.907  1885  1898 E memtrack: Couldn't load memtrack module
12-09 07:37:42.915  1885  1898 E memtrack: Couldn't load memtrack module
12-09 07:37:42.934  1885  1898 E memtrack: Couldn't load memtrack module
12-09 07:37:42.953 23668 23668 E ContextIntentStarter: No activity found for any of the 0 intents
12-09 07:37:42.988  1885  1898 E memtrack: Couldn't load memtrack module
12-09 07:37:43.000  1885  1898 E memtrack: Couldn't load memtrack module
12-09 07:37:43.014  1885  1898 E memtrack: Couldn't load memtrack module
12-09 07:37:43.020  1885  1898 E memtrack: Couldn't load memtrack module
12-09 07:37:43.025  1885  1898 E memtrack: Couldn't load memtrack module
12-09 07:37:43.035  1885  1898 E memtrack: Couldn't load memtrack module
12-09 07:37:43.042  1885  1898 E memtrack: Couldn't load memtrack module
12-09 07:37:43.054  1885  1898 E memtrack: Couldn't load memtrack module
12-09 07:37:43.068  1885  1898 E memtrack: Couldn't load memtrack module
12-09 07:37:43.081  1885  1898 E memtrack: Couldn't load memtrack module
12-09 07:37:43.092  1885  1898 E memtrack: Couldn't load memtrack module
12-09 07:37:43.098  1885  1898 E memtrack: Couldn't load memtrack module
12-09 07:37:43.104  1885  1898 E memtrack: Couldn't load memtrack module
12-09 07:37:43.111  1885  1898 E memtrack: Couldn't load memtrack module
12-09 07:37:43.131  1885  1898 E memtrack: Couldn't load memtrack module
12-09 07:37:43.142  1885  1898 E memtrack: Couldn't load memtrack module
12-09 07:37:43.147  1885  1898 E memtrack: Couldn't load memtrack module
12-09 07:37:43.150  1885  1898 E memtrack: Couldn't load memtrack module
12-09 07:37:43.154  1885  1898 E memtrack: Couldn't load memtrack module
12-09 07:37:43.169  1885  1898 E memtrack: Couldn't load memtrack module
12-09 07:37:43.173  1885  1898 E memtrack: Couldn't load memtrack module
12-09 07:37:43.176  1885  1898 E memtrack: Couldn't load memtrack module
12-09 07:37:43.180  1885  1898 E memtrack: Couldn't load memtrack module
12-09 07:37:43.184  1885  1898 E memtrack: Couldn't load memtrack module
12-09 07:37:43.187  1885  1898 E memtrack: Couldn't load memtrack module
12-09 07:37:43.189  1885  1898 E memtrack: Couldn't load memtrack module
12-09 07:37:43.195  1885  1898 E memtrack: Couldn't load memtrack module
12-09 07:37:43.200  1885  1898 E memtrack: Couldn't load memtrack module
12-09 07:37:43.248  1885  1898 E memtrack: Couldn't load memtrack module
12-09 07:37:43.251  1885  1898 E memtrack: Couldn't load memtrack module
12-09 07:37:43.252  1885  1898 E memtrack: Couldn't load memtrack module
12-09 07:37:43.255  1885  1898 E memtrack: Couldn't load memtrack module
12-09 07:37:43.300  1885  1898 E memtrack: Couldn't load memtrack module
12-09 07:37:43.357  1885  1898 E memtrack: Couldn't load memtrack module
12-09 07:37:43.424  1885  1898 E memtrack: Couldn't load memtrack module
12-09 07:37:43.511  1885  1898 E memtrack: Couldn't load memtrack module
12-09 07:37:43.634  1885  1898 E memtrack: Couldn't load memtrack module
12-09 07:37:43.799  1885  1898 E memtrack: Couldn't load memtrack module
12-09 07:37:43.975  1885  1898 E memtrack: Couldn't load memtrack module
12-09 07:37:44.122  1885  1898 E memtrack: Couldn't load memtrack module
12-09 07:37:44.203  1885  1898 E memtrack: Couldn't load memtrack module
12-09 07:37:44.273  1885  1898 E memtrack: Couldn't load memtrack module
12-09 07:37:44.424  1885  1898 E memtrack: Couldn't load memtrack module
12-09 07:37:44.484  1629  1629 E android.hardware.wifi@1.0-service: Failed to register radio mode change callback
12-09 07:37:44.505  1629  1629 E android.hardware.wifi@1.0-service: Failed to set DFS flag; DFS channels may be unavailable.
12-09 07:37:44.655  1740  1740 E wificond: No Offload Service available
12-09 07:37:44.661  1885  1969 E SupplicantStaIfaceHal: Can't call setupIface, ISupplicantStaIface is null
12-09 07:37:44.916  1885  1898 E memtrack: Couldn't load memtrack module
12-09 07:37:45.132  1885  1898 E memtrack: Couldn't load memtrack module
12-09 07:37:45.185  1885  1970 E WifiVendorHal: getBgScanCapabilities(l.671) failed {.code = ERROR_NOT_SUPPORTED, .description = }
12-09 07:37:45.263  1885  1971 E WifiP2pService: Unhandled message { when=-11ms what=131203 target=com.android.internal.util.StateMachine$SmHandler }
12-09 07:37:45.335  1885  1971 E WifiP2pService: Unhandled message { when=-1ms what=131203 target=com.android.internal.util.StateMachine$SmHandler }
12-09 07:37:45.440  1885  1903 E BatteryExternalStatsWorker: no controller energy info supplied for wifi
12-09 07:37:45.467  1885  1898 E memtrack: Couldn't load memtrack module
12-09 07:37:45.494 10986 10986 E wpa_supplicant: nl80211: Failed to open /proc/sys/net/ipv4/conf/p2p-dev-wlan0/drop_unicast_in_l2_multicast: No such file or directory
12-09 07:37:45.494 10986 10986 E wpa_supplicant: nl80211: Failed to set IPv4 unicast in multicast filter
12-09 07:37:45.499 10986 10986 E wpa_supplicant: nl80211: Failed to open /proc/sys/net/ipv4/conf/p2p-dev-wlan0/drop_unicast_in_l2_multicast: No such file or directory
12-09 07:37:45.500 10986 10986 E wpa_supplicant: nl80211: Failed to set IPv4 unicast in multicast filter
12-09 07:37:45.586 10986 10986 E wpa_supplicant: nl80211: Failed to open /proc/sys/net/ipv4/conf/wlan0/drop_unicast_in_l2_multicast: No such file or directory
12-09 07:37:45.586 10986 10986 E wpa_supplicant: nl80211: Failed to set IPv4 unicast in multicast filter
12-09 07:37:45.645  1885  1898 E memtrack: Couldn't load memtrack module
12-09 07:37:45.690 10986 10986 E wpa_supplicant: nl80211: Failed to open /proc/sys/net/ipv4/conf/wlan0/drop_unicast_in_l2_multicast: No such file or directory
12-09 07:37:45.690 10986 10986 E wpa_supplicant: nl80211: Failed to set IPv4 unicast in multicast filter
12-09 07:37:45.784  1885  1898 E memtrack: Couldn't load memtrack module
12-09 07:37:45.864  1885  1898 E memtrack: Couldn't load memtrack module
12-09 07:37:45.969  1629  1629 E android.hardware.wifi@1.0-service: Failed to open directory: Permission denied
12-09 07:37:45.969  1629  1629 E android.hardware.wifi@1.0-service: Error occurred while deleting old tombstone files
12-09 07:37:45.969  1629  1629 E android.hardware.wifi@1.0-service: Error writing files to flash
12-09 07:37:45.974  1885  1898 E memtrack: Couldn't load memtrack module
12-09 07:37:46.039  1885  1898 E memtrack: Couldn't load memtrack module
12-09 07:37:46.120  1885  1898 E memtrack: Couldn't load memtrack module
12-09 07:37:46.177  1885  1969 E SupplicantStaIfaceHal: Can't call setPowerSave, ISupplicantStaIface is null
12-09 07:37:46.178  1885  1969 E SupplicantStaIfaceHal: Can't call setBtCoexistenceMode, ISupplicantStaIface is null
12-09 07:37:46.186  1885  1969 E HalDevMgr: Should have at least 1 chip!
12-09 07:37:46.186  1885  1969 E HalDevMgr: dispatchAvailableForRequestListeners: no chip info found
12-09 07:37:46.223  1885  1969 E SupplicantStaIfaceHal: Can't call listNetworks, ISupplicantStaIface is null
12-09 07:37:46.223  1885  1969 E SupplicantStaIfaceHal: removeAllNetworks failed, got null networks
12-09 07:37:46.223  1885  1969 E WifiStateMachine: Failed to remove networks on exiting connect mode
12-09 07:37:46.227  1885  1971 E WifiP2pService: Unhandled message { when=-4ms what=131204 target=com.android.internal.util.StateMachine$SmHandler }
12-09 07:37:46.248  1885  1898 E memtrack: Couldn't load memtrack module
12-09 07:37:46.263  1885  1903 E BatteryExternalStatsWorker: no controller energy info supplied for wifi
12-09 07:37:46.263  1885  1970 E WificondControl: No valid wificond scanner interface handler
12-09 07:37:46.283  1885  1903 E BatteryExternalStatsWorker: no controller energy info supplied for wifi
12-09 07:37:46.373  1885  1898 E memtrack: Couldn't load memtrack module
12-09 07:37:46.489  1885  1898 E memtrack: Couldn't load memtrack module
12-09 07:37:46.593  1885  1898 E memtrack: Couldn't load memtrack module
12-09 07:37:46.742 11006 11006 E .android.diale: Not starting debugger since process cannot load the jdwp agent.
12-09 07:37:46.753  1885  1898 E memtrack: Couldn't load memtrack module
12-09 07:37:46.817  1885  1898 E memtrack: Couldn't load memtrack module
12-09 07:37:46.891  1885  1898 E memtrack: Couldn't load memtrack module
12-09 07:37:47.151  1885  1898 E GnssLocationProvider: no AGPS interface in set_agps_server
12-09 07:37:47.862 11006 11006 E .android.diale: The String#value field is not present on Android versions >= 6.0
