--------- beginning of system
--------- beginning of main
12-08 08:32:43.899  2494  2716 E PlayCommon: [101] com.google.android.play.b.g.a(448): Failed to connect to server: java.net.UnknownHostException: Unable to resolve host "play.googleapis.com": No address associated with hostname
12-08 08:32:46.372  1881  1896 E AutofillSession: No assist structure - app might have crashed providing it
12-08 08:32:46.622  1992  6060 E putmethod.lati: Invalid ID 0x00000001.
12-08 08:32:46.635  1992  6060 E LstmTrainingCache: emn: Can't get resource name for input slot
12-08 08:32:46.635  1992  6060 E LstmTrainingCache: android.content.res.Resources$NotFoundException: Unable to find resource ID #0x1
12-08 08:32:46.635  1992  6060 E LstmTrainingCache: 	at android.content.res.ResourcesImpl.getResourceName(ResourcesImpl.java:255)
12-08 08:32:46.635  1992  6060 E LstmTrainingCache: 	at android.content.res.Resources.getResourceName(Resources.java:1954)
12-08 08:32:46.635  1992  6060 E LstmTrainingCache: 	at emn.a(PG:12)
12-08 08:32:46.635  1992  6060 E LstmTrainingCache: 	at emk.run(PG:5)
12-08 08:32:46.635  1992  6060 E LstmTrainingCache: 	at java.lang.Thread.run(Thread.java:764)
12-08 08:32:48.495  1828  1828 E netmgr  : Failed to open QEMU pipe 'qemud:network': Invalid argument
12-08 08:32:48.498  1828  1828 E netmgr  : WifiForwarder unable to open QEMU pipe: Invalid argument
12-08 08:32:56.049  1611  1695 E audio_hw_generic: pcm_write failed cannot write stream data: I/O error
12-08 08:33:01.082  1738  1772 E storaged: getDiskStats failed with result NOT_SUPPORTED and size 0
12-08 08:33:06.098  1611  1695 E audio_hw_generic: pcm_write failed cannot write stream data: I/O error
12-08 08:33:10.969  1881  1896 E AutofillSession: No assist structure - app might have crashed providing it
12-08 08:33:18.243  1881  5713 E InputMethodManagerService: Ignoring com.android.server.InputMethodManagerService.updateStatusIcon:2188 due to an invalid token. uid:10060 token:android.os.Binder@cbeb2ef
12-08 08:33:18.300  1992  1992 E EmojiSearchExtension: com.google.android.apps.inputmethod.libs.search.emoji.EmojiSearchExtension: Cannot deactivate emoji search JNI; null locale
12-08 08:33:50.174  1828  1828 E netmgr  : Failed to open QEMU pipe 'qemud:network': Invalid argument
12-08 08:33:50.175  1828  1828 E netmgr  : WifiForwarder unable to open QEMU pipe: Invalid argument
12-08 08:34:00.091  1611  1695 E audio_hw_generic: pcm_write failed cannot write stream data: I/O error
12-08 08:34:02.503  1738  1772 E storaged: getDiskStats failed with result NOT_SUPPORTED and size 0
12-08 08:34:29.965  2448  7664 E ctxmgr  : [ProducerStatusImpl]updateStateForNewContextData: inactive, contextName=7
12-08 08:34:32.154 29746 29746 E SchedPolicy: set_timerslack_ns write failed: Operation not permitted
12-08 08:34:32.348  2448  2448 E BeaconBle: Missing BluetoothAdapter
12-08 08:34:32.432  2448  2448 E BeaconBle: Scan couldn't start for Places
12-08 08:34:32.302 29746 29746 E SchedPolicy: set_timerslack_ns write failed: Operation not permitted
12-08 08:34:51.790  1828  1828 E netmgr  : Failed to open QEMU pipe 'qemud:network': Invalid argument
12-08 08:34:51.790  1828  1828 E netmgr  : WifiForwarder unable to open QEMU pipe: Invalid argument
12-08 08:34:54.408  2692  2692 E ContextIntentStarter: No activity found for any of the 0 intents
12-08 08:35:01.959  2448  7664 E ctxmgr  : [ProducerStatusImpl]updateStateForNewContextData: inactive, contextName=7
12-08 08:35:02.059  2448  2448 E BeaconBle: Missing BluetoothAdapter
12-08 08:35:02.086  2448  2448 E BeaconBle: Scan couldn't start for Places
12-08 08:35:02.139  1725  1797 E IPCThreadState: binder thread pool (4 threads) starved for 386 ms
12-08 08:35:04.212  1738  1772 E storaged: getDiskStats failed with result NOT_SUPPORTED and size 0
12-08 08:35:06.555  1725  1991 E IPCThreadState: binder thread pool (4 threads) starved for 2343 ms
12-08 08:35:09.181  1611  1695 E audio_hw_generic: pcm_write failed cannot write stream data: I/O error
12-08 08:35:14.213  2692  8145 E Search.IcingConnection: Could not connect to Icing. Error code 15.
12-08 08:35:21.688  1611  1695 E audio_hw_generic: pcm_write failed cannot write stream data: I/O error
12-08 08:35:21.732  8421  8421 E boxed_process3: Not starting debugger since process cannot load the jdwp agent.
12-08 08:35:33.792  1881  1895 E ActivityManager: Aborting stack trace dump (current firstPid=2692); deadline exceeded.
12-08 08:35:33.881  1881  1895 E ActivityManager: ANR in com.google.android.apps.nexuslauncher (com.google.android.apps.nexuslauncher/.NexusLauncherActivity)
12-08 08:35:33.881  1881  1895 E ActivityManager: PID: 29746
12-08 08:35:33.881  1881  1895 E ActivityManager: Reason: Input dispatching timed out (Waiting to send key event because the focused window has not finished processing all of the input events that were previously delivered to it.  Outbound queue length: 0.  Wait queue length: 1.)
12-08 08:35:33.881  1881  1895 E ActivityManager: Load: 1.5 / 3.04 / 3.27
12-08 08:35:33.881  1881  1895 E ActivityManager: CPU usage from 7ms to 26954ms later (2018-12-08 08:35:06.846 to 2018-12-08 08:35:33.792):
12-08 08:35:33.881  1881  1895 E ActivityManager:   97% 1881/system_server: 50% user + 47% kernel / faults: 6681 minor 172 major
12-08 08:35:33.881  1881  1895 E ActivityManager:   34% 1725/surfaceflinger: 13% user + 20% kernel / faults: 41 minor
12-08 08:35:33.881  1881  1895 E ActivityManager:   29% 2692/com.google.android.googlequicksearchbox:search: 14% user + 15% kernel / faults: 5407 minor 437 major
12-08 08:35:33.881  1881  1895 E ActivityManager:   26% 29746/com.google.android.apps.nexuslauncher: 12% user + 13% kernel / faults: 4942 minor 60 major
12-08 08:35:33.881  1881  1895 E ActivityManager:   18% 1992/com.google.android.inputmethod.latin: 8.5% user + 10% kernel / faults: 2821 minor 177 major
12-08 08:35:33.881  1881  1895 E ActivityManager:   18% 2475/com.google.android.gms: 8.6% user + 10% kernel / faults: 2536 minor 125 major
12-08 08:35:33.881  1881  1895 E ActivityManager:   16% 2314/adbd: 0.6% user + 15% kernel / faults: 54227 minor
12-08 08:35:33.881  1881  1895 E ActivityManager:   15% 1747/android.hardware.graphics.composer@2.1-service: 1.4% user + 14% kernel / faults: 23 minor
12-08 08:35:33.881  1881  1895 E ActivityManager:   9.7% 645/kswapd0: 0% user + 9.7% kernel
12-08 08:35:33.881  1881  1895 E ActivityManager:   9.3% 2004/com.android.systemui: 5.4% user + 3.9% kernel / faults: 450 minor 4 major
12-08 08:35:33.881  1881  1895 E ActivityManager:   8% 8345/kworker/u8:6: 0% user + 8% kernel
12-08 08:35:33.881  1881  1895 E ActivityManager:   7.5% 6776/kworker/u8:4: 0% user + 7.5% kernel
12-08 08:35:33.881  1881  1895 E ActivityManager:   1.2% 31565/kworker/u9:0: 0% user + 1.2% kernel
12-08 08:35:33.881  1881  1895 E ActivityManager:   1.2% 2508/kworker/u9:3: 0% user + 1.2% kernel
12-08 08:35:33.881  1881  1895 E ActivityManager:   1.2% 5249/kworker/u9:2: 0% user + 1.2% kernel
12-08 08:35:33.881  1881  1895 E ActivityManager:   1% 2448/com.google.android.gms.persistent: 0.2% user + 0.7% kernel / faults: 194 minor 3 major
12-08 08:35:33.881  1881  1895 E ActivityManager:   0.8% 1704/kworker/u9:4: 0% user + 0.8% kernel
12-08 08:35:33.881  1881  1895 E ActivityManager:   0.4% 1629/audioserver: 0% user + 0.4% kernel
12-08 08:35:33.881  1881  1895 E ActivityManager:   0.3% 1611/android.hardware.audio@2.0-service: 0.1% user + 0.2% kernel
12-08 08:35:33.881  1881  1895 E ActivityManager:   0.2% 1553/logd: 0% user + 0.2% kernel / faults: 1 minor
12-08 08:35:33.881  1881  1895 E ActivityManager:   0.2% 2494/com.android.vending: 0.1% user + 0% kernel / faults: 146 minor 3 major
12-08 08:35:33.881  1881  1895 E ActivityManager:   0.2% 7141/kworker/u8:3: 0% user + 0.2% kernel
12-08 08:35:33.881  1881  1895 E ActivityManager:   0.2% 7948/kworker/u8:5: 0% user + 0.2% kernel
12-08 08:35:33.881  1881  1895 E ActivityManager:   0.2% 8289/com.android.commands.monkey: 0.1% user + 0% kernel / faults: 32 minor
12-08 08:35:33.881  1881  1895 E ActivityManager:   0.1% 1625/android.hardware.sensors@1.0-service: 0% user + 0.1% kernel
12-08 08:35:33.881  1881  1895 E ActivityManager:   0.1% 2119/com.android.phone: 0.1% user + 0% kernel / faults: 15 minor 1 major
12-08 08:35:33.881  1881  1895 E ActivityManager:   0.1% 2330/logcat: 0% user + 0% kernel
12-08 08:35:33.881  1881  1895 E ActivityManager:   0.1% 8378/kworker/0:1: 0% user + 0.1% kernel
12-08 08:35:33.881  1881  1895 E ActivityManager:   0% 1609/healthd: 0% user + 0% kernel
12-08 08:35:33.881  1881  1895 E ActivityManager:   0% 1620/android.hardware.gnss@1.0-service: 0% user + 0% kernel
12-08 08:35:33.881  1881  1895 E ActivityManager:   0% 1621/android.hardware.graphics.allocator@2.0-service: 0% user + 0% kernel / faults: 16 minor
12-08 08:35:33.881  1881  1895 E ActivityManager:   0% 1718/jbd2/dm-1-8: 0% user + 0% kernel
12-08 08:35:33.881  1881  1895 E ActivityManager:   0% 29435/com.google.android.partnersetup: 0% user + 0% kernel / faults: 35 minor 1 major
12-08 08:35:33.881  1881  1895 E ActivityManager:   0% 3/ksoftirqd/0: 0% user + 0% kernel
12-08 08:35:33.881  1881  1895 E ActivityManager:   0% 7/rcu_preempt: 0% user + 0% kernel
12-08 08:35:33.881  1881  1895 E ActivityManager:   0% 17/ksoftirqd/2: 0% user + 0% kernel
12-08 08:35:33.881  1881  1895 E ActivityManager:   0% 1554/servicemanager: 0% user + 0% kernel
12-08 08:35:33.881  1881  1895 E ActivityManager:   0% 1630/lmkd: 0% user + 0% kernel
12-08 08:35:33.881  1881  1895 E ActivityManager:   0% 1672/dmcrypt_write: 0% user + 0% kernel
12-08 08:35:33.881  1881  1895 E ActivityManager:   0% 1736/netd: 0% user + 0% kernel / faults: 11 minor 6 major
12-08 08:35:33.881  1881  1895 E ActivityManager:   0% 1737/statsd: 0% user + 0% kernel / faults: 1 major
12-08 08:35:33.881  1881  1895 E ActivityManager:   0% 1744/tombstoned: 0% user + 0% kernel / faults: 4 minor 1 major
12-08 08:35:33.881  1881  1895 E ActivityManager:   0% 2188/com.google.android.ext.services: 0% user + 0% kernel / faults: 7 minor
12-08 08:35:33.881  1881  1895 E ActivityManager:   0% 8095/kworker/3:2: 0% user + 0% kernel
12-08 08:35:33.881  1881  1895 E ActivityManager:   0% 8316/com.evancharlton.mileage: 0% user + 0% kernel / faults: 3 minor
12-08 08:35:33.881  1881  1895 E ActivityManager:  +0% 8421/com.android.chrome:sandboxed_process33: 0% user + 0% kernel
12-08 08:35:33.881  1881  1895 E ActivityManager:  +0% 8446/crash_dump32: 0% user + 0% kernel
12-08 08:35:33.881  1881  1895 E ActivityManager: 56% TOTAL: 14% user + 26% kernel + 15% iowait + 1.2% softirq
12-08 08:35:33.881  1881  1895 E ActivityManager: CPU usage from 96ms to 4745ms later (2018-12-08 08:35:06.935 to 2018-12-08 08:35:11.585) with 99% awake:
12-08 08:35:33.881  1881  1895 E ActivityManager:   90% 2692/com.google.android.googlequicksearchbox:search: 47% user + 43% kernel / faults: 494 minor 36 major
12-08 08:35:33.881  1881  1895 E ActivityManager:     79% 8142/UserFacing142: 28% user + 51% kernel
12-08 08:35:33.881  1881  1895 E ActivityManager:     2.8% 2692/earchbox:search: 1.6% user + 1.2% kernel
12-08 08:35:33.881  1881  1895 E ActivityManager:     1.6% 8143/UserFacing143: 0% user + 1.6% kernel
12-08 08:35:33.881  1881  1895 E ActivityManager:     1.2% 3009/RenderThread: 0.8% user + 0.4% kernel
12-08 08:35:33.881  1881  1895 E ActivityManager:     0.8% 3033/EventBus0: 0.8% user + 0% kernel
12-08 08:35:33.881  1881  1895 E ActivityManager:     0.8% 6086/NonUserFacing54: 0% user + 0.8% kernel
12-08 08:35:33.881  1881  1895 E ActivityManager:     0.8% 32189/
12-08 08:35:33.943  1744  1744 E /system/bin/tombstoned: Traces for pid 2692 written to: /data/anr/trace_02
12-08 08:35:33.947  8449  8449 E DEBUG   : failed to readlink /proc/2692/fd/136: No such file or directory
12-08 08:35:33.947  8449  8449 E DEBUG   : failed to readlink /proc/2692/fd/139: No such file or directory
12-08 08:35:41.434  1744  1744 E /system/bin/tombstoned: Tombstone written to: /data/tombstones/tombstone_06
12-08 08:35:46.009  1744  1744 E /system/bin/tombstoned: Traces for pid 2692 written to: /data/anr/trace_03
12-08 08:35:48.469  1881  1895 E ActivityManager: ANR in com.google.android.googlequicksearchbox:search
12-08 08:35:48.469  1881  1895 E ActivityManager: PID: 2692
12-08 08:35:48.469  1881  1895 E ActivityManager: Reason: Input dispatching timed out (Waiting to send key event because the focused window has not finished processing all of the input events that were previously delivered to it.  Outbound queue length: 0.  Wait queue length: 1.)
12-08 08:35:48.469  1881  1895 E ActivityManager: Load: 0.0 / 0.0 / 0.0
12-08 08:35:48.469  1881  1895 E ActivityManager: CPU usage from 348ms to -14288ms ago (2018-12-08 08:35:33.792 to 2018-12-08 08:35:48.428):
12-08 08:35:48.469  1881  1895 E ActivityManager:   80% 1881/system_server: 41% user + 38% kernel / faults: 1352 minor 36 major
12-08 08:35:48.469  1881  1895 E ActivityManager:   53% 2692/com.google.android.googlequicksearchbox:search: 20% user + 33% kernel / faults: 8730 minor 270 major
12-08 08:35:48.469  1881  1895 E ActivityManager:   15% 2004/com.android.systemui: 8.2% user + 7.5% kernel / faults: 137 minor 22 major
12-08 08:35:48.469  1881  1895 E ActivityManager:   15% 8421/com.android.chrome:sandboxed_process33: 4.3% user + 11% kernel / faults: 920 minor 348 major
12-08 08:35:48.469  1881  1895 E ActivityManager:   15% 2314/adbd: 0.6% user + 15% kernel / faults: 24160 minor
12-08 08:35:48.469  1881  1895 E ActivityManager:   15% 2448/com.google.android.gms.persistent: 8.7% user + 6.9% kernel / faults: 165 minor 8 major
12-08 08:35:48.469  1881  1895 E ActivityManager:   5.3% 5536/kworker/u9:1: 0% user + 5.3% kernel
12-08 08:35:48.469  1881  1895 E ActivityManager:   13% 8289/com.android.commands.monkey: 5.6% user + 8% kernel / faults: 58 minor 28 major
12-08 08:35:48.469  1881  1895 E ActivityManager:   4.7% 645/kswapd0: 0% user + 4.7% kernel
12-08 08:35:48.469  1881  1895 E ActivityManager:   3.9% 2475/com.google.android.gms: 1.1% user + 2.8% kernel / faults: 1760 minor 51 major
12-08 08:35:48.469  1881  1895 E ActivityManager:   2.6% 1725/surfaceflinger: 0.8% user + 1.8% kernel / faults: 6 minor
12-08 08:35:48.469  1881  1895 E ActivityManager:   1.2% 1992/com.google.android.inputmethod.latin: 0.3% user + 0.8% kernel / faults: 3652 minor 5 major
12-08 08:35:48.469  1881  1895 E ActivityManager:   0.8% 1704/kworker/u9:4: 0% user + 0.8% kernel
12-08 08:35:48.469  1881  1895 E ActivityManager:   0.8% 5249/kworker/u9:2: 0% user + 0.8% kernel
12-08 08:35:48.469  1881  1895 E ActivityManager:   0.8% 29746/com.google.android.apps.nexuslauncher: 0.8% user + 0% kernel / faults: 39 minor 1 major
12-08 08:35:48.469  1881  1895 E ActivityManager:   0.6% 2508/kworker/u9:3: 0% user + 0.6% kernel
12-08 08:35:48.469  1881  1895 E ActivityManager:   0.2% 4106/kworker/u8:1: 0% user + 0.2% kernel
12-08 08:35:48.469  1881  1895 E ActivityManager:   0.5% 1747/android.hardware.graphics.composer@2.1-service: 0.4% user + 0% kernel / faults: 16 minor
12-08 08:35:48.469  1881  1895 E ActivityManager:   0.4% 7141/kworker/u8:3: 0% user + 0.4% kernel
12-08 08:35:48.469  1881  1895 E ActivityManager:   0.4% 31565/kworker/u9:0: 0% user + 0.4% kernel
12-08 08:35:48.469  1881  1895 E ActivityManager:   0.4% 1553/logd: 0% user + 0.4% kernel / faults: 5 minor 1 major
12-08 08:35:48.469  1881  1895 E ActivityManager:   0.4% 6776/kworker/u8:4: 0% user + 0.4% kernel
12-08 08:35:48.469  1881  1895 E ActivityManager:   0.2% 1625/android.hardware.sensors@1.0-service: 0% user + 0.2% kernel
12-08 08:35:48.469  1881  1895 E ActivityManager:   0.2% 1611/android.hardware.audio@2.0-service: 0.2% user + 0% kernel / faults: 13 minor
12-08 08:35:48.469  1881  1895 E ActivityManager:   0.2% 1629/audioserver: 0% user + 0.1% kernel / faults: 84 minor
12-08 08:35:48.469  1881  1895 E ActivityManager:   0.2% 7948/kworker/u8:5: 0% user + 0.2% kernel
12-08 08:35:48.469  1881  1895 E ActivityManager:   0.1% 2119/com.android.phone: 0% user + 0.1% kernel / faults: 9 minor 12 major
12-08 08:35:48.469  1881  1895 E ActivityManager:   0.1% 8345/kworker/u8:6: 0% user + 0.1% kernel
12-08 08:35:48.469  1881  1895 E ActivityManager:   0.1% 8378/kworker/0:1: 0% user + 0.1% kernel
12-08 08:35:48.469  1881  1895 E ActivityManager:   0% 1//init: 0% user + 0% kernel / faults: 3 major
12-08 08:35:48.469  1881  1895 E ActivityManager:   0% 3/ksoftirqd/0: 0% user + 0% kernel
12-08 08:35:48.469  1881  1895 E ActivityManager:   0% 1554/servicemanager: 0% user + 0% kernel
12-08 08:35:48.469  1881  1895 E ActivityManager:   0% 1621/android.hardware.graphics.allocator@2.0-service: 0% user + 0% kernel / faults: 3 minor
12-08 08:35:48.469  1881  1895 E ActivityManager:   0% 1718/jbd2/dm-1-8: 0% user + 0% kernel
12-08 08:35:48.469  1881  1895 E ActivityManager:   0% 2330/logcat: 0% user + 0% kernel / faults: 2 minor
12-08 08:35:48.469  1881  1895 E ActivityManager:   0% 6927/kworker/2:0: 0% user + 0% kernel
12-08 08:35:48.469  1881  1895 E ActivityManager:  +0% 8455/dumpsys: 0% user + 0% kernel
12-08 08:35:48.469  1881  1895 E ActivityManager:  +0% 8463/crash_dump32: 0% user + 0% kernel
12-08 08:35:48.469  1881  1895 E ActivityManager:  +0% 8465/com.google.android.googlequicksearchbox:search: 0% user + 0% kernel
12-08 08:35:48.469  1881  1895 E ActivityManager: 50% TOTAL: 15% user + 32% kernel + 1% iowait + 1.1% softirq
12-08 08:35:48.469  1881  1895 E ActivityManager: CPU usage from 19748003ms to 19748003ms ago (1969-12-31 19:00:00.000 to 1969-12-31 19:00:00.000) with 0% awake:
12-08 08:35:48.469  1881  1895 E ActivityManager: 0% TOTAL: 0% user + 0% kernel
12-08 08:35:50.923  1881  4115 E memtrack: Couldn't load memtrack module
12-08 08:35:50.988  1881  4115 E memtrack: Couldn't load memtrack module
12-08 08:35:51.056  1881  4115 E memtrack: Couldn't load memtrack module
12-08 08:35:51.130  1881  4115 E memtrack: Couldn't load memtrack module
12-08 08:35:53.273  1828  1828 E netmgr  : Failed to open QEMU pipe 'qemud:network': Invalid argument
12-08 08:35:53.273  1828  1828 E netmgr  : WifiForwarder unable to open QEMU pipe: Invalid argument
12-08 08:35:53.370  1881  4115 E memtrack: Couldn't load memtrack module
12-08 08:35:53.494  1881  4115 E memtrack: Couldn't load memtrack module
12-08 08:35:53.565  1881  4115 E memtrack: Couldn't load memtrack module
12-08 08:35:53.636  1881  4115 E memtrack: Couldn't load memtrack module
12-08 08:35:55.572  1881  4115 E memtrack: Couldn't load memtrack module
12-08 08:35:55.641  1881  4115 E memtrack: Couldn't load memtrack module
12-08 08:35:55.712  1881  4115 E memtrack: Couldn't load memtrack module
12-08 08:35:55.778  1881  4115 E memtrack: Couldn't load memtrack module
12-08 08:35:55.858  1881  4115 E memtrack: Couldn't load memtrack module
12-08 08:35:55.941  1881  4115 E memtrack: Couldn't load memtrack module
12-08 08:35:58.124  1881  4115 E memtrack: Couldn't load memtrack module
12-08 08:35:58.154  1881  4115 E memtrack: Couldn't load memtrack module
12-08 08:35:58.155  1881  4115 E memtrack: Couldn't load memtrack module
12-08 08:35:58.156  1881  4115 E memtrack: Couldn't load memtrack module
12-08 08:35:58.158  1881  4115 E memtrack: Couldn't load memtrack module
12-08 08:35:58.163  1881  4115 E memtrack: Couldn't load memtrack module
12-08 08:35:58.168  1881  4115 E memtrack: Couldn't load memtrack module
12-08 08:35:58.174  1881  4115 E memtrack: Couldn't load memtrack module
12-08 08:35:58.179  1881  4115 E memtrack: Couldn't load memtrack module
12-08 08:35:58.185  1881  4115 E memtrack: Couldn't load memtrack module
12-08 08:35:58.195  1881  4115 E memtrack: Couldn't load memtrack module
12-08 08:35:58.200  1881  4115 E memtrack: Couldn't load memtrack module
12-08 08:35:58.205  1881  4115 E memtrack: Couldn't load memtrack module
12-08 08:35:58.213  1881  4115 E memtrack: Couldn't load memtrack module
12-08 08:35:58.227  1881  4115 E memtrack: Couldn't load memtrack module
12-08 08:35:58.232  1881  4115 E memtrack: Couldn't load memtrack module
12-08 08:35:58.247  1881  4115 E memtrack: Couldn't load memtrack module
12-08 08:35:58.254  1881  4115 E memtrack: Couldn't load memtrack module
12-08 08:35:58.260  1881  4115 E memtrack: Couldn't load memtrack module
12-08 08:35:58.267  1881  4115 E memtrack: Couldn't load memtrack module
12-08 08:35:58.275  1881  4115 E memtrack: Couldn't load memtrack module
12-08 08:35:58.283  1881  4115 E memtrack: Couldn't load memtrack module
12-08 08:35:58.289  1881  4115 E memtrack: Couldn't load memtrack module
12-08 08:35:58.296  1881  4115 E memtrack: Couldn't load memtrack module
12-08 08:35:58.307  1881  4115 E memtrack: Couldn't load memtrack module
12-08 08:35:58.319  1881  4115 E memtrack: Couldn't load memtrack module
12-08 08:35:58.330  1881  4115 E memtrack: Couldn't load memtrack module
12-08 08:35:58.336  1881  4115 E memtrack: Couldn't load memtrack module
12-08 08:35:58.344  1881  4115 E memtrack: Couldn't load memtrack module
12-08 08:35:58.349  1881  4115 E memtrack: Couldn't load memtrack module
12-08 08:35:58.374  1881  4115 E memtrack: Couldn't load memtrack module
12-08 08:35:58.378  1881  4115 E memtrack: Couldn't load memtrack module
12-08 08:35:58.390  1881  4115 E memtrack: Couldn't load memtrack module
12-08 08:35:58.401  1881  4115 E memtrack: Couldn't load memtrack module
12-08 08:35:58.404  1881  4115 E memtrack: Couldn't load memtrack module
12-08 08:36:00.157  1881  4115 E memtrack: Couldn't load memtrack module
12-08 08:36:00.166  1881  1894 E memtrack: Couldn't load memtrack module
12-08 08:36:00.274  1881  4115 E memtrack: Couldn't load memtrack module
12-08 08:36:00.301  1881  4115 E memtrack: Couldn't load memtrack module
12-08 08:36:00.321  1881  4115 E memtrack: Couldn't load memtrack module
12-08 08:36:00.338  1881  4115 E memtrack: Couldn't load memtrack module
12-08 08:36:00.358  1881  4115 E memtrack: Couldn't load memtrack module
12-08 08:36:00.370  1881  4115 E memtrack: Couldn't load memtrack module
12-08 08:36:00.403  1881  4115 E memtrack: Couldn't load memtrack module
12-08 08:36:00.413  1881  5713 E memtrack: Couldn't load memtrack module
12-08 08:36:00.433  1881  4115 E memtrack: Couldn't load memtrack module
12-08 08:36:00.456  1881  4115 E memtrack: Couldn't load memtrack module
12-08 08:36:00.494  1881  4115 E memtrack: Couldn't load memtrack module
12-08 08:36:00.510  1881  4115 E memtrack: Couldn't load memtrack module
12-08 08:36:00.528  1881  4115 E memtrack: Couldn't load memtrack module
12-08 08:36:00.542  1881  4115 E memtrack: Couldn't load memtrack module
12-08 08:36:00.554  1881  4115 E memtrack: Couldn't load memtrack module
12-08 08:36:00.581  1881  5713 E memtrack: Couldn't load memtrack module
12-08 08:36:00.588  1881  4115 E memtrack: Couldn't load memtrack module
12-08 08:36:00.601  1881  4115 E memtrack: Couldn't load memtrack module
12-08 08:36:00.614  1881  4115 E memtrack: Couldn't load memtrack module
12-08 08:36:00.619  1881  4115 E memtrack: Couldn't load memtrack module
12-08 08:36:00.629  1881  4115 E memtrack: Couldn't load memtrack module
12-08 08:36:00.646  1881  4115 E memtrack: Couldn't load memtrack module
12-08 08:36:00.650  1881  4115 E memtrack: Couldn't load memtrack module
12-08 08:36:00.654  1881  4115 E memtrack: Couldn't load memtrack module
12-08 08:36:00.658  1881  4115 E memtrack: Couldn't load memtrack module
12-08 08:36:00.662  1881  4115 E memtrack: Couldn't load memtrack module
12-08 08:36:00.666  1881  4115 E memtrack: Couldn't load memtrack module
12-08 08:36:00.670  1881  4115 E memtrack: Couldn't load memtrack module
12-08 08:36:00.674  1881  4115 E memtrack: Couldn't load memtrack module
12-08 08:36:00.678  1881  4115 E memtrack: Couldn't load memtrack module
12-08 08:36:00.715  1881  5713 E memtrack: Couldn't load memtrack module
12-08 08:36:00.737  1881  4115 E memtrack: Couldn't load memtrack module
12-08 08:36:00.742  1881  4115 E memtrack: Couldn't load memtrack module
12-08 08:36:00.745  1881  4115 E memtrack: Couldn't load memtrack module
12-08 08:36:00.749  1881  4115 E memtrack: Couldn't load memtrack module
12-08 08:36:02.934  1881  4115 E memtrack: Couldn't load memtrack module
12-08 08:36:02.938  1881  5713 E memtrack: Couldn't load memtrack module
12-08 08:36:03.012  1881  5713 E memtrack: Couldn't load memtrack module
12-08 08:36:03.110  1881  5713 E memtrack: Couldn't load memtrack module
12-08 08:36:03.211  1881  5713 E memtrack: Couldn't load memtrack module
12-08 08:36:03.277  1881  5713 E memtrack: Couldn't load memtrack module
12-08 08:36:05.202  1738  1772 E storaged: getDiskStats failed with result NOT_SUPPORTED and size 0
12-08 08:36:05.263  1881  5713 E memtrack: Couldn't load memtrack module
12-08 08:36:05.327  1881  5713 E memtrack: Couldn't load memtrack module
12-08 08:36:05.403  1881  5713 E memtrack: Couldn't load memtrack module
12-08 08:36:05.473  1881  5713 E memtrack: Couldn't load memtrack module
12-08 08:36:05.539  1881  5713 E memtrack: Couldn't load memtrack module
12-08 08:36:05.602  1881  5713 E memtrack: Couldn't load memtrack module
12-08 08:36:07.711  1881  5713 E memtrack: Couldn't load memtrack module
12-08 08:36:07.790  1881  5713 E memtrack: Couldn't load memtrack module
12-08 08:36:07.859  1881  5713 E memtrack: Couldn't load memtrack module
12-08 08:36:07.930  1881  5713 E memtrack: Couldn't load memtrack module
12-08 08:36:08.006  1881  5713 E memtrack: Couldn't load memtrack module
12-08 08:36:09.904  1881  5713 E memtrack: Couldn't load memtrack module
12-08 08:36:09.981  1881  5713 E memtrack: Couldn't load memtrack module
12-08 08:36:10.054  1881  5713 E memtrack: Couldn't load memtrack module
12-08 08:36:10.124  1881  5713 E memtrack: Couldn't load memtrack module
12-08 08:36:10.187  1881  5713 E memtrack: Couldn't load memtrack module
12-08 08:36:10.253  1881  5713 E memtrack: Couldn't load memtrack module
12-08 08:36:12.378  1881  1894 E memtrack: Couldn't load memtrack module
12-08 08:36:12.381  1881  5713 E memtrack: Couldn't load memtrack module
12-08 08:36:12.456  1881  5713 E memtrack: Couldn't load memtrack module
12-08 08:36:12.534  1881  5713 E memtrack: Couldn't load memtrack module
12-08 08:36:12.616  1881  5713 E memtrack: Couldn't load memtrack module
12-08 08:36:12.738  1881  5713 E memtrack: Couldn't load memtrack module
12-08 08:36:12.758  1881  5713 E memtrack: Couldn't load memtrack module
12-08 08:36:12.759  1881  5713 E memtrack: Couldn't load memtrack module
12-08 08:36:12.761  1881  5713 E memtrack: Couldn't load memtrack module
12-08 08:36:12.762  1881  5713 E memtrack: Couldn't load memtrack module
12-08 08:36:12.768  1881  5713 E memtrack: Couldn't load memtrack module
12-08 08:36:12.772  1881  5713 E memtrack: Couldn't load memtrack module
12-08 08:36:12.778  1881  5713 E memtrack: Couldn't load memtrack module
12-08 08:36:14.668  1881  5713 E memtrack: Couldn't load memtrack module
12-08 08:36:14.683  1881  5713 E memtrack: Couldn't load memtrack module
12-08 08:36:14.699  1881  5713 E memtrack: Couldn't load memtrack module
12-08 08:36:14.707  1881  5713 E memtrack: Couldn't load memtrack module
12-08 08:36:14.712  1881  5713 E memtrack: Couldn't load memtrack module
12-08 08:36:14.721  1881  5713 E memtrack: Couldn't load memtrack module
