--------- beginning of system
12-09 01:46:18.657  1739  1762 E storaged: getDiskStats failed with result NOT_SUPPORTED and size 0
12-09 01:46:20.494  1885  1899 E ActivityManager: Failure starting process com.evancharlton.mileage
12-09 01:46:20.494  1885  1899 E ActivityManager: java.lang.SecurityException: Package com.evancharlton.mileage was not found!
12-09 01:46:20.494  1885  1899 E ActivityManager: 	at com.android.server.pm.PackageManagerService.checkPackageStartable(PackageManagerService.java:3987)
12-09 01:46:20.494  1885  1899 E ActivityManager: 	at com.android.server.am.ActivityManagerService.startProcessLocked(ActivityManagerService.java:4234)
12-09 01:46:20.494  1885  1899 E ActivityManager: 	at com.android.server.am.ActivityManagerService.startProcessLocked(ActivityManagerService.java:4199)
12-09 01:46:20.494  1885  1899 E ActivityManager: 	at com.android.server.am.ActivityManagerService.startProcessLocked(ActivityManagerService.java:4181)
12-09 01:46:20.494  1885  1899 E ActivityManager: 	at com.android.server.am.ActivityManagerService.startProcessLocked(ActivityManagerService.java:4067)
12-09 01:46:20.494  1885  1899 E ActivityManager: 	at com.android.server.am.ActivityStackSupervisor.startSpecificActivityLocked(ActivityStackSupervisor.java:1715)
12-09 01:46:20.494  1885  1899 E ActivityManager: 	at com.android.server.am.ActivityStack.resumeTopActivityInnerLocked(ActivityStack.java:2764)
12-09 01:46:20.494  1885  1899 E ActivityManager: 	at com.android.server.am.ActivityStack.resumeTopActivityUncheckedLocked(ActivityStack.java:2302)
12-09 01:46:20.494  1885  1899 E ActivityManager: 	at com.android.server.am.ActivityStackSupervisor.resumeFocusedStackTopActivityLocked(ActivityStackSupervisor.java:2234)
12-09 01:46:20.494  1885  1899 E ActivityManager: 	at com.android.server.am.ActivityStackSupervisor.resumeFocusedStackTopActivityLocked(ActivityStackSupervisor.java:2218)
12-09 01:46:20.494  1885  1899 E ActivityManager: 	at com.android.server.am.ActivityManagerService.handleAppDiedLocked(ActivityManagerService.java:5923)
12-09 01:46:20.494  1885  1899 E ActivityManager: 	at com.android.server.am.ActivityManagerService.removeProcessLocked(ActivityManagerService.java:7501)
12-09 01:46:20.494  1885  1899 E ActivityManager: 	at com.android.server.am.ActivityManagerService.killPackageProcessesLocked(ActivityManagerService.java:7142)
12-09 01:46:20.494  1885  1899 E ActivityManager: 	at com.android.server.am.ActivityManagerService.forceStopPackageLocked(ActivityManagerService.java:7275)
12-09 01:46:20.494  1885  1899 E ActivityManager: 	at com.android.server.am.ActivityManagerService$MainHandler.handleMessage(ActivityManagerService.java:2289)
12-09 01:46:20.494  1885  1899 E ActivityManager: 	at android.os.Handler.dispatchMessage(Handler.java:106)
12-09 01:46:20.494  1885  1899 E ActivityManager: 	at android.os.Looper.loop(Looper.java:193)
12-09 01:46:20.494  1885  1899 E ActivityManager: 	at android.os.HandlerThread.run(HandlerThread.java:65)
12-09 01:46:20.494  1885  1899 E ActivityManager: 	at com.android.server.ServiceThread.run(ServiceThread.java:44)
--------- beginning of main
12-09 01:46:21.837  8365  8365 E droid.apps.doc: Not starting debugger since process cannot load the jdwp agent.
12-09 01:46:22.160  2378  7863 E ctxmgr  : [ProducerStatusImpl]updateStateForNewContextData: inactive, contextName=7
12-09 01:46:22.540  2378  2378 E BeaconBle: Missing BluetoothAdapter
12-09 01:46:22.622  2378  2378 E BeaconBle: Scan couldn't start for Places
12-09 01:46:22.825  8397  8397 E d.process.medi: Not starting debugger since process cannot load the jdwp agent.
12-09 01:46:23.044  8416  8416 E ocess.gservice: Not starting debugger since process cannot load the jdwp agent.
12-09 01:46:23.625  8365  8365 E DocsApplication: [main] No default account found during application creation.
12-09 01:46:24.476  1731  6658 E         : Couldn't opendir /data/app/vmdl1063390940.tmp: No such file or directory
12-09 01:46:24.476  1731  6658 E installd: Failed to delete /data/app/vmdl1063390940.tmp: No such file or directory
12-09 01:46:26.996  8469  8469 E harlton.mileag: Not starting debugger since process cannot load the jdwp agent.
12-09 01:46:28.333  1994  7294 E putmethod.lati: Invalid ID 0x00000001.
12-09 01:46:28.400  1994  7294 E LstmTrainingCache: emn: Can't get resource name for input slot
12-09 01:46:28.400  1994  7294 E LstmTrainingCache: android.content.res.Resources$NotFoundException: Unable to find resource ID #0x1
12-09 01:46:28.400  1994  7294 E LstmTrainingCache: 	at android.content.res.ResourcesImpl.getResourceName(ResourcesImpl.java:255)
12-09 01:46:28.400  1994  7294 E LstmTrainingCache: 	at android.content.res.Resources.getResourceName(Resources.java:1954)
12-09 01:46:28.400  1994  7294 E LstmTrainingCache: 	at emn.a(PG:12)
12-09 01:46:28.400  1994  7294 E LstmTrainingCache: 	at emk.run(PG:5)
12-09 01:46:28.400  1994  7294 E LstmTrainingCache: 	at java.lang.Thread.run(Thread.java:764)
12-09 01:46:37.200  8494  8494 E emui:screensho: Not starting debugger since process cannot load the jdwp agent.
12-09 01:46:38.067  8494  8494 E SoundPool: error loading /product/media/audio/ui/camera_click.ogg
12-09 01:46:38.349  1741  2074 E OMXNodeInstance: getConfig(0xe9391180:google.vorbis.decoder, ConfigAndroidVendorExtension(0x6f100004)) ERROR: Undefined(0x80001001)
12-09 01:46:44.413  2378  7863 E ctxmgr  : [ProducerStatusImpl]updateStateForNewContextData: inactive, contextName=7
12-09 01:46:44.644  2378  2378 E BeaconBle: Missing BluetoothAdapter
12-09 01:46:44.681  2378  2378 E BeaconBle: Scan couldn't start for Places
12-09 01:46:51.160  8538  8538 E oid.apps.photo: Not starting debugger since process cannot load the jdwp agent.
12-09 01:46:53.199  2342  2342 E SchedPolicy: set_timerslack_ns write failed: Operation not permitted
12-09 01:46:58.387  1885  4232 E WindowManager: Performed 6 layouts in a row. Skipping
12-09 01:46:58.423  1885  1938 E WindowManager: Performed 6 layouts in a row. Skipping
12-09 01:46:58.447  1885  1938 E WindowManager: Performed 6 layouts in a row. Skipping
12-09 01:46:58.518  1885  1938 E WindowManager: Performed 6 layouts in a row. Skipping
12-09 01:46:58.535  1885  1938 E WindowManager: Performed 6 layouts in a row. Skipping
12-09 01:46:58.552  1885  1900 E WindowManager: Performed 6 layouts in a row. Skipping
12-09 01:46:58.583  1885  1938 E WindowManager: Performed 6 layouts in a row. Skipping
12-09 01:46:58.661  1885  1938 E WindowManager: Performed 6 layouts in a row. Skipping
12-09 01:46:58.773  1885  1938 E WindowManager: Performed 6 layouts in a row. Skipping
12-09 01:46:58.803  1885  4289 E WindowManager: Performed 6 layouts in a row. Skipping
12-09 01:46:58.858  1885  2189 E WindowManager: Performed 6 layouts in a row. Skipping
12-09 01:46:58.908  1885  1938 E WindowManager: Performed 6 layouts in a row. Skipping
12-09 01:46:59.001  1885  1938 E WindowManager: Performed 6 layouts in a row. Skipping
12-09 01:46:59.031  1885  1938 E WindowManager: Performed 6 layouts in a row. Skipping
12-09 01:46:59.065  1885  1938 E WindowManager: Performed 6 layouts in a row. Skipping
12-09 01:47:00.509  2720  2720 E ContextIntentStarter: No activity found for any of the 0 intents
12-09 01:47:06.969  2342  2342 E SchedPolicy: set_timerslack_ns write failed: Operation not permitted
12-09 01:47:11.798  1834  1834 E netmgr  : Failed to open QEMU pipe 'qemud:network': Invalid argument
12-09 01:47:11.798  1834  1834 E netmgr  : WifiForwarder unable to open QEMU pipe: Invalid argument
12-09 01:47:18.669  1739  1762 E storaged: getDiskStats failed with result NOT_SUPPORTED and size 0
12-09 01:48:11.801  1834  1834 E netmgr  : Failed to open QEMU pipe 'qemud:network': Invalid argument
12-09 01:48:11.801  1834  1834 E netmgr  : WifiForwarder unable to open QEMU pipe: Invalid argument
12-09 01:48:18.671  1739  1762 E storaged: getDiskStats failed with result NOT_SUPPORTED and size 0
12-09 01:49:11.803  1834  1834 E netmgr  : Failed to open QEMU pipe 'qemud:network': Invalid argument
12-09 01:49:11.803  1834  1834 E netmgr  : WifiForwarder unable to open QEMU pipe: Invalid argument
12-09 01:49:18.673  1739  1762 E storaged: getDiskStats failed with result NOT_SUPPORTED and size 0
12-09 01:49:19.086  1885  3163 E WindowManager: Performed 6 layouts in a row. Skipping
12-09 01:49:19.142  1885  1938 E WindowManager: Performed 6 layouts in a row. Skipping
12-09 01:49:19.161  1885  1938 E WindowManager: Performed 6 layouts in a row. Skipping
12-09 01:49:19.219  1885  5372 E WindowManager: Performed 6 layouts in a row. Skipping
12-09 01:49:19.244  1885  1900 E WindowManager: Performed 6 layouts in a row. Skipping
12-09 01:49:19.281  1885  1938 E WindowManager: Performed 6 layouts in a row. Skipping
12-09 01:49:19.327  1885  1938 E WindowManager: Performed 6 layouts in a row. Skipping
12-09 01:49:19.382  1885  1938 E WindowManager: Performed 6 layouts in a row. Skipping
12-09 01:49:19.414  1885  1938 E WindowManager: Performed 6 layouts in a row. Skipping
12-09 01:49:19.433  1885  2189 E WindowManager: Performed 6 layouts in a row. Skipping
12-09 01:49:19.500  1885  1938 E WindowManager: Performed 6 layouts in a row. Skipping
12-09 01:49:19.534  1885  1938 E WindowManager: Performed 6 layouts in a row. Skipping
12-09 01:49:19.570  1885  1938 E WindowManager: Performed 6 layouts in a row. Skipping
