--------- beginning of system
12-09 02:52:37.523  1885  1899 E ActivityManager: Failure starting process com.evancharlton.mileage
12-09 02:52:37.523  1885  1899 E ActivityManager: java.lang.SecurityException: Package com.evancharlton.mileage is currently frozen!
12-09 02:52:37.523  1885  1899 E ActivityManager: 	at com.android.server.pm.PackageManagerService.checkPackageStartable(PackageManagerService.java:4000)
12-09 02:52:37.523  1885  1899 E ActivityManager: 	at com.android.server.am.ActivityManagerService.startProcessLocked(ActivityManagerService.java:4234)
12-09 02:52:37.523  1885  1899 E ActivityManager: 	at com.android.server.am.ActivityManagerService.startProcessLocked(ActivityManagerService.java:4199)
12-09 02:52:37.523  1885  1899 E ActivityManager: 	at com.android.server.am.ActivityManagerService.startProcessLocked(ActivityManagerService.java:4181)
12-09 02:52:37.523  1885  1899 E ActivityManager: 	at com.android.server.am.ActivityManagerService.startProcessLocked(ActivityManagerService.java:4067)
12-09 02:52:37.523  1885  1899 E ActivityManager: 	at com.android.server.am.ActivityStackSupervisor.startSpecificActivityLocked(ActivityStackSupervisor.java:1715)
12-09 02:52:37.523  1885  1899 E ActivityManager: 	at com.android.server.am.ActivityStack.resumeTopActivityInnerLocked(ActivityStack.java:2764)
12-09 02:52:37.523  1885  1899 E ActivityManager: 	at com.android.server.am.ActivityStack.resumeTopActivityUncheckedLocked(ActivityStack.java:2302)
12-09 02:52:37.523  1885  1899 E ActivityManager: 	at com.android.server.am.ActivityStackSupervisor.resumeFocusedStackTopActivityLocked(ActivityStackSupervisor.java:2234)
12-09 02:52:37.523  1885  1899 E ActivityManager: 	at com.android.server.am.ActivityStackSupervisor.resumeFocusedStackTopActivityLocked(ActivityStackSupervisor.java:2218)
12-09 02:52:37.523  1885  1899 E ActivityManager: 	at com.android.server.am.ActivityManagerService.handleAppDiedLocked(ActivityManagerService.java:5923)
12-09 02:52:37.523  1885  1899 E ActivityManager: 	at com.android.server.am.ActivityManagerService.removeProcessLocked(ActivityManagerService.java:7501)
12-09 02:52:37.523  1885  1899 E ActivityManager: 	at com.android.server.am.ActivityManagerService.killPackageProcessesLocked(ActivityManagerService.java:7142)
12-09 02:52:37.523  1885  1899 E ActivityManager: 	at com.android.server.am.ActivityManagerService.forceStopPackageLocked(ActivityManagerService.java:7275)
12-09 02:52:37.523  1885  1899 E ActivityManager: 	at com.android.server.am.ActivityManagerService$MainHandler.handleMessage(ActivityManagerService.java:2289)
12-09 02:52:37.523  1885  1899 E ActivityManager: 	at android.os.Handler.dispatchMessage(Handler.java:106)
12-09 02:52:37.523  1885  1899 E ActivityManager: 	at android.os.Looper.loop(Looper.java:193)
12-09 02:52:37.523  1885  1899 E ActivityManager: 	at android.os.HandlerThread.run(HandlerThread.java:65)
12-09 02:52:37.523  1885  1899 E ActivityManager: 	at com.android.server.ServiceThread.run(ServiceThread.java:44)
--------- beginning of main
12-09 02:52:38.599 18051 18051 E oid.documentsu: Not starting debugger since process cannot load the jdwp agent.
12-09 02:52:38.618 18056 18056 E ndroid.keychai: Not starting debugger since process cannot load the jdwp agent.
12-09 02:52:38.634 18046 18046 E id.defcontaine: Not starting debugger since process cannot load the jdwp agent.
12-09 02:52:39.607  2378 17608 E ctxmgr  : [ProducerStatusImpl]updateStateForNewContextData: inactive, contextName=7
12-09 02:52:39.712 18125 18125 E droid.apps.doc: Not starting debugger since process cannot load the jdwp agent.
12-09 02:52:39.856  2378  2378 E BeaconBle: Missing BluetoothAdapter
12-09 02:52:39.939  2378  2378 E BeaconBle: Scan couldn't start for Places
12-09 02:52:41.481 18125 18125 E DocsApplication: [main] No default account found during application creation.
12-09 02:52:42.676  1731  1776 E         : Couldn't opendir /data/app/vmdl1306832933.tmp: No such file or directory
12-09 02:52:42.676  1731  1776 E installd: Failed to delete /data/app/vmdl1306832933.tmp: No such file or directory
12-09 02:52:45.848 18193 18193 E harlton.mileag: Not starting debugger since process cannot load the jdwp agent.
12-09 02:52:47.427  1994  7294 E putmethod.lati: Invalid ID 0x00000001.
12-09 02:52:47.452  1994  7294 E LstmTrainingCache: emn: Can't get resource name for input slot
12-09 02:52:47.452  1994  7294 E LstmTrainingCache: android.content.res.Resources$NotFoundException: Unable to find resource ID #0x1
12-09 02:52:47.452  1994  7294 E LstmTrainingCache: 	at android.content.res.ResourcesImpl.getResourceName(ResourcesImpl.java:255)
12-09 02:52:47.452  1994  7294 E LstmTrainingCache: 	at android.content.res.Resources.getResourceName(Resources.java:1954)
12-09 02:52:47.452  1994  7294 E LstmTrainingCache: 	at emn.a(PG:12)
12-09 02:52:47.452  1994  7294 E LstmTrainingCache: 	at emk.run(PG:5)
12-09 02:52:47.452  1994  7294 E LstmTrainingCache: 	at java.lang.Thread.run(Thread.java:764)
12-09 02:52:55.806 18229 18229 E emui:screensho: Not starting debugger since process cannot load the jdwp agent.
12-09 02:52:57.307 18229 18229 E SoundPool: error loading /product/media/audio/ui/camera_click.ogg
12-09 02:52:57.738  1741  2075 E OMXNodeInstance: getConfig(0xe9391420:google.vorbis.decoder, ConfigAndroidVendorExtension(0x6f100004)) ERROR: Undefined(0x80001001)
12-09 02:52:58.789  2342  6597 E s.nexuslaunche: Failed to open APK '/data/app/com.evancharlton.mileage-tTeoAMR0zUyuzbKsL9jRpQ==/base.apk' I/O error
12-09 02:52:58.800  2342  6597 E ResourcesManager: failed to add asset path /data/app/com.evancharlton.mileage-tTeoAMR0zUyuzbKsL9jRpQ==/base.apk
12-09 02:53:01.484  2378 15910 E ctxmgr  : [ProducerStatusImpl]updateStateForNewContextData: inactive, contextName=7
12-09 02:53:01.930  2378  2378 E BeaconBle: Missing BluetoothAdapter
12-09 02:53:01.964  2378  2378 E BeaconBle: Scan couldn't start for Places
12-09 02:53:12.365  1834  1834 E netmgr  : Failed to open QEMU pipe 'qemud:network': Invalid argument
12-09 02:53:12.365  1834  1834 E netmgr  : WifiForwarder unable to open QEMU pipe: Invalid argument
12-09 02:53:19.405  1739  1762 E storaged: getDiskStats failed with result NOT_SUPPORTED and size 0
12-09 02:53:20.764  1885  4630 E WindowManager: Performed 6 layouts in a row. Skipping
12-09 02:53:20.793  1885  1938 E WindowManager: Performed 6 layouts in a row. Skipping
12-09 02:53:20.829  1885  1938 E WindowManager: Performed 6 layouts in a row. Skipping
12-09 02:53:20.856  1885  1938 E WindowManager: Performed 6 layouts in a row. Skipping
12-09 02:53:21.104  1885  1938 E WindowManager: Performed 6 layouts in a row. Skipping
12-09 02:53:21.118  1885  1997 E WindowManager: Performed 6 layouts in a row. Skipping
12-09 02:53:21.139  1885  1938 E WindowManager: Performed 6 layouts in a row. Skipping
12-09 02:53:21.905 18193 18193 E WindowManager: 
12-09 02:53:21.905 18193 18193 E WindowManager: android.view.WindowLeaked: Activity com.evancharlton.mileage.FieldActivity has leaked window DecorView@d32f9d[FieldActivity] that was originally added here
12-09 02:53:21.905 18193 18193 E WindowManager: 	at android.view.ViewRootImpl.<init>(ViewRootImpl.java:511)
12-09 02:53:21.905 18193 18193 E WindowManager: 	at android.view.WindowManagerGlobal.addView(WindowManagerGlobal.java:346)
12-09 02:53:21.905 18193 18193 E WindowManager: 	at android.view.WindowManagerImpl.addView(WindowManagerImpl.java:93)
12-09 02:53:21.905 18193 18193 E WindowManager: 	at com.android.internal.policy.PhoneWindow.openPanel(PhoneWindow.java:887)
12-09 02:53:21.905 18193 18193 E WindowManager: 	at com.android.internal.policy.PhoneWindow.onKeyUpPanel(PhoneWindow.java:1104)
12-09 02:53:21.905 18193 18193 E WindowManager: 	at com.android.internal.policy.PhoneWindow.onKeyUp(PhoneWindow.java:2007)
12-09 02:53:21.905 18193 18193 E WindowManager: 	at com.android.internal.policy.DecorView.dispatchKeyEvent(DecorView.java:350)
12-09 02:53:21.905 18193 18193 E WindowManager: 	at android.view.ViewRootImpl$ViewPostImeInputStage.processKeyEvent(ViewRootImpl.java:5037)
12-09 02:53:21.905 18193 18193 E WindowManager: 	at android.view.ViewRootImpl$ViewPostImeInputStage.onProcess(ViewRootImpl.java:4905)
12-09 02:53:21.905 18193 18193 E WindowManager: 	at android.view.ViewRootImpl$InputStage.deliver(ViewRootImpl.java:4426)
12-09 02:53:21.905 18193 18193 E WindowManager: 	at android.view.ViewRootImpl$InputStage.onDeliverToNext(ViewRootImpl.java:4479)
12-09 02:53:21.905 18193 18193 E WindowManager: 	at android.view.ViewRootImpl$InputStage.forward(ViewRootImpl.java:4445)
12-09 02:53:21.905 18193 18193 E WindowManager: 	at android.view.ViewRootImpl$AsyncInputStage.forward(ViewRootImpl.java:4585)
12-09 02:53:21.905 18193 18193 E WindowManager: 	at android.view.ViewRootImpl$InputStage.apply(ViewRootImpl.java:4453)
12-09 02:53:21.905 18193 18193 E WindowManager: 	at android.view.ViewRootImpl$AsyncInputStage.apply(ViewRootImpl.java:4642)
12-09 02:53:21.905 18193 18193 E WindowManager: 	at android.view.ViewRootImpl$InputStage.deliver(ViewRootImpl.java:4426)
12-09 02:53:21.905 18193 18193 E WindowManager: 	at android.view.ViewRootImpl$InputStage.onDeliverToNext(ViewRootImpl.java:4479)
12-09 02:53:21.905 18193 18193 E WindowManager: 	at android.view.ViewRootImpl$InputStage.forward(ViewRootImpl.java:4445)
12-09 02:53:21.905 18193 18193 E WindowManager: 	at android.view.ViewRootImpl$InputStage.apply(ViewRootImpl.java:4453)
12-09 02:53:21.905 18193 18193 E WindowManager: 	at android.view.ViewRootImpl$InputStage.deliver(ViewRootImpl.java:4426)
12-09 02:53:21.905 18193 18193 E WindowManager: 	at android.view.ViewRootImpl$InputStage.onDeliverToNext(ViewRootImpl.java:4479)
12-09 02:53:21.905 18193 18193 E WindowManager: 	at android.view.ViewRootImpl$InputStage.forward(ViewRootImpl.java:4445)
12-09 02:53:21.905 18193 18193 E WindowManager: 	at android.view.ViewRootImpl$AsyncInputStage.forward(ViewRootImpl.java:4618)
12-09 02:53:21.905 18193 18193 E WindowManager: 	at android.view.ViewRootImpl$ImeInputStage.onFinishedInputEvent(ViewRootImpl.java:4779)
12-09 02:53:21.905 18193 18193 E WindowManager: 	at android.view.inputmethod.InputMethodManager$PendingEvent.run(InputMethodManager.java:2571)
12-09 02:53:21.905 18193 18193 E WindowManager: 	at android.view.inputmethod.InputMethodManager.invokeFinishedInputEventCallback(InputMethodManager.java:2081)
12-09 02:53:21.905 18193 18193 E WindowManager: 	at android.view.inputmethod.InputMethodManager.finishedInputEvent(InputMethodManager.java:2072)
12-09 02:53:21.905 18193 18193 E WindowManager: 	at android.view.inputmethod.InputMethodManager$ImeInputEventSender.onInputEventFinished(InputMethodManager.java:2548)
12-09 02:53:21.905 18193 18193 E WindowManager: 	at android.view.InputEventSender.dispatchInputEventFinished(InputEventSender.java:141)
12-09 02:53:21.905 18193 18193 E WindowManager: 	at android.os.MessageQueue.nativePollOnce(Native Method)
12-09 02:53:21.905 18193 18193 E WindowManager: 	at android.os.MessageQueue.next(MessageQueue.java:326)
12-09 02:53:21.905 18193 18193 E WindowManager: 	at android.os.Looper.loop(Looper.java:160)
12-09 02:53:21.905 18193 18193 E WindowManager: 	at android.app.ActivityThread.main(ActivityThread.java:6669)
12-09 02:53:21.905 18193 18193 E WindowManager: 	at java.lang.reflect.Method.invoke(Native Method)
12-09 02:53:21.905 18193 18193 E WindowManager: 	at com.android.internal.os.RuntimeInit$MethodAndArgsCaller.run(RuntimeInit.java:493)
12-09 02:53:21.905 18193 18193 E WindowManager: 	at com.android.internal.os.ZygoteInit.main(ZygoteInit.java:858)
12-09 02:53:21.203  1885  1938 E WindowManager: Performed 6 layouts in a row. Skipping
12-09 02:53:23.372 10557 10557 E ContextIntentStarter: No activity found for any of the 0 intents
12-09 02:53:23.573 17768 17768 E wpa_supplicant: nl80211: Failed to open /proc/sys/net/ipv4/conf/p2p-dev-wlan0/drop_unicast_in_l2_multicast: No such file or directory
12-09 02:53:23.573 17768 17768 E wpa_supplicant: nl80211: Failed to set IPv4 unicast in multicast filter
12-09 02:53:23.601 17768 17768 E wpa_supplicant: nl80211: Failed to open /proc/sys/net/ipv4/conf/p2p-dev-wlan0/drop_unicast_in_l2_multicast: No such file or directory
12-09 02:53:23.601 17768 17768 E wpa_supplicant: nl80211: Failed to set IPv4 unicast in multicast filter
12-09 02:53:23.715 17768 17768 E wpa_supplicant: nl80211: Failed to open /proc/sys/net/ipv4/conf/wlan0/drop_unicast_in_l2_multicast: No such file or directory
12-09 02:53:23.715 17768 17768 E wpa_supplicant: nl80211: Failed to set IPv4 unicast in multicast filter
12-09 02:53:23.715 17768 17768 E wpa_supplicant: nl80211: Failed to open /proc/sys/net/ipv4/conf/wlan0/drop_unicast_in_l2_multicast: No such file or directory
12-09 02:53:23.716 17768 17768 E wpa_supplicant: nl80211: Failed to set IPv4 unicast in multicast filter
12-09 02:53:23.730 18290 18290 E rrierdefaultap: Not starting debugger since process cannot load the jdwp agent.
12-09 02:53:23.834 17768 17768 E wpa_supplicant: nl80211: Failed to open /proc/sys/net/ipv4/conf/wlan0/drop_unicast_in_l2_multicast: No such file or directory
12-09 02:53:23.834 17768 17768 E wpa_supplicant: nl80211: Failed to set IPv4 unicast in multicast filter
12-09 02:53:24.143  1629  1629 E android.hardware.wifi@1.0-service: Failed to open directory: Permission denied
12-09 02:53:24.143  1629  1629 E android.hardware.wifi@1.0-service: Error occurred while deleting old tombstone files
12-09 02:53:24.143  1629  1629 E android.hardware.wifi@1.0-service: Error writing files to flash
12-09 02:53:24.442  1885  1971 E WifiP2pService: Unhandled message { when=-1ms what=131204 target=com.android.internal.util.StateMachine$SmHandler }
12-09 02:53:24.512  1885  1903 E BatteryExternalStatsWorker: no controller energy info supplied for wifi
12-09 02:53:24.550  1885  1903 E BatteryExternalStatsWorker: no controller energy info supplied for wifi
12-09 02:53:24.557  2378 18020 E WakeLock: GCM_HB_ALARM release without a matched acquire!
12-09 02:53:24.598  2378 18020 E GCM     : Connection closed with errorCode 20
12-09 02:53:24.623  2378 18020 E WakeLock: GCM_CONN_ALARM release without a matched acquire!
12-09 02:53:25.081  1633  1633 E lowmemorykiller: Error writing /proc/18125/oom_score_adj; errno=22
12-09 02:53:52.686 18315 18315 E droid.apps.doc: Not starting debugger since process cannot load the jdwp agent.
12-09 02:53:53.361 18338 18338 E ocess.gservice: Not starting debugger since process cannot load the jdwp agent.
12-09 02:53:53.891 18315 18315 E DocsApplication: [main] No default account found during application creation.
12-09 02:53:55.817  2342  2342 E Launcher: Error: appWidgetId (EXTRA_APPWIDGET_ID) was not returned from the widget configuration activity.
12-09 02:54:12.372  1834  1834 E netmgr  : Failed to open QEMU pipe 'qemud:network': Invalid argument
12-09 02:54:12.372  1834  1834 E netmgr  : WifiForwarder unable to open QEMU pipe: Invalid argument
12-09 02:54:19.409  1739  1762 E storaged: getDiskStats failed with result NOT_SUPPORTED and size 0
12-09 02:55:12.374  1834  1834 E netmgr  : Failed to open QEMU pipe 'qemud:network': Invalid argument
12-09 02:55:12.374  1834  1834 E netmgr  : WifiForwarder unable to open QEMU pipe: Invalid argument
12-09 02:55:19.411  1739  1762 E storaged: getDiskStats failed with result NOT_SUPPORTED and size 0
12-09 02:55:48.372  1885  1898 E memtrack: Couldn't load memtrack module
