--------- beginning of main
12-08 08:34:11.354  1881  1894 E GnssLocationProvider: no AGPS interface in set_agps_server
--------- beginning of system
12-08 08:34:11.516  1626  1626 E android.hardware.wifi@1.0-service: Failed to open directory: Permission denied
12-08 08:34:11.516  1626  1626 E android.hardware.wifi@1.0-service: Error occurred while deleting old tombstone files
12-08 08:34:11.516  1626  1626 E android.hardware.wifi@1.0-service: Error writing files to flash
12-08 08:34:11.730  1881  1967 E ConnectivityService: exception in setMtu()java.lang.IllegalStateException: command '396 interface setmtu radio0 1500' failed with '400 396 Failed to set MTU (Permission denied)'
12-08 08:34:11.761  1881  1964 E SupplicantStaIfaceHal: Can't call setPowerSave, ISupplicantStaIface is null
12-08 08:34:11.761  1881  1964 E SupplicantStaIfaceHal: Can't call setBtCoexistenceMode, ISupplicantStaIface is null
12-08 08:34:11.765  1881  1964 E HalDevMgr: Should have at least 1 chip!
12-08 08:34:11.765  1881  1964 E HalDevMgr: dispatchAvailableForRequestListeners: no chip info found
12-08 08:34:11.775  1881  1964 E SupplicantStaIfaceHal: Can't call listNetworks, ISupplicantStaIface is null
12-08 08:34:11.775  1881  1964 E SupplicantStaIfaceHal: removeAllNetworks failed, got null networks
12-08 08:34:11.775  1881  1964 E WifiStateMachine: Failed to remove networks on exiting connect mode
12-08 08:34:11.776  1881  1966 E WifiP2pService: Unhandled message { when=0 what=131204 target=com.android.internal.util.StateMachine$SmHandler }
12-08 08:34:11.778  1881  1899 E BatteryExternalStatsWorker: no controller energy info supplied for wifi
12-08 08:34:11.783  1881  1899 E BatteryExternalStatsWorker: no controller energy info supplied for wifi
12-08 08:34:12.403  2448 12958 E WakeLock: GCM_CONN_ALARM release without a matched acquire!
12-08 08:34:12.594  2448 12961 E WakeLock: GCM_HB_ALARM release without a matched acquire!
12-08 08:34:12.606  2448 12961 E WakeLock: GCM_CONN_ALARM release without a matched acquire!
12-08 08:34:12.916 12965 12965 E id.gms.unstabl: Not starting debugger since process cannot load the jdwp agent.
12-08 08:34:13.689  2463  2488 E IconLoader: Unexpected null component name or activity info: ComponentInfo{com.evancharlton.mileage/com.evancharlton.mileage.Mileage}, null
12-08 08:34:14.733  1611 13030 E audio_hw_generic: pcm_open(in) failed: cannot open device '/dev/snd/pcmC0D0c': Device or resource busy: channels 2 format 0 rate 16000
12-08 08:34:15.134  2448 12848 E ctxmgr  : [ProducerStatusImpl]updateStateForNewContextData: inactive, contextName=7
12-08 08:34:15.300  2448  2448 E BeaconBle: Scan couldn't start for Places
12-08 08:34:16.488  1730  1944 E         : Couldn't opendir /data/app/vmdl711893688.tmp: No such file or directory
12-08 08:34:16.488  1730  1944 E installd: Failed to delete /data/app/vmdl711893688.tmp: No such file or directory
12-08 08:34:17.041  2475 13010 E ChromeSync: [Sync,SyncIntentOperation] Error handling the intent: Intent { act=android.intent.action.PACKAGE_ADDED dat=package:com.evancharlton.mileage flg=0x4000010 cmp=com.google.android.gms/.chimera.GmsIntentOperationService (has extras) }.
12-08 08:34:17.356 13061 13061 E harlton.mileag: Not starting debugger since process cannot load the jdwp agent.
12-08 08:34:21.187  2448 13089 E WakeLock: GCM_HB_ALARM release without a matched acquire!
12-08 08:34:21.195  2448 13089 E WakeLock: GCM_CONN_ALARM release without a matched acquire!
12-08 08:34:21.681  1881  5179 E InputMethodManagerService: Ignoring com.android.server.InputMethodManagerService.updateStatusIcon:2188 due to an invalid token. uid:10060 token:android.os.Binder@2bf75c4
12-08 08:34:21.801  1992  1992 E EmojiSearchExtension: com.google.android.apps.inputmethod.libs.search.emoji.EmojiSearchExtension: Cannot deactivate emoji search JNI; null locale
12-08 08:34:24.729  2692 13098 E native  : decoder_endpointer_stream.cc:24 Acoustic ep reader thread failed: *** Error status -73543: <no msg> ***
12-08 08:34:24.729  2692 13098 E native  : 
12-08 08:34:24.729  2692 13098 E native  : ordered_signal_compute_stream.h:29 Signal is not forwarded to output stream: 0xb74271b8
12-08 08:34:25.478  1881  1965 E WificondScannerImpl: Timed out waiting for scan result from wificond
12-08 08:34:25.503  1881  1965 E WificondScannerImpl: Timed out waiting for scan result from wificond
12-08 08:34:28.182  2448 12697 E NetworkScheduler.TED: Dropping task as app's play services SDK version does not support Android O. Either update the SDK or lower your app's target SDK version. Canceling all tasks for the service: ComponentInfo{com.google.android.gms/com.google.android.gms.checkin.EventLogService}
12-08 08:34:28.303 13124 13124 E viders.calenda: Not starting debugger since process cannot load the jdwp agent.
12-08 08:34:28.768  1881  1894 E memtrack: Couldn't load memtrack module
12-08 08:34:28.909  1611 13143 E audio_hw_generic: pcm_open(in) failed: cannot open device '/dev/snd/pcmC0D0c': Device or resource busy: channels 2 format 0 rate 16000
12-08 08:34:29.091  2448 12697 E ctxmgr  : [ProducerStatusImpl]updateStateForNewContextData: inactive, contextName=7
12-08 08:34:29.464  2448  2448 E BeaconBle: Scan couldn't start for Places
12-08 08:34:31.847  2692  2692 E ContextIntentStarter: No activity found for any of the 0 intents
12-08 08:34:32.567  1881  1894 E memtrack: Couldn't load memtrack module
12-08 08:34:33.472  1881  1953 E WindowManager: Performed 6 layouts in a row. Skipping
12-08 08:34:33.498  1881  1934 E WindowManager: Performed 6 layouts in a row. Skipping
12-08 08:34:33.517  1881  1934 E WindowManager: Performed 6 layouts in a row. Skipping
12-08 08:34:33.550  1881  4164 E WindowManager: Performed 6 layouts in a row. Skipping
12-08 08:34:33.570  1881  1934 E WindowManager: Performed 6 layouts in a row. Skipping
12-08 08:34:33.666  1881  1934 E WindowManager: Performed 6 layouts in a row. Skipping
12-08 08:34:33.697  1881  4493 E WindowManager: Performed 6 layouts in a row. Skipping
12-08 08:34:33.734  1881  1934 E WindowManager: Performed 6 layouts in a row. Skipping
12-08 08:34:33.759  1881  5713 E WindowManager: Performed 6 layouts in a row. Skipping
12-08 08:34:33.794  1881  1934 E WindowManager: Performed 6 layouts in a row. Skipping
12-08 08:34:33.818  1881  5179 E WindowManager: Performed 6 layouts in a row. Skipping
12-08 08:34:33.840  1881  1934 E WindowManager: Performed 6 layouts in a row. Skipping
12-08 08:34:33.882  1881  1934 E WindowManager: Performed 6 layouts in a row. Skipping
12-08 08:34:33.929  1881  1934 E WindowManager: Performed 6 layouts in a row. Skipping
12-08 08:34:33.990  1881  2406 E WindowManager: Performed 6 layouts in a row. Skipping
12-08 08:34:34.048  1881  1934 E WindowManager: Performed 6 layouts in a row. Skipping
12-08 08:34:34.109  1881  1934 E WindowManager: Performed 6 layouts in a row. Skipping
12-08 08:34:34.141  1881  2405 E WindowManager: Performed 6 layouts in a row. Skipping
12-08 08:34:34.164  1881  1934 E WindowManager: Performed 6 layouts in a row. Skipping
12-08 08:34:38.197  1828  1828 E netmgr  : Failed to open QEMU pipe 'qemud:network': Invalid argument
12-08 08:34:38.197  1828  1828 E netmgr  : WifiForwarder unable to open QEMU pipe: Invalid argument
12-08 08:34:38.403  2448 13167 E WakeLock: GCM_HB_ALARM release without a matched acquire!
12-08 08:34:38.413  2448 13167 E WakeLock: GCM_CONN_ALARM release without a matched acquire!
12-08 08:34:39.798  1881  1894 E memtrack: Couldn't load memtrack module
12-08 08:34:43.888  1738  1772 E storaged: getDiskStats failed with result NOT_SUPPORTED and size 0
12-08 08:34:49.007  1881  1894 E memtrack: Couldn't load memtrack module
12-08 08:34:52.596  1881  1894 E memtrack: Couldn't load memtrack module
