--------- beginning of system
12-08 13:46:13.995  1738  1772 E storaged: getDiskStats failed with result NOT_SUPPORTED and size 0
--------- beginning of main
12-08 13:46:43.586  1626  1626 E android.hardware.wifi@1.0-service: Failed to register radio mode change callback
12-08 13:46:43.591  1626  1626 E android.hardware.wifi@1.0-service: Failed to set DFS flag; DFS channels may be unavailable.
12-08 13:46:43.650  1739  1739 E wificond: No Offload Service available
12-08 13:46:43.757  1881  1966 E WifiP2pService: Unhandled message { when=-1ms what=131203 target=com.android.internal.util.StateMachine$SmHandler }
12-08 13:46:43.773  1881  1966 E WifiP2pService: Unhandled message { when=0 what=131203 target=com.android.internal.util.StateMachine$SmHandler }
12-08 13:46:43.839  1881  1899 E BatteryExternalStatsWorker: no controller energy info supplied for wifi
12-08 13:46:43.866  1881  1899 E BatteryExternalStatsWorker: no controller energy info supplied for wifi
12-08 13:46:46.477  1992  6060 E putmethod.lati: Invalid ID 0x00000001.
12-08 13:46:46.477  1992  6060 E LstmTrainingCache: emn: Can't get resource name for input slot
12-08 13:46:46.477  1992  6060 E LstmTrainingCache: android.content.res.Resources$NotFoundException: Unable to find resource ID #0x1
12-08 13:46:46.477  1992  6060 E LstmTrainingCache: 	at android.content.res.ResourcesImpl.getResourceName(ResourcesImpl.java:255)
12-08 13:46:46.477  1992  6060 E LstmTrainingCache: 	at android.content.res.Resources.getResourceName(Resources.java:1954)
12-08 13:46:46.477  1992  6060 E LstmTrainingCache: 	at emn.a(PG:12)
12-08 13:46:46.477  1992  6060 E LstmTrainingCache: 	at emk.run(PG:5)
12-08 13:46:46.477  1992  6060 E LstmTrainingCache: 	at java.lang.Thread.run(Thread.java:764)
12-08 13:47:03.199  1828  1828 E netmgr  : Failed to open QEMU pipe 'qemud:network': Invalid argument
12-08 13:47:03.199  1828  1828 E netmgr  : WifiForwarder unable to open QEMU pipe: Invalid argument
12-08 13:47:08.353  9186  9186 E hod.latin:trai: Not starting debugger since process cannot load the jdwp agent.
12-08 13:47:15.521  1738  1772 E storaged: getDiskStats failed with result NOT_SUPPORTED and size 0
12-08 13:47:22.955  1739  1739 E wificond: NL80211_CMD_TRIGGER_SCAN failed: Device or resource busy
12-08 13:47:45.305  2494  2716 E PlayCommon: [101] com.google.android.play.b.g.a(448): Failed to connect to server: java.net.UnknownHostException: Unable to resolve host "play.googleapis.com": No address associated with hostname
12-08 13:47:57.564  9147  9147 E SpannableStringBuilder: SPAN_EXCLUSIVE_EXCLUSIVE spans cannot have a zero length
12-08 13:47:57.565  9147  9147 E SpannableStringBuilder: SPAN_EXCLUSIVE_EXCLUSIVE spans cannot have a zero length
12-08 13:48:02.731  1740  2212 E OMXNodeInstance: setConfig(0xf48ac0c0:google.vorbis.decoder, ConfigPriority(0x6f800002)) ERROR: Undefined(0x80001001)
12-08 13:48:02.736  1740  2212 E OMXNodeInstance: getConfig(0xf48ac0c0:google.vorbis.decoder, ConfigAndroidVendorExtension(0x6f100004)) ERROR: Undefined(0x80001001)
12-08 13:48:05.132  1828  1828 E netmgr  : Failed to open QEMU pipe 'qemud:network': Invalid argument
12-08 13:48:05.132  1828  1828 E netmgr  : WifiForwarder unable to open QEMU pipe: Invalid argument
12-08 13:48:10.297  1611  1695 E audio_hw_generic: pcm_write failed cannot write stream data: I/O error
12-08 13:48:17.325  1738  1772 E storaged: getDiskStats failed with result NOT_SUPPORTED and size 0
12-08 13:48:22.243  1611  1695 E audio_hw_generic: pcm_write failed cannot write stream data: I/O error
12-08 13:48:34.949  2448  9009 E ctxmgr  : [ProducerStatusImpl]updateStateForNewContextData: inactive, contextName=7
12-08 13:48:35.108  1611  1695 E audio_hw_generic: pcm_write failed cannot write stream data: I/O error
12-08 13:48:35.193  2448  9009 E ctxmgr  : [ProducerStatusImpl]updateStateForNewContextData: inactive, contextName=1
12-08 13:48:39.975  2448  2448 E BeaconBle: Missing BluetoothAdapter
12-08 13:48:40.039  2448  2448 E BeaconBle: Scan couldn't start for Places
12-08 13:48:45.097  9147  9147 E SpannableStringBuilder: SPAN_EXCLUSIVE_EXCLUSIVE spans cannot have a zero length
12-08 13:48:45.097  9147  9147 E SpannableStringBuilder: SPAN_EXCLUSIVE_EXCLUSIVE spans cannot have a zero length
12-08 13:48:45.157  1611  1695 E audio_hw_generic: pcm_write failed cannot write stream data: I/O error
12-08 13:48:52.271  2692  2692 E ContextIntentStarter: No activity found for any of the 0 intents
12-08 13:48:55.202  1611  1695 E audio_hw_generic: pcm_write failed cannot write stream data: I/O error
12-08 13:48:55.203  9175  9175 E wpa_supplicant: nl80211: Failed to open /proc/sys/net/ipv4/conf/p2p-dev-wlan0/drop_unicast_in_l2_multicast: No such file or directory
12-08 13:48:55.203  9175  9175 E wpa_supplicant: nl80211: Failed to set IPv4 unicast in multicast filter
12-08 13:48:57.231  9175  9175 E wpa_supplicant: nl80211: Failed to open /proc/sys/net/ipv4/conf/p2p-dev-wlan0/drop_unicast_in_l2_multicast: No such file or directory
12-08 13:48:57.231  9175  9175 E wpa_supplicant: nl80211: Failed to set IPv4 unicast in multicast filter
12-08 13:48:57.371  9175  9175 E wpa_supplicant: nl80211: Failed to open /proc/sys/net/ipv4/conf/wlan0/drop_unicast_in_l2_multicast: No such file or directory
12-08 13:48:57.371  9175  9175 E wpa_supplicant: nl80211: Failed to set IPv4 unicast in multicast filter
12-08 13:48:57.457  9175  9175 E wpa_supplicant: nl80211: Failed to open /proc/sys/net/ipv4/conf/wlan0/drop_unicast_in_l2_multicast: No such file or directory
12-08 13:48:57.457  9175  9175 E wpa_supplicant: nl80211: Failed to set IPv4 unicast in multicast filter
12-08 13:48:57.582  9260  9260 E rrierdefaultap: Not starting debugger since process cannot load the jdwp agent.
12-08 13:49:05.188  1828  1828 E netmgr  : Failed to open QEMU pipe 'qemud:network': Invalid argument
12-08 13:49:05.188  1828  1828 E netmgr  : WifiForwarder unable to open QEMU pipe: Invalid argument
12-08 13:49:07.307  1611  1695 E audio_hw_generic: pcm_write failed cannot write stream data: I/O error
12-08 13:49:07.322  2448  8100 E ctxmgr  : [ProducerStatusImpl]updateStateForNewContextData: inactive, contextName=7
12-08 13:49:07.580  2448  2448 E BeaconBle: Missing BluetoothAdapter
12-08 13:49:07.647  2448  2448 E BeaconBle: Scan couldn't start for Places
12-08 13:49:17.406  1738  1772 E storaged: getDiskStats failed with result NOT_SUPPORTED and size 0
12-08 13:49:25.319  1739  1739 E wificond: Failed to stop supplicant
12-08 13:49:25.349  1626  1626 E android.hardware.wifi@1.0-service: Failed to open directory: Permission denied
12-08 13:49:25.349  1626  1626 E android.hardware.wifi@1.0-service: Error occurred while deleting old tombstone files
12-08 13:49:25.350  1626  1626 E android.hardware.wifi@1.0-service: Error writing files to flash
12-08 13:49:27.661  1881  1966 E WifiP2pService: Unhandled message { when=0 what=131204 target=com.android.internal.util.StateMachine$SmHandler }
12-08 13:49:27.726  1881  1899 E BatteryExternalStatsWorker: no controller energy info supplied for wifi
12-08 13:49:27.767  1881  1899 E BatteryExternalStatsWorker: no controller energy info supplied for wifi
12-08 13:50:05.432  1828  1828 E netmgr  : Failed to open QEMU pipe 'qemud:network': Invalid argument
12-08 13:50:05.435  1828  1828 E netmgr  : WifiForwarder unable to open QEMU pipe: Invalid argument
12-08 13:50:17.728  1738  1772 E storaged: getDiskStats failed with result NOT_SUPPORTED and size 0
12-08 13:50:17.756  1881  1894 E memtrack: Couldn't load memtrack module
