--------- beginning of main
--------- beginning of system
12-07 16:39:57.581 15976 16042 E InputDispatcher: channel '12b4c87 com.evancharlton.mileage/com.evancharlton.mileage.ImportExportActivity (server)' ~ Channel is unrecoverably broken and will be disposed!
12-07 16:39:57.581 15976 16042 E InputDispatcher: channel 'f377f9c com.evancharlton.mileage/com.evancharlton.mileage.Mileage (server)' ~ Channel is unrecoverably broken and will be disposed!
12-07 16:39:57.595 15976 15990 E ActivityManager: Failure starting process com.evancharlton.mileage
12-07 16:39:57.595 15976 15990 E ActivityManager: java.lang.SecurityException: Package com.evancharlton.mileage is currently frozen!
12-07 16:39:57.595 15976 15990 E ActivityManager: 	at com.android.server.pm.PackageManagerService.checkPackageStartable(PackageManagerService.java:4000)
12-07 16:39:57.595 15976 15990 E ActivityManager: 	at com.android.server.am.ActivityManagerService.startProcessLocked(ActivityManagerService.java:4234)
12-07 16:39:57.595 15976 15990 E ActivityManager: 	at com.android.server.am.ActivityManagerService.startProcessLocked(ActivityManagerService.java:4199)
12-07 16:39:57.595 15976 15990 E ActivityManager: 	at com.android.server.am.ActivityManagerService.startProcessLocked(ActivityManagerService.java:4181)
12-07 16:39:57.595 15976 15990 E ActivityManager: 	at com.android.server.am.ActivityManagerService.startProcessLocked(ActivityManagerService.java:4067)
12-07 16:39:57.595 15976 15990 E ActivityManager: 	at com.android.server.am.ActivityStackSupervisor.startSpecificActivityLocked(ActivityStackSupervisor.java:1715)
12-07 16:39:57.595 15976 15990 E ActivityManager: 	at com.android.server.am.ActivityStack.resumeTopActivityInnerLocked(ActivityStack.java:2764)
12-07 16:39:57.595 15976 15990 E ActivityManager: 	at com.android.server.am.ActivityStack.resumeTopActivityUncheckedLocked(ActivityStack.java:2302)
12-07 16:39:57.595 15976 15990 E ActivityManager: 	at com.android.server.am.ActivityStackSupervisor.resumeFocusedStackTopActivityLocked(ActivityStackSupervisor.java:2234)
12-07 16:39:57.595 15976 15990 E ActivityManager: 	at com.android.server.am.ActivityStackSupervisor.resumeFocusedStackTopActivityLocked(ActivityStackSupervisor.java:2218)
12-07 16:39:57.595 15976 15990 E ActivityManager: 	at com.android.server.am.ActivityManagerService.handleAppDiedLocked(ActivityManagerService.java:5923)
12-07 16:39:57.595 15976 15990 E ActivityManager: 	at com.android.server.am.ActivityManagerService.removeProcessLocked(ActivityManagerService.java:7501)
12-07 16:39:57.595 15976 15990 E ActivityManager: 	at com.android.server.am.ActivityManagerService.killPackageProcessesLocked(ActivityManagerService.java:7142)
12-07 16:39:57.595 15976 15990 E ActivityManager: 	at com.android.server.am.ActivityManagerService.forceStopPackageLocked(ActivityManagerService.java:7275)
12-07 16:39:57.595 15976 15990 E ActivityManager: 	at com.android.server.am.ActivityManagerService$MainHandler.handleMessage(ActivityManagerService.java:2289)
12-07 16:39:57.595 15976 15990 E ActivityManager: 	at android.os.Handler.dispatchMessage(Handler.java:106)
12-07 16:39:57.595 15976 15990 E ActivityManager: 	at android.os.Looper.loop(Looper.java:193)
12-07 16:39:57.595 15976 15990 E ActivityManager: 	at android.os.HandlerThread.run(HandlerThread.java:65)
12-07 16:39:57.595 15976 15990 E ActivityManager: 	at com.android.server.ServiceThread.run(ServiceThread.java:44)
12-07 16:39:57.896 15976 15989 E memtrack: Couldn't load memtrack module
12-07 16:39:57.907 16485 16895 E IconLoader: Unexpected null component name or activity info: ComponentInfo{com.evancharlton.mileage/com.evancharlton.mileage.Mileage}, null
12-07 16:39:58.925 16561 16570 E ReloadingLock: Finalizing LOCKED Token[searchresults_activity 2018-12-07 16:39:52.550]
12-07 16:40:01.422  1729  2328 E         : Couldn't opendir /data/app/vmdl2138906885.tmp: No such file or directory
12-07 16:40:01.422  1729  2328 E installd: Failed to delete /data/app/vmdl2138906885.tmp: No such file or directory
12-07 16:40:03.067 26760 26760 E harlton.mileag: Not starting debugger since process cannot load the jdwp agent.
12-07 16:40:05.079  1829  1829 E netmgr  : Failed to open QEMU pipe 'qemud:network': Invalid argument
12-07 16:40:05.079  1829  1829 E netmgr  : WifiForwarder unable to open QEMU pipe: Invalid argument
12-07 16:40:08.503 16085 24146 E putmethod.lati: Invalid ID 0x00000001.
12-07 16:40:08.505 16085 24146 E LstmTrainingCache: emn: Can't get resource name for input slot
12-07 16:40:08.505 16085 24146 E LstmTrainingCache: android.content.res.Resources$NotFoundException: Unable to find resource ID #0x1
12-07 16:40:08.505 16085 24146 E LstmTrainingCache: 	at android.content.res.ResourcesImpl.getResourceName(ResourcesImpl.java:255)
12-07 16:40:08.505 16085 24146 E LstmTrainingCache: 	at android.content.res.Resources.getResourceName(Resources.java:1954)
12-07 16:40:08.505 16085 24146 E LstmTrainingCache: 	at emn.a(PG:12)
12-07 16:40:08.505 16085 24146 E LstmTrainingCache: 	at emk.run(PG:5)
12-07 16:40:08.505 16085 24146 E LstmTrainingCache: 	at java.lang.Thread.run(Thread.java:764)
12-07 16:40:13.835 15976 15989 E memtrack: Couldn't load memtrack module
12-07 16:40:13.961 15976 15989 E memtrack: Couldn't load memtrack module
12-07 16:40:14.293 15976 15993 E libprocessgroup: Error encountered killing process cgroup uid 99016 pid 26660: No such file or directory
12-07 16:40:15.134 15976 16042 E WindowManager: Performed 6 layouts in a row. Skipping
12-07 16:40:15.162 15976 17135 E WindowManager: Performed 6 layouts in a row. Skipping
12-07 16:40:15.204 15976 18124 E WindowManager: Performed 6 layouts in a row. Skipping
12-07 16:40:15.234 15976 16026 E WindowManager: Performed 6 layouts in a row. Skipping
12-07 16:40:15.261 15976 16893 E WindowManager: Performed 6 layouts in a row. Skipping
12-07 16:40:15.304 15976 15991 E WindowManager: Performed 6 layouts in a row. Skipping
12-07 16:40:15.349 15976 16026 E WindowManager: Performed 6 layouts in a row. Skipping
12-07 16:40:15.466 15976 16026 E WindowManager: Performed 6 layouts in a row. Skipping
12-07 16:40:15.498 15976 18124 E WindowManager: Performed 6 layouts in a row. Skipping
12-07 16:40:15.524 15976 17135 E WindowManager: Performed 6 layouts in a row. Skipping
12-07 16:40:15.571 15976 16026 E WindowManager: Performed 6 layouts in a row. Skipping
12-07 16:40:15.626 15976 16026 E WindowManager: Performed 6 layouts in a row. Skipping
12-07 16:40:15.662 15976 16893 E WindowManager: Performed 6 layouts in a row. Skipping
12-07 16:40:15.702 15976 16026 E WindowManager: Performed 6 layouts in a row. Skipping
12-07 16:40:15.727 15976 16026 E WindowManager: Performed 6 layouts in a row. Skipping
12-07 16:40:16.079 16506 26739 E ctxmgr  : [ProducerStatusImpl]updateStateForNewContextData: inactive, contextName=7
12-07 16:40:15.891 15976 16026 E WindowManager: Performed 6 layouts in a row. Skipping
12-07 16:40:16.310 16506 16506 E BeaconBle: Missing BluetoothAdapter
12-07 16:40:16.390 16506 16506 E BeaconBle: Scan couldn't start for Places
12-07 16:40:17.517 26760 26760 E SpannableStringBuilder: SPAN_EXCLUSIVE_EXCLUSIVE spans cannot have a zero length
12-07 16:40:17.517 26760 26760 E SpannableStringBuilder: SPAN_EXCLUSIVE_EXCLUSIVE spans cannot have a zero length
12-07 16:40:18.307 16561 16561 E ContextIntentStarter: No activity found for any of the 0 intents
12-07 16:40:18.632 26760 26760 E SpannableStringBuilder: SPAN_EXCLUSIVE_EXCLUSIVE spans cannot have a zero length
12-07 16:40:18.632 26760 26760 E SpannableStringBuilder: SPAN_EXCLUSIVE_EXCLUSIVE spans cannot have a zero length
12-07 16:40:18.785 15927 26815 E audio_hw_generic: pcm_open(in) failed: cannot open device '/dev/snd/pcmC0D0c': Device or resource busy: channels 2 format 0 rate 16000
12-07 16:40:19.871 26819 26819 E boxed_process1: Not starting debugger since process cannot load the jdwp agent.
12-07 16:40:20.374 16561 16561 E ClientVe: Failed to create ClientVisualElementsProto for user interaction on view com.google.android.apps.gsa.searchbox.ui.suggestions.views.CoreSuggestionView{668fcb6 VFE...CL. ...P.... 0,289-1038,436 #93} because the view is not tagged for visual element logging.
12-07 16:40:20.395 16561 16561 E ClientVe: Failed to create ClientVisualElementsProto for user interaction on view com.google.android.apps.gsa.searchbox.ui.suggestions.views.CoreSuggestionView{db27c8d VFE...CL. ...P.... 0,436-1038,583 #94} because the view is not tagged for visual element logging.
12-07 16:40:21.536 16085 16085 E RecyclerView: No adapter attached; skipping layout
12-07 16:40:23.143 15927 26849 E audio_hw_generic: pcm_open(in) failed: cannot open device '/dev/snd/pcmC0D0c': Device or resource busy: channels 2 format 0 rate 16000
12-07 16:40:26.405  1737  1809 E storaged: getDiskStats failed with result NOT_SUPPORTED and size 0
12-07 16:40:27.457 26760 26760 E SpannableStringBuilder: SPAN_EXCLUSIVE_EXCLUSIVE spans cannot have a zero length
12-07 16:40:27.457 26760 26760 E SpannableStringBuilder: SPAN_EXCLUSIVE_EXCLUSIVE spans cannot have a zero length
12-07 16:40:29.773 16561 16570 E ReloadingLock: Finalizing LOCKED Token[searchresults_activity 2018-12-07 16:40:23.061]
