--------- beginning of main
--------- beginning of system
12-09 00:56:06.458  1885  1899 E ActivityManager: Failure starting process com.evancharlton.mileage
12-09 00:56:06.458  1885  1899 E ActivityManager: java.lang.SecurityException: Package com.evancharlton.mileage is currently frozen!
12-09 00:56:06.458  1885  1899 E ActivityManager: 	at com.android.server.pm.PackageManagerService.checkPackageStartable(PackageManagerService.java:4000)
12-09 00:56:06.458  1885  1899 E ActivityManager: 	at com.android.server.am.ActivityManagerService.startProcessLocked(ActivityManagerService.java:4234)
12-09 00:56:06.458  1885  1899 E ActivityManager: 	at com.android.server.am.ActivityManagerService.startProcessLocked(ActivityManagerService.java:4199)
12-09 00:56:06.458  1885  1899 E ActivityManager: 	at com.android.server.am.ActivityManagerService.startProcessLocked(ActivityManagerService.java:4181)
12-09 00:56:06.458  1885  1899 E ActivityManager: 	at com.android.server.am.ActivityManagerService.startProcessLocked(ActivityManagerService.java:4067)
12-09 00:56:06.458  1885  1899 E ActivityManager: 	at com.android.server.am.ActivityStackSupervisor.startSpecificActivityLocked(ActivityStackSupervisor.java:1715)
12-09 00:56:06.458  1885  1899 E ActivityManager: 	at com.android.server.am.ActivityStack.resumeTopActivityInnerLocked(ActivityStack.java:2764)
12-09 00:56:06.458  1885  1899 E ActivityManager: 	at com.android.server.am.ActivityStack.resumeTopActivityUncheckedLocked(ActivityStack.java:2302)
12-09 00:56:06.458  1885  1899 E ActivityManager: 	at com.android.server.am.ActivityStackSupervisor.resumeFocusedStackTopActivityLocked(ActivityStackSupervisor.java:2234)
12-09 00:56:06.458  1885  1899 E ActivityManager: 	at com.android.server.am.ActivityStackSupervisor.resumeFocusedStackTopActivityLocked(ActivityStackSupervisor.java:2218)
12-09 00:56:06.458  1885  1899 E ActivityManager: 	at com.android.server.am.ActivityManagerService.handleAppDiedLocked(ActivityManagerService.java:5923)
12-09 00:56:06.458  1885  1899 E ActivityManager: 	at com.android.server.am.ActivityManagerService.removeProcessLocked(ActivityManagerService.java:7501)
12-09 00:56:06.458  1885  1899 E ActivityManager: 	at com.android.server.am.ActivityManagerService.killPackageProcessesLocked(ActivityManagerService.java:7142)
12-09 00:56:06.458  1885  1899 E ActivityManager: 	at com.android.server.am.ActivityManagerService.forceStopPackageLocked(ActivityManagerService.java:7275)
12-09 00:56:06.458  1885  1899 E ActivityManager: 	at com.android.server.am.ActivityManagerService$MainHandler.handleMessage(ActivityManagerService.java:2289)
12-09 00:56:06.458  1885  1899 E ActivityManager: 	at android.os.Handler.dispatchMessage(Handler.java:106)
12-09 00:56:06.458  1885  1899 E ActivityManager: 	at android.os.Looper.loop(Looper.java:193)
12-09 00:56:06.458  1885  1899 E ActivityManager: 	at android.os.HandlerThread.run(HandlerThread.java:65)
12-09 00:56:06.458  1885  1899 E ActivityManager: 	at com.android.server.ServiceThread.run(ServiceThread.java:44)
12-09 00:56:10.852  2378 29471 E ctxmgr  : [ProducerStatusImpl]updateStateForNewContextData: inactive, contextName=7
12-09 00:56:11.035  1834  1834 E netmgr  : Failed to open QEMU pipe 'qemud:network': Invalid argument
12-09 00:56:11.035  1834  1834 E netmgr  : WifiForwarder unable to open QEMU pipe: Invalid argument
12-09 00:56:11.085  2378  2378 E BeaconBle: Scan couldn't start for Places
12-09 00:56:11.508  1731  1776 E         : Couldn't opendir /data/app/vmdl969970667.tmp: No such file or directory
12-09 00:56:11.508  1731  1776 E installd: Failed to delete /data/app/vmdl969970667.tmp: No such file or directory
12-09 00:56:14.306 30132 30132 E harlton.mileag: Not starting debugger since process cannot load the jdwp agent.
12-09 00:56:15.562  1994  7294 E putmethod.lati: Invalid ID 0x00000001.
12-09 00:56:15.570  1994  7294 E LstmTrainingCache: emn: Can't get resource name for input slot
12-09 00:56:15.570  1994  7294 E LstmTrainingCache: android.content.res.Resources$NotFoundException: Unable to find resource ID #0x1
12-09 00:56:15.570  1994  7294 E LstmTrainingCache: 	at android.content.res.ResourcesImpl.getResourceName(ResourcesImpl.java:255)
12-09 00:56:15.570  1994  7294 E LstmTrainingCache: 	at android.content.res.Resources.getResourceName(Resources.java:1954)
12-09 00:56:15.570  1994  7294 E LstmTrainingCache: 	at emn.a(PG:12)
12-09 00:56:15.570  1994  7294 E LstmTrainingCache: 	at emk.run(PG:5)
12-09 00:56:15.570  1994  7294 E LstmTrainingCache: 	at java.lang.Thread.run(Thread.java:764)
12-09 00:56:17.540  1739  1762 E storaged: getDiskStats failed with result NOT_SUPPORTED and size 0
12-09 00:56:18.767  1994  7294 E putmethod.lati: Invalid ID 0x00000001.
12-09 00:56:18.768  1994  7294 E LstmTrainingCache: emn: Can't get resource name for input slot
12-09 00:56:18.768  1994  7294 E LstmTrainingCache: android.content.res.Resources$NotFoundException: Unable to find resource ID #0x1
12-09 00:56:18.768  1994  7294 E LstmTrainingCache: 	at android.content.res.ResourcesImpl.getResourceName(ResourcesImpl.java:255)
12-09 00:56:18.768  1994  7294 E LstmTrainingCache: 	at android.content.res.Resources.getResourceName(Resources.java:1954)
12-09 00:56:18.768  1994  7294 E LstmTrainingCache: 	at emn.a(PG:12)
12-09 00:56:18.768  1994  7294 E LstmTrainingCache: 	at emk.run(PG:5)
12-09 00:56:18.768  1994  7294 E LstmTrainingCache: 	at java.lang.Thread.run(Thread.java:764)
12-09 00:56:19.303 30132 30132 E SpannableStringBuilder: SPAN_EXCLUSIVE_EXCLUSIVE spans cannot have a zero length
12-09 00:56:19.303 30132 30132 E SpannableStringBuilder: SPAN_EXCLUSIVE_EXCLUSIVE spans cannot have a zero length
12-09 00:56:32.481  2378 28795 E ctxmgr  : [ProducerStatusImpl]updateStateForNewContextData: inactive, contextName=7
12-09 00:56:32.632  2378  2378 E BeaconBle: Missing BluetoothAdapter
12-09 00:56:32.701  2378  2378 E BeaconBle: Scan couldn't start for Places
12-09 00:56:38.547  2342  2342 E SchedPolicy: set_timerslack_ns write failed: Operation not permitted
12-09 00:56:45.201  2720  2720 E ContextIntentStarter: No activity found for any of the 0 intents
12-09 00:56:50.888  2342  2342 E SchedPolicy: set_timerslack_ns write failed: Operation not permitted
12-09 00:56:52.448 30189 30189 E boxed_process2: Not starting debugger since process cannot load the jdwp agent.
12-09 00:56:54.325 30213 30213 E hod.latin:trai: Not starting debugger since process cannot load the jdwp agent.
12-09 00:56:56.870  1994  1994 E RecyclerView: No adapter attached; skipping layout
12-09 00:57:11.091  1834  1834 E netmgr  : Failed to open QEMU pipe 'qemud:network': Invalid argument
12-09 00:57:11.092  1834  1834 E netmgr  : WifiForwarder unable to open QEMU pipe: Invalid argument
12-09 00:57:17.544  1739  1762 E storaged: getDiskStats failed with result NOT_SUPPORTED and size 0
12-09 00:58:03.941  1994  1994 E native  : suggestion-transformer.cc:118 suggestion picked candidate not found for id: 3
12-09 00:58:04.631  1885  4232 E WindowManager: Performed 6 layouts in a row. Skipping
12-09 00:58:04.654  1885  1938 E WindowManager: Performed 6 layouts in a row. Skipping
12-09 00:58:04.685  1885  4232 E WindowManager: Performed 6 layouts in a row. Skipping
12-09 00:58:04.716  1885  1900 E WindowManager: Performed 6 layouts in a row. Skipping
12-09 00:58:04.746  1885  1938 E WindowManager: Performed 6 layouts in a row. Skipping
12-09 00:58:04.759  1885  1938 E WindowManager: Performed 6 layouts in a row. Skipping
12-09 00:58:04.785  1885  1938 E WindowManager: Performed 6 layouts in a row. Skipping
12-09 00:58:04.940  1885  1938 E WindowManager: Performed 6 layouts in a row. Skipping
12-09 00:58:04.968  1885  2413 E WindowManager: Performed 6 layouts in a row. Skipping
12-09 00:58:05.005  1885  1938 E WindowManager: Performed 6 layouts in a row. Skipping
12-09 00:58:05.038  1885  1938 E WindowManager: Performed 6 layouts in a row. Skipping
12-09 00:58:05.056  1885  2413 E WindowManager: Performed 6 layouts in a row. Skipping
12-09 00:58:05.090  1885  1938 E WindowManager: Performed 6 layouts in a row. Skipping
12-09 00:58:05.144  1885  1938 E WindowManager: Performed 6 layouts in a row. Skipping
