--------- beginning of main
--------- beginning of system
12-08 03:16:49.485  1881  1894 E memtrack: Couldn't load memtrack module
12-08 03:16:51.546  1881  1953 E InputDispatcher: channel '5ef168e com.evancharlton.mileage/com.evancharlton.mileage.FieldListActivity (server)' ~ Channel is unrecoverably broken and will be disposed!
12-08 03:16:51.547  1881  1953 E InputDispatcher: channel 'b14a16c com.evancharlton.mileage/com.evancharlton.mileage.Mileage (server)' ~ Channel is unrecoverably broken and will be disposed!
12-08 03:16:51.604  1881  1895 E ActivityManager: Failure starting process com.evancharlton.mileage
12-08 03:16:51.604  1881  1895 E ActivityManager: java.lang.SecurityException: Package com.evancharlton.mileage was not found!
12-08 03:16:51.604  1881  1895 E ActivityManager: 	at com.android.server.pm.PackageManagerService.checkPackageStartable(PackageManagerService.java:3987)
12-08 03:16:51.604  1881  1895 E ActivityManager: 	at com.android.server.am.ActivityManagerService.startProcessLocked(ActivityManagerService.java:4234)
12-08 03:16:51.604  1881  1895 E ActivityManager: 	at com.android.server.am.ActivityManagerService.startProcessLocked(ActivityManagerService.java:4199)
12-08 03:16:51.604  1881  1895 E ActivityManager: 	at com.android.server.am.ActivityManagerService.startProcessLocked(ActivityManagerService.java:4181)
12-08 03:16:51.604  1881  1895 E ActivityManager: 	at com.android.server.am.ActivityManagerService.startProcessLocked(ActivityManagerService.java:4067)
12-08 03:16:51.604  1881  1895 E ActivityManager: 	at com.android.server.am.ActivityStackSupervisor.startSpecificActivityLocked(ActivityStackSupervisor.java:1715)
12-08 03:16:51.604  1881  1895 E ActivityManager: 	at com.android.server.am.ActivityStack.resumeTopActivityInnerLocked(ActivityStack.java:2764)
12-08 03:16:51.604  1881  1895 E ActivityManager: 	at com.android.server.am.ActivityStack.resumeTopActivityUncheckedLocked(ActivityStack.java:2302)
12-08 03:16:51.604  1881  1895 E ActivityManager: 	at com.android.server.am.ActivityStackSupervisor.resumeFocusedStackTopActivityLocked(ActivityStackSupervisor.java:2234)
12-08 03:16:51.604  1881  1895 E ActivityManager: 	at com.android.server.am.ActivityStackSupervisor.resumeFocusedStackTopActivityLocked(ActivityStackSupervisor.java:2218)
12-08 03:16:51.604  1881  1895 E ActivityManager: 	at com.android.server.am.ActivityStack.finishCurrentActivityLocked(ActivityStack.java:3874)
12-08 03:16:51.604  1881  1895 E ActivityManager: 	at com.android.server.am.ActivityStack.finishActivityLocked(ActivityStack.java:3764)
12-08 03:16:51.604  1881  1895 E ActivityManager: 	at com.android.server.am.ActivityStack.finishActivityLocked(ActivityStack.java:3690)
12-08 03:16:51.604  1881  1895 E ActivityManager: 	at com.android.server.am.ActivityStack.finishDisabledPackageActivitiesLocked(ActivityStack.java:4932)
12-08 03:16:51.604  1881  1895 E ActivityManager: 	at com.android.server.am.ActivityStackSupervisor.finishDisabledPackageActivitiesLocked(ActivityStackSupervisor.java:2173)
12-08 03:16:51.604  1881  1895 E ActivityManager: 	at com.android.server.am.ActivityManagerService.forceStopPackageLocked(ActivityManagerService.java:7281)
12-08 03:16:51.604  1881  1895 E ActivityManager: 	at com.android.server.am.ActivityManagerService.finishInstrumentationLocked(ActivityManagerService.java:22250)
12-08 03:16:51.604  1881  1895 E ActivityManager: 	at com.android.server.am.ActivityManagerService.handleAppDiedLocked(ActivityManagerService.java:5917)
12-08 03:16:51.604  1881  1895 E ActivityManager: 	at com.android.server.am.ActivityManagerService.removeProcessLocked(ActivityManagerService.java:7501)
12-08 03:16:51.604  1881  1895 E ActivityManager: 	at com.android.server.am.ActivityManagerService.killPackageProcessesLocked(ActivityManagerService.java:7142)
12-08 03:16:51.604  1881  1895 E ActivityManager: 	at com.android.server.am.ActivityManagerService.forceStopPackageLocked(ActivityManagerService.java:7275)
12-08 03:16:51.604  1881  1895 E ActivityManager: 	at com.android.server.am.ActivityManagerService$MainHandler.handleMessage(ActivityManagerService.java:2289)
12-08 03:16:51.604  1881  1895 E ActivityManager: 	at android.os.Handler.dispatchMessage(Handler.java:106)
12-08 03:16:51.604  1881  1895 E ActivityManager: 	at android.os.Looper.loop(Looper.java:193)
12-08 03:16:51.604  1881  1895 E ActivityManager: 	at android.os.HandlerThread.run(HandlerThread.java:65)
12-08 03:16:51.604  1881  1895 E ActivityManager: 	at com.android.server.ServiceThread.run(ServiceThread.java:44)
12-08 03:16:52.806  2448  7577 E ctxmgr  : [ProducerStatusImpl]updateStateForNewContextData: inactive, contextName=7
12-08 03:16:52.844  2448  7577 E ctxmgr  : [ProducerStatusImpl]updateStateForNewContextData: inactive, contextName=1
12-08 03:16:52.908  2448  2448 E BeaconBle: Missing BluetoothAdapter
12-08 03:16:52.933  2448  2448 E BeaconBle: Scan couldn't start for Places
12-08 03:16:53.407  1881  1894 E memtrack: Couldn't load memtrack module
12-08 03:16:54.170  1730  1755 E         : Couldn't opendir /data/app/vmdl1994653607.tmp: No such file or directory
12-08 03:16:54.170  1730  1755 E installd: Failed to delete /data/app/vmdl1994653607.tmp: No such file or directory
12-08 03:16:55.105  2475  6363 E SQLiteCastStore: Skip saving CastDeviceInfo: "Nearby device" (__cast_nearby___V_8f0b985b-be01-4614-ba99-208fcf7faf03)
12-08 03:16:55.177  8172  8172 E harlton.mileag: Not starting debugger since process cannot load the jdwp agent.
12-08 03:16:56.359  1881  1965 E WificondScannerImpl: Timed out waiting for scan result from wificond
12-08 03:17:05.777  1881  1894 E memtrack: Couldn't load memtrack module
12-08 03:17:07.454  2448  7168 E ctxmgr  : [ProducerStatusImpl]updateStateForNewContextData: inactive, contextName=7
12-08 03:17:07.890  2448  2448 E BeaconBle: Missing BluetoothAdapter
12-08 03:17:07.998  2448  2448 E BeaconBle: Scan couldn't start for Places
12-08 03:17:10.519  2692  2692 E ContextIntentStarter: No activity found for any of the 0 intents
12-08 03:17:11.372  8043  8043 E wpa_supplicant: nl80211: Failed to open /proc/sys/net/ipv4/conf/p2p-dev-wlan0/drop_unicast_in_l2_multicast: No such file or directory
12-08 03:17:11.372  8043  8043 E wpa_supplicant: nl80211: Failed to set IPv4 unicast in multicast filter
12-08 03:17:11.372  8043  8043 E wpa_supplicant: nl80211: Failed to open /proc/sys/net/ipv4/conf/p2p-dev-wlan0/drop_unicast_in_l2_multicast: No such file or directory
12-08 03:17:11.372  8043  8043 E wpa_supplicant: nl80211: Failed to set IPv4 unicast in multicast filter
12-08 03:17:11.501  8043  8043 E wpa_supplicant: nl80211: Failed to open /proc/sys/net/ipv4/conf/wlan0/drop_unicast_in_l2_multicast: No such file or directory
12-08 03:17:11.501  8043  8043 E wpa_supplicant: nl80211: Failed to set IPv4 unicast in multicast filter
12-08 03:17:11.502  8043  8043 E wpa_supplicant: nl80211: Failed to open /proc/sys/net/ipv4/conf/wlan0/drop_unicast_in_l2_multicast: No such file or directory
12-08 03:17:11.502  8043  8043 E wpa_supplicant: nl80211: Failed to set IPv4 unicast in multicast filter
12-08 03:17:11.585  8043  8043 E wpa_supplicant: nl80211: Failed to open /proc/sys/net/ipv4/conf/wlan0/drop_unicast_in_l2_multicast: No such file or directory
12-08 03:17:11.585  8043  8043 E wpa_supplicant: nl80211: Failed to set IPv4 unicast in multicast filter
12-08 03:17:11.649  1881  8074 E DhcpClient: Read error
12-08 03:17:11.649  1881  8074 E DhcpClient: android.system.ErrnoException: read failed: ENETDOWN (Network is down)
12-08 03:17:11.649  1881  8074 E DhcpClient: 	at libcore.io.Linux.readBytes(Native Method)
12-08 03:17:11.649  1881  8074 E DhcpClient: 	at libcore.io.Linux.read(Linux.java:184)
12-08 03:17:11.649  1881  8074 E DhcpClient: 	at libcore.io.BlockGuardOs.read(BlockGuardOs.java:254)
12-08 03:17:11.649  1881  8074 E DhcpClient: 	at android.system.Os.read(Os.java:414)
12-08 03:17:11.649  1881  8074 E DhcpClient: 	at android.net.dhcp.DhcpClient$ReceiveThread.run(DhcpClient.java:364)
12-08 03:17:11.661  1881  8047 E ConnectivityPacketTracker.wlan0: readPacket error: 
12-08 03:17:11.661  1881  8047 E ConnectivityPacketTracker.wlan0: android.system.ErrnoException: read failed: ENETDOWN (Network is down)
12-08 03:17:11.661  1881  8047 E ConnectivityPacketTracker.wlan0: 	at libcore.io.Linux.readBytes(Native Method)
12-08 03:17:11.661  1881  8047 E ConnectivityPacketTracker.wlan0: 	at libcore.io.Linux.read(Linux.java:184)
12-08 03:17:11.661  1881  8047 E ConnectivityPacketTracker.wlan0: 	at libcore.io.BlockGuardOs.read(BlockGuardOs.java:254)
12-08 03:17:11.661  1881  8047 E ConnectivityPacketTracker.wlan0: 	at android.system.Os.read(Os.java:414)
12-08 03:17:11.661  1881  8047 E ConnectivityPacketTracker.wlan0: 	at android.net.util.PacketReader.readPacket(PacketReader.java:137)
12-08 03:17:11.661  1881  8047 E ConnectivityPacketTracker.wlan0: 	at android.net.util.PacketReader.handleInput(PacketReader.java:207)
12-08 03:17:11.661  1881  8047 E ConnectivityPacketTracker.wlan0: 	at android.net.util.PacketReader.access$100(PacketReader.java:70)
12-08 03:17:11.661  1881  8047 E ConnectivityPacketTracker.wlan0: 	at android.net.util.PacketReader$1.onFileDescriptorEvents(PacketReader.java:189)
12-08 03:17:11.661  1881  8047 E ConnectivityPacketTracker.wlan0: 	at android.os.MessageQueue.dispatchEvents(MessageQueue.java:285)
12-08 03:17:11.661  1881  8047 E ConnectivityPacketTracker.wlan0: 	at android.os.MessageQueue.nativePollOnce(Native Method)
12-08 03:17:11.661  1881  8047 E ConnectivityPacketTracker.wlan0: 	at android.os.MessageQueue.next(MessageQueue.java:326)
12-08 03:17:11.661  1881  8047 E ConnectivityPacketTracker.wlan0: 	at android.os.Looper.loop(Looper.java:160)
12-08 03:17:11.661  1881  8047 E ConnectivityPacketTracker.wlan0: 	at android.os.HandlerThread.run(HandlerThread.java:65)
12-08 03:17:11.840  1626  1626 E android.hardware.wifi@1.0-service: Failed to open directory: Permission denied
12-08 03:17:11.840  1626  1626 E android.hardware.wifi@1.0-service: Error occurred while deleting old tombstone files
12-08 03:17:11.840  1626  1626 E android.hardware.wifi@1.0-service: Error writing files to flash
12-08 03:17:12.097  1881  1964 E SupplicantStaIfaceHal: Can't call setPowerSave, ISupplicantStaIface is null
12-08 03:17:12.097  1881  1964 E SupplicantStaIfaceHal: Can't call setBtCoexistenceMode, ISupplicantStaIface is null
12-08 03:17:12.151  1881  1964 E HalDevMgr: Should have at least 1 chip!
12-08 03:17:12.157  1881  1964 E HalDevMgr: dispatchAvailableForRequestListeners: no chip info found
12-08 03:17:12.173  1881  1964 E SupplicantStaIfaceHal: Can't call listNetworks, ISupplicantStaIface is null
12-08 03:17:12.173  1881  1964 E SupplicantStaIfaceHal: removeAllNetworks failed, got null networks
12-08 03:17:12.173  1881  1964 E WifiStateMachine: Failed to remove networks on exiting connect mode
12-08 03:17:12.174  1881  1966 E WifiP2pService: Unhandled message { when=-1ms what=131204 target=com.android.internal.util.StateMachine$SmHandler }
12-08 03:17:12.212  2448  8086 E WakeLock: GCM_HB_ALARM release without a matched acquire!
12-08 03:17:12.220  1881  1965 E WificondControl: No valid wificond scanner interface handler
12-08 03:17:12.223  1881  1899 E BatteryExternalStatsWorker: no controller energy info supplied for wifi
12-08 03:17:12.243  2448  8086 E GCM     : Connection closed with errorCode 20
12-08 03:17:12.276  1881  1894 E memtrack: Couldn't load memtrack module
12-08 03:17:12.278  2448  8234 E WakeLock: GCM_HB_ALARM release without a matched acquire!
12-08 03:17:12.286  2448  8234 E WakeLock: GCM_CONN_ALARM release without a matched acquire!
12-08 03:17:12.389  1611  8236 E audio_hw_generic: pcm_open(in) failed: cannot open device '/dev/snd/pcmC0D0c': Device or resource busy: channels 2 format 0 rate 16000
12-08 03:17:12.726  1626  1626 E android.hardware.wifi@1.0-service: Failed to register radio mode change callback
12-08 03:17:12.728  1626  1626 E android.hardware.wifi@1.0-service: Failed to set DFS flag; DFS channels may be unavailable.
12-08 03:17:12.777  1739  1739 E wificond: No Offload Service available
12-08 03:17:12.778  1881  1964 E SupplicantStaIfaceHal: Can't call setupIface, ISupplicantStaIface is null
12-08 03:17:12.833  1881  1965 E WifiVendorHal: getBgScanCapabilities(l.671) failed {.code = ERROR_NOT_SUPPORTED, .description = }
12-08 03:17:12.865  1881  1966 E WifiP2pService: Unhandled message { when=-1ms what=131203 target=com.android.internal.util.StateMachine$SmHandler }
12-08 03:17:12.901  1881  1966 E WifiP2pService: Unhandled message { when=-1ms what=131203 target=com.android.internal.util.StateMachine$SmHandler }
12-08 03:17:12.955  1881  1899 E BatteryExternalStatsWorker: no controller energy info supplied for wifi
12-08 03:17:13.012  1881  1899 E BatteryExternalStatsWorker: no controller energy info supplied for wifi
12-08 03:17:13.701  1881  1967 E ConnectivityService: exception in setMtu()java.lang.IllegalStateException: command '255 interface setmtu radio0 1500' failed with '400 255 Failed to set MTU (Permission denied)'
12-08 03:17:14.174  2448  8255 E WakeLock: GCM_CONN_ALARM release without a matched acquire!
12-08 03:17:17.020  1881  1899 E BatteryExternalStatsWorker: no controller energy info supplied for wifi
12-08 03:17:17.097  1881  1964 E WifiVendorHal: stopRssiMonitoring(l.2404) failed {.code = ERROR_NOT_AVAILABLE, .description = }
12-08 03:17:17.520  2448  8270 E WakeLock: GCM_HB_ALARM release without a matched acquire!
12-08 03:17:17.702  2448  8272 E WakeLock: GCM_CONN_ALARM release without a matched acquire!
12-08 03:17:17.871  1736  1785 E Netd    : Error adding route ::/0 -> fe80::ff:fe00:100 wlan0 to table 1003: File exists
