--------- beginning of main
--------- beginning of system
12-08 10:05:04.586  1881  1895 E ActivityManager: Failure starting process com.evancharlton.mileage
12-08 10:05:04.586  1881  1895 E ActivityManager: java.lang.SecurityException: Package com.evancharlton.mileage is currently frozen!
12-08 10:05:04.586  1881  1895 E ActivityManager: 	at com.android.server.pm.PackageManagerService.checkPackageStartable(PackageManagerService.java:4000)
12-08 10:05:04.586  1881  1895 E ActivityManager: 	at com.android.server.am.ActivityManagerService.startProcessLocked(ActivityManagerService.java:4234)
12-08 10:05:04.586  1881  1895 E ActivityManager: 	at com.android.server.am.ActivityManagerService.startProcessLocked(ActivityManagerService.java:4199)
12-08 10:05:04.586  1881  1895 E ActivityManager: 	at com.android.server.am.ActivityManagerService.startProcessLocked(ActivityManagerService.java:4181)
12-08 10:05:04.586  1881  1895 E ActivityManager: 	at com.android.server.am.ActivityManagerService.startProcessLocked(ActivityManagerService.java:4067)
12-08 10:05:04.586  1881  1895 E ActivityManager: 	at com.android.server.am.ActivityStackSupervisor.startSpecificActivityLocked(ActivityStackSupervisor.java:1715)
12-08 10:05:04.586  1881  1895 E ActivityManager: 	at com.android.server.am.ActivityStack.resumeTopActivityInnerLocked(ActivityStack.java:2764)
12-08 10:05:04.586  1881  1895 E ActivityManager: 	at com.android.server.am.ActivityStack.resumeTopActivityUncheckedLocked(ActivityStack.java:2302)
12-08 10:05:04.586  1881  1895 E ActivityManager: 	at com.android.server.am.ActivityStackSupervisor.resumeFocusedStackTopActivityLocked(ActivityStackSupervisor.java:2234)
12-08 10:05:04.586  1881  1895 E ActivityManager: 	at com.android.server.am.ActivityStackSupervisor.resumeFocusedStackTopActivityLocked(ActivityStackSupervisor.java:2218)
12-08 10:05:04.586  1881  1895 E ActivityManager: 	at com.android.server.am.ActivityManagerService.handleAppDiedLocked(ActivityManagerService.java:5923)
12-08 10:05:04.586  1881  1895 E ActivityManager: 	at com.android.server.am.ActivityManagerService.removeProcessLocked(ActivityManagerService.java:7501)
12-08 10:05:04.586  1881  1895 E ActivityManager: 	at com.android.server.am.ActivityManagerService.killPackageProcessesLocked(ActivityManagerService.java:7142)
12-08 10:05:04.586  1881  1895 E ActivityManager: 	at com.android.server.am.ActivityManagerService.forceStopPackageLocked(ActivityManagerService.java:7275)
12-08 10:05:04.586  1881  1895 E ActivityManager: 	at com.android.server.am.ActivityManagerService$MainHandler.handleMessage(ActivityManagerService.java:2289)
12-08 10:05:04.586  1881  1895 E ActivityManager: 	at android.os.Handler.dispatchMessage(Handler.java:106)
12-08 10:05:04.586  1881  1895 E ActivityManager: 	at android.os.Looper.loop(Looper.java:193)
12-08 10:05:04.586  1881  1895 E ActivityManager: 	at android.os.HandlerThread.run(HandlerThread.java:65)
12-08 10:05:04.586  1881  1895 E ActivityManager: 	at com.android.server.ServiceThread.run(ServiceThread.java:44)
12-08 10:05:05.795  1611 23881 E audio_hw_generic: pcm_open(in) failed: cannot open device '/dev/snd/pcmC0D0c': Device or resource busy: channels 2 format 0 rate 16000
12-08 10:05:08.174  1730  1755 E         : Couldn't opendir /data/app/vmdl1333750652.tmp: No such file or directory
12-08 10:05:08.174  1730  1755 E installd: Failed to delete /data/app/vmdl1333750652.tmp: No such file or directory
12-08 10:05:09.058  2475 23870 E ChromeSync: [Sync,SyncIntentOperation] Error handling the intent: Intent { act=android.intent.action.PACKAGE_ADDED dat=package:com.evancharlton.mileage flg=0x4000010 cmp=com.google.android.gms/.chimera.GmsIntentOperationService (has extras) }.
12-08 10:05:10.328 23920 23920 E harlton.mileag: Not starting debugger since process cannot load the jdwp agent.
12-08 10:05:11.486  1992 20735 E putmethod.lati: Invalid ID 0x00000001.
12-08 10:05:11.512  1992 20735 E LstmTrainingCache: emn: Can't get resource name for input slot
12-08 10:05:11.512  1992 20735 E LstmTrainingCache: android.content.res.Resources$NotFoundException: Unable to find resource ID #0x1
12-08 10:05:11.512  1992 20735 E LstmTrainingCache: 	at android.content.res.ResourcesImpl.getResourceName(ResourcesImpl.java:255)
12-08 10:05:11.512  1992 20735 E LstmTrainingCache: 	at android.content.res.Resources.getResourceName(Resources.java:1954)
12-08 10:05:11.512  1992 20735 E LstmTrainingCache: 	at emn.a(PG:12)
12-08 10:05:11.512  1992 20735 E LstmTrainingCache: 	at emk.run(PG:5)
12-08 10:05:11.512  1992 20735 E LstmTrainingCache: 	at java.lang.Thread.run(Thread.java:764)
12-08 10:05:18.789  1881  2225 E WindowManager: Performed 6 layouts in a row. Skipping
12-08 10:05:18.818  1881  1934 E WindowManager: Performed 6 layouts in a row. Skipping
12-08 10:05:18.844  1881  1934 E WindowManager: Performed 6 layouts in a row. Skipping
12-08 10:05:18.890  1881  1934 E WindowManager: Performed 6 layouts in a row. Skipping
12-08 10:05:18.903  1881  1896 E WindowManager: Performed 6 layouts in a row. Skipping
12-08 10:05:18.929  1881  1934 E WindowManager: Performed 6 layouts in a row. Skipping
12-08 10:05:19.019  1881  1934 E WindowManager: Performed 6 layouts in a row. Skipping
12-08 10:05:19.042  1881  3619 E WindowManager: Performed 6 layouts in a row. Skipping
12-08 10:05:19.073  1881  1934 E WindowManager: Performed 6 layouts in a row. Skipping
12-08 10:05:19.202  1881  1934 E WindowManager: Performed 6 layouts in a row. Skipping
12-08 10:05:19.229  1881  3619 E WindowManager: Performed 6 layouts in a row. Skipping
12-08 10:05:19.260  1881  1934 E WindowManager: Performed 6 layouts in a row. Skipping
12-08 10:05:19.339  1881  1934 E WindowManager: Performed 6 layouts in a row. Skipping
12-08 10:05:29.032  2448 23644 E ctxmgr  : [ProducerStatusImpl]updateStateForNewContextData: inactive, contextName=7
12-08 10:05:29.096  2448 23644 E ctxmgr  : [ProducerStatusImpl]updateStateForNewContextData: inactive, contextName=1
12-08 10:05:29.245  2448  2448 E BeaconBle: Scan couldn't start for Places
12-08 10:05:31.961  1611  1695 E audio_hw_generic: pcm_write failed cannot write stream data: I/O error
12-08 10:05:42.040  1828  1828 E netmgr  : Failed to open QEMU pipe 'qemud:network': Invalid argument
12-08 10:05:42.043  1828  1828 E netmgr  : WifiForwarder unable to open QEMU pipe: Invalid argument
12-08 10:05:42.891  1881  5791 E WindowManager: Performed 6 layouts in a row. Skipping
12-08 10:05:42.918  1881  1934 E WindowManager: Performed 6 layouts in a row. Skipping
12-08 10:05:42.990  1881  1934 E WindowManager: Performed 6 layouts in a row. Skipping
12-08 10:05:43.025  1881  1934 E WindowManager: Performed 6 layouts in a row. Skipping
12-08 10:05:43.043  1881  1896 E WindowManager: Performed 6 layouts in a row. Skipping
12-08 10:05:43.074  1881  1934 E WindowManager: Performed 6 layouts in a row. Skipping
12-08 10:05:43.105  1881  1934 E WindowManager: Performed 6 layouts in a row. Skipping
12-08 10:05:43.137  1881  4026 E WindowManager: Performed 6 layouts in a row. Skipping
12-08 10:05:43.163  1881  1934 E WindowManager: Performed 6 layouts in a row. Skipping
12-08 10:05:43.198  1881  1934 E WindowManager: Performed 6 layouts in a row. Skipping
12-08 10:05:43.219  1881  4026 E WindowManager: Performed 6 layouts in a row. Skipping
12-08 10:05:43.245  1881  1934 E WindowManager: Performed 6 layouts in a row. Skipping
12-08 10:05:43.303  1881  1934 E WindowManager: Performed 6 layouts in a row. Skipping
12-08 10:05:45.078  1738  1772 E storaged: getDiskStats failed with result NOT_SUPPORTED and size 0
12-08 10:05:45.405  2692  2692 E ContextIntentStarter: No activity found for any of the 0 intents
12-08 10:05:54.098 23994 23994 E hod.latin:trai: Not starting debugger since process cannot load the jdwp agent.
12-08 10:05:54.109  1992 20735 E putmethod.lati: Invalid ID 0x00000006.
12-08 10:05:54.123  1992 20735 E LstmTrainingCache: emn: Can't get resource name for input slot
12-08 10:05:54.123  1992 20735 E LstmTrainingCache: android.content.res.Resources$NotFoundException: Unable to find resource ID #0x6
12-08 10:05:54.123  1992 20735 E LstmTrainingCache: 	at android.content.res.ResourcesImpl.getResourceName(ResourcesImpl.java:255)
12-08 10:05:54.123  1992 20735 E LstmTrainingCache: 	at android.content.res.Resources.getResourceName(Resources.java:1954)
12-08 10:05:54.123  1992 20735 E LstmTrainingCache: 	at emn.a(PG:12)
12-08 10:05:54.123  1992 20735 E LstmTrainingCache: 	at emk.run(PG:5)
12-08 10:05:54.123  1992 20735 E LstmTrainingCache: 	at java.lang.Thread.run(Thread.java:764)
12-08 10:05:56.202 24016 24016 E boxed_process3: Not starting debugger since process cannot load the jdwp agent.
12-08 10:05:56.542  2692  2692 E ClientVe: Failed to create ClientVisualElementsProto for user interaction on view com.google.android.apps.gsa.searchbox.ui.suggestions.views.CoreSuggestionView{5836204 VFE...CL. ...P.... 0,436-1038,583 #63} because the view is not tagged for visual element logging.
12-08 10:05:56.582  2692  2692 E ClientVe: Failed to create ClientVisualElementsProto for user interaction on view com.google.android.apps.gsa.searchbox.ui.suggestions.views.CoreSuggestionView{ca8ce6e VFE...CL. ...P.... 0,289-1038,436 #62} because the view is not tagged for visual element logging.
12-08 10:05:56.757  2692  2692 E ClientVe: Failed to create ClientVisualElementsProto for user interaction on view com.google.android.apps.gsa.searchbox.ui.suggestions.views.CoreSuggestionView{7201bce VFE...CL. ...P.... 0,142-1038,289 #61} because the view is not tagged for visual element logging.
12-08 10:05:57.148  2692  2692 E ClientVe: Failed to create ClientVisualElementsProto for user interaction on view com.google.android.apps.gsa.searchbox.ui.suggestions.views.CoreSuggestionView{ca8ce6e VFE...CL. ...P.... 0,289-1038,436 #62} because the view is not tagged for visual element logging.
12-08 10:05:57.199  2692  2692 E ClientVe: Failed to create ClientVisualElementsProto for user interaction on view com.google.android.apps.gsa.searchbox.ui.suggestions.views.CoreSuggestionView{ca8ce6e VFE...CL. ...P.... 0,289-1038,436 #62} because the view is not tagged for visual element logging.
12-08 10:05:57.608  2692  2692 E ClientVe: Failed to create ClientVisualElementsProto for user interaction on view com.google.android.apps.gsa.searchbox.ui.suggestions.views.CoreSuggestionView{82626da VFE...CL. ...P.... 0,583-1038,730 #64} because the view is not tagged for visual element logging.
12-08 10:05:58.420  2692  2692 E ClientVe: Failed to create ClientVisualElementsProto for user interaction on view com.google.android.apps.gsa.searchbox.ui.suggestions.views.CoreSuggestionView{7201bce VFE...CL. ...P.... 0,142-1038,289 #61} because the view is not tagged for visual element logging.
12-08 10:05:58.988  1611 24050 E audio_hw_generic: pcm_open(in) failed: cannot open device '/dev/snd/pcmC0D0c': Device or resource busy: channels 2 format 0 rate 16000
12-08 10:05:59.967  2692  2700 E ReloadingLock: Finalizing LOCKED Token[searchresults_activity 2018-12-08 10:05:57.401]
12-08 10:06:01.034  1725  1725 E SurfaceFlinger: [StatusBar#0] rejecting buffer: bufWidth=1080, bufHeight=1920, front.active.{w=1080, h=63}
