--------- beginning of system
12-07 15:55:40.571  1883  1897 E ActivityManager: Failure starting process com.evancharlton.mileage
12-07 15:55:40.571  1883  1897 E ActivityManager: java.lang.SecurityException: Package com.evancharlton.mileage was not found!
12-07 15:55:40.571  1883  1897 E ActivityManager: 	at com.android.server.pm.PackageManagerService.checkPackageStartable(PackageManagerService.java:3987)
12-07 15:55:40.571  1883  1897 E ActivityManager: 	at com.android.server.am.ActivityManagerService.startProcessLocked(ActivityManagerService.java:4234)
12-07 15:55:40.571  1883  1897 E ActivityManager: 	at com.android.server.am.ActivityManagerService.startProcessLocked(ActivityManagerService.java:4199)
12-07 15:55:40.571  1883  1897 E ActivityManager: 	at com.android.server.am.ActivityManagerService.startProcessLocked(ActivityManagerService.java:4181)
12-07 15:55:40.571  1883  1897 E ActivityManager: 	at com.android.server.am.ActivityManagerService.startProcessLocked(ActivityManagerService.java:4067)
12-07 15:55:40.571  1883  1897 E ActivityManager: 	at com.android.server.am.ActivityStackSupervisor.startSpecificActivityLocked(ActivityStackSupervisor.java:1715)
12-07 15:55:40.571  1883  1897 E ActivityManager: 	at com.android.server.am.ActivityStack.resumeTopActivityInnerLocked(ActivityStack.java:2764)
12-07 15:55:40.571  1883  1897 E ActivityManager: 	at com.android.server.am.ActivityStack.resumeTopActivityUncheckedLocked(ActivityStack.java:2302)
12-07 15:55:40.571  1883  1897 E ActivityManager: 	at com.android.server.am.ActivityStackSupervisor.resumeFocusedStackTopActivityLocked(ActivityStackSupervisor.java:2234)
12-07 15:55:40.571  1883  1897 E ActivityManager: 	at com.android.server.am.ActivityStackSupervisor.resumeFocusedStackTopActivityLocked(ActivityStackSupervisor.java:2218)
12-07 15:55:40.571  1883  1897 E ActivityManager: 	at com.android.server.am.ActivityManagerService.handleAppDiedLocked(ActivityManagerService.java:5923)
12-07 15:55:40.571  1883  1897 E ActivityManager: 	at com.android.server.am.ActivityManagerService.removeProcessLocked(ActivityManagerService.java:7501)
12-07 15:55:40.571  1883  1897 E ActivityManager: 	at com.android.server.am.ActivityManagerService.killPackageProcessesLocked(ActivityManagerService.java:7142)
12-07 15:55:40.571  1883  1897 E ActivityManager: 	at com.android.server.am.ActivityManagerService.forceStopPackageLocked(ActivityManagerService.java:7275)
12-07 15:55:40.571  1883  1897 E ActivityManager: 	at com.android.server.am.ActivityManagerService$MainHandler.handleMessage(ActivityManagerService.java:2289)
12-07 15:55:40.571  1883  1897 E ActivityManager: 	at android.os.Handler.dispatchMessage(Handler.java:106)
12-07 15:55:40.571  1883  1897 E ActivityManager: 	at android.os.Looper.loop(Looper.java:193)
12-07 15:55:40.571  1883  1897 E ActivityManager: 	at android.os.HandlerThread.run(HandlerThread.java:65)
12-07 15:55:40.571  1883  1897 E ActivityManager: 	at com.android.server.ServiceThread.run(ServiceThread.java:44)
12-07 15:56:01.268  1628  1628 E android.hardware.wifi@1.0-service: Failed to open directory: Permission denied
12-07 15:56:01.268  1628  1628 E android.hardware.wifi@1.0-service: Error occurred while deleting old tombstone files
12-07 15:56:01.268  1628  1628 E android.hardware.wifi@1.0-service: Error writing files to flash
12-07 15:56:01.499  1883  1967 E WifiP2pService: Unhandled message { when=0 what=131204 target=com.android.internal.util.StateMachine$SmHandler }
12-07 15:56:01.723  1883  1901 E BatteryExternalStatsWorker: no controller energy info supplied for wifi
12-07 15:56:01.747  1883  1901 E BatteryExternalStatsWorker: no controller energy info supplied for wifi
12-07 15:56:07.186  1883  2448 E WindowManager: Performed 6 layouts in a row. Skipping
12-07 15:56:07.209  1883  1935 E WindowManager: Performed 6 layouts in a row. Skipping
12-07 15:56:07.246  1883  1935 E WindowManager: Performed 6 layouts in a row. Skipping
12-07 15:56:07.265  1883  1898 E WindowManager: Performed 6 layouts in a row. Skipping
12-07 15:56:07.305  1883  1935 E WindowManager: Performed 6 layouts in a row. Skipping
12-07 15:56:07.335  1883  3454 E WindowManager: Performed 6 layouts in a row. Skipping
12-07 15:56:07.356  1883  1935 E WindowManager: Performed 6 layouts in a row. Skipping
12-07 15:56:07.531  1883  1935 E WindowManager: Performed 6 layouts in a row. Skipping
12-07 15:56:12.100  1737  1809 E storaged: getDiskStats failed with result NOT_SUPPORTED and size 0
--------- beginning of main
12-07 15:56:21.591  1883  3974 E WindowManager: Performed 6 layouts in a row. Skipping
12-07 15:56:21.611  1883  1935 E WindowManager: Performed 6 layouts in a row. Skipping
12-07 15:56:21.713  1883  1935 E WindowManager: Performed 6 layouts in a row. Skipping
12-07 15:56:21.733  1883  4704 E WindowManager: Performed 6 layouts in a row. Skipping
12-07 15:56:21.779  1883  1905 E WindowManager: Performed 6 layouts in a row. Skipping
12-07 15:56:21.813  1883  1935 E WindowManager: Performed 6 layouts in a row. Skipping
12-07 15:56:21.857  1883  1935 E WindowManager: Performed 6 layouts in a row. Skipping
12-07 15:56:22.244  1883  4258 E WindowManager: Performed 6 layouts in a row. Skipping
12-07 15:56:22.270  1883  1935 E WindowManager: Performed 6 layouts in a row. Skipping
12-07 15:56:22.316  1883  1898 E WindowManager: Performed 6 layouts in a row. Skipping
12-07 15:56:22.356  1883  1935 E WindowManager: Performed 6 layouts in a row. Skipping
12-07 15:56:22.467  1883  1935 E WindowManager: Performed 6 layouts in a row. Skipping
12-07 15:56:22.488  1883  1993 E WindowManager: Performed 6 layouts in a row. Skipping
12-07 15:56:22.526  1883  1935 E WindowManager: Performed 6 layouts in a row. Skipping
12-07 15:56:22.647  1883  1935 E WindowManager: Performed 6 layouts in a row. Skipping
12-07 15:56:36.024  2420  6630 E ctxmgr  : [ProducerStatusImpl]updateStateForNewContextData: inactive, contextName=7
12-07 15:56:36.309  2420  2420 E BeaconBle: Missing BluetoothAdapter
12-07 15:56:36.365  2420  2420 E BeaconBle: Scan couldn't start for Places
12-07 15:56:44.052  6834  6834 E boxed_process1: Not starting debugger since process cannot load the jdwp agent.
12-07 15:56:45.282  1613  6860 E audio_hw_generic: pcm_open(in) failed: cannot open device '/dev/snd/pcmC0D0c': Device or resource busy: channels 2 format 0 rate 16000
12-07 15:56:50.226  2117  2117 E PhoneInterfaceManager: [PhoneIntfMgr] getIccId: No UICC
12-07 15:56:50.384  1628  1628 E android.hardware.wifi@1.0-service: Failed to register radio mode change callback
12-07 15:56:50.384  1628  1628 E android.hardware.wifi@1.0-service: Failed to set DFS flag; DFS channels may be unavailable.
12-07 15:56:50.447  1738  1738 E wificond: No Offload Service available
12-07 15:56:50.549  2117  2117 E PhoneInterfaceManager: [PhoneIntfMgr] getIccId: No UICC
12-07 15:56:50.563  1883  1967 E WifiP2pService: Unhandled message { when=-1ms what=131203 target=com.android.internal.util.StateMachine$SmHandler }
12-07 15:56:50.590  1883  1967 E WifiP2pService: Unhandled message { when=0 what=131203 target=com.android.internal.util.StateMachine$SmHandler }
12-07 15:56:50.611  1883  1901 E BatteryExternalStatsWorker: no controller energy info supplied for wifi
12-07 15:56:50.638  1883  1901 E BatteryExternalStatsWorker: no controller energy info supplied for wifi
12-07 15:56:51.053  6875  6875 E viders.calenda: Not starting debugger since process cannot load the jdwp agent.
12-07 15:56:51.117  6891  6891 E ndroid.calenda: Not starting debugger since process cannot load the jdwp agent.
12-07 15:56:51.301  2117  2117 E PhoneInterfaceManager: [PhoneIntfMgr] getIccId: No UICC
12-07 15:56:51.354  2117  2117 E PhoneInterfaceManager: [PhoneIntfMgr] getIccId: No UICC
12-07 15:56:51.994  6935  6935 E droid.deskcloc: Not starting debugger since process cannot load the jdwp agent.
12-07 15:56:52.156  6935  6935 E LoadedApk: Unable to instantiate appComponentFactory
12-07 15:56:52.156  6935  6935 E LoadedApk: java.lang.ClassNotFoundException: Didn't find class "android.support.v4.app.CoreComponentFactory" on path: DexPathList[[zip file "/data/app/com.google.android.deskclock-irjeQ48B8SlCzNgOUY6aXg==/base.apk"],nativeLibraryDirectories=[/data/app/com.google.android.deskclock-irjeQ48B8SlCzNgOUY6aXg==/lib/x86, /system/lib]]
12-07 15:56:52.156  6935  6935 E LoadedApk: 	at dalvik.system.BaseDexClassLoader.findClass(BaseDexClassLoader.java:134)
12-07 15:56:52.156  6935  6935 E LoadedApk: 	at java.lang.ClassLoader.loadClass(ClassLoader.java:379)
12-07 15:56:52.156  6935  6935 E LoadedApk: 	at java.lang.ClassLoader.loadClass(ClassLoader.java:312)
12-07 15:56:52.156  6935  6935 E LoadedApk: 	at android.app.LoadedApk.createAppFactory(LoadedApk.java:226)
12-07 15:56:52.156  6935  6935 E LoadedApk: 	at android.app.LoadedApk.createOrUpdateClassLoaderLocked(LoadedApk.java:731)
12-07 15:56:52.156  6935  6935 E LoadedApk: 	at android.app.LoadedApk.getClassLoader(LoadedApk.java:810)
12-07 15:56:52.156  6935  6935 E LoadedApk: 	at android.app.LoadedApk.getResources(LoadedApk.java:1032)
12-07 15:56:52.156  6935  6935 E LoadedApk: 	at android.app.ContextImpl.createAppContext(ContextImpl.java:2345)
12-07 15:56:52.156  6935  6935 E LoadedApk: 	at android.app.ActivityThread.handleBindApplication(ActivityThread.java:5749)
12-07 15:56:52.156  6935  6935 E LoadedApk: 	at android.app.ActivityThread.access$1100(ActivityThread.java:199)
12-07 15:56:52.156  6935  6935 E LoadedApk: 	at android.app.ActivityThread$H.handleMessage(ActivityThread.java:1650)
12-07 15:56:52.156  6935  6935 E LoadedApk: 	at android.os.Handler.dispatchMessage(Handler.java:106)
12-07 15:56:52.156  6935  6935 E LoadedApk: 	at android.os.Looper.loop(Looper.java:193)
12-07 15:56:52.156  6935  6935 E LoadedApk: 	at android.app.ActivityThread.main(ActivityThread.java:6669)
12-07 15:56:52.156  6935  6935 E LoadedApk: 	at java.lang.reflect.Method.invoke(Native Method)
12-07 15:56:52.156  6935  6935 E LoadedApk: 	at com.android.internal.os.RuntimeInit$MethodAndArgsCaller.run(RuntimeInit.java:493)
12-07 15:56:52.156  6935  6935 E LoadedApk: 	at com.android.internal.os.ZygoteInit.main(ZygoteInit.java:858)
12-07 15:56:53.151  6970  6970 E com.ustwo.lwp: Not starting debugger since process cannot load the jdwp agent.
12-07 15:56:54.675  1883  1901 E BatteryExternalStatsWorker: no controller energy info supplied for wifi
12-07 15:56:55.239  2420  7013 E WakeLock: GCM_CONN_ALARM release without a matched acquire!
12-07 15:56:55.501  1735  1813 E Netd    : Error adding route ::/0 -> fe80::ff:fe00:100 wlan0 to table 1003: File exists
12-07 15:56:56.694  1738  1738 E wificond: Receive ERROR message in response to 'stop scheduled scan' request: Operation not supported on transport endpoint
12-07 15:56:56.711  6867  6867 E wpa_supplicant: nl80211: Failed to open /proc/sys/net/ipv4/conf/p2p-dev-wlan0/drop_unicast_in_l2_multicast: No such file or directory
12-07 15:56:56.711  6867  6867 E wpa_supplicant: nl80211: Failed to set IPv4 unicast in multicast filter
12-07 15:56:56.712  6867  6867 E wpa_supplicant: nl80211: Failed to open /proc/sys/net/ipv4/conf/p2p-dev-wlan0/drop_unicast_in_l2_multicast: No such file or directory
12-07 15:56:56.712  6867  6867 E wpa_supplicant: nl80211: Failed to set IPv4 unicast in multicast filter
12-07 15:56:56.815  6867  6867 E wpa_supplicant: nl80211: Failed to open /proc/sys/net/ipv4/conf/wlan0/drop_unicast_in_l2_multicast: No such file or directory
12-07 15:56:56.815  6867  6867 E wpa_supplicant: nl80211: Failed to set IPv4 unicast in multicast filter
12-07 15:56:56.815  6867  6867 E wpa_supplicant: nl80211: Failed to open /proc/sys/net/ipv4/conf/wlan0/drop_unicast_in_l2_multicast: No such file or directory
12-07 15:56:56.815  6867  6867 E wpa_supplicant: nl80211: Failed to set IPv4 unicast in multicast filter
12-07 15:56:56.913  6867  6867 E wpa_supplicant: nl80211: Failed to open /proc/sys/net/ipv4/conf/wlan0/drop_unicast_in_l2_multicast: No such file or directory
12-07 15:56:56.913  6867  6867 E wpa_supplicant: nl80211: Failed to set IPv4 unicast in multicast filter
12-07 15:56:57.116  1628  1628 E android.hardware.wifi@1.0-service: Failed to open directory: Permission denied
12-07 15:56:57.116  1628  1628 E android.hardware.wifi@1.0-service: Error occurred while deleting old tombstone files
12-07 15:56:57.116  1628  1628 E android.hardware.wifi@1.0-service: Error writing files to flash
12-07 15:56:57.348  1883  1967 E WifiP2pService: Unhandled message { when=0 what=131204 target=com.android.internal.util.StateMachine$SmHandler }
12-07 15:56:57.363  2420  7013 E WakeLock: GCM_HB_ALARM release without a matched acquire!
12-07 15:56:57.373  2420  7013 E GCM     : Connection closed with errorCode 20
12-07 15:56:57.376  1883  1901 E BatteryExternalStatsWorker: no controller energy info supplied for wifi
12-07 15:56:57.393  1883  1901 E BatteryExternalStatsWorker: no controller energy info supplied for wifi
12-07 15:56:57.434  2420  7026 E WakeLock: GCM_HB_ALARM release without a matched acquire!
12-07 15:56:57.465  2420  7026 E WakeLock: GCM_CONN_ALARM release without a matched acquire!
12-07 15:57:02.692  2528  5659 E SQLiteCastStore: Skip saving CastDeviceInfo: "Nearby device" (__cast_nearby___V_b76c9126-60dc-4dde-a54e-c633b6a2cda6)
12-07 15:57:06.386  1829  1829 E netmgr  : Failed to open QEMU pipe 'qemud:network': Invalid argument
12-07 15:57:06.386  1829  1829 E netmgr  : WifiForwarder unable to open QEMU pipe: Invalid argument
12-07 15:57:07.364  2420  7045 E WakeLock: GCM_HB_ALARM release without a matched acquire!
12-07 15:57:07.373  2420  7045 E WakeLock: GCM_CONN_ALARM release without a matched acquire!
12-07 15:57:12.108  1737  1809 E storaged: getDiskStats failed with result NOT_SUPPORTED and size 0
12-07 15:57:12.119  2420  5998 E ctxmgr  : [ProducerStatusImpl]updateStateForNewContextData: inactive, contextName=7
12-07 15:57:12.353  2420  2420 E BeaconBle: Missing BluetoothAdapter
12-07 15:57:12.481  2420  2420 E BeaconBle: Scan couldn't start for Places
12-07 15:57:15.805  7067  7067 E boxed_process1: Not starting debugger since process cannot load the jdwp agent.
12-07 15:57:15.981  1613  7084 E audio_hw_generic: pcm_open(in) failed: cannot open device '/dev/snd/pcmC0D0c': Device or resource busy: channels 2 format 0 rate 16000
12-07 15:57:17.826  1613  7100 E audio_hw_generic: pcm_open(in) failed: cannot open device '/dev/snd/pcmC0D0c': Device or resource busy: channels 2 format 0 rate 16000
12-07 15:57:21.654  7103  7103 E boxed_process1: Not starting debugger since process cannot load the jdwp agent.
12-07 15:57:27.209  2420  7132 E WakeLock: GCM_HB_ALARM release without a matched acquire!
12-07 15:57:27.212  2420  7132 E WakeLock: GCM_CONN_ALARM release without a matched acquire!
12-07 15:57:29.174  1613  7138 E audio_hw_generic: pcm_open(in) failed: cannot open device '/dev/snd/pcmC0D0c': Device or resource busy: channels 2 format 0 rate 16000
12-07 15:57:38.952  1628  1628 E android.hardware.wifi@1.0-service: Failed to register radio mode change callback
12-07 15:57:38.959  1628  1628 E android.hardware.wifi@1.0-service: Failed to set DFS flag; DFS channels may be unavailable.
12-07 15:57:39.035  1738  1738 E wificond: No Offload Service available
12-07 15:57:39.248  1883  1967 E WifiP2pService: Unhandled message { when=0 what=131203 target=com.android.internal.util.StateMachine$SmHandler }
12-07 15:57:39.255  1883  1967 E WifiP2pService: Unhandled message { when=-1ms what=131203 target=com.android.internal.util.StateMachine$SmHandler }
12-07 15:57:39.267  1883  1901 E BatteryExternalStatsWorker: no controller energy info supplied for wifi
12-07 15:57:39.283  1883  1901 E BatteryExternalStatsWorker: no controller energy info supplied for wifi
12-07 15:57:40.462  1613  7152 E audio_hw_generic: pcm_open(in) failed: cannot open device '/dev/snd/pcmC0D0c': Device or resource busy: channels 2 format 0 rate 16000
12-07 15:57:42.543  1883  1900 E libprocessgroup: Error encountered killing process cgroup uid 99013 pid 7103: No such file or directory
12-07 15:57:43.179  1883  1901 E BatteryExternalStatsWorker: no controller energy info supplied for wifi
12-07 15:57:43.215  1883  1965 E WifiVendorHal: stopRssiMonitoring(l.2404) failed {.code = ERROR_NOT_AVAILABLE, .description = }
12-07 15:57:43.521  2420  7170 E WakeLock: GCM_CONN_ALARM release without a matched acquire!
12-07 15:57:44.033  1735  1813 E Netd    : Error adding route ::/0 -> fe80::ff:fe00:100 wlan0 to table 1003: File exists
