--------- beginning of main
--------- beginning of system
12-07 14:45:44.614  1880  4569 E memtrack: Couldn't load memtrack module
12-07 14:45:44.758  1880  4569 E memtrack: Couldn't load memtrack module
12-07 14:45:47.467  1880  4569 E memtrack: Couldn't load memtrack module
12-07 14:45:49.842  1880  4569 E memtrack: Couldn't load memtrack module
12-07 14:45:49.877  2378  1913 E ctxmgr  : [ProducerStatusImpl]updateStateForNewContextData: inactive, contextName=7
12-07 14:45:49.888  1880  4569 E memtrack: Couldn't load memtrack module
12-07 14:45:49.896  1880  4569 E memtrack: Couldn't load memtrack module
12-07 14:45:49.897  1880  4569 E memtrack: Couldn't load memtrack module
12-07 14:45:49.900  1880  4569 E memtrack: Couldn't load memtrack module
12-07 14:45:49.907  1880  4569 E memtrack: Couldn't load memtrack module
12-07 14:45:49.914  1880  4569 E memtrack: Couldn't load memtrack module
12-07 14:45:49.923  1880  4569 E memtrack: Couldn't load memtrack module
12-07 14:45:49.930  1880  4569 E memtrack: Couldn't load memtrack module
12-07 14:45:49.946  1880  4569 E memtrack: Couldn't load memtrack module
12-07 14:45:49.961  1880  4569 E memtrack: Couldn't load memtrack module
12-07 14:45:49.970  1880  4569 E memtrack: Couldn't load memtrack module
12-07 14:45:49.978  1880  4569 E memtrack: Couldn't load memtrack module
12-07 14:45:49.998  1880  4569 E memtrack: Couldn't load memtrack module
12-07 14:45:50.005  1880  4569 E memtrack: Couldn't load memtrack module
12-07 14:45:50.034  1880  4569 E memtrack: Couldn't load memtrack module
12-07 14:45:50.043  1880  4569 E memtrack: Couldn't load memtrack module
12-07 14:45:50.052  1880  4569 E memtrack: Couldn't load memtrack module
12-07 14:45:50.065  1880  4569 E memtrack: Couldn't load memtrack module
12-07 14:45:50.076  1880  4569 E memtrack: Couldn't load memtrack module
12-07 14:45:50.087  1880  4569 E memtrack: Couldn't load memtrack module
12-07 14:45:50.095  1880  4569 E memtrack: Couldn't load memtrack module
12-07 14:45:50.102  1880  4569 E memtrack: Couldn't load memtrack module
12-07 14:45:50.110  1880  4569 E memtrack: Couldn't load memtrack module
12-07 14:45:55.065  1880  4569 E memtrack: Couldn't load memtrack module
12-07 14:45:55.102  1880  4569 E memtrack: Couldn't load memtrack module
12-07 14:45:55.113  1880  4569 E memtrack: Couldn't load memtrack module
12-07 14:45:55.161  1880  4569 E memtrack: Couldn't load memtrack module
12-07 14:45:55.180  1880  4569 E memtrack: Couldn't load memtrack module
12-07 14:45:55.190  1880  4569 E memtrack: Couldn't load memtrack module
12-07 14:45:55.199  2378  2378 E BeaconBle: Missing BluetoothAdapter
12-07 14:45:55.215  1880  4569 E memtrack: Couldn't load memtrack module
12-07 14:45:55.231  1880  4569 E memtrack: Couldn't load memtrack module
12-07 14:45:55.246  1880  4569 E memtrack: Couldn't load memtrack module
12-07 14:45:55.270  2378  2378 E BeaconBle: Scan couldn't start for Places
12-07 14:45:55.290  1880  4569 E memtrack: Couldn't load memtrack module
12-07 14:45:55.366  1880  4569 E memtrack: Couldn't load memtrack module
12-07 14:45:55.383  1880  4569 E memtrack: Couldn't load memtrack module
12-07 14:45:57.744  1829  1829 E netmgr  : Failed to open QEMU pipe 'qemud:network': Invalid argument
12-07 14:45:57.744  1829  1829 E netmgr  : WifiForwarder unable to open QEMU pipe: Invalid argument
12-07 14:45:57.751  1735  1809 E storaged: getDiskStats failed with result NOT_SUPPORTED and size 0
12-07 14:45:57.770  1880  4569 E memtrack: Couldn't load memtrack module
12-07 14:45:57.787  1880  4569 E memtrack: Couldn't load memtrack module
12-07 14:45:57.794  1880  4569 E memtrack: Couldn't load memtrack module
12-07 14:45:57.803  1880  4569 E memtrack: Couldn't load memtrack module
12-07 14:45:57.814  1880  4569 E memtrack: Couldn't load memtrack module
12-07 14:45:57.833  1880  4569 E memtrack: Couldn't load memtrack module
12-07 14:45:57.847  1880  4569 E memtrack: Couldn't load memtrack module
12-07 14:45:57.867  1880  4569 E memtrack: Couldn't load memtrack module
12-07 14:45:57.890  1880  4569 E memtrack: Couldn't load memtrack module
12-07 14:45:57.901  1880  4569 E memtrack: Couldn't load memtrack module
12-07 14:45:57.909  1880  4569 E memtrack: Couldn't load memtrack module
12-07 14:45:57.910  1880  1895 E AutofillSession: Error notifying client to finish session
12-07 14:45:57.910  1880  1895 E AutofillSession: android.os.DeadObjectException
12-07 14:45:57.910  1880  1895 E AutofillSession: 	at android.os.BinderProxy.transactNative(Native Method)
12-07 14:45:57.910  1880  1895 E AutofillSession: 	at android.os.BinderProxy.transact(Binder.java:1127)
12-07 14:45:57.910  1880  1895 E AutofillSession: 	at android.view.autofill.IAutoFillManagerClient$Stub$Proxy.setSessionFinished(IAutoFillManagerClient.java:512)
12-07 14:45:57.910  1880  1895 E AutofillSession: 	at com.android.server.autofill.Session.forceRemoveSelfLocked(Session.java:2751)
12-07 14:45:57.910  1880  1895 E AutofillSession: 	at com.android.server.autofill.Session.forceRemoveSelfLocked(Session.java:2738)
12-07 14:45:57.910  1880  1895 E AutofillSession: 	at com.android.server.autofill.AutofillManagerServiceImpl.destroySessionsLocked(AutofillManagerServiceImpl.java:1042)
12-07 14:45:57.910  1880  1895 E AutofillSession: 	at com.android.server.autofill.AutofillManagerService.updateCachedServiceLocked(AutofillManagerService.java:579)
12-07 14:45:57.910  1880  1895 E AutofillSession: 	at com.android.server.autofill.AutofillManagerService.updateCachedServiceLocked(AutofillManagerService.java:569)
12-07 14:45:57.910  1880  1895 E AutofillSession: 	at com.android.server.autofill.AutofillManagerService.access$400(AutofillManagerService.java:100)
12-07 14:45:57.910  1880  1895 E AutofillSession: 	at com.android.server.autofill.AutofillManagerService$2.onSomePackagesChanged(AutofillManagerService.java:215)
12-07 14:45:57.910  1880  1895 E AutofillSession: 	at com.android.internal.content.PackageMonitor.onReceive(PackageMonitor.java:451)
12-07 14:45:57.910  1880  1895 E AutofillSession: 	at android.app.LoadedApk$ReceiverDispatcher$Args.lambda$getRunnable$0(LoadedApk.java:1391)
12-07 14:45:57.910  1880  1895 E AutofillSession: 	at android.app.-$$Lambda$LoadedApk$ReceiverDispatcher$Args$_BumDX2UKsnxLVrE6UJsJZkotuA.run(Unknown Source:2)
12-07 14:45:57.910  1880  1895 E AutofillSession: 	at android.os.Handler.handleCallback(Handler.java:873)
12-07 14:45:57.910  1880  1895 E AutofillSession: 	at android.os.Handler.dispatchMessage(Handler.java:99)
12-07 14:45:57.910  1880  1895 E AutofillSession: 	at android.os.Looper.loop(Looper.java:193)
12-07 14:45:57.910  1880  1895 E AutofillSession: 	at android.os.HandlerThread.run(HandlerThread.java:65)
12-07 14:45:57.916  1880  4569 E memtrack: Couldn't load memtrack module
12-07 14:45:57.937  1880  4569 E memtrack: Couldn't load memtrack module
12-07 14:45:57.953  1880  4569 E memtrack: Couldn't load memtrack module
12-07 14:45:57.965  1880  4569 E memtrack: Couldn't load memtrack module
12-07 14:45:57.971  1880  4569 E memtrack: Couldn't load memtrack module
12-07 14:45:57.979  1880  4569 E memtrack: Couldn't load memtrack module
12-07 14:45:58.003  1880  4569 E memtrack: Couldn't load memtrack module
12-07 14:45:58.006  1880  4569 E memtrack: Couldn't load memtrack module
12-07 14:45:58.012  1880  4569 E memtrack: Couldn't load memtrack module
12-07 14:45:58.021  1880  4569 E memtrack: Couldn't load memtrack module
12-07 14:45:58.027  1880  4569 E memtrack: Couldn't load memtrack module
12-07 14:45:58.032  1880  4569 E memtrack: Couldn't load memtrack module
12-07 14:45:58.038  1880  4569 E memtrack: Couldn't load memtrack module
12-07 14:45:58.045  1880  4569 E memtrack: Couldn't load memtrack module
12-07 14:45:58.050  1880  4569 E memtrack: Couldn't load memtrack module
12-07 14:46:05.635  1880  4569 E memtrack: Couldn't load memtrack module
12-07 14:46:05.687  1880  4569 E memtrack: Couldn't load memtrack module
12-07 14:46:05.728  1880  4569 E memtrack: Couldn't load memtrack module
12-07 14:46:05.745  1880  4569 E memtrack: Couldn't load memtrack module
12-07 14:46:05.760  1880  4569 E memtrack: Couldn't load memtrack module
12-07 14:46:05.777  1880  4569 E memtrack: Couldn't load memtrack module
12-07 14:46:05.781  1880  4569 E memtrack: Couldn't load memtrack module
12-07 14:46:05.789  1880  4569 E memtrack: Couldn't load memtrack module
12-07 14:46:21.575  1727  1777 E         : Couldn't opendir /data/app/vmdl692895763.tmp: No such file or directory
12-07 14:46:21.576  1727  1777 E installd: Failed to delete /data/app/vmdl692895763.tmp: No such file or directory
12-07 14:46:39.832  1880  1900 E BluetoothAdapter: Bluetooth binder is null
12-07 14:46:39.833  1880  1900 E BatteryExternalStatsWorker: no controller energy info supplied for wifi
12-07 14:46:47.939  2918  2918 E harlton.mileag: Not starting debugger since process cannot load the jdwp agent.
12-07 14:46:58.305  1829  1829 E netmgr  : Failed to open QEMU pipe 'qemud:network': Invalid argument
12-07 14:46:58.306  1829  1829 E netmgr  : WifiForwarder unable to open QEMU pipe: Invalid argument
12-07 14:46:58.314  1735  1809 E storaged: getDiskStats failed with result NOT_SUPPORTED and size 0
12-07 14:47:01.159  1880  1895 E memtrack: Couldn't load memtrack module
12-07 14:47:11.799  1880  1897 E AutofillSession: No assist structure - app might have crashed providing it
12-07 14:47:11.823  1880  1895 E memtrack: Couldn't load memtrack module
12-07 14:47:12.044  1992  9017 E putmethod.lati: Invalid ID 0x00000001.
12-07 14:47:12.049  1992  9017 E LstmTrainingCache: emn: Can't get resource name for input slot
12-07 14:47:12.049  1992  9017 E LstmTrainingCache: android.content.res.Resources$NotFoundException: Unable to find resource ID #0x1
12-07 14:47:12.049  1992  9017 E LstmTrainingCache: 	at android.content.res.ResourcesImpl.getResourceName(ResourcesImpl.java:255)
12-07 14:47:12.049  1992  9017 E LstmTrainingCache: 	at android.content.res.Resources.getResourceName(Resources.java:1954)
12-07 14:47:12.049  1992  9017 E LstmTrainingCache: 	at emn.a(PG:12)
12-07 14:47:12.049  1992  9017 E LstmTrainingCache: 	at emk.run(PG:5)
12-07 14:47:12.049  1992  9017 E LstmTrainingCache: 	at java.lang.Thread.run(Thread.java:764)
12-07 14:47:19.625  2918  2936 E libbacktrace: void SignalHandler(int, siginfo_t *, void *): Timed out waiting for unwind thread to indicate it completed.
12-07 14:47:27.579  1880  1896 E system_server: libdebuggerd_client: failed to read response from tombstoned: timeout reached?
12-07 14:47:27.591  2068  2085 E audio_hw_generic: pcm_write failed cannot write stream data: I/O error
12-07 14:47:27.789  1741  1741 E /system/bin/tombstoned: Traces for pid 2918 written to: /data/anr/trace_25
12-07 14:47:30.142  1880  1896 E system_server: libdebuggerd_client: received packet of unexpected length from tombstoned: expected 128, received -1
12-07 14:47:30.302  1741  1741 E /system/bin/tombstoned: Tombstone written to: /data/tombstones/tombstone_09
12-07 14:47:35.372  1880  1896 E system_server: libdebuggerd_client: received packet of unexpected length from tombstoned: expected 128, received -1
12-07 14:47:40.647  1880  1896 E system_server: libdebuggerd_client: timeout expired
12-07 14:47:40.648  1880  1896 E ActivityManager: Aborting stack trace dump (current firstPid=1880); deadline exceeded.
12-07 14:47:40.762  1880  1896 E ActivityManager: ANR in com.evancharlton.mileage (com.evancharlton.mileage/.Mileage)
12-07 14:47:40.762  1880  1896 E ActivityManager: PID: 2918
12-07 14:47:40.762  1880  1896 E ActivityManager: Reason: Input dispatching timed out (Waiting to send key event because the focused window has not finished processing all of the input events that were previously delivered to it.  Outbound queue length: 0.  Wait queue length: 1.)
12-07 14:47:40.762  1880  1896 E ActivityManager: Load: 6.16 / 7.3 / 6.09
12-07 14:47:40.762  1880  1896 E ActivityManager: CPU usage from 0ms to 31544ms later (2018-12-07 14:47:09.116 to 2018-12-07 14:47:40.660):
12-07 14:47:40.762  1880  1896 E ActivityManager:   56% 1880/system_server: 29% user + 27% kernel / faults: 5756 minor 141 major
12-07 14:47:40.762  1880  1896 E ActivityManager:   31% 2918/com.evancharlton.mileage: 13% user + 18% kernel / faults: 12592 minor 57 major
12-07 14:47:40.762  1880  1896 E ActivityManager:   23% 2378/com.google.android.gms.persistent: 12% user + 11% kernel / faults: 410 minor 102 major
12-07 14:47:40.762  1880  1896 E ActivityManager:   17% 646/kswapd0: 0% user + 17% kernel
12-07 14:47:40.762  1880  1896 E ActivityManager:   9.5% 19845/com.google.android.googlequicksearchbox:search: 4% user + 5.4% kernel / faults: 11586 minor 190 major
12-07 14:47:40.762  1880  1896 E ActivityManager:   7.9% 1722/surfaceflinger: 3.4% user + 4.5% kernel / faults: 14 minor
12-07 14:47:40.762  1880  1896 E ActivityManager:   5.9% 32186/kworker/u9:1: 0% user + 5.9% kernel
12-07 14:47:40.762  1880  1896 E ActivityManager:   0.6% 2300/adbd: 0% user + 0.6% kernel / faults: 33924 minor
12-07 14:47:40.762  1880  1896 E ActivityManager:   0.4% 2068/android.hardware.audio@2.0-service: 0% user + 0.4% kernel / faults: 3 major
12-07 14:47:40.762  1880  1896 E ActivityManager:   0.2% 2065/audioserver: 0% user + 0.2% kernel / faults: 8 minor 16 major
12-07 14:47:40.762  1880  1896 E ActivityManager:   0.3% 2008/com.android.systemui: 0.1% user + 0.1% kernel / faults: 71 minor 15 major
12-07 14:47:40.762  1880  1896 E ActivityManager:   0.2% 1992/com.google.android.inputmethod.latin: 0.1% user + 0% kernel / faults: 170 minor 23 major
12-07 14:47:40.762  1880  1896 E ActivityManager:   0.1% 1518/kworker/u8:1: 0% user + 0.1% kernel
12-07 14:47:40.762  1880  1896 E ActivityManager:   0.2% 1745/android.hardware.graphics.composer@2.1-service: 0.1% user + 0% kernel / faults: 9 minor
12-07 14:47:40.762  1880  1896 E ActivityManager:   0.2% 32598/kworker/u9:0: 0% user + 0.2% kernel
12-07 14:47:40.762  1880  1896 E ActivityManager:   0.2% 1553/logd: 0% user + 0.2% kernel / faults: 1 major
12-07 14:47:40.762  1880  1896 E ActivityManager:   0.1% 1624/android.hardware.sensors@1.0-service: 0% user + 0% kernel
12-07 14:47:40.762  1880  1896 E ActivityManager:   0.1% 18700/kworker/u9:4: 0% user + 0.1% kernel
12-07 14:47:40.762  1880  1896 E ActivityManager:   0.1% 396/kworker/u8:0: 0% user + 0.1% kernel
12-07 14:47:40.762  1880  1896 E ActivityManager:   0% 1741/tombstoned: 0% user + 0% kernel / faults: 6 minor 2 major
12-07 14:47:40.762  1880  1896 E ActivityManager:   0.1% 2590/kworker/u8:2: 0% user + 0.1% kernel
12-07 14:47:40.762  1880  1896 E ActivityManager:   0.1% 32698/kworker/u9:3: 0% user + 0.1% kernel
12-07 14:47:40.762  1880  1896 E ActivityManager:   0% 3/ksoftirqd/0: 0% user + 0% kernel
12-07 14:47:40.762  1880  1896 E ActivityManager:   0% 2780/com.android.vending: 0% user + 0% kernel / faults: 35 minor 1 major
12-07 14:47:40.762  1880  1896 E ActivityManager:   0% 1608/healthd: 0% user + 0% kernel / faults: 1 minor 1 major
12-07 14:47:40.762  1880  1896 E ActivityManager:   0% 1620/android.hardware.graphics.allocator@2.0-service: 0% user + 0% kernel / faults: 9 minor
12-07 14:47:40.762  1880  1896 E ActivityManager:   0% 1892/kworker/2:1H: 0% user + 0% kernel
12-07 14:47:40.762  1880  1896 E ActivityManager:   0% 2715/kworker/2:1: 0% user + 0% kernel
12-07 14:47:40.762  1880  1896 E ActivityManager:   0% 2893/com.android.commands.monkey: 0% user + 0% kernel / faults: 8 minor
12-07 14:47:40.762  1880  1896 E ActivityManager:   0% 32532/kworker/u8:4: 0% user + 0% kernel
12-07 14:47:40.762  1880  1896 E ActivityManager:   0% 12/ksoftirqd/1: 0% user + 0% kernel
12-07 14:47:40.762  1880  1896 E ActivityManager:   0% 1246/kworker/1:1: 0% user + 0% kernel
12-07 14:47:40.762  1880  1896 E ActivityManager:   0% 1619/android.hardware.gnss@1.0-service: 0% user + 0% kernel
12-07 14:47:40.762  1880  1896 E ActivityManager:   0% 1622/android.hardware.health@2.0-service.goldfish: 0% user + 0% kernel / faults: 1 minor 3 major
12-07 14:47:40.762  1880  1896 E ActivityManager:   0% 1715/jbd2/dm-1-8: 0% user + 0% kernel
12-07 14:47:40.762  1880  1896 E ActivityManager:   0% 1734/statsd: 0% user + 0% kernel
12-07 14:47:40.762  1880  1896 E ActivityManager:   0% 1744/kworker/u8:3: 0% user + 0% kernel
12-07 14:47:40.762  1880  1896 E ActivityManager:   0% 2169/kworker/0:0: 0% user + 0% kernel
12-07 14:47:40.762  1880  1896 E ActivityManager:   0% 2318/logcat: 0% user + 0% kernel
12-07 14:47:40.762  1880  1896 E ActivityManager:   0% 26518/com.google.android.apps.nexuslauncher: 0% user + 0% kernel / faults: 19 minor 6 major
12-07 14:47:40.762  1880  1896 E ActivityManager:  +0% 2969/crash_dump32: 0% user + 0% kernel
12-07 14:47:40.762  1880  1896 E ActivityManager:  +0% 2971/system_server: 0% user + 0% kernel
12-07 14:47:40.762  1880  1896 E ActivityManager: 18% TOTAL: 3.2% user + 5.1% kernel + 10% iowait + 0.2% softirq
12-07 14:47:40.762  1880  1896 E ActivityManager: CPU usage from 40ms to 5146ms later (2018-12-07 14:47:09.157 to 2018-12-07 14:47:14.262):
12-07 14:47:40.762  1880  1896 E ActivityManager:   136% 1880/system_server: 74% user + 61% kernel / faults: 853 minor 13 major
12-07 14:47:40.762  1880  1896 E ActivityManager:     42% 1954/InputDispatcher: 27% user + 14% kernel
12-07 14:47:40.762  1880  1896 E ActivityManager:     42% 4569/Binder:1880_1C: 20% user + 21% kernel
12-07 14:47:40.762  1880  1896 E ActivityManager:     41% 1906/PowerManagerSer: 24% user + 17% kernel
12-07 14:47:40.762  1880  1896 E ActivityManager:     3.8% 1896/ActivityManager: 3.8% user + 0% kernel
12-07 14:47:40.762  1880  1896 E ActivityManager:     2.8% 1889/HeapTaskDaemon: 1.8% user + 1% kernel
12-07 14:47:40.762  1880  1896 E ActivityManager:     1.4% 1895/android.bg: 0.8% user + 0.6% kernel
12-07 14:47:40.762  1880  1896 E ActivityManager:     0.4% 1880/system_server: 0% user + 0.4% kernel
12-07 14:47:40.762  1880  1896 E ActivityManager:     0.4% 3227/Binder:1880_E: 0% user + 0.4% kernel
12-07 14:47:40.762  1880  1896 E ActivityManager:     0.2% 1902/android.fg: 0% user + 0.2% kernel
12-07 14:47:40.762  1880  1896 E ActivityManager:     0.2% 1904/android.display: 0% user + 0.2% kernel
12-07 14:47:40.762  1880  1896 E ActivityManager:     0.2% 1944/SensorService: 0% user + 0.2% kernel
12-07 14:47:40.762  1880  1896 E ActivityManager:     0.2% 3232/Binder:1880_F: 0.2% user + 0% kernel
12-07 14:47:40.762  1880  1896 E ActivityManager:   43% 1722/surfaceflinger: 18% user + 24% kernel / faults: 4 minor
12-07 14:47:40.762  1880  1896 E ActivityManager:     42% 1722/surfaceflinger: 16% user + 25%
12-07 14:47:40.899  1880  1895 E memtrack: Couldn't load memtrack module
12-07 14:47:40.919  1741  1741 E /system/bin/tombstoned: Traces for pid 1880 written to: /data/anr/trace_26
12-07 14:47:46.068  1880  5556 E memtrack: Couldn't load memtrack module
12-07 14:47:46.151  1880  5556 E memtrack: Couldn't load memtrack module
12-07 14:47:51.129  1880  5556 E memtrack: Couldn't load memtrack module
12-07 14:47:51.203  1880  5556 E memtrack: Couldn't load memtrack module
12-07 14:47:51.288  1880  5556 E memtrack: Couldn't load memtrack module
12-07 14:47:51.371  1880  5556 E memtrack: Couldn't load memtrack module
12-07 14:47:53.847  1880  5556 E memtrack: Couldn't load memtrack module
12-07 14:47:53.935  1880  5556 E memtrack: Couldn't load memtrack module
12-07 14:47:54.004  1880  5556 E memtrack: Couldn't load memtrack module
12-07 14:47:54.074  1880  5556 E memtrack: Couldn't load memtrack module
12-07 14:47:54.156  1880  5556 E memtrack: Couldn't load memtrack module
12-07 14:47:56.362  1880  5556 E memtrack: Couldn't load memtrack module
12-07 14:47:56.457  1880  5556 E memtrack: Couldn't load memtrack module
12-07 14:47:56.529  1880  5556 E memtrack: Couldn't load memtrack module
12-07 14:47:56.595  1880  5556 E memtrack: Couldn't load memtrack module
12-07 14:47:58.980  1829  1829 E netmgr  : Failed to open QEMU pipe 'qemud:network': Invalid argument
12-07 14:47:58.981  1829  1829 E netmgr  : WifiForwarder unable to open QEMU pipe: Invalid argument
12-07 14:47:58.985  1735  1809 E storaged: getDiskStats failed with result NOT_SUPPORTED and size 0
12-07 14:47:58.988  1880  5556 E memtrack: Couldn't load memtrack module
12-07 14:47:59.089  1880  5556 E memtrack: Couldn't load memtrack module
