--------- beginning of main
12-08 05:12:12.323 22447 22447 E oid.documentsu: Not starting debugger since process cannot load the jdwp agent.
--------- beginning of system
12-08 05:12:12.411 22459 22459 E ndroid.keychai: Not starting debugger since process cannot load the jdwp agent.
12-08 05:12:13.284 22505 22505 E droid.apps.doc: Not starting debugger since process cannot load the jdwp agent.
12-08 05:12:14.264 22528 22528 E d.process.medi: Not starting debugger since process cannot load the jdwp agent.
12-08 05:12:14.540  1829  1829 E netmgr  : Failed to open QEMU pipe 'qemud:network': Invalid argument
12-08 05:12:14.540  1829  1829 E netmgr  : WifiForwarder unable to open QEMU pipe: Invalid argument
12-08 05:12:15.358 22505 22505 E DocsApplication: [main] No default account found during application creation.
12-08 05:12:16.210  1729  1729 E         : Couldn't opendir /data/app/vmdl64241338.tmp: No such file or directory
12-08 05:12:16.210  1729  1729 E installd: Failed to delete /data/app/vmdl64241338.tmp: No such file or directory
12-08 05:12:20.185 22592 22592 E harlton.mileag: Not starting debugger since process cannot load the jdwp agent.
12-08 05:12:32.153 16085 31762 E putmethod.lati: Invalid ID 0x00000001.
12-08 05:12:32.177 16085 31762 E LstmTrainingCache: emn: Can't get resource name for input slot
12-08 05:12:32.177 16085 31762 E LstmTrainingCache: android.content.res.Resources$NotFoundException: Unable to find resource ID #0x1
12-08 05:12:32.177 16085 31762 E LstmTrainingCache: 	at android.content.res.ResourcesImpl.getResourceName(ResourcesImpl.java:255)
12-08 05:12:32.177 16085 31762 E LstmTrainingCache: 	at android.content.res.Resources.getResourceName(Resources.java:1954)
12-08 05:12:32.177 16085 31762 E LstmTrainingCache: 	at emn.a(PG:12)
12-08 05:12:32.177 16085 31762 E LstmTrainingCache: 	at emk.run(PG:5)
12-08 05:12:32.177 16085 31762 E LstmTrainingCache: 	at java.lang.Thread.run(Thread.java:764)
12-08 05:12:32.627 22619 22619 E emui:screensho: Not starting debugger since process cannot load the jdwp agent.
12-08 05:12:33.382 16085 31762 E putmethod.lati: Invalid ID 0x00000001.
12-08 05:12:33.406 16085 31762 E LstmTrainingCache: emn: Can't get resource name for input slot
12-08 05:12:33.406 16085 31762 E LstmTrainingCache: android.content.res.Resources$NotFoundException: Unable to find resource ID #0x1
12-08 05:12:33.406 16085 31762 E LstmTrainingCache: 	at android.content.res.ResourcesImpl.getResourceName(ResourcesImpl.java:255)
12-08 05:12:33.406 16085 31762 E LstmTrainingCache: 	at android.content.res.Resources.getResourceName(Resources.java:1954)
12-08 05:12:33.406 16085 31762 E LstmTrainingCache: 	at emn.a(PG:12)
12-08 05:12:33.406 16085 31762 E LstmTrainingCache: 	at emk.run(PG:5)
12-08 05:12:33.406 16085 31762 E LstmTrainingCache: 	at java.lang.Thread.run(Thread.java:764)
12-08 05:12:33.440 22619 22619 E SoundPool: error loading /product/media/audio/ui/camera_click.ogg
12-08 05:12:33.790  1739  1739 E OMXNodeInstance: getConfig(0xee326b40:google.vorbis.decoder, ConfigAndroidVendorExtension(0x6f100004)) ERROR: Undefined(0x80001001)
12-08 05:12:34.056 16085 31762 E putmethod.lati: Invalid ID 0x00000001.
12-08 05:12:34.065 16085 31762 E LstmTrainingCache: emn: Can't get resource name for input slot
12-08 05:12:34.065 16085 31762 E LstmTrainingCache: android.content.res.Resources$NotFoundException: Unable to find resource ID #0x1
12-08 05:12:34.065 16085 31762 E LstmTrainingCache: 	at android.content.res.ResourcesImpl.getResourceName(ResourcesImpl.java:255)
12-08 05:12:34.065 16085 31762 E LstmTrainingCache: 	at android.content.res.Resources.getResourceName(Resources.java:1954)
12-08 05:12:34.065 16085 31762 E LstmTrainingCache: 	at emn.a(PG:12)
12-08 05:12:34.065 16085 31762 E LstmTrainingCache: 	at emk.run(PG:5)
12-08 05:12:34.065 16085 31762 E LstmTrainingCache: 	at java.lang.Thread.run(Thread.java:764)
12-08 05:12:35.687  1737  1809 E storaged: getDiskStats failed with result NOT_SUPPORTED and size 0
12-08 05:12:39.391 10641 10670 E MicroDetectionWorker: Stale runnable..ignoring
12-08 05:12:39.545 10641 10641 E ContextIntentStarter: No activity found for any of the 0 intents
12-08 05:12:40.453 16506 21003 E ctxmgr  : [AppIntervalImpl]closeInterval: ongoing
12-08 05:12:40.457 16506 21003 E ctxmgr  : [AppIntervalImpl]closeInterval: ongoing
12-08 05:12:40.613 16506 16506 E BeaconBle: Missing BluetoothAdapter
12-08 05:12:40.716 16506 16506 E BeaconBle: Scan couldn't start for Places
12-08 05:12:41.937 15976 17388 E WindowManager: Performed 6 layouts in a row. Skipping
12-08 05:12:41.961 15976 16026 E WindowManager: Performed 6 layouts in a row. Skipping
12-08 05:12:42.094 15976 16026 E WindowManager: Performed 6 layouts in a row. Skipping
12-08 05:12:42.133 15976 16026 E WindowManager: Performed 6 layouts in a row. Skipping
12-08 05:12:42.152 15976 16026 E WindowManager: Performed 6 layouts in a row. Skipping
12-08 05:12:42.189 15976 16026 E WindowManager: Performed 6 layouts in a row. Skipping
12-08 05:12:42.215 15976 16026 E WindowManager: Performed 6 layouts in a row. Skipping
12-08 05:12:42.242 15976 16026 E WindowManager: Performed 6 layouts in a row. Skipping
12-08 05:12:42.259 15976 15991 E WindowManager: Performed 6 layouts in a row. Skipping
12-08 05:12:42.295 15976 17135 E WindowManager: Performed 6 layouts in a row. Skipping
12-08 05:12:47.243 22678 22678 E oid.apps.photo: Not starting debugger since process cannot load the jdwp agent.
12-08 05:12:48.820 22700 22700 E ocess.gservice: Not starting debugger since process cannot load the jdwp agent.
12-08 05:13:14.547  1829  1829 E netmgr  : Failed to open QEMU pipe 'qemud:network': Invalid argument
12-08 05:13:14.547  1829  1829 E netmgr  : WifiForwarder unable to open QEMU pipe: Invalid argument
12-08 05:13:35.713  1737  1809 E storaged: getDiskStats failed with result NOT_SUPPORTED and size 0
12-08 05:14:14.556  1829  1829 E netmgr  : Failed to open QEMU pipe 'qemud:network': Invalid argument
12-08 05:14:14.556  1829  1829 E netmgr  : WifiForwarder unable to open QEMU pipe: Invalid argument
12-08 05:14:35.719  1737  1809 E storaged: getDiskStats failed with result NOT_SUPPORTED and size 0
12-08 05:14:46.771 22784 22784 E id.partnersetu: Not starting debugger since process cannot load the jdwp agent.
12-08 05:14:46.772 22778 22778 E id.gms.learnin: Not starting debugger since process cannot load the jdwp agent.
12-08 05:14:57.333 16788 17129 E PlayCommon: [121] com.google.android.play.b.g.a(448): Failed to connect to server: java.net.UnknownHostException: Unable to resolve host "play.googleapis.com": No address associated with hostname
12-08 05:15:14.577  1829  1829 E netmgr  : Failed to open QEMU pipe 'qemud:network': Invalid argument
12-08 05:15:14.577  1829  1829 E netmgr  : WifiForwarder unable to open QEMU pipe: Invalid argument
12-08 05:15:35.738  1737  1809 E storaged: getDiskStats failed with result NOT_SUPPORTED and size 0
12-08 05:16:14.639  1829  1829 E netmgr  : Failed to open QEMU pipe 'qemud:network': Invalid argument
12-08 05:16:14.639  1829  1829 E netmgr  : WifiForwarder unable to open QEMU pipe: Invalid argument
12-08 05:16:35.744  1737  1809 E storaged: getDiskStats failed with result NOT_SUPPORTED and size 0
