--------- beginning of main
--------- beginning of system
12-07 22:51:11.223  7588  7588 E droid.apps.doc: Not starting debugger since process cannot load the jdwp agent.
12-07 22:51:13.037  7588  7588 E DocsApplication: [main] No default account found during application creation.
12-07 22:51:14.261  1729  1931 E         : Couldn't opendir /data/app/vmdl971653759.tmp: No such file or directory
12-07 22:51:14.261  1729  1931 E installd: Failed to delete /data/app/vmdl971653759.tmp: No such file or directory
12-07 22:51:15.233 16506  5850 E ctxmgr  : [AppIntervalImpl]closeInterval: stopTimeMillis invalid, stop=1544223075233, start=1544238227857
12-07 22:51:15.282 16506  5850 E ctxmgr  : [AppIntervalImpl]closeInterval: stopTimeMillis invalid, stop=1544223075282, start=1544238227858
12-07 22:51:15.770 15927  7667 E audio_hw_generic: pcm_open(in) failed: cannot open device '/dev/snd/pcmC0D0c': Device or resource busy: channels 2 format 0 rate 16000
12-07 22:51:16.047 16506 16506 E BeaconBle: Scan couldn't start for Places
12-07 22:51:17.829  7679  7679 E harlton.mileag: Not starting debugger since process cannot load the jdwp agent.
12-07 22:51:26.497 16506  7664 E ctxmgr  : [AppIntervalImpl]closeInterval: stopTimeMillis invalid, stop=1544223086494, start=1544238227857
12-07 22:51:26.503 16506  7664 E ctxmgr  : [AppIntervalImpl]closeInterval: stopTimeMillis invalid, stop=1544223086503, start=1544238227858
12-07 22:51:28.178  1737  1809 E storaged: getDiskStats failed with result NOT_SUPPORTED and size 0
12-07 22:51:33.082 15976 16042 E WindowManager: Performed 6 layouts in a row. Skipping
12-07 22:51:33.098 15976 17637 E WindowManager: Performed 6 layouts in a row. Skipping
12-07 22:51:33.124 15976 19469 E WindowManager: Performed 6 layouts in a row. Skipping
12-07 22:51:33.157 15976 19360 E WindowManager: Performed 6 layouts in a row. Skipping
12-07 22:51:33.184 15976 16026 E WindowManager: Performed 6 layouts in a row. Skipping
12-07 22:51:33.253 15976 16026 E WindowManager: Performed 6 layouts in a row. Skipping
12-07 22:51:33.275 15976 15991 E WindowManager: Performed 6 layouts in a row. Skipping
12-07 22:51:33.306 15976 17775 E WindowManager: Performed 6 layouts in a row. Skipping
12-07 22:51:33.341 15976 16026 E WindowManager: Performed 6 layouts in a row. Skipping
12-07 22:51:33.374 15976 19360 E WindowManager: Performed 6 layouts in a row. Skipping
12-07 22:51:33.413 15976 16026 E WindowManager: Performed 6 layouts in a row. Skipping
12-07 22:51:33.433 15976 16026 E WindowManager: Performed 6 layouts in a row. Skipping
12-07 22:51:33.468 15976 16026 E WindowManager: Performed 6 layouts in a row. Skipping
12-07 22:51:33.538 15976 16026 E WindowManager: Performed 6 layouts in a row. Skipping
12-07 22:51:33.560 15976 16115 E WindowManager: Performed 6 layouts in a row. Skipping
12-07 22:51:33.615 15976 16026 E WindowManager: Performed 6 layouts in a row. Skipping
12-07 22:51:35.148 16506 16506 E BeaconBle: Missing BluetoothAdapter
12-07 22:51:35.220 16506 16506 E BeaconBle: Scan couldn't start for Places
12-07 22:51:35.744 15976 16026 E WindowManager: Performed 6 layouts in a row. Skipping
12-07 22:51:35.763 15976 18395 E WindowManager: Performed 6 layouts in a row. Skipping
12-07 22:51:35.795 15976 16026 E WindowManager: Performed 6 layouts in a row. Skipping
12-07 22:51:36.234 15976 16026 E WindowManager: Performed 6 layouts in a row. Skipping
12-07 22:51:36.252 15976 18395 E WindowManager: Performed 6 layouts in a row. Skipping
12-07 22:51:36.280 15976 16026 E WindowManager: Performed 6 layouts in a row. Skipping
12-07 22:51:36.304 15976 18395 E WindowManager: Performed 6 layouts in a row. Skipping
12-07 22:51:36.329 15976 16026 E WindowManager: Performed 6 layouts in a row. Skipping
12-07 22:51:36.353 15976 18395 E WindowManager: Performed 6 layouts in a row. Skipping
12-07 22:51:36.383 15976 16026 E WindowManager: Performed 6 layouts in a row. Skipping
12-07 22:51:37.862 15976 16026 E WindowManager: Performed 6 layouts in a row. Skipping
12-07 22:51:41.258 16561 16561 E ContextIntentStarter: No activity found for any of the 0 intents
12-07 22:51:51.615 15927  7756 E audio_hw_generic: pcm_open(in) failed: cannot open device '/dev/snd/pcmC0D0c': Device or resource busy: channels 2 format 0 rate 16000
12-07 22:51:52.126  7760  7760 E dboxed_process: Not starting debugger since process cannot load the jdwp agent.
12-07 22:52:06.367  1829  1829 E netmgr  : Failed to open QEMU pipe 'qemud:network': Invalid argument
12-07 22:52:06.367  1829  1829 E netmgr  : WifiForwarder unable to open QEMU pipe: Invalid argument
12-07 22:52:28.208  1737  1809 E storaged: getDiskStats failed with result NOT_SUPPORTED and size 0
12-07 22:52:53.992 16485 16485 E SchedPolicy: set_timerslack_ns write failed: Operation not permitted
12-07 22:52:58.185 16485 16485 E SchedPolicy: set_timerslack_ns write failed: Operation not permitted
12-07 22:53:06.369  1829  1829 E netmgr  : Failed to open QEMU pipe 'qemud:network': Invalid argument
12-07 22:53:06.369  1829  1829 E netmgr  : WifiForwarder unable to open QEMU pipe: Invalid argument
12-07 22:53:28.214  1737  1809 E storaged: getDiskStats failed with result NOT_SUPPORTED and size 0
12-07 22:53:56.495 15976 15994 E BatteryExternalStatsWorker: no controller energy info supplied for wifi
12-07 22:54:06.380  1829  1829 E netmgr  : Failed to open QEMU pipe 'qemud:network': Invalid argument
12-07 22:54:06.380  1829  1829 E netmgr  : WifiForwarder unable to open QEMU pipe: Invalid argument
12-07 22:54:28.358  1737  1809 E storaged: getDiskStats failed with result NOT_SUPPORTED and size 0
12-07 22:54:59.196  1724  1724 E SurfaceFlinger: [StatusBar#0] rejecting buffer: bufWidth=1080, bufHeight=1920, front.active.{w=1080, h=63}
12-07 22:55:02.046 16085 16085 E native  : clearcut-logger.cc:191 USER_EDIT span#originalSpan is missing
