--------- beginning of main
--------- beginning of system
12-09 00:00:58.950  1881  1894 E memtrack: Couldn't load memtrack module
12-09 00:00:58.956  1881  1894 E memtrack: Couldn't load memtrack module
12-09 00:00:58.956  1881  1894 E memtrack: Couldn't load memtrack module
12-09 00:00:58.957  1881  1894 E memtrack: Couldn't load memtrack module
12-09 00:00:58.959  1881  1894 E memtrack: Couldn't load memtrack module
12-09 00:00:58.967  1881  1894 E memtrack: Couldn't load memtrack module
12-09 00:00:58.971  1881  1894 E memtrack: Couldn't load memtrack module
12-09 00:00:58.975  1881  1894 E memtrack: Couldn't load memtrack module
12-09 00:00:58.982  1881  1894 E memtrack: Couldn't load memtrack module
12-09 00:00:59.001  1881  1894 E memtrack: Couldn't load memtrack module
12-09 00:00:59.011  1881  1894 E memtrack: Couldn't load memtrack module
12-09 00:00:59.013  1881  1894 E memtrack: Couldn't load memtrack module
12-09 00:00:59.016  1881  1894 E memtrack: Couldn't load memtrack module
12-09 00:00:59.027  1881  1894 E memtrack: Couldn't load memtrack module
12-09 00:00:59.035  1881  1894 E memtrack: Couldn't load memtrack module
12-09 00:00:59.047  1881  1894 E memtrack: Couldn't load memtrack module
12-09 00:00:59.070  1881  1894 E memtrack: Couldn't load memtrack module
12-09 00:00:59.074  1881  1894 E memtrack: Couldn't load memtrack module
12-09 00:00:59.080  1881  1894 E memtrack: Couldn't load memtrack module
12-09 00:00:59.086  1881  1894 E memtrack: Couldn't load memtrack module
12-09 00:00:59.101  1881  1894 E memtrack: Couldn't load memtrack module
12-09 00:00:59.106  1881  1894 E memtrack: Couldn't load memtrack module
12-09 00:00:59.119  1881  1894 E memtrack: Couldn't load memtrack module
12-09 00:00:59.130  1881  1894 E memtrack: Couldn't load memtrack module
12-09 00:00:59.143  1881  1894 E memtrack: Couldn't load memtrack module
12-09 00:00:59.148  1881  1894 E memtrack: Couldn't load memtrack module
12-09 00:00:59.152  1881  1894 E memtrack: Couldn't load memtrack module
12-09 00:00:59.161  1881  1894 E memtrack: Couldn't load memtrack module
12-09 00:00:59.166  1881  1894 E memtrack: Couldn't load memtrack module
12-09 00:00:59.168  1881  1894 E memtrack: Couldn't load memtrack module
12-09 00:00:59.183  1881  1894 E memtrack: Couldn't load memtrack module
12-09 00:00:59.186  1881  1894 E memtrack: Couldn't load memtrack module
12-09 00:00:59.191  1881  1894 E memtrack: Couldn't load memtrack module
12-09 00:00:59.194  1881  1894 E memtrack: Couldn't load memtrack module
12-09 00:00:59.197  1881  1894 E memtrack: Couldn't load memtrack module
12-09 00:00:59.212  1881  1894 E memtrack: Couldn't load memtrack module
12-09 00:00:59.267  1881  1894 E memtrack: Couldn't load memtrack module
12-09 00:00:59.283  1881  1894 E memtrack: Couldn't load memtrack module
12-09 00:00:59.304  1881  1894 E memtrack: Couldn't load memtrack module
12-09 00:00:59.311  1881  1894 E memtrack: Couldn't load memtrack module
12-09 00:00:59.318  1881  1894 E memtrack: Couldn't load memtrack module
12-09 00:00:59.326  1881  1894 E memtrack: Couldn't load memtrack module
12-09 00:00:59.336  1881  1894 E memtrack: Couldn't load memtrack module
12-09 00:00:59.351  1881  1894 E memtrack: Couldn't load memtrack module
12-09 00:00:59.361  1881  1894 E memtrack: Couldn't load memtrack module
12-09 00:00:59.375  1881  1894 E memtrack: Couldn't load memtrack module
12-09 00:00:59.383  1881  1894 E memtrack: Couldn't load memtrack module
12-09 00:00:59.390  1881  1894 E memtrack: Couldn't load memtrack module
12-09 00:00:59.395  1881  1894 E memtrack: Couldn't load memtrack module
12-09 00:00:59.402  1881  1894 E memtrack: Couldn't load memtrack module
12-09 00:00:59.415  1881  1894 E memtrack: Couldn't load memtrack module
12-09 00:00:59.421  1881  1894 E memtrack: Couldn't load memtrack module
12-09 00:00:59.427  1881  1894 E memtrack: Couldn't load memtrack module
12-09 00:00:59.429  1881  1894 E memtrack: Couldn't load memtrack module
12-09 00:00:59.432  1881  1894 E memtrack: Couldn't load memtrack module
12-09 00:00:59.437  1881  1894 E memtrack: Couldn't load memtrack module
12-09 00:00:59.439  1881  1894 E memtrack: Couldn't load memtrack module
12-09 00:00:59.443  1881  1894 E memtrack: Couldn't load memtrack module
12-09 00:00:59.453  1881  1894 E memtrack: Couldn't load memtrack module
12-09 00:00:59.457  1881  1894 E memtrack: Couldn't load memtrack module
12-09 00:00:59.460  1881  1894 E memtrack: Couldn't load memtrack module
12-09 00:00:59.464  1881  1894 E memtrack: Couldn't load memtrack module
12-09 00:00:59.468  1881  1894 E memtrack: Couldn't load memtrack module
12-09 00:00:59.470  1881  1894 E memtrack: Couldn't load memtrack module
12-09 00:00:59.525  1881  1894 E memtrack: Couldn't load memtrack module
12-09 00:00:59.586  1881  1894 E memtrack: Couldn't load memtrack module
12-09 00:00:59.667  1881  1894 E memtrack: Couldn't load memtrack module
12-09 00:00:59.742  1881  1894 E memtrack: Couldn't load memtrack module
12-09 00:00:59.829  1881  1894 E memtrack: Couldn't load memtrack module
12-09 00:00:59.933  1881  1894 E memtrack: Couldn't load memtrack module
12-09 00:01:00.161  1881  2331 E BackupPasswordManager: Unable to read backup pw version
12-09 00:01:00.162  1881  2331 E BackupPasswordManager: Unable to read saved backup pw hash
12-09 00:01:00.339  2337  2337 E s.nexuslaunche: Not starting debugger since process cannot load the jdwp agent.
12-09 00:01:00.366  2350  2350 E hbox:interacto: Not starting debugger since process cannot load the jdwp agent.
12-09 00:01:00.386  2362  2362 E com.android.se: Not starting debugger since process cannot load the jdwp agent.
12-09 00:01:00.653  2390  2390 E d.process.medi: Not starting debugger since process cannot load the jdwp agent.
12-09 00:01:01.262  2422  2422 E android.smspus: Not starting debugger since process cannot load the jdwp agent.
12-09 00:01:01.321  2438  2438 E .gms.persisten: Not starting debugger since process cannot load the jdwp agent.
12-09 00:01:01.363  2454  2454 E id.defcontaine: Not starting debugger since process cannot load the jdwp agent.
12-09 00:01:01.560  2478  2478 E ocess.gservice: Not starting debugger since process cannot load the jdwp agent.
12-09 00:01:01.960  1991  1991 E putmethod.lati: No implementation found for boolean com.google.android.apps.inputmethod.libs.trainingcache.tiresias.TiresiasNativePipe.nativeInit() (tried Java_com_google_android_apps_inputmethod_libs_trainingcache_tiresias_TiresiasNativePipe_nativeInit and Java_com_google_android_apps_inputmethod_libs_trainingcache_tiresias_TiresiasNativePipe_nativeInit__)
12-09 00:01:01.998  2503  2503 E oid.apps.photo: Not starting debugger since process cannot load the jdwp agent.
12-09 00:01:02.455  2534  2534 E gle.android.gm: Not starting debugger since process cannot load the jdwp agent.
12-09 00:01:02.880  2554  2554 E id.printspoole: Not starting debugger since process cannot load the jdwp agent.
12-09 00:01:03.271  2570  2570 E earchbox:searc: Not starting debugger since process cannot load the jdwp agent.
12-09 00:01:03.295  2578  2578 E ndroid.keychai: Not starting debugger since process cannot load the jdwp agent.
12-09 00:01:03.598  1728  1813 E SurfaceFlinger: ro.sf.lcd_density must be defined as a build property
12-09 00:01:03.694  1728  2167 E SurfaceFlinger: ro.sf.lcd_density must be defined as a build property
12-09 00:01:05.356  2337  2337 E SchedPolicy: set_timerslack_ns write failed: Operation not permitted
12-09 00:01:06.088  2337  2337 E SchedPolicy: set_timerslack_ns write failed: Operation not permitted
12-09 00:01:07.211  1991  2522 E PhenotypeIme: cmq: RegisterTask.registerWithPhenotype()
12-09 00:01:07.211  1991  2522 E PhenotypeIme: java.util.concurrent.TimeoutException: Timed out waiting for Task
12-09 00:01:07.211  1991  2522 E PhenotypeIme: 	at hfx.a(PG:353)
12-09 00:01:07.211  1991  2522 E PhenotypeIme: 	at cmq.run(PG:17)
12-09 00:01:07.211  1991  2522 E PhenotypeIme: 	at java.util.concurrent.Executors$RunnableAdapter.call(Executors.java:458)
12-09 00:01:07.211  1991  2522 E PhenotypeIme: 	at java.util.concurrent.FutureTask.run(FutureTask.java:266)
12-09 00:01:07.211  1991  2522 E PhenotypeIme: 	at iom.run(PG:10)
12-09 00:01:07.211  1991  2522 E PhenotypeIme: 	at java.util.concurrent.ThreadPoolExecutor.runWorker(ThreadPoolExecutor.java:1167)
12-09 00:01:07.211  1991  2522 E PhenotypeIme: 	at java.util.concurrent.ThreadPoolExecutor$Worker.run(ThreadPoolExecutor.java:641)
12-09 00:01:07.211  1991  2522 E PhenotypeIme: 	at java.lang.Thread.run(Thread.java:764)
12-09 00:01:07.211  1991  2522 E PhenotypeIme: 	at ioe.run(PG:8)
12-09 00:01:09.001  1991  1991 E EmojiSearchExtension: com.google.android.apps.inputmethod.libs.search.emoji.EmojiSearchExtension: Cannot deactivate emoji search JNI; null locale
12-09 00:01:09.032  2644  2644 E d.process.acor: Not starting debugger since process cannot load the jdwp agent.
12-09 00:01:09.596  2337  2416 E ActivityThread: Failed to find provider info for com.google.android.as.allapps.actionsettingprovider
12-09 00:01:09.597  2337  2416 E ActionsController: write setting failed
12-09 00:01:09.597  2337  2416 E ActionsController: java.lang.IllegalArgumentException: Unknown URL content://com.google.android.as.allapps.actionsettingprovider
12-09 00:01:09.597  2337  2416 E ActionsController: 	at android.content.ContentResolver.insert(ContentResolver.java:1583)
12-09 00:01:09.597  2337  2416 E ActionsController: 	at com.google.android.apps.nexuslauncher.allapps.d.handleMessage(SourceFile:268)
12-09 00:01:09.597  2337  2416 E ActionsController: 	at android.os.Handler.dispatchMessage(Handler.java:102)
12-09 00:01:09.597  2337  2416 E ActionsController: 	at android.os.Looper.loop(Looper.java:193)
12-09 00:01:09.597  2337  2416 E ActionsController: 	at android.os.HandlerThread.run(HandlerThread.java:65)
12-09 00:01:09.751  2337  2337 E SchedPolicy: set_timerslack_ns write failed: Operation not permitted
12-09 00:01:10.266  2678  2678 E .android.diale: Not starting debugger since process cannot load the jdwp agent.
12-09 00:01:10.551  1881  2677 E BootReceiver: Can't log boot events
12-09 00:01:10.551  1881  2677 E BootReceiver: java.io.FileNotFoundException: /dev/fscklogs/log (Permission denied)
12-09 00:01:10.551  1881  2677 E BootReceiver: 	at java.io.FileInputStream.open0(Native Method)
12-09 00:01:10.551  1881  2677 E BootReceiver: 	at java.io.FileInputStream.open(FileInputStream.java:231)
12-09 00:01:10.551  1881  2677 E BootReceiver: 	at java.io.FileInputStream.<init>(FileInputStream.java:165)
12-09 00:01:10.551  1881  2677 E BootReceiver: 	at android.os.FileUtils.readTextFile(FileUtils.java:514)
12-09 00:01:10.551  1881  2677 E BootReceiver: 	at com.android.server.BootReceiver.addFsckErrorsToDropBoxAndLogFsStat(BootReceiver.java:370)
12-09 00:01:10.551  1881  2677 E BootReceiver: 	at com.android.server.BootReceiver.logBootEvents(BootReceiver.java:245)
12-09 00:01:10.551  1881  2677 E BootReceiver: 	at com.android.server.BootReceiver.access$000(BootReceiver.java:66)
12-09 00:01:10.551  1881  2677 E BootReceiver: 	at com.android.server.BootReceiver$1.run(BootReceiver.java:127)
12-09 00:01:10.762  1733  1930 E         : Couldn't opendir /data/app/vmdl125081949.tmp: No such file or directory
12-09 00:01:10.763  1733  1930 E installd: Failed to delete /data/app/vmdl125081949.tmp: No such file or directory
12-09 00:01:10.956  2113  2113 E VvmPkgInstalledRcvr: cannot create TelephonyManager from ComponentInfo{com.android.phone/com.android.services.telephony.TelephonyConnectionService}, ***, UserHandle{0}
12-09 00:01:11.253  1881  1894 E memtrack: Couldn't load memtrack module
12-09 00:01:11.324  2678  2678 E .android.diale: The String#value field is not present on Android versions >= 6.0
12-09 00:01:11.673  2733  2733 E harlton.mileag: Not starting debugger since process cannot load the jdwp agent.
12-09 00:01:11.770  1728  2167 E SurfaceFlinger: ro.sf.lcd_density must be defined as a build property
12-09 00:01:11.891  1881  1894 E PackageManager: Optimistic bind failed.
12-09 00:01:11.891  1881  1894 E PackageManager: java.util.concurrent.TimeoutException: [Optimistic Bind] Didn't bind to resolver in time!
12-09 00:01:11.891  1881  1894 E PackageManager: 	at com.android.server.pm.InstantAppResolverConnection.waitForBindLocked(InstantAppResolverConnection.java:160)
12-09 00:01:11.891  1881  1894 E PackageManager: 	at com.android.server.pm.InstantAppResolverConnection.bind(InstantAppResolverConnection.java:225)
12-09 00:01:11.891  1881  1894 E PackageManager: 	at com.android.server.pm.InstantAppResolverConnection.lambda$optimisticBind$0(InstantAppResolverConnection.java:255)
12-09 00:01:11.891  1881  1894 E PackageManager: 	at com.android.server.pm.-$$Lambda$InstantAppResolverConnection$D-JKXi4qrYjnPQMOwj8UtfZenps.run(Unknown Source:2)
12-09 00:01:11.891  1881  1894 E PackageManager: 	at android.os.Handler.handleCallback(Handler.java:873)
12-09 00:01:11.891  1881  1894 E PackageManager: 	at android.os.Handler.dispatchMessage(Handler.java:99)
12-09 00:01:11.891  1881  1894 E PackageManager: 	at android.os.Looper.loop(Looper.java:193)
12-09 00:01:11.891  1881  1894 E PackageManager: 	at android.os.HandlerThread.run(HandlerThread.java:65)
12-09 00:01:11.902  2752  2752 E oadcastreceive: Not starting debugger since process cannot load the jdwp agent.
12-09 00:01:11.989  1728  2167 E SurfaceFlinger: ro.sf.lcd_density must be defined as a build property
12-09 00:01:12.228  2774  2774 E ndroid.contact: Not starting debugger since process cannot load the jdwp agent.
12-09 00:01:12.248  1991  2522 E PhenotypeIme: cmn: FetchConfigurationTask.fetchConfiguration()
12-09 00:01:12.248  1991  2522 E PhenotypeIme: java.util.concurrent.TimeoutException: Timed out waiting for Task
12-09 00:01:12.248  1991  2522 E PhenotypeIme: 	at hfx.a(PG:353)
12-09 00:01:12.248  1991  2522 E PhenotypeIme: 	at cmn.a(PG:41)
12-09 00:01:12.248  1991  2522 E PhenotypeIme: 	at cmn.run(PG:9)
12-09 00:01:12.248  1991  2522 E PhenotypeIme: 	at java.util.concurrent.Executors$RunnableAdapter.call(Executors.java:458)
12-09 00:01:12.248  1991  2522 E PhenotypeIme: 	at java.util.concurrent.FutureTask.run(FutureTask.java:266)
12-09 00:01:12.248  1991  2522 E PhenotypeIme: 	at iom.run(PG:10)
12-09 00:01:12.248  1991  2522 E PhenotypeIme: 	at java.util.concurrent.ThreadPoolExecutor.runWorker(ThreadPoolExecutor.java:1167)
12-09 00:01:12.248  1991  2522 E PhenotypeIme: 	at java.util.concurrent.ThreadPoolExecutor$Worker.run(ThreadPoolExecutor.java:641)
12-09 00:01:12.248  1991  2522 E PhenotypeIme: 	at java.lang.Thread.run(Thread.java:764)
12-09 00:01:12.248  1991  2522 E PhenotypeIme: 	at ioe.run(PG:8)
12-09 00:01:12.427  2793  2793 E gedprovisionin: Not starting debugger since process cannot load the jdwp agent.
12-09 00:01:12.597  2809  2809 E viders.calenda: Not starting debugger since process cannot load the jdwp agent.
12-09 00:01:13.295  2836  2836 E android.traceu: Not starting debugger since process cannot load the jdwp agent.
12-09 00:01:13.440  2678  2717 E PhenotypeFlagCommitter: Retrieving snapshot for com.google.android.dialer failed
12-09 00:01:13.440  2678  2717 E PhenotypeFlagCommitter: java.util.concurrent.TimeoutException: Timed out waiting for Task
12-09 00:01:13.440  2678  2717 E PhenotypeFlagCommitter: 	at fas.a(Unknown Source:77)
12-09 00:01:13.440  2678  2717 E PhenotypeFlagCommitter: 	at fpa.a(Unknown Source:3)
12-09 00:01:13.440  2678  2717 E PhenotypeFlagCommitter: 	at edu.a(PG:7)
12-09 00:01:13.440  2678  2717 E PhenotypeFlagCommitter: 	at bcc.c(PG:14)
12-09 00:01:13.440  2678  2717 E PhenotypeFlagCommitter: 	at bcd.run(Unknown Source:2)
12-09 00:01:13.440  2678  2717 E PhenotypeFlagCommitter: 	at java.util.concurrent.Executors$RunnableAdapter.call(Executors.java:458)
12-09 00:01:13.440  2678  2717 E PhenotypeFlagCommitter: 	at java.util.concurrent.FutureTask.run(FutureTask.java:266)
12-09 00:01:13.440  2678  2717 E PhenotypeFlagCommitter: 	at java.util.concurrent.ScheduledThreadPoolExecutor$ScheduledFutureTask.run(ScheduledThreadPoolExecutor.java:301)
12-09 00:01:13.440  2678  2717 E PhenotypeFlagCommitter: 	at java.util.concurrent.ThreadPoolExecutor.runWorker(ThreadPoolExecutor.java:1167)
12-09 00:01:13.440  2678  2717 E PhenotypeFlagCommitter: 	at java.util.concurrent.ThreadPoolExecutor$Worker.run(ThreadPoolExecutor.java:641)
12-09 00:01:13.440  2678  2717 E PhenotypeFlagCommitter: 	at java.lang.Thread.run(Thread.java:764)
12-09 00:01:13.607  2858  2858 E android.vendin: Not starting debugger since process cannot load the jdwp agent.
12-09 00:01:13.942  1881  1895 E ActivityManager: ANR in com.google.android.googlequicksearchbox:search
12-09 00:01:13.942  1881  1895 E ActivityManager: PID: 2570
12-09 00:01:13.942  1881  1895 E ActivityManager: Reason: Broadcast of Intent { act=com.google.android.systemui.smartspace.EXPIRE_EVENT flg=0x10000010 pkg=com.google.android.googlequicksearchbox cmp=com.google.android.googlequicksearchbox/com.google.android.apps.gsa.broadcastreceiver.external.PixelLauncherBroadcastReceiver }
12-09 00:01:13.942  1881  1895 E ActivityManager: Load: 0.0 / 0.0 / 0.0
12-09 00:01:13.942  1881  1895 E ActivityManager: CPU usage from 14372ms to 0ms ago (2018-12-09 00:00:58.872 to 2018-12-09 00:01:13.243):
12-09 00:01:13.942  1881  1895 E ActivityManager:   30% 1881/system_server: 15% user + 14% kernel / faults: 14533 minor 273 major
12-09 00:01:13.942  1881  1895 E ActivityManager:   13% 1728/surfaceflinger: 5.1% user + 8.5% kernel / faults: 120 minor
12-09 00:01:13.942  1881  1895 E ActivityManager:   7.3% 1991/com.google.android.inputmethod.latin: 4.1% user + 3.1% kernel / faults: 6884 minor 128 major
12-09 00:01:13.942  1881  1895 E ActivityManager:   4.3% 1697/kworker/u9:2: 0% user + 4.3% kernel
12-09 00:01:13.942  1881  1895 E ActivityManager:   4.2% 2000/com.android.systemui: 2.5% user + 1.7% kernel / faults: 1727 minor
12-09 00:01:13.942  1881  1895 E ActivityManager:   3.2% 1698/kworker/u9:3: 0% user + 3.2% kernel
12-09 00:01:13.942  1881  1895 E ActivityManager:   3% 2125/com.android.settings: 1.4% user + 1.5% kernel / faults: 158 minor
12-09 00:01:13.942  1881  1895 E ActivityManager:   2.7% 1699/kworker/u9:4: 0% user + 2.7% kernel
12-09 00:01:13.942  1881  1895 E ActivityManager:   2.3% 1693/kworker/u9:1: 0% user + 2.3% kernel
12-09 00:01:13.942  1881  1895 E ActivityManager:   2.1% 1800/android.hardware.graphics.composer@2.1-service: 0% user + 2.1% kernel / faults: 50 minor
12-09 00:01:13.942  1881  1895 E ActivityManager:   1.6% 1729/zygote: 0.4% user + 1.2% kernel / faults: 2714 minor
12-09 00:01:13.942  1881  1895 E ActivityManager:   1.1% 1556/logd: 0% user + 1.1% kernel / faults: 34 minor
12-09 00:01:13.942  1881  1895 E ActivityManager:   1.1% 1//init: 0% user + 1.1% kernel / faults: 212 minor
12-09 00:01:13.942  1881  1895 E ActivityManager:   0.5% 1677/kworker/u9:0: 0% user + 0.5% kernel
12-09 00:01:13.942  1881  1895 E ActivityManager:   0.6% 1733/installd: 0.1% user + 0.5% kernel / faults: 53 minor
12-09 00:01:13.942  1881  1895 E ActivityManager:   0.8% 991/kworker/u8:6: 0% user + 0.8% kernel
12-09 00:01:13.942  1881  1895 E ActivityManager:   0.7% 2113/com.android.phone: 0.1% user + 0.6% kernel / faults: 304 minor 1 major
12-09 00:01:13.942  1881  1895 E ActivityManager:   0.6% 3/ksoftirqd/0: 0.6% user + 0% kernel
12-09 00:01:13.942  1881  1895 E ActivityManager:   0.6% 6/kworker/u8:0: 0% user + 0.6% kernel
12-09 00:01:13.942  1881  1895 E ActivityManager:   0.3% 1628/android.hardware.sensors@1.0-service: 0% user + 0.2% kernel / faults: 28 minor
12-09 00:01:13.942  1881  1895 E ActivityManager:   0.4% 7/rcu_preempt: 0.4% user + 0% kernel
12-09 00:01:13.942  1881  1895 E ActivityManager:   0.4% 976/kworker/u8:5: 0% user + 0.4% kernel
12-09 00:01:13.942  1881  1895 E ActivityManager:   0.4% 1721/jbd2/dm-1-8: 0% user + 0.4% kernel
12-09 00:01:13.942  1881  1895 E ActivityManager:   0.4% 1761/kworker/1:2: 0.4% user + 0% kernel
12-09 00:01:13.942  1881  1895 E ActivityManager:   0.3% 1867/kworker/0:2: 0% user + 0.3% kernel
12-09 00:01:13.942  1881  1895 E ActivityManager:   0.1% 1711/kworker/3:1H: 0% user + 0.1% kernel
12-09 00:01:13.942  1881  1895 E ActivityManager:   0.1% 1741/storaged: 0.1% user + 0% kernel / faults: 708 minor
12-09 00:01:13.942  1881  1895 E ActivityManager:   0.2% 2255/com.google.android.deskclock: 0.2% user + 0% kernel / faults: 144 minor
12-09 00:01:13.942  1881  1895 E ActivityManager:   0.2% 1557/servicemanager: 0% user + 0.2% kernel
12-09 00:01:13.942  1881  1895 E ActivityManager:   0% 1680/dmcrypt_write: 0% user + 0% kernel
12-09 00:01:13.942  1881  1895 E ActivityManager:   0% 16/ksoftirqd/2: 0% user + 0% kernel
12-09 00:01:13.942  1881  1895 E ActivityManager:   0% 1053/kworker/2:1: 0% user + 0% kernel
12-09 00:01:13.942  1881  1895 E ActivityManager:   0% 1624/android.hardware.graphics.allocator@2.0-service: 0% user + 0% kernel / faults: 63 minor
12-09 00:01:13.942  1881  1895 E ActivityManager:   0% 1633/lmkd: 0% user + 0% kernel
12-09 00:01:13.942  1881  1895 E ActivityManager:   0% 1713/kworker/2:1H: 0% user + 0% kernel
12-09 00:01:13.942  1881  1895 E ActivityManager:   0% 1739/netd: 0% user + 0% kernel / faults: 20 minor
12-09 00:01:13.942  1881  1895 E ActivityManager:  +0% 2307/adbd: 0% user + 0% kernel
12-09 00:01:13.942  1881  1895 E ActivityManager:  +0% 2312/mdnsd: 0% user + 0% kernel
12-09 00:01:13.942  1881  1895 E ActivityManager:  +0% 2327/logcat: 0% user + 0% kernel
12-09 00:01:13.942  1881  1895 E ActivityManager:  +0% 2337/com.google.android.apps.nexuslauncher: 0% user + 0% kernel
12-09 00:01:13.942  1881  1895 E ActivityManager:  +0% 2350/com.google.android.googlequicksearchbox:interactor: 0% user + 0% kernel
12-09 00:01:13.942  1881  1895 E ActivityManager:  +0% 2362/com.android.se: 0% user + 0% kernel
12-09 00:01:13.942  1881  1895 E ActivityManager:  +0% 2390/android.process.media: 0% user + 0% kernel
12-09 00:01:13.942  1881  1895 E ActivityManager:  +0% 2422/com.android.smspush: 0% user + 0% kernel
12-09 00:01:13.942  1881  1895 E ActivityManager:  +0% 2438/com.google.android.gms.persistent: 0% user + 0% kernel
12-09 00:01:13.942  1881  1895 E ActivityManager:  +0% 2454/com.android.defcontainer: 0% user + 0% kernel
12-09 00:01:13.942  1881  1895 E ActivityManager:  +0% 2478/com.google.process.gservices: 0% user + 0% kernel
12-09 00:01:13.942  1881  1895 E ActivityManager:  +0% 2503/com.google.android.apps.photos: 0% user + 0% kernel
12-09 00:01:13.942  1881  1895 E ActivityManager:  +0% 2534/com.google.android.gms: 0% user + 0% kernel
12-09 00:01:13.942  1881  1895 E ActivityManager:  +0% 2554/com.android.printspooler: 0% user + 0% kernel
12-09 00:01:13.942  1881  1895 E ActivityManager:  +0% 2570/com.google.android.googlequicksearchbox:search: 0% user + 0% kernel
12-09 00:01:13.942  1881  1895 E ActivityManager:  +0% 2578/com.android.keychain: 0% user + 0% kernel
12-09 00:01:13.942  1881  1895 E ActivityManager:  +0% 2644/android.process.acore: 0% user + 0% kernel
12-09 00:01:13.942  1881  1895 E ActivityManager:  +0% 2678/com.google.android.dialer: 0% user + 0% kernel
12-09 00:01:13.942  1881  1895 E ActivityManager:  +0% 2699/com.android.commands.monkey: 0% user + 0% kernel
12-09 00:01:13.942  1881  1895 E ActivityManager:  +0% 2733/com.evancharlton.mileage: 0% user + 0% kernel
12-09 00:01:13.942  1881  1895 E ActivityManager:  +0% 2752/com.android.cellbroadcastreceiver: 0% user + 0% kernel
12-09 00:01:13.942  1881  1895 E ActivityManager:  +0% 2774/com.android.contacts: 0% user + 0% kernel
12-09 00:01:13.942  1881  1895 E ActivityManager:  +0% 2793/com.android.managedprovisioning: 0% user + 0% kernel
12-09 00:01:13.942  1881  1895 E ActivityManager:  +0% 2809/com.android.providers.calendar: 0% user + 0% kernel
12-09 00:01:13.942  1881  1895 E ActivityManager: 92% TOTAL: 23% user + 23% kernel + 45% iowait + 1% softirq
12-09 00:01:13.942  1881  1895 E ActivityManager: CPU usage from 40497ms to 404
12-09 00:01:15.197  1728  2034 E SurfaceFlinger: ro.sf.lcd_density must be defined as a build property
12-09 00:01:15.247  2438  2438 E BaseAppContext: Tried to stop global GMSCore RequestQueue. This is likely unintended, so ignoring.
12-09 00:01:15.338  1991  2525 E putmethod.lati: The String#value field is not present on Android versions >= 6.0
12-09 00:01:15.492  1728  2167 E SurfaceFlinger: ro.sf.lcd_density must be defined as a build property
12-09 00:01:15.889  2570  2570 E OverlaySController: Calling with an invalid UID, the interface will not work
12-09 00:01:16.803  2934  2934 E e.process.gapp: Not starting debugger since process cannot load the jdwp agent.
12-09 00:01:17.581  2960  2960 E id.partnersetu: Not starting debugger since process cannot load the jdwp agent.
12-09 00:01:17.705  2570  2950 E BluetoothAdapter: Bluetooth binder is null
12-09 00:01:18.418  2438  2998 E BluetoothAdapter: Bluetooth binder is null
12-09 00:01:18.965  1881  1894 E memtrack: Couldn't load memtrack module
12-09 00:01:19.031  2438  2438 E BluetoothAdapter: Bluetooth binder is null
12-09 00:01:19.032  2438  2438 E BeaconBle: Missing BluetoothAdapter
12-09 00:01:19.049  1881  1894 E memtrack: Couldn't load memtrack module
12-09 00:01:19.217  2438  2438 E BeaconBle: Scan couldn't start for Places
12-09 00:01:19.305  2858  3026 E PlayCommon: [148] com.google.android.play.b.w.a(20): Failed to connect to server for server timestamp: java.net.UnknownHostException: Unable to resolve host "play.googleapis.com": No address associated with hostname
12-09 00:01:19.307  2858  3026 E PlayCommon: [148] com.google.android.play.b.g.a(448): Failed to connect to server: java.net.UnknownHostException: Unable to resolve host "play.googleapis.com": No address associated with hostname
12-09 00:01:19.937  3072  3072 E droid.apps.map: Not starting debugger since process cannot load the jdwp agent.
12-09 00:01:20.367  1881  2145 E memtrack: Couldn't load memtrack module
12-09 00:01:20.450  1881  2145 E memtrack: Couldn't load memtrack module
12-09 00:01:20.513  1881  2145 E memtrack: Couldn't load memtrack module
12-09 00:01:20.623  1881  2145 E memtrack: Couldn't load memtrack module
12-09 00:01:20.699  1881  2145 E memtrack: Couldn't load memtrack module
12-09 00:01:20.765  1881  2145 E memtrack: Couldn't load memtrack module
12-09 00:01:20.832  1881  2145 E memtrack: Couldn't load memtrack module
12-09 00:01:20.907  1881  2145 E memtrack: Couldn't load memtrack module
12-09 00:01:20.971  1881  2145 E memtrack: Couldn't load memtrack module
12-09 00:01:21.056  1881  2145 E memtrack: Couldn't load memtrack module
12-09 00:01:21.125  1881  2145 E memtrack: Couldn't load memtrack module
12-09 00:01:21.216  1881  2145 E memtrack: Couldn't load memtrack module
12-09 00:01:21.280  1881  2145 E memtrack: Couldn't load memtrack module
12-09 00:01:21.367  1881  2145 E memtrack: Couldn't load memtrack module
12-09 00:01:21.425  1881  1894 E memtrack: Couldn't load memtrack module
12-09 00:01:21.429  1881  2145 E memtrack: Couldn't load memtrack module
12-09 00:01:21.479  2570  2950 E BluetoothAdapter: Bluetooth binder is null
12-09 00:01:21.492  1881  2145 E memtrack: Couldn't load memtrack module
12-09 00:01:21.511  1881  1894 E memtrack: Couldn't load memtrack module
12-09 00:01:21.566  1881  2145 E memtrack: Couldn't load memtrack module
12-09 00:01:21.569  1881  1894 E memtrack: Couldn't load memtrack module
12-09 00:01:21.608  1881  1894 E memtrack: Couldn't load memtrack module
12-09 00:01:21.628  1881  2145 E memtrack: Couldn't load memtrack module
12-09 00:01:21.702  1881  2145 E memtrack: Couldn't load memtrack module
12-09 00:01:21.765  1881  2145 E memtrack: Couldn't load memtrack module
12-09 00:01:21.832  1881  2145 E memtrack: Couldn't load memtrack module
12-09 00:01:21.922  1881  2145 E memtrack: Couldn't load memtrack module
12-09 00:01:21.997  1881  2145 E memtrack: Couldn't load memtrack module
12-09 00:01:22.043  1881  1894 E memtrack: Couldn't load memtrack module
12-09 00:01:22.068  1881  2145 E memtrack: Couldn't load memtrack module
12-09 00:01:22.132  1881  2145 E memtrack: Couldn't load memtrack module
12-09 00:01:22.234  1881  2145 E memtrack: Couldn't load memtrack module
12-09 00:01:22.302  1881  2145 E memtrack: Couldn't load memtrack module
12-09 00:01:22.364  1881  2145 E memtrack: Couldn't load memtrack module
12-09 00:01:22.437  1881  2145 E memtrack: Couldn't load memtrack module
12-09 00:01:22.509  1881  2145 E memtrack: Couldn't load memtrack module
12-09 00:01:22.601  1881  2145 E memtrack: Couldn't load memtrack module
12-09 00:01:22.677  1881  1894 E memtrack: Couldn't load memtrack module
12-09 00:01:22.721  1881  2145 E memtrack: Couldn't load memtrack module
12-09 00:01:22.745  1881  2145 E memtrack: Couldn't load memtrack module
12-09 00:01:22.747  1881  2145 E memtrack: Couldn't load memtrack module
12-09 00:01:22.748  1881  2145 E memtrack: Couldn't load memtrack module
12-09 00:01:22.749  1881  2145 E memtrack: Couldn't load memtrack module
12-09 00:01:22.756  1881  2145 E memtrack: Couldn't load memtrack module
12-09 00:01:22.761  1881  2145 E memtrack: Couldn't load memtrack module
12-09 00:01:22.769  1881  2145 E memtrack: Couldn't load memtrack module
12-09 00:01:22.773  1881  2145 E memtrack: Couldn't load memtrack module
12-09 00:01:22.780  1881  2145 E memtrack: Couldn't load memtrack module
12-09 00:01:22.789  1881  2145 E memtrack: Couldn't load memtrack module
12-09 00:01:22.795  1881  2145 E memtrack: Couldn't load memtrack module
12-09 00:01:22.800  1881  2145 E memtrack: Couldn't load memtrack module
12-09 00:01:22.810  1881  2145 E memtrack: Couldn't load memtrack module
12-09 00:01:22.825  1881  2145 E memtrack: Couldn't load memtrack module
12-09 00:01:22.830  1881  2145 E memtrack: Couldn't load memtrack module
12-09 00:01:22.848  1881  2145 E memtrack: Couldn't load memtrack module
12-09 00:01:22.855  1881  2145 E memtrack: Couldn't load memtrack module
12-09 00:01:22.863  1881  2145 E memtrack: Couldn't load memtrack module
12-09 00:01:22.869  1881  2145 E memtrack: Couldn't load memtrack module
12-09 00:01:22.876  1881  2145 E memtrack: Couldn't load memtrack module
12-09 00:01:22.884  1881  2145 E memtrack: Couldn't load memtrack module
12-09 00:01:22.891  1881  2145 E memtrack: Couldn't load memtrack module
12-09 00:01:22.899  1881  2145 E memtrack: Couldn't load memtrack module
12-09 00:01:22.905  1881  2145 E memtrack: Couldn't load memtrack module
12-09 00:01:22.910  1881  2145 E memtrack: Couldn't load memtrack module
12-09 00:01:22.915  1881  2145 E memtrack: Couldn't load memtrack module
12-09 00:01:22.920  1881  2145 E memtrack: Couldn't load memtrack module
12-09 00:01:22.927  1881  2145 E memtrack: Couldn't load memtrack module
12-09 00:01:22.932  1881  2145 E memtrack: Couldn't load memtrack module
12-09 00:01:22.953  1881  2145 E memtrack: Couldn't load memtrack module
12-09 00:01:22.958  1881  2145 E memtrack: Couldn't load memtrack module
12-09 00:01:22.965  1881  2145 E memtrack: Couldn't load memtrack module
12-09 00:01:22.970  1881  2145 E memtrack: Couldn't load memtrack module
12-09 00:01:22.974  1881  2145 E memtrack: Couldn't load memtrack module
12-09 00:01:22.994  1881  2145 E memtrack: Couldn't load memtrack module
12-09 00:01:23.057  1881  2145 E memtrack: Couldn't load memtrack module
12-09 00:01:23.074  1881  2145 E memtrack: Couldn't load memtrack module
12-09 00:01:23.090  1881  2145 E memtrack: Couldn't load memtrack module
12-09 00:01:23.098  1881  2145 E memtrack: Couldn't load memtrack module
12-09 00:01:23.106  1881  2145 E memtrack: Couldn't load memtrack module
12-09 00:01:23.112  3134  3134 E .apps.messagin: Not starting debugger since process cannot load the jdwp agent.
12-09 00:01:23.117  1881  2145 E memtrack: Couldn't load memtrack module
12-09 00:01:23.126  1881  2145 E memtrack: Couldn't load memtrack module
12-09 00:01:23.149  1881  2145 E memtrack: Couldn't load memtrack module
12-09 00:01:23.164  1881  2145 E memtrack: Couldn't load memtrack module
12-09 00:01:23.191  1881  2145 E memtrack: Couldn't load memtrack module
12-09 00:01:23.208  1881  2145 E memtrack: Couldn't load memtrack module
12-09 00:01:23.218  1881  2145 E memtrack: Couldn't load memtrack module
12-09 00:01:23.225  1881  2145 E memtrack: Couldn't load memtrack module
12-09 00:01:23.237  1881  2145 E memtrack: Couldn't load memtrack module
12-09 00:01:23.263  1881  2145 E memtrack: Couldn't load memtrack module
12-09 00:01:23.271  1881  2145 E memtrack: Couldn't load memtrack module
12-09 00:01:23.285  1881  2145 E memtrack: Couldn't load memtrack module
12-09 00:01:23.289  1881  2145 E memtrack: Couldn't load memtrack module
12-09 00:01:23.294  1881  2145 E memtrack: Couldn't load memtrack module
12-09 00:01:23.298  1881  2145 E memtrack: Couldn't load memtrack module
12-09 00:01:23.301  1881  2145 E memtrack: Couldn't load memtrack module
12-09 00:01:23.305  1881  2145 E memtrack: Couldn't load memtrack module
12-09 00:01:23.321  1881  2145 E memtrack: Couldn't load memtrack module
12-09 00:01:23.338  1881  2145 E memtrack: Couldn't load memtrack module
12-09 00:01:23.342  1881  2145 E memtrack: Couldn't load memtrack module
12-09 00:01:23.346  1881  2145 E memtrack: Couldn't load memtrack module
12-09 00:01:23.350  1881  2145 E memtrack: Couldn't load memtrack module
12-09 00:01:23.354  1881  2145 E memtrack: Couldn't load memtrack module
12-09 00:01:23.412  1881  2145 E memtrack: Couldn't load memtrack module
12-09 00:01:23.415  1881  2145 E memtrack: Couldn't load memtrack module
12-09 00:01:23.416  1881  2145 E memtrack: Couldn't load memtrack module
12-09 00:01:23.421  1881  2145 E memtrack: Couldn't load memtrack module
12-09 00:01:23.466  1881  2145 E memtrack: Couldn't load memtrack module
12-09 00:01:23.471  1881  2145 E memtrack: Couldn't load memtrack module
