--------- beginning of main
12-08 02:28:45.518  5878  5878 E id.defcontaine: Not starting debugger since process cannot load the jdwp agent.
12-08 02:28:45.519  5885  5885 E oid.documentsu: Not starting debugger since process cannot load the jdwp agent.
12-08 02:28:45.548  5900  5900 E ndroid.keychai: Not starting debugger since process cannot load the jdwp agent.
--------- beginning of system
12-08 02:28:46.412  5955  5955 E droid.apps.doc: Not starting debugger since process cannot load the jdwp agent.
12-08 02:28:47.449  5979  5979 E d.process.medi: Not starting debugger since process cannot load the jdwp agent.
12-08 02:28:47.620  5998  5998 E ocess.gservice: Not starting debugger since process cannot load the jdwp agent.
12-08 02:28:49.086  5955  5955 E DocsApplication: [main] No default account found during application creation.
12-08 02:28:49.661  1729  1945 E         : Couldn't opendir /data/app/vmdl2081672524.tmp: No such file or directory
12-08 02:28:49.661  1729  1945 E installd: Failed to delete /data/app/vmdl2081672524.tmp: No such file or directory
12-08 02:28:53.104  6048  6048 E harlton.mileag: Not starting debugger since process cannot load the jdwp agent.
12-08 02:28:54.950 16085 31762 E putmethod.lati: Invalid ID 0x00000001.
12-08 02:28:54.967 16085 31762 E LstmTrainingCache: emn: Can't get resource name for input slot
12-08 02:28:54.967 16085 31762 E LstmTrainingCache: android.content.res.Resources$NotFoundException: Unable to find resource ID #0x1
12-08 02:28:54.967 16085 31762 E LstmTrainingCache: 	at android.content.res.ResourcesImpl.getResourceName(ResourcesImpl.java:255)
12-08 02:28:54.967 16085 31762 E LstmTrainingCache: 	at android.content.res.Resources.getResourceName(Resources.java:1954)
12-08 02:28:54.967 16085 31762 E LstmTrainingCache: 	at emn.a(PG:12)
12-08 02:28:54.967 16085 31762 E LstmTrainingCache: 	at emk.run(PG:5)
12-08 02:28:54.967 16085 31762 E LstmTrainingCache: 	at java.lang.Thread.run(Thread.java:764)
12-08 02:29:03.226  6078  6078 E emui:screensho: Not starting debugger since process cannot load the jdwp agent.
12-08 02:29:04.002  6078  6078 E SoundPool: error loading /product/media/audio/ui/camera_click.ogg
12-08 02:29:04.296  1739  2097 E OMXNodeInstance: getConfig(0xedf11000:google.vorbis.decoder, ConfigAndroidVendorExtension(0x6f100004)) ERROR: Undefined(0x80001001)
12-08 02:29:07.970  6112  6112 E id.partnersetu: Not starting debugger since process cannot load the jdwp agent.
12-08 02:29:09.831 16506 16506 E BeaconBle: Missing BluetoothAdapter
12-08 02:29:09.909 16506 16506 E BeaconBle: Scan couldn't start for Places
12-08 02:29:18.133  6144  6144 E oid.apps.photo: Not starting debugger since process cannot load the jdwp agent.
12-08 02:29:19.183  1829  1829 E netmgr  : Failed to open QEMU pipe 'qemud:network': Invalid argument
12-08 02:29:19.183  1829  1829 E netmgr  : WifiForwarder unable to open QEMU pipe: Invalid argument
12-08 02:29:30.906 15976 16534 E WindowManager: Performed 6 layouts in a row. Skipping
12-08 02:29:30.923 15976 16026 E WindowManager: Performed 6 layouts in a row. Skipping
12-08 02:29:30.947 15976 16026 E WindowManager: Performed 6 layouts in a row. Skipping
12-08 02:29:30.984 15976 16026 E WindowManager: Performed 6 layouts in a row. Skipping
12-08 02:29:31.082 15976 16026 E WindowManager: Performed 6 layouts in a row. Skipping
12-08 02:29:31.127 15976 16026 E WindowManager: Performed 6 layouts in a row. Skipping
12-08 02:29:31.148 15976 16026 E WindowManager: Performed 6 layouts in a row. Skipping
12-08 02:29:31.176 15976 16026 E WindowManager: Performed 6 layouts in a row. Skipping
12-08 02:29:31.289 15976 16026 E WindowManager: Performed 6 layouts in a row. Skipping
12-08 02:29:31.316 15976 15991 E WindowManager: Performed 6 layouts in a row. Skipping
12-08 02:29:31.376 15976 18124 E WindowManager: Performed 6 layouts in a row. Skipping
12-08 02:29:31.403 15976 16026 E WindowManager: Performed 6 layouts in a row. Skipping
12-08 02:29:31.482 15976 16026 E WindowManager: Performed 6 layouts in a row. Skipping
12-08 02:29:31.509 15976 16116 E WindowManager: Performed 6 layouts in a row. Skipping
12-08 02:29:31.561 15976 16026 E WindowManager: Performed 6 layouts in a row. Skipping
12-08 02:29:31.600 15976 16026 E WindowManager: Performed 6 layouts in a row. Skipping
12-08 02:29:31.628 15976 17135 E WindowManager: Performed 6 layouts in a row. Skipping
12-08 02:29:31.650 15976 16026 E WindowManager: Performed 6 layouts in a row. Skipping
12-08 02:29:31.698 15976 16026 E WindowManager: Performed 6 layouts in a row. Skipping
12-08 02:29:31.730 15976 16116 E WindowManager: Performed 6 layouts in a row. Skipping
12-08 02:29:33.610  3953  3953 E ContextIntentStarter: No activity found for any of the 0 intents
12-08 02:29:37.283  1737  1809 E storaged: getDiskStats failed with result NOT_SUPPORTED and size 0
12-08 02:29:37.799 16506  4216 E ctxmgr  : [AppIntervalImpl]closeInterval: ongoing
12-08 02:29:37.820 16506  4216 E ctxmgr  : [AppIntervalImpl]closeInterval: ongoing
12-08 02:29:50.823  6217  6217 E .android.chrom: Not starting debugger since process cannot load the jdwp agent.
12-08 02:29:51.855  6233  6233 E dboxed_process: Not starting debugger since process cannot load the jdwp agent.
12-08 02:29:54.722  3953  3953 E ClientVe: Failed to create ClientVisualElementsProto for user interaction on view com.google.android.apps.gsa.searchbox.ui.suggestions.views.CoreSuggestionView{2061fb1 VFE...CL. ...P.... 0,142-1038,289 #4} because the view is not tagged for visual element logging.
12-08 02:29:54.972  3953  3953 E ClientVe: Failed to create ClientVisualElementsProto for user interaction on view com.google.android.apps.gsa.searchbox.ui.suggestions.views.CoreSuggestionView{2061fb1 VFE...CL. ......ID 0,142-1038,289 #4} because the view is not tagged for visual element logging.
12-08 02:29:57.812  3953  3961 E ReloadingLock: Finalizing LOCKED Token[searchresults_activity 2018-12-08 02:29:56.492]
12-08 02:30:02.733 16788 17129 E PlayCommon: [121] com.google.android.play.b.g.a(448): Failed to connect to server: java.net.UnknownHostException: Unable to resolve host "play.googleapis.com": No address associated with hostname
12-08 02:30:19.202  1829  1829 E netmgr  : Failed to open QEMU pipe 'qemud:network': Invalid argument
12-08 02:30:19.202  1829  1829 E netmgr  : WifiForwarder unable to open QEMU pipe: Invalid argument
12-08 02:30:37.299  1737  1809 E storaged: getDiskStats failed with result NOT_SUPPORTED and size 0
12-08 02:31:19.264  1829  1829 E netmgr  : Failed to open QEMU pipe 'qemud:network': Invalid argument
12-08 02:31:19.264  1829  1829 E netmgr  : WifiForwarder unable to open QEMU pipe: Invalid argument
12-08 02:31:37.333  1737  1809 E storaged: getDiskStats failed with result NOT_SUPPORTED and size 0
12-08 02:32:08.140  6338  6338 E id.gms.learnin: Not starting debugger since process cannot load the jdwp agent.
12-08 02:32:09.327  6353  6353 E ocess.gservice: Not starting debugger since process cannot load the jdwp agent.
12-08 02:32:19.299  1829  1829 E netmgr  : Failed to open QEMU pipe 'qemud:network': Invalid argument
12-08 02:32:19.300  1829  1829 E netmgr  : WifiForwarder unable to open QEMU pipe: Invalid argument
12-08 02:32:37.404  1737  1809 E storaged: getDiskStats failed with result NOT_SUPPORTED and size 0
