--------- beginning of system
12-07 12:55:46.096  1735  1809 E storaged: getDiskStats failed with result NOT_SUPPORTED and size 0
12-07 12:55:48.749  1736  1736 E wificond: NL80211_CMD_TRIGGER_SCAN failed: Device or resource busy
12-07 12:56:19.064  1880  1897 E AutofillSession: No assist structure - app might have crashed providing it
12-07 12:56:42.202  1880  1897 E AutofillSession: No assist structure - app might have crashed providing it
12-07 12:56:47.371  1735  1809 E storaged: getDiskStats failed with result NOT_SUPPORTED and size 0
12-07 12:56:52.927  1880  4062 E InputMethodManagerService: Ignoring com.android.server.InputMethodManagerService.updateStatusIcon:2188 due to an invalid token. uid:10060 token:android.os.Binder@3f7443
12-07 12:57:49.199  1735  1809 E storaged: getDiskStats failed with result NOT_SUPPORTED and size 0
--------- beginning of main
12-07 12:58:18.002  2780  2915 E PlayCommon: [145] com.google.android.play.b.g.a(448): Failed to connect to server: java.net.UnknownHostException: Unable to resolve host "play.googleapis.com": No address associated with hostname
12-07 12:58:31.084  2378 30461 E ctxmgr  : [ProducerStatusImpl]updateStateForNewContextData: inactive, contextName=7
12-07 12:58:33.718  2378 30461 E ctxmgr  : [ProducerStatusImpl]updateStateForNewContextData: inactive, contextName=1
12-07 12:58:33.719  2378 30461 E ctxmgr  : [ProducerStatusImpl]updateStateForNewContextData: inactive, contextName=1
12-07 12:58:33.739  2378 30461 E ctxmgr  : [ProducerStatusImpl]updateStateForNewContextData: inactive, contextName=1
12-07 12:58:33.739  2378 30461 E ctxmgr  : [ProducerStatusImpl]updateStateForNewContextData: inactive, contextName=1
12-07 12:58:36.155  2378  2378 E BeaconBle: Missing BluetoothAdapter
12-07 12:58:36.267  2378  2378 E BeaconBle: Scan couldn't start for Places
12-07 12:58:44.365 26518 26518 E SchedPolicy: set_timerslack_ns write failed: Operation not permitted
12-07 12:58:49.213  1735  1809 E storaged: getDiskStats failed with result NOT_SUPPORTED and size 0
12-07 12:58:59.809 26518 26518 E SchedPolicy: set_timerslack_ns write failed: Operation not permitted
12-07 12:59:12.787  1829  1829 E netmgr  : Failed to open QEMU pipe 'qemud:network': Invalid argument
12-07 12:59:12.788  1829  1829 E netmgr  : WifiForwarder unable to open QEMU pipe: Invalid argument
12-07 12:59:49.215  1735  1809 E storaged: getDiskStats failed with result NOT_SUPPORTED and size 0
12-07 13:00:10.321  2378 30348 E ctxmgr  : [ProducerStatusImpl]updateStateForNewContextData: inactive, contextName=7
12-07 13:00:12.808  1829  1829 E netmgr  : Failed to open QEMU pipe 'qemud:network': Invalid argument
12-07 13:00:12.808  1829  1829 E netmgr  : WifiForwarder unable to open QEMU pipe: Invalid argument
12-07 13:00:13.122  2378  2378 E BeaconBle: Missing BluetoothAdapter
12-07 13:00:15.374  2378  2378 E BeaconBle: Scan couldn't start for Places
12-07 13:00:49.219  1735  1809 E storaged: getDiskStats failed with result NOT_SUPPORTED and size 0
12-07 13:01:12.766  2378 30716 E ctxmgr  : [ProducerStatusImpl]updateStateForNewContextData: inactive, contextName=7
12-07 13:01:15.109  1829  1829 E netmgr  : Failed to open QEMU pipe 'qemud:network': Invalid argument
12-07 13:01:15.109  1829  1829 E netmgr  : WifiForwarder unable to open QEMU pipe: Invalid argument
12-07 13:01:15.252  2378 30716 E ctxmgr  : [ProducerStatusImpl]updateStateForNewContextData: inactive, contextName=1
12-07 13:01:17.637  2378  2378 E BeaconBle: Missing BluetoothAdapter
12-07 13:01:17.750  2378  2378 E BeaconBle: Scan couldn't start for Places
12-07 13:01:51.100  1735  1809 E storaged: getDiskStats failed with result NOT_SUPPORTED and size 0
12-07 13:01:56.542  2378 30716 E ctxmgr  : [ProducerStatusImpl]updateStateForNewContextData: inactive, contextName=7
12-07 13:01:59.288  2378  2378 E BeaconBle: Missing BluetoothAdapter
12-07 13:02:01.732  2378  2378 E BeaconBle: Scan couldn't start for Places
12-07 13:02:15.121  1829  1829 E netmgr  : Failed to open QEMU pipe 'qemud:network': Invalid argument
12-07 13:02:15.122  1829  1829 E netmgr  : WifiForwarder unable to open QEMU pipe: Invalid argument
12-07 13:02:20.374 30757 30757 E dboxed_process: Not starting debugger since process cannot load the jdwp agent.
12-07 13:02:27.947  1736  1736 E wificond: NL80211_CMD_TRIGGER_SCAN failed: Device or resource busy
12-07 13:02:51.380  1735  1809 E storaged: getDiskStats failed with result NOT_SUPPORTED and size 0
12-07 13:03:15.130  1829  1829 E netmgr  : Failed to open QEMU pipe 'qemud:network': Invalid argument
12-07 13:03:15.131  1829  1829 E netmgr  : WifiForwarder unable to open QEMU pipe: Invalid argument
12-07 13:03:20.546  2780  2915 E PlayCommon: [145] com.google.android.play.b.g.a(448): Failed to connect to server: java.net.UnknownHostException: Unable to resolve host "play.googleapis.com": No address associated with hostname
12-07 13:03:51.469  1735  1809 E storaged: getDiskStats failed with result NOT_SUPPORTED and size 0
12-07 13:04:09.922  2378 30546 E ctxmgr  : [ProducerStatusImpl]updateStateForNewContextData: inactive, contextName=7
12-07 13:04:12.646  2378  2378 E BeaconBle: Missing BluetoothAdapter
12-07 13:04:12.728  2378  2378 E BeaconBle: Scan couldn't start for Places
12-07 13:04:15.150  1829  1829 E netmgr  : Failed to open QEMU pipe 'qemud:network': Invalid argument
12-07 13:04:15.150  1829  1829 E netmgr  : WifiForwarder unable to open QEMU pipe: Invalid argument
12-07 13:04:51.662  1735  1809 E storaged: getDiskStats failed with result NOT_SUPPORTED and size 0
12-07 13:04:51.670 19845 19845 E ContextIntentStarter: No activity found for any of the 0 intents
12-07 13:04:54.308  1880  1896 E system_server: libdebuggerd_client: timeout expired
12-07 13:04:54.309  1880  1896 E ActivityManager: Aborting stack trace dump (current firstPid=1992); deadline exceeded.
12-07 13:04:54.355  1741  1741 E /system/bin/tombstoned: Traces for pid 1992 written to: /data/anr/trace_16
12-07 13:04:54.369  1880  1896 E ActivityManager: ANR in com.evancharlton.mileage (com.evancharlton.mileage/.AboutActivity)
12-07 13:04:54.369  1880  1896 E ActivityManager: PID: 30637
12-07 13:04:54.369  1880  1896 E ActivityManager: Reason: Input dispatching timed out (Waiting to send key event because the focused window has not finished processing all of the input events that were previously delivered to it.  Outbound queue length: 0.  Wait queue length: 1.)
12-07 13:04:54.369  1880  1896 E ActivityManager: Load: 3.21 / 2.86 / 2.84
12-07 13:04:54.369  1880  1896 E ActivityManager: CPU usage from 1ms to 28663ms later (2018-12-07 13:04:25.658 to 2018-12-07 13:04:54.320):
12-07 13:04:54.369  1880  1896 E ActivityManager:   64% 1880/system_server: 34% user + 30% kernel / faults: 3229 minor 127 major
12-07 13:04:54.369  1880  1896 E ActivityManager:   27% 19845/com.google.android.googlequicksearchbox:search: 13% user + 13% kernel / faults: 10112 minor 37 major
12-07 13:04:54.369  1880  1896 E ActivityManager:   24% 30637/com.evancharlton.mileage: 10% user + 14% kernel / faults: 3326 minor 62 major
12-07 13:04:54.369  1880  1896 E ActivityManager:   20% 1722/surfaceflinger: 8.3% user + 12% kernel / faults: 33 minor
12-07 13:04:54.369  1880  1896 E ActivityManager:   18% 2008/com.android.systemui: 11% user + 7.2% kernel / faults: 488 minor 28 major
12-07 13:04:54.369  1880  1896 E ActivityManager:   9% 1992/com.google.android.inputmethod.latin: 4.5% user + 4.5% kernel / faults: 2976 minor 33 major
12-07 13:04:54.369  1880  1896 E ActivityManager:   8.3% 1553/logd: 1.4% user + 6.8% kernel / faults: 1 minor
12-07 13:04:54.369  1880  1896 E ActivityManager:   7.4% 30690/kworker/0:0: 0% user + 7.4% kernel
12-07 13:04:54.369  1880  1896 E ActivityManager:   1.9% 2300/adbd: 0.2% user + 1.7% kernel / faults: 67848 minor
12-07 13:04:54.369  1880  1896 E ActivityManager:   0.9% 2378/com.google.android.gms.persistent: 0.5% user + 0.3% kernel / faults: 226 minor 2 major
12-07 13:04:54.369  1880  1896 E ActivityManager:   0.8% 30616/com.android.commands.monkey: 0.4% user + 0.3% kernel / faults: 52 minor
12-07 13:04:54.369  1880  1896 E ActivityManager:   0.7% 1745/android.hardware.graphics.composer@2.1-service: 0% user + 0.6% kernel / faults: 28 minor
12-07 13:04:54.369  1880  1896 E ActivityManager:   0.3% 3/ksoftirqd/0: 0% user + 0.3% kernel
12-07 13:04:54.369  1880  1896 E ActivityManager:   0.3% 646/kswapd0: 0% user + 0.3% kernel
12-07 13:04:54.369  1880  1896 E ActivityManager:   0.3% 2482/com.google.android.gms: 0.2% user + 0% kernel / faults: 1519 minor
12-07 13:04:54.369  1880  1896 E ActivityManager:   0.2% 1624/android.hardware.sensors@1.0-service: 0.1% user + 0.1% kernel
12-07 13:04:54.369  1880  1896 E ActivityManager:   0.1% 26518/com.google.android.apps.nexuslauncher: 0.1% user + 0% kernel / faults: 3 minor 1 major
12-07 13:04:54.369  1880  1896 E ActivityManager:   0.1% 30127/kworker/u8:2: 0% user + 0.1% kernel
12-07 13:04:54.369  1880  1896 E ActivityManager:   0.1% 2318/logcat: 0% user + 0% kernel
12-07 13:04:54.369  1880  1896 E ActivityManager:   0.1% 2125/com.android.phone: 0% user + 0.1% kernel / faults: 3 minor
12-07 13:04:54.369  1880  1896 E ActivityManager:   0.1% 30326/kworker/u8:4: 0% user + 0.1% kernel
12-07 13:04:54.369  1880  1896 E ActivityManager:   0% 16/ksoftirqd/2: 0% user + 0% kernel
12-07 13:04:54.369  1880  1896 E ActivityManager:   0% 1619/android.hardware.gnss@1.0-service: 0% user + 0% kernel
12-07 13:04:54.369  1880  1896 E ActivityManager:   0% 28261/kworker/u8:0: 0% user + 0% kernel
12-07 13:04:54.369  1880  1896 E ActivityManager:   0% 29664/kworker/u9:0: 0% user + 0% kernel
12-07 13:04:54.369  1880  1896 E ActivityManager:   0% 30407/kworker/u9:3: 0% user + 0% kernel
12-07 13:04:54.369  1880  1896 E ActivityManager:   0% 30802/kworker/u8:5: 0% user + 0% kernel
12-07 13:04:54.369  1880  1896 E ActivityManager:   0% 7/rcu_preempt: 0% user + 0% kernel
12-07 13:04:54.369  1880  1896 E ActivityManager:   0% 20/ksoftirqd/3: 0% user + 0% kernel
12-07 13:04:54.369  1880  1896 E ActivityManager:   0% 1554/servicemanager: 0% user + 0% kernel
12-07 13:04:54.369  1880  1896 E ActivityManager:   0% 1620/android.hardware.graphics.allocator@2.0-service: 0% user + 0% kernel / faults: 10 minor
12-07 13:04:54.369  1880  1896 E ActivityManager:   0% 1643/traced: 0% user + 0% kernel
12-07 13:04:54.369  1880  1896 E ActivityManager:   0% 1715/jbd2/dm-1-8: 0% user + 0% kernel
12-07 13:04:54.369  1880  1896 E ActivityManager:   0% 1741/tombstoned: 0% user + 0% kernel / faults: 4 minor 2 major
12-07 13:04:54.369  1880  1896 E ActivityManager:   0% 30482/kworker/3:2: 0% user + 0% kernel
12-07 13:04:54.369  1880  1896 E ActivityManager:   0% 30721/kworker/u9:2: 0% user + 0% kernel
12-07 13:04:54.369  1880  1896 E ActivityManager:  +0% 30826/crash_dump32: 0% user + 0% kernel
12-07 13:04:54.369  1880  1896 E ActivityManager:  +0% 30828/com.google.android.inputmethod.latin: 0% user + 0% kernel
12-07 13:04:54.369  1880  1896 E ActivityManager: 19% TOTAL: 6.9% user + 7.4% kernel + 3.9% iowait + 0.7% softirq
12-07 13:04:54.369  1880  1896 E ActivityManager: CPU usage from 42ms to 5287ms later (2018-12-07 13:04:25.700 to 2018-12-07 13:04:30.945):
12-07 13:04:54.369  1880  1896 E ActivityManager:   97% 1880/system_server: 54% user + 43% kernel / faults: 443 minor 5 major
12-07 13:04:54.369  1880  1896 E ActivityManager:     84% 1896/ActivityManager: 47% user + 37% kernel
12-07 13:04:54.369  1880  1896 E ActivityManager:     2.1% 4062/Binder:1880_15: 2.1% user + 0% kernel
12-07 13:04:54.369  1880  1896 E ActivityManager:     1.7% 1889/HeapTaskDaemon: 0% user + 1.7% kernel
12-07 13:04:54.369  1880  1896 E ActivityManager:     1.7% 3227/Binder:1880_E: 0.7% user + 1% kernel
12-07 13:04:54.369  1880  1896 E ActivityManager:     1.4% 1935/Binder:1880_3: 1.4% user + 0% kernel
12-07 13:04:54.369  1880  1896 E ActivityManager:     1% 1934/android.anim: 1% user + 0% kernel
12-07 13:04:54.369  1880  1896 E ActivityManager:     1% 1954/InputDispatcher: 1% user + 0% kernel
12-07 13:04:54.369  1880  1896 E ActivityManager:     0.7% 1887/FinalizerDaemon: 0% user + 0.7% kernel
12-07 13:04:54.369  1880  1896 E ActivityManager:     0.7% 1897/android.ui: 0.7% user + 0% kernel
12-07 13:04:54.369  1880  1896 E ActivityManager:     0.7% 1904/android.display: 0.7% user + 0% kernel
12-07 13:04:54.369  1880  1896 E ActivityManager:     0.7% 3002/Binder:1880_D: 0.3% user + 0.3% kernel
12-07 13:04:54.369  1880  1896 E ActivityManager:     0.3% 1886/ReferenceQueueD: 0% user + 0.3% kernel
12-07 13:04:54.369  1880  1896 E ActivityManager:     0.3% 1895/android.bg: 0% user + 0.3% kernel
12-07 13:04:54.369  1880  1896 E ActivityManager:     0.3% 4569/Binder:1880_1C: 0% user + 0.3% kernel
12-07 13:04:54.369  1880  1896 E ActivityManager:   7.8% 1722/surfaceflinger: 3.2% user + 4.6% kernel / faults: 4 minor
12-07 13:04:54.369  1880  1896 E ActivityManager:     2.4% 1722/surfaceflinger: 0.7% user + 1.7% kernel
12-07 13:04:54.369  1880  1896 E ActivityManager:     1.4% 1750/DispSync: 0.7% user + 0.7% kernel
12-07 13:04:54.369  1880  1896 E ActivityManager:     1.4% 1752/sfEventThread: 0.3% user + 1% kernel
12-07 13:04:54.369  1880  1896 E ActivityManager:     1% 1749/Binder:1722_2: 1% user + 0% kernel
12-07 13:04:59.616  1880  5556 E memtrack: Couldn't load memtrack module
12-07 13:04:59.707  1880  5556 E memtrack: Couldn't load memtrack module
12-07 13:04:59.773  1880  5556 E memtrack: Couldn't load memtrack module
12-07 13:05:01.959  1880  5556 E memtrack: Couldn't load memtrack module
12-07 13:05:02.082  1880  5556 E memtrack: Couldn't load memtrack module
12-07 13:05:02.171  1880  5556 E memtrack: Couldn't load memtrack module
12-07 13:05:02.233  1880  5556 E memtrack: Couldn't load memtrack module
12-07 13:05:04.575  1880  5556 E memtrack: Couldn't load memtrack module
12-07 13:05:04.652  1880  5556 E memtrack: Couldn't load memtrack module
12-07 13:05:04.733  1880  5556 E memtrack: Couldn't load memtrack module
12-07 13:05:04.801  1880  5556 E memtrack: Couldn't load memtrack module
12-07 13:05:04.869  1880  5556 E memtrack: Couldn't load memtrack module
12-07 13:05:04.930  1880  5556 E memtrack: Couldn't load memtrack module
12-07 13:05:07.053  1880  5556 E memtrack: Couldn't load memtrack module
12-07 13:05:07.132  1880  5556 E memtrack: Couldn't load memtrack module
12-07 13:05:07.204  1880  5556 E memtrack: Couldn't load memtrack module
12-07 13:05:07.266  1880  5556 E memtrack: Couldn't load memtrack module
12-07 13:05:07.334  1880  5556 E memtrack: Couldn't load memtrack module
12-07 13:05:09.597  1880  5556 E memtrack: Couldn't load memtrack module
12-07 13:05:09.685  1880  5556 E memtrack: Couldn't load memtrack module
12-07 13:05:09.870  1880  5556 E memtrack: Couldn't load memtrack module
12-07 13:05:09.941  1880  5556 E memtrack: Couldn't load memtrack module
12-07 13:05:12.046  1880  1968 E WificondScannerImpl: Timed out waiting for scan result from wificond
12-07 13:05:12.096  1880  5556 E memtrack: Couldn't load memtrack module
12-07 13:05:12.163  1880  5556 E memtrack: Couldn't load memtrack module
12-07 13:05:12.255  1880  5556 E memtrack: Couldn't load memtrack module
12-07 13:05:12.336  1880  5556 E memtrack: Couldn't load memtrack module
12-07 13:05:12.420  1880  5556 E memtrack: Couldn't load memtrack module
12-07 13:05:14.771  1880  5556 E memtrack: Couldn't load memtrack module
