--------- beginning of main
--------- beginning of system
12-08 15:55:46.251  1881  1894 E memtrack: Couldn't load memtrack module
12-08 15:55:46.263  1881  2002 E memtrack: Couldn't load memtrack module
12-08 15:55:46.302  1881  1894 E memtrack: Couldn't load memtrack module
12-08 15:55:46.359  1881  2002 E memtrack: Couldn't load memtrack module
12-08 15:55:46.440  1881  2002 E memtrack: Couldn't load memtrack module
12-08 15:55:46.523  1881  2002 E memtrack: Couldn't load memtrack module
12-08 15:55:48.652  1881  2002 E memtrack: Couldn't load memtrack module
12-08 15:55:51.387  1881  2002 E memtrack: Couldn't load memtrack module
12-08 15:55:51.608  1881  2002 E memtrack: Couldn't load memtrack module
12-08 15:55:53.860 16076 16174 E PhenotypeFlagCommitter: Retrieving snapshot for com.google.android.calendar failed
12-08 15:55:53.920  1881  2002 E memtrack: Couldn't load memtrack module
12-08 15:55:53.968  1881  2002 E memtrack: Couldn't load memtrack module
12-08 15:55:53.971  1881  2002 E memtrack: Couldn't load memtrack module
12-08 15:55:53.973  1881  2002 E memtrack: Couldn't load memtrack module
12-08 15:55:53.975  1881  2002 E memtrack: Couldn't load memtrack module
12-08 15:55:53.985  1881  2002 E memtrack: Couldn't load memtrack module
12-08 15:55:53.991  1881  2002 E memtrack: Couldn't load memtrack module
12-08 15:55:54.009  1881  2002 E memtrack: Couldn't load memtrack module
12-08 15:55:54.019  1881  2002 E memtrack: Couldn't load memtrack module
12-08 15:55:54.029  1881  2002 E memtrack: Couldn't load memtrack module
12-08 15:55:54.043  1881  2002 E memtrack: Couldn't load memtrack module
12-08 15:55:54.056  1881  2002 E memtrack: Couldn't load memtrack module
12-08 15:55:54.067  1881  2002 E memtrack: Couldn't load memtrack module
12-08 15:55:54.077  1881  2002 E memtrack: Couldn't load memtrack module
12-08 15:55:54.095  1881  2002 E memtrack: Couldn't load memtrack module
12-08 15:55:54.102  1881  2002 E memtrack: Couldn't load memtrack module
12-08 15:55:54.144  1881  2002 E memtrack: Couldn't load memtrack module
12-08 15:55:54.155  1881  2002 E memtrack: Couldn't load memtrack module
12-08 15:55:54.166  1881  2002 E memtrack: Couldn't load memtrack module
12-08 15:55:54.179  1881  2002 E memtrack: Couldn't load memtrack module
12-08 15:55:54.192  1881  2002 E memtrack: Couldn't load memtrack module
12-08 15:55:54.204  1881  2002 E memtrack: Couldn't load memtrack module
12-08 15:55:54.215  1881  2002 E memtrack: Couldn't load memtrack module
12-08 15:55:54.223  1881  2002 E memtrack: Couldn't load memtrack module
12-08 15:55:56.561  1881  2002 E memtrack: Couldn't load memtrack module
12-08 15:55:56.572  1881  2002 E memtrack: Couldn't load memtrack module
12-08 15:55:56.581  1881  2002 E memtrack: Couldn't load memtrack module
12-08 15:55:56.596  1881  2002 E memtrack: Couldn't load memtrack module
12-08 15:55:56.606  1881  2002 E memtrack: Couldn't load memtrack module
12-08 15:55:56.613  1881  2002 E memtrack: Couldn't load memtrack module
12-08 15:55:56.650  1881  2002 E memtrack: Couldn't load memtrack module
12-08 15:55:56.667  1881  2002 E memtrack: Couldn't load memtrack module
12-08 15:55:56.677  1881  2002 E memtrack: Couldn't load memtrack module
12-08 15:55:56.681  1881  2002 E memtrack: Couldn't load memtrack module
12-08 15:55:56.688  1881  2002 E memtrack: Couldn't load memtrack module
12-08 15:55:56.711  1881  2002 E memtrack: Couldn't load memtrack module
12-08 15:55:56.800  1881  2002 E memtrack: Couldn't load memtrack module
12-08 15:55:56.822  1881  2002 E memtrack: Couldn't load memtrack module
12-08 15:55:56.837  1881  2002 E memtrack: Couldn't load memtrack module
12-08 15:55:56.847  1881  2002 E memtrack: Couldn't load memtrack module
12-08 15:55:56.854  1881  2002 E memtrack: Couldn't load memtrack module
12-08 15:55:56.864  1881  2002 E memtrack: Couldn't load memtrack module
12-08 15:55:56.875  1881  2002 E memtrack: Couldn't load memtrack module
12-08 15:55:56.895  1881  2002 E memtrack: Couldn't load memtrack module
12-08 15:55:58.968  1881  2002 E memtrack: Couldn't load memtrack module
12-08 15:55:58.991  1881  2002 E memtrack: Couldn't load memtrack module
12-08 15:55:59.004  1881  2002 E memtrack: Couldn't load memtrack module
12-08 15:55:59.014  1881  2002 E memtrack: Couldn't load memtrack module
12-08 15:55:59.022  1881  2002 E memtrack: Couldn't load memtrack module
12-08 15:55:59.031  1881  2002 E memtrack: Couldn't load memtrack module
12-08 15:55:59.056  1881  2002 E memtrack: Couldn't load memtrack module
12-08 15:55:59.065  1881  2002 E memtrack: Couldn't load memtrack module
12-08 15:55:59.074  1881  2002 E memtrack: Couldn't load memtrack module
12-08 15:55:59.078  1881  2002 E memtrack: Couldn't load memtrack module
12-08 15:55:59.085  1881  2002 E memtrack: Couldn't load memtrack module
12-08 15:55:59.103  1881  2002 E memtrack: Couldn't load memtrack module
12-08 15:55:59.108  1881  2002 E memtrack: Couldn't load memtrack module
12-08 15:55:59.112  1881  2002 E memtrack: Couldn't load memtrack module
12-08 15:55:59.116  1881  2002 E memtrack: Couldn't load memtrack module
12-08 15:55:59.122  1881  2002 E memtrack: Couldn't load memtrack module
12-08 15:55:59.127  1881  2002 E memtrack: Couldn't load memtrack module
12-08 15:55:59.132  1881  2002 E memtrack: Couldn't load memtrack module
12-08 15:55:59.138  1881  2002 E memtrack: Couldn't load memtrack module
12-08 15:55:59.142  1881  2002 E memtrack: Couldn't load memtrack module
12-08 15:55:59.206  1881  2002 E memtrack: Couldn't load memtrack module
12-08 15:55:59.213  1881  2002 E memtrack: Couldn't load memtrack module
12-08 15:55:59.214  1881  2002 E memtrack: Couldn't load memtrack module
12-08 15:55:59.218  1881  2002 E memtrack: Couldn't load memtrack module
12-08 15:55:59.224  1881  2002 E memtrack: Couldn't load memtrack module
12-08 15:55:59.252  1881  1894 E memtrack: Couldn't load memtrack module
12-08 15:56:01.618  1828  1828 E netmgr  : Failed to open QEMU pipe 'qemud:network': Invalid argument
12-08 15:56:01.618  1828  1828 E netmgr  : WifiForwarder unable to open QEMU pipe: Invalid argument
12-08 15:56:01.641  1881  2002 E memtrack: Couldn't load memtrack module
12-08 15:56:01.802  1881  2002 E memtrack: Couldn't load memtrack module
12-08 15:56:01.807  1881  2002 E memtrack: Couldn't load memtrack module
12-08 15:56:01.820  1881  2002 E memtrack: Couldn't load memtrack module
12-08 15:56:04.284  1881  1965 E WificondScannerImpl: Timed out waiting for scan result from wificond
12-08 15:56:04.303  1881  1894 E memtrack: Couldn't load memtrack module
12-08 15:56:06.891  1881  1894 E memtrack: Couldn't load memtrack module
12-08 15:56:12.278  1881  1894 E memtrack: Couldn't load memtrack module
12-08 15:56:12.284  1730  1730 E         : Couldn't opendir /data/app/vmdl681937145.tmp: No such file or directory
12-08 15:56:12.285  1730  1730 E installd: Failed to delete /data/app/vmdl681937145.tmp: No such file or directory
12-08 15:56:19.580  1738  1772 E storaged: getDiskStats failed with result NOT_SUPPORTED and size 0
12-08 15:56:19.847  2475 16308 E ChromeSync: [Sync,SyncIntentOperation] Error handling the intent: Intent { act=android.intent.action.PACKAGE_ADDED dat=package:com.evancharlton.mileage flg=0x4000010 cmp=com.google.android.gms/.chimera.GmsIntentOperationService (has extras) }.
12-08 15:56:24.660  1881  1965 E WificondScannerImpl: Timed out waiting for scan result from wificond
12-08 15:56:24.834  1881  1894 E memtrack: Couldn't load memtrack module
12-08 15:56:27.387 16327 16327 E harlton.mileag: Not starting debugger since process cannot load the jdwp agent.
12-08 15:56:37.999  1881  1894 E memtrack: Couldn't load memtrack module
12-08 15:56:45.650  1881  1898 E libprocessgroup: Error encountered killing process cgroup uid 99082 pid 16039: No such file or directory
12-08 15:56:48.345  1881  1894 E memtrack: Couldn't load memtrack module
12-08 15:57:01.677  1828  1828 E netmgr  : Failed to open QEMU pipe 'qemud:network': Invalid argument
12-08 15:57:01.677  1828  1828 E netmgr  : WifiForwarder unable to open QEMU pipe: Invalid argument
12-08 15:57:19.991  1881  1965 E WificondScannerImpl: Timed out waiting for scan result from wificond
12-08 15:57:20.030  1881  1964 E WifiScanRequestProxy: Scan failure received. reason: -1,description: Scan failed
12-08 15:57:20.034  1738  1772 E storaged: getDiskStats failed with result NOT_SUPPORTED and size 0
12-08 15:57:20.040  1739  1739 E wificond: NL80211_CMD_TRIGGER_SCAN failed: Device or resource busy
12-08 15:57:20.041  1881  1965 E WificondScannerImpl: Failed to start scan, freqs=null
12-08 15:57:25.156  1739  1739 E wificond: NL80211_CMD_TRIGGER_SCAN failed: Device or resource busy
12-08 15:57:25.157  1881  1965 E WificondScannerImpl: Failed to start scan, freqs=null
12-08 15:57:35.534  1881  1895 E system_server: libdebuggerd_client: received packet of unexpected length from tombstoned: expected 128, received -1
12-08 15:57:38.040  1881  1895 E system_server: libdebuggerd_client: received packet of unexpected length from tombstoned: expected 128, received -1
12-08 15:57:38.041  1881  1895 E ActivityManager: Aborting stack trace dump (current firstPid=13274); deadline exceeded.
12-08 15:57:38.097  1881  1895 E ActivityManager: ANR in com.evancharlton.mileage (com.evancharlton.mileage/.Mileage)
12-08 15:57:38.097  1881  1895 E ActivityManager: PID: 16327
12-08 15:57:38.097  1881  1895 E ActivityManager: Reason: Input dispatching timed out (Waiting because the focused window is paused.)
12-08 15:57:38.097  1881  1895 E ActivityManager: Load: 5.52 / 5.49 / 4.43
12-08 15:57:38.097  1881  1895 E ActivityManager: CPU usage from 0ms to 28421ms later (2018-12-08 15:57:09.621 to 2018-12-08 15:57:38.041):
12-08 15:57:38.097  1881  1895 E ActivityManager:   64% 1881/system_server: 32% user + 32% kernel / faults: 4992 minor 283 major
12-08 15:57:38.097  1881  1895 E ActivityManager:   18% 1725/surfaceflinger: 8.3% user + 10% kernel / faults: 48 minor
12-08 15:57:38.097  1881  1895 E ActivityManager:   18% 1992/com.google.android.inputmethod.latin: 8.9% user + 9.1% kernel / faults: 2000 minor 99 major
12-08 15:57:38.097  1881  1895 E ActivityManager:   9.7% 2692/com.google.android.googlequicksearchbox:search: 4.4% user + 5.2% kernel / faults: 2116 minor 55 major
12-08 15:57:38.097  1881  1895 E ActivityManager:   9.2% 2314/adbd: 0.8% user + 8.4% kernel / faults: 41634 minor 1 major
12-08 15:57:38.097  1881  1895 E ActivityManager:   8.4% 5536/kworker/u9:1: 0% user + 8.4% kernel
12-08 15:57:38.097  1881  1895 E ActivityManager:   0.5% 1744/tombstoned: 0.1% user + 0.3% kernel / faults: 4 minor 2 major
12-08 15:57:38.097  1881  1895 E ActivityManager:   2.7% 16327/com.evancharlton.mileage: 0% user + 2.7% kernel / faults: 25062 minor 79 major
12-08 15:57:38.097  1881  1895 E ActivityManager:   1.3% 645/kswapd0: 0% user + 1.3% kernel
12-08 15:57:38.097  1881  1895 E ActivityManager:   0.5% 1747/android.hardware.graphics.composer@2.1-service: 0% user + 0.5% kernel / faults: 38 minor
12-08 15:57:38.097  1881  1895 E ActivityManager:   0.4% 13274/com.android.phone: 0% user + 0.4% kernel / faults: 1070 minor 2 major
12-08 15:57:38.097  1881  1895 E ActivityManager:   0.3% 1704/kworker/u9:4: 0% user + 0.3% kernel
12-08 15:57:38.097  1881  1895 E ActivityManager:   0.3% 2508/kworker/u9:3: 0% user + 0.3% kernel
12-08 15:57:38.097  1881  1895 E ActivityManager:   0.3% 2448/com.google.android.gms.persistent: 0% user + 0.3% kernel / faults: 59 minor 6 major
12-08 15:57:38.097  1881  1895 E ActivityManager:   0.2% 2004/com.android.systemui: 0.1% user + 0.1% kernel / faults: 48 minor
12-08 15:57:38.097  1881  1895 E ActivityManager:   0.2% 15085/kworker/u8:6: 0% user + 0.2% kernel
12-08 15:57:38.097  1881  1895 E ActivityManager:   0% 2376/com.android.se: 0% user + 0% kernel / faults: 492 minor 7 major
12-08 15:57:38.097  1881  1895 E ActivityManager:   0.2% 9451/kworker/u9:0: 0% user + 0.2% kernel
12-08 15:57:38.097  1881  1895 E ActivityManager:   0.1% 1625/android.hardware.sensors@1.0-service: 0% user + 0.1% kernel
12-08 15:57:38.097  1881  1895 E ActivityManager:   0.1% 1553/logd: 0% user + 0.1% kernel
12-08 15:57:38.097  1881  1895 E ActivityManager:   0.1% 15677/kworker/u8:2: 0% user + 0.1% kernel
12-08 15:57:38.097  1881  1895 E ActivityManager:   0% 1623/android.hardware.health@2.0-service.goldfish: 0% user + 0% kernel / faults: 10 minor 9 major
12-08 15:57:38.097  1881  1895 E ActivityManager:   0.1% 2330/logcat: 0% user + 0% kernel
12-08 15:57:38.097  1881  1895 E ActivityManager:   0.1% 13668/kworker/u8:5: 0% user + 0.1% kernel
12-08 15:57:38.097  1881  1895 E ActivityManager:   0.1% 15368/kworker/u8:4: 0% user + 0.1% kernel
12-08 15:57:38.097  1881  1895 E ActivityManager:   0.1% 16302/com.android.commands.monkey: 0.1% user + 0% kernel / faults: 12 minor
12-08 15:57:38.097  1881  1895 E ActivityManager:   0% 1620/android.hardware.gnss@1.0-service: 0% user + 0% kernel
12-08 15:57:38.097  1881  1895 E ActivityManager:   0% 1621/android.hardware.graphics.allocator@2.0-service: 0% user + 0% kernel / faults: 14 minor
12-08 15:57:38.097  1881  1895 E ActivityManager:   0% 1739/wificond: 0% user + 0% kernel / faults: 3 minor
12-08 15:57:38.097  1881  1895 E ActivityManager:   0% 13080/kworker/u8:1: 0% user + 0% kernel
12-08 15:57:38.097  1881  1895 E ActivityManager:   0% 16020/kworker/0:1: 0% user + 0% kernel
12-08 15:57:38.097  1881  1895 E ActivityManager:   0% 3/ksoftirqd/0: 0% user + 0% kernel
12-08 15:57:38.097  1881  1895 E ActivityManager:   0% 1672/dmcrypt_write: 0% user + 0% kernel
12-08 15:57:38.097  1881  1895 E ActivityManager:   0% 1738/storaged: 0% user + 0% kernel / faults: 11 minor 13 major
12-08 15:57:38.097  1881  1895 E ActivityManager:   0% 1866/hostapd_nohidl: 0% user + 0% kernel
12-08 15:57:38.097  1881  1895 E ActivityManager:   0% 2475/com.google.android.gms: 0% user + 0% kernel / faults: 8 minor
12-08 15:57:38.097  1881  1895 E ActivityManager:   0% 12657/kworker/2:2: 0% user + 0% kernel
12-08 15:57:38.097  1881  1895 E ActivityManager:  +0% 16361/crash_dump32: 0% user + 0% kernel
12-08 15:57:38.097  1881  1895 E ActivityManager:  +0% 16362/crash_dump32: 0% user + 0% kernel
12-08 15:57:38.097  1881  1895 E ActivityManager: 12% TOTAL: 4.1% user + 6.8% kernel + 0.7% iowait + 0.4% softirq
12-08 15:57:38.097  1881  1895 E ActivityManager: CPU usage from 50ms to 5080ms later (2018-12-08 15:57:09.671 to 2018-12-08 15:57:14.701):
12-08 15:57:38.097  1881  1895 E ActivityManager:   147% 1881/system_server: 80% user + 67% kernel / faults: 991 minor 39 major
12-08 15:57:38.097  1881  1895 E ActivityManager:     50% 1890/HeapTaskDaemon: 27% user + 22% kernel
12-08 15:57:38.097  1881  1895 E ActivityManager:     48% 1895/ActivityManager: 29% user + 18% kernel
12-08 15:57:38.097  1881  1895 E ActivityManager:     1.8% 3035/RenderThread: 0.4% user + 1.4% kernel
12-08 15:57:38.097  1881  1895 E ActivityManager:     1% 1934/android.anim: 1% user + 0% kernel
12-08 15:57:38.097  1881  1895 E ActivityManager:     0.4% 1935/android.anim.lf: 0% user + 0.4% kernel
12-08 15:57:38.097  1881  1895 E ActivityManager:     0.2% 1894/android.bg: 0.2% user + 0% kernel
12-08 15:57:38.097  1881  1895 E ActivityManager:     0.2% 1903/android.display: 0% user + 0.2% kernel
12-08 15:57:38.097  1881  1895 E ActivityManager:     0.2% 1905/PowerManagerSer: 0% user + 0.2% kernel
12-08 15:57:38.097  1881  1895 E ActivityManager:     0.2% 1941/SensorService: 0% user + 0.2% kernel
12-08 15:57:38.097  1881  1895 E ActivityManager:     0.2% 1989/LazyTaskWriterT: 0% user + 0.2% kernel
12-08 15:57:38.097  1881  1895 E ActivityManager:     0.2% 4493/Binder:1881_18: 0.2% user + 0% kernel
12-08 15:57:38.097  1881  1895 E ActivityManager:     0.2% 5179/Binder:1881_1C: 0.2% user + 0% kernel
12-08 15:57:38.097  1881  1895 E ActivityManager:     0.2% 7662/HwBinder:1881_5: 0% user + 0.2% kernel
12-08 15:57:38.097  1881  1895 E ActivityManager:   3.6% 1725/surfaceflinger: 2.6% user + 1% kernel / faults: 8 minor
12-08 15:57:38.097  1881  1895 E ActivityManager:     2% 1725/surfaceflinger: 1.4% user + 0.6% kernel
12-08 15:57:38.097  1881  1895 E ActivityManager:     0.4% 1797/Binder:1725_1: 0.4% user + 0% kernel
12-08 15:57:38.097  1881  1895 E ActivityManager:     0.2% 1799/DispSync: 0.2% user + 0% kernel
12-08 15:57:38.097  1881  1895 E ActivityManager:     0.2% 1800/appEventThread: 0% user + 0.2% kernel
12-08 15:57:38.097  1881  1895 E ActivityManager:     0.2% 1801/sfEventThread: 0.2% user + 0% kernel
12-08 15:57:38.097  1881  1895 E ActivityManager:   0.8% 1747/android.hardware.graph
12-08 15:57:40.707 13274 13274 E libbacktrace: void SignalHandler(int, siginfo_t *, void *): Timed out waiting for unwind thread to indicate it completed.
12-08 15:57:40.738 13274 13281 E libbacktrace: bool BacktraceCurrent::UnwindThread(size_t): Timed out waiting for signal handler to get ucontext data.
12-08 15:57:40.782  1744  1744 E /system/bin/tombstoned: Traces for pid 13274 written to: /data/anr/trace_10
12-08 15:57:43.260  1744  1744 E /system/bin/tombstoned: Tombstone written to: /data/tombstones/tombstone_01
12-08 15:57:43.471  1881  4492 E memtrack: Couldn't load memtrack module
12-08 15:57:43.562  1881  4492 E memtrack: Couldn't load memtrack module
12-08 15:57:45.965  1881  1965 E WificondScannerImpl: Timed out waiting for scan result from wificond
12-08 15:57:45.981  1881  4492 E memtrack: Couldn't load memtrack module
12-08 15:57:45.984  1881  1894 E memtrack: Couldn't load memtrack module
12-08 15:57:46.116  1881  4492 E memtrack: Couldn't load memtrack module
12-08 15:57:46.210  1881  4492 E memtrack: Couldn't load memtrack module
12-08 15:57:46.308  1881  4492 E memtrack: Couldn't load memtrack module
12-08 15:57:48.524  1881  4492 E memtrack: Couldn't load memtrack module
12-08 15:57:48.589  1881  4492 E memtrack: Couldn't load memtrack module
12-08 15:57:48.660  1881  4492 E memtrack: Couldn't load memtrack module
12-08 15:57:48.729  1881  4492 E memtrack: Couldn't load memtrack module
12-08 15:57:48.790  1881  4492 E memtrack: Couldn't load memtrack module
12-08 15:57:51.127  1881  4492 E memtrack: Couldn't load memtrack module
12-08 15:57:51.198  1881  4492 E memtrack: Couldn't load memtrack module
12-08 15:57:51.260  1881  4492 E memtrack: Couldn't load memtrack module
12-08 15:57:51.319  1881  4492 E memtrack: Couldn't load memtrack module
12-08 15:57:51.390  1881  4492 E memtrack: Couldn't load memtrack module
12-08 15:57:51.466  1881  4492 E memtrack: Couldn't load memtrack module
12-08 15:57:53.678  1881  4492 E memtrack: Couldn't load memtrack module
12-08 15:57:53.767  1881  4492 E memtrack: Couldn't load memtrack module
12-08 15:57:53.833  1881  4492 E memtrack: Couldn't load memtrack module
12-08 15:57:53.900  1881  4492 E memtrack: Couldn't load memtrack module
12-08 15:57:53.968  1881  4492 E memtrack: Couldn't load memtrack module
12-08 15:57:56.267  1881  1894 E memtrack: Couldn't load memtrack module
