--------- beginning of main
--------- beginning of system
12-07 21:56:37.671  5618  5618 E ndroid.keychai: Not starting debugger since process cannot load the jdwp agent.
12-07 21:56:38.546  5666  5666 E droid.apps.doc: Not starting debugger since process cannot load the jdwp agent.
12-07 21:56:40.851  5684  5684 E id.defcontaine: Not starting debugger since process cannot load the jdwp agent.
12-07 21:56:41.352  5707  5707 E d.process.medi: Not starting debugger since process cannot load the jdwp agent.
12-07 21:56:41.853  5728  5728 E ocess.gservice: Not starting debugger since process cannot load the jdwp agent.
12-07 21:56:43.563  5666  5666 E DocsApplication: [main] No default account found during application creation.
12-07 21:56:43.683  5666  5679 E JavaBinder: *** Uncaught remote exception!  (Exceptions are not yet supported across processes.)
12-07 21:56:43.683  5666  5679 E JavaBinder: android.database.StaleDataException: Attempted to access a cursor after it has been closed.
12-07 21:56:43.683  5666  5679 E JavaBinder: 	at android.database.CursorToBulkCursorAdaptor.throwIfCursorIsClosed(CursorToBulkCursorAdaptor.java:121)
12-07 21:56:43.683  5666  5679 E JavaBinder: 	at android.database.CursorToBulkCursorAdaptor.getBulkCursorDescriptor(CursorToBulkCursorAdaptor.java:139)
12-07 21:56:43.683  5666  5679 E JavaBinder: 	at android.content.ContentProviderNative.onTransact(ContentProviderNative.java:111)
12-07 21:56:43.683  5666  5679 E JavaBinder: 	at android.os.Binder.execTransact(Binder.java:731)
12-07 21:56:44.474  1729  1931 E         : Couldn't opendir /data/app/vmdl600620079.tmp: No such file or directory
12-07 21:56:44.474  1729  1931 E installd: Failed to delete /data/app/vmdl600620079.tmp: No such file or directory
12-07 21:56:49.790  5789  5789 E harlton.mileag: Not starting debugger since process cannot load the jdwp agent.
12-07 21:57:08.171  5825  5825 E emui:screensho: Not starting debugger since process cannot load the jdwp agent.
12-07 21:57:08.728  5825  5825 E SoundPool: error loading /product/media/audio/ui/camera_click.ogg
12-07 21:57:08.939  1724  1876 E SurfaceFlinger: ro.sf.lcd_density must be defined as a build property
12-07 21:57:08.979  1739  2097 E OMXNodeInstance: getConfig(0xee326de0:google.vorbis.decoder, ConfigAndroidVendorExtension(0x6f100004)) ERROR: Undefined(0x80001001)
12-07 21:57:09.121  1724  1767 E SurfaceFlinger: ro.sf.lcd_density must be defined as a build property
12-07 21:57:10.346  1829  1829 E netmgr  : Failed to open QEMU pipe 'qemud:network': Invalid argument
12-07 21:57:10.346  1829  1829 E netmgr  : WifiForwarder unable to open QEMU pipe: Invalid argument
12-07 21:57:11.599  5854  5854 E d.process.medi: Not starting debugger since process cannot load the jdwp agent.
12-07 21:57:14.286 16506 16506 E BeaconBle: Missing BluetoothAdapter
12-07 21:57:14.317 16506 16506 E BeaconBle: Scan couldn't start for Places
12-07 21:57:24.120  5891  5891 E oid.apps.photo: Not starting debugger since process cannot load the jdwp agent.
12-07 21:57:32.349  1737  1809 E storaged: getDiskStats failed with result NOT_SUPPORTED and size 0
12-07 21:57:37.992 16561 16561 E ContextIntentStarter: No activity found for any of the 0 intents
12-07 21:57:38.470  3907  3907 E wpa_supplicant: nl80211: Failed to open /proc/sys/net/ipv4/conf/p2p-dev-wlan0/drop_unicast_in_l2_multicast: No such file or directory
12-07 21:57:38.470  3907  3907 E wpa_supplicant: nl80211: Failed to set IPv4 unicast in multicast filter
12-07 21:57:38.483  3907  3907 E wpa_supplicant: nl80211: Failed to open /proc/sys/net/ipv4/conf/p2p-dev-wlan0/drop_unicast_in_l2_multicast: No such file or directory
12-07 21:57:38.483  3907  3907 E wpa_supplicant: nl80211: Failed to set IPv4 unicast in multicast filter
12-07 21:57:38.582  3907  3907 E wpa_supplicant: nl80211: Failed to open /proc/sys/net/ipv4/conf/wlan0/drop_unicast_in_l2_multicast: No such file or directory
12-07 21:57:38.582  3907  3907 E wpa_supplicant: nl80211: Failed to set IPv4 unicast in multicast filter
12-07 21:57:38.582  3907  3907 E wpa_supplicant: nl80211: Failed to open /proc/sys/net/ipv4/conf/wlan0/drop_unicast_in_l2_multicast: No such file or directory
12-07 21:57:38.582  3907  3907 E wpa_supplicant: nl80211: Failed to set IPv4 unicast in multicast filter
12-07 21:57:38.667  3907  3907 E wpa_supplicant: nl80211: Failed to open /proc/sys/net/ipv4/conf/wlan0/drop_unicast_in_l2_multicast: No such file or directory
12-07 21:57:38.668  3907  3907 E wpa_supplicant: nl80211: Failed to set IPv4 unicast in multicast filter
12-07 21:57:38.961  5951  5951 E rrierdefaultap: Not starting debugger since process cannot load the jdwp agent.
12-07 21:57:39.094  1628  1628 E android.hardware.wifi@1.0-service: Failed to open directory: Permission denied
12-07 21:57:39.094  1628  1628 E android.hardware.wifi@1.0-service: Error occurred while deleting old tombstone files
12-07 21:57:39.094  1628  1628 E android.hardware.wifi@1.0-service: Error writing files to flash
12-07 21:57:39.388 15976 16055 E WifiP2pService: Unhandled message { when=0 what=131204 target=com.android.internal.util.StateMachine$SmHandler }
12-07 21:57:39.498 15976 15994 E BatteryExternalStatsWorker: no controller energy info supplied for wifi
12-07 21:57:39.729 16506  4085 E WakeLock: GCM_HB_ALARM release without a matched acquire!
12-07 21:57:39.752 16506  4085 E GCM     : Connection closed with errorCode 20
12-07 21:57:39.983 16506  4085 E WakeLock: GCM_CONN_ALARM release without a matched acquire!
12-07 21:57:40.148  5970  5970 E viders.calenda: Not starting debugger since process cannot load the jdwp agent.
12-07 21:57:40.252  5981  5981 E ndroid.calenda: Not starting debugger since process cannot load the jdwp agent.
12-07 21:57:40.581  1724  1767 E SurfaceFlinger: getLayerUser(name=0xe75fb630) is dead
12-07 21:57:40.639  1628  1628 E android.hardware.wifi@1.0-service: Failed to register radio mode change callback
12-07 21:57:40.648  1628  1628 E android.hardware.wifi@1.0-service: Failed to set DFS flag; DFS channels may be unavailable.
12-07 21:57:40.721 15926 15926 E wificond: No Offload Service available
12-07 21:57:40.937 15976 16055 E WifiP2pService: Unhandled message { when=-1ms what=131203 target=com.android.internal.util.StateMachine$SmHandler }
12-07 21:57:40.948 15976 16055 E WifiP2pService: Unhandled message { when=0 what=131203 target=com.android.internal.util.StateMachine$SmHandler }
12-07 21:57:41.007 15976 15994 E BatteryExternalStatsWorker: no controller energy info supplied for wifi
12-07 21:57:41.067 15976 15994 E BatteryExternalStatsWorker: no controller energy info supplied for wifi
12-07 21:57:42.275  6036  6036 E droid.deskcloc: Not starting debugger since process cannot load the jdwp agent.
12-07 21:57:42.795 16506  5249 E ctxmgr  : [AppIntervalImpl]closeInterval: stopTimeMillis invalid, stop=1544237862795, start=1544238227857
12-07 21:57:42.804 16506  5249 E ctxmgr  : [AppIntervalImpl]closeInterval: stopTimeMillis invalid, stop=1544237862804, start=1544238227858
12-07 21:57:43.095  6036  6036 E LoadedApk: Unable to instantiate appComponentFactory
12-07 21:57:43.095  6036  6036 E LoadedApk: java.lang.ClassNotFoundException: Didn't find class "android.support.v4.app.CoreComponentFactory" on path: DexPathList[[zip file "/data/app/com.google.android.deskclock-irjeQ48B8SlCzNgOUY6aXg==/base.apk"],nativeLibraryDirectories=[/data/app/com.google.android.deskclock-irjeQ48B8SlCzNgOUY6aXg==/lib/x86, /system/lib]]
12-07 21:57:43.095  6036  6036 E LoadedApk: 	at dalvik.system.BaseDexClassLoader.findClass(BaseDexClassLoader.java:134)
12-07 21:57:43.095  6036  6036 E LoadedApk: 	at java.lang.ClassLoader.loadClass(ClassLoader.java:379)
12-07 21:57:43.095  6036  6036 E LoadedApk: 	at java.lang.ClassLoader.loadClass(ClassLoader.java:312)
12-07 21:57:43.095  6036  6036 E LoadedApk: 	at android.app.LoadedApk.createAppFactory(LoadedApk.java:226)
12-07 21:57:43.095  6036  6036 E LoadedApk: 	at android.app.LoadedApk.createOrUpdateClassLoaderLocked(LoadedApk.java:731)
12-07 21:57:43.095  6036  6036 E LoadedApk: 	at android.app.LoadedApk.getClassLoader(LoadedApk.java:810)
12-07 21:57:43.095  6036  6036 E LoadedApk: 	at android.app.LoadedApk.getResources(LoadedApk.java:1032)
12-07 21:57:43.095  6036  6036 E LoadedApk: 	at android.app.ContextImpl.createAppContext(ContextImpl.java:2345)
12-07 21:57:43.095  6036  6036 E LoadedApk: 	at android.app.ActivityThread.handleBindApplication(ActivityThread.java:5749)
12-07 21:57:43.095  6036  6036 E LoadedApk: 	at android.app.ActivityThread.access$1100(ActivityThread.java:199)
12-07 21:57:43.095  6036  6036 E LoadedApk: 	at android.app.ActivityThread$H.handleMessage(ActivityThread.java:1650)
12-07 21:57:43.095  6036  6036 E LoadedApk: 	at android.os.Handler.dispatchMessage(Handler.java:106)
12-07 21:57:43.095  6036  6036 E LoadedApk: 	at android.os.Looper.loop(Looper.java:193)
12-07 21:57:43.095  6036  6036 E LoadedApk: 	at android.app.ActivityThread.main(ActivityThread.java:6669)
12-07 21:57:43.095  6036  6036 E LoadedApk: 	at java.lang.reflect.Method.invoke(Native Method)
12-07 21:57:43.095  6036  6036 E LoadedApk: 	at com.android.internal.os.RuntimeInit$MethodAndArgsCaller.run(RuntimeInit.java:493)
12-07 21:57:43.095  6036  6036 E LoadedApk: 	at com.android.internal.os.ZygoteInit.main(ZygoteInit.java:858)
12-07 21:57:43.822  6067  6067 E com.ustwo.lwp: Not starting debugger since process cannot load the jdwp agent.
12-07 21:57:45.383 15976 15994 E BatteryExternalStatsWorker: no controller energy info supplied for wifi
12-07 21:57:45.540 16506  6098 E WakeLock: GCM_HB_ALARM release without a matched acquire!
12-07 21:57:45.564 16506  6098 E WakeLock: GCM_CONN_ALARM release without a matched acquire!
12-07 21:57:45.775 16506  6108 E WakeLock: GCM_HB_ALARM release without a matched acquire!
12-07 21:57:46.142 15925 15942 E Netd    : Error adding route ::/0 -> fe80::ff:fe00:100 wlan0 to table 1003: File exists
12-07 21:57:50.736 16506  6118 E WakeLock: GCM_CONN_ALARM release without a matched acquire!
12-07 21:57:52.103 15927  6121 E audio_hw_generic: pcm_open(in) failed: cannot open device '/dev/snd/pcmC0D0c': Device or resource busy: channels 2 format 0 rate 16000
12-07 21:58:10.353  1829  1829 E netmgr  : Failed to open QEMU pipe 'qemud:network': Invalid argument
12-07 21:58:10.353  1829  1829 E netmgr  : WifiForwarder unable to open QEMU pipe: Invalid argument
12-07 21:58:32.372  1737  1809 E storaged: getDiskStats failed with result NOT_SUPPORTED and size 0
12-07 21:59:04.361  6156  6156 E android.youtub: Not starting debugger since process cannot load the jdwp agent.
12-07 21:59:04.761  6170  6170 E id.gms.learnin: Not starting debugger since process cannot load the jdwp agent.
12-07 21:59:06.503  6156  6226 E YouTube : Failed delayed event dispatch, no dispatchers.
12-07 21:59:10.358  1829  1829 E netmgr  : Failed to open QEMU pipe 'qemud:network': Invalid argument
12-07 21:59:10.358  1829  1829 E netmgr  : WifiForwarder unable to open QEMU pipe: Invalid argument
12-07 21:59:32.389  1737  1809 E storaged: getDiskStats failed with result NOT_SUPPORTED and size 0
12-07 22:00:10.364  1829  1829 E netmgr  : Failed to open QEMU pipe 'qemud:network': Invalid argument
12-07 22:00:10.364  1829  1829 E netmgr  : WifiForwarder unable to open QEMU pipe: Invalid argument
12-07 22:00:19.999 16410  6322 E SQLiteCastStore: Skip saving CastDeviceInfo: "Nearby device" (__cast_nearby___V_4550b021-751e-4239-807c-39b31eb2d1a1)
12-07 22:00:32.413  1737  1809 E storaged: getDiskStats failed with result NOT_SUPPORTED and size 0
12-07 22:01:10.368  1829  1829 E netmgr  : Failed to open QEMU pipe 'qemud:network': Invalid argument
12-07 22:01:10.368  1829  1829 E netmgr  : WifiForwarder unable to open QEMU pipe: Invalid argument
12-07 22:01:32.473  1737  1809 E storaged: getDiskStats failed with result NOT_SUPPORTED and size 0
