--------- beginning of system
12-07 11:31:12.325  1737  1809 E storaged: getDiskStats failed with result NOT_SUPPORTED and size 0
--------- beginning of main
12-07 11:32:06.267  2420  2420 E BeaconBle: Missing BluetoothAdapter
12-07 11:32:06.341  2420  2420 E BeaconBle: Scan couldn't start for Places
12-07 11:32:06.711  1829  1829 E netmgr  : Failed to open QEMU pipe 'qemud:network': Invalid argument
12-07 11:32:06.712  1829  1829 E netmgr  : WifiForwarder unable to open QEMU pipe: Invalid argument
12-07 11:32:12.331  1737  1809 E storaged: getDiskStats failed with result NOT_SUPPORTED and size 0
12-07 11:32:16.025 13434 13434 E boxed_process1: Not starting debugger since process cannot load the jdwp agent.
12-07 11:32:17.165  1613 13461 E audio_hw_generic: pcm_open(in) failed: cannot open device '/dev/snd/pcmC0D0c': Device or resource busy: channels 2 format 0 rate 16000
12-07 11:32:26.876  2420 13364 E ctxmgr  : [ProducerStatusImpl]updateStateForNewContextData: inactive, contextName=7
12-07 11:32:27.265  2420  2420 E BeaconBle: Scan couldn't start for Places
12-07 11:32:32.223  1628  1628 E android.hardware.wifi@1.0-service: Failed to register radio mode change callback
12-07 11:32:32.225  1628  1628 E android.hardware.wifi@1.0-service: Failed to set DFS flag; DFS channels may be unavailable.
12-07 11:32:32.254  1738  1738 E wificond: No Offload Service available
12-07 11:32:32.372  1883  1967 E WifiP2pService: Unhandled message { when=-1ms what=131203 target=com.android.internal.util.StateMachine$SmHandler }
12-07 11:32:32.413  1883  1967 E WifiP2pService: Unhandled message { when=-1ms what=131203 target=com.android.internal.util.StateMachine$SmHandler }
12-07 11:32:32.439  1883  1901 E BatteryExternalStatsWorker: no controller energy info supplied for wifi
12-07 11:32:32.466  1883  1901 E BatteryExternalStatsWorker: no controller energy info supplied for wifi
12-07 11:32:33.830  2759  2759 E ContextIntentStarter: No activity found for any of the 0 intents
12-07 11:32:36.496  1883  1901 E BatteryExternalStatsWorker: no controller energy info supplied for wifi
12-07 11:32:37.312  1735  1813 E Netd    : Error adding route ::/0 -> fe80::ff:fe00:100 wlan0 to table 1003: File exists
12-07 11:32:37.403  2420 13514 E WakeLock: GCM_CONN_ALARM release without a matched acquire!
12-07 11:32:42.446  2759  2759 E ContextIntentStarter: No activity found for any of the 0 intents
12-07 11:32:52.477  2420 13522 E ctxmgr  : [ProducerStatusImpl]updateStateForNewContextData: inactive, contextName=7
12-07 11:32:52.766  2420  2420 E BeaconBle: Missing BluetoothAdapter
12-07 11:32:52.853  2420  2420 E BeaconBle: Scan couldn't start for Places
12-07 11:32:59.164  1613 13563 E audio_hw_generic: pcm_open(in) failed: cannot open device '/dev/snd/pcmC0D0c': Device or resource busy: channels 2 format 0 rate 16000
12-07 11:32:59.299  2759  2759 E ClientVe: Failed to create ClientVisualElementsProto for user interaction on view com.google.android.apps.gsa.searchbox.ui.suggestions.views.CoreSuggestionView{4ddb605 VFE...CL. ...P..ID 0,-5-1038,142 #169} because the view is not tagged for visual element logging.
12-07 11:32:59.359 13566 13566 E boxed_process1: Not starting debugger since process cannot load the jdwp agent.
12-07 11:32:59.364  2759  2759 E ClientVe: Failed to create ClientVisualElementsProto for user interaction on view com.google.android.apps.gsa.searchbox.ui.suggestions.views.CoreSuggestionView{b74c08b VFE...CL. ...P.... 0,289-1038,436 #16b} because the view is not tagged for visual element logging.
12-07 11:32:59.715  2759  2759 E ClientVe: Failed to create ClientVisualElementsProto for user interaction on view com.google.android.apps.gsa.searchbox.ui.suggestions.views.CoreSuggestionView{9e28568 VFE...CL. ...P.... 0,436-1038,583 #16c} because the view is not tagged for visual element logging.
12-07 11:33:06.366  2759  2766 E ReloadingLock: Finalizing LOCKED Token[searchresults_activity 2018-12-07 11:33:03.140]
12-07 11:33:06.715  1829  1829 E netmgr  : Failed to open QEMU pipe 'qemud:network': Invalid argument
12-07 11:33:06.715  1829  1829 E netmgr  : WifiForwarder unable to open QEMU pipe: Invalid argument
12-07 11:33:12.342  1737  1809 E storaged: getDiskStats failed with result NOT_SUPPORTED and size 0
12-07 11:33:13.482  1613 13606 E audio_hw_generic: pcm_open(in) failed: cannot open device '/dev/snd/pcmC0D0c': Device or resource busy: channels 2 format 0 rate 16000
12-07 11:33:18.000  2759  2759 E ContextIntentStarter: No activity found for any of the 0 intents
12-07 11:33:21.642  1883  3454 E WindowManager: Performed 6 layouts in a row. Skipping
12-07 11:33:21.675  1883  1935 E WindowManager: Performed 6 layouts in a row. Skipping
12-07 11:33:21.734  1883  4258 E WindowManager: Performed 6 layouts in a row. Skipping
12-07 11:33:21.783  1883  1935 E WindowManager: Performed 6 layouts in a row. Skipping
12-07 11:33:21.928  1883  1935 E WindowManager: Performed 6 layouts in a row. Skipping
12-07 11:33:21.962  1883  4258 E WindowManager: Performed 6 layouts in a row. Skipping
12-07 11:33:21.986  1883  1935 E WindowManager: Performed 6 layouts in a row. Skipping
12-07 11:33:22.012  1883  1935 E WindowManager: Performed 6 layouts in a row. Skipping
12-07 11:33:22.042  1883  3454 E WindowManager: Performed 6 layouts in a row. Skipping
12-07 11:33:22.066  1883  1935 E WindowManager: Performed 6 layouts in a row. Skipping
12-07 11:33:22.095  1883  1935 E WindowManager: Performed 6 layouts in a row. Skipping
12-07 11:33:28.517  1613 13622 E audio_hw_generic: pcm_open(in) failed: cannot open device '/dev/snd/pcmC0D0c': Device or resource busy: channels 2 format 0 rate 16000
12-07 11:33:29.079  2420  2420 E BeaconBle: Scan couldn't start for Places
12-07 11:33:29.080  2420  3201 E PlaceInferenceEngine: Position timestamp out of order. Previous: 1544218372000, Current: 1544200408429. Skipping this Position.
12-07 11:33:32.133  2759  2759 E ClientVe: Failed to create ClientVisualElementsProto for user interaction on view com.google.android.apps.gsa.searchbox.ui.suggestions.views.CoreSuggestionView{90ad131 VFE...CL. ...P.... 21,877-1059,1024 #185} because the view is not tagged for visual element logging.
12-07 11:33:32.527  2759  2759 E ClientVe: Failed to create ClientVisualElementsProto for user interaction on view com.google.android.apps.gsa.searchbox.ui.suggestions.views.CoreSuggestionView{376ec69 VFE...CL. ...P.... 21,1024-1059,1171 #186} because the view is not tagged for visual element logging.
12-07 11:33:35.138  1613 13635 E audio_hw_generic: pcm_open(in) failed: cannot open device '/dev/snd/pcmC0D0c': Device or resource busy: channels 2 format 0 rate 16000
