--------- beginning of system
12-08 18:01:27.837  2407  2407 E SchedPolicy: set_timerslack_ns write failed: Operation not permitted
12-08 18:01:28.611  2407  2407 E SchedPolicy: set_timerslack_ns write failed: Operation not permitted
12-08 18:01:31.472  2407  2428 E ActivityThread: Failed to find provider info for com.google.android.as.allapps.actionsettingprovider
12-08 18:01:31.935  1885  1899 E ActivityManager: ANR in com.google.android.googlequicksearchbox:search
12-08 18:01:31.935  1885  1899 E ActivityManager: PID: 2540
12-08 18:01:31.935  1885  1899 E ActivityManager: Reason: Broadcast of Intent { act=com.google.android.systemui.smartspace.EXPIRE_EVENT flg=0x10000010 pkg=com.google.android.googlequicksearchbox cmp=com.google.android.googlequicksearchbox/com.google.android.apps.gsa.broadcastreceiver.external.PixelLauncherBroadcastReceiver }
12-08 18:01:31.935  1885  1899 E ActivityManager: Load: 0.0 / 0.0 / 0.0
12-08 18:01:31.935  1885  1899 E ActivityManager: CPU usage from 13270ms to 0ms ago (2018-12-08 13:01:17.642 to 2018-12-08 13:01:30.912):
12-08 18:01:31.935  1885  1899 E ActivityManager:   27% 1885/system_server: 13% user + 14% kernel / faults: 9677 minor 264 major
12-08 18:01:31.935  1885  1899 E ActivityManager:   18% 1727/surfaceflinger: 7.6% user + 10% kernel / faults: 45 minor
12-08 18:01:31.935  1885  1899 E ActivityManager:   16% 1996/com.google.android.inputmethod.latin: 9.5% user + 6.7% kernel / faults: 11703 minor 77 major
12-08 18:01:31.935  1885  1899 E ActivityManager:   7% 2012/com.android.systemui: 4.3% user + 2.7% kernel / faults: 4065 minor 11 major
12-08 18:01:31.935  1885  1899 E ActivityManager:   6.2% 2138/com.android.settings: 2.7% user + 3.4% kernel / faults: 154 minor
12-08 18:01:31.935  1885  1899 E ActivityManager:   4.3% 1706/kworker/u9:3: 0% user + 4.3% kernel
12-08 18:01:31.935  1885  1899 E ActivityManager:   3.6% 1707/kworker/u9:4: 0% user + 3.6% kernel
12-08 18:01:31.935  1885  1899 E ActivityManager:   2.9% 1696/kworker/u9:1: 0% user + 2.9% kernel
12-08 18:01:31.935  1885  1899 E ActivityManager:   2.4% 1751/android.hardware.graphics.composer@2.1-service: 0% user + 2.4% kernel / faults: 28 minor
12-08 18:01:31.935  1885  1899 E ActivityManager:   1% 1701/kworker/u9:2: 0% user + 1% kernel
12-08 18:01:31.935  1885  1899 E ActivityManager:   1.5% 1728/zygote: 0% user + 1.4% kernel / faults: 2148 minor
12-08 18:01:31.935  1885  1899 E ActivityManager:   1.4% 2350/android.process.acore: 0.5% user + 0.9% kernel / faults: 1337 minor 17 major
12-08 18:01:31.935  1885  1899 E ActivityManager:   1.3% 2127/com.android.phone: 0.5% user + 0.8% kernel / faults: 253 minor 1 major
12-08 18:01:31.935  1885  1899 E ActivityManager:   0.7% 1556/logd: 0% user + 0.6% kernel / faults: 164 minor
12-08 18:01:31.935  1885  1899 E ActivityManager:   1.1% 1//init: 0% user + 1.1% kernel / faults: 210 minor
12-08 18:01:31.935  1885  1899 E ActivityManager:   0.7% 1732/installd: 0% user + 0.7% kernel / faults: 65 minor
12-08 18:01:31.935  1885  1899 E ActivityManager:   0.8% 42/kworker/u8:2: 0% user + 0.8% kernel
12-08 18:01:31.935  1885  1899 E ActivityManager:   0.8% 1678/kworker/u9:0: 0% user + 0.8% kernel
12-08 18:01:31.935  1885  1899 E ActivityManager:   0.8% 1827/kworker/0:2: 0% user + 0.8% kernel
12-08 18:01:31.935  1885  1899 E ActivityManager:   0.4% 1628/android.hardware.sensors@1.0-service: 0.2% user + 0.2% kernel / faults: 10 minor
12-08 18:01:31.935  1885  1899 E ActivityManager:   0.6% 7/rcu_preempt: 0.6% user + 0% kernel
12-08 18:01:31.935  1885  1899 E ActivityManager:   0.5% 3/ksoftirqd/0: 0.5% user + 0% kernel
12-08 18:01:31.935  1885  1899 E ActivityManager:   0.5% 6/kworker/u8:0: 0% user + 0.5% kernel
12-08 18:01:31.935  1885  1899 E ActivityManager:   0.3% 1557/servicemanager: 0% user + 0.3% kernel
12-08 18:01:31.935  1885  1899 E ActivityManager:   0.3% 2313/com.android.cellbroadcastreceiver: 0% user + 0.3% kernel / faults: 292 minor
12-08 18:01:31.935  1885  1899 E ActivityManager:   0.3% 2334/com.google.android.dialer: 0% user + 0.3% kernel / faults: 258 minor 2 major
12-08 18:01:31.935  1885  1899 E ActivityManager:   0.3% 971/kworker/u8:5: 0% user + 0.3% kernel
12-08 18:01:31.935  1885  1899 E ActivityManager:   0.2% 1740/storaged: 0% user + 0.2% kernel / faults: 637 minor
12-08 18:01:31.935  1885  1899 E ActivityManager:   0.2% 1720/jbd2/dm-1-8: 0% user + 0.2% kernel
12-08 18:01:31.935  1885  1899 E ActivityManager:   0% 1680/dmcrypt_write: 0% user + 0% kernel
12-08 18:01:31.935  1885  1899 E ActivityManager:   0.1% 2187/com.google.android.ext.services: 0% user + 0% kernel / faults: 220 minor
12-08 18:01:31.935  1885  1899 E ActivityManager:   0% 12/ksoftirqd/1: 0% user + 0% kernel
12-08 18:01:31.935  1885  1899 E ActivityManager:   0% 16/ksoftirqd/2: 0% user + 0% kernel
12-08 18:01:31.935  1885  1899 E ActivityManager:   0% 20/ksoftirqd/3: 0% user + 0% kernel
12-08 18:01:31.935  1885  1899 E ActivityManager:   0% 1558/hwservicemanager: 0% user + 0% kernel / faults: 16 minor
12-08 18:01:31.935  1885  1899 E ActivityManager:   0% 1624/android.hardware.graphics.allocator@2.0-service: 0% user + 0% kernel / faults: 23 minor
12-08 18:01:31.935  1885  1899 E ActivityManager:   0% 1633/lmkd: 0% user + 0% kernel
12-08 18:01:31.935  1885  1899 E ActivityManager:   0% 1712/kworker/3:1H: 0% user + 0% kernel
12-08 18:01:31.935  1885  1899 E ActivityManager:   0% 1743/rild: 0% user + 0% kernel
12-08 18:01:31.935  1885  1899 E ActivityManager:   0% 1840/kworker/2:2: 0% user + 0% kernel
12-08 18:01:31.935  1885  1899 E ActivityManager:   0% 2258/com.google.android.deskclock: 0% user + 0% kernel / faults: 132 minor
12-08 18:01:31.935  1885  1899 E ActivityManager:  +0% 2376/adbd: 0% user + 0% kernel
12-08 18:01:31.935  1885  1899 E ActivityManager:  +0% 2388/mdnsd: 0% user + 0% kernel
12-08 18:01:31.935  1885  1899 E ActivityManager:  +0% 2407/com.google.android.apps.nexuslauncher: 0% user + 0% kernel
12-08 18:01:31.935  1885  1899 E ActivityManager:  +0% 2429/com.google.android.gms.persistent: 0% user + 0% kernel
12-08 18:01:31.935  1885  1899 E ActivityManager:  +0% 2442/com.google.android.googlequicksearchbox:interactor: 0% user + 0% kernel
12-08 18:01:31.935  1885  1899 E ActivityManager:  +0% 2462/com.android.se: 0% user + 0% kernel
12-08 18:01:31.935  1885  1899 E ActivityManager:  +0% 2482/android.process.media: 0% user + 0% kernel
12-08 18:01:31.935  1885  1899 E ActivityManager:  +0% 2514/com.google.process.gservices: 0% user + 0% kernel
12-08 18:01:31.935  1885  1899 E ActivityManager:  +0% 2529/com.android.smspush: 0% user + 0% kernel
12-08 18:01:31.935  1885  1899 E ActivityManager:  +0% 2540/com.google.android.googlequicksearchbox:search: 0% user + 0% kernel
12-08 18:01:31.935  1885  1899 E ActivityManager:  +0% 2578/com.google.android.apps.photos: 0% user + 0% kernel
12-08 18:01:31.935  1885  1899 E ActivityManager:  +0% 2603/com.android.defcontainer: 0% user + 0% kernel
12-08 18:01:31.935  1885  1899 E ActivityManager:  +0% 2608/com.google.android.gms: 0% user + 0% kernel
12-08 18:01:31.935  1885  1899 E ActivityManager:  +0% 2627/com.google.android.inputmethod.latin:train: 0% user + 0% kernel
12-08 18:01:31.935  1885  1899 E ActivityManager:  +0% 2659/com.android.printspooler: 0% user + 0% kernel
12-08 18:01:31.935  1885  1899 E ActivityManager:  +0% 2687/com.android.keychain: 0% user + 0% kernel
12-08 18:01:31.935  1885  1899 E ActivityManager:  +0% 2695/com.google.android.setupwizard: 0% user + 0% kernel
12-08 18:01:31.935  1885  1899 E ActivityManager:  +0% 2742/com.android.vending: 0% user + 0% kernel
12-08 18:01:31.935  1885  1899 E ActivityManager:  +0% 2774/logcat: 0% use
12-08 18:01:32.173  2407  2407 E SchedPolicy: set_timerslack_ns write failed: Operation not permitted
12-08 18:01:32.208  1885  2850 E BootReceiver: Can't log boot events
12-08 18:01:32.208  1885  2850 E BootReceiver: java.io.FileNotFoundException: /dev/fscklogs/log (Permission denied)
12-08 18:01:32.208  1885  2850 E BootReceiver: 	at java.io.FileInputStream.open0(Native Method)
12-08 18:01:32.208  1885  2850 E BootReceiver: 	at java.io.FileInputStream.open(FileInputStream.java:231)
12-08 18:01:32.208  1885  2850 E BootReceiver: 	at java.io.FileInputStream.<init>(FileInputStream.java:165)
12-08 18:01:32.208  1885  2850 E BootReceiver: 	at android.os.FileUtils.readTextFile(FileUtils.java:514)
12-08 18:01:32.208  1885  2850 E BootReceiver: 	at com.android.server.BootReceiver.addFsckErrorsToDropBoxAndLogFsStat(BootReceiver.java:370)
12-08 18:01:32.208  1885  2850 E BootReceiver: 	at com.android.server.BootReceiver.logBootEvents(BootReceiver.java:245)
12-08 18:01:32.208  1885  2850 E BootReceiver: 	at com.android.server.BootReceiver.access$000(BootReceiver.java:66)
12-08 18:01:32.208  1885  2850 E BootReceiver: 	at com.android.server.BootReceiver$1.run(BootReceiver.java:127)
12-08 18:01:32.649  1885  1898 E PackageManager: Optimistic bind failed.
12-08 18:01:32.649  1885  1898 E PackageManager: java.util.concurrent.TimeoutException: [Optimistic Bind] Didn't bind to resolver in time!
12-08 18:01:32.649  1885  1898 E PackageManager: 	at com.android.server.pm.InstantAppResolverConnection.waitForBindLocked(InstantAppResolverConnection.java:160)
12-08 18:01:32.649  1885  1898 E PackageManager: 	at com.android.server.pm.InstantAppResolverConnection.bind(InstantAppResolverConnection.java:225)
12-08 18:01:32.649  1885  1898 E PackageManager: 	at com.android.server.pm.InstantAppResolverConnection.lambda$optimisticBind$0(InstantAppResolverConnection.java:255)
12-08 18:01:32.649  1885  1898 E PackageManager: 	at com.android.server.pm.-$$Lambda$InstantAppResolverConnection$D-JKXi4qrYjnPQMOwj8UtfZenps.run(Unknown Source:2)
12-08 18:01:32.649  1885  1898 E PackageManager: 	at android.os.Handler.handleCallback(Handler.java:873)
12-08 18:01:32.649  1885  1898 E PackageManager: 	at android.os.Handler.dispatchMessage(Handler.java:99)
12-08 18:01:32.649  1885  1898 E PackageManager: 	at android.os.Looper.loop(Looper.java:193)
12-08 18:01:32.649  1885  1898 E PackageManager: 	at android.os.HandlerThread.run(HandlerThread.java:65)
--------- beginning of main
12-08 18:01:35.545  3008  3008 E e.process.gapp: Not starting debugger since process cannot load the jdwp agent.
12-08 18:01:35.709  2429  2429 E BaseAppContext: Tried to stop global GMSCore RequestQueue. This is likely unintended, so ignoring.
12-08 18:01:35.862  2742  2987 E PlayCommon: [137] com.google.android.play.b.w.a(20): Failed to connect to server for server timestamp: java.net.UnknownHostException: Unable to resolve host "play.googleapis.com": No address associated with hostname
12-08 18:01:35.863  2742  2987 E PlayCommon: [137] com.google.android.play.b.g.a(448): Failed to connect to server: java.net.UnknownHostException: Unable to resolve host "play.googleapis.com": No address associated with hostname
12-08 18:01:35.967  2429  2777 E SynchronizedLE: asynchronous call timed out or was interrupted
12-08 18:01:36.588  3083  3083 E id.partnersetu: Not starting debugger since process cannot load the jdwp agent.
12-08 18:01:36.963  1727  1956 E SurfaceFlinger: ro.sf.lcd_density must be defined as a build property
12-08 18:01:36.982  3108  3108 E droid.apps.map: Not starting debugger since process cannot load the jdwp agent.
12-08 18:01:37.166  1885  2499 E memtrack: Couldn't load memtrack module
12-08 18:01:37.182  2540  3068 E BluetoothAdapter: Bluetooth binder is null
12-08 18:01:37.217  2540  3068 E BluetoothAdapter: Bluetooth binder is null
12-08 18:01:37.363  1727  1755 E SurfaceFlinger: ro.sf.lcd_density must be defined as a build property
12-08 18:01:37.562  1885  2499 E memtrack: Couldn't load memtrack module
12-08 18:01:37.649  1885  2499 E memtrack: Couldn't load memtrack module
12-08 18:01:37.758  1885  2499 E memtrack: Couldn't load memtrack module
12-08 18:01:37.858  1885  2499 E memtrack: Couldn't load memtrack module
12-08 18:01:37.920  1885  2499 E memtrack: Couldn't load memtrack module
12-08 18:01:38.007  1885  1898 E memtrack: Couldn't load memtrack module
12-08 18:01:38.008  1885  2499 E memtrack: Couldn't load memtrack module
12-08 18:01:38.100  1885  2499 E memtrack: Couldn't load memtrack module
12-08 18:01:38.115  1885  1898 E memtrack: Couldn't load memtrack module
12-08 18:01:38.223  1885  2499 E memtrack: Couldn't load memtrack module
12-08 18:01:38.431  1885  2499 E memtrack: Couldn't load memtrack module
12-08 18:01:38.512  2429  3147 E BluetoothAdapter: Bluetooth binder is null
12-08 18:01:38.634  1885  2499 E memtrack: Couldn't load memtrack module
12-08 18:01:38.858  1885  2499 E memtrack: Couldn't load memtrack module
12-08 18:01:38.970  1885  2499 E memtrack: Couldn't load memtrack module
12-08 18:01:39.042  1885  2499 E memtrack: Couldn't load memtrack module
12-08 18:01:39.111  1885  2499 E memtrack: Couldn't load memtrack module
12-08 18:01:39.177  1885  2499 E memtrack: Couldn't load memtrack module
12-08 18:01:39.255  1885  2499 E memtrack: Couldn't load memtrack module
12-08 18:01:39.319  1885  2499 E memtrack: Couldn't load memtrack module
12-08 18:01:39.385  1885  2499 E memtrack: Couldn't load memtrack module
12-08 18:01:39.467  1885  2499 E memtrack: Couldn't load memtrack module
12-08 18:01:39.493  1885  1898 E memtrack: Couldn't load memtrack module
12-08 18:01:39.529  1885  2499 E memtrack: Couldn't load memtrack module
12-08 18:01:39.590  1885  1898 E memtrack: Couldn't load memtrack module
12-08 18:01:39.599  1885  2499 E memtrack: Couldn't load memtrack module
12-08 18:01:39.682  1885  2499 E memtrack: Couldn't load memtrack module
12-08 18:01:39.747  1885  2499 E memtrack: Couldn't load memtrack module
12-08 18:01:39.821  1885  2499 E memtrack: Couldn't load memtrack module
12-08 18:01:39.899  1885  2499 E memtrack: Couldn't load memtrack module
12-08 18:01:39.987  1885  2499 E memtrack: Couldn't load memtrack module
12-08 18:01:40.092  1885  2499 E memtrack: Couldn't load memtrack module
12-08 18:01:40.178  1885  2499 E memtrack: Couldn't load memtrack module
12-08 18:01:40.244  1885  2499 E memtrack: Couldn't load memtrack module
12-08 18:01:40.319  1885  2499 E memtrack: Couldn't load memtrack module
12-08 18:01:40.467  1885  2499 E memtrack: Couldn't load memtrack module
12-08 18:01:40.606  1885  2499 E memtrack: Couldn't load memtrack module
12-08 18:01:40.796  1885  2499 E memtrack: Couldn't load memtrack module
12-08 18:01:40.835  1885  2499 E memtrack: Couldn't load memtrack module
12-08 18:01:40.837  1885  2499 E memtrack: Couldn't load memtrack module
12-08 18:01:40.838  1885  2499 E memtrack: Couldn't load memtrack module
12-08 18:01:40.839  1885  2499 E memtrack: Couldn't load memtrack module
12-08 18:01:40.847  1885  2499 E memtrack: Couldn't load memtrack module
12-08 18:01:40.854  1885  2499 E memtrack: Couldn't load memtrack module
12-08 18:01:40.863  1885  2499 E memtrack: Couldn't load memtrack module
12-08 18:01:40.871  1885  2499 E memtrack: Couldn't load memtrack module
12-08 18:01:40.872  1885  1898 E memtrack: Couldn't load memtrack module
12-08 18:01:40.880  1885  2499 E memtrack: Couldn't load memtrack module
12-08 18:01:40.896  1885  2499 E memtrack: Couldn't load memtrack module
12-08 18:01:40.906  1885  2499 E memtrack: Couldn't load memtrack module
12-08 18:01:40.912  1885  2499 E memtrack: Couldn't load memtrack module
12-08 18:01:40.924  2429  2429 E BluetoothAdapter: Bluetooth binder is null
12-08 18:01:40.925  2429  2429 E BeaconBle: Missing BluetoothAdapter
12-08 18:01:40.929  1885  2499 E memtrack: Couldn't load memtrack module
12-08 18:01:40.950  1885  2499 E memtrack: Couldn't load memtrack module
12-08 18:01:40.957  1885  2499 E memtrack: Couldn't load memtrack module
12-08 18:01:40.983  1885  2499 E memtrack: Couldn't load memtrack module
12-08 18:01:40.991  1885  2499 E memtrack: Couldn't load memtrack module
12-08 18:01:41.002  1885  2499 E memtrack: Couldn't load memtrack module
12-08 18:01:41.012  1885  2499 E memtrack: Couldn't load memtrack module
12-08 18:01:41.019  1885  1898 E memtrack: Couldn't load memtrack module
12-08 18:01:41.023  1885  2499 E memtrack: Couldn't load memtrack module
12-08 18:01:41.032  1885  2499 E memtrack: Couldn't load memtrack module
12-08 18:01:41.042  1885  2499 E memtrack: Couldn't load memtrack module
12-08 18:01:41.052  1885  2499 E memtrack: Couldn't load memtrack module
12-08 18:01:41.060  1885  2499 E memtrack: Couldn't load memtrack module
12-08 18:01:41.067  1885  2499 E memtrack: Couldn't load memtrack module
12-08 18:01:41.069  2429  2429 E BeaconBle: Scan couldn't start for Places
12-08 18:01:41.072  1885  2499 E memtrack: Couldn't load memtrack module
12-08 18:01:41.078  1885  2499 E memtrack: Couldn't load memtrack module
12-08 18:01:41.085  1885  2499 E memtrack: Couldn't load memtrack module
12-08 18:01:41.090  1885  2499 E memtrack: Couldn't load memtrack module
12-08 18:01:41.111  1885  2499 E memtrack: Couldn't load memtrack module
12-08 18:01:41.115  1885  2499 E memtrack: Couldn't load memtrack module
12-08 18:01:41.121  1885  2499 E memtrack: Couldn't load memtrack module
12-08 18:01:41.125  1885  2499 E memtrack: Couldn't load memtrack module
12-08 18:01:41.129  1885  2499 E memtrack: Couldn't load memtrack module
12-08 18:01:41.147  1885  2499 E memtrack: Couldn't load memtrack module
12-08 18:01:41.210  1885  2499 E memtrack: Couldn't load memtrack module
12-08 18:01:41.226  1885  2499 E memtrack: Couldn't load memtrack module
12-08 18:01:41.239  1885  2499 E memtrack: Couldn't load memtrack module
12-08 18:01:41.247  1885  2499 E memtrack: Couldn't load memtrack module
12-08 18:01:41.253  1885  2499 E memtrack: Couldn't load memtrack module
12-08 18:01:41.263  1885  2499 E memtrack: Couldn't load memtrack module
12-08 18:01:41.272  1885  2499 E memtrack: Couldn't load memtrack module
12-08 18:01:41.291  1885  2499 E memtrack: Couldn't load memtrack module
12-08 18:01:41.304  1885  2499 E memtrack: Couldn't load memtrack module
12-08 18:01:41.322  1885  2499 E memtrack: Couldn't load memtrack module
12-08 18:01:41.336  1885  2499 E memtrack: Couldn't load memtrack module
12-08 18:01:41.346  1885  2499 E memtrack: Couldn't load memtrack module
12-08 18:01:41.357  1885  2499 E memtrack: Couldn't load memtrack module
12-08 18:01:41.365  1885  2499 E memtrack: Couldn't load memtrack module
12-08 18:01:41.385  1885  2499 E memtrack: Couldn't load memtrack module
12-08 18:01:41.393  1885  2499 E memtrack: Couldn't load memtrack module
12-08 18:01:41.401  1885  2499 E memtrack: Couldn't load memtrack module
12-08 18:01:41.404  1885  2499 E memtrack: Couldn't load memtrack module
12-08 18:01:41.412  1885  2499 E memtrack: Couldn't load memtrack module
12-08 18:01:41.428  1885  2499 E memtrack: Couldn't load memtrack module
12-08 18:01:41.431  1885  2499 E memtrack: Couldn't load memtrack module
12-08 18:01:41.434  1885  2499 E memtrack: Couldn't load memtrack module
12-08 18:01:41.438  1885  2499 E memtrack: Couldn't load memtrack module
12-08 18:01:41.443  1885  2499 E memtrack: Couldn't load memtrack module
12-08 18:01:41.447  1885  2499 E memtrack: Couldn't load memtrack module
12-08 18:01:41.451  1885  2499 E memtrack: Couldn't load memtrack module
12-08 18:01:41.455  1885  2499 E memtrack: Couldn't load memtrack module
12-08 18:01:41.459  1885  2499 E memtrack: Couldn't load memtrack module
12-08 18:01:41.524  1885  2499 E memtrack: Couldn't load memtrack module
12-08 18:01:41.527  1885  2499 E memtrack: Couldn't load memtrack module
12-08 18:01:41.528  1885  2499 E memtrack: Couldn't load memtrack module
12-08 18:01:41.534  1885  2499 E memtrack: Couldn't load memtrack module
12-08 18:01:41.582  1885  2499 E memtrack: Couldn't load memtrack module
12-08 18:01:41.588  1885  2499 E memtrack: Couldn't load memtrack module
