--------- beginning of main
--------- beginning of system
12-09 12:04:01.333  1885  1957 E InputDispatcher: channel 'e10a770 com.evancharlton.mileage/com.evancharlton.mileage.AboutActivity (server)' ~ Channel is unrecoverably broken and will be disposed!
12-09 12:04:01.333  1885  1957 E InputDispatcher: channel '6bd3d07 com.evancharlton.mileage/com.evancharlton.mileage.SettingsActivity (server)' ~ Channel is unrecoverably broken and will be disposed!
12-09 12:04:01.333  1885  1957 E InputDispatcher: channel '4895b2c com.evancharlton.mileage/com.evancharlton.mileage.Mileage (server)' ~ Channel is unrecoverably broken and will be disposed!
12-09 12:04:01.549  1885  1899 E ActivityManager: Failure starting process com.evancharlton.mileage
12-09 12:04:01.549  1885  1899 E ActivityManager: java.lang.SecurityException: Package com.evancharlton.mileage was not found!
12-09 12:04:01.549  1885  1899 E ActivityManager: 	at com.android.server.pm.PackageManagerService.checkPackageStartable(PackageManagerService.java:3987)
12-09 12:04:01.549  1885  1899 E ActivityManager: 	at com.android.server.am.ActivityManagerService.startProcessLocked(ActivityManagerService.java:4234)
12-09 12:04:01.549  1885  1899 E ActivityManager: 	at com.android.server.am.ActivityManagerService.startProcessLocked(ActivityManagerService.java:4199)
12-09 12:04:01.549  1885  1899 E ActivityManager: 	at com.android.server.am.ActivityManagerService.startProcessLocked(ActivityManagerService.java:4181)
12-09 12:04:01.549  1885  1899 E ActivityManager: 	at com.android.server.am.ActivityManagerService.startProcessLocked(ActivityManagerService.java:4067)
12-09 12:04:01.549  1885  1899 E ActivityManager: 	at com.android.server.am.ActivityStackSupervisor.startSpecificActivityLocked(ActivityStackSupervisor.java:1715)
12-09 12:04:01.549  1885  1899 E ActivityManager: 	at com.android.server.am.ActivityStack.resumeTopActivityInnerLocked(ActivityStack.java:2764)
12-09 12:04:01.549  1885  1899 E ActivityManager: 	at com.android.server.am.ActivityStack.resumeTopActivityUncheckedLocked(ActivityStack.java:2302)
12-09 12:04:01.549  1885  1899 E ActivityManager: 	at com.android.server.am.ActivityStackSupervisor.resumeFocusedStackTopActivityLocked(ActivityStackSupervisor.java:2234)
12-09 12:04:01.549  1885  1899 E ActivityManager: 	at com.android.server.am.ActivityStackSupervisor.resumeFocusedStackTopActivityLocked(ActivityStackSupervisor.java:2218)
12-09 12:04:01.549  1885  1899 E ActivityManager: 	at com.android.server.am.ActivityManagerService.handleAppDiedLocked(ActivityManagerService.java:5923)
12-09 12:04:01.549  1885  1899 E ActivityManager: 	at com.android.server.am.ActivityManagerService.removeProcessLocked(ActivityManagerService.java:7501)
12-09 12:04:01.549  1885  1899 E ActivityManager: 	at com.android.server.am.ActivityManagerService.killPackageProcessesLocked(ActivityManagerService.java:7142)
12-09 12:04:01.549  1885  1899 E ActivityManager: 	at com.android.server.am.ActivityManagerService.forceStopPackageLocked(ActivityManagerService.java:7275)
12-09 12:04:01.549  1885  1899 E ActivityManager: 	at com.android.server.am.ActivityManagerService$MainHandler.handleMessage(ActivityManagerService.java:2289)
12-09 12:04:01.549  1885  1899 E ActivityManager: 	at android.os.Handler.dispatchMessage(Handler.java:106)
12-09 12:04:01.549  1885  1899 E ActivityManager: 	at android.os.Looper.loop(Looper.java:193)
12-09 12:04:01.549  1885  1899 E ActivityManager: 	at android.os.HandlerThread.run(HandlerThread.java:65)
12-09 12:04:01.549  1885  1899 E ActivityManager: 	at com.android.server.ServiceThread.run(ServiceThread.java:44)
12-09 12:04:01.696 23591 24734 E IconLoader: Unexpected null component name or activity info: ComponentInfo{com.evancharlton.mileage/com.evancharlton.mileage.Mileage}, null
12-09 12:04:06.409  2378  2378 E BeaconBle: Scan couldn't start for Places
12-09 12:04:07.226  1885  1898 E memtrack: Couldn't load memtrack module
12-09 12:04:08.860  1731  1731 E         : Couldn't opendir /data/app/vmdl1266811292.tmp: No such file or directory
12-09 12:04:08.860  1731  1731 E installd: Failed to delete /data/app/vmdl1266811292.tmp: No such file or directory
12-09 12:04:11.436  5198  5198 E harlton.mileag: Not starting debugger since process cannot load the jdwp agent.
12-09 12:04:13.963  1885  1898 E memtrack: Couldn't load memtrack module
12-09 12:04:14.832  1994  7294 E putmethod.lati: Invalid ID 0x00000001.
12-09 12:04:14.871  1994  7294 E LstmTrainingCache: emn: Can't get resource name for input slot
12-09 12:04:14.871  1994  7294 E LstmTrainingCache: android.content.res.Resources$NotFoundException: Unable to find resource ID #0x1
12-09 12:04:14.871  1994  7294 E LstmTrainingCache: 	at android.content.res.ResourcesImpl.getResourceName(ResourcesImpl.java:255)
12-09 12:04:14.871  1994  7294 E LstmTrainingCache: 	at android.content.res.Resources.getResourceName(Resources.java:1954)
12-09 12:04:14.871  1994  7294 E LstmTrainingCache: 	at emn.a(PG:12)
12-09 12:04:14.871  1994  7294 E LstmTrainingCache: 	at emk.run(PG:5)
12-09 12:04:14.871  1994  7294 E LstmTrainingCache: 	at java.lang.Thread.run(Thread.java:764)
12-09 12:04:15.183  1834  1834 E netmgr  : Failed to open QEMU pipe 'qemud:network': Invalid argument
12-09 12:04:15.183  1834  1834 E netmgr  : WifiForwarder unable to open QEMU pipe: Invalid argument
12-09 12:04:21.546  1885  1898 E memtrack: Couldn't load memtrack module
12-09 12:04:22.560  1994  7294 E putmethod.lati: Invalid ID 0x00000001.
12-09 12:04:22.587  1994  7294 E LstmTrainingCache: emn: Can't get resource name for input slot
12-09 12:04:22.587  1994  7294 E LstmTrainingCache: android.content.res.Resources$NotFoundException: Unable to find resource ID #0x1
12-09 12:04:22.587  1994  7294 E LstmTrainingCache: 	at android.content.res.ResourcesImpl.getResourceName(ResourcesImpl.java:255)
12-09 12:04:22.587  1994  7294 E LstmTrainingCache: 	at android.content.res.Resources.getResourceName(Resources.java:1954)
12-09 12:04:22.587  1994  7294 E LstmTrainingCache: 	at emn.a(PG:12)
12-09 12:04:22.587  1994  7294 E LstmTrainingCache: 	at emk.run(PG:5)
12-09 12:04:22.587  1994  7294 E LstmTrainingCache: 	at java.lang.Thread.run(Thread.java:764)
12-09 12:04:24.322  1739  1762 E storaged: getDiskStats failed with result NOT_SUPPORTED and size 0
12-09 12:04:25.875  1885  1898 E memtrack: Couldn't load memtrack module
12-09 12:04:30.164  1885  1898 E memtrack: Couldn't load memtrack module
12-09 12:04:30.234  1885  1898 E memtrack: Couldn't load memtrack module
12-09 12:04:32.683  2378  5223 E ctxmgr  : [ProducerStatusImpl]updateStateForNewContextData: inactive, contextName=7
12-09 12:04:33.073  2378  2378 E BeaconBle: Missing BluetoothAdapter
12-09 12:04:33.311  2378  2378 E BeaconBle: Scan couldn't start for Places
12-09 12:04:33.996  1885  1898 E memtrack: Couldn't load memtrack module
12-09 12:04:38.074 23668 23668 E ContextIntentStarter: No activity found for any of the 0 intents
12-09 12:04:38.858  4360  4360 E wpa_supplicant: nl80211: Failed to open /proc/sys/net/ipv4/conf/p2p-dev-wlan0/drop_unicast_in_l2_multicast: No such file or directory
12-09 12:04:38.859  4360  4360 E wpa_supplicant: nl80211: Failed to set IPv4 unicast in multicast filter
12-09 12:04:38.899  4360  4360 E wpa_supplicant: nl80211: Failed to open /proc/sys/net/ipv4/conf/p2p-dev-wlan0/drop_unicast_in_l2_multicast: No such file or directory
12-09 12:04:38.899  4360  4360 E wpa_supplicant: nl80211: Failed to set IPv4 unicast in multicast filter
12-09 12:04:39.048  4360  4360 E wpa_supplicant: nl80211: Failed to open /proc/sys/net/ipv4/conf/wlan0/drop_unicast_in_l2_multicast: No such file or directory
12-09 12:04:39.048  4360  4360 E wpa_supplicant: nl80211: Failed to set IPv4 unicast in multicast filter
12-09 12:04:39.048  4360  4360 E wpa_supplicant: nl80211: Failed to open /proc/sys/net/ipv4/conf/wlan0/drop_unicast_in_l2_multicast: No such file or directory
12-09 12:04:39.048  4360  4360 E wpa_supplicant: nl80211: Failed to set IPv4 unicast in multicast filter
12-09 12:04:39.223  4360  4360 E wpa_supplicant: nl80211: Failed to open /proc/sys/net/ipv4/conf/wlan0/drop_unicast_in_l2_multicast: No such file or directory
12-09 12:04:39.223  4360  4360 E wpa_supplicant: nl80211: Failed to set IPv4 unicast in multicast filter
12-09 12:04:39.378  1885  4396 E DhcpClient: Read error
12-09 12:04:39.378  1885  4396 E DhcpClient: android.system.ErrnoException: read failed: ENETDOWN (Network is down)
12-09 12:04:39.378  1885  4396 E DhcpClient: 	at libcore.io.Linux.readBytes(Native Method)
12-09 12:04:39.378  1885  4396 E DhcpClient: 	at libcore.io.Linux.read(Linux.java:184)
12-09 12:04:39.378  1885  4396 E DhcpClient: 	at libcore.io.BlockGuardOs.read(BlockGuardOs.java:254)
12-09 12:04:39.378  1885  4396 E DhcpClient: 	at android.system.Os.read(Os.java:414)
12-09 12:04:39.378  1885  4396 E DhcpClient: 	at android.net.dhcp.DhcpClient$ReceiveThread.run(DhcpClient.java:364)
12-09 12:04:39.396  1885  4368 E ConnectivityPacketTracker.wlan0: readPacket error: 
12-09 12:04:39.396  1885  4368 E ConnectivityPacketTracker.wlan0: android.system.ErrnoException: read failed: ENETDOWN (Network is down)
12-09 12:04:39.396  1885  4368 E ConnectivityPacketTracker.wlan0: 	at libcore.io.Linux.readBytes(Native Method)
12-09 12:04:39.396  1885  4368 E ConnectivityPacketTracker.wlan0: 	at libcore.io.Linux.read(Linux.java:184)
12-09 12:04:39.396  1885  4368 E ConnectivityPacketTracker.wlan0: 	at libcore.io.BlockGuardOs.read(BlockGuardOs.java:254)
12-09 12:04:39.396  1885  4368 E ConnectivityPacketTracker.wlan0: 	at android.system.Os.read(Os.java:414)
12-09 12:04:39.396  1885  4368 E ConnectivityPacketTracker.wlan0: 	at android.net.util.PacketReader.readPacket(PacketReader.java:137)
12-09 12:04:39.396  1885  4368 E ConnectivityPacketTracker.wlan0: 	at android.net.util.PacketReader.handleInput(PacketReader.java:207)
12-09 12:04:39.396  1885  4368 E ConnectivityPacketTracker.wlan0: 	at android.net.util.PacketReader.access$100(PacketReader.java:70)
12-09 12:04:39.396  1885  4368 E ConnectivityPacketTracker.wlan0: 	at android.net.util.PacketReader$1.onFileDescriptorEvents(PacketReader.java:189)
12-09 12:04:39.396  1885  4368 E ConnectivityPacketTracker.wlan0: 	at android.os.MessageQueue.dispatchEvents(MessageQueue.java:285)
12-09 12:04:39.396  1885  4368 E ConnectivityPacketTracker.wlan0: 	at android.os.MessageQueue.nativePollOnce(Native Method)
12-09 12:04:39.396  1885  4368 E ConnectivityPacketTracker.wlan0: 	at android.os.MessageQueue.next(MessageQueue.java:326)
12-09 12:04:39.396  1885  4368 E ConnectivityPacketTracker.wlan0: 	at android.os.Looper.loop(Looper.java:160)
12-09 12:04:39.396  1885  4368 E ConnectivityPacketTracker.wlan0: 	at android.os.HandlerThread.run(HandlerThread.java:65)
12-09 12:04:39.488  5252  5252 E rrierdefaultap: Not starting debugger since process cannot load the jdwp agent.
12-09 12:04:39.553  1629  1629 E android.hardware.wifi@1.0-service: Failed to open directory: Permission denied
12-09 12:04:39.553  1629  1629 E android.hardware.wifi@1.0-service: Error occurred while deleting old tombstone files
12-09 12:04:39.553  1629  1629 E android.hardware.wifi@1.0-service: Error writing files to flash
12-09 12:04:40.556  1885  1969 E SupplicantStaIfaceHal: Can't call setPowerSave, ISupplicantStaIface is null
12-09 12:04:40.644  1885  1969 E SupplicantStaIfaceHal: Can't call setBtCoexistenceMode, ISupplicantStaIface is null
12-09 12:04:40.990  1885  1969 E HalDevMgr: Should have at least 1 chip!
12-09 12:04:40.991  1885  1969 E HalDevMgr: dispatchAvailableForRequestListeners: no chip info found
12-09 12:04:41.033  1885  1969 E SupplicantStaIfaceHal: Can't call listNetworks, ISupplicantStaIface is null
12-09 12:04:41.033  1885  1969 E SupplicantStaIfaceHal: removeAllNetworks failed, got null networks
12-09 12:04:41.033  1885  1969 E WifiStateMachine: Failed to remove networks on exiting connect mode
12-09 12:04:41.033  1885  1971 E WifiP2pService: Unhandled message { when=0 what=131204 target=com.android.internal.util.StateMachine$SmHandler }
12-09 12:04:41.097  2378  4424 E WakeLock: GCM_HB_ALARM release without a matched acquire!
12-09 12:04:41.682  2378  4424 E GCM     : Connection closed with errorCode 20
12-09 12:04:42.822  1885  1903 E BatteryExternalStatsWorker: no controller energy info supplied for wifi
12-09 12:04:42.969  1885  1970 E WificondControl: No valid wificond scanner interface handler
12-09 12:04:43.006  1885  1903 E BatteryExternalStatsWorker: no controller energy info supplied for wifi
12-09 12:04:45.029  2378  4424 E WakeLock: GCM_CONN_ALARM release without a matched acquire!
12-09 12:04:46.801  2378  2378 E BeaconBle: Scan couldn't start for Places
12-09 12:04:49.873  1885  1899 E ActivityManager: ANR in com.android.carrierdefaultapp
12-09 12:04:49.873  1885  1899 E ActivityManager: PID: 5252
12-09 12:04:49.873  1885  1899 E ActivityManager: Reason: Broadcast of Intent { act=com.android.internal.telephony.CARRIER_SIGNAL_RESET flg=0x10000010 cmp=com.android.carrierdefaultapp/.CarrierDefaultBroadcastReceiver (has extras) }
12-09 12:04:49.873  1885  1899 E ActivityManager: Load: 0.0 / 0.0 / 0.0
12-09 12:04:49.873  1885  1899 E ActivityManager: CPU usage from 143181ms to -37ms ago (2018-12-09 12:02:26.117 to 2018-12-09 12:04:49.335):
12-09 12:04:49.873  1885  1899 E ActivityManager:   34% 645/kswapd0: 0% user + 34% kernel
12-09 12:04:49.873  1885  1899 E ActivityManager:   31% 1885/system_server: 13% user + 18% kernel / faults: 77484 minor 20584 major
12-09 12:04:49.873  1885  1899 E ActivityManager:   18% 1726/surfaceflinger: 7.3% user + 11% kernel / faults: 1400 minor 314 major
12-09 12:04:49.873  1885  1899 E ActivityManager:   9.1% 23668/com.google.android.googlequicksearchbox:search: 2.3% user + 6.7% kernel / faults: 40445 minor 16234 major
12-09 12:04:49.873  1885  1899 E ActivityManager:   8.5% 2378/com.google.android.gms.persistent: 3.5% user + 5% kernel / faults: 25391 minor 6352 major
12-09 12:04:49.873  1885  1899 E ActivityManager:   6.6% 6804/kworker/u9:3: 0% user + 6.6% kernel
12-09 12:04:49.873  1885  1899 E ActivityManager:   6.3% 1701/kworker/u9:4: 0% user + 6.3% kernel
12-09 12:04:49.873  1885  1899 E ActivityManager:   5.9% 1687/kworker/u9:2: 0% user + 5.9% kernel
12-09 12:04:49.873  1885  1899 E ActivityManager:   5.9% 2013/com.android.systemui: 2.7% user + 3.1% kernel / faults: 13431 minor 3451 major
12-09 12:04:49.873  1885  1899 E ActivityManager:   5.8% 1685/kworker/u9:1: 0% user + 5.8% kernel
12-09 12:04:49.873  1885  1899 E ActivityManager:   5.5% 23591/com.google.android.apps.nexuslauncher: 2.7% user + 2.8% kernel / faults: 30694 minor 3693 major
12-09 12:04:49.873  1885  1899 E ActivityManager:   4.8% 30523/com.google.android.gms: 1.3% user + 3.5% kernel / faults: 33018 minor 8103 major
12-09 12:04:49.873  1885  1899 E ActivityManager:   4.7% 2318/adbd: 0.2% user + 4.5% kernel / faults: 1131016 minor 136 major
12-09 12:04:49.873  1885  1899 E ActivityManager:   4.7% 8300/kworker/u9:0: 0% user + 4.7% kernel
12-09 12:04:49.873  1885  1899 E ActivityManager:   4.4% 1994/com.google.android.inputmethod.latin: 1.2% user + 3.1% kernel / faults: 30349 minor 6400 major
12-09 12:04:49.873  1885  1899 E ActivityManager:   3.3% 3107/kworker/u8:1: 0% user + 3.3% kernel
12-09 12:04:49.873  1885  1899 E ActivityManager:   3.1% 30506/kworker/u8:2: 0% user + 3.1% kernel
12-09 12:04:49.873  1885  1899 E ActivityManager:   3.1% 1754/android.hardware.graphics.composer@2.1-service: 0.1% user + 2.9% kernel / faults: 719 minor 131 major
12-09 12:04:49.873  1885  1899 E ActivityManager:   3% 26108/kworker/u8:3: 0% user + 3% kernel
12-09 12:04:49.873  1885  1899 E ActivityManager:   3% 28529/kworker/u8:6: 0% user + 3% kernel
12-09 12:04:49.873  1885  1899 E ActivityManager:   1.5% 1628/android.hardware.sensors@1.0-service: 0.1% user + 1.4% kernel / faults: 4 minor 4 major
12-09 12:04:49.873  1885  1899 E ActivityManager:   1.2% 1555/logd: 0.1% user + 1.1% kernel / faults: 52 minor 79 major
12-09 12:04:49.873  1885  1899 E ActivityManager:   1.2% 4518/com.google.android.gms.unstable: 0.4% user + 0.7% kernel / faults: 2766 minor 620 major
12-09 12:04:49.873  1885  1899 E ActivityManager:   1.1% 1048/com.google.process.gservices: 0.4% user + 0.6% kernel / faults: 4546 minor 367 major
12-09 12:04:49.873  1885  1899 E ActivityManager:   1% 1614/android.hardware.audio@2.0-service: 0.2% user + 0.7% kernel / faults: 7 minor 46 major
12-09 12:04:49.873  1885  1899 E ActivityManager:   0.7% 3/ksoftirqd/0: 0% user + 0.7% kernel
12-09 12:04:49.873  1885  1899 E ActivityManager:   0.6% 4223/kworker/0:1: 0% user + 0.6% kernel
12-09 12:04:49.873  1885  1899 E ActivityManager:   0.6% 27682/kworker/u8:0: 0% user + 0.6% kernel
12-09 12:04:49.873  1885  1899 E ActivityManager:   0.6% 1632/audioserver: 0.1% user + 0.5% kernel / faults: 200 minor 242 major
12-09 12:04:49.873  1885  1899 E ActivityManager:   0.6% 4568/com.google.android.calendar: 0.1% user + 0.4% kernel / faults: 3914 minor 1040 major
12-09 12:04:49.873  1885  1899 E ActivityManager:   0.6% 24036/com.android.chrome:sandboxed_process0: 0% user + 0.5% kernel / faults: 2243 minor 2029 major
12-09 12:04:49.873  1885  1899 E ActivityManager:   0.5% 13690/com.android.vending: 0.1% user + 0.4% kernel / faults: 3498 minor 1028 major
12-09 12:04:49.873  1885  1899 E ActivityManager:   0.4% 2118/com.android.phone: 0% user + 0.4% kernel / faults: 2316 minor 516 major
12-09 12:04:49.873  1885  1899 E ActivityManager:   0.3% 732/kworker/u8:5: 0% user + 0.3% kernel
12-09 12:04:49.873  1885  1899 E ActivityManager:   0.3% 2331/logcat: 0% user + 0.3% kernel / faults: 2 minor
12-09 12:04:49.873  1885  1899 E ActivityManager:   0.3% 23643/android.process.media: 0.1% user + 0.2% kernel / faults: 2505 minor 227 major
12-09 12:04:49.873  1885  1899 E ActivityManager:   0.3% 7/rcu_preempt: 0% user + 0.3% kernel
12-09 12:04:49.873  1885  1899 E ActivityManager:   0.2% 1731/installd: 0% user + 0.2% kernel / faults: 167 minor 28 major
12-09 12:04:49.873  1885  1899 E ActivityManager:   0.2% 1727/zygote: 0% user + 0.2% kernel / faults: 2650 minor 155 major
12-09 12:04:49.873  1885  1899 E ActivityManager:   0.1% 1624/android.hardware.graphics.allocator@2.0-service: 0% user + 0.1% kernel / faults: 327 minor 52 major
12-09 12:04:49.873  1885  1899 E ActivityManager:   0.1% 24112/com.android.chrome: 0% user + 0.1% kernel / faults: 714 minor 245 major
12-09 12:04:49.873  1885  1899 E ActivityManager:   0.1% 1719/jbd2/dm-1-8: 0% user + 0.1% kernel
12-09 12:04:49.873  1885  1899 E ActivityManager:   0.1% 1629/android.hardware.wifi@1.0-service: 0% user + 0.1% kernel / faults: 199 minor 404 major
12-09 12:04:49.873  1885  1899 E ActivityManager:   0.1% 1556/servicemanager: 0% user + 0.1% kernel / faults: 15 minor 35 major
12-09 12:04:49.873  1885  1899 E ActivityManager:   0.1% 1737/netd: 0% user + 0.1% kernel / faults: 173 minor 219 major
12-09 12:04:49.873  1885  1899 E ActivityManager:   0.1% 32282/com.android.chrome:privileged_process0: 0% user + 0.1% kernel / faults: 527 minor 334 major
12-09 12:04:49.873  1885  1899 E ActivityManager:   0.1% 4464/com.google.process.gapps: 0% user + 0% kernel / faults: 1057 minor 140 major
12-09 12:04:49.873  1885  1899 E ActivityManager:   0% 1621/android.hardware.drm@1.1-service.widevine: 0% user + 0% kernel / faults: 2015 minor 50 major
12-09 12:04:49.873  1885  1899 E ActivityManager:   0% 1680/dmcrypt_write: 0% u
12-09 12:04:55.297  1885  1997 E memtrack: Couldn't load memtrack module
12-09 12:04:55.398  1885  1997 E memtrack: Couldn't load memtrack module
12-09 12:04:55.518  1885  1997 E memtrack: Couldn't load memtrack module
12-09 12:04:55.609  1885  1997 E memtrack: Couldn't load memtrack module
12-09 12:04:55.716  1885  1997 E memtrack: Couldn't load memtrack module
12-09 12:04:55.813  1885  1997 E memtrack: Couldn't load memtrack module
12-09 12:04:55.876  1885  1997 E memtrack: Couldn't load memtrack module
12-09 12:04:55.975  1885  1997 E memtrack: Couldn't load memtrack module
12-09 12:04:56.050  1885  1997 E memtrack: Couldn't load memtrack module
12-09 12:04:56.157  1885  1997 E memtrack: Couldn't load memtrack module
12-09 12:04:56.234  1885  1997 E memtrack: Couldn't load memtrack module
12-09 12:04:56.311  1885  1997 E memtrack: Couldn't load memtrack module
12-09 12:04:56.381  1885  1997 E memtrack: Couldn't load memtrack module
12-09 12:04:56.494  1885  1997 E memtrack: Couldn't load memtrack module
12-09 12:04:56.571  1885  1997 E memtrack: Couldn't load memtrack module
12-09 12:04:56.642  1885  1997 E memtrack: Couldn't load memtrack module
12-09 12:04:56.708  1885  1997 E memtrack: Couldn't load memtrack module
12-09 12:04:56.774  1885  1997 E memtrack: Couldn't load memtrack module
12-09 12:04:56.837  1885  1997 E memtrack: Couldn't load memtrack module
12-09 12:04:56.936  1885  1997 E memtrack: Couldn't load memtrack module
12-09 12:04:57.008  1885  1997 E memtrack: Couldn't load memtrack module
12-09 12:04:57.081  1885  1997 E memtrack: Couldn't load memtrack module
12-09 12:04:57.145  1885  1997 E memtrack: Couldn't load memtrack module
12-09 12:04:57.254  1885  1997 E memtrack: Couldn't load memtrack module
12-09 12:04:57.342  1885  1997 E memtrack: Couldn't load memtrack module
12-09 12:04:57.421  1885  1997 E memtrack: Couldn't load memtrack module
12-09 12:04:57.496  1885  1997 E memtrack: Couldn't load memtrack module
12-09 12:04:57.568  1885  1997 E memtrack: Couldn't load memtrack module
12-09 12:04:57.631  1885  1997 E memtrack: Couldn't load memtrack module
12-09 12:04:57.691  1885  1997 E memtrack: Couldn't load memtrack module
12-09 12:04:57.753  1885  1997 E memtrack: Couldn't load memtrack module
12-09 12:04:57.865  1885  1997 E memtrack: Couldn't load memtrack module
12-09 12:04:57.941  1885  1997 E memtrack: Couldn't load memtrack module
12-09 12:04:58.026  1885  1997 E memtrack: Couldn't load memtrack module
12-09 12:04:58.157  1885  1997 E memtrack: Couldn't load memtrack module
12-09 12:04:58.196  1885  1997 E memtrack: Couldn't load memtrack module
12-09 12:04:58.197  1885  1997 E memtrack: Couldn't load memtrack module
12-09 12:04:58.199  1885  1997 E memtrack: Couldn't load memtrack module
12-09 12:04:58.200  1885  1997 E memtrack: Couldn't load memtrack module
12-09 12:04:58.206  1885  1997 E memtrack: Couldn't load memtrack module
12-09 12:04:58.210  1885  1997 E memtrack: Couldn't load memtrack module
12-09 12:04:58.216  1885  1997 E memtrack: Couldn't load memtrack module
12-09 12:04:58.220  1885  1997 E memtrack: Couldn't load memtrack module
12-09 12:04:58.226  1885  1997 E memtrack: Couldn't load memtrack module
12-09 12:04:58.236  1885  1997 E memtrack: Couldn't load memtrack module
12-09 12:04:58.241  1885  1997 E memtrack: Couldn't load memtrack module
12-09 12:04:58.245  1885  1997 E memtrack: Couldn't load memtrack module
12-09 12:04:58.254  1885  1997 E memtrack: Couldn't load memtrack module
12-09 12:04:58.267  1885  1997 E memtrack: Couldn't load memtrack module
12-09 12:04:58.272  1885  1997 E memtrack: Couldn't load memtrack module
12-09 12:04:58.298  1885  1997 E memtrack: Couldn't load memtrack module
12-09 12:04:58.305  1885  1997 E memtrack: Couldn't load memtrack module
12-09 12:04:58.312  1885  1997 E memtrack: Couldn't load memtrack module
12-09 12:04:58.319  1885  1997 E memtrack: Couldn't load memtrack module
12-09 12:04:58.326  1885  1997 E memtrack: Couldn't load memtrack module
12-09 12:04:58.335  1885  1997 E memtrack: Couldn't load memtrack module
12-09 12:04:58.341  1885  1997 E memtrack: Couldn't load memtrack module
12-09 12:04:58.348  1885  1997 E memtrack: Couldn't load memtrack module
12-09 12:04:58.355  1885  1997 E memtrack: Couldn't load memtrack module
12-09 12:04:58.360  1885  1997 E memtrack: Couldn't load memtrack module
12-09 12:04:58.364  1885  1997 E memtrack: Couldn't load memtrack module
12-09 12:04:58.370  1885  1997 E memtrack: Couldn't load memtrack module
12-09 12:04:58.375  1885  1997 E memtrack: Couldn't load memtrack module
12-09 12:04:58.379  1885  1997 E memtrack: Couldn't load memtrack module
12-09 12:04:58.402  1885  1997 E memtrack: Couldn't load memtrack module
12-09 12:04:58.405  1885  1997 E memtrack: Couldn't load memtrack module
12-09 12:04:58.411  1885  1997 E memtrack: Couldn't load memtrack module
12-09 12:04:58.415  1885  1997 E memtrack: Couldn't load memtrack module
12-09 12:04:58.419  1885  1997 E memtrack: Couldn't load memtrack module
12-09 12:04:58.436  1885  1997 E memtrack: Couldn't load memtrack module
12-09 12:04:58.506  1885  1997 E memtrack: Couldn't load memtrack module
12-09 12:04:58.520  1885  1997 E memtrack: Couldn't load memtrack module
12-09 12:04:58.533  1885  1997 E memtrack: Couldn't load memtrack module
12-09 12:04:58.539  1885  1997 E memtrack: Couldn't load memtrack module
12-09 12:04:58.546  1885  1997 E memtrack: Couldn't load memtrack module
12-09 12:04:58.554  1885  1997 E memtrack: Couldn't load memtrack module
12-09 12:04:58.562  1885  1997 E memtrack: Couldn't load memtrack module
12-09 12:04:58.579  1885  1997 E memtrack: Couldn't load memtrack module
12-09 12:04:58.591  1885  1997 E memtrack: Couldn't load memtrack module
12-09 12:04:58.608  1885  1997 E memtrack: Couldn't load memtrack module
12-09 12:04:58.619  1885  1997 E memtrack: Couldn't load memtrack module
12-09 12:04:58.626  1885  1997 E memtrack: Couldn't load memtrack module
12-09 12:04:58.633  1885  1997 E memtrack: Couldn't load memtrack module
12-09 12:04:58.639  1885  1997 E memtrack: Couldn't load memtrack module
12-09 12:04:58.657  1885  1997 E memtrack: Couldn't load memtrack module
12-09 12:04:58.664  1885  1997 E memtrack: Couldn't load memtrack module
12-09 12:04:58.680  1885  1997 E memtrack: Couldn't load memtrack module
12-09 12:04:58.683  1885  1997 E memtrack: Couldn't load memtrack module
12-09 12:04:58.688  1885  1997 E memtrack: Couldn't load memtrack module
12-09 12:04:58.703  1885  1997 E memtrack: Couldn't load memtrack module
12-09 12:04:58.706  1885  1997 E memtrack: Couldn't load memtrack module
12-09 12:04:58.708  1885  1997 E memtrack: Couldn't load memtrack module
12-09 12:04:58.712  1885  1997 E memtrack: Couldn't load memtrack module
12-09 12:04:58.716  1885  1997 E memtrack: Couldn't load memtrack module
12-09 12:04:58.720  1885  1997 E memtrack: Couldn't load memtrack module
12-09 12:04:58.723  1885  1997 E memtrack: Couldn't load memtrack module
12-09 12:04:58.727  1885  1997 E memtrack: Couldn't load memtrack module
12-09 12:04:58.731  1885  1997 E memtrack: Couldn't load memtrack module
12-09 12:04:58.785  1885  1997 E memtrack: Couldn't load memtrack module
12-09 12:04:58.796  1885  1997 E memtrack: Couldn't load memtrack module
12-09 12:04:58.799  1885  1997 E memtrack: Couldn't load memtrack module
12-09 12:04:58.803  1885  1997 E memtrack: Couldn't load memtrack module
12-09 12:04:58.860  1885  1997 E memtrack: Couldn't load memtrack module
12-09 12:04:58.865  1885  1997 E memtrack: Couldn't load memtrack module
12-09 12:05:00.060  1885  1898 E memtrack: Couldn't load memtrack module
12-09 12:05:00.138  1885  1898 E memtrack: Couldn't load memtrack module
12-09 12:05:00.195  1885  1898 E memtrack: Couldn't load memtrack module
