--------- beginning of main
--------- beginning of system
12-08 04:03:29.576  1881  1934 E WindowManager: Performed 6 layouts in a row. Skipping
12-08 04:03:29.596  1881  2002 E WindowManager: Performed 6 layouts in a row. Skipping
12-08 04:03:29.623  1881  1934 E WindowManager: Performed 6 layouts in a row. Skipping
12-08 04:03:29.646  1881  1934 E WindowManager: Performed 6 layouts in a row. Skipping
12-08 04:03:29.670  1881  2408 E WindowManager: Performed 6 layouts in a row. Skipping
12-08 04:03:29.697  1881  1934 E WindowManager: Performed 6 layouts in a row. Skipping
12-08 04:03:29.750  1881  1934 E WindowManager: Performed 6 layouts in a row. Skipping
12-08 04:03:32.041  1881  1895 E ActivityManager: Failure starting process com.evancharlton.mileage
12-08 04:03:32.041  1881  1895 E ActivityManager: java.lang.SecurityException: Package com.evancharlton.mileage was not found!
12-08 04:03:32.041  1881  1895 E ActivityManager: 	at com.android.server.pm.PackageManagerService.checkPackageStartable(PackageManagerService.java:3987)
12-08 04:03:32.041  1881  1895 E ActivityManager: 	at com.android.server.am.ActivityManagerService.startProcessLocked(ActivityManagerService.java:4234)
12-08 04:03:32.041  1881  1895 E ActivityManager: 	at com.android.server.am.ActivityManagerService.startProcessLocked(ActivityManagerService.java:4199)
12-08 04:03:32.041  1881  1895 E ActivityManager: 	at com.android.server.am.ActivityManagerService.startProcessLocked(ActivityManagerService.java:4181)
12-08 04:03:32.041  1881  1895 E ActivityManager: 	at com.android.server.am.ActivityManagerService.startProcessLocked(ActivityManagerService.java:4067)
12-08 04:03:32.041  1881  1895 E ActivityManager: 	at com.android.server.am.ActivityStackSupervisor.startSpecificActivityLocked(ActivityStackSupervisor.java:1715)
12-08 04:03:32.041  1881  1895 E ActivityManager: 	at com.android.server.am.ActivityStack.resumeTopActivityInnerLocked(ActivityStack.java:2764)
12-08 04:03:32.041  1881  1895 E ActivityManager: 	at com.android.server.am.ActivityStack.resumeTopActivityUncheckedLocked(ActivityStack.java:2302)
12-08 04:03:32.041  1881  1895 E ActivityManager: 	at com.android.server.am.ActivityStackSupervisor.resumeFocusedStackTopActivityLocked(ActivityStackSupervisor.java:2234)
12-08 04:03:32.041  1881  1895 E ActivityManager: 	at com.android.server.am.ActivityStackSupervisor.resumeFocusedStackTopActivityLocked(ActivityStackSupervisor.java:2218)
12-08 04:03:32.041  1881  1895 E ActivityManager: 	at com.android.server.am.ActivityManagerService.handleAppDiedLocked(ActivityManagerService.java:5923)
12-08 04:03:32.041  1881  1895 E ActivityManager: 	at com.android.server.am.ActivityManagerService.removeProcessLocked(ActivityManagerService.java:7501)
12-08 04:03:32.041  1881  1895 E ActivityManager: 	at com.android.server.am.ActivityManagerService.killPackageProcessesLocked(ActivityManagerService.java:7142)
12-08 04:03:32.041  1881  1895 E ActivityManager: 	at com.android.server.am.ActivityManagerService.forceStopPackageLocked(ActivityManagerService.java:7275)
12-08 04:03:32.041  1881  1895 E ActivityManager: 	at com.android.server.am.ActivityManagerService$MainHandler.handleMessage(ActivityManagerService.java:2289)
12-08 04:03:32.041  1881  1895 E ActivityManager: 	at android.os.Handler.dispatchMessage(Handler.java:106)
12-08 04:03:32.041  1881  1895 E ActivityManager: 	at android.os.Looper.loop(Looper.java:193)
12-08 04:03:32.041  1881  1895 E ActivityManager: 	at android.os.HandlerThread.run(HandlerThread.java:65)
12-08 04:03:32.041  1881  1895 E ActivityManager: 	at com.android.server.ServiceThread.run(ServiceThread.java:44)
12-08 04:03:35.105  1730  1930 E         : Couldn't opendir /data/app/vmdl355648740.tmp: No such file or directory
12-08 04:03:35.106  1730  1930 E installd: Failed to delete /data/app/vmdl355648740.tmp: No such file or directory
12-08 04:03:35.842  2475 17796 E ChromeSync: [Sync,SyncIntentOperation] Error handling the intent: Intent { act=android.intent.action.PACKAGE_ADDED dat=package:com.evancharlton.mileage flg=0x4000010 cmp=com.google.android.gms/.chimera.GmsIntentOperationService (has extras) }.
12-08 04:03:37.130 17844 17844 E harlton.mileag: Not starting debugger since process cannot load the jdwp agent.
12-08 04:03:38.992  1828  1828 E netmgr  : Failed to open QEMU pipe 'qemud:network': Invalid argument
12-08 04:03:38.993  1828  1828 E netmgr  : WifiForwarder unable to open QEMU pipe: Invalid argument
12-08 04:03:41.371 17844 17844 E SpannableStringBuilder: SPAN_EXCLUSIVE_EXCLUSIVE spans cannot have a zero length
12-08 04:03:41.371 17844 17844 E SpannableStringBuilder: SPAN_EXCLUSIVE_EXCLUSIVE spans cannot have a zero length
12-08 04:03:43.760  1881  2405 E InputMethodManagerService: Ignoring com.android.server.InputMethodManagerService.updateStatusIcon:2188 due to an invalid token. uid:10060 token:android.os.Binder@40e86f3
12-08 04:03:43.810  1992  1992 E EmojiSearchExtension: com.google.android.apps.inputmethod.libs.search.emoji.EmojiSearchExtension: Cannot deactivate emoji search JNI; null locale
12-08 04:03:44.088  1738  1772 E storaged: getDiskStats failed with result NOT_SUPPORTED and size 0
12-08 04:03:50.190  2463  4871 E s.nexuslaunche: Failed to open APK '/data/app/com.evancharlton.mileage-7LShjevRcoWTHIgYBoCd8A==/base.apk' I/O error
12-08 04:03:50.211  2463  4871 E ResourcesManager: failed to add asset path /data/app/com.evancharlton.mileage-7LShjevRcoWTHIgYBoCd8A==/base.apk
12-08 04:03:51.031  2448 17160 E ctxmgr  : [ProducerStatusImpl]updateStateForNewContextData: inactive, contextName=7
12-08 04:03:51.225  2448  2448 E BeaconBle: Missing BluetoothAdapter
12-08 04:03:51.256  2448  2448 E BeaconBle: Scan couldn't start for Places
12-08 04:04:00.252  2692  2692 E ContextIntentStarter: No activity found for any of the 0 intents
12-08 04:04:04.393  1611 17907 E audio_hw_generic: pcm_open(in) failed: cannot open device '/dev/snd/pcmC0D0c': Device or resource busy: channels 2 format 0 rate 16000
12-08 04:04:04.641 17913 17913 E .android.chrom: Not starting debugger since process cannot load the jdwp agent.
12-08 04:04:05.289 17934 17934 E boxed_process2: Not starting debugger since process cannot load the jdwp agent.
12-08 04:04:05.407  2692  2692 E ClientVe: Failed to create ClientVisualElementsProto for user interaction on view com.google.android.apps.gsa.searchbox.ui.suggestions.views.CoreSuggestionView{ce4b8c6 VFE...CL. ...P.... 0,436-1038,583 #2f} because the view is not tagged for visual element logging.
12-08 04:04:06.383  2692  2692 E ClientVe: Failed to create ClientVisualElementsProto for user interaction on view com.google.android.apps.gsa.searchbox.ui.suggestions.views.CoreSuggestionView{3684ea1 VFE...CL. ...P.... 0,289-1038,436 #2e} because the view is not tagged for visual element logging.
12-08 04:04:06.411  2692  2692 E ClientVe: Failed to create ClientVisualElementsProto for user interaction on view com.google.android.apps.gsa.searchbox.ui.suggestions.views.CoreSuggestionView{ce4b8c6 VFE...CL. ...P.... 0,436-1038,583 #2f} because the view is not tagged for visual element logging.
12-08 04:04:08.488  2692  2692 E ClientVe: Failed to create ClientVisualElementsProto for user interaction on view com.google.android.apps.gsa.searchbox.ui.suggestions.views.CoreSuggestionView{ce4b8c6 VFE...CL. ...P.... 0,436-1038,583 #2f} because the view is not tagged for visual element logging.
12-08 04:04:08.508  2692  2692 E ClientVe: Failed to create ClientVisualElementsProto for user interaction on view com.google.android.apps.gsa.searchbox.ui.suggestions.views.CoreSuggestionView{3684ea1 VFE...CL. ...P.... 0,289-1038,436 #2e} because the view is not tagged for visual element logging.
12-08 04:04:08.580  2692  2692 E ClientVe: Failed to create ClientVisualElementsProto for user interaction on view com.google.android.apps.gsa.searchbox.ui.suggestions.views.CoreSuggestionView{5257708 VFE...CL. ...P.... 0,142-1038,289 #2d} because the view is not tagged for visual element logging.
12-08 04:04:08.828  2692  2692 E ClientVe: Failed to create ClientVisualElementsProto for user interaction on view com.google.android.apps.gsa.searchbox.ui.suggestions.views.CoreSuggestionView{3684ea1 VFE...CL. ...p.... 0,289-1038,436 #2e} because the view is not tagged for visual element logging.
12-08 04:04:08.886  2692  2692 E ClientVe: Failed to create ClientVisualElementsProto for user interaction on view com.google.android.apps.gsa.searchbox.ui.suggestions.views.CoreSuggestionView{3684ea1 VFE...CL. ...P.... 0,289-1038,436 #2e} because the view is not tagged for visual element logging.
12-08 04:04:09.160  2692  2692 E ClientVe: Failed to create ClientVisualElementsProto for user interaction on view com.google.android.apps.gsa.searchbox.ui.suggestions.views.CoreSuggestionView{cd33087 VFE...CL. ...P.... 0,583-1038,730 #30} because the view is not tagged for visual element logging.
12-08 04:04:09.661  1992  1992 E native  : suggestion-transformer.cc:118 suggestion picked candidate not found for id: 2
12-08 04:04:09.680  1992  1992 E native  : suggestion-transformer.cc:118 suggestion picked candidate not found for id: 2
12-08 04:04:10.546  1611 17963 E audio_hw_generic: pcm_open(in) failed: cannot open device '/dev/snd/pcmC0D0c': Device or resource busy: channels 2 format 0 rate 16000
12-08 04:04:10.775  2692  2700 E ReloadingLock: Finalizing LOCKED Token[searchresults_activity 2018-12-08 04:04:09.754]
12-08 04:04:19.353  1992  1992 E native  : suggestion-transformer.cc:118 suggestion picked candidate not found for id: 3
12-08 04:04:20.006  1881  3624 E WindowManager: Performed 6 layouts in a row. Skipping
12-08 04:04:20.025  1881  1934 E WindowManager: Performed 6 layouts in a row. Skipping
12-08 04:04:20.067  1881  1934 E WindowManager: Performed 6 layouts in a row. Skipping
12-08 04:04:20.091  1881  3624 E WindowManager: Performed 6 layouts in a row. Skipping
12-08 04:04:20.176  1881  1934 E WindowManager: Performed 6 layouts in a row. Skipping
12-08 04:04:20.196  1881  1896 E WindowManager: Performed 6 layouts in a row. Skipping
12-08 04:04:20.229  1881  1934 E WindowManager: Performed 6 layouts in a row. Skipping
12-08 04:04:20.246  1881  1934 E WindowManager: Performed 6 layouts in a row. Skipping
12-08 04:04:20.336  1881  1934 E WindowManager: Performed 6 layouts in a row. Skipping
12-08 04:04:20.355  1881  1993 E WindowManager: Performed 6 layouts in a row. Skipping
12-08 04:04:20.388  1881  1934 E WindowManager: Performed 6 layouts in a row. Skipping
12-08 04:04:20.589  1881  1934 E WindowManager: Performed 6 layouts in a row. Skipping
12-08 04:04:22.063  1881  1898 E libprocessgroup: Error encountered killing process cgroup uid 99021 pid 17934: No such file or directory
