--------- beginning of system
--------- beginning of main
12-08 03:28:07.014  1730  1730 E         : Couldn't opendir /data/app/vmdl1807475272.tmp: No such file or directory
12-08 03:28:07.014  1730  1730 E installd: Failed to delete /data/app/vmdl1807475272.tmp: No such file or directory
12-08 03:28:07.602  2475 11419 E ChromeSync: [Sync,SyncIntentOperation] Error handling the intent: Intent { act=android.intent.action.PACKAGE_ADDED dat=package:com.evancharlton.mileage flg=0x4000010 cmp=com.google.android.gms/.chimera.GmsIntentOperationService (has extras) }.
12-08 03:28:07.910 11459 11459 E harlton.mileag: Not starting debugger since process cannot load the jdwp agent.
12-08 03:28:17.962  1881  1894 E memtrack: Couldn't load memtrack module
12-08 03:28:18.008  1630  1630 E lowmemorykiller: Error writing /proc/11191/oom_score_adj; errno=22
12-08 03:28:18.041  1881  1898 E libprocessgroup: Error encountered killing process cgroup uid 99010 pid 11191: No such file or directory
12-08 03:28:20.369  2448 10450 E ctxmgr  : [ProducerStatusImpl]updateStateForNewContextData: inactive, contextName=7
12-08 03:28:20.765  2448  2448 E BeaconBle: Missing BluetoothAdapter
12-08 03:28:20.872  2448  2448 E BeaconBle: Scan couldn't start for Places
12-08 03:28:23.924  2692  2692 E ContextIntentStarter: No activity found for any of the 0 intents
12-08 03:28:25.346  1626  1626 E android.hardware.wifi@1.0-service: Failed to register radio mode change callback
12-08 03:28:25.353  1626  1626 E android.hardware.wifi@1.0-service: Failed to set DFS flag; DFS channels may be unavailable.
12-08 03:28:25.417 11514 11514 E viders.calenda: Not starting debugger since process cannot load the jdwp agent.
12-08 03:28:25.612  1739  1739 E wificond: No Offload Service available
12-08 03:28:25.642  1881  1964 E SupplicantStaIfaceHal: Can't call setupIface, ISupplicantStaIface is null
12-08 03:28:25.726  1611 11532 E audio_hw_generic: pcm_open(in) failed: cannot open device '/dev/snd/pcmC0D0c': Device or resource busy: channels 2 format 0 rate 16000
12-08 03:28:25.924  1881  1965 E WifiVendorHal: getBgScanCapabilities(l.671) failed {.code = ERROR_NOT_SUPPORTED, .description = }
12-08 03:28:25.934  1881  1894 E GnssLocationProvider: no AGPS interface in set_agps_server
12-08 03:28:25.950  1881  1966 E WifiP2pService: Unhandled message { when=-1ms what=131203 target=com.android.internal.util.StateMachine$SmHandler }
12-08 03:28:25.984  1881  1966 E WifiP2pService: Unhandled message { when=-2ms what=131203 target=com.android.internal.util.StateMachine$SmHandler }
12-08 03:28:26.071  1881  1899 E BatteryExternalStatsWorker: no controller energy info supplied for wifi
12-08 03:28:26.193 11511 11511 E wpa_supplicant: nl80211: Failed to open /proc/sys/net/ipv4/conf/p2p-dev-wlan0/drop_unicast_in_l2_multicast: No such file or directory
12-08 03:28:26.193 11511 11511 E wpa_supplicant: nl80211: Failed to set IPv4 unicast in multicast filter
12-08 03:28:26.203 11511 11511 E wpa_supplicant: nl80211: Failed to open /proc/sys/net/ipv4/conf/p2p-dev-wlan0/drop_unicast_in_l2_multicast: No such file or directory
12-08 03:28:26.203 11511 11511 E wpa_supplicant: nl80211: Failed to set IPv4 unicast in multicast filter
12-08 03:28:26.278 11511 11511 E wpa_supplicant: nl80211: Failed to open /proc/sys/net/ipv4/conf/wlan0/drop_unicast_in_l2_multicast: No such file or directory
12-08 03:28:26.279 11511 11511 E wpa_supplicant: nl80211: Failed to set IPv4 unicast in multicast filter
12-08 03:28:26.357 11511 11511 E wpa_supplicant: nl80211: Failed to open /proc/sys/net/ipv4/conf/wlan0/drop_unicast_in_l2_multicast: No such file or directory
12-08 03:28:26.357 11511 11511 E wpa_supplicant: nl80211: Failed to set IPv4 unicast in multicast filter
12-08 03:28:26.540 11548 11548 E com.ustwo.lwp: Not starting debugger since process cannot load the jdwp agent.
12-08 03:28:26.607  1626  1626 E android.hardware.wifi@1.0-service: Failed to open directory: Permission denied
12-08 03:28:26.607  1626  1626 E android.hardware.wifi@1.0-service: Error occurred while deleting old tombstone files
12-08 03:28:26.607  1626  1626 E android.hardware.wifi@1.0-service: Error writing files to flash
12-08 03:28:26.847  1881  1964 E SupplicantStaIfaceHal: Can't call setPowerSave, ISupplicantStaIface is null
12-08 03:28:26.847  1881  1964 E SupplicantStaIfaceHal: Can't call setBtCoexistenceMode, ISupplicantStaIface is null
12-08 03:28:26.854  1881  1964 E HalDevMgr: Should have at least 1 chip!
12-08 03:28:26.854  1881  1964 E HalDevMgr: dispatchAvailableForRequestListeners: no chip info found
12-08 03:28:26.876  1881  1964 E SupplicantStaIfaceHal: Can't call listNetworks, ISupplicantStaIface is null
12-08 03:28:26.876  1881  1964 E SupplicantStaIfaceHal: removeAllNetworks failed, got null networks
12-08 03:28:26.876  1881  1964 E WifiStateMachine: Failed to remove networks on exiting connect mode
12-08 03:28:26.877  1881  1966 E WifiP2pService: Unhandled message { when=-1ms what=131204 target=com.android.internal.util.StateMachine$SmHandler }
12-08 03:28:26.920  1881  1965 E WificondControl: No valid wificond scanner interface handler
12-08 03:28:26.921  1881  1899 E BatteryExternalStatsWorker: no controller energy info supplied for wifi
12-08 03:28:26.928  1881  1964 E WifiScanRequestProxy: Scan failure received. reason: -1,description: not available
12-08 03:28:26.959 11563 11563 E .android.diale: Not starting debugger since process cannot load the jdwp agent.
12-08 03:28:26.976  1881  1899 E BatteryExternalStatsWorker: no controller energy info supplied for wifi
12-08 03:28:27.613 11563 11563 E .android.diale: The String#value field is not present on Android versions >= 6.0
12-08 03:28:38.116  1828  1828 E netmgr  : Failed to open QEMU pipe 'qemud:network': Invalid argument
12-08 03:28:38.117  1828  1828 E netmgr  : WifiForwarder unable to open QEMU pipe: Invalid argument
12-08 03:28:41.015  1881  1965 E WificondScannerImpl: Timed out waiting for scan result from wificond
