--------- beginning of system
12-08 10:50:13.044  1881  4164 E WindowManager: Performed 6 layouts in a row. Skipping
12-08 10:50:13.177  1881  1934 E WindowManager: Performed 6 layouts in a row. Skipping
12-08 10:50:13.223  1881  1896 E WindowManager: Performed 6 layouts in a row. Skipping
12-08 10:50:13.270  1881  1934 E WindowManager: Performed 6 layouts in a row. Skipping
12-08 10:50:13.318  1881  1934 E WindowManager: Performed 6 layouts in a row. Skipping
12-08 10:50:13.355  1881  1934 E WindowManager: Performed 6 layouts in a row. Skipping
12-08 10:50:13.385  1881  2225 E WindowManager: Performed 6 layouts in a row. Skipping
12-08 10:50:13.426  1881  5791 E WindowManager: Performed 6 layouts in a row. Skipping
12-08 10:50:13.457  1881  4492 E WindowManager: Performed 6 layouts in a row. Skipping
12-08 10:50:13.481  1881  1934 E WindowManager: Performed 6 layouts in a row. Skipping
12-08 10:50:13.667  1881  1934 E WindowManager: Performed 6 layouts in a row. Skipping
12-08 10:50:13.709  1881  1934 E WindowManager: Performed 6 layouts in a row. Skipping
12-08 10:50:13.773  1881  1934 E WindowManager: Performed 6 layouts in a row. Skipping
12-08 10:50:14.799  1881  1895 E ActivityManager: Failure starting process com.evancharlton.mileage
12-08 10:50:14.799  1881  1895 E ActivityManager: java.lang.SecurityException: Package com.evancharlton.mileage is currently frozen!
12-08 10:50:14.799  1881  1895 E ActivityManager: 	at com.android.server.pm.PackageManagerService.checkPackageStartable(PackageManagerService.java:4000)
12-08 10:50:14.799  1881  1895 E ActivityManager: 	at com.android.server.am.ActivityManagerService.startProcessLocked(ActivityManagerService.java:4234)
12-08 10:50:14.799  1881  1895 E ActivityManager: 	at com.android.server.am.ActivityManagerService.startProcessLocked(ActivityManagerService.java:4199)
12-08 10:50:14.799  1881  1895 E ActivityManager: 	at com.android.server.am.ActivityManagerService.startProcessLocked(ActivityManagerService.java:4181)
12-08 10:50:14.799  1881  1895 E ActivityManager: 	at com.android.server.am.ActivityManagerService.startProcessLocked(ActivityManagerService.java:4067)
12-08 10:50:14.799  1881  1895 E ActivityManager: 	at com.android.server.am.ActivityStackSupervisor.startSpecificActivityLocked(ActivityStackSupervisor.java:1715)
12-08 10:50:14.799  1881  1895 E ActivityManager: 	at com.android.server.am.ActivityStack.resumeTopActivityInnerLocked(ActivityStack.java:2764)
12-08 10:50:14.799  1881  1895 E ActivityManager: 	at com.android.server.am.ActivityStack.resumeTopActivityUncheckedLocked(ActivityStack.java:2302)
12-08 10:50:14.799  1881  1895 E ActivityManager: 	at com.android.server.am.ActivityStackSupervisor.resumeFocusedStackTopActivityLocked(ActivityStackSupervisor.java:2234)
12-08 10:50:14.799  1881  1895 E ActivityManager: 	at com.android.server.am.ActivityStackSupervisor.resumeFocusedStackTopActivityLocked(ActivityStackSupervisor.java:2218)
12-08 10:50:14.799  1881  1895 E ActivityManager: 	at com.android.server.am.ActivityManagerService.handleAppDiedLocked(ActivityManagerService.java:5923)
12-08 10:50:14.799  1881  1895 E ActivityManager: 	at com.android.server.am.ActivityManagerService.removeProcessLocked(ActivityManagerService.java:7501)
12-08 10:50:14.799  1881  1895 E ActivityManager: 	at com.android.server.am.ActivityManagerService.killPackageProcessesLocked(ActivityManagerService.java:7142)
12-08 10:50:14.799  1881  1895 E ActivityManager: 	at com.android.server.am.ActivityManagerService.forceStopPackageLocked(ActivityManagerService.java:7275)
12-08 10:50:14.799  1881  1895 E ActivityManager: 	at com.android.server.am.ActivityManagerService$MainHandler.handleMessage(ActivityManagerService.java:2289)
12-08 10:50:14.799  1881  1895 E ActivityManager: 	at android.os.Handler.dispatchMessage(Handler.java:106)
12-08 10:50:14.799  1881  1895 E ActivityManager: 	at android.os.Looper.loop(Looper.java:193)
12-08 10:50:14.799  1881  1895 E ActivityManager: 	at android.os.HandlerThread.run(HandlerThread.java:65)
12-08 10:50:14.799  1881  1895 E ActivityManager: 	at com.android.server.ServiceThread.run(ServiceThread.java:44)
--------- beginning of main
12-08 10:50:33.109 29311 29311 E emui:screensho: Not starting debugger since process cannot load the jdwp agent.
12-08 10:50:33.533 29311 29311 E SoundPool: error loading /product/media/audio/ui/camera_click.ogg
12-08 10:50:33.845  1740  2118 E OMXNodeInstance: getConfig(0xf4fa6b40:google.vorbis.decoder, ConfigAndroidVendorExtension(0x6f100004)) ERROR: Undefined(0x80001001)
12-08 10:50:41.932  2448 28843 E ctxmgr  : [ProducerStatusImpl]updateStateForNewContextData: inactive, contextName=7
12-08 10:50:42.291  2448  2448 E BeaconBle: Missing BluetoothAdapter
12-08 10:50:42.499  2448  2448 E BeaconBle: Scan couldn't start for Places
12-08 10:50:44.218  1828  1828 E netmgr  : Failed to open QEMU pipe 'qemud:network': Invalid argument
12-08 10:50:44.218  1828  1828 E netmgr  : WifiForwarder unable to open QEMU pipe: Invalid argument
12-08 10:50:45.917  1738  1772 E storaged: getDiskStats failed with result NOT_SUPPORTED and size 0
12-08 10:50:46.858 29355 29355 E oid.apps.photo: Not starting debugger since process cannot load the jdwp agent.
12-08 10:50:47.433 29374 29374 E ocess.gservice: Not starting debugger since process cannot load the jdwp agent.
12-08 10:50:58.836  2692  2692 E ContextIntentStarter: No activity found for any of the 0 intents
12-08 10:51:00.546  1881  4900 E WindowManager: Performed 6 layouts in a row. Skipping
12-08 10:51:00.572  1881  1934 E WindowManager: Performed 6 layouts in a row. Skipping
12-08 10:51:00.597  1881  1934 E WindowManager: Performed 6 layouts in a row. Skipping
12-08 10:51:00.662  1881  1934 E WindowManager: Performed 6 layouts in a row. Skipping
12-08 10:51:00.695  1881  3619 E WindowManager: Performed 6 layouts in a row. Skipping
12-08 10:51:00.761  1881  2225 E WindowManager: Performed 6 layouts in a row. Skipping
12-08 10:51:00.813  1881  1896 E WindowManager: Performed 6 layouts in a row. Skipping
12-08 10:51:00.888  1881  1934 E WindowManager: Performed 6 layouts in a row. Skipping
12-08 10:51:03.127  1611  1695 E audio_hw_generic: pcm_write failed cannot write stream data: I/O error
12-08 10:51:05.500  1611 29431 E audio_hw_generic: pcm_open(in) failed: cannot open device '/dev/snd/pcmC0D0c': Device or resource busy: channels 2 format 0 rate 16000
12-08 10:51:13.148  1611  1695 E audio_hw_generic: pcm_write failed cannot write stream data: I/O error
12-08 10:51:15.181 29435 29435 E id.partnersetu: Not starting debugger since process cannot load the jdwp agent.
12-08 10:51:23.994  1611  1695 E audio_hw_generic: pcm_write failed cannot write stream data: I/O error
12-08 10:51:44.340  1828  1828 E netmgr  : Failed to open QEMU pipe 'qemud:network': Invalid argument
12-08 10:51:44.340  1828  1828 E netmgr  : WifiForwarder unable to open QEMU pipe: Invalid argument
12-08 10:51:46.804  1738  1772 E storaged: getDiskStats failed with result NOT_SUPPORTED and size 0
12-08 10:51:53.612  1611  1695 E audio_hw_generic: pcm_write failed cannot write stream data: I/O error
12-08 10:52:14.458  2494  2716 E PlayCommon: [101] com.google.android.play.b.g.a(448): Failed to connect to server: java.net.UnknownHostException: Unable to resolve host "play.googleapis.com": No address associated with hostname
12-08 10:52:44.342  1828  1828 E netmgr  : Failed to open QEMU pipe 'qemud:network': Invalid argument
12-08 10:52:44.342  1828  1828 E netmgr  : WifiForwarder unable to open QEMU pipe: Invalid argument
12-08 10:52:46.805  1738  1772 E storaged: getDiskStats failed with result NOT_SUPPORTED and size 0
12-08 10:53:22.761  1611  1695 E audio_hw_generic: pcm_write failed cannot write stream data: I/O error
12-08 10:53:25.000  2463  2463 E SchedPolicy: set_timerslack_ns write failed: Operation not permitted
12-08 10:53:38.674  1611  1695 E audio_hw_generic: pcm_write failed cannot write stream data: I/O error
12-08 10:53:41.340  2463  2463 E SchedPolicy: set_timerslack_ns write failed: Operation not permitted
12-08 10:53:45.602  1828  1828 E netmgr  : Failed to open QEMU pipe 'qemud:network': Invalid argument
12-08 10:53:45.603  1828  1828 E netmgr  : WifiForwarder unable to open QEMU pipe: Invalid argument
12-08 10:53:47.764  1738  1772 E storaged: getDiskStats failed with result NOT_SUPPORTED and size 0
12-08 10:54:45.616  1828  1828 E netmgr  : Failed to open QEMU pipe 'qemud:network': Invalid argument
12-08 10:54:45.617  1828  1828 E netmgr  : WifiForwarder unable to open QEMU pipe: Invalid argument
12-08 10:54:47.765  1738  1772 E storaged: getDiskStats failed with result NOT_SUPPORTED and size 0
12-08 10:55:45.629  1828  1828 E netmgr  : Failed to open QEMU pipe 'qemud:network': Invalid argument
12-08 10:55:45.630  1828  1828 E netmgr  : WifiForwarder unable to open QEMU pipe: Invalid argument
12-08 10:55:47.768  1738  1772 E storaged: getDiskStats failed with result NOT_SUPPORTED and size 0
12-08 10:56:45.641  1828  1828 E netmgr  : Failed to open QEMU pipe 'qemud:network': Invalid argument
12-08 10:56:45.641  1828  1828 E netmgr  : WifiForwarder unable to open QEMU pipe: Invalid argument
12-08 10:56:47.770  1738  1772 E storaged: getDiskStats failed with result NOT_SUPPORTED and size 0
12-08 10:57:15.048  2494  2716 E PlayCommon: [101] com.google.android.play.b.g.a(448): Failed to connect to server: java.net.UnknownHostException: Unable to resolve host "play.googleapis.com": No address associated with hostname
12-08 10:57:47.108  1828  1828 E netmgr  : Failed to open QEMU pipe 'qemud:network': Invalid argument
12-08 10:57:47.109  1828  1828 E netmgr  : WifiForwarder unable to open QEMU pipe: Invalid argument
12-08 10:57:49.564  1738  1772 E storaged: getDiskStats failed with result NOT_SUPPORTED and size 0
12-08 10:57:59.157  1881  4164 E WindowManager: Performed 6 layouts in a row. Skipping
12-08 10:57:59.189  1881  1934 E WindowManager: Performed 6 layouts in a row. Skipping
12-08 10:57:59.345  1881  1934 E WindowManager: Performed 6 layouts in a row. Skipping
12-08 10:57:59.382  1881  1934 E WindowManager: Performed 6 layouts in a row. Skipping
12-08 10:57:59.414  1881  1934 E WindowManager: Performed 6 layouts in a row. Skipping
12-08 10:57:59.443  1881  1934 E WindowManager: Performed 6 layouts in a row. Skipping
12-08 10:58:01.238  1611  1695 E audio_hw_generic: pcm_write failed cannot write stream data: I/O error
12-08 10:58:01.277  1881  1993 E WindowManager: Performed 6 layouts in a row. Skipping
12-08 10:58:01.326  1881  1934 E WindowManager: Performed 6 layouts in a row. Skipping
12-08 10:58:01.510  1881  1934 E WindowManager: Performed 6 layouts in a row. Skipping
12-08 10:58:01.540  1881  4763 E WindowManager: Performed 6 layouts in a row. Skipping
12-08 10:58:01.582  1881  1934 E WindowManager: Performed 6 layouts in a row. Skipping
12-08 10:58:01.614  1881  1934 E WindowManager: Performed 6 layouts in a row. Skipping
12-08 10:58:01.684  1881  1934 E WindowManager: Performed 6 layouts in a row. Skipping
12-08 10:58:03.808  1881  1896 E WindowManager: Performed 6 layouts in a row. Skipping
12-08 10:58:03.851  1881  1934 E WindowManager: Performed 6 layouts in a row. Skipping
12-08 10:58:03.872  1881  1934 E WindowManager: Performed 6 layouts in a row. Skipping
12-08 10:58:03.901  1881  4709 E WindowManager: Performed 6 layouts in a row. Skipping
12-08 10:58:03.921  1881  1934 E WindowManager: Performed 6 layouts in a row. Skipping
12-08 10:58:03.946  1881  1934 E WindowManager: Performed 6 layouts in a row. Skipping
12-08 10:58:04.011  1881  1934 E WindowManager: Performed 6 layouts in a row. Skipping
12-08 10:58:06.008  1725  1798 E IPCThreadState: binder thread pool (4 threads) starved for 1729 ms
