--------- beginning of system
12-07 12:02:18.632  1737  1809 E storaged: getDiskStats failed with result NOT_SUPPORTED and size 0
12-07 12:02:52.210  1883  2446 E WindowManager: Performed 6 layouts in a row. Skipping
12-07 12:02:52.240  1883  1935 E WindowManager: Performed 6 layouts in a row. Skipping
--------- beginning of main
12-07 12:02:52.274 19756 19756 E dboxed_process: Not starting debugger since process cannot load the jdwp agent.
12-07 12:02:52.288  1883  1935 E WindowManager: Performed 6 layouts in a row. Skipping
12-07 12:02:52.389  1883  1935 E WindowManager: Performed 6 layouts in a row. Skipping
12-07 12:02:52.471  1883  1935 E WindowManager: Performed 6 layouts in a row. Skipping
12-07 12:02:52.497  1883  1935 E WindowManager: Performed 6 layouts in a row. Skipping
12-07 12:02:52.518  1883  1898 E WindowManager: Performed 6 layouts in a row. Skipping
12-07 12:02:52.548  1883  2148 E WindowManager: Performed 6 layouts in a row. Skipping
12-07 12:02:52.586  1883  1935 E WindowManager: Performed 6 layouts in a row. Skipping
12-07 12:02:52.610  1883  2244 E WindowManager: Performed 6 layouts in a row. Skipping
12-07 12:02:52.666  1883  1935 E WindowManager: Performed 6 layouts in a row. Skipping
12-07 12:02:52.728  1883  1935 E WindowManager: Performed 6 layouts in a row. Skipping
12-07 12:02:52.765  1883  4704 E WindowManager: Performed 6 layouts in a row. Skipping
12-07 12:02:52.797  1883  1935 E WindowManager: Performed 6 layouts in a row. Skipping
12-07 12:02:52.967  1883  1935 E WindowManager: Performed 6 layouts in a row. Skipping
12-07 12:03:06.586  2759  2975 E MicroDetectionWorker: Stale runnable..ignoring
12-07 12:03:06.935  2420 19790 E ctxmgr  : [ProducerStatusImpl]updateStateForNewContextData: inactive, contextName=7
12-07 12:03:07.063  2420  2420 E BeaconBle: Missing BluetoothAdapter
12-07 12:03:07.127  2420  2420 E BeaconBle: Scan couldn't start for Places
12-07 12:03:07.157  1829  1829 E netmgr  : Failed to open QEMU pipe 'qemud:network': Invalid argument
12-07 12:03:07.158  1829  1829 E netmgr  : WifiForwarder unable to open QEMU pipe: Invalid argument
12-07 12:03:14.868  2759  2759 E ContextIntentStarter: No activity found for any of the 0 intents
12-07 12:03:17.340 19812 19812 E dboxed_process: Not starting debugger since process cannot load the jdwp agent.
12-07 12:03:17.368  2759  2759 E ClientVe: Failed to create ClientVisualElementsProto for user interaction on view com.google.android.apps.gsa.searchbox.ui.suggestions.views.CoreSuggestionView{bdd4707 VFE...CL. ...P.... 0,583-1038,730 #26e} because the view is not tagged for visual element logging.
12-07 12:03:17.494  2759  2759 E ClientVe: Failed to create ClientVisualElementsProto for user interaction on view com.google.android.apps.gsa.searchbox.ui.suggestions.views.CoreSuggestionView{bdd4707 VFE...CL. ...P.... 0,583-1038,730 #26e} because the view is not tagged for visual element logging.
12-07 12:03:17.495  2759  2759 E ClientVe: Failed to create ClientVisualElementsProto for user interaction on view com.google.android.apps.gsa.searchbox.ui.suggestions.views.CoreSuggestionView{ec66e5d VFE...CL. ...P.... 0,142-1038,289 #26b} because the view is not tagged for visual element logging.
12-07 12:03:18.476  2759  2759 E ClientVe: Failed to create ClientVisualElementsProto for user interaction on view com.google.android.apps.gsa.searchbox.ui.suggestions.views.CoreSuggestionView{27d4ca3 VFE...CL. ...P.... 0,436-1038,583 #26d} because the view is not tagged for visual element logging.
12-07 12:03:18.829  1737  1809 E storaged: getDiskStats failed with result NOT_SUPPORTED and size 0
12-07 12:03:27.445  2759  2766 E ReloadingLock: Finalizing LOCKED Token[searchresults_activity 2018-12-07 12:03:24.044]
12-07 12:03:35.352  2420 19844 E ctxmgr  : [ProducerStatusImpl]updateStateForNewContextData: inactive, contextName=7
12-07 12:03:35.997  2420  2420 E BeaconBle: Scan couldn't start for Places
12-07 12:03:44.113  2759  2759 E ContextIntentStarter: No activity found for any of the 0 intents
12-07 12:03:52.537  2759  2759 E ContextIntentStarter: No activity found for any of the 0 intents
12-07 12:04:03.747  2420 19271 E ctxmgr  : [ProducerStatusImpl]updateStateForNewContextData: inactive, contextName=7
12-07 12:04:04.004  2420  2420 E BeaconBle: Missing BluetoothAdapter
12-07 12:04:04.099  2420  2420 E BeaconBle: Scan couldn't start for Places
12-07 12:04:07.167  1829  1829 E netmgr  : Failed to open QEMU pipe 'qemud:network': Invalid argument
12-07 12:04:07.167  1829  1829 E netmgr  : WifiForwarder unable to open QEMU pipe: Invalid argument
12-07 12:04:11.376  1613 19910 E audio_hw_generic: pcm_open(in) failed: cannot open device '/dev/snd/pcmC0D0c': Device or resource busy: channels 2 format 0 rate 16000
12-07 12:04:11.717 19913 19913 E dboxed_process: Not starting debugger since process cannot load the jdwp agent.
12-07 12:04:11.730  2759  2759 E ClientVe: Failed to create ClientVisualElementsProto for user interaction on view com.google.android.apps.gsa.searchbox.ui.suggestions.views.CoreSuggestionView{2b90726 VFE...CL. ...P.... 0,-5-1038,142 #26f} because the view is not tagged for visual element logging.
12-07 12:04:11.753  2759  2759 E ClientVe: Failed to create ClientVisualElementsProto for user interaction on view com.google.android.apps.gsa.searchbox.ui.suggestions.views.CoreSuggestionView{218e114 VFE...CL. ...P.... 0,289-1038,436 #271} because the view is not tagged for visual element logging.
12-07 12:04:12.575  2759  2759 E ClientVe: Failed to create ClientVisualElementsProto for user interaction on view com.google.android.apps.gsa.searchbox.ui.suggestions.views.CoreSuggestionView{351522b VFE...CL. ...P.... 21,436-1059,583 #276} because the view is not tagged for visual element logging.
12-07 12:04:12.973  2759  2759 E ClientVe: Failed to create ClientVisualElementsProto for user interaction on view com.google.android.apps.gsa.searchbox.ui.suggestions.views.CoreSuggestionView{6d9d446 VFE...CL. ...P.... 21,877-1059,1024 #279} because the view is not tagged for visual element logging.
12-07 12:04:13.531  2759  2759 E ClientVe: Failed to create ClientVisualElementsProto for user interaction on view com.google.android.apps.gsa.searchbox.ui.suggestions.views.p{5baf393 VFE...CL. ...P.... 414,21-621,279 #27e} because the view is not tagged for visual element logging.
12-07 12:04:13.552  2759  2759 E ClientVe: Failed to create ClientVisualElementsProto for user interaction on view com.google.android.apps.gsa.searchbox.ui.suggestions.views.CoreSuggestionView{6d9d446 VFE...CL. ...P.... 21,877-1059,1024 #279} because the view is not tagged for visual element logging.
12-07 12:04:13.577  2759  2759 E ClientVe: Failed to create ClientVisualElementsProto for user interaction on view com.google.android.apps.gsa.searchbox.ui.suggestions.views.CoreSuggestionView{daa821 VFE...CL. ...P.... 21,730-1059,877 #278} because the view is not tagged for visual element logging.
12-07 12:04:18.904  1737  1809 E storaged: getDiskStats failed with result NOT_SUPPORTED and size 0
12-07 12:04:27.931  2420 19946 E ctxmgr  : [ProducerStatusImpl]updateStateForNewContextData: inactive, contextName=7
12-07 12:04:28.093  2420 19946 E ctxmgr  : [ProducerStatusImpl]updateStateForNewContextData: inactive, contextName=1
12-07 12:04:28.376  2420  2420 E BeaconBle: Scan couldn't start for Places
12-07 12:04:31.909  2759  2759 E ContextIntentStarter: No activity found for any of the 0 intents
12-07 12:04:34.354  1613 19983 E audio_hw_generic: pcm_open(in) failed: cannot open device '/dev/snd/pcmC0D0c': Device or resource busy: channels 2 format 0 rate 16000
12-07 12:04:48.919  1883  1900 E libprocessgroup: Error encountered killing process cgroup uid 99086 pid 19913: No such file or directory
12-07 12:04:49.447  1613 20001 E audio_hw_generic: pcm_open(in) failed: cannot open device '/dev/snd/pcmC0D0c': Device or resource busy: channels 2 format 0 rate 16000
12-07 12:04:49.708  2420 19973 E ctxmgr  : [ProducerStatusImpl]updateStateForNewContextData: inactive, contextName=7
12-07 12:04:50.086  2420  2420 E BeaconBle: Missing BluetoothAdapter
12-07 12:04:50.090  2420  3201 E PlaceInferenceEngine: Position timestamp out of order. Previous: 1544220268000, Current: 1544202283435. Skipping this Position.
12-07 12:04:50.136  2420  2420 E BeaconBle: Scan couldn't start for Places
