--------- beginning of system
--------- beginning of main
12-07 16:34:06.722  1829  1829 E netmgr  : Failed to open QEMU pipe 'qemud:network': Invalid argument
12-07 16:34:06.722  1829  1829 E netmgr  : WifiForwarder unable to open QEMU pipe: Invalid argument
12-07 16:34:09.040  2391  9014 E s.nexuslaunche: Failed to open APK '/data/app/com.evancharlton.mileage-bFOzSsC-INO3apGxmaahpA==/base.apk' I/O error
12-07 16:34:09.044  2391  9014 E ResourcesManager: failed to add asset path /data/app/com.evancharlton.mileage-bFOzSsC-INO3apGxmaahpA==/base.apk
12-07 16:34:11.071  2420 13522 E ctxmgr  : [ProducerStatusImpl]updateStateForNewContextData: inactive, contextName=7
12-07 16:34:11.578  2420  2420 E BeaconBle: Missing BluetoothAdapter
12-07 16:34:11.619  2420  2420 E BeaconBle: Scan couldn't start for Places
12-07 16:34:12.343  1737  1809 E storaged: getDiskStats failed with result NOT_SUPPORTED and size 0
12-07 16:34:15.154 13490 13490 E wpa_supplicant: nl80211: Failed to open /proc/sys/net/ipv4/conf/p2p-dev-wlan0/drop_unicast_in_l2_multicast: No such file or directory
12-07 16:34:15.168 13490 13490 E wpa_supplicant: nl80211: Failed to set IPv4 unicast in multicast filter
12-07 16:34:15.271 13490 13490 E wpa_supplicant: nl80211: Failed to open /proc/sys/net/ipv4/conf/p2p-dev-wlan0/drop_unicast_in_l2_multicast: No such file or directory
12-07 16:34:15.271 13490 13490 E wpa_supplicant: nl80211: Failed to set IPv4 unicast in multicast filter
12-07 16:34:15.381 13490 13490 E wpa_supplicant: nl80211: Failed to open /proc/sys/net/ipv4/conf/wlan0/drop_unicast_in_l2_multicast: No such file or directory
12-07 16:34:15.381 13490 13490 E wpa_supplicant: nl80211: Failed to set IPv4 unicast in multicast filter
12-07 16:34:15.381 13490 13490 E wpa_supplicant: nl80211: Failed to open /proc/sys/net/ipv4/conf/wlan0/drop_unicast_in_l2_multicast: No such file or directory
12-07 16:34:15.381 13490 13490 E wpa_supplicant: nl80211: Failed to set IPv4 unicast in multicast filter
12-07 16:34:15.476 13490 13490 E wpa_supplicant: nl80211: Failed to open /proc/sys/net/ipv4/conf/wlan0/drop_unicast_in_l2_multicast: No such file or directory
12-07 16:34:15.476 13490 13490 E wpa_supplicant: nl80211: Failed to set IPv4 unicast in multicast filter
12-07 16:34:15.548  1613 13783 E audio_hw_generic: pcm_open(in) failed: cannot open device '/dev/snd/pcmC0D0c': Device or resource busy: channels 2 format 0 rate 16000
12-07 16:34:15.742  1628  1628 E android.hardware.wifi@1.0-service: Failed to open directory: Permission denied
12-07 16:34:15.742  1628  1628 E android.hardware.wifi@1.0-service: Error occurred while deleting old tombstone files
12-07 16:34:15.742  1628  1628 E android.hardware.wifi@1.0-service: Error writing files to flash
12-07 16:34:16.051  2117  2117 E PhoneInterfaceManager: [PhoneIntfMgr] getIccId: No UICC
12-07 16:34:16.113  2420 13514 E WakeLock: GCM_HB_ALARM release without a matched acquire!
12-07 16:34:16.117  2420 13514 E GCM     : Connection closed with errorCode 20
12-07 16:34:16.170  2420 13514 E WakeLock: GCM_CONN_ALARM release without a matched acquire!
12-07 16:34:16.173  2117  2117 E PhoneInterfaceManager: [PhoneIntfMgr] getIccId: No UICC
12-07 16:34:17.229  1628  1628 E android.hardware.wifi@1.0-service: Failed to register radio mode change callback
12-07 16:34:17.248  1628  1628 E android.hardware.wifi@1.0-service: Failed to set DFS flag; DFS channels may be unavailable.
12-07 16:34:17.332  1738  1738 E wificond: No Offload Service available
12-07 16:34:17.522  1883  1967 E WifiP2pService: Unhandled message { when=-1ms what=131203 target=com.android.internal.util.StateMachine$SmHandler }
12-07 16:34:17.601  1883  1967 E WifiP2pService: Unhandled message { when=-1ms what=131203 target=com.android.internal.util.StateMachine$SmHandler }
12-07 16:34:17.610  1883  1901 E BatteryExternalStatsWorker: no controller energy info supplied for wifi
12-07 16:34:17.619  1883  1901 E BatteryExternalStatsWorker: no controller energy info supplied for wifi
12-07 16:34:17.704  2117  2117 E PhoneInterfaceManager: [PhoneIntfMgr] getIccId: No UICC
12-07 16:34:17.735  2117  2117 E PhoneInterfaceManager: [PhoneIntfMgr] getIccId: No UICC
12-07 16:34:21.747  1883  1901 E BatteryExternalStatsWorker: no controller energy info supplied for wifi
12-07 16:34:22.487  1735  1813 E Netd    : Error adding route ::/0 -> fe80::ff:fe00:100 wlan0 to table 1003: File exists
12-07 16:34:22.588  2420 13816 E WakeLock: GCM_CONN_ALARM release without a matched acquire!
12-07 16:34:29.802  2759  2975 E MicroDetectionWorker: Stale runnable..ignoring
12-07 16:34:30.224  2420 13817 E ctxmgr  : [ProducerStatusImpl]updateStateForNewContextData: inactive, contextName=7
12-07 16:34:30.572  2420  2420 E BeaconBle: Missing BluetoothAdapter
12-07 16:34:30.641  2420  2420 E BeaconBle: Scan couldn't start for Places
12-07 16:34:31.281  2759  2759 E ContextIntentStarter: No activity found for any of the 0 intents
12-07 16:34:35.199 13829 13829 E viders.calenda: Not starting debugger since process cannot load the jdwp agent.
12-07 16:34:35.312 13842 13842 E droid.deskcloc: Not starting debugger since process cannot load the jdwp agent.
12-07 16:34:35.459 13842 13842 E LoadedApk: Unable to instantiate appComponentFactory
12-07 16:34:35.459 13842 13842 E LoadedApk: java.lang.ClassNotFoundException: Didn't find class "android.support.v4.app.CoreComponentFactory" on path: DexPathList[[zip file "/data/app/com.google.android.deskclock-irjeQ48B8SlCzNgOUY6aXg==/base.apk"],nativeLibraryDirectories=[/data/app/com.google.android.deskclock-irjeQ48B8SlCzNgOUY6aXg==/lib/x86, /system/lib]]
12-07 16:34:35.459 13842 13842 E LoadedApk: 	at dalvik.system.BaseDexClassLoader.findClass(BaseDexClassLoader.java:134)
12-07 16:34:35.459 13842 13842 E LoadedApk: 	at java.lang.ClassLoader.loadClass(ClassLoader.java:379)
12-07 16:34:35.459 13842 13842 E LoadedApk: 	at java.lang.ClassLoader.loadClass(ClassLoader.java:312)
12-07 16:34:35.459 13842 13842 E LoadedApk: 	at android.app.LoadedApk.createAppFactory(LoadedApk.java:226)
12-07 16:34:35.459 13842 13842 E LoadedApk: 	at android.app.LoadedApk.createOrUpdateClassLoaderLocked(LoadedApk.java:731)
12-07 16:34:35.459 13842 13842 E LoadedApk: 	at android.app.LoadedApk.getClassLoader(LoadedApk.java:810)
12-07 16:34:35.459 13842 13842 E LoadedApk: 	at android.app.LoadedApk.getResources(LoadedApk.java:1032)
12-07 16:34:35.459 13842 13842 E LoadedApk: 	at android.app.ContextImpl.createAppContext(ContextImpl.java:2345)
12-07 16:34:35.459 13842 13842 E LoadedApk: 	at android.app.ActivityThread.handleBindApplication(ActivityThread.java:5749)
12-07 16:34:35.459 13842 13842 E LoadedApk: 	at android.app.ActivityThread.access$1100(ActivityThread.java:199)
12-07 16:34:35.459 13842 13842 E LoadedApk: 	at android.app.ActivityThread$H.handleMessage(ActivityThread.java:1650)
12-07 16:34:35.459 13842 13842 E LoadedApk: 	at android.os.Handler.dispatchMessage(Handler.java:106)
12-07 16:34:35.459 13842 13842 E LoadedApk: 	at android.os.Looper.loop(Looper.java:193)
12-07 16:34:35.459 13842 13842 E LoadedApk: 	at android.app.ActivityThread.main(ActivityThread.java:6669)
12-07 16:34:35.459 13842 13842 E LoadedApk: 	at java.lang.reflect.Method.invoke(Native Method)
12-07 16:34:35.459 13842 13842 E LoadedApk: 	at com.android.internal.os.RuntimeInit$MethodAndArgsCaller.run(RuntimeInit.java:493)
12-07 16:34:35.459 13842 13842 E LoadedApk: 	at com.android.internal.os.ZygoteInit.main(ZygoteInit.java:858)
12-07 16:34:36.211 13873 13873 E com.ustwo.lwp: Not starting debugger since process cannot load the jdwp agent.
12-07 16:34:38.795  2420 13522 E ctxmgr  : [ProducerStatusImpl]updateStateForNewContextData: inactive, contextName=7
12-07 16:34:39.520  2420  2420 E BeaconBle: Scan couldn't start for Places
12-07 16:34:43.769  1613 13905 E audio_hw_generic: pcm_open(in) failed: cannot open device '/dev/snd/pcmC0D0c': Device or resource busy: channels 2 format 0 rate 16000
12-07 16:34:43.835  2420 13899 E ctxmgr  : [ProducerStatusImpl]updateStateForNewContextData: inactive, contextName=7
12-07 16:34:44.274  2420  2420 E BeaconBle: Missing BluetoothAdapter
12-07 16:34:44.326  2420  2420 E BeaconBle: Scan couldn't start for Places
12-07 16:34:45.876  2759  2759 E ContextIntentStarter: No activity found for any of the 0 intents
12-07 16:34:48.610 13916 13916 E boxed_process1: Not starting debugger since process cannot load the jdwp agent.
12-07 16:34:48.815  2759  2759 E ClientVe: Failed to create ClientVisualElementsProto for user interaction on view com.google.android.apps.gsa.searchbox.ui.suggestions.views.CoreSuggestionView{60aaa24 VFE...CL. ...P.... 0,583-1038,730 #191} because the view is not tagged for visual element logging.
12-07 16:34:48.934  2759  2759 E ClientVe: Failed to create ClientVisualElementsProto for user interaction on view com.google.android.apps.gsa.searchbox.ui.suggestions.views.CoreSuggestionView{60aaa24 VFE...CL. ........ 0,583-1038,730 #191} because the view is not tagged for visual element logging.
12-07 16:34:48.938  2759  2759 E ClientVe: Failed to create ClientVisualElementsProto for user interaction on view com.google.android.apps.gsa.searchbox.ui.suggestions.views.CoreSuggestionView{b5d8742 VFE...CL. ...P.... 0,142-1038,289 #18e} because the view is not tagged for visual element logging.
12-07 16:34:49.881  2759  2759 E ClientVe: Failed to create ClientVisualElementsProto for user interaction on view com.google.android.apps.gsa.searchbox.ui.suggestions.views.CoreSuggestionView{c5a4490 VFE...CL. ...P.... 0,436-1038,583 #190} because the view is not tagged for visual element logging.
12-07 16:35:06.923  1829  1829 E netmgr  : Failed to open QEMU pipe 'qemud:network': Invalid argument
12-07 16:35:06.923  1829  1829 E netmgr  : WifiForwarder unable to open QEMU pipe: Invalid argument
12-07 16:35:12.535  1737  1809 E storaged: getDiskStats failed with result NOT_SUPPORTED and size 0
12-07 16:35:18.295  2420 13820 E ctxmgr  : [ProducerStatusImpl]updateStateForNewContextData: inactive, contextName=7
12-07 16:35:18.517  2420  2420 E BeaconBle: Missing BluetoothAdapter
12-07 16:35:18.596  2420  2420 E BeaconBle: Scan couldn't start for Places
12-07 16:35:24.575  2759  2759 E ClientVe: Failed to create ClientVisualElementsProto for user interaction on view com.google.android.apps.gsa.searchbox.ui.suggestions.views.CoreSuggestionView{e1be69f VFE...CL. ...P.... 0,142-1038,289 #193} because the view is not tagged for visual element logging.
12-07 16:35:24.596 13978 13978 E boxed_process1: Not starting debugger since process cannot load the jdwp agent.
12-07 16:35:24.633  2759  2759 E ClientVe: Failed to create ClientVisualElementsProto for user interaction on view com.google.android.apps.gsa.searchbox.ui.suggestions.views.CoreSuggestionView{e1be69f VFE...CL. ...P.... 0,142-1038,289 #193} because the view is not tagged for visual element logging.
12-07 16:35:24.675  2759  2759 E ClientVe: Failed to create ClientVisualElementsProto for user interaction on view com.google.android.apps.gsa.searchbox.ui.suggestions.views.CoreSuggestionView{1fd3ec VFE...CL. ...P.... 0,-5-1038,142 #192} because the view is not tagged for visual element logging.
12-07 16:35:24.736  2759  2759 E ClientVe: Failed to create ClientVisualElementsProto for user interaction on view com.google.android.apps.gsa.searchbox.ui.suggestions.views.CoreSuggestionView{4a753b5 VFE...CL. ...P.... 0,289-1038,436 #194} because the view is not tagged for visual element logging.
12-07 16:35:24.961  2759  2759 E ClientVe: Failed to create ClientVisualElementsProto for user interaction on view com.google.android.apps.gsa.searchbox.ui.suggestions.views.CoreSuggestionView{9bdfa4a VFE...CL. ...P.... 0,436-1038,583 #195} because the view is not tagged for visual element logging.
12-07 16:35:26.753  2759  2759 E ClientVe: Failed to create ClientVisualElementsProto for user interaction on view com.google.android.apps.gsa.searchbox.ui.suggestions.views.CoreSuggestionView{4a753b5 VFE...CL. ...P.... 0,289-1038,436 #194} because the view is not tagged for visual element logging.
12-07 16:35:27.507  2759  2975 E MicroDetectionWorker: Stale runnable..ignoring
12-07 16:35:29.728  2759  2766 E ReloadingLock: Finalizing LOCKED Token[searchresults_activity 2018-12-07 16:35:27.290]
12-07 16:35:38.429  1613 14013 E audio_hw_generic: pcm_open(in) failed: cannot open device '/dev/snd/pcmC0D0c': Device or resource busy: channels 2 format 0 rate 16000
12-07 16:35:42.309  2759  2759 E ContextIntentStarter: No activity found for any of the 0 intents
12-07 16:35:47.809  2759  2759 E ClientVe: Failed to create ClientVisualElementsProto for user interaction on view com.google.android.apps.gsa.searchbox.ui.suggestions.views.CoreSuggestionView{16bfae8 VFE...CL. ...P.... 0,583-1038,730 #1a8} because the view is not tagged for visual element logging.
12-07 16:35:48.184  2759  2759 E ClientVe: Failed to create ClientVisualElementsProto for user interaction on view com.google.android.apps.gsa.searchbox.ui.suggestions.views.CoreSuggestionView{c7be071 VFE...CL. ...P.... 0,142-1038,289 #1a5} because the view is not tagged for visual element logging.
12-07 16:35:48.376  2759  2759 E ClientVe: Failed to create ClientVisualElementsProto for user interaction on view com.google.android.apps.gsa.searchbox.ui.suggestions.views.CoreSuggestionView{16bfae8 VFE...CL. ...P.... 0,583-1038,730 #1a8} because the view is not tagged for visual element logging.
12-07 16:35:48.788  2759  2759 E ClientVe: Failed to create ClientVisualElementsProto for user interaction on view com.google.android.apps.gsa.searchbox.ui.suggestions.views.CoreSuggestionView{7ee18 VFE...CL. ...P.... 0,-5-1038,142 #1a4} because the view is not tagged for visual element logging.
12-07 16:35:49.854  1613 14023 E audio_hw_generic: pcm_open(in) failed: cannot open device '/dev/snd/pcmC0D0c': Device or resource busy: channels 2 format 0 rate 16000
12-07 16:35:59.714  1883  1896 E memtrack: Couldn't load memtrack module
12-07 16:36:00.730  1613 14035 E audio_hw_generic: pcm_open(in) failed: cannot open device '/dev/snd/pcmC0D0c': Device or resource busy: channels 2 format 0 rate 16000
12-07 16:36:00.991  1738  1738 E wificond: Receive ERROR message in response to 'stop scheduled scan' request: Operation not supported on transport endpoint
12-07 16:36:01.166 13792 13792 E wpa_supplicant: nl80211: Failed to open /proc/sys/net/ipv4/conf/p2p-dev-wlan0/drop_unicast_in_l2_multicast: No such file or directory
12-07 16:36:01.166 13792 13792 E wpa_supplicant: nl80211: Failed to set IPv4 unicast in multicast filter
12-07 16:36:01.191 13792 13792 E wpa_supplicant: nl80211: Failed to open /proc/sys/net/ipv4/conf/p2p-dev-wlan0/drop_unicast_in_l2_multicast: No such file or directory
12-07 16:36:01.191 13792 13792 E wpa_supplicant: nl80211: Failed to set IPv4 unicast in multicast filter
12-07 16:36:01.374 13792 13792 E wpa_supplicant: nl80211: Failed to open /proc/sys/net/ipv4/conf/wlan0/drop_unicast_in_l2_multicast: No such file or directory
12-07 16:36:01.384 13792 13792 E wpa_supplicant: nl80211: Failed to set IPv4 unicast in multicast filter
12-07 16:36:01.384 13792 13792 E wpa_supplicant: nl80211: Failed to open /proc/sys/net/ipv4/conf/wlan0/drop_unicast_in_l2_multicast: No such file or directory
12-07 16:36:01.384 13792 13792 E wpa_supplicant: nl80211: Failed to set IPv4 unicast in multicast filter
12-07 16:36:01.459 13792 13792 E wpa_supplicant: nl80211: Failed to open /proc/sys/net/ipv4/conf/wlan0/drop_unicast_in_l2_multicast: No such file or directory
12-07 16:36:01.460 13792 13792 E wpa_supplicant: nl80211: Failed to set IPv4 unicast in multicast filter
12-07 16:36:01.540  1883 13802 E DhcpClient: Read error
12-07 16:36:01.540  1883 13802 E DhcpClient: android.system.ErrnoException: read failed: ENETDOWN (Network is down)
12-07 16:36:01.540  1883 13802 E DhcpClient: 	at libcore.io.Linux.readBytes(Native Method)
12-07 16:36:01.540  1883 13802 E DhcpClient: 	at libcore.io.Linux.read(Linux.java:184)
12-07 16:36:01.540  1883 13802 E DhcpClient: 	at libcore.io.BlockGuardOs.read(BlockGuardOs.java:254)
12-07 16:36:01.540  1883 13802 E DhcpClient: 	at android.system.Os.read(Os.java:414)
12-07 16:36:01.540  1883 13802 E DhcpClient: 	at android.net.dhcp.DhcpClient$ReceiveThread.run(DhcpClient.java:364)
12-07 16:36:01.576  1883 13799 E ConnectivityPacketTracker.wlan0: readPacket error: 
12-07 16:36:01.576  1883 13799 E ConnectivityPacketTracker.wlan0: android.system.ErrnoException: read failed: ENETDOWN (Network is down)
12-07 16:36:01.576  1883 13799 E ConnectivityPacketTracker.wlan0: 	at libcore.io.Linux.readBytes(Native Method)
12-07 16:36:01.576  1883 13799 E ConnectivityPacketTracker.wlan0: 	at libcore.io.Linux.read(Linux.java:184)
12-07 16:36:01.576  1883 13799 E ConnectivityPacketTracker.wlan0: 	at libcore.io.BlockGuardOs.read(BlockGuardOs.java:254)
12-07 16:36:01.576  1883 13799 E ConnectivityPacketTracker.wlan0: 	at android.system.Os.read(Os.java:414)
12-07 16:36:01.576  1883 13799 E ConnectivityPacketTracker.wlan0: 	at android.net.util.PacketReader.readPacket(PacketReader.java:137)
12-07 16:36:01.576  1883 13799 E ConnectivityPacketTracker.wlan0: 	at android.net.util.PacketReader.handleInput(PacketReader.java:207)
12-07 16:36:01.576  1883 13799 E ConnectivityPacketTracker.wlan0: 	at android.net.util.PacketReader.access$100(PacketReader.java:70)
12-07 16:36:01.576  1883 13799 E ConnectivityPacketTracker.wlan0: 	at android.net.util.PacketReader$1.onFileDescriptorEvents(PacketReader.java:189)
12-07 16:36:01.576  1883 13799 E ConnectivityPacketTracker.wlan0: 	at android.os.MessageQueue.dispatchEvents(MessageQueue.java:285)
12-07 16:36:01.576  1883 13799 E ConnectivityPacketTracker.wlan0: 	at android.os.MessageQueue.nativePollOnce(Native Method)
12-07 16:36:01.576  1883 13799 E ConnectivityPacketTracker.wlan0: 	at android.os.MessageQueue.next(MessageQueue.java:326)
12-07 16:36:01.576  1883 13799 E ConnectivityPacketTracker.wlan0: 	at android.os.Looper.loop(Looper.java:160)
12-07 16:36:01.576  1883 13799 E ConnectivityPacketTracker.wlan0: 	at android.os.HandlerThread.run(HandlerThread.java:65)
12-07 16:36:01.776  1628  1628 E android.hardware.wifi@1.0-service: Failed to open directory: Permission denied
12-07 16:36:01.777  1628  1628 E android.hardware.wifi@1.0-service: Error occurred while deleting old tombstone files
12-07 16:36:01.777  1628  1628 E android.hardware.wifi@1.0-service: Error writing files to flash
12-07 16:36:02.001  1883  1965 E SupplicantStaIfaceHal: Can't call setPowerSave, ISupplicantStaIface is null
12-07 16:36:02.001  1883  1965 E SupplicantStaIfaceHal: Can't call setBtCoexistenceMode, ISupplicantStaIface is null
12-07 16:36:02.085  1883  1965 E HalDevMgr: Should have at least 1 chip!
12-07 16:36:02.085  1883  1965 E HalDevMgr: dispatchAvailableForRequestListeners: no chip info found
12-07 16:36:02.168  1883  1965 E SupplicantStaIfaceHal: Can't call listNetworks, ISupplicantStaIface is null
12-07 16:36:02.168  1883  1965 E SupplicantStaIfaceHal: removeAllNetworks failed, got null networks
12-07 16:36:02.168  1883  1965 E WifiStateMachine: Failed to remove networks on exiting connect mode
12-07 16:36:02.176  1883  1967 E WifiP2pService: Unhandled message { when=-8ms what=131204 target=com.android.internal.util.StateMachine$SmHandler }
12-07 16:36:02.202  1883  1965 E WifiScanRequestProxy: Scan failure received. reason: -1,description: Scan was interrupted
12-07 16:36:02.210  1883  1901 E BatteryExternalStatsWorker: no controller energy info supplied for wifi
12-07 16:36:02.212  1883  1965 E WifiScanRequestProxy: Scan failure received. reason: -1,description: not available
12-07 16:36:02.231  2420 13816 E WakeLock: GCM_HB_ALARM release without a matched acquire!
12-07 16:36:02.243  2420 13816 E GCM     : Connection closed with errorCode 20
12-07 16:36:02.250  2420 13816 E WakeLock: GCM_CONN_ALARM release without a matched acquire!
12-07 16:36:02.320  1883  1901 E BatteryExternalStatsWorker: no controller energy info supplied for wifi
12-07 16:36:06.926  1829  1829 E netmgr  : Failed to open QEMU pipe 'qemud:network': Invalid argument
12-07 16:36:06.926  1829  1829 E netmgr  : WifiForwarder unable to open QEMU pipe: Invalid argument
12-07 16:36:09.462  2420 14047 E WakeLock: GCM_HB_ALARM release without a matched acquire!
12-07 16:36:09.472  2420 14047 E WakeLock: GCM_CONN_ALARM release without a matched acquire!
12-07 16:36:11.490  1883  1900 E libprocessgroup: Error encountered killing process cgroup uid 99057 pid 13978: No such file or directory
