--------- beginning of system
12-07 05:26:43.973  1880  1896 E ActivityManager: Failure starting process com.evancharlton.mileage
12-07 05:26:43.973  1880  1896 E ActivityManager: java.lang.SecurityException: Package com.evancharlton.mileage is currently frozen!
12-07 05:26:43.973  1880  1896 E ActivityManager: 	at com.android.server.pm.PackageManagerService.checkPackageStartable(PackageManagerService.java:4000)
12-07 05:26:43.973  1880  1896 E ActivityManager: 	at com.android.server.am.ActivityManagerService.startProcessLocked(ActivityManagerService.java:4234)
12-07 05:26:43.973  1880  1896 E ActivityManager: 	at com.android.server.am.ActivityManagerService.startProcessLocked(ActivityManagerService.java:4199)
12-07 05:26:43.973  1880  1896 E ActivityManager: 	at com.android.server.am.ActivityManagerService.startProcessLocked(ActivityManagerService.java:4181)
12-07 05:26:43.973  1880  1896 E ActivityManager: 	at com.android.server.am.ActivityManagerService.startProcessLocked(ActivityManagerService.java:4067)
12-07 05:26:43.973  1880  1896 E ActivityManager: 	at com.android.server.am.ActivityStackSupervisor.startSpecificActivityLocked(ActivityStackSupervisor.java:1715)
12-07 05:26:43.973  1880  1896 E ActivityManager: 	at com.android.server.am.ActivityStack.resumeTopActivityInnerLocked(ActivityStack.java:2764)
12-07 05:26:43.973  1880  1896 E ActivityManager: 	at com.android.server.am.ActivityStack.resumeTopActivityUncheckedLocked(ActivityStack.java:2302)
12-07 05:26:43.973  1880  1896 E ActivityManager: 	at com.android.server.am.ActivityStackSupervisor.resumeFocusedStackTopActivityLocked(ActivityStackSupervisor.java:2234)
12-07 05:26:43.973  1880  1896 E ActivityManager: 	at com.android.server.am.ActivityStackSupervisor.resumeFocusedStackTopActivityLocked(ActivityStackSupervisor.java:2218)
12-07 05:26:43.973  1880  1896 E ActivityManager: 	at com.android.server.am.ActivityManagerService.handleAppDiedLocked(ActivityManagerService.java:5923)
12-07 05:26:43.973  1880  1896 E ActivityManager: 	at com.android.server.am.ActivityManagerService.removeProcessLocked(ActivityManagerService.java:7501)
12-07 05:26:43.973  1880  1896 E ActivityManager: 	at com.android.server.am.ActivityManagerService.killPackageProcessesLocked(ActivityManagerService.java:7142)
12-07 05:26:43.973  1880  1896 E ActivityManager: 	at com.android.server.am.ActivityManagerService.forceStopPackageLocked(ActivityManagerService.java:7275)
12-07 05:26:43.973  1880  1896 E ActivityManager: 	at com.android.server.am.ActivityManagerService$MainHandler.handleMessage(ActivityManagerService.java:2289)
12-07 05:26:43.973  1880  1896 E ActivityManager: 	at android.os.Handler.dispatchMessage(Handler.java:106)
12-07 05:26:43.973  1880  1896 E ActivityManager: 	at android.os.Looper.loop(Looper.java:193)
12-07 05:26:43.973  1880  1896 E ActivityManager: 	at android.os.HandlerThread.run(HandlerThread.java:65)
12-07 05:26:43.973  1880  1896 E ActivityManager: 	at com.android.server.ServiceThread.run(ServiceThread.java:44)
12-07 05:26:44.750  1735  1809 E storaged: getDiskStats failed with result NOT_SUPPORTED and size 0
--------- beginning of main
12-07 05:27:12.938  2768  2776 E ReloadingLock: Finalizing LOCKED Token[searchresults_activity 2018-12-07 05:27:12.153]
12-07 05:27:19.692  1610  6516 E audio_hw_generic: pcm_open(in) failed: cannot open device '/dev/snd/pcmC0D0c': Device or resource busy: channels 2 format 0 rate 16000
12-07 05:27:19.869  2378  6511 E ctxmgr  : [ProducerStatusImpl]updateStateForNewContextData: inactive, contextName=7
12-07 05:27:20.195  2378  2378 E BeaconBle: Scan couldn't start for Places
12-07 05:27:22.259  1880  4057 E WindowManager: Performed 6 layouts in a row. Skipping
12-07 05:27:22.286  1880  1934 E WindowManager: Performed 6 layouts in a row. Skipping
12-07 05:27:22.396  1880  1934 E WindowManager: Performed 6 layouts in a row. Skipping
12-07 05:27:22.426  1880  1897 E WindowManager: Performed 6 layouts in a row. Skipping
12-07 05:27:22.468  1880  1934 E WindowManager: Performed 6 layouts in a row. Skipping
12-07 05:27:22.512  1880  1934 E WindowManager: Performed 6 layouts in a row. Skipping
12-07 05:27:22.547  1880  2153 E WindowManager: Performed 6 layouts in a row. Skipping
12-07 05:27:22.587  1880  1934 E WindowManager: Performed 6 layouts in a row. Skipping
12-07 05:27:22.650  1880  1934 E WindowManager: Performed 6 layouts in a row. Skipping
12-07 05:27:23.372  2768  2768 E ContextIntentStarter: No activity found for any of the 0 intents
12-07 05:27:33.093  1880  1899 E libprocessgroup: Error encountered killing process cgroup uid 99007 pid 6470: No such file or directory
12-07 05:27:35.633  2768  2935 E MicroDetectionWorker: Stale runnable..ignoring
12-07 05:27:36.151  2378  6528 E ctxmgr  : [ProducerStatusImpl]updateStateForNewContextData: inactive, contextName=7
12-07 05:27:36.458  2378  2378 E BeaconBle: Missing BluetoothAdapter
12-07 05:27:36.522  2378  2378 E BeaconBle: Scan couldn't start for Places
12-07 05:27:39.400  6416  6434 E SQLiteLog: (1) no such table: fillups
12-07 05:27:39.411  6416  6434 E DatabaseUpgrader: Couldn't upgrade database!
12-07 05:27:39.411  6416  6434 E DatabaseUpgrader: android.database.sqlite.SQLiteException: no such table: fillups (code 1 SQLITE_ERROR): , while compiling: ALTER TABLE fillups ADD COLUMN is_partial INTEGER;
12-07 05:27:39.411  6416  6434 E DatabaseUpgrader: 	at android.database.sqlite.SQLiteConnection.nativePrepareStatement(Native Method)
12-07 05:27:39.411  6416  6434 E DatabaseUpgrader: 	at android.database.sqlite.SQLiteConnection.acquirePreparedStatement(SQLiteConnection.java:903)
12-07 05:27:39.411  6416  6434 E DatabaseUpgrader: 	at android.database.sqlite.SQLiteConnection.prepare(SQLiteConnection.java:514)
12-07 05:27:39.411  6416  6434 E DatabaseUpgrader: 	at android.database.sqlite.SQLiteSession.prepare(SQLiteSession.java:588)
12-07 05:27:39.411  6416  6434 E DatabaseUpgrader: 	at android.database.sqlite.SQLiteProgram.<init>(SQLiteProgram.java:58)
12-07 05:27:39.411  6416  6434 E DatabaseUpgrader: 	at android.database.sqlite.SQLiteStatement.<init>(SQLiteStatement.java:31)
12-07 05:27:39.411  6416  6434 E DatabaseUpgrader: 	at android.database.sqlite.SQLiteDatabase.executeSql(SQLiteDatabase.java:1769)
12-07 05:27:39.411  6416  6434 E DatabaseUpgrader: 	at android.database.sqlite.SQLiteDatabase.execSQL(SQLiteDatabase.java:1698)
12-07 05:27:39.411  6416  6434 E DatabaseUpgrader: 	at com.evancharlton.mileage.provider.DatabaseUpgrader.exec(DatabaseUpgrader.java:105)
12-07 05:27:39.411  6416  6434 E DatabaseUpgrader: 	at com.evancharlton.mileage.provider.DatabaseUpgrader.upgradeDatabase(DatabaseUpgrader.java:44)
12-07 05:27:39.411  6416  6434 E DatabaseUpgrader: 	at com.evancharlton.mileage.provider.DatabaseUpgrader.upgradeDatabase(DatabaseUpgrader.java:89)
12-07 05:27:39.411  6416  6434 E DatabaseUpgrader: 	at com.evancharlton.mileage.tasks.DbImportTask.upgradeDatabase(DbImportTask.java:77)
12-07 05:27:39.411  6416  6434 E DatabaseUpgrader: 	at com.evancharlton.mileage.tasks.DbImportTask.doInBackground(DbImportTask.java:43)
12-07 05:27:39.411  6416  6434 E DatabaseUpgrader: 	at com.evancharlton.mileage.tasks.DbImportTask.doInBackground(DbImportTask.java:20)
12-07 05:27:39.411  6416  6434 E DatabaseUpgrader: 	at android.os.AsyncTask$2.call(AsyncTask.java:333)
12-07 05:27:39.411  6416  6434 E DatabaseUpgrader: 	at java.util.concurrent.FutureTask.run(FutureTask.java:266)
12-07 05:27:39.411  6416  6434 E DatabaseUpgrader: 	at java.util.concurrent.ThreadPoolExecutor.runWorker(ThreadPoolExecutor.java:1167)
12-07 05:27:39.411  6416  6434 E DatabaseUpgrader: 	at java.util.concurrent.ThreadPoolExecutor$Worker.run(ThreadPoolExecutor.java:641)
12-07 05:27:39.411  6416  6434 E DatabaseUpgrader: 	at java.lang.Thread.run(Thread.java:764)
12-07 05:27:39.575  1829  1829 E netmgr  : Failed to open QEMU pipe 'qemud:network': Invalid argument
12-07 05:27:39.575  1829  1829 E netmgr  : WifiForwarder unable to open QEMU pipe: Invalid argument
12-07 05:27:42.358  2378  2378 E BeaconBle: Scan couldn't start for Places
12-07 05:27:43.766  6545  6545 E dboxed_process: Not starting debugger since process cannot load the jdwp agent.
12-07 05:27:43.988  2768  2768 E ClientVe: Failed to create ClientVisualElementsProto for user interaction on view com.google.android.apps.gsa.searchbox.ui.suggestions.views.CoreSuggestionView{2b17ba5 VFE...CL. ...P.... 0,583-1038,730 #66} because the view is not tagged for visual element logging.
12-07 05:27:44.068  2768  2768 E ClientVe: Failed to create ClientVisualElementsProto for user interaction on view com.google.android.apps.gsa.searchbox.ui.suggestions.views.CoreSuggestionView{2b17ba5 VFE...CL. ......ID 0,583-1038,730 #66} because the view is not tagged for visual element logging.
12-07 05:27:44.140  2768  2768 E ClientVe: Failed to create ClientVisualElementsProto for user interaction on view com.google.android.apps.gsa.searchbox.ui.suggestions.views.CoreSuggestionView{b730f2b VFE...CL. ...P.... 0,142-1038,289 #63} because the view is not tagged for visual element logging.
12-07 05:27:44.751  1735  1809 E storaged: getDiskStats failed with result NOT_SUPPORTED and size 0
12-07 05:27:44.851  2768  2768 E ClientVe: Failed to create ClientVisualElementsProto for user interaction on view com.google.android.apps.gsa.searchbox.ui.suggestions.views.CoreSuggestionView{c632d21 VFE...CL. ...P.... 0,436-1038,583 #65} because the view is not tagged for visual element logging.
12-07 05:27:46.128  1610  6570 E audio_hw_generic: pcm_open(in) failed: cannot open device '/dev/snd/pcmC0D0c': Device or resource busy: channels 2 format 0 rate 16000
12-07 05:28:08.333  2378  6590 E ctxmgr  : [ProducerStatusImpl]updateStateForNewContextData: inactive, contextName=7
12-07 05:28:08.643  2378  2378 E BeaconBle: Missing BluetoothAdapter
12-07 05:28:08.717  2378  2378 E BeaconBle: Scan couldn't start for Places
12-07 05:28:11.138  2768  2768 E ClientVe: Failed to create ClientVisualElementsProto for user interaction on view com.google.android.apps.gsa.searchbox.ui.suggestions.views.CoreSuggestionView{81e730b VFE...CL. ......ID 0,142-1038,289 #68} because the view is not tagged for visual element logging.
12-07 05:28:11.238  2768  2768 E ClientVe: Failed to create ClientVisualElementsProto for user interaction on view com.google.android.apps.gsa.searchbox.ui.suggestions.views.CoreSuggestionView{18685e8 VFE...CL. ...P.... 0,-5-1038,142 #67} because the view is not tagged for visual element logging.
12-07 05:28:11.333  2768  2768 E ClientVe: Failed to create ClientVisualElementsProto for user interaction on view com.google.android.apps.gsa.searchbox.ui.suggestions.views.CoreSuggestionView{c83e401 VFE...CL. ...P.... 0,289-1038,436 #69} because the view is not tagged for visual element logging.
12-07 05:28:11.596  2768  2768 E ClientVe: Failed to create ClientVisualElementsProto for user interaction on view com.google.android.apps.gsa.searchbox.ui.suggestions.views.CoreSuggestionView{d6692a6 VFE...CL. ...P.... 0,436-1038,583 #6a} because the view is not tagged for visual element logging.
12-07 05:28:12.844  2768  2935 E MicroDetectionWorker: Stale runnable..ignoring
12-07 05:28:13.208  2768  2768 E ClientVe: Failed to create ClientVisualElementsProto for user interaction on view com.google.android.apps.gsa.searchbox.ui.suggestions.views.CoreSuggestionView{c83e401 VFE...CL. ...P.... 0,289-1038,436 #69} because the view is not tagged for visual element logging.
12-07 05:28:14.483  1610  6605 E audio_hw_generic: pcm_open(in) failed: cannot open device '/dev/snd/pcmC0D0c': Device or resource busy: channels 2 format 0 rate 16000
12-07 05:28:20.881  2768  2768 E ContextIntentStarter: No activity found for any of the 0 intents
12-07 05:28:22.826  2768  2768 E ClientVe: Failed to create ClientVisualElementsProto for user interaction on view com.google.android.apps.gsa.searchbox.ui.suggestions.views.CoreSuggestionView{f360065 VFE...CL. ...P.... 0,-5-1038,142 #6c} because the view is not tagged for visual element logging.
12-07 05:28:22.984  2768  2768 E ClientVe: Failed to create ClientVisualElementsProto for user interaction on view com.google.android.apps.gsa.searchbox.ui.suggestions.views.CoreSuggestionView{1cd9b48 VFE...CL. ...P.... 0,436-1038,583 #6f} because the view is not tagged for visual element logging.
12-07 05:28:23.048  2768  2768 E ClientVe: Failed to create ClientVisualElementsProto for user interaction on view com.google.android.apps.gsa.searchbox.ui.suggestions.views.CoreSuggestionView{f360065 VFE...CL. ...P.... 0,-5-1038,142 #6c} because the view is not tagged for visual element logging.
12-07 05:28:25.187  1610  6615 E audio_hw_generic: pcm_open(in) failed: cannot open device '/dev/snd/pcmC0D0c': Device or resource busy: channels 2 format 0 rate 16000
12-07 05:28:25.322  1992  1992 E native  : clearcut-logger.cc:191 USER_EDIT span#originalSpan is missing
12-07 05:28:26.252  2768  2768 E GsaWebChromeClient: WebView=com.google.android.apps.gsa.search.core.webview.s@f49eb10, Url=https://www.google.com/search?gs_ssp=eJzj4tLP1TcoNLUoqUo2YAQAF4YDcA&oe=utf-8&safe=images&gcc=us&ctzn=GMT&ctf=0&v=8.59.7.21.x86&ntyp=1&ram_mb=1494&action=devloc&gs_lp=EhNxc2ItYW5kcm9pZC1hc2JsLXBiGgIYACIHIyMjIyMjIyoLCAAQLiDhKygBWgAyCwgAEC4g4SsoAVoAMhQIARAAGMcBGK8BGLcCIOArKAFaADILCAIQACCwKygBWgAyCwgDEAAgrysoAVoAMgsIBBAAIK4rKAFaAEAASIkOUJkGWK0LYAVoBHAAeACAAQCIAQSQAQCYAfUBoAHrBqoBBTBqMWozsAEAuAEByAEA-AEBkAIDmAICoAK8BKgCALACAMICBxAAGIMBKAHCAgcQLhiDASgBwgINEAAYxwEYowIYgwEoAcICDxAAGMcBGKMCGIMBGEMoAdICC180SkRUNmoyMXZR4AIA6AIA8AIA-AIAgAMAiAMAkAMBoAMAugMIEgYQABgAIgDwAwL4AwGABBqQBACYBAOiBACwBJsDuASjCMIEBzItMWoxajHaBAwIABAAGAAgACgAMADiBAYIABAAGAGCBQCgBSiyBQA&source=and.gsa.launcher.homescreen.appssearch&ar=0&noj=1&client=ms-unknown&wf=pp1&padt=200&padb=684&hl=en-US&qsubts=1544160504984&q=jjp, Source=https://www.google.com/search?gs_ssp=eJzj4tLP1TcoNLUoqUo2YAQAF4YDcA&oe=utf-8&safe=images&gcc=us&ctzn=GMT&ctf=0&v=8.59.7.21.x86&ntyp=1&ram_mb=1494&action=devloc&gs_lp=EhNxc2ItYW5kcm9pZC1hc2JsLXBiGgIYACIHIyMjIyMjIyoLCAAQLiDhKygBWgAyCwgAEC4g4SsoAVoAMhQIARAAGMcBGK8BGLcCIOArKAFaADILCAIQACCwKygBWgAyCwgDEAAgrysoAVoAMgsIBBAAIK4rKAFaAEAASIkOUJkGWK0LYAVoBHAAeACAAQCIAQSQAQCYAfUBoAHrBqoBBTBqMWozsAEAuAEByAEA-AEBkAIDmAICoAK8BKgCALACAMICBxAAGIMBKAHCAgcQLhiDASgBwgINEAAYxwEYowIYgwEoAcICDxAAGMcBGKMCGIMBGEMoAdICC180SkRUNmoyMXZR4AIA6AIA8AIA-AIAgAMAiAMAkAMBoAMAugMIEgYQABgAIgDwAwL4AwGABBqQBACYBAOiBACwBJsDuASjCMIEBzItMWoxajHaBAwIABAAGAAgACgAMADiBAYIABAAGAGCBQCgBSiyBQA&source=and.gsa.launcher.homescreen.appssearch&ar=0&noj=1&client=ms-unknown&wf=pp1&padt=200&padb=684&hl=en-US&qsubts=1544160504984&q=jjp, Line=1, Message=Uncaught ReferenceError: google is not defined
12-07 05:28:37.333  1610  6628 E audio_hw_generic: pcm_open(in) failed: cannot open device '/dev/snd/pcmC0D0c': Device or resource busy: channels 2 format 0 rate 16000
12-07 05:28:39.579  1829  1829 E netmgr  : Failed to open QEMU pipe 'qemud:network': Invalid argument
12-07 05:28:39.579  1829  1829 E netmgr  : WifiForwarder unable to open QEMU pipe: Invalid argument
12-07 05:28:44.753  1735  1809 E storaged: getDiskStats failed with result NOT_SUPPORTED and size 0
12-07 05:28:47.502  1880  1899 E libprocessgroup: Error encountered killing process cgroup uid 99008 pid 6545: No such file or directory
