--------- beginning of main
--------- beginning of system
12-09 07:55:16.087  1834  1834 E netmgr  : Failed to open QEMU pipe 'qemud:network': Invalid argument
12-09 07:55:16.087  1834  1834 E netmgr  : WifiForwarder unable to open QEMU pipe: Invalid argument
12-09 07:55:18.038  1885  1957 E InputDispatcher: channel '75aa994 PopupWindow:6065554 (server)' ~ Channel is unrecoverably broken and will be disposed!
12-09 07:55:18.038  1885  1957 E InputDispatcher: channel 'e71580b com.evancharlton.mileage/com.evancharlton.mileage.FieldListActivity (server)' ~ Channel is unrecoverably broken and will be disposed!
12-09 07:55:18.041  1885  1957 E InputDispatcher: channel '11f58bd com.evancharlton.mileage/com.evancharlton.mileage.Mileage (server)' ~ Channel is unrecoverably broken and will be disposed!
12-09 07:55:18.161  1885  1899 E ActivityManager: Failure starting process com.evancharlton.mileage
12-09 07:55:18.161  1885  1899 E ActivityManager: java.lang.SecurityException: Package com.evancharlton.mileage was not found!
12-09 07:55:18.161  1885  1899 E ActivityManager: 	at com.android.server.pm.PackageManagerService.checkPackageStartable(PackageManagerService.java:3987)
12-09 07:55:18.161  1885  1899 E ActivityManager: 	at com.android.server.am.ActivityManagerService.startProcessLocked(ActivityManagerService.java:4234)
12-09 07:55:18.161  1885  1899 E ActivityManager: 	at com.android.server.am.ActivityManagerService.startProcessLocked(ActivityManagerService.java:4199)
12-09 07:55:18.161  1885  1899 E ActivityManager: 	at com.android.server.am.ActivityManagerService.startProcessLocked(ActivityManagerService.java:4181)
12-09 07:55:18.161  1885  1899 E ActivityManager: 	at com.android.server.am.ActivityManagerService.startProcessLocked(ActivityManagerService.java:4067)
12-09 07:55:18.161  1885  1899 E ActivityManager: 	at com.android.server.am.ActivityStackSupervisor.startSpecificActivityLocked(ActivityStackSupervisor.java:1715)
12-09 07:55:18.161  1885  1899 E ActivityManager: 	at com.android.server.am.ActivityStack.resumeTopActivityInnerLocked(ActivityStack.java:2764)
12-09 07:55:18.161  1885  1899 E ActivityManager: 	at com.android.server.am.ActivityStack.resumeTopActivityUncheckedLocked(ActivityStack.java:2302)
12-09 07:55:18.161  1885  1899 E ActivityManager: 	at com.android.server.am.ActivityStackSupervisor.resumeFocusedStackTopActivityLocked(ActivityStackSupervisor.java:2234)
12-09 07:55:18.161  1885  1899 E ActivityManager: 	at com.android.server.am.ActivityStackSupervisor.resumeFocusedStackTopActivityLocked(ActivityStackSupervisor.java:2218)
12-09 07:55:18.161  1885  1899 E ActivityManager: 	at com.android.server.am.ActivityManagerService.handleAppDiedLocked(ActivityManagerService.java:5923)
12-09 07:55:18.161  1885  1899 E ActivityManager: 	at com.android.server.am.ActivityManagerService.removeProcessLocked(ActivityManagerService.java:7501)
12-09 07:55:18.161  1885  1899 E ActivityManager: 	at com.android.server.am.ActivityManagerService.killPackageProcessesLocked(ActivityManagerService.java:7142)
12-09 07:55:18.161  1885  1899 E ActivityManager: 	at com.android.server.am.ActivityManagerService.forceStopPackageLocked(ActivityManagerService.java:7275)
12-09 07:55:18.161  1885  1899 E ActivityManager: 	at com.android.server.am.ActivityManagerService$MainHandler.handleMessage(ActivityManagerService.java:2289)
12-09 07:55:18.161  1885  1899 E ActivityManager: 	at android.os.Handler.dispatchMessage(Handler.java:106)
12-09 07:55:18.161  1885  1899 E ActivityManager: 	at android.os.Looper.loop(Looper.java:193)
12-09 07:55:18.161  1885  1899 E ActivityManager: 	at android.os.HandlerThread.run(HandlerThread.java:65)
12-09 07:55:18.161  1885  1899 E ActivityManager: 	at com.android.server.ServiceThread.run(ServiceThread.java:44)
12-09 07:55:22.764  1731  6658 E         : Couldn't opendir /data/app/vmdl1284154767.tmp: No such file or directory
12-09 07:55:22.764  1731  6658 E installd: Failed to delete /data/app/vmdl1284154767.tmp: No such file or directory
12-09 07:55:25.012 14586 14586 E harlton.mileag: Not starting debugger since process cannot load the jdwp agent.
12-09 07:55:26.316  1739  1762 E storaged: getDiskStats failed with result NOT_SUPPORTED and size 0
12-09 07:55:26.561  1994  7294 E putmethod.lati: Invalid ID 0x00000001.
12-09 07:55:26.574  1994  7294 E LstmTrainingCache: emn: Can't get resource name for input slot
12-09 07:55:26.574  1994  7294 E LstmTrainingCache: android.content.res.Resources$NotFoundException: Unable to find resource ID #0x1
12-09 07:55:26.574  1994  7294 E LstmTrainingCache: 	at android.content.res.ResourcesImpl.getResourceName(ResourcesImpl.java:255)
12-09 07:55:26.574  1994  7294 E LstmTrainingCache: 	at android.content.res.Resources.getResourceName(Resources.java:1954)
12-09 07:55:26.574  1994  7294 E LstmTrainingCache: 	at emn.a(PG:12)
12-09 07:55:26.574  1994  7294 E LstmTrainingCache: 	at emk.run(PG:5)
12-09 07:55:26.574  1994  7294 E LstmTrainingCache: 	at java.lang.Thread.run(Thread.java:764)
12-09 07:55:33.807 14586 14586 E harlton.mileag: No package ID 49 found for ID 0x49470b49.
12-09 07:55:33.812 14586 14586 E harlton.mileag: No package ID 49 found for ID 0x49470b49.
12-09 07:55:33.813 14586 14586 E harlton.mileag: No package ID 87 found for ID 0x87589fbe.
12-09 07:55:33.813 14586 14586 E harlton.mileag: No package ID 87 found for ID 0x87589fbe.
12-09 07:55:33.813 14586 14586 E harlton.mileag: No package ID 99 found for ID 0x990fd33a.
12-09 07:55:33.814 14586 14586 E harlton.mileag: No package ID 99 found for ID 0x990fd33a.
12-09 07:55:33.814 14586 14586 E harlton.mileag: No package ID 7c found for ID 0x7c0596af.
12-09 07:55:33.814 14586 14586 E harlton.mileag: No package ID 7c found for ID 0x7c0596af.
12-09 07:55:33.814 14586 14586 E harlton.mileag: No package ID 9f found for ID 0x9f2c01f4.
12-09 07:55:33.814 14586 14586 E harlton.mileag: No package ID 9f found for ID 0x9f2c01f4.
12-09 07:55:33.814 14586 14586 E harlton.mileag: No package ID 77 found for ID 0x779c270c.
12-09 07:55:33.815 14586 14586 E harlton.mileag: No package ID 77 found for ID 0x779c270c.
12-09 07:55:33.815 14586 14586 E harlton.mileag: No package ID ae found for ID 0xae06108c.
12-09 07:55:33.815 14586 14586 E harlton.mileag: No package ID ae found for ID 0xae06108c.
12-09 07:55:33.815 14586 14586 E harlton.mileag: No package ID b5 found for ID 0xb5413a44.
12-09 07:55:33.815 14586 14586 E harlton.mileag: No package ID b5 found for ID 0xb5413a44.
12-09 07:55:35.102  1885  1898 E memtrack: Couldn't load memtrack module
12-09 07:55:40.283  2378 14497 E ctxmgr  : [ProducerStatusImpl]updateStateForNewContextData: inactive, contextName=7
12-09 07:55:40.355  2378 14497 E ctxmgr  : [ProducerStatusImpl]updateStateForNewContextData: inactive, contextName=1
12-09 07:55:40.909  2378  2378 E BeaconBle: Missing BluetoothAdapter
12-09 07:55:41.154  2378  2378 E BeaconBle: Scan couldn't start for Places
12-09 07:55:42.659 23668 23668 E ContextIntentStarter: No activity found for any of the 0 intents
12-09 07:55:43.191 14147 14147 E wpa_supplicant: nl80211: Failed to open /proc/sys/net/ipv4/conf/p2p-dev-wlan0/drop_unicast_in_l2_multicast: No such file or directory
12-09 07:55:43.191 14147 14147 E wpa_supplicant: nl80211: Failed to set IPv4 unicast in multicast filter
12-09 07:55:43.212 14147 14147 E wpa_supplicant: nl80211: Failed to open /proc/sys/net/ipv4/conf/p2p-dev-wlan0/drop_unicast_in_l2_multicast: No such file or directory
12-09 07:55:43.212 14147 14147 E wpa_supplicant: nl80211: Failed to set IPv4 unicast in multicast filter
12-09 07:55:43.310 14147 14147 E wpa_supplicant: nl80211: Failed to open /proc/sys/net/ipv4/conf/wlan0/drop_unicast_in_l2_multicast: No such file or directory
12-09 07:55:43.311 14147 14147 E wpa_supplicant: nl80211: Failed to set IPv4 unicast in multicast filter
12-09 07:55:43.311 14147 14147 E wpa_supplicant: nl80211: Failed to open /proc/sys/net/ipv4/conf/wlan0/drop_unicast_in_l2_multicast: No such file or directory
12-09 07:55:43.311 14147 14147 E wpa_supplicant: nl80211: Failed to set IPv4 unicast in multicast filter
12-09 07:55:43.407 14147 14147 E wpa_supplicant: nl80211: Failed to open /proc/sys/net/ipv4/conf/wlan0/drop_unicast_in_l2_multicast: No such file or directory
12-09 07:55:43.407 14147 14147 E wpa_supplicant: nl80211: Failed to set IPv4 unicast in multicast filter
12-09 07:55:43.430 14639 14639 E rrierdefaultap: Not starting debugger since process cannot load the jdwp agent.
12-09 07:55:43.508  1885 14159 E DhcpClient: Read error
12-09 07:55:43.508  1885 14159 E DhcpClient: android.system.ErrnoException: read failed: ENETDOWN (Network is down)
12-09 07:55:43.508  1885 14159 E DhcpClient: 	at libcore.io.Linux.readBytes(Native Method)
12-09 07:55:43.508  1885 14159 E DhcpClient: 	at libcore.io.Linux.read(Linux.java:184)
12-09 07:55:43.508  1885 14159 E DhcpClient: 	at libcore.io.BlockGuardOs.read(BlockGuardOs.java:254)
12-09 07:55:43.508  1885 14159 E DhcpClient: 	at android.system.Os.read(Os.java:414)
12-09 07:55:43.508  1885 14159 E DhcpClient: 	at android.net.dhcp.DhcpClient$ReceiveThread.run(DhcpClient.java:364)
12-09 07:55:43.531  1885 14152 E ConnectivityPacketTracker.wlan0: readPacket error: 
12-09 07:55:43.531  1885 14152 E ConnectivityPacketTracker.wlan0: android.system.ErrnoException: read failed: ENETDOWN (Network is down)
12-09 07:55:43.531  1885 14152 E ConnectivityPacketTracker.wlan0: 	at libcore.io.Linux.readBytes(Native Method)
12-09 07:55:43.531  1885 14152 E ConnectivityPacketTracker.wlan0: 	at libcore.io.Linux.read(Linux.java:184)
12-09 07:55:43.531  1885 14152 E ConnectivityPacketTracker.wlan0: 	at libcore.io.BlockGuardOs.read(BlockGuardOs.java:254)
12-09 07:55:43.531  1885 14152 E ConnectivityPacketTracker.wlan0: 	at android.system.Os.read(Os.java:414)
12-09 07:55:43.531  1885 14152 E ConnectivityPacketTracker.wlan0: 	at android.net.util.PacketReader.readPacket(PacketReader.java:137)
12-09 07:55:43.531  1885 14152 E ConnectivityPacketTracker.wlan0: 	at android.net.util.PacketReader.handleInput(PacketReader.java:207)
12-09 07:55:43.531  1885 14152 E ConnectivityPacketTracker.wlan0: 	at android.net.util.PacketReader.access$100(PacketReader.java:70)
12-09 07:55:43.531  1885 14152 E ConnectivityPacketTracker.wlan0: 	at android.net.util.PacketReader$1.onFileDescriptorEvents(PacketReader.java:189)
12-09 07:55:43.531  1885 14152 E ConnectivityPacketTracker.wlan0: 	at android.os.MessageQueue.dispatchEvents(MessageQueue.java:285)
12-09 07:55:43.531  1885 14152 E ConnectivityPacketTracker.wlan0: 	at android.os.MessageQueue.nativePollOnce(Native Method)
12-09 07:55:43.531  1885 14152 E ConnectivityPacketTracker.wlan0: 	at android.os.MessageQueue.next(MessageQueue.java:326)
12-09 07:55:43.531  1885 14152 E ConnectivityPacketTracker.wlan0: 	at android.os.Looper.loop(Looper.java:160)
12-09 07:55:43.531  1885 14152 E ConnectivityPacketTracker.wlan0: 	at android.os.HandlerThread.run(HandlerThread.java:65)
12-09 07:55:43.672  1629  1629 E android.hardware.wifi@1.0-service: Failed to open directory: Permission denied
12-09 07:55:43.673  1629  1629 E android.hardware.wifi@1.0-service: Error occurred while deleting old tombstone files
12-09 07:55:43.673  1629  1629 E android.hardware.wifi@1.0-service: Error writing files to flash
12-09 07:55:43.913  1885  1969 E SupplicantStaIfaceHal: Can't call setPowerSave, ISupplicantStaIface is null
12-09 07:55:43.913  1885  1969 E SupplicantStaIfaceHal: Can't call setBtCoexistenceMode, ISupplicantStaIface is null
12-09 07:55:44.660  1885  1969 E HalDevMgr: Should have at least 1 chip!
12-09 07:55:44.660  1885  1969 E HalDevMgr: dispatchAvailableForRequestListeners: no chip info found
12-09 07:55:44.749  1885  1969 E SupplicantStaIfaceHal: Can't call listNetworks, ISupplicantStaIface is null
12-09 07:55:44.749  1885  1969 E SupplicantStaIfaceHal: removeAllNetworks failed, got null networks
12-09 07:55:44.749  1885  1969 E WifiStateMachine: Failed to remove networks on exiting connect mode
12-09 07:55:44.749  1885  1971 E WifiP2pService: Unhandled message { when=0 what=131204 target=com.android.internal.util.StateMachine$SmHandler }
12-09 07:55:44.756  2378 14175 E WakeLock: GCM_HB_ALARM release without a matched acquire!
12-09 07:55:44.790  2378 14175 E GCM     : Connection closed with errorCode 20
12-09 07:55:44.897  2378 14175 E WakeLock: GCM_CONN_ALARM release without a matched acquire!
12-09 07:55:44.932  1885  1903 E BatteryExternalStatsWorker: no controller energy info supplied for wifi
12-09 07:55:44.971  1885  1903 E BatteryExternalStatsWorker: no controller energy info supplied for wifi
12-09 07:55:45.039  1885  1970 E WificondControl: No valid wificond scanner interface handler
12-09 07:55:46.826  1629  1629 E android.hardware.wifi@1.0-service: Failed to register radio mode change callback
12-09 07:55:46.858  1629  1629 E android.hardware.wifi@1.0-service: Failed to set DFS flag; DFS channels may be unavailable.
12-09 07:55:46.984  1740  1740 E wificond: No Offload Service available
12-09 07:55:46.996  1885  1969 E SupplicantStaIfaceHal: Can't call setupIface, ISupplicantStaIface is null
12-09 07:55:47.555  1885  1970 E WifiVendorHal: getBgScanCapabilities(l.671) failed {.code = ERROR_NOT_SUPPORTED, .description = }
12-09 07:55:47.771  1885  1971 E WifiP2pService: Unhandled message { when=-1ms what=131203 target=com.android.internal.util.StateMachine$SmHandler }
12-09 07:55:47.819  1885  1971 E WifiP2pService: Unhandled message { when=-1ms what=131203 target=com.android.internal.util.StateMachine$SmHandler }
12-09 07:55:47.910  1885  1903 E BatteryExternalStatsWorker: no controller energy info supplied for wifi
12-09 07:55:47.975  1885  1903 E BatteryExternalStatsWorker: no controller energy info supplied for wifi
12-09 07:55:49.653  1885  1972 E ConnectivityService: exception in setMtu()java.lang.IllegalStateException: command '2577 interface setmtu radio0 1500' failed with '400 2577 Failed to set MTU (Permission denied)'
12-09 07:55:49.686  1740  1740 E wificond: Receive ERROR message in response to 'stop scheduled scan' request: Operation not supported on transport endpoint
12-09 07:55:49.696 14660 14660 E wpa_supplicant: nl80211: Failed to open /proc/sys/net/ipv4/conf/p2p-dev-wlan0/drop_unicast_in_l2_multicast: No such file or directory
12-09 07:55:49.696 14660 14660 E wpa_supplicant: nl80211: Failed to set IPv4 unicast in multicast filter
12-09 07:55:49.719 14660 14660 E wpa_supplicant: nl80211: Failed to open /proc/sys/net/ipv4/conf/p2p-dev-wlan0/drop_unicast_in_l2_multicast: No such file or directory
12-09 07:55:49.719 14660 14660 E wpa_supplicant: nl80211: Failed to set IPv4 unicast in multicast filter
12-09 07:55:49.817 14660 14660 E wpa_supplicant: nl80211: Failed to open /proc/sys/net/ipv4/conf/wlan0/drop_unicast_in_l2_multicast: No such file or directory
12-09 07:55:49.817 14660 14660 E wpa_supplicant: nl80211: Failed to set IPv4 unicast in multicast filter
12-09 07:55:49.937 14660 14660 E wpa_supplicant: nl80211: Failed to open /proc/sys/net/ipv4/conf/wlan0/drop_unicast_in_l2_multicast: No such file or directory
12-09 07:55:49.937 14660 14660 E wpa_supplicant: nl80211: Failed to set IPv4 unicast in multicast filter
12-09 07:55:50.461  1629  1629 E android.hardware.wifi@1.0-service: Failed to open directory: Permission denied
12-09 07:55:50.461  1629  1629 E android.hardware.wifi@1.0-service: Error occurred while deleting old tombstone files
12-09 07:55:50.461  1629  1629 E android.hardware.wifi@1.0-service: Error writing files to flash
12-09 07:55:50.724  1885  1969 E SupplicantStaIfaceHal: Can't call setPowerSave, ISupplicantStaIface is null
12-09 07:55:50.734  1885  1969 E SupplicantStaIfaceHal: Can't call setBtCoexistenceMode, ISupplicantStaIface is null
12-09 07:55:50.753  1885  1969 E HalDevMgr: Should have at least 1 chip!
12-09 07:55:50.753  1885  1969 E HalDevMgr: dispatchAvailableForRequestListeners: no chip info found
12-09 07:55:50.823  1885  1969 E SupplicantStaIfaceHal: Can't call listNetworks, ISupplicantStaIface is null
12-09 07:55:50.823  1885  1969 E SupplicantStaIfaceHal: removeAllNetworks failed, got null networks
12-09 07:55:50.823  1885  1969 E WifiStateMachine: Failed to remove networks on exiting connect mode
12-09 07:55:50.825  1885  1971 E WifiP2pService: Unhandled message { when=0 what=131204 target=com.android.internal.util.StateMachine$SmHandler }
12-09 07:55:50.852  1885  1903 E BatteryExternalStatsWorker: no controller energy info supplied for wifi
12-09 07:55:50.852  1885  1969 E WifiScanRequestProxy: Scan failure received. reason: -1,description: Scan was interrupted
12-09 07:55:50.976  1885  1903 E BatteryExternalStatsWorker: no controller energy info supplied for wifi
12-09 07:55:51.625  2378 14700 E WakeLock: GCM_HB_ALARM release without a matched acquire!
12-09 07:55:51.656  2378 14700 E WakeLock: GCM_CONN_ALARM release without a matched acquire!
12-09 07:55:51.722  1885  1969 E WifiScanRequestProxy: Scan failure received. reason: -1,description: not available
12-09 07:55:53.802 14586 14605 E SQLiteLog: (1) no such table: fillups
12-09 07:55:53.816 14586 14605 E DatabaseUpgrader: Couldn't upgrade database!
12-09 07:55:53.816 14586 14605 E DatabaseUpgrader: android.database.sqlite.SQLiteException: no such table: fillups (code 1 SQLITE_ERROR): , while compiling: ALTER TABLE fillups ADD COLUMN is_partial INTEGER;
12-09 07:55:53.816 14586 14605 E DatabaseUpgrader: 	at android.database.sqlite.SQLiteConnection.nativePrepareStatement(Native Method)
12-09 07:55:53.816 14586 14605 E DatabaseUpgrader: 	at android.database.sqlite.SQLiteConnection.acquirePreparedStatement(SQLiteConnection.java:903)
12-09 07:55:53.816 14586 14605 E DatabaseUpgrader: 	at android.database.sqlite.SQLiteConnection.prepare(SQLiteConnection.java:514)
12-09 07:55:53.816 14586 14605 E DatabaseUpgrader: 	at android.database.sqlite.SQLiteSession.prepare(SQLiteSession.java:588)
12-09 07:55:53.816 14586 14605 E DatabaseUpgrader: 	at android.database.sqlite.SQLiteProgram.<init>(SQLiteProgram.java:58)
12-09 07:55:53.816 14586 14605 E DatabaseUpgrader: 	at android.database.sqlite.SQLiteStatement.<init>(SQLiteStatement.java:31)
12-09 07:55:53.816 14586 14605 E DatabaseUpgrader: 	at android.database.sqlite.SQLiteDatabase.executeSql(SQLiteDatabase.java:1769)
12-09 07:55:53.816 14586 14605 E DatabaseUpgrader: 	at android.database.sqlite.SQLiteDatabase.execSQL(SQLiteDatabase.java:1698)
12-09 07:55:53.816 14586 14605 E DatabaseUpgrader: 	at com.evancharlton.mileage.provider.DatabaseUpgrader.exec(DatabaseUpgrader.java:105)
12-09 07:55:53.816 14586 14605 E DatabaseUpgrader: 	at com.evancharlton.mileage.provider.DatabaseUpgrader.upgradeDatabase(DatabaseUpgrader.java:44)
12-09 07:55:53.816 14586 14605 E DatabaseUpgrader: 	at com.evancharlton.mileage.provider.DatabaseUpgrader.upgradeDatabase(DatabaseUpgrader.java:89)
12-09 07:55:53.816 14586 14605 E DatabaseUpgrader: 	at com.evancharlton.mileage.tasks.DbImportTask.upgradeDatabase(DbImportTask.java:77)
12-09 07:55:53.816 14586 14605 E DatabaseUpgrader: 	at com.evancharlton.mileage.tasks.DbImportTask.doInBackground(DbImportTask.java:43)
12-09 07:55:53.816 14586 14605 E DatabaseUpgrader: 	at com.evancharlton.mileage.tasks.DbImportTask.doInBackground(DbImportTask.java:20)
12-09 07:55:53.816 14586 14605 E DatabaseUpgrader: 	at android.os.AsyncTask$2.call(AsyncTask.java:333)
12-09 07:55:53.816 14586 14605 E DatabaseUpgrader: 	at java.util.concurrent.FutureTask.run(FutureTask.java:266)
12-09 07:55:53.816 14586 14605 E DatabaseUpgrader: 	at java.util.concurrent.ThreadPoolExecutor.runWorker(ThreadPoolExecutor.java:1167)
12-09 07:55:53.816 14586 14605 E DatabaseUpgrader: 	at java.util.concurrent.ThreadPoolExecutor$Worker.run(ThreadPoolExecutor.java:641)
12-09 07:55:53.816 14586 14605 E DatabaseUpgrader: 	at java.lang.Thread.run(Thread.java:764)
12-09 07:55:54.578  2378 14706 E WakeLock: GCM_HB_ALARM release without a matched acquire!
12-09 07:55:54.630  2378 14706 E WakeLock: GCM_CONN_ALARM release without a matched acquire!
