--------- beginning of system
12-09 10:01:28.959  1885  1899 E ActivityManager: Failure starting process com.evancharlton.mileage
12-09 10:01:28.959  1885  1899 E ActivityManager: java.lang.SecurityException: Package com.evancharlton.mileage is currently frozen!
12-09 10:01:28.959  1885  1899 E ActivityManager: 	at com.android.server.pm.PackageManagerService.checkPackageStartable(PackageManagerService.java:4000)
12-09 10:01:28.959  1885  1899 E ActivityManager: 	at com.android.server.am.ActivityManagerService.startProcessLocked(ActivityManagerService.java:4234)
12-09 10:01:28.959  1885  1899 E ActivityManager: 	at com.android.server.am.ActivityManagerService.startProcessLocked(ActivityManagerService.java:4199)
12-09 10:01:28.959  1885  1899 E ActivityManager: 	at com.android.server.am.ActivityManagerService.startProcessLocked(ActivityManagerService.java:4181)
12-09 10:01:28.959  1885  1899 E ActivityManager: 	at com.android.server.am.ActivityManagerService.startProcessLocked(ActivityManagerService.java:4067)
12-09 10:01:28.959  1885  1899 E ActivityManager: 	at com.android.server.am.ActivityStackSupervisor.startSpecificActivityLocked(ActivityStackSupervisor.java:1715)
12-09 10:01:28.959  1885  1899 E ActivityManager: 	at com.android.server.am.ActivityStack.resumeTopActivityInnerLocked(ActivityStack.java:2764)
12-09 10:01:28.959  1885  1899 E ActivityManager: 	at com.android.server.am.ActivityStack.resumeTopActivityUncheckedLocked(ActivityStack.java:2302)
12-09 10:01:28.959  1885  1899 E ActivityManager: 	at com.android.server.am.ActivityStackSupervisor.resumeFocusedStackTopActivityLocked(ActivityStackSupervisor.java:2234)
12-09 10:01:28.959  1885  1899 E ActivityManager: 	at com.android.server.am.ActivityStackSupervisor.resumeFocusedStackTopActivityLocked(ActivityStackSupervisor.java:2218)
12-09 10:01:28.959  1885  1899 E ActivityManager: 	at com.android.server.am.ActivityManagerService.handleAppDiedLocked(ActivityManagerService.java:5923)
12-09 10:01:28.959  1885  1899 E ActivityManager: 	at com.android.server.am.ActivityManagerService.removeProcessLocked(ActivityManagerService.java:7501)
12-09 10:01:28.959  1885  1899 E ActivityManager: 	at com.android.server.am.ActivityManagerService.killPackageProcessesLocked(ActivityManagerService.java:7142)
12-09 10:01:28.959  1885  1899 E ActivityManager: 	at com.android.server.am.ActivityManagerService.forceStopPackageLocked(ActivityManagerService.java:7275)
12-09 10:01:28.959  1885  1899 E ActivityManager: 	at com.android.server.am.ActivityManagerService$MainHandler.handleMessage(ActivityManagerService.java:2289)
12-09 10:01:28.959  1885  1899 E ActivityManager: 	at android.os.Handler.dispatchMessage(Handler.java:106)
12-09 10:01:28.959  1885  1899 E ActivityManager: 	at android.os.Looper.loop(Looper.java:193)
12-09 10:01:28.959  1885  1899 E ActivityManager: 	at android.os.HandlerThread.run(HandlerThread.java:65)
12-09 10:01:28.959  1885  1899 E ActivityManager: 	at com.android.server.ServiceThread.run(ServiceThread.java:44)
--------- beginning of main
12-09 10:01:33.083 11944 11944 E DocsApplication: [main] No default account found during application creation.
12-09 10:01:33.556  1731  1949 E         : Couldn't opendir /data/app/vmdl695118085.tmp: No such file or directory
12-09 10:01:33.556  1731  1949 E installd: Failed to delete /data/app/vmdl695118085.tmp: No such file or directory
12-09 10:01:36.508 12044 12044 E harlton.mileag: Not starting debugger since process cannot load the jdwp agent.
12-09 10:01:38.672  1994  7294 E putmethod.lati: Invalid ID 0x00000001.
12-09 10:01:38.683  1994  7294 E LstmTrainingCache: emn: Can't get resource name for input slot
12-09 10:01:38.683  1994  7294 E LstmTrainingCache: android.content.res.Resources$NotFoundException: Unable to find resource ID #0x1
12-09 10:01:38.683  1994  7294 E LstmTrainingCache: 	at android.content.res.ResourcesImpl.getResourceName(ResourcesImpl.java:255)
12-09 10:01:38.683  1994  7294 E LstmTrainingCache: 	at android.content.res.Resources.getResourceName(Resources.java:1954)
12-09 10:01:38.683  1994  7294 E LstmTrainingCache: 	at emn.a(PG:12)
12-09 10:01:38.683  1994  7294 E LstmTrainingCache: 	at emk.run(PG:5)
12-09 10:01:38.683  1994  7294 E LstmTrainingCache: 	at java.lang.Thread.run(Thread.java:764)
12-09 10:01:49.372 12073 12073 E emui:screensho: Not starting debugger since process cannot load the jdwp agent.
12-09 10:01:50.782 12073 12073 E SoundPool: error loading /product/media/audio/ui/camera_click.ogg
12-09 10:01:51.174  1741  2075 E OMXNodeInstance: getConfig(0xe9391180:google.vorbis.decoder, ConfigAndroidVendorExtension(0x6f100004)) ERROR: Undefined(0x80001001)
12-09 10:01:54.857 12105 12105 E d.process.medi: Not starting debugger since process cannot load the jdwp agent.
12-09 10:01:55.389  2378 11837 E ctxmgr  : [ProducerStatusImpl]updateStateForNewContextData: inactive, contextName=7
12-09 10:01:55.516  2378  3140 E PlaceInferenceEngine: Position timestamp out of order. Previous: 1544349252000, Current: 1544331715000. Skipping this Position.
12-09 10:01:55.690  2378  2378 E BeaconBle: Missing BluetoothAdapter
12-09 10:01:55.787  2378  2378 E BeaconBle: Scan couldn't start for Places
12-09 10:01:57.305 12137 12137 E id.gms.learnin: Not starting debugger since process cannot load the jdwp agent.
12-09 10:01:57.345 12149 12149 E .android.video: Not starting debugger since process cannot load the jdwp agent.
12-09 10:01:57.699 12167 12167 E ocess.gservice: Not starting debugger since process cannot load the jdwp agent.
12-09 10:02:06.256 12234 12234 E oid.apps.photo: Not starting debugger since process cannot load the jdwp agent.
12-09 10:02:11.410  1885  1895 E WindowManager: Performed 6 layouts in a row. Skipping
12-09 10:02:11.430  1885  1938 E WindowManager: Performed 6 layouts in a row. Skipping
12-09 10:02:11.480  1885  1938 E WindowManager: Performed 6 layouts in a row. Skipping
12-09 10:02:11.525  1885  1938 E WindowManager: Performed 6 layouts in a row. Skipping
12-09 10:02:11.602  1885  1938 E WindowManager: Performed 6 layouts in a row. Skipping
12-09 10:02:11.627  1885  1900 E WindowManager: Performed 6 layouts in a row. Skipping
12-09 10:02:11.669  1885  1938 E WindowManager: Performed 6 layouts in a row. Skipping
12-09 10:02:11.692  1885  5372 E WindowManager: Performed 6 layouts in a row. Skipping
12-09 10:02:11.737  1885  1938 E WindowManager: Performed 6 layouts in a row. Skipping
12-09 10:02:12.379 12044 12044 E WindowManager: 
12-09 10:02:12.379 12044 12044 E WindowManager: android.view.WindowLeaked: Activity com.evancharlton.mileage.FieldActivity has leaked window DecorView@b2b9c[FieldActivity] that was originally added here
12-09 10:02:12.379 12044 12044 E WindowManager: 	at android.view.ViewRootImpl.<init>(ViewRootImpl.java:511)
12-09 10:02:12.379 12044 12044 E WindowManager: 	at android.view.WindowManagerGlobal.addView(WindowManagerGlobal.java:346)
12-09 10:02:12.379 12044 12044 E WindowManager: 	at android.view.WindowManagerImpl.addView(WindowManagerImpl.java:93)
12-09 10:02:12.379 12044 12044 E WindowManager: 	at com.android.internal.policy.PhoneWindow.openPanel(PhoneWindow.java:887)
12-09 10:02:12.379 12044 12044 E WindowManager: 	at com.android.internal.policy.PhoneWindow.onKeyUpPanel(PhoneWindow.java:1104)
12-09 10:02:12.379 12044 12044 E WindowManager: 	at com.android.internal.policy.PhoneWindow.onKeyUp(PhoneWindow.java:2007)
12-09 10:02:12.379 12044 12044 E WindowManager: 	at com.android.internal.policy.DecorView.dispatchKeyEvent(DecorView.java:350)
12-09 10:02:12.379 12044 12044 E WindowManager: 	at android.view.ViewRootImpl$ViewPostImeInputStage.processKeyEvent(ViewRootImpl.java:5037)
12-09 10:02:12.379 12044 12044 E WindowManager: 	at android.view.ViewRootImpl$ViewPostImeInputStage.onProcess(ViewRootImpl.java:4905)
12-09 10:02:12.379 12044 12044 E WindowManager: 	at android.view.ViewRootImpl$InputStage.deliver(ViewRootImpl.java:4426)
12-09 10:02:12.379 12044 12044 E WindowManager: 	at android.view.ViewRootImpl$InputStage.onDeliverToNext(ViewRootImpl.java:4479)
12-09 10:02:12.379 12044 12044 E WindowManager: 	at android.view.ViewRootImpl$InputStage.forward(ViewRootImpl.java:4445)
12-09 10:02:12.379 12044 12044 E WindowManager: 	at android.view.ViewRootImpl$AsyncInputStage.forward(ViewRootImpl.java:4585)
12-09 10:02:12.379 12044 12044 E WindowManager: 	at android.view.ViewRootImpl$InputStage.apply(ViewRootImpl.java:4453)
12-09 10:02:12.379 12044 12044 E WindowManager: 	at android.view.ViewRootImpl$AsyncInputStage.apply(ViewRootImpl.java:4642)
12-09 10:02:12.379 12044 12044 E WindowManager: 	at android.view.ViewRootImpl$InputStage.deliver(ViewRootImpl.java:4426)
12-09 10:02:12.379 12044 12044 E WindowManager: 	at android.view.ViewRootImpl$InputStage.onDeliverToNext(ViewRootImpl.java:4479)
12-09 10:02:12.379 12044 12044 E WindowManager: 	at android.view.ViewRootImpl$InputStage.forward(ViewRootImpl.java:4445)
12-09 10:02:12.379 12044 12044 E WindowManager: 	at android.view.ViewRootImpl$InputStage.apply(ViewRootImpl.java:4453)
12-09 10:02:12.379 12044 12044 E WindowManager: 	at android.view.ViewRootImpl$InputStage.deliver(ViewRootImpl.java:4426)
12-09 10:02:12.379 12044 12044 E WindowManager: 	at android.view.ViewRootImpl$InputStage.onDeliverToNext(ViewRootImpl.java:4479)
12-09 10:02:12.379 12044 12044 E WindowManager: 	at android.view.ViewRootImpl$InputStage.forward(ViewRootImpl.java:4445)
12-09 10:02:12.379 12044 12044 E WindowManager: 	at android.view.ViewRootImpl$AsyncInputStage.forward(ViewRootImpl.java:4618)
12-09 10:02:12.379 12044 12044 E WindowManager: 	at android.view.ViewRootImpl$ImeInputStage.onFinishedInputEvent(ViewRootImpl.java:4779)
12-09 10:02:12.379 12044 12044 E WindowManager: 	at android.view.inputmethod.InputMethodManager$PendingEvent.run(InputMethodManager.java:2571)
12-09 10:02:12.379 12044 12044 E WindowManager: 	at android.view.inputmethod.InputMethodManager.invokeFinishedInputEventCallback(InputMethodManager.java:2081)
12-09 10:02:12.379 12044 12044 E WindowManager: 	at android.view.inputmethod.InputMethodManager.finishedInputEvent(InputMethodManager.java:2072)
12-09 10:02:12.379 12044 12044 E WindowManager: 	at android.view.inputmethod.InputMethodManager$ImeInputEventSender.onInputEventFinished(InputMethodManager.java:2548)
12-09 10:02:12.379 12044 12044 E WindowManager: 	at android.view.InputEventSender.dispatchInputEventFinished(InputEventSender.java:141)
12-09 10:02:12.379 12044 12044 E WindowManager: 	at android.os.MessageQueue.nativePollOnce(Native Method)
12-09 10:02:12.379 12044 12044 E WindowManager: 	at android.os.MessageQueue.next(MessageQueue.java:326)
12-09 10:02:12.379 12044 12044 E WindowManager: 	at android.os.Looper.loop(Looper.java:160)
12-09 10:02:12.379 12044 12044 E WindowManager: 	at android.app.ActivityThread.main(ActivityThread.java:6669)
12-09 10:02:12.379 12044 12044 E WindowManager: 	at java.lang.reflect.Method.invoke(Native Method)
12-09 10:02:12.379 12044 12044 E WindowManager: 	at com.android.internal.os.RuntimeInit$MethodAndArgsCaller.run(RuntimeInit.java:493)
12-09 10:02:12.379 12044 12044 E WindowManager: 	at com.android.internal.os.ZygoteInit.main(ZygoteInit.java:858)
12-09 10:02:11.784  1885  1938 E WindowManager: Performed 6 layouts in a row. Skipping
12-09 10:02:14.027  1834  1834 E netmgr  : Failed to open QEMU pipe 'qemud:network': Invalid argument
12-09 10:02:14.027  1834  1834 E netmgr  : WifiForwarder unable to open QEMU pipe: Invalid argument
12-09 10:02:14.802 11055 11055 E ContextIntentStarter: No activity found for any of the 0 intents
12-09 10:02:22.041  1739  1762 E storaged: getDiskStats failed with result NOT_SUPPORTED and size 0
12-09 10:02:27.193 12300 12300 E id.partnersetu: Not starting debugger since process cannot load the jdwp agent.
12-09 10:02:27.206 12311 12311 E dboxed_process: Not starting debugger since process cannot load the jdwp agent.
12-09 10:02:28.613 11055 12340 E BluetoothAdapter: Bluetooth binder is null
12-09 10:03:14.039  1834  1834 E netmgr  : Failed to open QEMU pipe 'qemud:network': Invalid argument
12-09 10:03:14.040  1834  1834 E netmgr  : WifiForwarder unable to open QEMU pipe: Invalid argument
12-09 10:03:22.048  1739  1762 E storaged: getDiskStats failed with result NOT_SUPPORTED and size 0
12-09 10:04:14.046  1834  1834 E netmgr  : Failed to open QEMU pipe 'qemud:network': Invalid argument
12-09 10:04:14.046  1834  1834 E netmgr  : WifiForwarder unable to open QEMU pipe: Invalid argument
12-09 10:04:22.053  1739  1762 E storaged: getDiskStats failed with result NOT_SUPPORTED and size 0
12-09 10:05:04.194  1885  3541 E WindowManager: Performed 6 layouts in a row. Skipping
12-09 10:05:04.227  1885  1938 E WindowManager: Performed 6 layouts in a row. Skipping
12-09 10:05:04.300  1885  1938 E WindowManager: Performed 6 layouts in a row. Skipping
12-09 10:05:04.330  1885  1938 E WindowManager: Performed 6 layouts in a row. Skipping
12-09 10:05:04.366  1885  1938 E WindowManager: Performed 6 layouts in a row. Skipping
12-09 10:05:04.387  1885  1938 E WindowManager: Performed 6 layouts in a row. Skipping
12-09 10:05:04.412  1885  1900 E WindowManager: Performed 6 layouts in a row. Skipping
12-09 10:05:04.443  1885  1938 E WindowManager: Performed 6 layouts in a row. Skipping
12-09 10:05:04.466  1885  1938 E WindowManager: Performed 6 layouts in a row. Skipping
12-09 10:05:04.496  1885  1938 E WindowManager: Performed 6 layouts in a row. Skipping
12-09 10:05:04.543  1885  3541 E WindowManager: Performed 6 layouts in a row. Skipping
12-09 10:05:04.581  1885  1938 E WindowManager: Performed 6 layouts in a row. Skipping
12-09 10:05:04.610  1885  1938 E WindowManager: Performed 6 layouts in a row. Skipping
12-09 10:05:04.634  1885  3541 E WindowManager: Performed 6 layouts in a row. Skipping
12-09 10:05:04.664  1885  1938 E WindowManager: Performed 6 layouts in a row. Skipping
12-09 10:05:04.695  1885  1938 E WindowManager: Performed 6 layouts in a row. Skipping
12-09 10:05:04.736  1885  1938 E WindowManager: Performed 6 layouts in a row. Skipping
12-09 10:05:04.813  1885  1938 E WindowManager: Performed 6 layouts in a row. Skipping
