--------- beginning of main
12-08 10:09:17.389 13551 13551 E e.process.gapp: Not starting debugger since process cannot load the jdwp agent.
--------- beginning of system
12-08 10:09:20.028 13421 13421 E Bugle   : com.google.android.apps.messaging.shared.util.common.AsyncTimeoutReporter$SilentTimeoutError: SelfParticipantsRefreshAction.doBackgroundWork did not complete in 10000ms
12-08 10:09:20.190 13575 13575 E ndroid.keychai: Not starting debugger since process cannot load the jdwp agent.
12-08 10:09:22.291  1828  1828 E netmgr  : Failed to open QEMU pipe 'qemud:network': Invalid argument
12-08 10:09:22.297  1828  1828 E netmgr  : WifiForwarder unable to open QEMU pipe: Invalid argument
12-08 10:09:22.420 13588 13588 E oid.documentsu: Not starting debugger since process cannot load the jdwp agent.
12-08 10:09:27.705 13627 13627 E id.gms.unstabl: Not starting debugger since process cannot load the jdwp agent.
12-08 10:09:27.790 13640 13640 E droid.apps.doc: Not starting debugger since process cannot load the jdwp agent.
12-08 10:09:35.302  1738  1772 E storaged: getDiskStats failed with result NOT_SUPPORTED and size 0
12-08 10:09:40.720 13640 13640 E DocsApplication: [main] No default account found during application creation.
12-08 10:09:48.318  2475 15270 E CheckinRequestProcessor: CheckinNowTaskTag : Checkin failed: https://android.googleapis.com/checkin (fragment #0): java.net.UnknownHostException: Unable to resolve host "android.googleapis.com": No address associated with hostname
12-08 10:09:48.359  1730  1730 E         : Couldn't opendir /data/app/vmdl2088562252.tmp: No such file or directory
12-08 10:09:48.359  1730  1730 E installd: Failed to delete /data/app/vmdl2088562252.tmp: No such file or directory
12-08 10:09:56.063  2475 13736 E ChromeSync: [Sync,SyncIntentOperation] Error handling the intent: Intent { act=android.intent.action.PACKAGE_ADDED dat=package:com.evancharlton.mileage flg=0x4000010 cmp=com.google.android.gms/.chimera.GmsIntentOperationService (has extras) }.
12-08 10:10:03.710 13754 13754 E harlton.mileag: Not starting debugger since process cannot load the jdwp agent.
12-08 10:10:19.366  1739  1739 E wificond: NL80211_CMD_TRIGGER_SCAN failed: Device or resource busy
12-08 10:10:22.035  1739  1739 E wificond: NL80211_CMD_TRIGGER_SCAN failed: Device or resource busy
12-08 10:10:22.354  1828  1828 E netmgr  : Failed to open QEMU pipe 'qemud:network': Invalid argument
12-08 10:10:22.354  1828  1828 E netmgr  : WifiForwarder unable to open QEMU pipe: Invalid argument
12-08 10:10:37.651  1738  1772 E storaged: getDiskStats failed with result NOT_SUPPORTED and size 0
12-08 10:11:24.528  1828  1828 E netmgr  : Failed to open QEMU pipe 'qemud:network': Invalid argument
12-08 10:11:24.529  1828  1828 E netmgr  : WifiForwarder unable to open QEMU pipe: Invalid argument
12-08 10:11:34.959 13784 13784 E emui:screensho: Not starting debugger since process cannot load the jdwp agent.
12-08 10:11:35.277 13784 13784 E SoundPool: error loading /product/media/audio/ui/camera_click.ogg
12-08 10:11:37.502  1725  1861 E SurfaceFlinger: ro.sf.lcd_density must be defined as a build property
12-08 10:11:37.699  1725  1861 E SurfaceFlinger: ro.sf.lcd_density must be defined as a build property
12-08 10:11:37.736  1740 10340 E OMXNodeInstance: getConfig(0xf4fa6d20:google.vorbis.decoder, ConfigAndroidVendorExtension(0x6f100004)) ERROR: Undefined(0x80001001)
12-08 10:11:37.809  1738  1772 E storaged: getDiskStats failed with result NOT_SUPPORTED and size 0
12-08 10:11:55.718  1611  1695 E audio_hw_generic: pcm_write failed cannot write stream data: I/O error
12-08 10:11:58.428 13822 13822 E oid.apps.photo: Not starting debugger since process cannot load the jdwp agent.
12-08 10:12:03.603 13842 13842 E id.partnersetu: Not starting debugger since process cannot load the jdwp agent.
12-08 10:12:24.626  1828  1828 E netmgr  : Failed to open QEMU pipe 'qemud:network': Invalid argument
12-08 10:12:24.628  1828  1828 E netmgr  : WifiForwarder unable to open QEMU pipe: Invalid argument
12-08 10:12:27.393  2448 13775 E ctxmgr  : [ProducerStatusImpl]updateStateForNewContextData: inactive, contextName=7
12-08 10:12:27.469  2448 13775 E ctxmgr  : [ProducerStatusImpl]updateStateForNewContextData: inactive, contextName=1
12-08 10:12:27.508  2448 13775 E ctxmgr  : [ProducerStatusImpl]updateStateForNewContextData: inactive, contextName=1
12-08 10:12:30.140  2448  2448 E BeaconBle: Missing BluetoothAdapter
12-08 10:12:32.779  2448  2448 E BeaconBle: Scan couldn't start for Places
12-08 10:12:37.816  1738  1772 E storaged: getDiskStats failed with result NOT_SUPPORTED and size 0
12-08 10:12:38.097  2692 11040 E GmsContextObserver: Received context data while not listening
12-08 10:12:43.097  1992  1992 E native  : clearcut-logger.cc:191 USER_EDIT span#originalSpan is missing
12-08 10:12:55.858  2692  2692 E ContextIntentStarter: No activity found for any of the 0 intents
12-08 10:12:58.865 13909 13909 E rrierdefaultap: Not starting debugger since process cannot load the jdwp agent.
12-08 10:13:01.108 13289 13289 E wpa_supplicant: nl80211: Failed to open /proc/sys/net/ipv4/conf/p2p-dev-wlan0/drop_unicast_in_l2_multicast: No such file or directory
12-08 10:13:01.108 13289 13289 E wpa_supplicant: nl80211: Failed to set IPv4 unicast in multicast filter
12-08 10:13:01.172 13289 13289 E wpa_supplicant: nl80211: Failed to open /proc/sys/net/ipv4/conf/p2p-dev-wlan0/drop_unicast_in_l2_multicast: No such file or directory
12-08 10:13:01.172 13289 13289 E wpa_supplicant: nl80211: Failed to set IPv4 unicast in multicast filter
12-08 10:13:01.294 13289 13289 E wpa_supplicant: nl80211: Failed to open /proc/sys/net/ipv4/conf/wlan0/drop_unicast_in_l2_multicast: No such file or directory
12-08 10:13:01.294 13289 13289 E wpa_supplicant: nl80211: Failed to set IPv4 unicast in multicast filter
12-08 10:13:01.411 13289 13289 E wpa_supplicant: nl80211: Failed to open /proc/sys/net/ipv4/conf/wlan0/drop_unicast_in_l2_multicast: No such file or directory
12-08 10:13:01.411 13289 13289 E wpa_supplicant: nl80211: Failed to set IPv4 unicast in multicast filter
12-08 10:13:04.019  1626  1626 E android.hardware.wifi@1.0-service: Failed to open directory: Permission denied
12-08 10:13:04.020  1626  1626 E android.hardware.wifi@1.0-service: Error occurred while deleting old tombstone files
12-08 10:13:04.020  1626  1626 E android.hardware.wifi@1.0-service: Error writing files to flash
12-08 10:13:08.843  1611  1695 E audio_hw_generic: pcm_write failed cannot write stream data: I/O error
12-08 10:13:08.950  1881  1966 E WifiP2pService: Unhandled message { when=0 what=131204 target=com.android.internal.util.StateMachine$SmHandler }
12-08 10:13:08.984  2494  2716 E PlayCommon: [101] com.google.android.play.b.g.a(448): Failed to connect to server: java.net.UnknownHostException: Unable to resolve host "play.googleapis.com": No address associated with hostname
12-08 10:13:09.065  1881  1899 E BatteryExternalStatsWorker: no controller energy info supplied for wifi
12-08 10:13:09.096  1881  1899 E BatteryExternalStatsWorker: no controller energy info supplied for wifi
12-08 10:13:11.457  1881  1894 E memtrack: Couldn't load memtrack module
12-08 10:13:11.718  1881  1895 E ActivityManager: ANR in com.android.carrierdefaultapp
12-08 10:13:11.718  1881  1895 E ActivityManager: PID: 13909
12-08 10:13:11.718  1881  1895 E ActivityManager: Reason: Broadcast of Intent { act=com.android.internal.telephony.CARRIER_SIGNAL_RESET flg=0x10000010 cmp=com.android.carrierdefaultapp/.CarrierDefaultBroadcastReceiver (has extras) }
12-08 10:13:11.718  1881  1895 E ActivityManager: Load: 0.0 / 0.0 / 0.0
12-08 10:13:11.718  1881  1895 E ActivityManager: CPU usage from 0ms to 5413ms later (2018-12-08 10:13:06.228 to 2018-12-08 10:13:11.641):
12-08 10:13:11.718  1881  1895 E ActivityManager:   92% 1881/system_server: 43% user + 49% kernel / faults: 4782 minor 153 major
12-08 10:13:11.718  1881  1895 E ActivityManager:   84% 2314/adbd: 3.8% user + 80% kernel / faults: 13878 minor
12-08 10:13:11.718  1881  1895 E ActivityManager:   40% 12656/kworker/u8:2: 0% user + 40% kernel
12-08 10:13:11.718  1881  1895 E ActivityManager:   8.8% 2692/com.google.android.googlequicksearchbox:search: 0% user + 8.8% kernel / faults: 541 minor 173 major
12-08 10:13:11.718  1881  1895 E ActivityManager:   7.3% 645/kswapd0: 0% user + 7.3% kernel
12-08 10:13:11.718  1881  1895 E ActivityManager:   7.1% 1725/surfaceflinger: 3.3% user + 3.8% kernel / faults: 8 minor 1 major
12-08 10:13:11.718  1881  1895 E ActivityManager:   5.7% 1992/com.google.android.inputmethod.latin: 1.4% user + 4.2% kernel / faults: 4315 minor 28 major
12-08 10:13:11.718  1881  1895 E ActivityManager:   2.7% 13909/com.android.carrierdefaultapp: 2.3% user + 0.3% kernel / faults: 776 minor 92 major
12-08 10:13:11.718  1881  1895 E ActivityManager:   2.2% 2508/kworker/u9:3: 0% user + 2.2% kernel
12-08 10:13:11.718  1881  1895 E ActivityManager:   2% 2004/com.android.systemui: 0.9% user + 1.1% kernel / faults: 22 minor 16 major
12-08 10:13:11.718  1881  1895 E ActivityManager:   2% 29746/com.google.android.apps.nexuslauncher: 0% user + 2% kernel / faults: 132 minor 11 major
12-08 10:13:11.718  1881  1895 E ActivityManager:   1.6% 5536/kworker/u9:1: 0% user + 1.6% kernel
12-08 10:13:11.718  1881  1895 E ActivityManager:   1.4% 1611/android.hardware.audio@2.0-service: 0.3% user + 1.1% kernel
12-08 10:13:11.718  1881  1895 E ActivityManager:   1.2% 1704/kworker/u9:4: 0% user + 1.2% kernel
12-08 10:13:11.718  1881  1895 E ActivityManager:   1.2% 1747/android.hardware.graphics.composer@2.1-service: 0% user + 1.2% kernel / faults: 20 minor 3 major
12-08 10:13:11.718  1881  1895 E ActivityManager:   1.2% 9451/kworker/u9:0: 0% user + 1.2% kernel
12-08 10:13:11.718  1881  1895 E ActivityManager:   0.9% 1629/audioserver: 0% user + 0.9% kernel
12-08 10:13:11.718  1881  1895 E ActivityManager:   0.9% 2448/com.google.android.gms.persistent: 0% user + 0.9% kernel / faults: 28 minor 20 major
12-08 10:13:11.718  1881  1895 E ActivityManager:   0.9% 12890/kworker/u8:3: 0% user + 0.9% kernel
12-08 10:13:11.718  1881  1895 E ActivityManager:   0.7% 2494/com.android.vending: 0% user + 0.7% kernel / faults: 89 minor 36 major
12-08 10:13:11.718  1881  1895 E ActivityManager:   0.5% 13668/kworker/u8:5: 0% user + 0.5% kernel
12-08 10:13:11.718  1881  1895 E ActivityManager:   0.5% 13732/com.android.commands.monkey: 0.5% user + 0% kernel / faults: 33 minor 8 major
12-08 10:13:11.718  1881  1895 E ActivityManager:   0.5% 13822/com.google.android.apps.photos: 0% user + 0.5% kernel / faults: 19 minor 33 major
12-08 10:13:11.718  1881  1895 E ActivityManager:   0.3% 1553/logd: 0% user + 0.3% kernel
12-08 10:13:11.718  1881  1895 E ActivityManager:   0.3% 2330/logcat: 0% user + 0.3% kernel
12-08 10:13:11.718  1881  1895 E ActivityManager:   0.3% 11110/kworker/u8:0: 0% user + 0.3% kernel
12-08 10:13:11.718  1881  1895 E ActivityManager:   0% 13080/kworker/u8:1: 0% user + 0% kernel
12-08 10:13:11.718  1881  1895 E ActivityManager:   0.3% 13735/kworker/0:0: 0% user + 0.3% kernel
12-08 10:13:11.718  1881  1895 E ActivityManager:   0.3% 13754/com.evancharlton.mileage: 0.3% user + 0% kernel / faults: 5 minor
12-08 10:13:11.718  1881  1895 E ActivityManager:   0% 3/ksoftirqd/0: 0% user + 0% kernel
12-08 10:13:11.718  1881  1895 E ActivityManager:   0% 12/ksoftirqd/1: 0% user + 0% kernel
12-08 10:13:11.718  1881  1895 E ActivityManager:   0.1% 1625/android.hardware.sensors@1.0-service: 0% user + 0.1% kernel
12-08 10:13:11.718  1881  1895 E ActivityManager:   0% 1630/lmkd: 0% user + 0% kernel
12-08 10:13:11.718  1881  1895 E ActivityManager:   0% 1737/statsd: 0% user + 0% kernel
12-08 10:13:11.718  1881  1895 E ActivityManager:   0.1% 13274/com.android.phone: 0% user + 0.1% kernel / faults: 24 minor 4 major
12-08 10:13:11.718  1881  1895 E ActivityManager: 99% TOTAL: 11% user + 29% kernel + 57% iowait + 1.3% softirq
12-08 10:13:11.718  1881  1895 E ActivityManager: CPU usage from 25600125ms to 25600125ms ago (1969-12-31 19:00:00.000 to 1969-12-31 19:00:00.000) with 0% awake:
12-08 10:13:11.718  1881  1895 E ActivityManager: 0% TOTAL: 0% user + 0% kernel
12-08 10:13:14.230  1881  1965 E WificondControl: No valid wificond scanner interface handler
12-08 10:13:16.658  2448  3555 E SynchronizedLE: asynchronous call timed out or was interrupted
12-08 10:13:19.382  1611  1695 E audio_hw_generic: pcm_write failed cannot write stream data: I/O error
12-08 10:13:19.452  1881  1894 E memtrack: Couldn't load memtrack module
12-08 10:13:22.110  2448 13200 E ctxmgr  : [ProducerStatusImpl]updateStateForNewContextData: inactive, contextName=7
12-08 10:13:22.150  1881  5403 E memtrack: Couldn't load memtrack module
12-08 10:13:22.245  1881  1894 E memtrack: Couldn't load memtrack module
12-08 10:13:22.261  1881  5403 E memtrack: Couldn't load memtrack module
12-08 10:13:22.261  2448  2448 E BeaconBle: Missing BluetoothAdapter
12-08 10:13:22.306  2448  2448 E BeaconBle: Scan couldn't start for Places
12-08 10:13:24.661  1881  5403 E memtrack: Couldn't load memtrack module
12-08 10:13:24.662  1828  1828 E netmgr  : Failed to open QEMU pipe 'qemud:network': Invalid argument
12-08 10:13:24.663  1828  1828 E netmgr  : WifiForwarder unable to open QEMU pipe: Invalid argument
12-08 10:13:24.751  1881  5403 E memtrack: Couldn't load memtrack module
12-08 10:13:24.816  1881  5403 E memtrack: Couldn't load memtrack module
12-08 10:13:24.895  1881  5403 E memtrack: Couldn't load memtrack module
12-08 10:13:27.067  1881  5403 E memtrack: Couldn't load memtrack module
12-08 10:13:27.144  1881  5403 E memtrack: Couldn't load memtrack module
12-08 10:13:27.211  1881  5403 E memtrack: Couldn't load memtrack module
12-08 10:13:27.282  1881  5403 E memtrack: Couldn't load memtrack module
12-08 10:13:27.346  1881  5403 E memtrack: Couldn't load memtrack module
12-08 10:13:27.410  1881  5403 E memtrack: Couldn't load memtrack module
12-08 10:13:29.672  1881  5403 E memtrack: Couldn't load memtrack module
12-08 10:13:29.739  1881  5403 E memtrack: Couldn't load memtrack module
12-08 10:13:29.821  1881  5403 E memtrack: Couldn't load memtrack module
12-08 10:13:29.921  1881  5403 E memtrack: Couldn't load memtrack module
12-08 10:13:29.985  1881  5403 E memtrack: Couldn't load memtrack module
12-08 10:13:32.126  1881  5403 E memtrack: Couldn't load memtrack module
12-08 10:13:32.272  1881  5403 E memtrack: Couldn't load memtrack module
12-08 10:13:32.365  1881  5403 E memtrack: Couldn't load memtrack module
12-08 10:13:34.657  1881  1894 E memtrack: Couldn't load memtrack module
12-08 10:13:34.696  1881  5403 E memtrack: Couldn't load memtrack module
12-08 10:13:34.767  1881  5403 E memtrack: Couldn't load memtrack module
12-08 10:13:34.838  1881  5403 E memtrack: Couldn't load memtrack module
12-08 10:13:34.915  1881  5403 E memtrack: Couldn't load memtrack module
