--------- beginning of main
--------- beginning of system
12-08 13:10:00.842  2448  6909 E ctxmgr  : [ProducerStatusImpl]updateStateForNewContextData: inactive, contextName=7
12-08 13:10:05.520  2448  2448 E BeaconBle: Missing BluetoothAdapter
12-08 13:10:05.595  2448  2448 E BeaconBle: Scan couldn't start for Places
12-08 13:10:12.545  1730  1944 E         : Couldn't opendir /data/app/vmdl2127421280.tmp: No such file or directory
12-08 13:10:12.545  1730  1944 E installd: Failed to delete /data/app/vmdl2127421280.tmp: No such file or directory
12-08 13:10:17.238  2475  6944 E ChromeSync: [Sync,SyncIntentOperation] Error handling the intent: Intent { act=android.intent.action.PACKAGE_ADDED dat=package:com.evancharlton.mileage flg=0x4000010 cmp=com.google.android.gms/.chimera.GmsIntentOperationService (has extras) }.
12-08 13:10:21.869  7016  7016 E harlton.mileag: Not starting debugger since process cannot load the jdwp agent.
12-08 13:10:29.277  1828  1828 E netmgr  : Failed to open QEMU pipe 'qemud:network': Invalid argument
12-08 13:10:29.277  1828  1828 E netmgr  : WifiForwarder unable to open QEMU pipe: Invalid argument
12-08 13:10:41.277  1738  1772 E storaged: getDiskStats failed with result NOT_SUPPORTED and size 0
12-08 13:11:29.648  1828  1828 E netmgr  : Failed to open QEMU pipe 'qemud:network': Invalid argument
12-08 13:11:29.648  1828  1828 E netmgr  : WifiForwarder unable to open QEMU pipe: Invalid argument
12-08 13:11:41.688  1738  1772 E storaged: getDiskStats failed with result NOT_SUPPORTED and size 0
12-08 13:11:44.239  1611  1695 E audio_hw_generic: pcm_write failed cannot write stream data: I/O error
12-08 13:12:03.958  2448  6977 E ctxmgr  : [ProducerStatusImpl]updateStateForNewContextData: inactive, contextName=7
12-08 13:12:04.193  2448  2448 E BeaconBle: Missing BluetoothAdapter
12-08 13:12:06.270  2448  2448 E BeaconBle: Scan couldn't start for Places
12-08 13:12:13.952  2692  2692 E ContextIntentStarter: No activity found for any of the 0 intents
12-08 13:12:23.822  2448  6909 E ctxmgr  : [ProducerStatusImpl]updateStateForNewContextData: inactive, contextName=7
12-08 13:12:26.250  2448  2448 E BeaconBle: Missing BluetoothAdapter
12-08 13:12:28.583  2448  2448 E BeaconBle: Scan couldn't start for Places
12-08 13:12:30.757  1828  1828 E netmgr  : Failed to open QEMU pipe 'qemud:network': Invalid argument
12-08 13:12:30.757  1828  1828 E netmgr  : WifiForwarder unable to open QEMU pipe: Invalid argument
12-08 13:12:30.794  2692  6365 E Search.IcingConnection: Could not connect to Icing. Error code 15.
12-08 13:12:33.443  7084  7084 E boxed_process3: Not starting debugger since process cannot load the jdwp agent.
12-08 13:12:40.724  2494  2716 E PlayCommon: [101] com.google.android.play.b.g.a(448): Failed to connect to server: java.net.UnknownHostException: Unable to resolve host "play.googleapis.com": No address associated with hostname
12-08 13:12:43.168  1738  1772 E storaged: getDiskStats failed with result NOT_SUPPORTED and size 0
12-08 13:12:43.213  1992  1992 E native  : suggestion-transformer.cc:118 suggestion picked candidate not found for id: 2
12-08 13:13:18.104  1881  1898 E libprocessgroup: Error encountered killing process cgroup uid 99070 pid 7084: No such file or directory
12-08 13:13:30.094  7016  7016 E SpannableStringBuilder: SPAN_EXCLUSIVE_EXCLUSIVE spans cannot have a zero length
12-08 13:13:30.095  7016  7016 E SpannableStringBuilder: SPAN_EXCLUSIVE_EXCLUSIVE spans cannot have a zero length
12-08 13:13:32.236  1828  1828 E netmgr  : Failed to open QEMU pipe 'qemud:network': Invalid argument
12-08 13:13:32.237  1828  1828 E netmgr  : WifiForwarder unable to open QEMU pipe: Invalid argument
12-08 13:13:37.177  1992  1992 E native  : clearcut-logger.cc:191 USER_EDIT span#originalSpan is missing
12-08 13:13:44.025  1738  1772 E storaged: getDiskStats failed with result NOT_SUPPORTED and size 0
