--------- beginning of main
--------- beginning of system
12-09 10:52:37.260  1885  1899 E ActivityManager: Failure starting process com.evancharlton.mileage
12-09 10:52:37.260  1885  1899 E ActivityManager: java.lang.SecurityException: Package com.evancharlton.mileage was not found!
12-09 10:52:37.260  1885  1899 E ActivityManager: 	at com.android.server.pm.PackageManagerService.checkPackageStartable(PackageManagerService.java:3987)
12-09 10:52:37.260  1885  1899 E ActivityManager: 	at com.android.server.am.ActivityManagerService.startProcessLocked(ActivityManagerService.java:4234)
12-09 10:52:37.260  1885  1899 E ActivityManager: 	at com.android.server.am.ActivityManagerService.startProcessLocked(ActivityManagerService.java:4199)
12-09 10:52:37.260  1885  1899 E ActivityManager: 	at com.android.server.am.ActivityManagerService.startProcessLocked(ActivityManagerService.java:4181)
12-09 10:52:37.260  1885  1899 E ActivityManager: 	at com.android.server.am.ActivityManagerService.startProcessLocked(ActivityManagerService.java:4067)
12-09 10:52:37.260  1885  1899 E ActivityManager: 	at com.android.server.am.ActivityStackSupervisor.startSpecificActivityLocked(ActivityStackSupervisor.java:1715)
12-09 10:52:37.260  1885  1899 E ActivityManager: 	at com.android.server.am.ActivityStack.resumeTopActivityInnerLocked(ActivityStack.java:2764)
12-09 10:52:37.260  1885  1899 E ActivityManager: 	at com.android.server.am.ActivityStack.resumeTopActivityUncheckedLocked(ActivityStack.java:2302)
12-09 10:52:37.260  1885  1899 E ActivityManager: 	at com.android.server.am.ActivityStackSupervisor.resumeFocusedStackTopActivityLocked(ActivityStackSupervisor.java:2234)
12-09 10:52:37.260  1885  1899 E ActivityManager: 	at com.android.server.am.ActivityStackSupervisor.resumeFocusedStackTopActivityLocked(ActivityStackSupervisor.java:2218)
12-09 10:52:37.260  1885  1899 E ActivityManager: 	at com.android.server.am.ActivityManagerService.handleAppDiedLocked(ActivityManagerService.java:5923)
12-09 10:52:37.260  1885  1899 E ActivityManager: 	at com.android.server.am.ActivityManagerService.removeProcessLocked(ActivityManagerService.java:7501)
12-09 10:52:37.260  1885  1899 E ActivityManager: 	at com.android.server.am.ActivityManagerService.killPackageProcessesLocked(ActivityManagerService.java:7142)
12-09 10:52:37.260  1885  1899 E ActivityManager: 	at com.android.server.am.ActivityManagerService.forceStopPackageLocked(ActivityManagerService.java:7275)
12-09 10:52:37.260  1885  1899 E ActivityManager: 	at com.android.server.am.ActivityManagerService$MainHandler.handleMessage(ActivityManagerService.java:2289)
12-09 10:52:37.260  1885  1899 E ActivityManager: 	at android.os.Handler.dispatchMessage(Handler.java:106)
12-09 10:52:37.260  1885  1899 E ActivityManager: 	at android.os.Looper.loop(Looper.java:193)
12-09 10:52:37.260  1885  1899 E ActivityManager: 	at android.os.HandlerThread.run(HandlerThread.java:65)
12-09 10:52:37.260  1885  1899 E ActivityManager: 	at com.android.server.ServiceThread.run(ServiceThread.java:44)
12-09 10:52:37.922 20836 20836 E id.defcontaine: Not starting debugger since process cannot load the jdwp agent.
12-09 10:52:38.010 20852 20852 E oid.documentsu: Not starting debugger since process cannot load the jdwp agent.
12-09 10:52:38.044 20868 20868 E ndroid.keychai: Not starting debugger since process cannot load the jdwp agent.
12-09 10:52:39.045 20910 20910 E droid.apps.doc: Not starting debugger since process cannot load the jdwp agent.
12-09 10:52:40.319 20941 20941 E d.process.medi: Not starting debugger since process cannot load the jdwp agent.
12-09 10:52:40.547  2378 20628 E ctxmgr  : [ProducerStatusImpl]updateStateForNewContextData: inactive, contextName=7
12-09 10:52:40.591 20959 20959 E ocess.gservice: Not starting debugger since process cannot load the jdwp agent.
12-09 10:52:40.684  2378  3140 E PlaceInferenceEngine: Position timestamp out of order. Previous: 1544352526000, Current: 1544334761000. Skipping this Position.
12-09 10:52:41.060  2378  2378 E BeaconBle: Missing BluetoothAdapter
12-09 10:52:41.191  2378  2378 E BeaconBle: Scan couldn't start for Places
12-09 10:52:41.862 20910 20910 E DocsApplication: [main] No default account found during application creation.
12-09 10:52:42.716  1731  1949 E         : Couldn't opendir /data/app/vmdl1206140444.tmp: No such file or directory
12-09 10:52:42.716  1731  1949 E installd: Failed to delete /data/app/vmdl1206140444.tmp: No such file or directory
12-09 10:52:46.133  1633  1633 E lowmemorykiller: Error writing /proc/20941/oom_score_adj; errno=22
12-09 10:52:46.459 21014 21014 E harlton.mileag: Not starting debugger since process cannot load the jdwp agent.
12-09 10:52:55.548 21014 21014 E SpannableStringBuilder: SPAN_EXCLUSIVE_EXCLUSIVE spans cannot have a zero length
12-09 10:52:55.549 21014 21014 E SpannableStringBuilder: SPAN_EXCLUSIVE_EXCLUSIVE spans cannot have a zero length
12-09 10:52:57.955 21014 21014 E SpannableStringBuilder: SPAN_EXCLUSIVE_EXCLUSIVE spans cannot have a zero length
12-09 10:52:57.955 21014 21014 E SpannableStringBuilder: SPAN_EXCLUSIVE_EXCLUSIVE spans cannot have a zero length
12-09 10:53:00.193 21047 21047 E emui:screensho: Not starting debugger since process cannot load the jdwp agent.
12-09 10:53:00.780 21047 21047 E SoundPool: error loading /product/media/audio/ui/camera_click.ogg
12-09 10:53:01.242  1741  2075 E OMXNodeInstance: getConfig(0xe93913c0:google.vorbis.decoder, ConfigAndroidVendorExtension(0x6f100004)) ERROR: Undefined(0x80001001)
12-09 10:53:03.769 21079 21079 E d.process.medi: Not starting debugger since process cannot load the jdwp agent.
12-09 10:53:05.475 21099 21099 E earchbox:searc: Not starting debugger since process cannot load the jdwp agent.
12-09 10:53:06.074  1994  1994 E RecyclerView: No adapter attached; skipping layout
12-09 10:53:07.487 21099 21099 E OverlaySController: Calling with an invalid UID, the interface will not work
12-09 10:53:08.181 21127 21127 E ocess.gservice: Not starting debugger since process cannot load the jdwp agent.
12-09 10:53:08.262 21099 21124 E BluetoothAdapter: Bluetooth binder is null
12-09 10:53:08.265 21142 21142 E id.partnersetu: Not starting debugger since process cannot load the jdwp agent.
12-09 10:53:08.349 21159 21159 E e.process.gapp: Not starting debugger since process cannot load the jdwp agent.
12-09 10:53:14.659  1834  1834 E netmgr  : Failed to open QEMU pipe 'qemud:network': Invalid argument
12-09 10:53:14.659  1834  1834 E netmgr  : WifiForwarder unable to open QEMU pipe: Invalid argument
12-09 10:53:14.662 21200 21200 E oid.apps.photo: Not starting debugger since process cannot load the jdwp agent.
12-09 10:53:18.087  2378 20940 E ctxmgr  : [ProducerStatusImpl]updateStateForNewContextData: inactive, contextName=7
12-09 10:53:18.647 20545 20545 E wpa_supplicant: nl80211: Failed to open /proc/sys/net/ipv4/conf/p2p-dev-wlan0/drop_unicast_in_l2_multicast: No such file or directory
12-09 10:53:18.647 20545 20545 E wpa_supplicant: nl80211: Failed to set IPv4 unicast in multicast filter
12-09 10:53:18.684 20545 20545 E wpa_supplicant: nl80211: Failed to open /proc/sys/net/ipv4/conf/p2p-dev-wlan0/drop_unicast_in_l2_multicast: No such file or directory
12-09 10:53:18.684 20545 20545 E wpa_supplicant: nl80211: Failed to set IPv4 unicast in multicast filter
12-09 10:53:18.812 20545 20545 E wpa_supplicant: nl80211: Failed to open /proc/sys/net/ipv4/conf/wlan0/drop_unicast_in_l2_multicast: No such file or directory
12-09 10:53:18.812 20545 20545 E wpa_supplicant: nl80211: Failed to set IPv4 unicast in multicast filter
12-09 10:53:18.812 20545 20545 E wpa_supplicant: nl80211: Failed to open /proc/sys/net/ipv4/conf/wlan0/drop_unicast_in_l2_multicast: No such file or directory
12-09 10:53:18.812 20545 20545 E wpa_supplicant: nl80211: Failed to set IPv4 unicast in multicast filter
12-09 10:53:18.900 20545 20545 E wpa_supplicant: nl80211: Failed to open /proc/sys/net/ipv4/conf/wlan0/drop_unicast_in_l2_multicast: No such file or directory
12-09 10:53:18.900 20545 20545 E wpa_supplicant: nl80211: Failed to set IPv4 unicast in multicast filter
12-09 10:53:19.209 21257 21257 E rrierdefaultap: Not starting debugger since process cannot load the jdwp agent.
12-09 10:53:19.337  1629  1629 E android.hardware.wifi@1.0-service: Failed to open directory: Permission denied
12-09 10:53:19.337  1629  1629 E android.hardware.wifi@1.0-service: Error occurred while deleting old tombstone files
12-09 10:53:19.337  1629  1629 E android.hardware.wifi@1.0-service: Error writing files to flash
12-09 10:53:19.360  2378  2378 E BeaconBle: Missing BluetoothAdapter
12-09 10:53:19.640  2378  2378 E BeaconBle: Scan couldn't start for Places
12-09 10:53:19.816  2378 20623 E WakeLock: GCM_HB_ALARM release without a matched acquire!
12-09 10:53:20.091  2378 20623 E GCM     : Connection closed with errorCode 20
12-09 10:53:20.211  2378 20623 E WakeLock: GCM_CONN_ALARM release without a matched acquire!
12-09 10:53:20.218  1885  1971 E WifiP2pService: Unhandled message { when=0 what=131204 target=com.android.internal.util.StateMachine$SmHandler }
12-09 10:53:20.329  1885  1903 E BatteryExternalStatsWorker: no controller energy info supplied for wifi
12-09 10:53:20.365  1885  1903 E BatteryExternalStatsWorker: no controller energy info supplied for wifi
12-09 10:53:21.174 21099 21099 E ContextIntentStarter: No activity found for any of the 0 intents
12-09 10:53:22.454  1739  1762 E storaged: getDiskStats failed with result NOT_SUPPORTED and size 0
12-09 10:54:14.665  1834  1834 E netmgr  : Failed to open QEMU pipe 'qemud:network': Invalid argument
12-09 10:54:14.665  1834  1834 E netmgr  : WifiForwarder unable to open QEMU pipe: Invalid argument
12-09 10:54:22.264 30523 20134 E SQLiteCastStore: Skip saving CastDeviceInfo: "Nearby device" (__cast_nearby___V_0df94e0c-dc95-4b71-9be9-8eebeecefecb)
12-09 10:54:22.458  1739  1762 E storaged: getDiskStats failed with result NOT_SUPPORTED and size 0
12-09 10:55:14.726  1834  1834 E netmgr  : Failed to open QEMU pipe 'qemud:network': Invalid argument
12-09 10:55:14.726  1834  1834 E netmgr  : WifiForwarder unable to open QEMU pipe: Invalid argument
12-09 10:55:22.463  1739  1762 E storaged: getDiskStats failed with result NOT_SUPPORTED and size 0
12-09 10:55:35.499  1994  1994 E native  : suggestion-transformer.cc:118 suggestion picked candidate not found for id: 3
12-09 10:55:36.153  1885  4478 E WindowManager: Performed 6 layouts in a row. Skipping
12-09 10:55:36.191  1885  1938 E WindowManager: Performed 6 layouts in a row. Skipping
12-09 10:55:36.230  1885  1938 E WindowManager: Performed 6 layouts in a row. Skipping
12-09 10:55:36.254  1885  4766 E WindowManager: Performed 6 layouts in a row. Skipping
12-09 10:55:36.296  1885  1938 E WindowManager: Performed 6 layouts in a row. Skipping
12-09 10:55:36.331  1885  1938 E WindowManager: Performed 6 layouts in a row. Skipping
12-09 10:55:36.348  1885  1900 E WindowManager: Performed 6 layouts in a row. Skipping
12-09 10:55:36.377  1885  2494 E WindowManager: Performed 6 layouts in a row. Skipping
12-09 10:55:36.396  1885  1938 E WindowManager: Performed 6 layouts in a row. Skipping
12-09 10:55:36.440  1885  1938 E WindowManager: Performed 6 layouts in a row. Skipping
12-09 10:55:36.489  1885  1938 E WindowManager: Performed 6 layouts in a row. Skipping
