--------- beginning of main
--------- beginning of system
12-08 15:42:05.999  1884  1898 E ActivityManager: Failure starting process com.evancharlton.mileage
12-08 15:42:05.999  1884  1898 E ActivityManager: java.lang.SecurityException: Package com.evancharlton.mileage is currently frozen!
12-08 15:42:05.999  1884  1898 E ActivityManager: 	at com.android.server.pm.PackageManagerService.checkPackageStartable(PackageManagerService.java:4000)
12-08 15:42:05.999  1884  1898 E ActivityManager: 	at com.android.server.am.ActivityManagerService.startProcessLocked(ActivityManagerService.java:4234)
12-08 15:42:05.999  1884  1898 E ActivityManager: 	at com.android.server.am.ActivityManagerService.startProcessLocked(ActivityManagerService.java:4199)
12-08 15:42:05.999  1884  1898 E ActivityManager: 	at com.android.server.am.ActivityManagerService.startProcessLocked(ActivityManagerService.java:4181)
12-08 15:42:05.999  1884  1898 E ActivityManager: 	at com.android.server.am.ActivityManagerService.startProcessLocked(ActivityManagerService.java:4067)
12-08 15:42:05.999  1884  1898 E ActivityManager: 	at com.android.server.am.ActivityStackSupervisor.startSpecificActivityLocked(ActivityStackSupervisor.java:1715)
12-08 15:42:05.999  1884  1898 E ActivityManager: 	at com.android.server.am.ActivityStack.resumeTopActivityInnerLocked(ActivityStack.java:2764)
12-08 15:42:05.999  1884  1898 E ActivityManager: 	at com.android.server.am.ActivityStack.resumeTopActivityUncheckedLocked(ActivityStack.java:2302)
12-08 15:42:05.999  1884  1898 E ActivityManager: 	at com.android.server.am.ActivityStackSupervisor.resumeFocusedStackTopActivityLocked(ActivityStackSupervisor.java:2234)
12-08 15:42:05.999  1884  1898 E ActivityManager: 	at com.android.server.am.ActivityStackSupervisor.resumeFocusedStackTopActivityLocked(ActivityStackSupervisor.java:2218)
12-08 15:42:05.999  1884  1898 E ActivityManager: 	at com.android.server.am.ActivityManagerService.handleAppDiedLocked(ActivityManagerService.java:5923)
12-08 15:42:05.999  1884  1898 E ActivityManager: 	at com.android.server.am.ActivityManagerService.removeProcessLocked(ActivityManagerService.java:7501)
12-08 15:42:05.999  1884  1898 E ActivityManager: 	at com.android.server.am.ActivityManagerService.killPackageProcessesLocked(ActivityManagerService.java:7142)
12-08 15:42:05.999  1884  1898 E ActivityManager: 	at com.android.server.am.ActivityManagerService.forceStopPackageLocked(ActivityManagerService.java:7275)
12-08 15:42:05.999  1884  1898 E ActivityManager: 	at com.android.server.am.ActivityManagerService$MainHandler.handleMessage(ActivityManagerService.java:2289)
12-08 15:42:05.999  1884  1898 E ActivityManager: 	at android.os.Handler.dispatchMessage(Handler.java:106)
12-08 15:42:05.999  1884  1898 E ActivityManager: 	at android.os.Looper.loop(Looper.java:193)
12-08 15:42:05.999  1884  1898 E ActivityManager: 	at android.os.HandlerThread.run(HandlerThread.java:65)
12-08 15:42:05.999  1884  1898 E ActivityManager: 	at com.android.server.ServiceThread.run(ServiceThread.java:44)
12-08 15:42:07.124  2439  5066 E ctxmgr  : [ProducerStatusImpl]updateStateForNewContextData: inactive, contextName=7
12-08 15:42:07.578  2439  2439 E BeaconBle: Scan couldn't start for Places
12-08 15:42:08.741  1731  1934 E         : Couldn't opendir /data/app/vmdl2029240725.tmp: No such file or directory
12-08 15:42:08.741  1731  1934 E installd: Failed to delete /data/app/vmdl2029240725.tmp: No such file or directory
12-08 15:42:09.651  7108  7108 E harlton.mileag: Not starting debugger since process cannot load the jdwp agent.
12-08 15:42:20.208  1884  1897 E memtrack: Couldn't load memtrack module
12-08 15:42:20.759  1884  1901 E libprocessgroup: Error encountered killing process cgroup uid 99005 pid 6989: No such file or directory
12-08 15:42:24.009  2413  4461 E s.nexuslaunche: Failed to open APK '/data/app/com.evancharlton.mileage-Y2NFgt3i2PzEzFRShIIiiQ==/base.apk' I/O error
12-08 15:42:24.009  2413  4461 E ResourcesManager: failed to add asset path /data/app/com.evancharlton.mileage-Y2NFgt3i2PzEzFRShIIiiQ==/base.apk
12-08 15:42:24.688  2439  7036 E ctxmgr  : [ProducerStatusImpl]updateStateForNewContextData: inactive, contextName=7
12-08 15:42:25.083  2439  2439 E BeaconBle: Missing BluetoothAdapter
12-08 15:42:25.154  2439  2439 E BeaconBle: Scan couldn't start for Places
12-08 15:42:27.784  2826  2826 E ContextIntentStarter: No activity found for any of the 0 intents
12-08 15:42:28.261  6647  6647 E wpa_supplicant: nl80211: Failed to open /proc/sys/net/ipv4/conf/p2p-dev-wlan0/drop_unicast_in_l2_multicast: No such file or directory
12-08 15:42:28.261  6647  6647 E wpa_supplicant: nl80211: Failed to set IPv4 unicast in multicast filter
12-08 15:42:28.262  6647  6647 E wpa_supplicant: nl80211: Failed to open /proc/sys/net/ipv4/conf/p2p-dev-wlan0/drop_unicast_in_l2_multicast: No such file or directory
12-08 15:42:28.262  6647  6647 E wpa_supplicant: nl80211: Failed to set IPv4 unicast in multicast filter
12-08 15:42:28.382  6647  6647 E wpa_supplicant: nl80211: Failed to open /proc/sys/net/ipv4/conf/wlan0/drop_unicast_in_l2_multicast: No such file or directory
12-08 15:42:28.382  6647  6647 E wpa_supplicant: nl80211: Failed to set IPv4 unicast in multicast filter
12-08 15:42:28.387  6647  6647 E wpa_supplicant: nl80211: Failed to open /proc/sys/net/ipv4/conf/wlan0/drop_unicast_in_l2_multicast: No such file or directory
12-08 15:42:28.387  6647  6647 E wpa_supplicant: nl80211: Failed to set IPv4 unicast in multicast filter
12-08 15:42:28.480  6647  6647 E wpa_supplicant: nl80211: Failed to open /proc/sys/net/ipv4/conf/wlan0/drop_unicast_in_l2_multicast: No such file or directory
12-08 15:42:28.480  6647  6647 E wpa_supplicant: nl80211: Failed to set IPv4 unicast in multicast filter
12-08 15:42:28.538  1884  6655 E ConnectivityPacketTracker.wlan0: readPacket error: 
12-08 15:42:28.538  1884  6655 E ConnectivityPacketTracker.wlan0: android.system.ErrnoException: read failed: ENETDOWN (Network is down)
12-08 15:42:28.538  1884  6655 E ConnectivityPacketTracker.wlan0: 	at libcore.io.Linux.readBytes(Native Method)
12-08 15:42:28.538  1884  6655 E ConnectivityPacketTracker.wlan0: 	at libcore.io.Linux.read(Linux.java:184)
12-08 15:42:28.538  1884  6655 E ConnectivityPacketTracker.wlan0: 	at libcore.io.BlockGuardOs.read(BlockGuardOs.java:254)
12-08 15:42:28.538  1884  6655 E ConnectivityPacketTracker.wlan0: 	at android.system.Os.read(Os.java:414)
12-08 15:42:28.538  1884  6655 E ConnectivityPacketTracker.wlan0: 	at android.net.util.PacketReader.readPacket(PacketReader.java:137)
12-08 15:42:28.538  1884  6655 E ConnectivityPacketTracker.wlan0: 	at android.net.util.PacketReader.handleInput(PacketReader.java:207)
12-08 15:42:28.538  1884  6655 E ConnectivityPacketTracker.wlan0: 	at android.net.util.PacketReader.access$100(PacketReader.java:70)
12-08 15:42:28.538  1884  6655 E ConnectivityPacketTracker.wlan0: 	at android.net.util.PacketReader$1.onFileDescriptorEvents(PacketReader.java:189)
12-08 15:42:28.538  1884  6655 E ConnectivityPacketTracker.wlan0: 	at android.os.MessageQueue.dispatchEvents(MessageQueue.java:285)
12-08 15:42:28.538  1884  6655 E ConnectivityPacketTracker.wlan0: 	at android.os.MessageQueue.nativePollOnce(Native Method)
12-08 15:42:28.538  1884  6655 E ConnectivityPacketTracker.wlan0: 	at android.os.MessageQueue.next(MessageQueue.java:326)
12-08 15:42:28.538  1884  6655 E ConnectivityPacketTracker.wlan0: 	at android.os.Looper.loop(Looper.java:160)
12-08 15:42:28.538  1884  6655 E ConnectivityPacketTracker.wlan0: 	at android.os.HandlerThread.run(HandlerThread.java:65)
12-08 15:42:28.539  1884  6677 E DhcpClient: Read error
12-08 15:42:28.539  1884  6677 E DhcpClient: android.system.ErrnoException: read failed: ENETDOWN (Network is down)
12-08 15:42:28.539  1884  6677 E DhcpClient: 	at libcore.io.Linux.readBytes(Native Method)
12-08 15:42:28.539  1884  6677 E DhcpClient: 	at libcore.io.Linux.read(Linux.java:184)
12-08 15:42:28.539  1884  6677 E DhcpClient: 	at libcore.io.BlockGuardOs.read(BlockGuardOs.java:254)
12-08 15:42:28.539  1884  6677 E DhcpClient: 	at android.system.Os.read(Os.java:414)
12-08 15:42:28.539  1884  6677 E DhcpClient: 	at android.net.dhcp.DhcpClient$ReceiveThread.run(DhcpClient.java:364)
12-08 15:42:28.688  1628  1628 E android.hardware.wifi@1.0-service: Failed to open directory: Permission denied
12-08 15:42:28.688  1628  1628 E android.hardware.wifi@1.0-service: Error occurred while deleting old tombstone files
12-08 15:42:28.688  1628  1628 E android.hardware.wifi@1.0-service: Error writing files to flash
12-08 15:42:29.037  1884  1967 E SupplicantStaIfaceHal: Can't call setPowerSave, ISupplicantStaIface is null
12-08 15:42:29.037  1884  1967 E SupplicantStaIfaceHal: Can't call setBtCoexistenceMode, ISupplicantStaIface is null
12-08 15:42:29.140  1884  1967 E HalDevMgr: Should have at least 1 chip!
12-08 15:42:29.140  1884  1967 E HalDevMgr: dispatchAvailableForRequestListeners: no chip info found
12-08 15:42:29.144  1884  1967 E SupplicantStaIfaceHal: Can't call listNetworks, ISupplicantStaIface is null
12-08 15:42:29.144  1884  1967 E SupplicantStaIfaceHal: removeAllNetworks failed, got null networks
12-08 15:42:29.144  1884  1967 E WifiStateMachine: Failed to remove networks on exiting connect mode
12-08 15:42:29.148  1884  1969 E WifiP2pService: Unhandled message { when=-4ms what=131204 target=com.android.internal.util.StateMachine$SmHandler }
12-08 15:42:29.241  2439  6827 E WakeLock: GCM_HB_ALARM release without a matched acquire!
12-08 15:42:29.244  2439  6827 E GCM     : Connection closed with errorCode 20
12-08 15:42:29.264  1884  1968 E WificondControl: No valid wificond scanner interface handler
12-08 15:42:29.267  2439  6827 E WakeLock: GCM_CONN_ALARM release without a matched acquire!
12-08 15:42:29.298  1884  1902 E BatteryExternalStatsWorker: no controller energy info supplied for wifi
12-08 15:42:29.867  1628  1628 E android.hardware.wifi@1.0-service: Failed to register radio mode change callback
12-08 15:42:29.868  1628  1628 E android.hardware.wifi@1.0-service: Failed to set DFS flag; DFS channels may be unavailable.
12-08 15:42:29.992  1740  1740 E wificond: No Offload Service available
12-08 15:42:29.993  1884  1967 E SupplicantStaIfaceHal: Can't call setupIface, ISupplicantStaIface is null
12-08 15:42:30.090  1884  1968 E WifiVendorHal: getBgScanCapabilities(l.671) failed {.code = ERROR_NOT_SUPPORTED, .description = }
12-08 15:42:30.166  1884  1969 E WifiP2pService: Unhandled message { when=-2ms what=131203 target=com.android.internal.util.StateMachine$SmHandler }
12-08 15:42:30.264  1884  1969 E WifiP2pService: Unhandled message { when=-3ms what=131203 target=com.android.internal.util.StateMachine$SmHandler }
12-08 15:42:30.319  1884  1902 E BatteryExternalStatsWorker: no controller energy info supplied for wifi
12-08 15:42:30.325  2439  7183 E WakeLock: GCM_HB_ALARM release without a matched acquire!
12-08 15:42:30.352  2439  7183 E WakeLock: GCM_CONN_ALARM release without a matched acquire!
12-08 15:42:30.372  1884  1902 E BatteryExternalStatsWorker: no controller energy info supplied for wifi
12-08 15:42:30.560  2413  2413 E SchedPolicy: set_timerslack_ns write failed: Operation not permitted
12-08 15:42:30.667  2413  2413 E SchedPolicy: set_timerslack_ns write failed: Operation not permitted
12-08 15:42:34.151  1884  1902 E BatteryExternalStatsWorker: no controller energy info supplied for wifi
12-08 15:42:34.204  1884  1967 E WifiVendorHal: stopRssiMonitoring(l.2404) failed {.code = ERROR_NOT_AVAILABLE, .description = }
12-08 15:42:34.684  2439  7201 E WakeLock: GCM_CONN_ALARM release without a matched acquire!
12-08 15:42:35.052  1737  1805 E Netd    : Error adding route ::/0 -> fe80::ff:fe00:100 wlan0 to table 1003: File exists
12-08 15:42:41.067  7108  7108 E SpannableStringBuilder: SPAN_EXCLUSIVE_EXCLUSIVE spans cannot have a zero length
12-08 15:42:41.067  7108  7108 E SpannableStringBuilder: SPAN_EXCLUSIVE_EXCLUSIVE spans cannot have a zero length
12-08 15:42:42.051  1827  1827 E netmgr  : Failed to open QEMU pipe 'qemud:network': Invalid argument
12-08 15:42:42.051  1827  1827 E netmgr  : WifiForwarder unable to open QEMU pipe: Invalid argument
