--------- beginning of system
12-07 06:32:55.384  1880  1897 E AutofillSession: No assist structure - app might have crashed providing it
12-07 06:33:12.461  1735  1809 E storaged: getDiskStats failed with result NOT_SUPPORTED and size 0
12-07 06:34:14.347  1735  1809 E storaged: getDiskStats failed with result NOT_SUPPORTED and size 0
12-07 06:35:14.372  1735  1809 E storaged: getDiskStats failed with result NOT_SUPPORTED and size 0
12-07 06:35:24.321 26518 26518 E SchedPolicy: set_timerslack_ns write failed: Operation not permitted
12-07 06:35:36.139 26518 26518 E SchedPolicy: set_timerslack_ns write failed: Operation not permitted
12-07 06:35:38.972 26518 26518 E SchedPolicy: set_timerslack_ns write failed: Operation not permitted
12-07 06:35:39.020 26518 26518 E SchedPolicy: set_timerslack_ns write failed: Operation not permitted
12-07 06:36:15.627  1735  1809 E storaged: getDiskStats failed with result NOT_SUPPORTED and size 0
12-07 06:37:17.592  1735  1809 E storaged: getDiskStats failed with result NOT_SUPPORTED and size 0
12-07 06:38:19.459  1735  1809 E storaged: getDiskStats failed with result NOT_SUPPORTED and size 0
12-07 06:38:34.684 26518 26518 E SchedPolicy: set_timerslack_ns write failed: Operation not permitted
12-07 06:38:34.803 26518 26518 E SchedPolicy: set_timerslack_ns write failed: Operation not permitted
12-07 06:39:19.461  1735  1809 E storaged: getDiskStats failed with result NOT_SUPPORTED and size 0
12-07 06:40:21.501  1735  1809 E storaged: getDiskStats failed with result NOT_SUPPORTED and size 0
--------- beginning of main
12-07 06:40:29.129  1610  1692 E audio_hw_generic: pcm_write failed cannot write stream data: I/O error
12-07 06:40:48.757  1829  1829 E netmgr  : Failed to open QEMU pipe 'qemud:network': Invalid argument
12-07 06:40:48.758  1829  1829 E netmgr  : WifiForwarder unable to open QEMU pipe: Invalid argument
12-07 06:41:11.348  2378 27248 E ctxmgr  : [ProducerStatusImpl]updateStateForNewContextData: inactive, contextName=7
12-07 06:41:11.398  2378 27248 E ctxmgr  : [ProducerStatusImpl]updateStateForNewContextData: inactive, contextName=1
12-07 06:41:11.401  2378 27248 E ctxmgr  : [ProducerStatusImpl]updateStateForNewContextData: inactive, contextName=1
12-07 06:41:13.769  2378  2378 E BeaconBle: Missing BluetoothAdapter
12-07 06:41:13.869  2378  2378 E BeaconBle: Scan couldn't start for Places
12-07 06:41:21.505  1735  1809 E storaged: getDiskStats failed with result NOT_SUPPORTED and size 0
12-07 06:41:28.799  1610 27389 E audio_hw_generic: pcm_open(in) failed: cannot open device '/dev/snd/pcmC0D0c': Device or resource busy: channels 2 format 0 rate 16000
12-07 06:41:29.066 27394 27394 E boxed_process2: Not starting debugger since process cannot load the jdwp agent.
12-07 06:41:49.039  1829  1829 E netmgr  : Failed to open QEMU pipe 'qemud:network': Invalid argument
12-07 06:41:49.039  1829  1829 E netmgr  : WifiForwarder unable to open QEMU pipe: Invalid argument
12-07 06:42:21.970  1735  1809 E storaged: getDiskStats failed with result NOT_SUPPORTED and size 0
12-07 06:42:22.340  2378 27363 E ctxmgr  : [ProducerStatusImpl]updateStateForNewContextData: inactive, contextName=7
12-07 06:42:24.737  2378  2378 E BeaconBle: Missing BluetoothAdapter
12-07 06:42:27.053  2378  2378 E BeaconBle: Scan couldn't start for Places
12-07 06:42:32.339 27438 27438 E boxed_process2: Not starting debugger since process cannot load the jdwp agent.
12-07 06:42:49.619  1829  1829 E netmgr  : Failed to open QEMU pipe 'qemud:network': Invalid argument
12-07 06:42:49.620  1829  1829 E netmgr  : WifiForwarder unable to open QEMU pipe: Invalid argument
12-07 06:43:02.290  2780  2915 E PlayCommon: [145] com.google.android.play.b.g.a(448): Failed to connect to server: java.net.UnknownHostException: Unable to resolve host "play.googleapis.com": No address associated with hostname
12-07 06:43:22.143  1735  1809 E storaged: getDiskStats failed with result NOT_SUPPORTED and size 0
12-07 06:43:32.291  2378 27370 E ctxmgr  : [ProducerStatusImpl]updateStateForNewContextData: inactive, contextName=7
12-07 06:43:34.616  2378  2378 E BeaconBle: Missing BluetoothAdapter
12-07 06:43:34.844  2378  2378 E BeaconBle: Scan couldn't start for Places
12-07 06:43:42.434 27485 27485 E boxed_process2: Not starting debugger since process cannot load the jdwp agent.
12-07 06:43:49.795  1829  1829 E netmgr  : Failed to open QEMU pipe 'qemud:network': Invalid argument
12-07 06:43:49.796  1829  1829 E netmgr  : WifiForwarder unable to open QEMU pipe: Invalid argument
12-07 06:44:09.945  2378 27429 E ctxmgr  : [ProducerStatusImpl]updateStateForNewContextData: inactive, contextName=7
12-07 06:44:10.033  2378 27429 E ctxmgr  : [ProducerStatusImpl]updateStateForNewContextData: inactive, contextName=1
12-07 06:44:10.034  2378 27429 E ctxmgr  : [ProducerStatusImpl]updateStateForNewContextData: inactive, contextName=1
12-07 06:44:12.426  2378  2378 E BeaconBle: Missing BluetoothAdapter
12-07 06:44:12.478  2378  2378 E BeaconBle: Scan couldn't start for Places
12-07 06:44:14.568  1722  1748 E IPCThreadState: binder thread pool (4 threads) starved for 2274 ms
12-07 06:44:22.215  1735  1809 E storaged: getDiskStats failed with result NOT_SUPPORTED and size 0
12-07 06:44:51.821  1829  1829 E netmgr  : Failed to open QEMU pipe 'qemud:network': Invalid argument
12-07 06:44:51.821  1829  1829 E netmgr  : WifiForwarder unable to open QEMU pipe: Invalid argument
12-07 06:45:22.216  1735  1809 E storaged: getDiskStats failed with result NOT_SUPPORTED and size 0
