--------- beginning of main
--------- beginning of system
12-08 04:57:23.558 21178 21178 E oid.documentsu: Not starting debugger since process cannot load the jdwp agent.
12-08 04:57:23.559 21167 21167 E id.defcontaine: Not starting debugger since process cannot load the jdwp agent.
12-08 04:57:23.683 21203 21203 E ndroid.keychai: Not starting debugger since process cannot load the jdwp agent.
12-08 04:57:24.676 21250 21250 E droid.apps.doc: Not starting debugger since process cannot load the jdwp agent.
12-08 04:57:25.122 16506 16506 E BeaconBle: Missing BluetoothAdapter
12-08 04:57:25.283 16506 16506 E BeaconBle: Scan couldn't start for Places
12-08 04:57:25.977 21275 21275 E d.process.medi: Not starting debugger since process cannot load the jdwp agent.
12-08 04:57:26.460 21295 21295 E ocess.gservice: Not starting debugger since process cannot load the jdwp agent.
12-08 04:57:27.493 21250 21250 E DocsApplication: [main] No default account found during application creation.
12-08 04:57:28.445  1729  2327 E         : Couldn't opendir /data/app/vmdl166342438.tmp: No such file or directory
12-08 04:57:28.446  1729  2327 E installd: Failed to delete /data/app/vmdl166342438.tmp: No such file or directory
12-08 04:57:30.042 16506 21003 E ctxmgr  : [AppIntervalImpl]closeInterval: ongoing
12-08 04:57:30.085 16506 21003 E ctxmgr  : [AppIntervalImpl]closeInterval: ongoing
12-08 04:57:32.640 21353 21353 E harlton.mileag: Not starting debugger since process cannot load the jdwp agent.
12-08 04:57:34.649 16085 31762 E putmethod.lati: Invalid ID 0x00000001.
12-08 04:57:34.655 16085 31762 E LstmTrainingCache: emn: Can't get resource name for input slot
12-08 04:57:34.655 16085 31762 E LstmTrainingCache: android.content.res.Resources$NotFoundException: Unable to find resource ID #0x1
12-08 04:57:34.655 16085 31762 E LstmTrainingCache: 	at android.content.res.ResourcesImpl.getResourceName(ResourcesImpl.java:255)
12-08 04:57:34.655 16085 31762 E LstmTrainingCache: 	at android.content.res.Resources.getResourceName(Resources.java:1954)
12-08 04:57:34.655 16085 31762 E LstmTrainingCache: 	at emn.a(PG:12)
12-08 04:57:34.655 16085 31762 E LstmTrainingCache: 	at emk.run(PG:5)
12-08 04:57:34.655 16085 31762 E LstmTrainingCache: 	at java.lang.Thread.run(Thread.java:764)
12-08 04:57:35.432  1737  1809 E storaged: getDiskStats failed with result NOT_SUPPORTED and size 0
12-08 04:57:42.603 15976 18399 E WindowManager: Performed 6 layouts in a row. Skipping
12-08 04:57:42.625 15976 16026 E WindowManager: Performed 6 layouts in a row. Skipping
12-08 04:57:42.764 15976 16026 E WindowManager: Performed 6 layouts in a row. Skipping
12-08 04:57:42.814 15976 16026 E WindowManager: Performed 6 layouts in a row. Skipping
12-08 04:57:42.841 15976 16026 E WindowManager: Performed 6 layouts in a row. Skipping
12-08 04:57:42.861 15976 16026 E WindowManager: Performed 6 layouts in a row. Skipping
12-08 04:57:42.884 15976 15991 E WindowManager: Performed 6 layouts in a row. Skipping
12-08 04:57:42.925 15976 16026 E WindowManager: Performed 6 layouts in a row. Skipping
12-08 04:57:42.958 15976 16026 E WindowManager: Performed 6 layouts in a row. Skipping
12-08 04:57:43.011 15976 18399 E WindowManager: Performed 6 layouts in a row. Skipping
12-08 04:57:43.049 15976 16026 E WindowManager: Performed 6 layouts in a row. Skipping
12-08 04:57:43.159 15976 16026 E WindowManager: Performed 6 layouts in a row. Skipping
12-08 04:57:43.184 15976 16026 E WindowManager: Performed 6 layouts in a row. Skipping
12-08 04:57:43.216 15976 18399 E WindowManager: Performed 6 layouts in a row. Skipping
12-08 04:57:43.285 15976 16026 E WindowManager: Performed 6 layouts in a row. Skipping
12-08 04:57:43.335 15976 16026 E WindowManager: Performed 6 layouts in a row. Skipping
12-08 04:57:46.273 21387 21387 E emui:screensho: Not starting debugger since process cannot load the jdwp agent.
12-08 04:57:47.348 21387 21387 E SoundPool: error loading /product/media/audio/ui/camera_click.ogg
12-08 04:57:47.627  1739  2068 E OMXNodeInstance: getConfig(0xee326b40:google.vorbis.decoder, ConfigAndroidVendorExtension(0x6f100004)) ERROR: Undefined(0x80001001)
12-08 04:57:49.588 16085 16085 E RecyclerView: No adapter attached; skipping layout
12-08 04:57:53.221 16506 16506 E BeaconBle: Missing BluetoothAdapter
12-08 04:57:53.285 16506 16506 E BeaconBle: Scan couldn't start for Places
12-08 04:58:00.715 21437 21437 E oid.apps.photo: Not starting debugger since process cannot load the jdwp agent.
12-08 04:58:13.977  1829  1829 E netmgr  : Failed to open QEMU pipe 'qemud:network': Invalid argument
12-08 04:58:13.978  1829  1829 E netmgr  : WifiForwarder unable to open QEMU pipe: Invalid argument
12-08 04:58:16.580 10641 10641 E ContextIntentStarter: No activity found for any of the 0 intents
12-08 04:58:17.387 15976 18399 E WindowManager: Performed 6 layouts in a row. Skipping
12-08 04:58:17.412 15976 16026 E WindowManager: Performed 6 layouts in a row. Skipping
12-08 04:58:17.498 15976 16026 E WindowManager: Performed 6 layouts in a row. Skipping
12-08 04:58:17.555 15976 16026 E WindowManager: Performed 6 layouts in a row. Skipping
12-08 04:58:17.594 15976 16026 E WindowManager: Performed 6 layouts in a row. Skipping
12-08 04:58:17.616 15976 15991 E WindowManager: Performed 6 layouts in a row. Skipping
12-08 04:58:29.672 15927 21501 E audio_hw_generic: pcm_open(in) failed: cannot open device '/dev/snd/pcmC0D0c': Device or resource busy: channels 2 format 0 rate 16000
12-08 04:58:29.693 16506 21003 E ctxmgr  : [AppIntervalImpl]closeInterval: ongoing
12-08 04:58:29.698 16506 21003 E ctxmgr  : [AppIntervalImpl]closeInterval: ongoing
12-08 04:58:35.468  1737  1809 E storaged: getDiskStats failed with result NOT_SUPPORTED and size 0
12-08 04:58:47.754 21508 21508 E id.partnersetu: Not starting debugger since process cannot load the jdwp agent.
12-08 04:59:14.024  1829  1829 E netmgr  : Failed to open QEMU pipe 'qemud:network': Invalid argument
12-08 04:59:14.024  1829  1829 E netmgr  : WifiForwarder unable to open QEMU pipe: Invalid argument
12-08 04:59:35.491  1737  1809 E storaged: getDiskStats failed with result NOT_SUPPORTED and size 0
12-08 04:59:43.552 21544 21544 E id.gms.learnin: Not starting debugger since process cannot load the jdwp agent.
12-08 04:59:56.752 16788 17129 E PlayCommon: [121] com.google.android.play.b.g.a(448): Failed to connect to server: java.net.UnknownHostException: Unable to resolve host "play.googleapis.com": No address associated with hostname
12-08 05:00:14.087  1829  1829 E netmgr  : Failed to open QEMU pipe 'qemud:network': Invalid argument
12-08 05:00:14.087  1829  1829 E netmgr  : WifiForwarder unable to open QEMU pipe: Invalid argument
12-08 05:00:35.514  1737  1809 E storaged: getDiskStats failed with result NOT_SUPPORTED and size 0
12-08 05:01:14.088  1829  1829 E netmgr  : Failed to open QEMU pipe 'qemud:network': Invalid argument
12-08 05:01:14.088  1829  1829 E netmgr  : WifiForwarder unable to open QEMU pipe: Invalid argument
12-08 05:01:35.517  1737  1809 E storaged: getDiskStats failed with result NOT_SUPPORTED and size 0
