--------- beginning of main
--------- beginning of system
12-08 02:02:17.080 30338 30338 E id.defcontaine: Not starting debugger since process cannot load the jdwp agent.
12-08 02:02:17.229 30352 30352 E oid.documentsu: Not starting debugger since process cannot load the jdwp agent.
12-08 02:02:17.275 30360 30360 E ndroid.keychai: Not starting debugger since process cannot load the jdwp agent.
12-08 02:02:18.145 30416 30416 E droid.apps.doc: Not starting debugger since process cannot load the jdwp agent.
12-08 02:02:19.416 30442 30442 E d.process.medi: Not starting debugger since process cannot load the jdwp agent.
12-08 02:02:20.404 30416 30416 E DocsApplication: [main] No default account found during application creation.
12-08 02:02:22.470 16506 17111 E PlaceInferenceEngine: Position timestamp out of order. Previous: 1544252280000, Current: 1544234542000. Skipping this Position.
12-08 02:02:22.908 16506 16506 E BeaconBle: Missing BluetoothAdapter
12-08 02:02:23.253 16506 16506 E BeaconBle: Scan couldn't start for Places
12-08 02:02:23.285  1729  1931 E         : Couldn't opendir /data/app/vmdl890097055.tmp: No such file or directory
12-08 02:02:23.285  1729  1931 E installd: Failed to delete /data/app/vmdl890097055.tmp: No such file or directory
12-08 02:02:27.666 30517 30517 E harlton.mileag: Not starting debugger since process cannot load the jdwp agent.
12-08 02:02:32.046  1737  1809 E storaged: getDiskStats failed with result NOT_SUPPORTED and size 0
12-08 02:02:34.420 30517 30517 E SpannableStringBuilder: SPAN_EXCLUSIVE_EXCLUSIVE spans cannot have a zero length
12-08 02:02:34.420 30517 30517 E SpannableStringBuilder: SPAN_EXCLUSIVE_EXCLUSIVE spans cannot have a zero length
12-08 02:02:44.938 16506 29593 E ctxmgr  : [AppIntervalImpl]closeInterval: stopTimeMillis invalid, stop=1544234564938, start=1544238227857
12-08 02:02:44.961 16506 29593 E ctxmgr  : [AppIntervalImpl]closeInterval: stopTimeMillis invalid, stop=1544234564960, start=1544238227858
12-08 02:02:47.347 30553 30553 E emui:screensho: Not starting debugger since process cannot load the jdwp agent.
12-08 02:02:50.206 30553 30553 E SoundPool: error loading /product/media/audio/ui/camera_click.ogg
12-08 02:02:50.429  1724  1876 E SurfaceFlinger: ro.sf.lcd_density must be defined as a build property
12-08 02:02:50.505  1739  1778 E OMXNodeInstance: getConfig(0xee326c00:google.vorbis.decoder, ConfigAndroidVendorExtension(0x6f100004)) ERROR: Undefined(0x80001001)
12-08 02:02:50.587  1724  1876 E SurfaceFlinger: ro.sf.lcd_density must be defined as a build property
12-08 02:02:56.074 16506 16506 E BeaconBle: Missing BluetoothAdapter
12-08 02:02:56.118 16506 16506 E BeaconBle: Scan couldn't start for Places
12-08 02:02:59.572 15976 15989 E memtrack: Couldn't load memtrack module
12-08 02:02:59.685 15976 15989 E memtrack: Couldn't load memtrack module
12-08 02:02:59.790 15976 15989 E memtrack: Couldn't load memtrack module
12-08 02:03:04.194 30602 30602 E oid.apps.photo: Not starting debugger since process cannot load the jdwp agent.
12-08 02:03:10.409  1829  1829 E netmgr  : Failed to open QEMU pipe 'qemud:network': Invalid argument
12-08 02:03:10.410  1829  1829 E netmgr  : WifiForwarder unable to open QEMU pipe: Invalid argument
12-08 02:03:10.932 15976 15989 E memtrack: Couldn't load memtrack module
12-08 02:03:14.447 15976 15989 E memtrack: Couldn't load memtrack module
12-08 02:03:14.502 15976 15989 E memtrack: Couldn't load memtrack module
12-08 02:03:21.739 16561 16561 E ContextIntentStarter: No activity found for any of the 0 intents
12-08 02:03:29.730 16506 30447 E ctxmgr  : [AppIntervalImpl]closeInterval: stopTimeMillis invalid, stop=1544234609730, start=1544238227857
12-08 02:03:29.746 16506 30447 E ctxmgr  : [AppIntervalImpl]closeInterval: stopTimeMillis invalid, stop=1544234609745, start=1544238227858
12-08 02:03:29.890 16561 16708 E MicroDetectionWorker: Stale runnable..ignoring
12-08 02:03:30.906 16506 16506 E BeaconBle: Scan couldn't start for Places
12-08 02:03:32.091  1737  1809 E storaged: getDiskStats failed with result NOT_SUPPORTED and size 0
12-08 02:03:33.453 30676 30676 E id.partnersetu: Not starting debugger since process cannot load the jdwp agent.
12-08 02:03:34.010 30691 30691 E boxed_process3: Not starting debugger since process cannot load the jdwp agent.
12-08 02:03:34.694 15976 15989 E memtrack: Couldn't load memtrack module
12-08 02:03:34.785 16561 16561 E ClientVe: Failed to create ClientVisualElementsProto for user interaction on view com.google.android.apps.gsa.searchbox.ui.suggestions.views.CoreSuggestionView{544ca35 VFE...CL. ...P.... 0,436-1038,583 #164} because the view is not tagged for visual element logging.
12-08 02:03:34.809 16561 16561 E ClientVe: Failed to create ClientVisualElementsProto for user interaction on view com.google.android.apps.gsa.searchbox.ui.suggestions.views.CoreSuggestionView{e40e83b VFE...CL. ...P.... 0,289-1038,436 #163} because the view is not tagged for visual element logging.
12-08 02:03:35.045 16561 16561 E ClientVe: Failed to create ClientVisualElementsProto for user interaction on view com.google.android.apps.gsa.searchbox.ui.suggestions.views.CoreSuggestionView{384d4b1 VFE...CL. ...P.... 0,142-1038,289 #162} because the view is not tagged for visual element logging.
12-08 02:03:35.311 16561 16561 E ClientVe: Failed to create ClientVisualElementsProto for user interaction on view com.google.android.apps.gsa.searchbox.ui.suggestions.views.CoreSuggestionView{e40e83b VFE...CL. ...P.... 0,289-1038,436 #163} because the view is not tagged for visual element logging.
12-08 02:03:35.461 16561 16561 E ClientVe: Failed to create ClientVisualElementsProto for user interaction on view com.google.android.apps.gsa.searchbox.ui.suggestions.views.CoreSuggestionView{e40e83b VFE...CL. ...P.... 0,289-1038,436 #163} because the view is not tagged for visual element logging.
12-08 02:03:36.281 16561 16561 E ClientVe: Failed to create ClientVisualElementsProto for user interaction on view com.google.android.apps.gsa.searchbox.ui.suggestions.views.CoreSuggestionView{a42ad96 VFE...CL. ...P.... 0,583-1038,730 #165} because the view is not tagged for visual element logging.
12-08 02:03:37.633 16561 16570 E ReloadingLock: Finalizing LOCKED Token[searchresults_activity 2018-12-08 02:03:35.619]
12-08 02:03:41.036 15976 15989 E memtrack: Couldn't load memtrack module
12-08 02:03:42.086 16506 30672 E ctxmgr  : [AppIntervalImpl]closeInterval: stopTimeMillis invalid, stop=1544234622084, start=1544238227857
12-08 02:03:42.099 16506 30672 E ctxmgr  : [AppIntervalImpl]closeInterval: stopTimeMillis invalid, stop=1544234622098, start=1544238227858
