--------- beginning of system
12-09 04:04:09.808  1885  1899 E ActivityManager: Failure starting process com.evancharlton.mileage
12-09 04:04:09.808  1885  1899 E ActivityManager: java.lang.SecurityException: Package com.evancharlton.mileage is currently frozen!
12-09 04:04:09.808  1885  1899 E ActivityManager: 	at com.android.server.pm.PackageManagerService.checkPackageStartable(PackageManagerService.java:4000)
12-09 04:04:09.808  1885  1899 E ActivityManager: 	at com.android.server.am.ActivityManagerService.startProcessLocked(ActivityManagerService.java:4234)
12-09 04:04:09.808  1885  1899 E ActivityManager: 	at com.android.server.am.ActivityManagerService.startProcessLocked(ActivityManagerService.java:4199)
12-09 04:04:09.808  1885  1899 E ActivityManager: 	at com.android.server.am.ActivityManagerService.startProcessLocked(ActivityManagerService.java:4181)
12-09 04:04:09.808  1885  1899 E ActivityManager: 	at com.android.server.am.ActivityManagerService.startProcessLocked(ActivityManagerService.java:4067)
12-09 04:04:09.808  1885  1899 E ActivityManager: 	at com.android.server.am.ActivityStackSupervisor.startSpecificActivityLocked(ActivityStackSupervisor.java:1715)
12-09 04:04:09.808  1885  1899 E ActivityManager: 	at com.android.server.am.ActivityStack.resumeTopActivityInnerLocked(ActivityStack.java:2764)
12-09 04:04:09.808  1885  1899 E ActivityManager: 	at com.android.server.am.ActivityStack.resumeTopActivityUncheckedLocked(ActivityStack.java:2302)
12-09 04:04:09.808  1885  1899 E ActivityManager: 	at com.android.server.am.ActivityStackSupervisor.resumeFocusedStackTopActivityLocked(ActivityStackSupervisor.java:2234)
12-09 04:04:09.808  1885  1899 E ActivityManager: 	at com.android.server.am.ActivityStackSupervisor.resumeFocusedStackTopActivityLocked(ActivityStackSupervisor.java:2218)
12-09 04:04:09.808  1885  1899 E ActivityManager: 	at com.android.server.am.ActivityManagerService.handleAppDiedLocked(ActivityManagerService.java:5923)
12-09 04:04:09.808  1885  1899 E ActivityManager: 	at com.android.server.am.ActivityManagerService.removeProcessLocked(ActivityManagerService.java:7501)
12-09 04:04:09.808  1885  1899 E ActivityManager: 	at com.android.server.am.ActivityManagerService.killPackageProcessesLocked(ActivityManagerService.java:7142)
12-09 04:04:09.808  1885  1899 E ActivityManager: 	at com.android.server.am.ActivityManagerService.forceStopPackageLocked(ActivityManagerService.java:7275)
12-09 04:04:09.808  1885  1899 E ActivityManager: 	at com.android.server.am.ActivityManagerService$MainHandler.handleMessage(ActivityManagerService.java:2289)
12-09 04:04:09.808  1885  1899 E ActivityManager: 	at android.os.Handler.dispatchMessage(Handler.java:106)
12-09 04:04:09.808  1885  1899 E ActivityManager: 	at android.os.Looper.loop(Looper.java:193)
12-09 04:04:09.808  1885  1899 E ActivityManager: 	at android.os.HandlerThread.run(HandlerThread.java:65)
12-09 04:04:09.808  1885  1899 E ActivityManager: 	at com.android.server.ServiceThread.run(ServiceThread.java:44)
12-09 04:04:21.099  1739  1762 E storaged: getDiskStats failed with result NOT_SUPPORTED and size 0
--------- beginning of main
12-09 04:04:28.683  1994  7294 E putmethod.lati: Invalid ID 0x00000001.
12-09 04:04:28.684  1994  7294 E LstmTrainingCache: emn: Can't get resource name for input slot
12-09 04:04:28.684  1994  7294 E LstmTrainingCache: android.content.res.Resources$NotFoundException: Unable to find resource ID #0x1
12-09 04:04:28.684  1994  7294 E LstmTrainingCache: 	at android.content.res.ResourcesImpl.getResourceName(ResourcesImpl.java:255)
12-09 04:04:28.684  1994  7294 E LstmTrainingCache: 	at android.content.res.Resources.getResourceName(Resources.java:1954)
12-09 04:04:28.684  1994  7294 E LstmTrainingCache: 	at emn.a(PG:12)
12-09 04:04:28.684  1994  7294 E LstmTrainingCache: 	at emk.run(PG:5)
12-09 04:04:28.684  1994  7294 E LstmTrainingCache: 	at java.lang.Thread.run(Thread.java:764)
--------- beginning of crash
12-09 04:04:29.181  1673  1673 E AndroidRuntime: FATAL EXCEPTION: main
12-09 04:04:29.181  1673  1673 E AndroidRuntime: Process: com.evancharlton.mileage, PID: 1673
12-09 04:04:29.181  1673  1673 E AndroidRuntime: java.lang.VerifyError: Rejecting class com.evancharlton.mileage.FieldListActivity that attempts to sub-type erroneous class com.evancharlton.mileage.BaseListActivity (declaration of 'com.evancharlton.mileage.FieldListActivity' appears in base.apk)
12-09 04:04:29.181  1673  1673 E AndroidRuntime: 	at java.lang.Class.newInstance(Native Method)
12-09 04:04:29.181  1673  1673 E AndroidRuntime: 	at android.app.AppComponentFactory.instantiateActivity(AppComponentFactory.java:69)
12-09 04:04:29.181  1673  1673 E AndroidRuntime: 	at android.app.Instrumentation.newActivity(Instrumentation.java:1215)
12-09 04:04:29.181  1673  1673 E AndroidRuntime: 	at android.app.ActivityThread.performLaunchActivity(ActivityThread.java:2831)
12-09 04:04:29.181  1673  1673 E AndroidRuntime: 	at android.app.ActivityThread.handleLaunchActivity(ActivityThread.java:3048)
12-09 04:04:29.181  1673  1673 E AndroidRuntime: 	at android.app.servertransaction.LaunchActivityItem.execute(LaunchActivityItem.java:78)
12-09 04:04:29.181  1673  1673 E AndroidRuntime: 	at android.app.servertransaction.TransactionExecutor.executeCallbacks(TransactionExecutor.java:108)
12-09 04:04:29.181  1673  1673 E AndroidRuntime: 	at android.app.servertransaction.TransactionExecutor.execute(TransactionExecutor.java:68)
12-09 04:04:29.181  1673  1673 E AndroidRuntime: 	at android.app.ActivityThread$H.handleMessage(ActivityThread.java:1808)
12-09 04:04:29.181  1673  1673 E AndroidRuntime: 	at android.os.Handler.dispatchMessage(Handler.java:106)
12-09 04:04:29.181  1673  1673 E AndroidRuntime: 	at android.os.Looper.loop(Looper.java:193)
12-09 04:04:29.181  1673  1673 E AndroidRuntime: 	at android.app.ActivityThread.main(ActivityThread.java:6669)
12-09 04:04:29.181  1673  1673 E AndroidRuntime: 	at java.lang.reflect.Method.invoke(Native Method)
12-09 04:04:29.181  1673  1673 E AndroidRuntime: 	at com.android.internal.os.RuntimeInit$MethodAndArgsCaller.run(RuntimeInit.java:493)
12-09 04:04:29.181  1673  1673 E AndroidRuntime: 	at com.android.internal.os.ZygoteInit.main(ZygoteInit.java:858)
12-09 04:04:29.181  1673  1673 E AndroidRuntime: Caused by: java.lang.VerifyError: Verifier rejected class com.evancharlton.mileage.BaseListActivity: android.content.Intent com.evancharlton.mileage.BaseListActivity.createContextMenuIntent(java.lang.String, long): [0xFFFFFFFF] register index out of range (9 >= 6) (declaration of 'com.evancharlton.mileage.BaseListActivity' appears in base.apk)
12-09 04:04:29.181  1673  1673 E AndroidRuntime: 	... 15 more
12-09 04:04:29.254  1633  1633 E lowmemorykiller: Error writing /proc/1673/oom_score_adj; errno=22
12-09 04:04:30.535  1796  1796 E emui:screensho: Not starting debugger since process cannot load the jdwp agent.
12-09 04:04:30.643  2378  1545 E ctxmgr  : [ProducerStatusImpl]updateStateForNewContextData: inactive, contextName=7
12-09 04:04:30.848  2378  2378 E BeaconBle: Missing BluetoothAdapter
12-09 04:04:30.910  2378  2378 E BeaconBle: Scan couldn't start for Places
12-09 04:04:31.014  1796  1796 E SoundPool: error loading /product/media/audio/ui/camera_click.ogg
12-09 04:04:31.315  1741  2075 E OMXNodeInstance: getConfig(0xe97a6e40:google.vorbis.decoder, ConfigAndroidVendorExtension(0x6f100004)) ERROR: Undefined(0x80001001)
12-09 04:04:35.997  1854  1854 E harlton.mileag: Not starting debugger since process cannot load the jdwp agent.
12-09 04:04:39.435  1994  7294 E putmethod.lati: Invalid ID 0x00000001.
12-09 04:04:39.435  1994  7294 E LstmTrainingCache: emn: Can't get resource name for input slot
12-09 04:04:39.435  1994  7294 E LstmTrainingCache: android.content.res.Resources$NotFoundException: Unable to find resource ID #0x1
12-09 04:04:39.435  1994  7294 E LstmTrainingCache: 	at android.content.res.ResourcesImpl.getResourceName(ResourcesImpl.java:255)
12-09 04:04:39.435  1994  7294 E LstmTrainingCache: 	at android.content.res.Resources.getResourceName(Resources.java:1954)
12-09 04:04:39.435  1994  7294 E LstmTrainingCache: 	at emn.a(PG:12)
12-09 04:04:39.435  1994  7294 E LstmTrainingCache: 	at emk.run(PG:5)
12-09 04:04:39.435  1994  7294 E LstmTrainingCache: 	at java.lang.Thread.run(Thread.java:764)
12-09 04:04:39.787  1854  1854 E AndroidRuntime: FATAL EXCEPTION: main
12-09 04:04:39.787  1854  1854 E AndroidRuntime: Process: com.evancharlton.mileage, PID: 1854
12-09 04:04:39.787  1854  1854 E AndroidRuntime: java.lang.VerifyError: Rejecting class com.evancharlton.mileage.FieldListActivity that attempts to sub-type erroneous class com.evancharlton.mileage.BaseListActivity (declaration of 'com.evancharlton.mileage.FieldListActivity' appears in base.apk)
12-09 04:04:39.787  1854  1854 E AndroidRuntime: 	at java.lang.Class.newInstance(Native Method)
12-09 04:04:39.787  1854  1854 E AndroidRuntime: 	at android.app.AppComponentFactory.instantiateActivity(AppComponentFactory.java:69)
12-09 04:04:39.787  1854  1854 E AndroidRuntime: 	at android.app.Instrumentation.newActivity(Instrumentation.java:1215)
12-09 04:04:39.787  1854  1854 E AndroidRuntime: 	at android.app.ActivityThread.performLaunchActivity(ActivityThread.java:2831)
12-09 04:04:39.787  1854  1854 E AndroidRuntime: 	at android.app.ActivityThread.handleLaunchActivity(ActivityThread.java:3048)
12-09 04:04:39.787  1854  1854 E AndroidRuntime: 	at android.app.servertransaction.LaunchActivityItem.execute(LaunchActivityItem.java:78)
12-09 04:04:39.787  1854  1854 E AndroidRuntime: 	at android.app.servertransaction.TransactionExecutor.executeCallbacks(TransactionExecutor.java:108)
12-09 04:04:39.787  1854  1854 E AndroidRuntime: 	at android.app.servertransaction.TransactionExecutor.execute(TransactionExecutor.java:68)
12-09 04:04:39.787  1854  1854 E AndroidRuntime: 	at android.app.ActivityThread$H.handleMessage(ActivityThread.java:1808)
12-09 04:04:39.787  1854  1854 E AndroidRuntime: 	at android.os.Handler.dispatchMessage(Handler.java:106)
12-09 04:04:39.787  1854  1854 E AndroidRuntime: 	at android.os.Looper.loop(Looper.java:193)
12-09 04:04:39.787  1854  1854 E AndroidRuntime: 	at android.app.ActivityThread.main(ActivityThread.java:6669)
12-09 04:04:39.787  1854  1854 E AndroidRuntime: 	at java.lang.reflect.Method.invoke(Native Method)
12-09 04:04:39.787  1854  1854 E AndroidRuntime: 	at com.android.internal.os.RuntimeInit$MethodAndArgsCaller.run(RuntimeInit.java:493)
12-09 04:04:39.787  1854  1854 E AndroidRuntime: 	at com.android.internal.os.ZygoteInit.main(ZygoteInit.java:858)
12-09 04:04:39.787  1854  1854 E AndroidRuntime: Caused by: java.lang.VerifyError: Verifier rejected class com.evancharlton.mileage.BaseListActivity: android.content.Intent com.evancharlton.mileage.BaseListActivity.createContextMenuIntent(java.lang.String, long): [0xFFFFFFFF] register index out of range (9 >= 6) (declaration of 'com.evancharlton.mileage.BaseListActivity' appears in base.apk)
12-09 04:04:39.787  1854  1854 E AndroidRuntime: 	... 15 more
12-09 04:04:39.832  1633  1633 E lowmemorykiller: Error writing /proc/1854/oom_score_adj; errno=22
12-09 04:04:43.600  1922  1922 E oid.apps.photo: Not starting debugger since process cannot load the jdwp agent.
12-09 04:05:13.151  1834  1834 E netmgr  : Failed to open QEMU pipe 'qemud:network': Invalid argument
12-09 04:05:13.151  1834  1834 E netmgr  : WifiForwarder unable to open QEMU pipe: Invalid argument
12-09 04:05:21.104  1739  1762 E storaged: getDiskStats failed with result NOT_SUPPORTED and size 0
12-09 04:05:46.482  2056  2056 E id.partnersetu: Not starting debugger since process cannot load the jdwp agent.
12-09 04:05:46.994  2077  2077 E dboxed_process: Not starting debugger since process cannot load the jdwp agent.
12-09 04:05:48.130 31810 31810 E ClientVe: Failed to create ClientVisualElementsProto for user interaction on view com.google.android.apps.gsa.searchbox.ui.suggestions.views.CoreSuggestionView{8540038 VFE...CL. ...P.... 0,289-1038,436 #b} because the view is not tagged for visual element logging.
12-09 04:05:48.246 31810 31810 E ClientVe: Failed to create ClientVisualElementsProto for user interaction on view com.google.android.apps.gsa.searchbox.ui.suggestions.views.CoreSuggestionView{a47249b VFE...CL. ...P.... 0,142-1038,289 #a} because the view is not tagged for visual element logging.
12-09 04:05:48.374 31810 31810 E ClientVe: Failed to create ClientVisualElementsProto for user interaction on view com.google.android.apps.gsa.searchbox.ui.suggestions.views.CoreSuggestionView{9e1dd76 VFE...CL. ...P.... 0,583-1038,730 #d} because the view is not tagged for visual element logging.
12-09 04:05:48.914 31810 31810 E ClientVe: Failed to create ClientVisualElementsProto for user interaction on view com.google.android.apps.gsa.searchbox.ui.suggestions.views.CoreSuggestionView{8540038 VFE...CL. ...P.... 0,289-1038,436 #b} because the view is not tagged for visual element logging.
12-09 04:05:49.502 31810 31810 E ClientVe: Failed to create ClientVisualElementsProto for user interaction on view com.google.android.apps.gsa.searchbox.ui.suggestions.views.CoreSuggestionView{8540038 VFE...CL. .F....ID 0,289-1038,436 #b} because the view is not tagged for visual element logging.
12-09 04:05:50.244 31810 31810 E ClientVe: Failed to create ClientVisualElementsProto for user interaction on view com.google.android.apps.gsa.searchbox.ui.suggestions.views.CoreSuggestionView{8540038 VFE...CL. .F....ID 0,289-1038,436 #b} because the view is not tagged for visual element logging.
12-09 04:05:50.256  2107  2107 E harlton.mileag: Not starting debugger since process cannot load the jdwp agent.
12-09 04:05:54.074  2140  2140 E .android.chrom: Not starting debugger since process cannot load the jdwp agent.
12-09 04:05:55.546 31810 31818 E ReloadingLock: Finalizing LOCKED Token[searchresults_activity 2018-12-09 09:05:53.203]
12-09 04:05:55.650 31810 31810 E ContextIntentStarter: No activity found for any of the 0 intents
12-09 04:05:56.462  2210  2210 E rrierdefaultap: Not starting debugger since process cannot load the jdwp agent.
12-09 04:05:56.617   650   650 E wpa_supplicant: nl80211: Failed to open /proc/sys/net/ipv4/conf/p2p-dev-wlan0/drop_unicast_in_l2_multicast: No such file or directory
12-09 04:05:56.617   650   650 E wpa_supplicant: nl80211: Failed to set IPv4 unicast in multicast filter
12-09 04:05:56.649   650   650 E wpa_supplicant: nl80211: Failed to open /proc/sys/net/ipv4/conf/p2p-dev-wlan0/drop_unicast_in_l2_multicast: No such file or directory
12-09 04:05:56.649   650   650 E wpa_supplicant: nl80211: Failed to set IPv4 unicast in multicast filter
12-09 04:05:56.864   650   650 E wpa_supplicant: nl80211: Failed to open /proc/sys/net/ipv4/conf/wlan0/drop_unicast_in_l2_multicast: No such file or directory
12-09 04:05:56.865   650   650 E wpa_supplicant: nl80211: Failed to set IPv4 unicast in multicast filter
12-09 04:05:56.871   650   650 E wpa_supplicant: nl80211: Failed to open /proc/sys/net/ipv4/conf/wlan0/drop_unicast_in_l2_multicast: No such file or directory
12-09 04:05:56.871   650   650 E wpa_supplicant: nl80211: Failed to set IPv4 unicast in multicast filter
12-09 04:05:56.959   650   650 E wpa_supplicant: nl80211: Failed to open /proc/sys/net/ipv4/conf/wlan0/drop_unicast_in_l2_multicast: No such file or directory
12-09 04:05:56.959   650   650 E wpa_supplicant: nl80211: Failed to set IPv4 unicast in multicast filter
12-09 04:05:57.146  1629  1629 E android.hardware.wifi@1.0-service: Failed to open directory: Permission denied
12-09 04:05:57.146  1629  1629 E android.hardware.wifi@1.0-service: Error occurred while deleting old tombstone files
12-09 04:05:57.146  1629  1629 E android.hardware.wifi@1.0-service: Error writing files to flash
12-09 04:05:57.501  1885  1971 E WifiP2pService: Unhandled message { when=-13ms what=131204 target=com.android.internal.util.StateMachine$SmHandler }
12-09 04:05:57.521  1885  1903 E BatteryExternalStatsWorker: no controller energy info supplied for wifi
12-09 04:05:57.719  2378   676 E WakeLock: GCM_HB_ALARM release without a matched acquire!
12-09 04:05:57.730  2378   676 E GCM     : Connection closed with errorCode 20
12-09 04:05:57.805  2378   676 E WakeLock: GCM_CONN_ALARM release without a matched acquire!
12-09 04:05:58.453  2378  2266 E WakeLock: GCM_HB_ALARM release without a matched acquire!
12-09 04:05:58.479  2378  2266 E WakeLock: GCM_CONN_ALARM release without a matched acquire!
12-09 04:05:58.487  1629  1629 E android.hardware.wifi@1.0-service: Failed to register radio mode change callback
12-09 04:05:58.518  1629  1629 E android.hardware.wifi@1.0-service: Failed to set DFS flag; DFS channels may be unavailable.
12-09 04:05:58.731  1740  1740 E wificond: No Offload Service available
12-09 04:05:58.972  1885  1971 E WifiP2pService: Unhandled message { when=-4ms what=131203 target=com.android.internal.util.StateMachine$SmHandler }
12-09 04:05:58.990  1885  1971 E WifiP2pService: Unhandled message { when=0 what=131203 target=com.android.internal.util.StateMachine$SmHandler }
12-09 04:05:59.039  1885  1903 E BatteryExternalStatsWorker: no controller energy info supplied for wifi
12-09 04:05:59.055  1885  1903 E BatteryExternalStatsWorker: no controller energy info supplied for wifi
12-09 04:05:59.571  2274  2274 E viders.calenda: Not starting debugger since process cannot load the jdwp agent.
12-09 04:05:59.700  2298  2298 E ndroid.calenda: Not starting debugger since process cannot load the jdwp agent.
12-09 04:06:01.233  2401  2401 E droid.deskcloc: Not starting debugger since process cannot load the jdwp agent.
12-09 04:06:01.374  2401  2401 E LoadedApk: Unable to instantiate appComponentFactory
12-09 04:06:01.374  2401  2401 E LoadedApk: java.lang.ClassNotFoundException: Didn't find class "android.support.v4.app.CoreComponentFactory" on path: DexPathList[[zip file "/data/app/com.google.android.deskclock-irjeQ48B8SlCzNgOUY6aXg==/base.apk"],nativeLibraryDirectories=[/data/app/com.google.android.deskclock-irjeQ48B8SlCzNgOUY6aXg==/lib/x86, /system/lib]]
12-09 04:06:01.374  2401  2401 E LoadedApk: 	at dalvik.system.BaseDexClassLoader.findClass(BaseDexClassLoader.java:134)
12-09 04:06:01.374  2401  2401 E LoadedApk: 	at java.lang.ClassLoader.loadClass(ClassLoader.java:379)
12-09 04:06:01.374  2401  2401 E LoadedApk: 	at java.lang.ClassLoader.loadClass(ClassLoader.java:312)
12-09 04:06:01.374  2401  2401 E LoadedApk: 	at android.app.LoadedApk.createAppFactory(LoadedApk.java:226)
12-09 04:06:01.374  2401  2401 E LoadedApk: 	at android.app.LoadedApk.createOrUpdateClassLoaderLocked(LoadedApk.java:731)
12-09 04:06:01.374  2401  2401 E LoadedApk: 	at android.app.LoadedApk.getClassLoader(LoadedApk.java:810)
12-09 04:06:01.374  2401  2401 E LoadedApk: 	at android.app.LoadedApk.getResources(LoadedApk.java:1032)
12-09 04:06:01.374  2401  2401 E LoadedApk: 	at android.app.ContextImpl.createAppContext(ContextImpl.java:2345)
12-09 04:06:01.374  2401  2401 E LoadedApk: 	at android.app.ActivityThread.handleBindApplication(ActivityThread.java:5749)
12-09 04:06:01.374  2401  2401 E LoadedApk: 	at android.app.ActivityThread.access$1100(ActivityThread.java:199)
12-09 04:06:01.374  2401  2401 E LoadedApk: 	at android.app.ActivityThread$H.handleMessage(ActivityThread.java:1650)
12-09 04:06:01.374  2401  2401 E LoadedApk: 	at android.os.Handler.dispatchMessage(Handler.java:106)
12-09 04:06:01.374  2401  2401 E LoadedApk: 	at android.os.Looper.loop(Looper.java:193)
12-09 04:06:01.374  2401  2401 E LoadedApk: 	at android.app.ActivityThread.main(ActivityThread.java:6669)
12-09 04:06:01.374  2401  2401 E LoadedApk: 	at java.lang.reflect.Method.invoke(Native Method)
12-09 04:06:01.374  2401  2401 E LoadedApk: 	at com.android.internal.os.RuntimeInit$MethodAndArgsCaller.run(RuntimeInit.java:493)
12-09 04:06:01.374  2401  2401 E LoadedApk: 	at com.android.internal.os.ZygoteInit.main(ZygoteInit.java:858)
12-09 04:06:01.970  2445  2445 E com.ustwo.lwp: Not starting debugger since process cannot load the jdwp agent.
12-09 04:06:03.236  1885  1903 E BatteryExternalStatsWorker: no controller energy info supplied for wifi
12-09 04:06:03.852  2378  2517 E WakeLock: GCM_CONN_ALARM release without a matched acquire!
12-09 04:06:04.070  1737  1820 E Netd    : Error adding route ::/0 -> fe80::ff:fe00:100 wlan0 to table 1003: File exists
12-09 04:06:04.311  2518  2518 E id.gms.unstabl: Not starting debugger since process cannot load the jdwp agent.
12-09 04:06:04.469  2543  2543 E oid.apps.photo: Not starting debugger since process cannot load the jdwp agent.
12-09 04:06:13.156  1834  1834 E netmgr  : Failed to open QEMU pipe 'qemud:network': Invalid argument
12-09 04:06:13.156  1834  1834 E netmgr  : WifiForwarder unable to open QEMU pipe: Invalid argument
12-09 04:06:16.234  2613  2613 E ndroid.calenda: Not starting debugger since process cannot load the jdwp agent.
12-09 04:06:21.117  1739  1762 E storaged: getDiskStats failed with result NOT_SUPPORTED and size 0
12-09 04:06:57.754  1885  1903 E BatteryExternalStatsWorker: no controller energy info supplied for wifi
12-09 04:07:13.164  1834  1834 E netmgr  : Failed to open QEMU pipe 'qemud:network': Invalid argument
12-09 04:07:13.166  1834  1834 E netmgr  : WifiForwarder unable to open QEMU pipe: Invalid argument
12-09 04:07:21.119  1739  1762 E storaged: getDiskStats failed with result NOT_SUPPORTED and size 0
12-09 04:07:49.767  2107  2107 E AndroidRuntime: FATAL EXCEPTION: main
12-09 04:07:49.767  2107  2107 E AndroidRuntime: Process: com.evancharlton.mileage, PID: 2107
12-09 04:07:49.767  2107  2107 E AndroidRuntime: java.lang.ArrayIndexOutOfBoundsException: length=0; index=-1
12-09 04:07:49.767  2107  2107 E AndroidRuntime: 	at com.evancharlton.mileage.ImportActivity$FileAdapter.getItem(ImportActivity.java:193)
12-09 04:07:49.767  2107  2107 E AndroidRuntime: 	at com.evancharlton.mileage.ImportActivity.getFilename(ImportActivity.java:152)
12-09 04:07:49.767  2107  2107 E AndroidRuntime: 	at com.evancharlton.mileage.ImportActivity.access$200(ImportActivity.java:33)
12-09 04:07:49.767  2107  2107 E AndroidRuntime: 	at com.evancharlton.mileage.ImportActivity$1.onClick(ImportActivity.java:80)
12-09 04:07:49.767  2107  2107 E AndroidRuntime: 	at android.view.View.performClick(View.java:6597)
12-09 04:07:49.767  2107  2107 E AndroidRuntime: 	at android.view.View.performClickInternal(View.java:6574)
12-09 04:07:49.767  2107  2107 E AndroidRuntime: 	at android.view.View.access$3100(View.java:778)
12-09 04:07:49.767  2107  2107 E AndroidRuntime: 	at android.view.View$PerformClick.run(View.java:25885)
12-09 04:07:49.767  2107  2107 E AndroidRuntime: 	at android.os.Handler.handleCallback(Handler.java:873)
12-09 04:07:49.767  2107  2107 E AndroidRuntime: 	at android.os.Handler.dispatchMessage(Handler.java:99)
12-09 04:07:49.767  2107  2107 E AndroidRuntime: 	at android.os.Looper.loop(Looper.java:193)
12-09 04:07:49.767  2107  2107 E AndroidRuntime: 	at android.app.ActivityThread.main(ActivityThread.java:6669)
12-09 04:07:49.767  2107  2107 E AndroidRuntime: 	at java.lang.reflect.Method.invoke(Native Method)
12-09 04:07:49.767  2107  2107 E AndroidRuntime: 	at com.android.internal.os.RuntimeInit$MethodAndArgsCaller.run(RuntimeInit.java:493)
12-09 04:07:49.767  2107  2107 E AndroidRuntime: 	at com.android.internal.os.ZygoteInit.main(ZygoteInit.java:858)
12-09 04:07:49.890  1885  1957 E InputDispatcher: channel 'f03f009 com.evancharlton.mileage/com.evancharlton.mileage.ImportExportActivity (server)' ~ Channel is unrecoverably broken and will be disposed!
12-09 04:07:49.890  1885  1957 E InputDispatcher: channel 'f4b13fb com.evancharlton.mileage/com.evancharlton.mileage.ImportActivity (server)' ~ Channel is unrecoverably broken and will be disposed!
12-09 04:07:49.890  1885  1957 E InputDispatcher: channel 'd6e0a com.evancharlton.mileage/com.evancharlton.mileage.Mileage (server)' ~ Channel is unrecoverably broken and will be disposed!
12-09 04:07:50.104  2699  2699 E harlton.mileag: Not starting debugger since process cannot load the jdwp agent.
12-09 04:07:50.215  1885  1938 E WindowManager: Performed 6 layouts in a row. Skipping
12-09 04:07:50.431  1885  1938 E WindowManager: Performed 6 layouts in a row. Skipping
12-09 04:07:50.452  2699  2699 E AndroidRuntime: FATAL EXCEPTION: main
12-09 04:07:50.452  2699  2699 E AndroidRuntime: Process: com.evancharlton.mileage, PID: 2699
12-09 04:07:50.452  2699  2699 E AndroidRuntime: java.lang.VerifyError: Rejecting class com.evancharlton.mileage.FieldListActivity that attempts to sub-type erroneous class com.evancharlton.mileage.BaseListActivity (declaration of 'com.evancharlton.mileage.FieldListActivity' appears in base.apk)
12-09 04:07:50.452  2699  2699 E AndroidRuntime: 	at java.lang.Class.newInstance(Native Method)
12-09 04:07:50.452  2699  2699 E AndroidRuntime: 	at android.app.AppComponentFactory.instantiateActivity(AppComponentFactory.java:69)
12-09 04:07:50.452  2699  2699 E AndroidRuntime: 	at android.app.Instrumentation.newActivity(Instrumentation.java:1215)
12-09 04:07:50.452  2699  2699 E AndroidRuntime: 	at android.app.ActivityThread.performLaunchActivity(ActivityThread.java:2831)
12-09 04:07:50.452  2699  2699 E AndroidRuntime: 	at android.app.ActivityThread.handleLaunchActivity(ActivityThread.java:3048)
12-09 04:07:50.452  2699  2699 E AndroidRuntime: 	at android.app.servertransaction.LaunchActivityItem.execute(LaunchActivityItem.java:78)
12-09 04:07:50.452  2699  2699 E AndroidRuntime: 	at android.app.servertransaction.TransactionExecutor.executeCallbacks(TransactionExecutor.java:108)
12-09 04:07:50.452  2699  2699 E AndroidRuntime: 	at android.app.servertransaction.TransactionExecutor.execute(TransactionExecutor.java:68)
12-09 04:07:50.452  2699  2699 E AndroidRuntime: 	at android.app.ActivityThread$H.handleMessage(ActivityThread.java:1808)
12-09 04:07:50.452  2699  2699 E AndroidRuntime: 	at android.os.Handler.dispatchMessage(Handler.java:106)
12-09 04:07:50.452  2699  2699 E AndroidRuntime: 	at android.os.Looper.loop(Looper.java:193)
12-09 04:07:50.452  2699  2699 E AndroidRuntime: 	at android.app.ActivityThread.main(ActivityThread.java:6669)
12-09 04:07:50.452  2699  2699 E AndroidRuntime: 	at java.lang.reflect.Method.invoke(Native Method)
12-09 04:07:50.452  2699  2699 E AndroidRuntime: 	at com.android.internal.os.RuntimeInit$MethodAndArgsCaller.run(RuntimeInit.java:493)
12-09 04:07:50.452  2699  2699 E AndroidRuntime: 	at com.android.internal.os.ZygoteInit.main(ZygoteInit.java:858)
12-09 04:07:50.452  2699  2699 E AndroidRuntime: Caused by: java.lang.VerifyError: Verifier rejected class com.evancharlton.mileage.BaseListActivity: android.content.Intent com.evancharlton.mileage.BaseListActivity.createContextMenuIntent(java.lang.String, long): [0xFFFFFFFF] register index out of range (9 >= 6) (declaration of 'com.evancharlton.mileage.BaseListActivity' appears in base.apk)
12-09 04:07:50.452  2699  2699 E AndroidRuntime: 	... 15 more
12-09 04:07:50.454  1885  1938 E WindowManager: Performed 6 layouts in a row. Skipping
12-09 04:07:50.485  1885  4630 E WindowManager: Performed 6 layouts in a row. Skipping
12-09 04:07:50.505  1885  1938 E WindowManager: Performed 6 layouts in a row. Skipping
12-09 04:07:50.543  1885  1938 E WindowManager: Performed 6 layouts in a row. Skipping
12-09 04:07:50.561  1885  1938 E WindowManager: Performed 6 layouts in a row. Skipping
12-09 04:07:50.590  1885  1938 E WindowManager: Performed 6 layouts in a row. Skipping
12-09 04:07:50.605  1885  1938 E WindowManager: Performed 6 layouts in a row. Skipping
12-09 04:07:50.624  1885  1938 E WindowManager: Performed 6 layouts in a row. Skipping
12-09 04:07:50.637  1885  1938 E WindowManager: Performed 6 layouts in a row. Skipping
12-09 04:07:50.650  1885  1938 E WindowManager: Performed 6 layouts in a row. Skipping
12-09 04:07:50.669  1885  4630 E WindowManager: Performed 6 layouts in a row. Skipping
12-09 04:07:50.699  2723  2723 E harlton.mileag: Not starting debugger since process cannot load the jdwp agent.
12-09 04:07:50.714  1885  1938 E WindowManager: Performed 6 layouts in a row. Skipping
12-09 04:07:50.781  1885  2189 E WindowManager: Performed 6 layouts in a row. Skipping
12-09 04:07:50.805  1885  3541 E WindowManager: Performed 6 layouts in a row. Skipping
12-09 04:07:50.827  1885  1938 E WindowManager: Performed 6 layouts in a row. Skipping
12-09 04:07:52.142  1994  7294 E putmethod.lati: Invalid ID 0x00000001.
12-09 04:07:52.181  1994  7294 E LstmTrainingCache: emn: Can't get resource name for input slot
12-09 04:07:52.181  1994  7294 E LstmTrainingCache: android.content.res.Resources$NotFoundException: Unable to find resource ID #0x1
12-09 04:07:52.181  1994  7294 E LstmTrainingCache: 	at android.content.res.ResourcesImpl.getResourceName(ResourcesImpl.java:255)
12-09 04:07:52.181  1994  7294 E LstmTrainingCache: 	at android.content.res.Resources.getResourceName(Resources.java:1954)
12-09 04:07:52.181  1994  7294 E LstmTrainingCache: 	at emn.a(PG:12)
12-09 04:07:52.181  1994  7294 E LstmTrainingCache: 	at emk.run(PG:5)
12-09 04:07:52.181  1994  7294 E LstmTrainingCache: 	at java.lang.Thread.run(Thread.java:764)
