--------- beginning of system
12-08 09:42:03.464  1881  1895 E ActivityManager: Failure starting process com.evancharlton.mileage
12-08 09:42:03.464  1881  1895 E ActivityManager: java.lang.SecurityException: Package com.evancharlton.mileage is currently frozen!
12-08 09:42:03.464  1881  1895 E ActivityManager: 	at com.android.server.pm.PackageManagerService.checkPackageStartable(PackageManagerService.java:4000)
12-08 09:42:03.464  1881  1895 E ActivityManager: 	at com.android.server.am.ActivityManagerService.startProcessLocked(ActivityManagerService.java:4234)
12-08 09:42:03.464  1881  1895 E ActivityManager: 	at com.android.server.am.ActivityManagerService.startProcessLocked(ActivityManagerService.java:4199)
12-08 09:42:03.464  1881  1895 E ActivityManager: 	at com.android.server.am.ActivityManagerService.startProcessLocked(ActivityManagerService.java:4181)
12-08 09:42:03.464  1881  1895 E ActivityManager: 	at com.android.server.am.ActivityManagerService.startProcessLocked(ActivityManagerService.java:4067)
12-08 09:42:03.464  1881  1895 E ActivityManager: 	at com.android.server.am.ActivityStackSupervisor.startSpecificActivityLocked(ActivityStackSupervisor.java:1715)
12-08 09:42:03.464  1881  1895 E ActivityManager: 	at com.android.server.am.ActivityStack.resumeTopActivityInnerLocked(ActivityStack.java:2764)
12-08 09:42:03.464  1881  1895 E ActivityManager: 	at com.android.server.am.ActivityStack.resumeTopActivityUncheckedLocked(ActivityStack.java:2302)
12-08 09:42:03.464  1881  1895 E ActivityManager: 	at com.android.server.am.ActivityStackSupervisor.resumeFocusedStackTopActivityLocked(ActivityStackSupervisor.java:2234)
12-08 09:42:03.464  1881  1895 E ActivityManager: 	at com.android.server.am.ActivityStackSupervisor.resumeFocusedStackTopActivityLocked(ActivityStackSupervisor.java:2218)
12-08 09:42:03.464  1881  1895 E ActivityManager: 	at com.android.server.am.ActivityManagerService.handleAppDiedLocked(ActivityManagerService.java:5923)
12-08 09:42:03.464  1881  1895 E ActivityManager: 	at com.android.server.am.ActivityManagerService.removeProcessLocked(ActivityManagerService.java:7501)
12-08 09:42:03.464  1881  1895 E ActivityManager: 	at com.android.server.am.ActivityManagerService.killPackageProcessesLocked(ActivityManagerService.java:7142)
12-08 09:42:03.464  1881  1895 E ActivityManager: 	at com.android.server.am.ActivityManagerService.forceStopPackageLocked(ActivityManagerService.java:7275)
12-08 09:42:03.464  1881  1895 E ActivityManager: 	at com.android.server.am.ActivityManagerService$MainHandler.handleMessage(ActivityManagerService.java:2289)
12-08 09:42:03.464  1881  1895 E ActivityManager: 	at android.os.Handler.dispatchMessage(Handler.java:106)
12-08 09:42:03.464  1881  1895 E ActivityManager: 	at android.os.Looper.loop(Looper.java:193)
12-08 09:42:03.464  1881  1895 E ActivityManager: 	at android.os.HandlerThread.run(HandlerThread.java:65)
12-08 09:42:03.464  1881  1895 E ActivityManager: 	at com.android.server.ServiceThread.run(ServiceThread.java:44)
--------- beginning of main
12-08 09:42:08.173  2475 21611 E ChromeSync: [Sync,SyncIntentOperation] Error handling the intent: Intent { act=android.intent.action.PACKAGE_ADDED dat=package:com.evancharlton.mileage flg=0x4000010 cmp=com.google.android.gms/.chimera.GmsIntentOperationService (has extras) }.
12-08 09:42:09.329 21666 21666 E harlton.mileag: Not starting debugger since process cannot load the jdwp agent.
12-08 09:42:10.434  1992 20735 E putmethod.lati: Invalid ID 0x00000001.
12-08 09:42:10.465  1992 20735 E LstmTrainingCache: emn: Can't get resource name for input slot
12-08 09:42:10.465  1992 20735 E LstmTrainingCache: android.content.res.Resources$NotFoundException: Unable to find resource ID #0x1
12-08 09:42:10.465  1992 20735 E LstmTrainingCache: 	at android.content.res.ResourcesImpl.getResourceName(ResourcesImpl.java:255)
12-08 09:42:10.465  1992 20735 E LstmTrainingCache: 	at android.content.res.Resources.getResourceName(Resources.java:1954)
12-08 09:42:10.465  1992 20735 E LstmTrainingCache: 	at emn.a(PG:12)
12-08 09:42:10.465  1992 20735 E LstmTrainingCache: 	at emk.run(PG:5)
12-08 09:42:10.465  1992 20735 E LstmTrainingCache: 	at java.lang.Thread.run(Thread.java:764)
12-08 09:42:10.687  2494  2716 E PlayCommon: [101] com.google.android.play.b.g.a(448): Failed to connect to server: java.net.UnknownHostException: Unable to resolve host "play.googleapis.com": No address associated with hostname
12-08 09:42:18.178  1881  4165 E WindowManager: Performed 6 layouts in a row. Skipping
12-08 09:42:18.199  1881  1934 E WindowManager: Performed 6 layouts in a row. Skipping
12-08 09:42:18.301  1881  1934 E WindowManager: Performed 6 layouts in a row. Skipping
12-08 09:42:18.323  1881  3968 E WindowManager: Performed 6 layouts in a row. Skipping
12-08 09:42:18.362  1881  1934 E WindowManager: Performed 6 layouts in a row. Skipping
12-08 09:42:18.521  1881  1934 E WindowManager: Performed 6 layouts in a row. Skipping
12-08 09:42:22.402  1611  1695 E audio_hw_generic: pcm_write failed cannot write stream data: I/O error
12-08 09:42:26.726  2448 21054 E ctxmgr  : [ProducerStatusImpl]updateStateForNewContextData: inactive, contextName=7
12-08 09:42:26.874  2448  2448 E BeaconBle: Scan couldn't start for Places
12-08 09:42:32.430  1611  1695 E audio_hw_generic: pcm_write failed cannot write stream data: I/O error
12-08 09:42:40.592  1828  1828 E netmgr  : Failed to open QEMU pipe 'qemud:network': Invalid argument
12-08 09:42:40.592  1828  1828 E netmgr  : WifiForwarder unable to open QEMU pipe: Invalid argument
12-08 09:42:41.156  2692  2692 E ContextIntentStarter: No activity found for any of the 0 intents
12-08 09:42:42.375 21724 21724 E rrierdefaultap: Not starting debugger since process cannot load the jdwp agent.
12-08 09:42:42.451  1611  1695 E audio_hw_generic: pcm_write failed cannot write stream data: I/O error
12-08 09:42:44.455  1738  1772 E storaged: getDiskStats failed with result NOT_SUPPORTED and size 0
12-08 09:42:52.470  1611  1695 E audio_hw_generic: pcm_write failed cannot write stream data: I/O error
12-08 09:43:40.644  1828  1828 E netmgr  : Failed to open QEMU pipe 'qemud:network': Invalid argument
12-08 09:43:40.644  1828  1828 E netmgr  : WifiForwarder unable to open QEMU pipe: Invalid argument
12-08 09:43:43.715  2475 21625 E SQLiteCastStore: Skip saving CastDeviceInfo: "Nearby device" (__cast_nearby___V_3f0c7430-d874-485f-942a-e7658b09a900)
12-08 09:43:44.459  1738  1772 E storaged: getDiskStats failed with result NOT_SUPPORTED and size 0
12-08 09:44:33.770  1881  4492 E WindowManager: Performed 6 layouts in a row. Skipping
12-08 09:44:33.790  1881  1934 E WindowManager: Performed 6 layouts in a row. Skipping
12-08 09:44:33.815  1881  1934 E WindowManager: Performed 6 layouts in a row. Skipping
12-08 09:44:33.844  1881  4165 E WindowManager: Performed 6 layouts in a row. Skipping
12-08 09:44:33.875  1881  1934 E WindowManager: Performed 6 layouts in a row. Skipping
12-08 09:44:33.947  1881  1934 E WindowManager: Performed 6 layouts in a row. Skipping
12-08 09:44:33.971  1881  4165 E WindowManager: Performed 6 layouts in a row. Skipping
12-08 09:44:34.005  1881  1934 E WindowManager: Performed 6 layouts in a row. Skipping
12-08 09:44:34.045  1881  1934 E WindowManager: Performed 6 layouts in a row. Skipping
12-08 09:44:34.072  1881  1934 E WindowManager: Performed 6 layouts in a row. Skipping
12-08 09:44:34.148  1881  1934 E WindowManager: Performed 6 layouts in a row. Skipping
