--------- beginning of system
12-08 08:27:53.926  1738  1772 E storaged: getDiskStats failed with result NOT_SUPPORTED and size 0
12-08 08:28:55.257  1738  1772 E storaged: getDiskStats failed with result NOT_SUPPORTED and size 0
--------- beginning of main
12-08 08:29:22.345  8075  8075 E SpannableStringBuilder: SPAN_EXCLUSIVE_EXCLUSIVE spans cannot have a zero length
12-08 08:29:22.346  8075  8075 E SpannableStringBuilder: SPAN_EXCLUSIVE_EXCLUSIVE spans cannot have a zero length
12-08 08:29:34.890  1611  1695 E audio_hw_generic: pcm_write failed cannot write stream data: I/O error
12-08 08:29:44.491  1828  1828 E netmgr  : Failed to open QEMU pipe 'qemud:network': Invalid argument
12-08 08:29:44.493  1828  1828 E netmgr  : WifiForwarder unable to open QEMU pipe: Invalid argument
12-08 08:29:46.978  2448  8016 E ctxmgr  : [ProducerStatusImpl]updateStateForNewContextData: inactive, contextName=7
12-08 08:29:47.006 29746 29746 E SchedPolicy: set_timerslack_ns write failed: Operation not permitted
12-08 08:29:47.321  2448  8016 E ctxmgr  : [ProducerStatusImpl]updateStateForNewContextData: inactive, contextName=1
12-08 08:29:47.333 29746 29746 E SchedPolicy: set_timerslack_ns write failed: Operation not permitted
12-08 08:29:52.010  2448  2448 E BeaconBle: Missing BluetoothAdapter
12-08 08:29:52.173  2448  2448 E BeaconBle: Scan couldn't start for Places
12-08 08:29:56.846  1738  1772 E storaged: getDiskStats failed with result NOT_SUPPORTED and size 0
12-08 08:30:06.925  8075  8075 E WindowManager: 
12-08 08:30:06.925  8075  8075 E WindowManager: android.view.WindowLeaked: Activity com.evancharlton.mileage.FieldActivity has leaked window DecorView@5ef1e54[FieldActivity] that was originally added here
12-08 08:30:06.925  8075  8075 E WindowManager: 	at android.view.ViewRootImpl.<init>(ViewRootImpl.java:511)
12-08 08:30:06.925  8075  8075 E WindowManager: 	at android.view.WindowManagerGlobal.addView(WindowManagerGlobal.java:346)
12-08 08:30:06.925  8075  8075 E WindowManager: 	at android.view.WindowManagerImpl.addView(WindowManagerImpl.java:93)
12-08 08:30:06.925  8075  8075 E WindowManager: 	at com.android.internal.policy.PhoneWindow.openPanel(PhoneWindow.java:887)
12-08 08:30:06.925  8075  8075 E WindowManager: 	at com.android.internal.policy.PhoneWindow.onKeyUpPanel(PhoneWindow.java:1104)
12-08 08:30:06.925  8075  8075 E WindowManager: 	at com.android.internal.policy.PhoneWindow.onKeyUp(PhoneWindow.java:2007)
12-08 08:30:06.925  8075  8075 E WindowManager: 	at com.android.internal.policy.DecorView.dispatchKeyEvent(DecorView.java:350)
12-08 08:30:06.925  8075  8075 E WindowManager: 	at android.view.ViewRootImpl$ViewPostImeInputStage.processKeyEvent(ViewRootImpl.java:5037)
12-08 08:30:06.925  8075  8075 E WindowManager: 	at android.view.ViewRootImpl$ViewPostImeInputStage.onProcess(ViewRootImpl.java:4905)
12-08 08:30:06.925  8075  8075 E WindowManager: 	at android.view.ViewRootImpl$InputStage.deliver(ViewRootImpl.java:4426)
12-08 08:30:06.925  8075  8075 E WindowManager: 	at android.view.ViewRootImpl$InputStage.onDeliverToNext(ViewRootImpl.java:4479)
12-08 08:30:06.925  8075  8075 E WindowManager: 	at android.view.ViewRootImpl$InputStage.forward(ViewRootImpl.java:4445)
12-08 08:30:06.925  8075  8075 E WindowManager: 	at android.view.ViewRootImpl$AsyncInputStage.forward(ViewRootImpl.java:4585)
12-08 08:30:06.925  8075  8075 E WindowManager: 	at android.view.ViewRootImpl$InputStage.apply(ViewRootImpl.java:4453)
12-08 08:30:06.925  8075  8075 E WindowManager: 	at android.view.ViewRootImpl$AsyncInputStage.apply(ViewRootImpl.java:4642)
12-08 08:30:06.925  8075  8075 E WindowManager: 	at android.view.ViewRootImpl$InputStage.deliver(ViewRootImpl.java:4426)
12-08 08:30:06.925  8075  8075 E WindowManager: 	at android.view.ViewRootImpl$InputStage.onDeliverToNext(ViewRootImpl.java:4479)
12-08 08:30:06.925  8075  8075 E WindowManager: 	at android.view.ViewRootImpl$InputStage.forward(ViewRootImpl.java:4445)
12-08 08:30:06.925  8075  8075 E WindowManager: 	at android.view.ViewRootImpl$InputStage.apply(ViewRootImpl.java:4453)
12-08 08:30:06.925  8075  8075 E WindowManager: 	at android.view.ViewRootImpl$InputStage.deliver(ViewRootImpl.java:4426)
12-08 08:30:06.925  8075  8075 E WindowManager: 	at android.view.ViewRootImpl$InputStage.onDeliverToNext(ViewRootImpl.java:4479)
12-08 08:30:06.925  8075  8075 E WindowManager: 	at android.view.ViewRootImpl$InputStage.forward(ViewRootImpl.java:4445)
12-08 08:30:06.925  8075  8075 E WindowManager: 	at android.view.ViewRootImpl$AsyncInputStage.forward(ViewRootImpl.java:4618)
12-08 08:30:06.925  8075  8075 E WindowManager: 	at android.view.ViewRootImpl$ImeInputStage.onFinishedInputEvent(ViewRootImpl.java:4779)
12-08 08:30:06.925  8075  8075 E WindowManager: 	at android.view.inputmethod.InputMethodManager$PendingEvent.run(InputMethodManager.java:2571)
12-08 08:30:06.925  8075  8075 E WindowManager: 	at android.view.inputmethod.InputMethodManager.invokeFinishedInputEventCallback(InputMethodManager.java:2081)
12-08 08:30:06.925  8075  8075 E WindowManager: 	at android.view.inputmethod.InputMethodManager.finishedInputEvent(InputMethodManager.java:2072)
12-08 08:30:06.925  8075  8075 E WindowManager: 	at android.view.inputmethod.InputMethodManager$ImeInputEventSender.onInputEventFinished(InputMethodManager.java:2548)
12-08 08:30:06.925  8075  8075 E WindowManager: 	at android.view.InputEventSender.dispatchInputEventFinished(InputEventSender.java:141)
12-08 08:30:06.925  8075  8075 E WindowManager: 	at android.os.MessageQueue.nativePollOnce(Native Method)
12-08 08:30:06.925  8075  8075 E WindowManager: 	at android.os.MessageQueue.next(MessageQueue.java:326)
12-08 08:30:06.925  8075  8075 E WindowManager: 	at android.os.Looper.loop(Looper.java:160)
12-08 08:30:06.925  8075  8075 E WindowManager: 	at android.app.ActivityThread.main(ActivityThread.java:6669)
12-08 08:30:06.925  8075  8075 E WindowManager: 	at java.lang.reflect.Method.invoke(Native Method)
12-08 08:30:06.925  8075  8075 E WindowManager: 	at com.android.internal.os.RuntimeInit$MethodAndArgsCaller.run(RuntimeInit.java:493)
12-08 08:30:06.925  8075  8075 E WindowManager: 	at com.android.internal.os.ZygoteInit.main(ZygoteInit.java:858)
12-08 08:30:14.329  2692  2692 E ContextIntentStarter: No activity found for any of the 0 intents
12-08 08:30:31.589  2448  7664 E ctxmgr  : [ProducerStatusImpl]updateStateForNewContextData: inactive, contextName=7
12-08 08:30:36.596  2448  2448 E BeaconBle: Missing BluetoothAdapter
12-08 08:30:36.770  2448  2448 E BeaconBle: Scan couldn't start for Places
12-08 08:30:39.215  8156  8156 E .android.chrom: Not starting debugger since process cannot load the jdwp agent.
12-08 08:30:41.389  8173  8173 E boxed_process3: Not starting debugger since process cannot load the jdwp agent.
12-08 08:30:46.278  1828  1828 E netmgr  : Failed to open QEMU pipe 'qemud:network': Invalid argument
12-08 08:30:46.289  1828  1828 E netmgr  : WifiForwarder unable to open QEMU pipe: Invalid argument
12-08 08:30:58.996  1738  1772 E storaged: getDiskStats failed with result NOT_SUPPORTED and size 0
12-08 08:31:11.398  1611  1695 E audio_hw_generic: pcm_write failed cannot write stream data: I/O error
12-08 08:31:21.408  1611  1695 E audio_hw_generic: pcm_write failed cannot write stream data: I/O error
12-08 08:31:40.768  1611  1695 E audio_hw_generic: pcm_write failed cannot write stream data: I/O error
12-08 08:31:48.172  1828  1828 E netmgr  : Failed to open QEMU pipe 'qemud:network': Invalid argument
12-08 08:31:48.172  1828  1828 E netmgr  : WifiForwarder unable to open QEMU pipe: Invalid argument
12-08 08:31:57.909  1611  1695 E audio_hw_generic: pcm_write failed cannot write stream data: I/O error
12-08 08:32:00.302  1738  1772 E storaged: getDiskStats failed with result NOT_SUPPORTED and size 0
