--------- beginning of system
--------- beginning of main
12-09 09:47:18.060  1885  1899 E ActivityManager: Failure starting process com.evancharlton.mileage
12-09 09:47:18.060  1885  1899 E ActivityManager: java.lang.SecurityException: Package com.evancharlton.mileage was not found!
12-09 09:47:18.060  1885  1899 E ActivityManager: 	at com.android.server.pm.PackageManagerService.checkPackageStartable(PackageManagerService.java:3987)
12-09 09:47:18.060  1885  1899 E ActivityManager: 	at com.android.server.am.ActivityManagerService.startProcessLocked(ActivityManagerService.java:4234)
12-09 09:47:18.060  1885  1899 E ActivityManager: 	at com.android.server.am.ActivityManagerService.startProcessLocked(ActivityManagerService.java:4199)
12-09 09:47:18.060  1885  1899 E ActivityManager: 	at com.android.server.am.ActivityManagerService.startProcessLocked(ActivityManagerService.java:4181)
12-09 09:47:18.060  1885  1899 E ActivityManager: 	at com.android.server.am.ActivityManagerService.startProcessLocked(ActivityManagerService.java:4067)
12-09 09:47:18.060  1885  1899 E ActivityManager: 	at com.android.server.am.ActivityStackSupervisor.startSpecificActivityLocked(ActivityStackSupervisor.java:1715)
12-09 09:47:18.060  1885  1899 E ActivityManager: 	at com.android.server.am.ActivityStack.resumeTopActivityInnerLocked(ActivityStack.java:2764)
12-09 09:47:18.060  1885  1899 E ActivityManager: 	at com.android.server.am.ActivityStack.resumeTopActivityUncheckedLocked(ActivityStack.java:2302)
12-09 09:47:18.060  1885  1899 E ActivityManager: 	at com.android.server.am.ActivityStackSupervisor.resumeFocusedStackTopActivityLocked(ActivityStackSupervisor.java:2234)
12-09 09:47:18.060  1885  1899 E ActivityManager: 	at com.android.server.am.ActivityStackSupervisor.resumeFocusedStackTopActivityLocked(ActivityStackSupervisor.java:2218)
12-09 09:47:18.060  1885  1899 E ActivityManager: 	at com.android.server.am.ActivityManagerService.handleAppDiedLocked(ActivityManagerService.java:5923)
12-09 09:47:18.060  1885  1899 E ActivityManager: 	at com.android.server.am.ActivityManagerService.removeProcessLocked(ActivityManagerService.java:7501)
12-09 09:47:18.060  1885  1899 E ActivityManager: 	at com.android.server.am.ActivityManagerService.killPackageProcessesLocked(ActivityManagerService.java:7142)
12-09 09:47:18.060  1885  1899 E ActivityManager: 	at com.android.server.am.ActivityManagerService.forceStopPackageLocked(ActivityManagerService.java:7275)
12-09 09:47:18.060  1885  1899 E ActivityManager: 	at com.android.server.am.ActivityManagerService$MainHandler.handleMessage(ActivityManagerService.java:2289)
12-09 09:47:18.060  1885  1899 E ActivityManager: 	at android.os.Handler.dispatchMessage(Handler.java:106)
12-09 09:47:18.060  1885  1899 E ActivityManager: 	at android.os.Looper.loop(Looper.java:193)
12-09 09:47:18.060  1885  1899 E ActivityManager: 	at android.os.HandlerThread.run(HandlerThread.java:65)
12-09 09:47:18.060  1885  1899 E ActivityManager: 	at com.android.server.ServiceThread.run(ServiceThread.java:44)
12-09 09:47:18.701  9517  9517 E id.defcontaine: Not starting debugger since process cannot load the jdwp agent.
12-09 09:47:18.760  9528  9528 E ndroid.keychai: Not starting debugger since process cannot load the jdwp agent.
12-09 09:47:18.772  9540  9540 E oid.documentsu: Not starting debugger since process cannot load the jdwp agent.
12-09 09:47:19.804  9595  9595 E droid.apps.doc: Not starting debugger since process cannot load the jdwp agent.
12-09 09:47:20.733  9617  9617 E d.process.medi: Not starting debugger since process cannot load the jdwp agent.
12-09 09:47:20.903  9632  9632 E id.defcontaine: Not starting debugger since process cannot load the jdwp agent.
12-09 09:47:21.286  9656  9656 E ocess.gservice: Not starting debugger since process cannot load the jdwp agent.
12-09 09:47:21.928  1739  1762 E storaged: getDiskStats failed with result NOT_SUPPORTED and size 0
12-09 09:47:22.320  9595  9595 E DocsApplication: [main] No default account found during application creation.
12-09 09:47:23.274  1731  1949 E         : Couldn't opendir /data/app/vmdl373447351.tmp: No such file or directory
12-09 09:47:23.275  1731  1949 E installd: Failed to delete /data/app/vmdl373447351.tmp: No such file or directory
12-09 09:47:26.165  2378  7181 E WakeLock: GCM_HB_ALARM release without a matched acquire!
12-09 09:47:26.390  2378  9186 E ctxmgr  : [ProducerStatusImpl]updateStateForNewContextData: inactive, contextName=7
12-09 09:47:27.099  2378  2378 E BeaconBle: Missing BluetoothAdapter
12-09 09:47:27.132  9712  9712 E id.gms.learnin: Not starting debugger since process cannot load the jdwp agent.
12-09 09:47:27.270  2378  2378 E BeaconBle: Scan couldn't start for Places
12-09 09:47:27.279  9727  9727 E harlton.mileag: Not starting debugger since process cannot load the jdwp agent.
12-09 09:47:27.428  2378  9186 E ctxmgr  : [ProducerStatusImpl]updateStateForNewContextData: inactive, contextName=18
12-09 09:47:29.420  1994  7294 E putmethod.lati: Invalid ID 0x00000001.
12-09 09:47:29.421  1994  7294 E LstmTrainingCache: emn: Can't get resource name for input slot
12-09 09:47:29.421  1994  7294 E LstmTrainingCache: android.content.res.Resources$NotFoundException: Unable to find resource ID #0x1
12-09 09:47:29.421  1994  7294 E LstmTrainingCache: 	at android.content.res.ResourcesImpl.getResourceName(ResourcesImpl.java:255)
12-09 09:47:29.421  1994  7294 E LstmTrainingCache: 	at android.content.res.Resources.getResourceName(Resources.java:1954)
12-09 09:47:29.421  1994  7294 E LstmTrainingCache: 	at emn.a(PG:12)
12-09 09:47:29.421  1994  7294 E LstmTrainingCache: 	at emk.run(PG:5)
12-09 09:47:29.421  1994  7294 E LstmTrainingCache: 	at java.lang.Thread.run(Thread.java:764)
12-09 09:47:34.631  1885  4139 E InputMethodManagerService: Ignoring com.android.server.InputMethodManagerService.updateStatusIcon:2188 due to an invalid token. uid:10060 token:android.os.Binder@5feda90
12-09 09:47:34.853  1994  1994 E EmojiSearchExtension: com.google.android.apps.inputmethod.libs.search.emoji.EmojiSearchExtension: Cannot deactivate emoji search JNI; null locale
12-09 09:47:35.041  1633  1633 E lowmemorykiller: Error writing /proc/9712/oom_score_adj; errno=22
12-09 09:47:35.104  1633  1633 E lowmemorykiller: Error opening /proc/9712/oom_score_adj; errno=2
12-09 09:47:40.481  9783  9783 E emui:screensho: Not starting debugger since process cannot load the jdwp agent.
12-09 09:47:40.952  9783  9783 E SoundPool: error loading /product/media/audio/ui/camera_click.ogg
12-09 09:47:41.317  1741  2074 E OMXNodeInstance: getConfig(0xe97a6a20:google.vorbis.decoder, ConfigAndroidVendorExtension(0x6f100004)) ERROR: Undefined(0x80001001)
12-09 09:47:43.941  9815  9815 E d.process.medi: Not starting debugger since process cannot load the jdwp agent.
12-09 09:47:49.144  2378  9710 E ctxmgr  : [ProducerStatusImpl]updateStateForNewContextData: inactive, contextName=7
12-09 09:47:49.341  2378  2378 E BeaconBle: Missing BluetoothAdapter
12-09 09:47:49.384  2378  2378 E BeaconBle: Scan couldn't start for Places
12-09 09:47:55.235  9844  9844 E oid.apps.photo: Not starting debugger since process cannot load the jdwp agent.
12-09 09:47:56.063  9863  9863 E ocess.gservice: Not starting debugger since process cannot load the jdwp agent.
12-09 09:48:04.468  1885  4139 E WindowManager: Performed 6 layouts in a row. Skipping
12-09 09:48:04.493  1885  1938 E WindowManager: Performed 6 layouts in a row. Skipping
12-09 09:48:04.558  1885  1938 E WindowManager: Performed 6 layouts in a row. Skipping
12-09 09:48:04.619  1885  1938 E WindowManager: Performed 6 layouts in a row. Skipping
12-09 09:48:04.640  1885  1900 E WindowManager: Performed 6 layouts in a row. Skipping
12-09 09:48:04.668  1885  1938 E WindowManager: Performed 6 layouts in a row. Skipping
12-09 09:48:04.694  1885  1938 E WindowManager: Performed 6 layouts in a row. Skipping
12-09 09:48:04.728  1885  2489 E WindowManager: Performed 6 layouts in a row. Skipping
12-09 09:48:04.771  1885  1938 E WindowManager: Performed 6 layouts in a row. Skipping
12-09 09:48:04.879  1885  1938 E WindowManager: Performed 6 layouts in a row. Skipping
12-09 09:48:07.279  8824  8824 E ContextIntentStarter: No activity found for any of the 0 intents
12-09 09:48:07.719  7013  7013 E wpa_supplicant: nl80211: Failed to open /proc/sys/net/ipv4/conf/p2p-dev-wlan0/drop_unicast_in_l2_multicast: No such file or directory
12-09 09:48:07.719  7013  7013 E wpa_supplicant: nl80211: Failed to set IPv4 unicast in multicast filter
12-09 09:48:07.746  7013  7013 E wpa_supplicant: nl80211: Failed to open /proc/sys/net/ipv4/conf/p2p-dev-wlan0/drop_unicast_in_l2_multicast: No such file or directory
12-09 09:48:07.746  7013  7013 E wpa_supplicant: nl80211: Failed to set IPv4 unicast in multicast filter
12-09 09:48:07.852  7013  7013 E wpa_supplicant: nl80211: Failed to open /proc/sys/net/ipv4/conf/wlan0/drop_unicast_in_l2_multicast: No such file or directory
12-09 09:48:07.852  7013  7013 E wpa_supplicant: nl80211: Failed to set IPv4 unicast in multicast filter
12-09 09:48:07.852  7013  7013 E wpa_supplicant: nl80211: Failed to open /proc/sys/net/ipv4/conf/wlan0/drop_unicast_in_l2_multicast: No such file or directory
12-09 09:48:07.881  7013  7013 E wpa_supplicant: nl80211: Failed to set IPv4 unicast in multicast filter
12-09 09:48:07.989  7013  7013 E wpa_supplicant: nl80211: Failed to open /proc/sys/net/ipv4/conf/wlan0/drop_unicast_in_l2_multicast: No such file or directory
12-09 09:48:07.989  7013  7013 E wpa_supplicant: nl80211: Failed to set IPv4 unicast in multicast filter
12-09 09:48:08.321  1629  1629 E android.hardware.wifi@1.0-service: Failed to open directory: Permission denied
12-09 09:48:08.321  1629  1629 E android.hardware.wifi@1.0-service: Error occurred while deleting old tombstone files
12-09 09:48:08.321  1629  1629 E android.hardware.wifi@1.0-service: Error writing files to flash
12-09 09:48:08.995  2378  7184 E WakeLock: GCM_HB_ALARM release without a matched acquire!
12-09 09:48:09.294  2378  7184 E WakeLock: GCM_CONN_ALARM release without a matched acquire!
12-09 09:48:09.321  1885  1971 E WifiP2pService: Unhandled message { when=-2ms what=131204 target=com.android.internal.util.StateMachine$SmHandler }
12-09 09:48:09.393  1885  1903 E BatteryExternalStatsWorker: no controller energy info supplied for wifi
12-09 09:48:09.422  1885  1903 E BatteryExternalStatsWorker: no controller energy info supplied for wifi
12-09 09:48:13.522  9925  9925 E rrierdefaultap: Not starting debugger since process cannot load the jdwp agent.
12-09 09:48:13.919  1834  1834 E netmgr  : Failed to open QEMU pipe 'qemud:network': Invalid argument
12-09 09:48:13.919  1834  1834 E netmgr  : WifiForwarder unable to open QEMU pipe: Invalid argument
12-09 09:48:21.945  1739  1762 E storaged: getDiskStats failed with result NOT_SUPPORTED and size 0
12-09 09:48:35.798  2342  2342 E SchedPolicy: set_timerslack_ns write failed: Operation not permitted
12-09 09:48:39.855  2342  2342 E SchedPolicy: set_timerslack_ns write failed: Operation not permitted
12-09 09:49:13.920  1834  1834 E netmgr  : Failed to open QEMU pipe 'qemud:network': Invalid argument
12-09 09:49:13.920  1834  1834 E netmgr  : WifiForwarder unable to open QEMU pipe: Invalid argument
12-09 09:49:21.375  2342  2342 E SchedPolicy: set_timerslack_ns write failed: Operation not permitted
12-09 09:49:21.946  1739  1762 E storaged: getDiskStats failed with result NOT_SUPPORTED and size 0
12-09 09:49:25.036  2342  2342 E SchedPolicy: set_timerslack_ns write failed: Operation not permitted
12-09 09:50:13.922  1834  1834 E netmgr  : Failed to open QEMU pipe 'qemud:network': Invalid argument
12-09 09:50:13.923  1834  1834 E netmgr  : WifiForwarder unable to open QEMU pipe: Invalid argument
12-09 09:50:21.948  1739  1762 E storaged: getDiskStats failed with result NOT_SUPPORTED and size 0
12-09 09:50:33.560  1885  2489 E WindowManager: Performed 6 layouts in a row. Skipping
12-09 09:50:33.595  1885  1938 E WindowManager: Performed 6 layouts in a row. Skipping
12-09 09:50:33.631  1885  1938 E WindowManager: Performed 6 layouts in a row. Skipping
12-09 09:50:33.700  1885  1938 E WindowManager: Performed 6 layouts in a row. Skipping
12-09 09:50:33.739  1885  1900 E WindowManager: Performed 6 layouts in a row. Skipping
12-09 09:50:33.865  1885  4665 E WindowManager: Performed 6 layouts in a row. Skipping
12-09 09:50:33.905  1885  2489 E WindowManager: Performed 6 layouts in a row. Skipping
12-09 09:50:33.958  1885  1938 E WindowManager: Performed 6 layouts in a row. Skipping
12-09 09:50:34.028  1885  1938 E WindowManager: Performed 6 layouts in a row. Skipping
12-09 09:50:34.075  1885  2489 E WindowManager: Performed 6 layouts in a row. Skipping
12-09 09:50:34.110  1885  1938 E WindowManager: Performed 6 layouts in a row. Skipping
12-09 09:50:34.162  1885  1938 E WindowManager: Performed 6 layouts in a row. Skipping
12-09 09:50:34.196  1885  1900 E WindowManager: Performed 6 layouts in a row. Skipping
12-09 09:50:37.606  1885  4630 E WindowManager: Performed 6 layouts in a row. Skipping
12-09 09:50:37.637  1885  1938 E WindowManager: Performed 6 layouts in a row. Skipping
12-09 09:50:37.660  1885  1938 E WindowManager: Performed 6 layouts in a row. Skipping
12-09 09:50:37.724  1885  1900 E WindowManager: Performed 6 layouts in a row. Skipping
12-09 09:50:37.759  1885  1938 E WindowManager: Performed 6 layouts in a row. Skipping
12-09 09:50:37.820  1885  1938 E WindowManager: Performed 6 layouts in a row. Skipping
12-09 09:50:37.848  1885  4357 E WindowManager: Performed 6 layouts in a row. Skipping
12-09 09:50:37.884  1885  1938 E WindowManager: Performed 6 layouts in a row. Skipping
12-09 09:50:37.975  1885  1938 E WindowManager: Performed 6 layouts in a row. Skipping
