--------- beginning of main
--------- beginning of system
12-08 19:21:36.544  1881  1895 E ActivityManager: Failure starting process com.evancharlton.mileage
12-08 19:21:36.544  1881  1895 E ActivityManager: java.lang.SecurityException: Package com.evancharlton.mileage is currently frozen!
12-08 19:21:36.544  1881  1895 E ActivityManager: 	at com.android.server.pm.PackageManagerService.checkPackageStartable(PackageManagerService.java:4000)
12-08 19:21:36.544  1881  1895 E ActivityManager: 	at com.android.server.am.ActivityManagerService.startProcessLocked(ActivityManagerService.java:4234)
12-08 19:21:36.544  1881  1895 E ActivityManager: 	at com.android.server.am.ActivityManagerService.startProcessLocked(ActivityManagerService.java:4199)
12-08 19:21:36.544  1881  1895 E ActivityManager: 	at com.android.server.am.ActivityManagerService.startProcessLocked(ActivityManagerService.java:4181)
12-08 19:21:36.544  1881  1895 E ActivityManager: 	at com.android.server.am.ActivityManagerService.startProcessLocked(ActivityManagerService.java:4067)
12-08 19:21:36.544  1881  1895 E ActivityManager: 	at com.android.server.am.ActivityStackSupervisor.startSpecificActivityLocked(ActivityStackSupervisor.java:1715)
12-08 19:21:36.544  1881  1895 E ActivityManager: 	at com.android.server.am.ActivityStack.resumeTopActivityInnerLocked(ActivityStack.java:2764)
12-08 19:21:36.544  1881  1895 E ActivityManager: 	at com.android.server.am.ActivityStack.resumeTopActivityUncheckedLocked(ActivityStack.java:2302)
12-08 19:21:36.544  1881  1895 E ActivityManager: 	at com.android.server.am.ActivityStackSupervisor.resumeFocusedStackTopActivityLocked(ActivityStackSupervisor.java:2234)
12-08 19:21:36.544  1881  1895 E ActivityManager: 	at com.android.server.am.ActivityStackSupervisor.resumeFocusedStackTopActivityLocked(ActivityStackSupervisor.java:2218)
12-08 19:21:36.544  1881  1895 E ActivityManager: 	at com.android.server.am.ActivityManagerService.handleAppDiedLocked(ActivityManagerService.java:5923)
12-08 19:21:36.544  1881  1895 E ActivityManager: 	at com.android.server.am.ActivityManagerService.removeProcessLocked(ActivityManagerService.java:7501)
12-08 19:21:36.544  1881  1895 E ActivityManager: 	at com.android.server.am.ActivityManagerService.killPackageProcessesLocked(ActivityManagerService.java:7142)
12-08 19:21:36.544  1881  1895 E ActivityManager: 	at com.android.server.am.ActivityManagerService.forceStopPackageLocked(ActivityManagerService.java:7275)
12-08 19:21:36.544  1881  1895 E ActivityManager: 	at com.android.server.am.ActivityManagerService$MainHandler.handleMessage(ActivityManagerService.java:2289)
12-08 19:21:36.544  1881  1895 E ActivityManager: 	at android.os.Handler.dispatchMessage(Handler.java:106)
12-08 19:21:36.544  1881  1895 E ActivityManager: 	at android.os.Looper.loop(Looper.java:193)
12-08 19:21:36.544  1881  1895 E ActivityManager: 	at android.os.HandlerThread.run(HandlerThread.java:65)
12-08 19:21:36.544  1881  1895 E ActivityManager: 	at com.android.server.ServiceThread.run(ServiceThread.java:44)
12-08 19:21:38.099  2438 12487 E ctxmgr  : [ProducerStatusImpl]updateStateForNewContextData: inactive, contextName=7
12-08 19:21:38.380  2438  2438 E BeaconBle: Missing BluetoothAdapter
12-08 19:21:38.432  2438  2438 E BeaconBle: Scan couldn't start for Places
12-08 19:21:39.506  1733  1930 E         : Couldn't opendir /data/app/vmdl1856758131.tmp: No such file or directory
12-08 19:21:39.506  1733  1930 E installd: Failed to delete /data/app/vmdl1856758131.tmp: No such file or directory
12-08 19:21:40.290 12669 12669 E harlton.mileag: Not starting debugger since process cannot load the jdwp agent.
12-08 19:21:45.127  1807  1807 E netmgr  : Failed to open QEMU pipe 'qemud:network': Invalid argument
12-08 19:21:45.127  1807  1807 E netmgr  : WifiForwarder unable to open QEMU pipe: Invalid argument
12-08 19:21:48.561 12669 12669 E SpannableStringBuilder: SPAN_EXCLUSIVE_EXCLUSIVE spans cannot have a zero length
12-08 19:21:48.562 12669 12669 E SpannableStringBuilder: SPAN_EXCLUSIVE_EXCLUSIVE spans cannot have a zero length
12-08 19:21:51.298  1741  1793 E storaged: getDiskStats failed with result NOT_SUPPORTED and size 0
12-08 19:21:58.265  2438 12487 E ctxmgr  : [ProducerStatusImpl]updateStateForNewContextData: inactive, contextName=7
12-08 19:21:58.443  2438  2438 E BeaconBle: Missing BluetoothAdapter
12-08 19:21:58.597  2438  2438 E BeaconBle: Scan couldn't start for Places
12-08 19:21:59.122  2438 12300 E WakeLock: GCM_HB_ALARM release without a matched acquire!
12-08 19:22:00.111  2438 12440 E NetworkScheduler.ATC: Called cancelTask for already completed task com.google.android.gms/.learning.training.background.TrainingGcmTaskService{u=0 tag="com.google.android.gms.learning.BACKGROUND_TRAINING_TASK" trigger=window{period=900s,flex=600s,earliest=-108s,latest=491s} requirements=[NET_ANY,CHARGING,DEVICE_IDLE] attributes=[PERSISTED,RECURRING] scheduled=-408s last_run=0s jid=N/A status=ACTIVE retries=0 client_lib=MANCHEGO_GCM-14799000} :RESCHEDULED
12-08 19:22:01.701  2570  2570 E ContextIntentStarter: No activity found for any of the 0 intents
12-08 19:22:02.030 12266 12266 E wpa_supplicant: nl80211: Failed to open /proc/sys/net/ipv4/conf/p2p-dev-wlan0/drop_unicast_in_l2_multicast: No such file or directory
12-08 19:22:02.030 12266 12266 E wpa_supplicant: nl80211: Failed to set IPv4 unicast in multicast filter
12-08 19:22:02.098 12266 12266 E wpa_supplicant: nl80211: Failed to open /proc/sys/net/ipv4/conf/p2p-dev-wlan0/drop_unicast_in_l2_multicast: No such file or directory
12-08 19:22:02.098 12266 12266 E wpa_supplicant: nl80211: Failed to set IPv4 unicast in multicast filter
12-08 19:22:02.202 12266 12266 E wpa_supplicant: nl80211: Failed to open /proc/sys/net/ipv4/conf/wlan0/drop_unicast_in_l2_multicast: No such file or directory
12-08 19:22:02.202 12266 12266 E wpa_supplicant: nl80211: Failed to set IPv4 unicast in multicast filter
12-08 19:22:02.230 12266 12266 E wpa_supplicant: nl80211: Failed to open /proc/sys/net/ipv4/conf/wlan0/drop_unicast_in_l2_multicast: No such file or directory
12-08 19:22:02.230 12266 12266 E wpa_supplicant: nl80211: Failed to set IPv4 unicast in multicast filter
12-08 19:22:02.316 12266 12266 E wpa_supplicant: nl80211: Failed to open /proc/sys/net/ipv4/conf/wlan0/drop_unicast_in_l2_multicast: No such file or directory
12-08 19:22:02.316 12266 12266 E wpa_supplicant: nl80211: Failed to set IPv4 unicast in multicast filter
12-08 19:22:02.389  1881 12287 E ConnectivityPacketTracker.wlan0: readPacket error: 
12-08 19:22:02.389  1881 12287 E ConnectivityPacketTracker.wlan0: android.system.ErrnoException: read failed: ENETDOWN (Network is down)
12-08 19:22:02.389  1881 12287 E ConnectivityPacketTracker.wlan0: 	at libcore.io.Linux.readBytes(Native Method)
12-08 19:22:02.389  1881 12287 E ConnectivityPacketTracker.wlan0: 	at libcore.io.Linux.read(Linux.java:184)
12-08 19:22:02.389  1881 12287 E ConnectivityPacketTracker.wlan0: 	at libcore.io.BlockGuardOs.read(BlockGuardOs.java:254)
12-08 19:22:02.389  1881 12287 E ConnectivityPacketTracker.wlan0: 	at android.system.Os.read(Os.java:414)
12-08 19:22:02.389  1881 12287 E ConnectivityPacketTracker.wlan0: 	at android.net.util.PacketReader.readPacket(PacketReader.java:137)
12-08 19:22:02.389  1881 12287 E ConnectivityPacketTracker.wlan0: 	at android.net.util.PacketReader.handleInput(PacketReader.java:207)
12-08 19:22:02.389  1881 12287 E ConnectivityPacketTracker.wlan0: 	at android.net.util.PacketReader.access$100(PacketReader.java:70)
12-08 19:22:02.389  1881 12287 E ConnectivityPacketTracker.wlan0: 	at android.net.util.PacketReader$1.onFileDescriptorEvents(PacketReader.java:189)
12-08 19:22:02.389  1881 12287 E ConnectivityPacketTracker.wlan0: 	at android.os.MessageQueue.dispatchEvents(MessageQueue.java:285)
12-08 19:22:02.389  1881 12287 E ConnectivityPacketTracker.wlan0: 	at android.os.MessageQueue.nativePollOnce(Native Method)
12-08 19:22:02.389  1881 12287 E ConnectivityPacketTracker.wlan0: 	at android.os.MessageQueue.next(MessageQueue.java:326)
12-08 19:22:02.389  1881 12287 E ConnectivityPacketTracker.wlan0: 	at android.os.Looper.loop(Looper.java:160)
12-08 19:22:02.389  1881 12287 E ConnectivityPacketTracker.wlan0: 	at android.os.HandlerThread.run(HandlerThread.java:65)
12-08 19:22:02.489  1881 12290 E DhcpClient: Read error
12-08 19:22:02.489  1881 12290 E DhcpClient: android.system.ErrnoException: read failed: ENETDOWN (Network is down)
12-08 19:22:02.489  1881 12290 E DhcpClient: 	at libcore.io.Linux.readBytes(Native Method)
12-08 19:22:02.489  1881 12290 E DhcpClient: 	at libcore.io.Linux.read(Linux.java:184)
12-08 19:22:02.489  1881 12290 E DhcpClient: 	at libcore.io.BlockGuardOs.read(BlockGuardOs.java:254)
12-08 19:22:02.489  1881 12290 E DhcpClient: 	at android.system.Os.read(Os.java:414)
12-08 19:22:02.489  1881 12290 E DhcpClient: 	at android.net.dhcp.DhcpClient$ReceiveThread.run(DhcpClient.java:364)
12-08 19:22:02.615  1629  1629 E android.hardware.wifi@1.0-service: Failed to open directory: Permission denied
12-08 19:22:02.616  1629  1629 E android.hardware.wifi@1.0-service: Error occurred while deleting old tombstone files
12-08 19:22:02.616  1629  1629 E android.hardware.wifi@1.0-service: Error writing files to flash
12-08 19:22:02.895  1881  1965 E SupplicantStaIfaceHal: Can't call setPowerSave, ISupplicantStaIface is null
12-08 19:22:02.896  1881  1965 E SupplicantStaIfaceHal: Can't call setBtCoexistenceMode, ISupplicantStaIface is null
12-08 19:22:02.967  1881  1965 E HalDevMgr: Should have at least 1 chip!
12-08 19:22:02.967  1881  1965 E HalDevMgr: dispatchAvailableForRequestListeners: no chip info found
12-08 19:22:03.024  1881  1965 E SupplicantStaIfaceHal: Can't call listNetworks, ISupplicantStaIface is null
12-08 19:22:03.025  1881  1965 E SupplicantStaIfaceHal: removeAllNetworks failed, got null networks
12-08 19:22:03.025  1881  1965 E WifiStateMachine: Failed to remove networks on exiting connect mode
12-08 19:22:03.025  1881  1967 E WifiP2pService: Unhandled message { when=0 what=131204 target=com.android.internal.util.StateMachine$SmHandler }
12-08 19:22:03.037  2438 12302 E WakeLock: GCM_HB_ALARM release without a matched acquire!
12-08 19:22:03.105  2438 12302 E WakeLock: GCM_CONN_ALARM release without a matched acquire!
12-08 19:22:03.185  1881  1966 E WificondControl: No valid wificond scanner interface handler
12-08 19:22:03.209  1881  1899 E BatteryExternalStatsWorker: no controller energy info supplied for wifi
12-08 19:22:04.233  1881  1968 E ConnectivityService: exception in setMtu()java.lang.IllegalStateException: command '211 interface setmtu radio0 1500' failed with '400 211 Failed to set MTU (Permission denied)'
12-08 19:22:04.311  1629  1629 E android.hardware.wifi@1.0-service: Failed to register radio mode change callback
12-08 19:22:04.335  1629  1629 E android.hardware.wifi@1.0-service: Failed to set DFS flag; DFS channels may be unavailable.
12-08 19:22:04.456  1742  1742 E wificond: No Offload Service available
12-08 19:22:04.458  1881  1965 E SupplicantStaIfaceHal: Can't call setupIface, ISupplicantStaIface is null
12-08 19:22:04.528  1881  1966 E WifiVendorHal: getBgScanCapabilities(l.671) failed {.code = ERROR_NOT_SUPPORTED, .description = }
12-08 19:22:04.534  1881  1967 E WifiP2pService: Unhandled message { when=0 what=131203 target=com.android.internal.util.StateMachine$SmHandler }
12-08 19:22:04.538  1881  1967 E WifiP2pService: Unhandled message { when=0 what=131203 target=com.android.internal.util.StateMachine$SmHandler }
12-08 19:22:04.545  1881  1899 E BatteryExternalStatsWorker: no controller energy info supplied for wifi
12-08 19:22:04.681  1881  1899 E BatteryExternalStatsWorker: no controller energy info supplied for wifi
12-08 19:22:05.175  2438 12767 E WakeLock: GCM_CONN_ALARM release without a matched acquire!
12-08 19:22:08.653  1881  1899 E BatteryExternalStatsWorker: no controller energy info supplied for wifi
12-08 19:22:08.721  1881  1965 E WifiVendorHal: stopRssiMonitoring(l.2404) failed {.code = ERROR_NOT_AVAILABLE, .description = }
12-08 19:22:09.209  2438 12778 E WakeLock: GCM_HB_ALARM release without a matched acquire!
12-08 19:22:09.468  2438 12781 E WakeLock: GCM_CONN_ALARM release without a matched acquire!
12-08 19:22:09.507  1739  1788 E Netd    : Error adding route ::/0 -> fe80::ff:fe00:100 wlan0 to table 1003: File exists
12-08 19:22:18.764  1991  1991 E native  : suggestion-transformer.cc:118 suggestion picked candidate not found for id: 3
