--------- beginning of main
--------- beginning of system
12-07 11:18:06.369  1736  1736 E wificond: NL80211_CMD_TRIGGER_SCAN failed: Device or resource busy
12-07 11:18:06.583 25740 25740 E droid.apps.doc: Not starting debugger since process cannot load the jdwp agent.
12-07 11:18:11.381  1736  1736 E wificond: NL80211_CMD_TRIGGER_SCAN failed: Device or resource busy
12-07 11:18:25.928 25740 25740 E DocsApplication: [main] No default account found during application creation.
12-07 11:18:27.800  1829  1829 E netmgr  : Failed to open QEMU pipe 'qemud:network': Invalid argument
12-07 11:18:27.800  1829  1829 E netmgr  : WifiForwarder unable to open QEMU pipe: Invalid argument
12-07 11:18:30.541  1727  1945 E         : Couldn't opendir /data/app/vmdl881349310.tmp: No such file or directory
12-07 11:18:30.541  1727  1945 E installd: Failed to delete /data/app/vmdl881349310.tmp: No such file or directory
12-07 11:18:40.179  1736  1736 E wificond: NL80211_CMD_TRIGGER_SCAN failed: Device or resource busy
12-07 11:18:42.405  1735  1809 E storaged: getDiskStats failed with result NOT_SUPPORTED and size 0
12-07 11:18:51.774 25841 25841 E harlton.mileag: Not starting debugger since process cannot load the jdwp agent.
12-07 11:19:04.025  1880  1897 E AutofillSession: No assist structure - app might have crashed providing it
12-07 11:19:04.306  1992  9017 E putmethod.lati: Invalid ID 0x00000001.
12-07 11:19:04.311  1992  9017 E LstmTrainingCache: emn: Can't get resource name for input slot
12-07 11:19:04.311  1992  9017 E LstmTrainingCache: android.content.res.Resources$NotFoundException: Unable to find resource ID #0x1
12-07 11:19:04.311  1992  9017 E LstmTrainingCache: 	at android.content.res.ResourcesImpl.getResourceName(ResourcesImpl.java:255)
12-07 11:19:04.311  1992  9017 E LstmTrainingCache: 	at android.content.res.Resources.getResourceName(Resources.java:1954)
12-07 11:19:04.311  1992  9017 E LstmTrainingCache: 	at emn.a(PG:12)
12-07 11:19:04.311  1992  9017 E LstmTrainingCache: 	at emk.run(PG:5)
12-07 11:19:04.311  1992  9017 E LstmTrainingCache: 	at java.lang.Thread.run(Thread.java:764)
12-07 11:19:28.385  1829  1829 E netmgr  : Failed to open QEMU pipe 'qemud:network': Invalid argument
12-07 11:19:28.387  1829  1829 E netmgr  : WifiForwarder unable to open QEMU pipe: Invalid argument
12-07 11:19:43.098  1735  1809 E storaged: getDiskStats failed with result NOT_SUPPORTED and size 0
12-07 11:20:09.878  1722  1856 E IPCThreadState: binder thread pool (4 threads) starved for 2294 ms
12-07 11:20:12.708 25874 25874 E hod.latin:trai: Not starting debugger since process cannot load the jdwp agent.
12-07 11:20:17.224  1880  1895 E memtrack: Couldn't load memtrack module
12-07 11:20:19.577  1736  1736 E wificond: NL80211_CMD_TRIGGER_SCAN failed: Device or resource busy
12-07 11:20:19.579  1880  1968 E WificondScannerImpl: Failed to start scan, freqs=null
12-07 11:20:24.652  1736  1736 E wificond: NL80211_CMD_TRIGGER_SCAN failed: Device or resource busy
12-07 11:20:24.652  1880  1968 E WificondScannerImpl: Failed to start scan, freqs=null
12-07 11:20:27.230 25895 25895 E id.gms.learnin: Not starting debugger since process cannot load the jdwp agent.
12-07 11:20:29.241  1829  1829 E netmgr  : Failed to open QEMU pipe 'qemud:network': Invalid argument
12-07 11:20:29.243  1829  1829 E netmgr  : WifiForwarder unable to open QEMU pipe: Invalid argument
12-07 11:20:29.699  1736  1736 E wificond: NL80211_CMD_TRIGGER_SCAN failed: Device or resource busy
12-07 11:20:29.699  1880  1968 E WificondScannerImpl: Failed to start scan, freqs=null
12-07 11:20:34.388  1880  1895 E memtrack: Couldn't load memtrack module
12-07 11:20:36.833  1736  1736 E wificond: NL80211_CMD_TRIGGER_SCAN failed: Device or resource busy
12-07 11:20:36.834  1880  1968 E WificondScannerImpl: Failed to start scan, freqs=null
12-07 11:20:36.863  1610  1692 E audio_hw_generic: pcm_write failed cannot write stream data: I/O error
12-07 11:20:46.573  2378 25864 E NetworkScheduler.TED: Dropping task as app's play services SDK version does not support Android O. Either update the SDK or lower your app's target SDK version. Canceling all tasks for the service: ComponentInfo{com.google.android.gms/com.google.android.gms.learning.training.background.TrainingGcmTaskService}
12-07 11:20:46.626  2378 24715 E NetworkScheduler: Unknown result code received: 4
12-07 11:20:46.628  2378  2378 E NetworkScheduler.ATC: Called cancelTask for already completed task com.google.android.gms/.learning.training.background.TrainingGcmTaskService{u=0 tag="com.google.android.gms.learning.BACKGROUND_TRAINING_TASK" trigger=window{period=900s,flex=600s,earliest=-636s,latest=-36s} requirements=[NET_ANY,CHARGING,DEVICE_IDLE] attributes=[PERSISTED,RECURRING] scheduled=-936s last_run=-26s jid=N/A status=PENDING retries=0 client_lib=MANCHEGO_GCM-14799000} :INVALID_START
12-07 11:20:49.298 25923 25923 E oid.apps.photo: Not starting debugger since process cannot load the jdwp agent.
12-07 11:21:01.477  1735  1809 E storaged: getDiskStats failed with result NOT_SUPPORTED and size 0
12-07 11:21:01.666  1880  1895 E memtrack: Couldn't load memtrack module
12-07 11:21:06.662  1880  1895 E memtrack: Couldn't load memtrack module
12-07 11:21:11.233  1880  1896 E ActivityManager: ANR in com.google.android.gms.learning
12-07 11:21:11.233  1880  1896 E ActivityManager: PID: 25895
12-07 11:21:11.233  1880  1896 E ActivityManager: Reason: executing service com.google.android.gms/.learning.training.background.TrainingGcmTaskService
12-07 11:21:11.233  1880  1896 E ActivityManager: Load: 0.0 / 0.0 / 0.0
12-07 11:21:11.233  1880  1896 E ActivityManager: CPU usage from 189867ms to -5ms ago (2018-12-07 11:17:56.770 to 2018-12-07 11:21:06.641):
12-07 11:21:11.233  1880  1896 E ActivityManager:   40% 1880/system_server: 20% user + 19% kernel / faults: 19947 minor 3347 major
12-07 11:21:11.233  1880  1896 E ActivityManager:   34% 646/kswapd0: 0% user + 34% kernel
12-07 11:21:11.233  1880  1896 E ActivityManager:   14% 1722/surfaceflinger: 6.1% user + 8.3% kernel / faults: 346 minor 36 major
12-07 11:21:11.233  1880  1896 E ActivityManager:   11% 2300/adbd: 0.5% user + 10% kernel / faults: 370130 minor 25 major
12-07 11:21:11.233  1880  1896 E ActivityManager:   9.3% 2482/com.google.android.gms: 4.4% user + 4.8% kernel / faults: 8129 minor 810 major
12-07 11:21:11.233  1880  1896 E ActivityManager:   9.1% 19845/com.google.android.googlequicksearchbox:search: 4.4% user + 4.6% kernel / faults: 16781 minor 1393 major
12-07 11:21:11.233  1880  1896 E ActivityManager:   7.7% 2008/com.android.systemui: 4.2% user + 3.5% kernel / faults: 3819 minor 766 major
12-07 11:21:11.233  1880  1896 E ActivityManager:   7% 2378/com.google.android.gms.persistent: 3.7% user + 3.3% kernel / faults: 4338 minor 942 major
12-07 11:21:11.233  1880  1896 E ActivityManager:   4.5% 1735/storaged: 2.5% user + 1.9% kernel / faults: 85151 minor 36 major
12-07 11:21:11.233  1880  1896 E ActivityManager:   5.9% 18700/kworker/u9:4: 0% user + 5.9% kernel
12-07 11:21:11.233  1880  1896 E ActivityManager:   3.2% 1675/kworker/u9:0: 0% user + 3.2% kernel
12-07 11:21:11.233  1880  1896 E ActivityManager:   3.9% 1992/com.google.android.inputmethod.latin: 1.9% user + 1.9% kernel / faults: 11237 minor 759 major
12-07 11:21:11.233  1880  1896 E ActivityManager:   3.8% 1702/kworker/u9:3: 0% user + 3.8% kernel
12-07 11:21:11.233  1880  1896 E ActivityManager:   2.5% 25497/com.android.systemui:screenshot: 1% user + 1.5% kernel / faults: 7148 minor 329 major
12-07 11:21:11.233  1880  1896 E ActivityManager:   2.8% 1745/android.hardware.graphics.composer@2.1-service: 0.2% user + 2.5% kernel / faults: 224 minor 11 major
12-07 11:21:11.233  1880  1896 E ActivityManager:   2.8% 2422/com.google.android.apps.nexuslauncher: 1.5% user + 1.3% kernel / faults: 2244 minor 305 major
12-07 11:21:11.233  1880  1896 E ActivityManager:   2.7% 25658/kworker/u8:2: 0% user + 2.7% kernel
12-07 11:21:11.233  1880  1896 E ActivityManager:   1.9% 1701/kworker/u9:2: 0% user + 1.9% kernel
12-07 11:21:11.233  1880  1896 E ActivityManager:   1.7% 1700/kworker/u9:1: 0% user + 1.7% kernel
12-07 11:21:11.233  1880  1896 E ActivityManager:   1.6% 1628/audioserver: 0.4% user + 1.2% kernel / faults: 62 minor 76 major
12-07 11:21:11.233  1880  1896 E ActivityManager:   1.6% 1610/android.hardware.audio@2.0-service: 0.8% user + 0.7% kernel / faults: 15 minor 20 major
12-07 11:21:11.233  1880  1896 E ActivityManager:   1.5% 22385/kworker/u8:6: 0% user + 1.5% kernel
12-07 11:21:11.233  1880  1896 E ActivityManager:   1.4% 23839/kworker/u8:1: 0% user + 1.4% kernel
12-07 11:21:11.233  1880  1896 E ActivityManager:   1.3% 1553/logd: 0.2% user + 1.1% kernel / faults: 17 minor 9 major
12-07 11:21:11.233  1880  1896 E ActivityManager:   1% 2125/com.android.phone: 0.3% user + 0.7% kernel / faults: 301 minor 68 major
12-07 11:21:11.233  1880  1896 E ActivityManager:   0.6% 21141/kworker/u8:5: 0% user + 0.6% kernel
12-07 11:21:11.233  1880  1896 E ActivityManager:   0.4% 23934/kworker/u8:0: 0% user + 0.4% kernel
12-07 11:21:11.233  1880  1896 E ActivityManager:   0.3% 1624/android.hardware.sensors@1.0-service: 0% user + 0.3% kernel
12-07 11:21:11.233  1880  1896 E ActivityManager:   0.2% 3/ksoftirqd/0: 0% user + 0.2% kernel
12-07 11:21:11.233  1880  1896 E ActivityManager:   0.1% 22205/kworker/u8:3: 0% user + 0.1% kernel
12-07 11:21:11.233  1880  1896 E ActivityManager:   0.1% 2318/logcat: 0% user + 0.1% kernel
12-07 11:21:11.233  1880  1896 E ActivityManager:   0.1% 2780/com.android.vending: 0% user + 0.1% kernel / faults: 760 minor 312 major
12-07 11:21:11.233  1880  1896 E ActivityManager:   0% 7/rcu_preempt: 0% user + 0% kernel
12-07 11:21:11.233  1880  1896 E ActivityManager:   0% 25085/com.android.documentsui: 0% user + 0% kernel / faults: 486 minor 56 major
12-07 11:21:11.233  1880  1896 E ActivityManager:   0% 24509/kworker/0:2: 0% user + 0% kernel
12-07 11:21:11.233  1880  1896 E ActivityManager:   0% 1619/android.hardware.gnss@1.0-service: 0% user + 0% kernel
12-07 11:21:11.233  1880  1896 E ActivityManager:   0% 23814/wpa_supplicant: 0% user + 0% kernel / faults: 52 minor 92 major
12-07 11:21:11.233  1880  1896 E ActivityManager:   0% 1554/servicemanager: 0% user + 0% kernel / faults: 3 minor 3 major
12-07 11:21:11.233  1880  1896 E ActivityManager:   0% 1620/android.hardware.graphics.allocator@2.0-service: 0% user + 0% kernel / faults: 107 minor 3 major
12-07 11:21:11.233  1880  1896 E ActivityManager:   0% 1723/zygote: 0% user + 0% kernel / faults: 854 minor 41 major
12-07 11:21:11.233  1880  1896 E ActivityManager:   0% 1727/installd: 0% user + 0% kernel / faults: 83 minor 9 major
12-07 11:21:11.233  1880  1896 E ActivityManager:   0% 1736/wificond: 0% user + 0% kernel / faults: 16 minor 29 major
12-07 11:21:11.233  1880  1896 E ActivityManager:   0% 24137/com.google.android.partnersetup: 0% user + 0% kernel / faults: 594 minor 65 major
12-07 11:21:11.233  1880  1896 E ActivityManager:   0% 1715/jbd2/dm-1-8: 0% user + 0% kernel
12-07 11:21:11.233  1880  1896 E ActivityManager:   0% 24285/android.process.media: 0% user + 0% kernel / faults: 355 minor 34 major
12-07 11:21:11.233  1880  1896 E ActivityManager:   0% 25605/com.google.process.gservices: 0% user + 0% kernel / faults: 407 minor 48 major
12-07 11:21:11.233  1880  1896 E ActivityManager:   0% 1734/statsd: 0% user + 0% kernel / faults: 6 minor 5 major
12-07 11:21:11.233  1880  1896 E ActivityManager:   0% 1868/hostapd_nohidl: 0% user + 0% kernel / faults: 38 minor 35 major
12-07 11:21:11.233  1880  1896 E ActivityManager:   0% 25453/kworker/2:1: 0% user + 0% kernel
12-07 11:21:11.233  1880  1896 E ActivityManager:   0% 1622/android.hardware.health@2.0-service.goldfish: 0% user + 0% kernel / faults: 15 minor 26 major
12-07 11:21:11.233  1880  1896 E ActivityManager:   0% 2183/com.google.android.ext.services: 0% user + 0% kernel / faults: 386 minor 11 major
12-07 11:21:11.233  1880  1896 E ActivityManager:   0% 16/ksoftirqd/2: 0% user + 0% kernel
12-07 11:21:11.233  1880  1896 E ActivityManager:   0% 20/ksoftirqd/3: 0% user + 0% kernel
12-07 11:21:11.233  1880  1896 E ActivityManager:   0% 25055/com.android.defcontainer: 0% user + 0%
12-07 11:21:13.539  1880  1895 E memtrack: Couldn't load memtrack module
12-07 11:21:18.529  1880  4544 E memtrack: Couldn't load memtrack module
12-07 11:21:18.633  1880  4544 E memtrack: Couldn't load memtrack module
12-07 11:21:20.790  1880  4544 E memtrack: Couldn't load memtrack module
12-07 11:21:20.962  1880  4544 E memtrack: Couldn't load memtrack module
12-07 11:21:21.053  1880  4544 E memtrack: Couldn't load memtrack module
12-07 11:21:21.127  1880  4544 E memtrack: Couldn't load memtrack module
12-07 11:21:23.094  1880  4544 E memtrack: Couldn't load memtrack module
12-07 11:21:23.226  1880  4544 E memtrack: Couldn't load memtrack module
12-07 11:21:23.315  1880  4544 E memtrack: Couldn't load memtrack module
12-07 11:21:23.386  1880  4544 E memtrack: Couldn't load memtrack module
12-07 11:21:25.509  1880  1895 E memtrack: Couldn't load memtrack module
12-07 11:21:25.595  1880  4544 E memtrack: Couldn't load memtrack module
12-07 11:21:25.674  1880  4544 E memtrack: Couldn't load memtrack module
12-07 11:21:25.742  1880  4544 E memtrack: Couldn't load memtrack module
12-07 11:21:25.821  1880  4544 E memtrack: Couldn't load memtrack module
12-07 11:21:25.884  1880  4544 E memtrack: Couldn't load memtrack module
12-07 11:21:27.820  1880  4544 E memtrack: Couldn't load memtrack module
12-07 11:21:27.893  1880  4544 E memtrack: Couldn't load memtrack module
12-07 11:21:27.957  1880  4544 E memtrack: Couldn't load memtrack module
12-07 11:21:28.023  1880  4544 E memtrack: Couldn't load memtrack module
12-07 11:21:28.086  1880  4544 E memtrack: Couldn't load memtrack module
12-07 11:21:30.233  1829  1829 E netmgr  : Failed to open QEMU pipe 'qemud:network': Invalid argument
12-07 11:21:30.234  1829  1829 E netmgr  : WifiForwarder unable to open QEMU pipe: Invalid argument
12-07 11:21:30.246  1880  4544 E memtrack: Couldn't load memtrack module
12-07 11:21:30.249  1880  1895 E memtrack: Couldn't load memtrack module
12-07 11:21:30.370  1880  4544 E memtrack: Couldn't load memtrack module
12-07 11:21:30.434  1880  4544 E memtrack: Couldn't load memtrack module
12-07 11:21:30.497  1880  4544 E memtrack: Couldn't load memtrack module
12-07 11:21:30.562  1880  4544 E memtrack: Couldn't load memtrack module
12-07 11:21:30.633  1880  4544 E memtrack: Couldn't load memtrack module
12-07 11:21:32.619  1880  4544 E memtrack: Couldn't load memtrack module
12-07 11:21:32.742  1880  4544 E memtrack: Couldn't load memtrack module
12-07 11:21:32.771  1880  4544 E memtrack: Couldn't load memtrack module
12-07 11:21:32.772  1880  4544 E memtrack: Couldn't load memtrack module
12-07 11:21:32.773  1880  4544 E memtrack: Couldn't load memtrack module
12-07 11:21:32.774  1880  4544 E memtrack: Couldn't load memtrack module
12-07 11:21:32.780  1880  4544 E memtrack: Couldn't load memtrack module
12-07 11:21:32.784  1880  4544 E memtrack: Couldn't load memtrack module
12-07 11:21:32.789  1880  4544 E memtrack: Couldn't load memtrack module
12-07 11:21:32.794  1880  4544 E memtrack: Couldn't load memtrack module
12-07 11:21:32.799  1880  4544 E memtrack: Couldn't load memtrack module
12-07 11:21:32.808  1880  4544 E memtrack: Couldn't load memtrack module
12-07 11:21:32.812  1880  4544 E memtrack: Couldn't load memtrack module
12-07 11:21:32.817  1880  4544 E memtrack: Couldn't load memtrack module
