--------- beginning of system
12-07 07:44:22.412  1880  1896 E ActivityManager: Failure starting process com.evancharlton.mileage
12-07 07:44:22.412  1880  1896 E ActivityManager: java.lang.SecurityException: Package com.evancharlton.mileage is currently frozen!
12-07 07:44:22.412  1880  1896 E ActivityManager: 	at com.android.server.pm.PackageManagerService.checkPackageStartable(PackageManagerService.java:4000)
12-07 07:44:22.412  1880  1896 E ActivityManager: 	at com.android.server.am.ActivityManagerService.startProcessLocked(ActivityManagerService.java:4234)
12-07 07:44:22.412  1880  1896 E ActivityManager: 	at com.android.server.am.ActivityManagerService.startProcessLocked(ActivityManagerService.java:4199)
12-07 07:44:22.412  1880  1896 E ActivityManager: 	at com.android.server.am.ActivityManagerService.startProcessLocked(ActivityManagerService.java:4181)
12-07 07:44:22.412  1880  1896 E ActivityManager: 	at com.android.server.am.ActivityManagerService.startProcessLocked(ActivityManagerService.java:4067)
12-07 07:44:22.412  1880  1896 E ActivityManager: 	at com.android.server.am.ActivityStackSupervisor.startSpecificActivityLocked(ActivityStackSupervisor.java:1715)
12-07 07:44:22.412  1880  1896 E ActivityManager: 	at com.android.server.am.ActivityStack.resumeTopActivityInnerLocked(ActivityStack.java:2764)
12-07 07:44:22.412  1880  1896 E ActivityManager: 	at com.android.server.am.ActivityStack.resumeTopActivityUncheckedLocked(ActivityStack.java:2302)
12-07 07:44:22.412  1880  1896 E ActivityManager: 	at com.android.server.am.ActivityStackSupervisor.resumeFocusedStackTopActivityLocked(ActivityStackSupervisor.java:2234)
12-07 07:44:22.412  1880  1896 E ActivityManager: 	at com.android.server.am.ActivityStackSupervisor.resumeFocusedStackTopActivityLocked(ActivityStackSupervisor.java:2218)
12-07 07:44:22.412  1880  1896 E ActivityManager: 	at com.android.server.am.ActivityManagerService.handleAppDiedLocked(ActivityManagerService.java:5923)
12-07 07:44:22.412  1880  1896 E ActivityManager: 	at com.android.server.am.ActivityManagerService.removeProcessLocked(ActivityManagerService.java:7501)
12-07 07:44:22.412  1880  1896 E ActivityManager: 	at com.android.server.am.ActivityManagerService.killPackageProcessesLocked(ActivityManagerService.java:7142)
12-07 07:44:22.412  1880  1896 E ActivityManager: 	at com.android.server.am.ActivityManagerService.forceStopPackageLocked(ActivityManagerService.java:7275)
12-07 07:44:22.412  1880  1896 E ActivityManager: 	at com.android.server.am.ActivityManagerService$MainHandler.handleMessage(ActivityManagerService.java:2289)
12-07 07:44:22.412  1880  1896 E ActivityManager: 	at android.os.Handler.dispatchMessage(Handler.java:106)
12-07 07:44:22.412  1880  1896 E ActivityManager: 	at android.os.Looper.loop(Looper.java:193)
12-07 07:44:22.412  1880  1896 E ActivityManager: 	at android.os.HandlerThread.run(HandlerThread.java:65)
12-07 07:44:22.412  1880  1896 E ActivityManager: 	at com.android.server.ServiceThread.run(ServiceThread.java:44)
12-07 07:44:53.654  1735  1809 E storaged: getDiskStats failed with result NOT_SUPPORTED and size 0
12-07 07:44:58.582  2422  2422 E SchedPolicy: set_timerslack_ns write failed: Operation not permitted
12-07 07:45:00.801  2422  2422 E SchedPolicy: set_timerslack_ns write failed: Operation not permitted
12-07 07:45:53.777  1735  1809 E storaged: getDiskStats failed with result NOT_SUPPORTED and size 0
12-07 07:45:55.588  1736  1736 E wificond: Receive ERROR message in response to 'stop scheduled scan' request: Operation not supported on transport endpoint
12-07 07:45:56.674  1625  1625 E android.hardware.wifi@1.0-service: Failed to open directory: Permission denied
12-07 07:45:56.674  1625  1625 E android.hardware.wifi@1.0-service: Error occurred while deleting old tombstone files
12-07 07:45:56.674  1625  1625 E android.hardware.wifi@1.0-service: Error writing files to flash
12-07 07:45:57.241  1880  1969 E WifiP2pService: Unhandled message { when=0 what=131204 target=com.android.internal.util.StateMachine$SmHandler }
12-07 07:45:57.381  1880  1900 E BatteryExternalStatsWorker: no controller energy info supplied for wifi
12-07 07:45:57.458  1880  1900 E BatteryExternalStatsWorker: no controller energy info supplied for wifi
--------- beginning of main
12-07 07:46:15.338  2378  8272 E ctxmgr  : [ProducerStatusImpl]updateStateForNewContextData: inactive, contextName=7
12-07 07:46:15.837  2378  2378 E BeaconBle: Scan couldn't start for Places
12-07 07:46:29.024  1880  1900 E BatteryExternalStatsWorker: no controller energy info supplied for wifi
12-07 07:46:40.388  1829  1829 E netmgr  : Failed to open QEMU pipe 'qemud:network': Invalid argument
12-07 07:46:40.388  1829  1829 E netmgr  : WifiForwarder unable to open QEMU pipe: Invalid argument
12-07 07:46:47.234  2378  8178 E ctxmgr  : [ProducerStatusImpl]updateStateForNewContextData: inactive, contextName=7
12-07 07:46:47.611  2378  2378 E BeaconBle: Missing BluetoothAdapter
12-07 07:46:47.698  2378  2378 E BeaconBle: Scan couldn't start for Places
12-07 07:46:53.782  1735  1809 E storaged: getDiskStats failed with result NOT_SUPPORTED and size 0
12-07 07:46:58.514  8371  8371 E dboxed_process: Not starting debugger since process cannot load the jdwp agent.
12-07 07:46:58.558  6805  6805 E ClientVe: Failed to create ClientVisualElementsProto for user interaction on view com.google.android.apps.gsa.searchbox.ui.suggestions.views.CoreSuggestionView{28d97f4 VFE...CL. ...P.... 0,-5-1038,142 #4b} because the view is not tagged for visual element logging.
12-07 07:46:58.572  6805  6805 E ClientVe: Failed to create ClientVisualElementsProto for user interaction on view com.google.android.apps.gsa.searchbox.ui.suggestions.views.CoreSuggestionView{b98bfdb VFE...CL. ...P.... 0,289-1038,436 #4d} because the view is not tagged for visual element logging.
12-07 07:46:58.839  6805  6805 E ClientVe: Failed to create ClientVisualElementsProto for user interaction on view com.google.android.apps.gsa.searchbox.ui.suggestions.views.CoreSuggestionView{e4ab6d0 VFE...CL. ...P.... 0,436-1038,583 #4e} because the view is not tagged for visual element logging.
12-07 07:46:59.745  6805  6813 E ReloadingLock: Finalizing LOCKED Token[searchresults_activity 2018-12-07 07:46:58.963]
12-07 07:47:04.662  1610  8404 E audio_hw_generic: pcm_open(in) failed: cannot open device '/dev/snd/pcmC0D0c': Device or resource busy: channels 2 format 0 rate 16000
12-07 07:47:15.532  6805  6805 E SpannableStringBuilder: SPAN_EXCLUSIVE_EXCLUSIVE spans cannot have a zero length
12-07 07:47:15.532  6805  6805 E SpannableStringBuilder: SPAN_EXCLUSIVE_EXCLUSIVE spans cannot have a zero length
12-07 07:47:15.743  6805  6805 E ClientVe: Failed to create ClientVisualElementsProto for user interaction on view com.google.android.apps.gsa.searchbox.ui.suggestions.views.CoreSuggestionView{7fd00c5 VFE...CL. ...P.... 0,306-1038,453 #52} because the view is not tagged for visual element logging.
12-07 07:47:15.980  6805  6805 E ClientVe: Failed to create ClientVisualElementsProto for user interaction on view com.google.android.apps.gsa.searchbox.ui.suggestions.views.CoreSuggestionView{7fd00c5 VFE...CL. ...P.... 0,306-1038,453 #52} because the view is not tagged for visual element logging.
12-07 07:47:16.776  6805  6805 E ClientVe: Failed to create ClientVisualElementsProto for user interaction on view com.google.android.apps.gsa.searchbox.ui.suggestions.views.CoreSuggestionView{7fd00c5 VFE...CL. .F....ID 0,306-1038,453 #52} because the view is not tagged for visual element logging.
12-07 07:47:20.117  6805  6832 E MicroDetectionWorker: Stale runnable..ignoring
12-07 07:47:28.117  6805  6805 E ContextIntentStarter: No activity found for any of the 0 intents
12-07 07:47:31.576  6805  6805 E ClientVe: Failed to create ClientVisualElementsProto for user interaction on view com.google.android.apps.gsa.searchbox.ui.suggestions.views.CoreSuggestionView{c49c3cc VFE...CL. ...P.... 0,-5-1038,142 #55} because the view is not tagged for visual element logging.
12-07 07:47:31.782  6805  6805 E ClientVe: Failed to create ClientVisualElementsProto for user interaction on view com.google.android.apps.gsa.searchbox.ui.suggestions.views.CoreSuggestionView{d91671b VFE...CL. ...P.... 0,436-1038,583 #58} because the view is not tagged for visual element logging.
12-07 07:47:32.096  6805  6805 E ClientVe: Failed to create ClientVisualElementsProto for user interaction on view com.google.android.apps.gsa.searchbox.ui.suggestions.views.CoreSuggestionView{c49c3cc VFE...CL. ...P.... 0,-5-1038,142 #55} because the view is not tagged for visual element logging.
12-07 07:47:40.380  1992  1992 E native  : clearcut-logger.cc:191 USER_EDIT span#originalSpan is missing
12-07 07:47:40.390  1829  1829 E netmgr  : Failed to open QEMU pipe 'qemud:network': Invalid argument
12-07 07:47:40.390  1829  1829 E netmgr  : WifiForwarder unable to open QEMU pipe: Invalid argument
12-07 07:47:41.527  1992  1992 E native  : clearcut-logger.cc:191 USER_EDIT span#originalSpan is missing
12-07 07:47:48.844  1992  9017 E putmethod.lati: Invalid ID 0x00000003.
12-07 07:47:48.853  1992  9017 E LstmTrainingCache: emn: Can't get resource name for input slot
12-07 07:47:48.853  1992  9017 E LstmTrainingCache: android.content.res.Resources$NotFoundException: Unable to find resource ID #0x3
12-07 07:47:48.853  1992  9017 E LstmTrainingCache: 	at android.content.res.ResourcesImpl.getResourceName(ResourcesImpl.java:255)
12-07 07:47:48.853  1992  9017 E LstmTrainingCache: 	at android.content.res.Resources.getResourceName(Resources.java:1954)
12-07 07:47:48.853  1992  9017 E LstmTrainingCache: 	at emn.a(PG:12)
12-07 07:47:48.853  1992  9017 E LstmTrainingCache: 	at emk.run(PG:5)
12-07 07:47:48.853  1992  9017 E LstmTrainingCache: 	at java.lang.Thread.run(Thread.java:764)
12-07 07:47:51.662  2378  8332 E ctxmgr  : [ProducerStatusImpl]updateStateForNewContextData: inactive, contextName=7
12-07 07:47:51.681  2378  2937 E PlaceInferenceEngine: Position timestamp out of order. Previous: 1544168729280, Current: 1544150871000. Skipping this Position.
12-07 07:47:51.687  2378  8332 E ctxmgr  : [ProducerStatusImpl]updateStateForNewContextData: inactive, contextName=1
12-07 07:47:51.982  2378  2378 E BeaconBle: Scan couldn't start for Places
12-07 07:47:53.811  1735  1809 E storaged: getDiskStats failed with result NOT_SUPPORTED and size 0
12-07 07:47:56.362  1625  1625 E android.hardware.wifi@1.0-service: Failed to register radio mode change callback
12-07 07:47:56.379  1625  1625 E android.hardware.wifi@1.0-service: Failed to set DFS flag; DFS channels may be unavailable.
12-07 07:47:56.438  1736  1736 E wificond: No Offload Service available
12-07 07:47:56.679  1880  1969 E WifiP2pService: Unhandled message { when=-2ms what=131203 target=com.android.internal.util.StateMachine$SmHandler }
12-07 07:47:56.714  1880  1969 E WifiP2pService: Unhandled message { when=-3ms what=131203 target=com.android.internal.util.StateMachine$SmHandler }
12-07 07:47:56.767  1880  1900 E BatteryExternalStatsWorker: no controller energy info supplied for wifi
12-07 07:47:56.825  1880  1900 E BatteryExternalStatsWorker: no controller energy info supplied for wifi
12-07 07:47:58.197  1610  8457 E audio_hw_generic: pcm_open(in) failed: cannot open device '/dev/snd/pcmC0D0c': Device or resource busy: channels 2 format 0 rate 16000
12-07 07:48:01.267  1880  1900 E BatteryExternalStatsWorker: no controller energy info supplied for wifi
12-07 07:48:01.441  1880  1967 E WifiVendorHal: stopRssiMonitoring(l.2404) failed {.code = ERROR_NOT_AVAILABLE, .description = }
12-07 07:48:01.939  1992  9017 E putmethod.lati: Invalid ID 0x00000004.
12-07 07:48:02.004  1992  9017 E LstmTrainingCache: emn: Can't get resource name for input slot
12-07 07:48:02.004  1992  9017 E LstmTrainingCache: android.content.res.Resources$NotFoundException: Unable to find resource ID #0x4
12-07 07:48:02.004  1992  9017 E LstmTrainingCache: 	at android.content.res.ResourcesImpl.getResourceName(ResourcesImpl.java:255)
12-07 07:48:02.004  1992  9017 E LstmTrainingCache: 	at android.content.res.Resources.getResourceName(Resources.java:1954)
12-07 07:48:02.004  1992  9017 E LstmTrainingCache: 	at emn.a(PG:12)
12-07 07:48:02.004  1992  9017 E LstmTrainingCache: 	at emk.run(PG:5)
12-07 07:48:02.004  1992  9017 E LstmTrainingCache: 	at java.lang.Thread.run(Thread.java:764)
12-07 07:48:02.027  2378  8472 E WakeLock: GCM_HB_ALARM release without a matched acquire!
12-07 07:48:02.045  1733  1824 E Netd    : Error adding route ::/0 -> fe80::ff:fe00:100 wlan0 to table 1003: File exists
12-07 07:48:02.131  2378  8472 E WakeLock: GCM_CONN_ALARM release without a matched acquire!
12-07 07:48:02.269  1992  9017 E putmethod.lati: Invalid ID 0x00000005.
12-07 07:48:02.269  1992  9017 E LstmTrainingCache: emn: Can't get resource name for input slot
12-07 07:48:02.269  1992  9017 E LstmTrainingCache: android.content.res.Resources$NotFoundException: Unable to find resource ID #0x5
12-07 07:48:02.269  1992  9017 E LstmTrainingCache: 	at android.content.res.ResourcesImpl.getResourceName(ResourcesImpl.java:255)
12-07 07:48:02.269  1992  9017 E LstmTrainingCache: 	at android.content.res.Resources.getResourceName(Resources.java:1954)
12-07 07:48:02.269  1992  9017 E LstmTrainingCache: 	at emn.a(PG:12)
12-07 07:48:02.269  1992  9017 E LstmTrainingCache: 	at emk.run(PG:5)
12-07 07:48:02.269  1992  9017 E LstmTrainingCache: 	at java.lang.Thread.run(Thread.java:764)
12-07 07:48:02.716  1992  9017 E putmethod.lati: Invalid ID 0x00000003.
12-07 07:48:02.716  1992  9017 E LstmTrainingCache: emn: Can't get resource name for input slot
12-07 07:48:02.716  1992  9017 E LstmTrainingCache: android.content.res.Resources$NotFoundException: Unable to find resource ID #0x3
12-07 07:48:02.716  1992  9017 E LstmTrainingCache: 	at android.content.res.ResourcesImpl.getResourceName(ResourcesImpl.java:255)
12-07 07:48:02.716  1992  9017 E LstmTrainingCache: 	at android.content.res.Resources.getResourceName(Resources.java:1954)
12-07 07:48:02.716  1992  9017 E LstmTrainingCache: 	at emn.a(PG:12)
12-07 07:48:02.716  1992  9017 E LstmTrainingCache: 	at emk.run(PG:5)
12-07 07:48:02.716  1992  9017 E LstmTrainingCache: 	at java.lang.Thread.run(Thread.java:764)
12-07 07:48:03.047  1992  9017 E putmethod.lati: Invalid ID 0x00000005.
12-07 07:48:03.047  1992  9017 E LstmTrainingCache: emn: Can't get resource name for input slot
12-07 07:48:03.047  1992  9017 E LstmTrainingCache: android.content.res.Resources$NotFoundException: Unable to find resource ID #0x5
12-07 07:48:03.047  1992  9017 E LstmTrainingCache: 	at android.content.res.ResourcesImpl.getResourceName(ResourcesImpl.java:255)
12-07 07:48:03.047  1992  9017 E LstmTrainingCache: 	at android.content.res.Resources.getResourceName(Resources.java:1954)
12-07 07:48:03.047  1992  9017 E LstmTrainingCache: 	at emn.a(PG:12)
12-07 07:48:03.047  1992  9017 E LstmTrainingCache: 	at emk.run(PG:5)
12-07 07:48:03.047  1992  9017 E LstmTrainingCache: 	at java.lang.Thread.run(Thread.java:764)
12-07 07:48:03.099  1992  9017 E putmethod.lati: Invalid ID 0x00000003.
12-07 07:48:03.100  1992  9017 E LstmTrainingCache: emn: Can't get resource name for input slot
12-07 07:48:03.100  1992  9017 E LstmTrainingCache: android.content.res.Resources$NotFoundException: Unable to find resource ID #0x3
12-07 07:48:03.100  1992  9017 E LstmTrainingCache: 	at android.content.res.ResourcesImpl.getResourceName(ResourcesImpl.java:255)
12-07 07:48:03.100  1992  9017 E LstmTrainingCache: 	at android.content.res.Resources.getResourceName(Resources.java:1954)
12-07 07:48:03.100  1992  9017 E LstmTrainingCache: 	at emn.a(PG:12)
12-07 07:48:03.100  1992  9017 E LstmTrainingCache: 	at emk.run(PG:5)
12-07 07:48:03.100  1992  9017 E LstmTrainingCache: 	at java.lang.Thread.run(Thread.java:764)
12-07 07:48:03.786  1992  9017 E putmethod.lati: Invalid ID 0x00000005.
12-07 07:48:03.786  1992  9017 E LstmTrainingCache: emn: Can't get resource name for input slot
12-07 07:48:03.786  1992  9017 E LstmTrainingCache: android.content.res.Resources$NotFoundException: Unable to find resource ID #0x5
12-07 07:48:03.786  1992  9017 E LstmTrainingCache: 	at android.content.res.ResourcesImpl.getResourceName(ResourcesImpl.java:255)
12-07 07:48:03.786  1992  9017 E LstmTrainingCache: 	at android.content.res.Resources.getResourceName(Resources.java:1954)
12-07 07:48:03.786  1992  9017 E LstmTrainingCache: 	at emn.a(PG:12)
12-07 07:48:03.786  1992  9017 E LstmTrainingCache: 	at emk.run(PG:5)
12-07 07:48:03.786  1992  9017 E LstmTrainingCache: 	at java.lang.Thread.run(Thread.java:764)
12-07 07:48:04.035  1992  9017 E putmethod.lati: Invalid ID 0x00000004.
12-07 07:48:04.035  1992  9017 E LstmTrainingCache: emn: Can't get resource name for input slot
12-07 07:48:04.035  1992  9017 E LstmTrainingCache: android.content.res.Resources$NotFoundException: Unable to find resource ID #0x4
12-07 07:48:04.035  1992  9017 E LstmTrainingCache: 	at android.content.res.ResourcesImpl.getResourceName(ResourcesImpl.java:255)
12-07 07:48:04.035  1992  9017 E LstmTrainingCache: 	at android.content.res.Resources.getResourceName(Resources.java:1954)
12-07 07:48:04.035  1992  9017 E LstmTrainingCache: 	at emn.a(PG:12)
12-07 07:48:04.035  1992  9017 E LstmTrainingCache: 	at emk.run(PG:5)
12-07 07:48:04.035  1992  9017 E LstmTrainingCache: 	at java.lang.Thread.run(Thread.java:764)
12-07 07:48:06.759  2378  8482 E WakeLock: GCM_CONN_ALARM release without a matched acquire!
12-07 07:48:07.141  8485  8485 E id.gms.learnin: Not starting debugger since process cannot load the jdwp agent.
12-07 07:48:07.499  2378  8420 E NetworkScheduler: Unknown result code received: 4
12-07 07:48:07.506  2378  2378 E NetworkScheduler.ATC: Called cancelTask for already completed task com.google.android.gms/.measurement.PackageMeasurementTaskService{u=0 tag="Measurement.PackageMeasurementTaskService.UPLOAD_TASK_TAG" trigger=window{start=24s,end=50s,earliest=0s,latest=25s} requirements=[NET_CONNECTED] attributes=[PERSISTED] scheduled=-24s last_run=0s jid=N/A status=PENDING retries=0 client_lib=MANCHEGO_GCM-14799000} :INVALID_START
12-07 07:48:08.127  1992  1992 E native  : suggestion-transformer.cc:118 suggestion picked candidate not found for id: 6
12-07 07:48:09.895  2378  8437 E NetworkScheduler.ATC: Called cancelTask for already completed task com.google.android.gms/.learning.training.background.TrainingGcmTaskService{u=0 tag="com.google.android.gms.learning.BACKGROUND_TRAINING_TASK" trigger=window{period=900s,flex=600s,earliest=-101s,latest=498s} requirements=[NET_ANY,CHARGING,DEVICE_IDLE] attributes=[PERSISTED,RECURRING] scheduled=-401s last_run=-3s jid=N/A status=ACTIVE retries=0 client_lib=MANCHEGO_GCM-14799000} :RESCHEDULED
