--------- beginning of main
--------- beginning of system
12-09 02:43:10.648  1885  2001 E WindowManager: Performed 6 layouts in a row. Skipping
12-09 02:43:10.672  1885  1938 E WindowManager: Performed 6 layouts in a row. Skipping
12-09 02:43:10.704  1885  1938 E WindowManager: Performed 6 layouts in a row. Skipping
12-09 02:43:10.733  1885  3163 E WindowManager: Performed 6 layouts in a row. Skipping
12-09 02:43:10.764  1885  1938 E WindowManager: Performed 6 layouts in a row. Skipping
12-09 02:43:10.787  1885  1938 E WindowManager: Performed 6 layouts in a row. Skipping
12-09 02:43:10.808  1885  3512 E WindowManager: Performed 6 layouts in a row. Skipping
12-09 02:43:10.850  1885  1938 E WindowManager: Performed 6 layouts in a row. Skipping
12-09 02:43:10.920  1885  1938 E WindowManager: Performed 6 layouts in a row. Skipping
12-09 02:43:12.119  1834  1834 E netmgr  : Failed to open QEMU pipe 'qemud:network': Invalid argument
12-09 02:43:12.120  1834  1834 E netmgr  : WifiForwarder unable to open QEMU pipe: Invalid argument
12-09 02:43:12.845  1885  1899 E ActivityManager: Failure starting process com.evancharlton.mileage
12-09 02:43:12.845  1885  1899 E ActivityManager: java.lang.SecurityException: Package com.evancharlton.mileage is currently frozen!
12-09 02:43:12.845  1885  1899 E ActivityManager: 	at com.android.server.pm.PackageManagerService.checkPackageStartable(PackageManagerService.java:4000)
12-09 02:43:12.845  1885  1899 E ActivityManager: 	at com.android.server.am.ActivityManagerService.startProcessLocked(ActivityManagerService.java:4234)
12-09 02:43:12.845  1885  1899 E ActivityManager: 	at com.android.server.am.ActivityManagerService.startProcessLocked(ActivityManagerService.java:4199)
12-09 02:43:12.845  1885  1899 E ActivityManager: 	at com.android.server.am.ActivityManagerService.startProcessLocked(ActivityManagerService.java:4181)
12-09 02:43:12.845  1885  1899 E ActivityManager: 	at com.android.server.am.ActivityManagerService.startProcessLocked(ActivityManagerService.java:4067)
12-09 02:43:12.845  1885  1899 E ActivityManager: 	at com.android.server.am.ActivityStackSupervisor.startSpecificActivityLocked(ActivityStackSupervisor.java:1715)
12-09 02:43:12.845  1885  1899 E ActivityManager: 	at com.android.server.am.ActivityStack.resumeTopActivityInnerLocked(ActivityStack.java:2764)
12-09 02:43:12.845  1885  1899 E ActivityManager: 	at com.android.server.am.ActivityStack.resumeTopActivityUncheckedLocked(ActivityStack.java:2302)
12-09 02:43:12.845  1885  1899 E ActivityManager: 	at com.android.server.am.ActivityStackSupervisor.resumeFocusedStackTopActivityLocked(ActivityStackSupervisor.java:2234)
12-09 02:43:12.845  1885  1899 E ActivityManager: 	at com.android.server.am.ActivityStackSupervisor.resumeFocusedStackTopActivityLocked(ActivityStackSupervisor.java:2218)
12-09 02:43:12.845  1885  1899 E ActivityManager: 	at com.android.server.am.ActivityManagerService.handleAppDiedLocked(ActivityManagerService.java:5923)
12-09 02:43:12.845  1885  1899 E ActivityManager: 	at com.android.server.am.ActivityManagerService.removeProcessLocked(ActivityManagerService.java:7501)
12-09 02:43:12.845  1885  1899 E ActivityManager: 	at com.android.server.am.ActivityManagerService.killPackageProcessesLocked(ActivityManagerService.java:7142)
12-09 02:43:12.845  1885  1899 E ActivityManager: 	at com.android.server.am.ActivityManagerService.forceStopPackageLocked(ActivityManagerService.java:7275)
12-09 02:43:12.845  1885  1899 E ActivityManager: 	at com.android.server.am.ActivityManagerService$MainHandler.handleMessage(ActivityManagerService.java:2289)
12-09 02:43:12.845  1885  1899 E ActivityManager: 	at android.os.Handler.dispatchMessage(Handler.java:106)
12-09 02:43:12.845  1885  1899 E ActivityManager: 	at android.os.Looper.loop(Looper.java:193)
12-09 02:43:12.845  1885  1899 E ActivityManager: 	at android.os.HandlerThread.run(HandlerThread.java:65)
12-09 02:43:12.845  1885  1899 E ActivityManager: 	at com.android.server.ServiceThread.run(ServiceThread.java:44)
12-09 02:43:13.690 16333 16333 E oid.documentsu: Not starting debugger since process cannot load the jdwp agent.
12-09 02:43:13.740 16348 16348 E ndroid.keychai: Not starting debugger since process cannot load the jdwp agent.
12-09 02:43:14.437 16386 16386 E droid.apps.doc: Not starting debugger since process cannot load the jdwp agent.
12-09 02:43:16.445 16386 16386 E DocsApplication: [main] No default account found during application creation.
12-09 02:43:17.746  2378 15910 E ctxmgr  : [ProducerStatusImpl]updateStateForNewContextData: inactive, contextName=7
12-09 02:43:18.093  2378  2378 E BeaconBle: Missing BluetoothAdapter
12-09 02:43:18.168  2378  2378 E BeaconBle: Scan couldn't start for Places
12-09 02:43:18.340  1731  1776 E         : Couldn't opendir /data/app/vmdl1243097585.tmp: No such file or directory
12-09 02:43:18.341  1731  1776 E installd: Failed to delete /data/app/vmdl1243097585.tmp: No such file or directory
12-09 02:43:19.120  1739  1762 E storaged: getDiskStats failed with result NOT_SUPPORTED and size 0
12-09 02:43:20.838 16469 16469 E harlton.mileag: Not starting debugger since process cannot load the jdwp agent.
12-09 02:43:22.516  1994  7294 E putmethod.lati: Invalid ID 0x00000001.
12-09 02:43:22.522  1994  7294 E LstmTrainingCache: emn: Can't get resource name for input slot
12-09 02:43:22.522  1994  7294 E LstmTrainingCache: android.content.res.Resources$NotFoundException: Unable to find resource ID #0x1
12-09 02:43:22.522  1994  7294 E LstmTrainingCache: 	at android.content.res.ResourcesImpl.getResourceName(ResourcesImpl.java:255)
12-09 02:43:22.522  1994  7294 E LstmTrainingCache: 	at android.content.res.Resources.getResourceName(Resources.java:1954)
12-09 02:43:22.522  1994  7294 E LstmTrainingCache: 	at emn.a(PG:12)
12-09 02:43:22.522  1994  7294 E LstmTrainingCache: 	at emk.run(PG:5)
12-09 02:43:22.522  1994  7294 E LstmTrainingCache: 	at java.lang.Thread.run(Thread.java:764)
12-09 02:43:31.183 16497 16497 E emui:screensho: Not starting debugger since process cannot load the jdwp agent.
12-09 02:43:31.772 16497 16497 E SoundPool: error loading /product/media/audio/ui/camera_click.ogg
12-09 02:43:32.148  1741  1741 E OMXNodeInstance: getConfig(0xe97a6e40:google.vorbis.decoder, ConfigAndroidVendorExtension(0x6f100004)) ERROR: Undefined(0x80001001)
12-09 02:43:33.920  2342  4708 E s.nexuslaunche: Failed to open APK '/data/app/com.evancharlton.mileage-uNfcBhJ1vTxp7m0yXaLwEA==/base.apk' I/O error
12-09 02:43:33.935  2342  4708 E ResourcesManager: failed to add asset path /data/app/com.evancharlton.mileage-uNfcBhJ1vTxp7m0yXaLwEA==/base.apk
12-09 02:43:36.655  2378 15910 E ctxmgr  : [ProducerStatusImpl]updateStateForNewContextData: inactive, contextName=7
12-09 02:43:36.778  2378  2378 E BeaconBle: Scan couldn't start for Places
12-09 02:43:44.811 16538 16538 E oid.apps.photo: Not starting debugger since process cannot load the jdwp agent.
12-09 02:43:45.629 16556 16556 E ocess.gservice: Not starting debugger since process cannot load the jdwp agent.
12-09 02:43:51.511 10557 10557 E ContextIntentStarter: No activity found for any of the 0 intents
12-09 02:44:12.125  1834  1834 E netmgr  : Failed to open QEMU pipe 'qemud:network': Invalid argument
12-09 02:44:12.125  1834  1834 E netmgr  : WifiForwarder unable to open QEMU pipe: Invalid argument
12-09 02:44:19.125  1739  1762 E storaged: getDiskStats failed with result NOT_SUPPORTED and size 0
12-09 02:45:12.126  1834  1834 E netmgr  : Failed to open QEMU pipe 'qemud:network': Invalid argument
12-09 02:45:12.126  1834  1834 E netmgr  : WifiForwarder unable to open QEMU pipe: Invalid argument
12-09 02:45:19.128  1739  1762 E storaged: getDiskStats failed with result NOT_SUPPORTED and size 0
12-09 02:46:12.132  1834  1834 E netmgr  : Failed to open QEMU pipe 'qemud:network': Invalid argument
12-09 02:46:12.133  1834  1834 E netmgr  : WifiForwarder unable to open QEMU pipe: Invalid argument
12-09 02:46:19.129  1739  1762 E storaged: getDiskStats failed with result NOT_SUPPORTED and size 0
12-09 02:46:31.818  1885  3668 E WindowManager: Performed 6 layouts in a row. Skipping
12-09 02:46:31.861  1885  1938 E WindowManager: Performed 6 layouts in a row. Skipping
12-09 02:46:31.883  1885  1900 E WindowManager: Performed 6 layouts in a row. Skipping
12-09 02:46:31.919  1885  1938 E WindowManager: Performed 6 layouts in a row. Skipping
12-09 02:46:31.958  1885  1938 E WindowManager: Performed 6 layouts in a row. Skipping
12-09 02:46:32.155  1885  1938 E WindowManager: Performed 6 layouts in a row. Skipping
12-09 02:46:32.177  1885  3217 E WindowManager: Performed 6 layouts in a row. Skipping
12-09 02:46:32.211  1885  1938 E WindowManager: Performed 6 layouts in a row. Skipping
12-09 02:46:32.259  1885  1938 E WindowManager: Performed 6 layouts in a row. Skipping
