--------- beginning of system
12-07 13:27:56.256  1735  1809 E storaged: getDiskStats failed with result NOT_SUPPORTED and size 0
12-07 13:28:56.385  1735  1809 E storaged: getDiskStats failed with result NOT_SUPPORTED and size 0
12-07 13:29:04.182  1736  1736 E wificond: NL80211_CMD_TRIGGER_SCAN failed: Device or resource busy
12-07 13:29:19.716  1880  1897 E AutofillSession: No assist structure - app might have crashed providing it
12-07 13:29:56.826  1735  1809 E storaged: getDiskStats failed with result NOT_SUPPORTED and size 0
12-07 13:30:25.881  1880  1897 E AutofillSession: No assist structure - app might have crashed providing it
12-07 13:30:57.489  1735  1809 E storaged: getDiskStats failed with result NOT_SUPPORTED and size 0
12-07 13:31:26.800 26518 26518 E SchedPolicy: set_timerslack_ns write failed: Operation not permitted
12-07 13:31:26.862 26518 26518 E SchedPolicy: set_timerslack_ns write failed: Operation not permitted
12-07 13:31:58.229  1735  1809 E storaged: getDiskStats failed with result NOT_SUPPORTED and size 0
12-07 13:32:55.976  1880  1897 E AutofillSession: No assist structure - app might have crashed providing it
12-07 13:32:58.661  1735  1809 E storaged: getDiskStats failed with result NOT_SUPPORTED and size 0
12-07 13:33:59.262  1735  1809 E storaged: getDiskStats failed with result NOT_SUPPORTED and size 0
--------- beginning of main
12-07 13:34:39.019  1829  1829 E netmgr  : Failed to open QEMU pipe 'qemud:network': Invalid argument
12-07 13:34:39.019  1829  1829 E netmgr  : WifiForwarder unable to open QEMU pipe: Invalid argument
12-07 13:34:59.992  1735  1809 E storaged: getDiskStats failed with result NOT_SUPPORTED and size 0
12-07 13:35:08.108  1992  1992 E native  : suggestion-transformer.cc:118 suggestion picked candidate not found for id: 2
12-07 13:35:21.424  2378 31431 E ctxmgr  : [ProducerStatusImpl]updateStateForNewContextData: inactive, contextName=7
12-07 13:35:24.066  2378  2378 E BeaconBle: Missing BluetoothAdapter
12-07 13:35:24.240  2378  2378 E BeaconBle: Scan couldn't start for Places
12-07 13:35:26.705  1736  1736 E wificond: NL80211_CMD_TRIGGER_SCAN failed: Device or resource busy
12-07 13:35:39.674  1829  1829 E netmgr  : Failed to open QEMU pipe 'qemud:network': Invalid argument
12-07 13:35:39.674  1829  1829 E netmgr  : WifiForwarder unable to open QEMU pipe: Invalid argument
12-07 13:35:44.801  1610  1692 E audio_hw_generic: pcm_write failed cannot write stream data: I/O error
12-07 13:36:00.697  1735  1809 E storaged: getDiskStats failed with result NOT_SUPPORTED and size 0
12-07 13:36:06.209  2378 31646 E ctxmgr  : [ProducerStatusImpl]updateStateForNewContextData: inactive, contextName=7
12-07 13:36:09.043  2378  2378 E BeaconBle: Missing BluetoothAdapter
12-07 13:36:09.092  2378  2378 E BeaconBle: Scan couldn't start for Places
12-07 13:36:11.296  1736  1736 E wificond: NL80211_CMD_TRIGGER_SCAN failed: Device or resource busy
12-07 13:36:19.394  1610  1692 E audio_hw_generic: pcm_write failed cannot write stream data: I/O error
12-07 13:36:30.064  1610  1692 E audio_hw_generic: pcm_write failed cannot write stream data: I/O error
12-07 13:36:30.182 31775 31775 E dboxed_process: Not starting debugger since process cannot load the jdwp agent.
12-07 13:36:40.648  1829  1829 E netmgr  : Failed to open QEMU pipe 'qemud:network': Invalid argument
12-07 13:36:40.652  1829  1829 E netmgr  : WifiForwarder unable to open QEMU pipe: Invalid argument
12-07 13:36:43.283  1722  1856 E IPCThreadState: binder thread pool (4 threads) starved for 2283 ms
12-07 13:36:51.452  1610  1692 E audio_hw_generic: pcm_write failed cannot write stream data: I/O error
12-07 13:37:01.995  1735  1809 E storaged: getDiskStats failed with result NOT_SUPPORTED and size 0
12-07 13:37:04.491  1610  1692 E audio_hw_generic: pcm_write failed cannot write stream data: I/O error
12-07 13:37:31.298 19845 19853 E ReloadingLock: Finalizing LOCKED Token[searchresults_activity 2018-12-07 13:36:51.665]
12-07 13:37:36.081  1610  1692 E audio_hw_generic: pcm_write failed cannot write stream data: I/O error
12-07 13:37:39.018 31575 31575 E WindowManager: 
12-07 13:37:39.018 31575 31575 E WindowManager: android.view.WindowLeaked: Activity com.evancharlton.mileage.FieldActivity has leaked window DecorView@950e88a[FieldActivity] that was originally added here
12-07 13:37:39.018 31575 31575 E WindowManager: 	at android.view.ViewRootImpl.<init>(ViewRootImpl.java:511)
12-07 13:37:39.018 31575 31575 E WindowManager: 	at android.view.WindowManagerGlobal.addView(WindowManagerGlobal.java:346)
12-07 13:37:39.018 31575 31575 E WindowManager: 	at android.view.WindowManagerImpl.addView(WindowManagerImpl.java:93)
12-07 13:37:39.018 31575 31575 E WindowManager: 	at com.android.internal.policy.PhoneWindow.openPanel(PhoneWindow.java:887)
12-07 13:37:39.018 31575 31575 E WindowManager: 	at com.android.internal.policy.PhoneWindow.onKeyUpPanel(PhoneWindow.java:1104)
12-07 13:37:39.018 31575 31575 E WindowManager: 	at com.android.internal.policy.PhoneWindow.onKeyUp(PhoneWindow.java:2007)
12-07 13:37:39.018 31575 31575 E WindowManager: 	at com.android.internal.policy.DecorView.dispatchKeyEvent(DecorView.java:350)
12-07 13:37:39.018 31575 31575 E WindowManager: 	at android.view.ViewRootImpl$ViewPostImeInputStage.processKeyEvent(ViewRootImpl.java:5037)
12-07 13:37:39.018 31575 31575 E WindowManager: 	at android.view.ViewRootImpl$ViewPostImeInputStage.onProcess(ViewRootImpl.java:4905)
12-07 13:37:39.018 31575 31575 E WindowManager: 	at android.view.ViewRootImpl$InputStage.deliver(ViewRootImpl.java:4426)
12-07 13:37:39.018 31575 31575 E WindowManager: 	at android.view.ViewRootImpl$InputStage.onDeliverToNext(ViewRootImpl.java:4479)
12-07 13:37:39.018 31575 31575 E WindowManager: 	at android.view.ViewRootImpl$InputStage.forward(ViewRootImpl.java:4445)
12-07 13:37:39.018 31575 31575 E WindowManager: 	at android.view.ViewRootImpl$AsyncInputStage.forward(ViewRootImpl.java:4585)
12-07 13:37:39.018 31575 31575 E WindowManager: 	at android.view.ViewRootImpl$InputStage.apply(ViewRootImpl.java:4453)
12-07 13:37:39.018 31575 31575 E WindowManager: 	at android.view.ViewRootImpl$AsyncInputStage.apply(ViewRootImpl.java:4642)
12-07 13:37:39.018 31575 31575 E WindowManager: 	at android.view.ViewRootImpl$InputStage.deliver(ViewRootImpl.java:4426)
12-07 13:37:39.018 31575 31575 E WindowManager: 	at android.view.ViewRootImpl$InputStage.onDeliverToNext(ViewRootImpl.java:4479)
12-07 13:37:39.018 31575 31575 E WindowManager: 	at android.view.ViewRootImpl$InputStage.forward(ViewRootImpl.java:4445)
12-07 13:37:39.018 31575 31575 E WindowManager: 	at android.view.ViewRootImpl$InputStage.apply(ViewRootImpl.java:4453)
12-07 13:37:39.018 31575 31575 E WindowManager: 	at android.view.ViewRootImpl$InputStage.deliver(ViewRootImpl.java:4426)
12-07 13:37:39.018 31575 31575 E WindowManager: 	at android.view.ViewRootImpl$InputStage.onDeliverToNext(ViewRootImpl.java:4479)
12-07 13:37:39.018 31575 31575 E WindowManager: 	at android.view.ViewRootImpl$InputStage.forward(ViewRootImpl.java:4445)
12-07 13:37:39.018 31575 31575 E WindowManager: 	at android.view.ViewRootImpl$AsyncInputStage.forward(ViewRootImpl.java:4618)
12-07 13:37:39.018 31575 31575 E WindowManager: 	at android.view.ViewRootImpl$ImeInputStage.onFinishedInputEvent(ViewRootImpl.java:4779)
12-07 13:37:39.018 31575 31575 E WindowManager: 	at android.view.inputmethod.InputMethodManager$PendingEvent.run(InputMethodManager.java:2571)
12-07 13:37:39.018 31575 31575 E WindowManager: 	at android.view.inputmethod.InputMethodManager.invokeFinishedInputEventCallback(InputMethodManager.java:2081)
12-07 13:37:39.018 31575 31575 E WindowManager: 	at android.view.inputmethod.InputMethodManager.finishedInputEvent(InputMethodManager.java:2072)
12-07 13:37:39.018 31575 31575 E WindowManager: 	at android.view.inputmethod.InputMethodManager$ImeInputEventSender.onInputEventFinished(InputMethodManager.java:2548)
12-07 13:37:39.018 31575 31575 E WindowManager: 	at android.view.InputEventSender.dispatchInputEventFinished(InputEventSender.java:141)
12-07 13:37:39.018 31575 31575 E WindowManager: 	at android.os.MessageQueue.nativePollOnce(Native Method)
12-07 13:37:39.018 31575 31575 E WindowManager: 	at android.os.MessageQueue.next(MessageQueue.java:326)
12-07 13:37:39.018 31575 31575 E WindowManager: 	at android.os.Looper.loop(Looper.java:160)
12-07 13:37:39.018 31575 31575 E WindowManager: 	at android.app.ActivityThread.main(ActivityThread.java:6669)
12-07 13:37:39.018 31575 31575 E WindowManager: 	at java.lang.reflect.Method.invoke(Native Method)
12-07 13:37:39.018 31575 31575 E WindowManager: 	at com.android.internal.os.RuntimeInit$MethodAndArgsCaller.run(RuntimeInit.java:493)
12-07 13:37:39.018 31575 31575 E WindowManager: 	at com.android.internal.os.ZygoteInit.main(ZygoteInit.java:858)
12-07 13:37:41.247  1829  1829 E netmgr  : Failed to open QEMU pipe 'qemud:network': Invalid argument
12-07 13:37:41.250  1829  1829 E netmgr  : WifiForwarder unable to open QEMU pipe: Invalid argument
12-07 13:37:44.123  1880  1899 E libprocessgroup: Error encountered killing process cgroup uid 99217 pid 31775: No such file or directory
12-07 13:37:46.421  1610  1692 E audio_hw_generic: pcm_write failed cannot write stream data: I/O error
12-07 13:37:49.101  1880  1896 E system_server: libdebuggerd_client: received packet of unexpected length from tombstoned: expected 128, received -1
12-07 13:37:49.449  1741  1741 E /system/bin/tombstoned: Traces for pid 2125 written to: /data/anr/trace_17
12-07 13:37:51.587  1880  1895 E memtrack: Couldn't load memtrack module
12-07 13:37:51.609  1880  1896 E system_server: libdebuggerd_client: received packet of unexpected length from tombstoned: expected 128, received -1
12-07 13:37:51.609  1880  1896 E ActivityManager: Aborting stack trace dump (current firstPid=2125); deadline exceeded.
12-07 13:37:51.641  1880  1896 E ActivityManager: ANR in com.evancharlton.mileage (com.evancharlton.mileage/.FieldActivity)
12-07 13:37:51.641  1880  1896 E ActivityManager: PID: 31575
12-07 13:37:51.641  1880  1896 E ActivityManager: Reason: Input dispatching timed out (Waiting to send key event because the focused window has not finished processing all of the input events that were previously delivered to it.  Outbound queue length: 0.  Wait queue length: 1.)
12-07 13:37:51.641  1880  1896 E ActivityManager: Load: 5.15 / 3.29 / 3.15
12-07 13:37:51.641  1880  1896 E ActivityManager: CPU usage from 3ms to 28391ms later (2018-12-07 13:37:23.223 to 2018-12-07 13:37:51.611):
12-07 13:37:51.641  1880  1896 E ActivityManager:   46% 1880/system_server: 25% user + 21% kernel / faults: 3759 minor 295 major
12-07 13:37:51.641  1880  1896 E ActivityManager:   35% 19845/com.google.android.googlequicksearchbox:search: 17% user + 17% kernel / faults: 12414 minor 446 major
12-07 13:37:51.641  1880  1896 E ActivityManager:   33% 31575/com.evancharlton.mileage: 11% user + 22% kernel / faults: 23730 minor 182 major
12-07 13:37:51.641  1880  1896 E ActivityManager:   24% 1992/com.google.android.inputmethod.latin: 12% user + 12% kernel / faults: 6191 minor 35 major
12-07 13:37:51.641  1880  1896 E ActivityManager:   16% 2378/com.google.android.gms.persistent: 8.9% user + 7.7% kernel / faults: 363 minor 124 major
12-07 13:37:51.641  1880  1896 E ActivityManager:   9.5% 646/kswapd0: 0% user + 9.5% kernel
12-07 13:37:51.641  1880  1896 E ActivityManager:   8.8% 2125/com.android.phone: 2.6% user + 6.1% kernel / faults: 1125 minor 7 major
12-07 13:37:51.641  1880  1896 E ActivityManager:   8.5% 1553/logd: 1.3% user + 7.2% kernel / faults: 1 minor 1 major
12-07 13:37:51.641  1880  1896 E ActivityManager:   8.1% 30127/kworker/u8:2: 0% user + 8.1% kernel
12-07 13:37:51.641  1880  1896 E ActivityManager:   7.9% 1628/audioserver: 2.7% user + 5.1% kernel
12-07 13:37:51.641  1880  1896 E ActivityManager:   7.8% 30991/kworker/u9:1: 0% user + 7.8% kernel
12-07 13:37:51.641  1880  1896 E ActivityManager:   3.2% 1722/surfaceflinger: 1.3% user + 1.8% kernel / faults: 43 minor
12-07 13:37:51.641  1880  1896 E ActivityManager:   1% 2300/adbd: 0.1% user + 0.9% kernel / faults: 57568 minor
12-07 13:37:51.641  1880  1896 E ActivityManager:   0.7% 1610/android.hardware.audio@2.0-service: 0.1% user + 0.5% kernel
12-07 13:37:51.641  1880  1896 E ActivityManager:   0.7% 30407/kworker/u9:3: 0% user + 0.7% kernel
12-07 13:37:51.641  1880  1896 E ActivityManager:   0.6% 31747/kworker/u9:2: 0% user + 0.6% kernel
12-07 13:37:51.641  1880  1896 E ActivityManager:   0.4% 1745/android.hardware.graphics.composer@2.1-service: 0% user + 0.4% kernel / faults: 27 minor
12-07 13:37:51.641  1880  1896 E ActivityManager:   0.3% 31246/kworker/u9:0: 0% user + 0.3% kernel
12-07 13:37:51.641  1880  1896 E ActivityManager:   0.3% 31350/kworker/u8:4: 0% user + 0.3% kernel
12-07 13:37:51.641  1880  1896 E ActivityManager:   0.2% 2008/com.android.systemui: 0.2% user + 0% kernel / faults: 45 minor
12-07 13:37:51.641  1880  1896 E ActivityManager:   0.2% 2482/com.google.android.gms: 0.1% user + 0.1% kernel / faults: 1600 minor 4 major
12-07 13:37:51.641  1880  1896 E ActivityManager:   0.2% 1619/android.hardware.gnss@1.0-service: 0% user + 0.2% kernel
12-07 13:37:51.641  1880  1896 E ActivityManager:   0.2% 31093/kworker/u8:3: 0% user + 0.2% kernel
12-07 13:37:51.641  1880  1896 E ActivityManager:   0% 2346/com.android.se: 0% user + 0% kernel / faults: 539 minor 13 major
12-07 13:37:51.641  1880  1896 E ActivityManager:   0.1% 1624/android.hardware.sensors@1.0-service: 0% user + 0% kernel
12-07 13:37:51.641  1880  1896 E ActivityManager:   0.1% 2318/logcat: 0% user + 0.1% kernel
12-07 13:37:51.641  1880  1896 E ActivityManager:   0.1% 31544/com.android.commands.monkey: 0% user + 0.1% kernel / faults: 16 minor
12-07 13:37:51.641  1880  1896 E ActivityManager:   0.1% 1734/statsd: 0.1% user + 0% kernel / faults: 1 minor 1 major
12-07 13:37:51.641  1880  1896 E ActivityManager:   0% 3/ksoftirqd/0: 0% user + 0% kernel
12-07 13:37:51.641  1880  1896 E ActivityManager:   0% 1554/servicemanager: 0% user + 0% kernel
12-07 13:37:51.641  1880  1896 E ActivityManager:   0% 1715/jbd2/dm-1-8: 0% user + 0% kernel
12-07 13:37:51.641  1880  1896 E ActivityManager:   0% 28261/kworker/u8:0: 0% user + 0% kernel
12-07 13:37:51.641  1880  1896 E ActivityManager:   0% 31287/kworker/2:0: 0% user + 0% kernel
12-07 13:37:51.641  1880  1896 E ActivityManager:   0% 12/ksoftirqd/1: 0% user + 0% kernel
12-07 13:37:51.641  1880  1896 E ActivityManager:   0% 1608/healthd: 0% user + 0% kernel / faults: 1 minor 1 major
12-07 13:37:51.641  1880  1896 E ActivityManager:   0% 1620/android.hardware.graphics.allocator@2.0-service: 0% user + 0% kernel / faults: 13 minor
12-07 13:37:51.641  1880  1896 E ActivityManager:   0% 1622/android.hardware.health@2.0-service.goldfish: 0% user + 0% kernel / faults: 1 minor 5 major
12-07 13:37:51.641  1880  1896 E ActivityManager:   0% 1677/dmcrypt_write: 0% user + 0% kernel
12-07 13:37:51.641  1880  1896 E ActivityManager:   0% 1741/tombstoned: 0% user + 0% kernel / faults: 2 minor 1 major
12-07 13:37:51.641  1880  1896 E ActivityManager:   0% 1868/hostapd_nohidl: 0% user + 0% kernel / faults: 7 minor 5 major
12-07 13:37:51.641  1880  1896 E ActivityManager:   0% 2331/com.google.android.googlequicksearchbox:interactor: 0% user + 0% kernel / faults: 40 minor 4 major
12-07 13:37:51.641  1880  1896 E ActivityManager:   0% 31245/kworker/0:0: 0% user + 0% kernel
12-07 13:37:51.641  1880  1896 E ActivityManager:   0% 31289/kworker/u8:1: 0% user + 0% kernel
12-07 13:37:51.641  1880  1896 E ActivityManager:  +0% 31827/crash_dump32: 0% user + 0% kernel
12-07 13:37:51.641  1880  1896 E ActivityManager:  +0% 31829/com.android.phone: 0% user + 0% kernel
12-07 13:37:51.641  1880  1896 E ActivityManager: 24% TOTAL: 7.1% user + 11% kernel + 5.7% iowait + 0.6% softirq
12-07 13:37:51.641  1880  1896 E ActivityManager: CPU usage from 83ms to 2766ms later (2018-12-07 13:37:23.303 to 2018-12-07 13:37:25.986):
12-07 13:37:51.641  1880  1896 E ActivityManager:   94% 1880/system_server: 57% user + 36% kernel / faults: 343 minor 23 major
12-07 13:37:51.641  1880  1896 E ActivityManager:     177% 1896/ActivityManager: 98% user + 79% kernel
12-07 13:37:51.641  1880  1896 E ActivityManager:     1.1% 1890/Binder:1880_1: 1.1% user + 0% kernel
12-07 13:37:51.641  1880  1896 E ActivityManager:     1.1% 3496/Binder:1880_10: 1.1% user + 0% kernel
12-07 13:37:51.641  1880  1896 E ActivityManager:     0.7% 1880/system_server: 0.3% user + 0.3% kernel
12-07 13:37:51.641  1880  1896 E ActivityManager:     0.7% 1886/ReferenceQueueD: 0% user + 0.7% kernel
12-07 13:37:51.641  1880  1896 E ActivityManager:     0.7% 1897/android.ui: 0.7% user + 0% kernel
12-07 13:37:51.641  1880  1896 E ActivityManager:     0.3% 1889/HeapTaskDaemon: 0% user + 0.3% kernel
12-07 13:37:51.641  1880  1896 E ActivityManager:     0.3% 1895/android.bg: 0.3% user + 0% kernel
12-07 13:37:51.641  1880  1896 E ActivityManager:     0.3% 1904/android.displa
12-07 13:37:54.369  1741  1741 E /system/bin/tombstoned: Tombstone written to: /data/tombstones/tombstone_07
12-07 13:37:56.874  1610  1692 E audio_hw_generic: pcm_write failed cannot write stream data: I/O error
12-07 13:37:57.105  1880  3002 E memtrack: Couldn't load memtrack module
12-07 13:37:57.192  1880  3002 E memtrack: Couldn't load memtrack module
12-07 13:37:59.523  1880  3002 E memtrack: Couldn't load memtrack module
12-07 13:37:59.647  1880  3002 E memtrack: Couldn't load memtrack module
12-07 13:37:59.737  1880  3002 E memtrack: Couldn't load memtrack module
12-07 13:37:59.823  1880  3002 E memtrack: Couldn't load memtrack module
12-07 13:38:02.012  1880  3002 E memtrack: Couldn't load memtrack module
12-07 13:38:02.023  1735  1809 E storaged: getDiskStats failed with result NOT_SUPPORTED and size 0
12-07 13:38:02.040  1880  1968 E WificondScannerImpl: Timed out waiting for scan result from wificond
12-07 13:38:02.131  1880  3002 E memtrack: Couldn't load memtrack module
12-07 13:38:02.215  1880  3002 E memtrack: Couldn't load memtrack module
12-07 13:38:02.289  1880  3002 E memtrack: Couldn't load memtrack module
12-07 13:38:02.357  1880  3002 E memtrack: Couldn't load memtrack module
12-07 13:38:04.727  1880  3002 E memtrack: Couldn't load memtrack module
12-07 13:38:04.806  1880  3002 E memtrack: Couldn't load memtrack module
12-07 13:38:04.883  1880  3002 E memtrack: Couldn't load memtrack module
12-07 13:38:04.956  1880  3002 E memtrack: Couldn't load memtrack module
12-07 13:38:05.035  1880  3002 E memtrack: Couldn't load memtrack module
12-07 13:38:07.152  1736  1736 E wificond: NL80211_CMD_TRIGGER_SCAN failed: Device or resource busy
12-07 13:38:07.153  1880  1968 E WificondScannerImpl: Failed to start scan, freqs=null
12-07 13:38:07.204  1880  3002 E memtrack: Couldn't load memtrack module
12-07 13:38:07.401  1880  3002 E memtrack: Couldn't load memtrack module
12-07 13:38:07.470  1880  3002 E memtrack: Couldn't load memtrack module
12-07 13:38:09.864  1880  3002 E memtrack: Couldn't load memtrack module
12-07 13:38:09.928  1880  3002 E memtrack: Couldn't load memtrack module
12-07 13:38:10.003  1880  3002 E memtrack: Couldn't load memtrack module
12-07 13:38:10.065  1880  3002 E memtrack: Couldn't load memtrack module
12-07 13:38:10.133  1880  3002 E memtrack: Couldn't load memtrack module
12-07 13:38:12.397  1880  3002 E memtrack: Couldn't load memtrack module
12-07 13:38:12.498  1880  3002 E memtrack: Couldn't load memtrack module
12-07 13:38:12.632  1880  3002 E memtrack: Couldn't load memtrack module
12-07 13:38:12.637  1880  3002 E memtrack: Couldn't load memtrack module
12-07 13:38:12.639  1880  3002 E memtrack: Couldn't load memtrack module
12-07 13:38:12.640  1880  3002 E memtrack: Couldn't load memtrack module
12-07 13:38:12.642  1880  3002 E memtrack: Couldn't load memtrack module
12-07 13:38:12.650  1880  3002 E memtrack: Couldn't load memtrack module
12-07 13:38:12.654  1880  3002 E memtrack: Couldn't load memtrack module
12-07 13:38:12.661  1880  3002 E memtrack: Couldn't load memtrack module
12-07 13:38:12.666  1880  3002 E memtrack: Couldn't load memtrack module
12-07 13:38:12.672  1880  3002 E memtrack: Couldn't load memtrack module
12-07 13:38:12.681  1880  3002 E memtrack: Couldn't load memtrack module
12-07 13:38:12.686  1880  3002 E memtrack: Couldn't load memtrack module
12-07 13:38:12.691  1880  3002 E memtrack: Couldn't load memtrack module
12-07 13:38:12.699  1880  3002 E memtrack: Couldn't load memtrack module
12-07 13:38:12.712  1880  3002 E memtrack: Couldn't load memtrack module
12-07 13:38:12.717  1880  3002 E memtrack: Couldn't load memtrack module
12-07 13:38:12.731  1880  3002 E memtrack: Couldn't load memtrack module
12-07 13:38:12.738  1880  3002 E memtrack: Couldn't load memtrack module
12-07 13:38:12.743  1880  3002 E memtrack: Couldn't load memtrack module
12-07 13:38:15.043  1880  3002 E memtrack: Couldn't load memtrack module
12-07 13:38:15.055  1880  3002 E memtrack: Couldn't load memtrack module
12-07 13:38:15.070  1880  3002 E memtrack: Couldn't load memtrack module
12-07 13:38:15.080  1880  3002 E memtrack: Couldn't load memtrack module
12-07 13:38:15.089  1880  3002 E memtrack: Couldn't load memtrack module
12-07 13:38:15.099  1880  3002 E memtrack: Couldn't load memtrack module
12-07 13:38:15.104  1880  3002 E memtrack: Couldn't load memtrack module
12-07 13:38:15.108  1880  3002 E memtrack: Couldn't load memtrack module
12-07 13:38:15.114  1880  3002 E memtrack: Couldn't load memtrack module
12-07 13:38:15.124  1880  3002 E memtrack: Couldn't load memtrack module
12-07 13:38:15.128  1880  3002 E memtrack: Couldn't load memtrack module
12-07 13:38:15.154  1880  3002 E memtrack: Couldn't load memtrack module
12-07 13:38:15.157  1880  3002 E memtrack: Couldn't load memtrack module
12-07 13:38:15.164  1880  3002 E memtrack: Couldn't load memtrack module
12-07 13:38:15.168  1880  3002 E memtrack: Couldn't load memtrack module
12-07 13:38:15.172  1880  3002 E memtrack: Couldn't load memtrack module
12-07 13:38:15.194  1880  3002 E memtrack: Couldn't load memtrack module
