--------- beginning of main
--------- beginning of system
12-09 14:14:14.082  1885  1899 E ActivityManager: Failure starting process com.evancharlton.mileage
12-09 14:14:14.082  1885  1899 E ActivityManager: java.lang.SecurityException: Package com.evancharlton.mileage was not found!
12-09 14:14:14.082  1885  1899 E ActivityManager: 	at com.android.server.pm.PackageManagerService.checkPackageStartable(PackageManagerService.java:3987)
12-09 14:14:14.082  1885  1899 E ActivityManager: 	at com.android.server.am.ActivityManagerService.startProcessLocked(ActivityManagerService.java:4234)
12-09 14:14:14.082  1885  1899 E ActivityManager: 	at com.android.server.am.ActivityManagerService.startProcessLocked(ActivityManagerService.java:4199)
12-09 14:14:14.082  1885  1899 E ActivityManager: 	at com.android.server.am.ActivityManagerService.startProcessLocked(ActivityManagerService.java:4181)
12-09 14:14:14.082  1885  1899 E ActivityManager: 	at com.android.server.am.ActivityManagerService.startProcessLocked(ActivityManagerService.java:4067)
12-09 14:14:14.082  1885  1899 E ActivityManager: 	at com.android.server.am.ActivityStackSupervisor.startSpecificActivityLocked(ActivityStackSupervisor.java:1715)
12-09 14:14:14.082  1885  1899 E ActivityManager: 	at com.android.server.am.ActivityStack.resumeTopActivityInnerLocked(ActivityStack.java:2764)
12-09 14:14:14.082  1885  1899 E ActivityManager: 	at com.android.server.am.ActivityStack.resumeTopActivityUncheckedLocked(ActivityStack.java:2302)
12-09 14:14:14.082  1885  1899 E ActivityManager: 	at com.android.server.am.ActivityStackSupervisor.resumeFocusedStackTopActivityLocked(ActivityStackSupervisor.java:2234)
12-09 14:14:14.082  1885  1899 E ActivityManager: 	at com.android.server.am.ActivityStackSupervisor.resumeFocusedStackTopActivityLocked(ActivityStackSupervisor.java:2218)
12-09 14:14:14.082  1885  1899 E ActivityManager: 	at com.android.server.am.ActivityManagerService.handleAppDiedLocked(ActivityManagerService.java:5923)
12-09 14:14:14.082  1885  1899 E ActivityManager: 	at com.android.server.am.ActivityManagerService.removeProcessLocked(ActivityManagerService.java:7501)
12-09 14:14:14.082  1885  1899 E ActivityManager: 	at com.android.server.am.ActivityManagerService.killPackageProcessesLocked(ActivityManagerService.java:7142)
12-09 14:14:14.082  1885  1899 E ActivityManager: 	at com.android.server.am.ActivityManagerService.forceStopPackageLocked(ActivityManagerService.java:7275)
12-09 14:14:14.082  1885  1899 E ActivityManager: 	at com.android.server.am.ActivityManagerService$MainHandler.handleMessage(ActivityManagerService.java:2289)
12-09 14:14:14.082  1885  1899 E ActivityManager: 	at android.os.Handler.dispatchMessage(Handler.java:106)
12-09 14:14:14.082  1885  1899 E ActivityManager: 	at android.os.Looper.loop(Looper.java:193)
12-09 14:14:14.082  1885  1899 E ActivityManager: 	at android.os.HandlerThread.run(HandlerThread.java:65)
12-09 14:14:14.082  1885  1899 E ActivityManager: 	at com.android.server.ServiceThread.run(ServiceThread.java:44)
12-09 14:14:15.000 31008 31008 E id.defcontaine: Not starting debugger since process cannot load the jdwp agent.
12-09 14:14:15.066 31023 31023 E oid.documentsu: Not starting debugger since process cannot load the jdwp agent.
12-09 14:14:15.103 31036 31036 E ndroid.keychai: Not starting debugger since process cannot load the jdwp agent.
12-09 14:14:15.940 31084 31084 E droid.apps.doc: Not starting debugger since process cannot load the jdwp agent.
12-09 14:14:17.651 31084 31084 E DocsApplication: [main] No default account found during application creation.
12-09 14:14:18.980  1731  1731 E         : Couldn't opendir /data/app/vmdl1739438730.tmp: No such file or directory
12-09 14:14:18.980  1731  1731 E installd: Failed to delete /data/app/vmdl1739438730.tmp: No such file or directory
12-09 14:14:19.026  1834  1834 E netmgr  : Failed to open QEMU pipe 'qemud:network': Invalid argument
12-09 14:14:19.026  1834  1834 E netmgr  : WifiForwarder unable to open QEMU pipe: Invalid argument
12-09 14:14:21.007  2378 29571 E ctxmgr  : [ProducerStatusImpl]updateStateForNewContextData: inactive, contextName=7
12-09 14:14:21.381  2378  2378 E BeaconBle: Missing BluetoothAdapter
12-09 14:14:21.438  2378  2378 E BeaconBle: Scan couldn't start for Places
12-09 14:14:23.630 31150 31150 E harlton.mileag: Not starting debugger since process cannot load the jdwp agent.
12-09 14:14:25.288  1994  7294 E putmethod.lati: Invalid ID 0x00000001.
12-09 14:14:25.295  1994  7294 E LstmTrainingCache: emn: Can't get resource name for input slot
12-09 14:14:25.295  1994  7294 E LstmTrainingCache: android.content.res.Resources$NotFoundException: Unable to find resource ID #0x1
12-09 14:14:25.295  1994  7294 E LstmTrainingCache: 	at android.content.res.ResourcesImpl.getResourceName(ResourcesImpl.java:255)
12-09 14:14:25.295  1994  7294 E LstmTrainingCache: 	at android.content.res.Resources.getResourceName(Resources.java:1954)
12-09 14:14:25.295  1994  7294 E LstmTrainingCache: 	at emn.a(PG:12)
12-09 14:14:25.295  1994  7294 E LstmTrainingCache: 	at emk.run(PG:5)
12-09 14:14:25.295  1994  7294 E LstmTrainingCache: 	at java.lang.Thread.run(Thread.java:764)
12-09 14:14:29.184  1994  7294 E putmethod.lati: Invalid ID 0x00000001.
12-09 14:14:29.202  1994  7294 E LstmTrainingCache: emn: Can't get resource name for input slot
12-09 14:14:29.202  1994  7294 E LstmTrainingCache: android.content.res.Resources$NotFoundException: Unable to find resource ID #0x1
12-09 14:14:29.202  1994  7294 E LstmTrainingCache: 	at android.content.res.ResourcesImpl.getResourceName(ResourcesImpl.java:255)
12-09 14:14:29.202  1994  7294 E LstmTrainingCache: 	at android.content.res.Resources.getResourceName(Resources.java:1954)
12-09 14:14:29.202  1994  7294 E LstmTrainingCache: 	at emn.a(PG:12)
12-09 14:14:29.202  1994  7294 E LstmTrainingCache: 	at emk.run(PG:5)
12-09 14:14:29.202  1994  7294 E LstmTrainingCache: 	at java.lang.Thread.run(Thread.java:764)
12-09 14:14:29.481  1739  1762 E storaged: getDiskStats failed with result NOT_SUPPORTED and size 0
12-09 14:14:39.101 31180 31180 E emui:screensho: Not starting debugger since process cannot load the jdwp agent.
12-09 14:14:40.733 31180 31180 E SoundPool: error loading /product/media/audio/ui/camera_click.ogg
12-09 14:14:41.032  1726  1911 E SurfaceFlinger: ro.sf.lcd_density must be defined as a build property
12-09 14:14:41.049  1741  2074 E OMXNodeInstance: getConfig(0xe93913c0:google.vorbis.decoder, ConfigAndroidVendorExtension(0x6f100004)) ERROR: Undefined(0x80001001)
12-09 14:14:41.355  1726  2181 E SurfaceFlinger: ro.sf.lcd_density must be defined as a build property
12-09 14:14:46.991  2378 31141 E ctxmgr  : [ProducerStatusImpl]updateStateForNewContextData: inactive, contextName=7
12-09 14:14:47.345  2378  2378 E BeaconBle: Missing BluetoothAdapter
12-09 14:14:47.390  2378  2378 E BeaconBle: Scan couldn't start for Places
12-09 14:14:55.369 23668 23668 E ContextIntentStarter: No activity found for any of the 0 intents
12-09 14:15:19.086  1834  1834 E netmgr  : Failed to open QEMU pipe 'qemud:network': Invalid argument
12-09 14:15:19.087  1834  1834 E netmgr  : WifiForwarder unable to open QEMU pipe: Invalid argument
12-09 14:15:29.502  1739  1762 E storaged: getDiskStats failed with result NOT_SUPPORTED and size 0
12-09 14:15:39.389 13690 13723 E PlayCommon: [6481] com.google.android.play.b.g.a(448): Failed to connect to server: java.net.UnknownHostException: Unable to resolve host "play.googleapis.com": No address associated with hostname
12-09 14:16:19.133  1834  1834 E netmgr  : Failed to open QEMU pipe 'qemud:network': Invalid argument
12-09 14:16:19.133  1834  1834 E netmgr  : WifiForwarder unable to open QEMU pipe: Invalid argument
12-09 14:16:22.730  9391  9391 E SchedPolicy: set_timerslack_ns write failed: Operation not permitted
12-09 14:16:29.519  1739  1762 E storaged: getDiskStats failed with result NOT_SUPPORTED and size 0
12-09 14:16:31.239  9391  9391 E SchedPolicy: set_timerslack_ns write failed: Operation not permitted
12-09 14:17:19.151  1834  1834 E netmgr  : Failed to open QEMU pipe 'qemud:network': Invalid argument
12-09 14:17:19.151  1834  1834 E netmgr  : WifiForwarder unable to open QEMU pipe: Invalid argument
12-09 14:17:29.522  1739  1762 E storaged: getDiskStats failed with result NOT_SUPPORTED and size 0
12-09 14:18:19.167  1834  1834 E netmgr  : Failed to open QEMU pipe 'qemud:network': Invalid argument
12-09 14:18:19.167  1834  1834 E netmgr  : WifiForwarder unable to open QEMU pipe: Invalid argument
12-09 14:18:29.524  1739  1762 E storaged: getDiskStats failed with result NOT_SUPPORTED and size 0
12-09 14:18:30.423  1885  1898 E memtrack: Couldn't load memtrack module
12-09 14:18:30.588  1885  1898 E memtrack: Couldn't load memtrack module
12-09 14:18:30.677  1885  1898 E memtrack: Couldn't load memtrack module
