--------- beginning of main
12-07 23:23:12.086  1829  1829 E netmgr  : Failed to open QEMU pipe 'qemud:network': Invalid argument
12-07 23:23:12.086  1829  1829 E netmgr  : WifiForwarder unable to open QEMU pipe: Invalid argument
--------- beginning of system
12-07 23:23:12.254 16237 16237 E droid.apps.doc: Not starting debugger since process cannot load the jdwp agent.
12-07 23:23:14.912 16237 16237 E DocsApplication: [main] No default account found during application creation.
12-07 23:23:15.692  1729  1752 E         : Couldn't opendir /data/app/vmdl376227465.tmp: No such file or directory
12-07 23:23:15.693  1729  1752 E installd: Failed to delete /data/app/vmdl376227465.tmp: No such file or directory
12-07 23:23:19.262 16380 16380 E harlton.mileag: Not starting debugger since process cannot load the jdwp agent.
12-07 23:23:21.390 16401 16401 E hod.latin:trai: Not starting debugger since process cannot load the jdwp agent.
12-07 23:23:21.642 16085 31762 E putmethod.lati: Invalid ID 0x00000001.
12-07 23:23:21.648 16085 31762 E LstmTrainingCache: emn: Can't get resource name for input slot
12-07 23:23:21.648 16085 31762 E LstmTrainingCache: android.content.res.Resources$NotFoundException: Unable to find resource ID #0x1
12-07 23:23:21.648 16085 31762 E LstmTrainingCache: 	at android.content.res.ResourcesImpl.getResourceName(ResourcesImpl.java:255)
12-07 23:23:21.648 16085 31762 E LstmTrainingCache: 	at android.content.res.Resources.getResourceName(Resources.java:1954)
12-07 23:23:21.648 16085 31762 E LstmTrainingCache: 	at emn.a(PG:12)
12-07 23:23:21.648 16085 31762 E LstmTrainingCache: 	at emk.run(PG:5)
12-07 23:23:21.648 16085 31762 E LstmTrainingCache: 	at java.lang.Thread.run(Thread.java:764)
12-07 23:23:26.550  1632  1632 E lowmemorykiller: Error opening /proc/15840/oom_score_adj; errno=2
12-07 23:23:30.874 16085 31762 E putmethod.lati: Invalid ID 0x00000001.
12-07 23:23:30.879 16085 31762 E LstmTrainingCache: emn: Can't get resource name for input slot
12-07 23:23:30.879 16085 31762 E LstmTrainingCache: android.content.res.Resources$NotFoundException: Unable to find resource ID #0x1
12-07 23:23:30.879 16085 31762 E LstmTrainingCache: 	at android.content.res.ResourcesImpl.getResourceName(ResourcesImpl.java:255)
12-07 23:23:30.879 16085 31762 E LstmTrainingCache: 	at android.content.res.Resources.getResourceName(Resources.java:1954)
12-07 23:23:30.879 16085 31762 E LstmTrainingCache: 	at emn.a(PG:12)
12-07 23:23:30.879 16085 31762 E LstmTrainingCache: 	at emk.run(PG:5)
12-07 23:23:30.879 16085 31762 E LstmTrainingCache: 	at java.lang.Thread.run(Thread.java:764)
12-07 23:23:32.214 16456 16456 E emui:screensho: Not starting debugger since process cannot load the jdwp agent.
12-07 23:23:32.841 16456 16456 E SoundPool: error loading /product/media/audio/ui/camera_click.ogg
12-07 23:23:33.046  1739  1778 E OMXNodeInstance: getConfig(0xee326cc0:google.vorbis.decoder, ConfigAndroidVendorExtension(0x6f100004)) ERROR: Undefined(0x80001001)
12-07 23:23:34.278  1737  1809 E storaged: getDiskStats failed with result NOT_SUPPORTED and size 0
12-07 23:23:37.408 16506 16506 E BeaconBle: Missing BluetoothAdapter
12-07 23:23:37.556 16506 16506 E BeaconBle: Scan couldn't start for Places
12-07 23:23:45.893 16548 16548 E oid.apps.photo: Not starting debugger since process cannot load the jdwp agent.
12-07 23:23:47.018 16577 16577 E ocess.gservice: Not starting debugger since process cannot load the jdwp agent.
12-07 23:23:50.470 10641 10641 E ContextIntentStarter: No activity found for any of the 0 intents
12-07 23:23:51.201 15976 17637 E WindowManager: Performed 6 layouts in a row. Skipping
12-07 23:23:51.223 15976 16026 E WindowManager: Performed 6 layouts in a row. Skipping
12-07 23:23:51.253 15976 16026 E WindowManager: Performed 6 layouts in a row. Skipping
12-07 23:23:51.281 15976 17637 E WindowManager: Performed 6 layouts in a row. Skipping
12-07 23:23:51.307 15976 16026 E WindowManager: Performed 6 layouts in a row. Skipping
12-07 23:23:51.374 15976 16026 E WindowManager: Performed 6 layouts in a row. Skipping
12-07 23:23:51.439 15976 16026 E WindowManager: Performed 6 layouts in a row. Skipping
12-07 23:23:51.498 15976 16026 E WindowManager: Performed 6 layouts in a row. Skipping
12-07 23:23:51.526 15976 16026 E WindowManager: Performed 6 layouts in a row. Skipping
12-07 23:23:51.541 15976 15991 E WindowManager: Performed 6 layouts in a row. Skipping
12-07 23:23:51.575 15976 19497 E WindowManager: Performed 6 layouts in a row. Skipping
12-07 23:23:56.283 15976 15994 E BatteryExternalStatsWorker: no controller energy info supplied for wifi
12-07 23:24:03.760 16506 15498 E ctxmgr  : [AppIntervalImpl]closeInterval: ongoing
12-07 23:24:03.763 16506 15498 E ctxmgr  : [AppIntervalImpl]closeInterval: ongoing
12-07 23:24:03.775 15927 16661 E audio_hw_generic: pcm_open(in) failed: cannot open device '/dev/snd/pcmC0D0c': Device or resource busy: channels 2 format 0 rate 16000
12-07 23:24:12.102  1829  1829 E netmgr  : Failed to open QEMU pipe 'qemud:network': Invalid argument
12-07 23:24:12.102  1829  1829 E netmgr  : WifiForwarder unable to open QEMU pipe: Invalid argument
12-07 23:24:34.293  1737  1809 E storaged: getDiskStats failed with result NOT_SUPPORTED and size 0
12-07 23:24:51.308 16695 16695 E id.partnersetu: Not starting debugger since process cannot load the jdwp agent.
12-07 23:24:54.879 16788 17129 E PlayCommon: [121] com.google.android.play.b.g.a(448): Failed to connect to server: java.net.UnknownHostException: Unable to resolve host "play.googleapis.com": No address associated with hostname
12-07 23:25:12.117  1829  1829 E netmgr  : Failed to open QEMU pipe 'qemud:network': Invalid argument
12-07 23:25:12.117  1829  1829 E netmgr  : WifiForwarder unable to open QEMU pipe: Invalid argument
12-07 23:25:34.297  1737  1809 E storaged: getDiskStats failed with result NOT_SUPPORTED and size 0
12-07 23:26:12.134  1829  1829 E netmgr  : Failed to open QEMU pipe 'qemud:network': Invalid argument
12-07 23:26:12.134  1829  1829 E netmgr  : WifiForwarder unable to open QEMU pipe: Invalid argument
12-07 23:26:34.298  1737  1809 E storaged: getDiskStats failed with result NOT_SUPPORTED and size 0
12-07 23:27:12.187  1829  1829 E netmgr  : Failed to open QEMU pipe 'qemud:network': Invalid argument
12-07 23:27:12.188  1829  1829 E netmgr  : WifiForwarder unable to open QEMU pipe: Invalid argument
12-07 23:27:34.300  1737  1809 E storaged: getDiskStats failed with result NOT_SUPPORTED and size 0
12-07 23:28:12.191  1829  1829 E netmgr  : Failed to open QEMU pipe 'qemud:network': Invalid argument
12-07 23:28:12.192  1829  1829 E netmgr  : WifiForwarder unable to open QEMU pipe: Invalid argument
