--------- beginning of system
12-08 19:57:00.292  1885  1899 E ActivityManager: Failure starting process com.evancharlton.mileage
12-08 19:57:00.292  1885  1899 E ActivityManager: java.lang.SecurityException: Package com.evancharlton.mileage is currently frozen!
12-08 19:57:00.292  1885  1899 E ActivityManager: 	at com.android.server.pm.PackageManagerService.checkPackageStartable(PackageManagerService.java:4000)
12-08 19:57:00.292  1885  1899 E ActivityManager: 	at com.android.server.am.ActivityManagerService.startProcessLocked(ActivityManagerService.java:4234)
12-08 19:57:00.292  1885  1899 E ActivityManager: 	at com.android.server.am.ActivityManagerService.startProcessLocked(ActivityManagerService.java:4199)
12-08 19:57:00.292  1885  1899 E ActivityManager: 	at com.android.server.am.ActivityManagerService.startProcessLocked(ActivityManagerService.java:4181)
12-08 19:57:00.292  1885  1899 E ActivityManager: 	at com.android.server.am.ActivityManagerService.startProcessLocked(ActivityManagerService.java:4067)
12-08 19:57:00.292  1885  1899 E ActivityManager: 	at com.android.server.am.ActivityStackSupervisor.startSpecificActivityLocked(ActivityStackSupervisor.java:1715)
12-08 19:57:00.292  1885  1899 E ActivityManager: 	at com.android.server.am.ActivityStack.resumeTopActivityInnerLocked(ActivityStack.java:2764)
12-08 19:57:00.292  1885  1899 E ActivityManager: 	at com.android.server.am.ActivityStack.resumeTopActivityUncheckedLocked(ActivityStack.java:2302)
12-08 19:57:00.292  1885  1899 E ActivityManager: 	at com.android.server.am.ActivityStackSupervisor.resumeFocusedStackTopActivityLocked(ActivityStackSupervisor.java:2234)
12-08 19:57:00.292  1885  1899 E ActivityManager: 	at com.android.server.am.ActivityStackSupervisor.resumeFocusedStackTopActivityLocked(ActivityStackSupervisor.java:2218)
12-08 19:57:00.292  1885  1899 E ActivityManager: 	at com.android.server.am.ActivityManagerService.handleAppDiedLocked(ActivityManagerService.java:5923)
12-08 19:57:00.292  1885  1899 E ActivityManager: 	at com.android.server.am.ActivityManagerService.removeProcessLocked(ActivityManagerService.java:7501)
12-08 19:57:00.292  1885  1899 E ActivityManager: 	at com.android.server.am.ActivityManagerService.killPackageProcessesLocked(ActivityManagerService.java:7142)
12-08 19:57:00.292  1885  1899 E ActivityManager: 	at com.android.server.am.ActivityManagerService.forceStopPackageLocked(ActivityManagerService.java:7275)
12-08 19:57:00.292  1885  1899 E ActivityManager: 	at com.android.server.am.ActivityManagerService$MainHandler.handleMessage(ActivityManagerService.java:2289)
12-08 19:57:00.292  1885  1899 E ActivityManager: 	at android.os.Handler.dispatchMessage(Handler.java:106)
12-08 19:57:00.292  1885  1899 E ActivityManager: 	at android.os.Looper.loop(Looper.java:193)
12-08 19:57:00.292  1885  1899 E ActivityManager: 	at android.os.HandlerThread.run(HandlerThread.java:65)
12-08 19:57:00.292  1885  1899 E ActivityManager: 	at com.android.server.ServiceThread.run(ServiceThread.java:44)
12-08 19:57:11.101  1740  1805 E storaged: getDiskStats failed with result NOT_SUPPORTED and size 0
--------- beginning of main
12-08 19:57:22.204  1996  1996 E native  : suggestion-transformer.cc:118 suggestion picked candidate not found for id: 3
12-08 19:57:32.524  2429 31706 E ctxmgr  : [ProducerStatusImpl]updateStateForNewContextData: inactive, contextName=7
12-08 19:57:32.561  2429 31706 E ctxmgr  : [ProducerStatusImpl]updateStateForNewContextData: inactive, contextName=1
12-08 19:57:32.828  2429  2429 E BeaconBle: Missing BluetoothAdapter
12-08 19:57:32.886  2429  2429 E BeaconBle: Scan couldn't start for Places
12-08 19:57:39.418  1614  1698 E audio_hw_generic: pcm_write failed cannot write stream data: I/O error
12-08 19:57:43.961  2407  2407 E SchedPolicy: set_timerslack_ns write failed: Operation not permitted
12-08 19:57:43.994  2407  2675 E ResourcesManager: failed to add asset path /data/app/com.google.android.apps.maps-kVT0gnR6-9wy7_XZUJW_zw==/base.apk
12-08 19:57:43.994  2407  2675 E s.nexuslaunche: Failed to open APK '/data/app/com.google.android.apps.maps-kVT0gnR6-9wy7_XZUJW_zw==/base.apk' I/O error
12-08 19:57:43.996  2407  2675 E ResourcesManager: failed to add asset path /data/app/com.google.android.apps.maps-kVT0gnR6-9wy7_XZUJW_zw==/base.apk
12-08 19:57:43.996  2407  2675 E s.nexuslaunche: Failed to open APK '/data/app/com.google.android.apps.maps-kVT0gnR6-9wy7_XZUJW_zw==/base.apk' I/O error
12-08 19:57:43.996  2407  2675 E ResourcesManager: failed to add asset path /data/app/com.google.android.apps.maps-kVT0gnR6-9wy7_XZUJW_zw==/base.apk
12-08 19:57:49.428  1614  1698 E audio_hw_generic: pcm_write failed cannot write stream data: I/O error
12-08 19:57:52.795  2540  2540 E ContextIntentStarter: No activity found for any of the 0 intents
12-08 19:57:54.125 31800 31800 E rrierdefaultap: Not starting debugger since process cannot load the jdwp agent.
12-08 19:57:54.195 30622 30622 E wpa_supplicant: nl80211: Failed to open /proc/sys/net/ipv4/conf/p2p-dev-wlan0/drop_unicast_in_l2_multicast: No such file or directory
12-08 19:57:54.197 30622 30622 E wpa_supplicant: nl80211: Failed to set IPv4 unicast in multicast filter
12-08 19:57:54.240 30622 30622 E wpa_supplicant: nl80211: Failed to open /proc/sys/net/ipv4/conf/p2p-dev-wlan0/drop_unicast_in_l2_multicast: No such file or directory
12-08 19:57:54.240 30622 30622 E wpa_supplicant: nl80211: Failed to set IPv4 unicast in multicast filter
12-08 19:57:54.408 30622 30622 E wpa_supplicant: nl80211: Failed to open /proc/sys/net/ipv4/conf/wlan0/drop_unicast_in_l2_multicast: No such file or directory
12-08 19:57:54.408 30622 30622 E wpa_supplicant: nl80211: Failed to set IPv4 unicast in multicast filter
12-08 19:57:54.416 30622 30622 E wpa_supplicant: nl80211: Failed to open /proc/sys/net/ipv4/conf/wlan0/drop_unicast_in_l2_multicast: No such file or directory
12-08 19:57:54.416 30622 30622 E wpa_supplicant: nl80211: Failed to set IPv4 unicast in multicast filter
12-08 19:57:54.519 30622 30622 E wpa_supplicant: nl80211: Failed to open /proc/sys/net/ipv4/conf/wlan0/drop_unicast_in_l2_multicast: No such file or directory
12-08 19:57:54.520 30622 30622 E wpa_supplicant: nl80211: Failed to set IPv4 unicast in multicast filter
12-08 19:57:54.862  1629  1629 E android.hardware.wifi@1.0-service: Failed to open directory: Permission denied
12-08 19:57:54.862  1629  1629 E android.hardware.wifi@1.0-service: Error occurred while deleting old tombstone files
12-08 19:57:54.862  1629  1629 E android.hardware.wifi@1.0-service: Error writing files to flash
12-08 19:57:55.150  1885  1971 E WifiP2pService: Unhandled message { when=-9ms what=131204 target=com.android.internal.util.StateMachine$SmHandler }
12-08 19:57:55.194  1885  1903 E BatteryExternalStatsWorker: no controller energy info supplied for wifi
12-08 19:57:55.203  1885  1903 E BatteryExternalStatsWorker: no controller energy info supplied for wifi
12-08 19:57:55.241  2429 30863 E WakeLock: GCM_HB_ALARM release without a matched acquire!
12-08 19:57:55.279  2429 30863 E WakeLock: GCM_CONN_ALARM release without a matched acquire!
12-08 19:57:59.448  1614  1698 E audio_hw_generic: pcm_write failed cannot write stream data: I/O error
12-08 19:58:04.928  1834  1834 E netmgr  : Failed to open QEMU pipe 'qemud:network': Invalid argument
12-08 19:58:04.928  1834  1834 E netmgr  : WifiForwarder unable to open QEMU pipe: Invalid argument
12-08 19:58:05.488  2407  2407 E SchedPolicy: set_timerslack_ns write failed: Operation not permitted
12-08 19:58:11.102  1740  1805 E storaged: getDiskStats failed with result NOT_SUPPORTED and size 0
12-08 19:59:04.934  1834  1834 E netmgr  : Failed to open QEMU pipe 'qemud:network': Invalid argument
12-08 19:59:04.934  1834  1834 E netmgr  : WifiForwarder unable to open QEMU pipe: Invalid argument
12-08 19:59:11.104  1740  1805 E storaged: getDiskStats failed with result NOT_SUPPORTED and size 0
12-08 20:00:04.947  1834  1834 E netmgr  : Failed to open QEMU pipe 'qemud:network': Invalid argument
12-08 20:00:04.947  1834  1834 E netmgr  : WifiForwarder unable to open QEMU pipe: Invalid argument
12-08 20:00:11.105  1740  1805 E storaged: getDiskStats failed with result NOT_SUPPORTED and size 0
12-08 20:00:51.281  1885  1903 E BatteryExternalStatsWorker: no controller energy info supplied for wifi
12-08 20:01:05.008  1834  1834 E netmgr  : Failed to open QEMU pipe 'qemud:network': Invalid argument
12-08 20:01:05.008  1834  1834 E netmgr  : WifiForwarder unable to open QEMU pipe: Invalid argument
12-08 20:01:11.107  1740  1805 E storaged: getDiskStats failed with result NOT_SUPPORTED and size 0
12-08 20:01:23.581  1996  1996 E native  : suggestion-transformer.cc:118 suggestion picked candidate not found for id: 3
