--------- beginning of system
12-08 14:09:23.769  1881  1896 E AutofillSession: No assist structure - app might have crashed providing it
12-08 14:09:38.511  1738  1772 E storaged: getDiskStats failed with result NOT_SUPPORTED and size 0
--------- beginning of main
12-08 14:09:51.847  1992  6060 E putmethod.lati: Invalid ID 0x00000001.
12-08 14:09:51.849  1992  6060 E LstmTrainingCache: emn: Can't get resource name for input slot
12-08 14:09:51.849  1992  6060 E LstmTrainingCache: android.content.res.Resources$NotFoundException: Unable to find resource ID #0x1
12-08 14:09:51.849  1992  6060 E LstmTrainingCache: 	at android.content.res.ResourcesImpl.getResourceName(ResourcesImpl.java:255)
12-08 14:09:51.849  1992  6060 E LstmTrainingCache: 	at android.content.res.Resources.getResourceName(Resources.java:1954)
12-08 14:09:51.849  1992  6060 E LstmTrainingCache: 	at emn.a(PG:12)
12-08 14:09:51.849  1992  6060 E LstmTrainingCache: 	at emk.run(PG:5)
12-08 14:09:51.849  1992  6060 E LstmTrainingCache: 	at java.lang.Thread.run(Thread.java:764)
12-08 14:10:26.597  1828  1828 E netmgr  : Failed to open QEMU pipe 'qemud:network': Invalid argument
12-08 14:10:26.607  1828  1828 E netmgr  : WifiForwarder unable to open QEMU pipe: Invalid argument
12-08 14:10:39.131  1738  1772 E storaged: getDiskStats failed with result NOT_SUPPORTED and size 0
12-08 14:11:27.073  1828  1828 E netmgr  : Failed to open QEMU pipe 'qemud:network': Invalid argument
12-08 14:11:27.073  1828  1828 E netmgr  : WifiForwarder unable to open QEMU pipe: Invalid argument
12-08 14:11:27.413  2448  8709 E ctxmgr  : [ProducerStatusImpl]updateStateForNewContextData: inactive, contextName=7
12-08 14:11:27.473  2448  8709 E ctxmgr  : [ProducerStatusImpl]updateStateForNewContextData: inactive, contextName=1
12-08 14:11:29.600  2448  8709 E ctxmgr  : [ProducerStatusImpl]updateStateForNewContextData: inactive, contextName=1
12-08 14:11:29.683  2448  3146 E PlaceInferenceEngine: Position timestamp out of order. Previous: 1544278058000, Current: 1544260285000. Skipping this Position.
12-08 14:11:32.318  2448  2448 E BeaconBle: Missing BluetoothAdapter
12-08 14:11:32.363  2448  2448 E BeaconBle: Scan couldn't start for Places
12-08 14:11:39.484  1738  1772 E storaged: getDiskStats failed with result NOT_SUPPORTED and size 0
12-08 14:11:47.248  2692  2692 E ContextIntentStarter: No activity found for any of the 0 intents
12-08 14:11:49.874 10359 10359 E wpa_supplicant: nl80211: Failed to open /proc/sys/net/ipv4/conf/p2p-dev-wlan0/drop_unicast_in_l2_multicast: No such file or directory
12-08 14:11:49.875 10359 10359 E wpa_supplicant: nl80211: Failed to set IPv4 unicast in multicast filter
12-08 14:11:49.935 10359 10359 E wpa_supplicant: nl80211: Failed to open /proc/sys/net/ipv4/conf/p2p-dev-wlan0/drop_unicast_in_l2_multicast: No such file or directory
12-08 14:11:49.935 10359 10359 E wpa_supplicant: nl80211: Failed to set IPv4 unicast in multicast filter
12-08 14:11:50.066 10359 10359 E wpa_supplicant: nl80211: Failed to open /proc/sys/net/ipv4/conf/wlan0/drop_unicast_in_l2_multicast: No such file or directory
12-08 14:11:50.066 10359 10359 E wpa_supplicant: nl80211: Failed to set IPv4 unicast in multicast filter
12-08 14:11:52.389 10359 10359 E wpa_supplicant: nl80211: Failed to open /proc/sys/net/ipv4/conf/wlan0/drop_unicast_in_l2_multicast: No such file or directory
12-08 14:11:52.389 10359 10359 E wpa_supplicant: nl80211: Failed to set IPv4 unicast in multicast filter
12-08 14:11:52.390 10671 10671 E rrierdefaultap: Not starting debugger since process cannot load the jdwp agent.
12-08 14:11:52.711  1626  1626 E android.hardware.wifi@1.0-service: Failed to open directory: Permission denied
12-08 14:11:52.711  1626  1626 E android.hardware.wifi@1.0-service: Error occurred while deleting old tombstone files
12-08 14:11:52.711  1626  1626 E android.hardware.wifi@1.0-service: Error writing files to flash
12-08 14:11:54.776  1881  1966 E WifiP2pService: Unhandled message { when=-1ms what=131204 target=com.android.internal.util.StateMachine$SmHandler }
12-08 14:11:54.848  1881  1899 E BatteryExternalStatsWorker: no controller energy info supplied for wifi
12-08 14:11:54.892  1881  1899 E BatteryExternalStatsWorker: no controller energy info supplied for wifi
12-08 14:11:55.045  2692  3033 E MicroDetectionWorker: Stale runnable..ignoring
12-08 14:12:00.295  2448  8709 E ctxmgr  : [ProducerStatusImpl]updateStateForNewContextData: inactive, contextName=7
12-08 14:12:05.184  2448  3484 E NetworkScheduler.ATC: Called cancelTask for already completed task com.google.android.gms/.learning.training.background.TrainingGcmTaskService{u=0 tag="com.google.android.gms.learning.BACKGROUND_TRAINING_TASK" trigger=window{period=900s,flex=600s,earliest=-736s,latest=-136s} requirements=[NET_ANY,CHARGING,DEVICE_IDLE] attributes=[PERSISTED,RECURRING] scheduled=-1036s last_run=-248s jid=N/A status=ACTIVE retries=0 client_lib=MANCHEGO_GCM-14799000} :TIMED_OUT
12-08 14:12:05.258  2448  2448 E BeaconBle: Missing BluetoothAdapter
12-08 14:12:05.453  2448  2448 E BeaconBle: Scan couldn't start for Places
12-08 14:12:07.771 10698 10698 E boxed_process3: Not starting debugger since process cannot load the jdwp agent.
12-08 14:12:28.013  1828  1828 E netmgr  : Failed to open QEMU pipe 'qemud:network': Invalid argument
12-08 14:12:28.013  1828  1828 E netmgr  : WifiForwarder unable to open QEMU pipe: Invalid argument
12-08 14:12:40.713  1738  1772 E storaged: getDiskStats failed with result NOT_SUPPORTED and size 0
12-08 14:12:53.852  2494  2716 E PlayCommon: [101] com.google.android.play.b.g.a(448): Failed to connect to server: java.net.UnknownHostException: Unable to resolve host "play.googleapis.com": No address associated with hostname
12-08 14:12:58.694  1611  1695 E audio_hw_generic: pcm_write failed cannot write stream data: I/O error
12-08 14:13:08.915  1611  1695 E audio_hw_generic: pcm_write failed cannot write stream data: I/O error
12-08 14:13:18.958  1611  1695 E audio_hw_generic: pcm_write failed cannot write stream data: I/O error
12-08 14:13:28.818  1828  1828 E netmgr  : Failed to open QEMU pipe 'qemud:network': Invalid argument
12-08 14:13:28.819  1828  1828 E netmgr  : WifiForwarder unable to open QEMU pipe: Invalid argument
12-08 14:13:28.987  1611  1695 E audio_hw_generic: pcm_write failed cannot write stream data: I/O error
12-08 14:13:36.200  1881  1896 E AutofillSession: No assist structure - app might have crashed providing it
12-08 14:13:39.008  1611  1695 E audio_hw_generic: pcm_write failed cannot write stream data: I/O error
12-08 14:13:41.054  1738  1772 E storaged: getDiskStats failed with result NOT_SUPPORTED and size 0
