--------- beginning of system
12-07 08:54:43.806  1880  1896 E ActivityManager: Failure starting process com.evancharlton.mileage
12-07 08:54:43.806  1880  1896 E ActivityManager: java.lang.SecurityException: Package com.evancharlton.mileage was not found!
12-07 08:54:43.806  1880  1896 E ActivityManager: 	at com.android.server.pm.PackageManagerService.checkPackageStartable(PackageManagerService.java:3987)
12-07 08:54:43.806  1880  1896 E ActivityManager: 	at com.android.server.am.ActivityManagerService.startProcessLocked(ActivityManagerService.java:4234)
12-07 08:54:43.806  1880  1896 E ActivityManager: 	at com.android.server.am.ActivityManagerService.startProcessLocked(ActivityManagerService.java:4199)
12-07 08:54:43.806  1880  1896 E ActivityManager: 	at com.android.server.am.ActivityManagerService.startProcessLocked(ActivityManagerService.java:4181)
12-07 08:54:43.806  1880  1896 E ActivityManager: 	at com.android.server.am.ActivityManagerService.startProcessLocked(ActivityManagerService.java:4067)
12-07 08:54:43.806  1880  1896 E ActivityManager: 	at com.android.server.am.ActivityStackSupervisor.startSpecificActivityLocked(ActivityStackSupervisor.java:1715)
12-07 08:54:43.806  1880  1896 E ActivityManager: 	at com.android.server.am.ActivityStack.resumeTopActivityInnerLocked(ActivityStack.java:2764)
12-07 08:54:43.806  1880  1896 E ActivityManager: 	at com.android.server.am.ActivityStack.resumeTopActivityUncheckedLocked(ActivityStack.java:2302)
12-07 08:54:43.806  1880  1896 E ActivityManager: 	at com.android.server.am.ActivityStackSupervisor.resumeFocusedStackTopActivityLocked(ActivityStackSupervisor.java:2234)
12-07 08:54:43.806  1880  1896 E ActivityManager: 	at com.android.server.am.ActivityStackSupervisor.resumeFocusedStackTopActivityLocked(ActivityStackSupervisor.java:2218)
12-07 08:54:43.806  1880  1896 E ActivityManager: 	at com.android.server.am.ActivityManagerService.handleAppDiedLocked(ActivityManagerService.java:5923)
12-07 08:54:43.806  1880  1896 E ActivityManager: 	at com.android.server.am.ActivityManagerService.removeProcessLocked(ActivityManagerService.java:7501)
12-07 08:54:43.806  1880  1896 E ActivityManager: 	at com.android.server.am.ActivityManagerService.killPackageProcessesLocked(ActivityManagerService.java:7142)
12-07 08:54:43.806  1880  1896 E ActivityManager: 	at com.android.server.am.ActivityManagerService.forceStopPackageLocked(ActivityManagerService.java:7275)
12-07 08:54:43.806  1880  1896 E ActivityManager: 	at com.android.server.am.ActivityManagerService$MainHandler.handleMessage(ActivityManagerService.java:2289)
12-07 08:54:43.806  1880  1896 E ActivityManager: 	at android.os.Handler.dispatchMessage(Handler.java:106)
12-07 08:54:43.806  1880  1896 E ActivityManager: 	at android.os.Looper.loop(Looper.java:193)
12-07 08:54:43.806  1880  1896 E ActivityManager: 	at android.os.HandlerThread.run(HandlerThread.java:65)
12-07 08:54:43.806  1880  1896 E ActivityManager: 	at com.android.server.ServiceThread.run(ServiceThread.java:44)
--------- beginning of crash
12-07 08:54:56.624 17878 17878 E AndroidRuntime: FATAL EXCEPTION: main
12-07 08:54:56.624 17878 17878 E AndroidRuntime: Process: com.evancharlton.mileage, PID: 17878
12-07 08:54:56.624 17878 17878 E AndroidRuntime: java.lang.RuntimeException: Unable to resume activity {com.evancharlton.mileage/com.evancharlton.mileage.ServiceIntervalsListActivity}: java.lang.IllegalArgumentException: Unknown URI: content://com.evancharlton.mileage/intervals/
12-07 08:54:56.624 17878 17878 E AndroidRuntime: 	at android.app.ActivityThread.performResumeActivity(ActivityThread.java:3784)
12-07 08:54:56.624 17878 17878 E AndroidRuntime: 	at android.app.ActivityThread.handleResumeActivity(ActivityThread.java:3816)
12-07 08:54:56.624 17878 17878 E AndroidRuntime: 	at android.app.servertransaction.ResumeActivityItem.execute(ResumeActivityItem.java:51)
12-07 08:54:56.624 17878 17878 E AndroidRuntime: 	at android.app.servertransaction.TransactionExecutor.executeLifecycleState(TransactionExecutor.java:145)
12-07 08:54:56.624 17878 17878 E AndroidRuntime: 	at android.app.servertransaction.TransactionExecutor.execute(TransactionExecutor.java:70)
12-07 08:54:56.624 17878 17878 E AndroidRuntime: 	at android.app.ActivityThread$H.handleMessage(ActivityThread.java:1808)
12-07 08:54:56.624 17878 17878 E AndroidRuntime: 	at android.os.Handler.dispatchMessage(Handler.java:106)
12-07 08:54:56.624 17878 17878 E AndroidRuntime: 	at android.os.Looper.loop(Looper.java:193)
12-07 08:54:56.624 17878 17878 E AndroidRuntime: 	at android.app.ActivityThread.main(ActivityThread.java:6669)
12-07 08:54:56.624 17878 17878 E AndroidRuntime: 	at java.lang.reflect.Method.invoke(Native Method)
12-07 08:54:56.624 17878 17878 E AndroidRuntime: 	at com.android.internal.os.RuntimeInit$MethodAndArgsCaller.run(RuntimeInit.java:493)
12-07 08:54:56.624 17878 17878 E AndroidRuntime: 	at com.android.internal.os.ZygoteInit.main(ZygoteInit.java:858)
12-07 08:54:56.624 17878 17878 E AndroidRuntime: Caused by: java.lang.IllegalArgumentException: Unknown URI: content://com.evancharlton.mileage/intervals/
12-07 08:54:56.624 17878 17878 E AndroidRuntime: 	at com.evancharlton.mileage.provider.FillUpsProvider.query(FillUpsProvider.java:226)
12-07 08:54:56.624 17878 17878 E AndroidRuntime: 	at android.content.ContentProvider.query(ContentProvider.java:1055)
12-07 08:54:56.624 17878 17878 E AndroidRuntime: 	at android.content.ContentProvider.query(ContentProvider.java:1147)
12-07 08:54:56.624 17878 17878 E AndroidRuntime: 	at android.content.ContentProvider$Transport.query(ContentProvider.java:240)
12-07 08:54:56.624 17878 17878 E AndroidRuntime: 	at android.content.ContentResolver.query(ContentResolver.java:802)
12-07 08:54:56.624 17878 17878 E AndroidRuntime: 	at android.content.ContentResolver.query(ContentResolver.java:752)
12-07 08:54:56.624 17878 17878 E AndroidRuntime: 	at android.content.ContentResolver.query(ContentResolver.java:710)
12-07 08:54:56.624 17878 17878 E AndroidRuntime: 	at android.app.Activity.managedQuery(Activity.java:2559)
12-07 08:54:56.624 17878 17878 E AndroidRuntime: 	at com.evancharlton.mileage.BaseListActivity.getCursor(BaseListActivity.java:87)
12-07 08:54:56.624 17878 17878 E AndroidRuntime: 	at com.evancharlton.mileage.BaseListActivity.onResume(BaseListActivity.java:61)
12-07 08:54:56.624 17878 17878 E AndroidRuntime: 	at android.app.Instrumentation.callActivityOnResume(Instrumentation.java:1412)
12-07 08:54:56.624 17878 17878 E AndroidRuntime: 	at android.app.Activity.performResume(Activity.java:7292)
12-07 08:54:56.624 17878 17878 E AndroidRuntime: 	at android.app.ActivityThread.performResumeActivity(ActivityThread.java:3776)
12-07 08:54:56.624 17878 17878 E AndroidRuntime: 	... 11 more
12-07 08:55:00.646  1735  1809 E storaged: getDiskStats failed with result NOT_SUPPORTED and size 0
12-07 08:55:34.506  1625  1625 E android.hardware.wifi@1.0-service: Failed to open directory: Permission denied
12-07 08:55:34.507  1625  1625 E android.hardware.wifi@1.0-service: Error occurred while deleting old tombstone files
12-07 08:55:34.507  1625  1625 E android.hardware.wifi@1.0-service: Error writing files to flash
12-07 08:56:00.708  1735  1809 E storaged: getDiskStats failed with result NOT_SUPPORTED and size 0
12-07 08:57:00.754  1735  1809 E storaged: getDiskStats failed with result NOT_SUPPORTED and size 0
12-07 08:58:00.786  1735  1809 E storaged: getDiskStats failed with result NOT_SUPPORTED and size 0
--------- beginning of main
12-07 08:58:03.129  1610 18335 E audio_hw_generic: pcm_open(in) failed: cannot open device '/dev/snd/pcmC0D0c': Device or resource busy: channels 2 format 0 rate 16000
12-07 08:58:04.062 18342 18342 E boxed_process2: Not starting debugger since process cannot load the jdwp agent.
12-07 08:58:09.216  1610 18369 E audio_hw_generic: pcm_open(in) failed: cannot open device '/dev/snd/pcmC0D0c': Device or resource busy: channels 2 format 0 rate 16000
12-07 08:58:25.029 18372 18372 E boxed_process2: Not starting debugger since process cannot load the jdwp agent.
12-07 08:58:33.479  2378 17583 E ctxmgr  : [ProducerStatusImpl]updateStateForNewContextData: inactive, contextName=7
12-07 08:58:34.329  2378  2378 E BeaconBle: Scan couldn't start for Places
12-07 08:58:41.443  1829  1829 E netmgr  : Failed to open QEMU pipe 'qemud:network': Invalid argument
12-07 08:58:41.452  1829  1829 E netmgr  : WifiForwarder unable to open QEMU pipe: Invalid argument
12-07 08:58:57.394  1625  1625 E android.hardware.wifi@1.0-service: Failed to register radio mode change callback
12-07 08:58:57.403  1625  1625 E android.hardware.wifi@1.0-service: Failed to set DFS flag; DFS channels may be unavailable.
12-07 08:58:57.456  1736  1736 E wificond: No Offload Service available
12-07 08:58:57.954  1880  1969 E WifiP2pService: Unhandled message { when=-1ms what=131203 target=com.android.internal.util.StateMachine$SmHandler }
12-07 08:58:57.983  1880  1969 E WifiP2pService: Unhandled message { when=-1ms what=131203 target=com.android.internal.util.StateMachine$SmHandler }
12-07 08:58:58.020  1880  1900 E BatteryExternalStatsWorker: no controller energy info supplied for wifi
12-07 08:58:58.073  1880  1900 E BatteryExternalStatsWorker: no controller energy info supplied for wifi
12-07 08:59:01.617  1735  1809 E storaged: getDiskStats failed with result NOT_SUPPORTED and size 0
12-07 08:59:04.082  1880  1900 E BatteryExternalStatsWorker: no controller energy info supplied for wifi
12-07 08:59:05.122  1733  1824 E Netd    : Error adding route ::/0 -> fe80::ff:fe00:100 wlan0 to table 1003: File exists
12-07 08:59:05.490  2378 18444 E WakeLock: GCM_CONN_ALARM release without a matched acquire!
12-07 08:59:06.848  2378 18311 E ctxmgr  : [ProducerStatusImpl]updateStateForNewContextData: inactive, contextName=7
12-07 08:59:07.279  2378  2378 E BeaconBle: Missing BluetoothAdapter
12-07 08:59:07.448  2378  2378 E BeaconBle: Scan couldn't start for Places
12-07 08:59:14.808  1736  1736 E wificond: Receive ERROR message in response to 'stop scheduled scan' request: Operation not supported on transport endpoint
12-07 08:59:14.876 18424 18424 E wpa_supplicant: nl80211: Failed to open /proc/sys/net/ipv4/conf/p2p-dev-wlan0/drop_unicast_in_l2_multicast: No such file or directory
12-07 08:59:14.876 18424 18424 E wpa_supplicant: nl80211: Failed to set IPv4 unicast in multicast filter
12-07 08:59:14.885 18424 18424 E wpa_supplicant: nl80211: Failed to open /proc/sys/net/ipv4/conf/p2p-dev-wlan0/drop_unicast_in_l2_multicast: No such file or directory
12-07 08:59:14.885 18424 18424 E wpa_supplicant: nl80211: Failed to set IPv4 unicast in multicast filter
12-07 08:59:15.020 18424 18424 E wpa_supplicant: nl80211: Failed to open /proc/sys/net/ipv4/conf/wlan0/drop_unicast_in_l2_multicast: No such file or directory
12-07 08:59:15.021 18424 18424 E wpa_supplicant: nl80211: Failed to set IPv4 unicast in multicast filter
12-07 08:59:15.021 18424 18424 E wpa_supplicant: nl80211: Failed to open /proc/sys/net/ipv4/conf/wlan0/drop_unicast_in_l2_multicast: No such file or directory
12-07 08:59:15.021 18424 18424 E wpa_supplicant: nl80211: Failed to set IPv4 unicast in multicast filter
12-07 08:59:16.926 18424 18424 E wpa_supplicant: nl80211: Failed to open /proc/sys/net/ipv4/conf/wlan0/drop_unicast_in_l2_multicast: No such file or directory
12-07 08:59:16.926 18424 18424 E wpa_supplicant: nl80211: Failed to set IPv4 unicast in multicast filter
12-07 08:59:17.345  1625  1625 E android.hardware.wifi@1.0-service: Failed to open directory: Permission denied
12-07 08:59:17.345  1625  1625 E android.hardware.wifi@1.0-service: Error occurred while deleting old tombstone files
12-07 08:59:17.345  1625  1625 E android.hardware.wifi@1.0-service: Error writing files to flash
12-07 08:59:17.393 18462 18462 E viders.calenda: Not starting debugger since process cannot load the jdwp agent.
12-07 08:59:17.401 18456 18456 E oid.apps.photo: Not starting debugger since process cannot load the jdwp agent.
12-07 08:59:19.743  2378 18444 E WakeLock: GCM_HB_ALARM release without a matched acquire!
12-07 08:59:19.780  1880  1969 E WifiP2pService: Unhandled message { when=-3ms what=131204 target=com.android.internal.util.StateMachine$SmHandler }
12-07 08:59:19.786  2378 18444 E GCM     : Connection closed with errorCode 20
12-07 08:59:19.830  1880  1900 E BatteryExternalStatsWorker: no controller energy info supplied for wifi
12-07 08:59:19.922  2378 18488 E WakeLock: GCM_HB_ALARM release without a matched acquire!
12-07 08:59:19.940  2378 18488 E WakeLock: GCM_CONN_ALARM release without a matched acquire!
12-07 08:59:20.020  1880  1900 E BatteryExternalStatsWorker: no controller energy info supplied for wifi
12-07 08:59:28.409  1625  1625 E android.hardware.wifi@1.0-service: Failed to register radio mode change callback
12-07 08:59:28.431  1625  1625 E android.hardware.wifi@1.0-service: Failed to set DFS flag; DFS channels may be unavailable.
12-07 08:59:28.726  1736  1736 E wificond: No Offload Service available
12-07 08:59:31.082  1880  1970 E NetdConnector: NDC Command {1268 network interface add 145 radio0} took too long (2199ms)
12-07 08:59:31.104  1880  1970 E ConnectivityService: exception in setMtu()java.lang.IllegalStateException: command '1269 interface setmtu radio0 1500' failed with '400 1269 Failed to set MTU (Permission denied)'
12-07 08:59:31.124 18511 18511 E ndroid.calenda: Not starting debugger since process cannot load the jdwp agent.
12-07 08:59:33.778  1880  1969 E WifiP2pService: Unhandled message { when=-1ms what=131203 target=com.android.internal.util.StateMachine$SmHandler }
12-07 08:59:36.045  1880  1969 E WifiP2pService: Unhandled message { when=0 what=131203 target=com.android.internal.util.StateMachine$SmHandler }
12-07 08:59:36.183  1880  1900 E BatteryExternalStatsWorker: no controller energy info supplied for wifi
12-07 08:59:36.403  1880  1900 E BatteryExternalStatsWorker: no controller energy info supplied for wifi
12-07 08:59:43.192  1829  1829 E netmgr  : Failed to open QEMU pipe 'qemud:network': Invalid argument
12-07 08:59:43.193  1829  1829 E netmgr  : WifiForwarder unable to open QEMU pipe: Invalid argument
12-07 08:59:43.318  2378 18445 E ctxmgr  : [ProducerStatusImpl]updateStateForNewContextData: inactive, contextName=7
12-07 08:59:43.676  2378 18550 E WakeLock: GCM_CONN_ALARM release without a matched acquire!
12-07 08:59:48.146  2378  2378 E BeaconBle: Missing BluetoothAdapter
12-07 08:59:48.246  2378  2378 E BeaconBle: Scan couldn't start for Places
12-07 08:59:55.676 18587 18587 E droid.deskcloc: Not starting debugger since process cannot load the jdwp agent.
12-07 08:59:57.986 18587 18587 E LoadedApk: Unable to instantiate appComponentFactory
12-07 08:59:57.986 18587 18587 E LoadedApk: java.lang.ClassNotFoundException: Didn't find class "android.support.v4.app.CoreComponentFactory" on path: DexPathList[[zip file "/data/app/com.google.android.deskclock-irjeQ48B8SlCzNgOUY6aXg==/base.apk"],nativeLibraryDirectories=[/data/app/com.google.android.deskclock-irjeQ48B8SlCzNgOUY6aXg==/lib/x86, /system/lib]]
12-07 08:59:57.986 18587 18587 E LoadedApk: 	at dalvik.system.BaseDexClassLoader.findClass(BaseDexClassLoader.java:134)
12-07 08:59:57.986 18587 18587 E LoadedApk: 	at java.lang.ClassLoader.loadClass(ClassLoader.java:379)
12-07 08:59:57.986 18587 18587 E LoadedApk: 	at java.lang.ClassLoader.loadClass(ClassLoader.java:312)
12-07 08:59:57.986 18587 18587 E LoadedApk: 	at android.app.LoadedApk.createAppFactory(LoadedApk.java:226)
12-07 08:59:57.986 18587 18587 E LoadedApk: 	at android.app.LoadedApk.createOrUpdateClassLoaderLocked(LoadedApk.java:731)
12-07 08:59:57.986 18587 18587 E LoadedApk: 	at android.app.LoadedApk.getClassLoader(LoadedApk.java:810)
12-07 08:59:57.986 18587 18587 E LoadedApk: 	at android.app.LoadedApk.getResources(LoadedApk.java:1032)
12-07 08:59:57.986 18587 18587 E LoadedApk: 	at android.app.ContextImpl.createAppContext(ContextImpl.java:2345)
12-07 08:59:57.986 18587 18587 E LoadedApk: 	at android.app.ActivityThread.handleBindApplication(ActivityThread.java:5749)
12-07 08:59:57.986 18587 18587 E LoadedApk: 	at android.app.ActivityThread.access$1100(ActivityThread.java:199)
12-07 08:59:57.986 18587 18587 E LoadedApk: 	at android.app.ActivityThread$H.handleMessage(ActivityThread.java:1650)
12-07 08:59:57.986 18587 18587 E LoadedApk: 	at android.os.Handler.dispatchMessage(Handler.java:106)
12-07 08:59:57.986 18587 18587 E LoadedApk: 	at android.os.Looper.loop(Looper.java:193)
12-07 08:59:57.986 18587 18587 E LoadedApk: 	at android.app.ActivityThread.main(ActivityThread.java:6669)
12-07 08:59:57.986 18587 18587 E LoadedApk: 	at java.lang.reflect.Method.invoke(Native Method)
12-07 08:59:57.986 18587 18587 E LoadedApk: 	at com.android.internal.os.RuntimeInit$MethodAndArgsCaller.run(RuntimeInit.java:493)
12-07 08:59:57.986 18587 18587 E LoadedApk: 	at com.android.internal.os.ZygoteInit.main(ZygoteInit.java:858)
12-07 09:00:02.520  1735  1809 E storaged: getDiskStats failed with result NOT_SUPPORTED and size 0
12-07 09:00:02.569 18620 18620 E com.ustwo.lwp: Not starting debugger since process cannot load the jdwp agent.
12-07 09:00:38.599  2482 17765 E SQLiteCastStore: Skip saving CastDeviceInfo: "Nearby device" (__cast_nearby___V_55bea0c7-a33d-43b5-9c0c-5f4a9452b1a5)
12-07 09:00:43.411  1829  1829 E netmgr  : Failed to open QEMU pipe 'qemud:network': Invalid argument
12-07 09:00:43.411  1829  1829 E netmgr  : WifiForwarder unable to open QEMU pipe: Invalid argument
