--------- beginning of system
12-07 13:56:15.521  1735  1809 E storaged: getDiskStats failed with result NOT_SUPPORTED and size 0
12-07 13:57:16.077  1735  1809 E storaged: getDiskStats failed with result NOT_SUPPORTED and size 0
12-07 13:58:16.785  1735  1809 E storaged: getDiskStats failed with result NOT_SUPPORTED and size 0
12-07 13:58:51.806  1736  1736 E wificond: NL80211_CMD_TRIGGER_SCAN failed: Device or resource busy
12-07 13:59:18.472  1735  1809 E storaged: getDiskStats failed with result NOT_SUPPORTED and size 0
12-07 14:00:09.682  1736  1736 E wificond: NL80211_CMD_TRIGGER_SCAN failed: Device or resource busy
12-07 14:00:20.419  1735  1809 E storaged: getDiskStats failed with result NOT_SUPPORTED and size 0
12-07 14:01:21.826  1735  1809 E storaged: getDiskStats failed with result NOT_SUPPORTED and size 0
12-07 14:02:22.619  1735  1809 E storaged: getDiskStats failed with result NOT_SUPPORTED and size 0
12-07 14:02:49.166  1736  1736 E wificond: NL80211_CMD_TRIGGER_SCAN failed: Device or resource busy
12-07 14:03:23.399  1735  1809 E storaged: getDiskStats failed with result NOT_SUPPORTED and size 0
12-07 14:04:24.118  1735  1809 E storaged: getDiskStats failed with result NOT_SUPPORTED and size 0
12-07 14:05:25.075  1735  1809 E storaged: getDiskStats failed with result NOT_SUPPORTED and size 0
12-07 14:06:26.811  1735  1809 E storaged: getDiskStats failed with result NOT_SUPPORTED and size 0
12-07 14:06:51.143  1736  1736 E wificond: NL80211_CMD_TRIGGER_SCAN failed: Device or resource busy
12-07 14:07:28.167  1735  1809 E storaged: getDiskStats failed with result NOT_SUPPORTED and size 0
12-07 14:08:13.992  1736  1736 E wificond: Receive ERROR message in response to 'stop scheduled scan' request: Operation not supported on transport endpoint
12-07 14:08:19.240  1625  1625 E android.hardware.wifi@1.0-service: Failed to open directory: Permission denied
12-07 14:08:19.240  1625  1625 E android.hardware.wifi@1.0-service: Error occurred while deleting old tombstone files
12-07 14:08:19.240  1625  1625 E android.hardware.wifi@1.0-service: Error writing files to flash
12-07 14:08:21.751  1880  1969 E WifiP2pService: Unhandled message { when=0 what=131204 target=com.android.internal.util.StateMachine$SmHandler }
12-07 14:08:21.764  1880  1900 E BatteryExternalStatsWorker: no controller energy info supplied for wifi
12-07 14:08:21.779  1880  1900 E BatteryExternalStatsWorker: no controller energy info supplied for wifi
12-07 14:08:29.472  1735  1809 E storaged: getDiskStats failed with result NOT_SUPPORTED and size 0
12-07 14:09:30.771  1735  1809 E storaged: getDiskStats failed with result NOT_SUPPORTED and size 0
12-07 14:10:31.632  1735  1809 E storaged: getDiskStats failed with result NOT_SUPPORTED and size 0
12-07 14:11:32.808  1735  1809 E storaged: getDiskStats failed with result NOT_SUPPORTED and size 0
12-07 14:12:34.309  1735  1809 E storaged: getDiskStats failed with result NOT_SUPPORTED and size 0
12-07 14:13:36.504  1735  1809 E storaged: getDiskStats failed with result NOT_SUPPORTED and size 0
12-07 14:14:38.129  1735  1809 E storaged: getDiskStats failed with result NOT_SUPPORTED and size 0
--------- beginning of main
12-07 14:15:40.328  1735  1809 E storaged: getDiskStats failed with result NOT_SUPPORTED and size 0
12-07 14:16:20.213  1829  1829 E netmgr  : Failed to open QEMU pipe 'qemud:network': Invalid argument
12-07 14:16:20.213  1829  1829 E netmgr  : WifiForwarder unable to open QEMU pipe: Invalid argument
12-07 14:16:23.247  2378   345 E ctxmgr  : [ProducerStatusImpl]updateStateForNewContextData: inactive, contextName=7
12-07 14:16:25.612  1610  1692 E audio_hw_generic: pcm_write failed cannot write stream data: I/O error
12-07 14:16:25.842  2378  2378 E BeaconBle: Missing BluetoothAdapter
12-07 14:16:25.925  2378  2378 E BeaconBle: Scan couldn't start for Places
12-07 14:16:36.372  1610  1692 E audio_hw_generic: pcm_write failed cannot write stream data: I/O error
12-07 14:16:39.347  1880  1900 E BatteryExternalStatsWorker: no controller energy info supplied for wifi
12-07 14:16:41.790  1735  1809 E storaged: getDiskStats failed with result NOT_SUPPORTED and size 0
12-07 14:16:47.161  1610  1692 E audio_hw_generic: pcm_write failed cannot write stream data: I/O error
12-07 14:16:57.702  1610  1692 E audio_hw_generic: pcm_write failed cannot write stream data: I/O error
12-07 14:17:03.403  2378 32555 E ctxmgr  : [ProducerStatusImpl]updateStateForNewContextData: inactive, contextName=7
12-07 14:17:06.173  2378 32555 E ctxmgr  : [ProducerStatusImpl]updateStateForNewContextData: inactive, contextName=1
12-07 14:17:06.174  2378 32555 E ctxmgr  : [ProducerStatusImpl]updateStateForNewContextData: inactive, contextName=1
12-07 14:17:08.516  2378 32555 E SynchronizedLE: asynchronous call timed out or was interrupted
12-07 14:17:08.885  2378  2378 E BeaconBle: Missing BluetoothAdapter
12-07 14:17:11.471  2378  2378 E BeaconBle: Scan couldn't start for Places
12-07 14:17:22.174  1829  1829 E netmgr  : Failed to open QEMU pipe 'qemud:network': Invalid argument
12-07 14:17:22.177  1829  1829 E netmgr  : WifiForwarder unable to open QEMU pipe: Invalid argument
12-07 14:17:43.496  1735  1809 E storaged: getDiskStats failed with result NOT_SUPPORTED and size 0
12-07 14:18:07.497  1610  1692 E audio_hw_generic: pcm_write failed cannot write stream data: I/O error
12-07 14:18:23.481  1829  1829 E netmgr  : Failed to open QEMU pipe 'qemud:network': Invalid argument
12-07 14:18:23.482  1829  1829 E netmgr  : WifiForwarder unable to open QEMU pipe: Invalid argument
12-07 14:18:34.398  2482   408 E WorkSourceUtil: Could not find package: com.google.android.gms.westworld
12-07 14:18:39.560  1610  1692 E audio_hw_generic: pcm_write failed cannot write stream data: I/O error
12-07 14:18:39.681  2780  2915 E PlayCommon: [145] com.google.android.play.b.g.a(448): Failed to connect to server: java.net.UnknownHostException: Unable to resolve host "play.googleapis.com": No address associated with hostname
12-07 14:18:39.784   410   410 E ocess.gservice: Not starting debugger since process cannot load the jdwp agent.
12-07 14:18:44.929  1735  1809 E storaged: getDiskStats failed with result NOT_SUPPORTED and size 0
12-07 14:18:47.864  1722  1722 E SurfaceFlinger: [StatusBar#0] rejecting buffer: bufWidth=1080, bufHeight=63, front.active.{w=1080, h=1920}
12-07 14:18:50.259  1610  1692 E audio_hw_generic: pcm_write failed cannot write stream data: I/O error
