--------- beginning of system
12-09 11:02:59.897  1885  1899 E ActivityManager: Failure starting process com.evancharlton.mileage
12-09 11:02:59.897  1885  1899 E ActivityManager: java.lang.SecurityException: Package com.evancharlton.mileage is currently frozen!
12-09 11:02:59.897  1885  1899 E ActivityManager: 	at com.android.server.pm.PackageManagerService.checkPackageStartable(PackageManagerService.java:4000)
12-09 11:02:59.897  1885  1899 E ActivityManager: 	at com.android.server.am.ActivityManagerService.startProcessLocked(ActivityManagerService.java:4234)
12-09 11:02:59.897  1885  1899 E ActivityManager: 	at com.android.server.am.ActivityManagerService.startProcessLocked(ActivityManagerService.java:4199)
12-09 11:02:59.897  1885  1899 E ActivityManager: 	at com.android.server.am.ActivityManagerService.startProcessLocked(ActivityManagerService.java:4181)
12-09 11:02:59.897  1885  1899 E ActivityManager: 	at com.android.server.am.ActivityManagerService.startProcessLocked(ActivityManagerService.java:4067)
12-09 11:02:59.897  1885  1899 E ActivityManager: 	at com.android.server.am.ActivityStackSupervisor.startSpecificActivityLocked(ActivityStackSupervisor.java:1715)
12-09 11:02:59.897  1885  1899 E ActivityManager: 	at com.android.server.am.ActivityStack.resumeTopActivityInnerLocked(ActivityStack.java:2764)
12-09 11:02:59.897  1885  1899 E ActivityManager: 	at com.android.server.am.ActivityStack.resumeTopActivityUncheckedLocked(ActivityStack.java:2302)
12-09 11:02:59.897  1885  1899 E ActivityManager: 	at com.android.server.am.ActivityStackSupervisor.resumeFocusedStackTopActivityLocked(ActivityStackSupervisor.java:2234)
12-09 11:02:59.897  1885  1899 E ActivityManager: 	at com.android.server.am.ActivityStackSupervisor.resumeFocusedStackTopActivityLocked(ActivityStackSupervisor.java:2218)
12-09 11:02:59.897  1885  1899 E ActivityManager: 	at com.android.server.am.ActivityManagerService.handleAppDiedLocked(ActivityManagerService.java:5923)
12-09 11:02:59.897  1885  1899 E ActivityManager: 	at com.android.server.am.ActivityManagerService.removeProcessLocked(ActivityManagerService.java:7501)
12-09 11:02:59.897  1885  1899 E ActivityManager: 	at com.android.server.am.ActivityManagerService.killPackageProcessesLocked(ActivityManagerService.java:7142)
12-09 11:02:59.897  1885  1899 E ActivityManager: 	at com.android.server.am.ActivityManagerService.forceStopPackageLocked(ActivityManagerService.java:7275)
12-09 11:02:59.897  1885  1899 E ActivityManager: 	at com.android.server.am.ActivityManagerService$MainHandler.handleMessage(ActivityManagerService.java:2289)
12-09 11:02:59.897  1885  1899 E ActivityManager: 	at android.os.Handler.dispatchMessage(Handler.java:106)
12-09 11:02:59.897  1885  1899 E ActivityManager: 	at android.os.Looper.loop(Looper.java:193)
12-09 11:02:59.897  1885  1899 E ActivityManager: 	at android.os.HandlerThread.run(HandlerThread.java:65)
12-09 11:02:59.897  1885  1899 E ActivityManager: 	at com.android.server.ServiceThread.run(ServiceThread.java:44)
--------- beginning of main
12-09 11:03:01.439 22296 22296 E droid.apps.doc: Not starting debugger since process cannot load the jdwp agent.
12-09 11:03:02.140 22315 22315 E id.defcontaine: Not starting debugger since process cannot load the jdwp agent.
12-09 11:03:02.461 22338 22338 E d.process.medi: Not starting debugger since process cannot load the jdwp agent.
12-09 11:03:02.736 22357 22357 E ocess.gservice: Not starting debugger since process cannot load the jdwp agent.
12-09 11:03:04.063 22296 22296 E DocsApplication: [main] No default account found during application creation.
12-09 11:03:05.156  1731  6658 E         : Couldn't opendir /data/app/vmdl1026072632.tmp: No such file or directory
12-09 11:03:05.156  1731  6658 E installd: Failed to delete /data/app/vmdl1026072632.tmp: No such file or directory
12-09 11:03:06.185  2378 21262 E ctxmgr  : [ProducerStatusImpl]updateStateForNewContextData: inactive, contextName=7
12-09 11:03:06.738  2378  2378 E BeaconBle: Missing BluetoothAdapter
12-09 11:03:06.800  2378  2378 E BeaconBle: Scan couldn't start for Places
12-09 11:03:08.840 22415 22415 E harlton.mileag: Not starting debugger since process cannot load the jdwp agent.
12-09 11:03:11.113 22437 22437 E hod.latin:trai: Not starting debugger since process cannot load the jdwp agent.
12-09 11:03:11.611  1994  7294 E putmethod.lati: Invalid ID 0x00000001.
12-09 11:03:11.632  1994  7294 E LstmTrainingCache: emn: Can't get resource name for input slot
12-09 11:03:11.632  1994  7294 E LstmTrainingCache: android.content.res.Resources$NotFoundException: Unable to find resource ID #0x1
12-09 11:03:11.632  1994  7294 E LstmTrainingCache: 	at android.content.res.ResourcesImpl.getResourceName(ResourcesImpl.java:255)
12-09 11:03:11.632  1994  7294 E LstmTrainingCache: 	at android.content.res.Resources.getResourceName(Resources.java:1954)
12-09 11:03:11.632  1994  7294 E LstmTrainingCache: 	at emn.a(PG:12)
12-09 11:03:11.632  1994  7294 E LstmTrainingCache: 	at emk.run(PG:5)
12-09 11:03:11.632  1994  7294 E LstmTrainingCache: 	at java.lang.Thread.run(Thread.java:764)
12-09 11:03:14.812  1834  1834 E netmgr  : Failed to open QEMU pipe 'qemud:network': Invalid argument
12-09 11:03:14.813  1834  1834 E netmgr  : WifiForwarder unable to open QEMU pipe: Invalid argument
12-09 11:03:22.556  1739  1762 E storaged: getDiskStats failed with result NOT_SUPPORTED and size 0
12-09 11:03:25.322 22474 22474 E emui:screensho: Not starting debugger since process cannot load the jdwp agent.
12-09 11:03:25.705 22474 22474 E SoundPool: error loading /product/media/audio/ui/camera_click.ogg
12-09 11:03:26.027  1741  1787 E OMXNodeInstance: getConfig(0xe97a6c00:google.vorbis.decoder, ConfigAndroidVendorExtension(0x6f100004)) ERROR: Undefined(0x80001001)
12-09 11:03:28.497 22504 22504 E d.process.medi: Not starting debugger since process cannot load the jdwp agent.
12-09 11:03:28.738 22519 22519 E earchbox:searc: Not starting debugger since process cannot load the jdwp agent.
12-09 11:03:28.935  1994  1994 E native  : clearcut-logger.cc:191 USER_EDIT span#originalSpan is missing
12-09 11:03:30.451 22519 22519 E OverlaySController: Calling with an invalid UID, the interface will not work
12-09 11:03:30.900 22548 22548 E ocess.gservice: Not starting debugger since process cannot load the jdwp agent.
12-09 11:03:31.048 22568 22568 E id.partnersetu: Not starting debugger since process cannot load the jdwp agent.
12-09 11:03:31.156 22584 22584 E e.process.gapp: Not starting debugger since process cannot load the jdwp agent.
12-09 11:03:31.165 22519 22547 E BluetoothAdapter: Bluetooth binder is null
12-09 11:03:39.641 22637 22637 E oid.apps.photo: Not starting debugger since process cannot load the jdwp agent.
12-09 11:03:39.875  2378 21262 E ctxmgr  : [ProducerStatusImpl]updateStateForNewContextData: inactive, contextName=7
12-09 11:03:40.827  2378  2378 E BeaconBle: Missing BluetoothAdapter
12-09 11:03:40.937  2378  2378 E BeaconBle: Scan couldn't start for Places
12-09 11:03:42.429 22519 22519 E ContextIntentStarter: No activity found for any of the 0 intents
12-09 11:04:14.816  1834  1834 E netmgr  : Failed to open QEMU pipe 'qemud:network': Invalid argument
12-09 11:04:14.817  1834  1834 E netmgr  : WifiForwarder unable to open QEMU pipe: Invalid argument
12-09 11:04:22.560  1739  1762 E storaged: getDiskStats failed with result NOT_SUPPORTED and size 0
12-09 11:05:14.825  1834  1834 E netmgr  : Failed to open QEMU pipe 'qemud:network': Invalid argument
12-09 11:05:14.825  1834  1834 E netmgr  : WifiForwarder unable to open QEMU pipe: Invalid argument
12-09 11:05:22.565  1739  1762 E storaged: getDiskStats failed with result NOT_SUPPORTED and size 0
12-09 11:05:25.965 13690 13723 E PlayCommon: [6481] com.google.android.play.b.g.a(448): Failed to connect to server: java.net.UnknownHostException: Unable to resolve host "play.googleapis.com": No address associated with hostname
12-09 11:06:14.828  1834  1834 E netmgr  : Failed to open QEMU pipe 'qemud:network': Invalid argument
12-09 11:06:14.828  1834  1834 E netmgr  : WifiForwarder unable to open QEMU pipe: Invalid argument
12-09 11:06:15.595  1994  1994 E native  : suggestion-transformer.cc:118 suggestion picked candidate not found for id: 3
