--------- beginning of system
12-07 01:36:49.477  1735  1809 E storaged: getDiskStats failed with result NOT_SUPPORTED and size 0
--------- beginning of main
12-07 01:37:29.035  2378 23646 E ctxmgr  : [ProducerStatusImpl]updateStateForNewContextData: inactive, contextName=7
12-07 01:37:29.276  2378  2378 E BeaconBle: Missing BluetoothAdapter
12-07 01:37:29.367  2378  2378 E BeaconBle: Scan couldn't start for Places
12-07 01:37:35.329  2378 23632 E ctxmgr  : [ProducerStatusImpl]updateStateForNewContextData: inactive, contextName=7
12-07 01:37:35.674  2378  2378 E BeaconBle: Scan couldn't start for Places
12-07 01:37:39.845  1829  1829 E netmgr  : Failed to open QEMU pipe 'qemud:network': Invalid argument
12-07 01:37:39.845  1829  1829 E netmgr  : WifiForwarder unable to open QEMU pipe: Invalid argument
12-07 01:37:40.978 23690 23690 E boxed_process3: Not starting debugger since process cannot load the jdwp agent.
12-07 01:37:41.858  1610 23706 E audio_hw_generic: pcm_open(in) failed: cannot open device '/dev/snd/pcmC0D0c': Device or resource busy: channels 2 format 0 rate 16000
12-07 01:37:49.509  1735  1809 E storaged: getDiskStats failed with result NOT_SUPPORTED and size 0
12-07 01:38:00.477  2378 23732 E ctxmgr  : [ProducerStatusImpl]updateStateForNewContextData: inactive, contextName=7
12-07 01:38:00.749  2378  2378 E BeaconBle: Missing BluetoothAdapter
12-07 01:38:00.787  2378  2378 E BeaconBle: Scan couldn't start for Places
12-07 01:38:26.455  2378 23732 E ctxmgr  : [ProducerStatusImpl]updateStateForNewContextData: inactive, contextName=7
12-07 01:38:26.648  2378  2378 E BeaconBle: Missing BluetoothAdapter
12-07 01:38:26.711  2378  2378 E BeaconBle: Scan couldn't start for Places
12-07 01:38:33.162 23776 23776 E boxed_process3: Not starting debugger since process cannot load the jdwp agent.
12-07 01:38:34.597  1610 23796 E audio_hw_generic: pcm_open(in) failed: cannot open device '/dev/snd/pcmC0D0c': Device or resource busy: channels 2 format 0 rate 16000
12-07 01:38:39.850  1829  1829 E netmgr  : Failed to open QEMU pipe 'qemud:network': Invalid argument
12-07 01:38:39.850  1829  1829 E netmgr  : WifiForwarder unable to open QEMU pipe: Invalid argument
12-07 01:38:49.538  1735  1809 E storaged: getDiskStats failed with result NOT_SUPPORTED and size 0
12-07 01:38:50.989 23566 23566 E SpannableStringBuilder: SPAN_EXCLUSIVE_EXCLUSIVE spans cannot have a zero length
12-07 01:38:50.990 23566 23566 E SpannableStringBuilder: SPAN_EXCLUSIVE_EXCLUSIVE spans cannot have a zero length
12-07 01:38:52.473  2768  2935 E MicroDetectionWorker: Stale runnable..ignoring
12-07 01:38:58.470  2768  2768 E ContextIntentStarter: No activity found for any of the 0 intents
12-07 01:39:02.554  1610 23825 E audio_hw_generic: pcm_open(in) failed: cannot open device '/dev/snd/pcmC0D0c': Device or resource busy: channels 2 format 0 rate 16000
12-07 01:39:05.334  2768  2768 E ClientVe: Failed to create ClientVisualElementsProto for user interaction on view com.google.android.apps.gsa.searchbox.ui.suggestions.views.CoreSuggestionView{7fe2dcd VFE...CL. ...P.... 0,583-1038,730 #268} because the view is not tagged for visual element logging.
12-07 01:39:05.792  2768  2768 E ClientVe: Failed to create ClientVisualElementsProto for user interaction on view com.google.android.apps.gsa.searchbox.ui.suggestions.views.CoreSuggestionView{8643193 VFE...CL. ...P.... 0,142-1038,289 #265} because the view is not tagged for visual element logging.
12-07 01:39:06.758  2768  2768 E ClientVe: Failed to create ClientVisualElementsProto for user interaction on view com.google.android.apps.gsa.searchbox.ui.suggestions.views.CoreSuggestionView{7fe2dcd VFE...CL. ...P.... 0,583-1038,730 #268} because the view is not tagged for visual element logging.
12-07 01:39:07.445  2768  2768 E ClientVe: Failed to create ClientVisualElementsProto for user interaction on view com.google.android.apps.gsa.searchbox.ui.suggestions.views.CoreSuggestionView{2bc2682 VFE...CL. ...P.... 0,-5-1038,142 #264} because the view is not tagged for visual element logging.
12-07 01:39:08.677  2768  2768 E ClientVe: Failed to create ClientVisualElementsProto for user interaction on view com.google.android.apps.gsa.searchbox.ui.suggestions.views.CoreSuggestionView{7fe2dcd VFE...CL. ...P.... 0,583-1038,730 #268} because the view is not tagged for visual element logging.
12-07 01:39:09.528  1992  1992 E native  : clearcut-logger.cc:191 USER_EDIT span#originalSpan is missing
12-07 01:39:09.963  2768  2768 E ClientVe: Failed to create ClientVisualElementsProto for user interaction on view com.google.android.apps.gsa.searchbox.ui.suggestions.views.CoreSuggestionView{2bc2682 VFE...CL. ...P.... 0,-5-1038,142 #264} because the view is not tagged for visual element logging.
12-07 01:39:10.173  2768  2768 E ClientVe: Failed to create ClientVisualElementsProto for user interaction on view com.google.android.apps.gsa.searchbox.ui.suggestions.views.CoreSuggestionView{fccd9c9 VFE...CL. ...P.... 0,436-1038,583 #267} because the view is not tagged for visual element logging.
12-07 01:39:10.902  2768  2768 E ClientVe: Failed to create ClientVisualElementsProto for user interaction on view com.google.android.apps.gsa.searchbox.ui.suggestions.views.CoreSuggestionView{fccd9c9 VFE...CL. ...P.... 0,436-1038,583 #267} because the view is not tagged for visual element logging.
12-07 01:39:18.212  1629  1629 E lowmemorykiller: Error opening /proc/20121/oom_score_adj; errno=2
12-07 01:39:18.611  1992  9017 E putmethod.lati: Invalid ID 0x00000004.
12-07 01:39:18.657  1992  9017 E LstmTrainingCache: emn: Can't get resource name for input slot
12-07 01:39:18.657  1992  9017 E LstmTrainingCache: android.content.res.Resources$NotFoundException: Unable to find resource ID #0x4
12-07 01:39:18.657  1992  9017 E LstmTrainingCache: 	at android.content.res.ResourcesImpl.getResourceName(ResourcesImpl.java:255)
12-07 01:39:18.657  1992  9017 E LstmTrainingCache: 	at android.content.res.Resources.getResourceName(Resources.java:1954)
12-07 01:39:18.657  1992  9017 E LstmTrainingCache: 	at emn.a(PG:12)
12-07 01:39:18.657  1992  9017 E LstmTrainingCache: 	at emk.run(PG:5)
12-07 01:39:18.657  1992  9017 E LstmTrainingCache: 	at java.lang.Thread.run(Thread.java:764)
12-07 01:39:21.556  2378 23841 E ctxmgr  : [ProducerStatusImpl]updateStateForNewContextData: inactive, contextName=7
12-07 01:39:21.692  2378 23841 E ctxmgr  : [ProducerStatusImpl]updateStateForNewContextData: inactive, contextName=1
12-07 01:39:21.692  2378 23841 E ctxmgr  : [ProducerStatusImpl]updateStateForNewContextData: inactive, contextName=1
12-07 01:39:22.591  2378  2378 E BeaconBle: Scan couldn't start for Places
12-07 01:39:24.282  1880  1895 E memtrack: Couldn't load memtrack module
12-07 01:39:24.469  1880  1895 E memtrack: Couldn't load memtrack module
12-07 01:39:26.504  1610 23853 E audio_hw_generic: pcm_open(in) failed: cannot open device '/dev/snd/pcmC0D0c': Device or resource busy: channels 2 format 0 rate 16000
12-07 01:39:31.191  1992  9017 E putmethod.lati: Invalid ID 0x00000004.
12-07 01:39:31.193  1992  9017 E LstmTrainingCache: emn: Can't get resource name for input slot
12-07 01:39:31.193  1992  9017 E LstmTrainingCache: android.content.res.Resources$NotFoundException: Unable to find resource ID #0x4
12-07 01:39:31.193  1992  9017 E LstmTrainingCache: 	at android.content.res.ResourcesImpl.getResourceName(ResourcesImpl.java:255)
12-07 01:39:31.193  1992  9017 E LstmTrainingCache: 	at android.content.res.Resources.getResourceName(Resources.java:1954)
12-07 01:39:31.193  1992  9017 E LstmTrainingCache: 	at emn.a(PG:12)
12-07 01:39:31.193  1992  9017 E LstmTrainingCache: 	at emk.run(PG:5)
12-07 01:39:31.193  1992  9017 E LstmTrainingCache: 	at java.lang.Thread.run(Thread.java:764)
12-07 01:39:33.218  1880  1899 E libprocessgroup: Error encountered killing process cgroup uid 99074 pid 23776: No such file or directory
12-07 01:39:39.853  1829  1829 E netmgr  : Failed to open QEMU pipe 'qemud:network': Invalid argument
12-07 01:39:39.854  1829  1829 E netmgr  : WifiForwarder unable to open QEMU pipe: Invalid argument
