--------- beginning of main
--------- beginning of system
12-09 06:44:23.800  1739  1762 E storaged: getDiskStats failed with result NOT_SUPPORTED and size 0
12-09 06:44:24.343  1885  1957 E InputDispatcher: channel '2485c45 com.evancharlton.mileage/com.evancharlton.mileage.FieldListActivity (server)' ~ Channel is unrecoverably broken and will be disposed!
12-09 06:44:24.343  1885  1957 E InputDispatcher: channel '1b3aa58 com.evancharlton.mileage/com.evancharlton.mileage.Mileage (server)' ~ Channel is unrecoverably broken and will be disposed!
12-09 06:44:24.376  1885  1899 E ActivityManager: Failure starting process com.evancharlton.mileage
12-09 06:44:24.376  1885  1899 E ActivityManager: java.lang.SecurityException: Package com.evancharlton.mileage is currently frozen!
12-09 06:44:24.376  1885  1899 E ActivityManager: 	at com.android.server.pm.PackageManagerService.checkPackageStartable(PackageManagerService.java:4000)
12-09 06:44:24.376  1885  1899 E ActivityManager: 	at com.android.server.am.ActivityManagerService.startProcessLocked(ActivityManagerService.java:4234)
12-09 06:44:24.376  1885  1899 E ActivityManager: 	at com.android.server.am.ActivityManagerService.startProcessLocked(ActivityManagerService.java:4199)
12-09 06:44:24.376  1885  1899 E ActivityManager: 	at com.android.server.am.ActivityManagerService.startProcessLocked(ActivityManagerService.java:4181)
12-09 06:44:24.376  1885  1899 E ActivityManager: 	at com.android.server.am.ActivityManagerService.startProcessLocked(ActivityManagerService.java:4067)
12-09 06:44:24.376  1885  1899 E ActivityManager: 	at com.android.server.am.ActivityStackSupervisor.startSpecificActivityLocked(ActivityStackSupervisor.java:1715)
12-09 06:44:24.376  1885  1899 E ActivityManager: 	at com.android.server.am.ActivityStack.resumeTopActivityInnerLocked(ActivityStack.java:2764)
12-09 06:44:24.376  1885  1899 E ActivityManager: 	at com.android.server.am.ActivityStack.resumeTopActivityUncheckedLocked(ActivityStack.java:2302)
12-09 06:44:24.376  1885  1899 E ActivityManager: 	at com.android.server.am.ActivityStackSupervisor.resumeFocusedStackTopActivityLocked(ActivityStackSupervisor.java:2234)
12-09 06:44:24.376  1885  1899 E ActivityManager: 	at com.android.server.am.ActivityStackSupervisor.resumeFocusedStackTopActivityLocked(ActivityStackSupervisor.java:2218)
12-09 06:44:24.376  1885  1899 E ActivityManager: 	at com.android.server.am.ActivityManagerService.handleAppDiedLocked(ActivityManagerService.java:5923)
12-09 06:44:24.376  1885  1899 E ActivityManager: 	at com.android.server.am.ActivityManagerService.removeProcessLocked(ActivityManagerService.java:7501)
12-09 06:44:24.376  1885  1899 E ActivityManager: 	at com.android.server.am.ActivityManagerService.killPackageProcessesLocked(ActivityManagerService.java:7142)
12-09 06:44:24.376  1885  1899 E ActivityManager: 	at com.android.server.am.ActivityManagerService.forceStopPackageLocked(ActivityManagerService.java:7275)
12-09 06:44:24.376  1885  1899 E ActivityManager: 	at com.android.server.am.ActivityManagerService$MainHandler.handleMessage(ActivityManagerService.java:2289)
12-09 06:44:24.376  1885  1899 E ActivityManager: 	at android.os.Handler.dispatchMessage(Handler.java:106)
12-09 06:44:24.376  1885  1899 E ActivityManager: 	at android.os.Looper.loop(Looper.java:193)
12-09 06:44:24.376  1885  1899 E ActivityManager: 	at android.os.HandlerThread.run(HandlerThread.java:65)
12-09 06:44:24.376  1885  1899 E ActivityManager: 	at com.android.server.ServiceThread.run(ServiceThread.java:44)
12-09 06:44:25.628  1013  1013 E droid.apps.doc: Not starting debugger since process cannot load the jdwp agent.
12-09 06:44:25.928  2378 32374 E ctxmgr  : [ProducerStatusImpl]updateStateForNewContextData: inactive, contextName=7
12-09 06:44:26.147  2378  2378 E BeaconBle: Scan couldn't start for Places
12-09 06:44:26.826  1048  1048 E ocess.gservice: Not starting debugger since process cannot load the jdwp agent.
12-09 06:44:27.827  1013  1013 E DocsApplication: [main] No default account found during application creation.
12-09 06:44:28.472  1731  6658 E         : Couldn't opendir /data/app/vmdl1940282197.tmp: No such file or directory
12-09 06:44:28.472  1731  6658 E installd: Failed to delete /data/app/vmdl1940282197.tmp: No such file or directory
12-09 06:44:30.358  1102  1102 E harlton.mileag: Not starting debugger since process cannot load the jdwp agent.
12-09 06:44:40.556  1885  1898 E memtrack: Couldn't load memtrack module
12-09 06:44:46.698  1885  1898 E memtrack: Couldn't load memtrack module
12-09 06:44:46.914  1885  1898 E memtrack: Couldn't load memtrack module
12-09 06:44:48.118  2378 32374 E ctxmgr  : [ProducerStatusImpl]updateStateForNewContextData: inactive, contextName=7
12-09 06:44:48.356  2378  2378 E BeaconBle: Missing BluetoothAdapter
12-09 06:44:48.400  2378  2378 E BeaconBle: Scan couldn't start for Places
12-09 06:44:49.468 23668 23668 E ContextIntentStarter: No activity found for any of the 0 intents
12-09 06:44:49.732  1629  1629 E android.hardware.wifi@1.0-service: Failed to register radio mode change callback
12-09 06:44:49.735  1629  1629 E android.hardware.wifi@1.0-service: Failed to set DFS flag; DFS channels may be unavailable.
12-09 06:44:49.773  1740  1740 E wificond: No Offload Service available
12-09 06:44:49.774  1885  1969 E SupplicantStaIfaceHal: Can't call setupIface, ISupplicantStaIface is null
12-09 06:44:50.045  1885  1970 E WifiVendorHal: getBgScanCapabilities(l.671) failed {.code = ERROR_NOT_SUPPORTED, .description = }
12-09 06:44:50.116  1885  1971 E WifiP2pService: Unhandled message { when=0 what=131203 target=com.android.internal.util.StateMachine$SmHandler }
12-09 06:44:50.138  1885  1971 E WifiP2pService: Unhandled message { when=-1ms what=131203 target=com.android.internal.util.StateMachine$SmHandler }
12-09 06:44:50.164  1885  1903 E BatteryExternalStatsWorker: no controller energy info supplied for wifi
12-09 06:44:50.207  1885  1903 E BatteryExternalStatsWorker: no controller energy info supplied for wifi
12-09 06:44:50.358  1156  1156 E wpa_supplicant: nl80211: Failed to open /proc/sys/net/ipv4/conf/p2p-dev-wlan0/drop_unicast_in_l2_multicast: No such file or directory
12-09 06:44:50.358  1156  1156 E wpa_supplicant: nl80211: Failed to set IPv4 unicast in multicast filter
12-09 06:44:50.359  1156  1156 E wpa_supplicant: nl80211: Failed to open /proc/sys/net/ipv4/conf/p2p-dev-wlan0/drop_unicast_in_l2_multicast: No such file or directory
12-09 06:44:50.359  1156  1156 E wpa_supplicant: nl80211: Failed to set IPv4 unicast in multicast filter
12-09 06:44:50.427  1156  1156 E wpa_supplicant: nl80211: Failed to open /proc/sys/net/ipv4/conf/wlan0/drop_unicast_in_l2_multicast: No such file or directory
12-09 06:44:50.427  1156  1156 E wpa_supplicant: nl80211: Failed to set IPv4 unicast in multicast filter
12-09 06:44:50.527  1156  1156 E wpa_supplicant: nl80211: Failed to open /proc/sys/net/ipv4/conf/wlan0/drop_unicast_in_l2_multicast: No such file or directory
12-09 06:44:50.527  1156  1156 E wpa_supplicant: nl80211: Failed to set IPv4 unicast in multicast filter
12-09 06:44:50.795  1629  1629 E android.hardware.wifi@1.0-service: Failed to open directory: Permission denied
12-09 06:44:50.795  1629  1629 E android.hardware.wifi@1.0-service: Error occurred while deleting old tombstone files
12-09 06:44:50.795  1629  1629 E android.hardware.wifi@1.0-service: Error writing files to flash
12-09 06:44:51.024  1885  1969 E SupplicantStaIfaceHal: Can't call setPowerSave, ISupplicantStaIface is null
12-09 06:44:51.024  1885  1969 E SupplicantStaIfaceHal: Can't call setBtCoexistenceMode, ISupplicantStaIface is null
12-09 06:44:51.029  1885  1969 E HalDevMgr: Should have at least 1 chip!
12-09 06:44:51.029  1885  1969 E HalDevMgr: dispatchAvailableForRequestListeners: no chip info found
12-09 06:44:51.037  1885  1969 E SupplicantStaIfaceHal: Can't call listNetworks, ISupplicantStaIface is null
12-09 06:44:51.037  1885  1969 E SupplicantStaIfaceHal: removeAllNetworks failed, got null networks
12-09 06:44:51.037  1885  1969 E WifiStateMachine: Failed to remove networks on exiting connect mode
12-09 06:44:51.038  1885  1971 E WifiP2pService: Unhandled message { when=0 what=131204 target=com.android.internal.util.StateMachine$SmHandler }
12-09 06:44:51.084  1885  1970 E WificondControl: No valid wificond scanner interface handler
12-09 06:44:51.085  1885  1903 E BatteryExternalStatsWorker: no controller energy info supplied for wifi
12-09 06:44:51.131  1885  1903 E BatteryExternalStatsWorker: no controller energy info supplied for wifi
12-09 06:44:52.764  1885  1969 E WifiScanRequestProxy: Scan failure received. reason: -1,description: not available
12-09 06:45:05.155  1885  1970 E WificondScannerImpl: Timed out waiting for scan result from wificond
12-09 06:45:07.160  1885  1898 E memtrack: Couldn't load memtrack module
12-09 06:45:07.273  1885  1898 E memtrack: Couldn't load memtrack module
