--------- beginning of system
12-07 20:34:03.502  1883  1897 E ActivityManager: Failure starting process com.evancharlton.mileage
12-07 20:34:03.502  1883  1897 E ActivityManager: java.lang.SecurityException: Package com.evancharlton.mileage is currently frozen!
12-07 20:34:03.502  1883  1897 E ActivityManager: 	at com.android.server.pm.PackageManagerService.checkPackageStartable(PackageManagerService.java:4000)
12-07 20:34:03.502  1883  1897 E ActivityManager: 	at com.android.server.am.ActivityManagerService.startProcessLocked(ActivityManagerService.java:4234)
12-07 20:34:03.502  1883  1897 E ActivityManager: 	at com.android.server.am.ActivityManagerService.startProcessLocked(ActivityManagerService.java:4199)
12-07 20:34:03.502  1883  1897 E ActivityManager: 	at com.android.server.am.ActivityManagerService.startProcessLocked(ActivityManagerService.java:4181)
12-07 20:34:03.502  1883  1897 E ActivityManager: 	at com.android.server.am.ActivityManagerService.startProcessLocked(ActivityManagerService.java:4067)
12-07 20:34:03.502  1883  1897 E ActivityManager: 	at com.android.server.am.ActivityStackSupervisor.startSpecificActivityLocked(ActivityStackSupervisor.java:1715)
12-07 20:34:03.502  1883  1897 E ActivityManager: 	at com.android.server.am.ActivityStack.resumeTopActivityInnerLocked(ActivityStack.java:2764)
12-07 20:34:03.502  1883  1897 E ActivityManager: 	at com.android.server.am.ActivityStack.resumeTopActivityUncheckedLocked(ActivityStack.java:2302)
12-07 20:34:03.502  1883  1897 E ActivityManager: 	at com.android.server.am.ActivityStackSupervisor.resumeFocusedStackTopActivityLocked(ActivityStackSupervisor.java:2234)
12-07 20:34:03.502  1883  1897 E ActivityManager: 	at com.android.server.am.ActivityStackSupervisor.resumeFocusedStackTopActivityLocked(ActivityStackSupervisor.java:2218)
12-07 20:34:03.502  1883  1897 E ActivityManager: 	at com.android.server.am.ActivityManagerService.handleAppDiedLocked(ActivityManagerService.java:5923)
12-07 20:34:03.502  1883  1897 E ActivityManager: 	at com.android.server.am.ActivityManagerService.removeProcessLocked(ActivityManagerService.java:7501)
12-07 20:34:03.502  1883  1897 E ActivityManager: 	at com.android.server.am.ActivityManagerService.killPackageProcessesLocked(ActivityManagerService.java:7142)
12-07 20:34:03.502  1883  1897 E ActivityManager: 	at com.android.server.am.ActivityManagerService.forceStopPackageLocked(ActivityManagerService.java:7275)
12-07 20:34:03.502  1883  1897 E ActivityManager: 	at com.android.server.am.ActivityManagerService$MainHandler.handleMessage(ActivityManagerService.java:2289)
12-07 20:34:03.502  1883  1897 E ActivityManager: 	at android.os.Handler.dispatchMessage(Handler.java:106)
12-07 20:34:03.502  1883  1897 E ActivityManager: 	at android.os.Looper.loop(Looper.java:193)
12-07 20:34:03.502  1883  1897 E ActivityManager: 	at android.os.HandlerThread.run(HandlerThread.java:65)
12-07 20:34:03.502  1883  1897 E ActivityManager: 	at com.android.server.ServiceThread.run(ServiceThread.java:44)
12-07 20:34:41.929  1737  1809 E storaged: getDiskStats failed with result NOT_SUPPORTED and size 0
12-07 20:35:42.435  1737  1809 E storaged: getDiskStats failed with result NOT_SUPPORTED and size 0
12-07 20:36:24.712 13523 13544 E ActivityThread: Failed to find provider info for com.google.android.as.allapps.actionsettingprovider
12-07 20:36:24.754 13523 13523 E SchedPolicy: set_timerslack_ns write failed: Operation not permitted
12-07 20:36:27.158 13523 13523 E SchedPolicy: set_timerslack_ns write failed: Operation not permitted
12-07 20:36:31.542 13523 13523 E SchedPolicy: set_timerslack_ns write failed: Operation not permitted
12-07 20:36:43.005  1737  1809 E storaged: getDiskStats failed with result NOT_SUPPORTED and size 0
12-07 20:37:44.223  1737  1809 E storaged: getDiskStats failed with result NOT_SUPPORTED and size 0
12-07 20:38:44.940  1737  1809 E storaged: getDiskStats failed with result NOT_SUPPORTED and size 0
12-07 20:39:12.931 13523 13523 E SchedPolicy: set_timerslack_ns write failed: Operation not permitted
12-07 20:39:21.920 13523 13523 E SchedPolicy: set_timerslack_ns write failed: Operation not permitted
12-07 20:39:24.700 13523 13523 E SchedPolicy: set_timerslack_ns write failed: Operation not permitted
12-07 20:39:26.903 13523 13523 E SchedPolicy: set_timerslack_ns write failed: Operation not permitted
12-07 20:39:34.373 13523 13523 E SchedPolicy: set_timerslack_ns write failed: Operation not permitted
12-07 20:39:34.452 13523 13523 E SchedPolicy: set_timerslack_ns write failed: Operation not permitted
12-07 20:39:45.787  1737  1809 E storaged: getDiskStats failed with result NOT_SUPPORTED and size 0
12-07 20:40:46.684  1737  1809 E storaged: getDiskStats failed with result NOT_SUPPORTED and size 0
--------- beginning of main
12-07 20:41:47.649  1737  1809 E storaged: getDiskStats failed with result NOT_SUPPORTED and size 0
12-07 20:41:56.934  1829  1829 E netmgr  : Failed to open QEMU pipe 'qemud:network': Invalid argument
12-07 20:41:56.935  1829  1829 E netmgr  : WifiForwarder unable to open QEMU pipe: Invalid argument
12-07 20:41:59.606  2420 13885 E ctxmgr  : [ProducerStatusImpl]updateStateForNewContextData: inactive, contextName=7
12-07 20:41:59.743  2420 13885 E ctxmgr  : [ProducerStatusImpl]updateStateForNewContextData: inactive, contextName=1
12-07 20:41:59.750  2420 13885 E ctxmgr  : [ProducerStatusImpl]updateStateForNewContextData: inactive, contextName=1
12-07 20:42:02.036  2420  2420 E BeaconBle: Missing BluetoothAdapter
12-07 20:42:02.145  2420  2420 E BeaconBle: Scan couldn't start for Places
12-07 20:42:16.526 13993 13993 E boxed_process1: Not starting debugger since process cannot load the jdwp agent.
12-07 20:42:35.344 13523 13523 E SchedPolicy: set_timerslack_ns write failed: Operation not permitted
12-07 20:42:35.465 13523 13523 E SchedPolicy: set_timerslack_ns write failed: Operation not permitted
12-07 20:42:49.345  1737  1809 E storaged: getDiskStats failed with result NOT_SUPPORTED and size 0
12-07 20:42:56.992  1829  1829 E netmgr  : Failed to open QEMU pipe 'qemud:network': Invalid argument
12-07 20:42:56.993  1829  1829 E netmgr  : WifiForwarder unable to open QEMU pipe: Invalid argument
12-07 20:43:08.728  2420 13981 E ctxmgr  : [ProducerStatusImpl]updateStateForNewContextData: inactive, contextName=7
12-07 20:43:11.138  2420  2420 E BeaconBle: Missing BluetoothAdapter
12-07 20:43:11.219  2420  2420 E BeaconBle: Scan couldn't start for Places
12-07 20:43:20.649 14042 14042 E boxed_process1: Not starting debugger since process cannot load the jdwp agent.
12-07 20:43:51.013  1737  1809 E storaged: getDiskStats failed with result NOT_SUPPORTED and size 0
12-07 20:43:58.280  1829  1829 E netmgr  : Failed to open QEMU pipe 'qemud:network': Invalid argument
12-07 20:43:58.283  1829  1829 E netmgr  : WifiForwarder unable to open QEMU pipe: Invalid argument
12-07 20:44:23.853  2420 14079 E ctxmgr  : [ProducerStatusImpl]updateStateForNewContextData: inactive, contextName=7
12-07 20:44:26.406  2420  2420 E BeaconBle: Missing BluetoothAdapter
12-07 20:44:26.471  2420  2420 E BeaconBle: Scan couldn't start for Places
12-07 20:44:31.433 14091 14091 E boxed_process1: Not starting debugger since process cannot load the jdwp agent.
12-07 20:44:33.642  1613 14112 E audio_hw_generic: pcm_open(in) failed: cannot open device '/dev/snd/pcmC0D0c': Device or resource busy: channels 2 format 0 rate 16000
12-07 20:44:38.070  1990  1990 E native  : suggestion-transformer.cc:118 suggestion picked candidate not found for id: 2
12-07 20:44:52.189  1737  1809 E storaged: getDiskStats failed with result NOT_SUPPORTED and size 0
12-07 20:44:59.468  1829  1829 E netmgr  : Failed to open QEMU pipe 'qemud:network': Invalid argument
12-07 20:44:59.468  1829  1829 E netmgr  : WifiForwarder unable to open QEMU pipe: Invalid argument
12-07 20:45:06.472  2561  2771 E PlayCommon: [113] com.google.android.play.b.g.a(448): Failed to connect to server: java.net.UnknownHostException: Unable to resolve host "play.googleapis.com": No address associated with hostname
12-07 20:45:52.672  1737  1809 E storaged: getDiskStats failed with result NOT_SUPPORTED and size 0
