--------- beginning of main
--------- beginning of system
12-07 18:26:13.961  1729  2328 E         : Couldn't opendir /data/app/vmdl1544882138.tmp: No such file or directory
12-07 18:26:13.961  1729  2328 E installd: Failed to delete /data/app/vmdl1544882138.tmp: No such file or directory
12-07 18:26:17.641 11319 11319 E harlton.mileag: Not starting debugger since process cannot load the jdwp agent.
12-07 18:26:19.387 16085 24146 E putmethod.lati: Invalid ID 0x00000001.
12-07 18:26:19.391 16085 24146 E LstmTrainingCache: emn: Can't get resource name for input slot
12-07 18:26:19.391 16085 24146 E LstmTrainingCache: android.content.res.Resources$NotFoundException: Unable to find resource ID #0x1
12-07 18:26:19.391 16085 24146 E LstmTrainingCache: 	at android.content.res.ResourcesImpl.getResourceName(ResourcesImpl.java:255)
12-07 18:26:19.391 16085 24146 E LstmTrainingCache: 	at android.content.res.Resources.getResourceName(Resources.java:1954)
12-07 18:26:19.391 16085 24146 E LstmTrainingCache: 	at emn.a(PG:12)
12-07 18:26:19.391 16085 24146 E LstmTrainingCache: 	at emk.run(PG:5)
12-07 18:26:19.391 16085 24146 E LstmTrainingCache: 	at java.lang.Thread.run(Thread.java:764)
12-07 18:26:23.126 16506 11226 E ctxmgr  : [AppIntervalImpl]closeInterval: stopTimeMillis invalid, stop=1544225183126, start=1544238227857
12-07 18:26:23.131 16506 11226 E ctxmgr  : [AppIntervalImpl]closeInterval: stopTimeMillis invalid, stop=1544225183131, start=1544238227858
12-07 18:26:23.884 16085 24146 E putmethod.lati: Invalid ID 0x00000001.
12-07 18:26:23.897 16085 24146 E LstmTrainingCache: emn: Can't get resource name for input slot
12-07 18:26:23.897 16085 24146 E LstmTrainingCache: android.content.res.Resources$NotFoundException: Unable to find resource ID #0x1
12-07 18:26:23.897 16085 24146 E LstmTrainingCache: 	at android.content.res.ResourcesImpl.getResourceName(ResourcesImpl.java:255)
12-07 18:26:23.897 16085 24146 E LstmTrainingCache: 	at android.content.res.Resources.getResourceName(Resources.java:1954)
12-07 18:26:23.897 16085 24146 E LstmTrainingCache: 	at emn.a(PG:12)
12-07 18:26:23.897 16085 24146 E LstmTrainingCache: 	at emk.run(PG:5)
12-07 18:26:23.897 16085 24146 E LstmTrainingCache: 	at java.lang.Thread.run(Thread.java:764)
12-07 18:26:26.445 16410 10857 E SQLiteCastStore: Skip saving CastDeviceInfo: "Nearby device" (__cast_nearby___V_3a385b81-0c51-4399-956b-a30a409aba9a)
12-07 18:26:27.706 16085 24146 E putmethod.lati: Invalid ID 0x00000001.
12-07 18:26:27.709 16085 24146 E LstmTrainingCache: emn: Can't get resource name for input slot
12-07 18:26:27.709 16085 24146 E LstmTrainingCache: android.content.res.Resources$NotFoundException: Unable to find resource ID #0x1
12-07 18:26:27.709 16085 24146 E LstmTrainingCache: 	at android.content.res.ResourcesImpl.getResourceName(ResourcesImpl.java:255)
12-07 18:26:27.709 16085 24146 E LstmTrainingCache: 	at android.content.res.Resources.getResourceName(Resources.java:1954)
12-07 18:26:27.709 16085 24146 E LstmTrainingCache: 	at emn.a(PG:12)
12-07 18:26:27.709 16085 24146 E LstmTrainingCache: 	at emk.run(PG:5)
12-07 18:26:27.709 16085 24146 E LstmTrainingCache: 	at java.lang.Thread.run(Thread.java:764)
12-07 18:26:29.252  1737  1809 E storaged: getDiskStats failed with result NOT_SUPPORTED and size 0
12-07 18:26:32.271 16506 17111 E PlaceInferenceEngine: Position timestamp out of order. Previous: 1544243124000, Current: 1544225183290. Skipping this Position.
12-07 18:26:32.288 16506 16506 E BeaconBle: Missing BluetoothAdapter
12-07 18:26:32.341 16506 16506 E BeaconBle: Scan couldn't start for Places
12-07 18:26:52.840 15976 17775 E WindowManager: Performed 6 layouts in a row. Skipping
12-07 18:26:52.859 15976 16026 E WindowManager: Performed 6 layouts in a row. Skipping
12-07 18:26:52.923 15976 16026 E WindowManager: Performed 6 layouts in a row. Skipping
12-07 18:26:53.000 15976 16026 E WindowManager: Performed 6 layouts in a row. Skipping
12-07 18:26:53.024 15976 15991 E WindowManager: Performed 6 layouts in a row. Skipping
12-07 18:26:53.104 15976 16026 E WindowManager: Performed 6 layouts in a row. Skipping
12-07 18:26:53.178 15976 16026 E WindowManager: Performed 6 layouts in a row. Skipping
12-07 18:26:53.214 15976 16026 E WindowManager: Performed 6 layouts in a row. Skipping
12-07 18:26:53.235 15976 16893 E WindowManager: Performed 6 layouts in a row. Skipping
12-07 18:26:53.278 15976 16026 E WindowManager: Performed 6 layouts in a row. Skipping
12-07 18:26:53.322 15976 16026 E WindowManager: Performed 6 layouts in a row. Skipping
12-07 18:26:53.356 15976 16026 E WindowManager: Performed 6 layouts in a row. Skipping
12-07 18:26:53.423 15976 16026 E WindowManager: Performed 6 layouts in a row. Skipping
12-07 18:26:53.453 15976 16026 E WindowManager: Performed 6 layouts in a row. Skipping
12-07 18:26:55.884 16561 16561 E ContextIntentStarter: No activity found for any of the 0 intents
12-07 18:26:56.436 10603 10603 E wpa_supplicant: nl80211: Failed to open /proc/sys/net/ipv4/conf/p2p-dev-wlan0/drop_unicast_in_l2_multicast: No such file or directory
12-07 18:26:56.436 10603 10603 E wpa_supplicant: nl80211: Failed to set IPv4 unicast in multicast filter
12-07 18:26:56.449 10603 10603 E wpa_supplicant: nl80211: Failed to open /proc/sys/net/ipv4/conf/p2p-dev-wlan0/drop_unicast_in_l2_multicast: No such file or directory
12-07 18:26:56.449 10603 10603 E wpa_supplicant: nl80211: Failed to set IPv4 unicast in multicast filter
12-07 18:26:56.592 10603 10603 E wpa_supplicant: nl80211: Failed to open /proc/sys/net/ipv4/conf/wlan0/drop_unicast_in_l2_multicast: No such file or directory
12-07 18:26:56.593 10603 10603 E wpa_supplicant: nl80211: Failed to set IPv4 unicast in multicast filter
12-07 18:26:56.593 10603 10603 E wpa_supplicant: nl80211: Failed to open /proc/sys/net/ipv4/conf/wlan0/drop_unicast_in_l2_multicast: No such file or directory
12-07 18:26:56.593 10603 10603 E wpa_supplicant: nl80211: Failed to set IPv4 unicast in multicast filter
12-07 18:26:56.682 11399 11399 E rrierdefaultap: Not starting debugger since process cannot load the jdwp agent.
12-07 18:26:56.689 10603 10603 E wpa_supplicant: nl80211: Failed to open /proc/sys/net/ipv4/conf/wlan0/drop_unicast_in_l2_multicast: No such file or directory
12-07 18:26:56.689 10603 10603 E wpa_supplicant: nl80211: Failed to set IPv4 unicast in multicast filter
12-07 18:26:56.879  1628  1628 E android.hardware.wifi@1.0-service: Failed to open directory: Permission denied
12-07 18:26:56.879  1628  1628 E android.hardware.wifi@1.0-service: Error occurred while deleting old tombstone files
12-07 18:26:56.879  1628  1628 E android.hardware.wifi@1.0-service: Error writing files to flash
12-07 18:26:57.198 15976 16055 E WifiP2pService: Unhandled message { when=-1ms what=131204 target=com.android.internal.util.StateMachine$SmHandler }
12-07 18:26:57.250 15976 15994 E BatteryExternalStatsWorker: no controller energy info supplied for wifi
12-07 18:26:57.266 15976 15994 E BatteryExternalStatsWorker: no controller energy info supplied for wifi
12-07 18:26:57.455 16506 10756 E WakeLock: GCM_HB_ALARM release without a matched acquire!
12-07 18:26:57.492 16506 10756 E WakeLock: GCM_CONN_ALARM release without a matched acquire!
12-07 18:27:05.802 15927 11420 E audio_hw_generic: pcm_open(in) failed: cannot open device '/dev/snd/pcmC0D0c': Device or resource busy: channels 2 format 0 rate 16000
12-07 18:27:07.082  1829  1829 E netmgr  : Failed to open QEMU pipe 'qemud:network': Invalid argument
12-07 18:27:07.083  1829  1829 E netmgr  : WifiForwarder unable to open QEMU pipe: Invalid argument
12-07 18:27:29.269  1737  1809 E storaged: getDiskStats failed with result NOT_SUPPORTED and size 0
12-07 18:28:07.086  1829  1829 E netmgr  : Failed to open QEMU pipe 'qemud:network': Invalid argument
12-07 18:28:07.087  1829  1829 E netmgr  : WifiForwarder unable to open QEMU pipe: Invalid argument
12-07 18:28:29.272  1737  1809 E storaged: getDiskStats failed with result NOT_SUPPORTED and size 0
12-07 18:29:05.022 16085 16085 E native  : suggestion-transformer.cc:118 suggestion picked candidate not found for id: 3
12-07 18:29:05.194 16085 16085 E native  : clearcut-logger.cc:191 USER_EDIT span#originalSpan is missing
12-07 18:29:05.467 15976 18809 E WindowManager: Performed 6 layouts in a row. Skipping
12-07 18:29:05.491 15976 16026 E WindowManager: Performed 6 layouts in a row. Skipping
12-07 18:29:05.532 15976 16026 E WindowManager: Performed 6 layouts in a row. Skipping
12-07 18:29:05.567 15976 16026 E WindowManager: Performed 6 layouts in a row. Skipping
12-07 18:29:05.601 15976 15991 E WindowManager: Performed 6 layouts in a row. Skipping
12-07 18:29:05.634 15976 16026 E WindowManager: Performed 6 layouts in a row. Skipping
12-07 18:29:05.674 15976 16026 E WindowManager: Performed 6 layouts in a row. Skipping
12-07 18:29:05.742 15976 16026 E WindowManager: Performed 6 layouts in a row. Skipping
12-07 18:29:05.776 15976 19156 E WindowManager: Performed 6 layouts in a row. Skipping
12-07 18:29:05.808 15976 16026 E WindowManager: Performed 6 layouts in a row. Skipping
12-07 18:29:05.919 15976 16026 E WindowManager: Performed 6 layouts in a row. Skipping
12-07 18:29:05.951 15976 16026 E WindowManager: Performed 6 layouts in a row. Skipping
12-07 18:29:06.003 15976 16026 E WindowManager: Performed 6 layouts in a row. Skipping
12-07 18:29:06.033 15976 16026 E WindowManager: Performed 6 layouts in a row. Skipping
12-07 18:29:07.089  1829  1829 E netmgr  : Failed to open QEMU pipe 'qemud:network': Invalid argument
12-07 18:29:07.090  1829  1829 E netmgr  : WifiForwarder unable to open QEMU pipe: Invalid argument
