--------- beginning of main
--------- beginning of system
12-07 16:44:46.093 16085 16085 E LatinMotionEventHandler: com.google.android.apps.inputmethod.libs.latin5.handler.LatinMotionEventHandler: Failed to find view of the target key
12-07 16:44:47.870 15976 16042 E InputDispatcher: channel '21eff60 com.evancharlton.mileage/com.evancharlton.mileage.FieldListActivity (server)' ~ Channel is unrecoverably broken and will be disposed!
12-07 16:44:47.870 15976 16042 E InputDispatcher: channel '3fb60a3 com.evancharlton.mileage/com.evancharlton.mileage.Mileage (server)' ~ Channel is unrecoverably broken and will be disposed!
12-07 16:44:47.944 15976 15990 E ActivityManager: Failure starting process com.evancharlton.mileage
12-07 16:44:47.944 15976 15990 E ActivityManager: java.lang.SecurityException: Package com.evancharlton.mileage was not found!
12-07 16:44:47.944 15976 15990 E ActivityManager: 	at com.android.server.pm.PackageManagerService.checkPackageStartable(PackageManagerService.java:3987)
12-07 16:44:47.944 15976 15990 E ActivityManager: 	at com.android.server.am.ActivityManagerService.startProcessLocked(ActivityManagerService.java:4234)
12-07 16:44:47.944 15976 15990 E ActivityManager: 	at com.android.server.am.ActivityManagerService.startProcessLocked(ActivityManagerService.java:4199)
12-07 16:44:47.944 15976 15990 E ActivityManager: 	at com.android.server.am.ActivityManagerService.startProcessLocked(ActivityManagerService.java:4181)
12-07 16:44:47.944 15976 15990 E ActivityManager: 	at com.android.server.am.ActivityManagerService.startProcessLocked(ActivityManagerService.java:4067)
12-07 16:44:47.944 15976 15990 E ActivityManager: 	at com.android.server.am.ActivityStackSupervisor.startSpecificActivityLocked(ActivityStackSupervisor.java:1715)
12-07 16:44:47.944 15976 15990 E ActivityManager: 	at com.android.server.am.ActivityStack.resumeTopActivityInnerLocked(ActivityStack.java:2764)
12-07 16:44:47.944 15976 15990 E ActivityManager: 	at com.android.server.am.ActivityStack.resumeTopActivityUncheckedLocked(ActivityStack.java:2302)
12-07 16:44:47.944 15976 15990 E ActivityManager: 	at com.android.server.am.ActivityStackSupervisor.resumeFocusedStackTopActivityLocked(ActivityStackSupervisor.java:2234)
12-07 16:44:47.944 15976 15990 E ActivityManager: 	at com.android.server.am.ActivityStackSupervisor.resumeFocusedStackTopActivityLocked(ActivityStackSupervisor.java:2218)
12-07 16:44:47.944 15976 15990 E ActivityManager: 	at com.android.server.am.ActivityManagerService.handleAppDiedLocked(ActivityManagerService.java:5923)
12-07 16:44:47.944 15976 15990 E ActivityManager: 	at com.android.server.am.ActivityManagerService.removeProcessLocked(ActivityManagerService.java:7501)
12-07 16:44:47.944 15976 15990 E ActivityManager: 	at com.android.server.am.ActivityManagerService.killPackageProcessesLocked(ActivityManagerService.java:7142)
12-07 16:44:47.944 15976 15990 E ActivityManager: 	at com.android.server.am.ActivityManagerService.forceStopPackageLocked(ActivityManagerService.java:7275)
12-07 16:44:47.944 15976 15990 E ActivityManager: 	at com.android.server.am.ActivityManagerService$MainHandler.handleMessage(ActivityManagerService.java:2289)
12-07 16:44:47.944 15976 15990 E ActivityManager: 	at android.os.Handler.dispatchMessage(Handler.java:106)
12-07 16:44:47.944 15976 15990 E ActivityManager: 	at android.os.Looper.loop(Looper.java:193)
12-07 16:44:47.944 15976 15990 E ActivityManager: 	at android.os.HandlerThread.run(HandlerThread.java:65)
12-07 16:44:47.944 15976 15990 E ActivityManager: 	at com.android.server.ServiceThread.run(ServiceThread.java:44)
12-07 16:44:48.811 16506 27898 E ctxmgr  : [ProducerStatusImpl]updateStateForNewContextData: inactive, contextName=7
12-07 16:44:49.088 16506 16506 E BeaconBle: Scan couldn't start for Places
12-07 16:44:50.555  1729  2328 E         : Couldn't opendir /data/app/vmdl1184779740.tmp: No such file or directory
12-07 16:44:50.556  1729  2328 E installd: Failed to delete /data/app/vmdl1184779740.tmp: No such file or directory
12-07 16:44:51.554 28420 28420 E harlton.mileag: Not starting debugger since process cannot load the jdwp agent.
12-07 16:44:58.475 28420 28420 E SpannableStringBuilder: SPAN_EXCLUSIVE_EXCLUSIVE spans cannot have a zero length
12-07 16:44:58.475 28420 28420 E SpannableStringBuilder: SPAN_EXCLUSIVE_EXCLUSIVE spans cannot have a zero length
12-07 16:45:02.806 16506 28393 E ctxmgr  : [ProducerStatusImpl]updateStateForNewContextData: inactive, contextName=7
12-07 16:45:03.148 16506 16506 E BeaconBle: Scan couldn't start for Places
12-07 16:45:04.892 16561 16561 E ContextIntentStarter: No activity found for any of the 0 intents
12-07 16:45:05.098  1829  1829 E netmgr  : Failed to open QEMU pipe 'qemud:network': Invalid argument
12-07 16:45:05.098  1829  1829 E netmgr  : WifiForwarder unable to open QEMU pipe: Invalid argument
12-07 16:45:05.796 15927 28478 E audio_hw_generic: pcm_open(in) failed: cannot open device '/dev/snd/pcmC0D0c': Device or resource busy: channels 2 format 0 rate 16000
12-07 16:45:05.801  1628  1628 E android.hardware.wifi@1.0-service: Failed to register radio mode change callback
12-07 16:45:05.804  1628  1628 E android.hardware.wifi@1.0-service: Failed to set DFS flag; DFS channels may be unavailable.
12-07 16:45:05.893 15926 15926 E wificond: No Offload Service available
12-07 16:45:05.894 15976 16053 E SupplicantStaIfaceHal: Can't call setupIface, ISupplicantStaIface is null
12-07 16:45:05.977 15976 16054 E WifiVendorHal: getBgScanCapabilities(l.671) failed {.code = ERROR_NOT_SUPPORTED, .description = }
12-07 16:45:06.011 15976 16055 E WifiP2pService: Unhandled message { when=-1ms what=131203 target=com.android.internal.util.StateMachine$SmHandler }
12-07 16:45:06.018 15976 16055 E WifiP2pService: Unhandled message { when=0 what=131203 target=com.android.internal.util.StateMachine$SmHandler }
12-07 16:45:06.034 15976 15994 E BatteryExternalStatsWorker: no controller energy info supplied for wifi
12-07 16:45:06.067 28472 28472 E wpa_supplicant: nl80211: Failed to open /proc/sys/net/ipv4/conf/p2p-dev-wlan0/drop_unicast_in_l2_multicast: No such file or directory
12-07 16:45:06.067 28472 28472 E wpa_supplicant: nl80211: Failed to set IPv4 unicast in multicast filter
12-07 16:45:06.068 28472 28472 E wpa_supplicant: nl80211: Failed to open /proc/sys/net/ipv4/conf/p2p-dev-wlan0/drop_unicast_in_l2_multicast: No such file or directory
12-07 16:45:06.071 28472 28472 E wpa_supplicant: nl80211: Failed to set IPv4 unicast in multicast filter
12-07 16:45:06.161 28472 28472 E wpa_supplicant: nl80211: Failed to open /proc/sys/net/ipv4/conf/wlan0/drop_unicast_in_l2_multicast: No such file or directory
12-07 16:45:06.161 28472 28472 E wpa_supplicant: nl80211: Failed to set IPv4 unicast in multicast filter
12-07 16:45:06.211 15976 15989 E GnssLocationProvider: no AGPS interface in set_agps_server
12-07 16:45:06.241 28472 28472 E wpa_supplicant: nl80211: Failed to open /proc/sys/net/ipv4/conf/wlan0/drop_unicast_in_l2_multicast: No such file or directory
12-07 16:45:06.241 28472 28472 E wpa_supplicant: nl80211: Failed to set IPv4 unicast in multicast filter
12-07 16:45:06.294 28486 28486 E .android.diale: Not starting debugger since process cannot load the jdwp agent.
12-07 16:45:06.423  1628  1628 E android.hardware.wifi@1.0-service: Failed to open directory: Permission denied
12-07 16:45:06.423  1628  1628 E android.hardware.wifi@1.0-service: Error occurred while deleting old tombstone files
12-07 16:45:06.423  1628  1628 E android.hardware.wifi@1.0-service: Error writing files to flash
12-07 16:45:06.657 15976 16053 E SupplicantStaIfaceHal: Can't call setPowerSave, ISupplicantStaIface is null
12-07 16:45:06.674 15976 16053 E SupplicantStaIfaceHal: Can't call setBtCoexistenceMode, ISupplicantStaIface is null
12-07 16:45:06.687 15976 16053 E HalDevMgr: Should have at least 1 chip!
12-07 16:45:06.687 15976 16053 E HalDevMgr: dispatchAvailableForRequestListeners: no chip info found
12-07 16:45:06.702 15976 16053 E SupplicantStaIfaceHal: Can't call listNetworks, ISupplicantStaIface is null
12-07 16:45:06.702 15976 16053 E SupplicantStaIfaceHal: removeAllNetworks failed, got null networks
12-07 16:45:06.702 15976 16053 E WifiStateMachine: Failed to remove networks on exiting connect mode
12-07 16:45:06.703 15976 16055 E WifiP2pService: Unhandled message { when=-1ms what=131204 target=com.android.internal.util.StateMachine$SmHandler }
12-07 16:45:06.713 15976 15994 E BatteryExternalStatsWorker: no controller energy info supplied for wifi
12-07 16:45:06.741 15976 16054 E WificondControl: No valid wificond scanner interface handler
12-07 16:45:06.917  1628  1628 E android.hardware.wifi@1.0-service: Failed to register radio mode change callback
12-07 16:45:06.920  1628  1628 E android.hardware.wifi@1.0-service: Failed to set DFS flag; DFS channels may be unavailable.
12-07 16:45:06.940 15926 15926 E wificond: No Offload Service available
12-07 16:45:06.944 15976 16053 E SupplicantStaIfaceHal: Can't call setupIface, ISupplicantStaIface is null
12-07 16:45:06.982 28486 28486 E .android.diale: The String#value field is not present on Android versions >= 6.0
12-07 16:45:07.088 15976 16054 E WifiVendorHal: getBgScanCapabilities(l.671) failed {.code = ERROR_NOT_SUPPORTED, .description = }
12-07 16:45:07.196 15976 16055 E WifiP2pService: Unhandled message { when=0 what=131203 target=com.android.internal.util.StateMachine$SmHandler }
12-07 16:45:07.212 15976 16056 E ConnectivityService: exception in setMtu()java.lang.IllegalStateException: command '427 interface setmtu radio0 1500' failed with '400 427 Failed to set MTU (Permission denied)'
12-07 16:45:07.260 15976 16055 E WifiP2pService: Unhandled message { when=0 what=131203 target=com.android.internal.util.StateMachine$SmHandler }
12-07 16:45:07.290 15976 15994 E BatteryExternalStatsWorker: no controller energy info supplied for wifi
12-07 16:45:07.316 15976 15994 E BatteryExternalStatsWorker: no controller energy info supplied for wifi
12-07 16:45:07.811 15976 15989 E GnssLocationProvider: no AGPS interface in set_agps_server
12-07 16:45:08.022 16506 28546 E WakeLock: GCM_CONN_ALARM release without a matched acquire!
12-07 16:45:08.547 16506 27898 E NetworkScheduler.TED: Dropping task as app's play services SDK version does not support Android O. Either update the SDK or lower your app's target SDK version. Canceling all tasks for the service: ComponentInfo{com.google.android.gms/com.google.android.gms.checkin.EventLogService}
12-07 16:45:08.714 16506 28556 E WakeLock: GCM_HB_ALARM release without a matched acquire!
12-07 16:45:08.748 16506 28556 E WakeLock: GCM_CONN_ALARM release without a matched acquire!
12-07 16:45:08.876 16506 28459 E NetworkScheduler: Unknown result code received: 4
12-07 16:45:08.922 16506 16506 E NetworkScheduler.ATC: Called cancelTask for already completed task com.google.android.gms/.checkin.EventLogService{u=0 tag="AggregationTaskTag" trigger=window{period=1800s,flex=600s,earliest=-16s,latest=583s} requirements=[NET_ANY] attributes=[PERSISTED,RECURRING] scheduled=-1216s last_run=0s jid=N/A status=PENDING retries=0 client_lib=MANCHEGO_GCM-14799000} :INVALID_START
12-07 16:45:09.051 28507 28507 E wpa_supplicant: nl80211: Failed to open /proc/sys/net/ipv4/conf/p2p-dev-wlan0/drop_unicast_in_l2_multicast: No such file or directory
12-07 16:45:09.051 28507 28507 E wpa_supplicant: nl80211: Failed to set IPv4 unicast in multicast filter
12-07 16:45:09.051 28507 28507 E wpa_supplicant: nl80211: Failed to open /proc/sys/net/ipv4/conf/p2p-dev-wlan0/drop_unicast_in_l2_multicast: No such file or directory
12-07 16:45:09.051 28507 28507 E wpa_supplicant: nl80211: Failed to set IPv4 unicast in multicast filter
12-07 16:45:09.100 28563 28563 E id.gms.unstabl: Not starting debugger since process cannot load the jdwp agent.
12-07 16:45:09.160 28507 28507 E wpa_supplicant: nl80211: Failed to open /proc/sys/net/ipv4/conf/wlan0/drop_unicast_in_l2_multicast: No such file or directory
12-07 16:45:09.160 28507 28507 E wpa_supplicant: nl80211: Failed to set IPv4 unicast in multicast filter
12-07 16:45:09.260 28507 28507 E wpa_supplicant: nl80211: Failed to open /proc/sys/net/ipv4/conf/wlan0/drop_unicast_in_l2_multicast: No such file or directory
12-07 16:45:09.260 28507 28507 E wpa_supplicant: nl80211: Failed to set IPv4 unicast in multicast filter
12-07 16:45:09.461  1628  1628 E android.hardware.wifi@1.0-service: Failed to open directory: Permission denied
12-07 16:45:09.461  1628  1628 E android.hardware.wifi@1.0-service: Error occurred while deleting old tombstone files
12-07 16:45:09.461  1628  1628 E android.hardware.wifi@1.0-service: Error writing files to flash
12-07 16:45:09.669 15976 16053 E SupplicantStaIfaceHal: Can't call setPowerSave, ISupplicantStaIface is null
12-07 16:45:09.669 15976 16053 E SupplicantStaIfaceHal: Can't call setBtCoexistenceMode, ISupplicantStaIface is null
12-07 16:45:09.672 15976 16053 E HalDevMgr: Should have at least 1 chip!
12-07 16:45:09.672 15976 16053 E HalDevMgr: dispatchAvailableForRequestListeners: no chip info found
12-07 16:45:09.680 15976 16053 E SupplicantStaIfaceHal: Can't call listNetworks, ISupplicantStaIface is null
12-07 16:45:09.680 15976 16053 E SupplicantStaIfaceHal: removeAllNetworks failed, got null networks
12-07 16:45:09.680 15976 16053 E WifiStateMachine: Failed to remove networks on exiting connect mode
12-07 16:45:09.680 15976 16055 E WifiP2pService: Unhandled message { when=0 what=131204 target=com.android.internal.util.StateMachine$SmHandler }
12-07 16:45:09.706 15976 16054 E WificondControl: No valid wificond scanner interface handler
12-07 16:45:09.729 15976 15994 E BatteryExternalStatsWorker: no controller energy info supplied for wifi
12-07 16:45:10.035  1628  1628 E android.hardware.wifi@1.0-service: Failed to register radio mode change callback
12-07 16:45:10.037  1628  1628 E android.hardware.wifi@1.0-service: Failed to set DFS flag; DFS channels may be unavailable.
12-07 16:45:10.105 15926 15926 E wificond: No Offload Service available
12-07 16:45:10.111 15976 16053 E SupplicantStaIfaceHal: Can't call setupIface, ISupplicantStaIface is null
12-07 16:45:10.173 15976 16056 E ConnectivityService: exception in setMtu()java.lang.IllegalStateException: command '446 interface setmtu radio0 1500' failed with '400 446 Failed to set MTU (Permission denied)'
12-07 16:45:10.210 15976 16054 E WifiVendorHal: getBgScanCapabilities(l.671) failed {.code = ERROR_NOT_SUPPORTED, .description = }
12-07 16:45:10.239 15976 16055 E WifiP2pService: Unhandled message { when=-3ms what=131203 target=com.android.internal.util.StateMachine$SmHandler }
12-07 16:45:10.266 15976 16055 E WifiP2pService: Unhandled message { when=0 what=131203 target=com.android.internal.util.StateMachine$SmHandler }
12-07 16:45:10.269 15976 16053 E WifiScanRequestProxy: Scan failure received. reason: -1,description: Scan was interrupted
12-07 16:45:10.275 15976 16053 E WifiScanRequestProxy: Scan failure received. reason: -1,description: Scan was interrupted
12-07 16:45:10.317 15976 15994 E BatteryExternalStatsWorker: no controller energy info supplied for wifi
12-07 16:45:10.362 15976 15994 E BatteryExternalStatsWorker: no controller energy info supplied for wifi
12-07 16:45:10.718 16506 28609 E WakeLock: GCM_CONN_ALARM release without a matched acquire!
