--------- beginning of system
12-07 12:28:19.802  1737  1809 E storaged: getDiskStats failed with result NOT_SUPPORTED and size 0
--------- beginning of main
12-07 12:28:46.179  2420 24008 E ctxmgr  : [ProducerStatusImpl]updateStateForNewContextData: inactive, contextName=7
12-07 12:28:46.451  2420  2420 E BeaconBle: Missing BluetoothAdapter
12-07 12:28:46.510  2420  2420 E BeaconBle: Scan couldn't start for Places
12-07 12:28:51.695  2420 24056 E ctxmgr  : [ProducerStatusImpl]updateStateForNewContextData: inactive, contextName=7
12-07 12:28:52.111  2420  2420 E BeaconBle: Scan couldn't start for Places
12-07 12:28:59.015 24074 24074 E boxed_process2: Not starting debugger since process cannot load the jdwp agent.
12-07 12:28:59.197  2759  2759 E ClientVe: Failed to create ClientVisualElementsProto for user interaction on view com.google.android.apps.gsa.searchbox.ui.suggestions.views.CoreSuggestionView{9de4b9e VFE...CL. ...P.... 0,583-1038,730 #32b} because the view is not tagged for visual element logging.
12-07 12:28:59.309  2759  2759 E ClientVe: Failed to create ClientVisualElementsProto for user interaction on view com.google.android.apps.gsa.searchbox.ui.suggestions.views.CoreSuggestionView{9de4b9e VFE...CL. ...P.... 0,583-1038,730 #32b} because the view is not tagged for visual element logging.
12-07 12:28:59.326  2759  2759 E ClientVe: Failed to create ClientVisualElementsProto for user interaction on view com.google.android.apps.gsa.searchbox.ui.suggestions.views.CoreSuggestionView{f82264c VFE...CL. ...P.... 0,142-1038,289 #328} because the view is not tagged for visual element logging.
12-07 12:29:00.719  2759  2759 E ClientVe: Failed to create ClientVisualElementsProto for user interaction on view com.google.android.apps.gsa.searchbox.ui.suggestions.views.CoreSuggestionView{f5f83aa VFE...CL. ...P.... 0,436-1038,583 #32a} because the view is not tagged for visual element logging.
12-07 12:29:07.338  1829  1829 E netmgr  : Failed to open QEMU pipe 'qemud:network': Invalid argument
12-07 12:29:07.338  1829  1829 E netmgr  : WifiForwarder unable to open QEMU pipe: Invalid argument
12-07 12:29:19.824  1737  1809 E storaged: getDiskStats failed with result NOT_SUPPORTED and size 0
12-07 12:29:22.393  2420 24065 E ctxmgr  : [ProducerStatusImpl]updateStateForNewContextData: inactive, contextName=7
12-07 12:29:22.832  2420  2420 E BeaconBle: Scan couldn't start for Places
12-07 12:29:47.932  2420 24118 E ctxmgr  : [ProducerStatusImpl]updateStateForNewContextData: inactive, contextName=7
12-07 12:29:48.230  2420  2420 E BeaconBle: Missing BluetoothAdapter
12-07 12:29:48.335  2420  2420 E BeaconBle: Scan couldn't start for Places
12-07 12:29:57.406  1613 24179 E audio_hw_generic: pcm_open(in) failed: cannot open device '/dev/snd/pcmC0D0c': Device or resource busy: channels 2 format 0 rate 16000
12-07 12:29:57.861 24182 24182 E boxed_process3: Not starting debugger since process cannot load the jdwp agent.
12-07 12:29:58.098  2759  2759 E ClientVe: Failed to create ClientVisualElementsProto for user interaction on view com.google.android.apps.gsa.searchbox.ui.suggestions.views.CoreSuggestionView{95eff87 VFE...CL. ...P.... 0,289-1038,436 #32e} because the view is not tagged for visual element logging.
12-07 12:29:58.548  2759  2759 E ClientVe: Failed to create ClientVisualElementsProto for user interaction on view com.google.android.apps.gsa.searchbox.ui.suggestions.views.CoreSuggestionView{df2765 VFE...CL. ...P.... 21,436-1059,583 #333} because the view is not tagged for visual element logging.
12-07 12:29:58.875  2759  2759 E ClientVe: Failed to create ClientVisualElementsProto for user interaction on view com.google.android.apps.gsa.searchbox.ui.suggestions.views.CoreSuggestionView{20a2e48 VFE...CL. ...P.... 21,877-1059,1024 #336} because the view is not tagged for visual element logging.
12-07 12:30:05.627  2759  2766 E ReloadingLock: Finalizing LOCKED Token[searchresults_activity 2018-12-07 12:30:02.852]
12-07 12:30:07.342  1829  1829 E netmgr  : Failed to open QEMU pipe 'qemud:network': Invalid argument
12-07 12:30:07.343  1829  1829 E netmgr  : WifiForwarder unable to open QEMU pipe: Invalid argument
12-07 12:30:18.724  1613 24227 E audio_hw_generic: pcm_open(in) failed: cannot open device '/dev/snd/pcmC0D0c': Device or resource busy: channels 2 format 0 rate 16000
12-07 12:30:19.842  1737  1809 E storaged: getDiskStats failed with result NOT_SUPPORTED and size 0
12-07 12:30:24.490  2759  2759 E ContextIntentStarter: No activity found for any of the 0 intents
12-07 12:30:29.721  1883  1994 E WindowManager: Performed 6 layouts in a row. Skipping
12-07 12:30:29.737  1883  1935 E WindowManager: Performed 6 layouts in a row. Skipping
12-07 12:30:29.868  2528 24143 E SQLiteCastStore: Skip saving CastDeviceInfo: "Nearby device" (__cast_nearby___V_d02a78f5-4675-4d8e-b899-fc5e99f73379)
12-07 12:30:29.875  1883  1935 E WindowManager: Performed 6 layouts in a row. Skipping
12-07 12:30:29.906  1883  4704 E WindowManager: Performed 6 layouts in a row. Skipping
12-07 12:30:29.930  1883  1935 E WindowManager: Performed 6 layouts in a row. Skipping
12-07 12:30:29.958  1883  1994 E WindowManager: Performed 6 layouts in a row. Skipping
12-07 12:30:30.000  1883  1935 E WindowManager: Performed 6 layouts in a row. Skipping
12-07 12:30:30.026  1883  1935 E WindowManager: Performed 6 layouts in a row. Skipping
12-07 12:30:30.052  1883  1935 E WindowManager: Performed 6 layouts in a row. Skipping
12-07 12:30:30.183  1883  1935 E WindowManager: Performed 6 layouts in a row. Skipping
12-07 12:30:39.468  2420  2420 E BeaconBle: Scan couldn't start for Places
12-07 12:30:43.889  1613 24258 E audio_hw_generic: pcm_open(in) failed: cannot open device '/dev/snd/pcmC0D0c': Device or resource busy: channels 2 format 0 rate 16000
12-07 12:30:44.522  2759  2759 E ClientVe: Failed to create ClientVisualElementsProto for user interaction on view com.google.android.apps.gsa.searchbox.ui.suggestions.views.CoreSuggestionView{85d78ff VFE...CL. ...P.... 21,877-1059,1024 #35a} because the view is not tagged for visual element logging.
12-07 12:30:44.909  2759  2759 E ClientVe: Failed to create ClientVisualElementsProto for user interaction on view com.google.android.apps.gsa.searchbox.ui.suggestions.views.CoreSuggestionView{f8015a4 VFE...CL. ...P.... 21,1024-1059,1171 #35b} because the view is not tagged for visual element logging.
