--------- beginning of main
--------- beginning of system
12-08 05:31:05.811 24653 24653 E id.defcontaine: Not starting debugger since process cannot load the jdwp agent.
12-08 05:31:05.874 24669 24669 E oid.documentsu: Not starting debugger since process cannot load the jdwp agent.
12-08 05:31:05.956 24681 24681 E ndroid.keychai: Not starting debugger since process cannot load the jdwp agent.
12-08 05:31:06.985 24729 24729 E droid.apps.doc: Not starting debugger since process cannot load the jdwp agent.
12-08 05:31:07.914 24748 24748 E id.defcontaine: Not starting debugger since process cannot load the jdwp agent.
12-08 05:31:08.857 24777 24777 E ocess.gservice: Not starting debugger since process cannot load the jdwp agent.
12-08 05:31:10.420 15927 24798 E audio_hw_generic: pcm_open(in) failed: cannot open device '/dev/snd/pcmC0D0c': Device or resource busy: channels 2 format 0 rate 16000
12-08 05:31:10.983 24729 24729 E DocsApplication: [main] No default account found during application creation.
12-08 05:31:11.057 16506 16506 E BeaconBle: Missing BluetoothAdapter
12-08 05:31:11.074 16506 24563 E ctxmgr  : [AppIntervalImpl]closeInterval: ongoing
12-08 05:31:11.099 16506 24563 E ctxmgr  : [AppIntervalImpl]closeInterval: ongoing
12-08 05:31:11.425 16506 16506 E BeaconBle: Scan couldn't start for Places
12-08 05:31:11.801  1729  1752 E         : Couldn't opendir /data/app/vmdl550633996.tmp: No such file or directory
12-08 05:31:11.801  1729  1752 E installd: Failed to delete /data/app/vmdl550633996.tmp: No such file or directory
12-08 05:31:14.446  1829  1829 E netmgr  : Failed to open QEMU pipe 'qemud:network': Invalid argument
12-08 05:31:14.446  1829  1829 E netmgr  : WifiForwarder unable to open QEMU pipe: Invalid argument
12-08 05:31:15.323 24840 24840 E id.partnersetu: Not starting debugger since process cannot load the jdwp agent.
12-08 05:31:15.645 24853 24853 E harlton.mileag: Not starting debugger since process cannot load the jdwp agent.
12-08 05:31:15.803  1632  1632 E lowmemorykiller: Error writing /proc/24729/oom_score_adj; errno=22
12-08 05:31:17.347 16085 31762 E putmethod.lati: Invalid ID 0x00000001.
12-08 05:31:17.359 16085 31762 E LstmTrainingCache: emn: Can't get resource name for input slot
12-08 05:31:17.359 16085 31762 E LstmTrainingCache: android.content.res.Resources$NotFoundException: Unable to find resource ID #0x1
12-08 05:31:17.359 16085 31762 E LstmTrainingCache: 	at android.content.res.ResourcesImpl.getResourceName(ResourcesImpl.java:255)
12-08 05:31:17.359 16085 31762 E LstmTrainingCache: 	at android.content.res.Resources.getResourceName(Resources.java:1954)
12-08 05:31:17.359 16085 31762 E LstmTrainingCache: 	at emn.a(PG:12)
12-08 05:31:17.359 16085 31762 E LstmTrainingCache: 	at emk.run(PG:5)
12-08 05:31:17.359 16085 31762 E LstmTrainingCache: 	at java.lang.Thread.run(Thread.java:764)
12-08 05:31:24.740 16085 31762 E putmethod.lati: Invalid ID 0x00000001.
12-08 05:31:24.753 16085 31762 E LstmTrainingCache: emn: Can't get resource name for input slot
12-08 05:31:24.753 16085 31762 E LstmTrainingCache: android.content.res.Resources$NotFoundException: Unable to find resource ID #0x1
12-08 05:31:24.753 16085 31762 E LstmTrainingCache: 	at android.content.res.ResourcesImpl.getResourceName(ResourcesImpl.java:255)
12-08 05:31:24.753 16085 31762 E LstmTrainingCache: 	at android.content.res.Resources.getResourceName(Resources.java:1954)
12-08 05:31:24.753 16085 31762 E LstmTrainingCache: 	at emn.a(PG:12)
12-08 05:31:24.753 16085 31762 E LstmTrainingCache: 	at emk.run(PG:5)
12-08 05:31:24.753 16085 31762 E LstmTrainingCache: 	at java.lang.Thread.run(Thread.java:764)
12-08 05:31:26.424 24885 24885 E emui:screensho: Not starting debugger since process cannot load the jdwp agent.
12-08 05:31:27.348 24885 24885 E SoundPool: error loading /product/media/audio/ui/camera_click.ogg
12-08 05:31:27.637  1739  2068 E OMXNodeInstance: getConfig(0xee326b40:google.vorbis.decoder, ConfigAndroidVendorExtension(0x6f100004)) ERROR: Undefined(0x80001001)
12-08 05:31:27.645  1724  2165 E SurfaceFlinger: ro.sf.lcd_density must be defined as a build property
12-08 05:31:28.109  1724  2165 E SurfaceFlinger: ro.sf.lcd_density must be defined as a build property
12-08 05:31:30.964 10641 10641 E ContextIntentStarter: No activity found for any of the 0 intents
12-08 05:31:33.206 16506 16506 E BeaconBle: Missing BluetoothAdapter
12-08 05:31:33.297 16506 16506 E BeaconBle: Scan couldn't start for Places
12-08 05:31:35.188  1737  1809 E storaged: getDiskStats failed with result NOT_SUPPORTED and size 0
12-08 05:31:36.833 16506 24564 E ctxmgr  : [AppIntervalImpl]closeInterval: ongoing
12-08 05:31:36.843 16506 24564 E ctxmgr  : [AppIntervalImpl]closeInterval: ongoing
12-08 05:31:40.958 24943 24943 E oid.apps.photo: Not starting debugger since process cannot load the jdwp agent.
12-08 05:31:42.698 24972 24972 E id.partnersetu: Not starting debugger since process cannot load the jdwp agent.
12-08 05:32:14.449  1829  1829 E netmgr  : Failed to open QEMU pipe 'qemud:network': Invalid argument
12-08 05:32:14.449  1829  1829 E netmgr  : WifiForwarder unable to open QEMU pipe: Invalid argument
12-08 05:32:35.216  1737  1809 E storaged: getDiskStats failed with result NOT_SUPPORTED and size 0
12-08 05:33:14.463  1829  1829 E netmgr  : Failed to open QEMU pipe 'qemud:network': Invalid argument
12-08 05:33:14.464  1829  1829 E netmgr  : WifiForwarder unable to open QEMU pipe: Invalid argument
12-08 05:33:35.224  1737  1809 E storaged: getDiskStats failed with result NOT_SUPPORTED and size 0
12-08 05:34:14.525  1829  1829 E netmgr  : Failed to open QEMU pipe 'qemud:network': Invalid argument
12-08 05:34:14.526  1829  1829 E netmgr  : WifiForwarder unable to open QEMU pipe: Invalid argument
12-08 05:34:35.228  1737  1809 E storaged: getDiskStats failed with result NOT_SUPPORTED and size 0
12-08 05:34:49.525 15976 17135 E WindowManager: Performed 6 layouts in a row. Skipping
12-08 05:34:49.541 15976 16026 E WindowManager: Performed 6 layouts in a row. Skipping
12-08 05:34:49.606 15976 16026 E WindowManager: Performed 6 layouts in a row. Skipping
12-08 05:34:49.646 15976 16026 E WindowManager: Performed 6 layouts in a row. Skipping
12-08 05:34:49.729 15976 16026 E WindowManager: Performed 6 layouts in a row. Skipping
12-08 05:34:49.749 15976 15991 E WindowManager: Performed 6 layouts in a row. Skipping
12-08 05:34:49.790 15976 16893 E WindowManager: Performed 6 layouts in a row. Skipping
12-08 05:34:49.842 15976 16026 E WindowManager: Performed 6 layouts in a row. Skipping
12-08 05:34:49.978 15976 16026 E WindowManager: Performed 6 layouts in a row. Skipping
12-08 05:34:57.580 16788 17129 E PlayCommon: [121] com.google.android.play.b.g.a(448): Failed to connect to server: java.net.UnknownHostException: Unable to resolve host "play.googleapis.com": No address associated with hostname
