--------- beginning of main
12-08 02:12:53.194  3990  3990 E ndroid.keychai: Not starting debugger since process cannot load the jdwp agent.
--------- beginning of system
12-08 02:12:54.102  4044  4044 E droid.apps.doc: Not starting debugger since process cannot load the jdwp agent.
12-08 02:12:55.243  4073  4073 E ocess.gservice: Not starting debugger since process cannot load the jdwp agent.
12-08 02:12:55.775  3953  3953 E OverlaySController: Calling with an invalid UID, the interface will not work
12-08 02:12:56.722  3953  4101 E BluetoothAdapter: Bluetooth binder is null
12-08 02:12:56.798  4044  4044 E DocsApplication: [main] No default account found during application creation.
12-08 02:12:56.805  4121  4121 E e.process.gapp: Not starting debugger since process cannot load the jdwp agent.
12-08 02:12:58.050  1729  1945 E         : Couldn't opendir /data/app/vmdl1506582040.tmp: No such file or directory
12-08 02:12:58.050  1729  1945 E installd: Failed to delete /data/app/vmdl1506582040.tmp: No such file or directory
12-08 02:13:01.288  4159  4159 E harlton.mileag: Not starting debugger since process cannot load the jdwp agent.
12-08 02:13:03.641 16085 31762 E putmethod.lati: Invalid ID 0x00000001.
12-08 02:13:03.675 16085 31762 E LstmTrainingCache: emn: Can't get resource name for input slot
12-08 02:13:03.675 16085 31762 E LstmTrainingCache: android.content.res.Resources$NotFoundException: Unable to find resource ID #0x1
12-08 02:13:03.675 16085 31762 E LstmTrainingCache: 	at android.content.res.ResourcesImpl.getResourceName(ResourcesImpl.java:255)
12-08 02:13:03.675 16085 31762 E LstmTrainingCache: 	at android.content.res.Resources.getResourceName(Resources.java:1954)
12-08 02:13:03.675 16085 31762 E LstmTrainingCache: 	at emn.a(PG:12)
12-08 02:13:03.675 16085 31762 E LstmTrainingCache: 	at emk.run(PG:5)
12-08 02:13:03.675 16085 31762 E LstmTrainingCache: 	at java.lang.Thread.run(Thread.java:764)
12-08 02:13:06.008 16506  1977 E ctxmgr  : [AppIntervalImpl]closeInterval: ongoing
12-08 02:13:06.013 16506  1977 E ctxmgr  : [AppIntervalImpl]closeInterval: ongoing
12-08 02:13:09.142  4225  4225 E webview_servic: Not starting debugger since process cannot load the jdwp agent.
12-08 02:13:15.251  4251  4251 E emui:screensho: Not starting debugger since process cannot load the jdwp agent.
12-08 02:13:16.572  4251  4251 E SoundPool: error loading /product/media/audio/ui/camera_click.ogg
12-08 02:13:16.903  1739  2097 E OMXNodeInstance: getConfig(0xee326c00:google.vorbis.decoder, ConfigAndroidVendorExtension(0x6f100004)) ERROR: Undefined(0x80001001)
12-08 02:13:18.570  1829  1829 E netmgr  : Failed to open QEMU pipe 'qemud:network': Invalid argument
12-08 02:13:18.571  1829  1829 E netmgr  : WifiForwarder unable to open QEMU pipe: Invalid argument
12-08 02:13:20.099  4290  4290 E d.process.medi: Not starting debugger since process cannot load the jdwp agent.
12-08 02:13:31.884  4314  4314 E oid.apps.photo: Not starting debugger since process cannot load the jdwp agent.
12-08 02:13:37.083  1737  1809 E storaged: getDiskStats failed with result NOT_SUPPORTED and size 0
12-08 02:13:39.954 15976 15987 E WindowManager: Performed 6 layouts in a row. Skipping
12-08 02:13:39.973 15976 16026 E WindowManager: Performed 6 layouts in a row. Skipping
12-08 02:13:40.030 15976 16026 E WindowManager: Performed 6 layouts in a row. Skipping
12-08 02:13:40.062 15976 16026 E WindowManager: Performed 6 layouts in a row. Skipping
12-08 02:13:40.113 15976 16026 E WindowManager: Performed 6 layouts in a row. Skipping
12-08 02:13:40.177 15976 16026 E WindowManager: Performed 6 layouts in a row. Skipping
12-08 02:13:40.197 15976 16026 E WindowManager: Performed 6 layouts in a row. Skipping
12-08 02:13:40.334 15976 16026 E WindowManager: Performed 6 layouts in a row. Skipping
12-08 02:13:40.361 15976 15991 E WindowManager: Performed 6 layouts in a row. Skipping
12-08 02:13:40.408 15976 16026 E WindowManager: Performed 6 layouts in a row. Skipping
12-08 02:13:40.437 15976 16026 E WindowManager: Performed 6 layouts in a row. Skipping
12-08 02:13:40.487 15976 19469 E WindowManager: Performed 6 layouts in a row. Skipping
12-08 02:13:40.530 15976 16026 E WindowManager: Performed 6 layouts in a row. Skipping
12-08 02:13:40.584 15976 16026 E WindowManager: Performed 6 layouts in a row. Skipping
12-08 02:13:40.612 15976 16269 E WindowManager: Performed 6 layouts in a row. Skipping
12-08 02:13:40.669 15976 16026 E WindowManager: Performed 6 layouts in a row. Skipping
12-08 02:13:40.716 15976 16026 E WindowManager: Performed 6 layouts in a row. Skipping
12-08 02:13:40.736 15976 19469 E WindowManager: Performed 6 layouts in a row. Skipping
12-08 02:13:40.759 15976 16026 E WindowManager: Performed 6 layouts in a row. Skipping
12-08 02:13:40.780 15976 16026 E WindowManager: Performed 6 layouts in a row. Skipping
12-08 02:13:40.801 15976 16269 E WindowManager: Performed 6 layouts in a row. Skipping
12-08 02:13:40.826 15976 16026 E WindowManager: Performed 6 layouts in a row. Skipping
12-08 02:13:40.859 15976 16026 E WindowManager: Performed 6 layouts in a row. Skipping
12-08 02:13:40.885 15976 16026 E WindowManager: Performed 6 layouts in a row. Skipping
12-08 02:13:40.962 15976 16026 E WindowManager: Performed 6 layouts in a row. Skipping
12-08 02:13:41.001 15976 16026 E WindowManager: Performed 6 layouts in a row. Skipping
12-08 02:13:43.564  3953  3953 E ContextIntentStarter: No activity found for any of the 0 intents
12-08 02:14:18.633  1829  1829 E netmgr  : Failed to open QEMU pipe 'qemud:network': Invalid argument
12-08 02:14:18.634  1829  1829 E netmgr  : WifiForwarder unable to open QEMU pipe: Invalid argument
12-08 02:14:37.112  1737  1809 E storaged: getDiskStats failed with result NOT_SUPPORTED and size 0
12-08 02:15:01.682 16788 17129 E PlayCommon: [121] com.google.android.play.b.g.a(448): Failed to connect to server: java.net.UnknownHostException: Unable to resolve host "play.googleapis.com": No address associated with hostname
12-08 02:15:18.690  1829  1829 E netmgr  : Failed to open QEMU pipe 'qemud:network': Invalid argument
12-08 02:15:18.691  1829  1829 E netmgr  : WifiForwarder unable to open QEMU pipe: Invalid argument
12-08 02:15:37.116  1737  1809 E storaged: getDiskStats failed with result NOT_SUPPORTED and size 0
12-08 02:16:18.692  1829  1829 E netmgr  : Failed to open QEMU pipe 'qemud:network': Invalid argument
12-08 02:16:18.692  1829  1829 E netmgr  : WifiForwarder unable to open QEMU pipe: Invalid argument
12-08 02:16:37.117  1737  1809 E storaged: getDiskStats failed with result NOT_SUPPORTED and size 0
12-08 02:17:04.422  4439  4439 E id.gms.learnin: Not starting debugger since process cannot load the jdwp agent.
12-08 02:17:18.754  1829  1829 E netmgr  : Failed to open QEMU pipe 'qemud:network': Invalid argument
12-08 02:17:18.754  1829  1829 E netmgr  : WifiForwarder unable to open QEMU pipe: Invalid argument
12-08 02:17:37.144  1737  1809 E storaged: getDiskStats failed with result NOT_SUPPORTED and size 0
12-08 02:17:39.810  4476  4476 E hod.latin:trai: Not starting debugger since process cannot load the jdwp agent.
12-08 02:17:46.373 15976 19469 E WindowManager: Performed 6 layouts in a row. Skipping
12-08 02:17:46.404 15976 16026 E WindowManager: Performed 6 layouts in a row. Skipping
12-08 02:17:46.482 15976 16026 E WindowManager: Performed 6 layouts in a row. Skipping
12-08 02:17:46.534 15976 16026 E WindowManager: Performed 6 layouts in a row. Skipping
12-08 02:17:46.573 15976 16026 E WindowManager: Performed 6 layouts in a row. Skipping
12-08 02:17:46.598 15976 15991 E WindowManager: Performed 6 layouts in a row. Skipping
12-08 02:17:46.628 15976 16026 E WindowManager: Performed 6 layouts in a row. Skipping
12-08 02:17:46.676 15976 16026 E WindowManager: Performed 6 layouts in a row. Skipping
12-08 02:17:46.905 15976 16026 E WindowManager: Performed 6 layouts in a row. Skipping
12-08 02:17:46.925 15976 19469 E WindowManager: Performed 6 layouts in a row. Skipping
12-08 02:17:46.967 15976 16026 E WindowManager: Performed 6 layouts in a row. Skipping
12-08 02:17:46.994 15976 16026 E WindowManager: Performed 6 layouts in a row. Skipping
12-08 02:17:47.014 15976 16026 E WindowManager: Performed 6 layouts in a row. Skipping
12-08 02:17:47.056 15976 16026 E WindowManager: Performed 6 layouts in a row. Skipping
12-08 02:17:47.096 15976 16026 E WindowManager: Performed 6 layouts in a row. Skipping
12-08 02:17:47.121 15976 16026 E WindowManager: Performed 6 layouts in a row. Skipping
12-08 02:17:47.146 15976 16026 E WindowManager: Performed 6 layouts in a row. Skipping
12-08 02:17:47.190 15976 15991 E WindowManager: Performed 6 layouts in a row. Skipping
