--------- beginning of main
--------- beginning of system
12-08 06:11:12.683  1881  1895 E ActivityManager: Failure starting process com.evancharlton.mileage
12-08 06:11:12.683  1881  1895 E ActivityManager: java.lang.SecurityException: Package com.evancharlton.mileage was not found!
12-08 06:11:12.683  1881  1895 E ActivityManager: 	at com.android.server.pm.PackageManagerService.checkPackageStartable(PackageManagerService.java:3987)
12-08 06:11:12.683  1881  1895 E ActivityManager: 	at com.android.server.am.ActivityManagerService.startProcessLocked(ActivityManagerService.java:4234)
12-08 06:11:12.683  1881  1895 E ActivityManager: 	at com.android.server.am.ActivityManagerService.startProcessLocked(ActivityManagerService.java:4199)
12-08 06:11:12.683  1881  1895 E ActivityManager: 	at com.android.server.am.ActivityManagerService.startProcessLocked(ActivityManagerService.java:4181)
12-08 06:11:12.683  1881  1895 E ActivityManager: 	at com.android.server.am.ActivityManagerService.startProcessLocked(ActivityManagerService.java:4067)
12-08 06:11:12.683  1881  1895 E ActivityManager: 	at com.android.server.am.ActivityStackSupervisor.startSpecificActivityLocked(ActivityStackSupervisor.java:1715)
12-08 06:11:12.683  1881  1895 E ActivityManager: 	at com.android.server.am.ActivityStack.resumeTopActivityInnerLocked(ActivityStack.java:2764)
12-08 06:11:12.683  1881  1895 E ActivityManager: 	at com.android.server.am.ActivityStack.resumeTopActivityUncheckedLocked(ActivityStack.java:2302)
12-08 06:11:12.683  1881  1895 E ActivityManager: 	at com.android.server.am.ActivityStackSupervisor.resumeFocusedStackTopActivityLocked(ActivityStackSupervisor.java:2234)
12-08 06:11:12.683  1881  1895 E ActivityManager: 	at com.android.server.am.ActivityStackSupervisor.resumeFocusedStackTopActivityLocked(ActivityStackSupervisor.java:2218)
12-08 06:11:12.683  1881  1895 E ActivityManager: 	at com.android.server.am.ActivityManagerService.handleAppDiedLocked(ActivityManagerService.java:5923)
12-08 06:11:12.683  1881  1895 E ActivityManager: 	at com.android.server.am.ActivityManagerService.removeProcessLocked(ActivityManagerService.java:7501)
12-08 06:11:12.683  1881  1895 E ActivityManager: 	at com.android.server.am.ActivityManagerService.killPackageProcessesLocked(ActivityManagerService.java:7142)
12-08 06:11:12.683  1881  1895 E ActivityManager: 	at com.android.server.am.ActivityManagerService.forceStopPackageLocked(ActivityManagerService.java:7275)
12-08 06:11:12.683  1881  1895 E ActivityManager: 	at com.android.server.am.ActivityManagerService$MainHandler.handleMessage(ActivityManagerService.java:2289)
12-08 06:11:12.683  1881  1895 E ActivityManager: 	at android.os.Handler.dispatchMessage(Handler.java:106)
12-08 06:11:12.683  1881  1895 E ActivityManager: 	at android.os.Looper.loop(Looper.java:193)
12-08 06:11:12.683  1881  1895 E ActivityManager: 	at android.os.HandlerThread.run(HandlerThread.java:65)
12-08 06:11:12.683  1881  1895 E ActivityManager: 	at com.android.server.ServiceThread.run(ServiceThread.java:44)
12-08 06:11:17.384  2448 30235 E ctxmgr  : [ProducerStatusImpl]updateStateForNewContextData: inactive, contextName=7
12-08 06:11:19.328  2448  2448 E BeaconBle: Missing BluetoothAdapter
12-08 06:11:19.357  2448  2448 E BeaconBle: Scan couldn't start for Places
12-08 06:11:23.422  1730  1755 E         : Couldn't opendir /data/app/vmdl2099393421.tmp: No such file or directory
12-08 06:11:23.422  1730  1755 E installd: Failed to delete /data/app/vmdl2099393421.tmp: No such file or directory
12-08 06:11:25.836  2475 30744 E ChromeSync: [Sync,SyncIntentOperation] Error handling the intent: Intent { act=android.intent.action.PACKAGE_ADDED dat=package:com.evancharlton.mileage flg=0x4000010 cmp=com.google.android.gms/.chimera.GmsIntentOperationService (has extras) }.
12-08 06:11:27.822 30810 30810 E harlton.mileag: Not starting debugger since process cannot load the jdwp agent.
12-08 06:12:00.454  1828  1828 E netmgr  : Failed to open QEMU pipe 'qemud:network': Invalid argument
12-08 06:12:00.454  1828  1828 E netmgr  : WifiForwarder unable to open QEMU pipe: Invalid argument
12-08 06:12:06.841  1738  1772 E storaged: getDiskStats failed with result NOT_SUPPORTED and size 0
12-08 06:12:18.013  2494  2716 E PlayCommon: [101] com.google.android.play.b.g.a(448): Failed to connect to server: java.net.UnknownHostException: Unable to resolve host "play.googleapis.com": No address associated with hostname
12-08 06:12:37.443  1611  1695 E audio_hw_generic: pcm_write failed cannot write stream data: I/O error
12-08 06:12:46.538 29746 29746 E SchedPolicy: set_timerslack_ns write failed: Operation not permitted
12-08 06:12:46.580 29746 29746 E SchedPolicy: set_timerslack_ns write failed: Operation not permitted
12-08 06:12:48.696  2448 30206 E ctxmgr  : [ProducerStatusImpl]updateStateForNewContextData: inactive, contextName=7
12-08 06:12:48.871  2448 30206 E ctxmgr  : [ProducerStatusImpl]updateStateForNewContextData: inactive, contextName=1
12-08 06:12:48.871  2448 30206 E ctxmgr  : [ProducerStatusImpl]updateStateForNewContextData: inactive, contextName=1
12-08 06:12:50.793  2448  2448 E BeaconBle: Missing BluetoothAdapter
12-08 06:12:50.877  2448  2448 E BeaconBle: Scan couldn't start for Places
12-08 06:13:01.930  1828  1828 E netmgr  : Failed to open QEMU pipe 'qemud:network': Invalid argument
12-08 06:13:01.930  1828  1828 E netmgr  : WifiForwarder unable to open QEMU pipe: Invalid argument
12-08 06:13:04.349 30879 30879 E hod.latin:trai: Not starting debugger since process cannot load the jdwp agent.
12-08 06:13:08.324  1738  1772 E storaged: getDiskStats failed with result NOT_SUPPORTED and size 0
12-08 06:13:10.870  2448 30206 E ctxmgr  : [ProducerStatusImpl]updateStateForNewContextData: inactive, contextName=7
12-08 06:13:13.057  2448  2448 E BeaconBle: Missing BluetoothAdapter
12-08 06:13:13.193  2448  2448 E BeaconBle: Scan couldn't start for Places
12-08 06:13:15.392  1611 30909 E audio_hw_generic: pcm_open(in) failed: cannot open device '/dev/snd/pcmC0D0c': Device or resource busy: channels 2 format 0 rate 16000
12-08 06:13:19.721 30913 30913 E dboxed_process: Not starting debugger since process cannot load the jdwp agent.
12-08 06:13:19.974 29746 29746 E SchedPolicy: set_timerslack_ns write failed: Operation not permitted
12-08 06:13:24.419 29746 29746 E SchedPolicy: set_timerslack_ns write failed: Operation not permitted
12-08 06:13:40.048  1881  1894 E memtrack: Couldn't load memtrack module
12-08 06:13:42.247  1881  1894 E memtrack: Couldn't load memtrack module
12-08 06:13:44.303  1881  1898 E libprocessgroup: Error encountered killing process cgroup uid 99044 pid 30913: No such file or directory
12-08 06:13:55.382  1881  1895 E WindowManager: Performed 6 layouts in a row. Skipping
12-08 06:13:55.399  1881  1934 E WindowManager: Performed 6 layouts in a row. Skipping
12-08 06:13:55.454  1881  1934 E WindowManager: Performed 6 layouts in a row. Skipping
12-08 06:13:55.471  1881  1896 E WindowManager: Performed 6 layouts in a row. Skipping
12-08 06:13:55.490  1881  3624 E WindowManager: Performed 6 layouts in a row. Skipping
12-08 06:13:55.516  1881  1934 E WindowManager: Performed 6 layouts in a row. Skipping
12-08 06:13:55.586  1881  1934 E WindowManager: Performed 6 layouts in a row. Skipping
12-08 06:13:55.602  1881  2406 E WindowManager: Performed 6 layouts in a row. Skipping
12-08 06:13:55.633  1881  1934 E WindowManager: Performed 6 layouts in a row. Skipping
12-08 06:13:55.731  1881  1934 E WindowManager: Performed 6 layouts in a row. Skipping
12-08 06:14:00.009  1881  1894 E memtrack: Couldn't load memtrack module
12-08 06:14:01.988  1828  1828 E netmgr  : Failed to open QEMU pipe 'qemud:network': Invalid argument
12-08 06:14:01.988  1828  1828 E netmgr  : WifiForwarder unable to open QEMU pipe: Invalid argument
