--------- beginning of system
--------- beginning of main
12-09 05:23:01.694 15688 15688 E SpannableStringBuilder: SPAN_EXCLUSIVE_EXCLUSIVE spans cannot have a zero length
12-09 05:23:01.695 15688 15688 E SpannableStringBuilder: SPAN_EXCLUSIVE_EXCLUSIVE spans cannot have a zero length
12-09 05:23:03.617 15727 15727 E emui:screensho: Not starting debugger since process cannot load the jdwp agent.
12-09 05:23:03.985 15727 15727 E SoundPool: error loading /product/media/audio/ui/camera_click.ogg
12-09 05:23:04.323  1741  1741 E OMXNodeInstance: getConfig(0xe9391180:google.vorbis.decoder, ConfigAndroidVendorExtension(0x6f100004)) ERROR: Undefined(0x80001001)
12-09 05:23:06.946  1994  1994 E RecyclerView: No adapter attached; skipping layout
12-09 05:23:07.043 15757 15757 E d.process.medi: Not starting debugger since process cannot load the jdwp agent.
12-09 05:23:10.447 15782 15782 E earchbox:searc: Not starting debugger since process cannot load the jdwp agent.
12-09 05:23:12.109 15782 15782 E OverlaySController: Calling with an invalid UID, the interface will not work
12-09 05:23:12.497 15807 15807 E ocess.gservice: Not starting debugger since process cannot load the jdwp agent.
12-09 05:23:12.696 15828 15828 E id.partnersetu: Not starting debugger since process cannot load the jdwp agent.
12-09 05:23:12.742 15842 15842 E e.process.gapp: Not starting debugger since process cannot load the jdwp agent.
12-09 05:23:12.767 15782 15817 E BluetoothAdapter: Bluetooth binder is null
12-09 05:23:14.473  1834  1834 E netmgr  : Failed to open QEMU pipe 'qemud:network': Invalid argument
12-09 05:23:14.473  1834  1834 E netmgr  : WifiForwarder unable to open QEMU pipe: Invalid argument
12-09 05:23:15.962  1726  1911 E SurfaceFlinger: ro.sf.lcd_density must be defined as a build property
12-09 05:23:16.193  1726  1873 E SurfaceFlinger: ro.sf.lcd_density must be defined as a build property
12-09 05:23:17.958 15878 15878 E oid.apps.photo: Not starting debugger since process cannot load the jdwp agent.
12-09 05:23:21.460 11178 11178 E wpa_supplicant: nl80211: Failed to open /proc/sys/net/ipv4/conf/p2p-dev-wlan0/drop_unicast_in_l2_multicast: No such file or directory
12-09 05:23:21.460 11178 11178 E wpa_supplicant: nl80211: Failed to set IPv4 unicast in multicast filter
12-09 05:23:21.501 11178 11178 E wpa_supplicant: nl80211: Failed to open /proc/sys/net/ipv4/conf/p2p-dev-wlan0/drop_unicast_in_l2_multicast: No such file or directory
12-09 05:23:21.501 11178 11178 E wpa_supplicant: nl80211: Failed to set IPv4 unicast in multicast filter
12-09 05:23:21.630 11178 11178 E wpa_supplicant: nl80211: Failed to open /proc/sys/net/ipv4/conf/wlan0/drop_unicast_in_l2_multicast: No such file or directory
12-09 05:23:21.630 11178 11178 E wpa_supplicant: nl80211: Failed to set IPv4 unicast in multicast filter
12-09 05:23:21.636 11178 11178 E wpa_supplicant: nl80211: Failed to open /proc/sys/net/ipv4/conf/wlan0/drop_unicast_in_l2_multicast: No such file or directory
12-09 05:23:21.636 11178 11178 E wpa_supplicant: nl80211: Failed to set IPv4 unicast in multicast filter
12-09 05:23:21.745 11178 11178 E wpa_supplicant: nl80211: Failed to open /proc/sys/net/ipv4/conf/wlan0/drop_unicast_in_l2_multicast: No such file or directory
12-09 05:23:21.745 11178 11178 E wpa_supplicant: nl80211: Failed to set IPv4 unicast in multicast filter
12-09 05:23:21.811  2378 14950 E ctxmgr  : [ProducerStatusImpl]updateStateForNewContextData: inactive, contextName=7
12-09 05:23:22.016  2378 14950 E ctxmgr  : [ProducerStatusImpl]updateStateForNewContextData: inactive, contextName=1
12-09 05:23:22.026 15934 15934 E rrierdefaultap: Not starting debugger since process cannot load the jdwp agent.
12-09 05:23:22.110  1629  1629 E android.hardware.wifi@1.0-service: Failed to open directory: Permission denied
12-09 05:23:22.110  1629  1629 E android.hardware.wifi@1.0-service: Error occurred while deleting old tombstone files
12-09 05:23:22.110  1629  1629 E android.hardware.wifi@1.0-service: Error writing files to flash
12-09 05:23:22.365  1739  1762 E storaged: getDiskStats failed with result NOT_SUPPORTED and size 0
12-09 05:23:22.451 15782 15782 E ContextIntentStarter: No activity found for any of the 0 intents
12-09 05:23:22.675  1885  1971 E WifiP2pService: Unhandled message { when=-1ms what=131204 target=com.android.internal.util.StateMachine$SmHandler }
12-09 05:23:22.908  2378 11357 E WakeLock: GCM_HB_ALARM release without a matched acquire!
12-09 05:23:22.963  1885  1903 E BatteryExternalStatsWorker: no controller energy info supplied for wifi
12-09 05:23:22.991  2378  3140 E PlaceInferenceEngine: Position timestamp out of order. Previous: 1544350421976, Current: 1544333001000. Skipping this Position.
12-09 05:23:23.511  2378 11357 E WakeLock: GCM_CONN_ALARM release without a matched acquire!
12-09 05:23:23.550  2378  2378 E BeaconBle: Missing BluetoothAdapter
12-09 05:23:23.875  2378  2378 E BeaconBle: Scan couldn't start for Places
12-09 05:23:23.891  1629  1629 E android.hardware.wifi@1.0-service: Failed to register radio mode change callback
12-09 05:23:23.892  1629  1629 E android.hardware.wifi@1.0-service: Failed to set DFS flag; DFS channels may be unavailable.
12-09 05:23:23.955  1740  1740 E wificond: No Offload Service available
12-09 05:23:24.262  1885  1971 E WifiP2pService: Unhandled message { when=-1ms what=131203 target=com.android.internal.util.StateMachine$SmHandler }
12-09 05:23:24.289  1885  1971 E WifiP2pService: Unhandled message { when=0 what=131203 target=com.android.internal.util.StateMachine$SmHandler }
12-09 05:23:24.296  1885  1903 E BatteryExternalStatsWorker: no controller energy info supplied for wifi
12-09 05:23:24.341  1885  1903 E BatteryExternalStatsWorker: no controller energy info supplied for wifi
12-09 05:23:24.712 15972 15972 E viders.calenda: Not starting debugger since process cannot load the jdwp agent.
12-09 05:23:24.827 15985 15985 E ndroid.calenda: Not starting debugger since process cannot load the jdwp agent.
12-09 05:23:26.980 16050 16050 E droid.deskcloc: Not starting debugger since process cannot load the jdwp agent.
12-09 05:23:27.646 16050 16050 E LoadedApk: Unable to instantiate appComponentFactory
12-09 05:23:27.646 16050 16050 E LoadedApk: java.lang.ClassNotFoundException: Didn't find class "android.support.v4.app.CoreComponentFactory" on path: DexPathList[[zip file "/data/app/com.google.android.deskclock-irjeQ48B8SlCzNgOUY6aXg==/base.apk"],nativeLibraryDirectories=[/data/app/com.google.android.deskclock-irjeQ48B8SlCzNgOUY6aXg==/lib/x86, /system/lib]]
12-09 05:23:27.646 16050 16050 E LoadedApk: 	at dalvik.system.BaseDexClassLoader.findClass(BaseDexClassLoader.java:134)
12-09 05:23:27.646 16050 16050 E LoadedApk: 	at java.lang.ClassLoader.loadClass(ClassLoader.java:379)
12-09 05:23:27.646 16050 16050 E LoadedApk: 	at java.lang.ClassLoader.loadClass(ClassLoader.java:312)
12-09 05:23:27.646 16050 16050 E LoadedApk: 	at android.app.LoadedApk.createAppFactory(LoadedApk.java:226)
12-09 05:23:27.646 16050 16050 E LoadedApk: 	at android.app.LoadedApk.createOrUpdateClassLoaderLocked(LoadedApk.java:731)
12-09 05:23:27.646 16050 16050 E LoadedApk: 	at android.app.LoadedApk.getClassLoader(LoadedApk.java:810)
12-09 05:23:27.646 16050 16050 E LoadedApk: 	at android.app.LoadedApk.getResources(LoadedApk.java:1032)
12-09 05:23:27.646 16050 16050 E LoadedApk: 	at android.app.ContextImpl.createAppContext(ContextImpl.java:2345)
12-09 05:23:27.646 16050 16050 E LoadedApk: 	at android.app.ActivityThread.handleBindApplication(ActivityThread.java:5749)
12-09 05:23:27.646 16050 16050 E LoadedApk: 	at android.app.ActivityThread.access$1100(ActivityThread.java:199)
12-09 05:23:27.646 16050 16050 E LoadedApk: 	at android.app.ActivityThread$H.handleMessage(ActivityThread.java:1650)
12-09 05:23:27.646 16050 16050 E LoadedApk: 	at android.os.Handler.dispatchMessage(Handler.java:106)
12-09 05:23:27.646 16050 16050 E LoadedApk: 	at android.os.Looper.loop(Looper.java:193)
12-09 05:23:27.646 16050 16050 E LoadedApk: 	at android.app.ActivityThread.main(ActivityThread.java:6669)
12-09 05:23:27.646 16050 16050 E LoadedApk: 	at java.lang.reflect.Method.invoke(Native Method)
12-09 05:23:27.646 16050 16050 E LoadedApk: 	at com.android.internal.os.RuntimeInit$MethodAndArgsCaller.run(RuntimeInit.java:493)
12-09 05:23:27.646 16050 16050 E LoadedApk: 	at com.android.internal.os.ZygoteInit.main(ZygoteInit.java:858)
12-09 05:23:28.444 16083 16083 E com.ustwo.lwp: Not starting debugger since process cannot load the jdwp agent.
12-09 05:23:28.630  1633  1633 E lowmemorykiller: Error writing /proc/15985/oom_score_adj; errno=22
12-09 05:23:28.650  1885  1903 E BatteryExternalStatsWorker: no controller energy info supplied for wifi
12-09 05:23:28.736 16100 16100 E ndroid.calenda: Not starting debugger since process cannot load the jdwp agent.
12-09 05:23:29.413  1737  1820 E Netd    : Error adding route ::/0 -> fe80::ff:fe00:100 wlan0 to table 1003: File exists
12-09 05:23:29.535  2378 16126 E WakeLock: GCM_CONN_ALARM release without a matched acquire!
12-09 05:23:30.224 16156 16156 E droid.deskcloc: Not starting debugger since process cannot load the jdwp agent.
12-09 05:23:30.979 16156 16156 E LoadedApk: Unable to instantiate appComponentFactory
12-09 05:23:30.979 16156 16156 E LoadedApk: java.lang.ClassNotFoundException: Didn't find class "android.support.v4.app.CoreComponentFactory" on path: DexPathList[[zip file "/data/app/com.google.android.deskclock-irjeQ48B8SlCzNgOUY6aXg==/base.apk"],nativeLibraryDirectories=[/data/app/com.google.android.deskclock-irjeQ48B8SlCzNgOUY6aXg==/lib/x86, /system/lib]]
12-09 05:23:30.979 16156 16156 E LoadedApk: 	at dalvik.system.BaseDexClassLoader.findClass(BaseDexClassLoader.java:134)
12-09 05:23:30.979 16156 16156 E LoadedApk: 	at java.lang.ClassLoader.loadClass(ClassLoader.java:379)
12-09 05:23:30.979 16156 16156 E LoadedApk: 	at java.lang.ClassLoader.loadClass(ClassLoader.java:312)
12-09 05:23:30.979 16156 16156 E LoadedApk: 	at android.app.LoadedApk.createAppFactory(LoadedApk.java:226)
12-09 05:23:30.979 16156 16156 E LoadedApk: 	at android.app.LoadedApk.createOrUpdateClassLoaderLocked(LoadedApk.java:731)
12-09 05:23:30.979 16156 16156 E LoadedApk: 	at android.app.LoadedApk.getClassLoader(LoadedApk.java:810)
12-09 05:23:30.979 16156 16156 E LoadedApk: 	at android.app.LoadedApk.getResources(LoadedApk.java:1032)
12-09 05:23:30.979 16156 16156 E LoadedApk: 	at android.app.ContextImpl.createAppContext(ContextImpl.java:2345)
12-09 05:23:30.979 16156 16156 E LoadedApk: 	at android.app.ActivityThread.handleBindApplication(ActivityThread.java:5749)
12-09 05:23:30.979 16156 16156 E LoadedApk: 	at android.app.ActivityThread.access$1100(ActivityThread.java:199)
12-09 05:23:30.979 16156 16156 E LoadedApk: 	at android.app.ActivityThread$H.handleMessage(ActivityThread.java:1650)
12-09 05:23:30.979 16156 16156 E LoadedApk: 	at android.os.Handler.dispatchMessage(Handler.java:106)
12-09 05:23:30.979 16156 16156 E LoadedApk: 	at android.os.Looper.loop(Looper.java:193)
12-09 05:23:30.979 16156 16156 E LoadedApk: 	at android.app.ActivityThread.main(ActivityThread.java:6669)
12-09 05:23:30.979 16156 16156 E LoadedApk: 	at java.lang.reflect.Method.invoke(Native Method)
12-09 05:23:30.979 16156 16156 E LoadedApk: 	at com.android.internal.os.RuntimeInit$MethodAndArgsCaller.run(RuntimeInit.java:493)
12-09 05:23:30.979 16156 16156 E LoadedApk: 	at com.android.internal.os.ZygoteInit.main(ZygoteInit.java:858)
12-09 05:23:31.917  2378  2378 E NetworkScheduler.ATC: Called cancelTask for already completed task com.google.android.calendar/com.firebase.jobdispatcher.GooglePlayReceiver{u=0 tag="PhenotypeCommitFirebase" trigger=window{start=0s,end=1s,earliest=0s,latest=0s} requirements=[NET_ANY] attributes=[PERSISTED] scheduled=0s last_run=0s jid=N/A status=PENDING retries=0 client_lib=FIREBASE_JOB_DISPATCHER-1} :INVALID_START
12-09 05:23:31.923  2378 14617 E NetworkScheduler: Unknown result code received: 4
12-09 05:23:49.920  2378 15927 E NetworkScheduler.TED: Dropping task as app's play services SDK version does not support Android O. Either update the SDK or lower your app's target SDK version. Canceling all tasks for the service: ComponentInfo{com.google.android.calendar/com.firebase.jobdispatcher.GooglePlayReceiver}
12-09 05:24:14.487  1834  1834 E netmgr  : Failed to open QEMU pipe 'qemud:network': Invalid argument
12-09 05:24:14.487  1834  1834 E netmgr  : WifiForwarder unable to open QEMU pipe: Invalid argument
12-09 05:24:22.372  1739  1762 E storaged: getDiskStats failed with result NOT_SUPPORTED and size 0
12-09 05:24:30.382 16215 16215 E ocess.gservice: Not starting debugger since process cannot load the jdwp agent.
12-09 05:25:14.491  1834  1834 E netmgr  : Failed to open QEMU pipe 'qemud:network': Invalid argument
12-09 05:25:14.491  1834  1834 E netmgr  : WifiForwarder unable to open QEMU pipe: Invalid argument
12-09 05:25:22.376  1739  1762 E storaged: getDiskStats failed with result NOT_SUPPORTED and size 0
