--------- beginning of system
12-07 09:13:15.655  1735  1809 E storaged: getDiskStats failed with result NOT_SUPPORTED and size 0
12-07 09:14:17.384  1735  1809 E storaged: getDiskStats failed with result NOT_SUPPORTED and size 0
12-07 09:15:17.772  1735  1809 E storaged: getDiskStats failed with result NOT_SUPPORTED and size 0
12-07 09:16:18.724  1735  1809 E storaged: getDiskStats failed with result NOT_SUPPORTED and size 0
12-07 09:17:20.086  1735  1809 E storaged: getDiskStats failed with result NOT_SUPPORTED and size 0
12-07 09:18:34.639  1735  1809 E storaged: getDiskStats failed with result NOT_SUPPORTED and size 0
12-07 09:19:34.662  1735  1809 E storaged: getDiskStats failed with result NOT_SUPPORTED and size 0
12-07 09:20:35.066  1735  1809 E storaged: getDiskStats failed with result NOT_SUPPORTED and size 0
12-07 09:21:35.257  1735  1809 E storaged: getDiskStats failed with result NOT_SUPPORTED and size 0
12-07 09:22:36.427  1735  1809 E storaged: getDiskStats failed with result NOT_SUPPORTED and size 0
12-07 09:23:38.144  1735  1809 E storaged: getDiskStats failed with result NOT_SUPPORTED and size 0
12-07 09:24:39.497  1735  1809 E storaged: getDiskStats failed with result NOT_SUPPORTED and size 0
12-07 09:25:40.205  1735  1809 E storaged: getDiskStats failed with result NOT_SUPPORTED and size 0
12-07 09:26:40.207  1735  1809 E storaged: getDiskStats failed with result NOT_SUPPORTED and size 0
--------- beginning of main
12-07 09:27:40.212  1735  1809 E storaged: getDiskStats failed with result NOT_SUPPORTED and size 0
12-07 09:27:49.107  2378 18541 E WakeLock: GCM_HB_ALARM release without a matched acquire!
12-07 09:27:49.554 20435 20435 E .android.video: Not starting debugger since process cannot load the jdwp agent.
12-07 09:28:03.080  1829  1829 E netmgr  : Failed to open QEMU pipe 'qemud:network': Invalid argument
12-07 09:28:03.080  1829  1829 E netmgr  : WifiForwarder unable to open QEMU pipe: Invalid argument
12-07 09:28:07.831  2378 20235 E NetworkScheduler.TED: Dropping task as app's play services SDK version does not support Android O. Either update the SDK or lower your app's target SDK version. Canceling all tasks for the service: ComponentInfo{com.google.android.videos/com.google.android.apps.play.movies.common.service.drm.RefreshLicenseTaskService}
12-07 09:28:08.204  2378 20476 E NetworkScheduler.ATC: Called cancelTask for already completed task com.google.android.videos/com.google.android.apps.play.movies.common.service.drm.RefreshLicenseTaskService{u=0 tag="refresh_license_forced" trigger=window{start=3600s,end=10800s,earliest=-514s,latest=6685s} requirements=[NET_CONNECTED] attributes=[] scheduled=-4114s last_run=-18s jid=N/A status=ACTIVE retries=0 client_lib=MANCHEGO_GCM-10400000} :RESCHEDULED
12-07 09:28:41.755  1735  1809 E storaged: getDiskStats failed with result NOT_SUPPORTED and size 0
12-07 09:28:46.415 19659 19659 E SpannableStringBuilder: SPAN_EXCLUSIVE_EXCLUSIVE spans cannot have a zero length
12-07 09:28:46.415 19659 19659 E SpannableStringBuilder: SPAN_EXCLUSIVE_EXCLUSIVE spans cannot have a zero length
12-07 09:29:02.726  2378 20509 E akfu    : Phenotype platform registration failed [CONTEXT service_id=51 ]
12-07 09:29:02.726  2378 20509 E akfu    : java.util.concurrent.TimeoutException: Timed out waiting for Task
12-07 09:29:02.726  2378 20509 E akfu    : 	at arhb.a(:com.google.android.gms@14799040@14.7.99 (100700-223214910):29)
12-07 09:29:02.726  2378 20509 E akfu    : 	at akfu.a(:com.google.android.gms@14799040@14.7.99 (100700-223214910):3)
12-07 09:29:02.726  2378 20509 E akfu    : 	at com.google.android.gms.phenotype.sync.HeterodyneSyncTaskChimeraService.a(:com.google.android.gms@14799040@14.7.99 (100700-223214910):70)
12-07 09:29:02.726  2378 20509 E akfu    : 	at com.google.android.gms.phenotype.sync.HeterodyneSyncTaskChimeraService.a(:com.google.android.gms@14799040@14.7.99 (100700-223214910):16)
12-07 09:29:02.726  2378 20509 E akfu    : 	at ynh.run(:com.google.android.gms@14799040@14.7.99 (100700-223214910):5)
12-07 09:29:02.726  2378 20509 E akfu    : 	at qwc.run(:com.google.android.gms@14799040@14.7.99 (100700-223214910):21)
12-07 09:29:02.726  2378 20509 E akfu    : 	at java.util.concurrent.ThreadPoolExecutor.runWorker(ThreadPoolExecutor.java:1167)
12-07 09:29:02.726  2378 20509 E akfu    : 	at java.util.concurrent.ThreadPoolExecutor$Worker.run(ThreadPoolExecutor.java:641)
12-07 09:29:02.726  2378 20509 E akfu    : 	at rbx.run(Unknown Source:7)
12-07 09:29:02.726  2378 20509 E akfu    : 	at java.lang.Thread.run(Thread.java:764)
12-07 09:29:04.661  1829  1829 E netmgr  : Failed to open QEMU pipe 'qemud:network': Invalid argument
12-07 09:29:04.662  1829  1829 E netmgr  : WifiForwarder unable to open QEMU pipe: Invalid argument
12-07 09:29:41.761  1735  1809 E storaged: getDiskStats failed with result NOT_SUPPORTED and size 0
12-07 09:30:04.738  1829  1829 E netmgr  : Failed to open QEMU pipe 'qemud:network': Invalid argument
12-07 09:30:04.738  1829  1829 E netmgr  : WifiForwarder unable to open QEMU pipe: Invalid argument
12-07 09:30:09.796 19845 19845 E ClientVe: Failed to create ClientVisualElementsProto for user interaction on view com.google.android.apps.gsa.searchbox.ui.suggestions.views.CoreSuggestionView{2ecfbfe VFE...CL. ...P.... 0,-5-1038,142 #19} because the view is not tagged for visual element logging.
12-07 09:30:09.799  2378  2378 E BluetoothAdapter: Bluetooth binder is null
12-07 09:30:11.990 19845 19845 E ClientVe: Failed to create ClientVisualElementsProto for user interaction on view com.google.android.apps.gsa.searchbox.ui.suggestions.views.CoreSuggestionView{ca6da75 VFE...CL. ...P.... 0,436-1038,583 #1c} because the view is not tagged for visual element logging.
12-07 09:30:12.076 19845 19845 E ClientVe: Failed to create ClientVisualElementsProto for user interaction on view com.google.android.apps.gsa.searchbox.ui.suggestions.views.CoreSuggestionView{2ecfbfe VFE...CL. ...P.... 0,-5-1038,142 #19} because the view is not tagged for visual element logging.
12-07 09:30:12.116 20534 20534 E .android.diale: Not starting debugger since process cannot load the jdwp agent.
12-07 09:30:26.118 19845 20124 E IcingUsageReportRunnabl: Failed to connect when reporting usage: ConnectionResult{statusCode=TIMEOUT, resolution=null, message=null}
12-07 09:30:26.119 19845 20122 E IcingUsageReportRunnabl: Failed to connect when reporting usage: ConnectionResult{statusCode=TIMEOUT, resolution=null, message=null}
12-07 09:30:35.450 20534 20534 E .android.diale: The String#value field is not present on Android versions >= 6.0
12-07 09:30:37.665 20534 20568 E PhenotypeFlagCommitter: Retrieving snapshot for com.google.android.dialer failed
12-07 09:30:37.665 20534 20568 E PhenotypeFlagCommitter: java.util.concurrent.TimeoutException: Timed out waiting for Task
12-07 09:30:37.665 20534 20568 E PhenotypeFlagCommitter: 	at fas.a(Unknown Source:77)
12-07 09:30:37.665 20534 20568 E PhenotypeFlagCommitter: 	at fpa.a(Unknown Source:3)
12-07 09:30:37.665 20534 20568 E PhenotypeFlagCommitter: 	at edu.a(PG:7)
12-07 09:30:37.665 20534 20568 E PhenotypeFlagCommitter: 	at bcc.c(PG:14)
12-07 09:30:37.665 20534 20568 E PhenotypeFlagCommitter: 	at bcd.run(Unknown Source:2)
12-07 09:30:37.665 20534 20568 E PhenotypeFlagCommitter: 	at java.util.concurrent.Executors$RunnableAdapter.call(Executors.java:458)
12-07 09:30:37.665 20534 20568 E PhenotypeFlagCommitter: 	at java.util.concurrent.FutureTask.run(FutureTask.java:266)
12-07 09:30:37.665 20534 20568 E PhenotypeFlagCommitter: 	at java.util.concurrent.ScheduledThreadPoolExecutor$ScheduledFutureTask.run(ScheduledThreadPoolExecutor.java:301)
12-07 09:30:37.665 20534 20568 E PhenotypeFlagCommitter: 	at java.util.concurrent.ThreadPoolExecutor.runWorker(ThreadPoolExecutor.java:1167)
12-07 09:30:37.665 20534 20568 E PhenotypeFlagCommitter: 	at java.util.concurrent.ThreadPoolExecutor$Worker.run(ThreadPoolExecutor.java:641)
12-07 09:30:37.665 20534 20568 E PhenotypeFlagCommitter: 	at java.lang.Thread.run(Thread.java:764)
12-07 09:30:40.055 20534 20568 E PhenotypeFlagCommitter: Retrieving snapshot for com.google.android.dialer failed
12-07 09:30:40.055 20534 20568 E PhenotypeFlagCommitter: java.util.concurrent.TimeoutException: Timed out waiting for Task
12-07 09:30:40.055 20534 20568 E PhenotypeFlagCommitter: 	at fas.a(Unknown Source:77)
12-07 09:30:40.055 20534 20568 E PhenotypeFlagCommitter: 	at fpa.a(Unknown Source:3)
12-07 09:30:40.055 20534 20568 E PhenotypeFlagCommitter: 	at edu.a(PG:7)
12-07 09:30:40.055 20534 20568 E PhenotypeFlagCommitter: 	at bcc.c(PG:14)
12-07 09:30:40.055 20534 20568 E PhenotypeFlagCommitter: 	at bcd.run(Unknown Source:2)
12-07 09:30:40.055 20534 20568 E PhenotypeFlagCommitter: 	at java.util.concurrent.Executors$RunnableAdapter.call(Executors.java:458)
12-07 09:30:40.055 20534 20568 E PhenotypeFlagCommitter: 	at java.util.concurrent.FutureTask.run(FutureTask.java:266)
12-07 09:30:40.055 20534 20568 E PhenotypeFlagCommitter: 	at java.util.concurrent.ScheduledThreadPoolExecutor$ScheduledFutureTask.run(ScheduledThreadPoolExecutor.java:301)
12-07 09:30:40.055 20534 20568 E PhenotypeFlagCommitter: 	at java.util.concurrent.ThreadPoolExecutor.runWorker(ThreadPoolExecutor.java:1167)
12-07 09:30:40.055 20534 20568 E PhenotypeFlagCommitter: 	at java.util.concurrent.ThreadPoolExecutor$Worker.run(ThreadPoolExecutor.java:641)
12-07 09:30:40.055 20534 20568 E PhenotypeFlagCommitter: 	at java.lang.Thread.run(Thread.java:764)
12-07 09:30:42.159  1735  1809 E storaged: getDiskStats failed with result NOT_SUPPORTED and size 0
12-07 09:30:45.023 20586 20586 E .apps.messagin: Not starting debugger since process cannot load the jdwp agent.
12-07 09:30:45.062 20581 20581 E .android.gms.u: Not starting debugger since process cannot load the jdwp agent.
12-07 09:30:56.029 20618 20618 E .android.chrom: Not starting debugger since process cannot load the jdwp agent.
12-07 09:31:04.739  1829  1829 E netmgr  : Failed to open QEMU pipe 'qemud:network': Invalid argument
12-07 09:31:04.740  1829  1829 E netmgr  : WifiForwarder unable to open QEMU pipe: Invalid argument
12-07 09:31:07.349  1880  1895 E memtrack: Couldn't load memtrack module
12-07 09:31:09.510  1880  1895 E memtrack: Couldn't load memtrack module
12-07 09:31:09.578  1880  1896 E ActivityManager: ANR in com.google.android.gms.ui
12-07 09:31:09.578  1880  1896 E ActivityManager: PID: 20581
12-07 09:31:09.578  1880  1896 E ActivityManager: Reason: executing service com.google.android.gms/.chimera.UiIntentOperationService
12-07 09:31:09.578  1880  1896 E ActivityManager: Load: 0.0 / 0.0 / 0.0
12-07 09:31:09.578  1880  1896 E ActivityManager: CPU usage from 246667ms to -7ms ago (2018-12-07 09:27:00.562 to 2018-12-07 09:31:07.236):
12-07 09:31:09.578  1880  1896 E ActivityManager:   46% 19845/com.google.android.googlequicksearchbox:search: 21% user + 24% kernel / faults: 42922 minor 9325 major
12-07 09:31:09.578  1880  1896 E ActivityManager:   35% 646/kswapd0: 0% user + 35% kernel
12-07 09:31:09.578  1880  1896 E ActivityManager:   29% 1880/system_server: 15% user + 14% kernel / faults: 18975 minor 2216 major
12-07 09:31:09.578  1880  1896 E ActivityManager:   20% 2378/com.google.android.gms.persistent: 10% user + 9.5% kernel / faults: 17729 minor 2500 major
12-07 09:31:09.578  1880  1896 E ActivityManager:   17% 2422/com.google.android.apps.nexuslauncher: 10% user + 6.5% kernel / faults: 19479 minor 615 major
12-07 09:31:09.578  1880  1896 E ActivityManager:   14% 1722/surfaceflinger: 5.8% user + 8.6% kernel / faults: 291 minor 31 major
12-07 09:31:09.578  1880  1896 E ActivityManager:   10% 2482/com.google.android.gms: 5.1% user + 5.4% kernel / faults: 15150 minor 1230 major
12-07 09:31:09.578  1880  1896 E ActivityManager:   10% 1702/kworker/u9:3: 0% user + 10% kernel
12-07 09:31:09.578  1880  1896 E ActivityManager:   10% 1701/kworker/u9:2: 0% user + 10% kernel
12-07 09:31:09.578  1880  1896 E ActivityManager:   8.8% 1700/kworker/u9:1: 0% user + 8.8% kernel
12-07 09:31:09.578  1880  1896 E ActivityManager:   8.7% 1992/com.google.android.inputmethod.latin: 4.3% user + 4.3% kernel / faults: 23362 minor 2437 major
12-07 09:31:09.578  1880  1896 E ActivityManager:   7.1% 1675/kworker/u9:0: 0% user + 7.1% kernel
12-07 09:31:09.578  1880  1896 E ActivityManager:   5% 2008/com.android.systemui: 2.7% user + 2.3% kernel / faults: 4594 minor 723 major
12-07 09:31:09.578  1880  1896 E ActivityManager:   4.6% 2300/adbd: 0.2% user + 4.4% kernel / faults: 388471 minor 10 major
12-07 09:31:09.578  1880  1896 E ActivityManager:   4.4% 18700/kworker/u9:4: 0% user + 4.4% kernel
12-07 09:31:09.578  1880  1896 E ActivityManager:   4% 1628/audioserver: 1.2% user + 2.7% kernel / faults: 390 minor 139 major
12-07 09:31:09.578  1880  1896 E ActivityManager:   2.8% 15200/kworker/u8:0: 0% user + 2.8% kernel
12-07 09:31:09.578  1880  1896 E ActivityManager:   2.7% 20291/kworker/u8:3: 0% user + 2.7% kernel
12-07 09:31:09.578  1880  1896 E ActivityManager:   2.7% 16047/kworker/u8:2: 0% user + 2.7% kernel
12-07 09:31:09.578  1880  1896 E ActivityManager:   2.5% 1610/android.hardware.audio@2.0-service: 1.1% user + 1.4% kernel / faults: 65 minor 47 major
12-07 09:31:09.578  1880  1896 E ActivityManager:   2.2% 1745/android.hardware.graphics.composer@2.1-service: 0.2% user + 2% kernel / faults: 186 minor 11 major
12-07 09:31:09.578  1880  1896 E ActivityManager:   1.8% 18168/kworker/u8:6: 0% user + 1.8% kernel
12-07 09:31:09.578  1880  1896 E ActivityManager:   1.6% 19659/com.evancharlton.mileage: 0.6% user + 1% kernel / faults: 18800 minor 154 major
12-07 09:31:09.578  1880  1896 E ActivityManager:   1.6% 1624/android.hardware.sensors@1.0-service: 0.1% user + 1.4% kernel / faults: 2 major
12-07 09:31:09.578  1880  1896 E ActivityManager:   1.3% 2347/kworker/u8:4: 0% user + 1.3% kernel
12-07 09:31:09.578  1880  1896 E ActivityManager:   0.9% 19647/com.android.commands.monkey: 0.5% user + 0.4% kernel / faults: 789 minor 98 major
12-07 09:31:09.578  1880  1896 E ActivityManager:   0.2% 19963/com.google.android.gms.learning: 0% user + 0.2% kernel / faults: 1939 minor 748 major
12-07 09:31:09.578  1880  1896 E ActivityManager:   0.3% 1854/dhcpclient: 0.1% user + 0.2% kernel / faults: 2 major
12-07 09:31:09.578  1880  1896 E ActivityManager:   0.8% 1608/healthd: 0% user + 0.8% kernel / faults: 4 minor 5 major
12-07 09:31:09.578  1880  1896 E ActivityManager:   0.8% 1620/android.hardware.graphics.allocator@2.0-service: 0.1% user + 0.7% kernel / faults: 93 minor 16 major
12-07 09:31:09.578  1880  1896 E ActivityManager:   0.4% 19261/kworker/u8:1: 0% user + 0.4% kernel
12-07 09:31:09.578  1880  1896 E ActivityManager:   0.4% 1553/logd: 0% user + 0.3% kernel / faults: 10 minor 14 major
12-07 09:31:09.578  1880  1896 E ActivityManager:   0.1% 2125/com.android.phone: 0% user + 0.1% kernel / faults: 477 minor 227 major
12-07 09:31:09.578  1880  1896 E ActivityManager:   0.1% 3/ksoftirqd/0: 0% user + 0.1% kernel
12-07 09:31:09.578  1880  1896 E ActivityManager:   0% 19791/com.google.process.gservices: 0% user + 0% kernel / faults: 1099 minor 128 major
12-07 09:31:09.578  1880  1896 E ActivityManager:   0.1% 2318/logcat: 0% user + 0.1% kernel / faults: 2 minor
12-07 09:31:09.578  1880  1896 E ActivityManager:   0.1% 19239/kworker/0:2: 0% user + 0.1% kernel
12-07 09:31:09.578  1880  1896 E ActivityManager:   0% 1619/android.hardware.gnss@1.0-service: 0% user + 0% kernel
12-07 09:31:09.578  1880  1896 E ActivityManager:   0% 1715/jbd2/dm-1-8: 0% user + 0% kernel
12-07 09:31:09.578  1880  1896 E ActivityManager:   0% 7/rcu_preempt: 0% user + 0% kernel
12-07 09:31:09.578  1880  1896 E ActivityManager:   0% 1677/dmcrypt_write: 0% user + 0% kernel
12-07 09:31:09.578  1880  1896 E ActivityManager:   0% 1554/servicemanager: 0% user + 0% kernel
12-07 09:31:09.578  1880  1896 E ActivityManager:   0% 19899/com.google.android.partnersetup: 0% user + 0% kernel / faults: 512 minor 59 major
12-07 09:31:09.578  1880  1896 E ActivityManager:   0% 2780/com.android.vending: 0% user + 0% kernel / faults: 269 minor 143 major
12-07 09:31:09.578  1880  1896 E ActivityManager:   0% 1733/netd: 0% user + 0% kernel / faults: 107 minor 50 major
12-07 09:31:09.578  1880  1896 E ActivityManager:   0% 1723/zygote: 0% user + 0% kernel / faults: 837 minor 38 major
12-07 09:31:09.578  1880  1896 E ActivityManager:   0% 1734/statsd: 0% user + 0% kernel / faults: 1 major
12-07 09:31:09.578  1880  1896 E ActivityManager:   0% 1617/android.hardware.drm@1.1-service.widevine: 0% user + 0% kernel
12-07 09:31:09.578  1880  1896 E ActivityManager:   0% 1829/netmgr: 0% user + 0% kernel / faults: 4 major
12-07 09:31:09.578  1880  1896 E ActivityManager:   0% 19822/kworker/2:2: 0% user + 0% kernel
12-07 09:31:09.578  1880  1896 E ActivityManager:   0% 1738/rild: 0% user + 0% kernel / faults: 31 minor 79 major
12-07 09:31:09.578  1880  1896 E ActivityManager:   0% 18498/wpa_supplicant: 0% user + 0% kernel / faults: 8 minor 14 major
12-07 09:31:09.578  1880  1896 E ActivityManager:   0% 12/ksoftirqd/1: 0% user + 0% kernel
12-07 09:31:09.578  1880  1896 E ActivityManager:   0% 1743/android.hardware.biometrics.fingerprint@2.1-service: 0% user + 0% kernel
12-07 09:31:09.578  1880  1896 E ActivityManager:   0% 1868/hostapd_nohidl: 0% user + 0% kernel / faul
12-07 09:31:11.672  1880  1968 E WificondScannerImpl: Timed out waiting for scan result from wificond
12-07 09:31:18.181 20680 20680 E s.messaging:rc: Not starting debugger since process cannot load the jdwp agent.
12-07 09:31:18.505 20586 20679 E PhenotypeFlagCommitter: Retrieving snapshot for com.google.android.apps.messaging failed
12-07 09:31:18.505 20586 20679 E PhenotypeFlagCommitter: java.util.concurrent.TimeoutException: Timed out waiting for Task
12-07 09:31:18.505 20586 20679 E PhenotypeFlagCommitter: 	at kko.a(SourceFile:21)
12-07 09:31:18.505 20586 20679 E PhenotypeFlagCommitter: 	at kgm.a(SourceFile:9)
12-07 09:31:18.505 20586 20679 E PhenotypeFlagCommitter: 	at com.google.android.apps.messaging.shared.datamodel.action.CommitPhenotypeAction.executeAction(SourceFile:11)
12-07 09:31:18.505 20586 20679 E PhenotypeFlagCommitter: 	at ddp.a(SourceFile:9)
12-07 09:31:18.505 20586 20679 E PhenotypeFlagCommitter: 	at dcx.run(SourceFile:8)
12-07 09:31:18.505 20586 20679 E PhenotypeFlagCommitter: 	at java.util.concurrent.ThreadPoolExecutor.runWorker(ThreadPoolExecutor.java:1167)
12-07 09:31:18.505 20586 20679 E PhenotypeFlagCommitter: 	at java.util.concurrent.ThreadPoolExecutor$Worker.run(ThreadPoolExecutor.java:641)
12-07 09:31:18.505 20586 20679 E PhenotypeFlagCommitter: 	at java.lang.Thread.run(Thread.java:764)
12-07 09:31:20.524  1880  2001 E memtrack: Couldn't load memtrack module
12-07 09:31:20.656  1880  2001 E memtrack: Couldn't load memtrack module
12-07 09:31:20.774  1880  2001 E memtrack: Couldn't load memtrack module
12-07 09:31:22.584  1880  2001 E memtrack: Couldn't load memtrack module
12-07 09:31:22.694  1880  2001 E memtrack: Couldn't load memtrack module
12-07 09:31:22.785  1880  2001 E memtrack: Couldn't load memtrack module
12-07 09:31:22.836  1880  1895 E memtrack: Couldn't load memtrack module
12-07 09:31:24.991  1880  2001 E memtrack: Couldn't load memtrack module
12-07 09:31:25.094  1880  2001 E memtrack: Couldn't load memtrack module
12-07 09:31:25.210  1880  2001 E memtrack: Couldn't load memtrack module
12-07 09:31:26.856 20586 20586 E Bugle   : com.google.android.apps.messaging.shared.util.common.AsyncTimeoutReporter$SilentTimeoutError: CommitPhenotypeAction.executeAction did not complete in 1000ms
12-07 09:31:26.930  1880  2001 E memtrack: Couldn't load memtrack module
12-07 09:31:27.029  1880  2001 E memtrack: Couldn't load memtrack module
12-07 09:31:27.147  1880  2001 E memtrack: Couldn't load memtrack module
12-07 09:31:27.262  1880  2001 E memtrack: Couldn't load memtrack module
12-07 09:31:29.272  1880  2001 E memtrack: Couldn't load memtrack module
12-07 09:31:29.577 20734 20734 E d.process.acor: Not starting debugger since process cannot load the jdwp agent.
12-07 09:31:31.262  1629  1629 E lowmemorykiller: Error opening /proc/20327/oom_score_adj; errno=2
12-07 09:31:31.263  1629  1629 E lowmemorykiller: Error opening /proc/20327/oom_score_adj; errno=2
12-07 09:31:31.265  1880  2001 E memtrack: Couldn't load memtrack module
12-07 09:31:31.453  1880  2001 E memtrack: Couldn't load memtrack module
12-07 09:31:31.570  1880  2001 E memtrack: Couldn't load memtrack module
12-07 09:31:33.561  1880  2001 E memtrack: Couldn't load memtrack module
12-07 09:31:33.691  1880  2001 E memtrack: Couldn't load memtrack module
12-07 09:31:33.789  1880  2001 E memtrack: Couldn't load memtrack module
12-07 09:31:33.871  1880  2001 E memtrack: Couldn't load memtrack module
12-07 09:31:33.963  1880  2001 E memtrack: Couldn't load memtrack module
12-07 09:31:35.631 20586 20586 E Bugle   : com.google.android.apps.messaging.shared.util.common.AsyncTimeoutReporter$SilentTimeoutError: SelfParticipantsRefreshAction.doBackgroundWork did not complete in 10000ms
12-07 09:31:35.760  1880  2001 E memtrack: Couldn't load memtrack module
12-07 09:31:35.867  1880  2001 E memtrack: Couldn't load memtrack module
