--------- beginning of main
--------- beginning of system
12-09 06:26:42.840  1885  1957 E InputDispatcher: channel '9d6c643 com.evancharlton.mileage/com.evancharlton.mileage.FieldListActivity (server)' ~ Channel is unrecoverably broken and will be disposed!
12-09 06:26:42.840  1885  1957 E InputDispatcher: channel 'c02a116 com.evancharlton.mileage/com.evancharlton.mileage.Mileage (server)' ~ Channel is unrecoverably broken and will be disposed!
12-09 06:26:42.943  1885  1899 E ActivityManager: Failure starting process com.evancharlton.mileage
12-09 06:26:42.943  1885  1899 E ActivityManager: java.lang.SecurityException: Package com.evancharlton.mileage was not found!
12-09 06:26:42.943  1885  1899 E ActivityManager: 	at com.android.server.pm.PackageManagerService.checkPackageStartable(PackageManagerService.java:3987)
12-09 06:26:42.943  1885  1899 E ActivityManager: 	at com.android.server.am.ActivityManagerService.startProcessLocked(ActivityManagerService.java:4234)
12-09 06:26:42.943  1885  1899 E ActivityManager: 	at com.android.server.am.ActivityManagerService.startProcessLocked(ActivityManagerService.java:4199)
12-09 06:26:42.943  1885  1899 E ActivityManager: 	at com.android.server.am.ActivityManagerService.startProcessLocked(ActivityManagerService.java:4181)
12-09 06:26:42.943  1885  1899 E ActivityManager: 	at com.android.server.am.ActivityManagerService.startProcessLocked(ActivityManagerService.java:4067)
12-09 06:26:42.943  1885  1899 E ActivityManager: 	at com.android.server.am.ActivityStackSupervisor.startSpecificActivityLocked(ActivityStackSupervisor.java:1715)
12-09 06:26:42.943  1885  1899 E ActivityManager: 	at com.android.server.am.ActivityStack.resumeTopActivityInnerLocked(ActivityStack.java:2764)
12-09 06:26:42.943  1885  1899 E ActivityManager: 	at com.android.server.am.ActivityStack.resumeTopActivityUncheckedLocked(ActivityStack.java:2302)
12-09 06:26:42.943  1885  1899 E ActivityManager: 	at com.android.server.am.ActivityStackSupervisor.resumeFocusedStackTopActivityLocked(ActivityStackSupervisor.java:2234)
12-09 06:26:42.943  1885  1899 E ActivityManager: 	at com.android.server.am.ActivityStackSupervisor.resumeFocusedStackTopActivityLocked(ActivityStackSupervisor.java:2218)
12-09 06:26:42.943  1885  1899 E ActivityManager: 	at com.android.server.am.ActivityManagerService.handleAppDiedLocked(ActivityManagerService.java:5923)
12-09 06:26:42.943  1885  1899 E ActivityManager: 	at com.android.server.am.ActivityManagerService.removeProcessLocked(ActivityManagerService.java:7501)
12-09 06:26:42.943  1885  1899 E ActivityManager: 	at com.android.server.am.ActivityManagerService.killPackageProcessesLocked(ActivityManagerService.java:7142)
12-09 06:26:42.943  1885  1899 E ActivityManager: 	at com.android.server.am.ActivityManagerService.forceStopPackageLocked(ActivityManagerService.java:7275)
12-09 06:26:42.943  1885  1899 E ActivityManager: 	at com.android.server.am.ActivityManagerService$MainHandler.handleMessage(ActivityManagerService.java:2289)
12-09 06:26:42.943  1885  1899 E ActivityManager: 	at android.os.Handler.dispatchMessage(Handler.java:106)
12-09 06:26:42.943  1885  1899 E ActivityManager: 	at android.os.Looper.loop(Looper.java:193)
12-09 06:26:42.943  1885  1899 E ActivityManager: 	at android.os.HandlerThread.run(HandlerThread.java:65)
12-09 06:26:42.943  1885  1899 E ActivityManager: 	at com.android.server.ServiceThread.run(ServiceThread.java:44)
12-09 06:26:43.592  2378 26873 E ctxmgr  : [ProducerStatusImpl]updateStateForNewContextData: inactive, contextName=7
12-09 06:26:44.018  2378  2378 E BeaconBle: Scan couldn't start for Places
12-09 06:26:45.464  1885  1970 E WificondScannerImpl: Timed out waiting for scan result from wificond
12-09 06:26:46.245  1731  1731 E         : Couldn't opendir /data/app/vmdl1458042420.tmp: No such file or directory
12-09 06:26:46.245  1731  1731 E installd: Failed to delete /data/app/vmdl1458042420.tmp: No such file or directory
12-09 06:26:47.712 29285 29285 E harlton.mileag: Not starting debugger since process cannot load the jdwp agent.
12-09 06:26:57.785  1885  1898 E memtrack: Couldn't load memtrack module
12-09 06:27:00.111 30523 27728 E SQLiteCastStore: Skip saving CastDeviceInfo: "Nearby device" (__cast_nearby___V_e4faf745-6484-48fa-bb85-9e18fbe7bd6c)
12-09 06:27:02.060  2378 29010 E ctxmgr  : [ProducerStatusImpl]updateStateForNewContextData: inactive, contextName=7
12-09 06:27:02.397  2378  2378 E BeaconBle: Missing BluetoothAdapter
12-09 06:27:02.458  2378  2378 E BeaconBle: Scan couldn't start for Places
12-09 06:27:05.204 23668 23668 E ContextIntentStarter: No activity found for any of the 0 intents
12-09 06:27:06.281  1629  1629 E android.hardware.wifi@1.0-service: Failed to register radio mode change callback
12-09 06:27:06.282  1629  1629 E android.hardware.wifi@1.0-service: Failed to set DFS flag; DFS channels may be unavailable.
12-09 06:27:06.506  1740  1740 E wificond: No Offload Service available
12-09 06:27:06.512  1885  1969 E SupplicantStaIfaceHal: Can't call setupIface, ISupplicantStaIface is null
12-09 06:27:06.699  1885  1970 E WifiVendorHal: getBgScanCapabilities(l.671) failed {.code = ERROR_NOT_SUPPORTED, .description = }
12-09 06:27:06.768  1885  1971 E WifiP2pService: Unhandled message { when=-3ms what=131203 target=com.android.internal.util.StateMachine$SmHandler }
12-09 06:27:06.771  1885  1971 E WifiP2pService: Unhandled message { when=0 what=131203 target=com.android.internal.util.StateMachine$SmHandler }
12-09 06:27:06.782  1885  1903 E BatteryExternalStatsWorker: no controller energy info supplied for wifi
12-09 06:27:06.889 29339 29339 E wpa_supplicant: nl80211: Failed to open /proc/sys/net/ipv4/conf/p2p-dev-wlan0/drop_unicast_in_l2_multicast: No such file or directory
12-09 06:27:06.889 29339 29339 E wpa_supplicant: nl80211: Failed to set IPv4 unicast in multicast filter
12-09 06:27:06.917 29339 29339 E wpa_supplicant: nl80211: Failed to open /proc/sys/net/ipv4/conf/p2p-dev-wlan0/drop_unicast_in_l2_multicast: No such file or directory
12-09 06:27:06.917 29339 29339 E wpa_supplicant: nl80211: Failed to set IPv4 unicast in multicast filter
12-09 06:27:07.023 29339 29339 E wpa_supplicant: nl80211: Failed to open /proc/sys/net/ipv4/conf/wlan0/drop_unicast_in_l2_multicast: No such file or directory
12-09 06:27:07.024 29339 29339 E wpa_supplicant: nl80211: Failed to set IPv4 unicast in multicast filter
12-09 06:27:07.133 29339 29339 E wpa_supplicant: nl80211: Failed to open /proc/sys/net/ipv4/conf/wlan0/drop_unicast_in_l2_multicast: No such file or directory
12-09 06:27:07.133 29339 29339 E wpa_supplicant: nl80211: Failed to set IPv4 unicast in multicast filter
12-09 06:27:07.171  1885  1898 E GnssLocationProvider: no AGPS interface in set_agps_server
12-09 06:27:07.264 29350 29350 E .android.diale: Not starting debugger since process cannot load the jdwp agent.
12-09 06:27:07.345  1629  1629 E android.hardware.wifi@1.0-service: Failed to open directory: Permission denied
12-09 06:27:07.345  1629  1629 E android.hardware.wifi@1.0-service: Error occurred while deleting old tombstone files
12-09 06:27:07.345  1629  1629 E android.hardware.wifi@1.0-service: Error writing files to flash
12-09 06:27:07.557  1885  1969 E SupplicantStaIfaceHal: Can't call setPowerSave, ISupplicantStaIface is null
12-09 06:27:07.557  1885  1969 E SupplicantStaIfaceHal: Can't call setBtCoexistenceMode, ISupplicantStaIface is null
12-09 06:27:07.562  1885  1969 E HalDevMgr: Should have at least 1 chip!
12-09 06:27:07.562  1885  1969 E HalDevMgr: dispatchAvailableForRequestListeners: no chip info found
12-09 06:27:07.572  1885  1969 E SupplicantStaIfaceHal: Can't call listNetworks, ISupplicantStaIface is null
12-09 06:27:07.572  1885  1969 E SupplicantStaIfaceHal: removeAllNetworks failed, got null networks
12-09 06:27:07.572  1885  1969 E WifiStateMachine: Failed to remove networks on exiting connect mode
12-09 06:27:07.578  1885  1971 E WifiP2pService: Unhandled message { when=-5ms what=131204 target=com.android.internal.util.StateMachine$SmHandler }
12-09 06:27:07.613  1885  1903 E BatteryExternalStatsWorker: no controller energy info supplied for wifi
12-09 06:27:07.622  1885  1970 E WificondControl: No valid wificond scanner interface handler
12-09 06:27:07.650  1885  1969 E WifiScanRequestProxy: Scan failure received. reason: -1,description: not available
12-09 06:27:07.633  1885  1903 E BatteryExternalStatsWorker: no controller energy info supplied for wifi
12-09 06:27:08.460 29350 29350 E .android.diale: The String#value field is not present on Android versions >= 6.0
12-09 06:27:08.696 23591 23591 E SchedPolicy: set_timerslack_ns write failed: Operation not permitted
12-09 06:27:10.566 23591 23591 E SchedPolicy: set_timerslack_ns write failed: Operation not permitted
12-09 06:27:15.002  1834  1834 E netmgr  : Failed to open QEMU pipe 'qemud:network': Invalid argument
12-09 06:27:15.002  1834  1834 E netmgr  : WifiForwarder unable to open QEMU pipe: Invalid argument
12-09 06:27:16.026  1885  2413 E WindowManager: Performed 6 layouts in a row. Skipping
12-09 06:27:16.067  1885  1938 E WindowManager: Performed 6 layouts in a row. Skipping
12-09 06:27:16.122  1885  1938 E WindowManager: Performed 6 layouts in a row. Skipping
12-09 06:27:16.147  1885  4034 E WindowManager: Performed 6 layouts in a row. Skipping
12-09 06:27:16.183  1885  1938 E WindowManager: Performed 6 layouts in a row. Skipping
12-09 06:27:16.894  1885  1938 E WindowManager: Performed 6 layouts in a row. Skipping
12-09 06:27:16.916  1885  1900 E WindowManager: Performed 6 layouts in a row. Skipping
12-09 06:27:16.969  1885  1938 E WindowManager: Performed 6 layouts in a row. Skipping
12-09 06:27:17.225  1885  1938 E WindowManager: Performed 6 layouts in a row. Skipping
12-09 06:27:17.253  1885  2001 E WindowManager: Performed 6 layouts in a row. Skipping
12-09 06:27:17.281  1885  1938 E WindowManager: Performed 6 layouts in a row. Skipping
12-09 06:27:17.307  1885  1938 E WindowManager: Performed 6 layouts in a row. Skipping
12-09 06:27:17.332  1885  1907 E WindowManager: Performed 6 layouts in a row. Skipping
12-09 06:27:17.355  1885  4011 E WindowManager: Performed 6 layouts in a row. Skipping
12-09 06:27:17.390  1885  1938 E WindowManager: Performed 6 layouts in a row. Skipping
12-09 06:27:17.455  1885  1938 E WindowManager: Performed 6 layouts in a row. Skipping
12-09 06:27:17.485  1885  1938 E WindowManager: Performed 6 layouts in a row. Skipping
12-09 06:27:17.541  1885  1938 E WindowManager: Performed 6 layouts in a row. Skipping
12-09 06:27:21.790  1885  1970 E WificondScannerImpl: Timed out waiting for scan result from wificond
