--------- beginning of system
12-08 06:59:41.953  1738  1772 E storaged: getDiskStats failed with result NOT_SUPPORTED and size 0
--------- beginning of main
12-08 07:00:32.941  1828  1828 E netmgr  : Failed to open QEMU pipe 'qemud:network': Invalid argument
12-08 07:00:32.942  1828  1828 E netmgr  : WifiForwarder unable to open QEMU pipe: Invalid argument
12-08 07:00:39.822  1992  1992 E RecyclerView: No adapter attached; skipping layout
12-08 07:00:41.959  1738  1772 E storaged: getDiskStats failed with result NOT_SUPPORTED and size 0
12-08 07:00:44.003  1611  1695 E audio_hw_generic: pcm_write failed cannot write stream data: I/O error
12-08 07:00:55.629  1611  1695 E audio_hw_generic: pcm_write failed cannot write stream data: I/O error
12-08 07:01:00.690  2448  2341 E ctxmgr  : [ProducerStatusImpl]updateStateForNewContextData: inactive, contextName=7
12-08 07:01:02.781  2448  2341 E ctxmgr  : [ProducerStatusImpl]updateStateForNewContextData: inactive, contextName=1
12-08 07:01:02.818  2448  2341 E ctxmgr  : [ProducerStatusImpl]updateStateForNewContextData: inactive, contextName=1
12-08 07:01:02.819  2448  2341 E ctxmgr  : [ProducerStatusImpl]updateStateForNewContextData: inactive, contextName=1
12-08 07:01:02.855  2448  2341 E ctxmgr  : [ProducerStatusImpl]updateStateForNewContextData: inactive, contextName=1
12-08 07:01:05.268  2448  2448 E BeaconBle: Missing BluetoothAdapter
12-08 07:01:05.337  2448  2448 E BeaconBle: Scan couldn't start for Places
12-08 07:01:09.699  1611  1695 E audio_hw_generic: pcm_write failed cannot write stream data: I/O error
12-08 07:01:14.680  2692  2692 E ContextIntentStarter: No activity found for any of the 0 intents
12-08 07:01:21.139  1611  1695 E audio_hw_generic: pcm_write failed cannot write stream data: I/O error
12-08 07:01:23.746  2448  2129 E ctxmgr  : [ProducerStatusImpl]updateStateForNewContextData: inactive, contextName=7
12-08 07:01:23.920  2448  2448 E BeaconBle: Missing BluetoothAdapter
12-08 07:01:23.952  2448  2448 E BeaconBle: Scan couldn't start for Places
12-08 07:01:30.782  2583  2583 E .android.chrom: Not starting debugger since process cannot load the jdwp agent.
12-08 07:01:33.002  1828  1828 E netmgr  : Failed to open QEMU pipe 'qemud:network': Invalid argument
12-08 07:01:33.003  1828  1828 E netmgr  : WifiForwarder unable to open QEMU pipe: Invalid argument
12-08 07:01:33.263  2603  2603 E boxed_process1: Not starting debugger since process cannot load the jdwp agent.
12-08 07:01:35.468  2692  2692 E ClientVe: Failed to create ClientVisualElementsProto for user interaction on view com.google.android.apps.gsa.searchbox.ui.suggestions.views.p{1c5e16a VFE...CL. ...P.... 0,21-207,279 #a5} because the view is not tagged for visual element logging.
12-08 07:01:37.556  2692 32190 E IcingUsageReportRunnabl: Failed to connect when reporting usage: ConnectionResult{statusCode=TIMEOUT, resolution=null, message=null}
12-08 07:01:37.814  2692  2692 E ClientVe: Failed to create ClientVisualElementsProto for user interaction on view com.google.android.apps.gsa.searchbox.ui.suggestions.views.CoreSuggestionView{e1172 VFE...CL. ...P.... 0,289-1038,436 #a3} because the view is not tagged for visual element logging.
12-08 07:01:37.840  2692  2692 E ClientVe: Failed to create ClientVisualElementsProto for user interaction on view com.google.android.apps.gsa.searchbox.ui.suggestions.views.CoreSuggestionView{a703579 VFE...CL. ...P.... 0,436-1038,583 #a4} because the view is not tagged for visual element logging.
12-08 07:01:40.005  1992  1992 E native  : suggestion-transformer.cc:118 suggestion picked candidate not found for id: 2
12-08 07:01:42.207  1738  1772 E storaged: getDiskStats failed with result NOT_SUPPORTED and size 0
12-08 07:02:17.183  2692  2700 E ReloadingLock: Finalizing LOCKED Token[searchresults_activity 2018-12-08 07:01:47.319]
12-08 07:02:24.368  1992  1992 E native  : suggestion-transformer.cc:118 suggestion picked candidate not found for id: 3
12-08 07:02:26.489  1992  1992 E native  : clearcut-logger.cc:191 USER_EDIT span#originalSpan is missing
12-08 07:02:26.563  2494  2716 E PlayCommon: [101] com.google.android.play.b.g.a(448): Failed to connect to server: java.net.UnknownHostException: Unable to resolve host "play.googleapis.com": No address associated with hostname
12-08 07:02:33.164  1828  1828 E netmgr  : Failed to open QEMU pipe 'qemud:network': Invalid argument
12-08 07:02:33.165  1828  1828 E netmgr  : WifiForwarder unable to open QEMU pipe: Invalid argument
