--------- beginning of main
--------- beginning of system
12-08 05:17:08.064 22898 22898 E ndroid.keychai: Not starting debugger since process cannot load the jdwp agent.
12-08 05:17:08.083 22891 22891 E oid.documentsu: Not starting debugger since process cannot load the jdwp agent.
12-08 05:17:08.184  1632  1632 E lowmemorykiller: Error opening /proc/22619/oom_score_adj; errno=2
12-08 05:17:08.184  1632  1632 E lowmemorykiller: Error opening /proc/22505/oom_score_adj; errno=2
12-08 05:17:08.211  1632  1632 E lowmemorykiller: Error opening /proc/22619/oom_score_adj; errno=2
12-08 05:17:09.394 22948 22948 E droid.apps.doc: Not starting debugger since process cannot load the jdwp agent.
12-08 05:17:09.642  1632  1632 E lowmemorykiller: Error writing /proc/22784/oom_score_adj; errno=22
12-08 05:17:09.644  1632  1632 E lowmemorykiller: Error writing /proc/22678/oom_score_adj; errno=22
12-08 05:17:09.802  1632  1632 E lowmemorykiller: Error opening /proc/22678/oom_score_adj; errno=2
12-08 05:17:11.916 22948 22948 E DocsApplication: [main] No default account found during application creation.
12-08 05:17:12.652  1729  1729 E         : Couldn't opendir /data/app/vmdl913122081.tmp: No such file or directory
12-08 05:17:12.652  1729  1729 E installd: Failed to delete /data/app/vmdl913122081.tmp: No such file or directory
12-08 05:17:14.735  1829  1829 E netmgr  : Failed to open QEMU pipe 'qemud:network': Invalid argument
12-08 05:17:14.735  1829  1829 E netmgr  : WifiForwarder unable to open QEMU pipe: Invalid argument
12-08 05:17:16.660 23018 23018 E harlton.mileag: Not starting debugger since process cannot load the jdwp agent.
12-08 05:17:19.382 16085 31762 E putmethod.lati: Invalid ID 0x00000001.
12-08 05:17:19.401 16085 31762 E LstmTrainingCache: emn: Can't get resource name for input slot
12-08 05:17:19.401 16085 31762 E LstmTrainingCache: android.content.res.Resources$NotFoundException: Unable to find resource ID #0x1
12-08 05:17:19.401 16085 31762 E LstmTrainingCache: 	at android.content.res.ResourcesImpl.getResourceName(ResourcesImpl.java:255)
12-08 05:17:19.401 16085 31762 E LstmTrainingCache: 	at android.content.res.Resources.getResourceName(Resources.java:1954)
12-08 05:17:19.401 16085 31762 E LstmTrainingCache: 	at emn.a(PG:12)
12-08 05:17:19.401 16085 31762 E LstmTrainingCache: 	at emk.run(PG:5)
12-08 05:17:19.401 16085 31762 E LstmTrainingCache: 	at java.lang.Thread.run(Thread.java:764)
12-08 05:17:26.706 23043 23043 E hod.latin:trai: Not starting debugger since process cannot load the jdwp agent.
12-08 05:17:28.551 16085 31762 E putmethod.lati: Invalid ID 0x00000001.
12-08 05:17:28.583 16085 31762 E LstmTrainingCache: emn: Can't get resource name for input slot
12-08 05:17:28.583 16085 31762 E LstmTrainingCache: android.content.res.Resources$NotFoundException: Unable to find resource ID #0x1
12-08 05:17:28.583 16085 31762 E LstmTrainingCache: 	at android.content.res.ResourcesImpl.getResourceName(ResourcesImpl.java:255)
12-08 05:17:28.583 16085 31762 E LstmTrainingCache: 	at android.content.res.Resources.getResourceName(Resources.java:1954)
12-08 05:17:28.583 16085 31762 E LstmTrainingCache: 	at emn.a(PG:12)
12-08 05:17:28.583 16085 31762 E LstmTrainingCache: 	at emk.run(PG:5)
12-08 05:17:28.583 16085 31762 E LstmTrainingCache: 	at java.lang.Thread.run(Thread.java:764)
12-08 05:17:31.473 23067 23067 E emui:screensho: Not starting debugger since process cannot load the jdwp agent.
12-08 05:17:33.617 23067 23067 E SoundPool: error loading /product/media/audio/ui/camera_click.ogg
12-08 05:17:33.891  1739  1739 E OMXNodeInstance: getConfig(0xee326b40:google.vorbis.decoder, ConfigAndroidVendorExtension(0x6f100004)) ERROR: Undefined(0x80001001)
12-08 05:17:34.029  1724  1766 E SurfaceFlinger: ro.sf.lcd_density must be defined as a build property
12-08 05:17:34.297  1724  1876 E SurfaceFlinger: ro.sf.lcd_density must be defined as a build property
12-08 05:17:35.774  1737  1809 E storaged: getDiskStats failed with result NOT_SUPPORTED and size 0
12-08 05:17:36.048 16485 26522 E s.nexuslaunche: Failed to open APK '/data/app/com.evancharlton.mileage-yi2H4RQOmGZQP-Po5gL7xg==/base.apk' I/O error
12-08 05:17:36.056 16485 26522 E ResourcesManager: failed to add asset path /data/app/com.evancharlton.mileage-yi2H4RQOmGZQP-Po5gL7xg==/base.apk
12-08 05:17:39.387 23113 23113 E id.partnersetu: Not starting debugger since process cannot load the jdwp agent.
12-08 05:17:39.890 16506 16506 E BeaconBle: Missing BluetoothAdapter
12-08 05:17:40.027 16506 16506 E BeaconBle: Scan couldn't start for Places
12-08 05:17:40.708 23140 23140 E ocess.gservice: Not starting debugger since process cannot load the jdwp agent.
12-08 05:17:41.319 10641 10641 E ContextIntentStarter: No activity found for any of the 0 intents
12-08 05:17:47.190 23156 23156 E oid.apps.photo: Not starting debugger since process cannot load the jdwp agent.
12-08 05:18:14.798  1829  1829 E netmgr  : Failed to open QEMU pipe 'qemud:network': Invalid argument
12-08 05:18:14.799  1829  1829 E netmgr  : WifiForwarder unable to open QEMU pipe: Invalid argument
12-08 05:18:35.794  1737  1809 E storaged: getDiskStats failed with result NOT_SUPPORTED and size 0
12-08 05:19:14.807  1829  1829 E netmgr  : Failed to open QEMU pipe 'qemud:network': Invalid argument
12-08 05:19:14.807  1829  1829 E netmgr  : WifiForwarder unable to open QEMU pipe: Invalid argument
12-08 05:19:35.797  1737  1809 E storaged: getDiskStats failed with result NOT_SUPPORTED and size 0
12-08 05:19:57.486 16788 17129 E PlayCommon: [121] com.google.android.play.b.g.a(448): Failed to connect to server: java.net.UnknownHostException: Unable to resolve host "play.googleapis.com": No address associated with hostname
12-08 05:20:14.868  1829  1829 E netmgr  : Failed to open QEMU pipe 'qemud:network': Invalid argument
12-08 05:20:14.868  1829  1829 E netmgr  : WifiForwarder unable to open QEMU pipe: Invalid argument
12-08 05:20:35.799  1737  1809 E storaged: getDiskStats failed with result NOT_SUPPORTED and size 0
12-08 05:21:14.880  1829  1829 E netmgr  : Failed to open QEMU pipe 'qemud:network': Invalid argument
12-08 05:21:14.880  1829  1829 E netmgr  : WifiForwarder unable to open QEMU pipe: Invalid argument
