--------- beginning of main
--------- beginning of system
12-08 15:50:01.768  1884  1898 E ActivityManager: Failure starting process com.evancharlton.mileage
12-08 15:50:01.768  1884  1898 E ActivityManager: java.lang.SecurityException: Package com.evancharlton.mileage was not found!
12-08 15:50:01.768  1884  1898 E ActivityManager: 	at com.android.server.pm.PackageManagerService.checkPackageStartable(PackageManagerService.java:3987)
12-08 15:50:01.768  1884  1898 E ActivityManager: 	at com.android.server.am.ActivityManagerService.startProcessLocked(ActivityManagerService.java:4234)
12-08 15:50:01.768  1884  1898 E ActivityManager: 	at com.android.server.am.ActivityManagerService.startProcessLocked(ActivityManagerService.java:4199)
12-08 15:50:01.768  1884  1898 E ActivityManager: 	at com.android.server.am.ActivityManagerService.startProcessLocked(ActivityManagerService.java:4181)
12-08 15:50:01.768  1884  1898 E ActivityManager: 	at com.android.server.am.ActivityManagerService.startProcessLocked(ActivityManagerService.java:4067)
12-08 15:50:01.768  1884  1898 E ActivityManager: 	at com.android.server.am.ActivityStackSupervisor.startSpecificActivityLocked(ActivityStackSupervisor.java:1715)
12-08 15:50:01.768  1884  1898 E ActivityManager: 	at com.android.server.am.ActivityStack.resumeTopActivityInnerLocked(ActivityStack.java:2764)
12-08 15:50:01.768  1884  1898 E ActivityManager: 	at com.android.server.am.ActivityStack.resumeTopActivityUncheckedLocked(ActivityStack.java:2302)
12-08 15:50:01.768  1884  1898 E ActivityManager: 	at com.android.server.am.ActivityStackSupervisor.resumeFocusedStackTopActivityLocked(ActivityStackSupervisor.java:2234)
12-08 15:50:01.768  1884  1898 E ActivityManager: 	at com.android.server.am.ActivityStackSupervisor.resumeFocusedStackTopActivityLocked(ActivityStackSupervisor.java:2218)
12-08 15:50:01.768  1884  1898 E ActivityManager: 	at com.android.server.am.ActivityManagerService.handleAppDiedLocked(ActivityManagerService.java:5923)
12-08 15:50:01.768  1884  1898 E ActivityManager: 	at com.android.server.am.ActivityManagerService.removeProcessLocked(ActivityManagerService.java:7501)
12-08 15:50:01.768  1884  1898 E ActivityManager: 	at com.android.server.am.ActivityManagerService.killPackageProcessesLocked(ActivityManagerService.java:7142)
12-08 15:50:01.768  1884  1898 E ActivityManager: 	at com.android.server.am.ActivityManagerService.forceStopPackageLocked(ActivityManagerService.java:7275)
12-08 15:50:01.768  1884  1898 E ActivityManager: 	at com.android.server.am.ActivityManagerService$MainHandler.handleMessage(ActivityManagerService.java:2289)
12-08 15:50:01.768  1884  1898 E ActivityManager: 	at android.os.Handler.dispatchMessage(Handler.java:106)
12-08 15:50:01.768  1884  1898 E ActivityManager: 	at android.os.Looper.loop(Looper.java:193)
12-08 15:50:01.768  1884  1898 E ActivityManager: 	at android.os.HandlerThread.run(HandlerThread.java:65)
12-08 15:50:01.768  1884  1898 E ActivityManager: 	at com.android.server.ServiceThread.run(ServiceThread.java:44)
12-08 15:50:03.389  2439  8929 E ctxmgr  : [ProducerStatusImpl]updateStateForNewContextData: inactive, contextName=7
12-08 15:50:03.534  2439  2439 E BeaconBle: Missing BluetoothAdapter
12-08 15:50:03.577  2439  2439 E BeaconBle: Scan couldn't start for Places
12-08 15:50:04.626  1731  1731 E         : Couldn't opendir /data/app/vmdl1108757934.tmp: No such file or directory
12-08 15:50:04.626  1731  1731 E installd: Failed to delete /data/app/vmdl1108757934.tmp: No such file or directory
12-08 15:50:05.507  9144  9144 E harlton.mileag: Not starting debugger since process cannot load the jdwp agent.
12-08 15:50:21.858  1884  1956 E WindowManager: Performed 6 layouts in a row. Skipping
12-08 15:50:21.888  1884  4712 E WindowManager: Performed 6 layouts in a row. Skipping
12-08 15:50:21.924  1884  2547 E WindowManager: Performed 6 layouts in a row. Skipping
12-08 15:50:21.943  1884  4835 E WindowManager: Performed 6 layouts in a row. Skipping
12-08 15:50:21.977  1884  1938 E WindowManager: Performed 6 layouts in a row. Skipping
12-08 15:50:22.003  1884  2547 E WindowManager: Performed 6 layouts in a row. Skipping
12-08 15:50:22.037  1884  1938 E WindowManager: Performed 6 layouts in a row. Skipping
12-08 15:50:22.055  1884  1938 E WindowManager: Performed 6 layouts in a row. Skipping
12-08 15:50:22.076  1884  2547 E WindowManager: Performed 6 layouts in a row. Skipping
12-08 15:50:22.095  1884  1938 E WindowManager: Performed 6 layouts in a row. Skipping
12-08 15:50:22.121  1884  1938 E WindowManager: Performed 6 layouts in a row. Skipping
12-08 15:50:22.147  1884  1899 E WindowManager: Performed 6 layouts in a row. Skipping
12-08 15:50:22.176  1884  1938 E WindowManager: Performed 6 layouts in a row. Skipping
12-08 15:50:22.232  1884  1938 E WindowManager: Performed 6 layouts in a row. Skipping
12-08 15:50:22.266  1884  1938 E WindowManager: Performed 6 layouts in a row. Skipping
12-08 15:50:22.288  1884  1938 E WindowManager: Performed 6 layouts in a row. Skipping
12-08 15:50:22.320  1884  1938 E WindowManager: Performed 6 layouts in a row. Skipping
12-08 15:50:22.344  1884  1938 E WindowManager: Performed 6 layouts in a row. Skipping
12-08 15:50:22.362  1884  3279 E WindowManager: Performed 6 layouts in a row. Skipping
12-08 15:50:22.391  1884  1938 E WindowManager: Performed 6 layouts in a row. Skipping
12-08 15:50:22.850  2439  8674 E ctxmgr  : [ProducerStatusImpl]updateStateForNewContextData: inactive, contextName=7
12-08 15:50:22.805  1884  1938 E WindowManager: Performed 6 layouts in a row. Skipping
12-08 15:50:23.288  2439  2439 E BeaconBle: Missing BluetoothAdapter
12-08 15:50:23.372  2439  2439 E BeaconBle: Scan couldn't start for Places
12-08 15:50:25.992  2826  2826 E ContextIntentStarter: No activity found for any of the 0 intents
12-08 15:50:27.100  1884  1897 E memtrack: Couldn't load memtrack module
12-08 15:50:29.884  9207  9207 E boxed_process1: Not starting debugger since process cannot load the jdwp agent.
12-08 15:50:30.292  2826  2826 E ClientVe: Failed to create ClientVisualElementsProto for user interaction on view com.google.android.apps.gsa.searchbox.ui.suggestions.views.p{5c48b0d VFE...CL. ...P.... 207,21-414,279 #32} because the view is not tagged for visual element logging.
12-08 15:50:40.889  1884  1901 E libprocessgroup: Error encountered killing process cgroup uid 99012 pid 9207: No such file or directory
12-08 15:50:41.398  9144  9144 E SpannableStringBuilder: SPAN_EXCLUSIVE_EXCLUSIVE spans cannot have a zero length
12-08 15:50:41.398  9144  9144 E SpannableStringBuilder: SPAN_EXCLUSIVE_EXCLUSIVE spans cannot have a zero length
12-08 15:50:42.098  1827  1827 E netmgr  : Failed to open QEMU pipe 'qemud:network': Invalid argument
12-08 15:50:42.102  1827  1827 E netmgr  : WifiForwarder unable to open QEMU pipe: Invalid argument
