--------- beginning of main
--------- beginning of system
12-07 16:45:43.365 15976 16042 E InputDispatcher: channel '377f8ea com.evancharlton.mileage/com.evancharlton.mileage.FieldListActivity (server)' ~ Channel is unrecoverably broken and will be disposed!
12-07 16:45:43.365 15976 16042 E InputDispatcher: channel 'e0913ac com.evancharlton.mileage/com.evancharlton.mileage.Mileage (server)' ~ Channel is unrecoverably broken and will be disposed!
12-07 16:45:43.572 15976 15990 E ActivityManager: Failure starting process com.evancharlton.mileage
12-07 16:45:43.572 15976 15990 E ActivityManager: java.lang.SecurityException: Package com.evancharlton.mileage was not found!
12-07 16:45:43.572 15976 15990 E ActivityManager: 	at com.android.server.pm.PackageManagerService.checkPackageStartable(PackageManagerService.java:3987)
12-07 16:45:43.572 15976 15990 E ActivityManager: 	at com.android.server.am.ActivityManagerService.startProcessLocked(ActivityManagerService.java:4234)
12-07 16:45:43.572 15976 15990 E ActivityManager: 	at com.android.server.am.ActivityManagerService.startProcessLocked(ActivityManagerService.java:4199)
12-07 16:45:43.572 15976 15990 E ActivityManager: 	at com.android.server.am.ActivityManagerService.startProcessLocked(ActivityManagerService.java:4181)
12-07 16:45:43.572 15976 15990 E ActivityManager: 	at com.android.server.am.ActivityManagerService.startProcessLocked(ActivityManagerService.java:4067)
12-07 16:45:43.572 15976 15990 E ActivityManager: 	at com.android.server.am.ActivityStackSupervisor.startSpecificActivityLocked(ActivityStackSupervisor.java:1715)
12-07 16:45:43.572 15976 15990 E ActivityManager: 	at com.android.server.am.ActivityStack.resumeTopActivityInnerLocked(ActivityStack.java:2764)
12-07 16:45:43.572 15976 15990 E ActivityManager: 	at com.android.server.am.ActivityStack.resumeTopActivityUncheckedLocked(ActivityStack.java:2302)
12-07 16:45:43.572 15976 15990 E ActivityManager: 	at com.android.server.am.ActivityStackSupervisor.resumeFocusedStackTopActivityLocked(ActivityStackSupervisor.java:2234)
12-07 16:45:43.572 15976 15990 E ActivityManager: 	at com.android.server.am.ActivityStackSupervisor.resumeFocusedStackTopActivityLocked(ActivityStackSupervisor.java:2218)
12-07 16:45:43.572 15976 15990 E ActivityManager: 	at com.android.server.am.ActivityManagerService.handleAppDiedLocked(ActivityManagerService.java:5923)
12-07 16:45:43.572 15976 15990 E ActivityManager: 	at com.android.server.am.ActivityManagerService.removeProcessLocked(ActivityManagerService.java:7501)
12-07 16:45:43.572 15976 15990 E ActivityManager: 	at com.android.server.am.ActivityManagerService.killPackageProcessesLocked(ActivityManagerService.java:7142)
12-07 16:45:43.572 15976 15990 E ActivityManager: 	at com.android.server.am.ActivityManagerService.forceStopPackageLocked(ActivityManagerService.java:7275)
12-07 16:45:43.572 15976 15990 E ActivityManager: 	at com.android.server.am.ActivityManagerService$MainHandler.handleMessage(ActivityManagerService.java:2289)
12-07 16:45:43.572 15976 15990 E ActivityManager: 	at android.os.Handler.dispatchMessage(Handler.java:106)
12-07 16:45:43.572 15976 15990 E ActivityManager: 	at android.os.Looper.loop(Looper.java:193)
12-07 16:45:43.572 15976 15990 E ActivityManager: 	at android.os.HandlerThread.run(HandlerThread.java:65)
12-07 16:45:43.572 15976 15990 E ActivityManager: 	at com.android.server.ServiceThread.run(ServiceThread.java:44)
12-07 16:45:44.825 16506 28791 E ctxmgr  : [ProducerStatusImpl]updateStateForNewContextData: inactive, contextName=7
12-07 16:45:45.025 16506 16506 E BeaconBle: Missing BluetoothAdapter
12-07 16:45:45.077 16506 16506 E BeaconBle: Scan couldn't start for Places
12-07 16:45:46.819  1729  2328 E         : Couldn't opendir /data/app/vmdl1827572574.tmp: No such file or directory
12-07 16:45:46.819  1729  2328 E installd: Failed to delete /data/app/vmdl1827572574.tmp: No such file or directory
12-07 16:45:46.926 15976 15989 E memtrack: Couldn't load memtrack module
12-07 16:45:48.361 28873 28873 E harlton.mileag: Not starting debugger since process cannot load the jdwp agent.
12-07 16:45:49.353 16085 24146 E putmethod.lati: Invalid ID 0x00000001.
12-07 16:45:49.375 16085 24146 E LstmTrainingCache: emn: Can't get resource name for input slot
12-07 16:45:49.375 16085 24146 E LstmTrainingCache: android.content.res.Resources$NotFoundException: Unable to find resource ID #0x1
12-07 16:45:49.375 16085 24146 E LstmTrainingCache: 	at android.content.res.ResourcesImpl.getResourceName(ResourcesImpl.java:255)
12-07 16:45:49.375 16085 24146 E LstmTrainingCache: 	at android.content.res.Resources.getResourceName(Resources.java:1954)
12-07 16:45:49.375 16085 24146 E LstmTrainingCache: 	at emn.a(PG:12)
12-07 16:45:49.375 16085 24146 E LstmTrainingCache: 	at emk.run(PG:5)
12-07 16:45:49.375 16085 24146 E LstmTrainingCache: 	at java.lang.Thread.run(Thread.java:764)
12-07 16:45:56.286 15976 15989 E memtrack: Couldn't load memtrack module
12-07 16:45:59.278 15976 15989 E memtrack: Couldn't load memtrack module
12-07 16:46:00.538 15976 16042 E WindowManager: Performed 6 layouts in a row. Skipping
12-07 16:46:00.557 15976 18399 E WindowManager: Performed 6 layouts in a row. Skipping
12-07 16:46:00.574 15976 19469 E WindowManager: Performed 6 layouts in a row. Skipping
12-07 16:46:00.604 15976 16534 E WindowManager: Performed 6 layouts in a row. Skipping
12-07 16:46:00.638 15976 15991 E WindowManager: Performed 6 layouts in a row. Skipping
12-07 16:46:00.675 15976 16026 E WindowManager: Performed 6 layouts in a row. Skipping
12-07 16:46:00.696 15976 16534 E WindowManager: Performed 6 layouts in a row. Skipping
12-07 16:46:00.719 15976 16026 E WindowManager: Performed 6 layouts in a row. Skipping
12-07 16:46:00.755 15976 16026 E WindowManager: Performed 6 layouts in a row. Skipping
12-07 16:46:00.772 15976 18399 E WindowManager: Performed 6 layouts in a row. Skipping
12-07 16:46:00.804 15976 16026 E WindowManager: Performed 6 layouts in a row. Skipping
12-07 16:46:00.828 15976 17651 E WindowManager: Performed 6 layouts in a row. Skipping
12-07 16:46:00.873 15976 16026 E WindowManager: Performed 6 layouts in a row. Skipping
12-07 16:46:00.934 15976 16026 E WindowManager: Performed 6 layouts in a row. Skipping
12-07 16:46:01.594 16561 16708 E MicroDetectionWorker: Stale runnable..ignoring
12-07 16:46:01.912 16506 28790 E ctxmgr  : [ProducerStatusImpl]updateStateForNewContextData: inactive, contextName=7
12-07 16:46:02.073 16506 17111 E PlaceInferenceEngine: Position timestamp out of order. Previous: 1544237141000, Current: 1544219154595. Skipping this Position.
12-07 16:46:02.082 16506 16506 E BeaconBle: Missing BluetoothAdapter
12-07 16:46:02.158 16506 16506 E BeaconBle: Scan couldn't start for Places
12-07 16:46:03.152 16561 16561 E ContextIntentStarter: No activity found for any of the 0 intents
12-07 16:46:04.200 28873 28873 E SpannableStringBuilder: SPAN_EXCLUSIVE_EXCLUSIVE spans cannot have a zero length
12-07 16:46:04.200 28873 28873 E SpannableStringBuilder: SPAN_EXCLUSIVE_EXCLUSIVE spans cannot have a zero length
12-07 16:46:05.130  1829  1829 E netmgr  : Failed to open QEMU pipe 'qemud:network': Invalid argument
12-07 16:46:05.131  1829  1829 E netmgr  : WifiForwarder unable to open QEMU pipe: Invalid argument
12-07 16:46:05.602 28932 28932 E boxed_process2: Not starting debugger since process cannot load the jdwp agent.
12-07 16:46:06.142 16561 16561 E ClientVe: Failed to create ClientVisualElementsProto for user interaction on view com.google.android.apps.gsa.searchbox.ui.suggestions.views.CoreSuggestionView{9cad09e VFE...CL. ...P.... 0,289-1038,436 #9f} because the view is not tagged for visual element logging.
12-07 16:46:06.184 16561 16561 E ClientVe: Failed to create ClientVisualElementsProto for user interaction on view com.google.android.apps.gsa.searchbox.ui.suggestions.views.CoreSuggestionView{f1f277f VFE...CL. ...P.... 0,436-1038,583 #a0} because the view is not tagged for visual element logging.
12-07 16:46:06.504 16561 16561 E ClientVe: Failed to create ClientVisualElementsProto for user interaction on view com.google.android.apps.gsa.searchbox.ui.suggestions.views.CoreSuggestionView{d2afed9 VFE...CL. .F....ID 0,142-1038,289 #9e} because the view is not tagged for visual element logging.
12-07 16:46:06.510 16085 16085 E native  : suggestion-transformer.cc:118 suggestion picked candidate not found for id: 2
12-07 16:46:08.112 16410 28391 E SQLiteCastStore: Skip saving CastDeviceInfo: "Nearby device" (__cast_nearby___V_7b1f81c1-ac71-4201-8845-8ea88e58fd46)
12-07 16:46:11.371 16561 16708 E MicroDetectionWorker: Stale runnable..ignoring
12-07 16:46:14.532 16561 16570 E ReloadingLock: Finalizing LOCKED Token[searchresults_activity 2018-12-07 16:46:11.308]
12-07 16:46:14.623 16085 16085 E native  : clearcut-logger.cc:191 USER_EDIT span#originalSpan is missing
