--------- beginning of main
--------- beginning of system
12-08 16:30:16.844  1738  1772 E storaged: getDiskStats failed with result NOT_SUPPORTED and size 0
12-08 16:30:16.929  1881  2406 E memtrack: Couldn't load memtrack module
12-08 16:30:19.306  1881  2406 E memtrack: Couldn't load memtrack module
12-08 16:30:19.539  1881  2406 E memtrack: Couldn't load memtrack module
12-08 16:30:27.437  1881  2406 E memtrack: Couldn't load memtrack module
12-08 16:30:29.841  1881  2406 E memtrack: Couldn't load memtrack module
12-08 16:30:30.059  1881  2406 E memtrack: Couldn't load memtrack module
12-08 16:30:37.740  1881  2406 E memtrack: Couldn't load memtrack module
12-08 16:30:37.844  1881  2406 E memtrack: Couldn't load memtrack module
12-08 16:30:37.987  1881  2406 E memtrack: Couldn't load memtrack module
12-08 16:30:40.193  1881  2406 E memtrack: Couldn't load memtrack module
12-08 16:30:40.296  1881  2406 E memtrack: Couldn't load memtrack module
12-08 16:30:40.358  2448  2448 E BeaconBle: Missing BluetoothAdapter
12-08 16:30:40.420  2448  2448 E BeaconBle: Scan couldn't start for Places
12-08 16:30:40.469  1881  2406 E memtrack: Couldn't load memtrack module
12-08 16:30:48.108  1881  2406 E memtrack: Couldn't load memtrack module
12-08 16:30:48.109  1881  2406 E memtrack: Couldn't load memtrack module
12-08 16:30:48.110  1881  2406 E memtrack: Couldn't load memtrack module
12-08 16:30:48.111  1881  2406 E memtrack: Couldn't load memtrack module
12-08 16:30:48.118  1881  2406 E memtrack: Couldn't load memtrack module
12-08 16:30:48.123  1881  2406 E memtrack: Couldn't load memtrack module
12-08 16:30:48.131  1881  2406 E memtrack: Couldn't load memtrack module
12-08 16:30:48.135  1881  2406 E memtrack: Couldn't load memtrack module
12-08 16:30:48.144  1881  2406 E memtrack: Couldn't load memtrack module
12-08 16:30:48.155  1881  2406 E memtrack: Couldn't load memtrack module
12-08 16:30:48.161  1881  2406 E memtrack: Couldn't load memtrack module
12-08 16:30:48.166  1881  2406 E memtrack: Couldn't load memtrack module
12-08 16:30:48.176  1881  2406 E memtrack: Couldn't load memtrack module
12-08 16:30:48.181  1881  2406 E memtrack: Couldn't load memtrack module
12-08 16:30:48.197  1881  2406 E memtrack: Couldn't load memtrack module
12-08 16:30:48.203  1881  2406 E memtrack: Couldn't load memtrack module
12-08 16:30:48.210  1881  2406 E memtrack: Couldn't load memtrack module
12-08 16:30:48.218  1881  2406 E memtrack: Couldn't load memtrack module
12-08 16:30:48.226  1881  2406 E memtrack: Couldn't load memtrack module
12-08 16:30:48.235  1881  2406 E memtrack: Couldn't load memtrack module
12-08 16:30:48.242  1881  2406 E memtrack: Couldn't load memtrack module
12-08 16:30:48.249  1881  2406 E memtrack: Couldn't load memtrack module
12-08 16:30:48.257  1881  2406 E memtrack: Couldn't load memtrack module
12-08 16:30:48.262  1881  2406 E memtrack: Couldn't load memtrack module
12-08 16:30:48.267  1881  2406 E memtrack: Couldn't load memtrack module
12-08 16:30:48.273  1881  2406 E memtrack: Couldn't load memtrack module
12-08 16:30:48.279  1881  2406 E memtrack: Couldn't load memtrack module
12-08 16:30:48.283  1881  2406 E memtrack: Couldn't load memtrack module
12-08 16:30:48.287  1881  2406 E memtrack: Couldn't load memtrack module
12-08 16:30:48.293  1881  2406 E memtrack: Couldn't load memtrack module
12-08 16:30:48.297  1881  2406 E memtrack: Couldn't load memtrack module
12-08 16:30:48.301  1881  2406 E memtrack: Couldn't load memtrack module
12-08 16:30:48.319  1881  2406 E memtrack: Couldn't load memtrack module
12-08 16:30:48.385  1881  2406 E memtrack: Couldn't load memtrack module
12-08 16:30:48.401  1881  2406 E memtrack: Couldn't load memtrack module
12-08 16:30:48.414  1881  2406 E memtrack: Couldn't load memtrack module
12-08 16:30:48.421  1881  2406 E memtrack: Couldn't load memtrack module
12-08 16:30:53.210  1881  2406 E memtrack: Couldn't load memtrack module
12-08 16:30:53.225  1881  2406 E memtrack: Couldn't load memtrack module
12-08 16:30:53.239  1881  2406 E memtrack: Couldn't load memtrack module
12-08 16:30:53.264  1881  2406 E memtrack: Couldn't load memtrack module
12-08 16:30:53.280  1881  2406 E memtrack: Couldn't load memtrack module
12-08 16:30:53.303  1881  2406 E memtrack: Couldn't load memtrack module
12-08 16:30:53.317  1881  2406 E memtrack: Couldn't load memtrack module
12-08 16:30:53.327  1881  2406 E memtrack: Couldn't load memtrack module
12-08 16:30:53.340  1881  2406 E memtrack: Couldn't load memtrack module
12-08 16:30:53.351  1881  2406 E memtrack: Couldn't load memtrack module
12-08 16:30:53.384  1881  2406 E memtrack: Couldn't load memtrack module
12-08 16:30:53.410  1881  2406 E memtrack: Couldn't load memtrack module
12-08 16:30:53.427  1881  2406 E memtrack: Couldn't load memtrack module
12-08 16:30:53.433  1881  1894 E memtrack: Couldn't load memtrack module
12-08 16:30:53.434  1881  2406 E memtrack: Couldn't load memtrack module
12-08 16:30:53.441  1881  2406 E memtrack: Couldn't load memtrack module
12-08 16:30:53.463  1881  2406 E memtrack: Couldn't load memtrack module
12-08 16:30:53.470  1881  2406 E memtrack: Couldn't load memtrack module
12-08 16:30:53.478  1881  2406 E memtrack: Couldn't load memtrack module
12-08 16:30:53.488  1881  2406 E memtrack: Couldn't load memtrack module
12-08 16:30:53.497  1881  2406 E memtrack: Couldn't load memtrack module
12-08 16:30:53.509  1881  2406 E memtrack: Couldn't load memtrack module
12-08 16:30:53.527  1881  2406 E memtrack: Couldn't load memtrack module
12-08 16:30:53.545  1881  2406 E memtrack: Couldn't load memtrack module
12-08 16:30:53.552  1881  2406 E memtrack: Couldn't load memtrack module
12-08 16:30:55.666  1828  1828 E netmgr  : Failed to open QEMU pipe 'qemud:network': Invalid argument
12-08 16:30:55.667  1828  1828 E netmgr  : WifiForwarder unable to open QEMU pipe: Invalid argument
12-08 16:30:55.794  1881  2406 E memtrack: Couldn't load memtrack module
12-08 16:30:55.801  1881  2406 E memtrack: Couldn't load memtrack module
12-08 16:30:55.814  1881  2406 E memtrack: Couldn't load memtrack module
12-08 16:30:55.821  1881  2406 E memtrack: Couldn't load memtrack module
12-08 16:30:55.860  1881  2406 E memtrack: Couldn't load memtrack module
12-08 16:30:55.882  1881  2406 E memtrack: Couldn't load memtrack module
12-08 16:30:55.885  1881  2406 E memtrack: Couldn't load memtrack module
12-08 16:30:55.900  1881  2406 E memtrack: Couldn't load memtrack module
12-08 16:31:21.987  1738  1772 E storaged: getDiskStats failed with result NOT_SUPPORTED and size 0
12-08 16:31:22.248  1730  1944 E         : Couldn't opendir /data/app/vmdl1210479486.tmp: No such file or directory
12-08 16:31:22.248  1730  1944 E installd: Failed to delete /data/app/vmdl1210479486.tmp: No such file or directory
12-08 16:31:32.369  1881  1894 E memtrack: Couldn't load memtrack module
12-08 16:31:35.145  2475 18069 E ChromeSync: [Sync,SyncIntentOperation] Error handling the intent: Intent { act=android.intent.action.PACKAGE_ADDED dat=package:com.evancharlton.mileage flg=0x4000010 cmp=com.google.android.gms/.chimera.GmsIntentOperationService (has extras) }.
12-08 16:31:55.582  1881  1894 E memtrack: Couldn't load memtrack module
12-08 16:31:55.672 18088 18088 E harlton.mileag: Not starting debugger since process cannot load the jdwp agent.
12-08 16:31:55.728  1828  1828 E netmgr  : Failed to open QEMU pipe 'qemud:network': Invalid argument
12-08 16:31:55.728  1828  1828 E netmgr  : WifiForwarder unable to open QEMU pipe: Invalid argument
12-08 16:32:11.525  1881  1894 E memtrack: Couldn't load memtrack module
12-08 16:32:19.261  2448 17895 E ctxmgr  : [AppIntervalImpl]closeInterval: ongoing
12-08 16:32:19.278  2448 17895 E ctxmgr  : [AppIntervalImpl]closeInterval: ongoing
12-08 16:32:26.950  1738  1772 E storaged: getDiskStats failed with result NOT_SUPPORTED and size 0
12-08 16:32:27.260  1881  1894 E memtrack: Couldn't load memtrack module
12-08 16:32:52.887  1881  1895 E system_server: libdebuggerd_client: failed to read response from tombstoned: timeout reached?
12-08 16:32:55.407  1881  1895 E system_server: libdebuggerd_client: timeout expired
12-08 16:32:55.544  1744  1744 E /system/bin/tombstoned: Traces for pid 1881 written to: /data/anr/trace_24
12-08 16:33:03.280  1881  1895 E system_server: libdebuggerd_client: received packet of unexpected length from tombstoned: expected 128, received -1
12-08 16:33:03.296  1828  1828 E netmgr  : Failed to open QEMU pipe 'qemud:network': Invalid argument
12-08 16:33:03.297  1828  1828 E netmgr  : WifiForwarder unable to open QEMU pipe: Invalid argument
12-08 16:33:03.651  1744  1744 E /system/bin/tombstoned: Traces for pid 1992 written to: /data/anr/trace_25
12-08 16:33:05.747  1881  1895 E system_server: libdebuggerd_client: timeout expired
12-08 16:33:05.747  1881  1895 E ActivityManager: Aborting stack trace dump (current firstPid=1992); deadline exceeded.
12-08 16:33:05.841  1881  1895 E ActivityManager: ANR in com.evancharlton.mileage (com.evancharlton.mileage/.Mileage)
12-08 16:33:05.841  1881  1895 E ActivityManager: PID: 18088
12-08 16:33:05.841  1881  1895 E ActivityManager: Reason: Input dispatching timed out (Waiting to send key event because the focused window has not finished processing all of the input events that were previously delivered to it.  Outbound queue length: 0.  Wait queue length: 10.)
12-08 16:33:05.841  1881  1895 E ActivityManager: Load: 6.41 / 6.8 / 5.81
12-08 16:33:05.841  1881  1895 E ActivityManager: CPU usage from 1ms to 33486ms later (2018-12-08 16:32:32.263 to 2018-12-08 16:33:05.748):
12-08 16:33:05.841  1881  1895 E ActivityManager:   92% 1881/system_server: 45% user + 46% kernel / faults: 6838 minor 231 major
12-08 16:33:05.841  1881  1895 E ActivityManager:   29% 2314/adbd: 1.3% user + 27% kernel / faults: 35209 minor
12-08 16:33:05.841  1881  1895 E ActivityManager:   24% 1992/com.google.android.inputmethod.latin: 12% user + 11% kernel / faults: 4671 minor 94 major
12-08 16:33:05.841  1881  1895 E ActivityManager:   22% 1725/surfaceflinger: 9.3% user + 13% kernel / faults: 23 minor
12-08 16:33:05.841  1881  1895 E ActivityManager:   15% 645/kswapd0: 0% user + 15% kernel
12-08 16:33:05.841  1881  1895 E ActivityManager:   14% 2692/com.google.android.googlequicksearchbox:search: 7.3% user + 7.5% kernel / faults: 2851 minor 8 major
12-08 16:33:05.841  1881  1895 E ActivityManager:   14% 18088/com.evancharlton.mileage: 6.2% user + 8.4% kernel / faults: 6342 minor 138 major
12-08 16:33:05.841  1881  1895 E ActivityManager:   0.5% 2004/com.android.systemui: 0% user + 0.4% kernel / faults: 187 minor 47 major
12-08 16:33:05.841  1881  1895 E ActivityManager:   0.4% 2448/com.google.android.gms.persistent: 0% user + 0.4% kernel / faults: 204 minor 4 major
12-08 16:33:05.841  1881  1895 E ActivityManager:   0.2% 16502/com.google.android.inputmethod.latin:train: 0% user + 0.2% kernel / faults: 975 minor 27 major
12-08 16:33:05.841  1881  1895 E ActivityManager:   0.2% 5536/kworker/u9:1: 0% user + 0.2% kernel
12-08 16:33:05.841  1881  1895 E ActivityManager:   0.2% 1704/kworker/u9:4: 0% user + 0.2% kernel
12-08 16:33:05.841  1881  1895 E ActivityManager:   0.2% 1747/android.hardware.graphics.composer@2.1-service: 0% user + 0.2% kernel / faults: 14 minor
12-08 16:33:05.841  1881  1895 E ActivityManager:   0.2% 1553/logd: 0% user + 0.2% kernel / faults: 1 minor
12-08 16:33:05.841  1881  1895 E ActivityManager:   0.2% 16852/kworker/u8:1: 0% user + 0.2% kernel
12-08 16:33:05.841  1881  1895 E ActivityManager:   0.1% 17553/kworker/u8:4: 0% user + 0.1% kernel
12-08 16:33:05.841  1881  1895 E ActivityManager:   0.1% 18062/com.android.commands.monkey: 0.1% user + 0% kernel / faults: 82 minor 17 major
12-08 16:33:05.841  1881  1895 E ActivityManager:   0.1% 1625/android.hardware.sensors@1.0-service: 0% user + 0.1% kernel
12-08 16:33:05.841  1881  1895 E ActivityManager:   0% 2508/kworker/u9:3: 0% user + 0% kernel
12-08 16:33:05.841  1881  1895 E ActivityManager:   0% 9451/kworker/u9:0: 0% user + 0% kernel
12-08 16:33:05.841  1881  1895 E ActivityManager:   0% 15251/kworker/u8:0: 0% user + 0% kernel
12-08 16:33:05.841  1881  1895 E ActivityManager:   0% 15677/kworker/u8:2: 0% user + 0% kernel
12-08 16:33:05.841  1881  1895 E ActivityManager:   0% 3/ksoftirqd/0: 0% user + 0% kernel
12-08 16:33:05.841  1881  1895 E ActivityManager:   0% 2330/logcat: 0% user + 0% kernel
12-08 16:33:05.841  1881  1895 E ActivityManager:   0% 13274/com.android.phone: 0% user + 0% kernel / faults: 15 minor 11 major
12-08 16:33:05.841  1881  1895 E ActivityManager:   0% 1//init: 0% user + 0% kernel / faults: 8 minor 10 major
12-08 16:33:05.841  1881  1895 E ActivityManager:   0% 12/ksoftirqd/1: 0% user + 0% kernel
12-08 16:33:05.841  1881  1895 E ActivityManager:   0% 1620/android.hardware.gnss@1.0-service: 0% user + 0% kernel
12-08 16:33:05.841  1881  1895 E ActivityManager:   0% 1621/android.hardware.graphics.allocator@2.0-service: 0% user + 0% kernel / faults: 14 minor
12-08 16:33:05.841  1881  1895 E ActivityManager:   0% 1636/traced_probes: 0% user + 0% kernel
12-08 16:33:05.841  1881  1895 E ActivityManager:   0% 1672/dmcrypt_write: 0% user + 0% kernel
12-08 16:33:05.841  1881  1895 E ActivityManager:   0% 1718/jbd2/dm-1-8: 0% user + 0% kernel
12-08 16:33:05.841  1881  1895 E ActivityManager:   0% 1741/rild: 0% user + 0% kernel
12-08 16:33:05.841  1881  1895 E ActivityManager:   0% 1744/tombstoned: 0% user + 0% kernel / faults: 4 minor 2 major
12-08 16:33:05.841  1881  1895 E ActivityManager:   0% 1824/kworker/3:1H: 0% user + 0% kernel
12-08 16:33:05.841  1881  1895 E ActivityManager:   0% 2475/com.google.android.gms: 0% user + 0% kernel / faults: 4 minor
12-08 16:33:05.841  1881  1895 E ActivityManager:   0% 2494/com.android.vending: 0% user + 0% kernel / faults: 44 minor 1 major
12-08 16:33:05.841  1881  1895 E ActivityManager:   0% 16912/kworker/1:0: 0% user + 0% kernel
12-08 16:33:05.841  1881  1895 E ActivityManager:   0% 17769/kworker/0:2: 0% user + 0% kernel
12-08 16:33:05.841  1881  1895 E ActivityManager:  +0% 18113/kworker/u8:6: 0% user + 0% kernel
12-08 16:33:05.841  1881  1895 E ActivityManager:  +0% 18121/crash_dump32: 0% user + 0% kernel
12-08 16:33:05.841  1881  1895 E ActivityManager:  +0% 18123/com.google.android.inputmethod.latin: 0% user + 0% kernel
12-08 16:33:05.841  1881  1895 E ActivityManager: 13% TOTAL: 4.2% user + 7.6% kernel + 0.6% iowait + 0.5% softirq
12-08 16:33:05.841  1881  1895 E ActivityManager: CPU usage from 50ms to 7641ms later (2018-12-08 16:32:32.311 to 2018-12-08 16:32:39.902):
12-08 16:33:05.841  1881  1895 E ActivityManager:   94% 1725/surfaceflinger: 38% user + 56% kernel / faults: 8 minor
12-08 16:33:05.841  1881  1895 E ActivityManager:     94% 1725/surfaceflinger: 35% user + 58% kernel
12-08 16:33:05.841  1881  1895 E ActivityManager:     0.2% 1801/sfEventThread: 0.2% user + 0% kernel
12-08 16:33:05.841  1881  1895 E ActivityManager:     0.1% 1799/DispSync: 0% user + 0.1% kernel
12-08 16:33:05.841  1881  1895 E ActivityManager:     0.1% 1800/appEventThread: 0.1% user + 0% kernel
12-08 16:33:05.841  1881  1895 E ActivityManager:     0.1% 1951/Binder:1725_4: 0.1% user + 0% kernel
12-08 16:33:05.841  1881  1895 E ActivityManager:     0.1% 1991/Binder:1725_5: 0% user + 0.1% kernel
12-08 16:33:05.841  1881  1895 E ActivityManager:   68% 1881/system_server: 33% user + 35% kernel / faults: 527 minor 101 major
12-08 16:33:05.841  1881  1895 E ActivityManager:     66% 1895/ActivityManager: 36% user + 29% kernel
12-08 16:33:05.841  1881  1895 E ActivityManager:     0.4% 1934/android.anim: 0.4% user + 0% kernel
12-08 16:33:05.841  1881  1895 E ActivityManager:     0.4% 5791/Binder:1881_20: 0% user + 0.4% kernel
12-08 16:33:05.841  1881  1895 E ActivityManager:     0.2% 1894/android.bg: 0.2% user + 0% kernel
12-08 16:33:05.841  1881  1895 E ActivityManager:     0.1% 1896/android.ui: 0.1% user + 0% kernel
12-08 16:33:05.841  1881  1895 E ActivityManager:     0.1% 1903/android.display: 0% user + 0.1% kernel
12-08 16:33:05.841  1881  1895 E ActivityManager:     0.1% 1905/PowerManagerSer: 0.1% user + 0% kernel
12-08 16:33:05.841  1881  1895 E ActivityManager:     0.1% 1935/android.anim.l
12-08 16:33:16.304  1881  5179 E memtrack: Couldn't load memtrack module
12-08 16:33:16.397  1881  5179 E memtrack: Couldn't load memtrack module
12-08 16:33:16.459  1881  5179 E memtrack: Couldn't load memtrack module
12-08 16:33:21.495  1881  5179 E memtrack: Couldn't load memtrack module
12-08 16:33:21.583  1881  5179 E memtrack: Couldn't load memtrack module
12-08 16:33:21.668  1881  5179 E memtrack: Couldn't load memtrack module
12-08 16:33:24.020  1881  5179 E memtrack: Couldn't load memtrack module
12-08 16:33:24.089  1881  5179 E memtrack: Couldn't load memtrack module
12-08 16:33:24.150  1881  5179 E memtrack: Couldn't load memtrack module
12-08 16:33:24.214  1881  5179 E memtrack: Couldn't load memtrack module
12-08 16:33:24.275  1881  5179 E memtrack: Couldn't load memtrack module
12-08 16:33:24.337  1881  5179 E memtrack: Couldn't load memtrack module
12-08 16:33:31.600  1738  1772 E storaged: getDiskStats failed with result NOT_SUPPORTED and size 0
12-08 16:33:31.612  1881  5179 E memtrack: Couldn't load memtrack module
12-08 16:33:31.699  1881  5179 E memtrack: Couldn't load memtrack module
12-08 16:33:31.772  1881  5179 E memtrack: Couldn't load memtrack module
12-08 16:33:31.847  1881  5179 E memtrack: Couldn't load memtrack module
