--------- beginning of main
--------- beginning of system
12-07 09:04:42.824  2422 19794 E s.nexuslaunche: Failed to open APK '/data/app/com.evancharlton.mileage-XN9Z4JC_jE_p_9Tc6Uax2A==/base.apk' I/O error
12-07 09:04:42.846  2422 19794 E ResourcesManager: failed to add asset path /data/app/com.evancharlton.mileage-XN9Z4JC_jE_p_9Tc6Uax2A==/base.apk
12-07 09:04:47.534  1829  1829 E netmgr  : Failed to open QEMU pipe 'qemud:network': Invalid argument
12-07 09:04:47.534  1829  1829 E netmgr  : WifiForwarder unable to open QEMU pipe: Invalid argument
12-07 09:05:04.848  2378 19138 E ctxmgr  : [ProducerStatusImpl]updateStateForNewContextData: inactive, contextName=7
12-07 09:05:06.799  2378 19138 E SynchronizedLE: asynchronous call timed out or was interrupted
12-07 09:05:07.144  2378  2378 E BeaconBle: Missing BluetoothAdapter
12-07 09:05:09.320  1735  1809 E storaged: getDiskStats failed with result NOT_SUPPORTED and size 0
12-07 09:05:09.377  2378  2378 E BeaconBle: Scan couldn't start for Places
12-07 09:05:16.197  1727  1945 E         : Couldn't opendir /data/app/vmdl1342474488.tmp: No such file or directory
12-07 09:05:16.197  1727  1945 E installd: Failed to delete /data/app/vmdl1342474488.tmp: No such file or directory
12-07 09:05:32.845 19188 19188 E harlton.mileag: Not starting debugger since process cannot load the jdwp agent.
12-07 09:05:42.198  1880  1897 E AutofillSession: No assist structure - app might have crashed providing it
12-07 09:05:49.120  1829  1829 E netmgr  : Failed to open QEMU pipe 'qemud:network': Invalid argument
12-07 09:05:49.121  1829  1829 E netmgr  : WifiForwarder unable to open QEMU pipe: Invalid argument
12-07 09:06:10.885  1735  1809 E storaged: getDiskStats failed with result NOT_SUPPORTED and size 0
12-07 09:06:49.122  1829  1829 E netmgr  : Failed to open QEMU pipe 'qemud:network': Invalid argument
12-07 09:06:49.122  1829  1829 E netmgr  : WifiForwarder unable to open QEMU pipe: Invalid argument
12-07 09:07:03.464  1610  1692 E audio_hw_generic: pcm_write failed cannot write stream data: I/O error
12-07 09:07:10.904  1735  1809 E storaged: getDiskStats failed with result NOT_SUPPORTED and size 0
12-07 09:07:13.424  2422 10409 E s.nexuslaunche: Failed to open APK '/data/app/com.evancharlton.mileage-XN9Z4JC_jE_p_9Tc6Uax2A==/base.apk' I/O error
12-07 09:07:13.504  2422 10409 E ResourcesManager: failed to add asset path /data/app/com.evancharlton.mileage-XN9Z4JC_jE_p_9Tc6Uax2A==/base.apk
12-07 09:07:37.081  1880  1895 E memtrack: Couldn't load memtrack module
12-07 09:07:37.110  2378 19151 E ctxmgr  : [ProducerStatusImpl]updateStateForNewContextData: inactive, contextName=7
12-07 09:07:39.575  2378  2378 E BeaconBle: Missing BluetoothAdapter
12-07 09:07:41.813  2378  2378 E BeaconBle: Scan couldn't start for Places
12-07 09:07:48.219  1880  1896 E system_server: libdebuggerd_client: timeout expired
12-07 09:07:50.749  1880  1896 E system_server: libdebuggerd_client: timeout expired
12-07 09:07:50.760  1829  1829 E netmgr  : Failed to open QEMU pipe 'qemud:network': Invalid argument
12-07 09:07:50.761  1829  1829 E netmgr  : WifiForwarder unable to open QEMU pipe: Invalid argument
12-07 09:07:50.869  1880  1896 E ActivityManager: Aborting stack trace dump (current firstPid=6805); deadline exceeded.
12-07 09:07:51.028  1880  1896 E ActivityManager: ANR in com.google.android.apps.nexuslauncher (com.google.android.apps.nexuslauncher/.NexusLauncherActivity)
12-07 09:07:51.028  1880  1896 E ActivityManager: PID: 2422
12-07 09:07:51.028  1880  1896 E ActivityManager: Reason: Input dispatching timed out (Waiting to send key event because the focused window has not finished processing all of the input events that were previously delivered to it.  Outbound queue length: 0.  Wait queue length: 10.)
12-07 09:07:51.028  1880  1896 E ActivityManager: Load: 2.86 / 4.37 / 6.03
12-07 09:07:51.028  1880  1896 E ActivityManager: CPU usage from 3ms to 27949ms later (2018-12-07 09:07:22.926 to 2018-12-07 09:07:50.872):
12-07 09:07:51.028  1880  1896 E ActivityManager:   65% 1880/system_server: 34% user + 31% kernel / faults: 11831 minor 659 major
12-07 09:07:51.028  1880  1896 E ActivityManager:   33% 646/kswapd0: 0% user + 33% kernel
12-07 09:07:51.028  1880  1896 E ActivityManager:   33% 1722/surfaceflinger: 13% user + 19% kernel / faults: 75 minor 14 major
12-07 09:07:51.028  1880  1896 E ActivityManager:   32% 6805/com.google.android.googlequicksearchbox:search: 13% user + 18% kernel / faults: 4531 minor 895 major
12-07 09:07:51.028  1880  1896 E ActivityManager:   28% 2378/com.google.android.gms.persistent: 15% user + 13% kernel / faults: 1052 minor 389 major
12-07 09:07:51.028  1880  1896 E ActivityManager:   14% 19188/com.evancharlton.mileage: 4.8% user + 9.9% kernel / faults: 14694 minor 73 major
12-07 09:07:51.028  1880  1896 E ActivityManager:   13% 2008/com.android.systemui: 7.6% user + 6% kernel / faults: 613 minor 231 major
12-07 09:07:51.028  1880  1896 E ActivityManager:   8.7% 1701/kworker/u9:2: 0% user + 8.7% kernel
12-07 09:07:51.028  1880  1896 E ActivityManager:   7.9% 18946/com.google.android.apps.photos: 1.2% user + 6.7% kernel / faults: 588 minor 309 major
12-07 09:07:51.028  1880  1896 E ActivityManager:   7.7% 1610/android.hardware.audio@2.0-service: 2.1% user + 5.6% kernel / faults: 26 minor 25 major
12-07 09:07:51.028  1880  1896 E ActivityManager:   7.6% 1738/rild: 1% user + 6.5% kernel / faults: 8 minor 13 major
12-07 09:07:51.028  1880  1896 E ActivityManager:   7.4% 16047/kworker/u8:2: 0% user + 7.4% kernel
12-07 09:07:51.028  1880  1896 E ActivityManager:   6.7% 1675/kworker/u9:0: 0% user + 6.7% kernel
12-07 09:07:51.028  1880  1896 E ActivityManager:   6.6% 18168/kworker/u8:6: 0% user + 6.6% kernel
12-07 09:07:51.028  1880  1896 E ActivityManager:   3.9% 2422/com.google.android.apps.nexuslauncher: 2% user + 1.9% kernel / faults: 2913 minor 252 major
12-07 09:07:51.028  1880  1896 E ActivityManager:   1.7% 1700/kworker/u9:1: 0% user + 1.7% kernel
12-07 09:07:51.028  1880  1896 E ActivityManager:   1.3% 2300/adbd: 0.1% user + 1.2% kernel / faults: 51400 minor 4 major
12-07 09:07:51.028  1880  1896 E ActivityManager:   1.1% 18700/kworker/u9:4: 0% user + 1.1% kernel
12-07 09:07:51.028  1880  1896 E ActivityManager:   0.9% 2347/kworker/u8:4: 0% user + 0.9% kernel
12-07 09:07:51.028  1880  1896 E ActivityManager:   0.9% 15200/kworker/u8:0: 0% user + 0.9% kernel
12-07 09:07:51.028  1880  1896 E ActivityManager:   0.9% 1628/audioserver: 0.3% user + 0.6% kernel / faults: 159 minor 58 major
12-07 09:07:51.028  1880  1896 E ActivityManager:   0.8% 1745/android.hardware.graphics.composer@2.1-service: 0% user + 0.8% kernel / faults: 39 minor 5 major
12-07 09:07:51.028  1880  1896 E ActivityManager:   0.7% 19991/kworker/u8:3: 0% user + 0.7% kernel
12-07 09:07:51.028  1880  1896 E ActivityManager:   0.3% 1702/kworker/u9:3: 0% user + 0.3% kernel
12-07 09:07:51.028  1880  1896 E ActivityManager:   0.5% 1624/android.hardware.sensors@1.0-service: 0% user + 0.5% kernel
12-07 09:07:51.028  1880  1896 E ActivityManager:   0.5% 1553/logd: 0% user + 0.4% kernel / faults: 8 minor 3 major
12-07 09:07:51.028  1880  1896 E ActivityManager:   0.3% 2125/com.android.phone: 0% user + 0.3% kernel / faults: 159 minor 57 major
12-07 09:07:51.028  1880  1896 E ActivityManager:   0.1% 2780/com.android.vending: 0% user + 0.1% kernel / faults: 88 minor 66 major
12-07 09:07:51.028  1880  1896 E ActivityManager:   0.2% 19172/com.android.commands.monkey: 0.1% user + 0.1% kernel / faults: 91 minor 42 major
12-07 09:07:51.028  1880  1896 E ActivityManager:   0.2% 3/ksoftirqd/0: 0% user + 0.2% kernel
12-07 09:07:51.028  1880  1896 E ActivityManager:   0.2% 18799/android.process.media: 0.2% user + 0% kernel / faults: 104 minor 21 major
12-07 09:07:51.028  1880  1896 E ActivityManager:   0.1% 2482/com.google.android.gms: 0% user + 0.1% kernel / faults: 172 minor 27 major
12-07 09:07:51.028  1880  1896 E ActivityManager:   0.1% 1619/android.hardware.gnss@1.0-service: 0% user + 0% kernel
12-07 09:07:51.028  1880  1896 E ActivityManager:   0.1% 1992/com.google.android.inputmethod.latin: 0% user + 0% kernel / faults: 54 minor 12 major
12-07 09:07:51.028  1880  1896 E ActivityManager:   0.1% 18396/kworker/2:0: 0% user + 0.1% kernel
12-07 09:07:51.028  1880  1896 E ActivityManager:   0.1% 19239/kworker/0:2: 0% user + 0.1% kernel
12-07 09:07:51.028  1880  1896 E ActivityManager:   0% 1622/android.hardware.health@2.0-service.goldfish: 0% user + 0% kernel / faults: 7 minor 9 major
12-07 09:07:51.028  1880  1896 E ActivityManager:   0% 1677/dmcrypt_write: 0% user + 0% kernel
12-07 09:07:51.028  1880  1896 E ActivityManager:   0% 1734/statsd: 0% user + 0% kernel
12-07 09:07:51.028  1880  1896 E ActivityManager:   0% 1735/storaged: 0% user + 0% kernel / faults: 2 minor 11 major
12-07 09:07:51.028  1880  1896 E ActivityManager:   0% 2318/logcat: 0% user + 0% kernel
12-07 09:07:51.028  1880  1896 E ActivityManager:   0% 3504/com.google.android.setupwizard: 0% user + 0% kernel / faults: 18 minor 8 major
12-07 09:07:51.028  1880  1896 E ActivityManager:   0% 2/kthreadd: 0% user + 0% kernel
12-07 09:07:51.028  1880  1896 E ActivityManager:   0% 7/rcu_preempt: 0% user + 0% kernel
12-07 09:07:51.028  1880  1896 E ActivityManager:   0% 20/ksoftirqd/3: 0% user + 0% kernel
12-07 09:07:51.028  1880  1896 E ActivityManager:   0% 1620/android.hardware.graphics.allocator@2.0-service: 0% user + 0% kernel / faults: 18 minor 2 major
12-07 09:07:51.028  1880  1896 E ActivityManager:   0% 1715/jbd2/dm-1-8: 0% user + 0% kernel
12-07 09:07:51.028  1880  1896 E ActivityManager:   0% 1724/cameraserver: 0% user + 0% kernel / faults: 14 minor 9 major
12-07 09:07:51.028  1880  1896 E ActivityManager:   0% 1725/drmserver: 0% user + 0% kernel / faults: 32 minor 6 major
12-07 09:07:51.028  1880  1896 E ActivityManager:   0% 1731/media.metrics: 0% user + 0% kernel / faults: 56 minor 14 major
12-07 09:07:51.028  1880  1896 E ActivityManager:   0% 1736/wificond: 0% user + 0% kernel / faults: 3 minor 5 major
12-07 09:07:51.028  1880  1896 E ActivityManager:   0% 1741/tombstoned: 0% user + 0% kernel / faults: 5 minor 1 major
12-07 09:07:51.028  1880  1896 E ActivityManager:   0% 1743/android
12-07 09:08:00.351  1880  4545 E memtrack: Couldn't load memtrack module
12-07 09:08:00.430  1880  4545 E memtrack: Couldn't load memtrack module
12-07 09:08:00.559  1880  4545 E memtrack: Couldn't load memtrack module
12-07 09:08:00.643  1880  4545 E memtrack: Couldn't load memtrack module
12-07 09:08:02.266  1880  4545 E memtrack: Couldn't load memtrack module
12-07 09:08:02.357  1880  4545 E memtrack: Couldn't load memtrack module
12-07 09:08:02.429  1880  4545 E memtrack: Couldn't load memtrack module
12-07 09:08:02.494  1880  4545 E memtrack: Couldn't load memtrack module
12-07 09:08:02.573  1880  4545 E memtrack: Couldn't load memtrack module
12-07 09:08:02.637  1880  4545 E memtrack: Couldn't load memtrack module
12-07 09:08:04.490  1880  4545 E memtrack: Couldn't load memtrack module
12-07 09:08:04.559  1880  4545 E memtrack: Couldn't load memtrack module
12-07 09:08:04.623  1880  4545 E memtrack: Couldn't load memtrack module
12-07 09:08:04.687  1880  4545 E memtrack: Couldn't load memtrack module
12-07 09:08:04.754  1880  4545 E memtrack: Couldn't load memtrack module
12-07 09:08:04.822  1880  4545 E memtrack: Couldn't load memtrack module
12-07 09:08:04.893  1880  4545 E memtrack: Couldn't load memtrack module
12-07 09:08:06.464  1880  4545 E memtrack: Couldn't load memtrack module
12-07 09:08:06.526  1880  4545 E memtrack: Couldn't load memtrack module
12-07 09:08:06.589  1880  4545 E memtrack: Couldn't load memtrack module
12-07 09:08:06.661  1880  4545 E memtrack: Couldn't load memtrack module
12-07 09:08:06.735  1880  4545 E memtrack: Couldn't load memtrack module
12-07 09:08:06.825  1880  4545 E memtrack: Couldn't load memtrack module
12-07 09:08:08.792  1880  4545 E memtrack: Couldn't load memtrack module
12-07 09:08:08.830  1880  4545 E memtrack: Couldn't load memtrack module
12-07 09:08:08.831  1880  4545 E memtrack: Couldn't load memtrack module
12-07 09:08:08.833  1880  4545 E memtrack: Couldn't load memtrack module
12-07 09:08:08.836  1880  4545 E memtrack: Couldn't load memtrack module
12-07 09:08:08.845  1880  4545 E memtrack: Couldn't load memtrack module
12-07 09:08:08.851  1880  4545 E memtrack: Couldn't load memtrack module
12-07 09:08:08.860  1880  4545 E memtrack: Couldn't load memtrack module
12-07 09:08:08.866  1880  4545 E memtrack: Couldn't load memtrack module
12-07 09:08:08.874  1880  4545 E memtrack: Couldn't load memtrack module
12-07 09:08:08.886  1880  4545 E memtrack: Couldn't load memtrack module
12-07 09:08:08.893  1880  4545 E memtrack: Couldn't load memtrack module
12-07 09:08:08.899  1880  4545 E memtrack: Couldn't load memtrack module
12-07 09:08:08.910  1880  4545 E memtrack: Couldn't load memtrack module
12-07 09:08:08.927  1880  4545 E memtrack: Couldn't load memtrack module
12-07 09:08:08.934  1880  4545 E memtrack: Couldn't load memtrack module
12-07 09:08:08.963  1880  4545 E memtrack: Couldn't load memtrack module
12-07 09:08:08.970  1880  4545 E memtrack: Couldn't load memtrack module
12-07 09:08:08.977  1880  4545 E memtrack: Couldn't load memtrack module
12-07 09:08:08.985  1880  4545 E memtrack: Couldn't load memtrack module
12-07 09:08:08.993  1880  4545 E memtrack: Couldn't load memtrack module
12-07 09:08:09.002  1880  4545 E memtrack: Couldn't load memtrack module
12-07 09:08:09.009  1880  4545 E memtrack: Couldn't load memtrack module
12-07 09:08:09.016  1880  4545 E memtrack: Couldn't load memtrack module
12-07 09:08:09.023  1880  4545 E memtrack: Couldn't load memtrack module
12-07 09:08:09.028  1880  4545 E memtrack: Couldn't load memtrack module
12-07 09:08:09.034  1880  4545 E memtrack: Couldn't load memtrack module
12-07 09:08:09.040  1880  4545 E memtrack: Couldn't load memtrack module
12-07 09:08:09.046  1880  4545 E memtrack: Couldn't load memtrack module
12-07 09:08:09.050  1880  4545 E memtrack: Couldn't load memtrack module
12-07 09:08:09.075  1880  4545 E memtrack: Couldn't load memtrack module
12-07 09:08:09.080  1880  4545 E memtrack: Couldn't load memtrack module
12-07 09:08:09.086  1880  4545 E memtrack: Couldn't load memtrack module
12-07 09:08:09.090  1880  4545 E memtrack: Couldn't load memtrack module
12-07 09:08:09.094  1880  4545 E memtrack: Couldn't load memtrack module
12-07 09:08:10.712  1880  4545 E memtrack: Couldn't load memtrack module
12-07 09:08:10.785  1880  4545 E memtrack: Couldn't load memtrack module
12-07 09:08:10.804  1880  4545 E memtrack: Couldn't load memtrack module
12-07 09:08:10.819  1880  4545 E memtrack: Couldn't load memtrack module
12-07 09:08:10.827  1880  4545 E memtrack: Couldn't load memtrack module
12-07 09:08:10.839  1880  4545 E memtrack: Couldn't load memtrack module
12-07 09:08:10.849  1880  4545 E memtrack: Couldn't load memtrack module
12-07 09:08:10.860  1880  4545 E memtrack: Couldn't load memtrack module
12-07 09:08:10.879  1880  4545 E memtrack: Couldn't load memtrack module
12-07 09:08:10.893  1880  4545 E memtrack: Couldn't load memtrack module
12-07 09:08:10.913  1880  4545 E memtrack: Couldn't load memtrack module
12-07 09:08:10.926  1880  4545 E memtrack: Couldn't load memtrack module
12-07 09:08:10.937  1880  4545 E memtrack: Couldn't load memtrack module
12-07 09:08:10.939  1735  1809 E storaged: getDiskStats failed with result NOT_SUPPORTED and size 0
12-07 09:08:10.945  1880  4545 E memtrack: Couldn't load memtrack module
12-07 09:08:10.952  1880  4545 E memtrack: Couldn't load memtrack module
12-07 09:08:10.973  1880  4545 E memtrack: Couldn't load memtrack module
12-07 09:08:10.980  1880  4545 E memtrack: Couldn't load memtrack module
12-07 09:08:10.990  1880  4545 E memtrack: Couldn't load memtrack module
12-07 09:08:10.996  1880  4545 E memtrack: Couldn't load memtrack module
12-07 09:08:11.002  1880  4545 E memtrack: Couldn't load memtrack module
12-07 09:08:11.017  1880  4545 E memtrack: Couldn't load memtrack module
12-07 09:08:11.020  1880  4545 E memtrack: Couldn't load memtrack module
12-07 09:08:11.023  1880  4545 E memtrack: Couldn't load memtrack module
12-07 09:08:11.027  1880  4545 E memtrack: Couldn't load memtrack module
12-07 09:08:11.032  1880  4545 E memtrack: Couldn't load memtrack module
