--------- beginning of system
--------- beginning of main
12-08 01:56:37.344  2161  2161 E oid.documentsu: Not starting debugger since process cannot load the jdwp agent.
12-08 01:56:37.356  2173  2173 E ndroid.keychai: Not starting debugger since process cannot load the jdwp agent.
12-08 01:56:38.461  2229  2229 E droid.apps.doc: Not starting debugger since process cannot load the jdwp agent.
12-08 01:56:38.918  2244  2244 E id.defcontaine: Not starting debugger since process cannot load the jdwp agent.
12-08 01:56:39.350  2267  2267 E d.process.medi: Not starting debugger since process cannot load the jdwp agent.
12-08 01:56:39.604  2288  2288 E ocess.gservice: Not starting debugger since process cannot load the jdwp agent.
12-08 01:56:40.934  2229  2229 E DocsApplication: [main] No default account found during application creation.
12-08 01:56:41.541  1729  1752 E         : Couldn't opendir /data/app/vmdl1616443759.tmp: No such file or directory
12-08 01:56:41.541  1729  1752 E installd: Failed to delete /data/app/vmdl1616443759.tmp: No such file or directory
12-08 01:56:45.155  2341  2341 E harlton.mileag: Not starting debugger since process cannot load the jdwp agent.
12-08 01:56:54.973  2374  2374 E emui:screensho: Not starting debugger since process cannot load the jdwp agent.
12-08 01:56:55.617  2374  2374 E SoundPool: error loading /product/media/audio/ui/camera_click.ogg
12-08 01:56:55.935  1739  2068 E OMXNodeInstance: getConfig(0xee326c00:google.vorbis.decoder, ConfigAndroidVendorExtension(0x6f100004)) ERROR: Undefined(0x80001001)
12-08 01:57:00.436  2413  2413 E hod.latin:trai: Not starting debugger since process cannot load the jdwp agent.
12-08 01:57:06.388 16506 16506 E BeaconBle: Missing BluetoothAdapter
12-08 01:57:06.568 16506 16506 E BeaconBle: Scan couldn't start for Places
12-08 01:57:08.946  2447  2447 E oid.apps.photo: Not starting debugger since process cannot load the jdwp agent.
12-08 01:57:17.777  1829  1829 E netmgr  : Failed to open QEMU pipe 'qemud:network': Invalid argument
12-08 01:57:17.777  1829  1829 E netmgr  : WifiForwarder unable to open QEMU pipe: Invalid argument
12-08 01:57:27.091 28119 28119 E ContextIntentStarter: No activity found for any of the 0 intents
12-08 01:57:29.205 16506  1977 E ctxmgr  : [AppIntervalImpl]closeInterval: ongoing
12-08 01:57:29.217 16506  1977 E ctxmgr  : [AppIntervalImpl]closeInterval: ongoing
12-08 01:57:36.868  1737  1809 E storaged: getDiskStats failed with result NOT_SUPPORTED and size 0
12-08 01:57:40.563 15927  2515 E audio_hw_generic: pcm_open(in) failed: cannot open device '/dev/snd/pcmC0D0c': Device or resource busy: channels 2 format 0 rate 16000
12-08 01:58:17.830  1829  1829 E netmgr  : Failed to open QEMU pipe 'qemud:network': Invalid argument
12-08 01:58:17.830  1829  1829 E netmgr  : WifiForwarder unable to open QEMU pipe: Invalid argument
12-08 01:58:19.223  2530  2530 E id.partnersetu: Not starting debugger since process cannot load the jdwp agent.
12-08 01:58:36.899  1737  1809 E storaged: getDiskStats failed with result NOT_SUPPORTED and size 0
12-08 01:59:17.892  1829  1829 E netmgr  : Failed to open QEMU pipe 'qemud:network': Invalid argument
12-08 01:59:17.892  1829  1829 E netmgr  : WifiForwarder unable to open QEMU pipe: Invalid argument
12-08 01:59:36.904  1737  1809 E storaged: getDiskStats failed with result NOT_SUPPORTED and size 0
12-08 02:00:01.058 16788 17129 E PlayCommon: [121] com.google.android.play.b.g.a(448): Failed to connect to server: java.net.UnknownHostException: Unable to resolve host "play.googleapis.com": No address associated with hostname
12-08 02:00:17.899  1829  1829 E netmgr  : Failed to open QEMU pipe 'qemud:network': Invalid argument
12-08 02:00:17.899  1829  1829 E netmgr  : WifiForwarder unable to open QEMU pipe: Invalid argument
12-08 02:00:36.906  1737  1809 E storaged: getDiskStats failed with result NOT_SUPPORTED and size 0
12-08 02:00:40.930 16485 16485 E SchedPolicy: set_timerslack_ns write failed: Operation not permitted
12-08 02:00:46.048 16485 16485 E SchedPolicy: set_timerslack_ns write failed: Operation not permitted
12-08 02:01:17.961  1829  1829 E netmgr  : Failed to open QEMU pipe 'qemud:network': Invalid argument
12-08 02:01:17.962  1829  1829 E netmgr  : WifiForwarder unable to open QEMU pipe: Invalid argument
12-08 02:01:36.909  1737  1809 E storaged: getDiskStats failed with result NOT_SUPPORTED and size 0
12-08 02:01:37.278 16485 16485 E SchedPolicy: set_timerslack_ns write failed: Operation not permitted
12-08 02:01:42.122 16485 16485 E SchedPolicy: set_timerslack_ns write failed: Operation not permitted
12-08 02:01:42.177 16485 16485 E SchedPolicy: set_timerslack_ns write failed: Operation not permitted
12-08 02:01:53.203 15976 15987 E WindowManager: Performed 6 layouts in a row. Skipping
12-08 02:01:53.226 15976 16026 E WindowManager: Performed 6 layouts in a row. Skipping
12-08 02:01:53.279 15976 16026 E WindowManager: Performed 6 layouts in a row. Skipping
12-08 02:01:53.343 15976 15991 E WindowManager: Performed 6 layouts in a row. Skipping
12-08 02:01:53.371 15976 16026 E WindowManager: Performed 6 layouts in a row. Skipping
12-08 02:01:53.404 15976 16026 E WindowManager: Performed 6 layouts in a row. Skipping
12-08 02:01:53.422 15976 17636 E WindowManager: Performed 6 layouts in a row. Skipping
12-08 02:01:53.476 15976 16026 E WindowManager: Performed 6 layouts in a row. Skipping
12-08 02:01:53.495 15976 15991 E WindowManager: Performed 6 layouts in a row. Skipping
12-08 02:01:53.539 15976 16026 E WindowManager: Performed 6 layouts in a row. Skipping
12-08 02:01:53.631 15976 16026 E WindowManager: Performed 6 layouts in a row. Skipping
12-08 02:01:55.617 16485 16485 E SchedPolicy: set_timerslack_ns write failed: Operation not permitted
