--------- beginning of main
--------- beginning of system
12-07 16:47:55.192 15976 16042 E InputDispatcher: channel 'ebc9300 com.evancharlton.mileage/com.evancharlton.mileage.ImportExportActivity (server)' ~ Channel is unrecoverably broken and will be disposed!
12-07 16:47:55.192 15976 16042 E InputDispatcher: channel '644cfc5 com.evancharlton.mileage/com.evancharlton.mileage.Mileage (server)' ~ Channel is unrecoverably broken and will be disposed!
12-07 16:47:55.274 15976 15990 E ActivityManager: Failure starting process com.evancharlton.mileage
12-07 16:47:55.274 15976 15990 E ActivityManager: java.lang.SecurityException: Package com.evancharlton.mileage was not found!
12-07 16:47:55.274 15976 15990 E ActivityManager: 	at com.android.server.pm.PackageManagerService.checkPackageStartable(PackageManagerService.java:3987)
12-07 16:47:55.274 15976 15990 E ActivityManager: 	at com.android.server.am.ActivityManagerService.startProcessLocked(ActivityManagerService.java:4234)
12-07 16:47:55.274 15976 15990 E ActivityManager: 	at com.android.server.am.ActivityManagerService.startProcessLocked(ActivityManagerService.java:4199)
12-07 16:47:55.274 15976 15990 E ActivityManager: 	at com.android.server.am.ActivityManagerService.startProcessLocked(ActivityManagerService.java:4181)
12-07 16:47:55.274 15976 15990 E ActivityManager: 	at com.android.server.am.ActivityManagerService.startProcessLocked(ActivityManagerService.java:4067)
12-07 16:47:55.274 15976 15990 E ActivityManager: 	at com.android.server.am.ActivityStackSupervisor.startSpecificActivityLocked(ActivityStackSupervisor.java:1715)
12-07 16:47:55.274 15976 15990 E ActivityManager: 	at com.android.server.am.ActivityStack.resumeTopActivityInnerLocked(ActivityStack.java:2764)
12-07 16:47:55.274 15976 15990 E ActivityManager: 	at com.android.server.am.ActivityStack.resumeTopActivityUncheckedLocked(ActivityStack.java:2302)
12-07 16:47:55.274 15976 15990 E ActivityManager: 	at com.android.server.am.ActivityStackSupervisor.resumeFocusedStackTopActivityLocked(ActivityStackSupervisor.java:2234)
12-07 16:47:55.274 15976 15990 E ActivityManager: 	at com.android.server.am.ActivityStackSupervisor.resumeFocusedStackTopActivityLocked(ActivityStackSupervisor.java:2218)
12-07 16:47:55.274 15976 15990 E ActivityManager: 	at com.android.server.am.ActivityManagerService.handleAppDiedLocked(ActivityManagerService.java:5923)
12-07 16:47:55.274 15976 15990 E ActivityManager: 	at com.android.server.am.ActivityManagerService.removeProcessLocked(ActivityManagerService.java:7501)
12-07 16:47:55.274 15976 15990 E ActivityManager: 	at com.android.server.am.ActivityManagerService.killPackageProcessesLocked(ActivityManagerService.java:7142)
12-07 16:47:55.274 15976 15990 E ActivityManager: 	at com.android.server.am.ActivityManagerService.forceStopPackageLocked(ActivityManagerService.java:7275)
12-07 16:47:55.274 15976 15990 E ActivityManager: 	at com.android.server.am.ActivityManagerService$MainHandler.handleMessage(ActivityManagerService.java:2289)
12-07 16:47:55.274 15976 15990 E ActivityManager: 	at android.os.Handler.dispatchMessage(Handler.java:106)
12-07 16:47:55.274 15976 15990 E ActivityManager: 	at android.os.Looper.loop(Looper.java:193)
12-07 16:47:55.274 15976 15990 E ActivityManager: 	at android.os.HandlerThread.run(HandlerThread.java:65)
12-07 16:47:55.274 15976 15990 E ActivityManager: 	at com.android.server.ServiceThread.run(ServiceThread.java:44)
12-07 16:47:55.403 16485 19321 E IconLoader: Unexpected null component name or activity info: ComponentInfo{com.evancharlton.mileage/com.evancharlton.mileage.Mileage}, null
12-07 16:47:56.004 15927 29492 E audio_hw_generic: pcm_open(in) failed: cannot open device '/dev/snd/pcmC0D0c': Device or resource busy: channels 2 format 0 rate 16000
12-07 16:47:58.227  1729  2327 E         : Couldn't opendir /data/app/vmdl145503783.tmp: No such file or directory
12-07 16:47:58.227  1729  2327 E installd: Failed to delete /data/app/vmdl145503783.tmp: No such file or directory
12-07 16:47:59.662 29525 29525 E harlton.mileag: Not starting debugger since process cannot load the jdwp agent.
12-07 16:48:00.697 16085 24146 E putmethod.lati: Invalid ID 0x00000001.
12-07 16:48:00.704 16085 24146 E LstmTrainingCache: emn: Can't get resource name for input slot
12-07 16:48:00.704 16085 24146 E LstmTrainingCache: android.content.res.Resources$NotFoundException: Unable to find resource ID #0x1
12-07 16:48:00.704 16085 24146 E LstmTrainingCache: 	at android.content.res.ResourcesImpl.getResourceName(ResourcesImpl.java:255)
12-07 16:48:00.704 16085 24146 E LstmTrainingCache: 	at android.content.res.Resources.getResourceName(Resources.java:1954)
12-07 16:48:00.704 16085 24146 E LstmTrainingCache: 	at emn.a(PG:12)
12-07 16:48:00.704 16085 24146 E LstmTrainingCache: 	at emk.run(PG:5)
12-07 16:48:00.704 16085 24146 E LstmTrainingCache: 	at java.lang.Thread.run(Thread.java:764)
12-07 16:48:05.144  1829  1829 E netmgr  : Failed to open QEMU pipe 'qemud:network': Invalid argument
12-07 16:48:05.145  1829  1829 E netmgr  : WifiForwarder unable to open QEMU pipe: Invalid argument
12-07 16:48:06.103 29525 29544 E SQLiteLog: (1) no such table: fillups
12-07 16:48:06.108 29525 29544 E DatabaseUpgrader: Couldn't upgrade database!
12-07 16:48:06.108 29525 29544 E DatabaseUpgrader: android.database.sqlite.SQLiteException: no such table: fillups (code 1 SQLITE_ERROR): , while compiling: ALTER TABLE fillups ADD COLUMN is_partial INTEGER;
12-07 16:48:06.108 29525 29544 E DatabaseUpgrader: 	at android.database.sqlite.SQLiteConnection.nativePrepareStatement(Native Method)
12-07 16:48:06.108 29525 29544 E DatabaseUpgrader: 	at android.database.sqlite.SQLiteConnection.acquirePreparedStatement(SQLiteConnection.java:903)
12-07 16:48:06.108 29525 29544 E DatabaseUpgrader: 	at android.database.sqlite.SQLiteConnection.prepare(SQLiteConnection.java:514)
12-07 16:48:06.108 29525 29544 E DatabaseUpgrader: 	at android.database.sqlite.SQLiteSession.prepare(SQLiteSession.java:588)
12-07 16:48:06.108 29525 29544 E DatabaseUpgrader: 	at android.database.sqlite.SQLiteProgram.<init>(SQLiteProgram.java:58)
12-07 16:48:06.108 29525 29544 E DatabaseUpgrader: 	at android.database.sqlite.SQLiteStatement.<init>(SQLiteStatement.java:31)
12-07 16:48:06.108 29525 29544 E DatabaseUpgrader: 	at android.database.sqlite.SQLiteDatabase.executeSql(SQLiteDatabase.java:1769)
12-07 16:48:06.108 29525 29544 E DatabaseUpgrader: 	at android.database.sqlite.SQLiteDatabase.execSQL(SQLiteDatabase.java:1698)
12-07 16:48:06.108 29525 29544 E DatabaseUpgrader: 	at com.evancharlton.mileage.provider.DatabaseUpgrader.exec(DatabaseUpgrader.java:105)
12-07 16:48:06.108 29525 29544 E DatabaseUpgrader: 	at com.evancharlton.mileage.provider.DatabaseUpgrader.upgradeDatabase(DatabaseUpgrader.java:44)
12-07 16:48:06.108 29525 29544 E DatabaseUpgrader: 	at com.evancharlton.mileage.provider.DatabaseUpgrader.upgradeDatabase(DatabaseUpgrader.java:89)
12-07 16:48:06.108 29525 29544 E DatabaseUpgrader: 	at com.evancharlton.mileage.tasks.DbImportTask.upgradeDatabase(DbImportTask.java:77)
12-07 16:48:06.108 29525 29544 E DatabaseUpgrader: 	at com.evancharlton.mileage.tasks.DbImportTask.doInBackground(DbImportTask.java:43)
12-07 16:48:06.108 29525 29544 E DatabaseUpgrader: 	at com.evancharlton.mileage.tasks.DbImportTask.doInBackground(DbImportTask.java:20)
12-07 16:48:06.108 29525 29544 E DatabaseUpgrader: 	at android.os.AsyncTask$2.call(AsyncTask.java:333)
12-07 16:48:06.108 29525 29544 E DatabaseUpgrader: 	at java.util.concurrent.FutureTask.run(FutureTask.java:266)
12-07 16:48:06.108 29525 29544 E DatabaseUpgrader: 	at java.util.concurrent.ThreadPoolExecutor.runWorker(ThreadPoolExecutor.java:1167)
12-07 16:48:06.108 29525 29544 E DatabaseUpgrader: 	at java.util.concurrent.ThreadPoolExecutor$Worker.run(ThreadPoolExecutor.java:641)
12-07 16:48:06.108 29525 29544 E DatabaseUpgrader: 	at java.lang.Thread.run(Thread.java:764)
12-07 16:48:08.855 16561 16561 E ContextIntentStarter: No activity found for any of the 0 intents
12-07 16:48:09.065 28584 28584 E wpa_supplicant: nl80211: Failed to open /proc/sys/net/ipv4/conf/p2p-dev-wlan0/drop_unicast_in_l2_multicast: No such file or directory
12-07 16:48:09.065 28584 28584 E wpa_supplicant: nl80211: Failed to set IPv4 unicast in multicast filter
12-07 16:48:09.083 28584 28584 E wpa_supplicant: nl80211: Failed to open /proc/sys/net/ipv4/conf/p2p-dev-wlan0/drop_unicast_in_l2_multicast: No such file or directory
12-07 16:48:09.083 28584 28584 E wpa_supplicant: nl80211: Failed to set IPv4 unicast in multicast filter
12-07 16:48:09.208 28584 28584 E wpa_supplicant: nl80211: Failed to open /proc/sys/net/ipv4/conf/wlan0/drop_unicast_in_l2_multicast: No such file or directory
12-07 16:48:09.208 28584 28584 E wpa_supplicant: nl80211: Failed to set IPv4 unicast in multicast filter
12-07 16:48:09.209 28584 28584 E wpa_supplicant: nl80211: Failed to open /proc/sys/net/ipv4/conf/wlan0/drop_unicast_in_l2_multicast: No such file or directory
12-07 16:48:09.209 28584 28584 E wpa_supplicant: nl80211: Failed to set IPv4 unicast in multicast filter
12-07 16:48:09.300 28584 28584 E wpa_supplicant: nl80211: Failed to open /proc/sys/net/ipv4/conf/wlan0/drop_unicast_in_l2_multicast: No such file or directory
12-07 16:48:09.300 28584 28584 E wpa_supplicant: nl80211: Failed to set IPv4 unicast in multicast filter
12-07 16:48:09.393 15976 28592 E ConnectivityPacketTracker.wlan0: readPacket error: 
12-07 16:48:09.393 15976 28592 E ConnectivityPacketTracker.wlan0: android.system.ErrnoException: read failed: ENETDOWN (Network is down)
12-07 16:48:09.393 15976 28592 E ConnectivityPacketTracker.wlan0: 	at libcore.io.Linux.readBytes(Native Method)
12-07 16:48:09.393 15976 28592 E ConnectivityPacketTracker.wlan0: 	at libcore.io.Linux.read(Linux.java:184)
12-07 16:48:09.393 15976 28592 E ConnectivityPacketTracker.wlan0: 	at libcore.io.BlockGuardOs.read(BlockGuardOs.java:254)
12-07 16:48:09.393 15976 28592 E ConnectivityPacketTracker.wlan0: 	at android.system.Os.read(Os.java:414)
12-07 16:48:09.393 15976 28592 E ConnectivityPacketTracker.wlan0: 	at android.net.util.PacketReader.readPacket(PacketReader.java:137)
12-07 16:48:09.393 15976 28592 E ConnectivityPacketTracker.wlan0: 	at android.net.util.PacketReader.handleInput(PacketReader.java:207)
12-07 16:48:09.393 15976 28592 E ConnectivityPacketTracker.wlan0: 	at android.net.util.PacketReader.access$100(PacketReader.java:70)
12-07 16:48:09.393 15976 28592 E ConnectivityPacketTracker.wlan0: 	at android.net.util.PacketReader$1.onFileDescriptorEvents(PacketReader.java:189)
12-07 16:48:09.393 15976 28592 E ConnectivityPacketTracker.wlan0: 	at android.os.MessageQueue.dispatchEvents(MessageQueue.java:285)
12-07 16:48:09.393 15976 28592 E ConnectivityPacketTracker.wlan0: 	at android.os.MessageQueue.nativePollOnce(Native Method)
12-07 16:48:09.393 15976 28592 E ConnectivityPacketTracker.wlan0: 	at android.os.MessageQueue.next(MessageQueue.java:326)
12-07 16:48:09.393 15976 28592 E ConnectivityPacketTracker.wlan0: 	at android.os.Looper.loop(Looper.java:160)
12-07 16:48:09.393 15976 28592 E ConnectivityPacketTracker.wlan0: 	at android.os.HandlerThread.run(HandlerThread.java:65)
12-07 16:48:09.410 15976 28663 E DhcpClient: Read error
12-07 16:48:09.410 15976 28663 E DhcpClient: android.system.ErrnoException: read failed: ENETDOWN (Network is down)
12-07 16:48:09.410 15976 28663 E DhcpClient: 	at libcore.io.Linux.readBytes(Native Method)
12-07 16:48:09.410 15976 28663 E DhcpClient: 	at libcore.io.Linux.read(Linux.java:184)
12-07 16:48:09.410 15976 28663 E DhcpClient: 	at libcore.io.BlockGuardOs.read(BlockGuardOs.java:254)
12-07 16:48:09.410 15976 28663 E DhcpClient: 	at android.system.Os.read(Os.java:414)
12-07 16:48:09.410 15976 28663 E DhcpClient: 	at android.net.dhcp.DhcpClient$ReceiveThread.run(DhcpClient.java:364)
12-07 16:48:09.566  1628  1628 E android.hardware.wifi@1.0-service: Failed to open directory: Permission denied
12-07 16:48:09.567  1628  1628 E android.hardware.wifi@1.0-service: Error occurred while deleting old tombstone files
12-07 16:48:09.567  1628  1628 E android.hardware.wifi@1.0-service: Error writing files to flash
12-07 16:48:09.770 16561 16708 E MicroDetectionWorker: Stale runnable..ignoring
12-07 16:48:09.782 15976 16053 E SupplicantStaIfaceHal: Can't call setPowerSave, ISupplicantStaIface is null
12-07 16:48:09.782 15976 16053 E SupplicantStaIfaceHal: Can't call setBtCoexistenceMode, ISupplicantStaIface is null
12-07 16:48:09.813 15976 16053 E HalDevMgr: Should have at least 1 chip!
12-07 16:48:09.813 15976 16053 E HalDevMgr: dispatchAvailableForRequestListeners: no chip info found
12-07 16:48:09.821 15976 16053 E SupplicantStaIfaceHal: Can't call listNetworks, ISupplicantStaIface is null
12-07 16:48:09.821 15976 16053 E SupplicantStaIfaceHal: removeAllNetworks failed, got null networks
12-07 16:48:09.821 15976 16053 E WifiStateMachine: Failed to remove networks on exiting connect mode
12-07 16:48:09.824 15976 16055 E WifiP2pService: Unhandled message { when=-3ms what=131204 target=com.android.internal.util.StateMachine$SmHandler }
12-07 16:48:09.923 16506 28682 E WakeLock: GCM_HB_ALARM release without a matched acquire!
12-07 16:48:10.024 16506 28682 E WakeLock: GCM_CONN_ALARM release without a matched acquire!
12-07 16:48:10.052 15976 15994 E BatteryExternalStatsWorker: no controller energy info supplied for wifi
12-07 16:48:10.053 15976 16054 E WificondControl: No valid wificond scanner interface handler
12-07 16:48:10.395 16506 28790 E ctxmgr  : [ProducerStatusImpl]updateStateForNewContextData: inactive, contextName=7
12-07 16:48:10.519  1628  1628 E android.hardware.wifi@1.0-service: Failed to register radio mode change callback
12-07 16:48:10.534  1628  1628 E android.hardware.wifi@1.0-service: Failed to set DFS flag; DFS channels may be unavailable.
12-07 16:48:10.598 16506 28790 E ctxmgr  : [ProducerStatusImpl]updateStateForNewContextData: inactive, contextName=1
12-07 16:48:10.721 15926 15926 E wificond: No Offload Service available
12-07 16:48:10.723 15976 16053 E SupplicantStaIfaceHal: Can't call setupIface, ISupplicantStaIface is null
12-07 16:48:10.795 15976 16054 E WifiVendorHal: getBgScanCapabilities(l.671) failed {.code = ERROR_NOT_SUPPORTED, .description = }
12-07 16:48:10.818 15976 16055 E WifiP2pService: Unhandled message { when=-1ms what=131203 target=com.android.internal.util.StateMachine$SmHandler }
12-07 16:48:10.886 16506 16506 E BeaconBle: Missing BluetoothAdapter
12-07 16:48:10.893 15976 16055 E WifiP2pService: Unhandled message { when=-2ms what=131203 target=com.android.internal.util.StateMachine$SmHandler }
12-07 16:48:10.936 15976 15994 E BatteryExternalStatsWorker: no controller energy info supplied for wifi
12-07 16:48:10.939 16506 16506 E BeaconBle: Scan couldn't start for Places
12-07 16:48:11.035 29572 29572 E wpa_supplicant: nl80211: Failed to open /proc/sys/net/ipv4/conf/p2p-dev-wlan0/drop_unicast_in_l2_multicast: No such file or directory
12-07 16:48:11.035 29572 29572 E wpa_supplicant: nl80211: Failed to set IPv4 unicast in multicast filter
12-07 16:48:11.036 29572 29572 E wpa_supplicant: nl80211: Failed to open /proc/sys/net/ipv4/conf/p2p-dev-wlan0/drop_unicast_in_l2_multicast: No such file or directory
12-07 16:48:11.036 29572 29572 E wpa_supplicant: nl80211: Failed to set IPv4 unicast in multicast filter
12-07 16:48:11.100 29572 29572 E wpa_supplicant: nl80211: Failed to open /proc/sys/net/ipv4/conf/wlan0/drop_unicast_in_l2_multicast: No such file or directory
12-07 16:48:11.100 29572 29572 E wpa_supplicant: nl80211: Failed to set IPv4 unicast in multicast filter
12-07 16:48:11.189 29572 29572 E wpa_supplicant: nl80211: Failed to open /proc/sys/net/ipv4/conf/wlan0/drop_unicast_in_l2_multicast: No such file or directory
12-07 16:48:11.189 29572 29572 E wpa_supplicant: nl80211: Failed to set IPv4 unicast in multicast filter
12-07 16:48:11.399  1628  1628 E android.hardware.wifi@1.0-service: Failed to open directory: Permission denied
12-07 16:48:11.399  1628  1628 E android.hardware.wifi@1.0-service: Error occurred while deleting old tombstone files
12-07 16:48:11.399  1628  1628 E android.hardware.wifi@1.0-service: Error writing files to flash
12-07 16:48:11.613 15976 16053 E SupplicantStaIfaceHal: Can't call setPowerSave, ISupplicantStaIface is null
12-07 16:48:11.613 15976 16053 E SupplicantStaIfaceHal: Can't call setBtCoexistenceMode, ISupplicantStaIface is null
12-07 16:48:11.616 15976 16053 E HalDevMgr: Should have at least 1 chip!
12-07 16:48:11.616 15976 16053 E HalDevMgr: dispatchAvailableForRequestListeners: no chip info found
12-07 16:48:11.624 15976 16053 E SupplicantStaIfaceHal: Can't call listNetworks, ISupplicantStaIface is null
12-07 16:48:11.624 15976 16053 E SupplicantStaIfaceHal: removeAllNetworks failed, got null networks
12-07 16:48:11.624 15976 16053 E WifiStateMachine: Failed to remove networks on exiting connect mode
12-07 16:48:11.625 15976 16055 E WifiP2pService: Unhandled message { when=-1ms what=131204 target=com.android.internal.util.StateMachine$SmHandler }
12-07 16:48:11.627 15976 16054 E WificondControl: No valid wificond scanner interface handler
12-07 16:48:11.631 15976 15994 E BatteryExternalStatsWorker: no controller energy info supplied for wifi
12-07 16:48:11.632 15976 16053 E WifiScanRequestProxy: Scan failure received. reason: -1,description: not available
12-07 16:48:11.639 15976 15994 E BatteryExternalStatsWorker: no controller energy info supplied for wifi
12-07 16:48:11.913  1628  1628 E android.hardware.wifi@1.0-service: Failed to register radio mode change callback
12-07 16:48:11.914  1628  1628 E android.hardware.wifi@1.0-service: Failed to set DFS flag; DFS channels may be unavailable.
12-07 16:48:11.945 15926 15926 E wificond: No Offload Service available
12-07 16:48:11.946 15976 16053 E SupplicantStaIfaceHal: Can't call setupIface, ISupplicantStaIface is null
12-07 16:48:11.968 15976 16054 E WifiVendorHal: getBgScanCapabilities(l.671) failed {.code = ERROR_NOT_SUPPORTED, .description = }
12-07 16:48:11.986 15976 16055 E WifiP2pService: Unhandled message { when=0 what=131203 target=com.android.internal.util.StateMachine$SmHandler }
12-07 16:48:12.000 15976 16055 E WifiP2pService: Unhandled message { when=0 what=131203 target=com.android.internal.util.StateMachine$SmHandler }
12-07 16:48:12.013 15976 15994 E BatteryExternalStatsWorker: no controller energy info supplied for wifi
12-07 16:48:12.032 15976 15994 E BatteryExternalStatsWorker: no controller energy info supplied for wifi
12-07 16:48:12.836 15976 16056 E ConnectivityService: exception in setMtu()java.lang.IllegalStateException: command '507 interface setmtu radio0 1500' failed with '400 507 Failed to set MTU (Permission denied)'
12-07 16:48:13.487 16506 29611 E WakeLock: GCM_CONN_ALARM release without a matched acquire!
12-07 16:48:13.631 16506 29613 E WakeLock: GCM_HB_ALARM release without a matched acquire!
12-07 16:48:13.639 16506 29613 E WakeLock: GCM_CONN_ALARM release without a matched acquire!
12-07 16:48:13.706 29614 29614 E id.gms.learnin: Not starting debugger since process cannot load the jdwp agent.
