--------- beginning of main
--------- beginning of system
12-08 00:34:36.940 19534 19534 E oid.documentsu: Not starting debugger since process cannot load the jdwp agent.
12-08 00:34:42.135  1729  1752 E         : Couldn't opendir /data/app/vmdl1254610982.tmp: No such file or directory
12-08 00:34:42.135  1729  1752 E installd: Failed to delete /data/app/vmdl1254610982.tmp: No such file or directory
12-08 00:34:46.180 19626 19626 E harlton.mileag: Not starting debugger since process cannot load the jdwp agent.
12-08 00:34:46.766 16506 12071 E ctxmgr  : [AppIntervalImpl]closeInterval: stopTimeMillis invalid, stop=1544229286766, start=1544238227857
12-08 00:34:46.772 16506 12071 E ctxmgr  : [AppIntervalImpl]closeInterval: stopTimeMillis invalid, stop=1544229286772, start=1544238227858
12-08 00:34:48.149 16085 24146 E putmethod.lati: Invalid ID 0x00000001.
12-08 00:34:48.159 16085 24146 E LstmTrainingCache: emn: Can't get resource name for input slot
12-08 00:34:48.159 16085 24146 E LstmTrainingCache: android.content.res.Resources$NotFoundException: Unable to find resource ID #0x1
12-08 00:34:48.159 16085 24146 E LstmTrainingCache: 	at android.content.res.ResourcesImpl.getResourceName(ResourcesImpl.java:255)
12-08 00:34:48.159 16085 24146 E LstmTrainingCache: 	at android.content.res.Resources.getResourceName(Resources.java:1954)
12-08 00:34:48.159 16085 24146 E LstmTrainingCache: 	at emn.a(PG:12)
12-08 00:34:48.159 16085 24146 E LstmTrainingCache: 	at emk.run(PG:5)
12-08 00:34:48.159 16085 24146 E LstmTrainingCache: 	at java.lang.Thread.run(Thread.java:764)
12-08 00:34:52.254 16085 24146 E putmethod.lati: Invalid ID 0x00000001.
12-08 00:34:52.264 16085 24146 E LstmTrainingCache: emn: Can't get resource name for input slot
12-08 00:34:52.264 16085 24146 E LstmTrainingCache: android.content.res.Resources$NotFoundException: Unable to find resource ID #0x1
12-08 00:34:52.264 16085 24146 E LstmTrainingCache: 	at android.content.res.ResourcesImpl.getResourceName(ResourcesImpl.java:255)
12-08 00:34:52.264 16085 24146 E LstmTrainingCache: 	at android.content.res.Resources.getResourceName(Resources.java:1954)
12-08 00:34:52.264 16085 24146 E LstmTrainingCache: 	at emn.a(PG:12)
12-08 00:34:52.264 16085 24146 E LstmTrainingCache: 	at emk.run(PG:5)
12-08 00:34:52.264 16085 24146 E LstmTrainingCache: 	at java.lang.Thread.run(Thread.java:764)
12-08 00:34:52.783 19626 19626 E SpannableStringBuilder: SPAN_EXCLUSIVE_EXCLUSIVE spans cannot have a zero length
12-08 00:34:52.783 19626 19626 E SpannableStringBuilder: SPAN_EXCLUSIVE_EXCLUSIVE spans cannot have a zero length
12-08 00:34:53.670 16085 16085 E native  : clearcut-logger.cc:191 USER_EDIT span#originalSpan is missing
12-08 00:35:00.399 19664 19664 E emui:screensho: Not starting debugger since process cannot load the jdwp agent.
12-08 00:35:01.909 19664 19664 E SoundPool: error loading /product/media/audio/ui/camera_click.ogg
12-08 00:35:02.248  1739  2097 E OMXNodeInstance: getConfig(0xee326f60:google.vorbis.decoder, ConfigAndroidVendorExtension(0x6f100004)) ERROR: Undefined(0x80001001)
12-08 00:35:07.907  1829  1829 E netmgr  : Failed to open QEMU pipe 'qemud:network': Invalid argument
12-08 00:35:07.907  1829  1829 E netmgr  : WifiForwarder unable to open QEMU pipe: Invalid argument
12-08 00:35:09.884 16506 16506 E BeaconBle: Missing BluetoothAdapter
12-08 00:35:09.954 16506 16506 E BeaconBle: Scan couldn't start for Places
12-08 00:35:15.649 19719 19719 E oid.apps.photo: Not starting debugger since process cannot load the jdwp agent.
12-08 00:35:16.358 19737 19737 E ocess.gservice: Not starting debugger since process cannot load the jdwp agent.
12-08 00:35:30.063  1737  1809 E storaged: getDiskStats failed with result NOT_SUPPORTED and size 0
12-08 00:35:30.610 15976 16745 E WindowManager: Performed 6 layouts in a row. Skipping
12-08 00:35:30.638 15976 16026 E WindowManager: Performed 6 layouts in a row. Skipping
12-08 00:35:30.684 15976 16026 E WindowManager: Performed 6 layouts in a row. Skipping
12-08 00:35:30.723 15976 16745 E WindowManager: Performed 6 layouts in a row. Skipping
12-08 00:35:30.742 15976 16026 E WindowManager: Performed 6 layouts in a row. Skipping
12-08 00:35:30.800 15976 16026 E WindowManager: Performed 6 layouts in a row. Skipping
12-08 00:35:30.845 15976 16026 E WindowManager: Performed 6 layouts in a row. Skipping
12-08 00:35:30.888 15976 16026 E WindowManager: Performed 6 layouts in a row. Skipping
12-08 00:35:30.906 15976 16745 E WindowManager: Performed 6 layouts in a row. Skipping
12-08 00:35:30.946 15976 15991 E WindowManager: Performed 6 layouts in a row. Skipping
12-08 00:35:30.975 15976 16026 E WindowManager: Performed 6 layouts in a row. Skipping
12-08 00:35:30.996 15976 19423 E WindowManager: Performed 6 layouts in a row. Skipping
12-08 00:35:31.021 15976 16026 E WindowManager: Performed 6 layouts in a row. Skipping
12-08 00:35:31.043 15976 16026 E WindowManager: Performed 6 layouts in a row. Skipping
12-08 00:35:31.155 15976 16026 E WindowManager: Performed 6 layouts in a row. Skipping
12-08 00:35:32.452 16561 16561 E ContextIntentStarter: No activity found for any of the 0 intents
12-08 00:35:43.170 16506 12071 E ctxmgr  : [AppIntervalImpl]closeInterval: stopTimeMillis invalid, stop=1544229343170, start=1544238227857
12-08 00:35:43.184 16506 12071 E ctxmgr  : [AppIntervalImpl]closeInterval: stopTimeMillis invalid, stop=1544229343184, start=1544238227858
12-08 00:35:44.799 19811 19811 E id.partnersetu: Not starting debugger since process cannot load the jdwp agent.
12-08 00:35:45.099 19825 19825 E boxed_process2: Not starting debugger since process cannot load the jdwp agent.
12-08 00:35:45.477 16561 16561 E ClientVe: Failed to create ClientVisualElementsProto for user interaction on view com.google.android.apps.gsa.searchbox.ui.suggestions.views.CoreSuggestionView{1086a0c VFE...CL. ...P.... 0,289-1038,436 #13f} because the view is not tagged for visual element logging.
12-08 00:35:45.504 16561 16561 E ClientVe: Failed to create ClientVisualElementsProto for user interaction on view com.google.android.apps.gsa.searchbox.ui.suggestions.views.CoreSuggestionView{7b3f25b VFE...CL. ...P.... 0,436-1038,583 #140} because the view is not tagged for visual element logging.
12-08 00:35:47.578 16561 16561 E ClientVe: Failed to create ClientVisualElementsProto for user interaction on view com.google.android.apps.gsa.searchbox.ui.suggestions.views.CoreSuggestionView{7b3f25b VFE...CL. ...P.... 0,436-1038,583 #140} because the view is not tagged for visual element logging.
12-08 00:35:47.607 16561 16561 E ClientVe: Failed to create ClientVisualElementsProto for user interaction on view com.google.android.apps.gsa.searchbox.ui.suggestions.views.CoreSuggestionView{1086a0c VFE...CL. ...P.... 0,289-1038,436 #13f} because the view is not tagged for visual element logging.
12-08 00:35:47.676 16561 16561 E ClientVe: Failed to create ClientVisualElementsProto for user interaction on view com.google.android.apps.gsa.searchbox.ui.suggestions.views.CoreSuggestionView{3b2cd6a VFE...CL. ...P.... 0,142-1038,289 #13e} because the view is not tagged for visual element logging.
12-08 00:35:47.756 16561 16561 E ClientVe: Failed to create ClientVisualElementsProto for user interaction on view com.google.android.apps.gsa.searchbox.ui.suggestions.views.CoreSuggestionView{1086a0c VFE...CL. ...P.... 0,289-1038,436 #13f} because the view is not tagged for visual element logging.
12-08 00:35:47.770 16561 16561 E ClientVe: Failed to create ClientVisualElementsProto for user interaction on view com.google.android.apps.gsa.searchbox.ui.suggestions.views.CoreSuggestionView{1086a0c VFE...CL. ...P.... 0,289-1038,436 #13f} because the view is not tagged for visual element logging.
12-08 00:35:47.904 16561 16561 E ClientVe: Failed to create ClientVisualElementsProto for user interaction on view com.google.android.apps.gsa.searchbox.ui.suggestions.views.CoreSuggestionView{8d81af8 VFE...CL. ...P.... 0,583-1038,730 #141} because the view is not tagged for visual element logging.
12-08 00:35:48.422 16085 16085 E native  : suggestion-transformer.cc:118 suggestion picked candidate not found for id: 1
12-08 00:35:48.466 15976 15989 E memtrack: Couldn't load memtrack module
12-08 00:35:48.761 16085 16085 E native  : suggestion-transformer.cc:118 suggestion picked candidate not found for id: 1
12-08 00:35:48.793 16561 16561 E ClientVe: Failed to create ClientVisualElementsProto for user interaction on view com.google.android.apps.gsa.searchbox.ui.suggestions.views.CoreSuggestionView{3b2cd6a VFE...CL. ...P.... 0,142-1038,289 #13e} because the view is not tagged for visual element logging.
12-08 00:35:50.147 15927 19859 E audio_hw_generic: pcm_open(in) failed: cannot open device '/dev/snd/pcmC0D0c': Device or resource busy: channels 2 format 0 rate 16000
12-08 00:35:51.393 16561 16570 E ReloadingLock: Finalizing LOCKED Token[searchresults_activity 2018-12-08 00:35:49.179]
12-08 00:35:51.517 19862 19862 E .android.chrom: Not starting debugger since process cannot load the jdwp agent.
12-08 00:35:52.183  1724  1724 E SurfaceFlinger: [StatusBar#0] rejecting buffer: bufWidth=1080, bufHeight=1920, front.active.{w=1080, h=63}
12-08 00:35:53.051 15976 15989 E memtrack: Couldn't load memtrack module
