--------- beginning of system
--------- beginning of main
12-08 07:22:35.303  4039  4039 E harlton.mileag: Not starting debugger since process cannot load the jdwp agent.
12-08 07:22:47.087  1828  1828 E netmgr  : Failed to open QEMU pipe 'qemud:network': Invalid argument
12-08 07:22:47.087  1828  1828 E netmgr  : WifiForwarder unable to open QEMU pipe: Invalid argument
12-08 07:22:56.283  1738  1772 E storaged: getDiskStats failed with result NOT_SUPPORTED and size 0
12-08 07:23:10.506  1881  1896 E AutofillSession: No assist structure - app might have crashed providing it
12-08 07:23:15.434  1992  1992 E native  : suggestion-transformer.cc:118 suggestion picked candidate not found for id: 2
12-08 07:23:15.438  1992  1992 E native  : suggestion-transformer.cc:118 suggestion picked candidate not found for id: 2
12-08 07:23:33.844  1881  1896 E AutofillSession: No assist structure - app might have crashed providing it
12-08 07:23:47.923  1828  1828 E netmgr  : Failed to open QEMU pipe 'qemud:network': Invalid argument
12-08 07:23:47.923  1828  1828 E netmgr  : WifiForwarder unable to open QEMU pipe: Invalid argument
12-08 07:23:57.317  1738  1772 E storaged: getDiskStats failed with result NOT_SUPPORTED and size 0
12-08 07:23:57.325  4039  4039 E SpannableStringBuilder: SPAN_EXCLUSIVE_EXCLUSIVE spans cannot have a zero length
12-08 07:23:57.325  4039  4039 E SpannableStringBuilder: SPAN_EXCLUSIVE_EXCLUSIVE spans cannot have a zero length
12-08 07:24:18.706  2448  3688 E ctxmgr  : [ProducerStatusImpl]updateStateForNewContextData: inactive, contextName=7
12-08 07:24:21.075  2448  2448 E BeaconBle: Missing BluetoothAdapter
12-08 07:24:21.111  2448  2448 E BeaconBle: Scan couldn't start for Places
12-08 07:24:37.397  2692  2692 E ContextIntentStarter: No activity found for any of the 0 intents
12-08 07:24:48.985  1828  1828 E netmgr  : Failed to open QEMU pipe 'qemud:network': Invalid argument
12-08 07:24:48.986  1828  1828 E netmgr  : WifiForwarder unable to open QEMU pipe: Invalid argument
12-08 07:24:51.524  2448  4111 E ctxmgr  : [ProducerStatusImpl]updateStateForNewContextData: inactive, contextName=7
12-08 07:24:53.837  2692  1078 E Search.IcingConnection: Could not connect to Icing. Error code 15.
12-08 07:24:56.200  2448  2448 E BeaconBle: Missing BluetoothAdapter
12-08 07:24:56.317  2448  2448 E BeaconBle: Scan couldn't start for Places
12-08 07:24:58.543  1738  1772 E storaged: getDiskStats failed with result NOT_SUPPORTED and size 0
12-08 07:24:58.555  4147  4147 E boxed_process2: Not starting debugger since process cannot load the jdwp agent.
12-08 07:25:15.466  2448  3688 E NetworkScheduler.ATC: Called cancelTask for already completed task com.google.android.gms/.learning.training.background.TrainingGcmTaskService{u=0 tag="com.google.android.gms.learning.BACKGROUND_TRAINING_TASK" trigger=window{period=900s,flex=600s,earliest=-608s,latest=-8s} requirements=[NET_ANY,CHARGING,DEVICE_IDLE] attributes=[PERSISTED,RECURRING] scheduled=-908s last_run=-7s jid=N/A status=ACTIVE retries=0 client_lib=MANCHEGO_GCM-14799000} :RESCHEDULED
12-08 07:25:29.562  1611  1695 E audio_hw_generic: pcm_write failed cannot write stream data: I/O error
12-08 07:25:39.585  1611  1695 E audio_hw_generic: pcm_write failed cannot write stream data: I/O error
12-08 07:25:48.731  1881  1898 E libprocessgroup: Error encountered killing process cgroup uid 99061 pid 4147: No such file or directory
12-08 07:25:50.906  1828  1828 E netmgr  : Failed to open QEMU pipe 'qemud:network': Invalid argument
12-08 07:25:50.906  1828  1828 E netmgr  : WifiForwarder unable to open QEMU pipe: Invalid argument
12-08 07:25:53.217  1611  1695 E audio_hw_generic: pcm_write failed cannot write stream data: I/O error
12-08 07:26:00.238  1738  1772 E storaged: getDiskStats failed with result NOT_SUPPORTED and size 0
12-08 07:26:04.920  1611  1695 E audio_hw_generic: pcm_write failed cannot write stream data: I/O error
