--------- beginning of system
12-08 08:23:36.790  1881  1896 E AutofillSession: No assist structure - app might have crashed providing it
--------- beginning of main
12-08 08:23:39.160  1828  1828 E netmgr  : Failed to open QEMU pipe 'qemud:network': Invalid argument
12-08 08:23:39.161  1828  1828 E netmgr  : WifiForwarder unable to open QEMU pipe: Invalid argument
12-08 08:23:51.420  1738  1772 E storaged: getDiskStats failed with result NOT_SUPPORTED and size 0
12-08 08:24:40.020  1828  1828 E netmgr  : Failed to open QEMU pipe 'qemud:network': Invalid argument
12-08 08:24:40.020  1828  1828 E netmgr  : WifiForwarder unable to open QEMU pipe: Invalid argument
12-08 08:24:52.268  1738  1772 E storaged: getDiskStats failed with result NOT_SUPPORTED and size 0
12-08 08:25:26.666  7866  7866 E hod.latin:trai: Not starting debugger since process cannot load the jdwp agent.
12-08 08:25:39.099  2448  7610 E ctxmgr  : [ProducerStatusImpl]updateStateForNewContextData: inactive, contextName=7
12-08 08:25:39.256  2448  7610 E ctxmgr  : [ProducerStatusImpl]updateStateForNewContextData: inactive, contextName=1
12-08 08:25:39.256  2448  7610 E ctxmgr  : [ProducerStatusImpl]updateStateForNewContextData: inactive, contextName=1
12-08 08:25:39.257  2448  7610 E ctxmgr  : [ProducerStatusImpl]updateStateForNewContextData: inactive, contextName=1
12-08 08:25:39.270  2448  7610 E ctxmgr  : [ProducerStatusImpl]updateStateForNewContextData: inactive, contextName=1
12-08 08:25:41.299  1828  1828 E netmgr  : Failed to open QEMU pipe 'qemud:network': Invalid argument
12-08 08:25:41.299  1828  1828 E netmgr  : WifiForwarder unable to open QEMU pipe: Invalid argument
12-08 08:25:41.601  2448  2448 E BeaconBle: Missing BluetoothAdapter
12-08 08:25:41.729  2448  2448 E BeaconBle: Scan couldn't start for Places
12-08 08:25:51.298  1992  1992 E native  : suggestion-transformer.cc:118 suggestion picked candidate not found for id: 2
12-08 08:25:53.665  1738  1772 E storaged: getDiskStats failed with result NOT_SUPPORTED and size 0
12-08 08:25:58.911  2692  2692 E ContextIntentStarter: No activity found for any of the 0 intents
12-08 08:26:03.980  7910  7910 E rrierdefaultap: Not starting debugger since process cannot load the jdwp agent.
12-08 08:26:16.459  2448  7664 E ctxmgr  : [ProducerStatusImpl]updateStateForNewContextData: inactive, contextName=7
12-08 08:26:21.366  2448  2448 E BeaconBle: Missing BluetoothAdapter
12-08 08:26:21.451  2448  2448 E BeaconBle: Scan couldn't start for Places
12-08 08:26:28.803  1611  1695 E audio_hw_generic: pcm_write failed cannot write stream data: I/O error
12-08 08:26:38.818  1611  1695 E audio_hw_generic: pcm_write failed cannot write stream data: I/O error
12-08 08:26:41.308  1828  1828 E netmgr  : Failed to open QEMU pipe 'qemud:network': Invalid argument
12-08 08:26:41.308  1828  1828 E netmgr  : WifiForwarder unable to open QEMU pipe: Invalid argument
12-08 08:26:48.848  1611  1695 E audio_hw_generic: pcm_write failed cannot write stream data: I/O error
12-08 08:26:53.669  1738  1772 E storaged: getDiskStats failed with result NOT_SUPPORTED and size 0
12-08 08:26:58.888  1611  1695 E audio_hw_generic: pcm_write failed cannot write stream data: I/O error
12-08 08:27:10.656  1611  1695 E audio_hw_generic: pcm_write failed cannot write stream data: I/O error
12-08 08:27:20.482  2475  7734 E SQLiteCastStore: Skip saving CastDeviceInfo: "Nearby device" (__cast_nearby___V_d965cecf-bc00-4ef7-90eb-cf9330035720)
12-08 08:27:25.188  1611  1695 E audio_hw_generic: pcm_write failed cannot write stream data: I/O error
