--------- beginning of main
--------- beginning of system
12-07 09:00:57.732 18683 18683 E id.defcontaine: Not starting debugger since process cannot load the jdwp agent.
12-07 09:00:57.777 18694 18694 E oid.documentsu: Not starting debugger since process cannot load the jdwp agent.
12-07 09:00:57.799 18712 18712 E ndroid.keychai: Not starting debugger since process cannot load the jdwp agent.
12-07 09:01:02.523  1735  1809 E storaged: getDiskStats failed with result NOT_SUPPORTED and size 0
12-07 09:01:04.713 18759 18759 E droid.apps.doc: Not starting debugger since process cannot load the jdwp agent.
12-07 09:01:14.139 18799 18799 E d.process.medi: Not starting debugger since process cannot load the jdwp agent.
12-07 09:01:14.206  2378 17583 E ctxmgr  : [ProducerStatusImpl]updateStateForNewContextData: inactive, contextName=7
12-07 09:01:14.293  2378 17583 E ctxmgr  : [ProducerStatusImpl]updateStateForNewContextData: inactive, contextName=1
12-07 09:01:14.358  2378 17583 E ctxmgr  : [ProducerStatusImpl]updateStateForNewContextData: inactive, contextName=1
12-07 09:01:14.359  2378 17583 E ctxmgr  : [ProducerStatusImpl]updateStateForNewContextData: inactive, contextName=1
12-07 09:01:16.671  2378  2937 E PlaceInferenceEngine: Position timestamp out of order. Previous: 1544173072000, Current: 1544155274000. Skipping this Position.
12-07 09:01:16.892  2378  2378 E BeaconBle: Missing BluetoothAdapter
12-07 09:01:18.666  2378  2378 E BeaconBle: Scan couldn't start for Places
12-07 09:01:18.842 18759 18759 E DocsApplication: [main] No default account found during application creation.
12-07 09:01:23.420  1727  1777 E         : Couldn't opendir /data/app/vmdl1437829722.tmp: No such file or directory
12-07 09:01:23.420  1727  1777 E installd: Failed to delete /data/app/vmdl1437829722.tmp: No such file or directory
12-07 09:01:37.321 18863 18863 E harlton.mileag: Not starting debugger since process cannot load the jdwp agent.
12-07 09:01:44.407  1829  1829 E netmgr  : Failed to open QEMU pipe 'qemud:network': Invalid argument
12-07 09:01:44.407  1829  1829 E netmgr  : WifiForwarder unable to open QEMU pipe: Invalid argument
12-07 09:01:49.110  1880  1897 E AutofillSession: No assist structure - app might have crashed providing it
12-07 09:01:51.281  1992  9017 E putmethod.lati: Invalid ID 0x00000001.
12-07 09:01:51.304  1992  9017 E LstmTrainingCache: emn: Can't get resource name for input slot
12-07 09:01:51.304  1992  9017 E LstmTrainingCache: android.content.res.Resources$NotFoundException: Unable to find resource ID #0x1
12-07 09:01:51.304  1992  9017 E LstmTrainingCache: 	at android.content.res.ResourcesImpl.getResourceName(ResourcesImpl.java:255)
12-07 09:01:51.304  1992  9017 E LstmTrainingCache: 	at android.content.res.Resources.getResourceName(Resources.java:1954)
12-07 09:01:51.304  1992  9017 E LstmTrainingCache: 	at emn.a(PG:12)
12-07 09:01:51.304  1992  9017 E LstmTrainingCache: 	at emk.run(PG:5)
12-07 09:01:51.304  1992  9017 E LstmTrainingCache: 	at java.lang.Thread.run(Thread.java:764)
12-07 09:02:03.370  1735  1809 E storaged: getDiskStats failed with result NOT_SUPPORTED and size 0
12-07 09:02:08.170  1880  1902 E NetdConnector: NDC event {613 IfaceClass idle 0 13536640883960} took too long: 2061ms
12-07 09:02:46.058  1829  1829 E netmgr  : Failed to open QEMU pipe 'qemud:network': Invalid argument
12-07 09:02:46.059  1829  1829 E netmgr  : WifiForwarder unable to open QEMU pipe: Invalid argument
12-07 09:02:58.266 18905 18905 E emui:screensho: Not starting debugger since process cannot load the jdwp agent.
12-07 09:03:02.959 18905 18905 E SoundPool: error loading /product/media/audio/ui/camera_click.ogg
12-07 09:03:03.236  1722  1749 E SurfaceFlinger: ro.sf.lcd_density must be defined as a build property
12-07 09:03:05.443  1735  1809 E storaged: getDiskStats failed with result NOT_SUPPORTED and size 0
12-07 09:03:05.529  1722  1748 E SurfaceFlinger: ro.sf.lcd_density must be defined as a build property
12-07 09:03:05.574  1737  4612 E OMXNodeInstance: getConfig(0xe9a2c000:google.vorbis.decoder, ConfigAndroidVendorExtension(0x6f100004)) ERROR: Undefined(0x80001001)
12-07 09:03:24.609  1610  1692 E audio_hw_generic: pcm_write failed cannot write stream data: I/O error
12-07 09:03:29.597 18946 18946 E oid.apps.photo: Not starting debugger since process cannot load the jdwp agent.
12-07 09:03:41.357 18968 18968 E hod.latin:trai: Not starting debugger since process cannot load the jdwp agent.
12-07 09:03:46.072  1829  1829 E netmgr  : Failed to open QEMU pipe 'qemud:network': Invalid argument
12-07 09:03:46.072  1829  1829 E netmgr  : WifiForwarder unable to open QEMU pipe: Invalid argument
12-07 09:04:05.177  1880  1896 E ActivityManager: ANR in com.google.android.inputmethod.latin:train
12-07 09:04:05.177  1880  1896 E ActivityManager: PID: 18968
12-07 09:04:05.177  1880  1896 E ActivityManager: Reason: executing service com.google.android.inputmethod.latin/com.google.android.apps.inputmethod.libs.dvrnn.trainingservice.DvrnnTrainingRpcService
12-07 09:04:05.177  1880  1896 E ActivityManager: Load: 0.0 / 0.0 / 0.0
12-07 09:04:05.177  1880  1896 E ActivityManager: CPU usage from 126747ms to -1ms ago (2018-12-07 09:01:56.101 to 2018-12-07 09:04:02.849):
12-07 09:04:05.177  1880  1896 E ActivityManager:   26% 1880/system_server: 13% user + 13% kernel / faults: 5491 minor 1858 major
12-07 09:04:05.177  1880  1896 E ActivityManager:   24% 1722/surfaceflinger: 10% user + 14% kernel / faults: 334 minor 13 major
12-07 09:04:05.177  1880  1896 E ActivityManager:   22% 646/kswapd0: 0% user + 22% kernel
12-07 09:04:05.177  1880  1896 E ActivityManager:   18% 1992/com.google.android.inputmethod.latin: 9.1% user + 8.9% kernel / faults: 20881 minor 1451 major
12-07 09:04:05.177  1880  1896 E ActivityManager:   15% 18863/com.evancharlton.mileage: 5.6% user + 10% kernel / faults: 98534 minor 1027 major
12-07 09:04:05.177  1880  1896 E ActivityManager:   9.1% 2008/com.android.systemui: 4.9% user + 4.2% kernel / faults: 3058 minor 568 major
12-07 09:04:05.177  1880  1896 E ActivityManager:   4.7% 2300/adbd: 0.2% user + 4.4% kernel / faults: 327934 minor 5 major
12-07 09:04:05.177  1880  1896 E ActivityManager:   3.9% 2378/com.google.android.gms.persistent: 2% user + 1.9% kernel / faults: 1107 minor 409 major
12-07 09:04:05.177  1880  1896 E ActivityManager:   3.7% 6805/com.google.android.googlequicksearchbox:search: 1.7% user + 1.9% kernel / faults: 15317 minor 316 major
12-07 09:04:05.177  1880  1896 E ActivityManager:   3.7% 1675/kworker/u9:0: 0% user + 3.7% kernel
12-07 09:04:05.177  1880  1896 E ActivityManager:   3.6% 18846/com.android.commands.monkey: 1.6% user + 1.9% kernel / faults: 958 minor 124 major
12-07 09:04:05.177  1880  1896 E ActivityManager:   3.5% 18168/kworker/u8:6: 0% user + 3.5% kernel
12-07 09:04:05.177  1880  1896 E ActivityManager:   3.5% 1624/android.hardware.sensors@1.0-service: 0.3% user + 3.1% kernel / faults: 1 minor 2 major
12-07 09:04:05.177  1880  1896 E ActivityManager:   2.2% 1700/kworker/u9:1: 0% user + 2.2% kernel
12-07 09:04:05.177  1880  1896 E ActivityManager:   2.1% 1702/kworker/u9:3: 0% user + 2.1% kernel
12-07 09:04:05.177  1880  1896 E ActivityManager:   1.9% 1553/logd: 0.3% user + 1.6% kernel / faults: 3 minor 3 major
12-07 09:04:05.177  1880  1896 E ActivityManager:   1.7% 18799/android.process.media: 0.3% user + 1.3% kernel / faults: 603 minor 77 major
12-07 09:04:05.177  1880  1896 E ActivityManager:   0.5% 19991/kworker/u8:3: 0% user + 0.5% kernel
12-07 09:04:05.177  1880  1896 E ActivityManager:   1.7% 1619/android.hardware.gnss@1.0-service: 0% user + 1.6% kernel
12-07 09:04:05.177  1880  1896 E ActivityManager:   1.7% 1723/zygote: 0.2% user + 1.4% kernel / faults: 531 minor 24 major
12-07 09:04:05.177  1880  1896 E ActivityManager:   0.4% 1737/media.codec: 0.1% user + 0.3% kernel / faults: 83 minor 58 major
12-07 09:04:05.177  1880  1896 E ActivityManager:   0.8% 1745/android.hardware.graphics.composer@2.1-service: 0% user + 0.7% kernel / faults: 251 minor 5 major
12-07 09:04:05.177  1880  1896 E ActivityManager:   0.7% 1701/kworker/u9:2: 0% user + 0.7% kernel
12-07 09:04:05.177  1880  1896 E ActivityManager:   0.5% 2347/kworker/u8:4: 0% user + 0.5% kernel
12-07 09:04:05.177  1880  1896 E ActivityManager:   0.4% 16047/kworker/u8:2: 0% user + 0.4% kernel
12-07 09:04:05.177  1880  1896 E ActivityManager:   0.2% 2482/com.google.android.gms: 0% user + 0.1% kernel / faults: 5221 minor 220 major
12-07 09:04:05.177  1880  1896 E ActivityManager:   0.2% 15200/kworker/u8:0: 0% user + 0.2% kernel
12-07 09:04:05.177  1880  1896 E ActivityManager:   0.2% 17226/kworker/u8:5: 0% user + 0.2% kernel
12-07 09:04:05.177  1880  1896 E ActivityManager:   0.1% 2318/logcat: 0% user + 0.1% kernel
12-07 09:04:05.177  1880  1896 E ActivityManager:   0.1% 18700/kworker/u9:4: 0% user + 0.1% kernel
12-07 09:04:05.177  1880  1896 E ActivityManager:   0.1% 2125/com.android.phone: 0% user + 0.1% kernel / faults: 156 minor 149 major
12-07 09:04:05.177  1880  1896 E ActivityManager:   0.1% 1628/audioserver: 0% user + 0% kernel / faults: 29 minor 38 major
12-07 09:04:05.177  1880  1896 E ActivityManager:   0% 7/rcu_preempt: 0% user + 0% kernel
12-07 09:04:05.177  1880  1896 E ActivityManager:   0% 18461/kworker/0:0: 0% user + 0% kernel
12-07 09:04:05.177  1880  1896 E ActivityManager:   0% 3/ksoftirqd/0: 0% user + 0% kernel
12-07 09:04:05.177  1880  1896 E ActivityManager:   0% 1620/android.hardware.graphics.allocator@2.0-service: 0% user + 0% kernel / faults: 110 minor 3 major
12-07 09:04:05.177  1880  1896 E ActivityManager:   0% 1715/jbd2/dm-1-8: 0% user + 0% kernel
12-07 09:04:05.177  1880  1896 E ActivityManager:   0% 1610/android.hardware.audio@2.0-service: 0% user + 0% kernel / faults: 1 minor 9 major
12-07 09:04:05.177  1880  1896 E ActivityManager:   0% 2780/com.android.vending: 0% user + 0% kernel / faults: 364 minor 172 major
12-07 09:04:05.177  1880  1896 E ActivityManager:   0% 1555/hwservicemanager: 0% user + 0% kernel / faults: 40 minor 9 major
12-07 09:04:05.177  1880  1896 E ActivityManager:   0% 1622/android.hardware.health@2.0-service.goldfish: 0% user + 0% kernel / faults: 9 minor 19 major
12-07 09:04:05.177  1880  1896 E ActivityManager:   0% 1623/android.hardware.power@1.1-service.ranchu: 0% user + 0% kernel
12-07 09:04:05.177  1880  1896 E ActivityManager:   0% 1733/netd: 0% user + 0% kernel / faults: 40 minor 31 major
12-07 09:04:05.177  1880  1896 E ActivityManager:   0% 1734/statsd: 0% user + 0% kernel
12-07 09:04:05.177  1880  1896 E ActivityManager:   0% 18396/kworker/2:0: 0% user + 0% kernel
12-07 09:04:05.177  1880  1896 E ActivityManager:   0% 1554/servicemanager: 0% user + 0% kernel / faults: 4 minor 3 major
12-07 09:04:05.177  1880  1896 E ActivityManager:   0% 1677/dmcrypt_write: 0% user + 0% kernel
12-07 09:04:05.177  1880  1896 E ActivityManager:   0% 1738/rild: 0% user + 0% kernel / faults: 10 minor 33 major
12-07 09:04:05.177  1880  1896 E ActivityManager:   0% 2314/mdnsd: 0% user + 0% kernel / faults: 4 minor 10 major
12-07 09:04:05.177  1880  1896 E ActivityManager:   0% 12/ksoftirqd/1: 0% user + 0% kernel
12-07 09:04:05.177  1880  1896 E ActivityManager:   0% 16/ksoftirqd/2: 0% user + 0% kernel
12-07 09:04:05.177  1880  1896 E ActivityManager:   0% 20/ksoftirqd/3: 0% user + 0% kernel
12-07 09:04:05.177  1880  1896 E ActivityManager:   0% 1608/healthd: 0% user + 0% kernel / faults: 3 minor 5 major
12-07 09:04:05.177  1880  1896 E ActivityManager:   0% 1627/qemu-props: 0% user + 0% kernel / faults: 63 major
12-07 09:04:05.177  1880  1896 E ActivityManager:   0% 1730/media.extractor: 0% user + 0% kernel / faults: 39 minor 20 major
12-07 09:04:05.177  1880  1896 E ActivityManager:   0% 1736/wificond: 0% user + 0% ke
12-07 09:04:07.636  1735  1809 E storaged: getDiskStats failed with result NOT_SUPPORTED and size 0
12-07 09:04:12.624  1880  1895 E memtrack: Couldn't load memtrack module
12-07 09:04:12.642  1880  1895 E memtrack: Couldn't load memtrack module
12-07 09:04:12.643  1880  1895 E memtrack: Couldn't load memtrack module
12-07 09:04:12.645  1880  1895 E memtrack: Couldn't load memtrack module
12-07 09:04:12.646  1880  1895 E memtrack: Couldn't load memtrack module
12-07 09:04:12.671  1880  1895 E memtrack: Couldn't load memtrack module
12-07 09:04:12.674  1880  1895 E memtrack: Couldn't load memtrack module
12-07 09:04:12.680  1880  1895 E memtrack: Couldn't load memtrack module
12-07 09:04:12.685  1880  1895 E memtrack: Couldn't load memtrack module
12-07 09:04:12.691  1880  1895 E memtrack: Couldn't load memtrack module
12-07 09:04:14.418  1880  1895 E memtrack: Couldn't load memtrack module
12-07 09:04:14.426  1880  1895 E memtrack: Couldn't load memtrack module
12-07 09:04:14.428  1880  1895 E memtrack: Couldn't load memtrack module
12-07 09:04:14.438  1880  1895 E memtrack: Couldn't load memtrack module
12-07 09:04:14.465  1880  1895 E memtrack: Couldn't load memtrack module
12-07 09:04:14.469  1880  1895 E memtrack: Couldn't load memtrack module
12-07 09:04:14.490  1880  1895 E memtrack: Couldn't load memtrack module
12-07 09:04:14.496  1880  1895 E memtrack: Couldn't load memtrack module
12-07 09:04:14.508  1880  1895 E memtrack: Couldn't load memtrack module
12-07 09:04:14.513  1880  1895 E memtrack: Couldn't load memtrack module
12-07 09:04:14.711  1880  1895 E memtrack: Couldn't load memtrack module
12-07 09:04:14.717  1880  1895 E memtrack: Couldn't load memtrack module
12-07 09:04:14.726  1880  1895 E memtrack: Couldn't load memtrack module
12-07 09:04:14.734  1880  1895 E memtrack: Couldn't load memtrack module
12-07 09:04:14.740  1880  1895 E memtrack: Couldn't load memtrack module
12-07 09:04:14.744  1880  1895 E memtrack: Couldn't load memtrack module
12-07 09:04:14.748  1880  1895 E memtrack: Couldn't load memtrack module
12-07 09:04:14.752  1880  1895 E memtrack: Couldn't load memtrack module
12-07 09:04:14.755  1880  1895 E memtrack: Couldn't load memtrack module
12-07 09:04:14.759  1880  1895 E memtrack: Couldn't load memtrack module
12-07 09:04:14.773  1880  1895 E memtrack: Couldn't load memtrack module
12-07 09:04:14.776  1880  1895 E memtrack: Couldn't load memtrack module
12-07 09:04:14.780  1880  1895 E memtrack: Couldn't load memtrack module
12-07 09:04:14.783  1880  1895 E memtrack: Couldn't load memtrack module
12-07 09:04:14.785  1880  1895 E memtrack: Couldn't load memtrack module
12-07 09:04:14.797  1880  1895 E memtrack: Couldn't load memtrack module
12-07 09:04:14.838  1880  1895 E memtrack: Couldn't load memtrack module
12-07 09:04:14.848  1880  1895 E memtrack: Couldn't load memtrack module
12-07 09:04:14.857  1880  1895 E memtrack: Couldn't load memtrack module
12-07 09:04:14.862  1880  1895 E memtrack: Couldn't load memtrack module
12-07 09:04:14.866  1880  1895 E memtrack: Couldn't load memtrack module
12-07 09:04:14.872  1880  1895 E memtrack: Couldn't load memtrack module
12-07 09:04:14.879  1880  1895 E memtrack: Couldn't load memtrack module
12-07 09:04:16.925  1880  1895 E memtrack: Couldn't load memtrack module
12-07 09:04:16.952  1880  1895 E memtrack: Couldn't load memtrack module
12-07 09:04:16.967  1880  1895 E memtrack: Couldn't load memtrack module
12-07 09:04:16.977  1880  1895 E memtrack: Couldn't load memtrack module
12-07 09:04:16.986  1880  1895 E memtrack: Couldn't load memtrack module
12-07 09:04:16.992  1880  1895 E memtrack: Couldn't load memtrack module
12-07 09:04:17.013  1880  1895 E memtrack: Couldn't load memtrack module
12-07 09:04:17.034  1880  1895 E memtrack: Couldn't load memtrack module
12-07 09:04:17.040  1880  1895 E memtrack: Couldn't load memtrack module
12-07 09:04:17.046  1880  1895 E memtrack: Couldn't load memtrack module
12-07 09:04:17.049  1880  1895 E memtrack: Couldn't load memtrack module
12-07 09:04:17.053  1880  1895 E memtrack: Couldn't load memtrack module
12-07 09:04:17.065  1880  1895 E memtrack: Couldn't load memtrack module
12-07 09:04:17.067  1880  1895 E memtrack: Couldn't load memtrack module
12-07 09:04:17.069  1880  1895 E memtrack: Couldn't load memtrack module
12-07 09:04:17.074  1880  1895 E memtrack: Couldn't load memtrack module
12-07 09:04:17.076  1880  1895 E memtrack: Couldn't load memtrack module
12-07 09:04:17.084  1880  1895 E memtrack: Couldn't load memtrack module
12-07 09:04:17.086  1880  1895 E memtrack: Couldn't load memtrack module
12-07 09:04:17.089  1880  1895 E memtrack: Couldn't load memtrack module
12-07 09:04:17.091  1880  1895 E memtrack: Couldn't load memtrack module
12-07 09:04:17.128  1880  1895 E memtrack: Couldn't load memtrack module
12-07 09:04:17.131  1880  1895 E memtrack: Couldn't load memtrack module
12-07 09:04:17.134  1880  1895 E memtrack: Couldn't load memtrack module
12-07 09:04:17.136  1880  1895 E memtrack: Couldn't load memtrack module
12-07 09:04:17.140  1880  1895 E memtrack: Couldn't load memtrack module
12-07 09:04:17.171  1880  1895 E memtrack: Couldn't load memtrack module
12-07 09:04:17.184  1880  5556 E memtrack: Couldn't load memtrack module
12-07 09:04:17.227  1880  1895 E memtrack: Couldn't load memtrack module
12-07 09:04:17.267  1880  1895 E memtrack: Couldn't load memtrack module
12-07 09:04:17.277  1880  5556 E memtrack: Couldn't load memtrack module
12-07 09:04:17.340  1880  1895 E memtrack: Couldn't load memtrack module
12-07 09:04:19.103  1880  5556 E memtrack: Couldn't load memtrack module
12-07 09:04:19.145  1880  1895 E memtrack: Couldn't load memtrack module
12-07 09:04:19.208  1880  1895 E memtrack: Couldn't load memtrack module
12-07 09:04:19.251  1880  1895 E memtrack: Couldn't load memtrack module
12-07 09:04:19.259  1880  5556 E memtrack: Couldn't load memtrack module
12-07 09:04:19.308  1880  1895 E memtrack: Couldn't load memtrack module
12-07 09:04:19.348  1880  1895 E memtrack: Couldn't load memtrack module
12-07 09:04:19.358  1880  5556 E memtrack: Couldn't load memtrack module
12-07 09:04:19.396  1880  1895 E memtrack: Couldn't load memtrack module
12-07 09:04:19.432  1880  5556 E memtrack: Couldn't load memtrack module
12-07 09:04:19.449  1880  1895 E memtrack: Couldn't load memtrack module
12-07 09:04:19.486  1880  1895 E memtrack: Couldn't load memtrack module
12-07 09:04:19.506  1880  5556 E memtrack: Couldn't load memtrack module
12-07 09:04:19.527  1880  1895 E memtrack: Couldn't load memtrack module
12-07 09:04:21.663  1880  5556 E memtrack: Couldn't load memtrack module
12-07 09:04:21.693  1880  1895 E memtrack: Couldn't load memtrack module
12-07 09:04:21.735  1880  1895 E memtrack: Couldn't load memtrack module
12-07 09:04:21.774  1880  5556 E memtrack: Couldn't load memtrack module
12-07 09:04:21.783  1880  1895 E memtrack: Couldn't load memtrack module
12-07 09:04:21.822  1880  1895 E memtrack: Couldn't load memtrack module
12-07 09:04:21.836  1880  5556 E memtrack: Couldn't load memtrack module
12-07 09:04:21.869  1880  1895 E memtrack: Couldn't load memtrack module
12-07 09:04:21.902  1880  5556 E memtrack: Couldn't load memtrack module
12-07 09:04:21.913  1880  1895 E memtrack: Couldn't load memtrack module
12-07 09:04:21.953  1880  1895 E memtrack: Couldn't load memtrack module
12-07 09:04:21.981  1880  5556 E memtrack: Couldn't load memtrack module
12-07 09:04:21.995  1880  1895 E memtrack: Couldn't load memtrack module
12-07 09:04:22.034  1880  1895 E memtrack: Couldn't load memtrack module
12-07 09:04:22.043  1880  5556 E memtrack: Couldn't load memtrack module
12-07 09:04:23.797  1880  1895 E memtrack: Couldn't load memtrack module
12-07 09:04:23.847  1880  5556 E memtrack: Couldn't load memtrack module
12-07 09:04:23.865  1880  1895 E memtrack: Couldn't load memtrack module
12-07 09:04:23.930  1880  5556 E memtrack: Couldn't load memtrack module
12-07 09:04:23.997  1880  5556 E memtrack: Couldn't load memtrack module
12-07 09:04:24.062  1880  5556 E memtrack: Couldn't load memtrack module
12-07 09:04:24.131  1880  5556 E memtrack: Couldn't load memtrack module
12-07 09:04:24.219  1880  5556 E memtrack: Couldn't load memtrack module
12-07 09:04:26.283  1880  5556 E memtrack: Couldn't load memtrack module
12-07 09:04:26.357  1880  5556 E memtrack: Couldn't load memtrack module
12-07 09:04:26.428  1880  5556 E memtrack: Couldn't load memtrack module
12-07 09:04:26.498  1880  5556 E memtrack: Couldn't load memtrack module
12-07 09:04:26.586  1880  5556 E memtrack: Couldn't load memtrack module
12-07 09:04:26.675  1880  5556 E memtrack: Couldn't load memtrack module
12-07 09:04:28.605  1880  5556 E memtrack: Couldn't load memtrack module
12-07 09:04:28.656  1880  5556 E memtrack: Couldn't load memtrack module
12-07 09:04:28.658  1880  5556 E memtrack: Couldn't load memtrack module
12-07 09:04:28.660  1880  5556 E memtrack: Couldn't load memtrack module
12-07 09:04:28.662  1880  5556 E memtrack: Couldn't load memtrack module
12-07 09:04:28.670  1880  5556 E memtrack: Couldn't load memtrack module
12-07 09:04:28.675  1880  5556 E memtrack: Couldn't load memtrack module
12-07 09:04:28.682  1880  5556 E memtrack: Couldn't load memtrack module
12-07 09:04:28.686  1880  5556 E memtrack: Couldn't load memtrack module
12-07 09:04:28.700  1880  5556 E memtrack: Couldn't load memtrack module
12-07 09:04:28.710  1880  5556 E memtrack: Couldn't load memtrack module
12-07 09:04:28.714  1880  5556 E memtrack: Couldn't load memtrack module
12-07 09:04:28.720  1880  5556 E memtrack: Couldn't load memtrack module
12-07 09:04:28.731  1880  5556 E memtrack: Couldn't load memtrack module
12-07 09:04:28.745  1880  5556 E memtrack: Couldn't load memtrack module
12-07 09:04:28.751  1880  5556 E memtrack: Couldn't load memtrack module
12-07 09:04:28.768  1880  5556 E memtrack: Couldn't load memtrack module
12-07 09:04:28.775  1880  5556 E memtrack: Couldn't load memtrack module
12-07 09:04:28.782  1880  5556 E memtrack: Couldn't load memtrack module
12-07 09:04:28.790  1880  5556 E memtrack: Couldn't load memtrack module
12-07 09:04:28.799  1880  5556 E memtrack: Couldn't load memtrack module
12-07 09:04:28.809  1880  5556 E memtrack: Couldn't load memtrack module
12-07 09:04:28.819  1880  5556 E memtrack: Couldn't load memtrack module
12-07 09:04:28.829  1880  5556 E memtrack: Couldn't load memtrack module
12-07 09:04:28.837  1880  5556 E memtrack: Couldn't load memtrack module
12-07 09:04:28.852  1880  5556 E memtrack: Couldn't load memtrack module
12-07 09:04:30.895  1880  1896 E system_server: libdebuggerd_client: timeout expired
12-07 09:04:30.911  1880  5556 E memtrack: Couldn't load memtrack module
12-07 09:04:30.924  1880  5556 E memtrack: Couldn't load memtrack module
12-07 09:04:30.940  1880  5556 E memtrack: Couldn't load memtrack module
12-07 09:04:30.947  1880  5556 E memtrack: Couldn't load memtrack module
12-07 09:04:30.985  1880  5556 E memtrack: Couldn't load memtrack module
12-07 09:04:30.989  1880  5556 E memtrack: Couldn't load memtrack module
12-07 09:04:30.997  1880  5556 E memtrack: Couldn't load memtrack module
12-07 09:04:31.002  1880  5556 E memtrack: Couldn't load memtrack module
12-07 09:04:31.006  1880  5556 E memtrack: Couldn't load memtrack module
12-07 09:04:31.033  1880  5556 E memtrack: Couldn't load memtrack module
12-07 09:04:31.117  1880  5556 E memtrack: Couldn't load memtrack module
12-07 09:04:31.133  1880  5556 E memtrack: Couldn't load memtrack module
12-07 09:04:31.147  1880  5556 E memtrack: Couldn't load memtrack module
12-07 09:04:31.154  1880  5556 E memtrack: Couldn't load memtrack module
12-07 09:04:31.161  1880  5556 E memtrack: Couldn't load memtrack module
12-07 09:04:31.170  1880  5556 E memtrack: Couldn't load memtrack module
12-07 09:04:31.180  1880  5556 E memtrack: Couldn't load memtrack module
12-07 09:04:31.199  1880  5556 E memtrack: Couldn't load memtrack module
12-07 09:04:31.214  1880  5556 E memtrack: Couldn't load memtrack module
12-07 09:04:31.231  1880  5556 E memtrack: Couldn't load memtrack module
12-07 09:04:31.244  1880  5556 E memtrack: Couldn't load memtrack module
12-07 09:04:31.252  1880  5556 E memtrack: Couldn't load memtrack module
12-07 09:04:31.260  1880  5556 E memtrack: Couldn't load memtrack module
12-07 09:04:31.267  1880  5556 E memtrack: Couldn't load memtrack module
12-07 09:04:31.287  1880  5556 E memtrack: Couldn't load memtrack module
12-07 09:04:31.294  1880  5556 E memtrack: Couldn't load memtrack module
12-07 09:04:31.302  1880  5556 E memtrack: Couldn't load memtrack module
12-07 09:04:31.305  1880  5556 E memtrack: Couldn't load memtrack module
12-07 09:04:31.311  1880  5556 E memtrack: Couldn't load memtrack module
12-07 09:04:31.326  1880  5556 E memtrack: Couldn't load memtrack module
12-07 09:04:31.330  1880  5556 E memtrack: Couldn't load memtrack module
12-07 09:04:31.333  1880  5556 E memtrack: Couldn't load memtrack module
12-07 09:04:31.336  1880  5556 E memtrack: Couldn't load memtrack module
12-07 09:04:31.341  1880  5556 E memtrack: Couldn't load memtrack module
12-07 09:04:31.344  1880  5556 E memtrack: Couldn't load memtrack module
12-07 09:04:31.348  1880  5556 E memtrack: Couldn't load memtrack module
12-07 09:04:31.352  1880  5556 E memtrack: Couldn't load memtrack module
12-07 09:04:31.356  1880  5556 E memtrack: Couldn't load memtrack module
12-07 09:04:33.282  1880  5556 E memtrack: Couldn't load memtrack module
12-07 09:04:33.286  1880  5556 E memtrack: Couldn't load memtrack module
12-07 09:04:33.287  1880  5556 E memtrack: Couldn't load memtrack module
12-07 09:04:33.291  1880  5556 E memtrack: Couldn't load memtrack module
12-07 09:04:33.298  1880  5556 E memtrack: Couldn't load memtrack module
12-07 09:04:33.298  1880  5556 E memtrack: Couldn't load memtrack module
12-07 09:04:33.351  1880  1896 E ActivityManager: ANR in system
12-07 09:04:33.351  1880  1896 E ActivityManager: PID: 1880
12-07 09:04:33.351  1880  1896 E ActivityManager: Reason: Input dispatching timed out (Waiting to send key event because the focused window has not finished processing all of the input events that were previously delivered to it.  Outbound queue length: 0.  Wait queue length: 18.)
12-07 09:04:33.351  1880  1896 E ActivityManager: Load: 4.24 / 5.46 / 6.68
12-07 09:04:33.351  1880  1896 E ActivityManager: CPU usage from 0ms to 18706ms later (2018-12-07 09:04:09.899 to 2018-12-07 09:04:28.606):
12-07 09:04:33.351  1880  1896 E ActivityManager:   143% 1880/system_server: 73% user + 70% kernel / faults: 3541 minor 429 major
12-07 09:04:33.351  1880  1896 E ActivityManager:   35% 18968/com.google.android.inputmethod.latin:train: 17% user + 17% kernel / faults: 3391 minor 39 major
12-07 09:04:33.351  1880  1896 E ActivityManager:   23% 6805/com.google.android.googlequicksearchbox:search: 10% user + 12% kernel / faults: 2434 minor 91 major
12-07 09:04:33.351  1880  1896 E ActivityManager:   15% 646/kswapd0: 0% user + 15% kernel
12-07 09:04:33.351  1880  1896 E ActivityManager:   11% 18946/com.google.android.apps.photos: 2.2% user + 9.3% kernel / faults: 497 minor 203 major
12-07 09:04:33.351  1880  1896 E ActivityManager:   1.9% 2300/adbd: 0.1% user + 1.8% kernel / faults: 44461 minor 2 major
12-07 09:04:33.351  1880  1896 E ActivityManager:   1.4% 1722/surfaceflinger: 0.5% user + 0.9% kernel / faults: 324 minor 2 major
12-07 09:04:33.351  1880  1896 E ActivityManager:   1.2% 1992/com.google.android.inputmethod.latin: 0.6% user + 0.5% kernel / faults: 2144 minor 67 major
12-07 09:04:33.351  1880  1896 E ActivityManager:   0.8% 1701/kworker/u9:2: 0% user + 0.8% kernel
12-07 09:04:33.351  1880  1896 E ActivityManager:   0.6% 2008/com.android.systemui: 0.3% user + 0.3% kernel / faults: 2024 minor 54 major
12-07 09:04:33.351  1880  1896 E ActivityManager:   0.6% 17226/kworker/u8:5: 0% user + 0.6% kernel
12-07 09:04:33.351  1880  1896 E ActivityManager:   0.5% 1745/android.hardware.graphics.composer@2.1-service: 0.1% user + 0.4% kernel / faults: 2 minor
12-07 09:04:33.351  1880  1896 E ActivityManager:   0.5% 2125/com.android.phone: 0.2% user + 0.3% kernel / faults: 860 minor 28 major
12-07 09:04:33.351  1880  1896 E ActivityManager:   0.5% 2347/kworker/u8:4: 0% user + 0.5% kernel
12-07 09:04:33.351  1880  1896 E ActivityManager:   0.5% 15200/kworker/u8:0: 0% user + 0.5% kernel
12-07 09:04:33.351  1880  1896 E ActivityManager:   0.4% 18168/kworker/u8:6: 0% user + 0.4% kernel
12-07 09:04:33.351  1880  1896 E ActivityManager:   0.3% 18700/kworker/u9:4: 0% user + 0.3% kernel
12-07 09:04:33.351  1880  1896 E ActivityManager:   0.4% 18863/com.evancharlton.mileage: 0% user + 0.4% kernel / faults: 34 minor 1 major
12-07 09:04:33.351  1880  1896 E ActivityManager:   0.3% 1675/kworker/u9:0: 0% user + 0.3% kernel
12-07 09:04:33.351  1880  1896 E ActivityManager:   0.2% 18846/com.android.commands.monkey: 0% user + 0.2% kernel / faults: 279 minor 74 major
12-07 09:04:33.351  1880  1896 E ActivityManager:   0.2% 1553/logd: 0% user + 0.2% kernel / faults: 1 minor 2 major
12-07 09:04:33.351  1880  1896 E ActivityManager:   0.2% 1700/kworker/u9:1: 0% user + 0.2% kernel
12-07 09:04:33.351  1880  1896 E ActivityManager:   0.2% 18799/android.process.media: 0.2% user + 0% kernel / faults: 67 minor 1 major
12-07 09:04:33.351  1880  1896 E ActivityManager:   0.1% 1619/android.hardware.gnss@1.0-service: 0% user + 0.1% kernel
12-07 09:04:33.351  1880  1896 E ActivityManager:   0.1% 1624/android.hardware.sensors@1.0-service: 0% user + 0.1% kernel
12-07 09:04:33.351  1880  1896 E ActivityManager:   0.1% 1702/kworker/u9:3: 0% user + 0.1% kernel
12-07 09:04:33.351  1880  1896 E ActivityManager:   0.1% 1741/tombstoned: 0% user + 0.1% kernel / faults: 2 minor 1 major
12-07 09:04:33.351  1880  1896 E ActivityManager:   0.1% 2318/logcat: 0% user + 0.1% kernel / faults: 2 minor
12-07 09:04:33.351  1880  1896 E ActivityManager:   0% 2346/com.android.se: 0% user + 0% kernel / faults: 919 minor 14 major
12-07 09:04:33.351  1880  1896 E ActivityManager:   0.1% 2378/com.google.android.gms.persistent: 0% user + 0.1% kernel / faults: 37 minor 47 major
12-07 09:04:33.351  1880  1896 E ActivityManager:   0.1% 19991/kworker/u8:3: 0% user + 0.1% kernel
12-07 09:04:33.351  1880  1896 E ActivityManager:   0% 1//init: 0% user + 0% kernel / faults: 17 minor 5 major
12-07 09:04:33.351  1880  1896 E ActivityManager:   0% 3/ksoftirqd/0: 0% user + 0% kernel
12-07 09:04:33.351  1880  1896 E ActivityManager:   0% 7/rcu_preempt: 0% user + 0% kernel
12-07 09:04:33.351  1880  1896 E ActivityManager:   0% 20/ksoftirqd/3: 0% user + 0% kernel
12-07 09:04:33.351  1880  1896 E ActivityManager:   0% 1628/audioserver: 0% user + 0% kernel / faults: 87 minor 2 major
12-07 09:04:33.351  1880  1896 E ActivityManager:   0% 1715/jbd2/dm-1-8: 0% user + 0% kernel
12-07 09:04:33.351  1880  1896 E ActivityManager:   0% 1734/statsd: 0% user + 0% kernel
12-07 09:04:33.351  1880  1896 E ActivityManager:   0% 2780/com.android.vending: 0% user + 0% kernel / faults: 53 minor 24 major
12-07 09:04:33.351  1880  1896 E ActivityManager:  +0% 19052/crash_dump32: 0% user + 0% kernel
12-07 09:04:33.351  1880  1896 E ActivityManager: 40% TOTAL: 11% user + 21% kernel + 7.4% iowait + 0.5% softirq
12-07 09:04:33.351  1880  1896 E ActivityManager: CPU usage from 55ms to 2722ms later (2018-12-07 09:04:09.955 to 2018-12-07 09:04:12.621):
12-07 09:04:33.351  1880  1896 E ActivityManager:   12% 1880/system_server: 9.6% user + 2.8% kernel / faults: 642 minor 73 major
12-07 09:04:33.351  1880  1896 E ActivityManager:     7.6% 1896/ActivityManager: 7.2% user + 0.4% kernel
12-07 09:04:33.351  1880  1896 E ActivityManager:     1.2% 4134/RenderThread: 0% user + 1.2% kernel
12-07 09:04:33.351  1880  1896 E ActivityManager:     0.8% 1895/android.bg: 0.8% user + 0% kernel
12-07 09:04:33.351  1880  1896 E ActivityManager:     0.4% 1880/system_server: 0.4% user + 0% kernel
12-07 09:04:33.351  1880  1896 E ActivityManager:     0.4% 1897/android.ui: 0.4% user + 0% kernel
12-07 09:04:33.351  1880  1896 E ActivityManager:     0.4% 1902/android.fg: 0.4% user + 0% kernel
12-07 09:04:33.351  1880  1896 E ActivityManager:     0.4% 1903/android.io: 0.4% user + 0% kernel
12-07 09:04:33.351  1880  1896 E ActivityManager:     0.4% 1965/tworkPolicy.uid: 0% user + 0.4% kernel
12-07 09:04:33.351  1880  1896 E ActivityManager:     0.4% 2579/Binder:1880_B: 0% user + 0.4% kernel
12-07 09:04:33.351  1880  1896 E ActivityManager:     0.4% 4995/Binder:1880_1D: 0.4% user + 0% kernel
12-07 09:04:33.351  1880  1896 E ActivityManager:     0.4% 6944/HwBinder:1880_4: 0% user + 0.4% kernel
12-07 09:04:33.351  1880  1896 E ActivityManager:   81% 18968/com.google.android.inputmethod.latin:train: 81% user + 0% kernel / faults: 768 minor 27 major
12-07 09:04:33.351  1880  1896 E ActivityManager:     40% 18983/Binder:18968_3: 36% user + 4% kernel
12-07 09:04:33.351  1880  1896 E ActivityManager:     36% 18974/Jit thread pool: 0% user + 36% ker
12-07 09:04:35.697  1880  1895 E memtrack: Couldn't load memtrack module
