--------- beginning of system
--------- beginning of main
12-07 22:45:21.830  1729  1931 E         : Couldn't opendir /data/app/vmdl308104369.tmp: No such file or directory
12-07 22:45:21.830  1729  1931 E installd: Failed to delete /data/app/vmdl308104369.tmp: No such file or directory
12-07 22:45:25.804 12545 12545 E harlton.mileag: Not starting debugger since process cannot load the jdwp agent.
12-07 22:45:26.028 10641 10670 E MicroDetectionWorker: Stale runnable..ignoring
12-07 22:45:28.018 16085 31762 E putmethod.lati: Invalid ID 0x00000001.
12-07 22:45:28.039 16085 31762 E LstmTrainingCache: emn: Can't get resource name for input slot
12-07 22:45:28.039 16085 31762 E LstmTrainingCache: android.content.res.Resources$NotFoundException: Unable to find resource ID #0x1
12-07 22:45:28.039 16085 31762 E LstmTrainingCache: 	at android.content.res.ResourcesImpl.getResourceName(ResourcesImpl.java:255)
12-07 22:45:28.039 16085 31762 E LstmTrainingCache: 	at android.content.res.Resources.getResourceName(Resources.java:1954)
12-07 22:45:28.039 16085 31762 E LstmTrainingCache: 	at emn.a(PG:12)
12-07 22:45:28.039 16085 31762 E LstmTrainingCache: 	at emk.run(PG:5)
12-07 22:45:28.039 16085 31762 E LstmTrainingCache: 	at java.lang.Thread.run(Thread.java:764)
12-07 22:45:31.136 16085 31762 E putmethod.lati: Invalid ID 0x00000001.
12-07 22:45:31.140 16085 31762 E LstmTrainingCache: emn: Can't get resource name for input slot
12-07 22:45:31.140 16085 31762 E LstmTrainingCache: android.content.res.Resources$NotFoundException: Unable to find resource ID #0x1
12-07 22:45:31.140 16085 31762 E LstmTrainingCache: 	at android.content.res.ResourcesImpl.getResourceName(ResourcesImpl.java:255)
12-07 22:45:31.140 16085 31762 E LstmTrainingCache: 	at android.content.res.Resources.getResourceName(Resources.java:1954)
12-07 22:45:31.140 16085 31762 E LstmTrainingCache: 	at emn.a(PG:12)
12-07 22:45:31.140 16085 31762 E LstmTrainingCache: 	at emk.run(PG:5)
12-07 22:45:31.140 16085 31762 E LstmTrainingCache: 	at java.lang.Thread.run(Thread.java:764)
12-07 22:45:31.744 12545 12545 E SpannableStringBuilder: SPAN_EXCLUSIVE_EXCLUSIVE spans cannot have a zero length
12-07 22:45:31.744 12545 12545 E SpannableStringBuilder: SPAN_EXCLUSIVE_EXCLUSIVE spans cannot have a zero length
12-07 22:45:33.619  1737  1809 E storaged: getDiskStats failed with result NOT_SUPPORTED and size 0
12-07 22:45:36.707 12545 12545 E SpannableStringBuilder: SPAN_EXCLUSIVE_EXCLUSIVE spans cannot have a zero length
12-07 22:45:36.707 12545 12545 E SpannableStringBuilder: SPAN_EXCLUSIVE_EXCLUSIVE spans cannot have a zero length
12-07 22:45:39.070 12585 12585 E emui:screensho: Not starting debugger since process cannot load the jdwp agent.
12-07 22:45:40.055 12585 12585 E SoundPool: error loading /product/media/audio/ui/camera_click.ogg
12-07 22:45:40.342  1739  1739 E OMXNodeInstance: getConfig(0xee326c00:google.vorbis.decoder, ConfigAndroidVendorExtension(0x6f100004)) ERROR: Undefined(0x80001001)
12-07 22:45:43.343 16085 16085 E RecyclerView: No adapter attached; skipping layout
12-07 22:45:43.368 16085 16085 E RecyclerView: No adapter attached; skipping layout
12-07 22:45:45.003 16506 16506 E BeaconBle: Missing BluetoothAdapter
12-07 22:45:45.059 16506 16506 E BeaconBle: Scan couldn't start for Places
12-07 22:45:53.576 12635 12635 E oid.apps.photo: Not starting debugger since process cannot load the jdwp agent.
12-07 22:46:04.548 16085 16085 E native  : suggestion-transformer.cc:118 suggestion picked candidate not found for id: 6
12-07 22:46:04.653  1724  1724 E SurfaceFlinger: [StatusBar#0] rejecting buffer: bufWidth=1080, bufHeight=1920, front.active.{w=1080, h=63}
12-07 22:46:06.138 10641 10641 E ContextIntentStarter: No activity found for any of the 0 intents
12-07 22:46:11.017  1829  1829 E netmgr  : Failed to open QEMU pipe 'qemud:network': Invalid argument
12-07 22:46:11.017  1829  1829 E netmgr  : WifiForwarder unable to open QEMU pipe: Invalid argument
12-07 22:46:17.936 16506 10058 E ctxmgr  : [AppIntervalImpl]closeInterval: ongoing
12-07 22:46:17.945 16506 10058 E ctxmgr  : [AppIntervalImpl]closeInterval: ongoing
12-07 22:46:33.643  1737  1809 E storaged: getDiskStats failed with result NOT_SUPPORTED and size 0
12-07 22:47:11.028  1829  1829 E netmgr  : Failed to open QEMU pipe 'qemud:network': Invalid argument
12-07 22:47:11.029  1829  1829 E netmgr  : WifiForwarder unable to open QEMU pipe: Invalid argument
12-07 22:47:33.650  1737  1809 E storaged: getDiskStats failed with result NOT_SUPPORTED and size 0
12-07 22:48:11.050  1829  1829 E netmgr  : Failed to open QEMU pipe 'qemud:network': Invalid argument
12-07 22:48:11.050  1829  1829 E netmgr  : WifiForwarder unable to open QEMU pipe: Invalid argument
12-07 22:48:33.652  1737  1809 E storaged: getDiskStats failed with result NOT_SUPPORTED and size 0
12-07 22:49:11.111  1829  1829 E netmgr  : Failed to open QEMU pipe 'qemud:network': Invalid argument
12-07 22:49:11.111  1829  1829 E netmgr  : WifiForwarder unable to open QEMU pipe: Invalid argument
12-07 22:49:33.655  1737  1809 E storaged: getDiskStats failed with result NOT_SUPPORTED and size 0
12-07 22:49:53.764 16788 17129 E PlayCommon: [121] com.google.android.play.b.g.a(448): Failed to connect to server: java.net.UnknownHostException: Unable to resolve host "play.googleapis.com": No address associated with hostname
12-07 22:50:07.686 12765 12765 E hod.latin:trai: Not starting debugger since process cannot load the jdwp agent.
12-07 22:50:11.167  1829  1829 E netmgr  : Failed to open QEMU pipe 'qemud:network': Invalid argument
12-07 22:50:11.167  1829  1829 E netmgr  : WifiForwarder unable to open QEMU pipe: Invalid argument
12-07 22:50:12.599 15976 17388 E WindowManager: Performed 6 layouts in a row. Skipping
12-07 22:50:12.620 15976 16026 E WindowManager: Performed 6 layouts in a row. Skipping
12-07 22:50:12.721 15976 16026 E WindowManager: Performed 6 layouts in a row. Skipping
12-07 22:50:12.743 15976 15991 E WindowManager: Performed 6 layouts in a row. Skipping
12-07 22:50:12.803 15976 16026 E WindowManager: Performed 6 layouts in a row. Skipping
12-07 22:50:12.827 15976 17388 E WindowManager: Performed 6 layouts in a row. Skipping
12-07 22:50:12.875 15976 16026 E WindowManager: Performed 6 layouts in a row. Skipping
12-07 22:50:13.014 15976 16026 E WindowManager: Performed 6 layouts in a row. Skipping
