--------- beginning of main
--------- beginning of system
12-08 12:49:06.648  2448  4949 E SynchronizedLE: asynchronous call timed out or was interrupted
12-08 12:49:06.889  2448  5158 E ctxmgr  : [ProducerStatusImpl]updateStateForNewContextData: inactive, contextName=7
12-08 12:49:09.026  2448  2448 E BeaconBle: Missing BluetoothAdapter
12-08 12:49:09.069  2448  2448 E BeaconBle: Scan couldn't start for Places
12-08 12:49:13.539  1828  1828 E netmgr  : Failed to open QEMU pipe 'qemud:network': Invalid argument
12-08 12:49:13.539  1828  1828 E netmgr  : WifiForwarder unable to open QEMU pipe: Invalid argument
12-08 12:49:18.417  1730  1730 E         : Couldn't opendir /data/app/vmdl462767942.tmp: No such file or directory
12-08 12:49:18.417  1730  1730 E installd: Failed to delete /data/app/vmdl462767942.tmp: No such file or directory
12-08 12:49:22.685  1738  1772 E storaged: getDiskStats failed with result NOT_SUPPORTED and size 0
12-08 12:49:22.937  2475  5613 E ChromeSync: [Sync,SyncIntentOperation] Error handling the intent: Intent { act=android.intent.action.PACKAGE_ADDED dat=package:com.evancharlton.mileage flg=0x4000010 cmp=com.google.android.gms/.chimera.GmsIntentOperationService (has extras) }.
12-08 12:49:25.381  5635  5635 E harlton.mileag: Not starting debugger since process cannot load the jdwp agent.
12-08 12:50:14.778  1828  1828 E netmgr  : Failed to open QEMU pipe 'qemud:network': Invalid argument
12-08 12:50:14.778  1828  1828 E netmgr  : WifiForwarder unable to open QEMU pipe: Invalid argument
12-08 12:50:24.257  1738  1772 E storaged: getDiskStats failed with result NOT_SUPPORTED and size 0
12-08 12:51:09.642  1611  1695 E audio_hw_generic: pcm_write failed cannot write stream data: I/O error
12-08 12:51:14.836  1828  1828 E netmgr  : Failed to open QEMU pipe 'qemud:network': Invalid argument
12-08 12:51:14.836  1828  1828 E netmgr  : WifiForwarder unable to open QEMU pipe: Invalid argument
12-08 12:51:21.434  1611  1695 E audio_hw_generic: pcm_write failed cannot write stream data: I/O error
12-08 12:51:21.795  2448  5587 E ctxmgr  : [ProducerStatusImpl]updateStateForNewContextData: inactive, contextName=7
12-08 12:51:24.225  2448  2448 E BeaconBle: Missing BluetoothAdapter
12-08 12:51:24.268  1738  1772 E storaged: getDiskStats failed with result NOT_SUPPORTED and size 0
12-08 12:51:24.354  2448  2448 E BeaconBle: Scan couldn't start for Places
12-08 12:51:31.613  1611  1695 E audio_hw_generic: pcm_write failed cannot write stream data: I/O error
12-08 12:51:36.434  5635  5635 E WindowManager: 
12-08 12:51:36.434  5635  5635 E WindowManager: android.view.WindowLeaked: Activity com.evancharlton.mileage.FieldActivity has leaked window DecorView@a0de81e[FieldActivity] that was originally added here
12-08 12:51:36.434  5635  5635 E WindowManager: 	at android.view.ViewRootImpl.<init>(ViewRootImpl.java:511)
12-08 12:51:36.434  5635  5635 E WindowManager: 	at android.view.WindowManagerGlobal.addView(WindowManagerGlobal.java:346)
12-08 12:51:36.434  5635  5635 E WindowManager: 	at android.view.WindowManagerImpl.addView(WindowManagerImpl.java:93)
12-08 12:51:36.434  5635  5635 E WindowManager: 	at com.android.internal.policy.PhoneWindow.openPanel(PhoneWindow.java:887)
12-08 12:51:36.434  5635  5635 E WindowManager: 	at com.android.internal.policy.PhoneWindow.onKeyUpPanel(PhoneWindow.java:1104)
12-08 12:51:36.434  5635  5635 E WindowManager: 	at com.android.internal.policy.PhoneWindow.onKeyUp(PhoneWindow.java:2007)
12-08 12:51:36.434  5635  5635 E WindowManager: 	at com.android.internal.policy.DecorView.dispatchKeyEvent(DecorView.java:350)
12-08 12:51:36.434  5635  5635 E WindowManager: 	at android.view.ViewRootImpl$ViewPostImeInputStage.processKeyEvent(ViewRootImpl.java:5037)
12-08 12:51:36.434  5635  5635 E WindowManager: 	at android.view.ViewRootImpl$ViewPostImeInputStage.onProcess(ViewRootImpl.java:4905)
12-08 12:51:36.434  5635  5635 E WindowManager: 	at android.view.ViewRootImpl$InputStage.deliver(ViewRootImpl.java:4426)
12-08 12:51:36.434  5635  5635 E WindowManager: 	at android.view.ViewRootImpl$InputStage.onDeliverToNext(ViewRootImpl.java:4479)
12-08 12:51:36.434  5635  5635 E WindowManager: 	at android.view.ViewRootImpl$InputStage.forward(ViewRootImpl.java:4445)
12-08 12:51:36.434  5635  5635 E WindowManager: 	at android.view.ViewRootImpl$AsyncInputStage.forward(ViewRootImpl.java:4585)
12-08 12:51:36.434  5635  5635 E WindowManager: 	at android.view.ViewRootImpl$InputStage.apply(ViewRootImpl.java:4453)
12-08 12:51:36.434  5635  5635 E WindowManager: 	at android.view.ViewRootImpl$AsyncInputStage.apply(ViewRootImpl.java:4642)
12-08 12:51:36.434  5635  5635 E WindowManager: 	at android.view.ViewRootImpl$InputStage.deliver(ViewRootImpl.java:4426)
12-08 12:51:36.434  5635  5635 E WindowManager: 	at android.view.ViewRootImpl$InputStage.onDeliverToNext(ViewRootImpl.java:4479)
12-08 12:51:36.434  5635  5635 E WindowManager: 	at android.view.ViewRootImpl$InputStage.forward(ViewRootImpl.java:4445)
12-08 12:51:36.434  5635  5635 E WindowManager: 	at android.view.ViewRootImpl$InputStage.apply(ViewRootImpl.java:4453)
12-08 12:51:36.434  5635  5635 E WindowManager: 	at android.view.ViewRootImpl$InputStage.deliver(ViewRootImpl.java:4426)
12-08 12:51:36.434  5635  5635 E WindowManager: 	at android.view.ViewRootImpl$InputStage.onDeliverToNext(ViewRootImpl.java:4479)
12-08 12:51:36.434  5635  5635 E WindowManager: 	at android.view.ViewRootImpl$InputStage.forward(ViewRootImpl.java:4445)
12-08 12:51:36.434  5635  5635 E WindowManager: 	at android.view.ViewRootImpl$AsyncInputStage.forward(ViewRootImpl.java:4618)
12-08 12:51:36.434  5635  5635 E WindowManager: 	at android.view.ViewRootImpl$ImeInputStage.onFinishedInputEvent(ViewRootImpl.java:4779)
12-08 12:51:36.434  5635  5635 E WindowManager: 	at android.view.inputmethod.InputMethodManager$PendingEvent.run(InputMethodManager.java:2571)
12-08 12:51:36.434  5635  5635 E WindowManager: 	at android.view.inputmethod.InputMethodManager.invokeFinishedInputEventCallback(InputMethodManager.java:2081)
12-08 12:51:36.434  5635  5635 E WindowManager: 	at android.view.inputmethod.InputMethodManager.finishedInputEvent(InputMethodManager.java:2072)
12-08 12:51:36.434  5635  5635 E WindowManager: 	at android.view.inputmethod.InputMethodManager$ImeInputEventSender.onInputEventFinished(InputMethodManager.java:2548)
12-08 12:51:36.434  5635  5635 E WindowManager: 	at android.view.InputEventSender.dispatchInputEventFinished(InputEventSender.java:141)
12-08 12:51:36.434  5635  5635 E WindowManager: 	at android.os.MessageQueue.nativePollOnce(Native Method)
12-08 12:51:36.434  5635  5635 E WindowManager: 	at android.os.MessageQueue.next(MessageQueue.java:326)
12-08 12:51:36.434  5635  5635 E WindowManager: 	at android.os.Looper.loop(Looper.java:160)
12-08 12:51:36.434  5635  5635 E WindowManager: 	at android.app.ActivityThread.main(ActivityThread.java:6669)
12-08 12:51:36.434  5635  5635 E WindowManager: 	at java.lang.reflect.Method.invoke(Native Method)
12-08 12:51:36.434  5635  5635 E WindowManager: 	at com.android.internal.os.RuntimeInit$MethodAndArgsCaller.run(RuntimeInit.java:493)
12-08 12:51:36.434  5635  5635 E WindowManager: 	at com.android.internal.os.ZygoteInit.main(ZygoteInit.java:858)
12-08 12:51:41.260  2692  2692 E ContextIntentStarter: No activity found for any of the 0 intents
12-08 12:51:43.454  1611  1695 E audio_hw_generic: pcm_write failed cannot write stream data: I/O error
12-08 12:51:53.501  1611  1695 E audio_hw_generic: pcm_write failed cannot write stream data: I/O error
12-08 12:51:55.943  2448  5696 E ctxmgr  : [ProducerStatusImpl]updateStateForNewContextData: inactive, contextName=7
12-08 12:51:58.126  5717  5717 E .android.diale: Not starting debugger since process cannot load the jdwp agent.
12-08 12:51:58.364  1881  1964 E WifiScanRequestProxy: Scan failure received. reason: -1,description: not available
12-08 12:51:58.533  2448  5696 E ctxmgr  : [ProducerStatusImpl]updateStateForNewContextData: inactive, contextName=1
12-08 12:51:58.533  2448  5696 E ctxmgr  : [ProducerStatusImpl]updateStateForNewContextData: inactive, contextName=1
12-08 12:52:00.672  1725  1798 E IPCThreadState: binder thread pool (4 threads) starved for 178 ms
12-08 12:52:00.759  2448  2448 E BeaconBle: Missing BluetoothAdapter
12-08 12:52:00.873  5738  5738 E ocess.gservice: Not starting debugger since process cannot load the jdwp agent.
12-08 12:52:03.097  2448  2448 E BeaconBle: Scan couldn't start for Places
12-08 12:52:07.865  1881  1894 E memtrack: Couldn't load memtrack module
12-08 12:52:10.062  1881  1894 E GnssLocationProvider: no AGPS interface in set_agps_server
12-08 12:52:10.067  1881  1894 E memtrack: Couldn't load memtrack module
12-08 12:52:10.229  1881  1895 E ActivityManager: ANR in com.google.android.dialer
12-08 12:52:10.229  1881  1895 E ActivityManager: PID: 5717
12-08 12:52:10.229  1881  1895 E ActivityManager: Reason: Broadcast of Intent { act=android.telephony.action.SHOW_VOICEMAIL_NOTIFICATION flg=0x10000010 pkg=com.google.android.dialer cmp=com.google.android.dialer/com.android.dialer.app.voicemail.LegacyVoicemailNotificationReceiver (has extras) }
12-08 12:52:10.229  1881  1895 E ActivityManager: Load: 0.0 / 0.0 / 0.0
12-08 12:52:10.229  1881  1895 E ActivityManager: CPU usage from 291516ms to -1ms ago (2018-12-08 07:47:16.377 to 2018-12-08 07:52:07.895):
12-08 12:52:10.229  1881  1895 E ActivityManager:   45% 1881/system_server: 23% user + 21% kernel / faults: 32317 minor 811 major
12-08 12:52:10.229  1881  1895 E ActivityManager:   22% 2692/com.google.android.googlequicksearchbox:search: 11% user + 10% kernel / faults: 38184 minor 704 major
12-08 12:52:10.229  1881  1895 E ActivityManager:   21% 1725/surfaceflinger: 9% user + 12% kernel / faults: 845 minor 3 major
12-08 12:52:10.229  1881  1895 E ActivityManager:   10% 2448/com.google.android.gms.persistent: 5.8% user + 4.3% kernel / faults: 7321 minor 187 major
12-08 12:52:10.229  1881  1895 E ActivityManager:   9.9% 2314/adbd: 0.4% user + 9.4% kernel / faults: 916575 minor 13 major
12-08 12:52:10.229  1881  1895 E ActivityManager:   8.6% 1992/com.google.android.inputmethod.latin: 4.5% user + 4.1% kernel / faults: 26579 minor 222 major
12-08 12:52:10.229  1881  1895 E ActivityManager:   8.3% 2004/com.android.systemui: 4.5% user + 3.8% kernel / faults: 4105 minor 127 major
12-08 12:52:10.229  1881  1895 E ActivityManager:   5.8% 29746/com.google.android.apps.nexuslauncher: 3.3% user + 2.5% kernel / faults: 10517 minor 90 major
12-08 12:52:10.229  1881  1895 E ActivityManager:   4.8% 1629/audioserver: 1.7% user + 3% kernel / faults: 430 minor 2 major
12-08 12:52:10.229  1881  1895 E ActivityManager:   3.8% 1553/logd: 0.5% user + 3.3% kernel / faults: 23 minor 1 major
12-08 12:52:10.229  1881  1895 E ActivityManager:   3.8% 2475/com.google.android.gms: 1.9% user + 1.9% kernel / faults: 10102 minor 331 major
12-08 12:52:10.229  1881  1895 E ActivityManager:   3.2% 1611/android.hardware.audio@2.0-service: 1% user + 2.1% kernel / faults: 65 minor
12-08 12:52:10.229  1881  1895 E ActivityManager:   2.8% 1747/android.hardware.graphics.composer@2.1-service: 0.3% user + 2.5% kernel / faults: 534 minor
12-08 12:52:10.229  1881  1895 E ActivityManager:   2.4% 1625/android.hardware.sensors@1.0-service: 0.1% user + 2.2% kernel / faults: 1 major
12-08 12:52:10.229  1881  1895 E ActivityManager:   2.3% 30602/com.android.systemui:screenshot: 1.2% user + 1% kernel / faults: 6752 minor 6 major
12-08 12:52:10.229  1881  1895 E ActivityManager:   1.4% 1620/android.hardware.gnss@1.0-service: 0% user + 1.4% kernel
12-08 12:52:10.229  1881  1895 E ActivityManager:   1.3% 5476/kworker/0:2: 0% user + 1.3% kernel
12-08 12:52:10.229  1881  1895 E ActivityManager:   0.9% 31565/kworker/u9:0: 0% user + 0.9% kernel
12-08 12:52:10.229  1881  1895 E ActivityManager:   0.8% 30638/com.google.android.apps.photos: 0.3% user + 0.5% kernel / faults: 1039 minor 167 major
12-08 12:52:10.229  1881  1895 E ActivityManager:   0.8% 27520/kworker/u8:2: 0% user + 0.8% kernel
12-08 12:52:10.229  1881  1895 E ActivityManager:   0.8% 1704/kworker/u9:4: 0% user + 0.8% kernel
12-08 12:52:10.229  1881  1895 E ActivityManager:   0.8% 2330/logcat: 0% user + 0.7% kernel / faults: 1 minor
12-08 12:52:10.229  1881  1895 E ActivityManager:   0.7% 1554/servicemanager: 0% user + 0.7% kernel
12-08 12:52:10.229  1881  1895 E ActivityManager:   0.7% 1718/jbd2/dm-1-8: 0% user + 0.7% kernel
12-08 12:52:10.229  1881  1895 E ActivityManager:   0.6% 1672/dmcrypt_write: 0% user + 0.6% kernel
12-08 12:52:10.229  1881  1895 E ActivityManager:   0.5% 645/kswapd0: 0% user + 0.5% kernel
12-08 12:52:10.229  1881  1895 E ActivityManager:   0.3% 2508/kworker/u9:3: 0% user + 0.3% kernel
12-08 12:52:10.229  1881  1895 E ActivityManager:   0.3% 5249/kworker/u9:2: 0% user + 0.3% kernel
12-08 12:52:10.229  1881  1895 E ActivityManager:   0.2% 2119/com.android.phone: 0% user + 0.1% kernel / faults: 817 minor 95 major
12-08 12:52:10.229  1881  1895 E ActivityManager:   0.1% 1621/android.hardware.graphics.allocator@2.0-service: 0% user + 0% kernel / faults: 263 minor
12-08 12:52:10.229  1881  1895 E ActivityManager:   0.1% 4106/kworker/u8:1: 0% user + 0.1% kernel
12-08 12:52:10.229  1881  1895 E ActivityManager:   0.1% 2494/com.android.vending: 0% user + 0% kernel / faults: 596 minor 97 major
12-08 12:52:10.229  1881  1895 E ActivityManager:   0.1% 4816/kworker/u8:0: 0% user + 0.1% kernel
12-08 12:52:10.229  1881  1895 E ActivityManager:   0% 4075/android.process.media: 0% user + 0% kernel / faults: 418 minor 5 major
12-08 12:52:10.229  1881  1895 E ActivityManager:   0% 1730/installd: 0% user + 0% kernel / faults: 72 minor 4 major
12-08 12:52:10.229  1881  1895 E ActivityManager:   0% 3525/kworker/u8:4: 0% user + 0% kernel
12-08 12:52:10.229  1881  1895 E ActivityManager:   0% 3/ksoftirqd/0: 0% user + 0% kernel
12-08 12:52:10.229  1881  1895 E ActivityManager:   0% 1737/statsd: 0% user + 0% kernel / faults: 3 major
12-08 12:52:10.229  1881  1895 E ActivityManager:   0% 7/rcu_preempt: 0% user + 0% kernel
12-08 12:52:10.229  1881  1895 E ActivityManager:   0% 1741/rild: 0% user + 0% kernel / faults: 15 minor 25 major
12-08 12:52:10.229  1881  1895 E ActivityManager:   0% 5241/kworker/2:2: 0% user + 0% kernel
12-08 12:52:10.229  1881  1895 E ActivityManager:   0% 28516/com.android.defcontainer: 0% user + 0% kernel / faults: 106 minor 6 major
12-08 12:52:10.229  1881  1895 E ActivityManager:   0% 1609/healthd: 0% user + 0% kernel
12-08 12:52:10.229  1881  1895 E ActivityManager:   0% 1623/android.hardware.health@2.0-service.goldfish: 0% user + 0% kernel
12-08 12:52:10.229  1881  1895 E ActivityManager:   0% 1630/lmkd: 0% user + 0% kernel
12-08 12:52:10.229  1881  1895 E ActivityManager:   0% 2188/com.google.android.ext.services: 0% user + 0% kernel / faults: 73 minor 6 major
12-08 12:52:10.229  1881  1895 E ActivityManager:   0% 29890/com.android.documentsui: 0% user + 0% kernel / faults: 114 minor 19 major
12-08 12:52:10.229  1881  1895 E ActivityManager:   0% 1//init: 0% user + 0% kernel / faults: 12 minor 14 major
12-08 12:52:10.229  1881  1895 E ActivityManager:   0% 12/ksoftirqd/1: 0% user + 0% kernel
12-08 12:52:10.229  1881  1895 E ActivityManager:   0% 1624/android.hardware.power@1.1-service.ranchu: 0% user + 0% kernel
12-08 12:52:10.229  1881  1895 E ActivityManager:   0% 1726/zygote: 0% user + 0% kernel / faults: 409 minor
12-08 12:52:10.229  1881  1895 E ActivityManager:   0% 4216/com.google.android.apps.docs: 0% user + 0% kernel / faults: 48 minor 46 major
12-08 12:52:10.229  1881  1895 E ActivityManager:   0% 29482/com.android.keychain: 0% user + 0% kern
12-08 12:52:10.269  5717  5717 E .android.diale: The String#value field is not present on Android versions >= 6.0
12-08 12:52:12.743  5717  5765 E PhenotypeFlagCommitter: Retrieving snapshot for com.google.android.dialer failed
12-08 12:52:12.743  5717  5765 E PhenotypeFlagCommitter: java.util.concurrent.TimeoutException: Timed out waiting for Task
12-08 12:52:12.743  5717  5765 E PhenotypeFlagCommitter: 	at fas.a(Unknown Source:77)
12-08 12:52:12.743  5717  5765 E PhenotypeFlagCommitter: 	at fpa.a(Unknown Source:3)
12-08 12:52:12.743  5717  5765 E PhenotypeFlagCommitter: 	at edu.a(PG:7)
12-08 12:52:12.743  5717  5765 E PhenotypeFlagCommitter: 	at bcc.c(PG:14)
12-08 12:52:12.743  5717  5765 E PhenotypeFlagCommitter: 	at bcd.run(Unknown Source:2)
12-08 12:52:12.743  5717  5765 E PhenotypeFlagCommitter: 	at java.util.concurrent.Executors$RunnableAdapter.call(Executors.java:458)
12-08 12:52:12.743  5717  5765 E PhenotypeFlagCommitter: 	at java.util.concurrent.FutureTask.run(FutureTask.java:266)
12-08 12:52:12.743  5717  5765 E PhenotypeFlagCommitter: 	at java.util.concurrent.ScheduledThreadPoolExecutor$ScheduledFutureTask.run(ScheduledThreadPoolExecutor.java:301)
12-08 12:52:12.743  5717  5765 E PhenotypeFlagCommitter: 	at java.util.concurrent.ThreadPoolExecutor.runWorker(ThreadPoolExecutor.java:1167)
12-08 12:52:12.743  5717  5765 E PhenotypeFlagCommitter: 	at java.util.concurrent.ThreadPoolExecutor$Worker.run(ThreadPoolExecutor.java:641)
12-08 12:52:12.743  5717  5765 E PhenotypeFlagCommitter: 	at java.lang.Thread.run(Thread.java:764)
12-08 12:52:14.969  1828  1828 E netmgr  : Failed to open QEMU pipe 'qemud:network': Invalid argument
12-08 12:52:14.969  1828  1828 E netmgr  : WifiForwarder unable to open QEMU pipe: Invalid argument
12-08 12:52:17.542  1881  3968 E memtrack: Couldn't load memtrack module
12-08 12:52:17.701  1881  3968 E memtrack: Couldn't load memtrack module
12-08 12:52:19.639  1881  1894 E memtrack: Couldn't load memtrack module
12-08 12:52:19.639  1881  3968 E memtrack: Couldn't load memtrack module
12-08 12:52:19.728  1881  3968 E memtrack: Couldn't load memtrack module
12-08 12:52:19.801  1881  3968 E memtrack: Couldn't load memtrack module
12-08 12:52:19.882  1881  3968 E memtrack: Couldn't load memtrack module
12-08 12:52:19.946  1881  3968 E memtrack: Couldn't load memtrack module
12-08 12:52:22.014  1881  3968 E memtrack: Couldn't load memtrack module
12-08 12:52:22.118  1881  3968 E memtrack: Couldn't load memtrack module
12-08 12:52:22.184  1881  3968 E memtrack: Couldn't load memtrack module
12-08 12:52:22.260  1881  3968 E memtrack: Couldn't load memtrack module
12-08 12:52:22.351  1881  3968 E memtrack: Couldn't load memtrack module
12-08 12:52:22.419  1881  3968 E memtrack: Couldn't load memtrack module
12-08 12:52:24.254  1881  3968 E memtrack: Couldn't load memtrack module
12-08 12:52:24.276  1738  1772 E storaged: getDiskStats failed with result NOT_SUPPORTED and size 0
12-08 12:52:24.329  1881  3968 E memtrack: Couldn't load memtrack module
12-08 12:52:24.395  1881  3968 E memtrack: Couldn't load memtrack module
12-08 12:52:24.457  1881  3968 E memtrack: Couldn't load memtrack module
12-08 12:52:24.524  1881  3968 E memtrack: Couldn't load memtrack module
12-08 12:52:24.588  1881  3968 E memtrack: Couldn't load memtrack module
12-08 12:52:26.652  1881  1894 E memtrack: Couldn't load memtrack module
12-08 12:52:27.062  1881  3968 E memtrack: Couldn't load memtrack module
12-08 12:52:27.132  5784  5784 E viders.calenda: Not starting debugger since process cannot load the jdwp agent.
12-08 12:52:27.157  5793  5793 E ndroid.calenda: Not starting debugger since process cannot load the jdwp agent.
12-08 12:52:27.260  1881  3968 E memtrack: Couldn't load memtrack module
12-08 12:52:27.361  1881  3968 E memtrack: Couldn't load memtrack module
12-08 12:52:29.365  1881  3968 E memtrack: Couldn't load memtrack module
12-08 12:52:29.446  1881  3968 E memtrack: Couldn't load memtrack module
12-08 12:52:29.501  1881  1894 E memtrack: Couldn't load memtrack module
12-08 12:52:29.518  1881  3968 E memtrack: Couldn't load memtrack module
12-08 12:52:29.601  1881  3968 E memtrack: Couldn't load memtrack module
12-08 12:52:31.712  1881  3968 E memtrack: Couldn't load memtrack module
12-08 12:52:31.875  1881  3968 E memtrack: Couldn't load memtrack module
12-08 12:52:31.903  1881  3968 E memtrack: Couldn't load memtrack module
12-08 12:52:31.905  1881  3968 E memtrack: Couldn't load memtrack module
12-08 12:52:31.906  1881  3968 E memtrack: Couldn't load memtrack module
12-08 12:52:31.907  1881  3968 E memtrack: Couldn't load memtrack module
12-08 12:52:31.922  1881  3968 E memtrack: Couldn't load memtrack module
12-08 12:52:31.927  1881  3968 E memtrack: Couldn't load memtrack module
12-08 12:52:31.933  1881  3968 E memtrack: Couldn't load memtrack module
12-08 12:52:31.938  1881  3968 E memtrack: Couldn't load memtrack module
12-08 12:52:31.944  1881  3968 E memtrack: Couldn't load memtrack module
12-08 12:52:31.954  1881  3968 E memtrack: Couldn't load memtrack module
12-08 12:52:31.959  1881  3968 E memtrack: Couldn't load memtrack module
12-08 12:52:31.964  1881  3968 E memtrack: Couldn't load memtrack module
12-08 12:52:31.973  1881  3968 E memtrack: Couldn't load memtrack module
12-08 12:52:31.991  1881  3968 E memtrack: Couldn't load memtrack module
