--------- beginning of system
12-08 14:58:59.665  1739  1739 E wificond: NL80211_CMD_TRIGGER_SCAN failed: Device or resource busy
12-08 14:59:19.992  1739  1739 E wificond: NL80211_CMD_TRIGGER_SCAN failed: Device or resource busy
12-08 14:59:25.003  1738  1772 E storaged: getDiskStats failed with result NOT_SUPPORTED and size 0
12-08 14:59:40.589  1739  1739 E wificond: NL80211_CMD_TRIGGER_SCAN failed: Device or resource busy
--------- beginning of main
12-08 15:00:11.405  1828  1828 E netmgr  : Failed to open QEMU pipe 'qemud:network': Invalid argument
12-08 15:00:11.413  1828  1828 E netmgr  : WifiForwarder unable to open QEMU pipe: Invalid argument
12-08 15:00:26.747  1738  1772 E storaged: getDiskStats failed with result NOT_SUPPORTED and size 0
12-08 15:01:05.776  1740  1771 E OMXNodeInstance: setConfig(0xf4fa6d20:google.vorbis.decoder, ConfigPriority(0x6f800002)) ERROR: Undefined(0x80001001)
12-08 15:01:05.778  1740  1771 E OMXNodeInstance: getConfig(0xf4fa6d20:google.vorbis.decoder, ConfigAndroidVendorExtension(0x6f100004)) ERROR: Undefined(0x80001001)
12-08 15:01:13.183  1828  1828 E netmgr  : Failed to open QEMU pipe 'qemud:network': Invalid argument
12-08 15:01:13.185  1828  1828 E netmgr  : WifiForwarder unable to open QEMU pipe: Invalid argument
12-08 15:01:28.573  1738  1772 E storaged: getDiskStats failed with result NOT_SUPPORTED and size 0
12-08 15:01:41.814  2448 12998 E ctxmgr  : [ProducerStatusImpl]updateStateForNewContextData: inactive, contextName=7
12-08 15:01:41.816  2448  3146 E PlaceInferenceEngine: Position timestamp out of order. Previous: 1544280980000, Current: 1544263300000. Skipping this Position.
12-08 15:01:41.998  2448 12998 E ctxmgr  : [ProducerStatusImpl]updateStateForNewContextData: inactive, contextName=1
12-08 15:01:42.015  2448 12998 E ctxmgr  : [ProducerStatusImpl]updateStateForNewContextData: inactive, contextName=1
12-08 15:01:47.045  2448  2448 E BeaconBle: Missing BluetoothAdapter
12-08 15:01:47.113  2448  2448 E BeaconBle: Scan couldn't start for Places
12-08 15:01:57.676  2692  2692 E ContextIntentStarter: No activity found for any of the 0 intents
12-08 15:02:15.262  1828  1828 E netmgr  : Failed to open QEMU pipe 'qemud:network': Invalid argument
12-08 15:02:15.286  1828  1828 E netmgr  : WifiForwarder unable to open QEMU pipe: Invalid argument
12-08 15:02:15.644  2448 12438 E ctxmgr  : [ProducerStatusImpl]updateStateForNewContextData: inactive, contextName=7
12-08 15:02:17.885  1725  1951 E IPCThreadState: binder thread pool (4 threads) starved for 2562 ms
12-08 15:02:17.901  1739  1739 E wificond: NL80211_CMD_TRIGGER_SCAN failed: Device or resource busy
12-08 15:02:20.436  1739  1739 E wificond: NL80211_CMD_TRIGGER_SCAN failed: Device or resource busy
12-08 15:02:20.539  2448  2448 E BeaconBle: Missing BluetoothAdapter
12-08 15:02:20.574  2448  2448 E BeaconBle: Scan couldn't start for Places
12-08 15:02:28.576  1738  1772 E storaged: getDiskStats failed with result NOT_SUPPORTED and size 0
12-08 15:02:51.846  1611  1695 E audio_hw_generic: pcm_write failed cannot write stream data: I/O error
12-08 15:03:02.334  1611  1695 E audio_hw_generic: pcm_write failed cannot write stream data: I/O error
12-08 15:03:05.343  2494  2716 E PlayCommon: [101] com.google.android.play.b.g.a(448): Failed to connect to server: java.net.UnknownHostException: Unable to resolve host "play.googleapis.com": No address associated with hostname
12-08 15:03:12.805  1611  1695 E audio_hw_generic: pcm_write failed cannot write stream data: I/O error
12-08 15:03:15.531  1828  1828 E netmgr  : Failed to open QEMU pipe 'qemud:network': Invalid argument
12-08 15:03:15.531  1828  1828 E netmgr  : WifiForwarder unable to open QEMU pipe: Invalid argument
12-08 15:03:23.294  1611  1695 E audio_hw_generic: pcm_write failed cannot write stream data: I/O error
12-08 15:03:28.577  1738  1772 E storaged: getDiskStats failed with result NOT_SUPPORTED and size 0
12-08 15:03:33.573  1611  1695 E audio_hw_generic: pcm_write failed cannot write stream data: I/O error
12-08 15:03:51.613  1881  1896 E AutofillSession: No assist structure - app might have crashed providing it
12-08 15:03:54.193  1611  1695 E audio_hw_generic: pcm_write failed cannot write stream data: I/O error
12-08 15:04:04.296  1611  1695 E audio_hw_generic: pcm_write failed cannot write stream data: I/O error
