--------- beginning of system
12-07 09:31:42.361  1735  1809 E storaged: getDiskStats failed with result NOT_SUPPORTED and size 0
12-07 09:31:42.436  1880  1902 E NetdConnector: NDC event {613 IfaceClass active 0 15310919632850 10036} took too long: 2047ms
12-07 09:32:30.803  1880  1897 E AutofillSession: No assist structure - app might have crashed providing it
12-07 09:32:44.225  1735  1809 E storaged: getDiskStats failed with result NOT_SUPPORTED and size 0
12-07 09:33:44.852  1735  1809 E storaged: getDiskStats failed with result NOT_SUPPORTED and size 0
12-07 09:34:46.435  1735  1809 E storaged: getDiskStats failed with result NOT_SUPPORTED and size 0
12-07 09:35:41.936  2422  2422 E SchedPolicy: set_timerslack_ns write failed: Operation not permitted
12-07 09:35:46.446  1735  1809 E storaged: getDiskStats failed with result NOT_SUPPORTED and size 0
12-07 09:35:58.364  2422  2422 E SchedPolicy: set_timerslack_ns write failed: Operation not permitted
12-07 09:36:46.898  1735  1809 E storaged: getDiskStats failed with result NOT_SUPPORTED and size 0
12-07 09:37:48.219  1735  1809 E storaged: getDiskStats failed with result NOT_SUPPORTED and size 0
12-07 09:38:48.242  1735  1809 E storaged: getDiskStats failed with result NOT_SUPPORTED and size 0
--------- beginning of main
12-07 09:39:05.654 19845 19845 E ContextIntentStarter: No activity found for any of the 0 intents
12-07 09:39:09.740  1829  1829 E netmgr  : Failed to open QEMU pipe 'qemud:network': Invalid argument
12-07 09:39:09.741  1829  1829 E netmgr  : WifiForwarder unable to open QEMU pipe: Invalid argument
12-07 09:39:33.119 19845 19845 E ContextIntentStarter: No activity found for any of the 0 intents
12-07 09:39:40.004  1992  1992 E native  : clearcut-logger.cc:191 USER_EDIT span#originalSpan is missing
12-07 09:39:48.857  1735  1809 E storaged: getDiskStats failed with result NOT_SUPPORTED and size 0
12-07 09:39:49.316  1992  1992 E native  : clearcut-logger.cc:191 USER_EDIT span#originalSpan is missing
12-07 09:39:55.841  1610  1692 E audio_hw_generic: pcm_write failed cannot write stream data: I/O error
12-07 09:40:09.802  1829  1829 E netmgr  : Failed to open QEMU pipe 'qemud:network': Invalid argument
12-07 09:40:09.802  1829  1829 E netmgr  : WifiForwarder unable to open QEMU pipe: Invalid argument
12-07 09:40:43.750 20953 20953 E SpannableStringBuilder: SPAN_EXCLUSIVE_EXCLUSIVE spans cannot have a zero length
12-07 09:40:43.750 20953 20953 E SpannableStringBuilder: SPAN_EXCLUSIVE_EXCLUSIVE spans cannot have a zero length
12-07 09:40:46.217  1992  1992 E native  : suggestion-transformer.cc:118 suggestion picked candidate not found for id: 2
12-07 09:40:50.496  1735  1809 E storaged: getDiskStats failed with result NOT_SUPPORTED and size 0
12-07 09:41:02.845  2378 21288 E ctxmgr  : [ProducerStatusImpl]updateStateForNewContextData: inactive, contextName=7
12-07 09:41:03.003  2378 21288 E ctxmgr  : [ProducerStatusImpl]updateStateForNewContextData: inactive, contextName=1
12-07 09:41:05.472  2378  2378 E BeaconBle: Missing BluetoothAdapter
12-07 09:41:05.583  2378  2378 E BeaconBle: Scan couldn't start for Places
12-07 09:41:09.930  1829  1829 E netmgr  : Failed to open QEMU pipe 'qemud:network': Invalid argument
12-07 09:41:09.931  1829  1829 E netmgr  : WifiForwarder unable to open QEMU pipe: Invalid argument
12-07 09:41:09.932  1610  1692 E audio_hw_generic: pcm_write failed cannot write stream data: I/O error
12-07 09:41:21.491  1610  1692 E audio_hw_generic: pcm_write failed cannot write stream data: I/O error
12-07 09:41:33.422  1610  1692 E audio_hw_generic: pcm_write failed cannot write stream data: I/O error
12-07 09:41:44.962  1610  1692 E audio_hw_generic: pcm_write failed cannot write stream data: I/O error
12-07 09:41:47.528 19845 19845 E ClientVe: Failed to create ClientVisualElementsProto for user interaction on view com.google.android.apps.gsa.searchbox.ui.suggestions.views.CoreSuggestionView{4d2982e VFE...CL. ...P.... 0,-5-1038,142 #23} because the view is not tagged for visual element logging.
12-07 09:41:47.547 21379 21379 E dboxed_process: Not starting debugger since process cannot load the jdwp agent.
12-07 09:41:51.790  1735  1809 E storaged: getDiskStats failed with result NOT_SUPPORTED and size 0
12-07 09:41:53.878  1880  1968 E WificondScannerImpl: Timed out waiting for scan result from wificond
12-07 09:41:56.250  1610  1692 E audio_hw_generic: pcm_write failed cannot write stream data: I/O error
12-07 09:41:56.605  1880  1896 E ActivityManager: ANR in com.google.android.inputmethod.latin
12-07 09:41:56.605  1880  1896 E ActivityManager: PID: 1992
12-07 09:41:56.605  1880  1896 E ActivityManager: Reason: Input dispatching timed out (Waiting to send non-key event because the touched window has not finished processing certain input events that were delivered to it over 500.0ms ago.  Wait queue length: 5.  Wait queue head age: 8569.0ms.)
12-07 09:41:56.605  1880  1896 E ActivityManager: Load: 0.0 / 0.0 / 0.0
12-07 09:41:56.605  1880  1896 E ActivityManager: CPU usage from 171086ms to -15ms ago (2018-12-07 09:39:00.863 to 2018-12-07 09:41:51.964):
12-07 09:41:56.605  1880  1896 E ActivityManager:   39% 1880/system_server: 20% user + 18% kernel / faults: 13201 minor 804 major
12-07 09:41:56.605  1880  1896 E ActivityManager:   22% 1722/surfaceflinger: 9.3% user + 12% kernel / faults: 549 minor 7 major
12-07 09:41:56.605  1880  1896 E ActivityManager:   19% 19845/com.google.android.googlequicksearchbox:search: 9.3% user + 10% kernel / faults: 17296 minor 2136 major
12-07 09:41:56.605  1880  1896 E ActivityManager:   12% 20953/com.evancharlton.mileage: 4.3% user + 8.3% kernel / faults: 122071 minor 620 major
12-07 09:41:56.605  1880  1896 E ActivityManager:   7.2% 2378/com.google.android.gms.persistent: 3.9% user + 3.3% kernel / faults: 4070 minor 470 major
12-07 09:41:56.605  1880  1896 E ActivityManager:   6.5% 2300/adbd: 0.3% user + 6.2% kernel / faults: 696727 minor
12-07 09:41:56.605  1880  1896 E ActivityManager:   6.4% 1628/audioserver: 2% user + 4.3% kernel / faults: 231 minor 47 major
12-07 09:41:56.605  1880  1896 E ActivityManager:   5.9% 1992/com.google.android.inputmethod.latin: 3.2% user + 2.7% kernel / faults: 21659 minor 638 major
12-07 09:41:56.605  1880  1896 E ActivityManager:   5.8% 2422/com.google.android.apps.nexuslauncher: 3.5% user + 2.2% kernel / faults: 7304 minor 48 major
12-07 09:41:56.605  1880  1896 E ActivityManager:   5.3% 1610/android.hardware.audio@2.0-service: 1.2% user + 4% kernel / faults: 35 minor 17 major
12-07 09:41:56.605  1880  1896 E ActivityManager:   5.1% 646/kswapd0: 0% user + 5.1% kernel
12-07 09:41:56.605  1880  1896 E ActivityManager:   5% 2008/com.android.systemui: 2.7% user + 2.2% kernel / faults: 2827 minor 220 major
12-07 09:41:56.605  1880  1896 E ActivityManager:   2.6% 1624/android.hardware.sensors@1.0-service: 0.2% user + 2.4% kernel
12-07 09:41:56.605  1880  1896 E ActivityManager:   2.6% 2482/com.google.android.gms: 1.3% user + 1.3% kernel / faults: 6827 minor 200 major
12-07 09:41:56.605  1880  1896 E ActivityManager:   1.6% 1700/kworker/u9:1: 0% user + 1.6% kernel
12-07 09:41:56.605  1880  1896 E ActivityManager:   1.5% 1701/kworker/u9:2: 0% user + 1.5% kernel
12-07 09:41:56.605  1880  1896 E ActivityManager:   1.3% 20925/com.android.commands.monkey: 0.6% user + 0.7% kernel / faults: 499 minor 28 major
12-07 09:41:56.605  1880  1896 E ActivityManager:   1.2% 1619/android.hardware.gnss@1.0-service: 0% user + 1.1% kernel / faults: 1 minor 4 major
12-07 09:41:56.605  1880  1896 E ActivityManager:   1.2% 19261/kworker/u8:1: 0% user + 1.2% kernel
12-07 09:41:56.605  1880  1896 E ActivityManager:   1.1% 1715/jbd2/dm-1-8: 0% user + 1.1% kernel
12-07 09:41:56.605  1880  1896 E ActivityManager:   1.1% 1745/android.hardware.graphics.composer@2.1-service: 0.1% user + 0.9% kernel / faults: 389 minor 4 major
12-07 09:41:56.605  1880  1896 E ActivityManager:   0.6% 1553/logd: 0% user + 0.6% kernel / faults: 4 minor 4 major
12-07 09:41:56.605  1880  1896 E ActivityManager:   0.4% 1702/kworker/u9:3: 0% user + 0.4% kernel
12-07 09:41:56.605  1880  1896 E ActivityManager:   0.3% 3/ksoftirqd/0: 0% user + 0.3% kernel
12-07 09:41:56.605  1880  1896 E ActivityManager:   0.3% 18700/kworker/u9:4: 0% user + 0.3% kernel
12-07 09:41:56.605  1880  1896 E ActivityManager:   0.3% 1675/kworker/u9:0: 0% user + 0.3% kernel
12-07 09:41:56.605  1880  1896 E ActivityManager:   0.2% 2347/kworker/u8:4: 0% user + 0.2% kernel
12-07 09:41:56.605  1880  1896 E ActivityManager:   0.2% 2318/logcat: 0% user + 0.2% kernel / faults: 1 minor
12-07 09:41:56.605  1880  1896 E ActivityManager:   0.2% 15200/kworker/u8:0: 0% user + 0.2% kernel
12-07 09:41:56.605  1880  1896 E ActivityManager:   0.1% 21174/kworker/0:0: 0% user + 0.1% kernel
12-07 09:41:56.605  1880  1896 E ActivityManager:   0.1% 16047/kworker/u8:2: 0% user + 0.1% kernel
12-07 09:41:56.605  1880  1896 E ActivityManager:   0.1% 2125/com.android.phone: 0% user + 0% kernel / faults: 244 minor 67 major
12-07 09:41:56.605  1880  1896 E ActivityManager:   0% 20291/kworker/u8:3: 0% user + 0% kernel
12-07 09:41:56.605  1880  1896 E ActivityManager:   0% 7/rcu_preempt: 0% user + 0% kernel
12-07 09:41:56.605  1880  1896 E ActivityManager:   0% 1620/android.hardware.graphics.allocator@2.0-service: 0% user + 0% kernel / faults: 156 minor
12-07 09:41:56.605  1880  1896 E ActivityManager:   0% 21055/kworker/2:1: 0% user + 0% kernel
12-07 09:41:56.605  1880  1896 E ActivityManager:   0% 1554/servicemanager: 0% user + 0% kernel
12-07 09:41:56.605  1880  1896 E ActivityManager:   0% 1734/statsd: 0% user + 0% kernel / faults: 2 major
12-07 09:41:56.605  1880  1896 E ActivityManager:   0% 20586/com.google.android.apps.messaging: 0% user + 0% kernel / faults: 252 minor 81 major
12-07 09:41:56.605  1880  1896 E ActivityManager:   0% 1736/wificond: 0% user + 0% kernel / faults: 3 minor 5 major
12-07 09:41:56.605  1880  1896 E ActivityManager:   0% 1733/netd: 0% user + 0% kernel / faults: 36 minor 21 major
12-07 09:41:56.605  1880  1896 E ActivityManager:   0% 1622/android.hardware.health@2.0-service.goldfish: 0% user + 0% kernel / faults: 4 minor 6 major
12-07 09:41:56.605  1880  1896 E ActivityManager:   0% 1738/rild: 0% user + 0% kernel / faults: 9 minor 24 major
12-07 09:41:56.605  1880  1896 E ActivityManager:   0% 1854/dhcpclient: 0% user + 0% kernel / faults: 1 major
12-07 09:41:56.605  1880  1896 E ActivityManager:   0% 1677/dmcrypt_write: 0% user + 0% kernel
12-07 09:41:56.605  1880  1896 E ActivityManager:   0% 1714/kworker/3:1H: 0% user + 0% kernel
12-07 09:41:56.605  1880  1896 E ActivityManager:   0% 2780/com.android.vending: 0% user + 0% kernel / faults: 201 minor 61 major
12-07 09:41:56.605  1880  1896 E ActivityManager:   0% 21289/com.android.chrome: 0% user + 0% kernel / faults: 132 minor 20 major
12-07 09:41:56.605  1880  1896 E ActivityManager:   0% 20/ksoftirqd/3: 0% user + 0% kernel
12-07 09:41:56.605  1880  1896 E ActivityManager:   0% 1608/healthd: 0% user + 0% kernel / faults: 2 minor 1 major
12-07 09:41:56.605  1880  1896 E ActivityManager:   0% 1623/android.hardware.power@1.1-service.ranchu: 0% user + 0% kernel
12-07 09:41:56.605  1880  1896 E ActivityManager:   0% 1730/media.extractor: 0% user + 0% kernel / faults: 5 minor 12 major
12-07 09:41:56.605  1880  1896 E ActivityManager:   0% 1743/android.hardware.biometrics.fingerprint@2.1-servic
12-07 09:42:07.283  1610  1692 E audio_hw_generic: pcm_write failed cannot write stream data: I/O error
12-07 09:42:07.659  1880  2357 E memtrack: Couldn't load memtrack module
12-07 09:42:09.721  1880  2357 E memtrack: Couldn't load memtrack module
12-07 09:42:09.815  1880  2357 E memtrack: Couldn't load memtrack module
12-07 09:42:09.904  1880  2357 E memtrack: Couldn't load memtrack module
12-07 09:42:09.935  1829  1829 E netmgr  : Failed to open QEMU pipe 'qemud:network': Invalid argument
12-07 09:42:09.935  1829  1829 E netmgr  : WifiForwarder unable to open QEMU pipe: Invalid argument
12-07 09:42:09.974  1880  2357 E memtrack: Couldn't load memtrack module
12-07 09:42:10.045  1880  2357 E memtrack: Couldn't load memtrack module
12-07 09:42:11.829  1880  2357 E memtrack: Couldn't load memtrack module
12-07 09:42:11.924  1880  2357 E memtrack: Couldn't load memtrack module
12-07 09:42:11.997  1880  2357 E memtrack: Couldn't load memtrack module
12-07 09:42:12.070  1880  2357 E memtrack: Couldn't load memtrack module
12-07 09:42:14.069  1880  2357 E memtrack: Couldn't load memtrack module
12-07 09:42:14.189  1880  2357 E memtrack: Couldn't load memtrack module
12-07 09:42:14.294  1880  2357 E memtrack: Couldn't load memtrack module
12-07 09:42:14.332  1880  1895 E memtrack: Couldn't load memtrack module
12-07 09:42:14.377  1880  2357 E memtrack: Couldn't load memtrack module
12-07 09:42:14.458  1880  2357 E memtrack: Couldn't load memtrack module
12-07 09:42:16.233  1880  2357 E memtrack: Couldn't load memtrack module
12-07 09:42:16.334  1880  2357 E memtrack: Couldn't load memtrack module
12-07 09:42:16.459  1880  2357 E memtrack: Couldn't load memtrack module
12-07 09:42:16.525  1880  2357 E memtrack: Couldn't load memtrack module
12-07 09:42:18.554  1880  2357 E memtrack: Couldn't load memtrack module
12-07 09:42:18.680  1880  2357 E memtrack: Couldn't load memtrack module
12-07 09:42:20.561  1880  2357 E memtrack: Couldn't load memtrack module
12-07 09:42:20.616  1880  2357 E memtrack: Couldn't load memtrack module
12-07 09:42:20.620  1880  2357 E memtrack: Couldn't load memtrack module
12-07 09:42:20.622  1880  2357 E memtrack: Couldn't load memtrack module
12-07 09:42:20.623  1880  2357 E memtrack: Couldn't load memtrack module
12-07 09:42:20.630  1880  2357 E memtrack: Couldn't load memtrack module
12-07 09:42:20.635  1880  2357 E memtrack: Couldn't load memtrack module
12-07 09:42:20.642  1880  2357 E memtrack: Couldn't load memtrack module
12-07 09:42:20.647  1880  2357 E memtrack: Couldn't load memtrack module
12-07 09:42:20.655  1880  2357 E memtrack: Couldn't load memtrack module
12-07 09:42:20.672  1880  2357 E memtrack: Couldn't load memtrack module
12-07 09:42:20.677  1880  2357 E memtrack: Couldn't load memtrack module
12-07 09:42:20.682  1880  2357 E memtrack: Couldn't load memtrack module
12-07 09:42:20.692  1880  2357 E memtrack: Couldn't load memtrack module
12-07 09:42:20.719  1880  2357 E memtrack: Couldn't load memtrack module
12-07 09:42:20.725  1880  2357 E memtrack: Couldn't load memtrack module
12-07 09:42:20.744  1880  2357 E memtrack: Couldn't load memtrack module
12-07 09:42:20.751  1880  2357 E memtrack: Couldn't load memtrack module
12-07 09:42:20.758  1880  2357 E memtrack: Couldn't load memtrack module
12-07 09:42:20.765  1880  2357 E memtrack: Couldn't load memtrack module
12-07 09:42:20.774  1880  2357 E memtrack: Couldn't load memtrack module
12-07 09:42:20.782  1880  2357 E memtrack: Couldn't load memtrack module
12-07 09:42:20.789  1880  2357 E memtrack: Couldn't load memtrack module
12-07 09:42:20.796  1880  2357 E memtrack: Couldn't load memtrack module
12-07 09:42:20.807  1880  2357 E memtrack: Couldn't load memtrack module
12-07 09:42:20.812  1880  2357 E memtrack: Couldn't load memtrack module
12-07 09:42:20.819  1880  2357 E memtrack: Couldn't load memtrack module
12-07 09:42:20.825  1880  2357 E memtrack: Couldn't load memtrack module
12-07 09:42:20.832  1880  2357 E memtrack: Couldn't load memtrack module
12-07 09:42:20.837  1880  2357 E memtrack: Couldn't load memtrack module
12-07 09:42:20.866  1880  2357 E memtrack: Couldn't load memtrack module
12-07 09:42:20.870  1880  2357 E memtrack: Couldn't load memtrack module
12-07 09:42:20.876  1880  2357 E memtrack: Couldn't load memtrack module
12-07 09:42:20.881  1880  2357 E memtrack: Couldn't load memtrack module
12-07 09:42:20.885  1880  2357 E memtrack: Couldn't load memtrack module
12-07 09:42:20.904  1880  2357 E memtrack: Couldn't load memtrack module
12-07 09:42:20.973  1880  2357 E memtrack: Couldn't load memtrack module
12-07 09:42:22.952  1880  2357 E memtrack: Couldn't load memtrack module
12-07 09:42:22.998  1880  2357 E memtrack: Couldn't load memtrack module
12-07 09:42:23.009  1880  2357 E memtrack: Couldn't load memtrack module
12-07 09:42:23.021  1880  2357 E memtrack: Couldn't load memtrack module
12-07 09:42:23.033  1880  2357 E memtrack: Couldn't load memtrack module
12-07 09:42:23.043  1880  2357 E memtrack: Couldn't load memtrack module
12-07 09:42:23.062  1880  2357 E memtrack: Couldn't load memtrack module
12-07 09:42:23.077  1880  2357 E memtrack: Couldn't load memtrack module
12-07 09:42:23.095  1880  2357 E memtrack: Couldn't load memtrack module
12-07 09:42:23.107  1880  2357 E memtrack: Couldn't load memtrack module
12-07 09:42:23.116  1880  2357 E memtrack: Couldn't load memtrack module
12-07 09:42:23.123  1880  2357 E memtrack: Couldn't load memtrack module
12-07 09:42:23.131  1880  2357 E memtrack: Couldn't load memtrack module
12-07 09:42:23.158  1880  2357 E memtrack: Couldn't load memtrack module
12-07 09:42:23.166  1880  2357 E memtrack: Couldn't load memtrack module
12-07 09:42:23.174  1880  2357 E memtrack: Couldn't load memtrack module
12-07 09:42:23.177  1880  2357 E memtrack: Couldn't load memtrack module
12-07 09:42:23.183  1880  2357 E memtrack: Couldn't load memtrack module
