--------- beginning of system
12-08 14:15:44.714  1738  1772 E storaged: getDiskStats failed with result NOT_SUPPORTED and size 0
12-08 14:16:44.717  1738  1772 E storaged: getDiskStats failed with result NOT_SUPPORTED and size 0
12-08 14:16:52.103  1881  1896 E AutofillSession: No assist structure - app might have crashed providing it
--------- beginning of main
12-08 14:17:32.569  1828  1828 E netmgr  : Failed to open QEMU pipe 'qemud:network': Invalid argument
12-08 14:17:32.569  1828  1828 E netmgr  : WifiForwarder unable to open QEMU pipe: Invalid argument
12-08 14:17:45.052  1738  1772 E storaged: getDiskStats failed with result NOT_SUPPORTED and size 0
12-08 14:17:55.295  2494  2716 E PlayCommon: [101] com.google.android.play.b.g.a(448): Failed to connect to server: java.net.UnknownHostException: Unable to resolve host "play.googleapis.com": No address associated with hostname
12-08 14:18:02.881  2448  8709 E ctxmgr  : [ProducerStatusImpl]updateStateForNewContextData: inactive, contextName=7
12-08 14:18:02.957  2448  8709 E ctxmgr  : [ProducerStatusImpl]updateStateForNewContextData: inactive, contextName=1
12-08 14:18:05.718  2448  2448 E BeaconBle: Missing BluetoothAdapter
12-08 14:18:08.116  2448  2448 E BeaconBle: Scan couldn't start for Places
12-08 14:18:18.136  2692  2692 E ContextIntentStarter: No activity found for any of the 0 intents
12-08 14:18:28.218  1881  1896 E AutofillSession: No assist structure - app might have crashed providing it
12-08 14:18:30.588  1881  1896 E AutofillSession: No assist structure - app might have crashed providing it
12-08 14:18:30.602  1881  1896 E AutofillSession: No assist structure - app might have crashed providing it
12-08 14:18:33.174  1828  1828 E netmgr  : Failed to open QEMU pipe 'qemud:network': Invalid argument
12-08 14:18:33.177  1828  1828 E netmgr  : WifiForwarder unable to open QEMU pipe: Invalid argument
12-08 14:18:35.916  2692  3033 E MicroDetectionWorker: Stale runnable..ignoring
12-08 14:18:40.764  2692  8145 E Search.IcingConnection: Could not connect to Icing. Error code 15.
12-08 14:18:40.999  2448 10730 E ctxmgr  : [ProducerStatusImpl]updateStateForNewContextData: inactive, contextName=7
12-08 14:18:43.752  2448  2448 E BeaconBle: Missing BluetoothAdapter
12-08 14:18:43.795  2448  2448 E BeaconBle: Scan couldn't start for Places
12-08 14:18:45.906  1738  1772 E storaged: getDiskStats failed with result NOT_SUPPORTED and size 0
12-08 14:18:45.943 11065 11065 E boxed_process3: Not starting debugger since process cannot load the jdwp agent.
12-08 14:18:45.981  1611  1695 E audio_hw_generic: pcm_write failed cannot write stream data: I/O error
12-08 14:18:46.000  2692  3069 E Search.IcingConnection: Could not connect to Icing. Error code 14.
12-08 14:19:19.481  1611  1695 E audio_hw_generic: pcm_write failed cannot write stream data: I/O error
12-08 14:19:29.706  1611  1695 E audio_hw_generic: pcm_write failed cannot write stream data: I/O error
12-08 14:19:34.782  1828  1828 E netmgr  : Failed to open QEMU pipe 'qemud:network': Invalid argument
12-08 14:19:34.782  1828  1828 E netmgr  : WifiForwarder unable to open QEMU pipe: Invalid argument
12-08 14:19:39.921  1611  1695 E audio_hw_generic: pcm_write failed cannot write stream data: I/O error
12-08 14:19:47.467  1738  1772 E storaged: getDiskStats failed with result NOT_SUPPORTED and size 0
12-08 14:19:50.110  1611  1695 E audio_hw_generic: pcm_write failed cannot write stream data: I/O error
12-08 14:20:00.210  1611  1695 E audio_hw_generic: pcm_write failed cannot write stream data: I/O error
12-08 14:20:00.487  1992  1992 E native  : clearcut-logger.cc:191 USER_EDIT span#originalSpan is missing
12-08 14:20:07.706  1992  1992 E native  : clearcut-logger.cc:191 USER_EDIT span#originalSpan is missing
12-08 14:20:10.218  1611  1695 E audio_hw_generic: pcm_write failed cannot write stream data: I/O error
