--------- beginning of main
--------- beginning of system
12-07 23:41:07.362  1829  1829 E netmgr  : Failed to open QEMU pipe 'qemud:network': Invalid argument
12-07 23:41:07.363  1829  1829 E netmgr  : WifiForwarder unable to open QEMU pipe: Invalid argument
12-07 23:41:07.439 12911 12911 E oid.documentsu: Not starting debugger since process cannot load the jdwp agent.
12-07 23:41:08.298 15927 12948 E audio_hw_generic: pcm_open(in) failed: cannot open device '/dev/snd/pcmC0D0c': Device or resource busy: channels 2 format 0 rate 16000
12-07 23:41:08.594 12958 12958 E droid.apps.doc: Not starting debugger since process cannot load the jdwp agent.
12-07 23:41:09.262 16506 16506 E BeaconBle: Scan couldn't start for Places
12-07 23:41:10.150 12988 12988 E ocess.gservice: Not starting debugger since process cannot load the jdwp agent.
12-07 23:41:10.956 12958 12958 E DocsApplication: [main] No default account found during application creation.
12-07 23:41:11.232  1729  2328 E         : Couldn't opendir /data/app/vmdl75926204.tmp: No such file or directory
12-07 23:41:11.232  1729  2328 E installd: Failed to delete /data/app/vmdl75926204.tmp: No such file or directory
12-07 23:41:15.120 13037 13037 E harlton.mileag: Not starting debugger since process cannot load the jdwp agent.
12-07 23:41:16.428 16085 24146 E putmethod.lati: Invalid ID 0x00000001.
12-07 23:41:16.436 16085 24146 E LstmTrainingCache: emn: Can't get resource name for input slot
12-07 23:41:16.436 16085 24146 E LstmTrainingCache: android.content.res.Resources$NotFoundException: Unable to find resource ID #0x1
12-07 23:41:16.436 16085 24146 E LstmTrainingCache: 	at android.content.res.ResourcesImpl.getResourceName(ResourcesImpl.java:255)
12-07 23:41:16.436 16085 24146 E LstmTrainingCache: 	at android.content.res.Resources.getResourceName(Resources.java:1954)
12-07 23:41:16.436 16085 24146 E LstmTrainingCache: 	at emn.a(PG:12)
12-07 23:41:16.436 16085 24146 E LstmTrainingCache: 	at emk.run(PG:5)
12-07 23:41:16.436 16085 24146 E LstmTrainingCache: 	at java.lang.Thread.run(Thread.java:764)
12-07 23:41:23.097 16085 24146 E putmethod.lati: Invalid ID 0x00000001.
12-07 23:41:23.105 16085 24146 E LstmTrainingCache: emn: Can't get resource name for input slot
12-07 23:41:23.105 16085 24146 E LstmTrainingCache: android.content.res.Resources$NotFoundException: Unable to find resource ID #0x1
12-07 23:41:23.105 16085 24146 E LstmTrainingCache: 	at android.content.res.ResourcesImpl.getResourceName(ResourcesImpl.java:255)
12-07 23:41:23.105 16085 24146 E LstmTrainingCache: 	at android.content.res.Resources.getResourceName(Resources.java:1954)
12-07 23:41:23.105 16085 24146 E LstmTrainingCache: 	at emn.a(PG:12)
12-07 23:41:23.105 16085 24146 E LstmTrainingCache: 	at emk.run(PG:5)
12-07 23:41:23.105 16085 24146 E LstmTrainingCache: 	at java.lang.Thread.run(Thread.java:764)
12-07 23:41:27.228 16506 12071 E ctxmgr  : [AppIntervalImpl]closeInterval: stopTimeMillis invalid, stop=1544226087228, start=1544238227857
12-07 23:41:27.244 16506 12071 E ctxmgr  : [AppIntervalImpl]closeInterval: stopTimeMillis invalid, stop=1544226087244, start=1544238227858
12-07 23:41:29.009 13037 13037 E SpannableStringBuilder: SPAN_EXCLUSIVE_EXCLUSIVE spans cannot have a zero length
12-07 23:41:29.009 13037 13037 E SpannableStringBuilder: SPAN_EXCLUSIVE_EXCLUSIVE spans cannot have a zero length
12-07 23:41:29.727  1737  1809 E storaged: getDiskStats failed with result NOT_SUPPORTED and size 0
12-07 23:41:31.015 16506 16506 E BeaconBle: Scan couldn't start for Places
12-07 23:41:49.778 16085 16085 E native  : suggestion-transformer.cc:118 suggestion picked candidate not found for id: 1
12-07 23:41:50.541 16561 16561 E ContextIntentStarter: No activity found for any of the 0 intents
12-07 23:41:50.855 12307 12307 E wpa_supplicant: nl80211: Failed to open /proc/sys/net/ipv4/conf/p2p-dev-wlan0/drop_unicast_in_l2_multicast: No such file or directory
12-07 23:41:50.855 12307 12307 E wpa_supplicant: nl80211: Failed to set IPv4 unicast in multicast filter
12-07 23:41:50.874 12307 12307 E wpa_supplicant: nl80211: Failed to open /proc/sys/net/ipv4/conf/p2p-dev-wlan0/drop_unicast_in_l2_multicast: No such file or directory
12-07 23:41:50.874 12307 12307 E wpa_supplicant: nl80211: Failed to set IPv4 unicast in multicast filter
12-07 23:41:51.000 12307 12307 E wpa_supplicant: nl80211: Failed to open /proc/sys/net/ipv4/conf/wlan0/drop_unicast_in_l2_multicast: No such file or directory
12-07 23:41:51.000 12307 12307 E wpa_supplicant: nl80211: Failed to set IPv4 unicast in multicast filter
12-07 23:41:51.000 12307 12307 E wpa_supplicant: nl80211: Failed to open /proc/sys/net/ipv4/conf/wlan0/drop_unicast_in_l2_multicast: No such file or directory
12-07 23:41:51.000 12307 12307 E wpa_supplicant: nl80211: Failed to set IPv4 unicast in multicast filter
12-07 23:41:51.094 12307 12307 E wpa_supplicant: nl80211: Failed to open /proc/sys/net/ipv4/conf/wlan0/drop_unicast_in_l2_multicast: No such file or directory
12-07 23:41:51.095 12307 12307 E wpa_supplicant: nl80211: Failed to set IPv4 unicast in multicast filter
12-07 23:41:51.266 13106 13106 E rrierdefaultap: Not starting debugger since process cannot load the jdwp agent.
12-07 23:41:51.465  1628  1628 E android.hardware.wifi@1.0-service: Failed to open directory: Permission denied
12-07 23:41:51.465  1628  1628 E android.hardware.wifi@1.0-service: Error occurred while deleting old tombstone files
12-07 23:41:51.465  1628  1628 E android.hardware.wifi@1.0-service: Error writing files to flash
12-07 23:41:51.843 15976 16055 E WifiP2pService: Unhandled message { when=0 what=131204 target=com.android.internal.util.StateMachine$SmHandler }
12-07 23:41:52.018 15976 15994 E BatteryExternalStatsWorker: no controller energy info supplied for wifi
12-07 23:41:52.034 15976 15994 E BatteryExternalStatsWorker: no controller energy info supplied for wifi
12-07 23:41:52.102 16506 13122 E WakeLock: GCM_HB_ALARM release without a matched acquire!
12-07 23:41:52.152 16506 13122 E WakeLock: GCM_CONN_ALARM release without a matched acquire!
12-07 23:42:00.826 15927 13127 E audio_hw_generic: pcm_open(in) failed: cannot open device '/dev/snd/pcmC0D0c': Device or resource busy: channels 2 format 0 rate 16000
12-07 23:42:07.380  1829  1829 E netmgr  : Failed to open QEMU pipe 'qemud:network': Invalid argument
12-07 23:42:07.381  1829  1829 E netmgr  : WifiForwarder unable to open QEMU pipe: Invalid argument
12-07 23:42:29.740  1737  1809 E storaged: getDiskStats failed with result NOT_SUPPORTED and size 0
12-07 23:42:52.797 16410 12689 E SQLiteCastStore: Skip saving CastDeviceInfo: "Nearby device" (__cast_nearby___V_bc7f0e97-4c36-49a8-95c2-fc2325f314af)
12-07 23:43:07.391  1829  1829 E netmgr  : Failed to open QEMU pipe 'qemud:network': Invalid argument
12-07 23:43:07.393  1829  1829 E netmgr  : WifiForwarder unable to open QEMU pipe: Invalid argument
12-07 23:43:29.743  1737  1809 E storaged: getDiskStats failed with result NOT_SUPPORTED and size 0
12-07 23:44:07.395  1829  1829 E netmgr  : Failed to open QEMU pipe 'qemud:network': Invalid argument
12-07 23:44:07.396  1829  1829 E netmgr  : WifiForwarder unable to open QEMU pipe: Invalid argument
12-07 23:44:29.744  1737  1809 E storaged: getDiskStats failed with result NOT_SUPPORTED and size 0
12-07 23:44:32.984 13178 13178 E hod.latin:trai: Not starting debugger since process cannot load the jdwp agent.
12-07 23:44:36.983 15976 16208 E WindowManager: Performed 6 layouts in a row. Skipping
12-07 23:44:37.004 15976 16026 E WindowManager: Performed 6 layouts in a row. Skipping
12-07 23:44:37.069 15976 16026 E WindowManager: Performed 6 layouts in a row. Skipping
12-07 23:44:37.134 15976 16026 E WindowManager: Performed 6 layouts in a row. Skipping
12-07 23:44:37.161 15976 15991 E WindowManager: Performed 6 layouts in a row. Skipping
12-07 23:44:37.207 15976 18395 E WindowManager: Performed 6 layouts in a row. Skipping
12-07 23:44:37.251 15976 16026 E WindowManager: Performed 6 layouts in a row. Skipping
12-07 23:44:37.316 15976 16026 E WindowManager: Performed 6 layouts in a row. Skipping
12-07 23:44:37.341 15976 18246 E WindowManager: Performed 6 layouts in a row. Skipping
12-07 23:44:37.364 15976 16026 E WindowManager: Performed 6 layouts in a row. Skipping
12-07 23:44:37.445 15976 16026 E WindowManager: Performed 6 layouts in a row. Skipping
12-07 23:44:37.462 15976 16026 E WindowManager: Performed 6 layouts in a row. Skipping
12-07 23:44:37.507 15976 16026 E WindowManager: Performed 6 layouts in a row. Skipping
