--------- beginning of main
--------- beginning of system
12-08 03:13:08.271  1881  1895 E ActivityManager: Failure starting process com.evancharlton.mileage
12-08 03:13:08.271  1881  1895 E ActivityManager: java.lang.SecurityException: Package com.evancharlton.mileage was not found!
12-08 03:13:08.271  1881  1895 E ActivityManager: 	at com.android.server.pm.PackageManagerService.checkPackageStartable(PackageManagerService.java:3987)
12-08 03:13:08.271  1881  1895 E ActivityManager: 	at com.android.server.am.ActivityManagerService.startProcessLocked(ActivityManagerService.java:4234)
12-08 03:13:08.271  1881  1895 E ActivityManager: 	at com.android.server.am.ActivityManagerService.startProcessLocked(ActivityManagerService.java:4199)
12-08 03:13:08.271  1881  1895 E ActivityManager: 	at com.android.server.am.ActivityManagerService.startProcessLocked(ActivityManagerService.java:4181)
12-08 03:13:08.271  1881  1895 E ActivityManager: 	at com.android.server.am.ActivityManagerService.startProcessLocked(ActivityManagerService.java:4067)
12-08 03:13:08.271  1881  1895 E ActivityManager: 	at com.android.server.am.ActivityStackSupervisor.startSpecificActivityLocked(ActivityStackSupervisor.java:1715)
12-08 03:13:08.271  1881  1895 E ActivityManager: 	at com.android.server.am.ActivityStack.resumeTopActivityInnerLocked(ActivityStack.java:2764)
12-08 03:13:08.271  1881  1895 E ActivityManager: 	at com.android.server.am.ActivityStack.resumeTopActivityUncheckedLocked(ActivityStack.java:2302)
12-08 03:13:08.271  1881  1895 E ActivityManager: 	at com.android.server.am.ActivityStackSupervisor.resumeFocusedStackTopActivityLocked(ActivityStackSupervisor.java:2234)
12-08 03:13:08.271  1881  1895 E ActivityManager: 	at com.android.server.am.ActivityStackSupervisor.resumeFocusedStackTopActivityLocked(ActivityStackSupervisor.java:2218)
12-08 03:13:08.271  1881  1895 E ActivityManager: 	at com.android.server.am.ActivityManagerService.handleAppDiedLocked(ActivityManagerService.java:5923)
12-08 03:13:08.271  1881  1895 E ActivityManager: 	at com.android.server.am.ActivityManagerService.removeProcessLocked(ActivityManagerService.java:7501)
12-08 03:13:08.271  1881  1895 E ActivityManager: 	at com.android.server.am.ActivityManagerService.killPackageProcessesLocked(ActivityManagerService.java:7142)
12-08 03:13:08.271  1881  1895 E ActivityManager: 	at com.android.server.am.ActivityManagerService.forceStopPackageLocked(ActivityManagerService.java:7275)
12-08 03:13:08.271  1881  1895 E ActivityManager: 	at com.android.server.am.ActivityManagerService$MainHandler.handleMessage(ActivityManagerService.java:2289)
12-08 03:13:08.271  1881  1895 E ActivityManager: 	at android.os.Handler.dispatchMessage(Handler.java:106)
12-08 03:13:08.271  1881  1895 E ActivityManager: 	at android.os.Looper.loop(Looper.java:193)
12-08 03:13:08.271  1881  1895 E ActivityManager: 	at android.os.HandlerThread.run(HandlerThread.java:65)
12-08 03:13:08.271  1881  1895 E ActivityManager: 	at com.android.server.ServiceThread.run(ServiceThread.java:44)
12-08 03:13:09.533  2448  6325 E ctxmgr  : [ProducerStatusImpl]updateStateForNewContextData: inactive, contextName=7
12-08 03:13:09.621  2448  2448 E BeaconBle: Missing BluetoothAdapter
12-08 03:13:09.648  2448  2448 E BeaconBle: Scan couldn't start for Places
12-08 03:13:10.700  1730  6463 E         : Couldn't opendir /data/app/vmdl387962893.tmp: No such file or directory
12-08 03:13:10.700  1730  6463 E installd: Failed to delete /data/app/vmdl387962893.tmp: No such file or directory
12-08 03:13:11.631  6701  6701 E harlton.mileag: Not starting debugger since process cannot load the jdwp agent.
12-08 03:13:22.629  1881  1894 E memtrack: Couldn't load memtrack module
12-08 03:13:22.700  1881  1894 E memtrack: Couldn't load memtrack module
12-08 03:13:23.492  2448  6620 E ctxmgr  : [ProducerStatusImpl]updateStateForNewContextData: inactive, contextName=7
12-08 03:13:23.817  2448  2448 E BeaconBle: Missing BluetoothAdapter
12-08 03:13:23.915  2448  2448 E BeaconBle: Scan couldn't start for Places
12-08 03:13:28.005  2692  2692 E ContextIntentStarter: No activity found for any of the 0 intents
12-08 03:13:28.369  6753  6753 E rrierdefaultap: Not starting debugger since process cannot load the jdwp agent.
12-08 03:13:28.380  6050  6050 E wpa_supplicant: nl80211: Failed to open /proc/sys/net/ipv4/conf/p2p-dev-wlan0/drop_unicast_in_l2_multicast: No such file or directory
12-08 03:13:28.380  6050  6050 E wpa_supplicant: nl80211: Failed to set IPv4 unicast in multicast filter
12-08 03:13:28.416  6050  6050 E wpa_supplicant: nl80211: Failed to open /proc/sys/net/ipv4/conf/p2p-dev-wlan0/drop_unicast_in_l2_multicast: No such file or directory
12-08 03:13:28.416  6050  6050 E wpa_supplicant: nl80211: Failed to set IPv4 unicast in multicast filter
12-08 03:13:28.523  6050  6050 E wpa_supplicant: nl80211: Failed to open /proc/sys/net/ipv4/conf/wlan0/drop_unicast_in_l2_multicast: No such file or directory
12-08 03:13:28.523  6050  6050 E wpa_supplicant: nl80211: Failed to set IPv4 unicast in multicast filter
12-08 03:13:28.525  6050  6050 E wpa_supplicant: nl80211: Failed to open /proc/sys/net/ipv4/conf/wlan0/drop_unicast_in_l2_multicast: No such file or directory
12-08 03:13:28.525  6050  6050 E wpa_supplicant: nl80211: Failed to set IPv4 unicast in multicast filter
12-08 03:13:28.625  6050  6050 E wpa_supplicant: nl80211: Failed to open /proc/sys/net/ipv4/conf/wlan0/drop_unicast_in_l2_multicast: No such file or directory
12-08 03:13:28.625  6050  6050 E wpa_supplicant: nl80211: Failed to set IPv4 unicast in multicast filter
12-08 03:13:28.765  1881  6053 E ConnectivityPacketTracker.wlan0: readPacket error: 
12-08 03:13:28.765  1881  6053 E ConnectivityPacketTracker.wlan0: android.system.ErrnoException: read failed: ENETDOWN (Network is down)
12-08 03:13:28.765  1881  6053 E ConnectivityPacketTracker.wlan0: 	at libcore.io.Linux.readBytes(Native Method)
12-08 03:13:28.765  1881  6053 E ConnectivityPacketTracker.wlan0: 	at libcore.io.Linux.read(Linux.java:184)
12-08 03:13:28.765  1881  6053 E ConnectivityPacketTracker.wlan0: 	at libcore.io.BlockGuardOs.read(BlockGuardOs.java:254)
12-08 03:13:28.765  1881  6053 E ConnectivityPacketTracker.wlan0: 	at android.system.Os.read(Os.java:414)
12-08 03:13:28.765  1881  6053 E ConnectivityPacketTracker.wlan0: 	at android.net.util.PacketReader.readPacket(PacketReader.java:137)
12-08 03:13:28.765  1881  6053 E ConnectivityPacketTracker.wlan0: 	at android.net.util.PacketReader.handleInput(PacketReader.java:207)
12-08 03:13:28.765  1881  6053 E ConnectivityPacketTracker.wlan0: 	at android.net.util.PacketReader.access$100(PacketReader.java:70)
12-08 03:13:28.765  1881  6053 E ConnectivityPacketTracker.wlan0: 	at android.net.util.PacketReader$1.onFileDescriptorEvents(PacketReader.java:189)
12-08 03:13:28.765  1881  6053 E ConnectivityPacketTracker.wlan0: 	at android.os.MessageQueue.dispatchEvents(MessageQueue.java:285)
12-08 03:13:28.765  1881  6053 E ConnectivityPacketTracker.wlan0: 	at android.os.MessageQueue.nativePollOnce(Native Method)
12-08 03:13:28.765  1881  6053 E ConnectivityPacketTracker.wlan0: 	at android.os.MessageQueue.next(MessageQueue.java:326)
12-08 03:13:28.765  1881  6053 E ConnectivityPacketTracker.wlan0: 	at android.os.Looper.loop(Looper.java:160)
12-08 03:13:28.765  1881  6053 E ConnectivityPacketTracker.wlan0: 	at android.os.HandlerThread.run(HandlerThread.java:65)
12-08 03:13:28.768  1881  6122 E DhcpClient: Read error
12-08 03:13:28.768  1881  6122 E DhcpClient: android.system.ErrnoException: read failed: ENETDOWN (Network is down)
12-08 03:13:28.768  1881  6122 E DhcpClient: 	at libcore.io.Linux.readBytes(Native Method)
12-08 03:13:28.768  1881  6122 E DhcpClient: 	at libcore.io.Linux.read(Linux.java:184)
12-08 03:13:28.768  1881  6122 E DhcpClient: 	at libcore.io.BlockGuardOs.read(BlockGuardOs.java:254)
12-08 03:13:28.768  1881  6122 E DhcpClient: 	at android.system.Os.read(Os.java:414)
12-08 03:13:28.768  1881  6122 E DhcpClient: 	at android.net.dhcp.DhcpClient$ReceiveThread.run(DhcpClient.java:364)
12-08 03:13:28.911  1626  1626 E android.hardware.wifi@1.0-service: Failed to open directory: Permission denied
12-08 03:13:28.911  1626  1626 E android.hardware.wifi@1.0-service: Error occurred while deleting old tombstone files
12-08 03:13:28.911  1626  1626 E android.hardware.wifi@1.0-service: Error writing files to flash
12-08 03:13:29.123  1881  1964 E SupplicantStaIfaceHal: Can't call setPowerSave, ISupplicantStaIface is null
12-08 03:13:29.123  1881  1964 E SupplicantStaIfaceHal: Can't call setBtCoexistenceMode, ISupplicantStaIface is null
12-08 03:13:29.139  1611  6775 E audio_hw_generic: pcm_open(in) failed: cannot open device '/dev/snd/pcmC0D0c': Device or resource busy: channels 2 format 0 rate 16000
12-08 03:13:29.171  1881  1964 E HalDevMgr: Should have at least 1 chip!
12-08 03:13:29.172  1881  1964 E HalDevMgr: dispatchAvailableForRequestListeners: no chip info found
12-08 03:13:29.177  1881  1964 E SupplicantStaIfaceHal: Can't call listNetworks, ISupplicantStaIface is null
12-08 03:13:29.178  1881  1964 E SupplicantStaIfaceHal: removeAllNetworks failed, got null networks
12-08 03:13:29.178  1881  1964 E WifiStateMachine: Failed to remove networks on exiting connect mode
12-08 03:13:29.178  2448  6141 E WakeLock: GCM_HB_ALARM release without a matched acquire!
12-08 03:13:29.179  1881  1966 E WifiP2pService: Unhandled message { when=-1ms what=131204 target=com.android.internal.util.StateMachine$SmHandler }
12-08 03:13:29.181  2448  6141 E GCM     : Connection closed with errorCode 20
12-08 03:13:29.245  1881  1899 E BatteryExternalStatsWorker: no controller energy info supplied for wifi
12-08 03:13:29.249  1881  1965 E WificondControl: No valid wificond scanner interface handler
12-08 03:13:29.279  2448  6141 E WakeLock: GCM_CONN_ALARM release without a matched acquire!
12-08 03:13:29.759  1626  1626 E android.hardware.wifi@1.0-service: Failed to register radio mode change callback
12-08 03:13:29.761  1626  1626 E android.hardware.wifi@1.0-service: Failed to set DFS flag; DFS channels may be unavailable.
12-08 03:13:29.778  1739  1739 E wificond: No Offload Service available
12-08 03:13:29.779  1881  1964 E SupplicantStaIfaceHal: Can't call setupIface, ISupplicantStaIface is null
12-08 03:13:29.852  1881  1965 E WifiVendorHal: getBgScanCapabilities(l.671) failed {.code = ERROR_NOT_SUPPORTED, .description = }
12-08 03:13:29.923  1881  1966 E WifiP2pService: Unhandled message { when=0 what=131203 target=com.android.internal.util.StateMachine$SmHandler }
12-08 03:13:29.942  1881  1966 E WifiP2pService: Unhandled message { when=-1ms what=131203 target=com.android.internal.util.StateMachine$SmHandler }
12-08 03:13:29.959  1881  1899 E BatteryExternalStatsWorker: no controller energy info supplied for wifi
12-08 03:13:29.973  1881  1899 E BatteryExternalStatsWorker: no controller energy info supplied for wifi
12-08 03:13:30.206  2448  6787 E WakeLock: GCM_HB_ALARM release without a matched acquire!
12-08 03:13:30.255  2448  6787 E WakeLock: GCM_CONN_ALARM release without a matched acquire!
12-08 03:13:30.770  1881  1967 E ConnectivityService: exception in setMtu()java.lang.IllegalStateException: command '98 interface setmtu radio0 1500' failed with '400 98 Failed to set MTU (Permission denied)'
12-08 03:13:30.812  2463  2463 E SchedPolicy: set_timerslack_ns write failed: Operation not permitted
12-08 03:13:31.269  2448  6807 E WakeLock: GCM_CONN_ALARM release without a matched acquire!
12-08 03:13:31.377  2463  2463 E SchedPolicy: set_timerslack_ns write failed: Operation not permitted
12-08 03:13:31.437  6808  6808 E id.gms.learnin: Not starting debugger since process cannot load the jdwp agent.
12-08 03:13:33.932  1881  1899 E BatteryExternalStatsWorker: no controller energy info supplied for wifi
12-08 03:13:34.014  1881  1964 E WifiVendorHal: stopRssiMonitoring(l.2404) failed {.code = ERROR_NOT_AVAILABLE, .description = }
12-08 03:13:34.441  2448  6851 E WakeLock: GCM_HB_ALARM release without a matched acquire!
12-08 03:13:34.632  2448  6854 E WakeLock: GCM_CONN_ALARM release without a matched acquire!
12-08 03:13:34.806  1736  1785 E Netd    : Error adding route ::/0 -> fe80::ff:fe00:100 wlan0 to table 1003: File exists
12-08 03:13:36.512  1881  1894 E memtrack: Couldn't load memtrack module
12-08 03:13:38.435  1828  1828 E netmgr  : Failed to open QEMU pipe 'qemud:network': Invalid argument
12-08 03:13:38.435  1828  1828 E netmgr  : WifiForwarder unable to open QEMU pipe: Invalid argument
