--------- beginning of system
--------- beginning of main
12-08 04:49:28.894 19462 19462 E id.defcontaine: Not starting debugger since process cannot load the jdwp agent.
12-08 04:49:28.969 19478 19478 E oid.documentsu: Not starting debugger since process cannot load the jdwp agent.
12-08 04:49:29.150 19496 19496 E ndroid.keychai: Not starting debugger since process cannot load the jdwp agent.
12-08 04:49:30.243 15927 19543 E audio_hw_generic: pcm_open(in) failed: cannot open device '/dev/snd/pcmC0D0c': Device or resource busy: channels 2 format 0 rate 16000
12-08 04:49:30.363 19547 19547 E droid.apps.doc: Not starting debugger since process cannot load the jdwp agent.
12-08 04:49:31.040 16506 16506 E BeaconBle: Missing BluetoothAdapter
12-08 04:49:31.169 16506 16506 E BeaconBle: Scan couldn't start for Places
12-08 04:49:31.513 19572 19572 E d.process.medi: Not starting debugger since process cannot load the jdwp agent.
12-08 04:49:31.808 19589 19589 E id.defcontaine: Not starting debugger since process cannot load the jdwp agent.
12-08 04:49:31.961 16506 18272 E ctxmgr  : [AppIntervalImpl]closeInterval: ongoing
12-08 04:49:31.973 16506 18272 E ctxmgr  : [AppIntervalImpl]closeInterval: ongoing
12-08 04:49:32.936 19547 19547 E DocsApplication: [main] No default account found during application creation.
12-08 04:49:33.115 19547 19558 E JavaBinder: *** Uncaught remote exception!  (Exceptions are not yet supported across processes.)
12-08 04:49:33.115 19547 19558 E JavaBinder: android.database.StaleDataException: Attempted to access a cursor after it has been closed.
12-08 04:49:33.115 19547 19558 E JavaBinder: 	at android.database.CursorToBulkCursorAdaptor.throwIfCursorIsClosed(CursorToBulkCursorAdaptor.java:121)
12-08 04:49:33.115 19547 19558 E JavaBinder: 	at android.database.CursorToBulkCursorAdaptor.getBulkCursorDescriptor(CursorToBulkCursorAdaptor.java:139)
12-08 04:49:33.115 19547 19558 E JavaBinder: 	at android.content.ContentProviderNative.onTransact(ContentProviderNative.java:111)
12-08 04:49:33.115 19547 19558 E JavaBinder: 	at android.os.Binder.execTransact(Binder.java:731)
12-08 04:49:34.812  1729  1945 E         : Couldn't opendir /data/app/vmdl541645141.tmp: No such file or directory
12-08 04:49:34.812  1729  1945 E installd: Failed to delete /data/app/vmdl541645141.tmp: No such file or directory
12-08 04:49:35.148  1737  1809 E storaged: getDiskStats failed with result NOT_SUPPORTED and size 0
12-08 04:49:38.300 19653 19653 E harlton.mileag: Not starting debugger since process cannot load the jdwp agent.
12-08 04:49:40.779 16085 31762 E putmethod.lati: Invalid ID 0x00000001.
12-08 04:49:40.793 16085 31762 E LstmTrainingCache: emn: Can't get resource name for input slot
12-08 04:49:40.793 16085 31762 E LstmTrainingCache: android.content.res.Resources$NotFoundException: Unable to find resource ID #0x1
12-08 04:49:40.793 16085 31762 E LstmTrainingCache: 	at android.content.res.ResourcesImpl.getResourceName(ResourcesImpl.java:255)
12-08 04:49:40.793 16085 31762 E LstmTrainingCache: 	at android.content.res.Resources.getResourceName(Resources.java:1954)
12-08 04:49:40.793 16085 31762 E LstmTrainingCache: 	at emn.a(PG:12)
12-08 04:49:40.793 16085 31762 E LstmTrainingCache: 	at emk.run(PG:5)
12-08 04:49:40.793 16085 31762 E LstmTrainingCache: 	at java.lang.Thread.run(Thread.java:764)
12-08 04:49:48.445 15976 17388 E WindowManager: Performed 6 layouts in a row. Skipping
12-08 04:49:48.467 15976 16026 E WindowManager: Performed 6 layouts in a row. Skipping
12-08 04:49:48.506 15976 16026 E WindowManager: Performed 6 layouts in a row. Skipping
12-08 04:49:48.535 15976 15991 E WindowManager: Performed 6 layouts in a row. Skipping
12-08 04:49:48.591 15976 16026 E WindowManager: Performed 6 layouts in a row. Skipping
12-08 04:49:49.043 15976 16026 E WindowManager: Performed 6 layouts in a row. Skipping
12-08 04:49:49.083 15976 16026 E WindowManager: Performed 6 layouts in a row. Skipping
12-08 04:49:49.133 15976 16026 E WindowManager: Performed 6 layouts in a row. Skipping
12-08 04:49:49.155 15976 19156 E WindowManager: Performed 6 layouts in a row. Skipping
12-08 04:49:49.216 15976 16026 E WindowManager: Performed 6 layouts in a row. Skipping
12-08 04:49:49.254 15976 17388 E WindowManager: Performed 6 layouts in a row. Skipping
12-08 04:49:49.294 15976 16026 E WindowManager: Performed 6 layouts in a row. Skipping
12-08 04:49:49.318 15976 16026 E WindowManager: Performed 6 layouts in a row. Skipping
12-08 04:49:49.381 15976 16026 E WindowManager: Performed 6 layouts in a row. Skipping
12-08 04:49:49.416 15976 15991 E WindowManager: Performed 6 layouts in a row. Skipping
12-08 04:49:49.437 15976 16026 E WindowManager: Performed 6 layouts in a row. Skipping
12-08 04:49:52.209  1632  1632 E lowmemorykiller: Error writing /proc/19547/oom_score_adj; errno=22
12-08 04:49:52.582 19690 19690 E emui:screensho: Not starting debugger since process cannot load the jdwp agent.
12-08 04:49:53.578 19690 19690 E SoundPool: error loading /product/media/audio/ui/camera_click.ogg
12-08 04:49:53.838  1724  2165 E SurfaceFlinger: ro.sf.lcd_density must be defined as a build property
12-08 04:49:53.849  1739  1739 E OMXNodeInstance: getConfig(0xee326cc0:google.vorbis.decoder, ConfigAndroidVendorExtension(0x6f100004)) ERROR: Undefined(0x80001001)
12-08 04:49:53.991  1724  2165 E SurfaceFlinger: ro.sf.lcd_density must be defined as a build property
12-08 04:49:56.423 16788 17129 E PlayCommon: [121] com.google.android.play.b.g.a(448): Failed to connect to server: java.net.UnknownHostException: Unable to resolve host "play.googleapis.com": No address associated with hostname
12-08 04:49:57.555 16506 16506 E BeaconBle: Missing BluetoothAdapter
12-08 04:49:57.592 16506 16506 E BeaconBle: Scan couldn't start for Places
12-08 04:50:06.680 19733 19733 E oid.apps.photo: Not starting debugger since process cannot load the jdwp agent.
12-08 04:50:07.938 19753 19753 E ocess.gservice: Not starting debugger since process cannot load the jdwp agent.
12-08 04:50:13.573  1829  1829 E netmgr  : Failed to open QEMU pipe 'qemud:network': Invalid argument
12-08 04:50:13.574  1829  1829 E netmgr  : WifiForwarder unable to open QEMU pipe: Invalid argument
12-08 04:50:25.318 15976 15989 E memtrack: Couldn't load memtrack module
12-08 04:50:29.906 16506 18615 E ctxmgr  : [AppIntervalImpl]closeInterval: ongoing
12-08 04:50:29.913 16506 18615 E ctxmgr  : [AppIntervalImpl]closeInterval: ongoing
12-08 04:50:35.170  1737  1809 E storaged: getDiskStats failed with result NOT_SUPPORTED and size 0
12-08 04:50:39.693 15976 15989 E memtrack: Couldn't load memtrack module
12-08 04:50:43.417 19828 19828 E boxed_process1: Not starting debugger since process cannot load the jdwp agent.
12-08 04:50:44.012 10641 10641 E ClientVe: Failed to create ClientVisualElementsProto for user interaction on view com.google.android.apps.gsa.searchbox.ui.suggestions.views.CoreSuggestionView{4819f44 VFE...CL. ...P.... 0,436-1038,583 #1e} because the view is not tagged for visual element logging.
12-08 04:50:44.026 10641 10641 E ClientVe: Failed to create ClientVisualElementsProto for user interaction on view com.google.android.apps.gsa.searchbox.ui.suggestions.views.CoreSuggestionView{7dd5162 VFE...CL. ...P.... 0,289-1038,436 #1d} because the view is not tagged for visual element logging.
12-08 04:50:44.126 10641 10641 E ClientVe: Failed to create ClientVisualElementsProto for user interaction on view com.google.android.apps.gsa.searchbox.ui.suggestions.views.CoreSuggestionView{d289547 VFE...CL. ...P.... 0,142-1038,289 #1c} because the view is not tagged for visual element logging.
12-08 04:50:44.228 10641 10641 E ClientVe: Failed to create ClientVisualElementsProto for user interaction on view com.google.android.apps.gsa.searchbox.ui.suggestions.views.CoreSuggestionView{7dd5162 VFE...CL. ...p.... 0,289-1038,436 #1d} because the view is not tagged for visual element logging.
12-08 04:50:44.344 10641 10641 E ClientVe: Failed to create ClientVisualElementsProto for user interaction on view com.google.android.apps.gsa.searchbox.ui.suggestions.views.CoreSuggestionView{7dd5162 VFE...CL. ...P.... 0,289-1038,436 #1d} because the view is not tagged for visual element logging.
12-08 04:50:45.283 10641 10641 E ClientVe: Failed to create ClientVisualElementsProto for user interaction on view com.google.android.apps.gsa.searchbox.ui.suggestions.views.CoreSuggestionView{d289547 VFE...CL. ...P.... 0,142-1038,289 #1c} because the view is not tagged for visual element logging.
12-08 04:50:45.659 15976 15989 E memtrack: Couldn't load memtrack module
12-08 04:50:46.388 10641 10641 E ClientVe: Failed to create ClientVisualElementsProto for user interaction on view com.google.android.apps.gsa.searchbox.ui.suggestions.views.CoreSuggestionView{2e8f79f VFE...CL. ...P.... 0,-5-1038,142 #1b} because the view is not tagged for visual element logging.
12-08 04:50:49.431 10641 10649 E ReloadingLock: Finalizing LOCKED Token[searchresults_activity 2018-12-08 04:50:48.306]
