--------- beginning of main
--------- beginning of system
12-08 08:12:32.155  1881  5571 E WindowManager: Performed 6 layouts in a row. Skipping
12-08 08:12:32.177  1881  1934 E WindowManager: Performed 6 layouts in a row. Skipping
12-08 08:12:32.225  1881  1934 E WindowManager: Performed 6 layouts in a row. Skipping
12-08 08:12:32.245  1881  4165 E WindowManager: Performed 6 layouts in a row. Skipping
12-08 08:12:32.274  1881  1934 E WindowManager: Performed 6 layouts in a row. Skipping
12-08 08:12:32.293  1881  3624 E WindowManager: Performed 6 layouts in a row. Skipping
12-08 08:12:32.322  1881  1934 E WindowManager: Performed 6 layouts in a row. Skipping
12-08 08:12:32.360  1881  1934 E WindowManager: Performed 6 layouts in a row. Skipping
12-08 08:12:33.689  1881  1895 E ActivityManager: Failure starting process com.evancharlton.mileage
12-08 08:12:33.689  1881  1895 E ActivityManager: java.lang.SecurityException: Package com.evancharlton.mileage was not found!
12-08 08:12:33.689  1881  1895 E ActivityManager: 	at com.android.server.pm.PackageManagerService.checkPackageStartable(PackageManagerService.java:3987)
12-08 08:12:33.689  1881  1895 E ActivityManager: 	at com.android.server.am.ActivityManagerService.startProcessLocked(ActivityManagerService.java:4234)
12-08 08:12:33.689  1881  1895 E ActivityManager: 	at com.android.server.am.ActivityManagerService.startProcessLocked(ActivityManagerService.java:4199)
12-08 08:12:33.689  1881  1895 E ActivityManager: 	at com.android.server.am.ActivityManagerService.startProcessLocked(ActivityManagerService.java:4181)
12-08 08:12:33.689  1881  1895 E ActivityManager: 	at com.android.server.am.ActivityManagerService.startProcessLocked(ActivityManagerService.java:4067)
12-08 08:12:33.689  1881  1895 E ActivityManager: 	at com.android.server.am.ActivityStackSupervisor.startSpecificActivityLocked(ActivityStackSupervisor.java:1715)
12-08 08:12:33.689  1881  1895 E ActivityManager: 	at com.android.server.am.ActivityStack.resumeTopActivityInnerLocked(ActivityStack.java:2764)
12-08 08:12:33.689  1881  1895 E ActivityManager: 	at com.android.server.am.ActivityStack.resumeTopActivityUncheckedLocked(ActivityStack.java:2302)
12-08 08:12:33.689  1881  1895 E ActivityManager: 	at com.android.server.am.ActivityStackSupervisor.resumeFocusedStackTopActivityLocked(ActivityStackSupervisor.java:2234)
12-08 08:12:33.689  1881  1895 E ActivityManager: 	at com.android.server.am.ActivityStackSupervisor.resumeFocusedStackTopActivityLocked(ActivityStackSupervisor.java:2218)
12-08 08:12:33.689  1881  1895 E ActivityManager: 	at com.android.server.am.ActivityManagerService.handleAppDiedLocked(ActivityManagerService.java:5923)
12-08 08:12:33.689  1881  1895 E ActivityManager: 	at com.android.server.am.ActivityManagerService.removeProcessLocked(ActivityManagerService.java:7501)
12-08 08:12:33.689  1881  1895 E ActivityManager: 	at com.android.server.am.ActivityManagerService.killPackageProcessesLocked(ActivityManagerService.java:7142)
12-08 08:12:33.689  1881  1895 E ActivityManager: 	at com.android.server.am.ActivityManagerService.forceStopPackageLocked(ActivityManagerService.java:7275)
12-08 08:12:33.689  1881  1895 E ActivityManager: 	at com.android.server.am.ActivityManagerService$MainHandler.handleMessage(ActivityManagerService.java:2289)
12-08 08:12:33.689  1881  1895 E ActivityManager: 	at android.os.Handler.dispatchMessage(Handler.java:106)
12-08 08:12:33.689  1881  1895 E ActivityManager: 	at android.os.Looper.loop(Looper.java:193)
12-08 08:12:33.689  1881  1895 E ActivityManager: 	at android.os.HandlerThread.run(HandlerThread.java:65)
12-08 08:12:33.689  1881  1895 E ActivityManager: 	at com.android.server.ServiceThread.run(ServiceThread.java:44)
12-08 08:12:34.973  2448  5338 E ctxmgr  : [ProducerStatusImpl]updateStateForNewContextData: inactive, contextName=7
12-08 08:12:35.131  2448  2448 E BeaconBle: Missing BluetoothAdapter
12-08 08:12:35.154  2448  2448 E BeaconBle: Scan couldn't start for Places
12-08 08:12:36.288  1730  1930 E         : Couldn't opendir /data/app/vmdl311943336.tmp: No such file or directory
12-08 08:12:36.288  1730  1930 E installd: Failed to delete /data/app/vmdl311943336.tmp: No such file or directory
12-08 08:12:37.149  6485  6485 E harlton.mileag: Not starting debugger since process cannot load the jdwp agent.
12-08 08:12:38.431  1828  1828 E netmgr  : Failed to open QEMU pipe 'qemud:network': Invalid argument
12-08 08:12:38.431  1828  1828 E netmgr  : WifiForwarder unable to open QEMU pipe: Invalid argument
12-08 08:12:39.131  2448  2898 E akgr    : Phenotype API error. Event # brpy@c0228a16, EventCode: 12 [CONTEXT service_id=51 ]
12-08 08:12:39.131  2448  2898 E akgr    : akfn: 29503
12-08 08:12:39.131  2448  2898 E akgr    : 	at akgy.a(:com.google.android.gms@14799040@14.7.99 (100700-223214910):40)
12-08 08:12:39.131  2448  2898 E akgr    : 	at akgx.b(Unknown Source:2)
12-08 08:12:39.131  2448  2898 E akgr    : 	at akgr.a(:com.google.android.gms@14799040@14.7.99 (100700-223214910):107)
12-08 08:12:39.131  2448  2898 E akgr    : 	at akgr.a(:com.google.android.gms@14799040@14.7.99 (100700-223214910):101)
12-08 08:12:39.131  2448  2898 E akgr    : 	at ybc.run(:com.google.android.gms@14799040@14.7.99 (100700-223214910):27)
12-08 08:12:39.131  2448  2898 E akgr    : 	at beyi.run(:com.google.android.gms@14799040@14.7.99 (100700-223214910):2)
12-08 08:12:39.131  2448  2898 E akgr    : 	at qwc.run(:com.google.android.gms@14799040@14.7.99 (100700-223214910):21)
12-08 08:12:39.131  2448  2898 E akgr    : 	at java.util.concurrent.ThreadPoolExecutor.runWorker(ThreadPoolExecutor.java:1167)
12-08 08:12:39.131  2448  2898 E akgr    : 	at java.util.concurrent.ThreadPoolExecutor$Worker.run(ThreadPoolExecutor.java:641)
12-08 08:12:39.131  2448  2898 E akgr    : 	at rbx.run(Unknown Source:7)
12-08 08:12:39.131  2448  2898 E akgr    : 	at java.lang.Thread.run(Thread.java:764)
12-08 08:12:39.132  2448  2898 E AsyncOperation: serviceID=51, operation=GetCommittedConfigurationOperationCall
12-08 08:12:39.132  2448  2898 E AsyncOperation: OperationException[Status{statusCode=unknown status code: 29503, resolution=null}]
12-08 08:12:39.132  2448  2898 E AsyncOperation: 	at akgr.a(:com.google.android.gms@14799040@14.7.99 (100700-223214910):115)
12-08 08:12:39.132  2448  2898 E AsyncOperation: 	at akgr.a(:com.google.android.gms@14799040@14.7.99 (100700-223214910):101)
12-08 08:12:39.132  2448  2898 E AsyncOperation: 	at ybc.run(:com.google.android.gms@14799040@14.7.99 (100700-223214910):27)
12-08 08:12:39.132  2448  2898 E AsyncOperation: 	at beyi.run(:com.google.android.gms@14799040@14.7.99 (100700-223214910):2)
12-08 08:12:39.132  2448  2898 E AsyncOperation: 	at qwc.run(:com.google.android.gms@14799040@14.7.99 (100700-223214910):21)
12-08 08:12:39.132  2448  2898 E AsyncOperation: 	at java.util.concurrent.ThreadPoolExecutor.runWorker(ThreadPoolExecutor.java:1167)
12-08 08:12:39.132  2448  2898 E AsyncOperation: 	at java.util.concurrent.ThreadPoolExecutor$Worker.run(ThreadPoolExecutor.java:641)
12-08 08:12:39.132  2448  2898 E AsyncOperation: 	at rbx.run(Unknown Source:7)
12-08 08:12:39.132  2448  2898 E AsyncOperation: 	at java.lang.Thread.run(Thread.java:764)
12-08 08:12:39.133  2448  2978 E NetRec  : [124] ahqw.a: Could not retrieve server token for package com.google.android.apps.gcs
12-08 08:12:39.133  2448  2978 E NetRec  : java.util.concurrent.ExecutionException: ppw: 29503: 
12-08 08:12:39.133  2448  2978 E NetRec  : 	at arhb.b(:com.google.android.gms@14799040@14.7.99 (100700-223214910):2)
12-08 08:12:39.133  2448  2978 E NetRec  : 	at arhb.a(:com.google.android.gms@14799040@14.7.99 (100700-223214910):28)
12-08 08:12:39.133  2448  2978 E NetRec  : 	at ahqw.a(:com.google.android.gms@14799040@14.7.99 (100700-223214910):1)
12-08 08:12:39.133  2448  2978 E NetRec  : 	at ahqw.a(:com.google.android.gms@14799040@14.7.99 (100700-223214910):4)
12-08 08:12:39.133  2448  2978 E NetRec  : 	at ahqt.getHeaders(:com.google.android.gms@14799040@14.7.99 (100700-223214910):2)
12-08 08:12:39.133  2448  2978 E NetRec  : 	at com.android.volley.toolbox.HttpClientStack.performRequest(:com.google.android.gms@14799040@14.7.99 (100700-223214910):9)
12-08 08:12:39.133  2448  2978 E NetRec  : 	at qph.performRequest(:com.google.android.gms@14799040@14.7.99 (100700-223214910):1)
12-08 08:12:39.133  2448  2978 E NetRec  : 	at bpq.executeRequest(:com.google.android.gms@14799040@14.7.99 (100700-223214910):1)
12-08 08:12:39.133  2448  2978 E NetRec  : 	at com.android.volley.toolbox.BasicNetwork.performRequest(:com.google.android.gms@14799040@14.7.99 (100700-223214910):10)
12-08 08:12:39.133  2448  2978 E NetRec  : 	at qpi.performRequest(:com.google.android.gms@14799040@14.7.99 (100700-223214910):13)
12-08 08:12:39.133  2448  2978 E NetRec  : 	at com.android.volley.NetworkDispatcher.a(:com.google.android.gms@14799040@14.7.99 (100700-223214910):6)
12-08 08:12:39.133  2448  2978 E NetRec  : 	at com.android.volley.NetworkDispatcher.run(:com.google.android.gms@14799040@14.7.99 (100700-223214910):2)
12-08 08:12:39.133  2448  2978 E NetRec  : Caused by: ppw: 29503: 
12-08 08:12:39.133  2448  2978 E NetRec  : 	at pvq.a(:com.google.android.gms@14799040@14.7.99 (100700-223214910):3)
12-08 08:12:39.133  2448  2978 E NetRec  : 	at akei.b(:com.google.android.gms@14799040@14.7.99 (100700-223214910):3)
12-08 08:12:39.133  2448  2978 E NetRec  : 	at akgx.a(:com.google.android.gms@14799040@14.7.99 (100700-223214910):7)
12-08 08:12:39.133  2448  2978 E NetRec  : 	at yax.a(:com.google.android.gms@14799040@14.7.99 (100700-223214910):5)
12-08 08:12:39.133  2448  2978 E NetRec  : 	at ybc.run(:com.google.android.gms@14799040@14.7.99 (100700-223214910):34)
12-08 08:12:39.133  2448  2978 E NetRec  : 	at beyi.run(:com.google.android.gms@14799040@14.7.99 (100700-223214910):2)
12-08 08:12:39.133  2448  2978 E NetRec  : 	at qwc.run(:com.google.android.gms@14799040@14.7.99 (100700-223214910):21)
12-08 08:12:39.133  2448  2978 E NetRec  : 	at java.util.concurrent.ThreadPoolExecutor.runWorker(ThreadPoolExecutor.java:1167)
12-08 08:12:39.133  2448  2978 E NetRec  : 	at java.util.concurrent.ThreadPoolExecutor$Worker.run(ThreadPoolExecutor.java:641)
12-08 08:12:39.133  2448  2978 E NetRec  : 	at rbx.run(Unknown Source:7)
12-08 08:12:39.133  2448  2978 E NetRec  : 	at java.lang.Thread.run(Thread.java:764)
12-08 08:12:44.119  1738  1772 E storaged: getDiskStats failed with result NOT_SUPPORTED and size 0
12-08 08:12:47.931  1881  1894 E memtrack: Couldn't load memtrack module
12-08 08:12:48.008  1881  1894 E memtrack: Couldn't load memtrack module
12-08 08:12:51.038  2448  6109 E ctxmgr  : [ProducerStatusImpl]updateStateForNewContextData: inactive, contextName=7
12-08 08:12:51.270  1881  1894 E memtrack: Couldn't load memtrack module
12-08 08:12:51.272  2448  2448 E BeaconBle: Missing BluetoothAdapter
12-08 08:12:51.364  2448  2448 E BeaconBle: Scan couldn't start for Places
12-08 08:12:51.914  6537  6537 E .apps.messagin: Not starting debugger since process cannot load the jdwp agent.
12-08 08:12:53.794  2692  2692 E ContextIntentStarter: No activity found for any of the 0 intents
12-08 08:12:55.027  1611  6573 E audio_hw_generic: pcm_open(in) failed: cannot open device '/dev/snd/pcmC0D0c': Device or resource busy: channels 2 format 0 rate 16000
12-08 08:12:56.019  6584  6584 E s.messaging:rc: Not starting debugger since process cannot load the jdwp agent.
12-08 08:12:57.123  2463  2463 E SchedPolicy: set_timerslack_ns write failed: Operation not permitted
12-08 08:12:57.730  2463  2463 E SchedPolicy: set_timerslack_ns write failed: Operation not permitted
12-08 08:13:02.671  1881  4023 E WindowManager: Performed 6 layouts in a row. Skipping
12-08 08:13:02.699  1881  2407 E WindowManager: Performed 6 layouts in a row. Skipping
12-08 08:13:02.736  1881  1934 E WindowManager: Performed 6 layouts in a row. Skipping
12-08 08:13:02.823  1881  1934 E WindowManager: Performed 6 layouts in a row. Skipping
12-08 08:13:02.854  1881  1903 E WindowManager: Performed 6 layouts in a row. Skipping
12-08 08:13:02.894  1881  1934 E WindowManager: Performed 6 layouts in a row. Skipping
12-08 08:13:02.931  1881  2407 E WindowManager: Performed 6 layouts in a row. Skipping
12-08 08:13:02.978  1881  4023 E WindowManager: Performed 6 layouts in a row. Skipping
12-08 08:13:03.017  1881  1934 E WindowManager: Performed 6 layouts in a row. Skipping
12-08 08:13:03.046  1881  1934 E WindowManager: Performed 6 layouts in a row. Skipping
12-08 08:13:03.563  1881  1894 E memtrack: Couldn't load memtrack module
