--------- beginning of main
--------- beginning of system
12-07 16:46:49.321 16085 16085 E native  : clearcut-logger.cc:191 USER_EDIT span#originalSpan is missing
12-07 16:46:50.571 15976 15990 E ActivityManager: Failure starting process com.evancharlton.mileage
12-07 16:46:50.571 15976 15990 E ActivityManager: java.lang.SecurityException: Package com.evancharlton.mileage is currently frozen!
12-07 16:46:50.571 15976 15990 E ActivityManager: 	at com.android.server.pm.PackageManagerService.checkPackageStartable(PackageManagerService.java:4000)
12-07 16:46:50.571 15976 15990 E ActivityManager: 	at com.android.server.am.ActivityManagerService.startProcessLocked(ActivityManagerService.java:4234)
12-07 16:46:50.571 15976 15990 E ActivityManager: 	at com.android.server.am.ActivityManagerService.startProcessLocked(ActivityManagerService.java:4199)
12-07 16:46:50.571 15976 15990 E ActivityManager: 	at com.android.server.am.ActivityManagerService.startProcessLocked(ActivityManagerService.java:4181)
12-07 16:46:50.571 15976 15990 E ActivityManager: 	at com.android.server.am.ActivityManagerService.startProcessLocked(ActivityManagerService.java:4067)
12-07 16:46:50.571 15976 15990 E ActivityManager: 	at com.android.server.am.ActivityStackSupervisor.startSpecificActivityLocked(ActivityStackSupervisor.java:1715)
12-07 16:46:50.571 15976 15990 E ActivityManager: 	at com.android.server.am.ActivityStack.resumeTopActivityInnerLocked(ActivityStack.java:2764)
12-07 16:46:50.571 15976 15990 E ActivityManager: 	at com.android.server.am.ActivityStack.resumeTopActivityUncheckedLocked(ActivityStack.java:2302)
12-07 16:46:50.571 15976 15990 E ActivityManager: 	at com.android.server.am.ActivityStackSupervisor.resumeFocusedStackTopActivityLocked(ActivityStackSupervisor.java:2234)
12-07 16:46:50.571 15976 15990 E ActivityManager: 	at com.android.server.am.ActivityStackSupervisor.resumeFocusedStackTopActivityLocked(ActivityStackSupervisor.java:2218)
12-07 16:46:50.571 15976 15990 E ActivityManager: 	at com.android.server.am.ActivityManagerService.handleAppDiedLocked(ActivityManagerService.java:5923)
12-07 16:46:50.571 15976 15990 E ActivityManager: 	at com.android.server.am.ActivityManagerService.removeProcessLocked(ActivityManagerService.java:7501)
12-07 16:46:50.571 15976 15990 E ActivityManager: 	at com.android.server.am.ActivityManagerService.killPackageProcessesLocked(ActivityManagerService.java:7142)
12-07 16:46:50.571 15976 15990 E ActivityManager: 	at com.android.server.am.ActivityManagerService.forceStopPackageLocked(ActivityManagerService.java:7275)
12-07 16:46:50.571 15976 15990 E ActivityManager: 	at com.android.server.am.ActivityManagerService$MainHandler.handleMessage(ActivityManagerService.java:2289)
12-07 16:46:50.571 15976 15990 E ActivityManager: 	at android.os.Handler.dispatchMessage(Handler.java:106)
12-07 16:46:50.571 15976 15990 E ActivityManager: 	at android.os.Looper.loop(Looper.java:193)
12-07 16:46:50.571 15976 15990 E ActivityManager: 	at android.os.HandlerThread.run(HandlerThread.java:65)
12-07 16:46:50.571 15976 15990 E ActivityManager: 	at com.android.server.ServiceThread.run(ServiceThread.java:44)
12-07 16:46:50.591 15976 16042 E InputDispatcher: channel '9173578 com.evancharlton.mileage/com.evancharlton.mileage.FieldListActivity (server)' ~ Channel is unrecoverably broken and will be disposed!
12-07 16:46:50.591 15976 16042 E InputDispatcher: channel '2356549 com.evancharlton.mileage/com.evancharlton.mileage.Mileage (server)' ~ Channel is unrecoverably broken and will be disposed!
12-07 16:46:51.723 16506 28981 E ctxmgr  : [ProducerStatusImpl]updateStateForNewContextData: inactive, contextName=7
12-07 16:46:51.889 16506 16506 E BeaconBle: Missing BluetoothAdapter
12-07 16:46:51.916 16506 16506 E BeaconBle: Scan couldn't start for Places
12-07 16:46:53.866  1729  2328 E         : Couldn't opendir /data/app/vmdl1971812559.tmp: No such file or directory
12-07 16:46:53.867  1729  2328 E installd: Failed to delete /data/app/vmdl1971812559.tmp: No such file or directory
12-07 16:46:55.368 29186 29186 E harlton.mileag: Not starting debugger since process cannot load the jdwp agent.
12-07 16:46:56.349 16085 24146 E putmethod.lati: Invalid ID 0x00000001.
12-07 16:46:56.359 16085 24146 E LstmTrainingCache: emn: Can't get resource name for input slot
12-07 16:46:56.359 16085 24146 E LstmTrainingCache: android.content.res.Resources$NotFoundException: Unable to find resource ID #0x1
12-07 16:46:56.359 16085 24146 E LstmTrainingCache: 	at android.content.res.ResourcesImpl.getResourceName(ResourcesImpl.java:255)
12-07 16:46:56.359 16085 24146 E LstmTrainingCache: 	at android.content.res.Resources.getResourceName(Resources.java:1954)
12-07 16:46:56.359 16085 24146 E LstmTrainingCache: 	at emn.a(PG:12)
12-07 16:46:56.359 16085 24146 E LstmTrainingCache: 	at emk.run(PG:5)
12-07 16:46:56.359 16085 24146 E LstmTrainingCache: 	at java.lang.Thread.run(Thread.java:764)
12-07 16:46:58.452 29186 29186 E SpannableStringBuilder: SPAN_EXCLUSIVE_EXCLUSIVE spans cannot have a zero length
12-07 16:46:58.452 29186 29186 E SpannableStringBuilder: SPAN_EXCLUSIVE_EXCLUSIVE spans cannot have a zero length
12-07 16:46:59.323 16085 24146 E putmethod.lati: Invalid ID 0x00000001.
12-07 16:46:59.323 16085 24146 E LstmTrainingCache: emn: Can't get resource name for input slot
12-07 16:46:59.323 16085 24146 E LstmTrainingCache: android.content.res.Resources$NotFoundException: Unable to find resource ID #0x1
12-07 16:46:59.323 16085 24146 E LstmTrainingCache: 	at android.content.res.ResourcesImpl.getResourceName(ResourcesImpl.java:255)
12-07 16:46:59.323 16085 24146 E LstmTrainingCache: 	at android.content.res.Resources.getResourceName(Resources.java:1954)
12-07 16:46:59.323 16085 24146 E LstmTrainingCache: 	at emn.a(PG:12)
12-07 16:46:59.323 16085 24146 E LstmTrainingCache: 	at emk.run(PG:5)
12-07 16:46:59.323 16085 24146 E LstmTrainingCache: 	at java.lang.Thread.run(Thread.java:764)
12-07 16:47:03.365 16085 24146 E putmethod.lati: Invalid ID 0x00000001.
12-07 16:47:03.366 16085 24146 E LstmTrainingCache: emn: Can't get resource name for input slot
12-07 16:47:03.366 16085 24146 E LstmTrainingCache: android.content.res.Resources$NotFoundException: Unable to find resource ID #0x1
12-07 16:47:03.366 16085 24146 E LstmTrainingCache: 	at android.content.res.ResourcesImpl.getResourceName(ResourcesImpl.java:255)
12-07 16:47:03.366 16085 24146 E LstmTrainingCache: 	at android.content.res.Resources.getResourceName(Resources.java:1954)
12-07 16:47:03.366 16085 24146 E LstmTrainingCache: 	at emn.a(PG:12)
12-07 16:47:03.366 16085 24146 E LstmTrainingCache: 	at emk.run(PG:5)
12-07 16:47:03.366 16085 24146 E LstmTrainingCache: 	at java.lang.Thread.run(Thread.java:764)
12-07 16:47:05.140  1829  1829 E netmgr  : Failed to open QEMU pipe 'qemud:network': Invalid argument
12-07 16:47:05.140  1829  1829 E netmgr  : WifiForwarder unable to open QEMU pipe: Invalid argument
12-07 16:47:06.438 29229 29229 E d.process.acor: Not starting debugger since process cannot load the jdwp agent.
12-07 16:47:08.550 15976 16042 E WindowManager: Performed 6 layouts in a row. Skipping
12-07 16:47:08.567 15976 16026 E WindowManager: Performed 6 layouts in a row. Skipping
12-07 16:47:08.587 15976 18124 E WindowManager: Performed 6 layouts in a row. Skipping
12-07 16:47:08.609 15976 16269 E WindowManager: Performed 6 layouts in a row. Skipping
12-07 16:47:08.644 15976 16026 E WindowManager: Performed 6 layouts in a row. Skipping
12-07 16:47:08.662 15976 16026 E WindowManager: Performed 6 layouts in a row. Skipping
12-07 16:47:08.681 15976 15991 E WindowManager: Performed 6 layouts in a row. Skipping
12-07 16:47:08.705 15976 18246 E WindowManager: Performed 6 layouts in a row. Skipping
12-07 16:47:08.727 15976 16026 E WindowManager: Performed 6 layouts in a row. Skipping
12-07 16:47:08.780 15976 18395 E WindowManager: Performed 6 layouts in a row. Skipping
12-07 16:47:08.801 15976 16026 E WindowManager: Performed 6 layouts in a row. Skipping
12-07 16:47:08.830 15976 18395 E WindowManager: Performed 6 layouts in a row. Skipping
12-07 16:47:08.852 15976 16026 E WindowManager: Performed 6 layouts in a row. Skipping
12-07 16:47:08.869 15976 16026 E WindowManager: Performed 6 layouts in a row. Skipping
12-07 16:47:08.895 15976 16026 E WindowManager: Performed 6 layouts in a row. Skipping
12-07 16:47:08.907 15976 16026 E WindowManager: Performed 6 layouts in a row. Skipping
12-07 16:47:08.925 15976 16116 E WindowManager: Performed 6 layouts in a row. Skipping
12-07 16:47:08.960 15976 16026 E WindowManager: Performed 6 layouts in a row. Skipping
12-07 16:47:08.978 15976 16026 E WindowManager: Performed 6 layouts in a row. Skipping
12-07 16:47:09.002 15976 16026 E WindowManager: Performed 6 layouts in a row. Skipping
12-07 16:47:09.210 15976 16026 E WindowManager: Performed 6 layouts in a row. Skipping
12-07 16:47:09.480 16506 29218 E ctxmgr  : [ProducerStatusImpl]updateStateForNewContextData: inactive, contextName=7
12-07 16:47:09.700 16506 16506 E BeaconBle: Missing BluetoothAdapter
12-07 16:47:09.819 16506 16506 E BeaconBle: Scan couldn't start for Places
12-07 16:47:11.308 16561 16561 E ContextIntentStarter: No activity found for any of the 0 intents
12-07 16:47:12.236 15927 29267 E audio_hw_generic: pcm_open(in) failed: cannot open device '/dev/snd/pcmC0D0c': Device or resource busy: channels 2 format 0 rate 16000
12-07 16:47:14.068 29272 29272 E boxed_process2: Not starting debugger since process cannot load the jdwp agent.
12-07 16:47:14.564 16561 16561 E ClientVe: Failed to create ClientVisualElementsProto for user interaction on view com.google.android.apps.gsa.searchbox.ui.suggestions.views.p{fd0db6a VFE...CL. ...P.... 0,21-207,279 #a7} because the view is not tagged for visual element logging.
12-07 16:47:14.748 16561 16561 E ClientVe: Failed to create ClientVisualElementsProto for user interaction on view com.google.android.apps.gsa.searchbox.ui.suggestions.views.CoreSuggestionView{eab907d VFE...CL. ...P.... 0,289-1038,436 #a5} because the view is not tagged for visual element logging.
12-07 16:47:14.788 16561 16561 E ClientVe: Failed to create ClientVisualElementsProto for user interaction on view com.google.android.apps.gsa.searchbox.ui.suggestions.views.CoreSuggestionView{1761c40 VFE...CL. ...P.... 0,436-1038,583 #a6} because the view is not tagged for visual element logging.
12-07 16:47:14.974 16085 16085 E native  : suggestion-transformer.cc:118 suggestion picked candidate not found for id: 2
12-07 16:47:17.205 15927 29300 E audio_hw_generic: pcm_open(in) failed: cannot open device '/dev/snd/pcmC0D0c': Device or resource busy: channels 2 format 0 rate 16000
12-07 16:47:21.827 16085 16085 E native  : suggestion-transformer.cc:118 suggestion picked candidate not found for id: 3
12-07 16:47:24.666 16561 16570 E ReloadingLock: Finalizing LOCKED Token[searchresults_activity 2018-12-07 16:47:17.114]
