--------- beginning of system
12-07 05:31:44.952  1735  1809 E storaged: getDiskStats failed with result NOT_SUPPORTED and size 0
12-07 05:31:53.489  1625  1625 E android.hardware.wifi@1.0-service: Failed to open directory: Permission denied
12-07 05:31:53.489  1625  1625 E android.hardware.wifi@1.0-service: Error occurred while deleting old tombstone files
12-07 05:31:53.489  1625  1625 E android.hardware.wifi@1.0-service: Error writing files to flash
12-07 05:31:57.266  1625  1625 E android.hardware.wifi@1.0-service: Failed to register radio mode change callback
12-07 05:31:57.269  1625  1625 E android.hardware.wifi@1.0-service: Failed to set DFS flag; DFS channels may be unavailable.
12-07 05:31:57.301  1736  1736 E wificond: No Offload Service available
--------- beginning of main
12-07 05:32:24.387  2378  7665 E ctxmgr  : [ProducerStatusImpl]updateStateForNewContextData: inactive, contextName=7
12-07 05:32:24.612  2378  2937 E PlaceInferenceEngine: Position timestamp out of order. Previous: 1544160603436, Current: 1544142743000. Skipping this Position.
12-07 05:32:24.637  2378  2378 E BeaconBle: Missing BluetoothAdapter
12-07 05:32:24.717  2378  2378 E BeaconBle: Scan couldn't start for Places
12-07 05:32:25.941  7147  7147 E Dialer  : VvmStatusSmsFetcher - Request SMS send failed: RESULT_ERROR_GENERIC_FAILURE
12-07 05:32:25.979  7147  7364 E Dialer  : VvmActivationTask - Unable to send status request SMS
12-07 05:32:31.580  8035  8035 E boxed_process1: Not starting debugger since process cannot load the jdwp agent.
12-07 05:32:31.771  2768  2768 E ClientVe: Failed to create ClientVisualElementsProto for user interaction on view com.google.android.apps.gsa.searchbox.ui.suggestions.views.CoreSuggestionView{b34eddb VFE...CL. ...P.... 0,583-1038,730 #91} because the view is not tagged for visual element logging.
12-07 05:32:31.903  2768  2768 E ClientVe: Failed to create ClientVisualElementsProto for user interaction on view com.google.android.apps.gsa.searchbox.ui.suggestions.views.CoreSuggestionView{b34eddb VFE...CL. ...P.... 0,583-1038,730 #91} because the view is not tagged for visual element logging.
12-07 05:32:31.907  2768  2768 E ClientVe: Failed to create ClientVisualElementsProto for user interaction on view com.google.android.apps.gsa.searchbox.ui.suggestions.views.CoreSuggestionView{e3d6351 VFE...CL. ...P.... 0,142-1038,289 #8e} because the view is not tagged for visual element logging.
12-07 05:32:31.928  8060  8060 E e.process.gapp: Not starting debugger since process cannot load the jdwp agent.
12-07 05:32:32.577  2768  2768 E ClientVe: Failed to create ClientVisualElementsProto for user interaction on view com.google.android.apps.gsa.searchbox.ui.suggestions.views.CoreSuggestionView{40a8cb7 VFE...CL. ...P.... 0,436-1038,583 #90} because the view is not tagged for visual element logging.
12-07 05:32:35.102  1610  8077 E audio_hw_generic: pcm_open(in) failed: cannot open device '/dev/snd/pcmC0D0c': Device or resource busy: channels 2 format 0 rate 16000
12-07 05:32:39.817  1829  1829 E netmgr  : Failed to open QEMU pipe 'qemud:network': Invalid argument
12-07 05:32:39.817  1829  1829 E netmgr  : WifiForwarder unable to open QEMU pipe: Invalid argument
12-07 05:32:44.736  2378  8094 E ctxmgr  : [ProducerStatusImpl]updateStateForNewContextData: inactive, contextName=7
12-07 05:32:44.981  1735  1809 E storaged: getDiskStats failed with result NOT_SUPPORTED and size 0
12-07 05:32:45.062  2378  2378 E BeaconBle: Scan couldn't start for Places
12-07 05:32:58.258  2482  7223 E SQLiteCastStore: Skip saving CastDeviceInfo: "Nearby device" (__cast_nearby___V_96dc1c7a-076c-44e2-b34e-a4b76f5081fe)
12-07 05:33:11.469  2378  6803 E ctxmgr  : [ProducerStatusImpl]updateStateForNewContextData: inactive, contextName=7
12-07 05:33:11.793  2378  2378 E BeaconBle: Missing BluetoothAdapter
12-07 05:33:11.944  2378  2378 E BeaconBle: Scan couldn't start for Places
12-07 05:33:14.443  8145  8145 E boxed_process1: Not starting debugger since process cannot load the jdwp agent.
12-07 05:33:14.500  2768  2768 E ClientVe: Failed to create ClientVisualElementsProto for user interaction on view com.google.android.apps.gsa.searchbox.ui.suggestions.views.CoreSuggestionView{e9d445f VFE...CL. ...P.... 0,142-1038,289 #93} because the view is not tagged for visual element logging.
12-07 05:33:14.581  2768  2768 E ClientVe: Failed to create ClientVisualElementsProto for user interaction on view com.google.android.apps.gsa.searchbox.ui.suggestions.views.CoreSuggestionView{e9d445f VFE...CL. ......ID 0,142-1038,289 #93} because the view is not tagged for visual element logging.
12-07 05:33:14.993  2768  2935 E MicroDetectionWorker: Stale runnable..ignoring
12-07 05:33:15.328  1610  8161 E audio_hw_generic: pcm_open(in) failed: cannot open device '/dev/snd/pcmC0D0c': Device or resource busy: channels 2 format 0 rate 16000
12-07 05:33:15.631  2768  2776 E ReloadingLock: Finalizing LOCKED Token[searchresults_activity 2018-12-07 05:33:14.876]
12-07 05:33:18.000  1610  8175 E audio_hw_generic: pcm_open(in) failed: cannot open device '/dev/snd/pcmC0D0c': Device or resource busy: channels 2 format 0 rate 16000
12-07 05:33:27.386  2768  2768 E ContextIntentStarter: No activity found for any of the 0 intents
12-07 05:33:29.438  2768  2768 E ClientVe: Failed to create ClientVisualElementsProto for user interaction on view com.google.android.apps.gsa.searchbox.ui.suggestions.views.CoreSuggestionView{930bfa2 VFE...CL. ...P.... 0,-5-1038,142 #97} because the view is not tagged for visual element logging.
12-07 05:33:29.480  2768  2768 E ClientVe: Failed to create ClientVisualElementsProto for user interaction on view com.google.android.apps.gsa.searchbox.ui.suggestions.views.CoreSuggestionView{5509d69 VFE...CL. ...P.... 0,436-1038,583 #9a} because the view is not tagged for visual element logging.
12-07 05:33:29.592  2768  2768 E ClientVe: Failed to create ClientVisualElementsProto for user interaction on view com.google.android.apps.gsa.searchbox.ui.suggestions.views.CoreSuggestionView{930bfa2 VFE...CL. ........ 0,-5-1038,142 #97} because the view is not tagged for visual element logging.
12-07 05:33:31.731  1610  8190 E audio_hw_generic: pcm_open(in) failed: cannot open device '/dev/snd/pcmC0D0c': Device or resource busy: channels 2 format 0 rate 16000
12-07 05:33:32.679  2768  2768 E GsaWebChromeClient: WebView=com.google.android.apps.gsa.search.core.webview.s@36ad13b, Url=https://www.google.com/search?gs_ssp=eJzj4tLP1TcoNLUoqUo2YAQAF4YDcA&oe=utf-8&safe=images&gcc=us&ctzn=GMT&ctf=0&v=8.59.7.21.x86&ntyp=1&ram_mb=1494&action=devloc&gs_lp=EhNxc2ItYW5kcm9pZC1hc2JsLXBiGgIYACIHIyMjIyMjIyoLCAAQLiDhKygBWgAyCwgAEC4g4SsoAVoAMhQIARAAGMcBGK8BGLcCIOArKAFaADILCAIQACCwKygBWgAyCwgDEAAgrysoAVoAMgsIBBAAIK4rKAFaAEAASLENUIUHWL0LYAVoBHAAeACAAQCIAQSQAQCYAfYBoAH0BqoBAzItNLABALgBAcgBAPgBAZACA5gCAqACmgSoAgCwAgDCAgcQABiDASgBwgIHEC4YgwEoAcICDRAAGMcBGKMCGIMBKAHSAgtBX3JPSTE2X2M2SeACAOgCAPACAPgCAIADAIgDAJADA6ADALoDCBIGEAAYACIA8AMA-AMEgAT9AZAEAJgEBKIEALAEswS4BMQJwgQLMGoxajFqMWowajHaBAwIABAAGAAgACgAMADiBACCBQCgBbsBsgUA&source=and.gsa.launcher.homescreen.appssearch&ar=0&noj=1&client=ms-unknown&wf=pp1&padt=200&padb=684&hl=en-US&qsubts=1544160811481&q=jjp, Source=https://www.google.com/search?gs_ssp=eJzj4tLP1TcoNLUoqUo2YAQAF4YDcA&oe=utf-8&safe=images&gcc=us&ctzn=GMT&ctf=0&v=8.59.7.21.x86&ntyp=1&ram_mb=1494&action=devloc&gs_lp=EhNxc2ItYW5kcm9pZC1hc2JsLXBiGgIYACIHIyMjIyMjIyoLCAAQLiDhKygBWgAyCwgAEC4g4SsoAVoAMhQIARAAGMcBGK8BGLcCIOArKAFaADILCAIQACCwKygBWgAyCwgDEAAgrysoAVoAMgsIBBAAIK4rKAFaAEAASLENUIUHWL0LYAVoBHAAeACAAQCIAQSQAQCYAfYBoAH0BqoBAzItNLABALgBAcgBAPgBAZACA5gCAqACmgSoAgCwAgDCAgcQABiDASgBwgIHEC4YgwEoAcICDRAAGMcBGKMCGIMBKAHSAgtBX3JPSTE2X2M2SeACAOgCAPACAPgCAIADAIgDAJADA6ADALoDCBIGEAAYACIA8AMA-AMEgAT9AZAEAJgEBKIEALAEswS4BMQJwgQLMGoxajFqMWowajHaBAwIABAAGAAgACgAMADiBACCBQCgBbsBsgUA&source=and.gsa.launcher.homescreen.appssearch&ar=0&noj=1&client=ms-unknown&wf=pp1&padt=200&padb=684&hl=en-US&qsubts=1544160811481&q=jjp, Line=1, Message=Uncaught ReferenceError: google is not defined
12-07 05:33:33.022  1992  1992 E native  : clearcut-logger.cc:191 USER_EDIT span#originalSpan is missing
12-07 05:33:39.821  1829  1829 E netmgr  : Failed to open QEMU pipe 'qemud:network': Invalid argument
12-07 05:33:39.821  1829  1829 E netmgr  : WifiForwarder unable to open QEMU pipe: Invalid argument
12-07 05:33:41.656  1736  1736 E wificond: Receive ERROR message in response to 'stop scheduled scan' request: Operation not supported on transport endpoint
12-07 05:33:41.751  7840  7840 E wpa_supplicant: nl80211: Failed to open /proc/sys/net/ipv4/conf/p2p-dev-wlan0/drop_unicast_in_l2_multicast: No such file or directory
12-07 05:33:41.752  7840  7840 E wpa_supplicant: nl80211: Failed to set IPv4 unicast in multicast filter
12-07 05:33:41.780  7840  7840 E wpa_supplicant: nl80211: Failed to open /proc/sys/net/ipv4/conf/p2p-dev-wlan0/drop_unicast_in_l2_multicast: No such file or directory
12-07 05:33:41.781  7840  7840 E wpa_supplicant: nl80211: Failed to set IPv4 unicast in multicast filter
12-07 05:33:41.932  7840  7840 E wpa_supplicant: nl80211: Failed to open /proc/sys/net/ipv4/conf/wlan0/drop_unicast_in_l2_multicast: No such file or directory
12-07 05:33:41.932  7840  7840 E wpa_supplicant: nl80211: Failed to set IPv4 unicast in multicast filter
12-07 05:33:41.940  7840  7840 E wpa_supplicant: nl80211: Failed to open /proc/sys/net/ipv4/conf/wlan0/drop_unicast_in_l2_multicast: No such file or directory
12-07 05:33:41.949  7840  7840 E wpa_supplicant: nl80211: Failed to set IPv4 unicast in multicast filter
12-07 05:33:42.055  7840  7840 E wpa_supplicant: nl80211: Failed to open /proc/sys/net/ipv4/conf/wlan0/drop_unicast_in_l2_multicast: No such file or directory
12-07 05:33:42.055  7840  7840 E wpa_supplicant: nl80211: Failed to set IPv4 unicast in multicast filter
12-07 05:33:42.372  1625  1625 E android.hardware.wifi@1.0-service: Failed to open directory: Permission denied
12-07 05:33:42.372  1625  1625 E android.hardware.wifi@1.0-service: Error occurred while deleting old tombstone files
12-07 05:33:42.372  1625  1625 E android.hardware.wifi@1.0-service: Error writing files to flash
12-07 05:33:42.618  1880  1969 E WifiP2pService: Unhandled message { when=-1ms what=131204 target=com.android.internal.util.StateMachine$SmHandler }
12-07 05:33:42.650  1880  1900 E BatteryExternalStatsWorker: no controller energy info supplied for wifi
12-07 05:33:42.678  2378  7860 E WakeLock: GCM_HB_ALARM release without a matched acquire!
12-07 05:33:42.683  2378  7860 E GCM     : Connection closed with errorCode 20
12-07 05:33:42.694  2378  7860 E WakeLock: GCM_CONN_ALARM release without a matched acquire!
12-07 05:33:42.661  1880  1900 E BatteryExternalStatsWorker: no controller energy info supplied for wifi
12-07 05:33:43.674  1610  8204 E audio_hw_generic: pcm_open(in) failed: cannot open device '/dev/snd/pcmC0D0c': Device or resource busy: channels 2 format 0 rate 16000
12-07 05:33:44.983  1735  1809 E storaged: getDiskStats failed with result NOT_SUPPORTED and size 0
12-07 05:33:55.336  1880  1895 E memtrack: Couldn't load memtrack module
12-07 05:33:55.428  1629  1629 E lowmemorykiller: Error opening /proc/8145/oom_score_adj; errno=2
12-07 05:33:55.435  1880  1899 E libprocessgroup: Error encountered killing process cgroup uid 99016 pid 8145: No such file or directory
