--------- beginning of system
--------- beginning of main
12-09 01:49:25.448  1885  1899 E ActivityManager: Failure starting process com.evancharlton.mileage
12-09 01:49:25.448  1885  1899 E ActivityManager: java.lang.SecurityException: Package com.evancharlton.mileage is currently frozen!
12-09 01:49:25.448  1885  1899 E ActivityManager: 	at com.android.server.pm.PackageManagerService.checkPackageStartable(PackageManagerService.java:4000)
12-09 01:49:25.448  1885  1899 E ActivityManager: 	at com.android.server.am.ActivityManagerService.startProcessLocked(ActivityManagerService.java:4234)
12-09 01:49:25.448  1885  1899 E ActivityManager: 	at com.android.server.am.ActivityManagerService.startProcessLocked(ActivityManagerService.java:4199)
12-09 01:49:25.448  1885  1899 E ActivityManager: 	at com.android.server.am.ActivityManagerService.startProcessLocked(ActivityManagerService.java:4181)
12-09 01:49:25.448  1885  1899 E ActivityManager: 	at com.android.server.am.ActivityManagerService.startProcessLocked(ActivityManagerService.java:4067)
12-09 01:49:25.448  1885  1899 E ActivityManager: 	at com.android.server.am.ActivityStackSupervisor.startSpecificActivityLocked(ActivityStackSupervisor.java:1715)
12-09 01:49:25.448  1885  1899 E ActivityManager: 	at com.android.server.am.ActivityStack.resumeTopActivityInnerLocked(ActivityStack.java:2764)
12-09 01:49:25.448  1885  1899 E ActivityManager: 	at com.android.server.am.ActivityStack.resumeTopActivityUncheckedLocked(ActivityStack.java:2302)
12-09 01:49:25.448  1885  1899 E ActivityManager: 	at com.android.server.am.ActivityStackSupervisor.resumeFocusedStackTopActivityLocked(ActivityStackSupervisor.java:2234)
12-09 01:49:25.448  1885  1899 E ActivityManager: 	at com.android.server.am.ActivityStackSupervisor.resumeFocusedStackTopActivityLocked(ActivityStackSupervisor.java:2218)
12-09 01:49:25.448  1885  1899 E ActivityManager: 	at com.android.server.am.ActivityManagerService.handleAppDiedLocked(ActivityManagerService.java:5923)
12-09 01:49:25.448  1885  1899 E ActivityManager: 	at com.android.server.am.ActivityManagerService.removeProcessLocked(ActivityManagerService.java:7501)
12-09 01:49:25.448  1885  1899 E ActivityManager: 	at com.android.server.am.ActivityManagerService.killPackageProcessesLocked(ActivityManagerService.java:7142)
12-09 01:49:25.448  1885  1899 E ActivityManager: 	at com.android.server.am.ActivityManagerService.forceStopPackageLocked(ActivityManagerService.java:7275)
12-09 01:49:25.448  1885  1899 E ActivityManager: 	at com.android.server.am.ActivityManagerService$MainHandler.handleMessage(ActivityManagerService.java:2289)
12-09 01:49:25.448  1885  1899 E ActivityManager: 	at android.os.Handler.dispatchMessage(Handler.java:106)
12-09 01:49:25.448  1885  1899 E ActivityManager: 	at android.os.Looper.loop(Looper.java:193)
12-09 01:49:25.448  1885  1899 E ActivityManager: 	at android.os.HandlerThread.run(HandlerThread.java:65)
12-09 01:49:25.448  1885  1899 E ActivityManager: 	at com.android.server.ServiceThread.run(ServiceThread.java:44)
12-09 01:49:26.299  8633  8633 E ndroid.keychai: Not starting debugger since process cannot load the jdwp agent.
12-09 01:49:26.300  8625  8625 E id.defcontaine: Not starting debugger since process cannot load the jdwp agent.
12-09 01:49:26.315  8654  8654 E oid.documentsu: Not starting debugger since process cannot load the jdwp agent.
12-09 01:49:26.960  8698  8698 E droid.apps.doc: Not starting debugger since process cannot load the jdwp agent.
12-09 01:49:28.480  8698  8698 E DocsApplication: [main] No default account found during application creation.
12-09 01:49:29.588  1731  1731 E         : Couldn't opendir /data/app/vmdl745879501.tmp: No such file or directory
12-09 01:49:29.588  1731  1731 E installd: Failed to delete /data/app/vmdl745879501.tmp: No such file or directory
12-09 01:49:31.743  8766  8766 E harlton.mileag: Not starting debugger since process cannot load the jdwp agent.
12-09 01:49:32.900  1994  7294 E putmethod.lati: Invalid ID 0x00000001.
12-09 01:49:32.963  1994  7294 E LstmTrainingCache: emn: Can't get resource name for input slot
12-09 01:49:32.963  1994  7294 E LstmTrainingCache: android.content.res.Resources$NotFoundException: Unable to find resource ID #0x1
12-09 01:49:32.963  1994  7294 E LstmTrainingCache: 	at android.content.res.ResourcesImpl.getResourceName(ResourcesImpl.java:255)
12-09 01:49:32.963  1994  7294 E LstmTrainingCache: 	at android.content.res.Resources.getResourceName(Resources.java:1954)
12-09 01:49:32.963  1994  7294 E LstmTrainingCache: 	at emn.a(PG:12)
12-09 01:49:32.963  1994  7294 E LstmTrainingCache: 	at emk.run(PG:5)
12-09 01:49:32.963  1994  7294 E LstmTrainingCache: 	at java.lang.Thread.run(Thread.java:764)
12-09 01:49:42.330  1633  1633 E lowmemorykiller: Error opening /proc/8538/oom_score_adj; errno=2
12-09 01:49:42.832  8795  8795 E emui:screensho: Not starting debugger since process cannot load the jdwp agent.
12-09 01:49:43.386  8795  8795 E SoundPool: error loading /product/media/audio/ui/camera_click.ogg
12-09 01:49:43.826  1741  2075 E OMXNodeInstance: getConfig(0xe9391180:google.vorbis.decoder, ConfigAndroidVendorExtension(0x6f100004)) ERROR: Undefined(0x80001001)
12-09 01:49:50.441  2378  7863 E ctxmgr  : [ProducerStatusImpl]updateStateForNewContextData: inactive, contextName=7
12-09 01:49:50.483  2378  7863 E ctxmgr  : [ProducerStatusImpl]updateStateForNewContextData: inactive, contextName=1
12-09 01:49:50.730  2378  2378 E BeaconBle: Missing BluetoothAdapter
12-09 01:49:50.766  2378  2378 E BeaconBle: Scan couldn't start for Places
12-09 01:49:56.351  8841  8841 E oid.apps.photo: Not starting debugger since process cannot load the jdwp agent.
12-09 01:49:56.829  8860  8860 E ocess.gservice: Not starting debugger since process cannot load the jdwp agent.
12-09 01:50:03.992  2720  2720 E ContextIntentStarter: No activity found for any of the 0 intents
12-09 01:50:04.840  1629  1629 E android.hardware.wifi@1.0-service: Failed to register radio mode change callback
12-09 01:50:04.845  1629  1629 E android.hardware.wifi@1.0-service: Failed to set DFS flag; DFS channels may be unavailable.
12-09 01:50:04.919  1740  1740 E wificond: No Offload Service available
12-09 01:50:05.291  1885  1971 E WifiP2pService: Unhandled message { when=0 what=131203 target=com.android.internal.util.StateMachine$SmHandler }
12-09 01:50:05.390  1885  1971 E WifiP2pService: Unhandled message { when=-9ms what=131203 target=com.android.internal.util.StateMachine$SmHandler }
12-09 01:50:05.575  1885  1903 E BatteryExternalStatsWorker: no controller energy info supplied for wifi
12-09 01:50:05.648  8906  8906 E wpa_supplicant: nl80211: Failed to open /proc/sys/net/ipv4/conf/p2p-dev-wlan0/drop_unicast_in_l2_multicast: No such file or directory
12-09 01:50:05.648  8906  8906 E wpa_supplicant: nl80211: Failed to set IPv4 unicast in multicast filter
12-09 01:50:05.653  8906  8906 E wpa_supplicant: nl80211: Failed to open /proc/sys/net/ipv4/conf/p2p-dev-wlan0/drop_unicast_in_l2_multicast: No such file or directory
12-09 01:50:05.654  8906  8906 E wpa_supplicant: nl80211: Failed to set IPv4 unicast in multicast filter
12-09 01:50:05.737  8906  8906 E wpa_supplicant: nl80211: Failed to open /proc/sys/net/ipv4/conf/wlan0/drop_unicast_in_l2_multicast: No such file or directory
12-09 01:50:05.737  8906  8906 E wpa_supplicant: nl80211: Failed to set IPv4 unicast in multicast filter
12-09 01:50:05.843  8906  8906 E wpa_supplicant: nl80211: Failed to open /proc/sys/net/ipv4/conf/wlan0/drop_unicast_in_l2_multicast: No such file or directory
12-09 01:50:05.843  8906  8906 E wpa_supplicant: nl80211: Failed to set IPv4 unicast in multicast filter
12-09 01:50:05.994  1629  1629 E android.hardware.wifi@1.0-service: Failed to open directory: Permission denied
12-09 01:50:05.994  1629  1629 E android.hardware.wifi@1.0-service: Error occurred while deleting old tombstone files
12-09 01:50:05.994  1629  1629 E android.hardware.wifi@1.0-service: Error writing files to flash
12-09 01:50:06.086  1885  1972 E ConnectivityService: exception in setMtu()java.lang.IllegalStateException: command '1257 interface setmtu radio0 1500' failed with '400 1257 Failed to set MTU (Permission denied)'
12-09 01:50:06.222  1885  1971 E WifiP2pService: Unhandled message { when=0 what=131204 target=com.android.internal.util.StateMachine$SmHandler }
12-09 01:50:06.314  1885  1903 E BatteryExternalStatsWorker: no controller energy info supplied for wifi
12-09 01:50:06.319  1885  1903 E BatteryExternalStatsWorker: no controller energy info supplied for wifi
12-09 01:50:10.827  8936  8936 E rrierdefaultap: Not starting debugger since process cannot load the jdwp agent.
12-09 01:50:11.223  8951  8951 E .android.diale: Not starting debugger since process cannot load the jdwp agent.
12-09 01:50:11.616  8951  8951 E .android.diale: The String#value field is not present on Android versions >= 6.0
12-09 01:50:11.804  1834  1834 E netmgr  : Failed to open QEMU pipe 'qemud:network': Invalid argument
12-09 01:50:11.804  1834  1834 E netmgr  : WifiForwarder unable to open QEMU pipe: Invalid argument
12-09 01:50:13.028  2378  8981 E WakeLock: GCM_HB_ALARM release without a matched acquire!
12-09 01:50:13.034  2378  8981 E WakeLock: GCM_CONN_ALARM release without a matched acquire!
12-09 01:50:18.685  1739  1762 E storaged: getDiskStats failed with result NOT_SUPPORTED and size 0
12-09 01:50:24.122  2342  2342 E SchedPolicy: set_timerslack_ns write failed: Operation not permitted
12-09 01:50:27.189  2342  2342 E SchedPolicy: set_timerslack_ns write failed: Operation not permitted
12-09 01:51:07.401  2342  2342 E SchedPolicy: set_timerslack_ns write failed: Operation not permitted
12-09 01:51:10.140  2342  2342 E SchedPolicy: set_timerslack_ns write failed: Operation not permitted
12-09 01:51:11.807  1834  1834 E netmgr  : Failed to open QEMU pipe 'qemud:network': Invalid argument
12-09 01:51:11.807  1834  1834 E netmgr  : WifiForwarder unable to open QEMU pipe: Invalid argument
12-09 01:51:18.690  1739  1762 E storaged: getDiskStats failed with result NOT_SUPPORTED and size 0
12-09 01:52:10.481  8987  8987 E hod.latin:trai: Not starting debugger since process cannot load the jdwp agent.
12-09 01:52:11.838  1834  1834 E netmgr  : Failed to open QEMU pipe 'qemud:network': Invalid argument
12-09 01:52:11.839  1834  1834 E netmgr  : WifiForwarder unable to open QEMU pipe: Invalid argument
12-09 01:52:13.301  1885  4630 E WindowManager: Performed 6 layouts in a row. Skipping
12-09 01:52:13.328  1885  1938 E WindowManager: Performed 6 layouts in a row. Skipping
12-09 01:52:13.378  1885  1938 E WindowManager: Performed 6 layouts in a row. Skipping
12-09 01:52:13.454  1885  1938 E WindowManager: Performed 6 layouts in a row. Skipping
12-09 01:52:13.473  1885  1900 E WindowManager: Performed 6 layouts in a row. Skipping
12-09 01:52:13.506  1885  1938 E WindowManager: Performed 6 layouts in a row. Skipping
12-09 01:52:13.559  1885  1938 E WindowManager: Performed 6 layouts in a row. Skipping
12-09 01:52:13.676  1885  1938 E WindowManager: Performed 6 layouts in a row. Skipping
12-09 01:52:13.701  1885  4630 E WindowManager: Performed 6 layouts in a row. Skipping
12-09 01:52:13.740  1885  1938 E WindowManager: Performed 6 layouts in a row. Skipping
12-09 01:52:13.828  1885  1938 E WindowManager: Performed 6 layouts in a row. Skipping
12-09 01:52:13.847  1885  1938 E WindowManager: Performed 6 layouts in a row. Skipping
12-09 01:52:13.867  1885  1938 E WindowManager: Performed 6 layouts in a row. Skipping
12-09 01:52:13.881  1885  2149 E WindowManager: Performed 6 layouts in a row. Skipping
12-09 01:52:13.920  1885  1938 E WindowManager: Performed 6 layouts in a row. Skipping
12-09 01:52:14.002  1885  1938 E WindowManager: Performed 6 layouts in a row. Skipping
12-09 01:52:14.023  1885  1938 E WindowManager: Performed 6 layouts in a row. Skipping
12-09 01:52:14.099  1885  1938 E WindowManager: Performed 6 layouts in a row. Skipping
