--------- beginning of main
12-08 05:29:54.691 24236 24236 E oid.documentsu: Not starting debugger since process cannot load the jdwp agent.
12-08 05:29:54.701 24231 24231 E id.defcontaine: Not starting debugger since process cannot load the jdwp agent.
--------- beginning of system
12-08 05:29:54.816 24255 24255 E ndroid.keychai: Not starting debugger since process cannot load the jdwp agent.
12-08 05:29:56.190 24302 24302 E droid.apps.doc: Not starting debugger since process cannot load the jdwp agent.
12-08 05:29:57.358 16788 17129 E PlayCommon: [121] com.google.android.play.b.g.a(448): Failed to connect to server: java.net.UnknownHostException: Unable to resolve host "play.googleapis.com": No address associated with hostname
12-08 05:29:57.361 24325 24325 E d.process.medi: Not starting debugger since process cannot load the jdwp agent.
12-08 05:30:00.637 24302 24302 E DocsApplication: [main] No default account found during application creation.
12-08 05:30:01.265  1729  1752 E         : Couldn't opendir /data/app/vmdl803209627.tmp: No such file or directory
12-08 05:30:01.265  1729  1752 E installd: Failed to delete /data/app/vmdl803209627.tmp: No such file or directory
12-08 05:30:07.015 15927 24394 E audio_hw_generic: pcm_open(in) failed: cannot open device '/dev/snd/pcmC0D0c': Device or resource busy: channels 2 format 0 rate 16000
12-08 05:30:07.107 24397 24397 E harlton.mileag: Not starting debugger since process cannot load the jdwp agent.
12-08 05:30:08.350 16506 16506 E BeaconBle: Missing BluetoothAdapter
12-08 05:30:08.521 16506 16506 E BeaconBle: Scan couldn't start for Places
12-08 05:30:10.851 24423 24423 E hod.latin:trai: Not starting debugger since process cannot load the jdwp agent.
12-08 05:30:11.750 16085 31762 E putmethod.lati: Invalid ID 0x00000001.
12-08 05:30:11.803 16085 31762 E LstmTrainingCache: emn: Can't get resource name for input slot
12-08 05:30:11.803 16085 31762 E LstmTrainingCache: android.content.res.Resources$NotFoundException: Unable to find resource ID #0x1
12-08 05:30:11.803 16085 31762 E LstmTrainingCache: 	at android.content.res.ResourcesImpl.getResourceName(ResourcesImpl.java:255)
12-08 05:30:11.803 16085 31762 E LstmTrainingCache: 	at android.content.res.Resources.getResourceName(Resources.java:1954)
12-08 05:30:11.803 16085 31762 E LstmTrainingCache: 	at emn.a(PG:12)
12-08 05:30:11.803 16085 31762 E LstmTrainingCache: 	at emk.run(PG:5)
12-08 05:30:11.803 16085 31762 E LstmTrainingCache: 	at java.lang.Thread.run(Thread.java:764)
12-08 05:30:14.381  1829  1829 E netmgr  : Failed to open QEMU pipe 'qemud:network': Invalid argument
12-08 05:30:14.381  1829  1829 E netmgr  : WifiForwarder unable to open QEMU pipe: Invalid argument
12-08 05:30:15.069  1632  1632 E lowmemorykiller: Error opening /proc/23991/oom_score_adj; errno=2
12-08 05:30:15.214  1632  1632 E lowmemorykiller: Error opening /proc/24169/oom_score_adj; errno=2
12-08 05:30:15.845 16506 24408 E ctxmgr  : [AppIntervalImpl]closeInterval: ongoing
12-08 05:30:15.850 16506 24408 E ctxmgr  : [AppIntervalImpl]closeInterval: ongoing
12-08 05:30:16.941 15976 15989 E memtrack: Couldn't load memtrack module
12-08 05:30:17.393 15976 15989 E memtrack: Couldn't load memtrack module
12-08 05:30:17.662 15976 15989 E memtrack: Couldn't load memtrack module
12-08 05:30:22.839 16085 31762 E putmethod.lati: Invalid ID 0x00000001.
12-08 05:30:22.877 16085 31762 E LstmTrainingCache: emn: Can't get resource name for input slot
12-08 05:30:22.877 16085 31762 E LstmTrainingCache: android.content.res.Resources$NotFoundException: Unable to find resource ID #0x1
12-08 05:30:22.877 16085 31762 E LstmTrainingCache: 	at android.content.res.ResourcesImpl.getResourceName(ResourcesImpl.java:255)
12-08 05:30:22.877 16085 31762 E LstmTrainingCache: 	at android.content.res.Resources.getResourceName(Resources.java:1954)
12-08 05:30:22.877 16085 31762 E LstmTrainingCache: 	at emn.a(PG:12)
12-08 05:30:22.877 16085 31762 E LstmTrainingCache: 	at emk.run(PG:5)
12-08 05:30:22.877 16085 31762 E LstmTrainingCache: 	at java.lang.Thread.run(Thread.java:764)
12-08 05:30:23.694 24452 24452 E emui:screensho: Not starting debugger since process cannot load the jdwp agent.
12-08 05:30:24.457 24452 24452 E SoundPool: error loading /product/media/audio/ui/camera_click.ogg
12-08 05:30:24.720  1739  2068 E OMXNodeInstance: getConfig(0xee326b40:google.vorbis.decoder, ConfigAndroidVendorExtension(0x6f100004)) ERROR: Undefined(0x80001001)
12-08 05:30:24.740  1724  1863 E SurfaceFlinger: ro.sf.lcd_density must be defined as a build property
12-08 05:30:24.974  1724  1767 E SurfaceFlinger: ro.sf.lcd_density must be defined as a build property
12-08 05:30:29.222 10641 10670 E MicroDetectionWorker: Stale runnable..ignoring
12-08 05:30:29.278 15976 15989 E memtrack: Couldn't load memtrack module
12-08 05:30:29.286 10641 10641 E ContextIntentStarter: No activity found for any of the 0 intents
12-08 05:30:30.500 16506 16506 E BeaconBle: Missing BluetoothAdapter
12-08 05:30:30.615 16506 16506 E BeaconBle: Scan couldn't start for Places
12-08 05:30:35.166  1737  1809 E storaged: getDiskStats failed with result NOT_SUPPORTED and size 0
12-08 05:30:38.324 15976 15989 E memtrack: Couldn't load memtrack module
12-08 05:30:38.436 24504 24504 E oid.apps.photo: Not starting debugger since process cannot load the jdwp agent.
12-08 05:30:39.867 24528 24528 E ocess.gservice: Not starting debugger since process cannot load the jdwp agent.
12-08 05:30:43.330 16506 22668 E ctxmgr  : [AppIntervalImpl]closeInterval: ongoing
12-08 05:30:43.368 16506 22668 E ctxmgr  : [AppIntervalImpl]closeInterval: ongoing
12-08 05:30:44.993 10641 10641 E ClientVe: Failed to create ClientVisualElementsProto for user interaction on view com.google.android.apps.gsa.searchbox.ui.suggestions.views.CoreSuggestionView{4f0ed67 VFE...CL. ...P.... 0,289-1038,436 #29} because the view is not tagged for visual element logging.
12-08 05:30:44.997 10641 10641 E ClientVe: Failed to create ClientVisualElementsProto for user interaction on view com.google.android.apps.gsa.searchbox.ui.suggestions.views.CoreSuggestionView{2ab6bbd VFE...CL. ...P.... 0,436-1038,583 #2a} because the view is not tagged for visual element logging.
12-08 05:30:46.596 24571 24571 E id.partnersetu: Not starting debugger since process cannot load the jdwp agent.
12-08 05:30:46.599 24576 24576 E boxed_process1: Not starting debugger since process cannot load the jdwp agent.
12-08 05:30:47.446 10641 24154 E IcingUsageReportRunnabl: Failed to connect when reporting usage: ConnectionResult{statusCode=TIMEOUT, resolution=null, message=null}
12-08 05:30:49.433 15976 15989 E memtrack: Couldn't load memtrack module
12-08 05:30:49.787 10641 10641 E ClientVe: Failed to create ClientVisualElementsProto for user interaction on view com.google.android.apps.gsa.searchbox.ui.suggestions.views.CoreSuggestionView{4f0ed67 VFE...CL. ...P.... 0,289-1038,436 #29} because the view is not tagged for visual element logging.
12-08 05:30:49.869 10641 10641 E ClientVe: Failed to create ClientVisualElementsProto for user interaction on view com.google.android.apps.gsa.searchbox.ui.suggestions.views.CoreSuggestionView{f5e5104 VFE...CL. ...P.... 0,142-1038,289 #28} because the view is not tagged for visual element logging.
12-08 05:30:49.938 10641 10641 E ClientVe: Failed to create ClientVisualElementsProto for user interaction on view com.google.android.apps.gsa.searchbox.ui.suggestions.views.CoreSuggestionView{4f0ed67 VFE...CL. ...P.... 0,289-1038,436 #29} because the view is not tagged for visual element logging.
12-08 05:30:50.003 10641 10641 E ClientVe: Failed to create ClientVisualElementsProto for user interaction on view com.google.android.apps.gsa.searchbox.ui.suggestions.views.CoreSuggestionView{4f0ed67 VFE...CL. ......ID 0,289-1038,436 #29} because the view is not tagged for visual element logging.
12-08 05:30:50.584 10641 10641 E ClientVe: Failed to create ClientVisualElementsProto for user interaction on view com.google.android.apps.gsa.searchbox.ui.suggestions.views.CoreSuggestionView{f5e5104 VFE...CL. ...P.... 0,142-1038,289 #28} because the view is not tagged for visual element logging.
12-08 05:30:50.989  1632  1632 E lowmemorykiller: Error opening /proc/24452/oom_score_adj; errno=2
12-08 05:30:51.536 10641 10641 E ClientVe: Failed to create ClientVisualElementsProto for user interaction on view com.google.android.apps.gsa.searchbox.ui.suggestions.views.CoreSuggestionView{4f04917 VFE...CL. ...P.... 0,-5-1038,142 #27} because the view is not tagged for visual element logging.
12-08 05:30:55.398 10641 10649 E ReloadingLock: Finalizing LOCKED Token[searchresults_activity 2018-12-08 05:30:54.698]
