--------- beginning of main
--------- beginning of system
12-09 12:01:24.316  1739  1762 E storaged: getDiskStats failed with result NOT_SUPPORTED and size 0
12-09 12:01:24.918  1885  1899 E ActivityManager: Failure starting process com.evancharlton.mileage
12-09 12:01:24.918  1885  1899 E ActivityManager: java.lang.SecurityException: Package com.evancharlton.mileage is currently frozen!
12-09 12:01:24.918  1885  1899 E ActivityManager: 	at com.android.server.pm.PackageManagerService.checkPackageStartable(PackageManagerService.java:4000)
12-09 12:01:24.918  1885  1899 E ActivityManager: 	at com.android.server.am.ActivityManagerService.startProcessLocked(ActivityManagerService.java:4234)
12-09 12:01:24.918  1885  1899 E ActivityManager: 	at com.android.server.am.ActivityManagerService.startProcessLocked(ActivityManagerService.java:4199)
12-09 12:01:24.918  1885  1899 E ActivityManager: 	at com.android.server.am.ActivityManagerService.startProcessLocked(ActivityManagerService.java:4181)
12-09 12:01:24.918  1885  1899 E ActivityManager: 	at com.android.server.am.ActivityManagerService.startProcessLocked(ActivityManagerService.java:4067)
12-09 12:01:24.918  1885  1899 E ActivityManager: 	at com.android.server.am.ActivityStackSupervisor.startSpecificActivityLocked(ActivityStackSupervisor.java:1715)
12-09 12:01:24.918  1885  1899 E ActivityManager: 	at com.android.server.am.ActivityStack.resumeTopActivityInnerLocked(ActivityStack.java:2764)
12-09 12:01:24.918  1885  1899 E ActivityManager: 	at com.android.server.am.ActivityStack.resumeTopActivityUncheckedLocked(ActivityStack.java:2302)
12-09 12:01:24.918  1885  1899 E ActivityManager: 	at com.android.server.am.ActivityStackSupervisor.resumeFocusedStackTopActivityLocked(ActivityStackSupervisor.java:2234)
12-09 12:01:24.918  1885  1899 E ActivityManager: 	at com.android.server.am.ActivityStackSupervisor.resumeFocusedStackTopActivityLocked(ActivityStackSupervisor.java:2218)
12-09 12:01:24.918  1885  1899 E ActivityManager: 	at com.android.server.am.ActivityManagerService.handleAppDiedLocked(ActivityManagerService.java:5923)
12-09 12:01:24.918  1885  1899 E ActivityManager: 	at com.android.server.am.ActivityManagerService.removeProcessLocked(ActivityManagerService.java:7501)
12-09 12:01:24.918  1885  1899 E ActivityManager: 	at com.android.server.am.ActivityManagerService.killPackageProcessesLocked(ActivityManagerService.java:7142)
12-09 12:01:24.918  1885  1899 E ActivityManager: 	at com.android.server.am.ActivityManagerService.forceStopPackageLocked(ActivityManagerService.java:7275)
12-09 12:01:24.918  1885  1899 E ActivityManager: 	at com.android.server.am.ActivityManagerService$MainHandler.handleMessage(ActivityManagerService.java:2289)
12-09 12:01:24.918  1885  1899 E ActivityManager: 	at android.os.Handler.dispatchMessage(Handler.java:106)
12-09 12:01:24.918  1885  1899 E ActivityManager: 	at android.os.Looper.loop(Looper.java:193)
12-09 12:01:24.918  1885  1899 E ActivityManager: 	at android.os.HandlerThread.run(HandlerThread.java:65)
12-09 12:01:24.918  1885  1899 E ActivityManager: 	at com.android.server.ServiceThread.run(ServiceThread.java:44)
12-09 12:01:27.071  2378  3900 E ctxmgr  : [ProducerStatusImpl]updateStateForNewContextData: inactive, contextName=7
12-09 12:01:27.487  2378  2378 E BeaconBle: Missing BluetoothAdapter
12-09 12:01:27.599  2378  2378 E BeaconBle: Scan couldn't start for Places
12-09 12:01:29.510  1731  1731 E         : Couldn't opendir /data/app/vmdl1964128086.tmp: No such file or directory
12-09 12:01:29.510  1731  1731 E installd: Failed to delete /data/app/vmdl1964128086.tmp: No such file or directory
12-09 12:01:31.782  4303  4303 E harlton.mileag: Not starting debugger since process cannot load the jdwp agent.
12-09 12:01:33.901  1994  7294 E putmethod.lati: Invalid ID 0x00000001.
12-09 12:01:33.909  1994  7294 E LstmTrainingCache: emn: Can't get resource name for input slot
12-09 12:01:33.909  1994  7294 E LstmTrainingCache: android.content.res.Resources$NotFoundException: Unable to find resource ID #0x1
12-09 12:01:33.909  1994  7294 E LstmTrainingCache: 	at android.content.res.ResourcesImpl.getResourceName(ResourcesImpl.java:255)
12-09 12:01:33.909  1994  7294 E LstmTrainingCache: 	at android.content.res.Resources.getResourceName(Resources.java:1954)
12-09 12:01:33.909  1994  7294 E LstmTrainingCache: 	at emn.a(PG:12)
12-09 12:01:33.909  1994  7294 E LstmTrainingCache: 	at emk.run(PG:5)
12-09 12:01:33.909  1994  7294 E LstmTrainingCache: 	at java.lang.Thread.run(Thread.java:764)
12-09 12:01:41.410  1994  1994 E native  : suggestion-transformer.cc:118 suggestion picked candidate not found for id: 2
12-09 12:01:41.449  1994  1994 E native  : suggestion-transformer.cc:118 suggestion picked candidate not found for id: 2
12-09 12:01:43.641  4303  4303 E SpannableStringBuilder: SPAN_EXCLUSIVE_EXCLUSIVE spans cannot have a zero length
12-09 12:01:43.641  4303  4303 E SpannableStringBuilder: SPAN_EXCLUSIVE_EXCLUSIVE spans cannot have a zero length
12-09 12:01:55.703  2378  4101 E ctxmgr  : [ProducerStatusImpl]updateStateForNewContextData: inactive, contextName=7
12-09 12:01:56.152  2378  2378 E BeaconBle: Missing BluetoothAdapter
12-09 12:01:56.284  2378  2378 E BeaconBle: Scan couldn't start for Places
12-09 12:01:59.485 23668 23668 E ContextIntentStarter: No activity found for any of the 0 intents
12-09 12:02:00.816  1629  1629 E android.hardware.wifi@1.0-service: Failed to register radio mode change callback
12-09 12:02:00.822  1629  1629 E android.hardware.wifi@1.0-service: Failed to set DFS flag; DFS channels may be unavailable.
12-09 12:02:00.886  1740  1740 E wificond: No Offload Service available
12-09 12:02:01.341  1885  1971 E WifiP2pService: Unhandled message { when=0 what=131203 target=com.android.internal.util.StateMachine$SmHandler }
12-09 12:02:01.341  1885  1971 E WifiP2pService: Unhandled message { when=-12ms what=131203 target=com.android.internal.util.StateMachine$SmHandler }
12-09 12:02:01.397  1885  1903 E BatteryExternalStatsWorker: no controller energy info supplied for wifi
12-09 12:02:01.482  1885  1903 E BatteryExternalStatsWorker: no controller energy info supplied for wifi
12-09 12:02:02.445 23668 23701 E MicroDetectionWorker: Stale runnable..ignoring
12-09 12:02:03.148 23668 23668 E ClientVe: Failed to create ClientVisualElementsProto for user interaction on view com.google.android.apps.gsa.searchbox.ui.suggestions.views.p{4bec71e VFE...CL. ...P.... 207,21-414,279 #ba} because the view is not tagged for visual element logging.
12-09 12:02:03.575  4370  4370 E .android.diale: Not starting debugger since process cannot load the jdwp agent.
12-09 12:02:05.718 23668 23668 E ClientVe: Failed to create ClientVisualElementsProto for user interaction on view com.google.android.apps.gsa.searchbox.ui.suggestions.views.p{a6b9e6b VFE...CL. ...P.... 0,21-207,279 #b9} because the view is not tagged for visual element logging.
12-09 12:02:06.050 23668 23668 E ClientVe: Failed to create ClientVisualElementsProto for user interaction on view com.google.android.apps.gsa.searchbox.ui.suggestions.views.CoreSuggestionView{e54f85b VFE...CL. ...P.... 0,289-1038,436 #bd} because the view is not tagged for visual element logging.
12-09 12:02:06.114  1885  1903 E BatteryExternalStatsWorker: no controller energy info supplied for wifi
12-09 12:02:06.165 23668 23668 E ClientVe: Failed to create ClientVisualElementsProto for user interaction on view com.google.android.apps.gsa.searchbox.ui.suggestions.views.CoreSuggestionView{3e99436 VFE...CL. ...P.... 0,436-1038,583 #be} because the view is not tagged for visual element logging.
12-09 12:02:06.198  4370  4370 E .android.diale: The String#value field is not present on Android versions >= 6.0
12-09 12:02:06.733  1737  1820 E Netd    : Error adding route ::/0 -> fe80::ff:fe00:100 wlan0 to table 1003: File exists
12-09 12:02:07.506  2378  4424 E WakeLock: GCM_CONN_ALARM release without a matched acquire!
12-09 12:02:08.446  4370  4407 E PhenotypeFlagCommitter: Retrieving snapshot for com.google.android.dialer failed
12-09 12:02:08.446  4370  4407 E PhenotypeFlagCommitter: java.util.concurrent.TimeoutException: Timed out waiting for Task
12-09 12:02:08.446  4370  4407 E PhenotypeFlagCommitter: 	at fas.a(Unknown Source:77)
12-09 12:02:08.446  4370  4407 E PhenotypeFlagCommitter: 	at fpa.a(Unknown Source:3)
12-09 12:02:08.446  4370  4407 E PhenotypeFlagCommitter: 	at edu.a(PG:7)
12-09 12:02:08.446  4370  4407 E PhenotypeFlagCommitter: 	at bcc.c(PG:14)
12-09 12:02:08.446  4370  4407 E PhenotypeFlagCommitter: 	at bcd.run(Unknown Source:2)
12-09 12:02:08.446  4370  4407 E PhenotypeFlagCommitter: 	at java.util.concurrent.Executors$RunnableAdapter.call(Executors.java:458)
12-09 12:02:08.446  4370  4407 E PhenotypeFlagCommitter: 	at java.util.concurrent.FutureTask.run(FutureTask.java:266)
12-09 12:02:08.446  4370  4407 E PhenotypeFlagCommitter: 	at java.util.concurrent.ScheduledThreadPoolExecutor$ScheduledFutureTask.run(ScheduledThreadPoolExecutor.java:301)
12-09 12:02:08.446  4370  4407 E PhenotypeFlagCommitter: 	at java.util.concurrent.ThreadPoolExecutor.runWorker(ThreadPoolExecutor.java:1167)
12-09 12:02:08.446  4370  4407 E PhenotypeFlagCommitter: 	at java.util.concurrent.ThreadPoolExecutor$Worker.run(ThreadPoolExecutor.java:641)
12-09 12:02:08.446  4370  4407 E PhenotypeFlagCommitter: 	at java.lang.Thread.run(Thread.java:764)
12-09 12:02:09.528  4434  4434 E .android.video: Not starting debugger since process cannot load the jdwp agent.
12-09 12:02:11.024  4464  4464 E e.process.gapp: Not starting debugger since process cannot load the jdwp agent.
12-09 12:02:12.624  4518  4518 E id.gms.unstabl: Not starting debugger since process cannot load the jdwp agent.
12-09 12:02:15.625  1834  1834 E netmgr  : Failed to open QEMU pipe 'qemud:network': Invalid argument
12-09 12:02:15.625  1834  1834 E netmgr  : WifiForwarder unable to open QEMU pipe: Invalid argument
12-09 12:02:20.878  4556  4556 E viders.calenda: Not starting debugger since process cannot load the jdwp agent.
12-09 12:02:21.035  4568  4568 E ndroid.calenda: Not starting debugger since process cannot load the jdwp agent.
12-09 12:02:23.495  1885  1898 E memtrack: Couldn't load memtrack module
12-09 12:02:23.894  1739  1762 E storaged: getDiskStats failed with result NOT_SUPPORTED and size 0
12-09 12:02:26.726  1994  1994 E native  : suggestion-transformer.cc:118 suggestion picked candidate not found for id: 3
12-09 12:02:27.535  4641  4641 E droid.deskcloc: Not starting debugger since process cannot load the jdwp agent.
12-09 12:02:28.818  2378  2378 E BluetoothAdapter: Bluetooth binder is null
12-09 12:02:28.825  4641  4641 E LoadedApk: Unable to instantiate appComponentFactory
12-09 12:02:28.825  4641  4641 E LoadedApk: java.lang.ClassNotFoundException: Didn't find class "android.support.v4.app.CoreComponentFactory" on path: DexPathList[[zip file "/data/app/com.google.android.deskclock-irjeQ48B8SlCzNgOUY6aXg==/base.apk"],nativeLibraryDirectories=[/data/app/com.google.android.deskclock-irjeQ48B8SlCzNgOUY6aXg==/lib/x86, /system/lib]]
12-09 12:02:28.825  4641  4641 E LoadedApk: 	at dalvik.system.BaseDexClassLoader.findClass(BaseDexClassLoader.java:134)
12-09 12:02:28.825  4641  4641 E LoadedApk: 	at java.lang.ClassLoader.loadClass(ClassLoader.java:379)
12-09 12:02:28.825  4641  4641 E LoadedApk: 	at java.lang.ClassLoader.loadClass(ClassLoader.java:312)
12-09 12:02:28.825  4641  4641 E LoadedApk: 	at android.app.LoadedApk.createAppFactory(LoadedApk.java:226)
12-09 12:02:28.825  4641  4641 E LoadedApk: 	at android.app.LoadedApk.createOrUpdateClassLoaderLocked(LoadedApk.java:731)
12-09 12:02:28.825  4641  4641 E LoadedApk: 	at android.app.LoadedApk.getClassLoader(LoadedApk.java:810)
12-09 12:02:28.825  4641  4641 E LoadedApk: 	at android.app.LoadedApk.getResources(LoadedApk.java:1032)
12-09 12:02:28.825  4641  4641 E LoadedApk: 	at android.app.ContextImpl.createAppContext(ContextImpl.java:2345)
12-09 12:02:28.825  4641  4641 E LoadedApk: 	at android.app.ActivityThread.handleBindApplication(ActivityThread.java:5749)
12-09 12:02:28.825  4641  4641 E LoadedApk: 	at android.app.ActivityThread.access$1100(ActivityThread.java:199)
12-09 12:02:28.825  4641  4641 E LoadedApk: 	at android.app.ActivityThread$H.handleMessage(ActivityThread.java:1650)
12-09 12:02:28.825  4641  4641 E LoadedApk: 	at android.os.Handler.dispatchMessage(Handler.java:106)
12-09 12:02:28.825  4641  4641 E LoadedApk: 	at android.os.Looper.loop(Looper.java:193)
12-09 12:02:28.825  4641  4641 E LoadedApk: 	at android.app.ActivityThread.main(ActivityThread.java:6669)
12-09 12:02:28.825  4641  4641 E LoadedApk: 	at java.lang.reflect.Method.invoke(Native Method)
12-09 12:02:28.825  4641  4641 E LoadedApk: 	at com.android.internal.os.RuntimeInit$MethodAndArgsCaller.run(RuntimeInit.java:493)
12-09 12:02:28.825  4641  4641 E LoadedApk: 	at com.android.internal.os.ZygoteInit.main(ZygoteInit.java:858)
12-09 12:02:33.612  1885  1898 E memtrack: Couldn't load memtrack module
12-09 12:02:35.149 23668 23701 E MicroDetectionWorker: Stale runnable..ignoring
12-09 12:02:37.228  4684  4684 E com.ustwo.lwp: Not starting debugger since process cannot load the jdwp agent.
12-09 12:02:41.559  1885  1898 E memtrack: Couldn't load memtrack module
12-09 12:02:43.406  4701  4701 E d.configupdate: Not starting debugger since process cannot load the jdwp agent.
12-09 12:02:43.596  1885  1898 E memtrack: Couldn't load memtrack module
