--------- beginning of system
12-07 10:53:27.753  1735  1809 E storaged: getDiskStats failed with result NOT_SUPPORTED and size 0
12-07 10:54:20.413  1880  1897 E AutofillSession: No assist structure - app might have crashed providing it
12-07 10:54:27.774  1735  1809 E storaged: getDiskStats failed with result NOT_SUPPORTED and size 0
12-07 10:54:44.387  1880  1897 E AutofillSession: No assist structure - app might have crashed providing it
12-07 10:55:27.798  1735  1809 E storaged: getDiskStats failed with result NOT_SUPPORTED and size 0
--------- beginning of main
12-07 10:56:10.841  1737  2084 E OMXNodeInstance: setConfig(0xea126ae0:google.vorbis.decoder, ConfigPriority(0x6f800002)) ERROR: Undefined(0x80001001)
12-07 10:56:10.846  1737  2084 E OMXNodeInstance: getConfig(0xea126ae0:google.vorbis.decoder, ConfigAndroidVendorExtension(0x6f100004)) ERROR: Undefined(0x80001001)
12-07 10:56:13.205  1829  1829 E netmgr  : Failed to open QEMU pipe 'qemud:network': Invalid argument
12-07 10:56:13.208  1829  1829 E netmgr  : WifiForwarder unable to open QEMU pipe: Invalid argument
12-07 10:56:20.551  1610  1692 E audio_hw_generic: pcm_write failed cannot write stream data: I/O error
12-07 10:56:25.538 24438 24438 E oid.apps.photo: Not starting debugger since process cannot load the jdwp agent.
12-07 10:56:27.844  1735  1809 E storaged: getDiskStats failed with result NOT_SUPPORTED and size 0
12-07 10:56:49.978  1629  1629 E lowmemorykiller: Error writing /proc/24185/oom_score_adj; errno=22
12-07 10:56:54.488  2378 23682 E ctxmgr  : [ProducerStatusImpl]updateStateForNewContextData: inactive, contextName=7
12-07 10:56:56.538  2378 23682 E SynchronizedLE: asynchronous call timed out or was interrupted
12-07 10:56:59.093  2378  2378 E BeaconBle: Missing BluetoothAdapter
12-07 10:56:59.262  2378  2378 E BeaconBle: Scan couldn't start for Places
12-07 10:57:01.467  2378 23682 E ctxmgr  : [ProducerStatusImpl]updateStateForNewContextData: inactive, contextName=18
12-07 10:57:13.372  1829  1829 E netmgr  : Failed to open QEMU pipe 'qemud:network': Invalid argument
12-07 10:57:13.372  1829  1829 E netmgr  : WifiForwarder unable to open QEMU pipe: Invalid argument
12-07 10:57:13.372  1880  1897 E AutofillSession: No assist structure - app might have crashed providing it
12-07 10:57:25.380 19845 19845 E ContextIntentStarter: No activity found for any of the 0 intents
12-07 10:57:27.889  1735  1809 E storaged: getDiskStats failed with result NOT_SUPPORTED and size 0
12-07 10:57:49.658  2378 23963 E ctxmgr  : [ProducerStatusImpl]updateStateForNewContextData: inactive, contextName=7
12-07 10:57:52.125  2378  2378 E BeaconBle: Missing BluetoothAdapter
12-07 10:57:52.183  2378  2378 E BeaconBle: Scan couldn't start for Places
12-07 10:57:52.213  2780  2915 E PlayCommon: [145] com.google.android.play.b.g.a(448): Failed to connect to server: java.net.UnknownHostException: Unable to resolve host "play.googleapis.com": No address associated with hostname
12-07 10:57:52.319 24527 24527 E boxed_process1: Not starting debugger since process cannot load the jdwp agent.
12-07 10:58:13.376  1829  1829 E netmgr  : Failed to open QEMU pipe 'qemud:network': Invalid argument
12-07 10:58:13.377  1829  1829 E netmgr  : WifiForwarder unable to open QEMU pipe: Invalid argument
12-07 10:58:27.983  1735  1809 E storaged: getDiskStats failed with result NOT_SUPPORTED and size 0
12-07 10:59:14.856  1829  1829 E netmgr  : Failed to open QEMU pipe 'qemud:network': Invalid argument
12-07 10:59:14.856  1829  1829 E netmgr  : WifiForwarder unable to open QEMU pipe: Invalid argument
12-07 10:59:17.502  1610  1692 E audio_hw_generic: pcm_write failed cannot write stream data: I/O error
12-07 10:59:29.436  1610  1692 E audio_hw_generic: pcm_write failed cannot write stream data: I/O error
12-07 10:59:29.442  1735  1809 E storaged: getDiskStats failed with result NOT_SUPPORTED and size 0
12-07 10:59:38.983 24554 24554 E id.gms.learnin: Not starting debugger since process cannot load the jdwp agent.
12-07 11:00:05.528  1610  1692 E audio_hw_generic: pcm_write failed cannot write stream data: I/O error
12-07 11:00:13.198 24581 24581 E hod.latin:trai: Not starting debugger since process cannot load the jdwp agent.
12-07 11:00:15.249  1829  1829 E netmgr  : Failed to open QEMU pipe 'qemud:network': Invalid argument
12-07 11:00:15.249  1829  1829 E netmgr  : WifiForwarder unable to open QEMU pipe: Invalid argument
12-07 11:00:25.318  1610  1692 E audio_hw_generic: pcm_write failed cannot write stream data: I/O error
12-07 11:00:29.725  1735  1809 E storaged: getDiskStats failed with result NOT_SUPPORTED and size 0
12-07 11:00:34.570  1880  1897 E AutofillSession: No assist structure - app might have crashed providing it
12-07 11:00:41.885  1610  1692 E audio_hw_generic: pcm_write failed cannot write stream data: I/O error
12-07 11:00:41.979  1880  1896 E ActivityManager: ANR in com.google.android.inputmethod.latin:train
12-07 11:00:41.979  1880  1896 E ActivityManager: PID: 24581
12-07 11:00:41.979  1880  1896 E ActivityManager: Reason: executing service com.google.android.inputmethod.latin/com.google.android.apps.inputmethod.libs.dvrnn.trainingservice.DvrnnTrainingRpcService
12-07 11:00:41.979  1880  1896 E ActivityManager: Load: 0.0 / 0.0 / 0.0
12-07 11:00:41.979  1880  1896 E ActivityManager: CPU usage from 51030ms to 0ms ago (2018-12-07 10:59:46.038 to 2018-12-07 11:00:37.068):
12-07 11:00:41.979  1880  1896 E ActivityManager:   32% 1880/system_server: 16% user + 16% kernel / faults: 2790 minor 542 major
12-07 11:00:41.979  1880  1896 E ActivityManager:   28% 646/kswapd0: 0% user + 28% kernel
12-07 11:00:41.979  1880  1896 E ActivityManager:   26% 2422/com.google.android.apps.nexuslauncher: 14% user + 12% kernel / faults: 1028 minor 35 major
12-07 11:00:41.979  1880  1896 E ActivityManager:   5% 24351/com.evancharlton.mileage: 1.4% user + 3.5% kernel / faults: 23592 minor 361 major
12-07 11:00:41.979  1880  1896 E ActivityManager:   9.5% 2008/com.android.systemui: 5.2% user + 4.2% kernel / faults: 588 minor 155 major
12-07 11:00:41.979  1880  1896 E ActivityManager:   11% 1722/surfaceflinger: 4.6% user + 7.1% kernel / faults: 54 minor 3 major
12-07 11:00:41.979  1880  1896 E ActivityManager:   6.2% 19845/com.google.android.googlequicksearchbox:search: 2.7% user + 3.5% kernel / faults: 276 minor 306 major
12-07 11:00:41.979  1880  1896 E ActivityManager:   5.5% 1628/audioserver: 1.5% user + 4% kernel / faults: 20 minor 32 major
12-07 11:00:41.979  1880  1896 E ActivityManager:   4.9% 1701/kworker/u9:2: 0% user + 4.9% kernel
12-07 11:00:41.979  1880  1896 E ActivityManager:   4.6% 22385/kworker/u8:6: 0% user + 4.6% kernel
12-07 11:00:41.979  1880  1896 E ActivityManager:   4.6% 1700/kworker/u9:1: 0% user + 4.6% kernel
12-07 11:00:41.979  1880  1896 E ActivityManager:   4.5% 1702/kworker/u9:3: 0% user + 4.5% kernel
12-07 11:00:41.979  1880  1896 E ActivityManager:   4.4% 1675/kworker/u9:0: 0% user + 4.4% kernel
12-07 11:00:41.979  1880  1896 E ActivityManager:   4.1% 2378/com.google.android.gms.persistent: 2.1% user + 1.9% kernel / faults: 480 minor 73 major
12-07 11:00:41.979  1880  1896 E ActivityManager:   3.6% 1723/zygote: 0.4% user + 3.1% kernel / faults: 156 minor 16 major
12-07 11:00:41.979  1880  1896 E ActivityManager:   2.1% 1610/android.hardware.audio@2.0-service: 1.3% user + 0.8% kernel / faults: 6 minor 15 major
12-07 11:00:41.979  1880  1896 E ActivityManager:   1.5% 2300/adbd: 0% user + 1.5% kernel / faults: 104342 minor
12-07 11:00:41.979  1880  1896 E ActivityManager:   0.6% 1992/com.google.android.inputmethod.latin: 0% user + 0.6% kernel / faults: 1046 minor 401 major
12-07 11:00:41.979  1880  1896 E ActivityManager:   0.6% 24554/com.google.android.gms.learning: 0.2% user + 0.4% kernel / faults: 1163 minor 341 major
12-07 11:00:41.979  1880  1896 E ActivityManager:   0.5% 1745/android.hardware.graphics.composer@2.1-service: 0% user + 0.5% kernel / faults: 51 minor 2 major
12-07 11:00:41.979  1880  1896 E ActivityManager:   0.5% 21141/kworker/u8:5: 0% user + 0.5% kernel
12-07 11:00:41.979  1880  1896 E ActivityManager:   0.4% 24339/com.android.commands.monkey: 0.3% user + 0.1% kernel / faults: 289 minor 53 major
12-07 11:00:41.979  1880  1896 E ActivityManager:   0.4% 3/ksoftirqd/0: 0% user + 0.4% kernel
12-07 11:00:41.979  1880  1896 E ActivityManager:   0.4% 22205/kworker/u8:3: 0% user + 0.4% kernel
12-07 11:00:41.979  1880  1896 E ActivityManager:   0.1% 18700/kworker/u9:4: 0% user + 0.1% kernel
12-07 11:00:41.979  1880  1896 E ActivityManager:   0.3% 23934/kworker/u8:0: 0% user + 0.3% kernel
12-07 11:00:41.979  1880  1896 E ActivityManager:   0.2% 1553/logd: 0% user + 0.2% kernel / faults: 5 minor 3 major
12-07 11:00:41.979  1880  1896 E ActivityManager:   0.2% 1624/android.hardware.sensors@1.0-service: 0% user + 0.2% kernel
12-07 11:00:41.979  1880  1896 E ActivityManager:   0.1% 2347/kworker/u8:4: 0% user + 0.1% kernel
12-07 11:00:41.979  1880  1896 E ActivityManager:   0% 1619/android.hardware.gnss@1.0-service: 0% user + 0% kernel
12-07 11:00:41.979  1880  1896 E ActivityManager:   0% 24509/kworker/0:2: 0% user + 0% kernel
12-07 11:00:41.979  1880  1896 E ActivityManager:   0% 23839/kworker/u8:1: 0% user + 0% kernel
12-07 11:00:41.979  1880  1896 E ActivityManager:   0% 24527/com.android.chrome:sandboxed_process18: 0% user + 0% kernel / faults: 20 minor 71 major
12-07 11:00:41.979  1880  1896 E ActivityManager:   0% 1554/servicemanager: 0% user + 0% kernel
12-07 11:00:41.979  1880  1896 E ActivityManager:   0% 1608/healthd: 0% user + 0% kernel / faults: 1 minor 1 major
12-07 11:00:41.979  1880  1896 E ActivityManager:   0% 2125/com.android.phone: 0% user + 0% kernel / faults: 18 minor 14 major
12-07 11:00:41.979  1880  1896 E ActivityManager:   0% 2482/com.google.android.gms: 0% user + 0% kernel / faults: 428 minor 10 major
12-07 11:00:41.979  1880  1896 E ActivityManager:   0% 2780/com.android.vending: 0% user + 0% kernel / faults: 44 minor 25 major
12-07 11:00:41.979  1880  1896 E ActivityManager:   0% 2318/logcat: 0% user + 0% kernel
12-07 11:00:41.979  1880  1896 E ActivityManager:   0% 24000/com.google.process.gservices: 0% user + 0% kernel / faults: 134 minor 9 major
12-07 11:00:41.979  1880  1896 E ActivityManager:   0% 7/rcu_preempt: 0% user + 0% kernel
12-07 11:00:41.979  1880  1896 E ActivityManager:   0% 12/ksoftirqd/1: 0% user + 0% kernel
12-07 11:00:41.979  1880  1896 E ActivityManager:   0% 1620/android.hardware.graphics.allocator@2.0-service: 0% user + 0% kernel / faults: 19 minor 1 major
12-07 11:00:41.979  1880  1896 E ActivityManager:   0% 1623/android.hardware.power@1.1-service.ranchu: 0% user + 0% kernel
12-07 11:00:41.979  1880  1896 E ActivityManager:   0% 1629/lmkd: 0% user + 0% kernel
12-07 11:00:41.979  1880  1896 E ActivityManager:   0% 1715/jbd2/dm-1-8: 0% user + 0% kernel
12-07 11:00:41.979  1880  1896 E ActivityManager:   0% 1868/hostapd_nohidl: 0% user + 0% kernel
12-07 11:00:41.979  1880  1896 E ActivityManager:  +0% 24581/com.google.android.inputmethod.latin:train: 0% user + 0% kernel
12-07 11:00:41.979  1880  1896 E ActivityManager: 28% TOTAL: 4.8% user + 14% kernel + 8% iowait + 0.9% softirq
12-07 11:00:41.979  1880  1896 E ActivityManager: CPU usage from 20647600ms to 20647600ms ago (1970-01-01 00:00:00.000 to 1970-01-01 00:00:00.000) with 0% awake:
12-07 11:00:41.979  1880  1896 E ActivityManager: 0% TOTAL: 0% user + 0% kernel
12-07 11:00:49.131  1880  4432 E memtrack: Couldn't load memtrack module
12-07 11:00:49.268  1880  4432 E memtrack: Couldn't load memtrack module
12-07 11:00:51.435  1880  4432 E memtrack: Couldn't load memtrack module
12-07 11:00:51.582  1880  4432 E memtrack: Couldn't load memtrack module
12-07 11:00:51.687  1880  4432 E memtrack: Couldn't load memtrack module
12-07 11:00:53.632  1880  4432 E memtrack: Couldn't load memtrack module
12-07 11:00:53.714  1880  4432 E memtrack: Couldn't load memtrack module
12-07 11:00:53.817  1880  4432 E memtrack: Couldn't load memtrack module
12-07 11:00:53.898  1880  4432 E memtrack: Couldn't load memtrack module
12-07 11:00:53.987  1880  1895 E memtrack: Couldn't load memtrack module
12-07 11:00:53.992  1880  1895 E memtrack: Couldn't load memtrack module
12-07 11:00:53.993  1880  1895 E memtrack: Couldn't load memtrack module
12-07 11:00:53.994  1880  1895 E memtrack: Couldn't load memtrack module
12-07 11:00:53.995  1880  1895 E memtrack: Couldn't load memtrack module
12-07 11:00:54.000  1880  1895 E memtrack: Couldn't load memtrack module
12-07 11:00:54.002  1880  4432 E memtrack: Couldn't load memtrack module
12-07 11:00:54.004  1880  1895 E memtrack: Couldn't load memtrack module
12-07 11:00:54.007  1880  1895 E memtrack: Couldn't load memtrack module
12-07 11:00:54.010  1880  1895 E memtrack: Couldn't load memtrack module
12-07 11:00:54.013  1880  1895 E memtrack: Couldn't load memtrack module
12-07 11:00:54.020  1880  1895 E memtrack: Couldn't load memtrack module
12-07 11:00:54.024  1880  1895 E memtrack: Couldn't load memtrack module
12-07 11:00:54.028  1880  1895 E memtrack: Couldn't load memtrack module
12-07 11:00:54.033  1880  1895 E memtrack: Couldn't load memtrack module
12-07 11:00:56.074  1880  1895 E memtrack: Couldn't load memtrack module
12-07 11:00:56.083  1880  1895 E memtrack: Couldn't load memtrack module
12-07 11:00:56.102  1880  1895 E memtrack: Couldn't load memtrack module
12-07 11:00:56.109  1880  1895 E memtrack: Couldn't load memtrack module
12-07 11:00:56.113  1880  4432 E memtrack: Couldn't load memtrack module
12-07 11:00:56.117  1880  1895 E memtrack: Couldn't load memtrack module
12-07 11:00:56.125  1880  1895 E memtrack: Couldn't load memtrack module
12-07 11:00:56.132  1880  1895 E memtrack: Couldn't load memtrack module
12-07 11:00:56.138  1880  1895 E memtrack: Couldn't load memtrack module
12-07 11:00:56.148  1880  1895 E memtrack: Couldn't load memtrack module
12-07 11:00:56.154  1880  1895 E memtrack: Couldn't load memtrack module
12-07 11:00:56.161  1880  1895 E memtrack: Couldn't load memtrack module
12-07 11:00:56.165  1880  1895 E memtrack: Couldn't load memtrack module
12-07 11:00:56.170  1880  1895 E memtrack: Couldn't load memtrack module
12-07 11:00:56.174  1880  1895 E memtrack: Couldn't load memtrack module
12-07 11:00:56.180  1880  1895 E memtrack: Couldn't load memtrack module
12-07 11:00:56.184  1880  1895 E memtrack: Couldn't load memtrack module
12-07 11:00:56.191  1880  4432 E memtrack: Couldn't load memtrack module
12-07 11:00:56.214  1880  1895 E memtrack: Couldn't load memtrack module
12-07 11:00:56.216  1880  1895 E memtrack: Couldn't load memtrack module
12-07 11:00:56.222  1880  1895 E memtrack: Couldn't load memtrack module
12-07 11:00:56.224  1880  1895 E memtrack: Couldn't load memtrack module
12-07 11:00:56.227  1880  1895 E memtrack: Couldn't load memtrack module
12-07 11:00:56.238  1880  1895 E memtrack: Couldn't load memtrack module
12-07 11:00:56.269  1880  4432 E memtrack: Couldn't load memtrack module
12-07 11:00:56.282  1880  1895 E memtrack: Couldn't load memtrack module
12-07 11:00:56.292  1880  1895 E memtrack: Couldn't load memtrack module
12-07 11:00:56.300  1880  1895 E memtrack: Couldn't load memtrack module
12-07 11:00:56.304  1880  1895 E memtrack: Couldn't load memtrack module
12-07 11:00:56.310  1880  1895 E memtrack: Couldn't load memtrack module
12-07 11:00:56.315  1880  1895 E memtrack: Couldn't load memtrack module
12-07 11:00:56.320  1880  1895 E memtrack: Couldn't load memtrack module
12-07 11:00:56.331  1880  1895 E memtrack: Couldn't load memtrack module
12-07 11:00:56.339  1880  4432 E memtrack: Couldn't load memtrack module
12-07 11:00:56.347  1880  1895 E memtrack: Couldn't load memtrack module
12-07 11:00:56.359  1880  1895 E memtrack: Couldn't load memtrack module
12-07 11:00:56.367  1880  1895 E memtrack: Couldn't load memtrack module
12-07 11:00:56.382  1880  1895 E memtrack: Couldn't load memtrack module
12-07 11:00:56.389  1880  1895 E memtrack: Couldn't load memtrack module
12-07 11:00:56.394  1880  1895 E memtrack: Couldn't load memtrack module
12-07 11:00:56.407  1880  1895 E memtrack: Couldn't load memtrack module
12-07 11:00:56.417  1880  4432 E memtrack: Couldn't load memtrack module
12-07 11:00:56.418  1880  1895 E memtrack: Couldn't load memtrack module
12-07 11:00:56.423  1880  1895 E memtrack: Couldn't load memtrack module
12-07 11:00:56.426  1880  1895 E memtrack: Couldn't load memtrack module
12-07 11:00:56.441  1880  1895 E memtrack: Couldn't load memtrack module
12-07 11:00:56.457  1880  1895 E memtrack: Couldn't load memtrack module
12-07 11:00:56.459  1880  1895 E memtrack: Couldn't load memtrack module
12-07 11:00:56.461  1880  1895 E memtrack: Couldn't load memtrack module
12-07 11:00:56.464  1880  1895 E memtrack: Couldn't load memtrack module
12-07 11:00:56.467  1880  1895 E memtrack: Couldn't load memtrack module
12-07 11:00:56.469  1880  1895 E memtrack: Couldn't load memtrack module
12-07 11:00:56.472  1880  1895 E memtrack: Couldn't load memtrack module
12-07 11:00:56.475  1880  1895 E memtrack: Couldn't load memtrack module
12-07 11:00:56.478  1880  1895 E memtrack: Couldn't load memtrack module
12-07 11:00:58.333  1880  4432 E memtrack: Couldn't load memtrack module
12-07 11:00:58.339  1880  1895 E memtrack: Couldn't load memtrack module
12-07 11:00:58.343  1880  1895 E memtrack: Couldn't load memtrack module
12-07 11:00:58.347  1880  1895 E memtrack: Couldn't load memtrack module
12-07 11:00:58.351  1880  1895 E memtrack: Couldn't load memtrack module
12-07 11:00:58.354  1880  1895 E memtrack: Couldn't load memtrack module
12-07 11:00:58.390  1880  1895 E memtrack: Couldn't load memtrack module
12-07 11:00:58.396  1880  1895 E memtrack: Couldn't load memtrack module
12-07 11:00:58.424  1880  4432 E memtrack: Couldn't load memtrack module
12-07 11:00:58.461  1880  1895 E memtrack: Couldn't load memtrack module
12-07 11:00:58.527  1880  4432 E memtrack: Couldn't load memtrack module
12-07 11:00:58.538  1880  1895 E memtrack: Couldn't load memtrack module
12-07 11:00:58.603  1880  1895 E memtrack: Couldn't load memtrack module
12-07 11:00:58.603  1880  4432 E memtrack: Couldn't load memtrack module
12-07 11:00:58.686  1880  1895 E memtrack: Couldn't load memtrack module
12-07 11:01:00.786  1880  4432 E memtrack: Couldn't load memtrack module
12-07 11:01:00.963  1880  4432 E memtrack: Couldn't load memtrack module
12-07 11:01:03.232  1880  1899 E libprocessgroup: Error encountered killing process cgroup uid 99185 pid 24527: No such file or directory
12-07 11:01:03.276  1880  1895 E memtrack: Couldn't load memtrack module
12-07 11:01:03.358  1880  4432 E memtrack: Couldn't load memtrack module
12-07 11:01:05.503  1880  1895 E memtrack: Couldn't load memtrack module
12-07 11:01:05.562  1880  4432 E memtrack: Couldn't load memtrack module
12-07 11:01:05.587  1880  1895 E memtrack: Couldn't load memtrack module
12-07 11:01:05.692  1880  1895 E memtrack: Couldn't load memtrack module
12-07 11:01:05.740  1880  1895 E memtrack: Couldn't load memtrack module
12-07 11:01:05.782  1880  4432 E memtrack: Couldn't load memtrack module
12-07 11:01:05.798  1880  1895 E memtrack: Couldn't load memtrack module
12-07 11:01:05.805  1880  4432 E memtrack: Couldn't load memtrack module
12-07 11:01:05.809  1880  4432 E memtrack: Couldn't load memtrack module
12-07 11:01:05.810  1880  4432 E memtrack: Couldn't load memtrack module
12-07 11:01:05.811  1880  4432 E memtrack: Couldn't load memtrack module
12-07 11:01:05.816  1880  4432 E memtrack: Couldn't load memtrack module
12-07 11:01:05.820  1880  4432 E memtrack: Couldn't load memtrack module
12-07 11:01:05.826  1880  4432 E memtrack: Couldn't load memtrack module
12-07 11:01:05.830  1880  4432 E memtrack: Couldn't load memtrack module
12-07 11:01:05.836  1880  4432 E memtrack: Couldn't load memtrack module
12-07 11:01:05.839  1880  1895 E memtrack: Couldn't load memtrack module
12-07 11:01:05.845  1880  4432 E memtrack: Couldn't load memtrack module
12-07 11:01:05.850  1880  4432 E memtrack: Couldn't load memtrack module
12-07 11:01:05.855  1880  4432 E memtrack: Couldn't load memtrack module
12-07 11:01:05.864  1880  4432 E memtrack: Couldn't load memtrack module
12-07 11:01:05.879  1880  4432 E memtrack: Couldn't load memtrack module
12-07 11:01:05.881  1880  1895 E memtrack: Couldn't load memtrack module
12-07 11:01:07.753  1880  4432 E memtrack: Couldn't load memtrack module
12-07 11:01:07.788  1880  4432 E memtrack: Couldn't load memtrack module
12-07 11:01:07.803  1880  4432 E memtrack: Couldn't load memtrack module
12-07 11:01:07.810  1880  4432 E memtrack: Couldn't load memtrack module
12-07 11:01:07.814  1880  1895 E memtrack: Couldn't load memtrack module
12-07 11:01:07.827  1880  4432 E memtrack: Couldn't load memtrack module
12-07 11:01:07.840  1880  4432 E memtrack: Couldn't load memtrack module
12-07 11:01:07.852  1880  4432 E memtrack: Couldn't load memtrack module
12-07 11:01:07.860  1880  4432 E memtrack: Couldn't load memtrack module
12-07 11:01:07.867  1880  4432 E memtrack: Couldn't load memtrack module
12-07 11:01:07.869  1880  1895 E memtrack: Couldn't load memtrack module
12-07 11:01:07.881  1880  4432 E memtrack: Couldn't load memtrack module
12-07 11:01:07.887  1880  4432 E memtrack: Couldn't load memtrack module
12-07 11:01:07.894  1880  4432 E memtrack: Couldn't load memtrack module
12-07 11:01:07.901  1880  4432 E memtrack: Couldn't load memtrack module
12-07 11:01:07.915  1880  4432 E memtrack: Couldn't load memtrack module
12-07 11:01:07.920  1880  4432 E memtrack: Couldn't load memtrack module
12-07 11:01:07.935  1880  1895 E memtrack: Couldn't load memtrack module
12-07 11:01:07.949  1880  4432 E memtrack: Couldn't load memtrack module
12-07 11:01:07.954  1880  4432 E memtrack: Couldn't load memtrack module
12-07 11:01:07.961  1880  4432 E memtrack: Couldn't load memtrack module
12-07 11:01:07.965  1880  4432 E memtrack: Couldn't load memtrack module
12-07 11:01:07.969  1880  4432 E memtrack: Couldn't load memtrack module
12-07 11:01:07.978  1880  1895 E memtrack: Couldn't load memtrack module
12-07 11:01:07.989  1880  4432 E memtrack: Couldn't load memtrack module
12-07 11:01:08.018  1880  1895 E memtrack: Couldn't load memtrack module
12-07 11:01:08.052  1880  4432 E memtrack: Couldn't load memtrack module
12-07 11:01:08.052  1880  1895 E memtrack: Couldn't load memtrack module
12-07 11:01:08.069  1880  4432 E memtrack: Couldn't load memtrack module
12-07 11:01:08.085  1880  4432 E memtrack: Couldn't load memtrack module
12-07 11:01:08.091  1880  1895 E memtrack: Couldn't load memtrack module
12-07 11:01:08.092  1880  4432 E memtrack: Couldn't load memtrack module
12-07 11:01:08.100  1880  4432 E memtrack: Couldn't load memtrack module
12-07 11:01:08.109  1880  4432 E memtrack: Couldn't load memtrack module
12-07 11:01:08.119  1880  4432 E memtrack: Couldn't load memtrack module
12-07 11:01:08.129  1880  1895 E memtrack: Couldn't load memtrack module
12-07 11:01:08.138  1880  4432 E memtrack: Couldn't load memtrack module
12-07 11:01:08.152  1880  4432 E memtrack: Couldn't load memtrack module
12-07 11:01:10.227  1880  1895 E memtrack: Couldn't load memtrack module
12-07 11:01:10.227  1880  4432 E memtrack: Couldn't load memtrack module
12-07 11:01:10.240  1880  4432 E memtrack: Couldn't load memtrack module
12-07 11:01:10.249  1880  4432 E memtrack: Couldn't load memtrack module
12-07 11:01:10.256  1880  4432 E memtrack: Couldn't load memtrack module
12-07 11:01:10.266  1880  4432 E memtrack: Couldn't load memtrack module
12-07 11:01:10.284  1880  1895 E memtrack: Couldn't load memtrack module
12-07 11:01:10.287  1880  4432 E memtrack: Couldn't load memtrack module
12-07 11:01:10.294  1880  4432 E memtrack: Couldn't load memtrack module
12-07 11:01:10.302  1880  4432 E memtrack: Couldn't load memtrack module
12-07 11:01:10.305  1880  4432 E memtrack: Couldn't load memtrack module
12-07 11:01:10.310  1880  4432 E memtrack: Couldn't load memtrack module
