--------- beginning of system
12-08 09:49:44.526  1738  1772 E storaged: getDiskStats failed with result NOT_SUPPORTED and size 0
--------- beginning of main
12-08 09:49:46.122  1881  1895 E ActivityManager: Failure starting process com.evancharlton.mileage
12-08 09:49:46.122  1881  1895 E ActivityManager: java.lang.SecurityException: Package com.evancharlton.mileage is currently frozen!
12-08 09:49:46.122  1881  1895 E ActivityManager: 	at com.android.server.pm.PackageManagerService.checkPackageStartable(PackageManagerService.java:4000)
12-08 09:49:46.122  1881  1895 E ActivityManager: 	at com.android.server.am.ActivityManagerService.startProcessLocked(ActivityManagerService.java:4234)
12-08 09:49:46.122  1881  1895 E ActivityManager: 	at com.android.server.am.ActivityManagerService.startProcessLocked(ActivityManagerService.java:4199)
12-08 09:49:46.122  1881  1895 E ActivityManager: 	at com.android.server.am.ActivityManagerService.startProcessLocked(ActivityManagerService.java:4181)
12-08 09:49:46.122  1881  1895 E ActivityManager: 	at com.android.server.am.ActivityManagerService.startProcessLocked(ActivityManagerService.java:4067)
12-08 09:49:46.122  1881  1895 E ActivityManager: 	at com.android.server.am.ActivityStackSupervisor.startSpecificActivityLocked(ActivityStackSupervisor.java:1715)
12-08 09:49:46.122  1881  1895 E ActivityManager: 	at com.android.server.am.ActivityStack.resumeTopActivityInnerLocked(ActivityStack.java:2764)
12-08 09:49:46.122  1881  1895 E ActivityManager: 	at com.android.server.am.ActivityStack.resumeTopActivityUncheckedLocked(ActivityStack.java:2302)
12-08 09:49:46.122  1881  1895 E ActivityManager: 	at com.android.server.am.ActivityStackSupervisor.resumeFocusedStackTopActivityLocked(ActivityStackSupervisor.java:2234)
12-08 09:49:46.122  1881  1895 E ActivityManager: 	at com.android.server.am.ActivityStackSupervisor.resumeFocusedStackTopActivityLocked(ActivityStackSupervisor.java:2218)
12-08 09:49:46.122  1881  1895 E ActivityManager: 	at com.android.server.am.ActivityManagerService.handleAppDiedLocked(ActivityManagerService.java:5923)
12-08 09:49:46.122  1881  1895 E ActivityManager: 	at com.android.server.am.ActivityManagerService.removeProcessLocked(ActivityManagerService.java:7501)
12-08 09:49:46.122  1881  1895 E ActivityManager: 	at com.android.server.am.ActivityManagerService.killPackageProcessesLocked(ActivityManagerService.java:7142)
12-08 09:49:46.122  1881  1895 E ActivityManager: 	at com.android.server.am.ActivityManagerService.forceStopPackageLocked(ActivityManagerService.java:7275)
12-08 09:49:46.122  1881  1895 E ActivityManager: 	at com.android.server.am.ActivityManagerService$MainHandler.handleMessage(ActivityManagerService.java:2289)
12-08 09:49:46.122  1881  1895 E ActivityManager: 	at android.os.Handler.dispatchMessage(Handler.java:106)
12-08 09:49:46.122  1881  1895 E ActivityManager: 	at android.os.Looper.loop(Looper.java:193)
12-08 09:49:46.122  1881  1895 E ActivityManager: 	at android.os.HandlerThread.run(HandlerThread.java:65)
12-08 09:49:46.122  1881  1895 E ActivityManager: 	at com.android.server.ServiceThread.run(ServiceThread.java:44)
12-08 09:49:46.377  2463 17779 E IconLoader: Unexpected null component name or activity info: ComponentInfo{com.evancharlton.mileage/com.evancharlton.mileage.Mileage}, null
12-08 09:49:49.524  1730  1944 E         : Couldn't opendir /data/app/vmdl149424681.tmp: No such file or directory
12-08 09:49:49.524  1730  1944 E installd: Failed to delete /data/app/vmdl149424681.tmp: No such file or directory
12-08 09:49:50.434  2475 22436 E ChromeSync: [Sync,SyncIntentOperation] Error handling the intent: Intent { act=android.intent.action.PACKAGE_ADDED dat=package:com.evancharlton.mileage flg=0x4000010 cmp=com.google.android.gms/.chimera.GmsIntentOperationService (has extras) }.
12-08 09:49:51.333 22483 22483 E harlton.mileag: Not starting debugger since process cannot load the jdwp agent.
12-08 09:49:52.447  1992 20735 E putmethod.lati: Invalid ID 0x00000001.
12-08 09:49:52.467  1992 20735 E LstmTrainingCache: emn: Can't get resource name for input slot
12-08 09:49:52.467  1992 20735 E LstmTrainingCache: android.content.res.Resources$NotFoundException: Unable to find resource ID #0x1
12-08 09:49:52.467  1992 20735 E LstmTrainingCache: 	at android.content.res.ResourcesImpl.getResourceName(ResourcesImpl.java:255)
12-08 09:49:52.467  1992 20735 E LstmTrainingCache: 	at android.content.res.Resources.getResourceName(Resources.java:1954)
12-08 09:49:52.467  1992 20735 E LstmTrainingCache: 	at emn.a(PG:12)
12-08 09:49:52.467  1992 20735 E LstmTrainingCache: 	at emk.run(PG:5)
12-08 09:49:52.467  1992 20735 E LstmTrainingCache: 	at java.lang.Thread.run(Thread.java:764)
12-08 09:50:06.200  1611  1695 E audio_hw_generic: pcm_write failed cannot write stream data: I/O error
12-08 09:50:07.434  2448 21806 E ctxmgr  : [ProducerStatusImpl]updateStateForNewContextData: inactive, contextName=7
12-08 09:50:07.593  2448  2448 E BeaconBle: Missing BluetoothAdapter
12-08 09:50:07.629  2448  2448 E BeaconBle: Scan couldn't start for Places
12-08 09:50:16.230  1611  1695 E audio_hw_generic: pcm_write failed cannot write stream data: I/O error
12-08 09:50:20.827  2692  2692 E ContextIntentStarter: No activity found for any of the 0 intents
12-08 09:50:26.072  1611 22542 E audio_hw_generic: pcm_open(in) failed: cannot open device '/dev/snd/pcmC0D0c': Device or resource busy: channels 2 format 0 rate 16000
12-08 09:50:26.259  1611  1695 E audio_hw_generic: pcm_write failed cannot write stream data: I/O error
12-08 09:50:41.010  1828  1828 E netmgr  : Failed to open QEMU pipe 'qemud:network': Invalid argument
12-08 09:50:41.010  1828  1828 E netmgr  : WifiForwarder unable to open QEMU pipe: Invalid argument
12-08 09:50:44.904  1738  1772 E storaged: getDiskStats failed with result NOT_SUPPORTED and size 0
12-08 09:51:41.443  1828  1828 E netmgr  : Failed to open QEMU pipe 'qemud:network': Invalid argument
12-08 09:51:41.443  1828  1828 E netmgr  : WifiForwarder unable to open QEMU pipe: Invalid argument
12-08 09:51:44.400  1881  4763 E WindowManager: Performed 6 layouts in a row. Skipping
12-08 09:51:44.431  1881  1934 E WindowManager: Performed 6 layouts in a row. Skipping
12-08 09:51:44.452  1881  1934 E WindowManager: Performed 6 layouts in a row. Skipping
12-08 09:51:44.505  1881  1934 E WindowManager: Performed 6 layouts in a row. Skipping
12-08 09:51:44.527  1881  1896 E WindowManager: Performed 6 layouts in a row. Skipping
12-08 09:51:44.582  1881  1934 E WindowManager: Performed 6 layouts in a row. Skipping
12-08 09:51:44.646  1881  1934 E WindowManager: Performed 6 layouts in a row. Skipping
12-08 09:51:44.668  1881  5791 E WindowManager: Performed 6 layouts in a row. Skipping
12-08 09:51:44.705  1881  1934 E WindowManager: Performed 6 layouts in a row. Skipping
12-08 09:51:44.823  1881  1934 E WindowManager: Performed 6 layouts in a row. Skipping
12-08 09:51:44.909  1738  1772 E storaged: getDiskStats failed with result NOT_SUPPORTED and size 0
12-08 09:51:48.476  1881  5179 E WindowManager: Performed 6 layouts in a row. Skipping
12-08 09:51:48.509  1881  1934 E WindowManager: Performed 6 layouts in a row. Skipping
12-08 09:51:48.540  1881  1934 E WindowManager: Performed 6 layouts in a row. Skipping
12-08 09:51:48.566  1881  5179 E WindowManager: Performed 6 layouts in a row. Skipping
12-08 09:51:48.612  1881  1934 E WindowManager: Performed 6 layouts in a row. Skipping
12-08 09:51:48.657  1881  1934 E WindowManager: Performed 6 layouts in a row. Skipping
12-08 09:51:48.687  1881  5713 E WindowManager: Performed 6 layouts in a row. Skipping
12-08 09:51:48.732  1881  1934 E WindowManager: Performed 6 layouts in a row. Skipping
12-08 09:51:48.768  1881  1934 E WindowManager: Performed 6 layouts in a row. Skipping
12-08 09:51:48.787  1881  1934 E WindowManager: Performed 6 layouts in a row. Skipping
12-08 09:51:48.819  1881  1934 E WindowManager: Performed 6 layouts in a row. Skipping
12-08 09:51:48.894  1881  1934 E WindowManager: Performed 6 layouts in a row. Skipping
