--------- beginning of main
--------- beginning of system
12-09 02:39:51.769  1881  1895 E ActivityManager: Failure starting process com.evancharlton.mileage
12-09 02:39:51.769  1881  1895 E ActivityManager: java.lang.SecurityException: Package com.evancharlton.mileage is currently frozen!
12-09 02:39:51.769  1881  1895 E ActivityManager: 	at com.android.server.pm.PackageManagerService.checkPackageStartable(PackageManagerService.java:4000)
12-09 02:39:51.769  1881  1895 E ActivityManager: 	at com.android.server.am.ActivityManagerService.startProcessLocked(ActivityManagerService.java:4234)
12-09 02:39:51.769  1881  1895 E ActivityManager: 	at com.android.server.am.ActivityManagerService.startProcessLocked(ActivityManagerService.java:4199)
12-09 02:39:51.769  1881  1895 E ActivityManager: 	at com.android.server.am.ActivityManagerService.startProcessLocked(ActivityManagerService.java:4181)
12-09 02:39:51.769  1881  1895 E ActivityManager: 	at com.android.server.am.ActivityManagerService.startProcessLocked(ActivityManagerService.java:4067)
12-09 02:39:51.769  1881  1895 E ActivityManager: 	at com.android.server.am.ActivityStackSupervisor.startSpecificActivityLocked(ActivityStackSupervisor.java:1715)
12-09 02:39:51.769  1881  1895 E ActivityManager: 	at com.android.server.am.ActivityStack.resumeTopActivityInnerLocked(ActivityStack.java:2764)
12-09 02:39:51.769  1881  1895 E ActivityManager: 	at com.android.server.am.ActivityStack.resumeTopActivityUncheckedLocked(ActivityStack.java:2302)
12-09 02:39:51.769  1881  1895 E ActivityManager: 	at com.android.server.am.ActivityStackSupervisor.resumeFocusedStackTopActivityLocked(ActivityStackSupervisor.java:2234)
12-09 02:39:51.769  1881  1895 E ActivityManager: 	at com.android.server.am.ActivityStackSupervisor.resumeFocusedStackTopActivityLocked(ActivityStackSupervisor.java:2218)
12-09 02:39:51.769  1881  1895 E ActivityManager: 	at com.android.server.am.ActivityManagerService.handleAppDiedLocked(ActivityManagerService.java:5923)
12-09 02:39:51.769  1881  1895 E ActivityManager: 	at com.android.server.am.ActivityManagerService.removeProcessLocked(ActivityManagerService.java:7501)
12-09 02:39:51.769  1881  1895 E ActivityManager: 	at com.android.server.am.ActivityManagerService.killPackageProcessesLocked(ActivityManagerService.java:7142)
12-09 02:39:51.769  1881  1895 E ActivityManager: 	at com.android.server.am.ActivityManagerService.forceStopPackageLocked(ActivityManagerService.java:7275)
12-09 02:39:51.769  1881  1895 E ActivityManager: 	at com.android.server.am.ActivityManagerService$MainHandler.handleMessage(ActivityManagerService.java:2289)
12-09 02:39:51.769  1881  1895 E ActivityManager: 	at android.os.Handler.dispatchMessage(Handler.java:106)
12-09 02:39:51.769  1881  1895 E ActivityManager: 	at android.os.Looper.loop(Looper.java:193)
12-09 02:39:51.769  1881  1895 E ActivityManager: 	at android.os.HandlerThread.run(HandlerThread.java:65)
12-09 02:39:51.769  1881  1895 E ActivityManager: 	at com.android.server.ServiceThread.run(ServiceThread.java:44)
12-09 02:39:53.019 32617 32617 E droid.apps.doc: Not starting debugger since process cannot load the jdwp agent.
12-09 02:39:53.340  2438 32336 E ctxmgr  : [ProducerStatusImpl]updateStateForNewContextData: inactive, contextName=7
12-09 02:39:53.707  2438  2438 E BeaconBle: Scan couldn't start for Places
12-09 02:39:54.479  1741  1793 E storaged: getDiskStats failed with result NOT_SUPPORTED and size 0
12-09 02:39:54.707 32617 32617 E DocsApplication: [main] No default account found during application creation.
12-09 02:39:56.427  1733  1752 E         : Couldn't opendir /data/app/vmdl234740822.tmp: No such file or directory
12-09 02:39:56.427  1733  1752 E installd: Failed to delete /data/app/vmdl234740822.tmp: No such file or directory
12-09 02:39:59.325 32708 32708 E harlton.mileag: Not starting debugger since process cannot load the jdwp agent.
12-09 02:40:00.532  1991 22160 E putmethod.lati: Invalid ID 0x00000001.
12-09 02:40:00.576  1991 22160 E LstmTrainingCache: emn: Can't get resource name for input slot
12-09 02:40:00.576  1991 22160 E LstmTrainingCache: android.content.res.Resources$NotFoundException: Unable to find resource ID #0x1
12-09 02:40:00.576  1991 22160 E LstmTrainingCache: 	at android.content.res.ResourcesImpl.getResourceName(ResourcesImpl.java:255)
12-09 02:40:00.576  1991 22160 E LstmTrainingCache: 	at android.content.res.Resources.getResourceName(Resources.java:1954)
12-09 02:40:00.576  1991 22160 E LstmTrainingCache: 	at emn.a(PG:12)
12-09 02:40:00.576  1991 22160 E LstmTrainingCache: 	at emk.run(PG:5)
12-09 02:40:00.576  1991 22160 E LstmTrainingCache: 	at java.lang.Thread.run(Thread.java:764)
12-09 02:40:02.771 32708 32708 E SpannableStringBuilder: SPAN_EXCLUSIVE_EXCLUSIVE spans cannot have a zero length
12-09 02:40:02.771 32708 32708 E SpannableStringBuilder: SPAN_EXCLUSIVE_EXCLUSIVE spans cannot have a zero length
12-09 02:40:07.375  1991  1991 E native  : suggestion-transformer.cc:118 suggestion picked candidate not found for id: 7
12-09 02:40:14.621  2337  6240 E s.nexuslaunche: Failed to open APK '/data/app/com.evancharlton.mileage-9XynF_GnCUv5Biud4DhKjQ==/base.apk' I/O error
12-09 02:40:14.629  2337  6240 E ResourcesManager: failed to add asset path /data/app/com.evancharlton.mileage-9XynF_GnCUv5Biud4DhKjQ==/base.apk
12-09 02:40:15.632  2438 32740 E ctxmgr  : [ProducerStatusImpl]updateStateForNewContextData: inactive, contextName=7
12-09 02:40:15.974  2438  2438 E BeaconBle: Scan couldn't start for Places
12-09 02:40:36.591  2570  2570 E ContextIntentStarter: No activity found for any of the 0 intents
12-09 02:40:37.114 31448 31448 E wpa_supplicant: nl80211: Failed to open /proc/sys/net/ipv4/conf/p2p-dev-wlan0/drop_unicast_in_l2_multicast: No such file or directory
12-09 02:40:37.114 31448 31448 E wpa_supplicant: nl80211: Failed to set IPv4 unicast in multicast filter
12-09 02:40:37.141 31448 31448 E wpa_supplicant: nl80211: Failed to open /proc/sys/net/ipv4/conf/p2p-dev-wlan0/drop_unicast_in_l2_multicast: No such file or directory
12-09 02:40:37.141 31448 31448 E wpa_supplicant: nl80211: Failed to set IPv4 unicast in multicast filter
12-09 02:40:37.374 31448 31448 E wpa_supplicant: nl80211: Failed to open /proc/sys/net/ipv4/conf/wlan0/drop_unicast_in_l2_multicast: No such file or directory
12-09 02:40:37.374 31448 31448 E wpa_supplicant: nl80211: Failed to set IPv4 unicast in multicast filter
12-09 02:40:37.377 31448 31448 E wpa_supplicant: nl80211: Failed to open /proc/sys/net/ipv4/conf/wlan0/drop_unicast_in_l2_multicast: No such file or directory
12-09 02:40:37.377 31448 31448 E wpa_supplicant: nl80211: Failed to set IPv4 unicast in multicast filter
12-09 02:40:37.448   304   304 E rrierdefaultap: Not starting debugger since process cannot load the jdwp agent.
12-09 02:40:37.475 31448 31448 E wpa_supplicant: nl80211: Failed to open /proc/sys/net/ipv4/conf/wlan0/drop_unicast_in_l2_multicast: No such file or directory
12-09 02:40:37.475 31448 31448 E wpa_supplicant: nl80211: Failed to set IPv4 unicast in multicast filter
12-09 02:40:37.718  1629  1629 E android.hardware.wifi@1.0-service: Failed to open directory: Permission denied
12-09 02:40:37.718  1629  1629 E android.hardware.wifi@1.0-service: Error occurred while deleting old tombstone files
12-09 02:40:37.718  1629  1629 E android.hardware.wifi@1.0-service: Error writing files to flash
12-09 02:40:38.070  1881  1967 E WifiP2pService: Unhandled message { when=-1ms what=131204 target=com.android.internal.util.StateMachine$SmHandler }
12-09 02:40:38.115  2438 31512 E WakeLock: GCM_HB_ALARM release without a matched acquire!
12-09 02:40:38.151  1881  1899 E BatteryExternalStatsWorker: no controller energy info supplied for wifi
12-09 02:40:38.174  1881  1899 E BatteryExternalStatsWorker: no controller energy info supplied for wifi
12-09 02:40:38.179  2438 31512 E WakeLock: GCM_CONN_ALARM release without a matched acquire!
12-09 02:40:47.895  1807  1807 E netmgr  : Failed to open QEMU pipe 'qemud:network': Invalid argument
12-09 02:40:47.896  1807  1807 E netmgr  : WifiForwarder unable to open QEMU pipe: Invalid argument
12-09 02:40:54.493  1741  1793 E storaged: getDiskStats failed with result NOT_SUPPORTED and size 0
12-09 02:41:47.956  1807  1807 E netmgr  : Failed to open QEMU pipe 'qemud:network': Invalid argument
12-09 02:41:47.956  1807  1807 E netmgr  : WifiForwarder unable to open QEMU pipe: Invalid argument
12-09 02:41:54.498  1741  1793 E storaged: getDiskStats failed with result NOT_SUPPORTED and size 0
12-09 02:42:47.962  1807  1807 E netmgr  : Failed to open QEMU pipe 'qemud:network': Invalid argument
12-09 02:42:47.962  1807  1807 E netmgr  : WifiForwarder unable to open QEMU pipe: Invalid argument
12-09 02:42:54.499  1741  1793 E storaged: getDiskStats failed with result NOT_SUPPORTED and size 0
