--------- beginning of main
--------- beginning of system
12-09 06:36:24.700  1885  1899 E ActivityManager: Failure starting process com.evancharlton.mileage
12-09 06:36:24.700  1885  1899 E ActivityManager: java.lang.SecurityException: Package com.evancharlton.mileage was not found!
12-09 06:36:24.700  1885  1899 E ActivityManager: 	at com.android.server.pm.PackageManagerService.checkPackageStartable(PackageManagerService.java:3987)
12-09 06:36:24.700  1885  1899 E ActivityManager: 	at com.android.server.am.ActivityManagerService.startProcessLocked(ActivityManagerService.java:4234)
12-09 06:36:24.700  1885  1899 E ActivityManager: 	at com.android.server.am.ActivityManagerService.startProcessLocked(ActivityManagerService.java:4199)
12-09 06:36:24.700  1885  1899 E ActivityManager: 	at com.android.server.am.ActivityManagerService.startProcessLocked(ActivityManagerService.java:4181)
12-09 06:36:24.700  1885  1899 E ActivityManager: 	at com.android.server.am.ActivityManagerService.startProcessLocked(ActivityManagerService.java:4067)
12-09 06:36:24.700  1885  1899 E ActivityManager: 	at com.android.server.am.ActivityStackSupervisor.startSpecificActivityLocked(ActivityStackSupervisor.java:1715)
12-09 06:36:24.700  1885  1899 E ActivityManager: 	at com.android.server.am.ActivityStack.resumeTopActivityInnerLocked(ActivityStack.java:2764)
12-09 06:36:24.700  1885  1899 E ActivityManager: 	at com.android.server.am.ActivityStack.resumeTopActivityUncheckedLocked(ActivityStack.java:2302)
12-09 06:36:24.700  1885  1899 E ActivityManager: 	at com.android.server.am.ActivityStackSupervisor.resumeFocusedStackTopActivityLocked(ActivityStackSupervisor.java:2234)
12-09 06:36:24.700  1885  1899 E ActivityManager: 	at com.android.server.am.ActivityStackSupervisor.resumeFocusedStackTopActivityLocked(ActivityStackSupervisor.java:2218)
12-09 06:36:24.700  1885  1899 E ActivityManager: 	at com.android.server.am.ActivityManagerService.handleAppDiedLocked(ActivityManagerService.java:5923)
12-09 06:36:24.700  1885  1899 E ActivityManager: 	at com.android.server.am.ActivityManagerService.removeProcessLocked(ActivityManagerService.java:7501)
12-09 06:36:24.700  1885  1899 E ActivityManager: 	at com.android.server.am.ActivityManagerService.killPackageProcessesLocked(ActivityManagerService.java:7142)
12-09 06:36:24.700  1885  1899 E ActivityManager: 	at com.android.server.am.ActivityManagerService.forceStopPackageLocked(ActivityManagerService.java:7275)
12-09 06:36:24.700  1885  1899 E ActivityManager: 	at com.android.server.am.ActivityManagerService$MainHandler.handleMessage(ActivityManagerService.java:2289)
12-09 06:36:24.700  1885  1899 E ActivityManager: 	at android.os.Handler.dispatchMessage(Handler.java:106)
12-09 06:36:24.700  1885  1899 E ActivityManager: 	at android.os.Looper.loop(Looper.java:193)
12-09 06:36:24.700  1885  1899 E ActivityManager: 	at android.os.HandlerThread.run(HandlerThread.java:65)
12-09 06:36:24.700  1885  1899 E ActivityManager: 	at com.android.server.ServiceThread.run(ServiceThread.java:44)
12-09 06:36:24.832  2342  2353 E IconLoader: Unexpected null component name or activity info: ComponentInfo{com.evancharlton.mileage/com.evancharlton.mileage.Mileage}, null
12-09 06:36:26.146  5485  5485 E id.defcontaine: Not starting debugger since process cannot load the jdwp agent.
12-09 06:36:26.199  5493  5493 E oid.documentsu: Not starting debugger since process cannot load the jdwp agent.
12-09 06:36:26.297  5506  5506 E ndroid.keychai: Not starting debugger since process cannot load the jdwp agent.
12-09 06:36:26.561  2378  5367 E ctxmgr  : [ProducerStatusImpl]updateStateForNewContextData: inactive, contextName=7
12-09 06:36:27.340  5562  5562 E droid.apps.doc: Not starting debugger since process cannot load the jdwp agent.
12-09 06:36:27.509  2378  2378 E BeaconBle: Missing BluetoothAdapter
12-09 06:36:27.601  2378  2378 E BeaconBle: Scan couldn't start for Places
12-09 06:36:28.965  5562  5562 E DocsApplication: [main] No default account found during application creation.
12-09 06:36:30.362  1731  6658 E         : Couldn't opendir /data/app/vmdl823434025.tmp: No such file or directory
12-09 06:36:30.362  1731  6658 E installd: Failed to delete /data/app/vmdl823434025.tmp: No such file or directory
12-09 06:36:33.259  5629  5629 E harlton.mileag: Not starting debugger since process cannot load the jdwp agent.
12-09 06:36:34.476  1994  7294 E putmethod.lati: Invalid ID 0x00000001.
12-09 06:36:34.504  1994  7294 E LstmTrainingCache: emn: Can't get resource name for input slot
12-09 06:36:34.504  1994  7294 E LstmTrainingCache: android.content.res.Resources$NotFoundException: Unable to find resource ID #0x1
12-09 06:36:34.504  1994  7294 E LstmTrainingCache: 	at android.content.res.ResourcesImpl.getResourceName(ResourcesImpl.java:255)
12-09 06:36:34.504  1994  7294 E LstmTrainingCache: 	at android.content.res.Resources.getResourceName(Resources.java:1954)
12-09 06:36:34.504  1994  7294 E LstmTrainingCache: 	at emn.a(PG:12)
12-09 06:36:34.504  1994  7294 E LstmTrainingCache: 	at emk.run(PG:5)
12-09 06:36:34.504  1994  7294 E LstmTrainingCache: 	at java.lang.Thread.run(Thread.java:764)
12-09 06:36:45.272  5659  5659 E emui:screensho: Not starting debugger since process cannot load the jdwp agent.
12-09 06:36:46.518  5659  5659 E SoundPool: error loading /product/media/audio/ui/camera_click.ogg
12-09 06:36:46.781  1726  2181 E SurfaceFlinger: ro.sf.lcd_density must be defined as a build property
12-09 06:36:46.900  1741  1741 E OMXNodeInstance: getConfig(0xe93910c0:google.vorbis.decoder, ConfigAndroidVendorExtension(0x6f100004)) ERROR: Undefined(0x80001001)
12-09 06:36:46.925  1726  1751 E SurfaceFlinger: ro.sf.lcd_density must be defined as a build property
12-09 06:36:52.576  2378  5247 E ctxmgr  : [ProducerStatusImpl]updateStateForNewContextData: inactive, contextName=7
12-09 06:36:52.766  2378  2378 E BeaconBle: Missing BluetoothAdapter
12-09 06:36:52.838  2378  2378 E BeaconBle: Scan couldn't start for Places
12-09 06:36:57.673  1885  1903 E BatteryExternalStatsWorker: no controller energy info supplied for wifi
12-09 06:37:00.005  5706  5706 E oid.apps.photo: Not starting debugger since process cannot load the jdwp agent.
12-09 06:37:00.540  5726  5726 E ocess.gservice: Not starting debugger since process cannot load the jdwp agent.
12-09 06:37:06.028  2720  2720 E ContextIntentStarter: No activity found for any of the 0 intents
12-09 06:37:11.678  1834  1834 E netmgr  : Failed to open QEMU pipe 'qemud:network': Invalid argument
12-09 06:37:11.678  1834  1834 E netmgr  : WifiForwarder unable to open QEMU pipe: Invalid argument
12-09 06:37:18.233  1739  1762 E storaged: getDiskStats failed with result NOT_SUPPORTED and size 0
12-09 06:37:19.666  5782  5782 E id.partnersetu: Not starting debugger since process cannot load the jdwp agent.
12-09 06:37:19.949  5796  5796 E boxed_process3: Not starting debugger since process cannot load the jdwp agent.
12-09 06:37:20.049  1885  1898 E memtrack: Couldn't load memtrack module
12-09 06:37:20.171  1885  1898 E memtrack: Couldn't load memtrack module
12-09 06:37:20.306  1885  1898 E memtrack: Couldn't load memtrack module
12-09 06:37:20.407  1885  1898 E memtrack: Couldn't load memtrack module
12-09 06:37:20.479  2720  2720 E ClientVe: Failed to create ClientVisualElementsProto for user interaction on view com.google.android.apps.gsa.searchbox.ui.suggestions.views.CoreSuggestionView{2abf58c VFE...CL. ...P.... 0,436-1038,583 #115} because the view is not tagged for visual element logging.
12-09 06:37:20.522  1885  1898 E memtrack: Couldn't load memtrack module
12-09 06:37:20.595  2720  2720 E ClientVe: Failed to create ClientVisualElementsProto for user interaction on view com.google.android.apps.gsa.searchbox.ui.suggestions.views.CoreSuggestionView{eca0602 VFE...CL. ...P.... 0,289-1038,436 #114} because the view is not tagged for visual element logging.
12-09 06:37:20.797  2720  2720 E ClientVe: Failed to create ClientVisualElementsProto for user interaction on view com.google.android.apps.gsa.searchbox.ui.suggestions.views.CoreSuggestionView{2c0956f VFE...CL. ...P.... 0,142-1038,289 #113} because the view is not tagged for visual element logging.
12-09 06:37:21.029  1885  1898 E memtrack: Couldn't load memtrack module
12-09 06:37:21.171  1885  1898 E memtrack: Couldn't load memtrack module
12-09 06:37:21.281  1885  1898 E memtrack: Couldn't load memtrack module
12-09 06:37:21.301  2720  2720 E ClientVe: Failed to create ClientVisualElementsProto for user interaction on view com.google.android.apps.gsa.searchbox.ui.suggestions.views.CoreSuggestionView{eca0602 VFE...CL. ...P.... 0,289-1038,436 #114} because the view is not tagged for visual element logging.
12-09 06:37:21.339  2720  2720 E ClientVe: Failed to create ClientVisualElementsProto for user interaction on view com.google.android.apps.gsa.searchbox.ui.suggestions.views.CoreSuggestionView{eca0602 VFE...CL. ...P.... 0,289-1038,436 #114} because the view is not tagged for visual element logging.
12-09 06:37:21.432  1885  1898 E memtrack: Couldn't load memtrack module
12-09 06:37:21.503  1885  1898 E memtrack: Couldn't load memtrack module
12-09 06:37:21.566  1885  1898 E memtrack: Couldn't load memtrack module
12-09 06:37:21.656  1885  1898 E memtrack: Couldn't load memtrack module
12-09 06:37:21.755  1885  1898 E memtrack: Couldn't load memtrack module
12-09 06:37:21.841  1885  1898 E memtrack: Couldn't load memtrack module
12-09 06:37:21.927  1885  1898 E memtrack: Couldn't load memtrack module
12-09 06:37:22.055  1885  1898 E memtrack: Couldn't load memtrack module
12-09 06:37:22.153  2720  2720 E ClientVe: Failed to create ClientVisualElementsProto for user interaction on view com.google.android.apps.gsa.searchbox.ui.suggestions.views.CoreSuggestionView{c61a27c VFE...CL. ...P.... 0,583-1038,730 #116} because the view is not tagged for visual element logging.
12-09 06:37:22.185  1885  1898 E memtrack: Couldn't load memtrack module
12-09 06:37:22.289  1885  1898 E memtrack: Couldn't load memtrack module
12-09 06:37:22.617  1885  1898 E memtrack: Couldn't load memtrack module
12-09 06:37:22.629  1885  1898 E memtrack: Couldn't load memtrack module
12-09 06:37:22.630  1885  1898 E memtrack: Couldn't load memtrack module
12-09 06:37:22.631  1885  1898 E memtrack: Couldn't load memtrack module
12-09 06:37:22.631  1885  1898 E memtrack: Couldn't load memtrack module
12-09 06:37:22.696  1885  1898 E memtrack: Couldn't load memtrack module
12-09 06:37:22.755  1885  1898 E memtrack: Couldn't load memtrack module
12-09 06:37:22.792  1885  1898 E memtrack: Couldn't load memtrack module
12-09 06:37:22.803  1885  1898 E memtrack: Couldn't load memtrack module
12-09 06:37:22.809  1885  1898 E memtrack: Couldn't load memtrack module
12-09 06:37:22.862  1885  1898 E memtrack: Couldn't load memtrack module
12-09 06:37:22.879  1885  1898 E memtrack: Couldn't load memtrack module
12-09 06:37:22.889  1885  1898 E memtrack: Couldn't load memtrack module
12-09 06:37:22.899  1885  1898 E memtrack: Couldn't load memtrack module
12-09 06:37:22.950  1885  1898 E memtrack: Couldn't load memtrack module
12-09 06:37:22.957  1885  1898 E memtrack: Couldn't load memtrack module
12-09 06:37:23.000  1885  1898 E memtrack: Couldn't load memtrack module
12-09 06:37:23.009  1885  1898 E memtrack: Couldn't load memtrack module
12-09 06:37:23.020  1885  1898 E memtrack: Couldn't load memtrack module
12-09 06:37:23.041  1885  1898 E memtrack: Couldn't load memtrack module
12-09 06:37:23.054  1885  1898 E memtrack: Couldn't load memtrack module
12-09 06:37:23.060  1885  1898 E memtrack: Couldn't load memtrack module
12-09 06:37:23.067  1885  1898 E memtrack: Couldn't load memtrack module
12-09 06:37:23.074  1885  1898 E memtrack: Couldn't load memtrack module
12-09 06:37:23.081  1885  1898 E memtrack: Couldn't load memtrack module
12-09 06:37:23.089  1885  1898 E memtrack: Couldn't load memtrack module
12-09 06:37:23.094  1885  1898 E memtrack: Couldn't load memtrack module
12-09 06:37:23.102  1885  1898 E memtrack: Couldn't load memtrack module
12-09 06:37:23.109  1885  1898 E memtrack: Couldn't load memtrack module
12-09 06:37:23.112  1885  1898 E memtrack: Couldn't load memtrack module
12-09 06:37:23.150  1885  1898 E memtrack: Couldn't load memtrack module
12-09 06:37:23.153  1885  1898 E memtrack: Couldn't load memtrack module
12-09 06:37:23.158  1885  1898 E memtrack: Couldn't load memtrack module
12-09 06:37:23.173  1885  1898 E memtrack: Couldn't load memtrack module
12-09 06:37:23.176  1885  1898 E memtrack: Couldn't load memtrack module
12-09 06:37:23.194  1885  1898 E memtrack: Couldn't load memtrack module
12-09 06:37:23.255  1885  1898 E memtrack: Couldn't load memtrack module
12-09 06:37:23.272  1885  1898 E memtrack: Couldn't load memtrack module
12-09 06:37:23.290  1885  1898 E memtrack: Couldn't load memtrack module
12-09 06:37:23.298  1885  1898 E memtrack: Couldn't load memtrack module
12-09 06:37:23.308  1885  1898 E memtrack: Couldn't load memtrack module
12-09 06:37:23.314  1885  1898 E memtrack: Couldn't load memtrack module
12-09 06:37:23.320  1885  1898 E memtrack: Couldn't load memtrack module
12-09 06:37:23.337  1885  1898 E memtrack: Couldn't load memtrack module
12-09 06:37:23.350  1885  1898 E memtrack: Couldn't load memtrack module
12-09 06:37:23.368  1885  1898 E memtrack: Couldn't load memtrack module
12-09 06:37:23.379  1885  1898 E memtrack: Couldn't load memtrack module
12-09 06:37:23.384  1885  1898 E memtrack: Couldn't load memtrack module
12-09 06:37:23.391  1885  1898 E memtrack: Couldn't load memtrack module
12-09 06:37:23.398  1885  1898 E memtrack: Couldn't load memtrack module
12-09 06:37:23.417  1885  1898 E memtrack: Couldn't load memtrack module
12-09 06:37:23.423  1885  1898 E memtrack: Couldn't load memtrack module
12-09 06:37:23.431  1885  1898 E memtrack: Couldn't load memtrack module
12-09 06:37:23.434  1885  1898 E memtrack: Couldn't load memtrack module
12-09 06:37:23.439  1885  1898 E memtrack: Couldn't load memtrack module
12-09 06:37:23.450  1885  1898 E memtrack: Couldn't load memtrack module
12-09 06:37:23.453  1885  1898 E memtrack: Couldn't load memtrack module
12-09 06:37:23.456  1885  1898 E memtrack: Couldn't load memtrack module
12-09 06:37:23.461  1885  1898 E memtrack: Couldn't load memtrack module
12-09 06:37:23.465  1885  1898 E memtrack: Couldn't load memtrack module
12-09 06:37:23.468  1885  1898 E memtrack: Couldn't load memtrack module
12-09 06:37:23.471  1885  1898 E memtrack: Couldn't load memtrack module
12-09 06:37:23.476  1885  1898 E memtrack: Couldn't load memtrack module
12-09 06:37:23.483  1885  1898 E memtrack: Couldn't load memtrack module
12-09 06:37:23.534  1885  1898 E memtrack: Couldn't load memtrack module
12-09 06:37:23.539  1885  1898 E memtrack: Couldn't load memtrack module
12-09 06:37:23.542  1885  1898 E memtrack: Couldn't load memtrack module
12-09 06:37:23.544  1885  1898 E memtrack: Couldn't load memtrack module
12-09 06:37:23.549  1885  1898 E memtrack: Couldn't load memtrack module
12-09 06:37:24.779  5833  5833 E .android.chrom: Not starting debugger since process cannot load the jdwp agent.
12-09 06:37:34.881  1885  4630 E WindowManager: Performed 6 layouts in a row. Skipping
12-09 06:37:34.966  1885  1938 E WindowManager: Performed 6 layouts in a row. Skipping
12-09 06:37:34.986  1885  1900 E WindowManager: Performed 6 layouts in a row. Skipping
12-09 06:37:35.028  1885  1938 E WindowManager: Performed 6 layouts in a row. Skipping
12-09 06:37:35.069  1885  1938 E WindowManager: Performed 6 layouts in a row. Skipping
12-09 06:37:35.262  1885  1938 E WindowManager: Performed 6 layouts in a row. Skipping
12-09 06:37:35.283  1885  2489 E WindowManager: Performed 6 layouts in a row. Skipping
12-09 06:37:35.315  1885  1938 E WindowManager: Performed 6 layouts in a row. Skipping
12-09 06:37:35.377  1885  1938 E WindowManager: Performed 6 layouts in a row. Skipping
12-09 06:37:35.400  1885  2413 E WindowManager: Performed 6 layouts in a row. Skipping
12-09 06:37:35.435  1885  1938 E WindowManager: Performed 6 layouts in a row. Skipping
12-09 06:37:35.489  1885  1938 E WindowManager: Performed 6 layouts in a row. Skipping
12-09 06:37:38.436  1885  2001 E WindowManager: Performed 6 layouts in a row. Skipping
12-09 06:37:38.451  1885  1938 E WindowManager: Performed 6 layouts in a row. Skipping
12-09 06:37:38.513  1885  1938 E WindowManager: Performed 6 layouts in a row. Skipping
12-09 06:37:38.542  1885  1938 E WindowManager: Performed 6 layouts in a row. Skipping
12-09 06:37:38.568  1885  1938 E WindowManager: Performed 6 layouts in a row. Skipping
12-09 06:37:38.595  1885  1900 E WindowManager: Performed 6 layouts in a row. Skipping
12-09 06:37:38.636  1885  2001 E WindowManager: Performed 6 layouts in a row. Skipping
12-09 06:37:38.680  1885  1938 E WindowManager: Performed 6 layouts in a row. Skipping
12-09 06:37:38.711  1885  1938 E WindowManager: Performed 6 layouts in a row. Skipping
12-09 06:37:38.744  1885  4630 E WindowManager: Performed 6 layouts in a row. Skipping
12-09 06:37:38.785  1885  1938 E WindowManager: Performed 6 layouts in a row. Skipping
12-09 06:37:38.805  1885  1938 E WindowManager: Performed 6 layouts in a row. Skipping
12-09 06:37:38.830  1885  1900 E WindowManager: Performed 6 layouts in a row. Skipping
12-09 06:37:38.861  1885  1938 E WindowManager: Performed 6 layouts in a row. Skipping
12-09 06:37:38.889  1885  1938 E WindowManager: Performed 6 layouts in a row. Skipping
12-09 06:37:38.948  1885  1938 E WindowManager: Performed 6 layouts in a row. Skipping
