--------- beginning of main
--------- beginning of system
12-09 07:24:45.465  1885  1957 E InputDispatcher: channel 'b626571 com.evancharlton.mileage/com.evancharlton.mileage.ServiceIntervalActivity (server)' ~ Channel is unrecoverably broken and will be disposed!
12-09 07:24:45.465  1885  1957 E InputDispatcher: channel 'dda6027 com.evancharlton.mileage/com.evancharlton.mileage.ServiceIntervalsListActivity (server)' ~ Channel is unrecoverably broken and will be disposed!
12-09 07:24:45.467  1885  1957 E InputDispatcher: channel 'a0acdc7 com.evancharlton.mileage/com.evancharlton.mileage.Mileage (server)' ~ Channel is unrecoverably broken and will be disposed!
12-09 07:24:45.633  1885  1899 E ActivityManager: Failure starting process com.evancharlton.mileage
12-09 07:24:45.633  1885  1899 E ActivityManager: java.lang.SecurityException: Package com.evancharlton.mileage was not found!
12-09 07:24:45.633  1885  1899 E ActivityManager: 	at com.android.server.pm.PackageManagerService.checkPackageStartable(PackageManagerService.java:3987)
12-09 07:24:45.633  1885  1899 E ActivityManager: 	at com.android.server.am.ActivityManagerService.startProcessLocked(ActivityManagerService.java:4234)
12-09 07:24:45.633  1885  1899 E ActivityManager: 	at com.android.server.am.ActivityManagerService.startProcessLocked(ActivityManagerService.java:4199)
12-09 07:24:45.633  1885  1899 E ActivityManager: 	at com.android.server.am.ActivityManagerService.startProcessLocked(ActivityManagerService.java:4181)
12-09 07:24:45.633  1885  1899 E ActivityManager: 	at com.android.server.am.ActivityManagerService.startProcessLocked(ActivityManagerService.java:4067)
12-09 07:24:45.633  1885  1899 E ActivityManager: 	at com.android.server.am.ActivityStackSupervisor.startSpecificActivityLocked(ActivityStackSupervisor.java:1715)
12-09 07:24:45.633  1885  1899 E ActivityManager: 	at com.android.server.am.ActivityStack.resumeTopActivityInnerLocked(ActivityStack.java:2764)
12-09 07:24:45.633  1885  1899 E ActivityManager: 	at com.android.server.am.ActivityStack.resumeTopActivityUncheckedLocked(ActivityStack.java:2302)
12-09 07:24:45.633  1885  1899 E ActivityManager: 	at com.android.server.am.ActivityStackSupervisor.resumeFocusedStackTopActivityLocked(ActivityStackSupervisor.java:2234)
12-09 07:24:45.633  1885  1899 E ActivityManager: 	at com.android.server.am.ActivityStackSupervisor.resumeFocusedStackTopActivityLocked(ActivityStackSupervisor.java:2218)
12-09 07:24:45.633  1885  1899 E ActivityManager: 	at com.android.server.am.ActivityManagerService.handleAppDiedLocked(ActivityManagerService.java:5923)
12-09 07:24:45.633  1885  1899 E ActivityManager: 	at com.android.server.am.ActivityManagerService.removeProcessLocked(ActivityManagerService.java:7501)
12-09 07:24:45.633  1885  1899 E ActivityManager: 	at com.android.server.am.ActivityManagerService.killPackageProcessesLocked(ActivityManagerService.java:7142)
12-09 07:24:45.633  1885  1899 E ActivityManager: 	at com.android.server.am.ActivityManagerService.forceStopPackageLocked(ActivityManagerService.java:7275)
12-09 07:24:45.633  1885  1899 E ActivityManager: 	at com.android.server.am.ActivityManagerService$MainHandler.handleMessage(ActivityManagerService.java:2289)
12-09 07:24:45.633  1885  1899 E ActivityManager: 	at android.os.Handler.dispatchMessage(Handler.java:106)
12-09 07:24:45.633  1885  1899 E ActivityManager: 	at android.os.Looper.loop(Looper.java:193)
12-09 07:24:45.633  1885  1899 E ActivityManager: 	at android.os.HandlerThread.run(HandlerThread.java:65)
12-09 07:24:45.633  1885  1899 E ActivityManager: 	at com.android.server.ServiceThread.run(ServiceThread.java:44)
12-09 07:24:47.035  1633  1633 E lowmemorykiller: Error writing /proc/5768/oom_score_adj; errno=22
12-09 07:24:47.870  2378  8267 E ctxmgr  : [ProducerStatusImpl]updateStateForNewContextData: inactive, contextName=7
12-09 07:24:48.223  2378  2378 E BeaconBle: Scan couldn't start for Places
12-09 07:24:48.447  1885  1898 E memtrack: Couldn't load memtrack module
12-09 07:24:50.464  1731  6658 E         : Couldn't opendir /data/app/vmdl693224615.tmp: No such file or directory
12-09 07:24:50.464  1731  6658 E installd: Failed to delete /data/app/vmdl693224615.tmp: No such file or directory
12-09 07:24:53.050  8360  8360 E harlton.mileag: Not starting debugger since process cannot load the jdwp agent.
12-09 07:24:55.679  1994  7294 E putmethod.lati: Invalid ID 0x00000001.
12-09 07:24:55.699  1994  7294 E LstmTrainingCache: emn: Can't get resource name for input slot
12-09 07:24:55.699  1994  7294 E LstmTrainingCache: android.content.res.Resources$NotFoundException: Unable to find resource ID #0x1
12-09 07:24:55.699  1994  7294 E LstmTrainingCache: 	at android.content.res.ResourcesImpl.getResourceName(ResourcesImpl.java:255)
12-09 07:24:55.699  1994  7294 E LstmTrainingCache: 	at android.content.res.Resources.getResourceName(Resources.java:1954)
12-09 07:24:55.699  1994  7294 E LstmTrainingCache: 	at emn.a(PG:12)
12-09 07:24:55.699  1994  7294 E LstmTrainingCache: 	at emk.run(PG:5)
12-09 07:24:55.699  1994  7294 E LstmTrainingCache: 	at java.lang.Thread.run(Thread.java:764)
12-09 07:25:03.924  1994  7294 E putmethod.lati: Invalid ID 0x00000001.
12-09 07:25:03.944  1994  7294 E LstmTrainingCache: emn: Can't get resource name for input slot
12-09 07:25:03.944  1994  7294 E LstmTrainingCache: android.content.res.Resources$NotFoundException: Unable to find resource ID #0x1
12-09 07:25:03.944  1994  7294 E LstmTrainingCache: 	at android.content.res.ResourcesImpl.getResourceName(ResourcesImpl.java:255)
12-09 07:25:03.944  1994  7294 E LstmTrainingCache: 	at android.content.res.Resources.getResourceName(Resources.java:1954)
12-09 07:25:03.944  1994  7294 E LstmTrainingCache: 	at emn.a(PG:12)
12-09 07:25:03.944  1994  7294 E LstmTrainingCache: 	at emk.run(PG:5)
12-09 07:25:03.944  1994  7294 E LstmTrainingCache: 	at java.lang.Thread.run(Thread.java:764)
12-09 07:25:04.893  1885  1898 E memtrack: Couldn't load memtrack module
12-09 07:25:13.611  2378  8027 E ctxmgr  : [ProducerStatusImpl]updateStateForNewContextData: inactive, contextName=7
12-09 07:25:13.938  2378  2378 E BeaconBle: Missing BluetoothAdapter
12-09 07:25:14.054  2378  2378 E BeaconBle: Scan couldn't start for Places
12-09 07:25:16.113  1834  1834 E netmgr  : Failed to open QEMU pipe 'qemud:network': Invalid argument
12-09 07:25:16.113  1834  1834 E netmgr  : WifiForwarder unable to open QEMU pipe: Invalid argument
12-09 07:25:16.440 23668 23668 E ContextIntentStarter: No activity found for any of the 0 intents
12-09 07:25:17.632  1629  1629 E android.hardware.wifi@1.0-service: Failed to register radio mode change callback
12-09 07:25:17.639  1629  1629 E android.hardware.wifi@1.0-service: Failed to set DFS flag; DFS channels may be unavailable.
12-09 07:25:17.689  1740  1740 E wificond: No Offload Service available
12-09 07:25:17.695  1885  1969 E SupplicantStaIfaceHal: Can't call setupIface, ISupplicantStaIface is null
12-09 07:25:18.805  1885  1970 E WifiVendorHal: getBgScanCapabilities(l.671) failed {.code = ERROR_NOT_SUPPORTED, .description = }
12-09 07:25:18.949  1885  1971 E WifiP2pService: Unhandled message { when=-58ms what=131203 target=com.android.internal.util.StateMachine$SmHandler }
12-09 07:25:19.268  1885  1971 E WifiP2pService: Unhandled message { when=-2ms what=131203 target=com.android.internal.util.StateMachine$SmHandler }
12-09 07:25:19.451  8412  8412 E viders.calenda: Not starting debugger since process cannot load the jdwp agent.
12-09 07:25:19.711  1885  1903 E BatteryExternalStatsWorker: no controller energy info supplied for wifi
12-09 07:25:19.853  8405  8405 E wpa_supplicant: nl80211: Failed to open /proc/sys/net/ipv4/conf/p2p-dev-wlan0/drop_unicast_in_l2_multicast: No such file or directory
12-09 07:25:19.853  8405  8405 E wpa_supplicant: nl80211: Failed to set IPv4 unicast in multicast filter
12-09 07:25:19.919  8405  8405 E wpa_supplicant: nl80211: Failed to open /proc/sys/net/ipv4/conf/p2p-dev-wlan0/drop_unicast_in_l2_multicast: No such file or directory
12-09 07:25:19.919  8405  8405 E wpa_supplicant: nl80211: Failed to set IPv4 unicast in multicast filter
12-09 07:25:20.004  8405  8405 E wpa_supplicant: nl80211: Failed to open /proc/sys/net/ipv4/conf/wlan0/drop_unicast_in_l2_multicast: No such file or directory
12-09 07:25:20.004  8405  8405 E wpa_supplicant: nl80211: Failed to set IPv4 unicast in multicast filter
12-09 07:25:20.087  8405  8405 E wpa_supplicant: nl80211: Failed to open /proc/sys/net/ipv4/conf/wlan0/drop_unicast_in_l2_multicast: No such file or directory
12-09 07:25:20.087  8405  8405 E wpa_supplicant: nl80211: Failed to set IPv4 unicast in multicast filter
12-09 07:25:20.446  1629  1629 E android.hardware.wifi@1.0-service: Failed to open directory: Permission denied
12-09 07:25:20.446  1629  1629 E android.hardware.wifi@1.0-service: Error occurred while deleting old tombstone files
12-09 07:25:20.446  1629  1629 E android.hardware.wifi@1.0-service: Error writing files to flash
12-09 07:25:20.567  1885  1898 E GnssLocationProvider: no AGPS interface in set_agps_server
12-09 07:25:20.786  1885  1969 E SupplicantStaIfaceHal: Can't call setPowerSave, ISupplicantStaIface is null
12-09 07:25:20.786  1885  1969 E SupplicantStaIfaceHal: Can't call setBtCoexistenceMode, ISupplicantStaIface is null
12-09 07:25:20.842  1885  1969 E HalDevMgr: Should have at least 1 chip!
12-09 07:25:20.842  1885  1969 E HalDevMgr: dispatchAvailableForRequestListeners: no chip info found
12-09 07:25:20.879  1885  1969 E SupplicantStaIfaceHal: Can't call listNetworks, ISupplicantStaIface is null
12-09 07:25:20.879  1885  1969 E SupplicantStaIfaceHal: removeAllNetworks failed, got null networks
12-09 07:25:20.879  1885  1969 E WifiStateMachine: Failed to remove networks on exiting connect mode
12-09 07:25:20.882  1885  1971 E WifiP2pService: Unhandled message { when=-3ms what=131204 target=com.android.internal.util.StateMachine$SmHandler }
12-09 07:25:20.966  1885  1970 E WificondControl: No valid wificond scanner interface handler
12-09 07:25:20.969  8428  8428 E droid.deskcloc: Not starting debugger since process cannot load the jdwp agent.
12-09 07:25:20.974  1885  1903 E BatteryExternalStatsWorker: no controller energy info supplied for wifi
12-09 07:25:21.035  1885  1969 E WifiScanRequestProxy: Scan failure received. reason: -1,description: not available
12-09 07:25:21.059  1885  1903 E BatteryExternalStatsWorker: no controller energy info supplied for wifi
12-09 07:25:21.624  8428  8428 E LoadedApk: Unable to instantiate appComponentFactory
12-09 07:25:21.624  8428  8428 E LoadedApk: java.lang.ClassNotFoundException: Didn't find class "android.support.v4.app.CoreComponentFactory" on path: DexPathList[[zip file "/data/app/com.google.android.deskclock-irjeQ48B8SlCzNgOUY6aXg==/base.apk"],nativeLibraryDirectories=[/data/app/com.google.android.deskclock-irjeQ48B8SlCzNgOUY6aXg==/lib/x86, /system/lib]]
12-09 07:25:21.624  8428  8428 E LoadedApk: 	at dalvik.system.BaseDexClassLoader.findClass(BaseDexClassLoader.java:134)
12-09 07:25:21.624  8428  8428 E LoadedApk: 	at java.lang.ClassLoader.loadClass(ClassLoader.java:379)
12-09 07:25:21.624  8428  8428 E LoadedApk: 	at java.lang.ClassLoader.loadClass(ClassLoader.java:312)
12-09 07:25:21.624  8428  8428 E LoadedApk: 	at android.app.LoadedApk.createAppFactory(LoadedApk.java:226)
12-09 07:25:21.624  8428  8428 E LoadedApk: 	at android.app.LoadedApk.createOrUpdateClassLoaderLocked(LoadedApk.java:731)
12-09 07:25:21.624  8428  8428 E LoadedApk: 	at android.app.LoadedApk.getClassLoader(LoadedApk.java:810)
12-09 07:25:21.624  8428  8428 E LoadedApk: 	at android.app.LoadedApk.getResources(LoadedApk.java:1032)
12-09 07:25:21.624  8428  8428 E LoadedApk: 	at android.app.ContextImpl.createAppContext(ContextImpl.java:2345)
12-09 07:25:21.624  8428  8428 E LoadedApk: 	at android.app.ActivityThread.handleBindApplication(ActivityThread.java:5749)
12-09 07:25:21.624  8428  8428 E LoadedApk: 	at android.app.ActivityThread.access$1100(ActivityThread.java:199)
12-09 07:25:21.624  8428  8428 E LoadedApk: 	at android.app.ActivityThread$H.handleMessage(ActivityThread.java:1650)
12-09 07:25:21.624  8428  8428 E LoadedApk: 	at android.os.Handler.dispatchMessage(Handler.java:106)
12-09 07:25:21.624  8428  8428 E LoadedApk: 	at android.os.Looper.loop(Looper.java:193)
12-09 07:25:21.624  8428  8428 E LoadedApk: 	at android.app.ActivityThread.main(ActivityThread.java:6669)
12-09 07:25:21.624  8428  8428 E LoadedApk: 	at java.lang.reflect.Method.invoke(Native Method)
12-09 07:25:21.624  8428  8428 E LoadedApk: 	at com.android.internal.os.RuntimeInit$MethodAndArgsCaller.run(RuntimeInit.java:493)
12-09 07:25:21.624  8428  8428 E LoadedApk: 	at com.android.internal.os.ZygoteInit.main(ZygoteInit.java:858)
12-09 07:25:23.266  8458  8458 E com.ustwo.lwp: Not starting debugger since process cannot load the jdwp agent.
12-09 07:25:25.711  1739  1762 E storaged: getDiskStats failed with result NOT_SUPPORTED and size 0
12-09 07:25:29.645 13690 13723 E PlayCommon: [6481] com.google.android.play.b.g.a(448): Failed to connect to server: java.net.UnknownHostException: Unable to resolve host "play.googleapis.com": No address associated with hostname
12-09 07:25:34.699  1885  1970 E WificondScannerImpl: Timed out waiting for scan result from wificond
