--------- beginning of system
12-08 09:38:39.780  1881  1895 E ActivityManager: Failure starting process com.evancharlton.mileage
12-08 09:38:39.780  1881  1895 E ActivityManager: java.lang.SecurityException: Package com.evancharlton.mileage was not found!
12-08 09:38:39.780  1881  1895 E ActivityManager: 	at com.android.server.pm.PackageManagerService.checkPackageStartable(PackageManagerService.java:3987)
12-08 09:38:39.780  1881  1895 E ActivityManager: 	at com.android.server.am.ActivityManagerService.startProcessLocked(ActivityManagerService.java:4234)
12-08 09:38:39.780  1881  1895 E ActivityManager: 	at com.android.server.am.ActivityManagerService.startProcessLocked(ActivityManagerService.java:4199)
12-08 09:38:39.780  1881  1895 E ActivityManager: 	at com.android.server.am.ActivityManagerService.startProcessLocked(ActivityManagerService.java:4181)
12-08 09:38:39.780  1881  1895 E ActivityManager: 	at com.android.server.am.ActivityManagerService.startProcessLocked(ActivityManagerService.java:4067)
12-08 09:38:39.780  1881  1895 E ActivityManager: 	at com.android.server.am.ActivityStackSupervisor.startSpecificActivityLocked(ActivityStackSupervisor.java:1715)
12-08 09:38:39.780  1881  1895 E ActivityManager: 	at com.android.server.am.ActivityStack.resumeTopActivityInnerLocked(ActivityStack.java:2764)
12-08 09:38:39.780  1881  1895 E ActivityManager: 	at com.android.server.am.ActivityStack.resumeTopActivityUncheckedLocked(ActivityStack.java:2302)
12-08 09:38:39.780  1881  1895 E ActivityManager: 	at com.android.server.am.ActivityStackSupervisor.resumeFocusedStackTopActivityLocked(ActivityStackSupervisor.java:2234)
12-08 09:38:39.780  1881  1895 E ActivityManager: 	at com.android.server.am.ActivityStackSupervisor.resumeFocusedStackTopActivityLocked(ActivityStackSupervisor.java:2218)
12-08 09:38:39.780  1881  1895 E ActivityManager: 	at com.android.server.am.ActivityManagerService.handleAppDiedLocked(ActivityManagerService.java:5923)
12-08 09:38:39.780  1881  1895 E ActivityManager: 	at com.android.server.am.ActivityManagerService.removeProcessLocked(ActivityManagerService.java:7501)
12-08 09:38:39.780  1881  1895 E ActivityManager: 	at com.android.server.am.ActivityManagerService.killPackageProcessesLocked(ActivityManagerService.java:7142)
12-08 09:38:39.780  1881  1895 E ActivityManager: 	at com.android.server.am.ActivityManagerService.forceStopPackageLocked(ActivityManagerService.java:7275)
12-08 09:38:39.780  1881  1895 E ActivityManager: 	at com.android.server.am.ActivityManagerService$MainHandler.handleMessage(ActivityManagerService.java:2289)
12-08 09:38:39.780  1881  1895 E ActivityManager: 	at android.os.Handler.dispatchMessage(Handler.java:106)
12-08 09:38:39.780  1881  1895 E ActivityManager: 	at android.os.Looper.loop(Looper.java:193)
12-08 09:38:39.780  1881  1895 E ActivityManager: 	at android.os.HandlerThread.run(HandlerThread.java:65)
12-08 09:38:39.780  1881  1895 E ActivityManager: 	at com.android.server.ServiceThread.run(ServiceThread.java:44)
12-08 09:38:44.435  1738  1772 E storaged: getDiskStats failed with result NOT_SUPPORTED and size 0
--------- beginning of main
12-08 09:38:55.259  1992 20735 E putmethod.lati: Invalid ID 0x00000001.
12-08 09:38:55.285  1992 20735 E LstmTrainingCache: emn: Can't get resource name for input slot
12-08 09:38:55.285  1992 20735 E LstmTrainingCache: android.content.res.Resources$NotFoundException: Unable to find resource ID #0x1
12-08 09:38:55.285  1992 20735 E LstmTrainingCache: 	at android.content.res.ResourcesImpl.getResourceName(ResourcesImpl.java:255)
12-08 09:38:55.285  1992 20735 E LstmTrainingCache: 	at android.content.res.Resources.getResourceName(Resources.java:1954)
12-08 09:38:55.285  1992 20735 E LstmTrainingCache: 	at emn.a(PG:12)
12-08 09:38:55.285  1992 20735 E LstmTrainingCache: 	at emk.run(PG:5)
12-08 09:38:55.285  1992 20735 E LstmTrainingCache: 	at java.lang.Thread.run(Thread.java:764)
12-08 09:38:59.434  1630  1630 E lowmemorykiller: Error writing /proc/20522/oom_score_adj; errno=22
12-08 09:38:59.462  1630  1630 E lowmemorykiller: Error writing /proc/20522/oom_score_adj; errno=22
12-08 09:38:59.767  1630  1630 E lowmemorykiller: Error opening /proc/21219/oom_score_adj; errno=2
12-08 09:38:59.784  1630  1630 E lowmemorykiller: Error opening /proc/20492/oom_score_adj; errno=2
12-08 09:38:59.815  1630  1630 E lowmemorykiller: Error opening /proc/21219/oom_score_adj; errno=2
12-08 09:38:59.816  1630  1630 E lowmemorykiller: Error opening /proc/20492/oom_score_adj; errno=2
12-08 09:38:59.818  1630  1630 E lowmemorykiller: Error opening /proc/20492/oom_score_adj; errno=2
12-08 09:39:01.180  2448 20712 E ctxmgr  : [ProducerStatusImpl]updateStateForNewContextData: inactive, contextName=7
12-08 09:39:01.294  2448  2448 E BeaconBle: Scan couldn't start for Places
12-08 09:39:07.140  1611  1695 E audio_hw_generic: pcm_write failed cannot write stream data: I/O error
12-08 09:39:17.431  1881  4023 E WindowManager: Performed 6 layouts in a row. Skipping
12-08 09:39:17.508  1881  1934 E WindowManager: Performed 6 layouts in a row. Skipping
12-08 09:39:17.536  1881  1934 E WindowManager: Performed 6 layouts in a row. Skipping
12-08 09:39:17.565  1881  1896 E WindowManager: Performed 6 layouts in a row. Skipping
12-08 09:39:17.594  1881  1934 E WindowManager: Performed 6 layouts in a row. Skipping
12-08 09:39:17.619  1881  1934 E WindowManager: Performed 6 layouts in a row. Skipping
12-08 09:39:17.644  1881  1934 E WindowManager: Performed 6 layouts in a row. Skipping
12-08 09:39:17.713  1881  1934 E WindowManager: Performed 6 layouts in a row. Skipping
12-08 09:39:17.747  1881  4164 E WindowManager: Performed 6 layouts in a row. Skipping
12-08 09:39:17.784  1881  1934 E WindowManager: Performed 6 layouts in a row. Skipping
12-08 09:39:17.870  1881  1934 E WindowManager: Performed 6 layouts in a row. Skipping
12-08 09:39:18.592 21330 21330 E WindowManager: 
12-08 09:39:18.592 21330 21330 E WindowManager: android.view.WindowLeaked: Activity com.evancharlton.mileage.FieldActivity has leaked window DecorView@b1ddf45[FieldActivity] that was originally added here
12-08 09:39:18.592 21330 21330 E WindowManager: 	at android.view.ViewRootImpl.<init>(ViewRootImpl.java:511)
12-08 09:39:18.592 21330 21330 E WindowManager: 	at android.view.WindowManagerGlobal.addView(WindowManagerGlobal.java:346)
12-08 09:39:18.592 21330 21330 E WindowManager: 	at android.view.WindowManagerImpl.addView(WindowManagerImpl.java:93)
12-08 09:39:18.592 21330 21330 E WindowManager: 	at com.android.internal.policy.PhoneWindow.openPanel(PhoneWindow.java:887)
12-08 09:39:18.592 21330 21330 E WindowManager: 	at com.android.internal.policy.PhoneWindow.onKeyUpPanel(PhoneWindow.java:1104)
12-08 09:39:18.592 21330 21330 E WindowManager: 	at com.android.internal.policy.PhoneWindow.onKeyUp(PhoneWindow.java:2007)
12-08 09:39:18.592 21330 21330 E WindowManager: 	at com.android.internal.policy.DecorView.dispatchKeyEvent(DecorView.java:350)
12-08 09:39:18.592 21330 21330 E WindowManager: 	at android.view.ViewRootImpl$ViewPostImeInputStage.processKeyEvent(ViewRootImpl.java:5037)
12-08 09:39:18.592 21330 21330 E WindowManager: 	at android.view.ViewRootImpl$ViewPostImeInputStage.onProcess(ViewRootImpl.java:4905)
12-08 09:39:18.592 21330 21330 E WindowManager: 	at android.view.ViewRootImpl$InputStage.deliver(ViewRootImpl.java:4426)
12-08 09:39:18.592 21330 21330 E WindowManager: 	at android.view.ViewRootImpl$InputStage.onDeliverToNext(ViewRootImpl.java:4479)
12-08 09:39:18.592 21330 21330 E WindowManager: 	at android.view.ViewRootImpl$InputStage.forward(ViewRootImpl.java:4445)
12-08 09:39:18.592 21330 21330 E WindowManager: 	at android.view.ViewRootImpl$AsyncInputStage.forward(ViewRootImpl.java:4585)
12-08 09:39:18.592 21330 21330 E WindowManager: 	at android.view.ViewRootImpl$InputStage.apply(ViewRootImpl.java:4453)
12-08 09:39:18.592 21330 21330 E WindowManager: 	at android.view.ViewRootImpl$AsyncInputStage.apply(ViewRootImpl.java:4642)
12-08 09:39:18.592 21330 21330 E WindowManager: 	at android.view.ViewRootImpl$InputStage.deliver(ViewRootImpl.java:4426)
12-08 09:39:18.592 21330 21330 E WindowManager: 	at android.view.ViewRootImpl$InputStage.onDeliverToNext(ViewRootImpl.java:4479)
12-08 09:39:18.592 21330 21330 E WindowManager: 	at android.view.ViewRootImpl$InputStage.forward(ViewRootImpl.java:4445)
12-08 09:39:18.592 21330 21330 E WindowManager: 	at android.view.ViewRootImpl$InputStage.apply(ViewRootImpl.java:4453)
12-08 09:39:18.592 21330 21330 E WindowManager: 	at android.view.ViewRootImpl$InputStage.deliver(ViewRootImpl.java:4426)
12-08 09:39:18.592 21330 21330 E WindowManager: 	at android.view.ViewRootImpl$InputStage.onDeliverToNext(ViewRootImpl.java:4479)
12-08 09:39:18.592 21330 21330 E WindowManager: 	at android.view.ViewRootImpl$InputStage.forward(ViewRootImpl.java:4445)
12-08 09:39:18.592 21330 21330 E WindowManager: 	at android.view.ViewRootImpl$AsyncInputStage.forward(ViewRootImpl.java:4618)
12-08 09:39:18.592 21330 21330 E WindowManager: 	at android.view.ViewRootImpl$ImeInputStage.onFinishedInputEvent(ViewRootImpl.java:4779)
12-08 09:39:18.592 21330 21330 E WindowManager: 	at android.view.inputmethod.InputMethodManager$PendingEvent.run(InputMethodManager.java:2571)
12-08 09:39:18.592 21330 21330 E WindowManager: 	at android.view.inputmethod.InputMethodManager.invokeFinishedInputEventCallback(InputMethodManager.java:2081)
12-08 09:39:18.592 21330 21330 E WindowManager: 	at android.view.inputmethod.InputMethodManager.finishedInputEvent(InputMethodManager.java:2072)
12-08 09:39:18.592 21330 21330 E WindowManager: 	at android.view.inputmethod.InputMethodManager$ImeInputEventSender.onInputEventFinished(InputMethodManager.java:2548)
12-08 09:39:18.592 21330 21330 E WindowManager: 	at android.view.InputEventSender.dispatchInputEventFinished(InputEventSender.java:141)
12-08 09:39:18.592 21330 21330 E WindowManager: 	at android.os.MessageQueue.nativePollOnce(Native Method)
12-08 09:39:18.592 21330 21330 E WindowManager: 	at android.os.MessageQueue.next(MessageQueue.java:326)
12-08 09:39:18.592 21330 21330 E WindowManager: 	at android.os.Looper.loop(Looper.java:160)
12-08 09:39:18.592 21330 21330 E WindowManager: 	at android.app.ActivityThread.main(ActivityThread.java:6669)
12-08 09:39:18.592 21330 21330 E WindowManager: 	at java.lang.reflect.Method.invoke(Native Method)
12-08 09:39:18.592 21330 21330 E WindowManager: 	at com.android.internal.os.RuntimeInit$MethodAndArgsCaller.run(RuntimeInit.java:493)
12-08 09:39:18.592 21330 21330 E WindowManager: 	at com.android.internal.os.ZygoteInit.main(ZygoteInit.java:858)
12-08 09:39:18.780  1611  1695 E audio_hw_generic: pcm_write failed cannot write stream data: I/O error
12-08 09:39:19.224  2692  2692 E ContextIntentStarter: No activity found for any of the 0 intents
12-08 09:39:21.009  1881  5403 E WindowManager: Performed 6 layouts in a row. Skipping
12-08 09:39:21.034  1881  1934 E WindowManager: Performed 6 layouts in a row. Skipping
12-08 09:39:21.091  1881  1896 E WindowManager: Performed 6 layouts in a row. Skipping
12-08 09:39:21.120  1881  1934 E WindowManager: Performed 6 layouts in a row. Skipping
12-08 09:39:21.143  1881  1934 E WindowManager: Performed 6 layouts in a row. Skipping
12-08 09:39:21.194  1881  1934 E WindowManager: Performed 6 layouts in a row. Skipping
12-08 09:39:21.215  1881  4164 E WindowManager: Performed 6 layouts in a row. Skipping
12-08 09:39:24.577  1611 21390 E audio_hw_generic: pcm_open(in) failed: cannot open device '/dev/snd/pcmC0D0c': Device or resource busy: channels 2 format 0 rate 16000
12-08 09:39:28.810  1611  1695 E audio_hw_generic: pcm_write failed cannot write stream data: I/O error
12-08 09:39:38.820  1611  1695 E audio_hw_generic: pcm_write failed cannot write stream data: I/O error
12-08 09:39:40.414  1828  1828 E netmgr  : Failed to open QEMU pipe 'qemud:network': Invalid argument
12-08 09:39:40.414  1828  1828 E netmgr  : WifiForwarder unable to open QEMU pipe: Invalid argument
12-08 09:39:44.439  1738  1772 E storaged: getDiskStats failed with result NOT_SUPPORTED and size 0
12-08 09:39:48.850  1611  1695 E audio_hw_generic: pcm_write failed cannot write stream data: I/O error
12-08 09:39:54.184  2463  2463 E SchedPolicy: set_timerslack_ns write failed: Operation not permitted
12-08 09:39:58.623  2463  2463 E SchedPolicy: set_timerslack_ns write failed: Operation not permitted
12-08 09:40:38.990  1611  1695 E audio_hw_generic: pcm_write failed cannot write stream data: I/O error
12-08 09:40:40.468  1828  1828 E netmgr  : Failed to open QEMU pipe 'qemud:network': Invalid argument
12-08 09:40:40.468  1828  1828 E netmgr  : WifiForwarder unable to open QEMU pipe: Invalid argument
12-08 09:40:44.442  1738  1772 E storaged: getDiskStats failed with result NOT_SUPPORTED and size 0
