--------- beginning of system
12-07 11:18:08.270  1883  1897 E ActivityManager: Failure starting process com.evancharlton.mileage
12-07 11:18:08.270  1883  1897 E ActivityManager: java.lang.SecurityException: Package com.evancharlton.mileage was not found!
12-07 11:18:08.270  1883  1897 E ActivityManager: 	at com.android.server.pm.PackageManagerService.checkPackageStartable(PackageManagerService.java:3987)
12-07 11:18:08.270  1883  1897 E ActivityManager: 	at com.android.server.am.ActivityManagerService.startProcessLocked(ActivityManagerService.java:4234)
12-07 11:18:08.270  1883  1897 E ActivityManager: 	at com.android.server.am.ActivityManagerService.startProcessLocked(ActivityManagerService.java:4199)
12-07 11:18:08.270  1883  1897 E ActivityManager: 	at com.android.server.am.ActivityManagerService.startProcessLocked(ActivityManagerService.java:4181)
12-07 11:18:08.270  1883  1897 E ActivityManager: 	at com.android.server.am.ActivityManagerService.startProcessLocked(ActivityManagerService.java:4067)
12-07 11:18:08.270  1883  1897 E ActivityManager: 	at com.android.server.am.ActivityStackSupervisor.startSpecificActivityLocked(ActivityStackSupervisor.java:1715)
12-07 11:18:08.270  1883  1897 E ActivityManager: 	at com.android.server.am.ActivityStack.resumeTopActivityInnerLocked(ActivityStack.java:2764)
12-07 11:18:08.270  1883  1897 E ActivityManager: 	at com.android.server.am.ActivityStack.resumeTopActivityUncheckedLocked(ActivityStack.java:2302)
12-07 11:18:08.270  1883  1897 E ActivityManager: 	at com.android.server.am.ActivityStackSupervisor.resumeFocusedStackTopActivityLocked(ActivityStackSupervisor.java:2234)
12-07 11:18:08.270  1883  1897 E ActivityManager: 	at com.android.server.am.ActivityStackSupervisor.resumeFocusedStackTopActivityLocked(ActivityStackSupervisor.java:2218)
12-07 11:18:08.270  1883  1897 E ActivityManager: 	at com.android.server.am.ActivityManagerService.handleAppDiedLocked(ActivityManagerService.java:5923)
12-07 11:18:08.270  1883  1897 E ActivityManager: 	at com.android.server.am.ActivityManagerService.removeProcessLocked(ActivityManagerService.java:7501)
12-07 11:18:08.270  1883  1897 E ActivityManager: 	at com.android.server.am.ActivityManagerService.killPackageProcessesLocked(ActivityManagerService.java:7142)
12-07 11:18:08.270  1883  1897 E ActivityManager: 	at com.android.server.am.ActivityManagerService.forceStopPackageLocked(ActivityManagerService.java:7275)
12-07 11:18:08.270  1883  1897 E ActivityManager: 	at com.android.server.am.ActivityManagerService$MainHandler.handleMessage(ActivityManagerService.java:2289)
12-07 11:18:08.270  1883  1897 E ActivityManager: 	at android.os.Handler.dispatchMessage(Handler.java:106)
12-07 11:18:08.270  1883  1897 E ActivityManager: 	at android.os.Looper.loop(Looper.java:193)
12-07 11:18:08.270  1883  1897 E ActivityManager: 	at android.os.HandlerThread.run(HandlerThread.java:65)
12-07 11:18:08.270  1883  1897 E ActivityManager: 	at com.android.server.ServiceThread.run(ServiceThread.java:44)
12-07 11:18:12.247  1737  1809 E storaged: getDiskStats failed with result NOT_SUPPORTED and size 0
--------- beginning of main
12-07 11:18:55.826  1883  1901 E BatteryExternalStatsWorker: no controller energy info supplied for wifi
12-07 11:19:06.532  1829  1829 E netmgr  : Failed to open QEMU pipe 'qemud:network': Invalid argument
12-07 11:19:06.532  1829  1829 E netmgr  : WifiForwarder unable to open QEMU pipe: Invalid argument
12-07 11:19:09.796  1613 11439 E audio_hw_generic: pcm_open(in) failed: cannot open device '/dev/snd/pcmC0D0c': Device or resource busy: channels 2 format 0 rate 16000
12-07 11:19:12.253  1737  1809 E storaged: getDiskStats failed with result NOT_SUPPORTED and size 0
12-07 11:19:25.468  1613 11460 E audio_hw_generic: pcm_open(in) failed: cannot open device '/dev/snd/pcmC0D0c': Device or resource busy: channels 2 format 0 rate 16000
12-07 11:19:31.744 10909 10909 E wpa_supplicant: nl80211: Failed to open /proc/sys/net/ipv4/conf/p2p-dev-wlan0/drop_unicast_in_l2_multicast: No such file or directory
12-07 11:19:31.744 10909 10909 E wpa_supplicant: nl80211: Failed to set IPv4 unicast in multicast filter
12-07 11:19:31.749  1738  1738 E wificond: Receive ERROR message in response to 'stop scheduled scan' request: Operation not supported on transport endpoint
12-07 11:19:31.764 10909 10909 E wpa_supplicant: nl80211: Failed to open /proc/sys/net/ipv4/conf/p2p-dev-wlan0/drop_unicast_in_l2_multicast: No such file or directory
12-07 11:19:31.764 10909 10909 E wpa_supplicant: nl80211: Failed to set IPv4 unicast in multicast filter
12-07 11:19:31.872 10909 10909 E wpa_supplicant: nl80211: Failed to open /proc/sys/net/ipv4/conf/wlan0/drop_unicast_in_l2_multicast: No such file or directory
12-07 11:19:31.872 10909 10909 E wpa_supplicant: nl80211: Failed to set IPv4 unicast in multicast filter
12-07 11:19:31.873 10909 10909 E wpa_supplicant: nl80211: Failed to open /proc/sys/net/ipv4/conf/wlan0/drop_unicast_in_l2_multicast: No such file or directory
12-07 11:19:31.873 10909 10909 E wpa_supplicant: nl80211: Failed to set IPv4 unicast in multicast filter
12-07 11:19:31.982 10909 10909 E wpa_supplicant: nl80211: Failed to open /proc/sys/net/ipv4/conf/wlan0/drop_unicast_in_l2_multicast: No such file or directory
12-07 11:19:31.983 10909 10909 E wpa_supplicant: nl80211: Failed to set IPv4 unicast in multicast filter
12-07 11:19:32.193  1628  1628 E android.hardware.wifi@1.0-service: Failed to open directory: Permission denied
12-07 11:19:32.193  1628  1628 E android.hardware.wifi@1.0-service: Error occurred while deleting old tombstone files
12-07 11:19:32.193  1628  1628 E android.hardware.wifi@1.0-service: Error writing files to flash
12-07 11:19:32.474  1883  1967 E WifiP2pService: Unhandled message { when=-2ms what=131204 target=com.android.internal.util.StateMachine$SmHandler }
12-07 11:19:32.497  1883  1901 E BatteryExternalStatsWorker: no controller energy info supplied for wifi
12-07 11:19:32.525  2420 10935 E WakeLock: GCM_HB_ALARM release without a matched acquire!
12-07 11:19:32.514  1883  1901 E BatteryExternalStatsWorker: no controller energy info supplied for wifi
12-07 11:19:32.543  2420 10935 E GCM     : Connection closed with errorCode 20
12-07 11:19:32.613  2420 10935 E WakeLock: GCM_CONN_ALARM release without a matched acquire!
12-07 11:19:43.357  1632  1632 E lowmemorykiller: Error writing /proc/11116/oom_score_adj; errno=22
12-07 11:19:49.589 11334 11334 E SpannableStringBuilder: SPAN_EXCLUSIVE_EXCLUSIVE spans cannot have a zero length
12-07 11:19:49.589 11334 11334 E SpannableStringBuilder: SPAN_EXCLUSIVE_EXCLUSIVE spans cannot have a zero length
12-07 11:19:49.915  1990  1990 E native  : suggestion-transformer.cc:118 suggestion picked candidate not found for id: 2
12-07 11:19:50.918  1613 11510 E audio_hw_generic: pcm_open(in) failed: cannot open device '/dev/snd/pcmC0D0c': Device or resource busy: channels 2 format 0 rate 16000
12-07 11:19:51.157  2420 11447 E ctxmgr  : [ProducerStatusImpl]updateStateForNewContextData: inactive, contextName=7
12-07 11:19:51.424  2420  2420 E BeaconBle: Missing BluetoothAdapter
12-07 11:19:51.440  2420  2420 E BeaconBle: Scan couldn't start for Places
12-07 11:19:56.946 11521 11521 E boxed_process3: Not starting debugger since process cannot load the jdwp agent.
12-07 11:19:58.983  1613 11550 E audio_hw_generic: pcm_open(in) failed: cannot open device '/dev/snd/pcmC0D0c': Device or resource busy: channels 2 format 0 rate 16000
12-07 11:20:06.540  1829  1829 E netmgr  : Failed to open QEMU pipe 'qemud:network': Invalid argument
12-07 11:20:06.541  1829  1829 E netmgr  : WifiForwarder unable to open QEMU pipe: Invalid argument
12-07 11:20:06.858 11334 11334 E SpannableStringBuilder: SPAN_EXCLUSIVE_EXCLUSIVE spans cannot have a zero length
12-07 11:20:06.858 11334 11334 E SpannableStringBuilder: SPAN_EXCLUSIVE_EXCLUSIVE spans cannot have a zero length
12-07 11:20:12.256  1737  1809 E storaged: getDiskStats failed with result NOT_SUPPORTED and size 0
12-07 11:20:12.394 11562 11562 E boxed_process3: Not starting debugger since process cannot load the jdwp agent.
12-07 11:20:14.259  1613 11587 E audio_hw_generic: pcm_open(in) failed: cannot open device '/dev/snd/pcmC0D0c': Device or resource busy: channels 2 format 0 rate 16000
12-07 11:20:17.279  2759  2759 E SpannableStringBuilder: SPAN_EXCLUSIVE_EXCLUSIVE spans cannot have a zero length
12-07 11:20:17.279  2759  2759 E SpannableStringBuilder: SPAN_EXCLUSIVE_EXCLUSIVE spans cannot have a zero length
12-07 11:20:17.384  1990  1990 E native  : clearcut-logger.cc:191 USER_EDIT span#originalSpan is missing
12-07 11:20:19.915 11334 11334 E SpannableStringBuilder: SPAN_EXCLUSIVE_EXCLUSIVE spans cannot have a zero length
12-07 11:20:19.915 11334 11334 E SpannableStringBuilder: SPAN_EXCLUSIVE_EXCLUSIVE spans cannot have a zero length
12-07 11:20:28.177  1613 11597 E audio_hw_generic: pcm_open(in) failed: cannot open device '/dev/snd/pcmC0D0c': Device or resource busy: channels 2 format 0 rate 16000
12-07 11:20:30.680  1613 11601 E audio_hw_generic: pcm_open(in) failed: cannot open device '/dev/snd/pcmC0D0c': Device or resource busy: channels 2 format 0 rate 16000
12-07 11:20:38.877  1883  1900 E libprocessgroup: Error encountered killing process cgroup uid 99038 pid 11562: No such file or directory
