--------- beginning of main
--------- beginning of system
12-08 01:36:39.049 32195 32195 E oid.documentsu: Not starting debugger since process cannot load the jdwp agent.
12-08 01:36:39.112 32210 32210 E ndroid.keychai: Not starting debugger since process cannot load the jdwp agent.
12-08 01:36:40.075 32254 32254 E droid.apps.doc: Not starting debugger since process cannot load the jdwp agent.
12-08 01:36:40.181  1632  1632 E lowmemorykiller: Error opening /proc/32139/oom_score_adj; errno=2
12-08 01:36:40.182  1632  1632 E lowmemorykiller: Error writing /proc/31960/oom_score_adj; errno=22
12-08 01:36:40.201  1632  1632 E lowmemorykiller: Error opening /proc/31960/oom_score_adj; errno=2
12-08 01:36:41.100 32279 32279 E d.process.medi: Not starting debugger since process cannot load the jdwp agent.
12-08 01:36:42.579 32254 32254 E DocsApplication: [main] No default account found during application creation.
12-08 01:36:43.378  1729  1752 E         : Couldn't opendir /data/app/vmdl1804638435.tmp: No such file or directory
12-08 01:36:43.378  1729  1752 E installd: Failed to delete /data/app/vmdl1804638435.tmp: No such file or directory
12-08 01:36:46.888 32334 32334 E harlton.mileag: Not starting debugger since process cannot load the jdwp agent.
12-08 01:36:56.667 16085 31762 E putmethod.lati: Invalid ID 0x00000001.
12-08 01:36:56.685 16085 31762 E LstmTrainingCache: emn: Can't get resource name for input slot
12-08 01:36:56.685 16085 31762 E LstmTrainingCache: android.content.res.Resources$NotFoundException: Unable to find resource ID #0x1
12-08 01:36:56.685 16085 31762 E LstmTrainingCache: 	at android.content.res.ResourcesImpl.getResourceName(ResourcesImpl.java:255)
12-08 01:36:56.685 16085 31762 E LstmTrainingCache: 	at android.content.res.Resources.getResourceName(Resources.java:1954)
12-08 01:36:56.685 16085 31762 E LstmTrainingCache: 	at emn.a(PG:12)
12-08 01:36:56.685 16085 31762 E LstmTrainingCache: 	at emk.run(PG:5)
12-08 01:36:56.685 16085 31762 E LstmTrainingCache: 	at java.lang.Thread.run(Thread.java:764)
12-08 01:36:58.143 32369 32369 E emui:screensho: Not starting debugger since process cannot load the jdwp agent.
12-08 01:36:59.154 32369 32369 E SoundPool: error loading /product/media/audio/ui/camera_click.ogg
12-08 01:36:59.421  1739  1778 E OMXNodeInstance: getConfig(0xee326ae0:google.vorbis.decoder, ConfigAndroidVendorExtension(0x6f100004)) ERROR: Undefined(0x80001001)
12-08 01:37:02.960 15927 32400 E audio_hw_generic: pcm_open(in) failed: cannot open device '/dev/snd/pcmC0D0c': Device or resource busy: channels 2 format 0 rate 16000
12-08 01:37:03.382 16506 16506 E BeaconBle: Missing BluetoothAdapter
12-08 01:37:03.407 16506 16506 E BeaconBle: Scan couldn't start for Places
12-08 01:37:12.586 32413 32413 E oid.apps.photo: Not starting debugger since process cannot load the jdwp agent.
12-08 01:37:13.981 32433 32433 E ocess.gservice: Not starting debugger since process cannot load the jdwp agent.
12-08 01:37:16.952  1829  1829 E netmgr  : Failed to open QEMU pipe 'qemud:network': Invalid argument
12-08 01:37:16.952  1829  1829 E netmgr  : WifiForwarder unable to open QEMU pipe: Invalid argument
12-08 01:37:22.653 32334 32334 E WindowManager: 
12-08 01:37:22.653 32334 32334 E WindowManager: android.view.WindowLeaked: Activity com.evancharlton.mileage.FieldActivity has leaked window DecorView@4c10a53[FieldActivity] that was originally added here
12-08 01:37:22.653 32334 32334 E WindowManager: 	at android.view.ViewRootImpl.<init>(ViewRootImpl.java:511)
12-08 01:37:22.653 32334 32334 E WindowManager: 	at android.view.WindowManagerGlobal.addView(WindowManagerGlobal.java:346)
12-08 01:37:22.653 32334 32334 E WindowManager: 	at android.view.WindowManagerImpl.addView(WindowManagerImpl.java:93)
12-08 01:37:22.653 32334 32334 E WindowManager: 	at com.android.internal.policy.PhoneWindow.openPanel(PhoneWindow.java:887)
12-08 01:37:22.653 32334 32334 E WindowManager: 	at com.android.internal.policy.PhoneWindow.onKeyUpPanel(PhoneWindow.java:1104)
12-08 01:37:22.653 32334 32334 E WindowManager: 	at com.android.internal.policy.PhoneWindow.onKeyUp(PhoneWindow.java:2007)
12-08 01:37:22.653 32334 32334 E WindowManager: 	at com.android.internal.policy.DecorView.dispatchKeyEvent(DecorView.java:350)
12-08 01:37:22.653 32334 32334 E WindowManager: 	at android.view.ViewRootImpl$ViewPostImeInputStage.processKeyEvent(ViewRootImpl.java:5037)
12-08 01:37:22.653 32334 32334 E WindowManager: 	at android.view.ViewRootImpl$ViewPostImeInputStage.onProcess(ViewRootImpl.java:4905)
12-08 01:37:22.653 32334 32334 E WindowManager: 	at android.view.ViewRootImpl$InputStage.deliver(ViewRootImpl.java:4426)
12-08 01:37:22.653 32334 32334 E WindowManager: 	at android.view.ViewRootImpl$InputStage.onDeliverToNext(ViewRootImpl.java:4479)
12-08 01:37:22.653 32334 32334 E WindowManager: 	at android.view.ViewRootImpl$InputStage.forward(ViewRootImpl.java:4445)
12-08 01:37:22.653 32334 32334 E WindowManager: 	at android.view.ViewRootImpl$AsyncInputStage.forward(ViewRootImpl.java:4585)
12-08 01:37:22.653 32334 32334 E WindowManager: 	at android.view.ViewRootImpl$InputStage.apply(ViewRootImpl.java:4453)
12-08 01:37:22.653 32334 32334 E WindowManager: 	at android.view.ViewRootImpl$AsyncInputStage.apply(ViewRootImpl.java:4642)
12-08 01:37:22.653 32334 32334 E WindowManager: 	at android.view.ViewRootImpl$InputStage.deliver(ViewRootImpl.java:4426)
12-08 01:37:22.653 32334 32334 E WindowManager: 	at android.view.ViewRootImpl$InputStage.onDeliverToNext(ViewRootImpl.java:4479)
12-08 01:37:22.653 32334 32334 E WindowManager: 	at android.view.ViewRootImpl$InputStage.forward(ViewRootImpl.java:4445)
12-08 01:37:22.653 32334 32334 E WindowManager: 	at android.view.ViewRootImpl$InputStage.apply(ViewRootImpl.java:4453)
12-08 01:37:22.653 32334 32334 E WindowManager: 	at android.view.ViewRootImpl$InputStage.deliver(ViewRootImpl.java:4426)
12-08 01:37:22.653 32334 32334 E WindowManager: 	at android.view.ViewRootImpl$InputStage.onDeliverToNext(ViewRootImpl.java:4479)
12-08 01:37:22.653 32334 32334 E WindowManager: 	at android.view.ViewRootImpl$InputStage.forward(ViewRootImpl.java:4445)
12-08 01:37:22.653 32334 32334 E WindowManager: 	at android.view.ViewRootImpl$AsyncInputStage.forward(ViewRootImpl.java:4618)
12-08 01:37:22.653 32334 32334 E WindowManager: 	at android.view.ViewRootImpl$ImeInputStage.onFinishedInputEvent(ViewRootImpl.java:4779)
12-08 01:37:22.653 32334 32334 E WindowManager: 	at android.view.inputmethod.InputMethodManager$PendingEvent.run(InputMethodManager.java:2571)
12-08 01:37:22.653 32334 32334 E WindowManager: 	at android.view.inputmethod.InputMethodManager.invokeFinishedInputEventCallback(InputMethodManager.java:2081)
12-08 01:37:22.653 32334 32334 E WindowManager: 	at android.view.inputmethod.InputMethodManager.finishedInputEvent(InputMethodManager.java:2072)
12-08 01:37:22.653 32334 32334 E WindowManager: 	at android.view.inputmethod.InputMethodManager$ImeInputEventSender.onInputEventFinished(InputMethodManager.java:2548)
12-08 01:37:22.653 32334 32334 E WindowManager: 	at android.view.InputEventSender.dispatchInputEventFinished(InputEventSender.java:141)
12-08 01:37:22.653 32334 32334 E WindowManager: 	at android.os.MessageQueue.nativePollOnce(Native Method)
12-08 01:37:22.653 32334 32334 E WindowManager: 	at android.os.MessageQueue.next(MessageQueue.java:326)
12-08 01:37:22.653 32334 32334 E WindowManager: 	at android.os.Looper.loop(Looper.java:160)
12-08 01:37:22.653 32334 32334 E WindowManager: 	at android.app.ActivityThread.main(ActivityThread.java:6669)
12-08 01:37:22.653 32334 32334 E WindowManager: 	at java.lang.reflect.Method.invoke(Native Method)
12-08 01:37:22.653 32334 32334 E WindowManager: 	at com.android.internal.os.RuntimeInit$MethodAndArgsCaller.run(RuntimeInit.java:493)
12-08 01:37:22.653 32334 32334 E WindowManager: 	at com.android.internal.os.ZygoteInit.main(ZygoteInit.java:858)
12-08 01:37:24.774 28119 28119 E ContextIntentStarter: No activity found for any of the 0 intents
12-08 01:37:36.370  1737  1809 E storaged: getDiskStats failed with result NOT_SUPPORTED and size 0
12-08 01:37:38.552 16506 28932 E ctxmgr  : [AppIntervalImpl]closeInterval: ongoing
12-08 01:37:38.562 16506 28932 E ctxmgr  : [AppIntervalImpl]closeInterval: ongoing
12-08 01:38:17.015  1829  1829 E netmgr  : Failed to open QEMU pipe 'qemud:network': Invalid argument
12-08 01:38:17.016  1829  1829 E netmgr  : WifiForwarder unable to open QEMU pipe: Invalid argument
12-08 01:38:36.375  1737  1809 E storaged: getDiskStats failed with result NOT_SUPPORTED and size 0
12-08 01:39:17.024  1829  1829 E netmgr  : Failed to open QEMU pipe 'qemud:network': Invalid argument
12-08 01:39:17.025  1829  1829 E netmgr  : WifiForwarder unable to open QEMU pipe: Invalid argument
12-08 01:39:36.377  1737  1809 E storaged: getDiskStats failed with result NOT_SUPPORTED and size 0
12-08 01:39:51.368 32550 32550 E id.partnersetu: Not starting debugger since process cannot load the jdwp agent.
12-08 01:39:51.952 32565 32565 E id.gms.learnin: Not starting debugger since process cannot load the jdwp agent.
12-08 01:40:00.264 16788 17129 E PlayCommon: [121] com.google.android.play.b.g.a(448): Failed to connect to server: java.net.UnknownHostException: Unable to resolve host "play.googleapis.com": No address associated with hostname
12-08 01:40:17.040  1829  1829 E netmgr  : Failed to open QEMU pipe 'qemud:network': Invalid argument
12-08 01:40:17.040  1829  1829 E netmgr  : WifiForwarder unable to open QEMU pipe: Invalid argument
12-08 01:40:36.398  1737  1809 E storaged: getDiskStats failed with result NOT_SUPPORTED and size 0
12-08 01:41:17.057  1829  1829 E netmgr  : Failed to open QEMU pipe 'qemud:network': Invalid argument
12-08 01:41:17.057  1829  1829 E netmgr  : WifiForwarder unable to open QEMU pipe: Invalid argument
12-08 01:41:36.403  1737  1809 E storaged: getDiskStats failed with result NOT_SUPPORTED and size 0
12-08 01:41:55.404 15976 16534 E WindowManager: Performed 6 layouts in a row. Skipping
12-08 01:41:55.435 15976 16026 E WindowManager: Performed 6 layouts in a row. Skipping
12-08 01:41:55.612 15976 16026 E WindowManager: Performed 6 layouts in a row. Skipping
12-08 01:41:55.672 15976 16026 E WindowManager: Performed 6 layouts in a row. Skipping
12-08 01:41:55.713 15976 16026 E WindowManager: Performed 6 layouts in a row. Skipping
12-08 01:41:55.732 15976 16026 E WindowManager: Performed 6 layouts in a row. Skipping
12-08 01:41:55.755 15976 15991 E WindowManager: Performed 6 layouts in a row. Skipping
12-08 01:41:55.802 15976 16026 E WindowManager: Performed 6 layouts in a row. Skipping
12-08 01:41:55.836 15976 17636 E WindowManager: Performed 6 layouts in a row. Skipping
12-08 01:41:55.868 15976 16026 E WindowManager: Performed 6 layouts in a row. Skipping
12-08 01:41:55.903 15976 16971 E WindowManager: Performed 6 layouts in a row. Skipping
12-08 01:41:55.947 15976 16026 E WindowManager: Performed 6 layouts in a row. Skipping
12-08 01:41:56.014 15976 16026 E WindowManager: Performed 6 layouts in a row. Skipping
12-08 01:41:56.047 15976 19469 E WindowManager: Performed 6 layouts in a row. Skipping
