--------- beginning of system
12-07 08:19:59.043  1735  1809 E storaged: getDiskStats failed with result NOT_SUPPORTED and size 0
12-07 08:20:59.062  1735  1809 E storaged: getDiskStats failed with result NOT_SUPPORTED and size 0
--------- beginning of main
12-07 08:21:41.174  1829  1829 E netmgr  : Failed to open QEMU pipe 'qemud:network': Invalid argument
12-07 08:21:41.175  1829  1829 E netmgr  : WifiForwarder unable to open QEMU pipe: Invalid argument
12-07 08:21:50.376  2378 12809 E ctxmgr  : [ProducerStatusImpl]updateStateForNewContextData: inactive, contextName=7
12-07 08:21:51.186  2378  2378 E BeaconBle: Missing BluetoothAdapter
12-07 08:21:51.313  2378  2378 E BeaconBle: Scan couldn't start for Places
12-07 08:21:59.082  1735  1809 E storaged: getDiskStats failed with result NOT_SUPPORTED and size 0
12-07 08:22:00.691  6805  6805 E ContextIntentStarter: No activity found for any of the 0 intents
12-07 08:22:10.977  6805  6805 E ContextIntentStarter: No activity found for any of the 0 intents
12-07 08:22:22.982  2378 12809 E ctxmgr  : [ProducerStatusImpl]updateStateForNewContextData: inactive, contextName=7
12-07 08:22:23.384  2378  2378 E BeaconBle: Missing BluetoothAdapter
12-07 08:22:23.458  2378  2378 E BeaconBle: Scan couldn't start for Places
12-07 08:22:36.243 12893 12893 E boxed_process3: Not starting debugger since process cannot load the jdwp agent.
12-07 08:22:36.697  6805  6805 E ClientVe: Failed to create ClientVisualElementsProto for user interaction on view com.google.android.apps.gsa.searchbox.ui.suggestions.views.CoreSuggestionView{3e87693 VFE...CL. ...P.... 0,142-1038,289 #161} because the view is not tagged for visual element logging.
12-07 08:22:36.813  6805  6805 E ClientVe: Failed to create ClientVisualElementsProto for user interaction on view com.google.android.apps.gsa.searchbox.ui.suggestions.views.CoreSuggestionView{3e87693 VFE...CL. ...P.... 0,142-1038,289 #161} because the view is not tagged for visual element logging.
12-07 08:22:37.009  6805  6805 E ClientVe: Failed to create ClientVisualElementsProto for user interaction on view com.google.android.apps.gsa.searchbox.ui.suggestions.views.CoreSuggestionView{4f277d7 VFE...CL. ...P.... 0,-5-1038,142 #160} because the view is not tagged for visual element logging.
12-07 08:22:37.037  6805  6805 E ClientVe: Failed to create ClientVisualElementsProto for user interaction on view com.google.android.apps.gsa.searchbox.ui.suggestions.views.CoreSuggestionView{30ab8c4 VFE...CL. ...P.... 0,289-1038,436 #162} because the view is not tagged for visual element logging.
12-07 08:22:37.513  6805  6805 E ClientVe: Failed to create ClientVisualElementsProto for user interaction on view com.google.android.apps.gsa.searchbox.ui.suggestions.views.CoreSuggestionView{b7493ad VFE...CL. ...P.... 0,436-1038,583 #163} because the view is not tagged for visual element logging.
12-07 08:22:38.927  1610 12920 E audio_hw_generic: pcm_open(in) failed: cannot open device '/dev/snd/pcmC0D0c': Device or resource busy: channels 2 format 0 rate 16000
12-07 08:22:39.623  6805  6813 E ReloadingLock: Finalizing LOCKED Token[searchresults_activity 2018-12-07 08:22:37.393]
12-07 08:22:41.176  1829  1829 E netmgr  : Failed to open QEMU pipe 'qemud:network': Invalid argument
12-07 08:22:41.177  1829  1829 E netmgr  : WifiForwarder unable to open QEMU pipe: Invalid argument
12-07 08:22:59.135  1735  1809 E storaged: getDiskStats failed with result NOT_SUPPORTED and size 0
12-07 08:23:02.087  2482 12646 E SQLiteCastStore: Skip saving CastDeviceInfo: "Nearby device" (__cast_nearby___V_2e0e35bf-1f20-4c35-89c0-b4408007faa3)
12-07 08:23:04.764  1610 12942 E audio_hw_generic: pcm_open(in) failed: cannot open device '/dev/snd/pcmC0D0c': Device or resource busy: channels 2 format 0 rate 16000
12-07 08:23:11.947  6805  6805 E ContextIntentStarter: No activity found for any of the 0 intents
12-07 08:23:20.160  6805  6805 E ClientVe: Failed to create ClientVisualElementsProto for user interaction on view com.google.android.apps.gsa.searchbox.ui.suggestions.views.CoreSuggestionView{e54ae1b VFE...CL. ...P.... 0,583-1038,730 #176} because the view is not tagged for visual element logging.
12-07 08:23:21.163  6805  6805 E ClientVe: Failed to create ClientVisualElementsProto for user interaction on view com.google.android.apps.gsa.searchbox.ui.suggestions.views.CoreSuggestionView{869bd91 VFE...CL. ...P.... 0,142-1038,289 #173} because the view is not tagged for visual element logging.
12-07 08:23:21.717  6805  6805 E ClientVe: Failed to create ClientVisualElementsProto for user interaction on view com.google.android.apps.gsa.searchbox.ui.suggestions.views.CoreSuggestionView{e54ae1b VFE...CL. ...P.... 0,583-1038,730 #176} because the view is not tagged for visual element logging.
12-07 08:23:22.246  6805  6805 E ClientVe: Failed to create ClientVisualElementsProto for user interaction on view com.google.android.apps.gsa.searchbox.ui.suggestions.views.CoreSuggestionView{afc8bb8 VFE...CL. ...P.... 0,-5-1038,142 #172} because the view is not tagged for visual element logging.
12-07 08:23:23.404  6805  6805 E ClientVe: Failed to create ClientVisualElementsProto for user interaction on view com.google.android.apps.gsa.searchbox.ui.suggestions.views.CoreSuggestionView{afc8bb8 VFE...CL. ...P.... 0,-5-1038,142 #172} because the view is not tagged for visual element logging.
12-07 08:23:23.503  6805  6805 E ClientVe: Failed to create ClientVisualElementsProto for user interaction on view com.google.android.apps.gsa.searchbox.ui.suggestions.views.CoreSuggestionView{b0610f7 VFE...CL. ...P.... 0,436-1038,583 #175} because the view is not tagged for visual element logging.
12-07 08:23:24.076  6805  6805 E ClientVe: Failed to create ClientVisualElementsProto for user interaction on view com.google.android.apps.gsa.searchbox.ui.suggestions.views.CoreSuggestionView{b0610f7 VFE...CL. ...P.... 0,436-1038,583 #175} because the view is not tagged for visual element logging.
12-07 08:23:26.809  1610 12954 E audio_hw_generic: pcm_open(in) failed: cannot open device '/dev/snd/pcmC0D0c': Device or resource busy: channels 2 format 0 rate 16000
12-07 08:23:41.178  1829  1829 E netmgr  : Failed to open QEMU pipe 'qemud:network': Invalid argument
12-07 08:23:41.178  1829  1829 E netmgr  : WifiForwarder unable to open QEMU pipe: Invalid argument
12-07 08:23:41.402  1610 12965 E audio_hw_generic: pcm_open(in) failed: cannot open device '/dev/snd/pcmC0D0c': Device or resource busy: channels 2 format 0 rate 16000
12-07 08:23:42.955  6805  6805 E ClientVe: Failed to create ClientVisualElementsProto for user interaction on view com.google.android.apps.gsa.searchbox.ui.suggestions.views.CoreSuggestionView{9dae15 VFE...CL. ...P.... 21,877-1059,1024 #181} because the view is not tagged for visual element logging.
12-07 08:23:43.933  6805  6805 E ClientVe: Failed to create ClientVisualElementsProto for user interaction on view com.google.android.apps.gsa.searchbox.ui.suggestions.views.CoreSuggestionView{e3bd05d VFE...CL. ...P.... 21,1024-1059,1171 #182} because the view is not tagged for visual element logging.
12-07 08:23:59.155  1735  1809 E storaged: getDiskStats failed with result NOT_SUPPORTED and size 0
12-07 08:24:07.831  1880  1899 E libprocessgroup: Error encountered killing process cgroup uid 99135 pid 12893: No such file or directory
