--------- beginning of main
--------- beginning of system
12-09 06:26:03.810  1885  1957 E InputDispatcher: channel '2939d8 com.evancharlton.mileage/com.evancharlton.mileage.SettingsActivity (server)' ~ Channel is unrecoverably broken and will be disposed!
12-09 06:26:03.811  1885  1957 E InputDispatcher: channel 'de4a2ed com.evancharlton.mileage/com.evancharlton.mileage.AboutActivity (server)' ~ Channel is unrecoverably broken and will be disposed!
12-09 06:26:03.811  1885  1957 E InputDispatcher: channel '2c0bd6f com.evancharlton.mileage/com.evancharlton.mileage.Mileage (server)' ~ Channel is unrecoverably broken and will be disposed!
12-09 06:26:03.833  1885  1899 E ActivityManager: Failure starting process com.evancharlton.mileage
12-09 06:26:03.833  1885  1899 E ActivityManager: java.lang.SecurityException: Package com.evancharlton.mileage is currently frozen!
12-09 06:26:03.833  1885  1899 E ActivityManager: 	at com.android.server.pm.PackageManagerService.checkPackageStartable(PackageManagerService.java:4000)
12-09 06:26:03.833  1885  1899 E ActivityManager: 	at com.android.server.am.ActivityManagerService.startProcessLocked(ActivityManagerService.java:4234)
12-09 06:26:03.833  1885  1899 E ActivityManager: 	at com.android.server.am.ActivityManagerService.startProcessLocked(ActivityManagerService.java:4199)
12-09 06:26:03.833  1885  1899 E ActivityManager: 	at com.android.server.am.ActivityManagerService.startProcessLocked(ActivityManagerService.java:4181)
12-09 06:26:03.833  1885  1899 E ActivityManager: 	at com.android.server.am.ActivityManagerService.startProcessLocked(ActivityManagerService.java:4067)
12-09 06:26:03.833  1885  1899 E ActivityManager: 	at com.android.server.am.ActivityStackSupervisor.startSpecificActivityLocked(ActivityStackSupervisor.java:1715)
12-09 06:26:03.833  1885  1899 E ActivityManager: 	at com.android.server.am.ActivityStack.resumeTopActivityInnerLocked(ActivityStack.java:2764)
12-09 06:26:03.833  1885  1899 E ActivityManager: 	at com.android.server.am.ActivityStack.resumeTopActivityUncheckedLocked(ActivityStack.java:2302)
12-09 06:26:03.833  1885  1899 E ActivityManager: 	at com.android.server.am.ActivityStackSupervisor.resumeFocusedStackTopActivityLocked(ActivityStackSupervisor.java:2234)
12-09 06:26:03.833  1885  1899 E ActivityManager: 	at com.android.server.am.ActivityStackSupervisor.resumeFocusedStackTopActivityLocked(ActivityStackSupervisor.java:2218)
12-09 06:26:03.833  1885  1899 E ActivityManager: 	at com.android.server.am.ActivityManagerService.handleAppDiedLocked(ActivityManagerService.java:5923)
12-09 06:26:03.833  1885  1899 E ActivityManager: 	at com.android.server.am.ActivityManagerService.removeProcessLocked(ActivityManagerService.java:7501)
12-09 06:26:03.833  1885  1899 E ActivityManager: 	at com.android.server.am.ActivityManagerService.killPackageProcessesLocked(ActivityManagerService.java:7142)
12-09 06:26:03.833  1885  1899 E ActivityManager: 	at com.android.server.am.ActivityManagerService.forceStopPackageLocked(ActivityManagerService.java:7275)
12-09 06:26:03.833  1885  1899 E ActivityManager: 	at com.android.server.am.ActivityManagerService$MainHandler.handleMessage(ActivityManagerService.java:2289)
12-09 06:26:03.833  1885  1899 E ActivityManager: 	at android.os.Handler.dispatchMessage(Handler.java:106)
12-09 06:26:03.833  1885  1899 E ActivityManager: 	at android.os.Looper.loop(Looper.java:193)
12-09 06:26:03.833  1885  1899 E ActivityManager: 	at android.os.HandlerThread.run(HandlerThread.java:65)
12-09 06:26:03.833  1885  1899 E ActivityManager: 	at com.android.server.ServiceThread.run(ServiceThread.java:44)
12-09 06:26:04.003 23591 23603 E IconLoader: Unexpected null component name or activity info: ComponentInfo{com.evancharlton.mileage/com.evancharlton.mileage.Mileage}, null
12-09 06:26:06.388  1885  1898 E memtrack: Couldn't load memtrack module
12-09 06:26:07.797  1731  1731 E         : Couldn't opendir /data/app/vmdl2055395511.tmp: No such file or directory
12-09 06:26:07.797  1731  1731 E installd: Failed to delete /data/app/vmdl2055395511.tmp: No such file or directory
12-09 06:26:09.295 29139 29139 E harlton.mileag: Not starting debugger since process cannot load the jdwp agent.
12-09 06:26:10.895  1994  7294 E putmethod.lati: Invalid ID 0x00000001.
12-09 06:26:10.921  1994  7294 E LstmTrainingCache: emn: Can't get resource name for input slot
12-09 06:26:10.921  1994  7294 E LstmTrainingCache: android.content.res.Resources$NotFoundException: Unable to find resource ID #0x1
12-09 06:26:10.921  1994  7294 E LstmTrainingCache: 	at android.content.res.ResourcesImpl.getResourceName(ResourcesImpl.java:255)
12-09 06:26:10.921  1994  7294 E LstmTrainingCache: 	at android.content.res.Resources.getResourceName(Resources.java:1954)
12-09 06:26:10.921  1994  7294 E LstmTrainingCache: 	at emn.a(PG:12)
12-09 06:26:10.921  1994  7294 E LstmTrainingCache: 	at emk.run(PG:5)
12-09 06:26:10.921  1994  7294 E LstmTrainingCache: 	at java.lang.Thread.run(Thread.java:764)
12-09 06:26:14.999  1834  1834 E netmgr  : Failed to open QEMU pipe 'qemud:network': Invalid argument
12-09 06:26:15.000  1834  1834 E netmgr  : WifiForwarder unable to open QEMU pipe: Invalid argument
12-09 06:26:16.446  1885  1898 E memtrack: Couldn't load memtrack module
12-09 06:26:17.789  1994  7294 E putmethod.lati: Invalid ID 0x00000001.
12-09 06:26:17.789  1994  7294 E LstmTrainingCache: emn: Can't get resource name for input slot
12-09 06:26:17.789  1994  7294 E LstmTrainingCache: android.content.res.Resources$NotFoundException: Unable to find resource ID #0x1
12-09 06:26:17.789  1994  7294 E LstmTrainingCache: 	at android.content.res.ResourcesImpl.getResourceName(ResourcesImpl.java:255)
12-09 06:26:17.789  1994  7294 E LstmTrainingCache: 	at android.content.res.Resources.getResourceName(Resources.java:1954)
12-09 06:26:17.789  1994  7294 E LstmTrainingCache: 	at emn.a(PG:12)
12-09 06:26:17.789  1994  7294 E LstmTrainingCache: 	at emk.run(PG:5)
12-09 06:26:17.789  1994  7294 E LstmTrainingCache: 	at java.lang.Thread.run(Thread.java:764)
12-09 06:26:19.781  1885  1898 E memtrack: Couldn't load memtrack module
12-09 06:26:21.806  1885  1970 E WificondScannerImpl: Timed out waiting for scan result from wificond
12-09 06:26:22.700  1739  1762 E storaged: getDiskStats failed with result NOT_SUPPORTED and size 0
12-09 06:26:26.016  2378 26873 E ctxmgr  : [ProducerStatusImpl]updateStateForNewContextData: inactive, contextName=7
12-09 06:26:26.421  2378  2378 E BeaconBle: Missing BluetoothAdapter
12-09 06:26:26.503  2378  2378 E BeaconBle: Scan couldn't start for Places
12-09 06:26:28.837 23668 23668 E ContextIntentStarter: No activity found for any of the 0 intents
12-09 06:26:29.881  1629  1629 E android.hardware.wifi@1.0-service: Failed to register radio mode change callback
12-09 06:26:29.890  1629  1629 E android.hardware.wifi@1.0-service: Failed to set DFS flag; DFS channels may be unavailable.
12-09 06:26:30.006  1740  1740 E wificond: No Offload Service available
12-09 06:26:30.013  1885  1969 E SupplicantStaIfaceHal: Can't call setupIface, ISupplicantStaIface is null
12-09 06:26:30.292  1885  1970 E WifiVendorHal: getBgScanCapabilities(l.671) failed {.code = ERROR_NOT_SUPPORTED, .description = }
12-09 06:26:30.403  1885  1971 E WifiP2pService: Unhandled message { when=-2ms what=131203 target=com.android.internal.util.StateMachine$SmHandler }
12-09 06:26:30.435  1885  1971 E WifiP2pService: Unhandled message { when=-16ms what=131203 target=com.android.internal.util.StateMachine$SmHandler }
12-09 06:26:30.538  1885  1903 E BatteryExternalStatsWorker: no controller energy info supplied for wifi
12-09 06:26:30.576  1885  1903 E BatteryExternalStatsWorker: no controller energy info supplied for wifi
12-09 06:26:31.345 29191 29191 E wpa_supplicant: nl80211: Failed to open /proc/sys/net/ipv4/conf/p2p-dev-wlan0/drop_unicast_in_l2_multicast: No such file or directory
12-09 06:26:31.345 29191 29191 E wpa_supplicant: nl80211: Failed to set IPv4 unicast in multicast filter
12-09 06:26:31.371 29191 29191 E wpa_supplicant: nl80211: Failed to open /proc/sys/net/ipv4/conf/p2p-dev-wlan0/drop_unicast_in_l2_multicast: No such file or directory
12-09 06:26:31.371 29191 29191 E wpa_supplicant: nl80211: Failed to set IPv4 unicast in multicast filter
12-09 06:26:31.515 29191 29191 E wpa_supplicant: nl80211: Failed to open /proc/sys/net/ipv4/conf/wlan0/drop_unicast_in_l2_multicast: No such file or directory
12-09 06:26:31.516 29191 29191 E wpa_supplicant: nl80211: Failed to set IPv4 unicast in multicast filter
12-09 06:26:31.590 29191 29191 E wpa_supplicant: nl80211: Failed to open /proc/sys/net/ipv4/conf/wlan0/drop_unicast_in_l2_multicast: No such file or directory
12-09 06:26:31.590 29191 29191 E wpa_supplicant: nl80211: Failed to set IPv4 unicast in multicast filter
12-09 06:26:31.833  1629  1629 E android.hardware.wifi@1.0-service: Failed to open directory: Permission denied
12-09 06:26:31.833  1629  1629 E android.hardware.wifi@1.0-service: Error occurred while deleting old tombstone files
12-09 06:26:31.833  1629  1629 E android.hardware.wifi@1.0-service: Error writing files to flash
12-09 06:26:32.076  1885  1969 E SupplicantStaIfaceHal: Can't call setPowerSave, ISupplicantStaIface is null
12-09 06:26:32.076  1885  1969 E SupplicantStaIfaceHal: Can't call setBtCoexistenceMode, ISupplicantStaIface is null
12-09 06:26:32.081  1885  1969 E HalDevMgr: Should have at least 1 chip!
12-09 06:26:32.083  1885  1969 E HalDevMgr: dispatchAvailableForRequestListeners: no chip info found
12-09 06:26:32.122  1885  1969 E SupplicantStaIfaceHal: Can't call listNetworks, ISupplicantStaIface is null
12-09 06:26:32.125  1885  1969 E SupplicantStaIfaceHal: removeAllNetworks failed, got null networks
12-09 06:26:32.125  1885  1969 E WifiStateMachine: Failed to remove networks on exiting connect mode
12-09 06:26:32.131  1885  1971 E WifiP2pService: Unhandled message { when=-6ms what=131204 target=com.android.internal.util.StateMachine$SmHandler }
12-09 06:26:32.164  1885  1903 E BatteryExternalStatsWorker: no controller energy info supplied for wifi
12-09 06:26:32.164  1885  1970 E WificondControl: No valid wificond scanner interface handler
12-09 06:26:32.179  1885  1903 E BatteryExternalStatsWorker: no controller energy info supplied for wifi
12-09 06:26:36.580  1885  1898 E memtrack: Couldn't load memtrack module
