--------- beginning of system
12-09 05:30:30.343  1885  1899 E ActivityManager: Failure starting process com.evancharlton.mileage
12-09 05:30:30.343  1885  1899 E ActivityManager: java.lang.SecurityException: Package com.evancharlton.mileage is currently frozen!
12-09 05:30:30.343  1885  1899 E ActivityManager: 	at com.android.server.pm.PackageManagerService.checkPackageStartable(PackageManagerService.java:4000)
12-09 05:30:30.343  1885  1899 E ActivityManager: 	at com.android.server.am.ActivityManagerService.startProcessLocked(ActivityManagerService.java:4234)
12-09 05:30:30.343  1885  1899 E ActivityManager: 	at com.android.server.am.ActivityManagerService.startProcessLocked(ActivityManagerService.java:4199)
12-09 05:30:30.343  1885  1899 E ActivityManager: 	at com.android.server.am.ActivityManagerService.startProcessLocked(ActivityManagerService.java:4181)
12-09 05:30:30.343  1885  1899 E ActivityManager: 	at com.android.server.am.ActivityManagerService.startProcessLocked(ActivityManagerService.java:4067)
12-09 05:30:30.343  1885  1899 E ActivityManager: 	at com.android.server.am.ActivityStackSupervisor.startSpecificActivityLocked(ActivityStackSupervisor.java:1715)
12-09 05:30:30.343  1885  1899 E ActivityManager: 	at com.android.server.am.ActivityStack.resumeTopActivityInnerLocked(ActivityStack.java:2764)
12-09 05:30:30.343  1885  1899 E ActivityManager: 	at com.android.server.am.ActivityStack.resumeTopActivityUncheckedLocked(ActivityStack.java:2302)
12-09 05:30:30.343  1885  1899 E ActivityManager: 	at com.android.server.am.ActivityStackSupervisor.resumeFocusedStackTopActivityLocked(ActivityStackSupervisor.java:2234)
12-09 05:30:30.343  1885  1899 E ActivityManager: 	at com.android.server.am.ActivityStackSupervisor.resumeFocusedStackTopActivityLocked(ActivityStackSupervisor.java:2218)
12-09 05:30:30.343  1885  1899 E ActivityManager: 	at com.android.server.am.ActivityManagerService.handleAppDiedLocked(ActivityManagerService.java:5923)
12-09 05:30:30.343  1885  1899 E ActivityManager: 	at com.android.server.am.ActivityManagerService.removeProcessLocked(ActivityManagerService.java:7501)
12-09 05:30:30.343  1885  1899 E ActivityManager: 	at com.android.server.am.ActivityManagerService.killPackageProcessesLocked(ActivityManagerService.java:7142)
12-09 05:30:30.343  1885  1899 E ActivityManager: 	at com.android.server.am.ActivityManagerService.forceStopPackageLocked(ActivityManagerService.java:7275)
12-09 05:30:30.343  1885  1899 E ActivityManager: 	at com.android.server.am.ActivityManagerService$MainHandler.handleMessage(ActivityManagerService.java:2289)
12-09 05:30:30.343  1885  1899 E ActivityManager: 	at android.os.Handler.dispatchMessage(Handler.java:106)
12-09 05:30:30.343  1885  1899 E ActivityManager: 	at android.os.Looper.loop(Looper.java:193)
12-09 05:30:30.343  1885  1899 E ActivityManager: 	at android.os.HandlerThread.run(HandlerThread.java:65)
12-09 05:30:30.343  1885  1899 E ActivityManager: 	at com.android.server.ServiceThread.run(ServiceThread.java:44)
--------- beginning of main
12-09 05:30:38.857 17435 17435 E harlton.mileag: Not starting debugger since process cannot load the jdwp agent.
12-09 05:30:41.499  1994  7294 E putmethod.lati: Invalid ID 0x00000001.
12-09 05:30:41.504  1994  7294 E LstmTrainingCache: emn: Can't get resource name for input slot
12-09 05:30:41.504  1994  7294 E LstmTrainingCache: android.content.res.Resources$NotFoundException: Unable to find resource ID #0x1
12-09 05:30:41.504  1994  7294 E LstmTrainingCache: 	at android.content.res.ResourcesImpl.getResourceName(ResourcesImpl.java:255)
12-09 05:30:41.504  1994  7294 E LstmTrainingCache: 	at android.content.res.Resources.getResourceName(Resources.java:1954)
12-09 05:30:41.504  1994  7294 E LstmTrainingCache: 	at emn.a(PG:12)
12-09 05:30:41.504  1994  7294 E LstmTrainingCache: 	at emk.run(PG:5)
12-09 05:30:41.504  1994  7294 E LstmTrainingCache: 	at java.lang.Thread.run(Thread.java:764)
12-09 05:30:43.379  2378 17350 E ctxmgr  : [ProducerStatusImpl]updateStateForNewContextData: inactive, contextName=7
12-09 05:30:43.947  2378  2378 E BeaconBle: Missing BluetoothAdapter
12-09 05:30:44.020  2378  2378 E BeaconBle: Scan couldn't start for Places
12-09 05:30:49.470  1994  1994 E native  : suggestion-transformer.cc:118 suggestion picked candidate not found for id: 2
12-09 05:30:49.498  1994  1994 E native  : suggestion-transformer.cc:118 suggestion picked candidate not found for id: 2
12-09 05:30:52.860 17435 17435 E SpannableStringBuilder: SPAN_EXCLUSIVE_EXCLUSIVE spans cannot have a zero length
12-09 05:30:52.860 17435 17435 E SpannableStringBuilder: SPAN_EXCLUSIVE_EXCLUSIVE spans cannot have a zero length
12-09 05:30:55.238 17494 17494 E emui:screensho: Not starting debugger since process cannot load the jdwp agent.
12-09 05:30:55.788 17494 17494 E SoundPool: error loading /product/media/audio/ui/camera_click.ogg
12-09 05:30:56.169  1741  2075 E OMXNodeInstance: getConfig(0xe93913c0:google.vorbis.decoder, ConfigAndroidVendorExtension(0x6f100004)) ERROR: Undefined(0x80001001)
12-09 05:30:59.043 17525 17525 E d.process.medi: Not starting debugger since process cannot load the jdwp agent.
12-09 05:31:00.471  1994  1994 E RecyclerView: No adapter attached; skipping layout
12-09 05:31:00.471  1994  1994 E RecyclerView: No adapter attached; skipping layout
12-09 05:31:00.892 17547 17547 E earchbox:searc: Not starting debugger since process cannot load the jdwp agent.
12-09 05:31:02.623 17547 17547 E OverlaySController: Calling with an invalid UID, the interface will not work
12-09 05:31:03.047 17571 17571 E ocess.gservice: Not starting debugger since process cannot load the jdwp agent.
12-09 05:31:03.260 17591 17591 E id.partnersetu: Not starting debugger since process cannot load the jdwp agent.
12-09 05:31:03.302 17605 17605 E e.process.gapp: Not starting debugger since process cannot load the jdwp agent.
12-09 05:31:03.395 17547 17574 E BluetoothAdapter: Bluetooth binder is null
12-09 05:31:10.120 17660 17660 E oid.apps.photo: Not starting debugger since process cannot load the jdwp agent.
12-09 05:31:10.771 17676 17676 E id.gms.learnin: Not starting debugger since process cannot load the jdwp agent.
12-09 05:31:10.782  1885  4630 E WindowManager: Performed 6 layouts in a row. Skipping
12-09 05:31:10.809  1885  1938 E WindowManager: Performed 6 layouts in a row. Skipping
12-09 05:31:10.844  1885  1938 E WindowManager: Performed 6 layouts in a row. Skipping
12-09 05:31:10.884  1885  1938 E WindowManager: Performed 6 layouts in a row. Skipping
12-09 05:31:10.929  2378 17491 E ctxmgr  : [ProducerStatusImpl]updateStateForNewContextData: inactive, contextName=7
12-09 05:31:10.944  1885  1938 E WindowManager: Performed 6 layouts in a row. Skipping
12-09 05:31:10.976  1885  1938 E WindowManager: Performed 6 layouts in a row. Skipping
12-09 05:31:11.035  1885  1900 E WindowManager: Performed 6 layouts in a row. Skipping
12-09 05:31:11.148  1885  1938 E WindowManager: Performed 6 layouts in a row. Skipping
12-09 05:31:11.576  1885  1938 E WindowManager: Performed 6 layouts in a row. Skipping
12-09 05:31:11.604  1885  1896 E WindowManager: Performed 6 layouts in a row. Skipping
12-09 05:31:11.666  1885  2413 E WindowManager: Performed 6 layouts in a row. Skipping
12-09 05:31:11.700  1885  1938 E WindowManager: Performed 6 layouts in a row. Skipping
12-09 05:31:11.764  1885  1900 E WindowManager: Performed 6 layouts in a row. Skipping
12-09 05:31:11.843  1885  1938 E WindowManager: Performed 6 layouts in a row. Skipping
12-09 05:31:11.886  1885  1938 E WindowManager: Performed 6 layouts in a row. Skipping
12-09 05:31:11.935  1885  1938 E WindowManager: Performed 6 layouts in a row. Skipping
12-09 05:31:12.034  1885  2413 E WindowManager: Performed 6 layouts in a row. Skipping
12-09 05:31:12.598  2378  2378 E BeaconBle: Missing BluetoothAdapter
12-09 05:31:12.876 17435 17435 E WindowManager: 
12-09 05:31:12.876 17435 17435 E WindowManager: android.view.WindowLeaked: Activity com.evancharlton.mileage.FieldActivity has leaked window DecorView@ac8d67c[FieldActivity] that was originally added here
12-09 05:31:12.876 17435 17435 E WindowManager: 	at android.view.ViewRootImpl.<init>(ViewRootImpl.java:511)
12-09 05:31:12.876 17435 17435 E WindowManager: 	at android.view.WindowManagerGlobal.addView(WindowManagerGlobal.java:346)
12-09 05:31:12.876 17435 17435 E WindowManager: 	at android.view.WindowManagerImpl.addView(WindowManagerImpl.java:93)
12-09 05:31:12.876 17435 17435 E WindowManager: 	at com.android.internal.policy.PhoneWindow.openPanel(PhoneWindow.java:887)
12-09 05:31:12.876 17435 17435 E WindowManager: 	at com.android.internal.policy.PhoneWindow.onKeyUpPanel(PhoneWindow.java:1104)
12-09 05:31:12.876 17435 17435 E WindowManager: 	at com.android.internal.policy.PhoneWindow.onKeyUp(PhoneWindow.java:2007)
12-09 05:31:12.876 17435 17435 E WindowManager: 	at com.android.internal.policy.DecorView.dispatchKeyEvent(DecorView.java:350)
12-09 05:31:12.876 17435 17435 E WindowManager: 	at android.view.ViewRootImpl$ViewPostImeInputStage.processKeyEvent(ViewRootImpl.java:5037)
12-09 05:31:12.876 17435 17435 E WindowManager: 	at android.view.ViewRootImpl$ViewPostImeInputStage.onProcess(ViewRootImpl.java:4905)
12-09 05:31:12.876 17435 17435 E WindowManager: 	at android.view.ViewRootImpl$InputStage.deliver(ViewRootImpl.java:4426)
12-09 05:31:12.876 17435 17435 E WindowManager: 	at android.view.ViewRootImpl$InputStage.onDeliverToNext(ViewRootImpl.java:4479)
12-09 05:31:12.876 17435 17435 E WindowManager: 	at android.view.ViewRootImpl$InputStage.forward(ViewRootImpl.java:4445)
12-09 05:31:12.876 17435 17435 E WindowManager: 	at android.view.ViewRootImpl$AsyncInputStage.forward(ViewRootImpl.java:4585)
12-09 05:31:12.876 17435 17435 E WindowManager: 	at android.view.ViewRootImpl$InputStage.apply(ViewRootImpl.java:4453)
12-09 05:31:12.876 17435 17435 E WindowManager: 	at android.view.ViewRootImpl$AsyncInputStage.apply(ViewRootImpl.java:4642)
12-09 05:31:12.876 17435 17435 E WindowManager: 	at android.view.ViewRootImpl$InputStage.deliver(ViewRootImpl.java:4426)
12-09 05:31:12.876 17435 17435 E WindowManager: 	at android.view.ViewRootImpl$InputStage.onDeliverToNext(ViewRootImpl.java:4479)
12-09 05:31:12.876 17435 17435 E WindowManager: 	at android.view.ViewRootImpl$InputStage.forward(ViewRootImpl.java:4445)
12-09 05:31:12.876 17435 17435 E WindowManager: 	at android.view.ViewRootImpl$InputStage.apply(ViewRootImpl.java:4453)
12-09 05:31:12.876 17435 17435 E WindowManager: 	at android.view.ViewRootImpl$InputStage.deliver(ViewRootImpl.java:4426)
12-09 05:31:12.876 17435 17435 E WindowManager: 	at android.view.ViewRootImpl$InputStage.onDeliverToNext(ViewRootImpl.java:4479)
12-09 05:31:12.876 17435 17435 E WindowManager: 	at android.view.ViewRootImpl$InputStage.forward(ViewRootImpl.java:4445)
12-09 05:31:12.876 17435 17435 E WindowManager: 	at android.view.ViewRootImpl$AsyncInputStage.forward(ViewRootImpl.java:4618)
12-09 05:31:12.876 17435 17435 E WindowManager: 	at android.view.ViewRootImpl$ImeInputStage.onFinishedInputEvent(ViewRootImpl.java:4779)
12-09 05:31:12.876 17435 17435 E WindowManager: 	at android.view.inputmethod.InputMethodManager$PendingEvent.run(InputMethodManager.java:2571)
12-09 05:31:12.876 17435 17435 E WindowManager: 	at android.view.inputmethod.InputMethodManager.invokeFinishedInputEventCallback(InputMethodManager.java:2081)
12-09 05:31:12.876 17435 17435 E WindowManager: 	at android.view.inputmethod.InputMethodManager.finishedInputEvent(InputMethodManager.java:2072)
12-09 05:31:12.876 17435 17435 E WindowManager: 	at android.view.inputmethod.InputMethodManager$ImeInputEventSender.onInputEventFinished(InputMethodManager.java:2548)
12-09 05:31:12.876 17435 17435 E WindowManager: 	at android.view.InputEventSender.dispatchInputEventFinished(InputEventSender.java:141)
12-09 05:31:12.876 17435 17435 E WindowManager: 	at android.os.MessageQueue.nativePollOnce(Native Method)
12-09 05:31:12.876 17435 17435 E WindowManager: 	at android.os.MessageQueue.next(MessageQueue.java:326)
12-09 05:31:12.876 17435 17435 E WindowManager: 	at android.os.Looper.loop(Looper.java:160)
12-09 05:31:12.876 17435 17435 E WindowManager: 	at android.app.ActivityThread.main(ActivityThread.java:6669)
12-09 05:31:12.876 17435 17435 E WindowManager: 	at java.lang.reflect.Method.invoke(Native Method)
12-09 05:31:12.876 17435 17435 E WindowManager: 	at com.android.internal.os.RuntimeInit$MethodAndArgsCaller.run(RuntimeInit.java:493)
12-09 05:31:12.876 17435 17435 E WindowManager: 	at com.android.internal.os.ZygoteInit.main(ZygoteInit.java:858)
12-09 05:31:12.878  2378  2378 E BeaconBle: Scan couldn't start for Places
12-09 05:31:14.620  1834  1834 E netmgr  : Failed to open QEMU pipe 'qemud:network': Invalid argument
12-09 05:31:14.620  1834  1834 E netmgr  : WifiForwarder unable to open QEMU pipe: Invalid argument
12-09 05:31:15.298 17547 17547 E ContextIntentStarter: No activity found for any of the 0 intents
12-09 05:31:22.466  1739  1762 E storaged: getDiskStats failed with result NOT_SUPPORTED and size 0
12-09 05:32:14.625  1834  1834 E netmgr  : Failed to open QEMU pipe 'qemud:network': Invalid argument
12-09 05:32:14.626  1834  1834 E netmgr  : WifiForwarder unable to open QEMU pipe: Invalid argument
12-09 05:32:22.471  1739  1762 E storaged: getDiskStats failed with result NOT_SUPPORTED and size 0
12-09 05:33:14.627  1834  1834 E netmgr  : Failed to open QEMU pipe 'qemud:network': Invalid argument
12-09 05:33:14.627  1834  1834 E netmgr  : WifiForwarder unable to open QEMU pipe: Invalid argument
12-09 05:33:22.472  1739  1762 E storaged: getDiskStats failed with result NOT_SUPPORTED and size 0
12-09 05:34:14.637  1834  1834 E netmgr  : Failed to open QEMU pipe 'qemud:network': Invalid argument
12-09 05:34:14.637  1834  1834 E netmgr  : WifiForwarder unable to open QEMU pipe: Invalid argument
12-09 05:34:22.473  1739  1762 E storaged: getDiskStats failed with result NOT_SUPPORTED and size 0
12-09 05:34:31.849  1885  1898 E memtrack: Couldn't load memtrack module
12-09 05:34:41.219  1994  1994 E native  : suggestion-transformer.cc:118 suggestion picked candidate not found for id: 3
