--------- beginning of main
12-09 01:50:27.393  1633  1633 E lowmemorykiller: Error writing /proc/27204/oom_score_adj; errno=22
--------- beginning of system
12-09 01:50:28.713  1881  1895 E ActivityManager: Failure starting process com.evancharlton.mileage
12-09 01:50:28.713  1881  1895 E ActivityManager: java.lang.SecurityException: Package com.evancharlton.mileage is currently frozen!
12-09 01:50:28.713  1881  1895 E ActivityManager: 	at com.android.server.pm.PackageManagerService.checkPackageStartable(PackageManagerService.java:4000)
12-09 01:50:28.713  1881  1895 E ActivityManager: 	at com.android.server.am.ActivityManagerService.startProcessLocked(ActivityManagerService.java:4234)
12-09 01:50:28.713  1881  1895 E ActivityManager: 	at com.android.server.am.ActivityManagerService.startProcessLocked(ActivityManagerService.java:4199)
12-09 01:50:28.713  1881  1895 E ActivityManager: 	at com.android.server.am.ActivityManagerService.startProcessLocked(ActivityManagerService.java:4181)
12-09 01:50:28.713  1881  1895 E ActivityManager: 	at com.android.server.am.ActivityManagerService.startProcessLocked(ActivityManagerService.java:4067)
12-09 01:50:28.713  1881  1895 E ActivityManager: 	at com.android.server.am.ActivityStackSupervisor.startSpecificActivityLocked(ActivityStackSupervisor.java:1715)
12-09 01:50:28.713  1881  1895 E ActivityManager: 	at com.android.server.am.ActivityStack.resumeTopActivityInnerLocked(ActivityStack.java:2764)
12-09 01:50:28.713  1881  1895 E ActivityManager: 	at com.android.server.am.ActivityStack.resumeTopActivityUncheckedLocked(ActivityStack.java:2302)
12-09 01:50:28.713  1881  1895 E ActivityManager: 	at com.android.server.am.ActivityStackSupervisor.resumeFocusedStackTopActivityLocked(ActivityStackSupervisor.java:2234)
12-09 01:50:28.713  1881  1895 E ActivityManager: 	at com.android.server.am.ActivityStackSupervisor.resumeFocusedStackTopActivityLocked(ActivityStackSupervisor.java:2218)
12-09 01:50:28.713  1881  1895 E ActivityManager: 	at com.android.server.am.ActivityManagerService.handleAppDiedLocked(ActivityManagerService.java:5923)
12-09 01:50:28.713  1881  1895 E ActivityManager: 	at com.android.server.am.ActivityManagerService.removeProcessLocked(ActivityManagerService.java:7501)
12-09 01:50:28.713  1881  1895 E ActivityManager: 	at com.android.server.am.ActivityManagerService.killPackageProcessesLocked(ActivityManagerService.java:7142)
12-09 01:50:28.713  1881  1895 E ActivityManager: 	at com.android.server.am.ActivityManagerService.forceStopPackageLocked(ActivityManagerService.java:7275)
12-09 01:50:28.713  1881  1895 E ActivityManager: 	at com.android.server.am.ActivityManagerService$MainHandler.handleMessage(ActivityManagerService.java:2289)
12-09 01:50:28.713  1881  1895 E ActivityManager: 	at android.os.Handler.dispatchMessage(Handler.java:106)
12-09 01:50:28.713  1881  1895 E ActivityManager: 	at android.os.Looper.loop(Looper.java:193)
12-09 01:50:28.713  1881  1895 E ActivityManager: 	at android.os.HandlerThread.run(HandlerThread.java:65)
12-09 01:50:28.713  1881  1895 E ActivityManager: 	at com.android.server.ServiceThread.run(ServiceThread.java:44)
12-09 01:50:29.395 27300 27300 E oid.documentsu: Not starting debugger since process cannot load the jdwp agent.
12-09 01:50:29.396 27312 27312 E ndroid.keychai: Not starting debugger since process cannot load the jdwp agent.
12-09 01:50:30.402 27355 27355 E droid.apps.doc: Not starting debugger since process cannot load the jdwp agent.
12-09 01:50:30.675  2438 27289 E ctxmgr  : [ProducerStatusImpl]updateStateForNewContextData: inactive, contextName=7
12-09 01:50:30.901  2438  2438 E BeaconBle: Scan couldn't start for Places
12-09 01:50:31.928 27355 27355 E DocsApplication: [main] No default account found during application creation.
12-09 01:50:33.552  1733  1931 E         : Couldn't opendir /data/app/vmdl1610490514.tmp: No such file or directory
12-09 01:50:33.553  1733  1931 E installd: Failed to delete /data/app/vmdl1610490514.tmp: No such file or directory
12-09 01:50:36.655 27422 27422 E harlton.mileag: Not starting debugger since process cannot load the jdwp agent.
12-09 01:50:43.513  1991 22160 E putmethod.lati: Invalid ID 0x00000001.
12-09 01:50:43.522  1991 22160 E LstmTrainingCache: emn: Can't get resource name for input slot
12-09 01:50:43.522  1991 22160 E LstmTrainingCache: android.content.res.Resources$NotFoundException: Unable to find resource ID #0x1
12-09 01:50:43.522  1991 22160 E LstmTrainingCache: 	at android.content.res.ResourcesImpl.getResourceName(ResourcesImpl.java:255)
12-09 01:50:43.522  1991 22160 E LstmTrainingCache: 	at android.content.res.Resources.getResourceName(Resources.java:1954)
12-09 01:50:43.522  1991 22160 E LstmTrainingCache: 	at emn.a(PG:12)
12-09 01:50:43.522  1991 22160 E LstmTrainingCache: 	at emk.run(PG:5)
12-09 01:50:43.522  1991 22160 E LstmTrainingCache: 	at java.lang.Thread.run(Thread.java:764)
12-09 01:50:46.724  1807  1807 E netmgr  : Failed to open QEMU pipe 'qemud:network': Invalid argument
12-09 01:50:46.726  1807  1807 E netmgr  : WifiForwarder unable to open QEMU pipe: Invalid argument
12-09 01:50:48.496 27422 27448 E SQLiteLog: (1) no such table: fillups
12-09 01:50:48.502 27422 27448 E DatabaseUpgrader: Couldn't upgrade database!
12-09 01:50:48.502 27422 27448 E DatabaseUpgrader: android.database.sqlite.SQLiteException: no such table: fillups (code 1 SQLITE_ERROR): , while compiling: ALTER TABLE fillups ADD COLUMN is_partial INTEGER;
12-09 01:50:48.502 27422 27448 E DatabaseUpgrader: 	at android.database.sqlite.SQLiteConnection.nativePrepareStatement(Native Method)
12-09 01:50:48.502 27422 27448 E DatabaseUpgrader: 	at android.database.sqlite.SQLiteConnection.acquirePreparedStatement(SQLiteConnection.java:903)
12-09 01:50:48.502 27422 27448 E DatabaseUpgrader: 	at android.database.sqlite.SQLiteConnection.prepare(SQLiteConnection.java:514)
12-09 01:50:48.502 27422 27448 E DatabaseUpgrader: 	at android.database.sqlite.SQLiteSession.prepare(SQLiteSession.java:588)
12-09 01:50:48.502 27422 27448 E DatabaseUpgrader: 	at android.database.sqlite.SQLiteProgram.<init>(SQLiteProgram.java:58)
12-09 01:50:48.502 27422 27448 E DatabaseUpgrader: 	at android.database.sqlite.SQLiteStatement.<init>(SQLiteStatement.java:31)
12-09 01:50:48.502 27422 27448 E DatabaseUpgrader: 	at android.database.sqlite.SQLiteDatabase.executeSql(SQLiteDatabase.java:1769)
12-09 01:50:48.502 27422 27448 E DatabaseUpgrader: 	at android.database.sqlite.SQLiteDatabase.execSQL(SQLiteDatabase.java:1698)
12-09 01:50:48.502 27422 27448 E DatabaseUpgrader: 	at com.evancharlton.mileage.provider.DatabaseUpgrader.exec(DatabaseUpgrader.java:105)
12-09 01:50:48.502 27422 27448 E DatabaseUpgrader: 	at com.evancharlton.mileage.provider.DatabaseUpgrader.upgradeDatabase(DatabaseUpgrader.java:44)
12-09 01:50:48.502 27422 27448 E DatabaseUpgrader: 	at com.evancharlton.mileage.provider.DatabaseUpgrader.upgradeDatabase(DatabaseUpgrader.java:89)
12-09 01:50:48.502 27422 27448 E DatabaseUpgrader: 	at com.evancharlton.mileage.tasks.DbImportTask.upgradeDatabase(DbImportTask.java:77)
12-09 01:50:48.502 27422 27448 E DatabaseUpgrader: 	at com.evancharlton.mileage.tasks.DbImportTask.doInBackground(DbImportTask.java:43)
12-09 01:50:48.502 27422 27448 E DatabaseUpgrader: 	at com.evancharlton.mileage.tasks.DbImportTask.doInBackground(DbImportTask.java:20)
12-09 01:50:48.502 27422 27448 E DatabaseUpgrader: 	at android.os.AsyncTask$2.call(AsyncTask.java:333)
12-09 01:50:48.502 27422 27448 E DatabaseUpgrader: 	at java.util.concurrent.FutureTask.run(FutureTask.java:266)
12-09 01:50:48.502 27422 27448 E DatabaseUpgrader: 	at java.util.concurrent.ThreadPoolExecutor.runWorker(ThreadPoolExecutor.java:1167)
12-09 01:50:48.502 27422 27448 E DatabaseUpgrader: 	at java.util.concurrent.ThreadPoolExecutor$Worker.run(ThreadPoolExecutor.java:641)
12-09 01:50:48.502 27422 27448 E DatabaseUpgrader: 	at java.lang.Thread.run(Thread.java:764)
12-09 01:50:52.441  2438 27289 E ctxmgr  : [ProducerStatusImpl]updateStateForNewContextData: inactive, contextName=7
12-09 01:50:52.583  2438  2438 E BeaconBle: Missing BluetoothAdapter
12-09 01:50:52.622  2438  2438 E BeaconBle: Scan couldn't start for Places
12-09 01:50:53.182  1741  1793 E storaged: getDiskStats failed with result NOT_SUPPORTED and size 0
12-09 01:51:01.044 27477 27477 E oid.apps.photo: Not starting debugger since process cannot load the jdwp agent.
12-09 01:51:01.691 27494 27494 E ocess.gservice: Not starting debugger since process cannot load the jdwp agent.
12-09 01:51:10.979  2570  2570 E ContextIntentStarter: No activity found for any of the 0 intents
12-09 01:51:46.738  1807  1807 E netmgr  : Failed to open QEMU pipe 'qemud:network': Invalid argument
12-09 01:51:46.739  1807  1807 E netmgr  : WifiForwarder unable to open QEMU pipe: Invalid argument
12-09 01:51:53.187  1741  1793 E storaged: getDiskStats failed with result NOT_SUPPORTED and size 0
12-09 01:52:46.771  1807  1807 E netmgr  : Failed to open QEMU pipe 'qemud:network': Invalid argument
12-09 01:52:46.771  1807  1807 E netmgr  : WifiForwarder unable to open QEMU pipe: Invalid argument
12-09 01:52:53.188  1741  1793 E storaged: getDiskStats failed with result NOT_SUPPORTED and size 0
12-09 01:53:08.448  2438 26366 E WakeLock: GCM_HB_ALARM release without a matched acquire!
12-09 01:53:46.786  1807  1807 E netmgr  : Failed to open QEMU pipe 'qemud:network': Invalid argument
12-09 01:53:46.786  1807  1807 E netmgr  : WifiForwarder unable to open QEMU pipe: Invalid argument
12-09 01:53:53.190  1741  1793 E storaged: getDiskStats failed with result NOT_SUPPORTED and size 0
12-09 01:54:46.791  1807  1807 E netmgr  : Failed to open QEMU pipe 'qemud:network': Invalid argument
12-09 01:54:46.791  1807  1807 E netmgr  : WifiForwarder unable to open QEMU pipe: Invalid argument
12-09 01:54:47.617  1881  1894 E memtrack: Couldn't load memtrack module
12-09 01:54:53.193  1741  1793 E storaged: getDiskStats failed with result NOT_SUPPORTED and size 0
