--------- beginning of main
--------- beginning of system
12-09 09:36:28.702  1885  4665 E WindowManager: Performed 6 layouts in a row. Skipping
12-09 09:36:28.729  1885  1938 E WindowManager: Performed 6 layouts in a row. Skipping
12-09 09:36:28.888  1885  1938 E WindowManager: Performed 6 layouts in a row. Skipping
12-09 09:36:28.914  1885  2494 E WindowManager: Performed 6 layouts in a row. Skipping
12-09 09:36:28.982  1885  5372 E WindowManager: Performed 6 layouts in a row. Skipping
12-09 09:36:29.019  1885  1938 E WindowManager: Performed 6 layouts in a row. Skipping
12-09 09:36:29.057  1885  1938 E WindowManager: Performed 6 layouts in a row. Skipping
12-09 09:36:29.133  1885  1938 E WindowManager: Performed 6 layouts in a row. Skipping
12-09 09:36:31.002  1885  1899 E ActivityManager: Failure starting process com.evancharlton.mileage
12-09 09:36:31.002  1885  1899 E ActivityManager: java.lang.SecurityException: Package com.evancharlton.mileage is currently frozen!
12-09 09:36:31.002  1885  1899 E ActivityManager: 	at com.android.server.pm.PackageManagerService.checkPackageStartable(PackageManagerService.java:4000)
12-09 09:36:31.002  1885  1899 E ActivityManager: 	at com.android.server.am.ActivityManagerService.startProcessLocked(ActivityManagerService.java:4234)
12-09 09:36:31.002  1885  1899 E ActivityManager: 	at com.android.server.am.ActivityManagerService.startProcessLocked(ActivityManagerService.java:4199)
12-09 09:36:31.002  1885  1899 E ActivityManager: 	at com.android.server.am.ActivityManagerService.startProcessLocked(ActivityManagerService.java:4181)
12-09 09:36:31.002  1885  1899 E ActivityManager: 	at com.android.server.am.ActivityManagerService.startProcessLocked(ActivityManagerService.java:4067)
12-09 09:36:31.002  1885  1899 E ActivityManager: 	at com.android.server.am.ActivityStackSupervisor.startSpecificActivityLocked(ActivityStackSupervisor.java:1715)
12-09 09:36:31.002  1885  1899 E ActivityManager: 	at com.android.server.am.ActivityStack.resumeTopActivityInnerLocked(ActivityStack.java:2764)
12-09 09:36:31.002  1885  1899 E ActivityManager: 	at com.android.server.am.ActivityStack.resumeTopActivityUncheckedLocked(ActivityStack.java:2302)
12-09 09:36:31.002  1885  1899 E ActivityManager: 	at com.android.server.am.ActivityStackSupervisor.resumeFocusedStackTopActivityLocked(ActivityStackSupervisor.java:2234)
12-09 09:36:31.002  1885  1899 E ActivityManager: 	at com.android.server.am.ActivityStackSupervisor.resumeFocusedStackTopActivityLocked(ActivityStackSupervisor.java:2218)
12-09 09:36:31.002  1885  1899 E ActivityManager: 	at com.android.server.am.ActivityManagerService.handleAppDiedLocked(ActivityManagerService.java:5923)
12-09 09:36:31.002  1885  1899 E ActivityManager: 	at com.android.server.am.ActivityManagerService.removeProcessLocked(ActivityManagerService.java:7501)
12-09 09:36:31.002  1885  1899 E ActivityManager: 	at com.android.server.am.ActivityManagerService.killPackageProcessesLocked(ActivityManagerService.java:7142)
12-09 09:36:31.002  1885  1899 E ActivityManager: 	at com.android.server.am.ActivityManagerService.forceStopPackageLocked(ActivityManagerService.java:7275)
12-09 09:36:31.002  1885  1899 E ActivityManager: 	at com.android.server.am.ActivityManagerService$MainHandler.handleMessage(ActivityManagerService.java:2289)
12-09 09:36:31.002  1885  1899 E ActivityManager: 	at android.os.Handler.dispatchMessage(Handler.java:106)
12-09 09:36:31.002  1885  1899 E ActivityManager: 	at android.os.Looper.loop(Looper.java:193)
12-09 09:36:31.002  1885  1899 E ActivityManager: 	at android.os.HandlerThread.run(HandlerThread.java:65)
12-09 09:36:31.002  1885  1899 E ActivityManager: 	at com.android.server.ServiceThread.run(ServiceThread.java:44)
12-09 09:36:31.627  7735  7735 E id.defcontaine: Not starting debugger since process cannot load the jdwp agent.
12-09 09:36:31.634  7740  7740 E oid.documentsu: Not starting debugger since process cannot load the jdwp agent.
12-09 09:36:31.707  7764  7764 E ndroid.keychai: Not starting debugger since process cannot load the jdwp agent.
12-09 09:36:32.539  7810  7810 E droid.apps.doc: Not starting debugger since process cannot load the jdwp agent.
12-09 09:36:32.869  2378  7691 E ctxmgr  : [ProducerStatusImpl]updateStateForNewContextData: inactive, contextName=7
12-09 09:36:33.192  2378  2378 E BeaconBle: Missing BluetoothAdapter
12-09 09:36:33.297  2378  2378 E BeaconBle: Scan couldn't start for Places
12-09 09:36:34.187  7810  7810 E DocsApplication: [main] No default account found during application creation.
12-09 09:36:35.150  1731  1949 E         : Couldn't opendir /data/app/vmdl1993196488.tmp: No such file or directory
12-09 09:36:35.150  1731  1949 E installd: Failed to delete /data/app/vmdl1993196488.tmp: No such file or directory
12-09 09:36:37.873  7880  7880 E harlton.mileag: Not starting debugger since process cannot load the jdwp agent.
12-09 09:36:39.462  1994  7294 E putmethod.lati: Invalid ID 0x00000001.
12-09 09:36:39.471  1994  7294 E LstmTrainingCache: emn: Can't get resource name for input slot
12-09 09:36:39.471  1994  7294 E LstmTrainingCache: android.content.res.Resources$NotFoundException: Unable to find resource ID #0x1
12-09 09:36:39.471  1994  7294 E LstmTrainingCache: 	at android.content.res.ResourcesImpl.getResourceName(ResourcesImpl.java:255)
12-09 09:36:39.471  1994  7294 E LstmTrainingCache: 	at android.content.res.Resources.getResourceName(Resources.java:1954)
12-09 09:36:39.471  1994  7294 E LstmTrainingCache: 	at emn.a(PG:12)
12-09 09:36:39.471  1994  7294 E LstmTrainingCache: 	at emk.run(PG:5)
12-09 09:36:39.471  1994  7294 E LstmTrainingCache: 	at java.lang.Thread.run(Thread.java:764)
12-09 09:36:41.071  1633  1633 E lowmemorykiller: Error opening /proc/7810/oom_score_adj; errno=2
12-09 09:36:41.072  1633  1633 E lowmemorykiller: Error opening /proc/7764/oom_score_adj; errno=2
12-09 09:36:49.418  7910  7910 E emui:screensho: Not starting debugger since process cannot load the jdwp agent.
12-09 09:36:49.827  7910  7910 E SoundPool: error loading /product/media/audio/ui/camera_click.ogg
12-09 09:36:50.186  1741  1741 E OMXNodeInstance: getConfig(0xe97a6a20:google.vorbis.decoder, ConfigAndroidVendorExtension(0x6f100004)) ERROR: Undefined(0x80001001)
12-09 09:36:52.723  7940  7940 E d.process.medi: Not starting debugger since process cannot load the jdwp agent.
12-09 09:36:54.212  2378  7692 E ctxmgr  : [ProducerStatusImpl]updateStateForNewContextData: inactive, contextName=7
12-09 09:36:54.454  2378  2378 E BeaconBle: Missing BluetoothAdapter
12-09 09:36:54.521  2378  2378 E BeaconBle: Scan couldn't start for Places
12-09 09:36:57.741  7971  7971 E viders.calenda: Not starting debugger since process cannot load the jdwp agent.
12-09 09:36:57.812  1885  1903 E BatteryExternalStatsWorker: no controller energy info supplied for wifi
12-09 09:37:03.338  7991  7991 E oid.apps.photo: Not starting debugger since process cannot load the jdwp agent.
12-09 09:37:03.805  8010  8010 E ocess.gservice: Not starting debugger since process cannot load the jdwp agent.
12-09 09:37:13.609  1834  1834 E netmgr  : Failed to open QEMU pipe 'qemud:network': Invalid argument
12-09 09:37:13.634  1834  1834 E netmgr  : WifiForwarder unable to open QEMU pipe: Invalid argument
12-09 09:37:14.336  7880  7880 E WindowManager: 
12-09 09:37:14.336  7880  7880 E WindowManager: android.view.WindowLeaked: Activity com.evancharlton.mileage.FieldActivity has leaked window DecorView@e734b43[FieldActivity] that was originally added here
12-09 09:37:14.336  7880  7880 E WindowManager: 	at android.view.ViewRootImpl.<init>(ViewRootImpl.java:511)
12-09 09:37:14.336  7880  7880 E WindowManager: 	at android.view.WindowManagerGlobal.addView(WindowManagerGlobal.java:346)
12-09 09:37:14.336  7880  7880 E WindowManager: 	at android.view.WindowManagerImpl.addView(WindowManagerImpl.java:93)
12-09 09:37:14.336  7880  7880 E WindowManager: 	at com.android.internal.policy.PhoneWindow.openPanel(PhoneWindow.java:887)
12-09 09:37:14.336  7880  7880 E WindowManager: 	at com.android.internal.policy.PhoneWindow.onKeyUpPanel(PhoneWindow.java:1104)
12-09 09:37:14.336  7880  7880 E WindowManager: 	at com.android.internal.policy.PhoneWindow.onKeyUp(PhoneWindow.java:2007)
12-09 09:37:14.336  7880  7880 E WindowManager: 	at com.android.internal.policy.DecorView.dispatchKeyEvent(DecorView.java:350)
12-09 09:37:14.336  7880  7880 E WindowManager: 	at android.view.ViewRootImpl$ViewPostImeInputStage.processKeyEvent(ViewRootImpl.java:5037)
12-09 09:37:14.336  7880  7880 E WindowManager: 	at android.view.ViewRootImpl$ViewPostImeInputStage.onProcess(ViewRootImpl.java:4905)
12-09 09:37:14.336  7880  7880 E WindowManager: 	at android.view.ViewRootImpl$InputStage.deliver(ViewRootImpl.java:4426)
12-09 09:37:14.336  7880  7880 E WindowManager: 	at android.view.ViewRootImpl$InputStage.onDeliverToNext(ViewRootImpl.java:4479)
12-09 09:37:14.336  7880  7880 E WindowManager: 	at android.view.ViewRootImpl$InputStage.forward(ViewRootImpl.java:4445)
12-09 09:37:14.336  7880  7880 E WindowManager: 	at android.view.ViewRootImpl$AsyncInputStage.forward(ViewRootImpl.java:4585)
12-09 09:37:14.336  7880  7880 E WindowManager: 	at android.view.ViewRootImpl$InputStage.apply(ViewRootImpl.java:4453)
12-09 09:37:14.336  7880  7880 E WindowManager: 	at android.view.ViewRootImpl$AsyncInputStage.apply(ViewRootImpl.java:4642)
12-09 09:37:14.336  7880  7880 E WindowManager: 	at android.view.ViewRootImpl$InputStage.deliver(ViewRootImpl.java:4426)
12-09 09:37:14.336  7880  7880 E WindowManager: 	at android.view.ViewRootImpl$InputStage.onDeliverToNext(ViewRootImpl.java:4479)
12-09 09:37:14.336  7880  7880 E WindowManager: 	at android.view.ViewRootImpl$InputStage.forward(ViewRootImpl.java:4445)
12-09 09:37:14.336  7880  7880 E WindowManager: 	at android.view.ViewRootImpl$InputStage.apply(ViewRootImpl.java:4453)
12-09 09:37:14.336  7880  7880 E WindowManager: 	at android.view.ViewRootImpl$InputStage.deliver(ViewRootImpl.java:4426)
12-09 09:37:14.336  7880  7880 E WindowManager: 	at android.view.ViewRootImpl$InputStage.onDeliverToNext(ViewRootImpl.java:4479)
12-09 09:37:14.336  7880  7880 E WindowManager: 	at android.view.ViewRootImpl$InputStage.forward(ViewRootImpl.java:4445)
12-09 09:37:14.336  7880  7880 E WindowManager: 	at android.view.ViewRootImpl$AsyncInputStage.forward(ViewRootImpl.java:4618)
12-09 09:37:14.336  7880  7880 E WindowManager: 	at android.view.ViewRootImpl$ImeInputStage.onFinishedInputEvent(ViewRootImpl.java:4779)
12-09 09:37:14.336  7880  7880 E WindowManager: 	at android.view.inputmethod.InputMethodManager$PendingEvent.run(InputMethodManager.java:2571)
12-09 09:37:14.336  7880  7880 E WindowManager: 	at android.view.inputmethod.InputMethodManager.invokeFinishedInputEventCallback(InputMethodManager.java:2081)
12-09 09:37:14.336  7880  7880 E WindowManager: 	at android.view.inputmethod.InputMethodManager.finishedInputEvent(InputMethodManager.java:2072)
12-09 09:37:14.336  7880  7880 E WindowManager: 	at android.view.inputmethod.InputMethodManager$ImeInputEventSender.onInputEventFinished(InputMethodManager.java:2548)
12-09 09:37:14.336  7880  7880 E WindowManager: 	at android.view.InputEventSender.dispatchInputEventFinished(InputEventSender.java:141)
12-09 09:37:14.336  7880  7880 E WindowManager: 	at android.os.MessageQueue.nativePollOnce(Native Method)
12-09 09:37:14.336  7880  7880 E WindowManager: 	at android.os.MessageQueue.next(MessageQueue.java:326)
12-09 09:37:14.336  7880  7880 E WindowManager: 	at android.os.Looper.loop(Looper.java:160)
12-09 09:37:14.336  7880  7880 E WindowManager: 	at android.app.ActivityThread.main(ActivityThread.java:6669)
12-09 09:37:14.336  7880  7880 E WindowManager: 	at java.lang.reflect.Method.invoke(Native Method)
12-09 09:37:14.336  7880  7880 E WindowManager: 	at com.android.internal.os.RuntimeInit$MethodAndArgsCaller.run(RuntimeInit.java:493)
12-09 09:37:14.336  7880  7880 E WindowManager: 	at com.android.internal.os.ZygoteInit.main(ZygoteInit.java:858)
12-09 09:37:15.639  4375  4375 E ContextIntentStarter: No activity found for any of the 0 intents
12-09 09:37:16.454  1885  3217 E WindowManager: Performed 6 layouts in a row. Skipping
12-09 09:37:16.470  1885  1938 E WindowManager: Performed 6 layouts in a row. Skipping
12-09 09:37:16.491  1885  1938 E WindowManager: Performed 6 layouts in a row. Skipping
12-09 09:37:16.534  1885  1938 E WindowManager: Performed 6 layouts in a row. Skipping
12-09 09:37:16.571  1885  1938 E WindowManager: Performed 6 layouts in a row. Skipping
12-09 09:37:16.595  1885  1900 E WindowManager: Performed 6 layouts in a row. Skipping
12-09 09:37:16.627  1885  4768 E WindowManager: Performed 6 layouts in a row. Skipping
12-09 09:37:21.517  1739  1762 E storaged: getDiskStats failed with result NOT_SUPPORTED and size 0
12-09 09:38:01.117  8072  8072 E id.partnersetu: Not starting debugger since process cannot load the jdwp agent.
12-09 09:38:01.691  8089  8089 E ocess.gservice: Not starting debugger since process cannot load the jdwp agent.
12-09 09:38:13.659  1834  1834 E netmgr  : Failed to open QEMU pipe 'qemud:network': Invalid argument
12-09 09:38:13.660  1834  1834 E netmgr  : WifiForwarder unable to open QEMU pipe: Invalid argument
12-09 09:38:21.703  1739  1762 E storaged: getDiskStats failed with result NOT_SUPPORTED and size 0
12-09 09:39:13.667  1834  1834 E netmgr  : Failed to open QEMU pipe 'qemud:network': Invalid argument
12-09 09:39:13.667  1834  1834 E netmgr  : WifiForwarder unable to open QEMU pipe: Invalid argument
12-09 09:39:21.704  1739  1762 E storaged: getDiskStats failed with result NOT_SUPPORTED and size 0
12-09 09:40:13.669  1834  1834 E netmgr  : Failed to open QEMU pipe 'qemud:network': Invalid argument
12-09 09:40:13.669  1834  1834 E netmgr  : WifiForwarder unable to open QEMU pipe: Invalid argument
12-09 09:40:21.090  1885  2494 E WindowManager: Performed 6 layouts in a row. Skipping
12-09 09:40:21.120  1885  1938 E WindowManager: Performed 6 layouts in a row. Skipping
12-09 09:40:21.219  1885  1938 E WindowManager: Performed 6 layouts in a row. Skipping
12-09 09:40:21.283  1885  1938 E WindowManager: Performed 6 layouts in a row. Skipping
12-09 09:40:21.316  1885  1938 E WindowManager: Performed 6 layouts in a row. Skipping
12-09 09:40:21.341  1885  1900 E WindowManager: Performed 6 layouts in a row. Skipping
12-09 09:40:21.368  1885  3668 E WindowManager: Performed 6 layouts in a row. Skipping
12-09 09:40:21.440  1885  1938 E WindowManager: Performed 6 layouts in a row. Skipping
12-09 09:40:21.617  1885  1938 E WindowManager: Performed 6 layouts in a row. Skipping
12-09 09:40:21.705  1739  1762 E storaged: getDiskStats failed with result NOT_SUPPORTED and size 0
12-09 09:40:24.654  1885  2494 E WindowManager: Performed 6 layouts in a row. Skipping
12-09 09:40:24.701  1885  1938 E WindowManager: Performed 6 layouts in a row. Skipping
12-09 09:40:24.724  1885  1938 E WindowManager: Performed 6 layouts in a row. Skipping
12-09 09:40:24.739  1885  1938 E WindowManager: Performed 6 layouts in a row. Skipping
12-09 09:40:24.752  1885  1900 E WindowManager: Performed 6 layouts in a row. Skipping
12-09 09:40:24.787  1885  1938 E WindowManager: Performed 6 layouts in a row. Skipping
12-09 09:40:24.805  1885  1938 E WindowManager: Performed 6 layouts in a row. Skipping
12-09 09:40:24.837  1885  1938 E WindowManager: Performed 6 layouts in a row. Skipping
12-09 09:40:24.894  1885  1938 E WindowManager: Performed 6 layouts in a row. Skipping
12-09 09:40:24.928  1885  1938 E WindowManager: Performed 6 layouts in a row. Skipping
12-09 09:40:24.953  1885  3512 E WindowManager: Performed 6 layouts in a row. Skipping
12-09 09:40:24.976  1885  1938 E WindowManager: Performed 6 layouts in a row. Skipping
12-09 09:40:24.999  1885  1900 E WindowManager: Performed 6 layouts in a row. Skipping
12-09 09:40:25.042  1885  1938 E WindowManager: Performed 6 layouts in a row. Skipping
12-09 09:40:25.067  1885  1938 E WindowManager: Performed 6 layouts in a row. Skipping
12-09 09:40:25.088  1885  2494 E WindowManager: Performed 6 layouts in a row. Skipping
12-09 09:40:25.120  1885  1938 E WindowManager: Performed 6 layouts in a row. Skipping
12-09 09:40:25.214  1885  1938 E WindowManager: Performed 6 layouts in a row. Skipping
