--------- beginning of main
--------- beginning of system
12-08 16:29:07.475  1884  1898 E ActivityManager: Failure starting process com.evancharlton.mileage
12-08 16:29:07.475  1884  1898 E ActivityManager: java.lang.SecurityException: Package com.evancharlton.mileage was not found!
12-08 16:29:07.475  1884  1898 E ActivityManager: 	at com.android.server.pm.PackageManagerService.checkPackageStartable(PackageManagerService.java:3987)
12-08 16:29:07.475  1884  1898 E ActivityManager: 	at com.android.server.am.ActivityManagerService.startProcessLocked(ActivityManagerService.java:4234)
12-08 16:29:07.475  1884  1898 E ActivityManager: 	at com.android.server.am.ActivityManagerService.startProcessLocked(ActivityManagerService.java:4199)
12-08 16:29:07.475  1884  1898 E ActivityManager: 	at com.android.server.am.ActivityManagerService.startProcessLocked(ActivityManagerService.java:4181)
12-08 16:29:07.475  1884  1898 E ActivityManager: 	at com.android.server.am.ActivityManagerService.startProcessLocked(ActivityManagerService.java:4067)
12-08 16:29:07.475  1884  1898 E ActivityManager: 	at com.android.server.am.ActivityStackSupervisor.startSpecificActivityLocked(ActivityStackSupervisor.java:1715)
12-08 16:29:07.475  1884  1898 E ActivityManager: 	at com.android.server.am.ActivityStack.resumeTopActivityInnerLocked(ActivityStack.java:2764)
12-08 16:29:07.475  1884  1898 E ActivityManager: 	at com.android.server.am.ActivityStack.resumeTopActivityUncheckedLocked(ActivityStack.java:2302)
12-08 16:29:07.475  1884  1898 E ActivityManager: 	at com.android.server.am.ActivityStackSupervisor.resumeFocusedStackTopActivityLocked(ActivityStackSupervisor.java:2234)
12-08 16:29:07.475  1884  1898 E ActivityManager: 	at com.android.server.am.ActivityStackSupervisor.resumeFocusedStackTopActivityLocked(ActivityStackSupervisor.java:2218)
12-08 16:29:07.475  1884  1898 E ActivityManager: 	at com.android.server.am.ActivityManagerService.handleAppDiedLocked(ActivityManagerService.java:5923)
12-08 16:29:07.475  1884  1898 E ActivityManager: 	at com.android.server.am.ActivityManagerService.removeProcessLocked(ActivityManagerService.java:7501)
12-08 16:29:07.475  1884  1898 E ActivityManager: 	at com.android.server.am.ActivityManagerService.killPackageProcessesLocked(ActivityManagerService.java:7142)
12-08 16:29:07.475  1884  1898 E ActivityManager: 	at com.android.server.am.ActivityManagerService.forceStopPackageLocked(ActivityManagerService.java:7275)
12-08 16:29:07.475  1884  1898 E ActivityManager: 	at com.android.server.am.ActivityManagerService$MainHandler.handleMessage(ActivityManagerService.java:2289)
12-08 16:29:07.475  1884  1898 E ActivityManager: 	at android.os.Handler.dispatchMessage(Handler.java:106)
12-08 16:29:07.475  1884  1898 E ActivityManager: 	at android.os.Looper.loop(Looper.java:193)
12-08 16:29:07.475  1884  1898 E ActivityManager: 	at android.os.HandlerThread.run(HandlerThread.java:65)
12-08 16:29:07.475  1884  1898 E ActivityManager: 	at com.android.server.ServiceThread.run(ServiceThread.java:44)
12-08 16:29:09.006  2439  2768 E SynchronizedLE: asynchronous call timed out or was interrupted
12-08 16:29:10.307  2439  2439 E BeaconBle: Scan couldn't start for Places
12-08 16:29:12.398  1731  1933 E         : Couldn't opendir /data/app/vmdl1073225964.tmp: No such file or directory
12-08 16:29:12.398  1731  1933 E installd: Failed to delete /data/app/vmdl1073225964.tmp: No such file or directory
12-08 16:29:14.581 18554 18554 E harlton.mileag: Not starting debugger since process cannot load the jdwp agent.
12-08 16:29:22.571  1884  4055 E InputMethodManagerService: Ignoring com.android.server.InputMethodManagerService.updateStatusIcon:2188 due to an invalid token. uid:10060 token:android.os.Binder@267357a
12-08 16:29:22.739  1993  1993 E EmojiSearchExtension: com.google.android.apps.inputmethod.libs.search.emoji.EmojiSearchExtension: Cannot deactivate emoji search JNI; null locale
12-08 16:29:36.430  2439 18394 E ctxmgr  : [ProducerStatusImpl]updateStateForNewContextData: inactive, contextName=7
12-08 16:29:36.498  2439 18394 E ctxmgr  : [ProducerStatusImpl]updateStateForNewContextData: inactive, contextName=1
12-08 16:29:36.767  2439  2439 E BeaconBle: Missing BluetoothAdapter
12-08 16:29:36.781  2439  3087 E PlaceInferenceEngine: Position timestamp out of order. Previous: 1544322409000, Current: 1544304576000. Skipping this Position.
12-08 16:29:36.806  2439  2439 E BeaconBle: Scan couldn't start for Places
12-08 16:29:41.942  2826  2826 E ContextIntentStarter: No activity found for any of the 0 intents
12-08 16:29:42.651 18005 18005 E wpa_supplicant: nl80211: Failed to open /proc/sys/net/ipv4/conf/p2p-dev-wlan0/drop_unicast_in_l2_multicast: No such file or directory
12-08 16:29:42.651 18005 18005 E wpa_supplicant: nl80211: Failed to set IPv4 unicast in multicast filter
12-08 16:29:42.699 18005 18005 E wpa_supplicant: nl80211: Failed to open /proc/sys/net/ipv4/conf/p2p-dev-wlan0/drop_unicast_in_l2_multicast: No such file or directory
12-08 16:29:42.700 18005 18005 E wpa_supplicant: nl80211: Failed to set IPv4 unicast in multicast filter
12-08 16:29:42.830 18629 18629 E rrierdefaultap: Not starting debugger since process cannot load the jdwp agent.
12-08 16:29:42.833 18005 18005 E wpa_supplicant: nl80211: Failed to open /proc/sys/net/ipv4/conf/wlan0/drop_unicast_in_l2_multicast: No such file or directory
12-08 16:29:42.835 18005 18005 E wpa_supplicant: nl80211: Failed to set IPv4 unicast in multicast filter
12-08 16:29:42.835 18005 18005 E wpa_supplicant: nl80211: Failed to open /proc/sys/net/ipv4/conf/wlan0/drop_unicast_in_l2_multicast: No such file or directory
12-08 16:29:42.835 18005 18005 E wpa_supplicant: nl80211: Failed to set IPv4 unicast in multicast filter
12-08 16:29:42.928 18005 18005 E wpa_supplicant: nl80211: Failed to open /proc/sys/net/ipv4/conf/wlan0/drop_unicast_in_l2_multicast: No such file or directory
12-08 16:29:42.930 18005 18005 E wpa_supplicant: nl80211: Failed to set IPv4 unicast in multicast filter
12-08 16:29:43.198  1884 18023 E DhcpClient: Read error
12-08 16:29:43.198  1884 18023 E DhcpClient: android.system.ErrnoException: read failed: ENETDOWN (Network is down)
12-08 16:29:43.198  1884 18023 E DhcpClient: 	at libcore.io.Linux.readBytes(Native Method)
12-08 16:29:43.198  1884 18023 E DhcpClient: 	at libcore.io.Linux.read(Linux.java:184)
12-08 16:29:43.198  1884 18023 E DhcpClient: 	at libcore.io.BlockGuardOs.read(BlockGuardOs.java:254)
12-08 16:29:43.198  1884 18023 E DhcpClient: 	at android.system.Os.read(Os.java:414)
12-08 16:29:43.198  1884 18023 E DhcpClient: 	at android.net.dhcp.DhcpClient$ReceiveThread.run(DhcpClient.java:364)
12-08 16:29:43.208  1884 18012 E ConnectivityPacketTracker.wlan0: readPacket error: 
12-08 16:29:43.208  1884 18012 E ConnectivityPacketTracker.wlan0: android.system.ErrnoException: read failed: ENETDOWN (Network is down)
12-08 16:29:43.208  1884 18012 E ConnectivityPacketTracker.wlan0: 	at libcore.io.Linux.readBytes(Native Method)
12-08 16:29:43.208  1884 18012 E ConnectivityPacketTracker.wlan0: 	at libcore.io.Linux.read(Linux.java:184)
12-08 16:29:43.208  1884 18012 E ConnectivityPacketTracker.wlan0: 	at libcore.io.BlockGuardOs.read(BlockGuardOs.java:254)
12-08 16:29:43.208  1884 18012 E ConnectivityPacketTracker.wlan0: 	at android.system.Os.read(Os.java:414)
12-08 16:29:43.208  1884 18012 E ConnectivityPacketTracker.wlan0: 	at android.net.util.PacketReader.readPacket(PacketReader.java:137)
12-08 16:29:43.208  1884 18012 E ConnectivityPacketTracker.wlan0: 	at android.net.util.PacketReader.handleInput(PacketReader.java:207)
12-08 16:29:43.208  1884 18012 E ConnectivityPacketTracker.wlan0: 	at android.net.util.PacketReader.access$100(PacketReader.java:70)
12-08 16:29:43.208  1884 18012 E ConnectivityPacketTracker.wlan0: 	at android.net.util.PacketReader$1.onFileDescriptorEvents(PacketReader.java:189)
12-08 16:29:43.208  1884 18012 E ConnectivityPacketTracker.wlan0: 	at android.os.MessageQueue.dispatchEvents(MessageQueue.java:285)
12-08 16:29:43.208  1884 18012 E ConnectivityPacketTracker.wlan0: 	at android.os.MessageQueue.nativePollOnce(Native Method)
12-08 16:29:43.208  1884 18012 E ConnectivityPacketTracker.wlan0: 	at android.os.MessageQueue.next(MessageQueue.java:326)
12-08 16:29:43.208  1884 18012 E ConnectivityPacketTracker.wlan0: 	at android.os.Looper.loop(Looper.java:160)
12-08 16:29:43.208  1884 18012 E ConnectivityPacketTracker.wlan0: 	at android.os.HandlerThread.run(HandlerThread.java:65)
12-08 16:29:43.350  1827  1827 E netmgr  : Failed to open QEMU pipe 'qemud:network': Invalid argument
12-08 16:29:43.351  1827  1827 E netmgr  : Poller found past due deadline, setting to zero
12-08 16:29:43.351  1827  1827 E netmgr  : WifiForwarder unable to open QEMU pipe: Invalid argument
12-08 16:29:43.496  1628  1628 E android.hardware.wifi@1.0-service: Failed to open directory: Permission denied
12-08 16:29:43.497  1628  1628 E android.hardware.wifi@1.0-service: Error occurred while deleting old tombstone files
12-08 16:29:43.497  1628  1628 E android.hardware.wifi@1.0-service: Error writing files to flash
12-08 16:29:43.709  1884  1967 E SupplicantStaIfaceHal: Can't call setPowerSave, ISupplicantStaIface is null
12-08 16:29:43.709  1884  1967 E SupplicantStaIfaceHal: Can't call setBtCoexistenceMode, ISupplicantStaIface is null
12-08 16:29:43.771  1884  1967 E HalDevMgr: Should have at least 1 chip!
12-08 16:29:43.771  1884  1967 E HalDevMgr: dispatchAvailableForRequestListeners: no chip info found
12-08 16:29:43.791  1884  1967 E SupplicantStaIfaceHal: Can't call listNetworks, ISupplicantStaIface is null
12-08 16:29:43.792  1884  1967 E SupplicantStaIfaceHal: removeAllNetworks failed, got null networks
12-08 16:29:43.792  1884  1967 E WifiStateMachine: Failed to remove networks on exiting connect mode
12-08 16:29:43.793  1884  1969 E WifiP2pService: Unhandled message { when=-1ms what=131204 target=com.android.internal.util.StateMachine$SmHandler }
12-08 16:29:43.964  1884  1902 E BatteryExternalStatsWorker: no controller energy info supplied for wifi
12-08 16:29:43.995  1884  1968 E WificondControl: No valid wificond scanner interface handler
12-08 16:29:44.177  2439 18653 E WakeLock: GCM_HB_ALARM release without a matched acquire!
12-08 16:29:44.238  2439 18653 E WakeLock: GCM_CONN_ALARM release without a matched acquire!
12-08 16:29:44.853  1628  1628 E android.hardware.wifi@1.0-service: Failed to register radio mode change callback
12-08 16:29:44.855  1628  1628 E android.hardware.wifi@1.0-service: Failed to set DFS flag; DFS channels may be unavailable.
12-08 16:29:44.938  1740  1740 E wificond: No Offload Service available
12-08 16:29:44.939  1884  1967 E SupplicantStaIfaceHal: Can't call setupIface, ISupplicantStaIface is null
12-08 16:29:45.013  1884  1968 E WifiVendorHal: getBgScanCapabilities(l.671) failed {.code = ERROR_NOT_SUPPORTED, .description = }
12-08 16:29:45.066  1884  1969 E WifiP2pService: Unhandled message { when=0 what=131203 target=com.android.internal.util.StateMachine$SmHandler }
12-08 16:29:45.152  1884  1969 E WifiP2pService: Unhandled message { when=0 what=131203 target=com.android.internal.util.StateMachine$SmHandler }
12-08 16:29:45.223  1884  1902 E BatteryExternalStatsWorker: no controller energy info supplied for wifi
12-08 16:29:45.285  1884  1902 E BatteryExternalStatsWorker: no controller energy info supplied for wifi
12-08 16:29:49.155  1884  1902 E BatteryExternalStatsWorker: no controller energy info supplied for wifi
12-08 16:29:49.252  1884  1967 E WifiVendorHal: stopRssiMonitoring(l.2404) failed {.code = ERROR_NOT_AVAILABLE, .description = }
12-08 16:29:49.558  2439 18680 E WakeLock: GCM_HB_ALARM release without a matched acquire!
12-08 16:29:49.836  2439 18684 E WakeLock: GCM_CONN_ALARM release without a matched acquire!
12-08 16:29:49.993  1739  1753 E storaged: getDiskStats failed with result NOT_SUPPORTED and size 0
12-08 16:29:50.039  1737  1805 E Netd    : Error adding route ::/0 -> fe80::ff:fe00:100 wlan0 to table 1003: File exists
12-08 16:29:50.413  2439 18685 E WakeLock: GCM_CONN_ALARM release without a matched acquire!
12-08 16:30:01.706  1993  1993 E native  : suggestion-transformer.cc:118 suggestion picked candidate not found for id: 3
12-08 16:30:03.263  1884  1897 E memtrack: Couldn't load memtrack module
