--------- beginning of main
12-08 16:17:29.084  1881  4164 E memtrack: Couldn't load memtrack module
12-08 16:17:29.263  1881  4164 E memtrack: Couldn't load memtrack module
--------- beginning of system
12-08 16:17:31.795  1881  4164 E memtrack: Couldn't load memtrack module
12-08 16:17:31.947  1881  4164 E memtrack: Couldn't load memtrack module
12-08 16:17:36.891  1828  1828 E netmgr  : Failed to open QEMU pipe 'qemud:network': Invalid argument
12-08 16:17:36.922  1828  1828 E netmgr  : WifiForwarder unable to open QEMU pipe: Invalid argument
12-08 16:17:36.964  1881  4164 E memtrack: Couldn't load memtrack module
12-08 16:17:42.295  1881  4164 E memtrack: Couldn't load memtrack module
12-08 16:17:47.404  1738  1772 E storaged: getDiskStats failed with result NOT_SUPPORTED and size 0
12-08 16:17:47.442  1881  4164 E memtrack: Couldn't load memtrack module
12-08 16:17:47.562  1881  4164 E memtrack: Couldn't load memtrack module
12-08 16:17:47.672  1881  4164 E memtrack: Couldn't load memtrack module
12-08 16:17:49.995  1881  4164 E memtrack: Couldn't load memtrack module
12-08 16:17:50.069  1881  4164 E memtrack: Couldn't load memtrack module
12-08 16:17:50.163  2448 16877 E ctxmgr  : [ProducerStatusImpl]updateStateForNewContextData: inactive, contextName=7
12-08 16:17:50.178  1881  4164 E memtrack: Couldn't load memtrack module
12-08 16:17:50.270  1881  4164 E memtrack: Couldn't load memtrack module
12-08 16:17:50.291  2448  2448 E BeaconBle: Missing BluetoothAdapter
12-08 16:17:52.677  2448  2448 E BeaconBle: Scan couldn't start for Places
12-08 16:17:52.689  1881  4164 E memtrack: Couldn't load memtrack module
12-08 16:17:52.860  1881  4164 E memtrack: Couldn't load memtrack module
12-08 16:17:52.898  1881  4164 E memtrack: Couldn't load memtrack module
12-08 16:17:52.900  1881  4164 E memtrack: Couldn't load memtrack module
12-08 16:17:52.902  1881  4164 E memtrack: Couldn't load memtrack module
12-08 16:17:52.903  1881  4164 E memtrack: Couldn't load memtrack module
12-08 16:17:52.913  1881  4164 E memtrack: Couldn't load memtrack module
12-08 16:17:52.918  1881  4164 E memtrack: Couldn't load memtrack module
12-08 16:17:52.919  1881  1894 E AutofillSession: Error notifying client to finish session
12-08 16:17:52.919  1881  1894 E AutofillSession: android.os.DeadObjectException
12-08 16:17:52.919  1881  1894 E AutofillSession: 	at android.os.BinderProxy.transactNative(Native Method)
12-08 16:17:52.919  1881  1894 E AutofillSession: 	at android.os.BinderProxy.transact(Binder.java:1127)
12-08 16:17:52.919  1881  1894 E AutofillSession: 	at android.view.autofill.IAutoFillManagerClient$Stub$Proxy.setSessionFinished(IAutoFillManagerClient.java:512)
12-08 16:17:52.919  1881  1894 E AutofillSession: 	at com.android.server.autofill.Session.forceRemoveSelfLocked(Session.java:2751)
12-08 16:17:52.919  1881  1894 E AutofillSession: 	at com.android.server.autofill.Session.forceRemoveSelfLocked(Session.java:2738)
12-08 16:17:52.919  1881  1894 E AutofillSession: 	at com.android.server.autofill.AutofillManagerServiceImpl.destroySessionsLocked(AutofillManagerServiceImpl.java:1042)
12-08 16:17:52.919  1881  1894 E AutofillSession: 	at com.android.server.autofill.AutofillManagerService.updateCachedServiceLocked(AutofillManagerService.java:579)
12-08 16:17:52.919  1881  1894 E AutofillSession: 	at com.android.server.autofill.AutofillManagerService.updateCachedServiceLocked(AutofillManagerService.java:569)
12-08 16:17:52.919  1881  1894 E AutofillSession: 	at com.android.server.autofill.AutofillManagerService.access$400(AutofillManagerService.java:100)
12-08 16:17:52.919  1881  1894 E AutofillSession: 	at com.android.server.autofill.AutofillManagerService$2.onSomePackagesChanged(AutofillManagerService.java:215)
12-08 16:17:52.919  1881  1894 E AutofillSession: 	at com.android.internal.content.PackageMonitor.onReceive(PackageMonitor.java:451)
12-08 16:17:52.919  1881  1894 E AutofillSession: 	at android.app.LoadedApk$ReceiverDispatcher$Args.lambda$getRunnable$0(LoadedApk.java:1391)
12-08 16:17:52.919  1881  1894 E AutofillSession: 	at android.app.-$$Lambda$LoadedApk$ReceiverDispatcher$Args$_BumDX2UKsnxLVrE6UJsJZkotuA.run(Unknown Source:2)
12-08 16:17:52.919  1881  1894 E AutofillSession: 	at android.os.Handler.handleCallback(Handler.java:873)
12-08 16:17:52.919  1881  1894 E AutofillSession: 	at android.os.Handler.dispatchMessage(Handler.java:99)
12-08 16:17:52.919  1881  1894 E AutofillSession: 	at android.os.Looper.loop(Looper.java:193)
12-08 16:17:52.919  1881  1894 E AutofillSession: 	at android.os.HandlerThread.run(HandlerThread.java:65)
12-08 16:17:52.926  1881  4164 E memtrack: Couldn't load memtrack module
12-08 16:17:52.931  1881  4164 E memtrack: Couldn't load memtrack module
12-08 16:17:52.939  1881  4164 E memtrack: Couldn't load memtrack module
12-08 16:17:52.950  1881  4164 E memtrack: Couldn't load memtrack module
12-08 16:17:52.956  1881  4164 E memtrack: Couldn't load memtrack module
12-08 16:17:52.962  1881  4164 E memtrack: Couldn't load memtrack module
12-08 16:18:00.300  1881  4164 E memtrack: Couldn't load memtrack module
12-08 16:18:00.318  1881  4164 E memtrack: Couldn't load memtrack module
12-08 16:18:00.324  1881  4164 E memtrack: Couldn't load memtrack module
12-08 16:18:00.348  1881  4164 E memtrack: Couldn't load memtrack module
12-08 16:18:00.359  1881  4164 E memtrack: Couldn't load memtrack module
12-08 16:18:00.366  1881  4164 E memtrack: Couldn't load memtrack module
12-08 16:18:00.378  1881  4164 E memtrack: Couldn't load memtrack module
12-08 16:18:00.427  1881  4164 E memtrack: Couldn't load memtrack module
12-08 16:18:00.450  1881  4164 E memtrack: Couldn't load memtrack module
12-08 16:18:00.462  1881  4164 E memtrack: Couldn't load memtrack module
12-08 16:18:00.479  1881  4164 E memtrack: Couldn't load memtrack module
12-08 16:18:00.498  1881  4164 E memtrack: Couldn't load memtrack module
12-08 16:18:00.507  1881  4164 E memtrack: Couldn't load memtrack module
12-08 16:18:00.513  1881  4164 E memtrack: Couldn't load memtrack module
12-08 16:18:00.520  1881  4164 E memtrack: Couldn't load memtrack module
12-08 16:18:00.552  1881  4164 E memtrack: Couldn't load memtrack module
12-08 16:18:00.558  1881  4164 E memtrack: Couldn't load memtrack module
12-08 16:18:03.063  1881  4164 E memtrack: Couldn't load memtrack module
12-08 16:18:03.070  1881  4164 E memtrack: Couldn't load memtrack module
12-08 16:18:03.109  1881  4164 E memtrack: Couldn't load memtrack module
12-08 16:18:03.123  1881  4164 E memtrack: Couldn't load memtrack module
12-08 16:18:03.139  1881  4164 E memtrack: Couldn't load memtrack module
12-08 16:18:03.189  1881  4164 E memtrack: Couldn't load memtrack module
12-08 16:18:03.289  1881  4164 E memtrack: Couldn't load memtrack module
12-08 16:18:03.321  1881  4164 E memtrack: Couldn't load memtrack module
12-08 16:18:03.340  1881  4164 E memtrack: Couldn't load memtrack module
12-08 16:18:03.353  1881  4164 E memtrack: Couldn't load memtrack module
12-08 16:18:03.371  1881  4164 E memtrack: Couldn't load memtrack module
12-08 16:18:05.580  1881  4164 E memtrack: Couldn't load memtrack module
12-08 16:18:05.610  1881  4164 E memtrack: Couldn't load memtrack module
12-08 16:18:05.648  1881  4164 E memtrack: Couldn't load memtrack module
12-08 16:18:05.673  1881  4164 E memtrack: Couldn't load memtrack module
12-08 16:18:05.699  1881  4164 E memtrack: Couldn't load memtrack module
12-08 16:18:05.712  1881  4164 E memtrack: Couldn't load memtrack module
12-08 16:18:05.724  1881  4164 E memtrack: Couldn't load memtrack module
12-08 16:18:05.736  1881  4164 E memtrack: Couldn't load memtrack module
12-08 16:18:05.746  1881  4164 E memtrack: Couldn't load memtrack module
12-08 16:18:05.772  1881  4164 E memtrack: Couldn't load memtrack module
12-08 16:18:05.780  1881  4164 E memtrack: Couldn't load memtrack module
12-08 16:18:05.789  1881  4164 E memtrack: Couldn't load memtrack module
12-08 16:18:05.792  1881  4164 E memtrack: Couldn't load memtrack module
12-08 16:18:05.798  1881  4164 E memtrack: Couldn't load memtrack module
12-08 16:18:05.815  1881  4164 E memtrack: Couldn't load memtrack module
12-08 16:18:05.819  1881  4164 E memtrack: Couldn't load memtrack module
12-08 16:18:05.823  1881  4164 E memtrack: Couldn't load memtrack module
12-08 16:18:05.828  1881  4164 E memtrack: Couldn't load memtrack module
12-08 16:18:05.833  1881  4164 E memtrack: Couldn't load memtrack module
12-08 16:18:05.838  1881  4164 E memtrack: Couldn't load memtrack module
12-08 16:18:05.843  1881  4164 E memtrack: Couldn't load memtrack module
12-08 16:18:05.849  1881  4164 E memtrack: Couldn't load memtrack module
12-08 16:18:05.855  1881  4164 E memtrack: Couldn't load memtrack module
12-08 16:18:13.415  1881  4164 E memtrack: Couldn't load memtrack module
12-08 16:18:13.441  1881  4164 E memtrack: Couldn't load memtrack module
12-08 16:18:13.445  1881  4164 E memtrack: Couldn't load memtrack module
12-08 16:18:13.450  1881  4164 E memtrack: Couldn't load memtrack module
12-08 16:18:13.475  1881  4164 E memtrack: Couldn't load memtrack module
12-08 16:18:13.484  1881  4164 E memtrack: Couldn't load memtrack module
12-08 16:18:24.048  1730  1944 E         : Couldn't opendir /data/app/vmdl7360482.tmp: No such file or directory
12-08 16:18:24.048  1730  1944 E installd: Failed to delete /data/app/vmdl7360482.tmp: No such file or directory
12-08 16:18:28.955  2494  2716 E PlayCommon: [101] com.google.android.play.b.g.a(448): Failed to connect to server: java.net.UnknownHostException: Unable to resolve host "play.googleapis.com": No address associated with hostname
12-08 16:18:39.144  1828  1828 E netmgr  : Failed to open QEMU pipe 'qemud:network': Invalid argument
12-08 16:18:39.147  1828  1828 E netmgr  : WifiForwarder unable to open QEMU pipe: Invalid argument
12-08 16:18:39.237  2475 17442 E ChromeSync: [Sync,SyncIntentOperation] Error handling the intent: Intent { act=android.intent.action.PACKAGE_ADDED dat=package:com.evancharlton.mileage flg=0x4000010 cmp=com.google.android.gms/.chimera.GmsIntentOperationService (has extras) }.
12-08 16:18:51.918  1738  1772 E storaged: getDiskStats failed with result NOT_SUPPORTED and size 0
12-08 16:18:52.151 17457 17457 E harlton.mileag: Not starting debugger since process cannot load the jdwp agent.
12-08 16:19:02.670  1881  1894 E memtrack: Couldn't load memtrack module
12-08 16:19:21.006  1881  1895 E system_server: libdebuggerd_client: failed to read response from tombstoned: timeout reached?
12-08 16:19:23.556  1881  1895 E system_server: libdebuggerd_client: timeout expired
12-08 16:19:26.217  1881  1894 E memtrack: Couldn't load memtrack module
12-08 16:19:26.428  1744  1744 E /system/bin/tombstoned: Traces for pid 1881 written to: /data/anr/trace_18
12-08 16:19:31.512  1881  1895 E system_server: libdebuggerd_client: received packet of unexpected length from tombstoned: expected 128, received -1
12-08 16:19:33.768  1881  1895 E system_server: libdebuggerd_client: timeout expired
12-08 16:19:33.768  1881  1895 E ActivityManager: Aborting stack trace dump (current firstPid=1992); deadline exceeded.
12-08 16:19:33.812  1881  1895 E ActivityManager: ANR in com.evancharlton.mileage (com.evancharlton.mileage/.Mileage)
12-08 16:19:33.812  1881  1895 E ActivityManager: PID: 17457
12-08 16:19:33.812  1881  1895 E ActivityManager: Reason: Input dispatching timed out (Waiting because no window has focus but there is a focused application that may eventually add a window when it finishes starting up.)
12-08 16:19:33.812  1881  1895 E ActivityManager: Load: 4.94 / 5.15 / 4.54
12-08 16:19:33.812  1881  1895 E ActivityManager: CPU usage from 0ms to 31117ms later (2018-12-08 16:19:02.660 to 2018-12-08 16:19:33.777):
12-08 16:19:33.812  1881  1895 E ActivityManager:   58% 1881/system_server: 27% user + 30% kernel / faults: 11252 minor 317 major
12-08 16:19:33.812  1881  1895 E ActivityManager:   50% 645/kswapd0: 0% user + 50% kernel
12-08 16:19:33.812  1881  1895 E ActivityManager:   40% 2692/com.google.android.googlequicksearchbox:search: 21% user + 19% kernel / faults: 13388 minor 241 major
12-08 16:19:33.812  1881  1895 E ActivityManager:   17% 17457/com.evancharlton.mileage: 8.2% user + 9.2% kernel / faults: 9092 minor 127 major
12-08 16:19:33.812  1881  1895 E ActivityManager:   15% 5536/kworker/u9:1: 0% user + 15% kernel
12-08 16:19:33.812  1881  1895 E ActivityManager:   15% 1704/kworker/u9:4: 0% user + 15% kernel
12-08 16:19:33.812  1881  1895 E ActivityManager:   15% 1992/com.google.android.inputmethod.latin: 6.4% user + 9% kernel / faults: 3471 minor 259 major
12-08 16:19:33.812  1881  1895 E ActivityManager:   8.7% 1725/surfaceflinger: 3.6% user + 5% kernel / faults: 8 minor
12-08 16:19:33.812  1881  1895 E ActivityManager:   0.5% 2314/adbd: 0% user + 0.5% kernel / faults: 26214 minor
12-08 16:19:33.812  1881  1895 E ActivityManager:   0.5% 2448/com.google.android.gms.persistent: 0.5% user + 0% kernel / faults: 299 minor 43 major
12-08 16:19:33.812  1881  1895 E ActivityManager:   0.5% 5249/kworker/u9:2: 0% user + 0.5% kernel
12-08 16:19:33.812  1881  1895 E ActivityManager:   0.5% 2508/kworker/u9:3: 0% user + 0.5% kernel
12-08 16:19:33.812  1881  1895 E ActivityManager:   0.3% 16852/kworker/u8:1: 0% user + 0.3% kernel
12-08 16:19:33.812  1881  1895 E ActivityManager:   0.2% 2004/com.android.systemui: 0% user + 0.2% kernel / faults: 72 minor 14 major
12-08 16:19:33.812  1881  1895 E ActivityManager:   0.2% 15677/kworker/u8:2: 0% user + 0.2% kernel
12-08 16:19:33.812  1881  1895 E ActivityManager:   0.2% 1747/android.hardware.graphics.composer@2.1-service: 0% user + 0.1% kernel / faults: 9 minor
12-08 16:19:33.812  1881  1895 E ActivityManager:   0.2% 9451/kworker/u9:0: 0% user + 0.2% kernel
12-08 16:19:33.812  1881  1895 E ActivityManager:   0.2% 16529/kworker/u8:3: 0% user + 0.2% kernel
12-08 16:19:33.812  1881  1895 E ActivityManager:   0.1% 1553/logd: 0% user + 0.1% kernel
12-08 16:19:33.812  1881  1895 E ActivityManager:   0.1% 1625/android.hardware.sensors@1.0-service: 0% user + 0.1% kernel
12-08 16:19:33.812  1881  1895 E ActivityManager:   0.1% 15251/kworker/u8:0: 0% user + 0.1% kernel
12-08 16:19:33.812  1881  1895 E ActivityManager:   0% 17430/com.android.commands.monkey: 0% user + 0% kernel / faults: 33 minor 19 major
12-08 16:19:33.812  1881  1895 E ActivityManager:   0% 1620/android.hardware.gnss@1.0-service: 0% user + 0% kernel
12-08 16:19:33.812  1881  1895 E ActivityManager:   0% 13274/com.android.phone: 0% user + 0% kernel / faults: 15 minor 7 major
12-08 16:19:33.812  1881  1895 E ActivityManager:   0% 29746/com.google.android.apps.nexuslauncher: 0% user + 0% kernel / faults: 38 minor 25 major
12-08 16:19:33.812  1881  1895 E ActivityManager:   0% 1//init: 0% user + 0% kernel / faults: 8 minor 10 major
12-08 16:19:33.812  1881  1895 E ActivityManager:   0% 3/ksoftirqd/0: 0% user + 0% kernel
12-08 16:19:33.812  1881  1895 E ActivityManager:   0% 7/rcu_preempt: 0% user + 0% kernel
12-08 16:19:33.812  1881  1895 E ActivityManager:   0% 1609/healthd: 0% user + 0% kernel / faults: 1 minor 1 major
12-08 16:19:33.812  1881  1895 E ActivityManager:   0% 1621/android.hardware.graphics.allocator@2.0-service: 0% user + 0% kernel / faults: 7 minor
12-08 16:19:33.812  1881  1895 E ActivityManager:   0% 1718/jbd2/dm-1-8: 0% user + 0% kernel
12-08 16:19:33.812  1881  1895 E ActivityManager:   0% 1737/statsd: 0% user + 0% kernel
12-08 16:19:33.812  1881  1895 E ActivityManager:   0% 1741/rild: 0% user + 0% kernel
12-08 16:19:33.812  1881  1895 E ActivityManager:   0% 1744/tombstoned: 0% user + 0% kernel / faults: 3 minor 1 major
12-08 16:19:33.812  1881  1895 E ActivityManager:   0% 2330/logcat: 0% user + 0% kernel
12-08 16:19:33.812  1881  1895 E ActivityManager:   0% 2475/com.google.android.gms: 0% user + 0% kernel / faults: 6 minor 9 major
12-08 16:19:33.812  1881  1895 E ActivityManager:   0% 2494/com.android.vending: 0% user + 0% kernel / faults: 35 minor 3 major
12-08 16:19:33.812  1881  1895 E ActivityManager:   0% 12657/kworker/2:2: 0% user + 0% kernel
12-08 16:19:33.812  1881  1895 E ActivityManager:   0% 16913/kworker/0:1: 0% user + 0% kernel
12-08 16:19:33.812  1881  1895 E ActivityManager:  +0% 17487/crash_dump32: 0% user + 0% kernel
12-08 16:19:33.812  1881  1895 E ActivityManager:  +0% 17489/putmethod.latin: 0% user + 0% kernel
12-08 16:19:33.812  1881  1895 E ActivityManager: 26% TOTAL: 5.1% user + 10% kernel + 10% iowait + 0.3% softirq
12-08 16:19:33.812  1881  1895 E ActivityManager: CPU usage from 53ms to 5575ms later (2018-12-08 16:19:02.713 to 2018-12-08 16:19:08.235):
12-08 16:19:33.812  1881  1895 E ActivityManager:   68% 1881/system_server: 37% user + 30% kernel / faults: 424 minor 39 major
12-08 16:19:33.812  1881  1895 E ActivityManager:     65% 1895/ActivityManager: 37% user + 28% kernel
12-08 16:19:33.812  1881  1895 E ActivityManager:     0.3% 1894/android.bg: 0.3% user + 0% kernel
12-08 16:19:33.812  1881  1895 E ActivityManager:     0.2% 1896/android.ui: 0.2% user + 0% kernel
12-08 16:19:33.812  1881  1895 E ActivityManager:     0.2% 1934/android.anim: 0% user + 0.2% kernel
12-08 16:19:33.812  1881  1895 E ActivityManager:     0.2% 1953/InputDispatcher: 0.2% user + 0% kernel
12-08 16:19:33.812  1881  1895 E ActivityManager:     0.2% 2225/Binder:1881_7: 0% user + 0.2% kernel
12-08 16:19:33.812  1881  1895 E ActivityManager:     0.2% 3968/Binder:1881_10: 0.1% user + 0.1% kernel
12-08 16:19:33.812  1881  1895 E ActivityManager:     0.2% 4023/Binder:1881_11: 0% user + 0.2% kernel
12-08 16:19:33.812  1881  1895 E ActivityManager:     0.1% 1881/system_server: 0.1% user + 0% kernel
12-08 16:19:33.812  1881  1895 E ActivityManager:     0.1% 1901/android.fg: 0.1% user + 0% kernel
12-08 16:19:33.812  1881  1895 E ActivityManager:     0.1% 2405/Binder:1881_9: 0.1% user + 0% kernel
12-08 16:19:33.812  1881  1895 E ActivityManager:   65% 645/kswapd0: 0% user + 65% kernel
12-08 16:19:33.812  1881  1895 E ActivityManager:   29% 1704/kworker/u9:4: 0% user + 29% kernel
12-08 16:19:33.812  1881  1895 E ActivityManager:   1.7% 1725/surfaceflinger: 1.2% user + 0.5% kernel / faults: 2 minor
12-08 16:19:33.812  1881  1895 E ActivityManager:     1.1% 1725/surfaceflinger: 1% user + 0.1% kernel
12-08 16:19:33.812  1881  1895 E ActivityManager:     0.2% 1799/DispSync: 0% user + 0.2% kernel
12-08 16:19:33.812  1881  1895 E ActivityManager:     0.1% 1797/Binder:1725_1: 0.1% user + 0% kernel
12-08 16:19:33.812  1881  1895 E ActivityManager:     0.1% 1991/B
12-08 16:19:39.032  1992  2010 E libbacktrace: bool BacktraceCurrent::UnwindThread(size_t): Timed out waiting for signal handler to get ucontext data.
12-08 16:19:39.035  1992  1992 E libbacktrace: void SignalHandler(int, siginfo_t *, void *): Timed out waiting for unwind thread to indicate it completed.
12-08 16:19:39.084  1744  1744 E /system/bin/tombstoned: Traces for pid 1992 written to: /data/anr/trace_19
12-08 16:19:39.202  1828  1828 E netmgr  : Failed to open QEMU pipe 'qemud:network': Invalid argument
12-08 16:19:39.203  1828  1828 E netmgr  : WifiForwarder unable to open QEMU pipe: Invalid argument
12-08 16:19:49.505  1881  2405 E memtrack: Couldn't load memtrack module
12-08 16:19:49.598  1881  2405 E memtrack: Couldn't load memtrack module
12-08 16:19:49.662  1881  2405 E memtrack: Couldn't load memtrack module
12-08 16:19:54.443  1738  1772 E storaged: getDiskStats failed with result NOT_SUPPORTED and size 0
12-08 16:19:54.520  1881  2405 E memtrack: Couldn't load memtrack module
12-08 16:19:54.607  1881  2405 E memtrack: Couldn't load memtrack module
12-08 16:19:54.690  1881  2405 E memtrack: Couldn't load memtrack module
12-08 16:19:54.776  1881  2405 E memtrack: Couldn't load memtrack module
12-08 16:19:57.114  1881  2405 E memtrack: Couldn't load memtrack module
12-08 16:19:57.198  1881  2405 E memtrack: Couldn't load memtrack module
12-08 16:19:57.264  1881  2405 E memtrack: Couldn't load memtrack module
12-08 16:19:57.325  1881  2405 E memtrack: Couldn't load memtrack module
12-08 16:19:57.385  1881  2405 E memtrack: Couldn't load memtrack module
12-08 16:19:57.451  1881  2405 E memtrack: Couldn't load memtrack module
12-08 16:19:59.673  1881  2405 E memtrack: Couldn't load memtrack module
12-08 16:20:07.544  1881  2405 E memtrack: Couldn't load memtrack module
12-08 16:20:07.624  1881  2405 E memtrack: Couldn't load memtrack module
12-08 16:20:07.704  1881  2405 E memtrack: Couldn't load memtrack module
12-08 16:20:07.772  1881  2405 E memtrack: Couldn't load memtrack module
