--------- beginning of system
--------- beginning of main
12-07 19:55:52.886 12057 12057 E id.defcontaine: Not starting debugger since process cannot load the jdwp agent.
12-07 19:55:52.976 12072 12072 E oid.documentsu: Not starting debugger since process cannot load the jdwp agent.
12-07 19:55:53.026 12089 12089 E ndroid.keychai: Not starting debugger since process cannot load the jdwp agent.
12-07 19:55:57.639  2420 11920 E ctxmgr  : [ProducerStatusImpl]updateStateForNewContextData: inactive, contextName=7
12-07 19:55:59.799 12141 12141 E droid.apps.doc: Not starting debugger since process cannot load the jdwp agent.
12-07 19:55:59.954  2420  2420 E BeaconBle: Missing BluetoothAdapter
12-07 19:56:00.097  2420  2420 E BeaconBle: Scan couldn't start for Places
12-07 19:56:04.132 12165 12165 E d.process.medi: Not starting debugger since process cannot load the jdwp agent.
12-07 19:56:06.594 12141 12141 E DocsApplication: [main] No default account found during application creation.
12-07 19:56:10.499  1737  1809 E storaged: getDiskStats failed with result NOT_SUPPORTED and size 0
12-07 19:56:10.606  1729  2328 E         : Couldn't opendir /data/app/vmdl1862992011.tmp: No such file or directory
12-07 19:56:10.606  1729  2328 E installd: Failed to delete /data/app/vmdl1862992011.tmp: No such file or directory
12-07 19:56:10.842  2117  2117 E VvmPkgInstalledRcvr: cannot create TelephonyManager from ComponentInfo{com.android.phone/com.android.services.telephony.TelephonyConnectionService}, ***, UserHandle{0}
12-07 19:56:17.203 12236 12236 E harlton.mileag: Not starting debugger since process cannot load the jdwp agent.
12-07 19:56:23.787  1829  1829 E netmgr  : Failed to open QEMU pipe 'qemud:network': Invalid argument
12-07 19:56:23.787  1829  1829 E netmgr  : WifiForwarder unable to open QEMU pipe: Invalid argument
12-07 19:56:46.090 12264 12264 E webview_servic: Not starting debugger since process cannot load the jdwp agent.
12-07 19:57:01.833  1883  3974 E InputMethodManagerService: Ignoring com.android.server.InputMethodManagerService.updateStatusIcon:2188 due to an invalid token. uid:10060 token:android.os.Binder@682364c
12-07 19:57:01.965  1990  1990 E EmojiSearchExtension: com.google.android.apps.inputmethod.libs.search.emoji.EmojiSearchExtension: Cannot deactivate emoji search JNI; null locale
12-07 19:57:08.461  2420 11920 E ctxmgr  : [ProducerStatusImpl]updateStateForNewContextData: inactive, contextName=7
12-07 19:57:08.630  2420 11920 E ctxmgr  : [ProducerStatusImpl]updateStateForNewContextData: inactive, contextName=1
12-07 19:57:08.630  2420 11920 E ctxmgr  : [ProducerStatusImpl]updateStateForNewContextData: inactive, contextName=1
12-07 19:57:10.726  1737  1809 E storaged: getDiskStats failed with result NOT_SUPPORTED and size 0
12-07 19:57:10.889  2420  2420 E BeaconBle: Missing BluetoothAdapter
12-07 19:57:10.923  2420  2420 E BeaconBle: Scan couldn't start for Places
12-07 19:57:19.921 12300 12300 E emui:screensho: Not starting debugger since process cannot load the jdwp agent.
12-07 19:57:21.954 12300 12300 E SoundPool: error loading /product/media/audio/ui/camera_click.ogg
12-07 19:57:24.009  1829  1829 E netmgr  : Failed to open QEMU pipe 'qemud:network': Invalid argument
12-07 19:57:24.009  1829  1829 E netmgr  : WifiForwarder unable to open QEMU pipe: Invalid argument
12-07 19:57:24.220  1739  2097 E OMXNodeInstance: getConfig(0xedf110c0:google.vorbis.decoder, ConfigAndroidVendorExtension(0x6f100004)) ERROR: Undefined(0x80001001)
12-07 19:57:35.605  1739  2097 E OMXNodeInstance: setConfig(0xedf110c0:google.vorbis.decoder, ConfigPriority(0x6f800002)) ERROR: Undefined(0x80001001)
12-07 19:57:35.607  1739  1739 E OMXNodeInstance: getConfig(0xedf110c0:google.vorbis.decoder, ConfigAndroidVendorExtension(0x6f100004)) ERROR: Undefined(0x80001001)
12-07 19:57:44.614 12356 12356 E oid.apps.photo: Not starting debugger since process cannot load the jdwp agent.
12-07 19:57:53.612  2391  4074 E s.nexuslaunche: Failed to open APK '/data/app/com.evancharlton.mileage-_5oqT4l-rKCo_CfjHuCUwg==/base.apk' I/O error
12-07 19:57:53.617  2391  4074 E ResourcesManager: failed to add asset path /data/app/com.evancharlton.mileage-_5oqT4l-rKCo_CfjHuCUwg==/base.apk
12-07 19:58:04.828  1613  1692 E audio_hw_generic: pcm_write failed cannot write stream data: I/O error
12-07 19:58:07.097  2420 11655 E ctxmgr  : [ProducerStatusImpl]updateStateForNewContextData: inactive, contextName=7
12-07 19:58:09.719  2420  2420 E BeaconBle: Missing BluetoothAdapter
12-07 19:58:09.844  2420  2420 E BeaconBle: Scan couldn't start for Places
12-07 19:58:11.516  1737  1809 E storaged: getDiskStats failed with result NOT_SUPPORTED and size 0
12-07 19:58:15.887  1613  1692 E audio_hw_generic: pcm_write failed cannot write stream data: I/O error
12-07 19:58:24.990  1829  1829 E netmgr  : Failed to open QEMU pipe 'qemud:network': Invalid argument
12-07 19:58:24.990  1829  1829 E netmgr  : WifiForwarder unable to open QEMU pipe: Invalid argument
12-07 19:58:25.005 11781 11781 E ContextIntentStarter: No activity found for any of the 0 intents
12-07 19:58:27.377  1613  1692 E audio_hw_generic: pcm_write failed cannot write stream data: I/O error
12-07 19:58:32.156 11781 11827 E MicroDetectionWorker: Stale runnable..ignoring
12-07 19:58:32.352  2420 11919 E ctxmgr  : [ProducerStatusImpl]updateStateForNewContextData: inactive, contextName=7
12-07 19:58:34.607  2420  2420 E BeaconBle: Missing BluetoothAdapter
12-07 19:58:36.655  2420  2420 E BeaconBle: Scan couldn't start for Places
12-07 19:58:36.693 11781 11857 E Search.IcingConnection: Could not connect to Icing. Error code 15.
12-07 19:58:38.656  1613  1692 E audio_hw_generic: pcm_write failed cannot write stream data: I/O error
12-07 19:58:41.349 12433 12433 E dboxed_process: Not starting debugger since process cannot load the jdwp agent.
12-07 19:58:45.503 11781 12455 E BluetoothAdapter: Bluetooth binder is null
12-07 19:58:47.618  1883  1896 E memtrack: Couldn't load memtrack module
12-07 19:58:52.169  1883  1897 E ActivityManager: ANR in com.google.android.googlequicksearchbox:search
12-07 19:58:52.169  1883  1897 E ActivityManager: PID: 11781
12-07 19:58:52.169  1883  1897 E ActivityManager: Reason: Input dispatching timed out (Waiting to send key event because the focused window has not finished processing all of the input events that were previously delivered to it.  Outbound queue length: 0.  Wait queue length: 4.)
12-07 19:58:52.169  1883  1897 E ActivityManager: Load: 0.0 / 0.0 / 0.0
12-07 19:58:52.169  1883  1897 E ActivityManager: CPU usage from 0ms to 6491ms later (2018-12-07 19:58:45.647 to 2018-12-07 19:58:52.138):
12-07 19:58:52.169  1883  1897 E ActivityManager:   89% 11781/com.google.android.googlequicksearchbox:search: 32% user + 56% kernel / faults: 3076 minor 302 major
12-07 19:58:52.169  1883  1897 E ActivityManager:   83% 645/kswapd0: 0% user + 83% kernel
12-07 19:58:52.169  1883  1897 E ActivityManager:   33% 1724/surfaceflinger: 14% user + 18% kernel / faults: 7 minor
12-07 19:58:52.169  1883  1897 E ActivityManager:   32% 1883/system_server: 16% user + 16% kernel / faults: 379 minor 27 major
12-07 19:58:52.169  1883  1897 E ActivityManager:   30% 1702/kworker/u9:2: 0% user + 30% kernel
12-07 19:58:52.169  1883  1897 E ActivityManager:   30% 1704/kworker/u9:4: 0% user + 30% kernel
12-07 19:58:52.169  1883  1897 E ActivityManager:   27% 2391/com.google.android.apps.nexuslauncher: 17% user + 10% kernel / faults: 4176 minor 3 major
12-07 19:58:52.169  1883  1897 E ActivityManager:   6.5% 2528/com.google.android.gms: 2.9% user + 3.5% kernel / faults: 1030 minor 142 major
12-07 19:58:52.169  1883  1897 E ActivityManager:   4% 1990/com.google.android.inputmethod.latin: 2% user + 2% kernel / faults: 576 minor 135 major
12-07 19:58:52.169  1883  1897 E ActivityManager:   3% 2420/com.google.android.gms.persistent: 1.7% user + 1.3% kernel / faults: 181 minor 12 major
12-07 19:58:52.169  1883  1897 E ActivityManager:   2.9% 1696/kworker/u9:1: 0% user + 2.9% kernel
12-07 19:58:52.169  1883  1897 E ActivityManager:   1.8% 1672/kworker/u9:0: 0% user + 1.8% kernel
12-07 19:58:52.169  1883  1897 E ActivityManager:   1.3% 12433/com.android.chrome:sandboxed_process0: 0.1% user + 1.2% kernel / faults: 923 minor 92 major
12-07 19:58:52.169  1883  1897 E ActivityManager:   0.9% 1746/android.hardware.graphics.composer@2.1-service: 0% user + 0.9% kernel / faults: 1 minor 2 major
12-07 19:58:52.169  1883  1897 E ActivityManager:   0.9% 2305/adbd: 0% user + 0.9% kernel / faults: 15163 minor
12-07 19:58:52.169  1883  1897 E ActivityManager:   0.9% 4962/kworker/u8:1: 0% user + 0.9% kernel
12-07 19:58:52.169  1883  1897 E ActivityManager:   0.4% 2008/com.android.systemui: 0.4% user + 0% kernel / faults: 59 minor 2 major
12-07 19:58:52.169  1883  1897 E ActivityManager:   0.4% 12424/kworker/u8:2: 0% user + 0.4% kernel
12-07 19:58:52.169  1883  1897 E ActivityManager:   0.3% 1556/servicemanager: 0% user + 0.3% kernel
12-07 19:58:52.169  1883  1897 E ActivityManager:   0.3% 1622/android.hardware.gnss@1.0-service: 0% user + 0.3% kernel
12-07 19:58:52.169  1883  1897 E ActivityManager:   0.3% 1627/android.hardware.sensors@1.0-service: 0% user + 0.3% kernel
12-07 19:58:52.169  1883  1897 E ActivityManager:   0.3% 1734/mediaserver: 0.1% user + 0.1% kernel / faults: 1 minor
12-07 19:58:52.169  1883  1897 E ActivityManager:   0.3% 2117/com.android.phone: 0.1% user + 0.1% kernel / faults: 4 minor 1 major
12-07 19:58:52.169  1883  1897 E ActivityManager:   0.1% 7/rcu_preempt: 0% user + 0.1% kernel
12-07 19:58:52.169  1883  1897 E ActivityManager:   0.1% 1555/logd: 0% user + 0.1% kernel
12-07 19:58:52.169  1883  1897 E ActivityManager:   0.1% 1675/dmcrypt_write: 0% user + 0.1% kernel
12-07 19:58:52.169  1883  1897 E ActivityManager:   0.1% 1717/jbd2/dm-1-8: 0% user + 0.1% kernel
12-07 19:58:52.169  1883  1897 E ActivityManager:   0.1% 2324/logcat: 0.1% user + 0% kernel
12-07 19:58:52.169  1883  1897 E ActivityManager:   0.1% 6816/kworker/u9:3: 0% user + 0.1% kernel
12-07 19:58:52.169  1883  1897 E ActivityManager:   0.1% 11969/kworker/3:1: 0% user + 0.1% kernel
12-07 19:58:52.169  1883  1897 E ActivityManager:   0.1% 12214/com.android.commands.monkey: 0.1% user + 0% kernel / faults: 7 minor 1 major
12-07 19:58:52.169  1883  1897 E ActivityManager: 65% TOTAL: 18% user + 42% kernel + 3.9% iowait + 1.5% softirq
12-07 19:58:52.169  1883  1897 E ActivityManager: CPU usage from 14989880ms to 14989880ms ago (1970-01-01 00:00:00.000 to 1970-01-01 00:00:00.000) with 0% awake:
12-07 19:58:52.169  1883  1897 E ActivityManager: 0% TOTAL: 0% user + 0% kernel
12-07 19:59:00.710  1883  1896 E memtrack: Couldn't load memtrack module
12-07 19:59:01.125  1883  3983 E memtrack: Couldn't load memtrack module
12-07 19:59:03.135  1883  3983 E memtrack: Couldn't load memtrack module
12-07 19:59:03.249  1883  3983 E memtrack: Couldn't load memtrack module
12-07 19:59:03.340  1883  3983 E memtrack: Couldn't load memtrack module
12-07 19:59:03.418  1883  3983 E memtrack: Couldn't load memtrack module
12-07 19:59:05.118  1883  3983 E memtrack: Couldn't load memtrack module
12-07 19:59:05.209  1883  3983 E memtrack: Couldn't load memtrack module
12-07 19:59:05.284  1883  3983 E memtrack: Couldn't load memtrack module
12-07 19:59:05.349  1883  3983 E memtrack: Couldn't load memtrack module
12-07 19:59:05.417  1883  3983 E memtrack: Couldn't load memtrack module
12-07 19:59:05.479  1883  3983 E memtrack: Couldn't load memtrack module
12-07 19:59:07.332  1883  1896 E memtrack: Couldn't load memtrack module
12-07 19:59:07.406  1883  3983 E memtrack: Couldn't load memtrack module
12-07 19:59:07.473  1883  3983 E memtrack: Couldn't load memtrack module
12-07 19:59:07.538  1883  3983 E memtrack: Couldn't load memtrack module
12-07 19:59:07.612  1883  3983 E memtrack: Couldn't load memtrack module
12-07 19:59:07.688  1883  3983 E memtrack: Couldn't load memtrack module
12-07 19:59:07.759  1883  3983 E memtrack: Couldn't load memtrack module
12-07 19:59:09.343  1883  1896 E memtrack: Couldn't load memtrack module
12-07 19:59:09.416  1883  3983 E memtrack: Couldn't load memtrack module
12-07 19:59:09.496  1883  3983 E memtrack: Couldn't load memtrack module
12-07 19:59:09.568  1883  3983 E memtrack: Couldn't load memtrack module
12-07 19:59:09.637  1883  3983 E memtrack: Couldn't load memtrack module
12-07 19:59:09.703  1883  3983 E memtrack: Couldn't load memtrack module
12-07 19:59:09.767  1883  3983 E memtrack: Couldn't load memtrack module
12-07 19:59:11.624  1737  1809 E storaged: getDiskStats failed with result NOT_SUPPORTED and size 0
12-07 19:59:11.672  1883  3983 E memtrack: Couldn't load memtrack module
12-07 19:59:11.767  1883  3983 E memtrack: Couldn't load memtrack module
12-07 19:59:11.853  1883  3983 E memtrack: Couldn't load memtrack module
12-07 19:59:11.955  1883  3983 E memtrack: Couldn't load memtrack module
12-07 19:59:13.645  1883  3983 E memtrack: Couldn't load memtrack module
12-07 19:59:13.709  1883  3983 E memtrack: Couldn't load memtrack module
12-07 19:59:13.710  1883  3983 E memtrack: Couldn't load memtrack module
12-07 19:59:13.711  1883  3983 E memtrack: Couldn't load memtrack module
12-07 19:59:13.712  1883  3983 E memtrack: Couldn't load memtrack module
12-07 19:59:13.718  1883  3983 E memtrack: Couldn't load memtrack module
12-07 19:59:13.724  1883  3983 E memtrack: Couldn't load memtrack module
12-07 19:59:13.731  1883  3983 E memtrack: Couldn't load memtrack module
12-07 19:59:13.738  1883  3983 E memtrack: Couldn't load memtrack module
12-07 19:59:13.747  1883  3983 E memtrack: Couldn't load memtrack module
12-07 19:59:13.764  1883  3983 E memtrack: Couldn't load memtrack module
12-07 19:59:13.770  1883  3983 E memtrack: Couldn't load memtrack module
12-07 19:59:13.776  1883  3983 E memtrack: Couldn't load memtrack module
12-07 19:59:13.787  1883  3983 E memtrack: Couldn't load memtrack module
