--------- beginning of system
12-08 09:48:12.763  1738  1772 E storaged: getDiskStats failed with result NOT_SUPPORTED and size 0
12-08 09:48:35.317  1881  1896 E AutofillSession: No assist structure - app might have crashed providing it
12-08 09:49:13.255  1738  1772 E storaged: getDiskStats failed with result NOT_SUPPORTED and size 0
--------- beginning of main
12-08 09:49:28.565  1992  1992 E native  : suggestion-transformer.cc:118 suggestion picked candidate not found for id: 2
12-08 09:49:28.572  1992  1992 E native  : suggestion-transformer.cc:118 suggestion picked candidate not found for id: 2
12-08 09:49:59.056  1828  1828 E netmgr  : Failed to open QEMU pipe 'qemud:network': Invalid argument
12-08 09:49:59.058  1828  1828 E netmgr  : WifiForwarder unable to open QEMU pipe: Invalid argument
12-08 09:50:12.014  1881  1896 E AutofillSession: No assist structure - app might have crashed providing it
12-08 09:50:14.283  1738  1772 E storaged: getDiskStats failed with result NOT_SUPPORTED and size 0
12-08 09:50:25.074  1740  1771 E OMXNodeInstance: setConfig(0xf4fa6c00:google.vorbis.decoder, ConfigPriority(0x6f800002)) ERROR: Undefined(0x80001001)
12-08 09:50:25.077  1740  1771 E OMXNodeInstance: getConfig(0xf4fa6c00:google.vorbis.decoder, ConfigAndroidVendorExtension(0x6f100004)) ERROR: Undefined(0x80001001)
12-08 09:50:37.841  1611  1695 E audio_hw_generic: pcm_write failed cannot write stream data: I/O error
12-08 09:50:48.103  1611  1695 E audio_hw_generic: pcm_write failed cannot write stream data: I/O error
12-08 09:51:01.107  1828  1828 E netmgr  : Failed to open QEMU pipe 'qemud:network': Invalid argument
12-08 09:51:01.109  1828  1828 E netmgr  : WifiForwarder unable to open QEMU pipe: Invalid argument
12-08 09:51:01.118  1611  1695 E audio_hw_generic: pcm_write failed cannot write stream data: I/O error
12-08 09:51:01.455  2448 11683 E ctxmgr  : [ProducerStatusImpl]updateStateForNewContextData: inactive, contextName=7
12-08 09:51:03.962  2448 11683 E ctxmgr  : [ProducerStatusImpl]updateStateForNewContextData: inactive, contextName=1
12-08 09:51:03.964  2448 11683 E ctxmgr  : [ProducerStatusImpl]updateStateForNewContextData: inactive, contextName=1
12-08 09:51:04.170  2448  2448 E BeaconBle: Missing BluetoothAdapter
12-08 09:51:06.370  2448  2448 E BeaconBle: Scan couldn't start for Places
12-08 09:51:06.396  2692 12358 E GmsContextObserver: Received context data while not listening
12-08 09:51:11.383  1611  1695 E audio_hw_generic: pcm_write failed cannot write stream data: I/O error
12-08 09:51:14.286  1738  1772 E storaged: getDiskStats failed with result NOT_SUPPORTED and size 0
12-08 09:51:16.676 12491 12491 E WindowManager: 
12-08 09:51:16.676 12491 12491 E WindowManager: android.view.WindowLeaked: Activity com.evancharlton.mileage.FieldActivity has leaked window DecorView@f3cdaaa[FieldActivity] that was originally added here
12-08 09:51:16.676 12491 12491 E WindowManager: 	at android.view.ViewRootImpl.<init>(ViewRootImpl.java:511)
12-08 09:51:16.676 12491 12491 E WindowManager: 	at android.view.WindowManagerGlobal.addView(WindowManagerGlobal.java:346)
12-08 09:51:16.676 12491 12491 E WindowManager: 	at android.view.WindowManagerImpl.addView(WindowManagerImpl.java:93)
12-08 09:51:16.676 12491 12491 E WindowManager: 	at com.android.internal.policy.PhoneWindow.openPanel(PhoneWindow.java:887)
12-08 09:51:16.676 12491 12491 E WindowManager: 	at com.android.internal.policy.PhoneWindow.onKeyUpPanel(PhoneWindow.java:1104)
12-08 09:51:16.676 12491 12491 E WindowManager: 	at com.android.internal.policy.PhoneWindow.onKeyUp(PhoneWindow.java:2007)
12-08 09:51:16.676 12491 12491 E WindowManager: 	at com.android.internal.policy.DecorView.dispatchKeyEvent(DecorView.java:350)
12-08 09:51:16.676 12491 12491 E WindowManager: 	at android.view.ViewRootImpl$ViewPostImeInputStage.processKeyEvent(ViewRootImpl.java:5037)
12-08 09:51:16.676 12491 12491 E WindowManager: 	at android.view.ViewRootImpl$ViewPostImeInputStage.onProcess(ViewRootImpl.java:4905)
12-08 09:51:16.676 12491 12491 E WindowManager: 	at android.view.ViewRootImpl$InputStage.deliver(ViewRootImpl.java:4426)
12-08 09:51:16.676 12491 12491 E WindowManager: 	at android.view.ViewRootImpl$InputStage.onDeliverToNext(ViewRootImpl.java:4479)
12-08 09:51:16.676 12491 12491 E WindowManager: 	at android.view.ViewRootImpl$InputStage.forward(ViewRootImpl.java:4445)
12-08 09:51:16.676 12491 12491 E WindowManager: 	at android.view.ViewRootImpl$AsyncInputStage.forward(ViewRootImpl.java:4585)
12-08 09:51:16.676 12491 12491 E WindowManager: 	at android.view.ViewRootImpl$InputStage.apply(ViewRootImpl.java:4453)
12-08 09:51:16.676 12491 12491 E WindowManager: 	at android.view.ViewRootImpl$AsyncInputStage.apply(ViewRootImpl.java:4642)
12-08 09:51:16.676 12491 12491 E WindowManager: 	at android.view.ViewRootImpl$InputStage.deliver(ViewRootImpl.java:4426)
12-08 09:51:16.676 12491 12491 E WindowManager: 	at android.view.ViewRootImpl$InputStage.onDeliverToNext(ViewRootImpl.java:4479)
12-08 09:51:16.676 12491 12491 E WindowManager: 	at android.view.ViewRootImpl$InputStage.forward(ViewRootImpl.java:4445)
12-08 09:51:16.676 12491 12491 E WindowManager: 	at android.view.ViewRootImpl$InputStage.apply(ViewRootImpl.java:4453)
12-08 09:51:16.676 12491 12491 E WindowManager: 	at android.view.ViewRootImpl$InputStage.deliver(ViewRootImpl.java:4426)
12-08 09:51:16.676 12491 12491 E WindowManager: 	at android.view.ViewRootImpl$InputStage.onDeliverToNext(ViewRootImpl.java:4479)
12-08 09:51:16.676 12491 12491 E WindowManager: 	at android.view.ViewRootImpl$InputStage.forward(ViewRootImpl.java:4445)
12-08 09:51:16.676 12491 12491 E WindowManager: 	at android.view.ViewRootImpl$AsyncInputStage.forward(ViewRootImpl.java:4618)
12-08 09:51:16.676 12491 12491 E WindowManager: 	at android.view.ViewRootImpl$ImeInputStage.onFinishedInputEvent(ViewRootImpl.java:4779)
12-08 09:51:16.676 12491 12491 E WindowManager: 	at android.view.inputmethod.InputMethodManager$PendingEvent.run(InputMethodManager.java:2571)
12-08 09:51:16.676 12491 12491 E WindowManager: 	at android.view.inputmethod.InputMethodManager.invokeFinishedInputEventCallback(InputMethodManager.java:2081)
12-08 09:51:16.676 12491 12491 E WindowManager: 	at android.view.inputmethod.InputMethodManager.finishedInputEvent(InputMethodManager.java:2072)
12-08 09:51:16.676 12491 12491 E WindowManager: 	at android.view.inputmethod.InputMethodManager$ImeInputEventSender.onInputEventFinished(InputMethodManager.java:2548)
12-08 09:51:16.676 12491 12491 E WindowManager: 	at android.view.InputEventSender.dispatchInputEventFinished(InputEventSender.java:141)
12-08 09:51:16.676 12491 12491 E WindowManager: 	at android.os.MessageQueue.nativePollOnce(Native Method)
12-08 09:51:16.676 12491 12491 E WindowManager: 	at android.os.MessageQueue.next(MessageQueue.java:326)
12-08 09:51:16.676 12491 12491 E WindowManager: 	at android.os.Looper.loop(Looper.java:160)
12-08 09:51:16.676 12491 12491 E WindowManager: 	at android.app.ActivityThread.main(ActivityThread.java:6669)
12-08 09:51:16.676 12491 12491 E WindowManager: 	at java.lang.reflect.Method.invoke(Native Method)
12-08 09:51:16.676 12491 12491 E WindowManager: 	at com.android.internal.os.RuntimeInit$MethodAndArgsCaller.run(RuntimeInit.java:493)
12-08 09:51:16.676 12491 12491 E WindowManager: 	at com.android.internal.os.ZygoteInit.main(ZygoteInit.java:858)
12-08 09:51:21.581  1611  1695 E audio_hw_generic: pcm_write failed cannot write stream data: I/O error
12-08 09:51:24.644  2692  2692 E ContextIntentStarter: No activity found for any of the 0 intents
12-08 09:51:29.769 12092 12092 E wpa_supplicant: nl80211: Failed to open /proc/sys/net/ipv4/conf/p2p-dev-wlan0/drop_unicast_in_l2_multicast: No such file or directory
12-08 09:51:29.769 12092 12092 E wpa_supplicant: nl80211: Failed to set IPv4 unicast in multicast filter
12-08 09:51:29.789 12092 12092 E wpa_supplicant: nl80211: Failed to open /proc/sys/net/ipv4/conf/p2p-dev-wlan0/drop_unicast_in_l2_multicast: No such file or directory
12-08 09:51:29.789 12092 12092 E wpa_supplicant: nl80211: Failed to set IPv4 unicast in multicast filter
12-08 09:51:29.905 12092 12092 E wpa_supplicant: nl80211: Failed to open /proc/sys/net/ipv4/conf/wlan0/drop_unicast_in_l2_multicast: No such file or directory
12-08 09:51:29.905 12092 12092 E wpa_supplicant: nl80211: Failed to set IPv4 unicast in multicast filter
12-08 09:51:32.094  1611  1695 E audio_hw_generic: pcm_write failed cannot write stream data: I/O error
12-08 09:51:32.144 12092 12092 E wpa_supplicant: nl80211: Failed to open /proc/sys/net/ipv4/conf/wlan0/drop_unicast_in_l2_multicast: No such file or directory
12-08 09:51:32.145 12092 12092 E wpa_supplicant: nl80211: Failed to set IPv4 unicast in multicast filter
12-08 09:51:32.262 12606 12606 E rrierdefaultap: Not starting debugger since process cannot load the jdwp agent.
12-08 09:51:32.404  1626  1626 E android.hardware.wifi@1.0-service: Failed to open directory: Permission denied
12-08 09:51:32.404  1626  1626 E android.hardware.wifi@1.0-service: Error occurred while deleting old tombstone files
12-08 09:51:32.404  1626  1626 E android.hardware.wifi@1.0-service: Error writing files to flash
12-08 09:51:35.023  1881  1966 E WifiP2pService: Unhandled message { when=-1ms what=131204 target=com.android.internal.util.StateMachine$SmHandler }
12-08 09:51:35.059  1881  1899 E BatteryExternalStatsWorker: no controller energy info supplied for wifi
12-08 09:51:35.085  1881  1899 E BatteryExternalStatsWorker: no controller energy info supplied for wifi
12-08 09:51:42.489  1611  1695 E audio_hw_generic: pcm_write failed cannot write stream data: I/O error
12-08 09:51:45.549  2448 12438 E ctxmgr  : [ProducerStatusImpl]updateStateForNewContextData: inactive, contextName=7
12-08 09:51:48.003  2448  2448 E BeaconBle: Missing BluetoothAdapter
12-08 09:51:50.456  2448  2448 E BeaconBle: Scan couldn't start for Places
12-08 09:52:01.144  1828  1828 E netmgr  : Failed to open QEMU pipe 'qemud:network': Invalid argument
12-08 09:52:01.144  1828  1828 E netmgr  : WifiForwarder unable to open QEMU pipe: Invalid argument
12-08 09:52:16.413  1738  1772 E storaged: getDiskStats failed with result NOT_SUPPORTED and size 0
12-08 09:52:47.544  2475 12214 E SQLiteCastStore: Skip saving CastDeviceInfo: "Nearby device" (__cast_nearby___V_60c5e652-6c55-4147-b4b6-155d092eb10f)
12-08 09:53:02.703  1828  1828 E netmgr  : Failed to open QEMU pipe 'qemud:network': Invalid argument
12-08 09:53:02.704  1828  1828 E netmgr  : WifiForwarder unable to open QEMU pipe: Invalid argument
12-08 09:53:03.098  2494  2716 E PlayCommon: [101] com.google.android.play.b.g.a(448): Failed to connect to server: java.net.UnknownHostException: Unable to resolve host "play.googleapis.com": No address associated with hostname
12-08 09:53:10.348  1881  1895 E WindowManager: Performed 6 layouts in a row. Skipping
12-08 09:53:10.367  1881  1934 E WindowManager: Performed 6 layouts in a row. Skipping
12-08 09:53:10.397  1881  1934 E WindowManager: Performed 6 layouts in a row. Skipping
12-08 09:53:10.416  1881  1934 E WindowManager: Performed 6 layouts in a row. Skipping
12-08 09:53:10.446  1881  1896 E WindowManager: Performed 6 layouts in a row. Skipping
12-08 09:53:10.475  1881  1934 E WindowManager: Performed 6 layouts in a row. Skipping
12-08 09:53:10.503  1881  1934 E WindowManager: Performed 6 layouts in a row. Skipping
12-08 09:53:10.536  1881  1934 E WindowManager: Performed 6 layouts in a row. Skipping
12-08 09:53:10.596  1881  1934 E WindowManager: Performed 6 layouts in a row. Skipping
12-08 09:53:10.625  1881  4026 E WindowManager: Performed 6 layouts in a row. Skipping
12-08 09:53:10.661  1881  1934 E WindowManager: Performed 6 layouts in a row. Skipping
12-08 09:53:12.949  1881  1934 E WindowManager: Performed 6 layouts in a row. Skipping
12-08 09:53:12.973  1881  4709 E WindowManager: Performed 6 layouts in a row. Skipping
12-08 09:53:12.999  1881  1934 E WindowManager: Performed 6 layouts in a row. Skipping
12-08 09:53:13.113  1881  1934 E WindowManager: Performed 6 layouts in a row. Skipping
12-08 09:53:18.138  1738  1772 E storaged: getDiskStats failed with result NOT_SUPPORTED and size 0
