--------- beginning of main
--------- beginning of system
12-08 23:20:46.542  1885  1899 E ActivityManager: Failure starting process com.evancharlton.mileage
12-08 23:20:46.542  1885  1899 E ActivityManager: java.lang.SecurityException: Package com.evancharlton.mileage is currently frozen!
12-08 23:20:46.542  1885  1899 E ActivityManager: 	at com.android.server.pm.PackageManagerService.checkPackageStartable(PackageManagerService.java:4000)
12-08 23:20:46.542  1885  1899 E ActivityManager: 	at com.android.server.am.ActivityManagerService.startProcessLocked(ActivityManagerService.java:4234)
12-08 23:20:46.542  1885  1899 E ActivityManager: 	at com.android.server.am.ActivityManagerService.startProcessLocked(ActivityManagerService.java:4199)
12-08 23:20:46.542  1885  1899 E ActivityManager: 	at com.android.server.am.ActivityManagerService.startProcessLocked(ActivityManagerService.java:4181)
12-08 23:20:46.542  1885  1899 E ActivityManager: 	at com.android.server.am.ActivityManagerService.startProcessLocked(ActivityManagerService.java:4067)
12-08 23:20:46.542  1885  1899 E ActivityManager: 	at com.android.server.am.ActivityStackSupervisor.startSpecificActivityLocked(ActivityStackSupervisor.java:1715)
12-08 23:20:46.542  1885  1899 E ActivityManager: 	at com.android.server.am.ActivityStack.resumeTopActivityInnerLocked(ActivityStack.java:2764)
12-08 23:20:46.542  1885  1899 E ActivityManager: 	at com.android.server.am.ActivityStack.resumeTopActivityUncheckedLocked(ActivityStack.java:2302)
12-08 23:20:46.542  1885  1899 E ActivityManager: 	at com.android.server.am.ActivityStackSupervisor.resumeFocusedStackTopActivityLocked(ActivityStackSupervisor.java:2234)
12-08 23:20:46.542  1885  1899 E ActivityManager: 	at com.android.server.am.ActivityStackSupervisor.resumeFocusedStackTopActivityLocked(ActivityStackSupervisor.java:2218)
12-08 23:20:46.542  1885  1899 E ActivityManager: 	at com.android.server.am.ActivityManagerService.handleAppDiedLocked(ActivityManagerService.java:5923)
12-08 23:20:46.542  1885  1899 E ActivityManager: 	at com.android.server.am.ActivityManagerService.removeProcessLocked(ActivityManagerService.java:7501)
12-08 23:20:46.542  1885  1899 E ActivityManager: 	at com.android.server.am.ActivityManagerService.killPackageProcessesLocked(ActivityManagerService.java:7142)
12-08 23:20:46.542  1885  1899 E ActivityManager: 	at com.android.server.am.ActivityManagerService.forceStopPackageLocked(ActivityManagerService.java:7275)
12-08 23:20:46.542  1885  1899 E ActivityManager: 	at com.android.server.am.ActivityManagerService$MainHandler.handleMessage(ActivityManagerService.java:2289)
12-08 23:20:46.542  1885  1899 E ActivityManager: 	at android.os.Handler.dispatchMessage(Handler.java:106)
12-08 23:20:46.542  1885  1899 E ActivityManager: 	at android.os.Looper.loop(Looper.java:193)
12-08 23:20:46.542  1885  1899 E ActivityManager: 	at android.os.HandlerThread.run(HandlerThread.java:65)
12-08 23:20:46.542  1885  1899 E ActivityManager: 	at com.android.server.ServiceThread.run(ServiceThread.java:44)
12-08 23:20:48.659  2378 16446 E ctxmgr  : [ProducerStatusImpl]updateStateForNewContextData: inactive, contextName=7
12-08 23:20:48.835  2378  2378 E BeaconBle: Missing BluetoothAdapter
12-08 23:20:48.901  2378  2378 E BeaconBle: Scan couldn't start for Places
12-08 23:20:50.801  1731  1776 E         : Couldn't opendir /data/app/vmdl745491190.tmp: No such file or directory
12-08 23:20:50.801  1731  1776 E installd: Failed to delete /data/app/vmdl745491190.tmp: No such file or directory
12-08 23:20:51.940  1885  1903 E BatteryExternalStatsWorker: no controller energy info supplied for wifi
12-08 23:20:52.284 16550 16550 E harlton.mileag: Not starting debugger since process cannot load the jdwp agent.
12-08 23:20:52.694 16568 16568 E .android.diale: Not starting debugger since process cannot load the jdwp agent.
12-08 23:20:52.841  1737  1820 E Netd    : Error adding route ::/0 -> fe80::ff:fe00:100 wlan0 to table 1003: File exists
12-08 23:20:52.876  2378 16567 E WakeLock: GCM_HB_ALARM release without a matched acquire!
12-08 23:20:53.225  2378 16583 E WakeLock: GCM_CONN_ALARM release without a matched acquire!
12-08 23:20:53.855 16568 16568 E .android.diale: The String#value field is not present on Android versions >= 6.0
12-08 23:20:54.151  1994  7294 E putmethod.lati: Invalid ID 0x00000001.
12-08 23:20:54.191  1994  7294 E LstmTrainingCache: emn: Can't get resource name for input slot
12-08 23:20:54.191  1994  7294 E LstmTrainingCache: android.content.res.Resources$NotFoundException: Unable to find resource ID #0x1
12-08 23:20:54.191  1994  7294 E LstmTrainingCache: 	at android.content.res.ResourcesImpl.getResourceName(ResourcesImpl.java:255)
12-08 23:20:54.191  1994  7294 E LstmTrainingCache: 	at android.content.res.Resources.getResourceName(Resources.java:1954)
12-08 23:20:54.191  1994  7294 E LstmTrainingCache: 	at emn.a(PG:12)
12-08 23:20:54.191  1994  7294 E LstmTrainingCache: 	at emk.run(PG:5)
12-08 23:20:54.191  1994  7294 E LstmTrainingCache: 	at java.lang.Thread.run(Thread.java:764)
12-08 23:21:02.361  1885  1898 E memtrack: Couldn't load memtrack module
12-08 23:21:05.366 16550 16588 E SQLiteLog: (1) no such table: fillups
12-08 23:21:05.370 16550 16588 E DatabaseUpgrader: Couldn't upgrade database!
12-08 23:21:05.370 16550 16588 E DatabaseUpgrader: android.database.sqlite.SQLiteException: no such table: fillups (code 1 SQLITE_ERROR): , while compiling: ALTER TABLE fillups ADD COLUMN is_partial INTEGER;
12-08 23:21:05.370 16550 16588 E DatabaseUpgrader: 	at android.database.sqlite.SQLiteConnection.nativePrepareStatement(Native Method)
12-08 23:21:05.370 16550 16588 E DatabaseUpgrader: 	at android.database.sqlite.SQLiteConnection.acquirePreparedStatement(SQLiteConnection.java:903)
12-08 23:21:05.370 16550 16588 E DatabaseUpgrader: 	at android.database.sqlite.SQLiteConnection.prepare(SQLiteConnection.java:514)
12-08 23:21:05.370 16550 16588 E DatabaseUpgrader: 	at android.database.sqlite.SQLiteSession.prepare(SQLiteSession.java:588)
12-08 23:21:05.370 16550 16588 E DatabaseUpgrader: 	at android.database.sqlite.SQLiteProgram.<init>(SQLiteProgram.java:58)
12-08 23:21:05.370 16550 16588 E DatabaseUpgrader: 	at android.database.sqlite.SQLiteStatement.<init>(SQLiteStatement.java:31)
12-08 23:21:05.370 16550 16588 E DatabaseUpgrader: 	at android.database.sqlite.SQLiteDatabase.executeSql(SQLiteDatabase.java:1769)
12-08 23:21:05.370 16550 16588 E DatabaseUpgrader: 	at android.database.sqlite.SQLiteDatabase.execSQL(SQLiteDatabase.java:1698)
12-08 23:21:05.370 16550 16588 E DatabaseUpgrader: 	at com.evancharlton.mileage.provider.DatabaseUpgrader.exec(DatabaseUpgrader.java:105)
12-08 23:21:05.370 16550 16588 E DatabaseUpgrader: 	at com.evancharlton.mileage.provider.DatabaseUpgrader.upgradeDatabase(DatabaseUpgrader.java:44)
12-08 23:21:05.370 16550 16588 E DatabaseUpgrader: 	at com.evancharlton.mileage.provider.DatabaseUpgrader.upgradeDatabase(DatabaseUpgrader.java:89)
12-08 23:21:05.370 16550 16588 E DatabaseUpgrader: 	at com.evancharlton.mileage.tasks.DbImportTask.upgradeDatabase(DbImportTask.java:77)
12-08 23:21:05.370 16550 16588 E DatabaseUpgrader: 	at com.evancharlton.mileage.tasks.DbImportTask.doInBackground(DbImportTask.java:43)
12-08 23:21:05.370 16550 16588 E DatabaseUpgrader: 	at com.evancharlton.mileage.tasks.DbImportTask.doInBackground(DbImportTask.java:20)
12-08 23:21:05.370 16550 16588 E DatabaseUpgrader: 	at android.os.AsyncTask$2.call(AsyncTask.java:333)
12-08 23:21:05.370 16550 16588 E DatabaseUpgrader: 	at java.util.concurrent.FutureTask.run(FutureTask.java:266)
12-08 23:21:05.370 16550 16588 E DatabaseUpgrader: 	at java.util.concurrent.ThreadPoolExecutor.runWorker(ThreadPoolExecutor.java:1167)
12-08 23:21:05.370 16550 16588 E DatabaseUpgrader: 	at java.util.concurrent.ThreadPoolExecutor$Worker.run(ThreadPoolExecutor.java:641)
12-08 23:21:05.370 16550 16588 E DatabaseUpgrader: 	at java.lang.Thread.run(Thread.java:764)
12-08 23:21:09.943  1834  1834 E netmgr  : Failed to open QEMU pipe 'qemud:network': Invalid argument
12-08 23:21:09.944  1834  1834 E netmgr  : WifiForwarder unable to open QEMU pipe: Invalid argument
12-08 23:21:11.104  2378 16613 E ctxmgr  : [ProducerStatusImpl]updateStateForNewContextData: inactive, contextName=7
12-08 23:21:11.492  2378  2378 E BeaconBle: Missing BluetoothAdapter
12-08 23:21:11.505  2378  3140 E PlaceInferenceEngine: Position timestamp out of order. Previous: 1544329090000, Current: 1544311251000. Skipping this Position.
12-08 23:21:11.548  2378  2378 E BeaconBle: Scan couldn't start for Places
12-08 23:21:13.965  1885  1898 E memtrack: Couldn't load memtrack module
12-08 23:21:13.995  2720  2720 E ContextIntentStarter: No activity found for any of the 0 intents
12-08 23:21:14.398 16376 16376 E wpa_supplicant: nl80211: Failed to open /proc/sys/net/ipv4/conf/p2p-dev-wlan0/drop_unicast_in_l2_multicast: No such file or directory
12-08 23:21:14.399 16376 16376 E wpa_supplicant: nl80211: Failed to set IPv4 unicast in multicast filter
12-08 23:21:14.420 16376 16376 E wpa_supplicant: nl80211: Failed to open /proc/sys/net/ipv4/conf/p2p-dev-wlan0/drop_unicast_in_l2_multicast: No such file or directory
12-08 23:21:14.420 16376 16376 E wpa_supplicant: nl80211: Failed to set IPv4 unicast in multicast filter
12-08 23:21:14.596 16376 16376 E wpa_supplicant: nl80211: Failed to open /proc/sys/net/ipv4/conf/wlan0/drop_unicast_in_l2_multicast: No such file or directory
12-08 23:21:14.596 16376 16376 E wpa_supplicant: nl80211: Failed to set IPv4 unicast in multicast filter
12-08 23:21:14.598 16376 16376 E wpa_supplicant: nl80211: Failed to open /proc/sys/net/ipv4/conf/wlan0/drop_unicast_in_l2_multicast: No such file or directory
12-08 23:21:14.599 16376 16376 E wpa_supplicant: nl80211: Failed to set IPv4 unicast in multicast filter
12-08 23:21:14.672 16376 16376 E wpa_supplicant: nl80211: Failed to open /proc/sys/net/ipv4/conf/wlan0/drop_unicast_in_l2_multicast: No such file or directory
12-08 23:21:14.673 16376 16376 E wpa_supplicant: nl80211: Failed to set IPv4 unicast in multicast filter
12-08 23:21:14.756  1885 16540 E DhcpClient: Read error
12-08 23:21:14.756  1885 16540 E DhcpClient: android.system.ErrnoException: read failed: ENETDOWN (Network is down)
12-08 23:21:14.756  1885 16540 E DhcpClient: 	at libcore.io.Linux.readBytes(Native Method)
12-08 23:21:14.756  1885 16540 E DhcpClient: 	at libcore.io.Linux.read(Linux.java:184)
12-08 23:21:14.756  1885 16540 E DhcpClient: 	at libcore.io.BlockGuardOs.read(BlockGuardOs.java:254)
12-08 23:21:14.756  1885 16540 E DhcpClient: 	at android.system.Os.read(Os.java:414)
12-08 23:21:14.756  1885 16540 E DhcpClient: 	at android.net.dhcp.DhcpClient$ReceiveThread.run(DhcpClient.java:364)
12-08 23:21:14.757  1885 16383 E ConnectivityPacketTracker.wlan0: readPacket error: 
12-08 23:21:14.757  1885 16383 E ConnectivityPacketTracker.wlan0: android.system.ErrnoException: read failed: ENETDOWN (Network is down)
12-08 23:21:14.757  1885 16383 E ConnectivityPacketTracker.wlan0: 	at libcore.io.Linux.readBytes(Native Method)
12-08 23:21:14.757  1885 16383 E ConnectivityPacketTracker.wlan0: 	at libcore.io.Linux.read(Linux.java:184)
12-08 23:21:14.757  1885 16383 E ConnectivityPacketTracker.wlan0: 	at libcore.io.BlockGuardOs.read(BlockGuardOs.java:254)
12-08 23:21:14.757  1885 16383 E ConnectivityPacketTracker.wlan0: 	at android.system.Os.read(Os.java:414)
12-08 23:21:14.757  1885 16383 E ConnectivityPacketTracker.wlan0: 	at android.net.util.PacketReader.readPacket(PacketReader.java:137)
12-08 23:21:14.757  1885 16383 E ConnectivityPacketTracker.wlan0: 	at android.net.util.PacketReader.handleInput(PacketReader.java:207)
12-08 23:21:14.757  1885 16383 E ConnectivityPacketTracker.wlan0: 	at android.net.util.PacketReader.access$100(PacketReader.java:70)
12-08 23:21:14.757  1885 16383 E ConnectivityPacketTracker.wlan0: 	at android.net.util.PacketReader$1.onFileDescriptorEvents(PacketReader.java:189)
12-08 23:21:14.757  1885 16383 E ConnectivityPacketTracker.wlan0: 	at android.os.MessageQueue.dispatchEvents(MessageQueue.java:285)
12-08 23:21:14.757  1885 16383 E ConnectivityPacketTracker.wlan0: 	at android.os.MessageQueue.nativePollOnce(Native Method)
12-08 23:21:14.757  1885 16383 E ConnectivityPacketTracker.wlan0: 	at android.os.MessageQueue.next(MessageQueue.java:326)
12-08 23:21:14.757  1885 16383 E ConnectivityPacketTracker.wlan0: 	at android.os.Looper.loop(Looper.java:160)
12-08 23:21:14.757  1885 16383 E ConnectivityPacketTracker.wlan0: 	at android.os.HandlerThread.run(HandlerThread.java:65)
12-08 23:21:14.986  1629  1629 E android.hardware.wifi@1.0-service: Failed to open directory: Permission denied
12-08 23:21:14.986  1629  1629 E android.hardware.wifi@1.0-service: Error occurred while deleting old tombstone files
12-08 23:21:14.986  1629  1629 E android.hardware.wifi@1.0-service: Error writing files to flash
12-08 23:21:15.274  1885  1969 E SupplicantStaIfaceHal: Can't call setPowerSave, ISupplicantStaIface is null
12-08 23:21:15.274  1885  1969 E SupplicantStaIfaceHal: Can't call setBtCoexistenceMode, ISupplicantStaIface is null
12-08 23:21:15.296  1885  1969 E HalDevMgr: Should have at least 1 chip!
12-08 23:21:15.296  1885  1969 E HalDevMgr: dispatchAvailableForRequestListeners: no chip info found
12-08 23:21:15.305  1885  1969 E SupplicantStaIfaceHal: Can't call listNetworks, ISupplicantStaIface is null
12-08 23:21:15.305  1885  1969 E SupplicantStaIfaceHal: removeAllNetworks failed, got null networks
12-08 23:21:15.305  1885  1969 E WifiStateMachine: Failed to remove networks on exiting connect mode
12-08 23:21:15.311  1885  1971 E WifiP2pService: Unhandled message { when=-1ms what=131204 target=com.android.internal.util.StateMachine$SmHandler }
12-08 23:21:15.348  2378 16583 E WakeLock: GCM_HB_ALARM release without a matched acquire!
12-08 23:21:15.354  2378 16583 E GCM     : Connection closed with errorCode 20
12-08 23:21:15.384  2378 16657 E WakeLock: GCM_HB_ALARM release without a matched acquire!
12-08 23:21:15.391  2378 16657 E WakeLock: GCM_CONN_ALARM release without a matched acquire!
12-08 23:21:15.556  1885  1903 E BatteryExternalStatsWorker: no controller energy info supplied for wifi
12-08 23:21:15.565  1885  1970 E WificondControl: No valid wificond scanner interface handler
12-08 23:21:15.884  1739  1762 E storaged: getDiskStats failed with result NOT_SUPPORTED and size 0
12-08 23:21:16.240  1885  1972 E ConnectivityService: exception in setMtu()java.lang.IllegalStateException: command '639 interface setmtu radio0 1500' failed with '400 639 Failed to set MTU (Permission denied)'
12-08 23:21:16.386  1629  1629 E android.hardware.wifi@1.0-service: Failed to register radio mode change callback
12-08 23:21:16.398  1629  1629 E android.hardware.wifi@1.0-service: Failed to set DFS flag; DFS channels may be unavailable.
12-08 23:21:16.563  1740  1740 E wificond: No Offload Service available
12-08 23:21:16.574  1885  1969 E SupplicantStaIfaceHal: Can't call setupIface, ISupplicantStaIface is null
12-08 23:21:16.753  1885  1970 E WifiVendorHal: getBgScanCapabilities(l.671) failed {.code = ERROR_NOT_SUPPORTED, .description = }
12-08 23:21:16.762  1885  1971 E WifiP2pService: Unhandled message { when=0 what=131203 target=com.android.internal.util.StateMachine$SmHandler }
12-08 23:21:16.769  1885  1971 E WifiP2pService: Unhandled message { when=-1ms what=131203 target=com.android.internal.util.StateMachine$SmHandler }
12-08 23:21:16.927  1885  1903 E BatteryExternalStatsWorker: no controller energy info supplied for wifi
12-08 23:21:16.947  1885  1903 E BatteryExternalStatsWorker: no controller energy info supplied for wifi
12-08 23:21:17.915  2378 16685 E WakeLock: GCM_CONN_ALARM release without a matched acquire!
12-08 23:21:21.084  1885  1903 E BatteryExternalStatsWorker: no controller energy info supplied for wifi
12-08 23:21:21.287  1885  1969 E WifiVendorHal: stopRssiMonitoring(l.2404) failed {.code = ERROR_NOT_AVAILABLE, .description = }
12-08 23:21:21.843  1737  1820 E Netd    : Error adding route ::/0 -> fe80::ff:fe00:100 wlan0 to table 1003: File exists
12-08 23:21:21.876  2378 16698 E WakeLock: GCM_HB_ALARM release without a matched acquire!
12-08 23:21:22.057  2378 16700 E WakeLock: GCM_CONN_ALARM release without a matched acquire!
12-08 23:21:24.630  1885  1898 E memtrack: Couldn't load memtrack module
