--------- beginning of main
--------- beginning of system
12-07 23:57:11.643 14800 14800 E oid.documentsu: Not starting debugger since process cannot load the jdwp agent.
12-07 23:57:12.628 14839 14839 E droid.apps.doc: Not starting debugger since process cannot load the jdwp agent.
12-07 23:57:14.562 14839 14839 E DocsApplication: [main] No default account found during application creation.
12-07 23:57:15.938  1729  1945 E         : Couldn't opendir /data/app/vmdl1605598367.tmp: No such file or directory
12-07 23:57:15.938  1729  1945 E installd: Failed to delete /data/app/vmdl1605598367.tmp: No such file or directory
12-07 23:57:19.440 14908 14908 E harlton.mileag: Not starting debugger since process cannot load the jdwp agent.
12-07 23:57:21.077 16085 24146 E putmethod.lati: Invalid ID 0x00000001.
12-07 23:57:21.092 16085 24146 E LstmTrainingCache: emn: Can't get resource name for input slot
12-07 23:57:21.092 16085 24146 E LstmTrainingCache: android.content.res.Resources$NotFoundException: Unable to find resource ID #0x1
12-07 23:57:21.092 16085 24146 E LstmTrainingCache: 	at android.content.res.ResourcesImpl.getResourceName(ResourcesImpl.java:255)
12-07 23:57:21.092 16085 24146 E LstmTrainingCache: 	at android.content.res.Resources.getResourceName(Resources.java:1954)
12-07 23:57:21.092 16085 24146 E LstmTrainingCache: 	at emn.a(PG:12)
12-07 23:57:21.092 16085 24146 E LstmTrainingCache: 	at emk.run(PG:5)
12-07 23:57:21.092 16085 24146 E LstmTrainingCache: 	at java.lang.Thread.run(Thread.java:764)
12-07 23:57:29.164  1737  1809 E storaged: getDiskStats failed with result NOT_SUPPORTED and size 0
12-07 23:57:30.089 16506 14480 E ctxmgr  : [AppIntervalImpl]closeInterval: stopTimeMillis invalid, stop=1544227050089, start=1544238227857
12-07 23:57:30.104 16506 14480 E ctxmgr  : [AppIntervalImpl]closeInterval: stopTimeMillis invalid, stop=1544227050104, start=1544238227858
12-07 23:57:30.734 14951 14951 E emui:screensho: Not starting debugger since process cannot load the jdwp agent.
12-07 23:57:31.767 14951 14951 E SoundPool: error loading /product/media/audio/ui/camera_click.ogg
12-07 23:57:31.999  1724  1876 E SurfaceFlinger: ro.sf.lcd_density must be defined as a build property
12-07 23:57:32.089  1739  2097 E OMXNodeInstance: getConfig(0xee326f60:google.vorbis.decoder, ConfigAndroidVendorExtension(0x6f100004)) ERROR: Undefined(0x80001001)
12-07 23:57:32.145  1724  1863 E SurfaceFlinger: ro.sf.lcd_density must be defined as a build property
12-07 23:57:35.427 16506 16506 E BeaconBle: Missing BluetoothAdapter
12-07 23:57:35.487 16506 16506 E BeaconBle: Scan couldn't start for Places
12-07 23:57:44.757 14994 14994 E oid.apps.photo: Not starting debugger since process cannot load the jdwp agent.
12-07 23:57:45.811 15013 15013 E ocess.gservice: Not starting debugger since process cannot load the jdwp agent.
12-07 23:57:54.465 16561 16561 E ContextIntentStarter: No activity found for any of the 0 intents
12-07 23:58:04.971 16506 14480 E ctxmgr  : [AppIntervalImpl]closeInterval: stopTimeMillis invalid, stop=1544227084971, start=1544238227857
12-07 23:58:05.006 16506 14480 E ctxmgr  : [AppIntervalImpl]closeInterval: stopTimeMillis invalid, stop=1544227085006, start=1544238227858
12-07 23:58:05.699 15072 15072 E boxed_process1: Not starting debugger since process cannot load the jdwp agent.
12-07 23:58:06.629  1829  1829 E netmgr  : Failed to open QEMU pipe 'qemud:network': Invalid argument
12-07 23:58:06.629  1829  1829 E netmgr  : WifiForwarder unable to open QEMU pipe: Invalid argument
12-07 23:58:29.186  1737  1809 E storaged: getDiskStats failed with result NOT_SUPPORTED and size 0
12-07 23:59:06.635  1829  1829 E netmgr  : Failed to open QEMU pipe 'qemud:network': Invalid argument
12-07 23:59:06.635  1829  1829 E netmgr  : WifiForwarder unable to open QEMU pipe: Invalid argument
12-07 23:59:17.328 16485 16485 E SchedPolicy: set_timerslack_ns write failed: Operation not permitted
12-07 23:59:22.064 16485 16485 E SchedPolicy: set_timerslack_ns write failed: Operation not permitted
12-07 23:59:29.189  1737  1809 E storaged: getDiskStats failed with result NOT_SUPPORTED and size 0
12-08 00:00:00.169 16561 16561 E TaskServiceHelper: Cannot execute TaskName.UNKNOWN (or data got corrupted).
12-08 00:00:00.430 15150 15150 E ndroid.calenda: Not starting debugger since process cannot load the jdwp agent.
12-08 00:00:01.153 15168 15168 E viders.calenda: Not starting debugger since process cannot load the jdwp agent.
12-08 00:00:06.641  1829  1829 E netmgr  : Failed to open QEMU pipe 'qemud:network': Invalid argument
12-08 00:00:06.641  1829  1829 E netmgr  : WifiForwarder unable to open QEMU pipe: Invalid argument
12-08 00:00:29.190  1737  1809 E storaged: getDiskStats failed with result NOT_SUPPORTED and size 0
12-08 00:01:00.003 15976 15989 E memtrack: Couldn't load memtrack module
12-08 00:01:00.063 15976 15989 E memtrack: Couldn't load memtrack module
12-08 00:01:06.702  1829  1829 E netmgr  : Failed to open QEMU pipe 'qemud:network': Invalid argument
12-08 00:01:06.702  1829  1829 E netmgr  : WifiForwarder unable to open QEMU pipe: Invalid argument
12-08 00:01:21.663 15976 15989 E memtrack: Couldn't load memtrack module
12-08 00:01:29.192  1737  1809 E storaged: getDiskStats failed with result NOT_SUPPORTED and size 0
