--------- beginning of system
--------- beginning of main
12-07 20:37:22.352 26727 26727 E ndroid.keychai: Not starting debugger since process cannot load the jdwp agent.
12-07 20:37:22.884 15976 15993 E libprocessgroup: Error encountered killing process cgroup uid 99072 pid 26639: No such file or directory
12-07 20:37:23.419 26770 26770 E droid.apps.doc: Not starting debugger since process cannot load the jdwp agent.
12-07 20:37:23.712 15927 26785 E audio_hw_generic: pcm_open(in) failed: cannot open device '/dev/snd/pcmC0D0c': Device or resource busy: channels 2 format 0 rate 16000
12-07 20:37:24.226 16506 16506 E BeaconBle: Missing BluetoothAdapter
12-07 20:37:24.326 16506 16506 E BeaconBle: Scan couldn't start for Places
12-07 20:37:24.364 15976 15989 E memtrack: Couldn't load memtrack module
12-07 20:37:25.665 26770 26770 E DocsApplication: [main] No default account found during application creation.
12-07 20:37:25.825 15976 15989 E memtrack: Couldn't load memtrack module
12-07 20:37:26.645  1729  1931 E         : Couldn't opendir /data/app/vmdl1049125274.tmp: No such file or directory
12-07 20:37:26.645  1729  1931 E installd: Failed to delete /data/app/vmdl1049125274.tmp: No such file or directory
12-07 20:37:29.788 26841 26841 E harlton.mileag: Not starting debugger since process cannot load the jdwp agent.
12-07 20:37:31.058  1737  1809 E storaged: getDiskStats failed with result NOT_SUPPORTED and size 0
12-07 20:37:31.674 16085 24146 E putmethod.lati: Invalid ID 0x00000001.
12-07 20:37:31.676 16085 24146 E LstmTrainingCache: emn: Can't get resource name for input slot
12-07 20:37:31.676 16085 24146 E LstmTrainingCache: android.content.res.Resources$NotFoundException: Unable to find resource ID #0x1
12-07 20:37:31.676 16085 24146 E LstmTrainingCache: 	at android.content.res.ResourcesImpl.getResourceName(ResourcesImpl.java:255)
12-07 20:37:31.676 16085 24146 E LstmTrainingCache: 	at android.content.res.Resources.getResourceName(Resources.java:1954)
12-07 20:37:31.676 16085 24146 E LstmTrainingCache: 	at emn.a(PG:12)
12-07 20:37:31.676 16085 24146 E LstmTrainingCache: 	at emk.run(PG:5)
12-07 20:37:31.676 16085 24146 E LstmTrainingCache: 	at java.lang.Thread.run(Thread.java:764)
12-07 20:37:33.573 26841 26841 E SpannableStringBuilder: SPAN_EXCLUSIVE_EXCLUSIVE spans cannot have a zero length
12-07 20:37:33.573 26841 26841 E SpannableStringBuilder: SPAN_EXCLUSIVE_EXCLUSIVE spans cannot have a zero length
12-07 20:37:34.818 16085 24146 E putmethod.lati: Invalid ID 0x00000001.
12-07 20:37:34.852 16085 24146 E LstmTrainingCache: emn: Can't get resource name for input slot
12-07 20:37:34.852 16085 24146 E LstmTrainingCache: android.content.res.Resources$NotFoundException: Unable to find resource ID #0x1
12-07 20:37:34.852 16085 24146 E LstmTrainingCache: 	at android.content.res.ResourcesImpl.getResourceName(ResourcesImpl.java:255)
12-07 20:37:34.852 16085 24146 E LstmTrainingCache: 	at android.content.res.Resources.getResourceName(Resources.java:1954)
12-07 20:37:34.852 16085 24146 E LstmTrainingCache: 	at emn.a(PG:12)
12-07 20:37:34.852 16085 24146 E LstmTrainingCache: 	at emk.run(PG:5)
12-07 20:37:34.852 16085 24146 E LstmTrainingCache: 	at java.lang.Thread.run(Thread.java:764)
12-07 20:37:40.474 15976 15989 E memtrack: Couldn't load memtrack module
12-07 20:37:42.244 16506 26798 E ctxmgr  : [AppIntervalImpl]closeInterval: stopTimeMillis invalid, stop=1544233062244, start=1544238227857
12-07 20:37:42.249 16506 26798 E ctxmgr  : [AppIntervalImpl]closeInterval: stopTimeMillis invalid, stop=1544233062249, start=1544238227858
12-07 20:37:42.453 15976 15989 E memtrack: Couldn't load memtrack module
12-07 20:37:42.976 15976 15989 E memtrack: Couldn't load memtrack module
12-07 20:37:43.083 26874 26874 E emui:screensho: Not starting debugger since process cannot load the jdwp agent.
12-07 20:37:43.870 15976 15989 E memtrack: Couldn't load memtrack module
12-07 20:37:44.008 26874 26874 E SoundPool: error loading /product/media/audio/ui/camera_click.ogg
12-07 20:37:44.315  1724  1766 E SurfaceFlinger: ro.sf.lcd_density must be defined as a build property
12-07 20:37:44.349  1739  1739 E OMXNodeInstance: getConfig(0xee326c60:google.vorbis.decoder, ConfigAndroidVendorExtension(0x6f100004)) ERROR: Undefined(0x80001001)
12-07 20:37:44.499  1724  1863 E SurfaceFlinger: ro.sf.lcd_density must be defined as a build property
12-07 20:37:46.386 15976 15989 E memtrack: Couldn't load memtrack module
12-07 20:37:46.965 16561 16561 E ContextIntentStarter: No activity found for any of the 0 intents
12-07 20:37:48.152 16506 16506 E BeaconBle: Missing BluetoothAdapter
12-07 20:37:48.240 16506 16506 E BeaconBle: Scan couldn't start for Places
12-07 20:37:52.144 15976 15989 E memtrack: Couldn't load memtrack module
12-07 20:37:54.621 26922 26922 E id.partnersetu: Not starting debugger since process cannot load the jdwp agent.
12-07 20:37:55.040 26938 26938 E boxed_process3: Not starting debugger since process cannot load the jdwp agent.
12-07 20:37:55.053 15976 15989 E memtrack: Couldn't load memtrack module
12-07 20:37:55.081  1632  1632 E lowmemorykiller: Error writing /proc/26727/oom_score_adj; errno=22
12-07 20:37:55.096  1632  1632 E lowmemorykiller: Error writing /proc/26727/oom_score_adj; errno=22
12-07 20:37:55.624 16506 26798 E ctxmgr  : [AppIntervalImpl]closeInterval: stopTimeMillis invalid, stop=1544233075623, start=1544238227857
12-07 20:37:55.624 16506 26798 E ctxmgr  : [AppIntervalImpl]closeInterval: stopTimeMillis invalid, stop=1544233075624, start=1544238227858
12-07 20:37:58.136 26966 26966 E oid.apps.photo: Not starting debugger since process cannot load the jdwp agent.
12-07 20:37:58.723 16085 26983 E HttpClientWrapper: fid: Exception occurred while executing network request.
12-07 20:38:02.063 16561 16708 E MicroDetectionWorker: Stale runnable..ignoring
12-07 20:38:04.457 16085 16085 E native  : suggestion-transformer.cc:118 suggestion picked candidate not found for id: 3
12-07 20:38:05.663 16085 16085 E native  : clearcut-logger.cc:191 USER_EDIT span#originalSpan is missing
