--------- beginning of main
--------- beginning of system
12-09 04:44:19.678  1885  3668 E WindowManager: Performed 6 layouts in a row. Skipping
12-09 04:44:19.702  1885  1938 E WindowManager: Performed 6 layouts in a row. Skipping
12-09 04:44:19.749  1885  1938 E WindowManager: Performed 6 layouts in a row. Skipping
12-09 04:44:19.787  1885  1938 E WindowManager: Performed 6 layouts in a row. Skipping
12-09 04:44:19.804  1885  1900 E WindowManager: Performed 6 layouts in a row. Skipping
12-09 04:44:19.831  1885  1938 E WindowManager: Performed 6 layouts in a row. Skipping
12-09 04:44:19.848  1885  1938 E WindowManager: Performed 6 layouts in a row. Skipping
12-09 04:44:19.874  1885  1938 E WindowManager: Performed 6 layouts in a row. Skipping
12-09 04:44:19.900  1885  3668 E WindowManager: Performed 6 layouts in a row. Skipping
12-09 04:44:19.928  1885  2149 E WindowManager: Performed 6 layouts in a row. Skipping
12-09 04:44:19.966  1885  4897 E WindowManager: Performed 6 layouts in a row. Skipping
12-09 04:44:19.994  1885  4897 E WindowManager: Performed 6 layouts in a row. Skipping
12-09 04:44:20.009  1885  2189 E WindowManager: Performed 6 layouts in a row. Skipping
12-09 04:44:20.042  1885  1938 E WindowManager: Performed 6 layouts in a row. Skipping
12-09 04:44:20.222  1885  1938 E WindowManager: Performed 6 layouts in a row. Skipping
12-09 04:44:20.263  1885  2149 E WindowManager: Performed 6 layouts in a row. Skipping
12-09 04:44:20.288  1885  1938 E WindowManager: Performed 6 layouts in a row. Skipping
12-09 04:44:20.349  1885  1938 E WindowManager: Performed 6 layouts in a row. Skipping
12-09 04:44:21.600  1885  1899 E ActivityManager: Failure starting process com.evancharlton.mileage
12-09 04:44:21.600  1885  1899 E ActivityManager: java.lang.SecurityException: Package com.evancharlton.mileage was not found!
12-09 04:44:21.600  1885  1899 E ActivityManager: 	at com.android.server.pm.PackageManagerService.checkPackageStartable(PackageManagerService.java:3987)
12-09 04:44:21.600  1885  1899 E ActivityManager: 	at com.android.server.am.ActivityManagerService.startProcessLocked(ActivityManagerService.java:4234)
12-09 04:44:21.600  1885  1899 E ActivityManager: 	at com.android.server.am.ActivityManagerService.startProcessLocked(ActivityManagerService.java:4199)
12-09 04:44:21.600  1885  1899 E ActivityManager: 	at com.android.server.am.ActivityManagerService.startProcessLocked(ActivityManagerService.java:4181)
12-09 04:44:21.600  1885  1899 E ActivityManager: 	at com.android.server.am.ActivityManagerService.startProcessLocked(ActivityManagerService.java:4067)
12-09 04:44:21.600  1885  1899 E ActivityManager: 	at com.android.server.am.ActivityStackSupervisor.startSpecificActivityLocked(ActivityStackSupervisor.java:1715)
12-09 04:44:21.600  1885  1899 E ActivityManager: 	at com.android.server.am.ActivityStack.resumeTopActivityInnerLocked(ActivityStack.java:2764)
12-09 04:44:21.600  1885  1899 E ActivityManager: 	at com.android.server.am.ActivityStack.resumeTopActivityUncheckedLocked(ActivityStack.java:2302)
12-09 04:44:21.600  1885  1899 E ActivityManager: 	at com.android.server.am.ActivityStackSupervisor.resumeFocusedStackTopActivityLocked(ActivityStackSupervisor.java:2234)
12-09 04:44:21.600  1885  1899 E ActivityManager: 	at com.android.server.am.ActivityStackSupervisor.resumeFocusedStackTopActivityLocked(ActivityStackSupervisor.java:2218)
12-09 04:44:21.600  1885  1899 E ActivityManager: 	at com.android.server.am.ActivityManagerService.handleAppDiedLocked(ActivityManagerService.java:5923)
12-09 04:44:21.600  1885  1899 E ActivityManager: 	at com.android.server.am.ActivityManagerService.removeProcessLocked(ActivityManagerService.java:7501)
12-09 04:44:21.600  1885  1899 E ActivityManager: 	at com.android.server.am.ActivityManagerService.killPackageProcessesLocked(ActivityManagerService.java:7142)
12-09 04:44:21.600  1885  1899 E ActivityManager: 	at com.android.server.am.ActivityManagerService.forceStopPackageLocked(ActivityManagerService.java:7275)
12-09 04:44:21.600  1885  1899 E ActivityManager: 	at com.android.server.am.ActivityManagerService$MainHandler.handleMessage(ActivityManagerService.java:2289)
12-09 04:44:21.600  1885  1899 E ActivityManager: 	at android.os.Handler.dispatchMessage(Handler.java:106)
12-09 04:44:21.600  1885  1899 E ActivityManager: 	at android.os.Looper.loop(Looper.java:193)
12-09 04:44:21.600  1885  1899 E ActivityManager: 	at android.os.HandlerThread.run(HandlerThread.java:65)
12-09 04:44:21.600  1885  1899 E ActivityManager: 	at com.android.server.ServiceThread.run(ServiceThread.java:44)
12-09 04:44:22.989  2378 21222 E ctxmgr  : [ProducerStatusImpl]updateStateForNewContextData: inactive, contextName=7
12-09 04:44:23.276  2378  2378 E BeaconBle: Scan couldn't start for Places
12-09 04:44:25.162  1731  6658 E         : Couldn't opendir /data/app/vmdl1175029431.tmp: No such file or directory
12-09 04:44:25.162  1731  6658 E installd: Failed to delete /data/app/vmdl1175029431.tmp: No such file or directory
12-09 04:44:26.857 21391 21391 E harlton.mileag: Not starting debugger since process cannot load the jdwp agent.
12-09 04:44:28.008  1994  7294 E putmethod.lati: Invalid ID 0x00000001.
12-09 04:44:28.010  1994  7294 E LstmTrainingCache: emn: Can't get resource name for input slot
12-09 04:44:28.010  1994  7294 E LstmTrainingCache: android.content.res.Resources$NotFoundException: Unable to find resource ID #0x1
12-09 04:44:28.010  1994  7294 E LstmTrainingCache: 	at android.content.res.ResourcesImpl.getResourceName(ResourcesImpl.java:255)
12-09 04:44:28.010  1994  7294 E LstmTrainingCache: 	at android.content.res.Resources.getResourceName(Resources.java:1954)
12-09 04:44:28.010  1994  7294 E LstmTrainingCache: 	at emn.a(PG:12)
12-09 04:44:28.010  1994  7294 E LstmTrainingCache: 	at emk.run(PG:5)
12-09 04:44:28.010  1994  7294 E LstmTrainingCache: 	at java.lang.Thread.run(Thread.java:764)
12-09 04:44:34.429  1885  4478 E WindowManager: Performed 6 layouts in a row. Skipping
12-09 04:44:34.455  1885  1938 E WindowManager: Performed 6 layouts in a row. Skipping
12-09 04:44:34.487  1885  1938 E WindowManager: Performed 6 layouts in a row. Skipping
12-09 04:44:34.595  1885  1938 E WindowManager: Performed 6 layouts in a row. Skipping
12-09 04:44:34.613  1885  4232 E WindowManager: Performed 6 layouts in a row. Skipping
12-09 04:44:34.643  1885  1938 E WindowManager: Performed 6 layouts in a row. Skipping
12-09 04:44:34.683  1885  1938 E WindowManager: Performed 6 layouts in a row. Skipping
12-09 04:44:34.701  1885  1900 E WindowManager: Performed 6 layouts in a row. Skipping
12-09 04:44:34.743  1885  1938 E WindowManager: Performed 6 layouts in a row. Skipping
12-09 04:44:43.365  2378 21037 E ctxmgr  : [ProducerStatusImpl]updateStateForNewContextData: inactive, contextName=7
12-09 04:44:43.472  2378 21037 E ctxmgr  : [ProducerStatusImpl]updateStateForNewContextData: inactive, contextName=1
12-09 04:44:43.559  2378  2378 E BeaconBle: Missing BluetoothAdapter
12-09 04:44:43.561  2378  3140 E PlaceInferenceEngine: Position timestamp out of order. Previous: 1544330661035, Current: 1544312684000. Skipping this Position.
12-09 04:44:43.620  2378  2378 E BeaconBle: Scan couldn't start for Places
12-09 04:44:54.593  2720  2720 E ContextIntentStarter: No activity found for any of the 0 intents
12-09 04:44:55.870  1885  4665 E WindowManager: Performed 6 layouts in a row. Skipping
12-09 04:44:55.903  1885  1938 E WindowManager: Performed 6 layouts in a row. Skipping
12-09 04:44:55.948  1885  1938 E WindowManager: Performed 6 layouts in a row. Skipping
12-09 04:44:55.997  1885  1900 E WindowManager: Performed 6 layouts in a row. Skipping
12-09 04:45:09.727  1834  1834 E netmgr  : Failed to open QEMU pipe 'qemud:network': Invalid argument
12-09 04:45:09.727  1834  1834 E netmgr  : WifiForwarder unable to open QEMU pipe: Invalid argument
12-09 04:45:16.095  1739  1762 E storaged: getDiskStats failed with result NOT_SUPPORTED and size 0
12-09 04:45:20.618  2342  2342 E SchedPolicy: set_timerslack_ns write failed: Operation not permitted
12-09 04:45:25.110  2342  2342 E SchedPolicy: set_timerslack_ns write failed: Operation not permitted
12-09 04:45:42.899  2378 20334 E WakeLock: GCM_HB_ALARM release without a matched acquire!
12-09 04:46:09.732  1834  1834 E netmgr  : Failed to open QEMU pipe 'qemud:network': Invalid argument
12-09 04:46:09.732  1834  1834 E netmgr  : WifiForwarder unable to open QEMU pipe: Invalid argument
12-09 04:46:10.800  1885  2413 E WindowManager: Performed 6 layouts in a row. Skipping
12-09 04:46:10.825  1885  1938 E WindowManager: Performed 6 layouts in a row. Skipping
12-09 04:46:10.848  1885  1938 E WindowManager: Performed 6 layouts in a row. Skipping
12-09 04:46:10.888  1885  1938 E WindowManager: Performed 6 layouts in a row. Skipping
12-09 04:46:10.921  1885  1938 E WindowManager: Performed 6 layouts in a row. Skipping
12-09 04:46:10.940  1885  4232 E WindowManager: Performed 6 layouts in a row. Skipping
12-09 04:46:10.969  1885  1938 E WindowManager: Performed 6 layouts in a row. Skipping
12-09 04:46:11.033  1885  1938 E WindowManager: Performed 6 layouts in a row. Skipping
12-09 04:46:11.058  1885  1900 E WindowManager: Performed 6 layouts in a row. Skipping
12-09 04:46:11.112  1885  1938 E WindowManager: Performed 6 layouts in a row. Skipping
12-09 04:46:11.131  1885  1938 E WindowManager: Performed 6 layouts in a row. Skipping
