--------- beginning of main
--------- beginning of system
12-08 13:55:46.784  1885  1899 E ActivityManager: Failure starting process com.evancharlton.mileage
12-08 13:55:46.784  1885  1899 E ActivityManager: java.lang.SecurityException: Package com.evancharlton.mileage is currently frozen!
12-08 13:55:46.784  1885  1899 E ActivityManager: 	at com.android.server.pm.PackageManagerService.checkPackageStartable(PackageManagerService.java:4000)
12-08 13:55:46.784  1885  1899 E ActivityManager: 	at com.android.server.am.ActivityManagerService.startProcessLocked(ActivityManagerService.java:4234)
12-08 13:55:46.784  1885  1899 E ActivityManager: 	at com.android.server.am.ActivityManagerService.startProcessLocked(ActivityManagerService.java:4199)
12-08 13:55:46.784  1885  1899 E ActivityManager: 	at com.android.server.am.ActivityManagerService.startProcessLocked(ActivityManagerService.java:4181)
12-08 13:55:46.784  1885  1899 E ActivityManager: 	at com.android.server.am.ActivityManagerService.startProcessLocked(ActivityManagerService.java:4067)
12-08 13:55:46.784  1885  1899 E ActivityManager: 	at com.android.server.am.ActivityStackSupervisor.startSpecificActivityLocked(ActivityStackSupervisor.java:1715)
12-08 13:55:46.784  1885  1899 E ActivityManager: 	at com.android.server.am.ActivityStack.resumeTopActivityInnerLocked(ActivityStack.java:2764)
12-08 13:55:46.784  1885  1899 E ActivityManager: 	at com.android.server.am.ActivityStack.resumeTopActivityUncheckedLocked(ActivityStack.java:2302)
12-08 13:55:46.784  1885  1899 E ActivityManager: 	at com.android.server.am.ActivityStackSupervisor.resumeFocusedStackTopActivityLocked(ActivityStackSupervisor.java:2234)
12-08 13:55:46.784  1885  1899 E ActivityManager: 	at com.android.server.am.ActivityStackSupervisor.resumeFocusedStackTopActivityLocked(ActivityStackSupervisor.java:2218)
12-08 13:55:46.784  1885  1899 E ActivityManager: 	at com.android.server.am.ActivityManagerService.handleAppDiedLocked(ActivityManagerService.java:5923)
12-08 13:55:46.784  1885  1899 E ActivityManager: 	at com.android.server.am.ActivityManagerService.removeProcessLocked(ActivityManagerService.java:7501)
12-08 13:55:46.784  1885  1899 E ActivityManager: 	at com.android.server.am.ActivityManagerService.killPackageProcessesLocked(ActivityManagerService.java:7142)
12-08 13:55:46.784  1885  1899 E ActivityManager: 	at com.android.server.am.ActivityManagerService.forceStopPackageLocked(ActivityManagerService.java:7275)
12-08 13:55:46.784  1885  1899 E ActivityManager: 	at com.android.server.am.ActivityManagerService$MainHandler.handleMessage(ActivityManagerService.java:2289)
12-08 13:55:46.784  1885  1899 E ActivityManager: 	at android.os.Handler.dispatchMessage(Handler.java:106)
12-08 13:55:46.784  1885  1899 E ActivityManager: 	at android.os.Looper.loop(Looper.java:193)
12-08 13:55:46.784  1885  1899 E ActivityManager: 	at android.os.HandlerThread.run(HandlerThread.java:65)
12-08 13:55:46.784  1885  1899 E ActivityManager: 	at com.android.server.ServiceThread.run(ServiceThread.java:44)
12-08 13:55:47.037  2407  2419 E IconLoader: Unexpected null component name or activity info: ComponentInfo{com.evancharlton.mileage/com.evancharlton.mileage.Mileage}, null
12-08 13:55:48.666  2429 21179 E ctxmgr  : [ProducerStatusImpl]updateStateForNewContextData: inactive, contextName=7
12-08 13:55:48.858  2429  2429 E BeaconBle: Missing BluetoothAdapter
12-08 13:55:48.890  2429  2429 E BeaconBle: Scan couldn't start for Places
12-08 13:55:50.802  1732  1759 E         : Couldn't opendir /data/app/vmdl1185609867.tmp: No such file or directory
12-08 13:55:50.802  1732  1759 E installd: Failed to delete /data/app/vmdl1185609867.tmp: No such file or directory
12-08 13:55:52.394 21301 21301 E harlton.mileag: Not starting debugger since process cannot load the jdwp agent.
12-08 13:55:54.180  1996  2601 E putmethod.lati: Invalid ID 0x00000001.
12-08 13:55:54.192  1996  2601 E LstmTrainingCache: emn: Can't get resource name for input slot
12-08 13:55:54.192  1996  2601 E LstmTrainingCache: android.content.res.Resources$NotFoundException: Unable to find resource ID #0x1
12-08 13:55:54.192  1996  2601 E LstmTrainingCache: 	at android.content.res.ResourcesImpl.getResourceName(ResourcesImpl.java:255)
12-08 13:55:54.192  1996  2601 E LstmTrainingCache: 	at android.content.res.Resources.getResourceName(Resources.java:1954)
12-08 13:55:54.192  1996  2601 E LstmTrainingCache: 	at emn.a(PG:12)
12-08 13:55:54.192  1996  2601 E LstmTrainingCache: 	at emk.run(PG:5)
12-08 13:55:54.192  1996  2601 E LstmTrainingCache: 	at java.lang.Thread.run(Thread.java:764)
12-08 13:56:04.455  1614  1698 E audio_hw_generic: pcm_write failed cannot write stream data: I/O error
12-08 13:56:04.981  1834  1834 E netmgr  : Failed to open QEMU pipe 'qemud:network': Invalid argument
12-08 13:56:04.981  1834  1834 E netmgr  : WifiForwarder unable to open QEMU pipe: Invalid argument
12-08 13:56:07.211  2429 21326 E ctxmgr  : [ProducerStatusImpl]updateStateForNewContextData: inactive, contextName=7
12-08 13:56:07.375  2407  2407 E SchedPolicy: set_timerslack_ns write failed: Operation not permitted
12-08 13:56:07.534  2429  2429 E BeaconBle: Missing BluetoothAdapter
12-08 13:56:07.628  2429  2429 E BeaconBle: Scan couldn't start for Places
12-08 13:56:07.656  2407  2407 E SchedPolicy: set_timerslack_ns write failed: Operation not permitted
12-08 13:56:10.633  1740  1805 E storaged: getDiskStats failed with result NOT_SUPPORTED and size 0
12-08 13:56:11.042  2540  2540 E ContextIntentStarter: No activity found for any of the 0 intents
12-08 13:56:11.631 20739 20739 E wpa_supplicant: nl80211: Failed to open /proc/sys/net/ipv4/conf/p2p-dev-wlan0/drop_unicast_in_l2_multicast: No such file or directory
12-08 13:56:11.631 20739 20739 E wpa_supplicant: nl80211: Failed to set IPv4 unicast in multicast filter
12-08 13:56:11.708 20739 20739 E wpa_supplicant: nl80211: Failed to open /proc/sys/net/ipv4/conf/p2p-dev-wlan0/drop_unicast_in_l2_multicast: No such file or directory
12-08 13:56:11.708 20739 20739 E wpa_supplicant: nl80211: Failed to set IPv4 unicast in multicast filter
12-08 13:56:11.766 21353 21353 E rrierdefaultap: Not starting debugger since process cannot load the jdwp agent.
12-08 13:56:11.884 20739 20739 E wpa_supplicant: nl80211: Failed to open /proc/sys/net/ipv4/conf/wlan0/drop_unicast_in_l2_multicast: No such file or directory
12-08 13:56:11.884 20739 20739 E wpa_supplicant: nl80211: Failed to set IPv4 unicast in multicast filter
12-08 13:56:11.888 20739 20739 E wpa_supplicant: nl80211: Failed to open /proc/sys/net/ipv4/conf/wlan0/drop_unicast_in_l2_multicast: No such file or directory
12-08 13:56:11.888 20739 20739 E wpa_supplicant: nl80211: Failed to set IPv4 unicast in multicast filter
12-08 13:56:11.976 20739 20739 E wpa_supplicant: nl80211: Failed to open /proc/sys/net/ipv4/conf/wlan0/drop_unicast_in_l2_multicast: No such file or directory
12-08 13:56:11.976 20739 20739 E wpa_supplicant: nl80211: Failed to set IPv4 unicast in multicast filter
12-08 13:56:12.384  1629  1629 E android.hardware.wifi@1.0-service: Failed to open directory: Permission denied
12-08 13:56:12.384  1629  1629 E android.hardware.wifi@1.0-service: Error occurred while deleting old tombstone files
12-08 13:56:12.385  1629  1629 E android.hardware.wifi@1.0-service: Error writing files to flash
12-08 13:56:12.555  1614 21372 E audio_hw_generic: pcm_open(in) failed: cannot open device '/dev/snd/pcmC0D0c': Device or resource busy: channels 2 format 0 rate 16000
12-08 13:56:12.716  1885  1971 E WifiP2pService: Unhandled message { when=-2ms what=131204 target=com.android.internal.util.StateMachine$SmHandler }
12-08 13:56:12.918  1885  1903 E BatteryExternalStatsWorker: no controller energy info supplied for wifi
12-08 13:56:13.031  2429 20783 E WakeLock: GCM_HB_ALARM release without a matched acquire!
12-08 13:56:13.294  2429 20783 E WakeLock: GCM_CONN_ALARM release without a matched acquire!
12-08 13:56:13.813  1629  1629 E android.hardware.wifi@1.0-service: Failed to register radio mode change callback
12-08 13:56:13.817  1629  1629 E android.hardware.wifi@1.0-service: Failed to set DFS flag; DFS channels may be unavailable.
12-08 13:56:13.954  1741  1741 E wificond: No Offload Service available
12-08 13:56:14.090  1885  1970 E WifiVendorHal: getBgScanCapabilities(l.671) failed {.code = ERROR_NOT_SUPPORTED, .description = }
12-08 13:56:14.162  1885  1971 E WifiP2pService: Unhandled message { when=0 what=131203 target=com.android.internal.util.StateMachine$SmHandler }
12-08 13:56:14.235  1885  1971 E WifiP2pService: Unhandled message { when=-1ms what=131203 target=com.android.internal.util.StateMachine$SmHandler }
12-08 13:56:14.258  1885  1903 E BatteryExternalStatsWorker: no controller energy info supplied for wifi
12-08 13:56:14.475  1614  1698 E audio_hw_generic: pcm_write failed cannot write stream data: I/O error
12-08 13:56:14.274  1885  1903 E BatteryExternalStatsWorker: no controller energy info supplied for wifi
12-08 13:56:15.120  1885  1972 E ConnectivityService: exception in setMtu()java.lang.IllegalStateException: command '474 interface setmtu radio0 1500' failed with '400 474 Failed to set MTU (Permission denied)'
12-08 13:56:15.696  2429 21402 E WakeLock: GCM_CONN_ALARM release without a matched acquire!
12-08 13:56:18.366  1885  1903 E BatteryExternalStatsWorker: no controller energy info supplied for wifi
12-08 13:56:18.419  2407  2407 E SchedPolicy: set_timerslack_ns write failed: Operation not permitted
12-08 13:56:18.546  1885  1968 E WifiVendorHal: stopRssiMonitoring(l.2404) failed {.code = ERROR_NOT_AVAILABLE, .description = }
12-08 13:56:19.228  1738  1800 E Netd    : Error adding route ::/0 -> fe80::ff:fe00:100 wlan0 to table 1003: File exists
12-08 13:56:19.276  2429 21417 E WakeLock: GCM_HB_ALARM release without a matched acquire!
12-08 13:56:19.461  2429 21419 E WakeLock: GCM_CONN_ALARM release without a matched acquire!
12-08 13:56:21.111  2407  2407 E SchedPolicy: set_timerslack_ns write failed: Operation not permitted
12-08 13:56:31.920  1885  1898 E memtrack: Couldn't load memtrack module
