--------- beginning of system
12-09 09:50:37.606  1885  4630 E WindowManager: Performed 6 layouts in a row. Skipping
12-09 09:50:37.637  1885  1938 E WindowManager: Performed 6 layouts in a row. Skipping
12-09 09:50:37.660  1885  1938 E WindowManager: Performed 6 layouts in a row. Skipping
--------- beginning of main
12-09 09:50:37.724  1885  1900 E WindowManager: Performed 6 layouts in a row. Skipping
12-09 09:50:37.759  1885  1938 E WindowManager: Performed 6 layouts in a row. Skipping
12-09 09:50:37.820  1885  1938 E WindowManager: Performed 6 layouts in a row. Skipping
12-09 09:50:37.848  1885  4357 E WindowManager: Performed 6 layouts in a row. Skipping
12-09 09:50:37.884  1885  1938 E WindowManager: Performed 6 layouts in a row. Skipping
12-09 09:50:37.975  1885  1938 E WindowManager: Performed 6 layouts in a row. Skipping
12-09 09:50:39.800  1885  1899 E ActivityManager: Failure starting process com.evancharlton.mileage
12-09 09:50:39.800  1885  1899 E ActivityManager: java.lang.SecurityException: Package com.evancharlton.mileage is currently frozen!
12-09 09:50:39.800  1885  1899 E ActivityManager: 	at com.android.server.pm.PackageManagerService.checkPackageStartable(PackageManagerService.java:4000)
12-09 09:50:39.800  1885  1899 E ActivityManager: 	at com.android.server.am.ActivityManagerService.startProcessLocked(ActivityManagerService.java:4234)
12-09 09:50:39.800  1885  1899 E ActivityManager: 	at com.android.server.am.ActivityManagerService.startProcessLocked(ActivityManagerService.java:4199)
12-09 09:50:39.800  1885  1899 E ActivityManager: 	at com.android.server.am.ActivityManagerService.startProcessLocked(ActivityManagerService.java:4181)
12-09 09:50:39.800  1885  1899 E ActivityManager: 	at com.android.server.am.ActivityManagerService.startProcessLocked(ActivityManagerService.java:4067)
12-09 09:50:39.800  1885  1899 E ActivityManager: 	at com.android.server.am.ActivityStackSupervisor.startSpecificActivityLocked(ActivityStackSupervisor.java:1715)
12-09 09:50:39.800  1885  1899 E ActivityManager: 	at com.android.server.am.ActivityStack.resumeTopActivityInnerLocked(ActivityStack.java:2764)
12-09 09:50:39.800  1885  1899 E ActivityManager: 	at com.android.server.am.ActivityStack.resumeTopActivityUncheckedLocked(ActivityStack.java:2302)
12-09 09:50:39.800  1885  1899 E ActivityManager: 	at com.android.server.am.ActivityStackSupervisor.resumeFocusedStackTopActivityLocked(ActivityStackSupervisor.java:2234)
12-09 09:50:39.800  1885  1899 E ActivityManager: 	at com.android.server.am.ActivityStackSupervisor.resumeFocusedStackTopActivityLocked(ActivityStackSupervisor.java:2218)
12-09 09:50:39.800  1885  1899 E ActivityManager: 	at com.android.server.am.ActivityManagerService.handleAppDiedLocked(ActivityManagerService.java:5923)
12-09 09:50:39.800  1885  1899 E ActivityManager: 	at com.android.server.am.ActivityManagerService.removeProcessLocked(ActivityManagerService.java:7501)
12-09 09:50:39.800  1885  1899 E ActivityManager: 	at com.android.server.am.ActivityManagerService.killPackageProcessesLocked(ActivityManagerService.java:7142)
12-09 09:50:39.800  1885  1899 E ActivityManager: 	at com.android.server.am.ActivityManagerService.forceStopPackageLocked(ActivityManagerService.java:7275)
12-09 09:50:39.800  1885  1899 E ActivityManager: 	at com.android.server.am.ActivityManagerService$MainHandler.handleMessage(ActivityManagerService.java:2289)
12-09 09:50:39.800  1885  1899 E ActivityManager: 	at android.os.Handler.dispatchMessage(Handler.java:106)
12-09 09:50:39.800  1885  1899 E ActivityManager: 	at android.os.Looper.loop(Looper.java:193)
12-09 09:50:39.800  1885  1899 E ActivityManager: 	at android.os.HandlerThread.run(HandlerThread.java:65)
12-09 09:50:39.800  1885  1899 E ActivityManager: 	at com.android.server.ServiceThread.run(ServiceThread.java:44)
12-09 09:50:40.477  9968  9968 E id.defcontaine: Not starting debugger since process cannot load the jdwp agent.
12-09 09:50:40.586  9985  9985 E oid.documentsu: Not starting debugger since process cannot load the jdwp agent.
12-09 09:50:40.673  9998  9998 E ndroid.keychai: Not starting debugger since process cannot load the jdwp agent.
12-09 09:50:41.328 10040 10040 E droid.apps.doc: Not starting debugger since process cannot load the jdwp agent.
12-09 09:50:42.279 10067 10067 E d.process.medi: Not starting debugger since process cannot load the jdwp agent.
12-09 09:50:42.575 10085 10085 E ocess.gservice: Not starting debugger since process cannot load the jdwp agent.
12-09 09:50:43.469 10040 10040 E DocsApplication: [main] No default account found during application creation.
12-09 09:50:44.485  1731  1949 E         : Couldn't opendir /data/app/vmdl1635905049.tmp: No such file or directory
12-09 09:50:44.485  1731  1949 E installd: Failed to delete /data/app/vmdl1635905049.tmp: No such file or directory
12-09 09:50:47.813 10143 10143 E harlton.mileag: Not starting debugger since process cannot load the jdwp agent.
12-09 09:50:49.014  1994  7294 E putmethod.lati: Invalid ID 0x00000005.
12-09 09:50:49.075  1994  7294 E LstmTrainingCache: emn: Can't get resource name for input slot
12-09 09:50:49.075  1994  7294 E LstmTrainingCache: android.content.res.Resources$NotFoundException: Unable to find resource ID #0x5
12-09 09:50:49.075  1994  7294 E LstmTrainingCache: 	at android.content.res.ResourcesImpl.getResourceName(ResourcesImpl.java:255)
12-09 09:50:49.075  1994  7294 E LstmTrainingCache: 	at android.content.res.Resources.getResourceName(Resources.java:1954)
12-09 09:50:49.075  1994  7294 E LstmTrainingCache: 	at emn.a(PG:12)
12-09 09:50:49.075  1994  7294 E LstmTrainingCache: 	at emk.run(PG:5)
12-09 09:50:49.075  1994  7294 E LstmTrainingCache: 	at java.lang.Thread.run(Thread.java:764)
12-09 09:50:49.330  1994  7294 E putmethod.lati: Invalid ID 0x00000001.
12-09 09:50:49.331  1994  7294 E LstmTrainingCache: emn: Can't get resource name for input slot
12-09 09:50:49.331  1994  7294 E LstmTrainingCache: android.content.res.Resources$NotFoundException: Unable to find resource ID #0x1
12-09 09:50:49.331  1994  7294 E LstmTrainingCache: 	at android.content.res.ResourcesImpl.getResourceName(ResourcesImpl.java:255)
12-09 09:50:49.331  1994  7294 E LstmTrainingCache: 	at android.content.res.Resources.getResourceName(Resources.java:1954)
12-09 09:50:49.331  1994  7294 E LstmTrainingCache: 	at emn.a(PG:12)
12-09 09:50:49.331  1994  7294 E LstmTrainingCache: 	at emk.run(PG:5)
12-09 09:50:49.331  1994  7294 E LstmTrainingCache: 	at java.lang.Thread.run(Thread.java:764)
12-09 09:50:56.482  1633  1633 E lowmemorykiller: Error writing /proc/10040/oom_score_adj; errno=22
12-09 09:51:01.887 10174 10174 E emui:screensho: Not starting debugger since process cannot load the jdwp agent.
12-09 09:51:03.157 10174 10174 E SoundPool: error loading /product/media/audio/ui/camera_click.ogg
12-09 09:51:03.499  1741  2074 E OMXNodeInstance: getConfig(0xe97a6a20:google.vorbis.decoder, ConfigAndroidVendorExtension(0x6f100004)) ERROR: Undefined(0x80001001)
12-09 09:51:06.440 10205 10205 E d.process.medi: Not starting debugger since process cannot load the jdwp agent.
12-09 09:51:07.738  2342  6597 E s.nexuslaunche: Failed to open APK '/data/app/com.evancharlton.mileage-nDBtOZTRrcNSbIJo58oYVA==/base.apk' I/O error
12-09 09:51:07.748  2342  6597 E ResourcesManager: failed to add asset path /data/app/com.evancharlton.mileage-nDBtOZTRrcNSbIJo58oYVA==/base.apk
12-09 09:51:08.392  1994  1994 E RecyclerView: No adapter attached; skipping layout
12-09 09:51:08.394  1994  1994 E RecyclerView: No adapter attached; skipping layout
12-09 09:51:10.512  2378  9894 E ctxmgr  : [ProducerStatusImpl]updateStateForNewContextData: inactive, contextName=7
12-09 09:51:10.577  2378  3140 E PlaceInferenceEngine: Position timestamp out of order. Previous: 1544348847598, Current: 1544331070000. Skipping this Position.
12-09 09:51:10.870  2378  2378 E BeaconBle: Missing BluetoothAdapter
12-09 09:51:10.962  2378  2378 E BeaconBle: Scan couldn't start for Places
12-09 09:51:13.974  1834  1834 E netmgr  : Failed to open QEMU pipe 'qemud:network': Invalid argument
12-09 09:51:13.974  1834  1834 E netmgr  : WifiForwarder unable to open QEMU pipe: Invalid argument
12-09 09:51:18.543 10235 10235 E oid.apps.photo: Not starting debugger since process cannot load the jdwp agent.
12-09 09:51:21.963  1739  1762 E storaged: getDiskStats failed with result NOT_SUPPORTED and size 0
12-09 09:51:31.158  8824  8824 E ContextIntentStarter: No activity found for any of the 0 intents
12-09 09:51:48.710 10288 10288 E id.partnersetu: Not starting debugger since process cannot load the jdwp agent.
12-09 09:51:48.890 10302 10302 E dboxed_process: Not starting debugger since process cannot load the jdwp agent.
12-09 09:51:50.391  8824  8824 E ClientVe: Failed to create ClientVisualElementsProto for user interaction on view com.google.android.apps.gsa.searchbox.ui.suggestions.views.CoreSuggestionView{693794b VFE...CL. ...P.... 0,142-1038,289 #2} because the view is not tagged for visual element logging.
12-09 09:51:50.672  8824  8824 E ClientVe: Failed to create ClientVisualElementsProto for user interaction on view com.google.android.apps.gsa.searchbox.ui.suggestions.views.CoreSuggestionView{693794b VFE...CL. ...P.... 0,142-1038,289 #2} because the view is not tagged for visual element logging.
12-09 09:51:50.973  8824  8824 E ClientVe: Failed to create ClientVisualElementsProto for user interaction on view com.google.android.apps.gsa.searchbox.ui.suggestions.views.p{1247dca VFE...CL. ...P.... 0,21-207,279 #5} because the view is not tagged for visual element logging.
12-09 09:51:54.805  8824  8824 E ClientVe: Failed to create ClientVisualElementsProto for user interaction on view com.google.android.apps.gsa.searchbox.ui.suggestions.views.p{1247dca VFE...CL. ...P.... 0,21-207,279 #5} because the view is not tagged for visual element logging.
12-09 09:51:55.241  8824  8832 E ReloadingLock: Finalizing LOCKED Token[searchresults_activity 2018-12-09 09:51:52.876]
12-09 09:51:57.518  8824  8824 E ClientVe: Failed to create ClientVisualElementsProto for user interaction on view com.google.android.apps.gsa.searchbox.ui.suggestions.views.CoreSuggestionView{6c1af28 VFE...CL. ...P.... 0,289-1038,436 #3} because the view is not tagged for visual element logging.
12-09 09:51:57.729  8824  8824 E ClientVe: Failed to create ClientVisualElementsProto for user interaction on view com.google.android.apps.gsa.searchbox.ui.suggestions.views.CoreSuggestionView{4c5f441 VFE...CL. ...P.... 0,436-1038,583 #4} because the view is not tagged for visual element logging.
12-09 09:51:58.792  8824  8824 E ClientVe: Failed to create ClientVisualElementsProto for user interaction on view com.google.android.apps.gsa.searchbox.ui.suggestions.views.p{f194b3b VFE...CL. ...P.... 207,21-414,279 #6} because the view is not tagged for visual element logging.
12-09 09:52:00.196  8824  8824 E ClientVe: Failed to create ClientVisualElementsProto for user interaction on view com.google.android.apps.gsa.searchbox.ui.suggestions.views.CoreSuggestionView{4c5f441 VFE...CL. ...P.... 0,436-1038,583 #4} because the view is not tagged for visual element logging.
12-09 09:52:00.250  8824  8824 E ClientVe: Failed to create ClientVisualElementsProto for user interaction on view com.google.android.apps.gsa.searchbox.ui.suggestions.views.CoreSuggestionView{6c1af28 VFE...CL. ...P.... 0,289-1038,436 #3} because the view is not tagged for visual element logging.
12-09 09:52:00.435  8824  8824 E ClientVe: Failed to create ClientVisualElementsProto for user interaction on view com.google.android.apps.gsa.searchbox.ui.suggestions.views.CoreSuggestionView{693794b VFE...CL. ...P.... 0,142-1038,289 #2} because the view is not tagged for visual element logging.
12-09 09:52:00.749  8824  8824 E ClientVe: Failed to create ClientVisualElementsProto for user interaction on view com.google.android.apps.gsa.searchbox.ui.suggestions.views.CoreSuggestionView{6c1af28 VFE...CL. ...p.... 0,289-1038,436 #3} because the view is not tagged for visual element logging.
12-09 09:52:00.934  8824  8824 E ClientVe: Failed to create ClientVisualElementsProto for user interaction on view com.google.android.apps.gsa.searchbox.ui.suggestions.views.CoreSuggestionView{6c1af28 VFE...CL. ......ID 0,289-1038,436 #3} because the view is not tagged for visual element logging.
12-09 09:52:08.979  1885  1898 E memtrack: Couldn't load memtrack module
12-09 09:52:11.132  1885  1898 E memtrack: Couldn't load memtrack module
12-09 09:52:13.979  1834  1834 E netmgr  : Failed to open QEMU pipe 'qemud:network': Invalid argument
12-09 09:52:13.979  1834  1834 E netmgr  : WifiForwarder unable to open QEMU pipe: Invalid argument
12-09 09:52:14.108  1885  1898 E memtrack: Couldn't load memtrack module
12-09 09:52:19.700  1885  3848 E WindowManager: Performed 6 layouts in a row. Skipping
12-09 09:52:19.725  1885  1938 E WindowManager: Performed 6 layouts in a row. Skipping
12-09 09:52:19.757  1885  1938 E WindowManager: Performed 6 layouts in a row. Skipping
12-09 09:52:19.798  1885  1938 E WindowManager: Performed 6 layouts in a row. Skipping
12-09 09:52:19.848  1885  1938 E WindowManager: Performed 6 layouts in a row. Skipping
12-09 09:52:19.861  1885  1900 E WindowManager: Performed 6 layouts in a row. Skipping
12-09 09:52:19.951  1885  1938 E WindowManager: Performed 6 layouts in a row. Skipping
12-09 09:52:19.980  1885  1938 E WindowManager: Performed 6 layouts in a row. Skipping
12-09 09:52:20.014  1885  1938 E WindowManager: Performed 6 layouts in a row. Skipping
12-09 09:52:20.035  1885  2488 E WindowManager: Performed 6 layouts in a row. Skipping
12-09 09:52:20.067  1885  1938 E WindowManager: Performed 6 layouts in a row. Skipping
12-09 09:52:20.088  1885  1938 E WindowManager: Performed 6 layouts in a row. Skipping
12-09 09:52:20.106  1885  2189 E WindowManager: Performed 6 layouts in a row. Skipping
12-09 09:52:20.131  1885  1938 E WindowManager: Performed 6 layouts in a row. Skipping
12-09 09:52:20.192  1885  1938 E WindowManager: Performed 6 layouts in a row. Skipping
12-09 09:52:20.242  1885  1900 E WindowManager: Performed 6 layouts in a row. Skipping
12-09 09:52:20.273  1885  1938 E WindowManager: Performed 6 layouts in a row. Skipping
12-09 09:52:20.299  1885  1938 E WindowManager: Performed 6 layouts in a row. Skipping
12-09 09:52:21.980  1739  1762 E storaged: getDiskStats failed with result NOT_SUPPORTED and size 0
