--------- beginning of system
12-08 13:18:47.904  1738  1772 E storaged: getDiskStats failed with result NOT_SUPPORTED and size 0
12-08 13:19:44.225  1881  4900 E InputMethodManagerService: Ignoring com.android.server.InputMethodManagerService.updateSystemUiLocked:2331 due to an invalid token. uid:10060 token:android.os.Binder@3883453
12-08 13:19:44.237  1881  4900 E InputMethodManagerService: Ignoring com.android.server.InputMethodManagerService.updateStatusIcon:2188 due to an invalid token. uid:10060 token:android.os.Binder@3883453
12-08 13:19:48.761  1738  1772 E storaged: getDiskStats failed with result NOT_SUPPORTED and size 0
--------- beginning of main
12-08 13:20:01.248  2448  7441 E ctxmgr  : [ProducerStatusImpl]updateStateForNewContextData: inactive, contextName=7
12-08 13:20:01.299  2448  7441 E ctxmgr  : [ProducerStatusImpl]updateStateForNewContextData: inactive, contextName=1
12-08 13:20:01.313  2448  7441 E ctxmgr  : [ProducerStatusImpl]updateStateForNewContextData: inactive, contextName=1
12-08 13:20:01.324  2448  7441 E ctxmgr  : [ProducerStatusImpl]updateStateForNewContextData: inactive, contextName=1
12-08 13:20:01.326  2448  7441 E ctxmgr  : [ProducerStatusImpl]updateStateForNewContextData: inactive, contextName=1
12-08 13:20:03.546  2448  2448 E BeaconBle: Missing BluetoothAdapter
12-08 13:20:03.695  2448  2448 E BeaconBle: Scan couldn't start for Places
12-08 13:20:08.310  2692  3033 E PBSessionCacheImpl: sessionId[11841085464322788] not persisted.
12-08 13:20:08.326  2692  3033 E PBSessionCacheImpl: sessionId[11841085464322788] not persisted.
12-08 13:20:08.535  1611  7588 E audio_hw_generic: pcm_open(in) failed: cannot open device '/dev/snd/pcmC0D0c': Device or resource busy: channels 2 format 0 rate 16000
12-08 13:20:10.788  1611  1695 E audio_hw_generic: pcm_write failed cannot write stream data: I/O error
12-08 13:20:20.811  1611  1695 E audio_hw_generic: pcm_write failed cannot write stream data: I/O error
12-08 13:20:35.277  1828  1828 E netmgr  : Failed to open QEMU pipe 'qemud:network': Invalid argument
12-08 13:20:35.278  1828  1828 E netmgr  : WifiForwarder unable to open QEMU pipe: Invalid argument
12-08 13:20:47.776  2448  7441 E ctxmgr  : [ProducerStatusImpl]updateStateForNewContextData: inactive, contextName=7
12-08 13:20:50.113  1738  1772 E storaged: getDiskStats failed with result NOT_SUPPORTED and size 0
12-08 13:20:50.258  2448  2448 E BeaconBle: Missing BluetoothAdapter
12-08 13:20:50.354  2448  2448 E BeaconBle: Scan couldn't start for Places
12-08 13:21:07.662  2692  2692 E ContextIntentStarter: No activity found for any of the 0 intents
12-08 13:21:14.969  1611  1695 E audio_hw_generic: pcm_write failed cannot write stream data: I/O error
12-08 13:21:22.292  2448  2870 E SynchronizedLE: asynchronous call timed out or was interrupted
12-08 13:21:24.997  1611  1695 E audio_hw_generic: pcm_write failed cannot write stream data: I/O error
12-08 13:21:25.083  2448  7581 E ctxmgr  : [ProducerStatusImpl]updateStateForNewContextData: inactive, contextName=7
12-08 13:21:27.586  2448  2448 E BeaconBle: Missing BluetoothAdapter
12-08 13:21:27.640  2448  2448 E BeaconBle: Scan couldn't start for Places
12-08 13:21:37.276  1828  1828 E netmgr  : Failed to open QEMU pipe 'qemud:network': Invalid argument
12-08 13:21:37.279  1828  1828 E netmgr  : WifiForwarder unable to open QEMU pipe: Invalid argument
12-08 13:21:49.785  1738  1772 E storaged: getDiskStats failed with result NOT_SUPPORTED and size 0
12-08 13:22:31.333  2475  6957 E SQLiteCastStore: Skip saving CastDeviceInfo: "Nearby device" (__cast_nearby___V_9da8d688-2a2e-4032-b958-5fc7747fc9a9)
12-08 13:22:33.797  1881  1896 E AutofillSession: No assist structure - app might have crashed providing it
12-08 13:22:38.601  1828  1828 E netmgr  : Failed to open QEMU pipe 'qemud:network': Invalid argument
12-08 13:22:38.601  1828  1828 E netmgr  : WifiForwarder unable to open QEMU pipe: Invalid argument
12-08 13:22:41.059  2494  2716 E PlayCommon: [101] com.google.android.play.b.g.a(448): Failed to connect to server: java.net.UnknownHostException: Unable to resolve host "play.googleapis.com": No address associated with hostname
12-08 13:22:43.473  1881  1896 E AutofillSession: No assist structure - app might have crashed providing it
12-08 13:22:50.561  1738  1772 E storaged: getDiskStats failed with result NOT_SUPPORTED and size 0
