--------- beginning of main
--------- beginning of system
12-08 05:34:58.994 25091 25091 E oid.documentsu: Not starting debugger since process cannot load the jdwp agent.
12-08 05:34:59.000 25098 25098 E ndroid.keychai: Not starting debugger since process cannot load the jdwp agent.
12-08 05:34:59.901 25149 25149 E droid.apps.doc: Not starting debugger since process cannot load the jdwp agent.
12-08 05:35:01.102 25175 25175 E d.process.medi: Not starting debugger since process cannot load the jdwp agent.
12-08 05:35:01.639 25201 25201 E ocess.gservice: Not starting debugger since process cannot load the jdwp agent.
12-08 05:35:02.422 25149 25149 E DocsApplication: [main] No default account found during application creation.
12-08 05:35:02.863  1729  1752 E         : Couldn't opendir /data/app/vmdl815979518.tmp: No such file or directory
12-08 05:35:02.863  1729  1752 E installd: Failed to delete /data/app/vmdl815979518.tmp: No such file or directory
12-08 05:35:06.542 25243 25243 E harlton.mileag: Not starting debugger since process cannot load the jdwp agent.
12-08 05:35:07.570 25261 25261 E id.partnersetu: Not starting debugger since process cannot load the jdwp agent.
12-08 05:35:09.605 10641 10670 E AttachedClient: Dropping clientEvent = MONET_CLIENT_EVENT coming from client[46801157164318422]
12-08 05:35:09.607 10641 10670 E AttachedClient: Dropping clientEvent = MONET_CLIENT_EVENT coming from client[46801157164318422]
12-08 05:35:09.610 10641 10670 E AttachedClient: Dropping clientEvent = MONET_CLIENT_LIFECYCLE_EVENT coming from client[46801157164318422]
12-08 05:35:09.617 10641 10670 E AttachedClient: Dropping clientEvent = ACETONE_LOG_VERSION coming from client[46801157164318422]
12-08 05:35:09.617 16085 31762 E putmethod.lati: Invalid ID 0x00000001.
12-08 05:35:09.622 10641 10670 E AttachedClient: Dropping clientEvent = UPDATE_SEARCHPLATE_MIC coming from client[46801157164318422]
12-08 05:35:09.623 10641 10670 E AttachedClient: Dropping clientEvent = MONET_CLIENT_EVENT coming from client[46801157164318422]
12-08 05:35:09.623 10641 10670 E AttachedClient: Dropping clientEvent = MONET_CLIENT_LIFECYCLE_EVENT coming from client[46801157164318422]
12-08 05:35:09.624 10641 10670 E AttachedClient: Dropping clientEvent = SET_HOTWORD_DETECTION_ENABLED coming from client[46801157164318422]
12-08 05:35:09.636 10641 10670 E AttachedClient: Dropping clientEvent = MONET_CLIENT_LIFECYCLE_EVENT coming from client[46801157164318422]
12-08 05:35:09.636 10641 10670 E AttachedClient: Dropping clientEvent = SET_HOTWORD_DETECTION_ENABLED coming from client[46801157164318422]
12-08 05:35:09.636 16085 31762 E LstmTrainingCache: emn: Can't get resource name for input slot
12-08 05:35:09.636 16085 31762 E LstmTrainingCache: android.content.res.Resources$NotFoundException: Unable to find resource ID #0x1
12-08 05:35:09.636 16085 31762 E LstmTrainingCache: 	at android.content.res.ResourcesImpl.getResourceName(ResourcesImpl.java:255)
12-08 05:35:09.636 16085 31762 E LstmTrainingCache: 	at android.content.res.Resources.getResourceName(Resources.java:1954)
12-08 05:35:09.636 16085 31762 E LstmTrainingCache: 	at emn.a(PG:12)
12-08 05:35:09.636 16085 31762 E LstmTrainingCache: 	at emk.run(PG:5)
12-08 05:35:09.636 16085 31762 E LstmTrainingCache: 	at java.lang.Thread.run(Thread.java:764)
12-08 05:35:09.636 10641 10670 E AttachedClient: Dropping clientEvent = MONET_CLIENT_LIFECYCLE_EVENT coming from client[46801157164318422]
12-08 05:35:14.583  1829  1829 E netmgr  : Failed to open QEMU pipe 'qemud:network': Invalid argument
12-08 05:35:14.584  1829  1829 E netmgr  : WifiForwarder unable to open QEMU pipe: Invalid argument
12-08 05:35:15.732 25287 25287 E emui:screensho: Not starting debugger since process cannot load the jdwp agent.
12-08 05:35:16.570 25287 25287 E SoundPool: error loading /product/media/audio/ui/camera_click.ogg
12-08 05:35:16.894  1739  2068 E OMXNodeInstance: getConfig(0xee326b40:google.vorbis.decoder, ConfigAndroidVendorExtension(0x6f100004)) ERROR: Undefined(0x80001001)
12-08 05:35:22.638 16506 16506 E BeaconBle: Missing BluetoothAdapter
12-08 05:35:22.658 16506 16506 E BeaconBle: Scan couldn't start for Places
12-08 05:35:30.150 25337 25337 E oid.apps.photo: Not starting debugger since process cannot load the jdwp agent.
12-08 05:35:35.254  1737  1809 E storaged: getDiskStats failed with result NOT_SUPPORTED and size 0
12-08 05:35:47.539 10641 10641 E ContextIntentStarter: No activity found for any of the 0 intents
12-08 05:35:59.837 16506 22668 E ctxmgr  : [AppIntervalImpl]closeInterval: ongoing
12-08 05:35:59.845 16506 22668 E ctxmgr  : [AppIntervalImpl]closeInterval: ongoing
12-08 05:36:14.645  1829  1829 E netmgr  : Failed to open QEMU pipe 'qemud:network': Invalid argument
12-08 05:36:14.646  1829  1829 E netmgr  : WifiForwarder unable to open QEMU pipe: Invalid argument
12-08 05:36:35.267  1737  1809 E storaged: getDiskStats failed with result NOT_SUPPORTED and size 0
12-08 05:37:14.707  1829  1829 E netmgr  : Failed to open QEMU pipe 'qemud:network': Invalid argument
12-08 05:37:14.707  1829  1829 E netmgr  : WifiForwarder unable to open QEMU pipe: Invalid argument
12-08 05:37:35.271  1737  1809 E storaged: getDiskStats failed with result NOT_SUPPORTED and size 0
12-08 05:38:14.723  1829  1829 E netmgr  : Failed to open QEMU pipe 'qemud:network': Invalid argument
12-08 05:38:14.723  1829  1829 E netmgr  : WifiForwarder unable to open QEMU pipe: Invalid argument
12-08 05:38:35.272  1737  1809 E storaged: getDiskStats failed with result NOT_SUPPORTED and size 0
12-08 05:38:59.549 25463 25463 E id.gms.learnin: Not starting debugger since process cannot load the jdwp agent.
12-08 05:39:14.761  1829  1829 E netmgr  : Failed to open QEMU pipe 'qemud:network': Invalid argument
12-08 05:39:14.761  1829  1829 E netmgr  : WifiForwarder unable to open QEMU pipe: Invalid argument
12-08 05:39:35.294  1737  1809 E storaged: getDiskStats failed with result NOT_SUPPORTED and size 0
12-08 05:39:57.809 16788 17129 E PlayCommon: [121] com.google.android.play.b.g.a(448): Failed to connect to server: java.net.UnknownHostException: Unable to resolve host "play.googleapis.com": No address associated with hostname
12-08 05:40:12.806 25510 25510 E hod.latin:trai: Not starting debugger since process cannot load the jdwp agent.
12-08 05:40:14.820  1829  1829 E netmgr  : Failed to open QEMU pipe 'qemud:network': Invalid argument
12-08 05:40:14.821  1829  1829 E netmgr  : WifiForwarder unable to open QEMU pipe: Invalid argument
