--------- beginning of system
--------- beginning of main
12-08 13:18:16.307  1885  1957 E InputDispatcher: channel '459346b PopupWindow:ad91cdb (server)' ~ Channel is unrecoverably broken and will be disposed!
12-08 13:18:16.308  1885  1957 E InputDispatcher: channel 'ba8fddc com.evancharlton.mileage/com.evancharlton.mileage.FieldListActivity (server)' ~ Channel is unrecoverably broken and will be disposed!
12-08 13:18:16.308  1885  1957 E InputDispatcher: channel '5b5fec1 com.evancharlton.mileage/com.evancharlton.mileage.FieldActivity (server)' ~ Channel is unrecoverably broken and will be disposed!
12-08 13:18:16.308  1885  1957 E InputDispatcher: channel '4beeaf4 com.evancharlton.mileage/com.evancharlton.mileage.Mileage (server)' ~ Channel is unrecoverably broken and will be disposed!
12-08 13:18:16.441  1885  1899 E ActivityManager: Failure starting process com.evancharlton.mileage
12-08 13:18:16.441  1885  1899 E ActivityManager: java.lang.SecurityException: Package com.evancharlton.mileage was not found!
12-08 13:18:16.441  1885  1899 E ActivityManager: 	at com.android.server.pm.PackageManagerService.checkPackageStartable(PackageManagerService.java:3987)
12-08 13:18:16.441  1885  1899 E ActivityManager: 	at com.android.server.am.ActivityManagerService.startProcessLocked(ActivityManagerService.java:4234)
12-08 13:18:16.441  1885  1899 E ActivityManager: 	at com.android.server.am.ActivityManagerService.startProcessLocked(ActivityManagerService.java:4199)
12-08 13:18:16.441  1885  1899 E ActivityManager: 	at com.android.server.am.ActivityManagerService.startProcessLocked(ActivityManagerService.java:4181)
12-08 13:18:16.441  1885  1899 E ActivityManager: 	at com.android.server.am.ActivityManagerService.startProcessLocked(ActivityManagerService.java:4067)
12-08 13:18:16.441  1885  1899 E ActivityManager: 	at com.android.server.am.ActivityStackSupervisor.startSpecificActivityLocked(ActivityStackSupervisor.java:1715)
12-08 13:18:16.441  1885  1899 E ActivityManager: 	at com.android.server.am.ActivityStack.resumeTopActivityInnerLocked(ActivityStack.java:2764)
12-08 13:18:16.441  1885  1899 E ActivityManager: 	at com.android.server.am.ActivityStack.resumeTopActivityUncheckedLocked(ActivityStack.java:2302)
12-08 13:18:16.441  1885  1899 E ActivityManager: 	at com.android.server.am.ActivityStackSupervisor.resumeFocusedStackTopActivityLocked(ActivityStackSupervisor.java:2234)
12-08 13:18:16.441  1885  1899 E ActivityManager: 	at com.android.server.am.ActivityStackSupervisor.resumeFocusedStackTopActivityLocked(ActivityStackSupervisor.java:2218)
12-08 13:18:16.441  1885  1899 E ActivityManager: 	at com.android.server.am.ActivityManagerService.handleAppDiedLocked(ActivityManagerService.java:5923)
12-08 13:18:16.441  1885  1899 E ActivityManager: 	at com.android.server.am.ActivityManagerService.removeProcessLocked(ActivityManagerService.java:7501)
12-08 13:18:16.441  1885  1899 E ActivityManager: 	at com.android.server.am.ActivityManagerService.killPackageProcessesLocked(ActivityManagerService.java:7142)
12-08 13:18:16.441  1885  1899 E ActivityManager: 	at com.android.server.am.ActivityManagerService.forceStopPackageLocked(ActivityManagerService.java:7275)
12-08 13:18:16.441  1885  1899 E ActivityManager: 	at com.android.server.am.ActivityManagerService$MainHandler.handleMessage(ActivityManagerService.java:2289)
12-08 13:18:16.441  1885  1899 E ActivityManager: 	at android.os.Handler.dispatchMessage(Handler.java:106)
12-08 13:18:16.441  1885  1899 E ActivityManager: 	at android.os.Looper.loop(Looper.java:193)
12-08 13:18:16.441  1885  1899 E ActivityManager: 	at android.os.HandlerThread.run(HandlerThread.java:65)
12-08 13:18:16.441  1885  1899 E ActivityManager: 	at com.android.server.ServiceThread.run(ServiceThread.java:44)
12-08 13:18:17.841  2429  9802 E ctxmgr  : [ProducerStatusImpl]updateStateForNewContextData: inactive, contextName=7
12-08 13:18:18.228  2429  2429 E BeaconBle: Scan couldn't start for Places
12-08 13:18:20.274  1732  1934 E         : Couldn't opendir /data/app/vmdl235675686.tmp: No such file or directory
12-08 13:18:20.274  1732  1934 E installd: Failed to delete /data/app/vmdl235675686.tmp: No such file or directory
12-08 13:18:21.646 10482 10482 E harlton.mileag: Not starting debugger since process cannot load the jdwp agent.
12-08 13:18:28.673  1885  1902 E libprocessgroup: Error encountered killing process cgroup uid 99015 pid 10364: No such file or directory
12-08 13:18:28.680  1996  2601 E putmethod.lati: Invalid ID 0x00000001.
12-08 13:18:28.684  1996  2601 E LstmTrainingCache: emn: Can't get resource name for input slot
12-08 13:18:28.684  1996  2601 E LstmTrainingCache: android.content.res.Resources$NotFoundException: Unable to find resource ID #0x1
12-08 13:18:28.684  1996  2601 E LstmTrainingCache: 	at android.content.res.ResourcesImpl.getResourceName(ResourcesImpl.java:255)
12-08 13:18:28.684  1996  2601 E LstmTrainingCache: 	at android.content.res.Resources.getResourceName(Resources.java:1954)
12-08 13:18:28.684  1996  2601 E LstmTrainingCache: 	at emn.a(PG:12)
12-08 13:18:28.684  1996  2601 E LstmTrainingCache: 	at emk.run(PG:5)
12-08 13:18:28.684  1996  2601 E LstmTrainingCache: 	at java.lang.Thread.run(Thread.java:764)
12-08 13:18:32.501  1885  1898 E memtrack: Couldn't load memtrack module
12-08 13:18:33.871  2429 10352 E ctxmgr  : [ProducerStatusImpl]updateStateForNewContextData: inactive, contextName=7
12-08 13:18:34.284  2429  2429 E BeaconBle: Missing BluetoothAdapter
12-08 13:18:34.529  2429  2429 E BeaconBle: Scan couldn't start for Places
12-08 13:18:37.251  2540  2540 E ContextIntentStarter: No activity found for any of the 0 intents
12-08 13:18:38.626  9153  9153 E wpa_supplicant: nl80211: Failed to open /proc/sys/net/ipv4/conf/p2p-dev-wlan0/drop_unicast_in_l2_multicast: No such file or directory
12-08 13:18:38.626  9153  9153 E wpa_supplicant: nl80211: Failed to set IPv4 unicast in multicast filter
12-08 13:18:38.685  9153  9153 E wpa_supplicant: nl80211: Failed to open /proc/sys/net/ipv4/conf/p2p-dev-wlan0/drop_unicast_in_l2_multicast: No such file or directory
12-08 13:18:38.686  9153  9153 E wpa_supplicant: nl80211: Failed to set IPv4 unicast in multicast filter
12-08 13:18:38.843  9153  9153 E wpa_supplicant: nl80211: Failed to open /proc/sys/net/ipv4/conf/wlan0/drop_unicast_in_l2_multicast: No such file or directory
12-08 13:18:38.843  9153  9153 E wpa_supplicant: nl80211: Failed to set IPv4 unicast in multicast filter
12-08 13:18:38.843  9153  9153 E wpa_supplicant: nl80211: Failed to open /proc/sys/net/ipv4/conf/wlan0/drop_unicast_in_l2_multicast: No such file or directory
12-08 13:18:38.843  9153  9153 E wpa_supplicant: nl80211: Failed to set IPv4 unicast in multicast filter
12-08 13:18:38.919  9153  9153 E wpa_supplicant: nl80211: Failed to open /proc/sys/net/ipv4/conf/wlan0/drop_unicast_in_l2_multicast: No such file or directory
12-08 13:18:38.919  9153  9153 E wpa_supplicant: nl80211: Failed to set IPv4 unicast in multicast filter
12-08 13:18:39.014  1885  9158 E ConnectivityPacketTracker.wlan0: readPacket error: 
12-08 13:18:39.014  1885  9158 E ConnectivityPacketTracker.wlan0: android.system.ErrnoException: read failed: ENETDOWN (Network is down)
12-08 13:18:39.014  1885  9158 E ConnectivityPacketTracker.wlan0: 	at libcore.io.Linux.readBytes(Native Method)
12-08 13:18:39.014  1885  9158 E ConnectivityPacketTracker.wlan0: 	at libcore.io.Linux.read(Linux.java:184)
12-08 13:18:39.014  1885  9158 E ConnectivityPacketTracker.wlan0: 	at libcore.io.BlockGuardOs.read(BlockGuardOs.java:254)
12-08 13:18:39.014  1885  9158 E ConnectivityPacketTracker.wlan0: 	at android.system.Os.read(Os.java:414)
12-08 13:18:39.014  1885  9158 E ConnectivityPacketTracker.wlan0: 	at android.net.util.PacketReader.readPacket(PacketReader.java:137)
12-08 13:18:39.014  1885  9158 E ConnectivityPacketTracker.wlan0: 	at android.net.util.PacketReader.handleInput(PacketReader.java:207)
12-08 13:18:39.014  1885  9158 E ConnectivityPacketTracker.wlan0: 	at android.net.util.PacketReader.access$100(PacketReader.java:70)
12-08 13:18:39.014  1885  9158 E ConnectivityPacketTracker.wlan0: 	at android.net.util.PacketReader$1.onFileDescriptorEvents(PacketReader.java:189)
12-08 13:18:39.014  1885  9158 E ConnectivityPacketTracker.wlan0: 	at android.os.MessageQueue.dispatchEvents(MessageQueue.java:285)
12-08 13:18:39.014  1885  9158 E ConnectivityPacketTracker.wlan0: 	at android.os.MessageQueue.nativePollOnce(Native Method)
12-08 13:18:39.014  1885  9158 E ConnectivityPacketTracker.wlan0: 	at android.os.MessageQueue.next(MessageQueue.java:326)
12-08 13:18:39.014  1885  9158 E ConnectivityPacketTracker.wlan0: 	at android.os.Looper.loop(Looper.java:160)
12-08 13:18:39.014  1885  9158 E ConnectivityPacketTracker.wlan0: 	at android.os.HandlerThread.run(HandlerThread.java:65)
12-08 13:18:39.017  1885  9166 E DhcpClient: Read error
12-08 13:18:39.017  1885  9166 E DhcpClient: android.system.ErrnoException: read failed: ENETDOWN (Network is down)
12-08 13:18:39.017  1885  9166 E DhcpClient: 	at libcore.io.Linux.readBytes(Native Method)
12-08 13:18:39.017  1885  9166 E DhcpClient: 	at libcore.io.Linux.read(Linux.java:184)
12-08 13:18:39.017  1885  9166 E DhcpClient: 	at libcore.io.BlockGuardOs.read(BlockGuardOs.java:254)
12-08 13:18:39.017  1885  9166 E DhcpClient: 	at android.system.Os.read(Os.java:414)
12-08 13:18:39.017  1885  9166 E DhcpClient: 	at android.net.dhcp.DhcpClient$ReceiveThread.run(DhcpClient.java:364)
12-08 13:18:39.158  1614 10547 E audio_hw_generic: pcm_open(in) failed: cannot open device '/dev/snd/pcmC0D0c': Device or resource busy: channels 2 format 0 rate 16000
12-08 13:18:39.191 10549 10549 E rrierdefaultap: Not starting debugger since process cannot load the jdwp agent.
12-08 13:18:39.241  1629  1629 E android.hardware.wifi@1.0-service: Failed to open directory: Permission denied
12-08 13:18:39.241  1629  1629 E android.hardware.wifi@1.0-service: Error occurred while deleting old tombstone files
12-08 13:18:39.241  1629  1629 E android.hardware.wifi@1.0-service: Error writing files to flash
12-08 13:18:39.394  1885  1898 E GnssLocationProvider: no AGPS interface in set_agps_server
12-08 13:18:39.501  1885  1968 E SupplicantStaIfaceHal: Can't call setPowerSave, ISupplicantStaIface is null
12-08 13:18:39.501  1885  1968 E SupplicantStaIfaceHal: Can't call setBtCoexistenceMode, ISupplicantStaIface is null
12-08 13:18:39.518  1885  1968 E HalDevMgr: Should have at least 1 chip!
12-08 13:18:39.518  1885  1968 E HalDevMgr: dispatchAvailableForRequestListeners: no chip info found
12-08 13:18:39.544  1885  1968 E SupplicantStaIfaceHal: Can't call listNetworks, ISupplicantStaIface is null
12-08 13:18:39.544  1885  1968 E SupplicantStaIfaceHal: removeAllNetworks failed, got null networks
12-08 13:18:39.544  1885  1968 E WifiStateMachine: Failed to remove networks on exiting connect mode
12-08 13:18:39.544  1885  1971 E WifiP2pService: Unhandled message { when=0 what=131204 target=com.android.internal.util.StateMachine$SmHandler }
12-08 13:18:39.655  2429  9723 E WakeLock: GCM_HB_ALARM release without a matched acquire!
12-08 13:18:39.718  2429  9723 E GCM     : Connection closed with errorCode 20
12-08 13:18:39.720  1885  1903 E BatteryExternalStatsWorker: no controller energy info supplied for wifi
12-08 13:18:39.741  1885  1970 E WificondControl: No valid wificond scanner interface handler
12-08 13:18:39.795  1885  1903 E BatteryExternalStatsWorker: no controller energy info supplied for wifi
12-08 13:18:40.747 10573 10573 E .android.diale: Not starting debugger since process cannot load the jdwp agent.
12-08 13:18:41.112  1629  1629 E android.hardware.wifi@1.0-service: Failed to register radio mode change callback
12-08 13:18:41.114  1629  1629 E android.hardware.wifi@1.0-service: Failed to set DFS flag; DFS channels may be unavailable.
12-08 13:18:41.143  1741  1741 E wificond: No Offload Service available
12-08 13:18:41.143  1885  1968 E SupplicantStaIfaceHal: Can't call setupIface, ISupplicantStaIface is null
12-08 13:18:41.284  1885  1970 E WifiVendorHal: getBgScanCapabilities(l.671) failed {.code = ERROR_NOT_SUPPORTED, .description = }
12-08 13:18:41.333  1885  1971 E WifiP2pService: Unhandled message { when=-1ms what=131203 target=com.android.internal.util.StateMachine$SmHandler }
12-08 13:18:41.342  1885  1971 E WifiP2pService: Unhandled message { when=0 what=131203 target=com.android.internal.util.StateMachine$SmHandler }
12-08 13:18:41.367  1885  1903 E BatteryExternalStatsWorker: no controller energy info supplied for wifi
12-08 13:18:41.376  1885  1903 E BatteryExternalStatsWorker: no controller energy info supplied for wifi
12-08 13:18:42.230 10573 10573 E .android.diale: The String#value field is not present on Android versions >= 6.0
12-08 13:18:42.570  1885  1898 E GnssLocationProvider: no AGPS interface in set_agps_server
12-08 13:18:44.188  1885  1898 E GnssLocationProvider: no AGPS interface in set_agps_server
12-08 13:18:44.254 10571 10571 E wpa_supplicant: nl80211: Failed to open /proc/sys/net/ipv4/conf/p2p-dev-wlan0/drop_unicast_in_l2_multicast: No such file or directory
12-08 13:18:44.255 10571 10571 E wpa_supplicant: nl80211: Failed to set IPv4 unicast in multicast filter
12-08 13:18:44.255 10571 10571 E wpa_supplicant: nl80211: Failed to open /proc/sys/net/ipv4/conf/p2p-dev-wlan0/drop_unicast_in_l2_multicast: No such file or directory
12-08 13:18:44.255 10571 10571 E wpa_supplicant: nl80211: Failed to set IPv4 unicast in multicast filter
12-08 13:18:44.358 10571 10571 E wpa_supplicant: nl80211: Failed to open /proc/sys/net/ipv4/conf/wlan0/drop_unicast_in_l2_multicast: No such file or directory
12-08 13:18:44.358 10571 10571 E wpa_supplicant: nl80211: Failed to set IPv4 unicast in multicast filter
12-08 13:18:44.488 10571 10571 E wpa_supplicant: nl80211: Failed to open /proc/sys/net/ipv4/conf/wlan0/drop_unicast_in_l2_multicast: No such file or directory
12-08 13:18:44.488 10571 10571 E wpa_supplicant: nl80211: Failed to set IPv4 unicast in multicast filter
12-08 13:18:44.682  1629  1629 E android.hardware.wifi@1.0-service: Failed to open directory: Permission denied
12-08 13:18:44.682  1629  1629 E android.hardware.wifi@1.0-service: Error occurred while deleting old tombstone files
12-08 13:18:44.682  1629  1629 E android.hardware.wifi@1.0-service: Error writing files to flash
12-08 13:18:44.708  1885  1972 E ConnectivityService: exception in setMtu()java.lang.IllegalStateException: command '71 interface setmtu radio0 1500' failed with '400 71 Failed to set MTU (Permission denied)'
12-08 13:18:44.893  1885  1968 E SupplicantStaIfaceHal: Can't call setPowerSave, ISupplicantStaIface is null
12-08 13:18:44.893  1885  1968 E SupplicantStaIfaceHal: Can't call setBtCoexistenceMode, ISupplicantStaIface is null
12-08 13:18:44.894  1885  1968 E HalDevMgr: Should have at least 1 chip!
12-08 13:18:44.894  1885  1968 E HalDevMgr: dispatchAvailableForRequestListeners: no chip info found
12-08 13:18:44.912  1885  1968 E SupplicantStaIfaceHal: Can't call listNetworks, ISupplicantStaIface is null
12-08 13:18:44.912  1885  1968 E SupplicantStaIfaceHal: removeAllNetworks failed, got null networks
12-08 13:18:44.912  1885  1968 E WifiStateMachine: Failed to remove networks on exiting connect mode
12-08 13:18:44.913  1885  1971 E WifiP2pService: Unhandled message { when=-1ms what=131204 target=com.android.internal.util.StateMachine$SmHandler }
12-08 13:18:44.928  1885  1970 E WificondControl: No valid wificond scanner interface handler
12-08 13:18:44.930  1885  1903 E BatteryExternalStatsWorker: no controller energy info supplied for wifi
12-08 13:18:45.301  1629  1629 E android.hardware.wifi@1.0-service: Failed to register radio mode change callback
12-08 13:18:45.302  1629  1629 E android.hardware.wifi@1.0-service: Failed to set DFS flag; DFS channels may be unavailable.
12-08 13:18:45.323  1741  1741 E wificond: No Offload Service available
12-08 13:18:45.328  1885  1968 E SupplicantStaIfaceHal: Can't call setupIface, ISupplicantStaIface is null
12-08 13:18:45.372  1885  1970 E WifiVendorHal: getBgScanCapabilities(l.671) failed {.code = ERROR_NOT_SUPPORTED, .description = }
12-08 13:18:45.432  1885  1971 E WifiP2pService: Unhandled message { when=-1ms what=131203 target=com.android.internal.util.StateMachine$SmHandler }
12-08 13:18:45.473  1885  1971 E WifiP2pService: Unhandled message { when=-1ms what=131203 target=com.android.internal.util.StateMachine$SmHandler }
12-08 13:18:45.490  1885  1968 E WifiScanRequestProxy: Scan failure received. reason: -1,description: Scan was interrupted
12-08 13:18:45.518  1885  1903 E BatteryExternalStatsWorker: no controller energy info supplied for wifi
12-08 13:18:45.561  1885  1903 E BatteryExternalStatsWorker: no controller energy info supplied for wifi
12-08 13:18:45.793  2429 10643 E WakeLock: GCM_HB_ALARM release without a matched acquire!
