--------- beginning of main
--------- beginning of system
12-09 09:57:31.839  1885  1899 E ActivityManager: Failure starting process com.evancharlton.mileage
12-09 09:57:31.839  1885  1899 E ActivityManager: java.lang.SecurityException: Package com.evancharlton.mileage was not found!
12-09 09:57:31.839  1885  1899 E ActivityManager: 	at com.android.server.pm.PackageManagerService.checkPackageStartable(PackageManagerService.java:3987)
12-09 09:57:31.839  1885  1899 E ActivityManager: 	at com.android.server.am.ActivityManagerService.startProcessLocked(ActivityManagerService.java:4234)
12-09 09:57:31.839  1885  1899 E ActivityManager: 	at com.android.server.am.ActivityManagerService.startProcessLocked(ActivityManagerService.java:4199)
12-09 09:57:31.839  1885  1899 E ActivityManager: 	at com.android.server.am.ActivityManagerService.startProcessLocked(ActivityManagerService.java:4181)
12-09 09:57:31.839  1885  1899 E ActivityManager: 	at com.android.server.am.ActivityManagerService.startProcessLocked(ActivityManagerService.java:4067)
12-09 09:57:31.839  1885  1899 E ActivityManager: 	at com.android.server.am.ActivityStackSupervisor.startSpecificActivityLocked(ActivityStackSupervisor.java:1715)
12-09 09:57:31.839  1885  1899 E ActivityManager: 	at com.android.server.am.ActivityStack.resumeTopActivityInnerLocked(ActivityStack.java:2764)
12-09 09:57:31.839  1885  1899 E ActivityManager: 	at com.android.server.am.ActivityStack.resumeTopActivityUncheckedLocked(ActivityStack.java:2302)
12-09 09:57:31.839  1885  1899 E ActivityManager: 	at com.android.server.am.ActivityStackSupervisor.resumeFocusedStackTopActivityLocked(ActivityStackSupervisor.java:2234)
12-09 09:57:31.839  1885  1899 E ActivityManager: 	at com.android.server.am.ActivityStackSupervisor.resumeFocusedStackTopActivityLocked(ActivityStackSupervisor.java:2218)
12-09 09:57:31.839  1885  1899 E ActivityManager: 	at com.android.server.am.ActivityManagerService.handleAppDiedLocked(ActivityManagerService.java:5923)
12-09 09:57:31.839  1885  1899 E ActivityManager: 	at com.android.server.am.ActivityManagerService.removeProcessLocked(ActivityManagerService.java:7501)
12-09 09:57:31.839  1885  1899 E ActivityManager: 	at com.android.server.am.ActivityManagerService.killPackageProcessesLocked(ActivityManagerService.java:7142)
12-09 09:57:31.839  1885  1899 E ActivityManager: 	at com.android.server.am.ActivityManagerService.forceStopPackageLocked(ActivityManagerService.java:7275)
12-09 09:57:31.839  1885  1899 E ActivityManager: 	at com.android.server.am.ActivityManagerService$MainHandler.handleMessage(ActivityManagerService.java:2289)
12-09 09:57:31.839  1885  1899 E ActivityManager: 	at android.os.Handler.dispatchMessage(Handler.java:106)
12-09 09:57:31.839  1885  1899 E ActivityManager: 	at android.os.Looper.loop(Looper.java:193)
12-09 09:57:31.839  1885  1899 E ActivityManager: 	at android.os.HandlerThread.run(HandlerThread.java:65)
12-09 09:57:31.839  1885  1899 E ActivityManager: 	at com.android.server.ServiceThread.run(ServiceThread.java:44)
12-09 09:57:32.444 11499 11499 E id.defcontaine: Not starting debugger since process cannot load the jdwp agent.
12-09 09:57:32.568 11517 11517 E oid.documentsu: Not starting debugger since process cannot load the jdwp agent.
12-09 09:57:32.688 11532 11532 E ndroid.keychai: Not starting debugger since process cannot load the jdwp agent.
12-09 09:57:33.379 11569 11569 E droid.apps.doc: Not starting debugger since process cannot load the jdwp agent.
12-09 09:57:34.184 11592 11592 E id.defcontaine: Not starting debugger since process cannot load the jdwp agent.
12-09 09:57:34.207 11604 11604 E d.process.medi: Not starting debugger since process cannot load the jdwp agent.
12-09 09:57:34.292 11625 11625 E ocess.gservice: Not starting debugger since process cannot load the jdwp agent.
12-09 09:57:35.185 11569 11569 E DocsApplication: [main] No default account found during application creation.
12-09 09:57:36.374  1731  1949 E         : Couldn't opendir /data/app/vmdl779220552.tmp: No such file or directory
12-09 09:57:36.375  1731  1949 E installd: Failed to delete /data/app/vmdl779220552.tmp: No such file or directory
12-09 09:57:39.913 11683 11683 E harlton.mileag: Not starting debugger since process cannot load the jdwp agent.
12-09 09:57:41.449  1994  7294 E putmethod.lati: Invalid ID 0x00000001.
12-09 09:57:41.459  1994  7294 E LstmTrainingCache: emn: Can't get resource name for input slot
12-09 09:57:41.459  1994  7294 E LstmTrainingCache: android.content.res.Resources$NotFoundException: Unable to find resource ID #0x1
12-09 09:57:41.459  1994  7294 E LstmTrainingCache: 	at android.content.res.ResourcesImpl.getResourceName(ResourcesImpl.java:255)
12-09 09:57:41.459  1994  7294 E LstmTrainingCache: 	at android.content.res.Resources.getResourceName(Resources.java:1954)
12-09 09:57:41.459  1994  7294 E LstmTrainingCache: 	at emn.a(PG:12)
12-09 09:57:41.459  1994  7294 E LstmTrainingCache: 	at emk.run(PG:5)
12-09 09:57:41.459  1994  7294 E LstmTrainingCache: 	at java.lang.Thread.run(Thread.java:764)
12-09 09:57:53.510 11720 11720 E emui:screensho: Not starting debugger since process cannot load the jdwp agent.
12-09 09:57:54.472 11720 11720 E SoundPool: error loading /product/media/audio/ui/camera_click.ogg
12-09 09:57:54.795  1741  2074 E OMXNodeInstance: getConfig(0xe9391180:google.vorbis.decoder, ConfigAndroidVendorExtension(0x6f100004)) ERROR: Undefined(0x80001001)
12-09 09:58:03.235  2378 10903 E ctxmgr  : [ProducerStatusImpl]updateStateForNewContextData: inactive, contextName=7
12-09 09:58:03.482  2378  2378 E BeaconBle: Missing BluetoothAdapter
12-09 09:58:03.616  2378  2378 E BeaconBle: Scan couldn't start for Places
12-09 09:58:08.153 11768 11768 E oid.apps.photo: Not starting debugger since process cannot load the jdwp agent.
12-09 09:58:09.200 11786 11786 E ocess.gservice: Not starting debugger since process cannot load the jdwp agent.
12-09 09:58:13.990  1834  1834 E netmgr  : Failed to open QEMU pipe 'qemud:network': Invalid argument
12-09 09:58:13.991  1834  1834 E netmgr  : WifiForwarder unable to open QEMU pipe: Invalid argument
12-09 09:58:22.014  1739  1762 E storaged: getDiskStats failed with result NOT_SUPPORTED and size 0
12-09 09:58:22.749 11055 11055 E ContextIntentStarter: No activity found for any of the 0 intents
12-09 09:58:23.757  1885  2494 E WindowManager: Performed 6 layouts in a row. Skipping
12-09 09:58:23.779  1885  1938 E WindowManager: Performed 6 layouts in a row. Skipping
12-09 09:58:23.867  1885  1938 E WindowManager: Performed 6 layouts in a row. Skipping
12-09 09:58:23.943  1885  1938 E WindowManager: Performed 6 layouts in a row. Skipping
12-09 09:58:23.978  1885  1938 E WindowManager: Performed 6 layouts in a row. Skipping
12-09 09:58:23.996  1885  1900 E WindowManager: Performed 6 layouts in a row. Skipping
12-09 09:58:24.050  1885  1938 E WindowManager: Performed 6 layouts in a row. Skipping
12-09 09:58:24.079  1885  4768 E WindowManager: Performed 6 layouts in a row. Skipping
12-09 09:59:13.998  1834  1834 E netmgr  : Failed to open QEMU pipe 'qemud:network': Invalid argument
12-09 09:59:13.998  1834  1834 E netmgr  : WifiForwarder unable to open QEMU pipe: Invalid argument
12-09 09:59:22.017  1739  1762 E storaged: getDiskStats failed with result NOT_SUPPORTED and size 0
12-09 09:59:26.177  2342  2342 E SchedPolicy: set_timerslack_ns write failed: Operation not permitted
12-09 09:59:33.417  2342  2342 E SchedPolicy: set_timerslack_ns write failed: Operation not permitted
12-09 10:00:14.006  1834  1834 E netmgr  : Failed to open QEMU pipe 'qemud:network': Invalid argument
12-09 10:00:14.006  1834  1834 E netmgr  : WifiForwarder unable to open QEMU pipe: Invalid argument
12-09 10:00:22.020  1739  1762 E storaged: getDiskStats failed with result NOT_SUPPORTED and size 0
12-09 10:01:14.019  1834  1834 E netmgr  : Failed to open QEMU pipe 'qemud:network': Invalid argument
12-09 10:01:14.019  1834  1834 E netmgr  : WifiForwarder unable to open QEMU pipe: Invalid argument
12-09 10:01:22.022  1739  1762 E storaged: getDiskStats failed with result NOT_SUPPORTED and size 0
12-09 10:01:22.420  1885  2001 E WindowManager: Performed 6 layouts in a row. Skipping
12-09 10:01:22.452  1885  1938 E WindowManager: Performed 6 layouts in a row. Skipping
12-09 10:01:22.538  1885  1938 E WindowManager: Performed 6 layouts in a row. Skipping
12-09 10:01:22.590  1885  1938 E WindowManager: Performed 6 layouts in a row. Skipping
12-09 10:01:22.620  1885  1938 E WindowManager: Performed 6 layouts in a row. Skipping
12-09 10:01:22.652  1885  1900 E WindowManager: Performed 6 layouts in a row. Skipping
12-09 10:01:22.684  1885  2413 E WindowManager: Performed 6 layouts in a row. Skipping
12-09 10:01:22.751  1885  1938 E WindowManager: Performed 6 layouts in a row. Skipping
12-09 10:01:22.829  1885  1938 E WindowManager: Performed 6 layouts in a row. Skipping
12-09 10:01:22.858  1885  1938 E WindowManager: Performed 6 layouts in a row. Skipping
12-09 10:01:22.911  1885  1938 E WindowManager: Performed 6 layouts in a row. Skipping
12-09 10:01:22.935  1885  3668 E WindowManager: Performed 6 layouts in a row. Skipping
