--------- beginning of system
12-08 07:45:17.447  1738  1772 E storaged: getDiskStats failed with result NOT_SUPPORTED and size 0
12-08 07:45:26.993  1881  1896 E AutofillSession: No assist structure - app might have crashed providing it
--------- beginning of main
12-08 07:46:11.799  1828  1828 E netmgr  : Failed to open QEMU pipe 'qemud:network': Invalid argument
12-08 07:46:11.799  1828  1828 E netmgr  : WifiForwarder unable to open QEMU pipe: Invalid argument
12-08 07:46:19.066  1738  1772 E storaged: getDiskStats failed with result NOT_SUPPORTED and size 0
12-08 07:46:43.145  5418  5418 E SpannableStringBuilder: SPAN_EXCLUSIVE_EXCLUSIVE spans cannot have a zero length
12-08 07:46:43.145  5418  5418 E SpannableStringBuilder: SPAN_EXCLUSIVE_EXCLUSIVE spans cannot have a zero length
12-08 07:46:52.704  5418  5418 E SpannableStringBuilder: SPAN_EXCLUSIVE_EXCLUSIVE spans cannot have a zero length
12-08 07:46:52.704  5418  5418 E SpannableStringBuilder: SPAN_EXCLUSIVE_EXCLUSIVE spans cannot have a zero length
12-08 07:47:02.173  2448  5440 E ctxmgr  : [ProducerStatusImpl]updateStateForNewContextData: inactive, contextName=7
12-08 07:47:02.290  2448  2448 E BeaconBle: Missing BluetoothAdapter
12-08 07:47:02.331  2448  2448 E BeaconBle: Scan couldn't start for Places
12-08 07:47:08.992  5418  5418 E SpannableStringBuilder: SPAN_EXCLUSIVE_EXCLUSIVE spans cannot have a zero length
12-08 07:47:08.992  5418  5418 E SpannableStringBuilder: SPAN_EXCLUSIVE_EXCLUSIVE spans cannot have a zero length
12-08 07:47:11.853  1828  1828 E netmgr  : Failed to open QEMU pipe 'qemud:network': Invalid argument
12-08 07:47:11.855  1828  1828 E netmgr  : WifiForwarder unable to open QEMU pipe: Invalid argument
12-08 07:47:13.774  2692  2692 E ContextIntentStarter: No activity found for any of the 0 intents
12-08 07:47:20.984  1738  1772 E storaged: getDiskStats failed with result NOT_SUPPORTED and size 0
12-08 07:47:21.031  5418  5418 E SpannableStringBuilder: SPAN_EXCLUSIVE_EXCLUSIVE spans cannot have a zero length
12-08 07:47:21.031  5418  5418 E SpannableStringBuilder: SPAN_EXCLUSIVE_EXCLUSIVE spans cannot have a zero length
12-08 07:47:23.650  2448  5440 E ctxmgr  : [ProducerStatusImpl]updateStateForNewContextData: inactive, contextName=7
12-08 07:47:30.909  2448  2448 E BeaconBle: Missing BluetoothAdapter
12-08 07:47:31.064  2448  2448 E BeaconBle: Scan couldn't start for Places
12-08 07:47:33.147  2494  2716 E PlayCommon: [101] com.google.android.play.b.g.a(448): Failed to connect to server: java.net.UnknownHostException: Unable to resolve host "play.googleapis.com": No address associated with hostname
12-08 07:47:33.230  5504  5504 E boxed_process2: Not starting debugger since process cannot load the jdwp agent.
12-08 07:48:11.912  1828  1828 E netmgr  : Failed to open QEMU pipe 'qemud:network': Invalid argument
12-08 07:48:11.912  1828  1828 E netmgr  : WifiForwarder unable to open QEMU pipe: Invalid argument
12-08 07:48:14.320  1611  1695 E audio_hw_generic: pcm_write failed cannot write stream data: I/O error
12-08 07:48:21.357  1738  1772 E storaged: getDiskStats failed with result NOT_SUPPORTED and size 0
12-08 07:48:26.114  1611  1695 E audio_hw_generic: pcm_write failed cannot write stream data: I/O error
12-08 07:48:26.291  1881  1898 E libprocessgroup: Error encountered killing process cgroup uid 99066 pid 5504: No such file or directory
12-08 07:48:38.063  1611  1695 E audio_hw_generic: pcm_write failed cannot write stream data: I/O error
12-08 07:48:42.747  1881  1896 E AutofillSession: No assist structure - app might have crashed providing it
12-08 07:48:43.156  1992  1992 E native  : suggestion-transformer.cc:118 suggestion picked candidate not found for id: 3
12-08 07:48:45.229  1992  1992 E native  : clearcut-logger.cc:191 USER_EDIT span#originalSpan is missing
12-08 07:48:49.716  1611  1695 E audio_hw_generic: pcm_write failed cannot write stream data: I/O error
