--------- beginning of system
12-07 06:22:01.732  1735  1809 E storaged: getDiskStats failed with result NOT_SUPPORTED and size 0
--------- beginning of crash
12-07 06:22:40.292 26089 26089 E AndroidRuntime: FATAL EXCEPTION: main
12-07 06:22:40.292 26089 26089 E AndroidRuntime: Process: com.evancharlton.mileage, PID: 26089
12-07 06:22:40.292 26089 26089 E AndroidRuntime: java.lang.RuntimeException: Unable to resume activity {com.evancharlton.mileage/com.evancharlton.mileage.Mileage}: java.lang.RuntimeException: Unable to resume activity {com.evancharlton.mileage/com.evancharlton.mileage.FillupActivity}: java.lang.IllegalArgumentException: Unknown URI: content://com.evancharlton.mileage/fields/
12-07 06:22:40.292 26089 26089 E AndroidRuntime: 	at android.app.ActivityThread.performResumeActivity(ActivityThread.java:3784)
12-07 06:22:40.292 26089 26089 E AndroidRuntime: 	at android.app.ActivityThread.handleResumeActivity(ActivityThread.java:3816)
12-07 06:22:40.292 26089 26089 E AndroidRuntime: 	at android.app.servertransaction.ResumeActivityItem.execute(ResumeActivityItem.java:51)
12-07 06:22:40.292 26089 26089 E AndroidRuntime: 	at android.app.servertransaction.TransactionExecutor.executeLifecycleState(TransactionExecutor.java:145)
12-07 06:22:40.292 26089 26089 E AndroidRuntime: 	at android.app.servertransaction.TransactionExecutor.execute(TransactionExecutor.java:70)
12-07 06:22:40.292 26089 26089 E AndroidRuntime: 	at android.app.ActivityThread$H.handleMessage(ActivityThread.java:1808)
12-07 06:22:40.292 26089 26089 E AndroidRuntime: 	at android.os.Handler.dispatchMessage(Handler.java:106)
12-07 06:22:40.292 26089 26089 E AndroidRuntime: 	at android.os.Looper.loop(Looper.java:193)
12-07 06:22:40.292 26089 26089 E AndroidRuntime: 	at android.app.ActivityThread.main(ActivityThread.java:6669)
12-07 06:22:40.292 26089 26089 E AndroidRuntime: 	at java.lang.reflect.Method.invoke(Native Method)
12-07 06:22:40.292 26089 26089 E AndroidRuntime: 	at com.android.internal.os.RuntimeInit$MethodAndArgsCaller.run(RuntimeInit.java:493)
12-07 06:22:40.292 26089 26089 E AndroidRuntime: 	at com.android.internal.os.ZygoteInit.main(ZygoteInit.java:858)
12-07 06:22:40.292 26089 26089 E AndroidRuntime: Caused by: java.lang.RuntimeException: Unable to resume activity {com.evancharlton.mileage/com.evancharlton.mileage.FillupActivity}: java.lang.IllegalArgumentException: Unknown URI: content://com.evancharlton.mileage/fields/
12-07 06:22:40.292 26089 26089 E AndroidRuntime: 	at android.app.ActivityThread.performResumeActivity(ActivityThread.java:3784)
12-07 06:22:40.292 26089 26089 E AndroidRuntime: 	at android.app.LocalActivityManager.moveToState(LocalActivityManager.java:197)
12-07 06:22:40.292 26089 26089 E AndroidRuntime: 	at android.app.LocalActivityManager.dispatchResume(LocalActivityManager.java:543)
12-07 06:22:40.292 26089 26089 E AndroidRuntime: 	at android.app.ActivityGroup.onResume(ActivityGroup.java:61)
12-07 06:22:40.292 26089 26089 E AndroidRuntime: 	at android.app.Instrumentation.callActivityOnResume(Instrumentation.java:1412)
12-07 06:22:40.292 26089 26089 E AndroidRuntime: 	at android.app.Activity.performResume(Activity.java:7292)
12-07 06:22:40.292 26089 26089 E AndroidRuntime: 	at android.app.ActivityThread.performResumeActivity(ActivityThread.java:3776)
12-07 06:22:40.292 26089 26089 E AndroidRuntime: 	... 11 more
12-07 06:22:40.292 26089 26089 E AndroidRuntime: Caused by: java.lang.IllegalArgumentException: Unknown URI: content://com.evancharlton.mileage/fields/
12-07 06:22:40.292 26089 26089 E AndroidRuntime: 	at com.evancharlton.mileage.provider.FillUpsProvider.query(FillUpsProvider.java:226)
12-07 06:22:40.292 26089 26089 E AndroidRuntime: 	at android.content.ContentProvider.query(ContentProvider.java:1055)
12-07 06:22:40.292 26089 26089 E AndroidRuntime: 	at android.content.ContentProvider.query(ContentProvider.java:1147)
12-07 06:22:40.292 26089 26089 E AndroidRuntime: 	at android.content.ContentProvider$Transport.query(ContentProvider.java:240)
12-07 06:22:40.292 26089 26089 E AndroidRuntime: 	at android.content.ContentResolver.query(ContentResolver.java:802)
12-07 06:22:40.292 26089 26089 E AndroidRuntime: 	at android.content.ContentResolver.query(ContentResolver.java:752)
12-07 06:22:40.292 26089 26089 E AndroidRuntime: 	at android.content.ContentResolver.query(ContentResolver.java:710)
12-07 06:22:40.292 26089 26089 E AndroidRuntime: 	at android.app.Activity.managedQuery(Activity.java:2559)
12-07 06:22:40.292 26089 26089 E AndroidRuntime: 	at com.evancharlton.mileage.FillupActivity.onResume(FillupActivity.java:92)
12-07 06:22:40.292 26089 26089 E AndroidRuntime: 	at android.app.Instrumentation.callActivityOnResume(Instrumentation.java:1412)
12-07 06:22:40.292 26089 26089 E AndroidRuntime: 	at android.app.Activity.performResume(Activity.java:7292)
12-07 06:22:40.292 26089 26089 E AndroidRuntime: 	at android.app.ActivityThread.performResumeActivity(ActivityThread.java:3776)
12-07 06:22:40.292 26089 26089 E AndroidRuntime: 	... 17 more
12-07 06:22:57.739  1736  1736 E wificond: NL80211_CMD_TRIGGER_SCAN failed: Device or resource busy
12-07 06:23:02.775  1735  1809 E storaged: getDiskStats failed with result NOT_SUPPORTED and size 0
12-07 06:23:02.802  1736  1736 E wificond: NL80211_CMD_TRIGGER_SCAN failed: Device or resource busy
12-07 06:23:29.807  1736  1736 E wificond: NL80211_CMD_TRIGGER_SCAN failed: Device or resource busy
12-07 06:23:34.881  1736  1736 E wificond: NL80211_CMD_TRIGGER_SCAN failed: Device or resource busy
12-07 06:23:42.036  1736  1736 E wificond: NL80211_CMD_TRIGGER_SCAN failed: Device or resource busy
12-07 06:24:03.989  1735  1809 E storaged: getDiskStats failed with result NOT_SUPPORTED and size 0
--------- beginning of main
12-07 06:24:45.656 26152 26152 E AndroidRuntime: FATAL EXCEPTION: main
12-07 06:24:45.656 26152 26152 E AndroidRuntime: Process: com.evancharlton.mileage, PID: 26152
12-07 06:24:45.656 26152 26152 E AndroidRuntime: java.lang.RuntimeException: Unable to resume activity {com.evancharlton.mileage/com.evancharlton.mileage.Mileage}: java.lang.RuntimeException: Unable to resume activity {com.evancharlton.mileage/com.evancharlton.mileage.FillupActivity}: java.lang.IllegalArgumentException: Unknown URI: content://com.evancharlton.mileage/fields/
12-07 06:24:45.656 26152 26152 E AndroidRuntime: 	at android.app.ActivityThread.performResumeActivity(ActivityThread.java:3784)
12-07 06:24:45.656 26152 26152 E AndroidRuntime: 	at android.app.ActivityThread.handleResumeActivity(ActivityThread.java:3816)
12-07 06:24:45.656 26152 26152 E AndroidRuntime: 	at android.app.servertransaction.ResumeActivityItem.execute(ResumeActivityItem.java:51)
12-07 06:24:45.656 26152 26152 E AndroidRuntime: 	at android.app.servertransaction.TransactionExecutor.executeLifecycleState(TransactionExecutor.java:145)
12-07 06:24:45.656 26152 26152 E AndroidRuntime: 	at android.app.servertransaction.TransactionExecutor.execute(TransactionExecutor.java:70)
12-07 06:24:45.656 26152 26152 E AndroidRuntime: 	at android.app.ActivityThread$H.handleMessage(ActivityThread.java:1808)
12-07 06:24:45.656 26152 26152 E AndroidRuntime: 	at android.os.Handler.dispatchMessage(Handler.java:106)
12-07 06:24:45.656 26152 26152 E AndroidRuntime: 	at android.os.Looper.loop(Looper.java:193)
12-07 06:24:45.656 26152 26152 E AndroidRuntime: 	at android.app.ActivityThread.main(ActivityThread.java:6669)
12-07 06:24:45.656 26152 26152 E AndroidRuntime: 	at java.lang.reflect.Method.invoke(Native Method)
12-07 06:24:45.656 26152 26152 E AndroidRuntime: 	at com.android.internal.os.RuntimeInit$MethodAndArgsCaller.run(RuntimeInit.java:493)
12-07 06:24:45.656 26152 26152 E AndroidRuntime: 	at com.android.internal.os.ZygoteInit.main(ZygoteInit.java:858)
12-07 06:24:45.656 26152 26152 E AndroidRuntime: Caused by: java.lang.RuntimeException: Unable to resume activity {com.evancharlton.mileage/com.evancharlton.mileage.FillupActivity}: java.lang.IllegalArgumentException: Unknown URI: content://com.evancharlton.mileage/fields/
12-07 06:24:45.656 26152 26152 E AndroidRuntime: 	at android.app.ActivityThread.performResumeActivity(ActivityThread.java:3784)
12-07 06:24:45.656 26152 26152 E AndroidRuntime: 	at android.app.LocalActivityManager.moveToState(LocalActivityManager.java:197)
12-07 06:24:45.656 26152 26152 E AndroidRuntime: 	at android.app.LocalActivityManager.dispatchResume(LocalActivityManager.java:543)
12-07 06:24:45.656 26152 26152 E AndroidRuntime: 	at android.app.ActivityGroup.onResume(ActivityGroup.java:61)
12-07 06:24:45.656 26152 26152 E AndroidRuntime: 	at android.app.Instrumentation.callActivityOnResume(Instrumentation.java:1412)
12-07 06:24:45.656 26152 26152 E AndroidRuntime: 	at android.app.Activity.performResume(Activity.java:7292)
12-07 06:24:45.656 26152 26152 E AndroidRuntime: 	at android.app.ActivityThread.performResumeActivity(ActivityThread.java:3776)
12-07 06:24:45.656 26152 26152 E AndroidRuntime: 	... 11 more
12-07 06:24:45.656 26152 26152 E AndroidRuntime: Caused by: java.lang.IllegalArgumentException: Unknown URI: content://com.evancharlton.mileage/fields/
12-07 06:24:45.656 26152 26152 E AndroidRuntime: 	at com.evancharlton.mileage.provider.FillUpsProvider.query(FillUpsProvider.java:226)
12-07 06:24:45.656 26152 26152 E AndroidRuntime: 	at android.content.ContentProvider.query(ContentProvider.java:1055)
12-07 06:24:45.656 26152 26152 E AndroidRuntime: 	at android.content.ContentProvider.query(ContentProvider.java:1147)
12-07 06:24:45.656 26152 26152 E AndroidRuntime: 	at android.content.ContentProvider$Transport.query(ContentProvider.java:240)
12-07 06:24:45.656 26152 26152 E AndroidRuntime: 	at android.content.ContentResolver.query(ContentResolver.java:802)
12-07 06:24:45.656 26152 26152 E AndroidRuntime: 	at android.content.ContentResolver.query(ContentResolver.java:752)
12-07 06:24:45.656 26152 26152 E AndroidRuntime: 	at android.content.ContentResolver.query(ContentResolver.java:710)
12-07 06:24:45.656 26152 26152 E AndroidRuntime: 	at android.app.Activity.managedQuery(Activity.java:2559)
12-07 06:24:45.656 26152 26152 E AndroidRuntime: 	at com.evancharlton.mileage.FillupActivity.onResume(FillupActivity.java:92)
12-07 06:24:45.656 26152 26152 E AndroidRuntime: 	at android.app.Instrumentation.callActivityOnResume(Instrumentation.java:1412)
12-07 06:24:45.656 26152 26152 E AndroidRuntime: 	at android.app.Activity.performResume(Activity.java:7292)
12-07 06:24:45.656 26152 26152 E AndroidRuntime: 	at android.app.ActivityThread.performResumeActivity(ActivityThread.java:3776)
12-07 06:24:45.656 26152 26152 E AndroidRuntime: 	... 17 more
12-07 06:24:57.877 26180 26180 E AndroidRuntime: FATAL EXCEPTION: main
12-07 06:24:57.877 26180 26180 E AndroidRuntime: Process: com.evancharlton.mileage, PID: 26180
12-07 06:24:57.877 26180 26180 E AndroidRuntime: java.lang.RuntimeException: Unable to resume activity {com.evancharlton.mileage/com.evancharlton.mileage.Mileage}: java.lang.RuntimeException: Unable to resume activity {com.evancharlton.mileage/com.evancharlton.mileage.FillupActivity}: java.lang.IllegalArgumentException: Unknown URI: content://com.evancharlton.mileage/fields/
12-07 06:24:57.877 26180 26180 E AndroidRuntime: 	at android.app.ActivityThread.performResumeActivity(ActivityThread.java:3784)
12-07 06:24:57.877 26180 26180 E AndroidRuntime: 	at android.app.ActivityThread.handleResumeActivity(ActivityThread.java:3816)
12-07 06:24:57.877 26180 26180 E AndroidRuntime: 	at android.app.servertransaction.ResumeActivityItem.execute(ResumeActivityItem.java:51)
12-07 06:24:57.877 26180 26180 E AndroidRuntime: 	at android.app.servertransaction.TransactionExecutor.executeLifecycleState(TransactionExecutor.java:145)
12-07 06:24:57.877 26180 26180 E AndroidRuntime: 	at android.app.servertransaction.TransactionExecutor.execute(TransactionExecutor.java:70)
12-07 06:24:57.877 26180 26180 E AndroidRuntime: 	at android.app.ActivityThread$H.handleMessage(ActivityThread.java:1808)
12-07 06:24:57.877 26180 26180 E AndroidRuntime: 	at android.os.Handler.dispatchMessage(Handler.java:106)
12-07 06:24:57.877 26180 26180 E AndroidRuntime: 	at android.os.Looper.loop(Looper.java:193)
12-07 06:24:57.877 26180 26180 E AndroidRuntime: 	at android.app.ActivityThread.main(ActivityThread.java:6669)
12-07 06:24:57.877 26180 26180 E AndroidRuntime: 	at java.lang.reflect.Method.invoke(Native Method)
12-07 06:24:57.877 26180 26180 E AndroidRuntime: 	at com.android.internal.os.RuntimeInit$MethodAndArgsCaller.run(RuntimeInit.java:493)
12-07 06:24:57.877 26180 26180 E AndroidRuntime: 	at com.android.internal.os.ZygoteInit.main(ZygoteInit.java:858)
12-07 06:24:57.877 26180 26180 E AndroidRuntime: Caused by: java.lang.RuntimeException: Unable to resume activity {com.evancharlton.mileage/com.evancharlton.mileage.FillupActivity}: java.lang.IllegalArgumentException: Unknown URI: content://com.evancharlton.mileage/fields/
12-07 06:24:57.877 26180 26180 E AndroidRuntime: 	at android.app.ActivityThread.performResumeActivity(ActivityThread.java:3784)
12-07 06:24:57.877 26180 26180 E AndroidRuntime: 	at android.app.LocalActivityManager.moveToState(LocalActivityManager.java:197)
12-07 06:24:57.877 26180 26180 E AndroidRuntime: 	at android.app.LocalActivityManager.dispatchResume(LocalActivityManager.java:543)
12-07 06:24:57.877 26180 26180 E AndroidRuntime: 	at android.app.ActivityGroup.onResume(ActivityGroup.java:61)
12-07 06:24:57.877 26180 26180 E AndroidRuntime: 	at android.app.Instrumentation.callActivityOnResume(Instrumentation.java:1412)
12-07 06:24:57.877 26180 26180 E AndroidRuntime: 	at android.app.Activity.performResume(Activity.java:7292)
12-07 06:24:57.877 26180 26180 E AndroidRuntime: 	at android.app.ActivityThread.performResumeActivity(ActivityThread.java:3776)
12-07 06:24:57.877 26180 26180 E AndroidRuntime: 	... 11 more
12-07 06:24:57.877 26180 26180 E AndroidRuntime: Caused by: java.lang.IllegalArgumentException: Unknown URI: content://com.evancharlton.mileage/fields/
12-07 06:24:57.877 26180 26180 E AndroidRuntime: 	at com.evancharlton.mileage.provider.FillUpsProvider.query(FillUpsProvider.java:226)
12-07 06:24:57.877 26180 26180 E AndroidRuntime: 	at android.content.ContentProvider.query(ContentProvider.java:1055)
12-07 06:24:57.877 26180 26180 E AndroidRuntime: 	at android.content.ContentProvider.query(ContentProvider.java:1147)
12-07 06:24:57.877 26180 26180 E AndroidRuntime: 	at android.content.ContentProvider$Transport.query(ContentProvider.java:240)
12-07 06:24:57.877 26180 26180 E AndroidRuntime: 	at android.content.ContentResolver.query(ContentResolver.java:802)
12-07 06:24:57.877 26180 26180 E AndroidRuntime: 	at android.content.ContentResolver.query(ContentResolver.java:752)
12-07 06:24:57.877 26180 26180 E AndroidRuntime: 	at android.content.ContentResolver.query(ContentResolver.java:710)
12-07 06:24:57.877 26180 26180 E AndroidRuntime: 	at android.app.Activity.managedQuery(Activity.java:2559)
12-07 06:24:57.877 26180 26180 E AndroidRuntime: 	at com.evancharlton.mileage.FillupActivity.onResume(FillupActivity.java:92)
12-07 06:24:57.877 26180 26180 E AndroidRuntime: 	at android.app.Instrumentation.callActivityOnResume(Instrumentation.java:1412)
12-07 06:24:57.877 26180 26180 E AndroidRuntime: 	at android.app.Activity.performResume(Activity.java:7292)
12-07 06:24:57.877 26180 26180 E AndroidRuntime: 	at android.app.ActivityThread.performResumeActivity(ActivityThread.java:3776)
12-07 06:24:57.877 26180 26180 E AndroidRuntime: 	... 17 more
12-07 06:25:05.476  1735  1809 E storaged: getDiskStats failed with result NOT_SUPPORTED and size 0
12-07 06:25:10.651 26222 26222 E AndroidRuntime: FATAL EXCEPTION: main
12-07 06:25:10.651 26222 26222 E AndroidRuntime: Process: com.evancharlton.mileage, PID: 26222
12-07 06:25:10.651 26222 26222 E AndroidRuntime: java.lang.RuntimeException: Unable to resume activity {com.evancharlton.mileage/com.evancharlton.mileage.Mileage}: java.lang.RuntimeException: Unable to resume activity {com.evancharlton.mileage/com.evancharlton.mileage.FillupActivity}: java.lang.IllegalArgumentException: Unknown URI: content://com.evancharlton.mileage/fields/
12-07 06:25:10.651 26222 26222 E AndroidRuntime: 	at android.app.ActivityThread.performResumeActivity(ActivityThread.java:3784)
12-07 06:25:10.651 26222 26222 E AndroidRuntime: 	at android.app.ActivityThread.handleResumeActivity(ActivityThread.java:3816)
12-07 06:25:10.651 26222 26222 E AndroidRuntime: 	at android.app.servertransaction.ResumeActivityItem.execute(ResumeActivityItem.java:51)
12-07 06:25:10.651 26222 26222 E AndroidRuntime: 	at android.app.servertransaction.TransactionExecutor.executeLifecycleState(TransactionExecutor.java:145)
12-07 06:25:10.651 26222 26222 E AndroidRuntime: 	at android.app.servertransaction.TransactionExecutor.execute(TransactionExecutor.java:70)
12-07 06:25:10.651 26222 26222 E AndroidRuntime: 	at android.app.ActivityThread$H.handleMessage(ActivityThread.java:1808)
12-07 06:25:10.651 26222 26222 E AndroidRuntime: 	at android.os.Handler.dispatchMessage(Handler.java:106)
12-07 06:25:10.651 26222 26222 E AndroidRuntime: 	at android.os.Looper.loop(Looper.java:193)
12-07 06:25:10.651 26222 26222 E AndroidRuntime: 	at android.app.ActivityThread.main(ActivityThread.java:6669)
12-07 06:25:10.651 26222 26222 E AndroidRuntime: 	at java.lang.reflect.Method.invoke(Native Method)
12-07 06:25:10.651 26222 26222 E AndroidRuntime: 	at com.android.internal.os.RuntimeInit$MethodAndArgsCaller.run(RuntimeInit.java:493)
12-07 06:25:10.651 26222 26222 E AndroidRuntime: 	at com.android.internal.os.ZygoteInit.main(ZygoteInit.java:858)
12-07 06:25:10.651 26222 26222 E AndroidRuntime: Caused by: java.lang.RuntimeException: Unable to resume activity {com.evancharlton.mileage/com.evancharlton.mileage.FillupActivity}: java.lang.IllegalArgumentException: Unknown URI: content://com.evancharlton.mileage/fields/
12-07 06:25:10.651 26222 26222 E AndroidRuntime: 	at android.app.ActivityThread.performResumeActivity(ActivityThread.java:3784)
12-07 06:25:10.651 26222 26222 E AndroidRuntime: 	at android.app.LocalActivityManager.moveToState(LocalActivityManager.java:197)
12-07 06:25:10.651 26222 26222 E AndroidRuntime: 	at android.app.LocalActivityManager.dispatchResume(LocalActivityManager.java:543)
12-07 06:25:10.651 26222 26222 E AndroidRuntime: 	at android.app.ActivityGroup.onResume(ActivityGroup.java:61)
12-07 06:25:10.651 26222 26222 E AndroidRuntime: 	at android.app.Instrumentation.callActivityOnResume(Instrumentation.java:1412)
12-07 06:25:10.651 26222 26222 E AndroidRuntime: 	at android.app.Activity.performResume(Activity.java:7292)
12-07 06:25:10.651 26222 26222 E AndroidRuntime: 	at android.app.ActivityThread.performResumeActivity(ActivityThread.java:3776)
12-07 06:25:10.651 26222 26222 E AndroidRuntime: 	... 11 more
12-07 06:25:10.651 26222 26222 E AndroidRuntime: Caused by: java.lang.IllegalArgumentException: Unknown URI: content://com.evancharlton.mileage/fields/
12-07 06:25:10.651 26222 26222 E AndroidRuntime: 	at com.evancharlton.mileage.provider.FillUpsProvider.query(FillUpsProvider.java:226)
12-07 06:25:10.651 26222 26222 E AndroidRuntime: 	at android.content.ContentProvider.query(ContentProvider.java:1055)
12-07 06:25:10.651 26222 26222 E AndroidRuntime: 	at android.content.ContentProvider.query(ContentProvider.java:1147)
12-07 06:25:10.651 26222 26222 E AndroidRuntime: 	at android.content.ContentProvider$Transport.query(ContentProvider.java:240)
12-07 06:25:10.651 26222 26222 E AndroidRuntime: 	at android.content.ContentResolver.query(ContentResolver.java:802)
12-07 06:25:10.651 26222 26222 E AndroidRuntime: 	at android.content.ContentResolver.query(ContentResolver.java:752)
12-07 06:25:10.651 26222 26222 E AndroidRuntime: 	at android.content.ContentResolver.query(ContentResolver.java:710)
12-07 06:25:10.651 26222 26222 E AndroidRuntime: 	at android.app.Activity.managedQuery(Activity.java:2559)
12-07 06:25:10.651 26222 26222 E AndroidRuntime: 	at com.evancharlton.mileage.FillupActivity.onResume(FillupActivity.java:92)
12-07 06:25:10.651 26222 26222 E AndroidRuntime: 	at android.app.Instrumentation.callActivityOnResume(Instrumentation.java:1412)
12-07 06:25:10.651 26222 26222 E AndroidRuntime: 	at android.app.Activity.performResume(Activity.java:7292)
12-07 06:25:10.651 26222 26222 E AndroidRuntime: 	at android.app.ActivityThread.performResumeActivity(ActivityThread.java:3776)
12-07 06:25:10.651 26222 26222 E AndroidRuntime: 	... 17 more
12-07 06:25:25.668 26256 26256 E AndroidRuntime: FATAL EXCEPTION: main
12-07 06:25:25.668 26256 26256 E AndroidRuntime: Process: com.evancharlton.mileage, PID: 26256
12-07 06:25:25.668 26256 26256 E AndroidRuntime: java.lang.RuntimeException: Unable to resume activity {com.evancharlton.mileage/com.evancharlton.mileage.Mileage}: java.lang.RuntimeException: Unable to resume activity {com.evancharlton.mileage/com.evancharlton.mileage.FillupActivity}: java.lang.IllegalArgumentException: Unknown URI: content://com.evancharlton.mileage/fields/
12-07 06:25:25.668 26256 26256 E AndroidRuntime: 	at android.app.ActivityThread.performResumeActivity(ActivityThread.java:3784)
12-07 06:25:25.668 26256 26256 E AndroidRuntime: 	at android.app.ActivityThread.handleResumeActivity(ActivityThread.java:3816)
12-07 06:25:25.668 26256 26256 E AndroidRuntime: 	at android.app.servertransaction.ResumeActivityItem.execute(ResumeActivityItem.java:51)
12-07 06:25:25.668 26256 26256 E AndroidRuntime: 	at android.app.servertransaction.TransactionExecutor.executeLifecycleState(TransactionExecutor.java:145)
12-07 06:25:25.668 26256 26256 E AndroidRuntime: 	at android.app.servertransaction.TransactionExecutor.execute(TransactionExecutor.java:70)
12-07 06:25:25.668 26256 26256 E AndroidRuntime: 	at android.app.ActivityThread$H.handleMessage(ActivityThread.java:1808)
12-07 06:25:25.668 26256 26256 E AndroidRuntime: 	at android.os.Handler.dispatchMessage(Handler.java:106)
12-07 06:25:25.668 26256 26256 E AndroidRuntime: 	at android.os.Looper.loop(Looper.java:193)
12-07 06:25:25.668 26256 26256 E AndroidRuntime: 	at android.app.ActivityThread.main(ActivityThread.java:6669)
12-07 06:25:25.668 26256 26256 E AndroidRuntime: 	at java.lang.reflect.Method.invoke(Native Method)
12-07 06:25:25.668 26256 26256 E AndroidRuntime: 	at com.android.internal.os.RuntimeInit$MethodAndArgsCaller.run(RuntimeInit.java:493)
12-07 06:25:25.668 26256 26256 E AndroidRuntime: 	at com.android.internal.os.ZygoteInit.main(ZygoteInit.java:858)
12-07 06:25:25.668 26256 26256 E AndroidRuntime: Caused by: java.lang.RuntimeException: Unable to resume activity {com.evancharlton.mileage/com.evancharlton.mileage.FillupActivity}: java.lang.IllegalArgumentException: Unknown URI: content://com.evancharlton.mileage/fields/
12-07 06:25:25.668 26256 26256 E AndroidRuntime: 	at android.app.ActivityThread.performResumeActivity(ActivityThread.java:3784)
12-07 06:25:25.668 26256 26256 E AndroidRuntime: 	at android.app.LocalActivityManager.moveToState(LocalActivityManager.java:197)
12-07 06:25:25.668 26256 26256 E AndroidRuntime: 	at android.app.LocalActivityManager.dispatchResume(LocalActivityManager.java:543)
12-07 06:25:25.668 26256 26256 E AndroidRuntime: 	at android.app.ActivityGroup.onResume(ActivityGroup.java:61)
12-07 06:25:25.668 26256 26256 E AndroidRuntime: 	at android.app.Instrumentation.callActivityOnResume(Instrumentation.java:1412)
12-07 06:25:25.668 26256 26256 E AndroidRuntime: 	at android.app.Activity.performResume(Activity.java:7292)
12-07 06:25:25.668 26256 26256 E AndroidRuntime: 	at android.app.ActivityThread.performResumeActivity(ActivityThread.java:3776)
12-07 06:25:25.668 26256 26256 E AndroidRuntime: 	... 11 more
12-07 06:25:25.668 26256 26256 E AndroidRuntime: Caused by: java.lang.IllegalArgumentException: Unknown URI: content://com.evancharlton.mileage/fields/
12-07 06:25:25.668 26256 26256 E AndroidRuntime: 	at com.evancharlton.mileage.provider.FillUpsProvider.query(FillUpsProvider.java:226)
12-07 06:25:25.668 26256 26256 E AndroidRuntime: 	at android.content.ContentProvider.query(ContentProvider.java:1055)
12-07 06:25:25.668 26256 26256 E AndroidRuntime: 	at android.content.ContentProvider.query(ContentProvider.java:1147)
12-07 06:25:25.668 26256 26256 E AndroidRuntime: 	at android.content.ContentProvider$Transport.query(ContentProvider.java:240)
12-07 06:25:25.668 26256 26256 E AndroidRuntime: 	at android.content.ContentResolver.query(ContentResolver.java:802)
12-07 06:25:25.668 26256 26256 E AndroidRuntime: 	at android.content.ContentResolver.query(ContentResolver.java:752)
12-07 06:25:25.668 26256 26256 E AndroidRuntime: 	at android.content.ContentResolver.query(ContentResolver.java:710)
12-07 06:25:25.668 26256 26256 E AndroidRuntime: 	at android.app.Activity.managedQuery(Activity.java:2559)
12-07 06:25:25.668 26256 26256 E AndroidRuntime: 	at com.evancharlton.mileage.FillupActivity.onResume(FillupActivity.java:92)
12-07 06:25:25.668 26256 26256 E AndroidRuntime: 	at android.app.Instrumentation.callActivityOnResume(Instrumentation.java:1412)
12-07 06:25:25.668 26256 26256 E AndroidRuntime: 	at android.app.Activity.performResume(Activity.java:7292)
12-07 06:25:25.668 26256 26256 E AndroidRuntime: 	at android.app.ActivityThread.performResumeActivity(ActivityThread.java:3776)
12-07 06:25:25.668 26256 26256 E AndroidRuntime: 	... 17 more
12-07 06:25:25.697  1629  1629 E lowmemorykiller: Error writing /proc/26256/oom_score_adj; errno=22
12-07 06:25:30.612  1629  1629 E lowmemorykiller: Error opening /proc/25895/oom_score_adj; errno=2
12-07 06:25:33.103  1829  1829 E netmgr  : Failed to open QEMU pipe 'qemud:network': Invalid argument
12-07 06:25:33.103  1829  1829 E netmgr  : WifiForwarder unable to open QEMU pipe: Invalid argument
12-07 06:25:35.635  1610  1692 E audio_hw_generic: pcm_write failed cannot write stream data: I/O error
12-07 06:26:05.483  1735  1809 E storaged: getDiskStats failed with result NOT_SUPPORTED and size 0
12-07 06:26:07.942 26308 26308 E harlton.mileag: Not starting debugger since process cannot load the jdwp agent.
12-07 06:26:17.604 26308 26308 E AndroidRuntime: FATAL EXCEPTION: main
12-07 06:26:17.604 26308 26308 E AndroidRuntime: Process: com.evancharlton.mileage, PID: 26308
12-07 06:26:17.604 26308 26308 E AndroidRuntime: java.lang.RuntimeException: Unable to resume activity {com.evancharlton.mileage/com.evancharlton.mileage.Mileage}: java.lang.RuntimeException: Unable to resume activity {com.evancharlton.mileage/com.evancharlton.mileage.FillupActivity}: java.lang.IllegalArgumentException: Unknown URI: content://com.evancharlton.mileage/fields/
12-07 06:26:17.604 26308 26308 E AndroidRuntime: 	at android.app.ActivityThread.performResumeActivity(ActivityThread.java:3784)
12-07 06:26:17.604 26308 26308 E AndroidRuntime: 	at android.app.ActivityThread.handleResumeActivity(ActivityThread.java:3816)
12-07 06:26:17.604 26308 26308 E AndroidRuntime: 	at android.app.servertransaction.ResumeActivityItem.execute(ResumeActivityItem.java:51)
12-07 06:26:17.604 26308 26308 E AndroidRuntime: 	at android.app.servertransaction.TransactionExecutor.executeLifecycleState(TransactionExecutor.java:145)
12-07 06:26:17.604 26308 26308 E AndroidRuntime: 	at android.app.servertransaction.TransactionExecutor.execute(TransactionExecutor.java:70)
12-07 06:26:17.604 26308 26308 E AndroidRuntime: 	at android.app.ActivityThread$H.handleMessage(ActivityThread.java:1808)
12-07 06:26:17.604 26308 26308 E AndroidRuntime: 	at android.os.Handler.dispatchMessage(Handler.java:106)
12-07 06:26:17.604 26308 26308 E AndroidRuntime: 	at android.os.Looper.loop(Looper.java:193)
12-07 06:26:17.604 26308 26308 E AndroidRuntime: 	at android.app.ActivityThread.main(ActivityThread.java:6669)
12-07 06:26:17.604 26308 26308 E AndroidRuntime: 	at java.lang.reflect.Method.invoke(Native Method)
12-07 06:26:17.604 26308 26308 E AndroidRuntime: 	at com.android.internal.os.RuntimeInit$MethodAndArgsCaller.run(RuntimeInit.java:493)
12-07 06:26:17.604 26308 26308 E AndroidRuntime: 	at com.android.internal.os.ZygoteInit.main(ZygoteInit.java:858)
12-07 06:26:17.604 26308 26308 E AndroidRuntime: Caused by: java.lang.RuntimeException: Unable to resume activity {com.evancharlton.mileage/com.evancharlton.mileage.FillupActivity}: java.lang.IllegalArgumentException: Unknown URI: content://com.evancharlton.mileage/fields/
12-07 06:26:17.604 26308 26308 E AndroidRuntime: 	at android.app.ActivityThread.performResumeActivity(ActivityThread.java:3784)
12-07 06:26:17.604 26308 26308 E AndroidRuntime: 	at android.app.LocalActivityManager.moveToState(LocalActivityManager.java:197)
12-07 06:26:17.604 26308 26308 E AndroidRuntime: 	at android.app.LocalActivityManager.dispatchResume(LocalActivityManager.java:543)
12-07 06:26:17.604 26308 26308 E AndroidRuntime: 	at android.app.ActivityGroup.onResume(ActivityGroup.java:61)
12-07 06:26:17.604 26308 26308 E AndroidRuntime: 	at android.app.Instrumentation.callActivityOnResume(Instrumentation.java:1412)
12-07 06:26:17.604 26308 26308 E AndroidRuntime: 	at android.app.Activity.performResume(Activity.java:7292)
12-07 06:26:17.604 26308 26308 E AndroidRuntime: 	at android.app.ActivityThread.performResumeActivity(ActivityThread.java:3776)
12-07 06:26:17.604 26308 26308 E AndroidRuntime: 	... 11 more
12-07 06:26:17.604 26308 26308 E AndroidRuntime: Caused by: java.lang.IllegalArgumentException: Unknown URI: content://com.evancharlton.mileage/fields/
12-07 06:26:17.604 26308 26308 E AndroidRuntime: 	at com.evancharlton.mileage.provider.FillUpsProvider.query(FillUpsProvider.java:226)
12-07 06:26:17.604 26308 26308 E AndroidRuntime: 	at android.content.ContentProvider.query(ContentProvider.java:1055)
12-07 06:26:17.604 26308 26308 E AndroidRuntime: 	at android.content.ContentProvider.query(ContentProvider.java:1147)
12-07 06:26:17.604 26308 26308 E AndroidRuntime: 	at android.content.ContentProvider$Transport.query(ContentProvider.java:240)
12-07 06:26:17.604 26308 26308 E AndroidRuntime: 	at android.content.ContentResolver.query(ContentResolver.java:802)
12-07 06:26:17.604 26308 26308 E AndroidRuntime: 	at android.content.ContentResolver.query(ContentResolver.java:752)
12-07 06:26:17.604 26308 26308 E AndroidRuntime: 	at android.content.ContentResolver.query(ContentResolver.java:710)
12-07 06:26:17.604 26308 26308 E AndroidRuntime: 	at android.app.Activity.managedQuery(Activity.java:2559)
12-07 06:26:17.604 26308 26308 E AndroidRuntime: 	at com.evancharlton.mileage.FillupActivity.onResume(FillupActivity.java:92)
12-07 06:26:17.604 26308 26308 E AndroidRuntime: 	at android.app.Instrumentation.callActivityOnResume(Instrumentation.java:1412)
12-07 06:26:17.604 26308 26308 E AndroidRuntime: 	at android.app.Activity.performResume(Activity.java:7292)
12-07 06:26:17.604 26308 26308 E AndroidRuntime: 	at android.app.ActivityThread.performResumeActivity(ActivityThread.java:3776)
12-07 06:26:17.604 26308 26308 E AndroidRuntime: 	... 17 more
12-07 06:26:17.730  1629  1629 E lowmemorykiller: Error writing /proc/26308/oom_score_adj; errno=22
12-07 06:26:34.663  1829  1829 E netmgr  : Failed to open QEMU pipe 'qemud:network': Invalid argument
12-07 06:26:34.668  1829  1829 E netmgr  : WifiForwarder unable to open QEMU pipe: Invalid argument
12-07 06:27:05.987  1735  1809 E storaged: getDiskStats failed with result NOT_SUPPORTED and size 0
12-07 06:27:08.744  1736  1736 E wificond: NL80211_CMD_TRIGGER_SCAN failed: Device or resource busy
12-07 06:27:13.727  1736  1736 E wificond: NL80211_CMD_TRIGGER_SCAN failed: Device or resource busy
12-07 06:27:35.092  1829  1829 E netmgr  : Failed to open QEMU pipe 'qemud:network': Invalid argument
12-07 06:27:35.093  1829  1829 E netmgr  : WifiForwarder unable to open QEMU pipe: Invalid argument
12-07 06:27:40.129  1736  1736 E wificond: NL80211_CMD_TRIGGER_SCAN failed: Device or resource busy
12-07 06:27:50.181  1736  1736 E wificond: NL80211_CMD_TRIGGER_SCAN failed: Device or resource busy
12-07 06:27:52.913 19845 19845 E ContextIntentStarter: No activity found for any of the 0 intents
12-07 06:27:57.922 26344 26344 E harlton.mileag: Not starting debugger since process cannot load the jdwp agent.
12-07 06:28:00.172  2780  2915 E PlayCommon: [145] com.google.android.play.b.g.a(448): Failed to connect to server: java.net.UnknownHostException: Unable to resolve host "play.googleapis.com": No address associated with hostname
12-07 06:28:07.836  1735  1809 E storaged: getDiskStats failed with result NOT_SUPPORTED and size 0
12-07 06:28:10.218  1722  1856 E SurfaceFlinger: getLayerUser(name=0xe1811610) is dead
12-07 06:28:10.218  1722  1856 E SurfaceFlinger: getLayerUser(name=0xe1811610) is dead
12-07 06:28:13.041 26344 26344 E AndroidRuntime: FATAL EXCEPTION: main
12-07 06:28:13.041 26344 26344 E AndroidRuntime: Process: com.evancharlton.mileage, PID: 26344
12-07 06:28:13.041 26344 26344 E AndroidRuntime: java.lang.RuntimeException: Unable to resume activity {com.evancharlton.mileage/com.evancharlton.mileage.Mileage}: java.lang.RuntimeException: Unable to resume activity {com.evancharlton.mileage/com.evancharlton.mileage.FillupActivity}: java.lang.IllegalArgumentException: Unknown URI: content://com.evancharlton.mileage/fields/
12-07 06:28:13.041 26344 26344 E AndroidRuntime: 	at android.app.ActivityThread.performResumeActivity(ActivityThread.java:3784)
12-07 06:28:13.041 26344 26344 E AndroidRuntime: 	at android.app.ActivityThread.handleResumeActivity(ActivityThread.java:3816)
12-07 06:28:13.041 26344 26344 E AndroidRuntime: 	at android.app.servertransaction.ResumeActivityItem.execute(ResumeActivityItem.java:51)
12-07 06:28:13.041 26344 26344 E AndroidRuntime: 	at android.app.servertransaction.TransactionExecutor.executeLifecycleState(TransactionExecutor.java:145)
12-07 06:28:13.041 26344 26344 E AndroidRuntime: 	at android.app.servertransaction.TransactionExecutor.execute(TransactionExecutor.java:70)
12-07 06:28:13.041 26344 26344 E AndroidRuntime: 	at android.app.ActivityThread$H.handleMessage(ActivityThread.java:1808)
12-07 06:28:13.041 26344 26344 E AndroidRuntime: 	at android.os.Handler.dispatchMessage(Handler.java:106)
12-07 06:28:13.041 26344 26344 E AndroidRuntime: 	at android.os.Looper.loop(Looper.java:193)
12-07 06:28:13.041 26344 26344 E AndroidRuntime: 	at android.app.ActivityThread.main(ActivityThread.java:6669)
12-07 06:28:13.041 26344 26344 E AndroidRuntime: 	at java.lang.reflect.Method.invoke(Native Method)
12-07 06:28:13.041 26344 26344 E AndroidRuntime: 	at com.android.internal.os.RuntimeInit$MethodAndArgsCaller.run(RuntimeInit.java:493)
12-07 06:28:13.041 26344 26344 E AndroidRuntime: 	at com.android.internal.os.ZygoteInit.main(ZygoteInit.java:858)
12-07 06:28:13.041 26344 26344 E AndroidRuntime: Caused by: java.lang.RuntimeException: Unable to resume activity {com.evancharlton.mileage/com.evancharlton.mileage.FillupActivity}: java.lang.IllegalArgumentException: Unknown URI: content://com.evancharlton.mileage/fields/
12-07 06:28:13.041 26344 26344 E AndroidRuntime: 	at android.app.ActivityThread.performResumeActivity(ActivityThread.java:3784)
12-07 06:28:13.041 26344 26344 E AndroidRuntime: 	at android.app.LocalActivityManager.moveToState(LocalActivityManager.java:197)
12-07 06:28:13.041 26344 26344 E AndroidRuntime: 	at android.app.LocalActivityManager.dispatchResume(LocalActivityManager.java:543)
12-07 06:28:13.041 26344 26344 E AndroidRuntime: 	at android.app.ActivityGroup.onResume(ActivityGroup.java:61)
12-07 06:28:13.041 26344 26344 E AndroidRuntime: 	at android.app.Instrumentation.callActivityOnResume(Instrumentation.java:1412)
12-07 06:28:13.041 26344 26344 E AndroidRuntime: 	at android.app.Activity.performResume(Activity.java:7292)
12-07 06:28:13.041 26344 26344 E AndroidRuntime: 	at android.app.ActivityThread.performResumeActivity(ActivityThread.java:3776)
12-07 06:28:13.041 26344 26344 E AndroidRuntime: 	... 11 more
12-07 06:28:13.041 26344 26344 E AndroidRuntime: Caused by: java.lang.IllegalArgumentException: Unknown URI: content://com.evancharlton.mileage/fields/
12-07 06:28:13.041 26344 26344 E AndroidRuntime: 	at com.evancharlton.mileage.provider.FillUpsProvider.query(FillUpsProvider.java:226)
12-07 06:28:13.041 26344 26344 E AndroidRuntime: 	at android.content.ContentProvider.query(ContentProvider.java:1055)
12-07 06:28:13.041 26344 26344 E AndroidRuntime: 	at android.content.ContentProvider.query(ContentProvider.java:1147)
12-07 06:28:13.041 26344 26344 E AndroidRuntime: 	at android.content.ContentProvider$Transport.query(ContentProvider.java:240)
12-07 06:28:13.041 26344 26344 E AndroidRuntime: 	at android.content.ContentResolver.query(ContentResolver.java:802)
12-07 06:28:13.041 26344 26344 E AndroidRuntime: 	at android.content.ContentResolver.query(ContentResolver.java:752)
12-07 06:28:13.041 26344 26344 E AndroidRuntime: 	at android.content.ContentResolver.query(ContentResolver.java:710)
12-07 06:28:13.041 26344 26344 E AndroidRuntime: 	at android.app.Activity.managedQuery(Activity.java:2559)
12-07 06:28:13.041 26344 26344 E AndroidRuntime: 	at com.evancharlton.mileage.FillupActivity.onResume(FillupActivity.java:92)
12-07 06:28:13.041 26344 26344 E AndroidRuntime: 	at android.app.Instrumentation.callActivityOnResume(Instrumentation.java:1412)
12-07 06:28:13.041 26344 26344 E AndroidRuntime: 	at android.app.Activity.performResume(Activity.java:7292)
12-07 06:28:13.041 26344 26344 E AndroidRuntime: 	at android.app.ActivityThread.performResumeActivity(ActivityThread.java:3776)
12-07 06:28:13.041 26344 26344 E AndroidRuntime: 	... 17 more
12-07 06:28:17.871 26377 26377 E viders.calenda: Not starting debugger since process cannot load the jdwp agent.
12-07 06:28:17.936 26386 26386 E rrierdefaultap: Not starting debugger since process cannot load the jdwp agent.
12-07 06:28:17.941 23814 23814 E wpa_supplicant: nl80211: Failed to open /proc/sys/net/ipv4/conf/p2p-dev-wlan0/drop_unicast_in_l2_multicast: No such file or directory
12-07 06:28:17.941 23814 23814 E wpa_supplicant: nl80211: Failed to set IPv4 unicast in multicast filter
12-07 06:28:17.974 23814 23814 E wpa_supplicant: nl80211: Failed to open /proc/sys/net/ipv4/conf/p2p-dev-wlan0/drop_unicast_in_l2_multicast: No such file or directory
12-07 06:28:17.974 23814 23814 E wpa_supplicant: nl80211: Failed to set IPv4 unicast in multicast filter
12-07 06:28:18.071 23814 23814 E wpa_supplicant: nl80211: Failed to open /proc/sys/net/ipv4/conf/wlan0/drop_unicast_in_l2_multicast: No such file or directory
12-07 06:28:18.071 23814 23814 E wpa_supplicant: nl80211: Failed to set IPv4 unicast in multicast filter
12-07 06:28:20.161 23814 23814 E wpa_supplicant: nl80211: Failed to open /proc/sys/net/ipv4/conf/wlan0/drop_unicast_in_l2_multicast: No such file or directory
12-07 06:28:20.161 23814 23814 E wpa_supplicant: nl80211: Failed to set IPv4 unicast in multicast filter
12-07 06:28:22.592  1610  1692 E audio_hw_generic: pcm_write failed cannot write stream data: I/O error
12-07 06:28:22.694  1625  1625 E android.hardware.wifi@1.0-service: Failed to open directory: Permission denied
12-07 06:28:22.694  1625  1625 E android.hardware.wifi@1.0-service: Error occurred while deleting old tombstone files
12-07 06:28:22.694  1625  1625 E android.hardware.wifi@1.0-service: Error writing files to flash
12-07 06:28:22.850 26418 26418 E ndroid.calenda: Not starting debugger since process cannot load the jdwp agent.
12-07 06:28:22.961  1880  1969 E WifiP2pService: Unhandled message { when=-13ms what=131204 target=com.android.internal.util.StateMachine$SmHandler }
12-07 06:28:24.859  1880  1900 E BatteryExternalStatsWorker: no controller energy info supplied for wifi
12-07 06:28:24.899  1880  1900 E BatteryExternalStatsWorker: no controller energy info supplied for wifi
12-07 06:28:27.439 26441 26441 E ocess.gservice: Not starting debugger since process cannot load the jdwp agent.
12-07 06:28:27.716 26457 26457 E .android.diale: Not starting debugger since process cannot load the jdwp agent.
12-07 06:28:32.201  1741  1741 E /system/bin/tombstoned: Traces for pid 2422 written to: /data/anr/trace_14
12-07 06:28:32.408 26457 26457 E .android.diale: The String#value field is not present on Android versions >= 6.0
12-07 06:28:32.440  2422  2433 E AndroidRuntime: FATAL EXCEPTION: FinalizerWatchdogDaemon
12-07 06:28:32.440  2422  2433 E AndroidRuntime: Process: com.google.android.apps.nexuslauncher, PID: 2422
12-07 06:28:32.440  2422  2433 E AndroidRuntime: java.util.concurrent.TimeoutException: android.view.ThreadedRenderer.finalize() timed out after 10 seconds
12-07 06:28:32.440  2422  2433 E AndroidRuntime: 	at android.view.ThreadedRenderer.nDeleteProxy(Native Method)
12-07 06:28:32.440  2422  2433 E AndroidRuntime: 	at android.view.ThreadedRenderer.finalize(ThreadedRenderer.java:967)
12-07 06:28:32.440  2422  2433 E AndroidRuntime: 	at java.lang.Daemons$FinalizerDaemon.doFinalize(Daemons.java:250)
12-07 06:28:32.440  2422  2433 E AndroidRuntime: 	at java.lang.Daemons$FinalizerDaemon.runInternal(Daemons.java:237)
12-07 06:28:32.440  2422  2433 E AndroidRuntime: 	at java.lang.Daemons$Daemon.run(Daemons.java:103)
12-07 06:28:32.440  2422  2433 E AndroidRuntime: 	at java.lang.Thread.run(Thread.java:764)
12-07 06:28:34.523 26457 26491 E PhenotypeFlagCommitter: Retrieving snapshot for com.google.android.dialer failed
12-07 06:28:34.523 26457 26491 E PhenotypeFlagCommitter: java.util.concurrent.TimeoutException: Timed out waiting for Task
12-07 06:28:34.523 26457 26491 E PhenotypeFlagCommitter: 	at fas.a(Unknown Source:77)
12-07 06:28:34.523 26457 26491 E PhenotypeFlagCommitter: 	at fpa.a(Unknown Source:3)
12-07 06:28:34.523 26457 26491 E PhenotypeFlagCommitter: 	at edu.a(PG:7)
12-07 06:28:34.523 26457 26491 E PhenotypeFlagCommitter: 	at bcc.c(PG:14)
12-07 06:28:34.523 26457 26491 E PhenotypeFlagCommitter: 	at bcd.run(Unknown Source:2)
12-07 06:28:34.523 26457 26491 E PhenotypeFlagCommitter: 	at java.util.concurrent.Executors$RunnableAdapter.call(Executors.java:458)
12-07 06:28:34.523 26457 26491 E PhenotypeFlagCommitter: 	at java.util.concurrent.FutureTask.run(FutureTask.java:266)
12-07 06:28:34.523 26457 26491 E PhenotypeFlagCommitter: 	at java.util.concurrent.ScheduledThreadPoolExecutor$ScheduledFutureTask.run(ScheduledThreadPoolExecutor.java:301)
12-07 06:28:34.523 26457 26491 E PhenotypeFlagCommitter: 	at java.util.concurrent.ThreadPoolExecutor.runWorker(ThreadPoolExecutor.java:1167)
12-07 06:28:34.523 26457 26491 E PhenotypeFlagCommitter: 	at java.util.concurrent.ThreadPoolExecutor$Worker.run(ThreadPoolExecutor.java:641)
12-07 06:28:34.523 26457 26491 E PhenotypeFlagCommitter: 	at java.lang.Thread.run(Thread.java:764)
12-07 06:28:34.690  1880  5028 E WindowManager: Failed to notify cancel
12-07 06:28:34.690  1880  5028 E WindowManager: android.os.DeadObjectException
12-07 06:28:34.690  1880  5028 E WindowManager: 	at android.os.BinderProxy.transactNative(Native Method)
12-07 06:28:34.690  1880  5028 E WindowManager: 	at android.os.BinderProxy.transact(Binder.java:1127)
12-07 06:28:34.690  1880  5028 E WindowManager: 	at android.view.IRemoteAnimationRunner$Stub$Proxy.onAnimationCancelled(IRemoteAnimationRunner.java:117)
12-07 06:28:34.690  1880  5028 E WindowManager: 	at com.android.server.wm.RemoteAnimationController.invokeAnimationCancelled(RemoteAnimationController.java:210)
12-07 06:28:34.690  1880  5028 E WindowManager: 	at com.android.server.wm.RemoteAnimationController.cancelAnimation(RemoteAnimationController.java:143)
12-07 06:28:34.690  1880  5028 E WindowManager: 	at com.android.server.wm.RemoteAnimationController.binderDied(RemoteAnimationController.java:247)
12-07 06:28:34.690  1880  5028 E WindowManager: 	at android.os.BinderProxy.sendDeathNotice(Binder.java:1193)
12-07 06:28:34.694  1880  5028 E WindowManager: Failed to notify cancel
12-07 06:28:34.694  1880  5028 E WindowManager: android.os.DeadObjectException
12-07 06:28:34.694  1880  5028 E WindowManager: 	at android.os.BinderProxy.transactNative(Native Method)
12-07 06:28:34.694  1880  5028 E WindowManager: 	at android.os.BinderProxy.transact(Binder.java:1127)
12-07 06:28:34.694  1880  5028 E WindowManager: 	at android.view.IRemoteAnimationRunner$Stub$Proxy.onAnimationCancelled(IRemoteAnimationRunner.java:117)
12-07 06:28:34.694  1880  5028 E WindowManager: 	at com.android.server.wm.RemoteAnimationController.invokeAnimationCancelled(RemoteAnimationController.java:210)
12-07 06:28:34.694  1880  5028 E WindowManager: 	at com.android.server.wm.RemoteAnimationController.cancelAnimation(RemoteAnimationController.java:143)
12-07 06:28:34.694  1880  5028 E WindowManager: 	at com.android.server.wm.RemoteAnimationController.binderDied(RemoteAnimationController.java:247)
12-07 06:28:34.694  1880  5028 E WindowManager: 	at android.os.BinderProxy.sendDeathNotice(Binder.java:1193)
12-07 06:28:34.695  1880  5028 E WindowManager: Failed to notify cancel
12-07 06:28:34.695  1880  5028 E WindowManager: android.os.DeadObjectException
12-07 06:28:34.695  1880  5028 E WindowManager: 	at android.os.BinderProxy.transactNative(Native Method)
12-07 06:28:34.695  1880  5028 E WindowManager: 	at android.os.BinderProxy.transact(Binder.java:1127)
12-07 06:28:34.695  1880  5028 E WindowManager: 	at android.view.IRemoteAnimationRunner$Stub$Proxy.onAnimationCancelled(IRemoteAnimationRunner.java:117)
12-07 06:28:34.695  1880  5028 E WindowManager: 	at com.android.server.wm.RemoteAnimationController.invokeAnimationCancelled(RemoteAnimationController.java:210)
12-07 06:28:34.695  1880  5028 E WindowManager: 	at com.android.server.wm.RemoteAnimationController.cancelAnimation(RemoteAnimationController.java:143)
12-07 06:28:34.695  1880  5028 E WindowManager: 	at com.android.server.wm.RemoteAnimationController.binderDied(RemoteAnimationController.java:247)
12-07 06:28:34.695  1880  5028 E WindowManager: 	at android.os.BinderProxy.sendDeathNotice(Binder.java:1193)
12-07 06:28:34.700  1880  5028 E WindowManager: Failed to notify cancel
12-07 06:28:34.700  1880  5028 E WindowManager: android.os.DeadObjectException
12-07 06:28:34.700  1880  5028 E WindowManager: 	at android.os.BinderProxy.transactNative(Native Method)
12-07 06:28:34.700  1880  5028 E WindowManager: 	at android.os.BinderProxy.transact(Binder.java:1127)
12-07 06:28:34.700  1880  5028 E WindowManager: 	at android.view.IRemoteAnimationRunner$Stub$Proxy.onAnimationCancelled(IRemoteAnimationRunner.java:117)
12-07 06:28:34.700  1880  5028 E WindowManager: 	at com.android.server.wm.RemoteAnimationController.invokeAnimationCancelled(RemoteAnimationController.java:210)
12-07 06:28:34.700  1880  5028 E WindowManager: 	at com.android.server.wm.RemoteAnimationController.cancelAnimation(RemoteAnimationController.java:143)
12-07 06:28:34.700  1880  5028 E WindowManager: 	at com.android.server.wm.RemoteAnimationController.binderDied(RemoteAnimationController.java:247)
12-07 06:28:34.700  1880  5028 E WindowManager: 	at android.os.BinderProxy.sendDeathNotice(Binder.java:1193)
12-07 06:28:34.700  1880  5028 E WindowManager: Failed to notify cancel
12-07 06:28:34.700  1880  5028 E WindowManager: android.os.DeadObjectException
12-07 06:28:34.700  1880  5028 E WindowManager: 	at android.os.BinderProxy.transactNative(Native Method)
12-07 06:28:34.700  1880  5028 E WindowManager: 	at android.os.BinderProxy.transact(Binder.java:1127)
12-07 06:28:34.700  1880  5028 E WindowManager: 	at android.view.IRemoteAnimationRunner$Stub$Proxy.onAnimationCancelled(IRemoteAnimationRunner.java:117)
12-07 06:28:34.700  1880  5028 E WindowManager: 	at com.android.server.wm.RemoteAnimationController.invokeAnimationCancelled(RemoteAnimationController.java:210)
12-07 06:28:34.700  1880  5028 E WindowManager: 	at com.android.server.wm.RemoteAnimationController.cancelAnimation(RemoteAnimationController.java:143)
12-07 06:28:34.700  1880  5028 E WindowManager: 	at com.android.server.wm.RemoteAnimationController.binderDied(RemoteAnimationController.java:247)
12-07 06:28:34.700  1880  5028 E WindowManager: 	at android.os.BinderProxy.sendDeathNotice(Binder.java:1193)
12-07 06:28:34.702  1880  5028 E WindowManager: Failed to notify cancel
12-07 06:28:34.702  1880  5028 E WindowManager: android.os.DeadObjectException
12-07 06:28:34.702  1880  5028 E WindowManager: 	at android.os.BinderProxy.transactNative(Native Method)
12-07 06:28:34.702  1880  5028 E WindowManager: 	at android.os.BinderProxy.transact(Binder.java:1127)
12-07 06:28:34.702  1880  5028 E WindowManager: 	at android.view.IRemoteAnimationRunner$Stub$Proxy.onAnimationCancelled(IRemoteAnimationRunner.java:117)
12-07 06:28:34.702  1880  5028 E WindowManager: 	at com.android.server.wm.RemoteAnimationController.invokeAnimationCancelled(RemoteAnimationController.java:210)
12-07 06:28:34.702  1880  5028 E WindowManager: 	at com.android.server.wm.RemoteAnimationController.cancelAnimation(RemoteAnimationController.java:143)
12-07 06:28:34.702  1880  5028 E WindowManager: 	at com.android.server.wm.RemoteAnimationController.binderDied(RemoteAnimationController.java:247)
12-07 06:28:34.702  1880  5028 E WindowManager: 	at android.os.BinderProxy.sendDeathNotice(Binder.java:1193)
12-07 06:28:34.930 26518 26518 E s.nexuslaunche: Not starting debugger since process cannot load the jdwp agent.
12-07 06:28:37.067  1829  1829 E netmgr  : Failed to open QEMU pipe 'qemud:network': Invalid argument
12-07 06:28:37.067  1829  1829 E netmgr  : WifiForwarder unable to open QEMU pipe: Invalid argument
12-07 06:28:37.308  1722  1959 E BufferQueueProducer: [com.google.android.apps.nexuslauncher/com.google.android.apps.nexuslauncher.NexusLauncherActivity#0] cancelBuffer: BufferQueue has been abandoned
12-07 06:28:37.422 19845 19845 E OverlaySController: Failed to send status update
12-07 06:28:37.422 19845 19845 E OverlaySController: android.os.DeadObjectException
12-07 06:28:37.422 19845 19845 E OverlaySController: 	at android.os.BinderProxy.transactNative(Native Method)
