--------- beginning of main
12-07 16:33:13.611 15927 23556 E audio_hw_generic: pcm_open(in) failed: cannot open device '/dev/snd/pcmC0D0c': Device or resource busy: channels 2 format 0 rate 16000
--------- beginning of system
12-07 16:33:14.432 15976 15989 E memtrack: Couldn't load memtrack module
12-07 16:33:15.028 16085 16085 E native  : clearcut-logger.cc:191 USER_EDIT span#originalSpan is missing
12-07 16:33:15.348 16085 16085 E native  : clearcut-logger.cc:191 USER_EDIT span#originalSpan is missing
12-07 16:33:16.553 23581 23581 E droid.apps.doc: Not starting debugger since process cannot load the jdwp agent.
12-07 16:33:17.350 23581 23581 E DocsApplication: [main] No default account found during application creation.
12-07 16:33:18.523  1729  2327 E         : Couldn't opendir /data/app/vmdl139732564.tmp: No such file or directory
12-07 16:33:18.523  1729  2327 E installd: Failed to delete /data/app/vmdl139732564.tmp: No such file or directory
12-07 16:33:19.483 15976 15989 E memtrack: Couldn't load memtrack module
12-07 16:33:19.513 23650 23650 E harlton.mileag: Not starting debugger since process cannot load the jdwp agent.
12-07 16:33:26.316  1737  1809 E storaged: getDiskStats failed with result NOT_SUPPORTED and size 0
12-07 16:33:28.960 15976 15989 E memtrack: Couldn't load memtrack module
12-07 16:33:29.599 15976 15989 E memtrack: Couldn't load memtrack module
12-07 16:33:30.348 16506 21377 E ctxmgr  : [ProducerStatusImpl]updateStateForNewContextData: inactive, contextName=7
12-07 16:33:30.426 16506 21377 E ctxmgr  : [ProducerStatusImpl]updateStateForNewContextData: inactive, contextName=1
12-07 16:33:30.781 16506 16506 E BeaconBle: Scan couldn't start for Places
12-07 16:33:32.454 15976 15989 E memtrack: Couldn't load memtrack module
12-07 16:33:32.682 16561 16561 E ContextIntentStarter: No activity found for any of the 0 intents
12-07 16:33:32.927 23126 23126 E wpa_supplicant: nl80211: Failed to open /proc/sys/net/ipv4/conf/p2p-dev-wlan0/drop_unicast_in_l2_multicast: No such file or directory
12-07 16:33:32.928 23126 23126 E wpa_supplicant: nl80211: Failed to set IPv4 unicast in multicast filter
12-07 16:33:32.943 23126 23126 E wpa_supplicant: nl80211: Failed to open /proc/sys/net/ipv4/conf/p2p-dev-wlan0/drop_unicast_in_l2_multicast: No such file or directory
12-07 16:33:32.944 23126 23126 E wpa_supplicant: nl80211: Failed to set IPv4 unicast in multicast filter
12-07 16:33:33.005 23705 23705 E rrierdefaultap: Not starting debugger since process cannot load the jdwp agent.
12-07 16:33:33.049 23126 23126 E wpa_supplicant: nl80211: Failed to open /proc/sys/net/ipv4/conf/wlan0/drop_unicast_in_l2_multicast: No such file or directory
12-07 16:33:33.049 23126 23126 E wpa_supplicant: nl80211: Failed to set IPv4 unicast in multicast filter
12-07 16:33:33.049 23126 23126 E wpa_supplicant: nl80211: Failed to open /proc/sys/net/ipv4/conf/wlan0/drop_unicast_in_l2_multicast: No such file or directory
12-07 16:33:33.049 23126 23126 E wpa_supplicant: nl80211: Failed to set IPv4 unicast in multicast filter
12-07 16:33:33.120 23126 23126 E wpa_supplicant: nl80211: Failed to open /proc/sys/net/ipv4/conf/wlan0/drop_unicast_in_l2_multicast: No such file or directory
12-07 16:33:33.120 23126 23126 E wpa_supplicant: nl80211: Failed to set IPv4 unicast in multicast filter
12-07 16:33:33.257 15976 23272 E DhcpClient: Read error
12-07 16:33:33.257 15976 23272 E DhcpClient: android.system.ErrnoException: read failed: ENETDOWN (Network is down)
12-07 16:33:33.257 15976 23272 E DhcpClient: 	at libcore.io.Linux.readBytes(Native Method)
12-07 16:33:33.257 15976 23272 E DhcpClient: 	at libcore.io.Linux.read(Linux.java:184)
12-07 16:33:33.257 15976 23272 E DhcpClient: 	at libcore.io.BlockGuardOs.read(BlockGuardOs.java:254)
12-07 16:33:33.257 15976 23272 E DhcpClient: 	at android.system.Os.read(Os.java:414)
12-07 16:33:33.257 15976 23272 E DhcpClient: 	at android.net.dhcp.DhcpClient$ReceiveThread.run(DhcpClient.java:364)
12-07 16:33:33.276 15976 23144 E ConnectivityPacketTracker.wlan0: readPacket error: 
12-07 16:33:33.276 15976 23144 E ConnectivityPacketTracker.wlan0: android.system.ErrnoException: read failed: ENETDOWN (Network is down)
12-07 16:33:33.276 15976 23144 E ConnectivityPacketTracker.wlan0: 	at libcore.io.Linux.readBytes(Native Method)
12-07 16:33:33.276 15976 23144 E ConnectivityPacketTracker.wlan0: 	at libcore.io.Linux.read(Linux.java:184)
12-07 16:33:33.276 15976 23144 E ConnectivityPacketTracker.wlan0: 	at libcore.io.BlockGuardOs.read(BlockGuardOs.java:254)
12-07 16:33:33.276 15976 23144 E ConnectivityPacketTracker.wlan0: 	at android.system.Os.read(Os.java:414)
12-07 16:33:33.276 15976 23144 E ConnectivityPacketTracker.wlan0: 	at android.net.util.PacketReader.readPacket(PacketReader.java:137)
12-07 16:33:33.276 15976 23144 E ConnectivityPacketTracker.wlan0: 	at android.net.util.PacketReader.handleInput(PacketReader.java:207)
12-07 16:33:33.276 15976 23144 E ConnectivityPacketTracker.wlan0: 	at android.net.util.PacketReader.access$100(PacketReader.java:70)
12-07 16:33:33.276 15976 23144 E ConnectivityPacketTracker.wlan0: 	at android.net.util.PacketReader$1.onFileDescriptorEvents(PacketReader.java:189)
12-07 16:33:33.276 15976 23144 E ConnectivityPacketTracker.wlan0: 	at android.os.MessageQueue.dispatchEvents(MessageQueue.java:285)
12-07 16:33:33.276 15976 23144 E ConnectivityPacketTracker.wlan0: 	at android.os.MessageQueue.nativePollOnce(Native Method)
12-07 16:33:33.276 15976 23144 E ConnectivityPacketTracker.wlan0: 	at android.os.MessageQueue.next(MessageQueue.java:326)
12-07 16:33:33.276 15976 23144 E ConnectivityPacketTracker.wlan0: 	at android.os.Looper.loop(Looper.java:160)
12-07 16:33:33.276 15976 23144 E ConnectivityPacketTracker.wlan0: 	at android.os.HandlerThread.run(HandlerThread.java:65)
12-07 16:33:33.384 15927 23723 E audio_hw_generic: pcm_open(in) failed: cannot open device '/dev/snd/pcmC0D0c': Device or resource busy: channels 2 format 0 rate 16000
12-07 16:33:33.441  1628  1628 E android.hardware.wifi@1.0-service: Failed to open directory: Permission denied
12-07 16:33:33.441  1628  1628 E android.hardware.wifi@1.0-service: Error occurred while deleting old tombstone files
12-07 16:33:33.441  1628  1628 E android.hardware.wifi@1.0-service: Error writing files to flash
12-07 16:33:33.664 15976 16053 E SupplicantStaIfaceHal: Can't call setPowerSave, ISupplicantStaIface is null
12-07 16:33:33.664 15976 16053 E SupplicantStaIfaceHal: Can't call setBtCoexistenceMode, ISupplicantStaIface is null
12-07 16:33:33.674 15976 16053 E HalDevMgr: Should have at least 1 chip!
12-07 16:33:33.674 15976 16053 E HalDevMgr: dispatchAvailableForRequestListeners: no chip info found
12-07 16:33:33.701 15976 16053 E SupplicantStaIfaceHal: Can't call listNetworks, ISupplicantStaIface is null
12-07 16:33:33.701 15976 16053 E SupplicantStaIfaceHal: removeAllNetworks failed, got null networks
12-07 16:33:33.701 15976 16053 E WifiStateMachine: Failed to remove networks on exiting connect mode
12-07 16:33:33.707 15976 16055 E WifiP2pService: Unhandled message { when=-1ms what=131204 target=com.android.internal.util.StateMachine$SmHandler }
12-07 16:33:33.758 15925 15934 E Netd    : Interface index 3 was never in a currently-connected netId
12-07 16:33:33.799 15976 16054 E WificondControl: No valid wificond scanner interface handler
12-07 16:33:33.803 15976 15994 E BatteryExternalStatsWorker: no controller energy info supplied for wifi
12-07 16:33:33.854 16506 23298 E WakeLock: GCM_HB_ALARM release without a matched acquire!
12-07 16:33:33.890 16506 23298 E WakeLock: GCM_CONN_ALARM release without a matched acquire!
12-07 16:33:33.974 15976 16056 E ConnectivityService: exception in setMtu()java.lang.IllegalStateException: command '173 interface setmtu radio0 1500' failed with '400 173 Failed to set MTU (Permission denied)'
12-07 16:33:34.186  1628  1628 E android.hardware.wifi@1.0-service: Failed to register radio mode change callback
12-07 16:33:34.189  1628  1628 E android.hardware.wifi@1.0-service: Failed to set DFS flag; DFS channels may be unavailable.
12-07 16:33:34.240 15926 15926 E wificond: No Offload Service available
12-07 16:33:34.241 15976 16053 E SupplicantStaIfaceHal: Can't call setupIface, ISupplicantStaIface is null
12-07 16:33:34.311 15976 16054 E WifiVendorHal: getBgScanCapabilities(l.671) failed {.code = ERROR_NOT_SUPPORTED, .description = }
12-07 16:33:34.352 15976 16055 E WifiP2pService: Unhandled message { when=0 what=131203 target=com.android.internal.util.StateMachine$SmHandler }
12-07 16:33:34.377 15976 16055 E WifiP2pService: Unhandled message { when=0 what=131203 target=com.android.internal.util.StateMachine$SmHandler }
12-07 16:33:34.407 15976 15994 E BatteryExternalStatsWorker: no controller energy info supplied for wifi
12-07 16:33:34.452 23728 23728 E wpa_supplicant: nl80211: Failed to open /proc/sys/net/ipv4/conf/p2p-dev-wlan0/drop_unicast_in_l2_multicast: No such file or directory
12-07 16:33:34.452 23728 23728 E wpa_supplicant: nl80211: Failed to set IPv4 unicast in multicast filter
12-07 16:33:34.456 23728 23728 E wpa_supplicant: nl80211: Failed to open /proc/sys/net/ipv4/conf/p2p-dev-wlan0/drop_unicast_in_l2_multicast: No such file or directory
12-07 16:33:34.456 23728 23728 E wpa_supplicant: nl80211: Failed to set IPv4 unicast in multicast filter
12-07 16:33:34.461 15976 15989 E memtrack: Couldn't load memtrack module
12-07 16:33:34.508 16506 23742 E WakeLock: GCM_CONN_ALARM release without a matched acquire!
12-07 16:33:34.530 23728 23728 E wpa_supplicant: nl80211: Failed to open /proc/sys/net/ipv4/conf/wlan0/drop_unicast_in_l2_multicast: No such file or directory
12-07 16:33:34.530 23728 23728 E wpa_supplicant: nl80211: Failed to set IPv4 unicast in multicast filter
12-07 16:33:34.610 23728 23728 E wpa_supplicant: nl80211: Failed to open /proc/sys/net/ipv4/conf/wlan0/drop_unicast_in_l2_multicast: No such file or directory
12-07 16:33:34.611 23728 23728 E wpa_supplicant: nl80211: Failed to set IPv4 unicast in multicast filter
12-07 16:33:34.722  1628  1628 E android.hardware.wifi@1.0-service: Failed to open directory: Permission denied
12-07 16:33:34.722  1628  1628 E android.hardware.wifi@1.0-service: Error occurred while deleting old tombstone files
12-07 16:33:34.722  1628  1628 E android.hardware.wifi@1.0-service: Error writing files to flash
12-07 16:33:34.761 16506 23747 E WakeLock: GCM_HB_ALARM release without a matched acquire!
12-07 16:33:34.780 16506 23747 E WakeLock: GCM_CONN_ALARM release without a matched acquire!
12-07 16:33:34.937 15976 16053 E SupplicantStaIfaceHal: Can't call setPowerSave, ISupplicantStaIface is null
12-07 16:33:34.938 15976 16053 E SupplicantStaIfaceHal: Can't call setBtCoexistenceMode, ISupplicantStaIface is null
12-07 16:33:34.940 15976 16053 E HalDevMgr: Should have at least 1 chip!
12-07 16:33:34.940 15976 16053 E HalDevMgr: dispatchAvailableForRequestListeners: no chip info found
12-07 16:33:34.944 15976 16053 E SupplicantStaIfaceHal: Can't call listNetworks, ISupplicantStaIface is null
12-07 16:33:34.944 15976 16053 E SupplicantStaIfaceHal: removeAllNetworks failed, got null networks
12-07 16:33:34.944 15976 16053 E WifiStateMachine: Failed to remove networks on exiting connect mode
12-07 16:33:34.945 15976 16055 E WifiP2pService: Unhandled message { when=0 what=131204 target=com.android.internal.util.StateMachine$SmHandler }
12-07 16:33:34.964 15976 16054 E WificondControl: No valid wificond scanner interface handler
12-07 16:33:34.983 15976 15994 E BatteryExternalStatsWorker: no controller energy info supplied for wifi
12-07 16:33:34.999 15976 16053 E WifiScanRequestProxy: Scan failure received. reason: -1,description: Scan was interrupted
12-07 16:33:35.002 15976 15994 E BatteryExternalStatsWorker: no controller energy info supplied for wifi
12-07 16:33:35.624  1628  1628 E android.hardware.wifi@1.0-service: Failed to register radio mode change callback
12-07 16:33:35.630  1628  1628 E android.hardware.wifi@1.0-service: Failed to set DFS flag; DFS channels may be unavailable.
12-07 16:33:35.663 15926 15926 E wificond: No Offload Service available
12-07 16:33:35.665 15976 16053 E SupplicantStaIfaceHal: Can't call setupIface, ISupplicantStaIface is null
12-07 16:33:35.701 15976 16054 E WifiVendorHal: getBgScanCapabilities(l.671) failed {.code = ERROR_NOT_SUPPORTED, .description = }
12-07 16:33:35.732 15976 16055 E WifiP2pService: Unhandled message { when=0 what=131203 target=com.android.internal.util.StateMachine$SmHandler }
12-07 16:33:35.742 15976 16055 E WifiP2pService: Unhandled message { when=0 what=131203 target=com.android.internal.util.StateMachine$SmHandler }
12-07 16:33:35.764 15976 15994 E BatteryExternalStatsWorker: no controller energy info supplied for wifi
12-07 16:33:35.778 15976 15994 E BatteryExternalStatsWorker: no controller energy info supplied for wifi
12-07 16:33:36.853 15976 15989 E memtrack: Couldn't load memtrack module
