--------- beginning of system
--------- beginning of main
12-09 05:12:02.857  1885  1899 E ActivityManager: Failure starting process com.evancharlton.mileage
12-09 05:12:02.857  1885  1899 E ActivityManager: java.lang.SecurityException: Package com.evancharlton.mileage is currently frozen!
12-09 05:12:02.857  1885  1899 E ActivityManager: 	at com.android.server.pm.PackageManagerService.checkPackageStartable(PackageManagerService.java:4000)
12-09 05:12:02.857  1885  1899 E ActivityManager: 	at com.android.server.am.ActivityManagerService.startProcessLocked(ActivityManagerService.java:4234)
12-09 05:12:02.857  1885  1899 E ActivityManager: 	at com.android.server.am.ActivityManagerService.startProcessLocked(ActivityManagerService.java:4199)
12-09 05:12:02.857  1885  1899 E ActivityManager: 	at com.android.server.am.ActivityManagerService.startProcessLocked(ActivityManagerService.java:4181)
12-09 05:12:02.857  1885  1899 E ActivityManager: 	at com.android.server.am.ActivityManagerService.startProcessLocked(ActivityManagerService.java:4067)
12-09 05:12:02.857  1885  1899 E ActivityManager: 	at com.android.server.am.ActivityStackSupervisor.startSpecificActivityLocked(ActivityStackSupervisor.java:1715)
12-09 05:12:02.857  1885  1899 E ActivityManager: 	at com.android.server.am.ActivityStack.resumeTopActivityInnerLocked(ActivityStack.java:2764)
12-09 05:12:02.857  1885  1899 E ActivityManager: 	at com.android.server.am.ActivityStack.resumeTopActivityUncheckedLocked(ActivityStack.java:2302)
12-09 05:12:02.857  1885  1899 E ActivityManager: 	at com.android.server.am.ActivityStackSupervisor.resumeFocusedStackTopActivityLocked(ActivityStackSupervisor.java:2234)
12-09 05:12:02.857  1885  1899 E ActivityManager: 	at com.android.server.am.ActivityStackSupervisor.resumeFocusedStackTopActivityLocked(ActivityStackSupervisor.java:2218)
12-09 05:12:02.857  1885  1899 E ActivityManager: 	at com.android.server.am.ActivityManagerService.handleAppDiedLocked(ActivityManagerService.java:5923)
12-09 05:12:02.857  1885  1899 E ActivityManager: 	at com.android.server.am.ActivityManagerService.removeProcessLocked(ActivityManagerService.java:7501)
12-09 05:12:02.857  1885  1899 E ActivityManager: 	at com.android.server.am.ActivityManagerService.killPackageProcessesLocked(ActivityManagerService.java:7142)
12-09 05:12:02.857  1885  1899 E ActivityManager: 	at com.android.server.am.ActivityManagerService.forceStopPackageLocked(ActivityManagerService.java:7275)
12-09 05:12:02.857  1885  1899 E ActivityManager: 	at com.android.server.am.ActivityManagerService$MainHandler.handleMessage(ActivityManagerService.java:2289)
12-09 05:12:02.857  1885  1899 E ActivityManager: 	at android.os.Handler.dispatchMessage(Handler.java:106)
12-09 05:12:02.857  1885  1899 E ActivityManager: 	at android.os.Looper.loop(Looper.java:193)
12-09 05:12:02.857  1885  1899 E ActivityManager: 	at android.os.HandlerThread.run(HandlerThread.java:65)
12-09 05:12:02.857  1885  1899 E ActivityManager: 	at com.android.server.ServiceThread.run(ServiceThread.java:44)
12-09 05:12:04.442  2378 24344 E ctxmgr  : [ProducerStatusImpl]updateStateForNewContextData: inactive, contextName=7
12-09 05:12:04.721  2378  2378 E BeaconBle: Missing BluetoothAdapter
12-09 05:12:04.785  2378  2378 E BeaconBle: Scan couldn't start for Places
12-09 05:12:06.628  1731  1776 E         : Couldn't opendir /data/app/vmdl1295590761.tmp: No such file or directory
12-09 05:12:06.628  1731  1776 E installd: Failed to delete /data/app/vmdl1295590761.tmp: No such file or directory
12-09 05:12:08.285 24424 24424 E harlton.mileag: Not starting debugger since process cannot load the jdwp agent.
12-09 05:12:09.596  1994  7294 E putmethod.lati: Invalid ID 0x00000001.
12-09 05:12:09.601  1994  7294 E LstmTrainingCache: emn: Can't get resource name for input slot
12-09 05:12:09.601  1994  7294 E LstmTrainingCache: android.content.res.Resources$NotFoundException: Unable to find resource ID #0x1
12-09 05:12:09.601  1994  7294 E LstmTrainingCache: 	at android.content.res.ResourcesImpl.getResourceName(ResourcesImpl.java:255)
12-09 05:12:09.601  1994  7294 E LstmTrainingCache: 	at android.content.res.Resources.getResourceName(Resources.java:1954)
12-09 05:12:09.601  1994  7294 E LstmTrainingCache: 	at emn.a(PG:12)
12-09 05:12:09.601  1994  7294 E LstmTrainingCache: 	at emk.run(PG:5)
12-09 05:12:09.601  1994  7294 E LstmTrainingCache: 	at java.lang.Thread.run(Thread.java:764)
12-09 05:12:10.809  1834  1834 E netmgr  : Failed to open QEMU pipe 'qemud:network': Invalid argument
12-09 05:12:10.809  1834  1834 E netmgr  : WifiForwarder unable to open QEMU pipe: Invalid argument
12-09 05:12:13.166  1885  2488 E WindowManager: Performed 6 layouts in a row. Skipping
12-09 05:12:13.188  1885  1938 E WindowManager: Performed 6 layouts in a row. Skipping
12-09 05:12:13.241  1885  1938 E WindowManager: Performed 6 layouts in a row. Skipping
12-09 05:12:13.276  1885  3512 E WindowManager: Performed 6 layouts in a row. Skipping
12-09 05:12:13.304  1885  1938 E WindowManager: Performed 6 layouts in a row. Skipping
12-09 05:12:13.405  1885  1938 E WindowManager: Performed 6 layouts in a row. Skipping
12-09 05:12:16.992  1739  1762 E storaged: getDiskStats failed with result NOT_SUPPORTED and size 0
12-09 05:12:17.282  1885  4011 E InputMethodManagerService: Ignoring com.android.server.InputMethodManagerService.updateStatusIcon:2188 due to an invalid token. uid:10060 token:android.os.Binder@db29b08
12-09 05:12:17.443  1994  1994 E EmojiSearchExtension: com.google.android.apps.inputmethod.libs.search.emoji.EmojiSearchExtension: Cannot deactivate emoji search JNI; null locale
12-09 05:12:18.626  2720  3047 E AttachedClient: Dropping clientEvent = CANCEL coming from client[11964230836866257]
12-09 05:12:18.626  2720  3047 E AttachedClient: Dropping clientEvent = CANCEL coming from client[11964230836866257]
12-09 05:12:18.626  2720  3047 E AttachedClient: Dropping clientEvent = QUERY_COMMIT coming from client[11964230836866257]
12-09 05:12:20.434  2720  3047 E PBSessionCacheImpl: sessionId[11964230836866257] not persisted.
12-09 05:12:20.451  2720  3047 E PBSessionCacheImpl: sessionId[11964230836866257] not persisted.
12-09 05:12:21.093  2378 24148 E ctxmgr  : [ProducerStatusImpl]updateStateForNewContextData: inactive, contextName=7
12-09 05:12:21.309  2378  3140 E PlaceInferenceEngine: Position timestamp out of order. Previous: 1544332191000, Current: 1544314341000. Skipping this Position.
12-09 05:12:21.313  2378 24148 E ctxmgr  : [ProducerStatusImpl]updateStateForNewContextData: inactive, contextName=1
12-09 05:12:22.052  2378  2378 E BeaconBle: Scan couldn't start for Places
12-09 05:12:22.115  1741  1741 E OMXNodeInstance: getConfig(0xe97a6ae0:google.amrwb.encoder, ConfigAndroidVendorExtension(0x6f100004)) ERROR: Undefined(0x80001001)
12-09 05:12:24.700  2720  3047 E PBSessionCacheImpl: sessionId[11964230836866257] not persisted.
12-09 05:12:24.711  2720  3047 E PBSessionCacheImpl: sessionId[11964230836866257] not persisted.
12-09 05:12:24.929  1741  2074 E OMXNodeInstance: getConfig(0xe97a6ae0:google.amrwb.encoder, ConfigAndroidVendorExtension(0x6f100004)) ERROR: Undefined(0x80001001)
12-09 05:12:26.144  2720  3047 E PBSessionCacheImpl: sessionId[11964230836866257] not persisted.
12-09 05:12:26.149  2720  3047 E PBSessionCacheImpl: sessionId[11964230836866257] not persisted.
12-09 05:12:26.427  1741  1741 E OMXNodeInstance: getConfig(0xe93910c0:google.amrwb.encoder, ConfigAndroidVendorExtension(0x6f100004)) ERROR: Undefined(0x80001001)
12-09 05:12:26.666  2720 18688 E native  : ordered_signal_compute_stream.h:29 Signal is not forwarded to output stream: 0xc8526180
12-09 05:12:26.893  2720 23753 E cr_CronetUrlRequestContext: Exception in upload method
12-09 05:12:26.893  2720 23753 E cr_CronetUrlRequestContext: com.google.android.apps.gsa.shared.exception.GsaIOException: Error code: 262182
12-09 05:12:26.893  2720 23753 E cr_CronetUrlRequestContext: 	at com.google.android.apps.gsa.shared.io.bn.abort(SourceFile:12)
12-09 05:12:26.893  2720 23753 E cr_CronetUrlRequestContext: 	at com.google.android.libraries.gsa.d.a.ay.abort(SourceFile:28)
12-09 05:12:26.893  2720 23753 E cr_CronetUrlRequestContext: 	at com.google.android.libraries.gsa.d.a.bq.e(SourceFile:22)
12-09 05:12:26.893  2720 23753 E cr_CronetUrlRequestContext: 	at com.google.android.libraries.gsa.d.a.a.disconnect(SourceFile:25)
12-09 05:12:26.893  2720 23753 E cr_CronetUrlRequestContext: 	at com.google.android.libraries.gsa.d.a.b.run(SourceFile:5)
12-09 05:12:26.893  2720 23753 E cr_CronetUrlRequestContext: 	at com.google.common.r.a.ar.execute(SourceFile:3)
12-09 05:12:26.893  2720 23753 E cr_CronetUrlRequestContext: 	at com.google.common.r.a.d.a(SourceFile:262)
12-09 05:12:26.893  2720 23753 E cr_CronetUrlRequestContext: 	at com.google.common.r.a.d.a(SourceFile:223)
12-09 05:12:26.893  2720 23753 E cr_CronetUrlRequestContext: 	at com.google.common.r.a.d.cancel(SourceFile:121)
12-09 05:12:26.893  2720 23753 E cr_CronetUrlRequestContext: 	at com.google.common.r.a.d.m(SourceFile:235)
12-09 05:12:26.893  2720 23753 E cr_CronetUrlRequestContext: 	at com.google.common.r.a.q.afterDone(SourceFile:27)
12-09 05:12:26.893  2720 23753 E cr_CronetUrlRequestContext: 	at com.google.common.r.a.d.a(SourceFile:207)
12-09 05:12:26.893  2720 23753 E cr_CronetUrlRequestContext: 	at com.google.common.r.a.d.cancel(SourceFile:121)
12-09 05:12:26.893  2720 23753 E cr_CronetUrlRequestContext: 	at com.google.common.r.a.d.m(SourceFile:235)
12-09 05:12:26.893  2720 23753 E cr_CronetUrlRequestContext: 	at com.google.common.r.a.q.afterDone(SourceFile:27)
12-09 05:12:26.893  2720 23753 E cr_CronetUrlRequestContext: 	at com.google.common.r.a.d.a(SourceFile:207)
12-09 05:12:26.893  2720 23753 E cr_CronetUrlRequestContext: 	at com.google.common.r.a.d.cancel(SourceFile:121)
12-09 05:12:26.893  2720 23753 E cr_CronetUrlRequestContext: 	at com.google.common.r.a.d.m(SourceFile:235)
12-09 05:12:26.893  2720 23753 E cr_CronetUrlRequestContext: 	at com.google.common.r.a.q.afterDone(SourceFile:27)
12-09 05:12:26.893  2720 23753 E cr_CronetUrlRequestContext: 	at com.google.common.r.a.d.a(SourceFile:207)
12-09 05:12:26.893  2720 23753 E cr_CronetUrlRequestContext: 	at com.google.common.r.a.d.cancel(SourceFile:121)
12-09 05:12:26.893  2720 23753 E cr_CronetUrlRequestContext: 	at com.google.common.r.a.d.m(SourceFile:235)
12-09 05:12:26.893  2720 23753 E cr_CronetUrlRequestContext: 	at com.google.common.r.a.q.afterDone(SourceFile:27)
12-09 05:12:26.893  2720 23753 E cr_CronetUrlRequestContext: 	at com.google.common.r.a.d.a(SourceFile:207)
12-09 05:12:26.893  2720 23753 E cr_CronetUrlRequestContext: 	at com.google.common.r.a.d.cancel(SourceFile:121)
12-09 05:12:26.893  2720 23753 E cr_CronetUrlRequestContext: 	at com.google.common.r.a.d.m(SourceFile:235)
12-09 05:12:26.893  2720 23753 E cr_CronetUrlRequestContext: 	at com.google.common.r.a.a.afterDone(SourceFile:42)
12-09 05:12:26.893  2720 23753 E cr_CronetUrlRequestContext: 	at com.google.common.r.a.d.a(SourceFile:207)
12-09 05:12:26.893  2720 23753 E cr_CronetUrlRequestContext: 	at com.google.common.r.a.d.cancel(SourceFile:121)
12-09 05:12:26.893  2720 23753 E cr_CronetUrlRequestContext: 	at com.google.common.r.a.ay.cancel(SourceFile:2)
12-09 05:12:26.893  2720 23753 E cr_CronetUrlRequestContext: 	at com.google.android.apps.gsa.s3.r.l(SourceFile:48)
12-09 05:12:26.893  2720 23753 E cr_CronetUrlRequestContext: 	at com.google.android.apps.gsa.s3.t.exit(SourceFile:51)
12-09 05:12:26.893  2720 23753 E cr_CronetUrlRequestContext: 	at com.google.android.apps.gsa.s3.t.dQ(SourceFile:8)
12-09 05:12:26.893  2720 23753 E cr_CronetUrlRequestContext: 	at com.google.android.apps.gsa.taskgraph.stream.a.e.end(SourceFile:10)
12-09 05:12:26.893  2720 23753 E cr_CronetUrlRequestContext: 	at com.google.android.apps.gsa.speech.n.a.d.kg(SourceFile:73)
12-09 05:12:26.893  2720 23753 E cr_CronetUrlRequestContext: 	at com.google.android.apps.gsa.speech.n.a.d.bGq(SourceFile:19)
12-09 05:12:26.893  2720 23753 E cr_CronetUrlRequestContext: 	at com.google.android.apps.gsa.speech.n.a.d.a(SourceFile:57)
12-09 05:12:26.893  2720 23753 E cr_CronetUrlRequestContext: 	at com.google.android.apps.gsa.s3.s.aws(SourceFile:24)
12-09 05:12:26.893  2720 23753 E cr_CronetUrlRequestContext: 	at com.google.android.apps.gsa.s3.u.run(SourceFile:21)
12-09 05:12:26.893  2720 23753 E cr_CronetUrlRequestContext: 	at java.util.concurrent.Executors$RunnableAdapter.call(Executors.java:458)
12-09 05:12:26.893  2720 23753 E cr_CronetUrlRequestContext: 	at java.util.concurrent.FutureTask.run(FutureTask.java:266)
12-09 05:12:26.893  2720 23753 E cr_CronetUrlRequestContext: 	at com.google.android.apps.gsa.shared.util.concurrent.b.i.run(Unknown Source:4)
12-09 05:12:26.893  2720 23753 E cr_CronetUrlRequestContext: 	at com.google.android.apps.gsa.shared.util.concurrent.b.bs.run(SourceFile:3)
12-09 05:12:26.893  2720 23753 E cr_CronetUrlRequestContext: 	at com.google.android.apps.gsa.shared.util.concurrent.b.bs.run(SourceFile:3)
12-09 05:12:26.893  2720 23753 E cr_CronetUrlRequestContext: 	at java.util.concurrent.ThreadPoolExecutor.runWorker(ThreadPoolExecutor.java:1167)
12-09 05:12:26.893  2720 23753 E cr_CronetUrlRequestContext: 	at java.util.concurrent.ThreadPoolExecutor$Worker.run(ThreadPoolExecutor.java:641)
12-09 05:12:26.893  2720 23753 E cr_CronetUrlRequestContext: 	at java.lang.Thread.run(Thread.java:764)
12-09 05:12:26.893  2720 23753 E cr_CronetUrlRequestContext: 	at com.google.android.apps.gsa.shared.util.concurrent.b.o.run(SourceFile:6)
12-09 05:12:31.483  2720  2720 E ContextIntentStarter: No activity found for any of the 0 intents
12-09 05:12:46.938  2720  2720 E PSAC    : Bitmap height 117 is less than first row height for pixel search
12-09 05:12:49.906 24557 24557 E boxed_process1: Not starting debugger since process cannot load the jdwp agent.
12-09 05:12:52.652  1885  3541 E WindowManager: Performed 6 layouts in a row. Skipping
12-09 05:12:52.679  1885  1938 E WindowManager: Performed 6 layouts in a row. Skipping
12-09 05:12:52.840  1885  1938 E WindowManager: Performed 6 layouts in a row. Skipping
12-09 05:12:52.894  1885  1938 E WindowManager: Performed 6 layouts in a row. Skipping
12-09 05:12:52.929  1885  1900 E WindowManager: Performed 6 layouts in a row. Skipping
12-09 05:12:52.967  1885  1938 E WindowManager: Performed 6 layouts in a row. Skipping
12-09 05:12:52.997  1885  1938 E WindowManager: Performed 6 layouts in a row. Skipping
12-09 05:12:53.041  1885  1938 E WindowManager: Performed 6 layouts in a row. Skipping
12-09 05:12:53.066  1885  2149 E WindowManager: Performed 6 layouts in a row. Skipping
12-09 05:12:53.101  1885  1938 E WindowManager: Performed 6 layouts in a row. Skipping
12-09 05:12:53.374  1885  1938 E WindowManager: Performed 6 layouts in a row. Skipping
12-09 05:12:53.405  1885  2149 E WindowManager: Performed 6 layouts in a row. Skipping
12-09 05:12:53.438  1885  1938 E WindowManager: Performed 6 layouts in a row. Skipping
12-09 05:12:53.522  1885  1938 E WindowManager: Performed 6 layouts in a row. Skipping
12-09 05:12:53.552  1885  1938 E WindowManager: Performed 6 layouts in a row. Skipping
