--------- beginning of system
12-08 13:01:29.877  1738  1772 E storaged: getDiskStats failed with result NOT_SUPPORTED and size 0
--------- beginning of main
12-08 13:02:22.377  1828  1828 E netmgr  : Failed to open QEMU pipe 'qemud:network': Invalid argument
12-08 13:02:22.377  1828  1828 E netmgr  : WifiForwarder unable to open QEMU pipe: Invalid argument
12-08 13:02:31.936  1738  1772 E storaged: getDiskStats failed with result NOT_SUPPORTED and size 0
12-08 13:02:36.747  2494  2716 E PlayCommon: [101] com.google.android.play.b.g.a(448): Failed to connect to server: java.net.UnknownHostException: Unable to resolve host "play.googleapis.com": No address associated with hostname
12-08 13:03:22.618  1828  1828 E netmgr  : Failed to open QEMU pipe 'qemud:network': Invalid argument
12-08 13:03:22.618  1828  1828 E netmgr  : WifiForwarder unable to open QEMU pipe: Invalid argument
12-08 13:03:30.221  2448  6461 E ctxmgr  : [ProducerStatusImpl]updateStateForNewContextData: inactive, contextName=7
12-08 13:03:30.494  2448  2448 E BeaconBle: Missing BluetoothAdapter
12-08 13:03:32.539  1738  1772 E storaged: getDiskStats failed with result NOT_SUPPORTED and size 0
12-08 13:03:32.684  2448  2448 E BeaconBle: Scan couldn't start for Places
12-08 13:03:47.379  2692  2692 E ContextIntentStarter: No activity found for any of the 0 intents
12-08 13:03:51.904  6583  6583 E rrierdefaultap: Not starting debugger since process cannot load the jdwp agent.
12-08 13:04:01.953  2448  6305 E ctxmgr  : [ProducerStatusImpl]updateStateForNewContextData: inactive, contextName=7
12-08 13:04:01.985  1611  1695 E audio_hw_generic: pcm_write failed cannot write stream data: I/O error
12-08 13:04:02.175  2448  6305 E ctxmgr  : [ProducerStatusImpl]updateStateForNewContextData: inactive, contextName=1
12-08 13:04:02.175  2448  6305 E ctxmgr  : [ProducerStatusImpl]updateStateForNewContextData: inactive, contextName=1
12-08 13:04:02.175  2448  6305 E ctxmgr  : [ProducerStatusImpl]updateStateForNewContextData: inactive, contextName=1
12-08 13:04:04.734  2448  2448 E BeaconBle: Missing BluetoothAdapter
12-08 13:04:04.804  2448  2448 E BeaconBle: Scan couldn't start for Places
12-08 13:04:09.559 29746 29746 E SchedPolicy: set_timerslack_ns write failed: Operation not permitted
12-08 13:04:22.093 29746 29746 E SchedPolicy: set_timerslack_ns write failed: Operation not permitted
12-08 13:04:24.215  1828  1828 E netmgr  : Failed to open QEMU pipe 'qemud:network': Invalid argument
12-08 13:04:24.215  1828  1828 E netmgr  : WifiForwarder unable to open QEMU pipe: Invalid argument
12-08 13:04:24.216  1611  1695 E audio_hw_generic: pcm_write failed cannot write stream data: I/O error
12-08 13:04:34.036  1738  1772 E storaged: getDiskStats failed with result NOT_SUPPORTED and size 0
12-08 13:04:34.258  1611  1695 E audio_hw_generic: pcm_write failed cannot write stream data: I/O error
12-08 13:04:46.088  1611  1695 E audio_hw_generic: pcm_write failed cannot write stream data: I/O error
12-08 13:04:58.182  1611  1695 E audio_hw_generic: pcm_write failed cannot write stream data: I/O error
12-08 13:05:00.833  1992  1992 E native  : suggestion-transformer.cc:118 suggestion picked candidate not found for id: 3
12-08 13:05:08.206  1611  1695 E audio_hw_generic: pcm_write failed cannot write stream data: I/O error
