--------- beginning of main
--------- beginning of system
12-09 14:30:52.327 32313 32313 E SpannableStringBuilder: SPAN_EXCLUSIVE_EXCLUSIVE spans cannot have a zero length
12-09 14:30:52.327 32313 32313 E SpannableStringBuilder: SPAN_EXCLUSIVE_EXCLUSIVE spans cannot have a zero length
12-09 14:30:53.948  1885  1899 E ActivityManager: Failure starting process com.evancharlton.mileage
12-09 14:30:53.948  1885  1899 E ActivityManager: java.lang.SecurityException: Package com.evancharlton.mileage was not found!
12-09 14:30:53.948  1885  1899 E ActivityManager: 	at com.android.server.pm.PackageManagerService.checkPackageStartable(PackageManagerService.java:3987)
12-09 14:30:53.948  1885  1899 E ActivityManager: 	at com.android.server.am.ActivityManagerService.startProcessLocked(ActivityManagerService.java:4234)
12-09 14:30:53.948  1885  1899 E ActivityManager: 	at com.android.server.am.ActivityManagerService.startProcessLocked(ActivityManagerService.java:4199)
12-09 14:30:53.948  1885  1899 E ActivityManager: 	at com.android.server.am.ActivityManagerService.startProcessLocked(ActivityManagerService.java:4181)
12-09 14:30:53.948  1885  1899 E ActivityManager: 	at com.android.server.am.ActivityManagerService.startProcessLocked(ActivityManagerService.java:4067)
12-09 14:30:53.948  1885  1899 E ActivityManager: 	at com.android.server.am.ActivityStackSupervisor.startSpecificActivityLocked(ActivityStackSupervisor.java:1715)
12-09 14:30:53.948  1885  1899 E ActivityManager: 	at com.android.server.am.ActivityStack.resumeTopActivityInnerLocked(ActivityStack.java:2764)
12-09 14:30:53.948  1885  1899 E ActivityManager: 	at com.android.server.am.ActivityStack.resumeTopActivityUncheckedLocked(ActivityStack.java:2302)
12-09 14:30:53.948  1885  1899 E ActivityManager: 	at com.android.server.am.ActivityStackSupervisor.resumeFocusedStackTopActivityLocked(ActivityStackSupervisor.java:2234)
12-09 14:30:53.948  1885  1899 E ActivityManager: 	at com.android.server.am.ActivityStackSupervisor.resumeFocusedStackTopActivityLocked(ActivityStackSupervisor.java:2218)
12-09 14:30:53.948  1885  1899 E ActivityManager: 	at com.android.server.am.ActivityManagerService.handleAppDiedLocked(ActivityManagerService.java:5923)
12-09 14:30:53.948  1885  1899 E ActivityManager: 	at com.android.server.am.ActivityManagerService.removeProcessLocked(ActivityManagerService.java:7501)
12-09 14:30:53.948  1885  1899 E ActivityManager: 	at com.android.server.am.ActivityManagerService.killPackageProcessesLocked(ActivityManagerService.java:7142)
12-09 14:30:53.948  1885  1899 E ActivityManager: 	at com.android.server.am.ActivityManagerService.forceStopPackageLocked(ActivityManagerService.java:7275)
12-09 14:30:53.948  1885  1899 E ActivityManager: 	at com.android.server.am.ActivityManagerService$MainHandler.handleMessage(ActivityManagerService.java:2289)
12-09 14:30:53.948  1885  1899 E ActivityManager: 	at android.os.Handler.dispatchMessage(Handler.java:106)
12-09 14:30:53.948  1885  1899 E ActivityManager: 	at android.os.Looper.loop(Looper.java:193)
12-09 14:30:53.948  1885  1899 E ActivityManager: 	at android.os.HandlerThread.run(HandlerThread.java:65)
12-09 14:30:53.948  1885  1899 E ActivityManager: 	at com.android.server.ServiceThread.run(ServiceThread.java:44)
12-09 14:30:55.423 32511 32511 E ndroid.keychai: Not starting debugger since process cannot load the jdwp agent.
12-09 14:30:55.495 32520 32520 E oid.documentsu: Not starting debugger since process cannot load the jdwp agent.
12-09 14:30:55.588  1633  1633 E lowmemorykiller: Error writing /proc/32425/oom_score_adj; errno=22
12-09 14:30:55.588  1633  1633 E lowmemorykiller: Error writing /proc/32367/oom_score_adj; errno=22
12-09 14:30:55.602  1633  1633 E lowmemorykiller: Error writing /proc/32425/oom_score_adj; errno=22
12-09 14:30:55.602  1633  1633 E lowmemorykiller: Error opening /proc/32367/oom_score_adj; errno=2
12-09 14:30:56.058  2378 32152 E ctxmgr  : [ProducerStatusImpl]updateStateForNewContextData: inactive, contextName=7
12-09 14:30:56.631 32575 32575 E droid.apps.doc: Not starting debugger since process cannot load the jdwp agent.
12-09 14:30:56.757  2378  2378 E BeaconBle: Scan couldn't start for Places
12-09 14:30:57.623 32598 32598 E d.process.medi: Not starting debugger since process cannot load the jdwp agent.
12-09 14:30:57.932 32617 32617 E ocess.gservice: Not starting debugger since process cannot load the jdwp agent.
12-09 14:30:58.764 32575 32575 E DocsApplication: [main] No default account found during application creation.
12-09 14:30:59.390  1731  1731 E         : Couldn't opendir /data/app/vmdl726757332.tmp: No such file or directory
12-09 14:30:59.393  1731  1731 E installd: Failed to delete /data/app/vmdl726757332.tmp: No such file or directory
12-09 14:31:02.696 32667 32667 E harlton.mileag: Not starting debugger since process cannot load the jdwp agent.
12-09 14:31:04.299  1994  7294 E putmethod.lati: Invalid ID 0x00000001.
12-09 14:31:04.318  1994  7294 E LstmTrainingCache: emn: Can't get resource name for input slot
12-09 14:31:04.318  1994  7294 E LstmTrainingCache: android.content.res.Resources$NotFoundException: Unable to find resource ID #0x1
12-09 14:31:04.318  1994  7294 E LstmTrainingCache: 	at android.content.res.ResourcesImpl.getResourceName(ResourcesImpl.java:255)
12-09 14:31:04.318  1994  7294 E LstmTrainingCache: 	at android.content.res.Resources.getResourceName(Resources.java:1954)
12-09 14:31:04.318  1994  7294 E LstmTrainingCache: 	at emn.a(PG:12)
12-09 14:31:04.318  1994  7294 E LstmTrainingCache: 	at emk.run(PG:5)
12-09 14:31:04.318  1994  7294 E LstmTrainingCache: 	at java.lang.Thread.run(Thread.java:764)
12-09 14:31:12.338 32667 32685 E SQLiteLog: (1) no such table: fillups
12-09 14:31:12.393 32667 32685 E DatabaseUpgrader: Couldn't upgrade database!
12-09 14:31:12.393 32667 32685 E DatabaseUpgrader: android.database.sqlite.SQLiteException: no such table: fillups (code 1 SQLITE_ERROR): , while compiling: ALTER TABLE fillups ADD COLUMN is_partial INTEGER;
12-09 14:31:12.393 32667 32685 E DatabaseUpgrader: 	at android.database.sqlite.SQLiteConnection.nativePrepareStatement(Native Method)
12-09 14:31:12.393 32667 32685 E DatabaseUpgrader: 	at android.database.sqlite.SQLiteConnection.acquirePreparedStatement(SQLiteConnection.java:903)
12-09 14:31:12.393 32667 32685 E DatabaseUpgrader: 	at android.database.sqlite.SQLiteConnection.prepare(SQLiteConnection.java:514)
12-09 14:31:12.393 32667 32685 E DatabaseUpgrader: 	at android.database.sqlite.SQLiteSession.prepare(SQLiteSession.java:588)
12-09 14:31:12.393 32667 32685 E DatabaseUpgrader: 	at android.database.sqlite.SQLiteProgram.<init>(SQLiteProgram.java:58)
12-09 14:31:12.393 32667 32685 E DatabaseUpgrader: 	at android.database.sqlite.SQLiteStatement.<init>(SQLiteStatement.java:31)
12-09 14:31:12.393 32667 32685 E DatabaseUpgrader: 	at android.database.sqlite.SQLiteDatabase.executeSql(SQLiteDatabase.java:1769)
12-09 14:31:12.393 32667 32685 E DatabaseUpgrader: 	at android.database.sqlite.SQLiteDatabase.execSQL(SQLiteDatabase.java:1698)
12-09 14:31:12.393 32667 32685 E DatabaseUpgrader: 	at com.evancharlton.mileage.provider.DatabaseUpgrader.exec(DatabaseUpgrader.java:105)
12-09 14:31:12.393 32667 32685 E DatabaseUpgrader: 	at com.evancharlton.mileage.provider.DatabaseUpgrader.upgradeDatabase(DatabaseUpgrader.java:44)
12-09 14:31:12.393 32667 32685 E DatabaseUpgrader: 	at com.evancharlton.mileage.provider.DatabaseUpgrader.upgradeDatabase(DatabaseUpgrader.java:89)
12-09 14:31:12.393 32667 32685 E DatabaseUpgrader: 	at com.evancharlton.mileage.tasks.DbImportTask.upgradeDatabase(DbImportTask.java:77)
12-09 14:31:12.393 32667 32685 E DatabaseUpgrader: 	at com.evancharlton.mileage.tasks.DbImportTask.doInBackground(DbImportTask.java:43)
12-09 14:31:12.393 32667 32685 E DatabaseUpgrader: 	at com.evancharlton.mileage.tasks.DbImportTask.doInBackground(DbImportTask.java:20)
12-09 14:31:12.393 32667 32685 E DatabaseUpgrader: 	at android.os.AsyncTask$2.call(AsyncTask.java:333)
12-09 14:31:12.393 32667 32685 E DatabaseUpgrader: 	at java.util.concurrent.FutureTask.run(FutureTask.java:266)
12-09 14:31:12.393 32667 32685 E DatabaseUpgrader: 	at java.util.concurrent.ThreadPoolExecutor.runWorker(ThreadPoolExecutor.java:1167)
12-09 14:31:12.393 32667 32685 E DatabaseUpgrader: 	at java.util.concurrent.ThreadPoolExecutor$Worker.run(ThreadPoolExecutor.java:641)
12-09 14:31:12.393 32667 32685 E DatabaseUpgrader: 	at java.lang.Thread.run(Thread.java:764)
12-09 14:31:15.880 32696 32696 E emui:screensho: Not starting debugger since process cannot load the jdwp agent.
12-09 14:31:17.006 32696 32696 E SoundPool: error loading /product/media/audio/ui/camera_click.ogg
12-09 14:31:17.236  1726  1751 E SurfaceFlinger: ro.sf.lcd_density must be defined as a build property
12-09 14:31:17.349  1741  2074 E OMXNodeInstance: getConfig(0xe93913c0:google.vorbis.decoder, ConfigAndroidVendorExtension(0x6f100004)) ERROR: Undefined(0x80001001)
12-09 14:31:17.408  1726  2181 E SurfaceFlinger: ro.sf.lcd_density must be defined as a build property
12-09 14:31:20.009  1834  1834 E netmgr  : Failed to open QEMU pipe 'qemud:network': Invalid argument
12-09 14:31:20.010  1834  1834 E netmgr  : WifiForwarder unable to open QEMU pipe: Invalid argument
12-09 14:31:20.701  2378 32152 E ctxmgr  : [ProducerStatusImpl]updateStateForNewContextData: inactive, contextName=7
12-09 14:31:21.076  2378  2378 E BeaconBle: Missing BluetoothAdapter
12-09 14:31:21.311  2378  2378 E BeaconBle: Scan couldn't start for Places
12-09 14:31:30.060  1739  1762 E storaged: getDiskStats failed with result NOT_SUPPORTED and size 0
12-09 14:31:31.051 32739 32739 E oid.apps.photo: Not starting debugger since process cannot load the jdwp agent.
12-09 14:31:42.938 23668 23668 E ContextIntentStarter: No activity found for any of the 0 intents
12-09 14:32:20.053  1834  1834 E netmgr  : Failed to open QEMU pipe 'qemud:network': Invalid argument
12-09 14:32:20.055  1834  1834 E netmgr  : WifiForwarder unable to open QEMU pipe: Invalid argument
12-09 14:32:30.064  1739  1762 E storaged: getDiskStats failed with result NOT_SUPPORTED and size 0
12-09 14:33:12.663  9391  9391 E SchedPolicy: set_timerslack_ns write failed: Operation not permitted
12-09 14:33:20.059  1834  1834 E netmgr  : Failed to open QEMU pipe 'qemud:network': Invalid argument
12-09 14:33:20.059  1834  1834 E netmgr  : WifiForwarder unable to open QEMU pipe: Invalid argument
12-09 14:33:30.068  1739  1762 E storaged: getDiskStats failed with result NOT_SUPPORTED and size 0
12-09 14:33:34.603  9391  9391 E SchedPolicy: set_timerslack_ns write failed: Operation not permitted
12-09 14:34:20.075  1834  1834 E netmgr  : Failed to open QEMU pipe 'qemud:network': Invalid argument
12-09 14:34:20.075  1834  1834 E netmgr  : WifiForwarder unable to open QEMU pipe: Invalid argument
12-09 14:34:30.070  1739  1762 E storaged: getDiskStats failed with result NOT_SUPPORTED and size 0
12-09 14:35:20.077  1834  1834 E netmgr  : Failed to open QEMU pipe 'qemud:network': Invalid argument
12-09 14:35:20.077  1834  1834 E netmgr  : WifiForwarder unable to open QEMU pipe: Invalid argument
