--------- beginning of main
--------- beginning of system
12-08 10:15:42.562  1828  1828 E netmgr  : Failed to open QEMU pipe 'qemud:network': Invalid argument
12-08 10:15:42.562  1828  1828 E netmgr  : WifiForwarder unable to open QEMU pipe: Invalid argument
12-08 10:15:42.892  1881  1895 E ActivityManager: Failure starting process com.evancharlton.mileage
12-08 10:15:42.892  1881  1895 E ActivityManager: java.lang.SecurityException: Package com.evancharlton.mileage is currently frozen!
12-08 10:15:42.892  1881  1895 E ActivityManager: 	at com.android.server.pm.PackageManagerService.checkPackageStartable(PackageManagerService.java:4000)
12-08 10:15:42.892  1881  1895 E ActivityManager: 	at com.android.server.am.ActivityManagerService.startProcessLocked(ActivityManagerService.java:4234)
12-08 10:15:42.892  1881  1895 E ActivityManager: 	at com.android.server.am.ActivityManagerService.startProcessLocked(ActivityManagerService.java:4199)
12-08 10:15:42.892  1881  1895 E ActivityManager: 	at com.android.server.am.ActivityManagerService.startProcessLocked(ActivityManagerService.java:4181)
12-08 10:15:42.892  1881  1895 E ActivityManager: 	at com.android.server.am.ActivityManagerService.startProcessLocked(ActivityManagerService.java:4067)
12-08 10:15:42.892  1881  1895 E ActivityManager: 	at com.android.server.am.ActivityStackSupervisor.startSpecificActivityLocked(ActivityStackSupervisor.java:1715)
12-08 10:15:42.892  1881  1895 E ActivityManager: 	at com.android.server.am.ActivityStack.resumeTopActivityInnerLocked(ActivityStack.java:2764)
12-08 10:15:42.892  1881  1895 E ActivityManager: 	at com.android.server.am.ActivityStack.resumeTopActivityUncheckedLocked(ActivityStack.java:2302)
12-08 10:15:42.892  1881  1895 E ActivityManager: 	at com.android.server.am.ActivityStackSupervisor.resumeFocusedStackTopActivityLocked(ActivityStackSupervisor.java:2234)
12-08 10:15:42.892  1881  1895 E ActivityManager: 	at com.android.server.am.ActivityStackSupervisor.resumeFocusedStackTopActivityLocked(ActivityStackSupervisor.java:2218)
12-08 10:15:42.892  1881  1895 E ActivityManager: 	at com.android.server.am.ActivityManagerService.handleAppDiedLocked(ActivityManagerService.java:5923)
12-08 10:15:42.892  1881  1895 E ActivityManager: 	at com.android.server.am.ActivityManagerService.removeProcessLocked(ActivityManagerService.java:7501)
12-08 10:15:42.892  1881  1895 E ActivityManager: 	at com.android.server.am.ActivityManagerService.killPackageProcessesLocked(ActivityManagerService.java:7142)
12-08 10:15:42.892  1881  1895 E ActivityManager: 	at com.android.server.am.ActivityManagerService.forceStopPackageLocked(ActivityManagerService.java:7275)
12-08 10:15:42.892  1881  1895 E ActivityManager: 	at com.android.server.am.ActivityManagerService$MainHandler.handleMessage(ActivityManagerService.java:2289)
12-08 10:15:42.892  1881  1895 E ActivityManager: 	at android.os.Handler.dispatchMessage(Handler.java:106)
12-08 10:15:42.892  1881  1895 E ActivityManager: 	at android.os.Looper.loop(Looper.java:193)
12-08 10:15:42.892  1881  1895 E ActivityManager: 	at android.os.HandlerThread.run(HandlerThread.java:65)
12-08 10:15:42.892  1881  1895 E ActivityManager: 	at com.android.server.ServiceThread.run(ServiceThread.java:44)
12-08 10:15:45.443  1738  1772 E storaged: getDiskStats failed with result NOT_SUPPORTED and size 0
12-08 10:15:46.877  1730  1730 E         : Couldn't opendir /data/app/vmdl2046835917.tmp: No such file or directory
12-08 10:15:46.877  1730  1730 E installd: Failed to delete /data/app/vmdl2046835917.tmp: No such file or directory
12-08 10:15:48.048  2475 25340 E ChromeSync: [Sync,SyncIntentOperation] Error handling the intent: Intent { act=android.intent.action.PACKAGE_ADDED dat=package:com.evancharlton.mileage flg=0x4000010 cmp=com.google.android.gms/.chimera.GmsIntentOperationService (has extras) }.
12-08 10:15:49.653 25385 25385 E harlton.mileag: Not starting debugger since process cannot load the jdwp agent.
12-08 10:15:58.063 25413 25413 E hod.latin:trai: Not starting debugger since process cannot load the jdwp agent.
12-08 10:16:00.084  1881  4026 E WindowManager: Performed 6 layouts in a row. Skipping
12-08 10:16:00.116  1881  1934 E WindowManager: Performed 6 layouts in a row. Skipping
12-08 10:16:00.259  1881  1934 E WindowManager: Performed 6 layouts in a row. Skipping
12-08 10:16:00.317  1881  1892 E WindowManager: Performed 6 layouts in a row. Skipping
12-08 10:16:00.354  1881  1934 E WindowManager: Performed 6 layouts in a row. Skipping
12-08 10:16:00.372  1881  1896 E WindowManager: Performed 6 layouts in a row. Skipping
12-08 10:16:00.406  1881  1934 E WindowManager: Performed 6 layouts in a row. Skipping
12-08 10:16:00.438  1881  1934 E WindowManager: Performed 6 layouts in a row. Skipping
12-08 10:16:00.468  1881  1934 E WindowManager: Performed 6 layouts in a row. Skipping
12-08 10:16:00.492  1881  4026 E WindowManager: Performed 6 layouts in a row. Skipping
12-08 10:16:00.529  1881  1934 E WindowManager: Performed 6 layouts in a row. Skipping
12-08 10:16:00.701  1881  1934 E WindowManager: Performed 6 layouts in a row. Skipping
12-08 10:16:12.045  2448 24960 E ctxmgr  : [ProducerStatusImpl]updateStateForNewContextData: inactive, contextName=7
12-08 10:16:12.387  2448  2448 E BeaconBle: Scan couldn't start for Places
12-08 10:16:13.681  1611  1695 E audio_hw_generic: pcm_write failed cannot write stream data: I/O error
12-08 10:16:23.356  1881  1892 E WindowManager: Performed 6 layouts in a row. Skipping
12-08 10:16:23.385  1881  1934 E WindowManager: Performed 6 layouts in a row. Skipping
12-08 10:16:23.490  1881  1934 E WindowManager: Performed 6 layouts in a row. Skipping
12-08 10:16:23.564  1881  1934 E WindowManager: Performed 6 layouts in a row. Skipping
12-08 10:16:23.587  1881  1934 E WindowManager: Performed 6 layouts in a row. Skipping
12-08 10:16:23.602  1881  1892 E WindowManager: Performed 6 layouts in a row. Skipping
12-08 10:16:23.634  1881  1896 E WindowManager: Performed 6 layouts in a row. Skipping
12-08 10:16:23.666  1881  1934 E WindowManager: Performed 6 layouts in a row. Skipping
12-08 10:16:23.688  1881  1934 E WindowManager: Performed 6 layouts in a row. Skipping
12-08 10:16:23.764  1881  1934 E WindowManager: Performed 6 layouts in a row. Skipping
12-08 10:16:24.432 25385 25385 E WindowManager: 
12-08 10:16:24.432 25385 25385 E WindowManager: android.view.WindowLeaked: Activity com.evancharlton.mileage.FieldActivity has leaked window DecorView@45dc2b2[FieldActivity] that was originally added here
12-08 10:16:24.432 25385 25385 E WindowManager: 	at android.view.ViewRootImpl.<init>(ViewRootImpl.java:511)
12-08 10:16:24.432 25385 25385 E WindowManager: 	at android.view.WindowManagerGlobal.addView(WindowManagerGlobal.java:346)
12-08 10:16:24.432 25385 25385 E WindowManager: 	at android.view.WindowManagerImpl.addView(WindowManagerImpl.java:93)
12-08 10:16:24.432 25385 25385 E WindowManager: 	at com.android.internal.policy.PhoneWindow.openPanel(PhoneWindow.java:887)
12-08 10:16:24.432 25385 25385 E WindowManager: 	at com.android.internal.policy.PhoneWindow.onKeyUpPanel(PhoneWindow.java:1104)
12-08 10:16:24.432 25385 25385 E WindowManager: 	at com.android.internal.policy.PhoneWindow.onKeyUp(PhoneWindow.java:2007)
12-08 10:16:24.432 25385 25385 E WindowManager: 	at com.android.internal.policy.DecorView.dispatchKeyEvent(DecorView.java:350)
12-08 10:16:24.432 25385 25385 E WindowManager: 	at android.view.ViewRootImpl$ViewPostImeInputStage.processKeyEvent(ViewRootImpl.java:5037)
12-08 10:16:24.432 25385 25385 E WindowManager: 	at android.view.ViewRootImpl$ViewPostImeInputStage.onProcess(ViewRootImpl.java:4905)
12-08 10:16:24.432 25385 25385 E WindowManager: 	at android.view.ViewRootImpl$InputStage.deliver(ViewRootImpl.java:4426)
12-08 10:16:24.432 25385 25385 E WindowManager: 	at android.view.ViewRootImpl$InputStage.onDeliverToNext(ViewRootImpl.java:4479)
12-08 10:16:24.432 25385 25385 E WindowManager: 	at android.view.ViewRootImpl$InputStage.forward(ViewRootImpl.java:4445)
12-08 10:16:24.432 25385 25385 E WindowManager: 	at android.view.ViewRootImpl$AsyncInputStage.forward(ViewRootImpl.java:4585)
12-08 10:16:24.432 25385 25385 E WindowManager: 	at android.view.ViewRootImpl$InputStage.apply(ViewRootImpl.java:4453)
12-08 10:16:24.432 25385 25385 E WindowManager: 	at android.view.ViewRootImpl$AsyncInputStage.apply(ViewRootImpl.java:4642)
12-08 10:16:24.432 25385 25385 E WindowManager: 	at android.view.ViewRootImpl$InputStage.deliver(ViewRootImpl.java:4426)
12-08 10:16:24.432 25385 25385 E WindowManager: 	at android.view.ViewRootImpl$InputStage.onDeliverToNext(ViewRootImpl.java:4479)
12-08 10:16:24.432 25385 25385 E WindowManager: 	at android.view.ViewRootImpl$InputStage.forward(ViewRootImpl.java:4445)
12-08 10:16:24.432 25385 25385 E WindowManager: 	at android.view.ViewRootImpl$InputStage.apply(ViewRootImpl.java:4453)
12-08 10:16:24.432 25385 25385 E WindowManager: 	at android.view.ViewRootImpl$InputStage.deliver(ViewRootImpl.java:4426)
12-08 10:16:24.432 25385 25385 E WindowManager: 	at android.view.ViewRootImpl$InputStage.onDeliverToNext(ViewRootImpl.java:4479)
12-08 10:16:24.432 25385 25385 E WindowManager: 	at android.view.ViewRootImpl$InputStage.forward(ViewRootImpl.java:4445)
12-08 10:16:24.432 25385 25385 E WindowManager: 	at android.view.ViewRootImpl$AsyncInputStage.forward(ViewRootImpl.java:4618)
12-08 10:16:24.432 25385 25385 E WindowManager: 	at android.view.ViewRootImpl$ImeInputStage.onFinishedInputEvent(ViewRootImpl.java:4779)
12-08 10:16:24.432 25385 25385 E WindowManager: 	at android.view.inputmethod.InputMethodManager$PendingEvent.run(InputMethodManager.java:2571)
12-08 10:16:24.432 25385 25385 E WindowManager: 	at android.view.inputmethod.InputMethodManager.invokeFinishedInputEventCallback(InputMethodManager.java:2081)
12-08 10:16:24.432 25385 25385 E WindowManager: 	at android.view.inputmethod.InputMethodManager.finishedInputEvent(InputMethodManager.java:2072)
12-08 10:16:24.432 25385 25385 E WindowManager: 	at android.view.inputmethod.InputMethodManager$ImeInputEventSender.onInputEventFinished(InputMethodManager.java:2548)
12-08 10:16:24.432 25385 25385 E WindowManager: 	at android.view.InputEventSender.dispatchInputEventFinished(InputEventSender.java:141)
12-08 10:16:24.432 25385 25385 E WindowManager: 	at android.os.MessageQueue.nativePollOnce(Native Method)
12-08 10:16:24.432 25385 25385 E WindowManager: 	at android.os.MessageQueue.next(MessageQueue.java:326)
12-08 10:16:24.432 25385 25385 E WindowManager: 	at android.os.Looper.loop(Looper.java:160)
12-08 10:16:24.432 25385 25385 E WindowManager: 	at android.app.ActivityThread.main(ActivityThread.java:6669)
12-08 10:16:24.432 25385 25385 E WindowManager: 	at java.lang.reflect.Method.invoke(Native Method)
12-08 10:16:24.432 25385 25385 E WindowManager: 	at com.android.internal.os.RuntimeInit$MethodAndArgsCaller.run(RuntimeInit.java:493)
12-08 10:16:24.432 25385 25385 E WindowManager: 	at com.android.internal.os.ZygoteInit.main(ZygoteInit.java:858)
12-08 10:16:25.327  2692  2692 E ContextIntentStarter: No activity found for any of the 0 intents
12-08 10:16:30.754  1611 25471 E audio_hw_generic: pcm_open(in) failed: cannot open device '/dev/snd/pcmC0D0c': Device or resource busy: channels 2 format 0 rate 16000
12-08 10:16:33.808 25474 25474 E boxed_process3: Not starting debugger since process cannot load the jdwp agent.
12-08 10:16:34.198  2692  2692 E ClientVe: Failed to create ClientVisualElementsProto for user interaction on view com.google.android.apps.gsa.searchbox.ui.suggestions.views.CoreSuggestionView{e8a9278 VFE...CL. ...P.... 0,289-1038,436 #7b} because the view is not tagged for visual element logging.
12-08 10:16:34.251  2692  2692 E ClientVe: Failed to create ClientVisualElementsProto for user interaction on view com.google.android.apps.gsa.searchbox.ui.suggestions.views.CoreSuggestionView{725d6b7 VFE...CL. ...P.... 0,436-1038,583 #7c} because the view is not tagged for visual element logging.
12-08 10:16:35.900  2692  2692 E ClientVe: Failed to create ClientVisualElementsProto for user interaction on view com.google.android.apps.gsa.searchbox.ui.suggestions.views.CoreSuggestionView{725d6b7 VFE...CL. ...P.... 0,436-1038,583 #7c} because the view is not tagged for visual element logging.
12-08 10:16:35.933  2692  2692 E ClientVe: Failed to create ClientVisualElementsProto for user interaction on view com.google.android.apps.gsa.searchbox.ui.suggestions.views.CoreSuggestionView{e8a9278 VFE...CL. ...P.... 0,289-1038,436 #7b} because the view is not tagged for visual element logging.
12-08 10:16:42.589  1828  1828 E netmgr  : Failed to open QEMU pipe 'qemud:network': Invalid argument
12-08 10:16:42.589  1828  1828 E netmgr  : WifiForwarder unable to open QEMU pipe: Invalid argument
12-08 10:16:45.455  1738  1772 E storaged: getDiskStats failed with result NOT_SUPPORTED and size 0
12-08 10:16:57.481  1881  1894 E memtrack: Couldn't load memtrack module
12-08 10:17:07.584  1881  1894 E memtrack: Couldn't load memtrack module
12-08 10:17:12.567  1881  2406 E WindowManager: Performed 6 layouts in a row. Skipping
12-08 10:17:12.599  1881  1934 E WindowManager: Performed 6 layouts in a row. Skipping
12-08 10:17:12.622  1881  1934 E WindowManager: Performed 6 layouts in a row. Skipping
12-08 10:17:12.655  2494  2716 E PlayCommon: [101] com.google.android.play.b.g.a(448): Failed to connect to server: java.net.UnknownHostException: Unable to resolve host "play.googleapis.com": No address associated with hostname
12-08 10:17:12.684  1881  1934 E WindowManager: Performed 6 layouts in a row. Skipping
12-08 10:17:12.717  1881  1896 E WindowManager: Performed 6 layouts in a row. Skipping
12-08 10:17:12.757  1881  1934 E WindowManager: Performed 6 layouts in a row. Skipping
12-08 10:17:12.964  1881  1934 E WindowManager: Performed 6 layouts in a row. Skipping
12-08 10:17:12.995  1881  2132 E WindowManager: Performed 6 layouts in a row. Skipping
12-08 10:17:13.039  1881  1934 E WindowManager: Performed 6 layouts in a row. Skipping
12-08 10:17:13.068  1881  1934 E WindowManager: Performed 6 layouts in a row. Skipping
12-08 10:17:13.108  1881  2132 E WindowManager: Performed 6 layouts in a row. Skipping
12-08 10:17:13.133  1881  1934 E WindowManager: Performed 6 layouts in a row. Skipping
12-08 10:17:13.232  1881  1934 E WindowManager: Performed 6 layouts in a row. Skipping
12-08 10:17:13.255  1881  1934 E WindowManager: Performed 6 layouts in a row. Skipping
12-08 10:17:13.286  1881  1934 E WindowManager: Performed 6 layouts in a row. Skipping
