--------- beginning of system
12-07 11:50:18.222  1737  1809 E storaged: getDiskStats failed with result NOT_SUPPORTED and size 0
--------- beginning of main
12-07 11:50:54.024  1613 17239 E audio_hw_generic: pcm_open(in) failed: cannot open device '/dev/snd/pcmC0D0c': Device or resource busy: channels 2 format 0 rate 16000
12-07 11:51:00.182 17245 17245 E boxed_process3: Not starting debugger since process cannot load the jdwp agent.
12-07 11:51:07.053  1829  1829 E netmgr  : Failed to open QEMU pipe 'qemud:network': Invalid argument
12-07 11:51:07.055  1829  1829 E netmgr  : WifiForwarder unable to open QEMU pipe: Invalid argument
12-07 11:51:09.399  1613 17278 E audio_hw_generic: pcm_open(in) failed: cannot open device '/dev/snd/pcmC0D0c': Device or resource busy: channels 2 format 0 rate 16000
12-07 11:51:14.081  2528 17049 E SQLiteCastStore: Skip saving CastDeviceInfo: "Nearby device" (__cast_nearby___V_47772103-523f-49f8-8856-23ce82157eb0)
12-07 11:51:15.744  1628  1628 E android.hardware.wifi@1.0-service: Failed to register radio mode change callback
12-07 11:51:15.751  1628  1628 E android.hardware.wifi@1.0-service: Failed to set DFS flag; DFS channels may be unavailable.
12-07 11:51:15.818  1738  1738 E wificond: No Offload Service available
12-07 11:51:15.975  1883  1967 E WifiP2pService: Unhandled message { when=0 what=131203 target=com.android.internal.util.StateMachine$SmHandler }
12-07 11:51:16.000  1883  1967 E WifiP2pService: Unhandled message { when=-1ms what=131203 target=com.android.internal.util.StateMachine$SmHandler }
12-07 11:51:16.019  1883  1901 E BatteryExternalStatsWorker: no controller energy info supplied for wifi
12-07 11:51:16.038  1883  1901 E BatteryExternalStatsWorker: no controller energy info supplied for wifi
12-07 11:51:16.856  2759  2759 E ContextIntentStarter: No activity found for any of the 0 intents
12-07 11:51:18.236  1737  1809 E storaged: getDiskStats failed with result NOT_SUPPORTED and size 0
12-07 11:51:19.998  1883  1901 E BatteryExternalStatsWorker: no controller energy info supplied for wifi
12-07 11:51:20.829  1735  1813 E Netd    : Error adding route ::/0 -> fe80::ff:fe00:100 wlan0 to table 1003: File exists
12-07 11:51:20.879  2420 17308 E WakeLock: GCM_CONN_ALARM release without a matched acquire!
12-07 11:51:21.868 17317 17317 E .android.video: Not starting debugger since process cannot load the jdwp agent.
12-07 11:51:24.088  2759  2759 E ContextIntentStarter: No activity found for any of the 0 intents
12-07 11:51:25.391 17368 17368 E android.youtub: Not starting debugger since process cannot load the jdwp agent.
12-07 11:51:26.673 17368 17395 E YouTube : Failed delayed event dispatch, no dispatchers.
12-07 11:51:34.829  2420 16904 E ctxmgr  : [ProducerStatusImpl]updateStateForNewContextData: inactive, contextName=7
12-07 11:51:35.020  2420  2420 E BeaconBle: Missing BluetoothAdapter
12-07 11:51:35.134  2420  2420 E BeaconBle: Scan couldn't start for Places
12-07 11:51:41.869  1613 17521 E audio_hw_generic: pcm_open(in) failed: cannot open device '/dev/snd/pcmC0D0c': Device or resource busy: channels 2 format 0 rate 16000
12-07 11:51:42.796  2759  2759 E ClientVe: Failed to create ClientVisualElementsProto for user interaction on view com.google.android.apps.gsa.searchbox.ui.suggestions.views.CoreSuggestionView{842e0e1 VFE...CL. ...P.... 21,1171-1059,1318 #210} because the view is not tagged for visual element logging.
12-07 11:51:42.876 17528 17528 E boxed_process3: Not starting debugger since process cannot load the jdwp agent.
12-07 11:51:42.936  2759  2759 E ClientVe: Failed to create ClientVisualElementsProto for user interaction on view com.google.android.apps.gsa.searchbox.ui.suggestions.views.CoreSuggestionView{d5a7492 VFE...CL. ...P.... 21,436-1059,583 #20b} because the view is not tagged for visual element logging.
12-07 11:51:43.106  2759  2759 E ClientVe: Failed to create ClientVisualElementsProto for user interaction on view com.google.android.apps.gsa.searchbox.ui.suggestions.views.CoreSuggestionView{ddcb19 VFE...CL. ...P.... 21,877-1059,1024 #20e} because the view is not tagged for visual element logging.
12-07 11:51:44.688  2759  2759 E ClientVe: Failed to create ClientVisualElementsProto for user interaction on view com.google.android.apps.gsa.searchbox.ui.suggestions.views.CoreSuggestionView{a747de VFE...CL. ...P.... 21,1024-1059,1171 #20f} because the view is not tagged for visual element logging.
12-07 11:51:50.667  2759  2766 E ReloadingLock: Finalizing LOCKED Token[searchresults_activity 2018-12-07 11:51:45.405]
12-07 11:51:58.241  1613 17567 E audio_hw_generic: pcm_open(in) failed: cannot open device '/dev/snd/pcmC0D0c': Device or resource busy: channels 2 format 0 rate 16000
12-07 11:52:03.364  2759  2759 E ContextIntentStarter: No activity found for any of the 0 intents
12-07 11:52:07.056  1829  1829 E netmgr  : Failed to open QEMU pipe 'qemud:network': Invalid argument
12-07 11:52:07.057  1829  1829 E netmgr  : WifiForwarder unable to open QEMU pipe: Invalid argument
12-07 11:52:08.651  2759  2759 E ClientVe: Failed to create ClientVisualElementsProto for user interaction on view com.google.android.apps.gsa.searchbox.ui.suggestions.views.CoreSuggestionView{341de8b VFE...CL. ...P.... 0,583-1038,730 #227} because the view is not tagged for visual element logging.
12-07 11:52:09.220  2759  2759 E ClientVe: Failed to create ClientVisualElementsProto for user interaction on view com.google.android.apps.gsa.searchbox.ui.suggestions.views.CoreSuggestionView{3b5fb81 VFE...CL. ...P.... 0,142-1038,289 #224} because the view is not tagged for visual element logging.
12-07 11:52:09.356  2759  2759 E ClientVe: Failed to create ClientVisualElementsProto for user interaction on view com.google.android.apps.gsa.searchbox.ui.suggestions.views.CoreSuggestionView{341de8b VFE...CL. ...P.... 0,583-1038,730 #227} because the view is not tagged for visual element logging.
12-07 11:52:09.460  2759  2759 E ClientVe: Failed to create ClientVisualElementsProto for user interaction on view com.google.android.apps.gsa.searchbox.ui.suggestions.views.CoreSuggestionView{f5c4b68 VFE...CL. .F....ID 0,-5-1038,142 #223} because the view is not tagged for visual element logging.
12-07 11:52:09.560  2759  2759 E ClientVe: Failed to create ClientVisualElementsProto for user interaction on view com.google.android.apps.gsa.searchbox.ui.suggestions.views.CoreSuggestionView{f5c4b68 VFE...CL. ...P.... 0,-5-1038,142 #223} because the view is not tagged for visual element logging.
12-07 11:52:12.107  2759  2975 E MicroDetectionWorker: Stale runnable..ignoring
12-07 11:52:18.291  1737  1809 E storaged: getDiskStats failed with result NOT_SUPPORTED and size 0
12-07 11:52:22.941  2759  2759 E TaskServiceHelper: Cannot execute TaskName.UNKNOWN (or data got corrupted).
12-07 11:52:26.868  1613 17593 E audio_hw_generic: pcm_open(in) failed: cannot open device '/dev/snd/pcmC0D0c': Device or resource busy: channels 2 format 0 rate 16000
12-07 11:52:27.985  1883  1896 E memtrack: Couldn't load memtrack module
12-07 11:52:34.560  1883  1900 E libprocessgroup: Error encountered killing process cgroup uid 99076 pid 17528: No such file or directory
12-07 11:52:36.690  2528 17244 E SQLiteCastStore: Skip saving CastDeviceInfo: "Nearby device" (__cast_nearby___V_135cc450-298c-4b48-b96b-b62cb1e852b2)
