--------- beginning of main
12-08 02:24:00.263  1330  1330 E id.defcontaine: Not starting debugger since process cannot load the jdwp agent.
12-08 02:24:00.266  1336  1336 E ndroid.keychai: Not starting debugger since process cannot load the jdwp agent.
--------- beginning of system
12-08 02:24:00.299  1351  1351 E oid.documentsu: Not starting debugger since process cannot load the jdwp agent.
12-08 02:24:01.041  1397  1397 E droid.apps.doc: Not starting debugger since process cannot load the jdwp agent.
12-08 02:24:02.108  1428  1428 E ocess.gservice: Not starting debugger since process cannot load the jdwp agent.
12-08 02:24:03.346  1397  1397 E DocsApplication: [main] No default account found during application creation.
12-08 02:24:03.990  1729  1931 E         : Couldn't opendir /data/app/vmdl322003484.tmp: No such file or directory
12-08 02:24:03.990  1729  1931 E installd: Failed to delete /data/app/vmdl322003484.tmp: No such file or directory
12-08 02:24:07.350  1478  1478 E harlton.mileag: Not starting debugger since process cannot load the jdwp agent.
12-08 02:24:09.317 16085 31762 E putmethod.lati: Invalid ID 0x00000001.
12-08 02:24:09.341 16085 31762 E LstmTrainingCache: emn: Can't get resource name for input slot
12-08 02:24:09.341 16085 31762 E LstmTrainingCache: android.content.res.Resources$NotFoundException: Unable to find resource ID #0x1
12-08 02:24:09.341 16085 31762 E LstmTrainingCache: 	at android.content.res.ResourcesImpl.getResourceName(ResourcesImpl.java:255)
12-08 02:24:09.341 16085 31762 E LstmTrainingCache: 	at android.content.res.Resources.getResourceName(Resources.java:1954)
12-08 02:24:09.341 16085 31762 E LstmTrainingCache: 	at emn.a(PG:12)
12-08 02:24:09.341 16085 31762 E LstmTrainingCache: 	at emk.run(PG:5)
12-08 02:24:09.341 16085 31762 E LstmTrainingCache: 	at java.lang.Thread.run(Thread.java:764)
12-08 02:24:10.652  1829  1829 E netmgr  : Failed to open QEMU pipe 'qemud:network': Invalid argument
12-08 02:24:10.653  1829  1829 E netmgr  : WifiForwarder unable to open QEMU pipe: Invalid argument
12-08 02:24:13.592 16085 31762 E putmethod.lati: Invalid ID 0x00000001.
12-08 02:24:13.602 16085 31762 E LstmTrainingCache: emn: Can't get resource name for input slot
12-08 02:24:13.602 16085 31762 E LstmTrainingCache: android.content.res.Resources$NotFoundException: Unable to find resource ID #0x1
12-08 02:24:13.602 16085 31762 E LstmTrainingCache: 	at android.content.res.ResourcesImpl.getResourceName(ResourcesImpl.java:255)
12-08 02:24:13.602 16085 31762 E LstmTrainingCache: 	at android.content.res.Resources.getResourceName(Resources.java:1954)
12-08 02:24:13.602 16085 31762 E LstmTrainingCache: 	at emn.a(PG:12)
12-08 02:24:13.602 16085 31762 E LstmTrainingCache: 	at emk.run(PG:5)
12-08 02:24:13.602 16085 31762 E LstmTrainingCache: 	at java.lang.Thread.run(Thread.java:764)
12-08 02:24:14.278  1478  1478 E SpannableStringBuilder: SPAN_EXCLUSIVE_EXCLUSIVE spans cannot have a zero length
12-08 02:24:14.278  1478  1478 E SpannableStringBuilder: SPAN_EXCLUSIVE_EXCLUSIVE spans cannot have a zero length
12-08 02:24:21.380  1514  1514 E emui:screensho: Not starting debugger since process cannot load the jdwp agent.
12-08 02:24:22.085  1514  1514 E SoundPool: error loading /product/media/audio/ui/camera_click.ogg
12-08 02:24:22.475  1739  1739 E OMXNodeInstance: getConfig(0xee326b40:google.vorbis.decoder, ConfigAndroidVendorExtension(0x6f100004)) ERROR: Undefined(0x80001001)
12-08 02:24:26.635 16506   719 E ctxmgr  : [AppIntervalImpl]closeInterval: stopTimeMillis invalid, stop=1544235866634, start=1544238227857
12-08 02:24:26.635 16561 30715 E GmsContextObserver: Received context data while not listening
12-08 02:24:26.636 16506   719 E ctxmgr  : [AppIntervalImpl]closeInterval: stopTimeMillis invalid, stop=1544235866636, start=1544238227858
12-08 02:24:26.636 16561  1545 E GmsContextObserver: Received context data while not listening
12-08 02:24:26.778 16506 16506 E BeaconBle: Missing BluetoothAdapter
12-08 02:24:26.862 16506 16506 E BeaconBle: Scan couldn't start for Places
12-08 02:24:32.437  1737  1809 E storaged: getDiskStats failed with result NOT_SUPPORTED and size 0
12-08 02:24:35.559  1576  1576 E oid.apps.photo: Not starting debugger since process cannot load the jdwp agent.
12-08 02:24:47.482 16561 16561 E ContextIntentStarter: No activity found for any of the 0 intents
12-08 02:24:48.289  1628  1628 E android.hardware.wifi@1.0-service: Failed to register radio mode change callback
12-08 02:24:48.294  1628  1628 E android.hardware.wifi@1.0-service: Failed to set DFS flag; DFS channels may be unavailable.
12-08 02:24:48.339 15926 15926 E wificond: No Offload Service available
12-08 02:24:49.186 15976 16055 E WifiP2pService: Unhandled message { when=-1ms what=131203 target=com.android.internal.util.StateMachine$SmHandler }
12-08 02:24:49.231 15976 16055 E WifiP2pService: Unhandled message { when=-1ms what=131203 target=com.android.internal.util.StateMachine$SmHandler }
12-08 02:24:49.270 15976 15994 E BatteryExternalStatsWorker: no controller energy info supplied for wifi
12-08 02:24:49.320 15976 15994 E BatteryExternalStatsWorker: no controller energy info supplied for wifi
12-08 02:24:49.750  1667  1667 E id.partnersetu: Not starting debugger since process cannot load the jdwp agent.
12-08 02:24:53.272 15976 15994 E BatteryExternalStatsWorker: no controller energy info supplied for wifi
12-08 02:24:53.811 16561 16561 E TaskServiceHelper: Cannot execute TaskName.UNKNOWN (or data got corrupted).
12-08 02:24:53.878 16410  1697 E WorkSourceUtil: Could not find package: com.google.android.gms.westworld
12-08 02:24:54.130 15925 15942 E Netd    : Error adding route ::/0 -> fe80::ff:fe00:100 wlan0 to table 1003: File exists
12-08 02:24:54.143 16506  1719 E WakeLock: GCM_CONN_ALARM release without a matched acquire!
12-08 02:25:08.303  1753  1753 E viders.calenda: Not starting debugger since process cannot load the jdwp agent.
12-08 02:25:08.562  1801  1801 E ndroid.calenda: Not starting debugger since process cannot load the jdwp agent.
12-08 02:25:09.701  1853  1853 E droid.deskcloc: Not starting debugger since process cannot load the jdwp agent.
12-08 02:25:09.841  1853  1853 E LoadedApk: Unable to instantiate appComponentFactory
12-08 02:25:09.841  1853  1853 E LoadedApk: java.lang.ClassNotFoundException: Didn't find class "android.support.v4.app.CoreComponentFactory" on path: DexPathList[[zip file "/data/app/com.google.android.deskclock-irjeQ48B8SlCzNgOUY6aXg==/base.apk"],nativeLibraryDirectories=[/data/app/com.google.android.deskclock-irjeQ48B8SlCzNgOUY6aXg==/lib/x86, /system/lib]]
12-08 02:25:09.841  1853  1853 E LoadedApk: 	at dalvik.system.BaseDexClassLoader.findClass(BaseDexClassLoader.java:134)
12-08 02:25:09.841  1853  1853 E LoadedApk: 	at java.lang.ClassLoader.loadClass(ClassLoader.java:379)
12-08 02:25:09.841  1853  1853 E LoadedApk: 	at java.lang.ClassLoader.loadClass(ClassLoader.java:312)
12-08 02:25:09.841  1853  1853 E LoadedApk: 	at android.app.LoadedApk.createAppFactory(LoadedApk.java:226)
12-08 02:25:09.841  1853  1853 E LoadedApk: 	at android.app.LoadedApk.createOrUpdateClassLoaderLocked(LoadedApk.java:731)
12-08 02:25:09.841  1853  1853 E LoadedApk: 	at android.app.LoadedApk.getClassLoader(LoadedApk.java:810)
12-08 02:25:09.841  1853  1853 E LoadedApk: 	at android.app.LoadedApk.getResources(LoadedApk.java:1032)
12-08 02:25:09.841  1853  1853 E LoadedApk: 	at android.app.ContextImpl.createAppContext(ContextImpl.java:2345)
12-08 02:25:09.841  1853  1853 E LoadedApk: 	at android.app.ActivityThread.handleBindApplication(ActivityThread.java:5749)
12-08 02:25:09.841  1853  1853 E LoadedApk: 	at android.app.ActivityThread.access$1100(ActivityThread.java:199)
12-08 02:25:09.841  1853  1853 E LoadedApk: 	at android.app.ActivityThread$H.handleMessage(ActivityThread.java:1650)
12-08 02:25:09.841  1853  1853 E LoadedApk: 	at android.os.Handler.dispatchMessage(Handler.java:106)
12-08 02:25:09.841  1853  1853 E LoadedApk: 	at android.os.Looper.loop(Looper.java:193)
12-08 02:25:09.841  1853  1853 E LoadedApk: 	at android.app.ActivityThread.main(ActivityThread.java:6669)
12-08 02:25:09.841  1853  1853 E LoadedApk: 	at java.lang.reflect.Method.invoke(Native Method)
12-08 02:25:09.841  1853  1853 E LoadedApk: 	at com.android.internal.os.RuntimeInit$MethodAndArgsCaller.run(RuntimeInit.java:493)
12-08 02:25:09.841  1853  1853 E LoadedApk: 	at com.android.internal.os.ZygoteInit.main(ZygoteInit.java:858)
12-08 02:25:10.555  1890  1890 E com.ustwo.lwp: Not starting debugger since process cannot load the jdwp agent.
12-08 02:25:10.688  1829  1829 E netmgr  : Failed to open QEMU pipe 'qemud:network': Invalid argument
12-08 02:25:10.689  1829  1829 E netmgr  : WifiForwarder unable to open QEMU pipe: Invalid argument
12-08 02:25:32.487  1737  1809 E storaged: getDiskStats failed with result NOT_SUPPORTED and size 0
12-08 02:26:10.703  1829  1829 E netmgr  : Failed to open QEMU pipe 'qemud:network': Invalid argument
12-08 02:26:10.703  1829  1829 E netmgr  : WifiForwarder unable to open QEMU pipe: Invalid argument
12-08 02:26:32.491  1737  1809 E storaged: getDiskStats failed with result NOT_SUPPORTED and size 0
12-08 02:27:10.706  1829  1829 E netmgr  : Failed to open QEMU pipe 'qemud:network': Invalid argument
12-08 02:27:10.707  1829  1829 E netmgr  : WifiForwarder unable to open QEMU pipe: Invalid argument
12-08 02:27:32.493  1737  1809 E storaged: getDiskStats failed with result NOT_SUPPORTED and size 0
12-08 02:28:10.711  1829  1829 E netmgr  : Failed to open QEMU pipe 'qemud:network': Invalid argument
12-08 02:28:10.712  1829  1829 E netmgr  : WifiForwarder unable to open QEMU pipe: Invalid argument
12-08 02:28:29.110 16085 16085 E native  : suggestion-transformer.cc:118 suggestion picked candidate not found for id: 8
12-08 02:28:30.254 16085 16085 E native  : clearcut-logger.cc:191 USER_EDIT span#originalSpan is missing
