--------- beginning of main
--------- beginning of system
12-08 21:17:52.774  1884  4835 E WindowManager: Performed 6 layouts in a row. Skipping
12-08 21:17:52.792  1884  1938 E WindowManager: Performed 6 layouts in a row. Skipping
12-08 21:17:52.836  1884  1938 E WindowManager: Performed 6 layouts in a row. Skipping
12-08 21:17:52.862  1884  1938 E WindowManager: Performed 6 layouts in a row. Skipping
12-08 21:17:52.882  1884  1938 E WindowManager: Performed 6 layouts in a row. Skipping
12-08 21:17:52.898  1884  1899 E WindowManager: Performed 6 layouts in a row. Skipping
12-08 21:17:52.929  1884  1938 E WindowManager: Performed 6 layouts in a row. Skipping
12-08 21:17:52.988  1884  1938 E WindowManager: Performed 6 layouts in a row. Skipping
12-08 21:17:53.033  1884  2548 E WindowManager: Performed 6 layouts in a row. Skipping
12-08 21:17:53.085  1884  1938 E WindowManager: Performed 6 layouts in a row. Skipping
12-08 21:17:53.107  1884  1906 E WindowManager: Performed 6 layouts in a row. Skipping
12-08 21:17:53.155  1884  1938 E WindowManager: Performed 6 layouts in a row. Skipping
12-08 21:17:54.422  1884  1898 E ActivityManager: Failure starting process com.evancharlton.mileage
12-08 21:17:54.422  1884  1898 E ActivityManager: java.lang.SecurityException: Package com.evancharlton.mileage is currently frozen!
12-08 21:17:54.422  1884  1898 E ActivityManager: 	at com.android.server.pm.PackageManagerService.checkPackageStartable(PackageManagerService.java:4000)
12-08 21:17:54.422  1884  1898 E ActivityManager: 	at com.android.server.am.ActivityManagerService.startProcessLocked(ActivityManagerService.java:4234)
12-08 21:17:54.422  1884  1898 E ActivityManager: 	at com.android.server.am.ActivityManagerService.startProcessLocked(ActivityManagerService.java:4199)
12-08 21:17:54.422  1884  1898 E ActivityManager: 	at com.android.server.am.ActivityManagerService.startProcessLocked(ActivityManagerService.java:4181)
12-08 21:17:54.422  1884  1898 E ActivityManager: 	at com.android.server.am.ActivityManagerService.startProcessLocked(ActivityManagerService.java:4067)
12-08 21:17:54.422  1884  1898 E ActivityManager: 	at com.android.server.am.ActivityStackSupervisor.startSpecificActivityLocked(ActivityStackSupervisor.java:1715)
12-08 21:17:54.422  1884  1898 E ActivityManager: 	at com.android.server.am.ActivityStack.resumeTopActivityInnerLocked(ActivityStack.java:2764)
12-08 21:17:54.422  1884  1898 E ActivityManager: 	at com.android.server.am.ActivityStack.resumeTopActivityUncheckedLocked(ActivityStack.java:2302)
12-08 21:17:54.422  1884  1898 E ActivityManager: 	at com.android.server.am.ActivityStackSupervisor.resumeFocusedStackTopActivityLocked(ActivityStackSupervisor.java:2234)
12-08 21:17:54.422  1884  1898 E ActivityManager: 	at com.android.server.am.ActivityStackSupervisor.resumeFocusedStackTopActivityLocked(ActivityStackSupervisor.java:2218)
12-08 21:17:54.422  1884  1898 E ActivityManager: 	at com.android.server.am.ActivityManagerService.handleAppDiedLocked(ActivityManagerService.java:5923)
12-08 21:17:54.422  1884  1898 E ActivityManager: 	at com.android.server.am.ActivityManagerService.removeProcessLocked(ActivityManagerService.java:7501)
12-08 21:17:54.422  1884  1898 E ActivityManager: 	at com.android.server.am.ActivityManagerService.killPackageProcessesLocked(ActivityManagerService.java:7142)
12-08 21:17:54.422  1884  1898 E ActivityManager: 	at com.android.server.am.ActivityManagerService.forceStopPackageLocked(ActivityManagerService.java:7275)
12-08 21:17:54.422  1884  1898 E ActivityManager: 	at com.android.server.am.ActivityManagerService$MainHandler.handleMessage(ActivityManagerService.java:2289)
12-08 21:17:54.422  1884  1898 E ActivityManager: 	at android.os.Handler.dispatchMessage(Handler.java:106)
12-08 21:17:54.422  1884  1898 E ActivityManager: 	at android.os.Looper.loop(Looper.java:193)
12-08 21:17:54.422  1884  1898 E ActivityManager: 	at android.os.HandlerThread.run(HandlerThread.java:65)
12-08 21:17:54.422  1884  1898 E ActivityManager: 	at com.android.server.ServiceThread.run(ServiceThread.java:44)
12-08 21:17:55.223  2439 15994 E ctxmgr  : [ProducerStatusImpl]updateStateForNewContextData: inactive, contextName=7
12-08 21:17:55.618 16119 16119 E droid.apps.doc: Not starting debugger since process cannot load the jdwp agent.
12-08 21:17:55.891  2439  2439 E BeaconBle: Missing BluetoothAdapter
12-08 21:17:55.985  2439  2439 E BeaconBle: Scan couldn't start for Places
12-08 21:17:57.133 16119 16119 E DocsApplication: [main] No default account found during application creation.
12-08 21:17:57.972  1731  1933 E         : Couldn't opendir /data/app/vmdl750380111.tmp: No such file or directory
12-08 21:17:57.972  1731  1933 E installd: Failed to delete /data/app/vmdl750380111.tmp: No such file or directory
12-08 21:17:59.345 16201 16201 E harlton.mileag: Not starting debugger since process cannot load the jdwp agent.
12-08 21:18:05.577  1884  1897 E GnssLocationProvider: no AGPS interface in set_agps_server
12-08 21:18:05.776  1628  1628 E android.hardware.wifi@1.0-service: Failed to register radio mode change callback
12-08 21:18:05.835  1628  1628 E android.hardware.wifi@1.0-service: Failed to set DFS flag; DFS channels may be unavailable.
12-08 21:18:05.952  1740  1740 E wificond: No Offload Service available
12-08 21:18:05.963  1884  1967 E SupplicantStaIfaceHal: Can't call setupIface, ISupplicantStaIface is null
12-08 21:18:06.102  1884  1968 E WifiVendorHal: getBgScanCapabilities(l.671) failed {.code = ERROR_NOT_SUPPORTED, .description = }
12-08 21:18:06.239  1884  1969 E WifiP2pService: Unhandled message { when=0 what=131203 target=com.android.internal.util.StateMachine$SmHandler }
12-08 21:18:06.268  1884  1969 E WifiP2pService: Unhandled message { when=0 what=131203 target=com.android.internal.util.StateMachine$SmHandler }
12-08 21:18:06.303  1884  1902 E BatteryExternalStatsWorker: no controller energy info supplied for wifi
12-08 21:18:06.342  1884  1902 E BatteryExternalStatsWorker: no controller energy info supplied for wifi
12-08 21:18:07.112  1884  1897 E GnssLocationProvider: no AGPS interface in set_agps_server
12-08 21:18:10.266  1884  1902 E BatteryExternalStatsWorker: no controller energy info supplied for wifi
12-08 21:18:10.347  1884  1967 E WifiVendorHal: stopRssiMonitoring(l.2404) failed {.code = ERROR_NOT_AVAILABLE, .description = }
12-08 21:18:10.576  1884  1897 E memtrack: Couldn't load memtrack module
12-08 21:18:11.054  2439 16266 E WakeLock: GCM_CONN_ALARM release without a matched acquire!
12-08 21:18:11.095  1737  1805 E Netd    : Error adding route ::/0 -> fe80::ff:fe00:100 wlan0 to table 1003: File exists
12-08 21:18:11.423 16270 16270 E id.gms.learnin: Not starting debugger since process cannot load the jdwp agent.
12-08 21:18:13.945  2439 16229 E ctxmgr  : [ProducerStatusImpl]updateStateForNewContextData: inactive, contextName=7
12-08 21:18:14.239  2439  2439 E BeaconBle: Missing BluetoothAdapter
12-08 21:18:14.300  2439  2439 E BeaconBle: Scan couldn't start for Places
12-08 21:18:15.824  1884  1897 E memtrack: Couldn't load memtrack module
12-08 21:18:17.192  2826  2826 E ContextIntentStarter: No activity found for any of the 0 intents
12-08 21:18:34.208  1884  1897 E memtrack: Couldn't load memtrack module
