--------- beginning of main
--------- beginning of system
12-07 22:12:41.160  7924  7924 E id.defcontaine: Not starting debugger since process cannot load the jdwp agent.
12-07 22:12:41.288  7940  7940 E oid.documentsu: Not starting debugger since process cannot load the jdwp agent.
12-07 22:12:41.338  7955  7955 E ndroid.keychai: Not starting debugger since process cannot load the jdwp agent.
12-07 22:12:43.319  8007  8007 E d.process.medi: Not starting debugger since process cannot load the jdwp agent.
12-07 22:12:45.208  1729  1729 E         : Couldn't opendir /data/app/vmdl1843609588.tmp: No such file or directory
12-07 22:12:45.208  1729  1729 E installd: Failed to delete /data/app/vmdl1843609588.tmp: No such file or directory
12-07 22:12:48.828  8047  8047 E harlton.mileag: Not starting debugger since process cannot load the jdwp agent.
12-07 22:12:50.008 16506  7539 E ctxmgr  : [AppIntervalImpl]closeInterval: ongoing
12-07 22:12:50.015 16506  7539 E ctxmgr  : [AppIntervalImpl]closeInterval: ongoing
12-07 22:12:51.451 16085 31762 E putmethod.lati: Invalid ID 0x00000001.
12-07 22:12:51.474 16085 31762 E LstmTrainingCache: emn: Can't get resource name for input slot
12-07 22:12:51.474 16085 31762 E LstmTrainingCache: android.content.res.Resources$NotFoundException: Unable to find resource ID #0x1
12-07 22:12:51.474 16085 31762 E LstmTrainingCache: 	at android.content.res.ResourcesImpl.getResourceName(ResourcesImpl.java:255)
12-07 22:12:51.474 16085 31762 E LstmTrainingCache: 	at android.content.res.Resources.getResourceName(Resources.java:1954)
12-07 22:12:51.474 16085 31762 E LstmTrainingCache: 	at emn.a(PG:12)
12-07 22:12:51.474 16085 31762 E LstmTrainingCache: 	at emk.run(PG:5)
12-07 22:12:51.474 16085 31762 E LstmTrainingCache: 	at java.lang.Thread.run(Thread.java:764)
12-07 22:13:00.157 16085 16085 E native  : suggestion-transformer.cc:118 suggestion picked candidate not found for id: 3
12-07 22:13:02.634  8082  8082 E emui:screensho: Not starting debugger since process cannot load the jdwp agent.
12-07 22:13:03.780  8082  8082 E SoundPool: error loading /product/media/audio/ui/camera_click.ogg
12-07 22:13:04.056  1724  1863 E SurfaceFlinger: ro.sf.lcd_density must be defined as a build property
12-07 22:13:04.066  1739  2097 E OMXNodeInstance: getConfig(0xee326b40:google.vorbis.decoder, ConfigAndroidVendorExtension(0x6f100004)) ERROR: Undefined(0x80001001)
12-07 22:13:04.263  1724  2165 E SurfaceFlinger: ro.sf.lcd_density must be defined as a build property
12-07 22:13:06.758 16485 29987 E s.nexuslaunche: Failed to open APK '/data/app/com.evancharlton.mileage-PplDJ3Vq7Z5pRTPplrJe8g==/base.apk' I/O error
12-07 22:13:06.779 16485 29987 E ResourcesManager: failed to add asset path /data/app/com.evancharlton.mileage-PplDJ3Vq7Z5pRTPplrJe8g==/base.apk
12-07 22:13:07.193 16085 16085 E RecyclerView: No adapter attached; skipping layout
12-07 22:13:07.194 16085 16085 E RecyclerView: No adapter attached; skipping layout
12-07 22:13:09.746 16506 16506 E BeaconBle: Missing BluetoothAdapter
12-07 22:13:09.849 16506 16506 E BeaconBle: Scan couldn't start for Places
12-07 22:13:10.519  1829  1829 E netmgr  : Failed to open QEMU pipe 'qemud:network': Invalid argument
12-07 22:13:10.519  1829  1829 E netmgr  : WifiForwarder unable to open QEMU pipe: Invalid argument
12-07 22:13:17.571  8129  8129 E oid.apps.photo: Not starting debugger since process cannot load the jdwp agent.
12-07 22:13:18.762  8152  8152 E ocess.gservice: Not starting debugger since process cannot load the jdwp agent.
12-07 22:13:23.711 15976 15989 E memtrack: Couldn't load memtrack module
12-07 22:13:28.944 15976 15989 E memtrack: Couldn't load memtrack module
12-07 22:13:32.900 16561 16561 E ContextIntentStarter: No activity found for any of the 0 intents
12-07 22:13:32.905  1737  1809 E storaged: getDiskStats failed with result NOT_SUPPORTED and size 0
12-07 22:13:34.440 15976 15989 E GnssLocationProvider: no AGPS interface in set_agps_server
12-07 22:13:34.549  8211  8211 E rrierdefaultap: Not starting debugger since process cannot load the jdwp agent.
12-07 22:13:34.610  1628  1628 E android.hardware.wifi@1.0-service: Failed to register radio mode change callback
12-07 22:13:34.614  1628  1628 E android.hardware.wifi@1.0-service: Failed to set DFS flag; DFS channels may be unavailable.
12-07 22:13:34.823 15926 15926 E wificond: No Offload Service available
12-07 22:13:34.827 15976 16053 E SupplicantStaIfaceHal: Can't call setupIface, ISupplicantStaIface is null
12-07 22:13:35.117 15976 16054 E WifiVendorHal: getBgScanCapabilities(l.671) failed {.code = ERROR_NOT_SUPPORTED, .description = }
12-07 22:13:35.465 15976 16055 E WifiP2pService: Unhandled message { when=-5ms what=131203 target=com.android.internal.util.StateMachine$SmHandler }
12-07 22:13:35.492 15976 16055 E WifiP2pService: Unhandled message { when=-1ms what=131203 target=com.android.internal.util.StateMachine$SmHandler }
12-07 22:13:35.590 15976 15994 E BatteryExternalStatsWorker: no controller energy info supplied for wifi
12-07 22:13:35.623  8202  8202 E wpa_supplicant: nl80211: Failed to open /proc/sys/net/ipv4/conf/p2p-dev-wlan0/drop_unicast_in_l2_multicast: No such file or directory
12-07 22:13:35.624  8202  8202 E wpa_supplicant: nl80211: Failed to set IPv4 unicast in multicast filter
12-07 22:13:35.629  8202  8202 E wpa_supplicant: nl80211: Failed to open /proc/sys/net/ipv4/conf/p2p-dev-wlan0/drop_unicast_in_l2_multicast: No such file or directory
12-07 22:13:35.629  8202  8202 E wpa_supplicant: nl80211: Failed to set IPv4 unicast in multicast filter
12-07 22:13:35.727  8202  8202 E wpa_supplicant: nl80211: Failed to open /proc/sys/net/ipv4/conf/wlan0/drop_unicast_in_l2_multicast: No such file or directory
12-07 22:13:35.727  8202  8202 E wpa_supplicant: nl80211: Failed to set IPv4 unicast in multicast filter
12-07 22:13:35.801 16506  7302 E ctxmgr  : [AppIntervalImpl]closeInterval: ongoing
12-07 22:13:35.812 16506  7302 E ctxmgr  : [AppIntervalImpl]closeInterval: ongoing
12-07 22:13:35.819  8202  8202 E wpa_supplicant: nl80211: Failed to open /proc/sys/net/ipv4/conf/wlan0/drop_unicast_in_l2_multicast: No such file or directory
12-07 22:13:35.819  8202  8202 E wpa_supplicant: nl80211: Failed to set IPv4 unicast in multicast filter
12-07 22:13:36.034  8232  8232 E .android.diale: Not starting debugger since process cannot load the jdwp agent.
12-07 22:13:36.106  1628  1628 E android.hardware.wifi@1.0-service: Failed to open directory: Permission denied
12-07 22:13:36.106  1628  1628 E android.hardware.wifi@1.0-service: Error occurred while deleting old tombstone files
12-07 22:13:36.106  1628  1628 E android.hardware.wifi@1.0-service: Error writing files to flash
12-07 22:13:36.318 15976 16053 E SupplicantStaIfaceHal: Can't call setPowerSave, ISupplicantStaIface is null
12-07 22:13:36.318 15976 16053 E SupplicantStaIfaceHal: Can't call setBtCoexistenceMode, ISupplicantStaIface is null
12-07 22:13:36.371 15976 16053 E HalDevMgr: Should have at least 1 chip!
12-07 22:13:36.371 15976 16053 E HalDevMgr: dispatchAvailableForRequestListeners: no chip info found
12-07 22:13:36.384 15976 16053 E SupplicantStaIfaceHal: Can't call listNetworks, ISupplicantStaIface is null
12-07 22:13:36.384 15976 16053 E SupplicantStaIfaceHal: removeAllNetworks failed, got null networks
12-07 22:13:36.384 15976 16053 E WifiStateMachine: Failed to remove networks on exiting connect mode
12-07 22:13:36.384 15976 16055 E WifiP2pService: Unhandled message { when=0 what=131204 target=com.android.internal.util.StateMachine$SmHandler }
12-07 22:13:36.430 15976 16054 E WificondControl: No valid wificond scanner interface handler
12-07 22:13:36.432 15976 15994 E BatteryExternalStatsWorker: no controller energy info supplied for wifi
12-07 22:13:37.144  1628  1628 E android.hardware.wifi@1.0-service: Failed to register radio mode change callback
12-07 22:13:37.144  1628  1628 E android.hardware.wifi@1.0-service: Failed to set DFS flag; DFS channels may be unavailable.
12-07 22:13:37.259 15926 15926 E wificond: No Offload Service available
12-07 22:13:37.274 15976 16053 E SupplicantStaIfaceHal: Can't call setupIface, ISupplicantStaIface is null
12-07 22:13:37.731 15976 16054 E WifiVendorHal: getBgScanCapabilities(l.671) failed {.code = ERROR_NOT_SUPPORTED, .description = }
12-07 22:13:37.751 15976 15989 E GnssLocationProvider: no AGPS interface in set_agps_server
12-07 22:13:37.755 15976 16055 E WifiP2pService: Unhandled message { when=0 what=131203 target=com.android.internal.util.StateMachine$SmHandler }
12-07 22:13:37.769 15976 16055 E WifiP2pService: Unhandled message { when=-1ms what=131203 target=com.android.internal.util.StateMachine$SmHandler }
12-07 22:13:37.781 15976 16053 E WifiScanRequestProxy: Scan failure received. reason: -1,description: not available
12-07 22:13:37.781 15976 15994 E BatteryExternalStatsWorker: no controller energy info supplied for wifi
12-07 22:13:37.821 15976 15994 E BatteryExternalStatsWorker: no controller energy info supplied for wifi
12-07 22:13:38.731 15976 15989 E GnssLocationProvider: no AGPS interface in set_agps_server
12-07 22:13:39.055  8232  8232 E .android.diale: The String#value field is not present on Android versions >= 6.0
12-07 22:13:39.382 15976 15989 E memtrack: Couldn't load memtrack module
12-07 22:13:41.103 15976 15989 E GnssLocationProvider: no AGPS interface in set_agps_server
12-07 22:13:41.472 15976 16056 E ConnectivityService: exception in setMtu()java.lang.IllegalStateException: command '1301 interface setmtu radio0 1500' failed with '400 1301 Failed to set MTU (Permission denied)'
12-07 22:13:41.600 15926 15926 E wificond: Receive ERROR message in response to 'stop scheduled scan' request: Operation not supported on transport endpoint
12-07 22:13:41.669  8246  8246 E wpa_supplicant: nl80211: Failed to open /proc/sys/net/ipv4/conf/p2p-dev-wlan0/drop_unicast_in_l2_multicast: No such file or directory
12-07 22:13:41.669  8246  8246 E wpa_supplicant: nl80211: Failed to set IPv4 unicast in multicast filter
12-07 22:13:41.681  8246  8246 E wpa_supplicant: nl80211: Failed to open /proc/sys/net/ipv4/conf/p2p-dev-wlan0/drop_unicast_in_l2_multicast: No such file or directory
12-07 22:13:41.682  8246  8246 E wpa_supplicant: nl80211: Failed to set IPv4 unicast in multicast filter
12-07 22:13:41.791  8246  8246 E wpa_supplicant: nl80211: Failed to open /proc/sys/net/ipv4/conf/wlan0/drop_unicast_in_l2_multicast: No such file or directory
12-07 22:13:41.791  8246  8246 E wpa_supplicant: nl80211: Failed to set IPv4 unicast in multicast filter
12-07 22:13:41.867  8246  8246 E wpa_supplicant: nl80211: Failed to open /proc/sys/net/ipv4/conf/wlan0/drop_unicast_in_l2_multicast: No such file or directory
12-07 22:13:41.868  8246  8246 E wpa_supplicant: nl80211: Failed to set IPv4 unicast in multicast filter
12-07 22:13:42.177  1628  1628 E android.hardware.wifi@1.0-service: Failed to open directory: Permission denied
12-07 22:13:42.177  1628  1628 E android.hardware.wifi@1.0-service: Error occurred while deleting old tombstone files
12-07 22:13:42.177  1628  1628 E android.hardware.wifi@1.0-service: Error writing files to flash
12-07 22:13:42.436 15976 16053 E SupplicantStaIfaceHal: Can't call setPowerSave, ISupplicantStaIface is null
12-07 22:13:42.437 15976 16053 E SupplicantStaIfaceHal: Can't call setBtCoexistenceMode, ISupplicantStaIface is null
12-07 22:13:42.492 15976 16053 E HalDevMgr: Should have at least 1 chip!
12-07 22:13:42.492 15976 16053 E HalDevMgr: dispatchAvailableForRequestListeners: no chip info found
12-07 22:13:42.521 15976 16053 E SupplicantStaIfaceHal: Can't call listNetworks, ISupplicantStaIface is null
12-07 22:13:42.521 15976 16053 E SupplicantStaIfaceHal: removeAllNetworks failed, got null networks
12-07 22:13:42.521 15976 16053 E WifiStateMachine: Failed to remove networks on exiting connect mode
12-07 22:13:42.523 15976 16055 E WifiP2pService: Unhandled message { when=-1ms what=131204 target=com.android.internal.util.StateMachine$SmHandler }
12-07 22:13:42.559 15976 15994 E BatteryExternalStatsWorker: no controller energy info supplied for wifi
12-07 22:13:42.628 15976 15994 E BatteryExternalStatsWorker: no controller energy info supplied for wifi
