--------- beginning of main
--------- beginning of system
12-09 08:43:17.264  1885  1899 E ActivityManager: Failure starting process com.evancharlton.mileage
12-09 08:43:17.264  1885  1899 E ActivityManager: java.lang.SecurityException: Package com.evancharlton.mileage is currently frozen!
12-09 08:43:17.264  1885  1899 E ActivityManager: 	at com.android.server.pm.PackageManagerService.checkPackageStartable(PackageManagerService.java:4000)
12-09 08:43:17.264  1885  1899 E ActivityManager: 	at com.android.server.am.ActivityManagerService.startProcessLocked(ActivityManagerService.java:4234)
12-09 08:43:17.264  1885  1899 E ActivityManager: 	at com.android.server.am.ActivityManagerService.startProcessLocked(ActivityManagerService.java:4199)
12-09 08:43:17.264  1885  1899 E ActivityManager: 	at com.android.server.am.ActivityManagerService.startProcessLocked(ActivityManagerService.java:4181)
12-09 08:43:17.264  1885  1899 E ActivityManager: 	at com.android.server.am.ActivityManagerService.startProcessLocked(ActivityManagerService.java:4067)
12-09 08:43:17.264  1885  1899 E ActivityManager: 	at com.android.server.am.ActivityStackSupervisor.startSpecificActivityLocked(ActivityStackSupervisor.java:1715)
12-09 08:43:17.264  1885  1899 E ActivityManager: 	at com.android.server.am.ActivityStack.resumeTopActivityInnerLocked(ActivityStack.java:2764)
12-09 08:43:17.264  1885  1899 E ActivityManager: 	at com.android.server.am.ActivityStack.resumeTopActivityUncheckedLocked(ActivityStack.java:2302)
12-09 08:43:17.264  1885  1899 E ActivityManager: 	at com.android.server.am.ActivityStackSupervisor.resumeFocusedStackTopActivityLocked(ActivityStackSupervisor.java:2234)
12-09 08:43:17.264  1885  1899 E ActivityManager: 	at com.android.server.am.ActivityStackSupervisor.resumeFocusedStackTopActivityLocked(ActivityStackSupervisor.java:2218)
12-09 08:43:17.264  1885  1899 E ActivityManager: 	at com.android.server.am.ActivityManagerService.handleAppDiedLocked(ActivityManagerService.java:5923)
12-09 08:43:17.264  1885  1899 E ActivityManager: 	at com.android.server.am.ActivityManagerService.removeProcessLocked(ActivityManagerService.java:7501)
12-09 08:43:17.264  1885  1899 E ActivityManager: 	at com.android.server.am.ActivityManagerService.killPackageProcessesLocked(ActivityManagerService.java:7142)
12-09 08:43:17.264  1885  1899 E ActivityManager: 	at com.android.server.am.ActivityManagerService.forceStopPackageLocked(ActivityManagerService.java:7275)
12-09 08:43:17.264  1885  1899 E ActivityManager: 	at com.android.server.am.ActivityManagerService$MainHandler.handleMessage(ActivityManagerService.java:2289)
12-09 08:43:17.264  1885  1899 E ActivityManager: 	at android.os.Handler.dispatchMessage(Handler.java:106)
12-09 08:43:17.264  1885  1899 E ActivityManager: 	at android.os.Looper.loop(Looper.java:193)
12-09 08:43:17.264  1885  1899 E ActivityManager: 	at android.os.HandlerThread.run(HandlerThread.java:65)
12-09 08:43:17.264  1885  1899 E ActivityManager: 	at com.android.server.ServiceThread.run(ServiceThread.java:44)
12-09 08:43:17.958 28444 28444 E id.defcontaine: Not starting debugger since process cannot load the jdwp agent.
12-09 08:43:18.027 28460 28460 E ndroid.keychai: Not starting debugger since process cannot load the jdwp agent.
12-09 08:43:18.080 28475 28475 E oid.documentsu: Not starting debugger since process cannot load the jdwp agent.
12-09 08:43:18.748 28518 28518 E droid.apps.doc: Not starting debugger since process cannot load the jdwp agent.
12-09 08:43:19.963 28544 28544 E d.process.medi: Not starting debugger since process cannot load the jdwp agent.
12-09 08:43:20.167 28561 28561 E id.defcontaine: Not starting debugger since process cannot load the jdwp agent.
12-09 08:43:20.365  1739  1762 E storaged: getDiskStats failed with result NOT_SUPPORTED and size 0
12-09 08:43:21.049 28518 28518 E DocsApplication: [main] No default account found during application creation.
12-09 08:43:21.290  2524  2836 E PlayCommon: [104] com.google.android.play.b.g.a(448): Failed to connect to server: java.net.UnknownHostException: Unable to resolve host "play.googleapis.com": No address associated with hostname
12-09 08:43:21.901  2378  2378 E BeaconBle: Missing BluetoothAdapter
12-09 08:43:21.952  2378  2378 E BeaconBle: Scan couldn't start for Places
12-09 08:43:22.721  1731  1949 E         : Couldn't opendir /data/app/vmdl895225320.tmp: No such file or directory
12-09 08:43:22.721  1731  1949 E installd: Failed to delete /data/app/vmdl895225320.tmp: No such file or directory
12-09 08:43:24.298  2378 26744 E ctxmgr  : [AppIntervalImpl]closeInterval: ongoing
12-09 08:43:24.303  2378 26744 E ctxmgr  : [AppIntervalImpl]closeInterval: ongoing
12-09 08:43:25.841 28623 28623 E harlton.mileag: Not starting debugger since process cannot load the jdwp agent.
12-09 08:43:27.244  1994  7294 E putmethod.lati: Invalid ID 0x00000001.
12-09 08:43:27.266  1994  7294 E LstmTrainingCache: emn: Can't get resource name for input slot
12-09 08:43:27.266  1994  7294 E LstmTrainingCache: android.content.res.Resources$NotFoundException: Unable to find resource ID #0x1
12-09 08:43:27.266  1994  7294 E LstmTrainingCache: 	at android.content.res.ResourcesImpl.getResourceName(ResourcesImpl.java:255)
12-09 08:43:27.266  1994  7294 E LstmTrainingCache: 	at android.content.res.Resources.getResourceName(Resources.java:1954)
12-09 08:43:27.266  1994  7294 E LstmTrainingCache: 	at emn.a(PG:12)
12-09 08:43:27.266  1994  7294 E LstmTrainingCache: 	at emk.run(PG:5)
12-09 08:43:27.266  1994  7294 E LstmTrainingCache: 	at java.lang.Thread.run(Thread.java:764)
12-09 08:43:28.089  1633  1633 E lowmemorykiller: Error opening /proc/28475/oom_score_adj; errno=2
12-09 08:43:37.558 28652 28652 E emui:screensho: Not starting debugger since process cannot load the jdwp agent.
12-09 08:43:38.126 28652 28652 E SoundPool: error loading /product/media/audio/ui/camera_click.ogg
12-09 08:43:38.347  1726  1750 E SurfaceFlinger: ro.sf.lcd_density must be defined as a build property
12-09 08:43:38.472  1741  1741 E OMXNodeInstance: getConfig(0xe97a6e40:google.vorbis.decoder, ConfigAndroidVendorExtension(0x6f100004)) ERROR: Undefined(0x80001001)
12-09 08:43:38.482  1726  1751 E SurfaceFlinger: ro.sf.lcd_density must be defined as a build property
12-09 08:43:41.085 28683 28683 E d.process.medi: Not starting debugger since process cannot load the jdwp agent.
12-09 08:43:43.383  2378  2378 E BeaconBle: Missing BluetoothAdapter
12-09 08:43:43.447  2378  2378 E BeaconBle: Scan couldn't start for Places
12-09 08:43:51.786 28710 28710 E oid.apps.photo: Not starting debugger since process cannot load the jdwp agent.
12-09 08:43:59.353  2378 26744 E ctxmgr  : [AppIntervalImpl]closeInterval: ongoing
12-09 08:43:59.357  2378 26744 E ctxmgr  : [AppIntervalImpl]closeInterval: ongoing
12-09 08:44:01.643 10557 10557 E ContextIntentStarter: No activity found for any of the 0 intents
12-09 08:44:03.082  1629  1629 E android.hardware.wifi@1.0-service: Failed to register radio mode change callback
12-09 08:44:03.087  1629  1629 E android.hardware.wifi@1.0-service: Failed to set DFS flag; DFS channels may be unavailable.
12-09 08:44:03.121  1740  1740 E wificond: No Offload Service available
12-09 08:44:03.226  1885  1971 E WifiP2pService: Unhandled message { when=-1ms what=131203 target=com.android.internal.util.StateMachine$SmHandler }
12-09 08:44:03.237  1885  1971 E WifiP2pService: Unhandled message { when=0 what=131203 target=com.android.internal.util.StateMachine$SmHandler }
12-09 08:44:03.255  1885  1903 E BatteryExternalStatsWorker: no controller energy info supplied for wifi
12-09 08:44:03.280  1885  1903 E BatteryExternalStatsWorker: no controller energy info supplied for wifi
12-09 08:44:07.125  1885  1903 E BatteryExternalStatsWorker: no controller energy info supplied for wifi
12-09 08:44:07.977  1737  1820 E Netd    : Error adding route ::/0 -> fe80::ff:fe00:100 wlan0 to table 1003: File exists
12-09 08:44:08.030  2378 28784 E WakeLock: GCM_CONN_ALARM release without a matched acquire!
12-09 08:44:09.411 28793 28793 E id.gms.learnin: Not starting debugger since process cannot load the jdwp agent.
12-09 08:44:12.908  1834  1834 E netmgr  : Failed to open QEMU pipe 'qemud:network': Invalid argument
12-09 08:44:12.908  1834  1834 E netmgr  : WifiForwarder unable to open QEMU pipe: Invalid argument
12-09 08:44:13.034  1633  1633 E lowmemorykiller: Error opening /proc/28710/oom_score_adj; errno=2
12-09 08:44:20.379  1739  1762 E storaged: getDiskStats failed with result NOT_SUPPORTED and size 0
12-09 08:44:23.085 28823 28823 E oid.apps.photo: Not starting debugger since process cannot load the jdwp agent.
12-09 08:44:23.159 28837 28837 E viders.calenda: Not starting debugger since process cannot load the jdwp agent.
12-09 08:44:23.821 28860 28860 E ocess.gservice: Not starting debugger since process cannot load the jdwp agent.
12-09 08:44:23.894 28876 28876 E ndroid.calenda: Not starting debugger since process cannot load the jdwp agent.
12-09 08:44:25.199 28938 28938 E droid.deskcloc: Not starting debugger since process cannot load the jdwp agent.
12-09 08:44:25.587 28938 28938 E LoadedApk: Unable to instantiate appComponentFactory
12-09 08:44:25.587 28938 28938 E LoadedApk: java.lang.ClassNotFoundException: Didn't find class "android.support.v4.app.CoreComponentFactory" on path: DexPathList[[zip file "/data/app/com.google.android.deskclock-irjeQ48B8SlCzNgOUY6aXg==/base.apk"],nativeLibraryDirectories=[/data/app/com.google.android.deskclock-irjeQ48B8SlCzNgOUY6aXg==/lib/x86, /system/lib]]
12-09 08:44:25.587 28938 28938 E LoadedApk: 	at dalvik.system.BaseDexClassLoader.findClass(BaseDexClassLoader.java:134)
12-09 08:44:25.587 28938 28938 E LoadedApk: 	at java.lang.ClassLoader.loadClass(ClassLoader.java:379)
12-09 08:44:25.587 28938 28938 E LoadedApk: 	at java.lang.ClassLoader.loadClass(ClassLoader.java:312)
12-09 08:44:25.587 28938 28938 E LoadedApk: 	at android.app.LoadedApk.createAppFactory(LoadedApk.java:226)
12-09 08:44:25.587 28938 28938 E LoadedApk: 	at android.app.LoadedApk.createOrUpdateClassLoaderLocked(LoadedApk.java:731)
12-09 08:44:25.587 28938 28938 E LoadedApk: 	at android.app.LoadedApk.getClassLoader(LoadedApk.java:810)
12-09 08:44:25.587 28938 28938 E LoadedApk: 	at android.app.LoadedApk.getResources(LoadedApk.java:1032)
12-09 08:44:25.587 28938 28938 E LoadedApk: 	at android.app.ContextImpl.createAppContext(ContextImpl.java:2345)
12-09 08:44:25.587 28938 28938 E LoadedApk: 	at android.app.ActivityThread.handleBindApplication(ActivityThread.java:5749)
12-09 08:44:25.587 28938 28938 E LoadedApk: 	at android.app.ActivityThread.access$1100(ActivityThread.java:199)
12-09 08:44:25.587 28938 28938 E LoadedApk: 	at android.app.ActivityThread$H.handleMessage(ActivityThread.java:1650)
12-09 08:44:25.587 28938 28938 E LoadedApk: 	at android.os.Handler.dispatchMessage(Handler.java:106)
12-09 08:44:25.587 28938 28938 E LoadedApk: 	at android.os.Looper.loop(Looper.java:193)
12-09 08:44:25.587 28938 28938 E LoadedApk: 	at android.app.ActivityThread.main(ActivityThread.java:6669)
12-09 08:44:25.587 28938 28938 E LoadedApk: 	at java.lang.reflect.Method.invoke(Native Method)
12-09 08:44:25.587 28938 28938 E LoadedApk: 	at com.android.internal.os.RuntimeInit$MethodAndArgsCaller.run(RuntimeInit.java:493)
12-09 08:44:25.587 28938 28938 E LoadedApk: 	at com.android.internal.os.ZygoteInit.main(ZygoteInit.java:858)
12-09 08:44:26.108 28969 28969 E com.ustwo.lwp: Not starting debugger since process cannot load the jdwp agent.
12-09 08:44:26.134 28981 28981 E ndroid.calenda: Not starting debugger since process cannot load the jdwp agent.
12-09 08:44:26.354 29001 29001 E oid.apps.photo: Not starting debugger since process cannot load the jdwp agent.
12-09 08:44:26.877  1633  1633 E lowmemorykiller: Error writing /proc/28969/oom_score_adj; errno=22
12-09 08:44:27.127  2378  2378 E NetworkScheduler.ATC: Called cancelTask for already completed task com.google.android.calendar/com.firebase.jobdispatcher.GooglePlayReceiver{u=0 tag="PhenotypeCommitFirebase" trigger=window{start=0s,end=1s,earliest=0s,latest=0s} requirements=[NET_ANY] attributes=[PERSISTED] scheduled=0s last_run=0s jid=N/A status=PENDING retries=0 client_lib=FIREBASE_JOB_DISPATCHER-1} :INVALID_START
12-09 08:44:27.138  2378 26583 E NetworkScheduler: Unknown result code received: 4
12-09 08:44:27.972 29057 29057 E ndroid.calenda: Not starting debugger since process cannot load the jdwp agent.
12-09 08:44:37.567  1633  1633 E lowmemorykiller: Error opening /proc/29001/oom_score_adj; errno=2
12-09 08:44:40.202 29110 29110 E ndroid.calenda: Not starting debugger since process cannot load the jdwp agent.
12-09 08:44:45.107  2378 28930 E NetworkScheduler.TED: Dropping task as app's play services SDK version does not support Android O. Either update the SDK or lower your app's target SDK version. Canceling all tasks for the service: ComponentInfo{com.google.android.calendar/com.firebase.jobdispatcher.GooglePlayReceiver}
12-09 08:45:13.304  1834  1834 E netmgr  : Failed to open QEMU pipe 'qemud:network': Invalid argument
12-09 08:45:13.304  1834  1834 E netmgr  : WifiForwarder unable to open QEMU pipe: Invalid argument
12-09 08:45:20.779  1739  1762 E storaged: getDiskStats failed with result NOT_SUPPORTED and size 0
12-09 08:46:13.307  1834  1834 E netmgr  : Failed to open QEMU pipe 'qemud:network': Invalid argument
12-09 08:46:13.307  1834  1834 E netmgr  : WifiForwarder unable to open QEMU pipe: Invalid argument
12-09 08:46:20.783  1739  1762 E storaged: getDiskStats failed with result NOT_SUPPORTED and size 0
12-09 08:46:35.139 28623 28623 E SpannableStringBuilder: SPAN_EXCLUSIVE_EXCLUSIVE spans cannot have a zero length
12-09 08:46:35.139 28623 28623 E SpannableStringBuilder: SPAN_EXCLUSIVE_EXCLUSIVE spans cannot have a zero length
12-09 08:46:35.484  1994  1994 E native  : clearcut-logger.cc:191 USER_EDIT span#originalSpan is missing
