--------- beginning of system
12-08 13:51:18.992  1738  1772 E storaged: getDiskStats failed with result NOT_SUPPORTED and size 0
--------- beginning of main
12-08 13:52:20.770  1738  1772 E storaged: getDiskStats failed with result NOT_SUPPORTED and size 0
12-08 13:52:40.838  2475  9372 E SQLiteCastStore: Skip saving CastDeviceInfo: "Nearby device" (__cast_nearby___V_efbd7ecb-50ce-4842-bfd5-d288c0476021)
12-08 13:52:45.967  2494  2716 E PlayCommon: [101] com.google.android.play.b.g.a(448): Failed to connect to server: java.net.UnknownHostException: Unable to resolve host "play.googleapis.com": No address associated with hostname
12-08 13:53:08.439  1828  1828 E netmgr  : Failed to open QEMU pipe 'qemud:network': Invalid argument
12-08 13:53:08.440  1828  1828 E netmgr  : WifiForwarder unable to open QEMU pipe: Invalid argument
12-08 13:53:16.053  2448  8709 E ctxmgr  : [ProducerStatusImpl]updateStateForNewContextData: inactive, contextName=7
12-08 13:53:18.291  2448  8709 E ctxmgr  : [ProducerStatusImpl]updateStateForNewContextData: inactive, contextName=1
12-08 13:53:18.327  2448  8709 E ctxmgr  : [ProducerStatusImpl]updateStateForNewContextData: inactive, contextName=1
12-08 13:53:18.332  2448  8709 E ctxmgr  : [ProducerStatusImpl]updateStateForNewContextData: inactive, contextName=1
12-08 13:53:18.375 29746 29746 E SchedPolicy: set_timerslack_ns write failed: Operation not permitted
12-08 13:53:18.673 29746 29746 E SchedPolicy: set_timerslack_ns write failed: Operation not permitted
12-08 13:53:20.779  1738  1772 E storaged: getDiskStats failed with result NOT_SUPPORTED and size 0
12-08 13:53:20.792  2448  2448 E BeaconBle: Missing BluetoothAdapter
12-08 13:53:20.967  2448  2448 E BeaconBle: Scan couldn't start for Places
12-08 13:53:28.571  1881  4026 E WindowManager: Performed 6 layouts in a row. Skipping
12-08 13:53:28.591  1881  1934 E WindowManager: Performed 6 layouts in a row. Skipping
12-08 13:53:28.611  1881  1934 E WindowManager: Performed 6 layouts in a row. Skipping
12-08 13:53:28.644  1881  1934 E WindowManager: Performed 6 layouts in a row. Skipping
12-08 13:53:28.684  1881  1934 E WindowManager: Performed 6 layouts in a row. Skipping
12-08 13:53:28.728  1881  1934 E WindowManager: Performed 6 layouts in a row. Skipping
12-08 13:53:35.768  2692  2692 E ContextIntentStarter: No activity found for any of the 0 intents
12-08 13:53:43.373  1626  1626 E android.hardware.wifi@1.0-service: Failed to register radio mode change callback
12-08 13:53:43.384  1626  1626 E android.hardware.wifi@1.0-service: Failed to set DFS flag; DFS channels may be unavailable.
12-08 13:53:43.433  1739  1739 E wificond: No Offload Service available
12-08 13:53:46.016  1881  1966 E WifiP2pService: Unhandled message { when=-1ms what=131203 target=com.android.internal.util.StateMachine$SmHandler }
12-08 13:53:48.359  1881  1966 E WifiP2pService: Unhandled message { when=-1ms what=131203 target=com.android.internal.util.StateMachine$SmHandler }
12-08 13:53:48.597  1881  1899 E BatteryExternalStatsWorker: no controller energy info supplied for wifi
12-08 13:53:48.641  1881  1899 E BatteryExternalStatsWorker: no controller energy info supplied for wifi
12-08 13:53:53.492  2448  8709 E ctxmgr  : [ProducerStatusImpl]updateStateForNewContextData: inactive, contextName=7
12-08 13:53:56.127  2448  2448 E BeaconBle: Missing BluetoothAdapter
12-08 13:53:58.352  2448  2448 E BeaconBle: Scan couldn't start for Places
12-08 13:54:10.556  1828  1828 E netmgr  : Failed to open QEMU pipe 'qemud:network': Invalid argument
12-08 13:54:10.556  1828  1828 E netmgr  : WifiForwarder unable to open QEMU pipe: Invalid argument
12-08 13:54:10.645 29746 29746 E SchedPolicy: set_timerslack_ns write failed: Operation not permitted
12-08 13:54:18.015  1611  1695 E audio_hw_generic: pcm_write failed cannot write stream data: I/O error
12-08 13:54:22.995  1738  1772 E storaged: getDiskStats failed with result NOT_SUPPORTED and size 0
12-08 13:54:23.292  9496  9496 E id.gms.learnin: Not starting debugger since process cannot load the jdwp agent.
12-08 13:54:28.222 29746 29746 E SchedPolicy: set_timerslack_ns write failed: Operation not permitted
12-08 13:54:48.099  1725  1798 E IPCThreadState: binder thread pool (4 threads) starved for 1986 ms
12-08 13:54:50.812  1611  1695 E audio_hw_generic: pcm_write failed cannot write stream data: I/O error
12-08 13:55:05.792  1611  1695 E audio_hw_generic: pcm_write failed cannot write stream data: I/O error
12-08 13:55:10.611  1828  1828 E netmgr  : Failed to open QEMU pipe 'qemud:network': Invalid argument
12-08 13:55:10.612  1828  1828 E netmgr  : WifiForwarder unable to open QEMU pipe: Invalid argument
12-08 13:55:12.888  1881  1896 E AutofillSession: No assist structure - app might have crashed providing it
12-08 13:55:15.585  1992  1992 E native  : suggestion-transformer.cc:118 suggestion picked candidate not found for id: 3
12-08 13:55:15.803  1611  1695 E audio_hw_generic: pcm_write failed cannot write stream data: I/O error
12-08 13:55:22.909  1992  1992 E LatinMotionEventHandler: com.google.android.apps.inputmethod.libs.latin5.handler.LatinMotionEventHandler: Failed to find view of the target key
12-08 13:55:22.997  1738  1772 E storaged: getDiskStats failed with result NOT_SUPPORTED and size 0
12-08 13:55:27.657  1611  1695 E audio_hw_generic: pcm_write failed cannot write stream data: I/O error
12-08 13:55:30.263  1881  1894 E memtrack: Couldn't load memtrack module
12-08 13:55:30.564  1881  1965 E WificondScannerImpl: Timed out waiting for scan result from wificond
