--------- beginning of system
12-07 12:24:03.562  1883  1897 E ActivityManager: Failure starting process com.evancharlton.mileage
12-07 12:24:03.562  1883  1897 E ActivityManager: java.lang.SecurityException: Package com.evancharlton.mileage is currently frozen!
12-07 12:24:03.562  1883  1897 E ActivityManager: 	at com.android.server.pm.PackageManagerService.checkPackageStartable(PackageManagerService.java:4000)
12-07 12:24:03.562  1883  1897 E ActivityManager: 	at com.android.server.am.ActivityManagerService.startProcessLocked(ActivityManagerService.java:4234)
12-07 12:24:03.562  1883  1897 E ActivityManager: 	at com.android.server.am.ActivityManagerService.startProcessLocked(ActivityManagerService.java:4199)
12-07 12:24:03.562  1883  1897 E ActivityManager: 	at com.android.server.am.ActivityManagerService.startProcessLocked(ActivityManagerService.java:4181)
12-07 12:24:03.562  1883  1897 E ActivityManager: 	at com.android.server.am.ActivityManagerService.startProcessLocked(ActivityManagerService.java:4067)
12-07 12:24:03.562  1883  1897 E ActivityManager: 	at com.android.server.am.ActivityStackSupervisor.startSpecificActivityLocked(ActivityStackSupervisor.java:1715)
12-07 12:24:03.562  1883  1897 E ActivityManager: 	at com.android.server.am.ActivityStack.resumeTopActivityInnerLocked(ActivityStack.java:2764)
12-07 12:24:03.562  1883  1897 E ActivityManager: 	at com.android.server.am.ActivityStack.resumeTopActivityUncheckedLocked(ActivityStack.java:2302)
12-07 12:24:03.562  1883  1897 E ActivityManager: 	at com.android.server.am.ActivityStackSupervisor.resumeFocusedStackTopActivityLocked(ActivityStackSupervisor.java:2234)
12-07 12:24:03.562  1883  1897 E ActivityManager: 	at com.android.server.am.ActivityStackSupervisor.resumeFocusedStackTopActivityLocked(ActivityStackSupervisor.java:2218)
12-07 12:24:03.562  1883  1897 E ActivityManager: 	at com.android.server.am.ActivityManagerService.handleAppDiedLocked(ActivityManagerService.java:5923)
12-07 12:24:03.562  1883  1897 E ActivityManager: 	at com.android.server.am.ActivityManagerService.removeProcessLocked(ActivityManagerService.java:7501)
12-07 12:24:03.562  1883  1897 E ActivityManager: 	at com.android.server.am.ActivityManagerService.killPackageProcessesLocked(ActivityManagerService.java:7142)
12-07 12:24:03.562  1883  1897 E ActivityManager: 	at com.android.server.am.ActivityManagerService.forceStopPackageLocked(ActivityManagerService.java:7275)
12-07 12:24:03.562  1883  1897 E ActivityManager: 	at com.android.server.am.ActivityManagerService$MainHandler.handleMessage(ActivityManagerService.java:2289)
12-07 12:24:03.562  1883  1897 E ActivityManager: 	at android.os.Handler.dispatchMessage(Handler.java:106)
12-07 12:24:03.562  1883  1897 E ActivityManager: 	at android.os.Looper.loop(Looper.java:193)
12-07 12:24:03.562  1883  1897 E ActivityManager: 	at android.os.HandlerThread.run(HandlerThread.java:65)
12-07 12:24:03.562  1883  1897 E ActivityManager: 	at com.android.server.ServiceThread.run(ServiceThread.java:44)
12-07 12:24:19.717  1737  1809 E storaged: getDiskStats failed with result NOT_SUPPORTED and size 0
12-07 12:25:04.207  1883  2672 E WindowManager: Performed 6 layouts in a row. Skipping
12-07 12:25:04.249  1883  1935 E WindowManager: Performed 6 layouts in a row. Skipping
12-07 12:25:04.272  1883  2672 E WindowManager: Performed 6 layouts in a row. Skipping
12-07 12:25:04.303  1883  1935 E WindowManager: Performed 6 layouts in a row. Skipping
12-07 12:25:04.330  1883  2672 E WindowManager: Performed 6 layouts in a row. Skipping
12-07 12:25:04.363  1883  1905 E WindowManager: Performed 6 layouts in a row. Skipping
12-07 12:25:04.395  1883  1935 E WindowManager: Performed 6 layouts in a row. Skipping
12-07 12:25:04.563  1883  1935 E WindowManager: Performed 6 layouts in a row. Skipping
12-07 12:25:05.017  1883  6143 E WindowManager: Performed 6 layouts in a row. Skipping
12-07 12:25:05.042  1883  1935 E WindowManager: Performed 6 layouts in a row. Skipping
12-07 12:25:05.084  1883  1994 E WindowManager: Performed 6 layouts in a row. Skipping
12-07 12:25:05.127  1883  1935 E WindowManager: Performed 6 layouts in a row. Skipping
12-07 12:25:05.158  1883  1994 E WindowManager: Performed 6 layouts in a row. Skipping
12-07 12:25:05.211  1883  1935 E WindowManager: Performed 6 layouts in a row. Skipping
12-07 12:25:05.269  1883  1935 E WindowManager: Performed 6 layouts in a row. Skipping
12-07 12:25:05.288  1883  1898 E WindowManager: Performed 6 layouts in a row. Skipping
12-07 12:25:05.319  1883  1935 E WindowManager: Performed 6 layouts in a row. Skipping
12-07 12:25:05.353  1883  1935 E WindowManager: Performed 6 layouts in a row. Skipping
12-07 12:25:05.411  1883  1935 E WindowManager: Performed 6 layouts in a row. Skipping
12-07 12:25:05.471  1883  1935 E WindowManager: Performed 6 layouts in a row. Skipping
12-07 12:25:05.496  1883  3224 E WindowManager: Performed 6 layouts in a row. Skipping
12-07 12:25:05.544  1883  1935 E WindowManager: Performed 6 layouts in a row. Skipping
12-07 12:25:05.590  1883  1935 E WindowManager: Performed 6 layouts in a row. Skipping
12-07 12:25:05.630  1883  3224 E WindowManager: Performed 6 layouts in a row. Skipping
12-07 12:25:05.661  1883  1935 E WindowManager: Performed 6 layouts in a row. Skipping
12-07 12:25:05.768  1883  1935 E WindowManager: Performed 6 layouts in a row. Skipping
--------- beginning of main
12-07 12:25:19.746  1737  1809 E storaged: getDiskStats failed with result NOT_SUPPORTED and size 0
12-07 12:25:22.086  2420 23589 E ctxmgr  : [ProducerStatusImpl]updateStateForNewContextData: inactive, contextName=7
12-07 12:25:22.347  2420  2420 E BeaconBle: Missing BluetoothAdapter
12-07 12:25:22.404  2420  2420 E BeaconBle: Scan couldn't start for Places
12-07 12:25:27.690  1613 23608 E audio_hw_generic: pcm_open(in) failed: cannot open device '/dev/snd/pcmC0D0c': Device or resource busy: channels 2 format 0 rate 16000
12-07 12:25:34.786 23613 23613 E boxed_process2: Not starting debugger since process cannot load the jdwp agent.
12-07 12:25:50.291  2420 23190 E ctxmgr  : [ProducerStatusImpl]updateStateForNewContextData: inactive, contextName=7
12-07 12:25:50.821  2420  2420 E BeaconBle: Scan couldn't start for Places
12-07 12:25:59.038  1628  1628 E android.hardware.wifi@1.0-service: Failed to register radio mode change callback
12-07 12:25:59.040  1628  1628 E android.hardware.wifi@1.0-service: Failed to set DFS flag; DFS channels may be unavailable.
12-07 12:25:59.068  1738  1738 E wificond: No Offload Service available
12-07 12:25:59.227  1883  1967 E WifiP2pService: Unhandled message { when=0 what=131203 target=com.android.internal.util.StateMachine$SmHandler }
12-07 12:25:59.244  1883  1967 E WifiP2pService: Unhandled message { when=0 what=131203 target=com.android.internal.util.StateMachine$SmHandler }
12-07 12:25:59.281  1883  1901 E BatteryExternalStatsWorker: no controller energy info supplied for wifi
12-07 12:25:59.320 23675 23675 E wpa_supplicant: nl80211: Failed to open /proc/sys/net/ipv4/conf/p2p-dev-wlan0/drop_unicast_in_l2_multicast: No such file or directory
12-07 12:25:59.320 23675 23675 E wpa_supplicant: nl80211: Failed to set IPv4 unicast in multicast filter
12-07 12:25:59.321 23675 23675 E wpa_supplicant: nl80211: Failed to open /proc/sys/net/ipv4/conf/p2p-dev-wlan0/drop_unicast_in_l2_multicast: No such file or directory
12-07 12:25:59.321 23675 23675 E wpa_supplicant: nl80211: Failed to set IPv4 unicast in multicast filter
12-07 12:25:59.353  1738  1738 E wificond: Receive ERROR message in response to 'stop scheduled scan' request: Operation not supported on transport endpoint
12-07 12:25:59.428 23675 23675 E wpa_supplicant: nl80211: Failed to open /proc/sys/net/ipv4/conf/wlan0/drop_unicast_in_l2_multicast: No such file or directory
12-07 12:25:59.428 23675 23675 E wpa_supplicant: nl80211: Failed to set IPv4 unicast in multicast filter
12-07 12:25:59.508 23675 23675 E wpa_supplicant: nl80211: Failed to open /proc/sys/net/ipv4/conf/wlan0/drop_unicast_in_l2_multicast: No such file or directory
12-07 12:25:59.508 23675 23675 E wpa_supplicant: nl80211: Failed to set IPv4 unicast in multicast filter
12-07 12:25:59.650  1628  1628 E android.hardware.wifi@1.0-service: Failed to open directory: Permission denied
12-07 12:25:59.650  1628  1628 E android.hardware.wifi@1.0-service: Error occurred while deleting old tombstone files
12-07 12:25:59.650  1628  1628 E android.hardware.wifi@1.0-service: Error writing files to flash
12-07 12:25:59.870  1883  1967 E WifiP2pService: Unhandled message { when=-2ms what=131204 target=com.android.internal.util.StateMachine$SmHandler }
12-07 12:25:59.876  1883  1901 E BatteryExternalStatsWorker: no controller energy info supplied for wifi
12-07 12:25:59.888  1883  1901 E BatteryExternalStatsWorker: no controller energy info supplied for wifi
12-07 12:26:07.298  1829  1829 E netmgr  : Failed to open QEMU pipe 'qemud:network': Invalid argument
12-07 12:26:07.298  1829  1829 E netmgr  : WifiForwarder unable to open QEMU pipe: Invalid argument
12-07 12:26:17.670  2420 23663 E ctxmgr  : [ProducerStatusImpl]updateStateForNewContextData: inactive, contextName=7
12-07 12:26:18.262  2420  2420 E BeaconBle: Missing BluetoothAdapter
12-07 12:26:18.342  2420  2420 E BeaconBle: Scan couldn't start for Places
12-07 12:26:19.765  1737  1809 E storaged: getDiskStats failed with result NOT_SUPPORTED and size 0
12-07 12:26:27.334  1613 23708 E audio_hw_generic: pcm_open(in) failed: cannot open device '/dev/snd/pcmC0D0c': Device or resource busy: channels 2 format 0 rate 16000
12-07 12:26:27.879 23714 23714 E boxed_process2: Not starting debugger since process cannot load the jdwp agent.
12-07 12:26:41.505 23744 23744 E boxed_process2: Not starting debugger since process cannot load the jdwp agent.
12-07 12:26:52.217  2759  2759 E ContextIntentStarter: No activity found for any of the 0 intents
12-07 12:26:55.126  1613 23775 E audio_hw_generic: pcm_open(in) failed: cannot open device '/dev/snd/pcmC0D0c': Device or resource busy: channels 2 format 0 rate 16000
12-07 12:27:07.305  1829  1829 E netmgr  : Failed to open QEMU pipe 'qemud:network': Invalid argument
12-07 12:27:07.306  1829  1829 E netmgr  : WifiForwarder unable to open QEMU pipe: Invalid argument
12-07 12:27:08.214  1628  1628 E android.hardware.wifi@1.0-service: Failed to register radio mode change callback
12-07 12:27:08.218  1628  1628 E android.hardware.wifi@1.0-service: Failed to set DFS flag; DFS channels may be unavailable.
12-07 12:27:08.278  1738  1738 E wificond: No Offload Service available
12-07 12:27:08.411  1883  1967 E WifiP2pService: Unhandled message { when=0 what=131203 target=com.android.internal.util.StateMachine$SmHandler }
12-07 12:27:08.447  1883  1967 E WifiP2pService: Unhandled message { when=-1ms what=131203 target=com.android.internal.util.StateMachine$SmHandler }
12-07 12:27:08.495  1883  1901 E BatteryExternalStatsWorker: no controller energy info supplied for wifi
12-07 12:27:08.536  1883  1901 E BatteryExternalStatsWorker: no controller energy info supplied for wifi
12-07 12:27:09.173  1613 23791 E audio_hw_generic: pcm_open(in) failed: cannot open device '/dev/snd/pcmC0D0c': Device or resource busy: channels 2 format 0 rate 16000
12-07 12:27:12.900  1883  1901 E BatteryExternalStatsWorker: no controller energy info supplied for wifi
12-07 12:27:13.063  1883  1965 E WifiVendorHal: stopRssiMonitoring(l.2404) failed {.code = ERROR_NOT_AVAILABLE, .description = }
12-07 12:27:13.733  1735  1813 E Netd    : Error adding route ::/0 -> fe80::ff:fe00:100 wlan0 to table 1003: File exists
12-07 12:27:14.239  1883  1900 E libprocessgroup: Error encountered killing process cgroup uid 99107 pid 23744: No such file or directory
12-07 12:27:14.646  2420 23813 E WakeLock: GCM_CONN_ALARM release without a matched acquire!
12-07 12:27:15.037  2528 11858 E MDD     : FileGroupManager: Trying to add expired group predictondevice.
12-07 12:27:15.038  2528 11858 E MDD     : MDDManager class aaoc
12-07 12:27:15.038  2528 11858 E MDD     : FileGroupManager: Trying to add expired group expander.
12-07 12:27:15.038  2528 11858 E MDD     : MDDManager class aaoc
12-07 12:27:15.219 23814 23814 E id.gms.learnin: Not starting debugger since process cannot load the jdwp agent.
12-07 12:27:19.781  1737  1809 E storaged: getDiskStats failed with result NOT_SUPPORTED and size 0
