--------- beginning of system
--------- beginning of main
12-07 22:29:53.499 10931 10931 E id.defcontaine: Not starting debugger since process cannot load the jdwp agent.
12-07 22:29:53.562 10945 10945 E ndroid.keychai: Not starting debugger since process cannot load the jdwp agent.
12-07 22:29:53.597 10955 10955 E oid.documentsu: Not starting debugger since process cannot load the jdwp agent.
12-07 22:29:54.333 11002 11002 E droid.apps.doc: Not starting debugger since process cannot load the jdwp agent.
12-07 22:29:55.213 16506 11032 E WakeLock: GCM_HB_ALARM release without a matched acquire!
12-07 22:29:55.221 16506 11032 E WakeLock: GCM_CONN_ALARM release without a matched acquire!
12-07 22:29:55.749 11002 11002 E DocsApplication: [main] No default account found during application creation.
12-07 22:29:56.972  1729  1729 E         : Couldn't opendir /data/app/vmdl848481123.tmp: No such file or directory
12-07 22:29:56.972  1729  1729 E installd: Failed to delete /data/app/vmdl848481123.tmp: No such file or directory
12-07 22:29:59.241 11075 11075 E harlton.mileag: Not starting debugger since process cannot load the jdwp agent.
12-07 22:30:04.282 15976 16247 E InputMethodManagerService: Ignoring com.android.server.InputMethodManagerService.updateStatusIcon:2188 due to an invalid token. uid:10060 token:android.os.Binder@f9daf1
12-07 22:30:04.409 16085 16085 E EmojiSearchExtension: com.google.android.apps.inputmethod.libs.search.emoji.EmojiSearchExtension: Cannot deactivate emoji search JNI; null locale
12-07 22:30:08.678 16506 11126 E WakeLock: GCM_HB_ALARM release without a matched acquire!
12-07 22:30:08.750 16506 11126 E WakeLock: GCM_CONN_ALARM release without a matched acquire!
12-07 22:30:09.119 11129 11129 E emui:screensho: Not starting debugger since process cannot load the jdwp agent.
12-07 22:30:09.134 16506 10808 E ctxmgr  : [AppIntervalImpl]closeInterval: ongoing
12-07 22:30:09.146 16506 10808 E ctxmgr  : [AppIntervalImpl]closeInterval: ongoing
12-07 22:30:09.666 11129 11129 E SoundPool: error loading /product/media/audio/ui/camera_click.ogg
12-07 22:30:09.958  1739  2097 E OMXNodeInstance: getConfig(0xee326c00:google.vorbis.decoder, ConfigAndroidVendorExtension(0x6f100004)) ERROR: Undefined(0x80001001)
12-07 22:30:10.828  1829  1829 E netmgr  : Failed to open QEMU pipe 'qemud:network': Invalid argument
12-07 22:30:10.828  1829  1829 E netmgr  : WifiForwarder unable to open QEMU pipe: Invalid argument
12-07 22:30:17.582 16506 16506 E BeaconBle: Missing BluetoothAdapter
12-07 22:30:17.635 16506 16506 E BeaconBle: Scan couldn't start for Places
12-07 22:30:18.800 16506 11183 E WakeLock: GCM_HB_ALARM release without a matched acquire!
12-07 22:30:18.816 16506 11183 E WakeLock: GCM_CONN_ALARM release without a matched acquire!
12-07 22:30:26.002 10641 10641 E ContextIntentStarter: No activity found for any of the 0 intents
12-07 22:30:33.429  1737  1809 E storaged: getDiskStats failed with result NOT_SUPPORTED and size 0
12-07 22:30:38.890 16506 11207 E WakeLock: GCM_HB_ALARM release without a matched acquire!
12-07 22:30:38.924 16506 11207 E WakeLock: GCM_CONN_ALARM release without a matched acquire!
12-07 22:31:10.835  1829  1829 E netmgr  : Failed to open QEMU pipe 'qemud:network': Invalid argument
12-07 22:31:10.836  1829  1829 E netmgr  : WifiForwarder unable to open QEMU pipe: Invalid argument
12-07 22:31:18.930 16506 11222 E WakeLock: GCM_HB_ALARM release without a matched acquire!
12-07 22:31:18.940 16506 11222 E WakeLock: GCM_CONN_ALARM release without a matched acquire!
12-07 22:31:33.432  1737  1809 E storaged: getDiskStats failed with result NOT_SUPPORTED and size 0
12-07 22:32:10.838  1829  1829 E netmgr  : Failed to open QEMU pipe 'qemud:network': Invalid argument
12-07 22:32:10.839  1829  1829 E netmgr  : WifiForwarder unable to open QEMU pipe: Invalid argument
12-07 22:32:33.434  1737  1809 E storaged: getDiskStats failed with result NOT_SUPPORTED and size 0
12-07 22:32:38.949 16506 11248 E WakeLock: GCM_HB_ALARM release without a matched acquire!
12-07 22:32:38.955 16506 11248 E WakeLock: GCM_CONN_ALARM release without a matched acquire!
12-07 22:33:10.843  1829  1829 E netmgr  : Failed to open QEMU pipe 'qemud:network': Invalid argument
12-07 22:33:10.843  1829  1829 E netmgr  : WifiForwarder unable to open QEMU pipe: Invalid argument
12-07 22:33:33.436  1737  1809 E storaged: getDiskStats failed with result NOT_SUPPORTED and size 0
12-07 22:34:10.848  1829  1829 E netmgr  : Failed to open QEMU pipe 'qemud:network': Invalid argument
12-07 22:34:10.849  1829  1829 E netmgr  : WifiForwarder unable to open QEMU pipe: Invalid argument
12-07 22:34:33.438  1737  1809 E storaged: getDiskStats failed with result NOT_SUPPORTED and size 0
12-07 22:34:44.696 16085 16085 E native  : suggestion-transformer.cc:118 suggestion picked candidate not found for id: 3
12-07 22:34:46.054 15976 18246 E WindowManager: Performed 6 layouts in a row. Skipping
12-07 22:34:46.070 15976 16026 E WindowManager: Performed 6 layouts in a row. Skipping
12-07 22:34:46.162 15976 16026 E WindowManager: Performed 6 layouts in a row. Skipping
12-07 22:34:46.180 15976 16971 E WindowManager: Performed 6 layouts in a row. Skipping
12-07 22:34:46.271 15976 16026 E WindowManager: Performed 6 layouts in a row. Skipping
