--------- beginning of system
--------- beginning of main
12-09 03:29:05.431 25246 25246 E id.defcontaine: Not starting debugger since process cannot load the jdwp agent.
12-09 03:29:05.476 25261 25261 E oid.documentsu: Not starting debugger since process cannot load the jdwp agent.
12-09 03:29:05.574 25274 25274 E ndroid.keychai: Not starting debugger since process cannot load the jdwp agent.
12-09 03:29:06.249 25312 25312 E droid.apps.doc: Not starting debugger since process cannot load the jdwp agent.
12-09 03:29:07.195 25344 25344 E id.defcontaine: Not starting debugger since process cannot load the jdwp agent.
12-09 03:29:07.211 25338 25338 E d.process.medi: Not starting debugger since process cannot load the jdwp agent.
12-09 03:29:07.355 25371 25371 E ocess.gservice: Not starting debugger since process cannot load the jdwp agent.
12-09 03:29:09.101  1731  1776 E         : Couldn't opendir /data/app/vmdl1429453582.tmp: No such file or directory
12-09 03:29:09.101  1731  1776 E installd: Failed to delete /data/app/vmdl1429453582.tmp: No such file or directory
12-09 03:29:11.779 25416 25416 E harlton.mileag: Not starting debugger since process cannot load the jdwp agent.
12-09 03:29:12.752  1834  1834 E netmgr  : Failed to open QEMU pipe 'qemud:network': Invalid argument
12-09 03:29:12.752  1834  1834 E netmgr  : WifiForwarder unable to open QEMU pipe: Invalid argument
12-09 03:29:13.249 25435 25435 E hod.latin:trai: Not starting debugger since process cannot load the jdwp agent.
12-09 03:29:13.493  1994  7294 E putmethod.lati: Invalid ID 0x00000001.
12-09 03:29:13.497  1994  7294 E LstmTrainingCache: emn: Can't get resource name for input slot
12-09 03:29:13.497  1994  7294 E LstmTrainingCache: android.content.res.Resources$NotFoundException: Unable to find resource ID #0x1
12-09 03:29:13.497  1994  7294 E LstmTrainingCache: 	at android.content.res.ResourcesImpl.getResourceName(ResourcesImpl.java:255)
12-09 03:29:13.497  1994  7294 E LstmTrainingCache: 	at android.content.res.Resources.getResourceName(Resources.java:1954)
12-09 03:29:13.497  1994  7294 E LstmTrainingCache: 	at emn.a(PG:12)
12-09 03:29:13.497  1994  7294 E LstmTrainingCache: 	at emk.run(PG:5)
12-09 03:29:13.497  1994  7294 E LstmTrainingCache: 	at java.lang.Thread.run(Thread.java:764)
12-09 03:29:19.820  1739  1762 E storaged: getDiskStats failed with result NOT_SUPPORTED and size 0
12-09 03:29:21.491  1994  1994 E native  : suggestion-transformer.cc:118 suggestion picked candidate not found for id: 2
12-09 03:29:21.580 25416 25416 E SpannableStringBuilder: SPAN_EXCLUSIVE_EXCLUSIVE spans cannot have a zero length
12-09 03:29:21.581 25416 25416 E SpannableStringBuilder: SPAN_EXCLUSIVE_EXCLUSIVE spans cannot have a zero length
12-09 03:29:23.157 25470 25470 E oid.apps.photo: Not starting debugger since process cannot load the jdwp agent.
12-09 03:29:24.081 25489 25489 E ocess.gservice: Not starting debugger since process cannot load the jdwp agent.
12-09 03:29:24.560 25511 25511 E d.process.medi: Not starting debugger since process cannot load the jdwp agent.
12-09 03:29:27.566 25542 25542 E emui:screensho: Not starting debugger since process cannot load the jdwp agent.
12-09 03:29:28.445 25542 25542 E SoundPool: error loading /product/media/audio/ui/camera_click.ogg
12-09 03:29:28.905  1741  1741 E OMXNodeInstance: getConfig(0xe97a6e40:google.vorbis.decoder, ConfigAndroidVendorExtension(0x6f100004)) ERROR: Undefined(0x80001001)
12-09 03:29:28.993  1994 25070 E AppIndexingFetcher: fls: Query Query{query=, package=null, corpus=[internal.3p:StickerPack, internal.3p:StickerPack_cross_device], start=0, limit=100, prefix=false, filter=true, timeoutMs=15000} failed with status Status{statusCode=INTERRUPTED, resolution=null}
12-09 03:29:31.142  1994  1994 E RecyclerView: No adapter attached; skipping layout
12-09 03:29:32.919  2378 24878 E ctxmgr  : [ProducerStatusImpl]updateStateForNewContextData: inactive, contextName=7
12-09 03:29:32.942  2378 24878 E ctxmgr  : [ProducerStatusImpl]updateStateForNewContextData: inactive, contextName=1
12-09 03:29:33.058  2378  2378 E BeaconBle: Missing BluetoothAdapter
12-09 03:29:33.119  2378  2378 E BeaconBle: Scan couldn't start for Places
12-09 03:29:44.497  1885  5372 E WindowManager: Performed 6 layouts in a row. Skipping
12-09 03:29:44.549  1885  1938 E WindowManager: Performed 6 layouts in a row. Skipping
12-09 03:29:44.617  1885  1895 E WindowManager: Performed 6 layouts in a row. Skipping
12-09 03:29:44.665  1885  1938 E WindowManager: Performed 6 layouts in a row. Skipping
12-09 03:29:44.683  1885  3848 E WindowManager: Performed 6 layouts in a row. Skipping
12-09 03:29:44.697  1885  1900 E WindowManager: Performed 6 layouts in a row. Skipping
12-09 03:29:44.742  1885  3848 E WindowManager: Performed 6 layouts in a row. Skipping
12-09 03:29:44.791  1885  1938 E WindowManager: Performed 6 layouts in a row. Skipping
12-09 03:29:44.837  1885  1938 E WindowManager: Performed 6 layouts in a row. Skipping
12-09 03:29:44.864  1885  5349 E WindowManager: Performed 6 layouts in a row. Skipping
12-09 03:29:44.894  1885  4630 E WindowManager: Performed 6 layouts in a row. Skipping
12-09 03:29:44.954  1885  1938 E WindowManager: Performed 6 layouts in a row. Skipping
12-09 03:29:44.989  1885  1938 E WindowManager: Performed 6 layouts in a row. Skipping
12-09 03:29:45.057  1885  1938 E WindowManager: Performed 6 layouts in a row. Skipping
12-09 03:29:45.907 10557 10557 E ContextIntentStarter: No activity found for any of the 0 intents
12-09 03:30:01.569 10557 10557 E PSAC    : Bitmap height 117 is less than first row height for pixel search
12-09 03:30:03.495 25615 25615 E boxed_process1: Not starting debugger since process cannot load the jdwp agent.
12-09 03:30:03.521 10557 10557 E SpannableStringBuilder: SPAN_EXCLUSIVE_EXCLUSIVE spans cannot have a zero length
12-09 03:30:03.521 10557 10557 E SpannableStringBuilder: SPAN_EXCLUSIVE_EXCLUSIVE spans cannot have a zero length
12-09 03:30:12.755  1834  1834 E netmgr  : Failed to open QEMU pipe 'qemud:network': Invalid argument
12-09 03:30:12.756  1834  1834 E netmgr  : WifiForwarder unable to open QEMU pipe: Invalid argument
12-09 03:30:19.825  1739  1762 E storaged: getDiskStats failed with result NOT_SUPPORTED and size 0
12-09 03:31:12.796  1834  1834 E netmgr  : Failed to open QEMU pipe 'qemud:network': Invalid argument
12-09 03:31:12.796  1834  1834 E netmgr  : WifiForwarder unable to open QEMU pipe: Invalid argument
12-09 03:31:19.827  1739  1762 E storaged: getDiskStats failed with result NOT_SUPPORTED and size 0
12-09 03:32:12.835  1834  1834 E netmgr  : Failed to open QEMU pipe 'qemud:network': Invalid argument
12-09 03:32:12.835  1834  1834 E netmgr  : WifiForwarder unable to open QEMU pipe: Invalid argument
12-09 03:32:19.067  1994  1994 E native  : clearcut-logger.cc:191 USER_EDIT span#originalSpan is missing
12-09 03:32:19.828  1739  1762 E storaged: getDiskStats failed with result NOT_SUPPORTED and size 0
