--------- beginning of main
12-09 03:32:19.067  1994  1994 E native  : clearcut-logger.cc:191 USER_EDIT span#originalSpan is missing
--------- beginning of system
12-09 03:32:19.828  1739  1762 E storaged: getDiskStats failed with result NOT_SUPPORTED and size 0
12-09 03:32:20.817  1885  1899 E ActivityManager: Failure starting process com.evancharlton.mileage
12-09 03:32:20.817  1885  1899 E ActivityManager: java.lang.SecurityException: Package com.evancharlton.mileage is currently frozen!
12-09 03:32:20.817  1885  1899 E ActivityManager: 	at com.android.server.pm.PackageManagerService.checkPackageStartable(PackageManagerService.java:4000)
12-09 03:32:20.817  1885  1899 E ActivityManager: 	at com.android.server.am.ActivityManagerService.startProcessLocked(ActivityManagerService.java:4234)
12-09 03:32:20.817  1885  1899 E ActivityManager: 	at com.android.server.am.ActivityManagerService.startProcessLocked(ActivityManagerService.java:4199)
12-09 03:32:20.817  1885  1899 E ActivityManager: 	at com.android.server.am.ActivityManagerService.startProcessLocked(ActivityManagerService.java:4181)
12-09 03:32:20.817  1885  1899 E ActivityManager: 	at com.android.server.am.ActivityManagerService.startProcessLocked(ActivityManagerService.java:4067)
12-09 03:32:20.817  1885  1899 E ActivityManager: 	at com.android.server.am.ActivityStackSupervisor.startSpecificActivityLocked(ActivityStackSupervisor.java:1715)
12-09 03:32:20.817  1885  1899 E ActivityManager: 	at com.android.server.am.ActivityStack.resumeTopActivityInnerLocked(ActivityStack.java:2764)
12-09 03:32:20.817  1885  1899 E ActivityManager: 	at com.android.server.am.ActivityStack.resumeTopActivityUncheckedLocked(ActivityStack.java:2302)
12-09 03:32:20.817  1885  1899 E ActivityManager: 	at com.android.server.am.ActivityStackSupervisor.resumeFocusedStackTopActivityLocked(ActivityStackSupervisor.java:2234)
12-09 03:32:20.817  1885  1899 E ActivityManager: 	at com.android.server.am.ActivityStackSupervisor.resumeFocusedStackTopActivityLocked(ActivityStackSupervisor.java:2218)
12-09 03:32:20.817  1885  1899 E ActivityManager: 	at com.android.server.am.ActivityManagerService.handleAppDiedLocked(ActivityManagerService.java:5923)
12-09 03:32:20.817  1885  1899 E ActivityManager: 	at com.android.server.am.ActivityManagerService.removeProcessLocked(ActivityManagerService.java:7501)
12-09 03:32:20.817  1885  1899 E ActivityManager: 	at com.android.server.am.ActivityManagerService.killPackageProcessesLocked(ActivityManagerService.java:7142)
12-09 03:32:20.817  1885  1899 E ActivityManager: 	at com.android.server.am.ActivityManagerService.forceStopPackageLocked(ActivityManagerService.java:7275)
12-09 03:32:20.817  1885  1899 E ActivityManager: 	at com.android.server.am.ActivityManagerService$MainHandler.handleMessage(ActivityManagerService.java:2289)
12-09 03:32:20.817  1885  1899 E ActivityManager: 	at android.os.Handler.dispatchMessage(Handler.java:106)
12-09 03:32:20.817  1885  1899 E ActivityManager: 	at android.os.Looper.loop(Looper.java:193)
12-09 03:32:20.817  1885  1899 E ActivityManager: 	at android.os.HandlerThread.run(HandlerThread.java:65)
12-09 03:32:20.817  1885  1899 E ActivityManager: 	at com.android.server.ServiceThread.run(ServiceThread.java:44)
12-09 03:32:21.117  2342  8119 E IconLoader: Unexpected null component name or activity info: ComponentInfo{com.evancharlton.mileage/com.evancharlton.mileage.Mileage}, null
12-09 03:32:21.537 25659 25659 E id.defcontaine: Not starting debugger since process cannot load the jdwp agent.
12-09 03:32:21.605 25675 25675 E oid.documentsu: Not starting debugger since process cannot load the jdwp agent.
12-09 03:32:21.634 25688 25688 E ndroid.keychai: Not starting debugger since process cannot load the jdwp agent.
12-09 03:32:22.456 25728 25728 E droid.apps.doc: Not starting debugger since process cannot load the jdwp agent.
12-09 03:32:23.415 25766 25766 E d.process.medi: Not starting debugger since process cannot load the jdwp agent.
12-09 03:32:23.415 25761 25761 E ocess.gservice: Not starting debugger since process cannot load the jdwp agent.
12-09 03:32:24.952 25728 25728 E DocsApplication: [main] No default account found during application creation.
12-09 03:32:25.679  1731  1935 E         : Couldn't opendir /data/app/vmdl1247801109.tmp: No such file or directory
12-09 03:32:25.679  1731  1935 E installd: Failed to delete /data/app/vmdl1247801109.tmp: No such file or directory
12-09 03:32:28.706  2378 24878 E ctxmgr  : [ProducerStatusImpl]updateStateForNewContextData: inactive, contextName=7
12-09 03:32:28.868  2378  2378 E BeaconBle: Missing BluetoothAdapter
12-09 03:32:28.916  2378  2378 E BeaconBle: Scan couldn't start for Places
12-09 03:32:29.052 25832 25832 E harlton.mileag: Not starting debugger since process cannot load the jdwp agent.
12-09 03:32:29.926  2378 20170 E WakeLock: GCM_HB_ALARM release without a matched acquire!
12-09 03:32:30.991  1994  7294 E putmethod.lati: Invalid ID 0x00000001.
12-09 03:32:31.005  1994  7294 E LstmTrainingCache: emn: Can't get resource name for input slot
12-09 03:32:31.005  1994  7294 E LstmTrainingCache: android.content.res.Resources$NotFoundException: Unable to find resource ID #0x1
12-09 03:32:31.005  1994  7294 E LstmTrainingCache: 	at android.content.res.ResourcesImpl.getResourceName(ResourcesImpl.java:255)
12-09 03:32:31.005  1994  7294 E LstmTrainingCache: 	at android.content.res.Resources.getResourceName(Resources.java:1954)
12-09 03:32:31.005  1994  7294 E LstmTrainingCache: 	at emn.a(PG:12)
12-09 03:32:31.005  1994  7294 E LstmTrainingCache: 	at emk.run(PG:5)
12-09 03:32:31.005  1994  7294 E LstmTrainingCache: 	at java.lang.Thread.run(Thread.java:764)
12-09 03:32:40.984 25865 25865 E emui:screensho: Not starting debugger since process cannot load the jdwp agent.
12-09 03:32:41.561 25865 25865 E SoundPool: error loading /product/media/audio/ui/camera_click.ogg
12-09 03:32:41.764  1726  1873 E SurfaceFlinger: ro.sf.lcd_density must be defined as a build property
12-09 03:32:41.923  1726  2181 E SurfaceFlinger: ro.sf.lcd_density must be defined as a build property
12-09 03:32:41.983  1741  1741 E OMXNodeInstance: getConfig(0xe97a6e40:google.vorbis.decoder, ConfigAndroidVendorExtension(0x6f100004)) ERROR: Undefined(0x80001001)
12-09 03:32:43.656  1994  1994 E RecyclerView: No adapter attached; skipping layout
12-09 03:32:43.657  1994  1994 E RecyclerView: No adapter attached; skipping layout
12-09 03:32:54.953 25904 25904 E oid.apps.photo: Not starting debugger since process cannot load the jdwp agent.
12-09 03:33:06.736 10557 10557 E ContextIntentStarter: No activity found for any of the 0 intents
12-09 03:33:12.845  1834  1834 E netmgr  : Failed to open QEMU pipe 'qemud:network': Invalid argument
12-09 03:33:12.846  1834  1834 E netmgr  : WifiForwarder unable to open QEMU pipe: Invalid argument
12-09 03:33:13.110 25957 25957 E id.partnersetu: Not starting debugger since process cannot load the jdwp agent.
12-09 03:33:13.464 25971 25971 E boxed_process1: Not starting debugger since process cannot load the jdwp agent.
12-09 03:33:14.792 10557 10557 E ClientVe: Failed to create ClientVisualElementsProto for user interaction on view com.google.android.apps.gsa.searchbox.ui.suggestions.views.CoreSuggestionView{1daf6bd VFE...CL. ...P.... 0,142-1038,289 #44} because the view is not tagged for visual element logging.
12-09 03:33:14.911 10557 10557 E ClientVe: Failed to create ClientVisualElementsProto for user interaction on view com.google.android.apps.gsa.searchbox.ui.suggestions.views.CoreSuggestionView{1daf6bd VFE...CL. ...P.... 0,142-1038,289 #44} because the view is not tagged for visual element logging.
12-09 03:33:16.763 10557 10561 E ReloadingLock: Finalizing LOCKED Token[searchresults_activity 2018-12-09 03:33:15.709]
12-09 03:33:17.992 10557 10557 E ClientVe: Failed to create ClientVisualElementsProto for user interaction on view com.google.android.apps.gsa.searchbox.ui.suggestions.views.CoreSuggestionView{496d4b2 VFE...CL. ...P.... 0,289-1038,436 #45} because the view is not tagged for visual element logging.
12-09 03:33:18.047 10557 10557 E ClientVe: Failed to create ClientVisualElementsProto for user interaction on view com.google.android.apps.gsa.searchbox.ui.suggestions.views.CoreSuggestionView{cb2fc03 VFE...CL. ...P.... 0,436-1038,583 #46} because the view is not tagged for visual element logging.
12-09 03:33:18.851  1994  1994 E native  : suggestion-transformer.cc:118 suggestion picked candidate not found for id: 2
12-09 03:33:19.866  1739  1762 E storaged: getDiskStats failed with result NOT_SUPPORTED and size 0
12-09 03:33:20.717 10557 10557 E ClientVe: Failed to create ClientVisualElementsProto for user interaction on view com.google.android.apps.gsa.searchbox.ui.suggestions.views.CoreSuggestionView{cb2fc03 VFE...CL. ...P.... 0,436-1038,583 #46} because the view is not tagged for visual element logging.
12-09 03:33:20.780 10557 10557 E ClientVe: Failed to create ClientVisualElementsProto for user interaction on view com.google.android.apps.gsa.searchbox.ui.suggestions.views.CoreSuggestionView{496d4b2 VFE...CL. ...P.... 0,289-1038,436 #45} because the view is not tagged for visual element logging.
12-09 03:33:20.885 10557 10557 E ClientVe: Failed to create ClientVisualElementsProto for user interaction on view com.google.android.apps.gsa.searchbox.ui.suggestions.views.CoreSuggestionView{1daf6bd VFE...CL. ...P.... 0,142-1038,289 #44} because the view is not tagged for visual element logging.
12-09 03:33:21.195 10557 10557 E ClientVe: Failed to create ClientVisualElementsProto for user interaction on view com.google.android.apps.gsa.searchbox.ui.suggestions.views.CoreSuggestionView{496d4b2 VFE...CL. ...P.... 0,289-1038,436 #45} because the view is not tagged for visual element logging.
12-09 03:33:21.248 10557 10557 E ClientVe: Failed to create ClientVisualElementsProto for user interaction on view com.google.android.apps.gsa.searchbox.ui.suggestions.views.CoreSuggestionView{496d4b2 VFE...CL. ...P.... 0,289-1038,436 #45} because the view is not tagged for visual element logging.
12-09 03:33:21.704 10557 10557 E ClientVe: Failed to create ClientVisualElementsProto for user interaction on view com.google.android.apps.gsa.searchbox.ui.suggestions.views.CoreSuggestionView{e506780 VFE...CL. ...P.... 0,583-1038,730 #47} because the view is not tagged for visual element logging.
12-09 03:33:22.125  1994  1994 E native  : suggestion-transformer.cc:118 suggestion picked candidate not found for id: 2
12-09 03:33:22.145  1994  1994 E native  : suggestion-transformer.cc:118 suggestion picked candidate not found for id: 2
12-09 03:33:22.327 10557 10557 E ClientVe: Failed to create ClientVisualElementsProto for user interaction on view com.google.android.apps.gsa.searchbox.ui.suggestions.views.CoreSuggestionView{1daf6bd VFE...CL. ...P.... 0,142-1038,289 #44} because the view is not tagged for visual element logging.
12-09 03:33:23.316 10557 10557 E ClientVe: Failed to create ClientVisualElementsProto for user interaction on view com.google.android.apps.gsa.searchbox.ui.suggestions.views.CoreSuggestionView{cef7e14 VFE...CL. ...P.... 0,-5-1038,142 #43} because the view is not tagged for visual element logging.
12-09 03:33:26.741 10557 20587 E native  : offline_action_builder.cc:402 GetActionV2() returns nullptr ActionV2
12-09 03:33:26.743 10557 20587 E native  : offline_action_builder_jni.cc:194 Action building failed. Error code: 601
12-09 03:33:28.480 26017 26017 E .android.chrom: Not starting debugger since process cannot load the jdwp agent.
12-09 03:33:30.185 25832 25832 E SpannableStringBuilder: SPAN_EXCLUSIVE_EXCLUSIVE spans cannot have a zero length
12-09 03:33:30.189 25832 25832 E SpannableStringBuilder: SPAN_EXCLUSIVE_EXCLUSIVE spans cannot have a zero length
