--------- beginning of main
--------- beginning of system
12-08 06:16:46.013  1881  1895 E ActivityManager: Failure starting process com.evancharlton.mileage
12-08 06:16:46.013  1881  1895 E ActivityManager: java.lang.SecurityException: Package com.evancharlton.mileage was not found!
12-08 06:16:46.013  1881  1895 E ActivityManager: 	at com.android.server.pm.PackageManagerService.checkPackageStartable(PackageManagerService.java:3987)
12-08 06:16:46.013  1881  1895 E ActivityManager: 	at com.android.server.am.ActivityManagerService.startProcessLocked(ActivityManagerService.java:4234)
12-08 06:16:46.013  1881  1895 E ActivityManager: 	at com.android.server.am.ActivityManagerService.startProcessLocked(ActivityManagerService.java:4199)
12-08 06:16:46.013  1881  1895 E ActivityManager: 	at com.android.server.am.ActivityManagerService.startProcessLocked(ActivityManagerService.java:4181)
12-08 06:16:46.013  1881  1895 E ActivityManager: 	at com.android.server.am.ActivityManagerService.startProcessLocked(ActivityManagerService.java:4067)
12-08 06:16:46.013  1881  1895 E ActivityManager: 	at com.android.server.am.ActivityStackSupervisor.startSpecificActivityLocked(ActivityStackSupervisor.java:1715)
12-08 06:16:46.013  1881  1895 E ActivityManager: 	at com.android.server.am.ActivityStack.resumeTopActivityInnerLocked(ActivityStack.java:2764)
12-08 06:16:46.013  1881  1895 E ActivityManager: 	at com.android.server.am.ActivityStack.resumeTopActivityUncheckedLocked(ActivityStack.java:2302)
12-08 06:16:46.013  1881  1895 E ActivityManager: 	at com.android.server.am.ActivityStackSupervisor.resumeFocusedStackTopActivityLocked(ActivityStackSupervisor.java:2234)
12-08 06:16:46.013  1881  1895 E ActivityManager: 	at com.android.server.am.ActivityStackSupervisor.resumeFocusedStackTopActivityLocked(ActivityStackSupervisor.java:2218)
12-08 06:16:46.013  1881  1895 E ActivityManager: 	at com.android.server.am.ActivityManagerService.handleAppDiedLocked(ActivityManagerService.java:5923)
12-08 06:16:46.013  1881  1895 E ActivityManager: 	at com.android.server.am.ActivityManagerService.removeProcessLocked(ActivityManagerService.java:7501)
12-08 06:16:46.013  1881  1895 E ActivityManager: 	at com.android.server.am.ActivityManagerService.killPackageProcessesLocked(ActivityManagerService.java:7142)
12-08 06:16:46.013  1881  1895 E ActivityManager: 	at com.android.server.am.ActivityManagerService.forceStopPackageLocked(ActivityManagerService.java:7275)
12-08 06:16:46.013  1881  1895 E ActivityManager: 	at com.android.server.am.ActivityManagerService$MainHandler.handleMessage(ActivityManagerService.java:2289)
12-08 06:16:46.013  1881  1895 E ActivityManager: 	at android.os.Handler.dispatchMessage(Handler.java:106)
12-08 06:16:46.013  1881  1895 E ActivityManager: 	at android.os.Looper.loop(Looper.java:193)
12-08 06:16:46.013  1881  1895 E ActivityManager: 	at android.os.HandlerThread.run(HandlerThread.java:65)
12-08 06:16:46.013  1881  1895 E ActivityManager: 	at com.android.server.ServiceThread.run(ServiceThread.java:44)
12-08 06:16:47.965 29746 29757 E IconLoader: Unexpected null component name or activity info: ComponentInfo{com.evancharlton.mileage/com.evancharlton.mileage.Mileage}, null
12-08 06:16:52.721  2448 31109 E ctxmgr  : [ProducerStatusImpl]updateStateForNewContextData: inactive, contextName=7
12-08 06:16:54.607  2448  2448 E BeaconBle: Missing BluetoothAdapter
12-08 06:16:54.649  2448  2448 E BeaconBle: Scan couldn't start for Places
12-08 06:16:58.831  1730  1755 E         : Couldn't opendir /data/app/vmdl887367157.tmp: No such file or directory
12-08 06:16:58.831  1730  1755 E installd: Failed to delete /data/app/vmdl887367157.tmp: No such file or directory
12-08 06:17:03.066  2475 31180 E ChromeSync: [Sync,SyncIntentOperation] Error handling the intent: Intent { act=android.intent.action.PACKAGE_ADDED dat=package:com.evancharlton.mileage flg=0x4000010 cmp=com.google.android.gms/.chimera.GmsIntentOperationService (has extras) }.
12-08 06:17:03.151  1828  1828 E netmgr  : Failed to open QEMU pipe 'qemud:network': Invalid argument
12-08 06:17:03.151  1828  1828 E netmgr  : WifiForwarder unable to open QEMU pipe: Invalid argument
12-08 06:17:03.324 31241 31241 E harlton.mileag: Not starting debugger since process cannot load the jdwp agent.
12-08 06:17:09.721  1738  1772 E storaged: getDiskStats failed with result NOT_SUPPORTED and size 0
12-08 06:17:18.468  2494  2716 E PlayCommon: [101] com.google.android.play.b.g.a(448): Failed to connect to server: java.net.UnknownHostException: Unable to resolve host "play.googleapis.com": No address associated with hostname
12-08 06:18:02.989  1611  1695 E audio_hw_generic: pcm_write failed cannot write stream data: I/O error
12-08 06:18:03.213  1828  1828 E netmgr  : Failed to open QEMU pipe 'qemud:network': Invalid argument
12-08 06:18:03.213  1828  1828 E netmgr  : WifiForwarder unable to open QEMU pipe: Invalid argument
12-08 06:18:09.725  1738  1772 E storaged: getDiskStats failed with result NOT_SUPPORTED and size 0
12-08 06:18:21.000  2448 31109 E ctxmgr  : [ProducerStatusImpl]updateStateForNewContextData: inactive, contextName=7
12-08 06:18:23.184  2448  2448 E BeaconBle: Missing BluetoothAdapter
12-08 06:18:23.260  2448  2448 E BeaconBle: Scan couldn't start for Places
12-08 06:18:32.244 31241 31241 E WindowManager: 
12-08 06:18:32.244 31241 31241 E WindowManager: android.view.WindowLeaked: Activity com.evancharlton.mileage.ExportActivity has leaked window DecorView@de99a48[ExportActivity] that was originally added here
12-08 06:18:32.244 31241 31241 E WindowManager: 	at android.view.ViewRootImpl.<init>(ViewRootImpl.java:511)
12-08 06:18:32.244 31241 31241 E WindowManager: 	at android.view.WindowManagerGlobal.addView(WindowManagerGlobal.java:346)
12-08 06:18:32.244 31241 31241 E WindowManager: 	at android.view.WindowManagerImpl.addView(WindowManagerImpl.java:93)
12-08 06:18:32.244 31241 31241 E WindowManager: 	at com.android.internal.policy.PhoneWindow.openPanel(PhoneWindow.java:887)
12-08 06:18:32.244 31241 31241 E WindowManager: 	at com.android.internal.policy.PhoneWindow.onKeyUpPanel(PhoneWindow.java:1104)
12-08 06:18:32.244 31241 31241 E WindowManager: 	at com.android.internal.policy.PhoneWindow.onKeyUp(PhoneWindow.java:2007)
12-08 06:18:32.244 31241 31241 E WindowManager: 	at com.android.internal.policy.DecorView.dispatchKeyEvent(DecorView.java:350)
12-08 06:18:32.244 31241 31241 E WindowManager: 	at android.view.ViewRootImpl$ViewPostImeInputStage.processKeyEvent(ViewRootImpl.java:5037)
12-08 06:18:32.244 31241 31241 E WindowManager: 	at android.view.ViewRootImpl$ViewPostImeInputStage.onProcess(ViewRootImpl.java:4905)
12-08 06:18:32.244 31241 31241 E WindowManager: 	at android.view.ViewRootImpl$InputStage.deliver(ViewRootImpl.java:4426)
12-08 06:18:32.244 31241 31241 E WindowManager: 	at android.view.ViewRootImpl$InputStage.onDeliverToNext(ViewRootImpl.java:4479)
12-08 06:18:32.244 31241 31241 E WindowManager: 	at android.view.ViewRootImpl$InputStage.forward(ViewRootImpl.java:4445)
12-08 06:18:32.244 31241 31241 E WindowManager: 	at android.view.ViewRootImpl$AsyncInputStage.forward(ViewRootImpl.java:4585)
12-08 06:18:32.244 31241 31241 E WindowManager: 	at android.view.ViewRootImpl$InputStage.apply(ViewRootImpl.java:4453)
12-08 06:18:32.244 31241 31241 E WindowManager: 	at android.view.ViewRootImpl$AsyncInputStage.apply(ViewRootImpl.java:4642)
12-08 06:18:32.244 31241 31241 E WindowManager: 	at android.view.ViewRootImpl$InputStage.deliver(ViewRootImpl.java:4426)
12-08 06:18:32.244 31241 31241 E WindowManager: 	at android.view.ViewRootImpl$InputStage.onDeliverToNext(ViewRootImpl.java:4479)
12-08 06:18:32.244 31241 31241 E WindowManager: 	at android.view.ViewRootImpl$InputStage.forward(ViewRootImpl.java:4445)
12-08 06:18:32.244 31241 31241 E WindowManager: 	at android.view.ViewRootImpl$InputStage.apply(ViewRootImpl.java:4453)
12-08 06:18:32.244 31241 31241 E WindowManager: 	at android.view.ViewRootImpl$InputStage.deliver(ViewRootImpl.java:4426)
12-08 06:18:32.244 31241 31241 E WindowManager: 	at android.view.ViewRootImpl$InputStage.onDeliverToNext(ViewRootImpl.java:4479)
12-08 06:18:32.244 31241 31241 E WindowManager: 	at android.view.ViewRootImpl$InputStage.forward(ViewRootImpl.java:4445)
12-08 06:18:32.244 31241 31241 E WindowManager: 	at android.view.ViewRootImpl$AsyncInputStage.forward(ViewRootImpl.java:4618)
12-08 06:18:32.244 31241 31241 E WindowManager: 	at android.view.ViewRootImpl$ImeInputStage.onFinishedInputEvent(ViewRootImpl.java:4779)
12-08 06:18:32.244 31241 31241 E WindowManager: 	at android.view.inputmethod.InputMethodManager$PendingEvent.run(InputMethodManager.java:2571)
12-08 06:18:32.244 31241 31241 E WindowManager: 	at android.view.inputmethod.InputMethodManager.invokeFinishedInputEventCallback(InputMethodManager.java:2081)
12-08 06:18:32.244 31241 31241 E WindowManager: 	at android.view.inputmethod.InputMethodManager.finishedInputEvent(InputMethodManager.java:2072)
12-08 06:18:32.244 31241 31241 E WindowManager: 	at android.view.inputmethod.InputMethodManager$ImeInputEventSender.onInputEventFinished(InputMethodManager.java:2548)
12-08 06:18:32.244 31241 31241 E WindowManager: 	at android.view.InputEventSender.dispatchInputEventFinished(InputEventSender.java:141)
12-08 06:18:32.244 31241 31241 E WindowManager: 	at android.os.MessageQueue.nativePollOnce(Native Method)
12-08 06:18:32.244 31241 31241 E WindowManager: 	at android.os.MessageQueue.next(MessageQueue.java:326)
12-08 06:18:32.244 31241 31241 E WindowManager: 	at android.os.Looper.loop(Looper.java:160)
12-08 06:18:32.244 31241 31241 E WindowManager: 	at android.app.ActivityThread.main(ActivityThread.java:6669)
12-08 06:18:32.244 31241 31241 E WindowManager: 	at java.lang.reflect.Method.invoke(Native Method)
12-08 06:18:32.244 31241 31241 E WindowManager: 	at com.android.internal.os.RuntimeInit$MethodAndArgsCaller.run(RuntimeInit.java:493)
12-08 06:18:32.244 31241 31241 E WindowManager: 	at com.android.internal.os.ZygoteInit.main(ZygoteInit.java:858)
12-08 06:18:36.676  2692  2692 E ContextIntentStarter: No activity found for any of the 0 intents
12-08 06:18:45.491  2448 31291 E ctxmgr  : [ProducerStatusImpl]updateStateForNewContextData: inactive, contextName=7
12-08 06:18:48.124  1611 31311 E audio_hw_generic: pcm_open(in) failed: cannot open device '/dev/snd/pcmC0D0c': Device or resource busy: channels 2 format 0 rate 16000
12-08 06:18:48.183 31316 31316 E dboxed_process: Not starting debugger since process cannot load the jdwp agent.
12-08 06:18:48.201  2448  2448 E BeaconBle: Missing BluetoothAdapter
12-08 06:18:50.042  2448  2448 E BeaconBle: Scan couldn't start for Places
12-08 06:18:59.552  1881  1894 E memtrack: Couldn't load memtrack module
12-08 06:18:59.651  1881  1894 E memtrack: Couldn't load memtrack module
12-08 06:19:03.723  1828  1828 E netmgr  : Failed to open QEMU pipe 'qemud:network': Invalid argument
12-08 06:19:03.723  1828  1828 E netmgr  : WifiForwarder unable to open QEMU pipe: Invalid argument
12-08 06:19:08.353  1881  1894 E memtrack: Couldn't load memtrack module
12-08 06:19:10.734  1738  1772 E storaged: getDiskStats failed with result NOT_SUPPORTED and size 0
12-08 06:19:19.922  1881  1894 E memtrack: Couldn't load memtrack module
12-08 06:19:22.171  1881  1898 E libprocessgroup: Error encountered killing process cgroup uid 99046 pid 31316: No such file or directory
