--------- beginning of main
--------- beginning of system
12-07 19:59:19.006 22875 22875 E oid.documentsu: Not starting debugger since process cannot load the jdwp agent.
12-07 19:59:19.040 22887 22887 E ndroid.keychai: Not starting debugger since process cannot load the jdwp agent.
12-07 19:59:19.706 22928 22928 E droid.apps.doc: Not starting debugger since process cannot load the jdwp agent.
12-07 19:59:21.322 22928 22928 E DocsApplication: [main] No default account found during application creation.
12-07 19:59:22.309  1729  1931 E         : Couldn't opendir /data/app/vmdl470242774.tmp: No such file or directory
12-07 19:59:22.309  1729  1931 E installd: Failed to delete /data/app/vmdl470242774.tmp: No such file or directory
12-07 19:59:25.077 22995 22995 E harlton.mileag: Not starting debugger since process cannot load the jdwp agent.
12-07 19:59:30.498  1737  1809 E storaged: getDiskStats failed with result NOT_SUPPORTED and size 0
12-07 19:59:34.652 23025 23025 E emui:screensho: Not starting debugger since process cannot load the jdwp agent.
12-07 19:59:35.010 23025 23025 E SoundPool: error loading /product/media/audio/ui/camera_click.ogg
12-07 19:59:35.237  1739  2068 E OMXNodeInstance: getConfig(0xedf11420:google.vorbis.decoder, ConfigAndroidVendorExtension(0x6f100004)) ERROR: Undefined(0x80001001)
12-07 19:59:39.548 15976 16042 E WindowManager: Performed 6 layouts in a row. Skipping
12-07 19:59:39.574 15976 16026 E WindowManager: Performed 6 layouts in a row. Skipping
12-07 19:59:39.596 15976 19437 E WindowManager: Performed 6 layouts in a row. Skipping
12-07 19:59:39.627 15976 16026 E WindowManager: Performed 6 layouts in a row. Skipping
12-07 19:59:39.652 15976 19437 E WindowManager: Performed 6 layouts in a row. Skipping
12-07 19:59:39.678 15976 16026 E WindowManager: Performed 6 layouts in a row. Skipping
12-07 19:59:39.731 15976 15991 E WindowManager: Performed 6 layouts in a row. Skipping
12-07 19:59:39.757 15976 16026 E WindowManager: Performed 6 layouts in a row. Skipping
12-07 19:59:39.779 15976 19437 E WindowManager: Performed 6 layouts in a row. Skipping
12-07 19:59:39.809 15976 16026 E WindowManager: Performed 6 layouts in a row. Skipping
12-07 19:59:39.830 15976 16026 E WindowManager: Performed 6 layouts in a row. Skipping
12-07 19:59:39.869 15976 16026 E WindowManager: Performed 6 layouts in a row. Skipping
12-07 19:59:39.900 15976 16026 E WindowManager: Performed 6 layouts in a row. Skipping
12-07 19:59:39.920 15976 18395 E WindowManager: Performed 6 layouts in a row. Skipping
12-07 19:59:39.959 15976 16026 E WindowManager: Performed 6 layouts in a row. Skipping
12-07 19:59:39.982 15976 16026 E WindowManager: Performed 6 layouts in a row. Skipping
12-07 19:59:41.486 16506 16506 E BeaconBle: Missing BluetoothAdapter
12-07 19:59:41.622 16506 16506 E BeaconBle: Scan couldn't start for Places
12-07 19:59:42.893 15976 16026 E WindowManager: Performed 6 layouts in a row. Skipping
12-07 19:59:42.919 15976 19437 E WindowManager: Performed 6 layouts in a row. Skipping
12-07 19:59:42.942 15976 16026 E WindowManager: Performed 6 layouts in a row. Skipping
12-07 19:59:43.378 15976 16026 E WindowManager: Performed 6 layouts in a row. Skipping
12-07 19:59:43.403 15976 19437 E WindowManager: Performed 6 layouts in a row. Skipping
12-07 19:59:43.430 15976 16026 E WindowManager: Performed 6 layouts in a row. Skipping
12-07 19:59:43.465 15976 16893 E WindowManager: Performed 6 layouts in a row. Skipping
12-07 19:59:43.491 15976 16026 E WindowManager: Performed 6 layouts in a row. Skipping
12-07 19:59:43.509 15976 16893 E WindowManager: Performed 6 layouts in a row. Skipping
12-07 19:59:43.530 15976 16026 E WindowManager: Performed 6 layouts in a row. Skipping
12-07 19:59:44.864 15976 16026 E WindowManager: Performed 6 layouts in a row. Skipping
12-07 19:59:47.457 23080 23080 E oid.apps.photo: Not starting debugger since process cannot load the jdwp agent.
12-07 19:59:48.593 23101 23101 E ocess.gservice: Not starting debugger since process cannot load the jdwp agent.
12-07 19:59:51.434 23140 23140 E hod.latin:trai: Not starting debugger since process cannot load the jdwp agent.
12-07 19:59:53.661  1724  1724 E SurfaceFlinger: [StatusBar#0] rejecting buffer: bufWidth=1080, bufHeight=63, front.active.{w=1080, h=1920}
12-07 19:59:53.752 16561 16561 E ContextIntentStarter: No activity found for any of the 0 intents
12-07 20:00:00.003 15976 15989 E memtrack: Couldn't load memtrack module
12-07 20:00:06.235 16506 21704 E ctxmgr  : [AppIntervalImpl]closeInterval: stopTimeMillis invalid, stop=1544230806235, start=1544238227857
12-07 20:00:06.242 16506 21704 E ctxmgr  : [AppIntervalImpl]closeInterval: stopTimeMillis invalid, stop=1544230806242, start=1544238227858
12-07 20:00:06.264 15927 23175 E audio_hw_generic: pcm_open(in) failed: cannot open device '/dev/snd/pcmC0D0c': Device or resource busy: channels 2 format 0 rate 16000
12-07 20:00:08.213  1829  1829 E netmgr  : Failed to open QEMU pipe 'qemud:network': Invalid argument
12-07 20:00:08.213  1829  1829 E netmgr  : WifiForwarder unable to open QEMU pipe: Invalid argument
12-07 20:00:09.280 23188 23188 E id.partnersetu: Not starting debugger since process cannot load the jdwp agent.
12-07 20:00:09.705 23202 23202 E boxed_process2: Not starting debugger since process cannot load the jdwp agent.
12-07 20:00:11.425 16561 16561 E ClientVe: Failed to create ClientVisualElementsProto for user interaction on view com.google.android.apps.gsa.searchbox.ui.suggestions.views.CoreSuggestionView{4a4f54 VFE...CL. ...P.... 0,436-1038,583 #14f} because the view is not tagged for visual element logging.
12-07 20:00:11.443 16561 16561 E ClientVe: Failed to create ClientVisualElementsProto for user interaction on view com.google.android.apps.gsa.searchbox.ui.suggestions.views.CoreSuggestionView{c4f0ea7 VFE...CL. ...P.... 0,289-1038,436 #14e} because the view is not tagged for visual element logging.
12-07 20:00:11.849 16561 16561 E ClientVe: Failed to create ClientVisualElementsProto for user interaction on view com.google.android.apps.gsa.searchbox.ui.suggestions.views.CoreSuggestionView{2cabb66 VFE...CL. ...P.... 0,142-1038,289 #14d} because the view is not tagged for visual element logging.
12-07 20:00:12.530 16561 16561 E ClientVe: Failed to create ClientVisualElementsProto for user interaction on view com.google.android.apps.gsa.searchbox.ui.suggestions.views.CoreSuggestionView{c4f0ea7 VFE...CL. ...P.... 0,289-1038,436 #14e} because the view is not tagged for visual element logging.
12-07 20:00:12.532 16561 16561 E ClientVe: Failed to create ClientVisualElementsProto for user interaction on view com.google.android.apps.gsa.searchbox.ui.suggestions.views.CoreSuggestionView{c4f0ea7 VFE...CL. ...P.... 0,289-1038,436 #14e} because the view is not tagged for visual element logging.
12-07 20:00:13.461 16085 16085 E native  : suggestion-transformer.cc:118 suggestion picked candidate not found for id: 2
12-07 20:00:13.465 16085 16085 E native  : suggestion-transformer.cc:118 suggestion picked candidate not found for id: 2
12-07 20:00:14.927 15976 15989 E memtrack: Couldn't load memtrack module
12-07 20:00:19.122 23244 23244 E .android.chrom: Not starting debugger since process cannot load the jdwp agent.
12-07 20:00:24.136 15976 15989 E memtrack: Couldn't load memtrack module
12-07 20:00:24.249 16561 16570 E ReloadingLock: Finalizing LOCKED Token[searchresults_activity 2018-12-07 20:00:12.786]
