--------- beginning of main
12-07 19:39:39.907 20540 20540 E ndroid.keychai: Not starting debugger since process cannot load the jdwp agent.
--------- beginning of system
12-07 19:39:39.963 20555 20555 E oid.documentsu: Not starting debugger since process cannot load the jdwp agent.
12-07 19:39:40.593 20595 20595 E droid.apps.doc: Not starting debugger since process cannot load the jdwp agent.
12-07 19:39:42.337 20595 20595 E DocsApplication: [main] No default account found during application creation.
12-07 19:39:43.472  1729  1931 E         : Couldn't opendir /data/app/vmdl1155247760.tmp: No such file or directory
12-07 19:39:43.472  1729  1931 E installd: Failed to delete /data/app/vmdl1155247760.tmp: No such file or directory
12-07 19:39:46.376 20665 20665 E harlton.mileag: Not starting debugger since process cannot load the jdwp agent.
12-07 19:39:47.858 16085 24146 E putmethod.lati: Invalid ID 0x00000001.
12-07 19:39:47.872 16085 24146 E LstmTrainingCache: emn: Can't get resource name for input slot
12-07 19:39:47.872 16085 24146 E LstmTrainingCache: android.content.res.Resources$NotFoundException: Unable to find resource ID #0x1
12-07 19:39:47.872 16085 24146 E LstmTrainingCache: 	at android.content.res.ResourcesImpl.getResourceName(ResourcesImpl.java:255)
12-07 19:39:47.872 16085 24146 E LstmTrainingCache: 	at android.content.res.Resources.getResourceName(Resources.java:1954)
12-07 19:39:47.872 16085 24146 E LstmTrainingCache: 	at emn.a(PG:12)
12-07 19:39:47.872 16085 24146 E LstmTrainingCache: 	at emk.run(PG:5)
12-07 19:39:47.872 16085 24146 E LstmTrainingCache: 	at java.lang.Thread.run(Thread.java:764)
12-07 19:39:47.962 20686 20686 E hod.latin:trai: Not starting debugger since process cannot load the jdwp agent.
12-07 19:39:51.935 16085 24146 E putmethod.lati: Invalid ID 0x00000001.
12-07 19:39:51.938 16085 24146 E LstmTrainingCache: emn: Can't get resource name for input slot
12-07 19:39:51.938 16085 24146 E LstmTrainingCache: android.content.res.Resources$NotFoundException: Unable to find resource ID #0x1
12-07 19:39:51.938 16085 24146 E LstmTrainingCache: 	at android.content.res.ResourcesImpl.getResourceName(ResourcesImpl.java:255)
12-07 19:39:51.938 16085 24146 E LstmTrainingCache: 	at android.content.res.Resources.getResourceName(Resources.java:1954)
12-07 19:39:51.938 16085 24146 E LstmTrainingCache: 	at emn.a(PG:12)
12-07 19:39:51.938 16085 24146 E LstmTrainingCache: 	at emk.run(PG:5)
12-07 19:39:51.938 16085 24146 E LstmTrainingCache: 	at java.lang.Thread.run(Thread.java:764)
12-07 19:39:59.418 20728 20728 E emui:screensho: Not starting debugger since process cannot load the jdwp agent.
12-07 19:40:00.308 20728 20728 E SoundPool: error loading /product/media/audio/ui/camera_click.ogg
12-07 19:40:00.629  1739  2097 E OMXNodeInstance: getConfig(0xee326f60:google.vorbis.decoder, ConfigAndroidVendorExtension(0x6f100004)) ERROR: Undefined(0x80001001)
12-07 19:40:00.737  1724  1863 E SurfaceFlinger: ro.sf.lcd_density must be defined as a build property
12-07 19:40:03.786 15927 20758 E audio_hw_generic: pcm_open(in) failed: cannot open device '/dev/snd/pcmC0D0c': Device or resource busy: channels 2 format 0 rate 16000
12-07 19:40:04.129 16506 16506 E BeaconBle: Missing BluetoothAdapter
12-07 19:40:04.256 16506 16506 E BeaconBle: Scan couldn't start for Places
12-07 19:40:07.959  1829  1829 E netmgr  : Failed to open QEMU pipe 'qemud:network': Invalid argument
12-07 19:40:07.960  1829  1829 E netmgr  : WifiForwarder unable to open QEMU pipe: Invalid argument
12-07 19:40:14.070 20774 20774 E oid.apps.photo: Not starting debugger since process cannot load the jdwp agent.
12-07 19:40:29.182 16561 16561 E ContextIntentStarter: No activity found for any of the 0 intents
12-07 19:40:30.110  1737  1809 E storaged: getDiskStats failed with result NOT_SUPPORTED and size 0
12-07 19:41:07.964  1829  1829 E netmgr  : Failed to open QEMU pipe 'qemud:network': Invalid argument
12-07 19:41:07.964  1829  1829 E netmgr  : WifiForwarder unable to open QEMU pipe: Invalid argument
12-07 19:41:30.113  1737  1809 E storaged: getDiskStats failed with result NOT_SUPPORTED and size 0
12-07 19:41:47.213 16485 16485 E SchedPolicy: set_timerslack_ns write failed: Operation not permitted
12-07 19:41:52.440 16485 16485 E SchedPolicy: set_timerslack_ns write failed: Operation not permitted
12-07 19:42:07.967  1829  1829 E netmgr  : Failed to open QEMU pipe 'qemud:network': Invalid argument
12-07 19:42:07.967  1829  1829 E netmgr  : WifiForwarder unable to open QEMU pipe: Invalid argument
12-07 19:42:30.114  1737  1809 E storaged: getDiskStats failed with result NOT_SUPPORTED and size 0
12-07 19:43:07.971  1829  1829 E netmgr  : Failed to open QEMU pipe 'qemud:network': Invalid argument
12-07 19:43:07.971  1829  1829 E netmgr  : WifiForwarder unable to open QEMU pipe: Invalid argument
12-07 19:43:30.116  1737  1809 E storaged: getDiskStats failed with result NOT_SUPPORTED and size 0
12-07 19:44:07.980  1829  1829 E netmgr  : Failed to open QEMU pipe 'qemud:network': Invalid argument
12-07 19:44:07.981  1829  1829 E netmgr  : WifiForwarder unable to open QEMU pipe: Invalid argument
12-07 19:44:19.383 16085 16085 E native  : suggestion-transformer.cc:118 suggestion picked candidate not found for id: 3
12-07 19:44:19.965 15976 17775 E WindowManager: Performed 6 layouts in a row. Skipping
12-07 19:44:20.003 15976 16026 E WindowManager: Performed 6 layouts in a row. Skipping
12-07 19:44:20.055 15976 16026 E WindowManager: Performed 6 layouts in a row. Skipping
12-07 19:44:20.081 15976 16971 E WindowManager: Performed 6 layouts in a row. Skipping
12-07 19:44:20.111 15976 16026 E WindowManager: Performed 6 layouts in a row. Skipping
12-07 19:44:20.140 15976 16026 E WindowManager: Performed 6 layouts in a row. Skipping
12-07 19:44:20.162 15976 16208 E WindowManager: Performed 6 layouts in a row. Skipping
12-07 19:44:20.188 15976 16026 E WindowManager: Performed 6 layouts in a row. Skipping
12-07 19:44:20.240 15976 16026 E WindowManager: Performed 6 layouts in a row. Skipping
12-07 19:44:20.260 15976 15991 E WindowManager: Performed 6 layouts in a row. Skipping
12-07 19:44:20.295 15976 16026 E WindowManager: Performed 6 layouts in a row. Skipping
