--------- beginning of main
--------- beginning of system
12-09 05:34:43.579  1885  1899 E ActivityManager: Failure starting process com.evancharlton.mileage
12-09 05:34:43.579  1885  1899 E ActivityManager: java.lang.SecurityException: Package com.evancharlton.mileage is currently frozen!
12-09 05:34:43.579  1885  1899 E ActivityManager: 	at com.android.server.pm.PackageManagerService.checkPackageStartable(PackageManagerService.java:4000)
12-09 05:34:43.579  1885  1899 E ActivityManager: 	at com.android.server.am.ActivityManagerService.startProcessLocked(ActivityManagerService.java:4234)
12-09 05:34:43.579  1885  1899 E ActivityManager: 	at com.android.server.am.ActivityManagerService.startProcessLocked(ActivityManagerService.java:4199)
12-09 05:34:43.579  1885  1899 E ActivityManager: 	at com.android.server.am.ActivityManagerService.startProcessLocked(ActivityManagerService.java:4181)
12-09 05:34:43.579  1885  1899 E ActivityManager: 	at com.android.server.am.ActivityManagerService.startProcessLocked(ActivityManagerService.java:4067)
12-09 05:34:43.579  1885  1899 E ActivityManager: 	at com.android.server.am.ActivityStackSupervisor.startSpecificActivityLocked(ActivityStackSupervisor.java:1715)
12-09 05:34:43.579  1885  1899 E ActivityManager: 	at com.android.server.am.ActivityStack.resumeTopActivityInnerLocked(ActivityStack.java:2764)
12-09 05:34:43.579  1885  1899 E ActivityManager: 	at com.android.server.am.ActivityStack.resumeTopActivityUncheckedLocked(ActivityStack.java:2302)
12-09 05:34:43.579  1885  1899 E ActivityManager: 	at com.android.server.am.ActivityStackSupervisor.resumeFocusedStackTopActivityLocked(ActivityStackSupervisor.java:2234)
12-09 05:34:43.579  1885  1899 E ActivityManager: 	at com.android.server.am.ActivityStackSupervisor.resumeFocusedStackTopActivityLocked(ActivityStackSupervisor.java:2218)
12-09 05:34:43.579  1885  1899 E ActivityManager: 	at com.android.server.am.ActivityManagerService.handleAppDiedLocked(ActivityManagerService.java:5923)
12-09 05:34:43.579  1885  1899 E ActivityManager: 	at com.android.server.am.ActivityManagerService.removeProcessLocked(ActivityManagerService.java:7501)
12-09 05:34:43.579  1885  1899 E ActivityManager: 	at com.android.server.am.ActivityManagerService.killPackageProcessesLocked(ActivityManagerService.java:7142)
12-09 05:34:43.579  1885  1899 E ActivityManager: 	at com.android.server.am.ActivityManagerService.forceStopPackageLocked(ActivityManagerService.java:7275)
12-09 05:34:43.579  1885  1899 E ActivityManager: 	at com.android.server.am.ActivityManagerService$MainHandler.handleMessage(ActivityManagerService.java:2289)
12-09 05:34:43.579  1885  1899 E ActivityManager: 	at android.os.Handler.dispatchMessage(Handler.java:106)
12-09 05:34:43.579  1885  1899 E ActivityManager: 	at android.os.Looper.loop(Looper.java:193)
12-09 05:34:43.579  1885  1899 E ActivityManager: 	at android.os.HandlerThread.run(HandlerThread.java:65)
12-09 05:34:43.579  1885  1899 E ActivityManager: 	at com.android.server.ServiceThread.run(ServiceThread.java:44)
12-09 05:34:44.326 17794 17794 E id.defcontaine: Not starting debugger since process cannot load the jdwp agent.
12-09 05:34:44.397 17808 17808 E ndroid.keychai: Not starting debugger since process cannot load the jdwp agent.
12-09 05:34:44.435 17823 17823 E oid.documentsu: Not starting debugger since process cannot load the jdwp agent.
12-09 05:34:45.474 17870 17870 E droid.apps.doc: Not starting debugger since process cannot load the jdwp agent.
12-09 05:34:46.442 17899 17899 E d.process.medi: Not starting debugger since process cannot load the jdwp agent.
12-09 05:34:46.491 17913 17913 E ocess.gservice: Not starting debugger since process cannot load the jdwp agent.
12-09 05:34:47.704 17870 17870 E DocsApplication: [main] No default account found during application creation.
12-09 05:34:48.496  1731  1949 E         : Couldn't opendir /data/app/vmdl1160517498.tmp: No such file or directory
12-09 05:34:48.497  1731  1949 E installd: Failed to delete /data/app/vmdl1160517498.tmp: No such file or directory
12-09 05:34:51.052 17970 17970 E harlton.mileag: Not starting debugger since process cannot load the jdwp agent.
12-09 05:35:02.472  1994  7294 E putmethod.lati: Invalid ID 0x00000001.
12-09 05:35:02.489  1994  7294 E LstmTrainingCache: emn: Can't get resource name for input slot
12-09 05:35:02.489  1994  7294 E LstmTrainingCache: android.content.res.Resources$NotFoundException: Unable to find resource ID #0x1
12-09 05:35:02.489  1994  7294 E LstmTrainingCache: 	at android.content.res.ResourcesImpl.getResourceName(ResourcesImpl.java:255)
12-09 05:35:02.489  1994  7294 E LstmTrainingCache: 	at android.content.res.Resources.getResourceName(Resources.java:1954)
12-09 05:35:02.489  1994  7294 E LstmTrainingCache: 	at emn.a(PG:12)
12-09 05:35:02.489  1994  7294 E LstmTrainingCache: 	at emk.run(PG:5)
12-09 05:35:02.489  1994  7294 E LstmTrainingCache: 	at java.lang.Thread.run(Thread.java:764)
12-09 05:35:04.116 17999 17999 E emui:screensho: Not starting debugger since process cannot load the jdwp agent.
12-09 05:35:04.809 17999 17999 E SoundPool: error loading /product/media/audio/ui/camera_click.ogg
12-09 05:35:04.990  1726  1911 E SurfaceFlinger: ro.sf.lcd_density must be defined as a build property
12-09 05:35:05.076  1741  2075 E OMXNodeInstance: getConfig(0xe93913c0:google.vorbis.decoder, ConfigAndroidVendorExtension(0x6f100004)) ERROR: Undefined(0x80001001)
12-09 05:35:05.200  1726  1750 E SurfaceFlinger: ro.sf.lcd_density must be defined as a build property
12-09 05:35:06.876 18025 18025 E earchbox:searc: Not starting debugger since process cannot load the jdwp agent.
12-09 05:35:07.605 18046 18046 E d.process.medi: Not starting debugger since process cannot load the jdwp agent.
12-09 05:35:10.301 18025 18025 E OverlaySController: Calling with an invalid UID, the interface will not work
12-09 05:35:11.089 18077 18077 E e.process.gapp: Not starting debugger since process cannot load the jdwp agent.
12-09 05:35:11.158 18090 18090 E ocess.gservice: Not starting debugger since process cannot load the jdwp agent.
12-09 05:35:12.540 18025 18025 E ContextIntentStarter: No activity found for any of the 0 intents
12-09 05:35:12.726 18118 18118 E id.partnersetu: Not starting debugger since process cannot load the jdwp agent.
12-09 05:35:12.790 18025 18113 E BluetoothAdapter: Bluetooth binder is null
12-09 05:35:13.983 18025 18025 E OverlaySController: Calling with an invalid UID, the interface will not work
12-09 05:35:14.661  1834  1834 E netmgr  : Failed to open QEMU pipe 'qemud:network': Invalid argument
12-09 05:35:14.661  1834  1834 E netmgr  : WifiForwarder unable to open QEMU pipe: Invalid argument
12-09 05:35:15.102  1726  2181 E SurfaceFlinger: ro.sf.lcd_density must be defined as a build property
12-09 05:35:15.636  1726  1750 E SurfaceFlinger: ro.sf.lcd_density must be defined as a build property
12-09 05:35:17.901  2378 17896 E ctxmgr  : [ProducerStatusImpl]updateStateForNewContextData: inactive, contextName=7
12-09 05:35:17.955  2378 17896 E ctxmgr  : [ProducerStatusImpl]updateStateForNewContextData: inactive, contextName=1
12-09 05:35:17.955  2378 17896 E ctxmgr  : [ProducerStatusImpl]updateStateForNewContextData: inactive, contextName=1
12-09 05:35:18.362  2378  2378 E BeaconBle: Missing BluetoothAdapter
12-09 05:35:18.396  2378  2378 E BeaconBle: Scan couldn't start for Places
12-09 05:35:18.597 18167 18167 E oid.apps.photo: Not starting debugger since process cannot load the jdwp agent.
12-09 05:35:22.484  1739  1762 E storaged: getDiskStats failed with result NOT_SUPPORTED and size 0
12-09 05:36:14.696  1834  1834 E netmgr  : Failed to open QEMU pipe 'qemud:network': Invalid argument
12-09 05:36:14.696  1834  1834 E netmgr  : WifiForwarder unable to open QEMU pipe: Invalid argument
12-09 05:36:22.490  1739  1762 E storaged: getDiskStats failed with result NOT_SUPPORTED and size 0
12-09 05:36:57.754  1885  1903 E BatteryExternalStatsWorker: no controller energy info supplied for wifi
12-09 05:37:14.711  1834  1834 E netmgr  : Failed to open QEMU pipe 'qemud:network': Invalid argument
12-09 05:37:14.711  1834  1834 E netmgr  : WifiForwarder unable to open QEMU pipe: Invalid argument
12-09 05:37:22.493  1739  1762 E storaged: getDiskStats failed with result NOT_SUPPORTED and size 0
12-09 05:38:02.027 18227 18227 E id.partnersetu: Not starting debugger since process cannot load the jdwp agent.
12-09 05:38:14.772  1834  1834 E netmgr  : Failed to open QEMU pipe 'qemud:network': Invalid argument
12-09 05:38:14.772  1834  1834 E netmgr  : WifiForwarder unable to open QEMU pipe: Invalid argument
12-09 05:38:15.056  1994  1994 E native  : suggestion-transformer.cc:118 suggestion picked candidate not found for id: 3
