--------- beginning of system
12-07 11:02:02.739  1883  1897 E ActivityManager: Failure starting process com.evancharlton.mileage
12-07 11:02:02.739  1883  1897 E ActivityManager: java.lang.SecurityException: Package com.evancharlton.mileage is currently frozen!
12-07 11:02:02.739  1883  1897 E ActivityManager: 	at com.android.server.pm.PackageManagerService.checkPackageStartable(PackageManagerService.java:4000)
12-07 11:02:02.739  1883  1897 E ActivityManager: 	at com.android.server.am.ActivityManagerService.startProcessLocked(ActivityManagerService.java:4234)
12-07 11:02:02.739  1883  1897 E ActivityManager: 	at com.android.server.am.ActivityManagerService.startProcessLocked(ActivityManagerService.java:4199)
12-07 11:02:02.739  1883  1897 E ActivityManager: 	at com.android.server.am.ActivityManagerService.startProcessLocked(ActivityManagerService.java:4181)
12-07 11:02:02.739  1883  1897 E ActivityManager: 	at com.android.server.am.ActivityManagerService.startProcessLocked(ActivityManagerService.java:4067)
12-07 11:02:02.739  1883  1897 E ActivityManager: 	at com.android.server.am.ActivityStackSupervisor.startSpecificActivityLocked(ActivityStackSupervisor.java:1715)
12-07 11:02:02.739  1883  1897 E ActivityManager: 	at com.android.server.am.ActivityStack.resumeTopActivityInnerLocked(ActivityStack.java:2764)
12-07 11:02:02.739  1883  1897 E ActivityManager: 	at com.android.server.am.ActivityStack.resumeTopActivityUncheckedLocked(ActivityStack.java:2302)
12-07 11:02:02.739  1883  1897 E ActivityManager: 	at com.android.server.am.ActivityStackSupervisor.resumeFocusedStackTopActivityLocked(ActivityStackSupervisor.java:2234)
12-07 11:02:02.739  1883  1897 E ActivityManager: 	at com.android.server.am.ActivityStackSupervisor.resumeFocusedStackTopActivityLocked(ActivityStackSupervisor.java:2218)
12-07 11:02:02.739  1883  1897 E ActivityManager: 	at com.android.server.am.ActivityManagerService.handleAppDiedLocked(ActivityManagerService.java:5923)
12-07 11:02:02.739  1883  1897 E ActivityManager: 	at com.android.server.am.ActivityManagerService.removeProcessLocked(ActivityManagerService.java:7501)
12-07 11:02:02.739  1883  1897 E ActivityManager: 	at com.android.server.am.ActivityManagerService.killPackageProcessesLocked(ActivityManagerService.java:7142)
12-07 11:02:02.739  1883  1897 E ActivityManager: 	at com.android.server.am.ActivityManagerService.forceStopPackageLocked(ActivityManagerService.java:7275)
12-07 11:02:02.739  1883  1897 E ActivityManager: 	at com.android.server.am.ActivityManagerService$MainHandler.handleMessage(ActivityManagerService.java:2289)
12-07 11:02:02.739  1883  1897 E ActivityManager: 	at android.os.Handler.dispatchMessage(Handler.java:106)
12-07 11:02:02.739  1883  1897 E ActivityManager: 	at android.os.Looper.loop(Looper.java:193)
12-07 11:02:02.739  1883  1897 E ActivityManager: 	at android.os.HandlerThread.run(HandlerThread.java:65)
12-07 11:02:02.739  1883  1897 E ActivityManager: 	at com.android.server.ServiceThread.run(ServiceThread.java:44)
12-07 11:02:12.130  1737  1809 E storaged: getDiskStats failed with result NOT_SUPPORTED and size 0
--------- beginning of main
12-07 11:03:04.729  2420  8105 E ctxmgr  : [ProducerStatusImpl]updateStateForNewContextData: inactive, contextName=7
12-07 11:03:05.464  2420  2420 E BeaconBle: Missing BluetoothAdapter
12-07 11:03:05.536  2420  2420 E BeaconBle: Scan couldn't start for Places
12-07 11:03:06.412  1829  1829 E netmgr  : Failed to open QEMU pipe 'qemud:network': Invalid argument
12-07 11:03:06.413  1829  1829 E netmgr  : WifiForwarder unable to open QEMU pipe: Invalid argument
12-07 11:03:12.132  1737  1809 E storaged: getDiskStats failed with result NOT_SUPPORTED and size 0
12-07 11:03:12.595  8415  8415 E boxed_process2: Not starting debugger since process cannot load the jdwp agent.
12-07 11:03:13.614  2759  2759 E ClientVe: Failed to create ClientVisualElementsProto for user interaction on view com.google.android.apps.gsa.searchbox.ui.suggestions.views.CoreSuggestionView{38828f3 VFE...CL. ...P.... 0,436-1038,583 #58} because the view is not tagged for visual element logging.
12-07 11:03:15.416  1613  8442 E audio_hw_generic: pcm_open(in) failed: cannot open device '/dev/snd/pcmC0D0c': Device or resource busy: channels 2 format 0 rate 16000
12-07 11:03:25.672  2420  8106 E ctxmgr  : [ProducerStatusImpl]updateStateForNewContextData: inactive, contextName=7
12-07 11:03:26.081  2420  3201 E PlaceInferenceEngine: Position timestamp out of order. Previous: 1544216585000, Current: 1544198604839. Skipping this Position.
12-07 11:03:26.085  2420  2420 E BeaconBle: Scan couldn't start for Places
12-07 11:03:29.912  1738  1738 E wificond: Receive ERROR message in response to 'stop scheduled scan' request: Operation not supported on transport endpoint
12-07 11:03:30.006  7851  7851 E wpa_supplicant: nl80211: Failed to open /proc/sys/net/ipv4/conf/p2p-dev-wlan0/drop_unicast_in_l2_multicast: No such file or directory
12-07 11:03:30.007  7851  7851 E wpa_supplicant: nl80211: Failed to set IPv4 unicast in multicast filter
12-07 11:03:30.034  7851  7851 E wpa_supplicant: nl80211: Failed to open /proc/sys/net/ipv4/conf/p2p-dev-wlan0/drop_unicast_in_l2_multicast: No such file or directory
12-07 11:03:30.034  7851  7851 E wpa_supplicant: nl80211: Failed to set IPv4 unicast in multicast filter
12-07 11:03:30.152  7851  7851 E wpa_supplicant: nl80211: Failed to open /proc/sys/net/ipv4/conf/wlan0/drop_unicast_in_l2_multicast: No such file or directory
12-07 11:03:30.158  7851  7851 E wpa_supplicant: nl80211: Failed to set IPv4 unicast in multicast filter
12-07 11:03:30.158  7851  7851 E wpa_supplicant: nl80211: Failed to open /proc/sys/net/ipv4/conf/wlan0/drop_unicast_in_l2_multicast: No such file or directory
12-07 11:03:30.158  7851  7851 E wpa_supplicant: nl80211: Failed to set IPv4 unicast in multicast filter
12-07 11:03:30.237  7851  7851 E wpa_supplicant: nl80211: Failed to open /proc/sys/net/ipv4/conf/wlan0/drop_unicast_in_l2_multicast: No such file or directory
12-07 11:03:30.237  7851  7851 E wpa_supplicant: nl80211: Failed to set IPv4 unicast in multicast filter
12-07 11:03:30.484  1628  1628 E android.hardware.wifi@1.0-service: Failed to open directory: Permission denied
12-07 11:03:30.484  1628  1628 E android.hardware.wifi@1.0-service: Error occurred while deleting old tombstone files
12-07 11:03:30.484  1628  1628 E android.hardware.wifi@1.0-service: Error writing files to flash
12-07 11:03:30.759  1883  1967 E WifiP2pService: Unhandled message { when=0 what=131204 target=com.android.internal.util.StateMachine$SmHandler }
12-07 11:03:30.797  1883  1901 E BatteryExternalStatsWorker: no controller energy info supplied for wifi
12-07 11:03:30.805  1883  1901 E BatteryExternalStatsWorker: no controller energy info supplied for wifi
12-07 11:03:30.827  2420  7919 E WakeLock: GCM_HB_ALARM release without a matched acquire!
12-07 11:03:30.836  2420  7919 E GCM     : Connection closed with errorCode 20
12-07 11:03:30.842  2420  7919 E WakeLock: GCM_CONN_ALARM release without a matched acquire!
12-07 11:03:35.379  2420  8474 E WakeLock: GCM_HB_ALARM release without a matched acquire!
12-07 11:03:35.383  2420  8474 E WakeLock: GCM_CONN_ALARM release without a matched acquire!
12-07 11:03:45.387  2420  8488 E WakeLock: GCM_HB_ALARM release without a matched acquire!
12-07 11:03:45.390  2420  8488 E WakeLock: GCM_CONN_ALARM release without a matched acquire!
12-07 11:03:48.984  8213  8213 E SpannableStringBuilder: SPAN_EXCLUSIVE_EXCLUSIVE spans cannot have a zero length
12-07 11:03:48.985  8213  8213 E SpannableStringBuilder: SPAN_EXCLUSIVE_EXCLUSIVE spans cannot have a zero length
12-07 11:03:50.095  2420  8456 E ctxmgr  : [ProducerStatusImpl]updateStateForNewContextData: inactive, contextName=7
12-07 11:03:50.341  2420  2420 E BeaconBle: Missing BluetoothAdapter
12-07 11:03:50.363  2420  2420 E BeaconBle: Scan couldn't start for Places
12-07 11:03:54.158  1613  8508 E audio_hw_generic: pcm_open(in) failed: cannot open device '/dev/snd/pcmC0D0c': Device or resource busy: channels 2 format 0 rate 16000
12-07 11:03:54.732  1613  8514 E audio_hw_generic: pcm_open(in) failed: cannot open device '/dev/snd/pcmC0D0c': Device or resource busy: channels 2 format 0 rate 16000
12-07 11:03:55.164  8517  8517 E boxed_process2: Not starting debugger since process cannot load the jdwp agent.
12-07 11:03:56.073  1613  8542 E audio_hw_generic: pcm_open(in) failed: cannot open device '/dev/snd/pcmC0D0c': Device or resource busy: channels 2 format 0 rate 16000
12-07 11:04:03.248  8213  8213 E SpannableStringBuilder: SPAN_EXCLUSIVE_EXCLUSIVE spans cannot have a zero length
12-07 11:04:03.248  8213  8213 E SpannableStringBuilder: SPAN_EXCLUSIVE_EXCLUSIVE spans cannot have a zero length
12-07 11:04:05.414  2420  8550 E WakeLock: GCM_HB_ALARM release without a matched acquire!
12-07 11:04:05.418  2420  8550 E WakeLock: GCM_CONN_ALARM release without a matched acquire!
12-07 11:04:06.420  1829  1829 E netmgr  : Failed to open QEMU pipe 'qemud:network': Invalid argument
12-07 11:04:06.420  1829  1829 E netmgr  : WifiForwarder unable to open QEMU pipe: Invalid argument
12-07 11:04:08.223  8554  8554 E boxed_process2: Not starting debugger since process cannot load the jdwp agent.
12-07 11:04:09.693  1613  8580 E audio_hw_generic: pcm_open(in) failed: cannot open device '/dev/snd/pcmC0D0c': Device or resource busy: channels 2 format 0 rate 16000
12-07 11:04:12.139  1737  1809 E storaged: getDiskStats failed with result NOT_SUPPORTED and size 0
12-07 11:04:13.878  1990  1990 E native  : clearcut-logger.cc:191 USER_EDIT span#originalSpan is missing
12-07 11:04:22.165  1628  1628 E android.hardware.wifi@1.0-service: Failed to register radio mode change callback
12-07 11:04:22.169  1628  1628 E android.hardware.wifi@1.0-service: Failed to set DFS flag; DFS channels may be unavailable.
12-07 11:04:22.227  1738  1738 E wificond: No Offload Service available
12-07 11:04:22.285  1883  1967 E WifiP2pService: Unhandled message { when=-1ms what=131203 target=com.android.internal.util.StateMachine$SmHandler }
12-07 11:04:22.299  1883  1967 E WifiP2pService: Unhandled message { when=-1ms what=131203 target=com.android.internal.util.StateMachine$SmHandler }
12-07 11:04:22.321  1883  1901 E BatteryExternalStatsWorker: no controller energy info supplied for wifi
12-07 11:04:22.366  1883  1901 E BatteryExternalStatsWorker: no controller energy info supplied for wifi
12-07 11:04:23.093  1613  8596 E audio_hw_generic: pcm_open(in) failed: cannot open device '/dev/snd/pcmC0D0c': Device or resource busy: channels 2 format 0 rate 16000
12-07 11:04:25.003  1883  1900 E libprocessgroup: Error encountered killing process cgroup uid 99022 pid 8554: No such file or directory
12-07 11:04:26.258  1883  1901 E BatteryExternalStatsWorker: no controller energy info supplied for wifi
12-07 11:04:26.328  1883  1965 E WifiVendorHal: stopRssiMonitoring(l.2404) failed {.code = ERROR_NOT_AVAILABLE, .description = }
12-07 11:04:26.754  2420  8615 E WakeLock: GCM_CONN_ALARM release without a matched acquire!
12-07 11:04:26.995  8616  8616 E id.gms.unstabl: Not starting debugger since process cannot load the jdwp agent.
12-07 11:04:27.099  1735  1813 E Netd    : Error adding route ::/0 -> fe80::ff:fe00:100 wlan0 to table 1003: File exists
12-07 11:04:31.852  1990  1990 E native  : clearcut-logger.cc:191 USER_EDIT span#originalSpan is missing
