--------- beginning of system
12-08 14:42:44.377  1885  1899 E ActivityManager: Failure starting process com.evancharlton.mileage
12-08 14:42:44.377  1885  1899 E ActivityManager: java.lang.SecurityException: Package com.evancharlton.mileage was not found!
12-08 14:42:44.377  1885  1899 E ActivityManager: 	at com.android.server.pm.PackageManagerService.checkPackageStartable(PackageManagerService.java:3987)
12-08 14:42:44.377  1885  1899 E ActivityManager: 	at com.android.server.am.ActivityManagerService.startProcessLocked(ActivityManagerService.java:4234)
12-08 14:42:44.377  1885  1899 E ActivityManager: 	at com.android.server.am.ActivityManagerService.startProcessLocked(ActivityManagerService.java:4199)
12-08 14:42:44.377  1885  1899 E ActivityManager: 	at com.android.server.am.ActivityManagerService.startProcessLocked(ActivityManagerService.java:4181)
12-08 14:42:44.377  1885  1899 E ActivityManager: 	at com.android.server.am.ActivityManagerService.startProcessLocked(ActivityManagerService.java:4067)
12-08 14:42:44.377  1885  1899 E ActivityManager: 	at com.android.server.am.ActivityStackSupervisor.startSpecificActivityLocked(ActivityStackSupervisor.java:1715)
12-08 14:42:44.377  1885  1899 E ActivityManager: 	at com.android.server.am.ActivityStack.resumeTopActivityInnerLocked(ActivityStack.java:2764)
12-08 14:42:44.377  1885  1899 E ActivityManager: 	at com.android.server.am.ActivityStack.resumeTopActivityUncheckedLocked(ActivityStack.java:2302)
12-08 14:42:44.377  1885  1899 E ActivityManager: 	at com.android.server.am.ActivityStackSupervisor.resumeFocusedStackTopActivityLocked(ActivityStackSupervisor.java:2234)
12-08 14:42:44.377  1885  1899 E ActivityManager: 	at com.android.server.am.ActivityStackSupervisor.resumeFocusedStackTopActivityLocked(ActivityStackSupervisor.java:2218)
12-08 14:42:44.377  1885  1899 E ActivityManager: 	at com.android.server.am.ActivityManagerService.handleAppDiedLocked(ActivityManagerService.java:5923)
12-08 14:42:44.377  1885  1899 E ActivityManager: 	at com.android.server.am.ActivityManagerService.removeProcessLocked(ActivityManagerService.java:7501)
12-08 14:42:44.377  1885  1899 E ActivityManager: 	at com.android.server.am.ActivityManagerService.killPackageProcessesLocked(ActivityManagerService.java:7142)
12-08 14:42:44.377  1885  1899 E ActivityManager: 	at com.android.server.am.ActivityManagerService.forceStopPackageLocked(ActivityManagerService.java:7275)
12-08 14:42:44.377  1885  1899 E ActivityManager: 	at com.android.server.am.ActivityManagerService$MainHandler.handleMessage(ActivityManagerService.java:2289)
12-08 14:42:44.377  1885  1899 E ActivityManager: 	at android.os.Handler.dispatchMessage(Handler.java:106)
12-08 14:42:44.377  1885  1899 E ActivityManager: 	at android.os.Looper.loop(Looper.java:193)
12-08 14:42:44.377  1885  1899 E ActivityManager: 	at android.os.HandlerThread.run(HandlerThread.java:65)
12-08 14:42:44.377  1885  1899 E ActivityManager: 	at com.android.server.ServiceThread.run(ServiceThread.java:44)
--------- beginning of main
12-08 14:42:45.190 30073 30073 E oid.documentsu: Not starting debugger since process cannot load the jdwp agent.
12-08 14:42:46.211 30115 30115 E droid.apps.doc: Not starting debugger since process cannot load the jdwp agent.
12-08 14:42:48.371 30115 30115 E DocsApplication: [main] No default account found during application creation.
12-08 14:42:48.970  1732  1732 E         : Couldn't opendir /data/app/vmdl466659113.tmp: No such file or directory
12-08 14:42:48.971  1732  1732 E installd: Failed to delete /data/app/vmdl466659113.tmp: No such file or directory
12-08 14:42:52.840 30180 30180 E harlton.mileag: Not starting debugger since process cannot load the jdwp agent.
12-08 14:42:54.455  1996  2601 E putmethod.lati: Invalid ID 0x00000001.
12-08 14:42:54.463  1996  2601 E LstmTrainingCache: emn: Can't get resource name for input slot
12-08 14:42:54.463  1996  2601 E LstmTrainingCache: android.content.res.Resources$NotFoundException: Unable to find resource ID #0x1
12-08 14:42:54.463  1996  2601 E LstmTrainingCache: 	at android.content.res.ResourcesImpl.getResourceName(ResourcesImpl.java:255)
12-08 14:42:54.463  1996  2601 E LstmTrainingCache: 	at android.content.res.Resources.getResourceName(Resources.java:1954)
12-08 14:42:54.463  1996  2601 E LstmTrainingCache: 	at emn.a(PG:12)
12-08 14:42:54.463  1996  2601 E LstmTrainingCache: 	at emk.run(PG:5)
12-08 14:42:54.463  1996  2601 E LstmTrainingCache: 	at java.lang.Thread.run(Thread.java:764)
12-08 14:43:04.692  1885  1997 E WindowManager: Performed 6 layouts in a row. Skipping
12-08 14:43:04.727  1885  1939 E WindowManager: Performed 6 layouts in a row. Skipping
12-08 14:43:04.814  1885  2498 E WindowManager: Performed 6 layouts in a row. Skipping
12-08 14:43:04.853  1885  1939 E WindowManager: Performed 6 layouts in a row. Skipping
12-08 14:43:04.895  1885  1939 E WindowManager: Performed 6 layouts in a row. Skipping
12-08 14:43:04.933  1885  1900 E WindowManager: Performed 6 layouts in a row. Skipping
12-08 14:43:04.983  1885  1939 E WindowManager: Performed 6 layouts in a row. Skipping
12-08 14:43:05.062  1885  1939 E WindowManager: Performed 6 layouts in a row. Skipping
12-08 14:43:05.136  1885  1939 E WindowManager: Performed 6 layouts in a row. Skipping
12-08 14:43:05.165  1885  1997 E WindowManager: Performed 6 layouts in a row. Skipping
12-08 14:43:05.212  1885  1939 E WindowManager: Performed 6 layouts in a row. Skipping
12-08 14:43:05.255  1885  1997 E WindowManager: Performed 6 layouts in a row. Skipping
12-08 14:43:05.286  1885  1939 E WindowManager: Performed 6 layouts in a row. Skipping
12-08 14:43:05.453  1834  1834 E netmgr  : Failed to open QEMU pipe 'qemud:network': Invalid argument
12-08 14:43:05.453  1834  1834 E netmgr  : WifiForwarder unable to open QEMU pipe: Invalid argument
12-08 14:43:05.364  1885  1939 E WindowManager: Performed 6 layouts in a row. Skipping
12-08 14:43:11.711  1740  1805 E storaged: getDiskStats failed with result NOT_SUPPORTED and size 0
12-08 14:43:14.174  2429 30053 E ctxmgr  : [ProducerStatusImpl]updateStateForNewContextData: inactive, contextName=7
12-08 14:43:14.323  2429  3197 E PlaceInferenceEngine: Position timestamp out of order. Previous: 1544316101000, Current: 1544298192841. Skipping this Position.
12-08 14:43:14.336  2429  2429 E BeaconBle: Scan couldn't start for Places
12-08 14:43:20.890  1614  1698 E audio_hw_generic: pcm_write failed cannot write stream data: I/O error
12-08 14:43:22.029 30231 30231 E oid.apps.photo: Not starting debugger since process cannot load the jdwp agent.
12-08 14:43:32.600  1614  1698 E audio_hw_generic: pcm_write failed cannot write stream data: I/O error
12-08 14:43:38.350  2540  2540 E ContextIntentStarter: No activity found for any of the 0 intents
12-08 14:43:38.959 26404 26404 E wpa_supplicant: nl80211: Failed to open /proc/sys/net/ipv4/conf/p2p-dev-wlan0/drop_unicast_in_l2_multicast: No such file or directory
12-08 14:43:38.959 26404 26404 E wpa_supplicant: nl80211: Failed to set IPv4 unicast in multicast filter
12-08 14:43:39.031 26404 26404 E wpa_supplicant: nl80211: Failed to open /proc/sys/net/ipv4/conf/p2p-dev-wlan0/drop_unicast_in_l2_multicast: No such file or directory
12-08 14:43:39.031 26404 26404 E wpa_supplicant: nl80211: Failed to set IPv4 unicast in multicast filter
12-08 14:43:39.211 26404 26404 E wpa_supplicant: nl80211: Failed to open /proc/sys/net/ipv4/conf/wlan0/drop_unicast_in_l2_multicast: No such file or directory
12-08 14:43:39.211 26404 26404 E wpa_supplicant: nl80211: Failed to set IPv4 unicast in multicast filter
12-08 14:43:39.228 26404 26404 E wpa_supplicant: nl80211: Failed to open /proc/sys/net/ipv4/conf/wlan0/drop_unicast_in_l2_multicast: No such file or directory
12-08 14:43:39.228 26404 26404 E wpa_supplicant: nl80211: Failed to set IPv4 unicast in multicast filter
12-08 14:43:39.310 26404 26404 E wpa_supplicant: nl80211: Failed to open /proc/sys/net/ipv4/conf/wlan0/drop_unicast_in_l2_multicast: No such file or directory
12-08 14:43:39.310 26404 26404 E wpa_supplicant: nl80211: Failed to set IPv4 unicast in multicast filter
12-08 14:43:39.585 30284 30284 E rrierdefaultap: Not starting debugger since process cannot load the jdwp agent.
12-08 14:43:39.640  1629  1629 E android.hardware.wifi@1.0-service: Failed to open directory: Permission denied
12-08 14:43:39.640  1629  1629 E android.hardware.wifi@1.0-service: Error occurred while deleting old tombstone files
12-08 14:43:39.640  1629  1629 E android.hardware.wifi@1.0-service: Error writing files to flash
12-08 14:43:40.014  1885  1971 E WifiP2pService: Unhandled message { when=-6ms what=131204 target=com.android.internal.util.StateMachine$SmHandler }
12-08 14:43:40.320  2429 26554 E WakeLock: GCM_HB_ALARM release without a matched acquire!
12-08 14:43:40.370  2429 26554 E WakeLock: GCM_CONN_ALARM release without a matched acquire!
12-08 14:43:40.471  1885  1903 E BatteryExternalStatsWorker: no controller energy info supplied for wifi
12-08 14:43:40.507  1885  1903 E BatteryExternalStatsWorker: no controller energy info supplied for wifi
12-08 14:43:42.620  1614  1698 E audio_hw_generic: pcm_write failed cannot write stream data: I/O error
12-08 14:44:05.463  1834  1834 E netmgr  : Failed to open QEMU pipe 'qemud:network': Invalid argument
12-08 14:44:05.463  1834  1834 E netmgr  : WifiForwarder unable to open QEMU pipe: Invalid argument
12-08 14:44:11.717  1740  1805 E storaged: getDiskStats failed with result NOT_SUPPORTED and size 0
12-08 14:44:41.525  2608 30105 E SQLiteCastStore: Skip saving CastDeviceInfo: "Nearby device" (__cast_nearby___V_0f36ef43-11d4-42be-a6d6-a9425012197f)
12-08 14:45:05.524  1834  1834 E netmgr  : Failed to open QEMU pipe 'qemud:network': Invalid argument
12-08 14:45:05.524  1834  1834 E netmgr  : WifiForwarder unable to open QEMU pipe: Invalid argument
12-08 14:45:11.722  1740  1805 E storaged: getDiskStats failed with result NOT_SUPPORTED and size 0
12-08 14:45:16.821  2407  2407 E SchedPolicy: set_timerslack_ns write failed: Operation not permitted
12-08 14:45:21.730  2407  2407 E SchedPolicy: set_timerslack_ns write failed: Operation not permitted
