--------- beginning of system
12-07 13:05:35.486  1736  1736 E wificond: NL80211_CMD_TRIGGER_SCAN failed: Device or resource busy
12-07 13:05:53.132  1735  1809 E storaged: getDiskStats failed with result NOT_SUPPORTED and size 0
12-07 13:06:55.103  1735  1809 E storaged: getDiskStats failed with result NOT_SUPPORTED and size 0
12-07 13:07:55.823  1735  1809 E storaged: getDiskStats failed with result NOT_SUPPORTED and size 0
12-07 13:08:49.029  1736  1736 E wificond: NL80211_CMD_TRIGGER_SCAN failed: Device or resource busy
12-07 13:08:56.801  1735  1809 E storaged: getDiskStats failed with result NOT_SUPPORTED and size 0
12-07 13:09:58.186  1735  1809 E storaged: getDiskStats failed with result NOT_SUPPORTED and size 0
12-07 13:10:58.803  1735  1809 E storaged: getDiskStats failed with result NOT_SUPPORTED and size 0
12-07 13:11:49.341  1736  1736 E wificond: NL80211_CMD_TRIGGER_SCAN failed: Device or resource busy
12-07 13:11:59.723  1735  1809 E storaged: getDiskStats failed with result NOT_SUPPORTED and size 0
12-07 13:12:59.723  1735  1809 E storaged: getDiskStats failed with result NOT_SUPPORTED and size 0
12-07 13:14:01.813  1735  1809 E storaged: getDiskStats failed with result NOT_SUPPORTED and size 0
12-07 13:15:02.228  1735  1809 E storaged: getDiskStats failed with result NOT_SUPPORTED and size 0
12-07 13:16:02.722  1735  1809 E storaged: getDiskStats failed with result NOT_SUPPORTED and size 0
12-07 13:17:03.135  1735  1809 E storaged: getDiskStats failed with result NOT_SUPPORTED and size 0
12-07 13:18:03.141  1735  1809 E storaged: getDiskStats failed with result NOT_SUPPORTED and size 0
12-07 13:18:21.354  1880  1897 E AutofillSession: No assist structure - app might have crashed providing it
12-07 13:19:03.151  1735  1809 E storaged: getDiskStats failed with result NOT_SUPPORTED and size 0
12-07 13:20:03.165  1735  1809 E storaged: getDiskStats failed with result NOT_SUPPORTED and size 0
12-07 13:20:53.450  1880  1897 E AutofillSession: No assist structure - app might have crashed providing it
12-07 13:21:03.940  1735  1809 E storaged: getDiskStats failed with result NOT_SUPPORTED and size 0
12-07 13:22:04.426  1735  1809 E storaged: getDiskStats failed with result NOT_SUPPORTED and size 0
--------- beginning of main
12-07 13:23:31.685  1829  1829 E netmgr  : Failed to open QEMU pipe 'qemud:network': Invalid argument
12-07 13:23:31.686  1829  1829 E netmgr  : WifiForwarder unable to open QEMU pipe: Invalid argument
12-07 13:23:52.609  1735  1809 E storaged: getDiskStats failed with result NOT_SUPPORTED and size 0
12-07 13:23:52.949  1992  9017 E putmethod.lati: Invalid ID 0x00000005.
12-07 13:23:52.961  1992  9017 E LstmTrainingCache: emn: Can't get resource name for input slot
12-07 13:23:52.961  1992  9017 E LstmTrainingCache: android.content.res.Resources$NotFoundException: Unable to find resource ID #0x5
12-07 13:23:52.961  1992  9017 E LstmTrainingCache: 	at android.content.res.ResourcesImpl.getResourceName(ResourcesImpl.java:255)
12-07 13:23:52.961  1992  9017 E LstmTrainingCache: 	at android.content.res.Resources.getResourceName(Resources.java:1954)
12-07 13:23:52.961  1992  9017 E LstmTrainingCache: 	at emn.a(PG:12)
12-07 13:23:52.961  1992  9017 E LstmTrainingCache: 	at emk.run(PG:5)
12-07 13:23:52.961  1992  9017 E LstmTrainingCache: 	at java.lang.Thread.run(Thread.java:764)
12-07 13:24:08.669  2378 30821 E ctxmgr  : [ProducerStatusImpl]updateStateForNewContextData: inactive, contextName=7
12-07 13:24:11.128  2378 30821 E ctxmgr  : [ProducerStatusImpl]updateStateForNewContextData: inactive, contextName=1
12-07 13:24:11.128  2378 30821 E ctxmgr  : [ProducerStatusImpl]updateStateForNewContextData: inactive, contextName=1
12-07 13:24:13.862  2378  2378 E BeaconBle: Missing BluetoothAdapter
12-07 13:24:13.955  2378  2378 E BeaconBle: Scan couldn't start for Places
12-07 13:24:29.659 31366 31366 E dboxed_process: Not starting debugger since process cannot load the jdwp agent.
12-07 13:24:32.237  1829  1829 E netmgr  : Failed to open QEMU pipe 'qemud:network': Invalid argument
12-07 13:24:32.264  1829  1829 E netmgr  : WifiForwarder unable to open QEMU pipe: Invalid argument
12-07 13:24:37.511  1736  1736 E wificond: NL80211_CMD_TRIGGER_SCAN failed: Device or resource busy
12-07 13:24:43.106 19845 19845 E SpannableStringBuilder: SPAN_EXCLUSIVE_EXCLUSIVE spans cannot have a zero length
12-07 13:24:43.106 19845 19845 E SpannableStringBuilder: SPAN_EXCLUSIVE_EXCLUSIVE spans cannot have a zero length
12-07 13:24:43.118 19845 19896 E MicroDetectionWorker: Stale runnable..ignoring
12-07 13:24:48.533 31401 31401 E .android.chrom: Not starting debugger since process cannot load the jdwp agent.
12-07 13:24:53.433  1880  1897 E AutofillSession: No assist structure - app might have crashed providing it
12-07 13:24:53.450  1735  1809 E storaged: getDiskStats failed with result NOT_SUPPORTED and size 0
12-07 13:24:53.627  1992  9017 E putmethod.lati: Invalid ID 0x00000003.
12-07 13:24:53.644  1992  9017 E LstmTrainingCache: emn: Can't get resource name for input slot
12-07 13:24:53.644  1992  9017 E LstmTrainingCache: android.content.res.Resources$NotFoundException: Unable to find resource ID #0x3
12-07 13:24:53.644  1992  9017 E LstmTrainingCache: 	at android.content.res.ResourcesImpl.getResourceName(ResourcesImpl.java:255)
12-07 13:24:53.644  1992  9017 E LstmTrainingCache: 	at android.content.res.Resources.getResourceName(Resources.java:1954)
12-07 13:24:53.644  1992  9017 E LstmTrainingCache: 	at emn.a(PG:12)
12-07 13:24:53.644  1992  9017 E LstmTrainingCache: 	at emk.run(PG:5)
12-07 13:24:53.644  1992  9017 E LstmTrainingCache: 	at java.lang.Thread.run(Thread.java:764)
12-07 13:24:56.187  1880  1897 E AutofillSession: No assist structure - app might have crashed providing it
12-07 13:24:56.442  1992  9017 E putmethod.lati: Invalid ID 0x00000002.
12-07 13:24:56.443  1992  9017 E LstmTrainingCache: emn: Can't get resource name for input slot
12-07 13:24:56.443  1992  9017 E LstmTrainingCache: android.content.res.Resources$NotFoundException: Unable to find resource ID #0x2
12-07 13:24:56.443  1992  9017 E LstmTrainingCache: 	at android.content.res.ResourcesImpl.getResourceName(ResourcesImpl.java:255)
12-07 13:24:56.443  1992  9017 E LstmTrainingCache: 	at android.content.res.Resources.getResourceName(Resources.java:1954)
12-07 13:24:56.443  1992  9017 E LstmTrainingCache: 	at emn.a(PG:12)
12-07 13:24:56.443  1992  9017 E LstmTrainingCache: 	at emk.run(PG:5)
12-07 13:24:56.443  1992  9017 E LstmTrainingCache: 	at java.lang.Thread.run(Thread.java:764)
12-07 13:25:01.406  1736  1736 E wificond: NL80211_CMD_TRIGGER_SCAN failed: Device or resource busy
12-07 13:25:14.709  2378 31119 E ctxmgr  : [ProducerStatusImpl]updateStateForNewContextData: inactive, contextName=7
12-07 13:25:19.910  2378  2378 E BeaconBle: Missing BluetoothAdapter
12-07 13:25:20.018  2378  2378 E BeaconBle: Scan couldn't start for Places
12-07 13:25:22.664  1736  1736 E wificond: NL80211_CMD_TRIGGER_SCAN failed: Device or resource busy
12-07 13:25:33.242  1829  1829 E netmgr  : Failed to open QEMU pipe 'qemud:network': Invalid argument
12-07 13:25:33.242  1829  1829 E netmgr  : WifiForwarder unable to open QEMU pipe: Invalid argument
12-07 13:25:38.840  1992  9017 E putmethod.lati: Invalid ID 0x00000005.
12-07 13:25:38.840  1992  9017 E LstmTrainingCache: emn: Can't get resource name for input slot
12-07 13:25:38.840  1992  9017 E LstmTrainingCache: android.content.res.Resources$NotFoundException: Unable to find resource ID #0x5
12-07 13:25:38.840  1992  9017 E LstmTrainingCache: 	at android.content.res.ResourcesImpl.getResourceName(ResourcesImpl.java:255)
12-07 13:25:38.840  1992  9017 E LstmTrainingCache: 	at android.content.res.Resources.getResourceName(Resources.java:1954)
12-07 13:25:38.840  1992  9017 E LstmTrainingCache: 	at emn.a(PG:12)
12-07 13:25:38.840  1992  9017 E LstmTrainingCache: 	at emk.run(PG:5)
12-07 13:25:38.840  1992  9017 E LstmTrainingCache: 	at java.lang.Thread.run(Thread.java:764)
12-07 13:25:41.009  1610  1692 E audio_hw_generic: pcm_write failed cannot write stream data: I/O error
12-07 13:25:51.417  1610  1692 E audio_hw_generic: pcm_write failed cannot write stream data: I/O error
12-07 13:25:54.128  1735  1809 E storaged: getDiskStats failed with result NOT_SUPPORTED and size 0
12-07 13:26:01.917  1610  1692 E audio_hw_generic: pcm_write failed cannot write stream data: I/O error
12-07 13:26:17.582  1610  1692 E audio_hw_generic: pcm_write failed cannot write stream data: I/O error
12-07 13:26:27.982  1610  1692 E audio_hw_generic: pcm_write failed cannot write stream data: I/O error
12-07 13:26:33.206  1880  1897 E AutofillSession: No assist structure - app might have crashed providing it
12-07 13:26:33.245  1829  1829 E netmgr  : Failed to open QEMU pipe 'qemud:network': Invalid argument
12-07 13:26:33.245  1829  1829 E netmgr  : WifiForwarder unable to open QEMU pipe: Invalid argument
12-07 13:26:35.861  1880  1897 E AutofillSession: No assist structure - app might have crashed providing it
12-07 13:26:38.373  1610  1692 E audio_hw_generic: pcm_write failed cannot write stream data: I/O error
12-07 13:26:48.933  1610  1692 E audio_hw_generic: pcm_write failed cannot write stream data: I/O error
12-07 13:26:54.138  1735  1809 E storaged: getDiskStats failed with result NOT_SUPPORTED and size 0
