--------- beginning of main
12-09 09:53:30.494  8824  8864 E MicroDetectionWorker: Stale runnable..ignoring
--------- beginning of system
12-09 09:53:32.557  1885  1899 E ActivityManager: Failure starting process com.evancharlton.mileage
12-09 09:53:32.557  1885  1899 E ActivityManager: java.lang.SecurityException: Package com.evancharlton.mileage was not found!
12-09 09:53:32.557  1885  1899 E ActivityManager: 	at com.android.server.pm.PackageManagerService.checkPackageStartable(PackageManagerService.java:3987)
12-09 09:53:32.557  1885  1899 E ActivityManager: 	at com.android.server.am.ActivityManagerService.startProcessLocked(ActivityManagerService.java:4234)
12-09 09:53:32.557  1885  1899 E ActivityManager: 	at com.android.server.am.ActivityManagerService.startProcessLocked(ActivityManagerService.java:4199)
12-09 09:53:32.557  1885  1899 E ActivityManager: 	at com.android.server.am.ActivityManagerService.startProcessLocked(ActivityManagerService.java:4181)
12-09 09:53:32.557  1885  1899 E ActivityManager: 	at com.android.server.am.ActivityManagerService.startProcessLocked(ActivityManagerService.java:4067)
12-09 09:53:32.557  1885  1899 E ActivityManager: 	at com.android.server.am.ActivityStackSupervisor.startSpecificActivityLocked(ActivityStackSupervisor.java:1715)
12-09 09:53:32.557  1885  1899 E ActivityManager: 	at com.android.server.am.ActivityStack.resumeTopActivityInnerLocked(ActivityStack.java:2764)
12-09 09:53:32.557  1885  1899 E ActivityManager: 	at com.android.server.am.ActivityStack.resumeTopActivityUncheckedLocked(ActivityStack.java:2302)
12-09 09:53:32.557  1885  1899 E ActivityManager: 	at com.android.server.am.ActivityStackSupervisor.resumeFocusedStackTopActivityLocked(ActivityStackSupervisor.java:2234)
12-09 09:53:32.557  1885  1899 E ActivityManager: 	at com.android.server.am.ActivityStackSupervisor.resumeFocusedStackTopActivityLocked(ActivityStackSupervisor.java:2218)
12-09 09:53:32.557  1885  1899 E ActivityManager: 	at com.android.server.am.ActivityManagerService.handleAppDiedLocked(ActivityManagerService.java:5923)
12-09 09:53:32.557  1885  1899 E ActivityManager: 	at com.android.server.am.ActivityManagerService.removeProcessLocked(ActivityManagerService.java:7501)
12-09 09:53:32.557  1885  1899 E ActivityManager: 	at com.android.server.am.ActivityManagerService.killPackageProcessesLocked(ActivityManagerService.java:7142)
12-09 09:53:32.557  1885  1899 E ActivityManager: 	at com.android.server.am.ActivityManagerService.forceStopPackageLocked(ActivityManagerService.java:7275)
12-09 09:53:32.557  1885  1899 E ActivityManager: 	at com.android.server.am.ActivityManagerService$MainHandler.handleMessage(ActivityManagerService.java:2289)
12-09 09:53:32.557  1885  1899 E ActivityManager: 	at android.os.Handler.dispatchMessage(Handler.java:106)
12-09 09:53:32.557  1885  1899 E ActivityManager: 	at android.os.Looper.loop(Looper.java:193)
12-09 09:53:32.557  1885  1899 E ActivityManager: 	at android.os.HandlerThread.run(HandlerThread.java:65)
12-09 09:53:32.557  1885  1899 E ActivityManager: 	at com.android.server.ServiceThread.run(ServiceThread.java:44)
12-09 09:53:33.200 10811 10811 E id.defcontaine: Not starting debugger since process cannot load the jdwp agent.
12-09 09:53:33.206 10817 10817 E oid.documentsu: Not starting debugger since process cannot load the jdwp agent.
12-09 09:53:33.219 10832 10832 E ndroid.keychai: Not starting debugger since process cannot load the jdwp agent.
12-09 09:53:34.215 10883 10883 E droid.apps.doc: Not starting debugger since process cannot load the jdwp agent.
12-09 09:53:34.541  2378 10231 E ctxmgr  : [ProducerStatusImpl]updateStateForNewContextData: inactive, contextName=7
12-09 09:53:35.000  2378  2378 E BeaconBle: Missing BluetoothAdapter
12-09 09:53:35.129  2378  2378 E BeaconBle: Scan couldn't start for Places
12-09 09:53:35.384 10911 10911 E id.defcontaine: Not starting debugger since process cannot load the jdwp agent.
12-09 09:53:35.395 10918 10918 E d.process.medi: Not starting debugger since process cannot load the jdwp agent.
12-09 09:53:36.626 10883 10883 E DocsApplication: [main] No default account found during application creation.
12-09 09:53:38.038  1731  1949 E         : Couldn't opendir /data/app/vmdl1321955826.tmp: No such file or directory
12-09 09:53:38.038  1731  1949 E installd: Failed to delete /data/app/vmdl1321955826.tmp: No such file or directory
12-09 09:53:41.904 10982 10982 E harlton.mileag: Not starting debugger since process cannot load the jdwp agent.
12-09 09:53:43.924  1994  7294 E putmethod.lati: Invalid ID 0x00000001.
12-09 09:53:43.950  1994  7294 E LstmTrainingCache: emn: Can't get resource name for input slot
12-09 09:53:43.950  1994  7294 E LstmTrainingCache: android.content.res.Resources$NotFoundException: Unable to find resource ID #0x1
12-09 09:53:43.950  1994  7294 E LstmTrainingCache: 	at android.content.res.ResourcesImpl.getResourceName(ResourcesImpl.java:255)
12-09 09:53:43.950  1994  7294 E LstmTrainingCache: 	at android.content.res.Resources.getResourceName(Resources.java:1954)
12-09 09:53:43.950  1994  7294 E LstmTrainingCache: 	at emn.a(PG:12)
12-09 09:53:43.950  1994  7294 E LstmTrainingCache: 	at emk.run(PG:5)
12-09 09:53:43.950  1994  7294 E LstmTrainingCache: 	at java.lang.Thread.run(Thread.java:764)
12-09 09:53:53.930 11007 11007 E emui:screensho: Not starting debugger since process cannot load the jdwp agent.
12-09 09:53:55.800 11007 11007 E SoundPool: error loading /product/media/audio/ui/camera_click.ogg
12-09 09:53:56.201  1741  2075 E OMXNodeInstance: getConfig(0xe97a6a20:google.vorbis.decoder, ConfigAndroidVendorExtension(0x6f100004)) ERROR: Undefined(0x80001001)
12-09 09:53:58.532  1633  1633 E lowmemorykiller: Error writing /proc/10918/oom_score_adj; errno=22
12-09 09:53:59.362 11037 11037 E d.process.medi: Not starting debugger since process cannot load the jdwp agent.
12-09 09:54:00.068 11055 11055 E earchbox:searc: Not starting debugger since process cannot load the jdwp agent.
12-09 09:54:01.888 11055 11055 E OverlaySController: Calling with an invalid UID, the interface will not work
12-09 09:54:02.236 11085 11085 E ocess.gservice: Not starting debugger since process cannot load the jdwp agent.
12-09 09:54:02.536 11107 11107 E id.partnersetu: Not starting debugger since process cannot load the jdwp agent.
12-09 09:54:02.559 11055 11100 E BluetoothAdapter: Bluetooth binder is null
12-09 09:54:02.596 11124 11124 E e.process.gapp: Not starting debugger since process cannot load the jdwp agent.
12-09 09:54:05.871  1726  2181 E SurfaceFlinger: ro.sf.lcd_density must be defined as a build property
12-09 09:54:06.172  1726  1750 E SurfaceFlinger: ro.sf.lcd_density must be defined as a build property
12-09 09:54:09.607  2378 10903 E ctxmgr  : [ProducerStatusImpl]updateStateForNewContextData: inactive, contextName=7
12-09 09:54:09.997  2378  2378 E BeaconBle: Missing BluetoothAdapter
12-09 09:54:10.241  2378  2378 E BeaconBle: Scan couldn't start for Places
12-09 09:54:11.076 11180 11180 E oid.apps.photo: Not starting debugger since process cannot load the jdwp agent.
12-09 09:54:11.429 11195 11195 E viders.calenda: Not starting debugger since process cannot load the jdwp agent.
12-09 09:54:11.451  1629  1629 E android.hardware.wifi@1.0-service: Failed to register radio mode change callback
12-09 09:54:11.458  1629  1629 E android.hardware.wifi@1.0-service: Failed to set DFS flag; DFS channels may be unavailable.
12-09 09:54:11.524 11055 11055 E ContextIntentStarter: No activity found for any of the 0 intents
12-09 09:54:11.575  1740  1740 E wificond: No Offload Service available
12-09 09:54:11.722  1885  1971 E WifiP2pService: Unhandled message { when=0 what=131203 target=com.android.internal.util.StateMachine$SmHandler }
12-09 09:54:11.734  1885  1971 E WifiP2pService: Unhandled message { when=-1ms what=131203 target=com.android.internal.util.StateMachine$SmHandler }
12-09 09:54:11.753  1885  1903 E BatteryExternalStatsWorker: no controller energy info supplied for wifi
12-09 09:54:11.767  1885  1903 E BatteryExternalStatsWorker: no controller energy info supplied for wifi
12-09 09:54:12.599 11224 11224 E ndroid.calenda: Not starting debugger since process cannot load the jdwp agent.
12-09 09:54:13.984  1834  1834 E netmgr  : Failed to open QEMU pipe 'qemud:network': Invalid argument
12-09 09:54:13.985  1834  1834 E netmgr  : WifiForwarder unable to open QEMU pipe: Invalid argument
12-09 09:54:14.586 11290 11290 E droid.deskcloc: Not starting debugger since process cannot load the jdwp agent.
12-09 09:54:14.944 11290 11290 E LoadedApk: Unable to instantiate appComponentFactory
12-09 09:54:14.944 11290 11290 E LoadedApk: java.lang.ClassNotFoundException: Didn't find class "android.support.v4.app.CoreComponentFactory" on path: DexPathList[[zip file "/data/app/com.google.android.deskclock-irjeQ48B8SlCzNgOUY6aXg==/base.apk"],nativeLibraryDirectories=[/data/app/com.google.android.deskclock-irjeQ48B8SlCzNgOUY6aXg==/lib/x86, /system/lib]]
12-09 09:54:14.944 11290 11290 E LoadedApk: 	at dalvik.system.BaseDexClassLoader.findClass(BaseDexClassLoader.java:134)
12-09 09:54:14.944 11290 11290 E LoadedApk: 	at java.lang.ClassLoader.loadClass(ClassLoader.java:379)
12-09 09:54:14.944 11290 11290 E LoadedApk: 	at java.lang.ClassLoader.loadClass(ClassLoader.java:312)
12-09 09:54:14.944 11290 11290 E LoadedApk: 	at android.app.LoadedApk.createAppFactory(LoadedApk.java:226)
12-09 09:54:14.944 11290 11290 E LoadedApk: 	at android.app.LoadedApk.createOrUpdateClassLoaderLocked(LoadedApk.java:731)
12-09 09:54:14.944 11290 11290 E LoadedApk: 	at android.app.LoadedApk.getClassLoader(LoadedApk.java:810)
12-09 09:54:14.944 11290 11290 E LoadedApk: 	at android.app.LoadedApk.getResources(LoadedApk.java:1032)
12-09 09:54:14.944 11290 11290 E LoadedApk: 	at android.app.ContextImpl.createAppContext(ContextImpl.java:2345)
12-09 09:54:14.944 11290 11290 E LoadedApk: 	at android.app.ActivityThread.handleBindApplication(ActivityThread.java:5749)
12-09 09:54:14.944 11290 11290 E LoadedApk: 	at android.app.ActivityThread.access$1100(ActivityThread.java:199)
12-09 09:54:14.944 11290 11290 E LoadedApk: 	at android.app.ActivityThread$H.handleMessage(ActivityThread.java:1650)
12-09 09:54:14.944 11290 11290 E LoadedApk: 	at android.os.Handler.dispatchMessage(Handler.java:106)
12-09 09:54:14.944 11290 11290 E LoadedApk: 	at android.os.Looper.loop(Looper.java:193)
12-09 09:54:14.944 11290 11290 E LoadedApk: 	at android.app.ActivityThread.main(ActivityThread.java:6669)
12-09 09:54:14.944 11290 11290 E LoadedApk: 	at java.lang.reflect.Method.invoke(Native Method)
12-09 09:54:14.944 11290 11290 E LoadedApk: 	at com.android.internal.os.RuntimeInit$MethodAndArgsCaller.run(RuntimeInit.java:493)
12-09 09:54:14.944 11290 11290 E LoadedApk: 	at com.android.internal.os.ZygoteInit.main(ZygoteInit.java:858)
12-09 09:54:15.812 11323 11323 E com.ustwo.lwp: Not starting debugger since process cannot load the jdwp agent.
12-09 09:54:15.944  1885  1903 E BatteryExternalStatsWorker: no controller energy info supplied for wifi
12-09 09:54:16.808  1737  1820 E Netd    : Error adding route ::/0 -> fe80::ff:fe00:100 wlan0 to table 1003: File exists
12-09 09:54:17.151  2378 11357 E WakeLock: GCM_CONN_ALARM release without a matched acquire!
12-09 09:54:22.032  1739  1762 E storaged: getDiskStats failed with result NOT_SUPPORTED and size 0
12-09 09:54:31.581 11394 11394 E droid.deskcloc: Not starting debugger since process cannot load the jdwp agent.
12-09 09:54:32.111 11394 11394 E LoadedApk: Unable to instantiate appComponentFactory
12-09 09:54:32.111 11394 11394 E LoadedApk: java.lang.ClassNotFoundException: Didn't find class "android.support.v4.app.CoreComponentFactory" on path: DexPathList[[zip file "/data/app/com.google.android.deskclock-irjeQ48B8SlCzNgOUY6aXg==/base.apk"],nativeLibraryDirectories=[/data/app/com.google.android.deskclock-irjeQ48B8SlCzNgOUY6aXg==/lib/x86, /system/lib]]
12-09 09:54:32.111 11394 11394 E LoadedApk: 	at dalvik.system.BaseDexClassLoader.findClass(BaseDexClassLoader.java:134)
12-09 09:54:32.111 11394 11394 E LoadedApk: 	at java.lang.ClassLoader.loadClass(ClassLoader.java:379)
12-09 09:54:32.111 11394 11394 E LoadedApk: 	at java.lang.ClassLoader.loadClass(ClassLoader.java:312)
12-09 09:54:32.111 11394 11394 E LoadedApk: 	at android.app.LoadedApk.createAppFactory(LoadedApk.java:226)
12-09 09:54:32.111 11394 11394 E LoadedApk: 	at android.app.LoadedApk.createOrUpdateClassLoaderLocked(LoadedApk.java:731)
12-09 09:54:32.111 11394 11394 E LoadedApk: 	at android.app.LoadedApk.getClassLoader(LoadedApk.java:810)
12-09 09:54:32.111 11394 11394 E LoadedApk: 	at android.app.LoadedApk.getResources(LoadedApk.java:1032)
12-09 09:54:32.111 11394 11394 E LoadedApk: 	at android.app.ContextImpl.createAppContext(ContextImpl.java:2345)
12-09 09:54:32.111 11394 11394 E LoadedApk: 	at android.app.ActivityThread.handleBindApplication(ActivityThread.java:5749)
12-09 09:54:32.111 11394 11394 E LoadedApk: 	at android.app.ActivityThread.access$1100(ActivityThread.java:199)
12-09 09:54:32.111 11394 11394 E LoadedApk: 	at android.app.ActivityThread$H.handleMessage(ActivityThread.java:1650)
12-09 09:54:32.111 11394 11394 E LoadedApk: 	at android.os.Handler.dispatchMessage(Handler.java:106)
12-09 09:54:32.111 11394 11394 E LoadedApk: 	at android.os.Looper.loop(Looper.java:193)
12-09 09:54:32.111 11394 11394 E LoadedApk: 	at android.app.ActivityThread.main(ActivityThread.java:6669)
12-09 09:54:32.111 11394 11394 E LoadedApk: 	at java.lang.reflect.Method.invoke(Native Method)
12-09 09:54:32.111 11394 11394 E LoadedApk: 	at com.android.internal.os.RuntimeInit$MethodAndArgsCaller.run(RuntimeInit.java:493)
12-09 09:54:32.111 11394 11394 E LoadedApk: 	at com.android.internal.os.ZygoteInit.main(ZygoteInit.java:858)
12-09 09:54:32.992 11421 11421 E com.ustwo.lwp: Not starting debugger since process cannot load the jdwp agent.
12-09 09:54:33.927  2342  2342 E SchedPolicy: set_timerslack_ns write failed: Operation not permitted
12-09 09:54:40.719  2342  2342 E SchedPolicy: set_timerslack_ns write failed: Operation not permitted
12-09 09:54:47.619  2342  2342 E SchedPolicy: set_timerslack_ns write failed: Operation not permitted
12-09 09:54:54.421  2342  2342 E SchedPolicy: set_timerslack_ns write failed: Operation not permitted
12-09 09:55:13.944  1834  1834 E netmgr  : Failed to open QEMU pipe 'qemud:network': Invalid argument
12-09 09:55:13.944  1834  1834 E netmgr  : WifiForwarder unable to open QEMU pipe: Invalid argument
12-09 09:55:20.084  2342  2342 E SchedPolicy: set_timerslack_ns write failed: Operation not permitted
12-09 09:55:21.966  1739  1762 E storaged: getDiskStats failed with result NOT_SUPPORTED and size 0
12-09 09:55:24.244  2342  2342 E SchedPolicy: set_timerslack_ns write failed: Operation not permitted
12-09 09:56:13.953  1834  1834 E netmgr  : Failed to open QEMU pipe 'qemud:network': Invalid argument
12-09 09:56:13.953  1834  1834 E netmgr  : WifiForwarder unable to open QEMU pipe: Invalid argument
12-09 09:56:21.970  1739  1762 E storaged: getDiskStats failed with result NOT_SUPPORTED and size 0
12-09 09:57:13.976  1834  1834 E netmgr  : Failed to open QEMU pipe 'qemud:network': Invalid argument
12-09 09:57:13.977  1834  1834 E netmgr  : WifiForwarder unable to open QEMU pipe: Invalid argument
12-09 09:57:21.972  1739  1762 E storaged: getDiskStats failed with result NOT_SUPPORTED and size 0
12-09 09:57:26.544 11463 11463 E hod.latin:trai: Not starting debugger since process cannot load the jdwp agent.
