--------- beginning of main
--------- beginning of system
12-07 22:40:20.613  1632  1632 E lowmemorykiller: Error writing /proc/11767/oom_score_adj; errno=22
12-07 22:40:20.723  1632  1632 E lowmemorykiller: Error writing /proc/11767/oom_score_adj; errno=22
12-07 22:40:21.828 16506 10808 E ctxmgr  : [AppIntervalImpl]closeInterval: ongoing
12-07 22:40:21.856 16506 10808 E ctxmgr  : [AppIntervalImpl]closeInterval: ongoing
12-07 22:40:24.332  1729  1931 E         : Couldn't opendir /data/app/vmdl142815892.tmp: No such file or directory
12-07 22:40:24.332  1729  1931 E installd: Failed to delete /data/app/vmdl142815892.tmp: No such file or directory
12-07 22:40:24.782 12162 12162 E droid.apps.doc: Not starting debugger since process cannot load the jdwp agent.
12-07 22:40:25.887 12182 12182 E ocess.gservice: Not starting debugger since process cannot load the jdwp agent.
12-07 22:40:26.711 12162 12162 E DocsApplication: [main] No default account found during application creation.
12-07 22:40:27.600 12217 12217 E harlton.mileag: Not starting debugger since process cannot load the jdwp agent.
12-07 22:40:29.755 16085 31762 E putmethod.lati: Invalid ID 0x00000001.
12-07 22:40:29.766 16085 31762 E LstmTrainingCache: emn: Can't get resource name for input slot
12-07 22:40:29.766 16085 31762 E LstmTrainingCache: android.content.res.Resources$NotFoundException: Unable to find resource ID #0x1
12-07 22:40:29.766 16085 31762 E LstmTrainingCache: 	at android.content.res.ResourcesImpl.getResourceName(ResourcesImpl.java:255)
12-07 22:40:29.766 16085 31762 E LstmTrainingCache: 	at android.content.res.Resources.getResourceName(Resources.java:1954)
12-07 22:40:29.766 16085 31762 E LstmTrainingCache: 	at emn.a(PG:12)
12-07 22:40:29.766 16085 31762 E LstmTrainingCache: 	at emk.run(PG:5)
12-07 22:40:29.766 16085 31762 E LstmTrainingCache: 	at java.lang.Thread.run(Thread.java:764)
12-07 22:40:32.771 16085 16085 E native  : suggestion-transformer.cc:118 suggestion picked candidate not found for id: 12
12-07 22:40:32.780 16085 16085 E native  : suggestion-transformer.cc:118 suggestion picked candidate not found for id: 12
12-07 22:40:33.554  1737  1809 E storaged: getDiskStats failed with result NOT_SUPPORTED and size 0
12-07 22:40:36.873 16085 31762 E putmethod.lati: Invalid ID 0x00000001.
12-07 22:40:36.881 16085 31762 E LstmTrainingCache: emn: Can't get resource name for input slot
12-07 22:40:36.881 16085 31762 E LstmTrainingCache: android.content.res.Resources$NotFoundException: Unable to find resource ID #0x1
12-07 22:40:36.881 16085 31762 E LstmTrainingCache: 	at android.content.res.ResourcesImpl.getResourceName(ResourcesImpl.java:255)
12-07 22:40:36.881 16085 31762 E LstmTrainingCache: 	at android.content.res.Resources.getResourceName(Resources.java:1954)
12-07 22:40:36.881 16085 31762 E LstmTrainingCache: 	at emn.a(PG:12)
12-07 22:40:36.881 16085 31762 E LstmTrainingCache: 	at emk.run(PG:5)
12-07 22:40:36.881 16085 31762 E LstmTrainingCache: 	at java.lang.Thread.run(Thread.java:764)
12-07 22:41:00.881 12217 12217 E WindowManager: 
12-07 22:41:00.881 12217 12217 E WindowManager: android.view.WindowLeaked: Activity com.evancharlton.mileage.FieldActivity has leaked window DecorView@c088344[FieldActivity] that was originally added here
12-07 22:41:00.881 12217 12217 E WindowManager: 	at android.view.ViewRootImpl.<init>(ViewRootImpl.java:511)
12-07 22:41:00.881 12217 12217 E WindowManager: 	at android.view.WindowManagerGlobal.addView(WindowManagerGlobal.java:346)
12-07 22:41:00.881 12217 12217 E WindowManager: 	at android.view.WindowManagerImpl.addView(WindowManagerImpl.java:93)
12-07 22:41:00.881 12217 12217 E WindowManager: 	at com.android.internal.policy.PhoneWindow.openPanel(PhoneWindow.java:887)
12-07 22:41:00.881 12217 12217 E WindowManager: 	at com.android.internal.policy.PhoneWindow.onKeyUpPanel(PhoneWindow.java:1104)
12-07 22:41:00.881 12217 12217 E WindowManager: 	at com.android.internal.policy.PhoneWindow.onKeyUp(PhoneWindow.java:2007)
12-07 22:41:00.881 12217 12217 E WindowManager: 	at com.android.internal.policy.DecorView.dispatchKeyEvent(DecorView.java:350)
12-07 22:41:00.881 12217 12217 E WindowManager: 	at android.view.ViewRootImpl$ViewPostImeInputStage.processKeyEvent(ViewRootImpl.java:5037)
12-07 22:41:00.881 12217 12217 E WindowManager: 	at android.view.ViewRootImpl$ViewPostImeInputStage.onProcess(ViewRootImpl.java:4905)
12-07 22:41:00.881 12217 12217 E WindowManager: 	at android.view.ViewRootImpl$InputStage.deliver(ViewRootImpl.java:4426)
12-07 22:41:00.881 12217 12217 E WindowManager: 	at android.view.ViewRootImpl$InputStage.onDeliverToNext(ViewRootImpl.java:4479)
12-07 22:41:00.881 12217 12217 E WindowManager: 	at android.view.ViewRootImpl$InputStage.forward(ViewRootImpl.java:4445)
12-07 22:41:00.881 12217 12217 E WindowManager: 	at android.view.ViewRootImpl$AsyncInputStage.forward(ViewRootImpl.java:4585)
12-07 22:41:00.881 12217 12217 E WindowManager: 	at android.view.ViewRootImpl$InputStage.apply(ViewRootImpl.java:4453)
12-07 22:41:00.881 12217 12217 E WindowManager: 	at android.view.ViewRootImpl$AsyncInputStage.apply(ViewRootImpl.java:4642)
12-07 22:41:00.881 12217 12217 E WindowManager: 	at android.view.ViewRootImpl$InputStage.deliver(ViewRootImpl.java:4426)
12-07 22:41:00.881 12217 12217 E WindowManager: 	at android.view.ViewRootImpl$InputStage.onDeliverToNext(ViewRootImpl.java:4479)
12-07 22:41:00.881 12217 12217 E WindowManager: 	at android.view.ViewRootImpl$InputStage.forward(ViewRootImpl.java:4445)
12-07 22:41:00.881 12217 12217 E WindowManager: 	at android.view.ViewRootImpl$InputStage.apply(ViewRootImpl.java:4453)
12-07 22:41:00.881 12217 12217 E WindowManager: 	at android.view.ViewRootImpl$InputStage.deliver(ViewRootImpl.java:4426)
12-07 22:41:00.881 12217 12217 E WindowManager: 	at android.view.ViewRootImpl$InputStage.onDeliverToNext(ViewRootImpl.java:4479)
12-07 22:41:00.881 12217 12217 E WindowManager: 	at android.view.ViewRootImpl$InputStage.forward(ViewRootImpl.java:4445)
12-07 22:41:00.881 12217 12217 E WindowManager: 	at android.view.ViewRootImpl$AsyncInputStage.forward(ViewRootImpl.java:4618)
12-07 22:41:00.881 12217 12217 E WindowManager: 	at android.view.ViewRootImpl$ImeInputStage.onFinishedInputEvent(ViewRootImpl.java:4779)
12-07 22:41:00.881 12217 12217 E WindowManager: 	at android.view.inputmethod.InputMethodManager$PendingEvent.run(InputMethodManager.java:2571)
12-07 22:41:00.881 12217 12217 E WindowManager: 	at android.view.inputmethod.InputMethodManager.invokeFinishedInputEventCallback(InputMethodManager.java:2081)
12-07 22:41:00.881 12217 12217 E WindowManager: 	at android.view.inputmethod.InputMethodManager.finishedInputEvent(InputMethodManager.java:2072)
12-07 22:41:00.881 12217 12217 E WindowManager: 	at android.view.inputmethod.InputMethodManager$ImeInputEventSender.onInputEventFinished(InputMethodManager.java:2548)
12-07 22:41:00.881 12217 12217 E WindowManager: 	at android.view.InputEventSender.dispatchInputEventFinished(InputEventSender.java:141)
12-07 22:41:00.881 12217 12217 E WindowManager: 	at android.os.MessageQueue.nativePollOnce(Native Method)
12-07 22:41:00.881 12217 12217 E WindowManager: 	at android.os.MessageQueue.next(MessageQueue.java:326)
12-07 22:41:00.881 12217 12217 E WindowManager: 	at android.os.Looper.loop(Looper.java:160)
12-07 22:41:00.881 12217 12217 E WindowManager: 	at android.app.ActivityThread.main(ActivityThread.java:6669)
12-07 22:41:00.881 12217 12217 E WindowManager: 	at java.lang.reflect.Method.invoke(Native Method)
12-07 22:41:00.881 12217 12217 E WindowManager: 	at com.android.internal.os.RuntimeInit$MethodAndArgsCaller.run(RuntimeInit.java:493)
12-07 22:41:00.881 12217 12217 E WindowManager: 	at com.android.internal.os.ZygoteInit.main(ZygoteInit.java:858)
12-07 22:41:02.284 10641 10641 E ContextIntentStarter: No activity found for any of the 0 intents
12-07 22:41:10.876  1829  1829 E netmgr  : Failed to open QEMU pipe 'qemud:network': Invalid argument
12-07 22:41:10.876  1829  1829 E netmgr  : WifiForwarder unable to open QEMU pipe: Invalid argument
12-07 22:41:13.622 15927 12287 E audio_hw_generic: pcm_open(in) failed: cannot open device '/dev/snd/pcmC0D0c': Device or resource busy: channels 2 format 0 rate 16000
12-07 22:41:33.570  1737  1809 E storaged: getDiskStats failed with result NOT_SUPPORTED and size 0
12-07 22:42:10.880  1829  1829 E netmgr  : Failed to open QEMU pipe 'qemud:network': Invalid argument
12-07 22:42:10.881  1829  1829 E netmgr  : WifiForwarder unable to open QEMU pipe: Invalid argument
12-07 22:42:33.575  1737  1809 E storaged: getDiskStats failed with result NOT_SUPPORTED and size 0
12-07 22:43:10.942  1829  1829 E netmgr  : Failed to open QEMU pipe 'qemud:network': Invalid argument
12-07 22:43:10.942  1829  1829 E netmgr  : WifiForwarder unable to open QEMU pipe: Invalid argument
12-07 22:43:33.577  1737  1809 E storaged: getDiskStats failed with result NOT_SUPPORTED and size 0
12-07 22:44:10.951  1829  1829 E netmgr  : Failed to open QEMU pipe 'qemud:network': Invalid argument
12-07 22:44:10.952  1829  1829 E netmgr  : WifiForwarder unable to open QEMU pipe: Invalid argument
12-07 22:44:21.148 12351 12351 E id.gms.learnin: Not starting debugger since process cannot load the jdwp agent.
12-07 22:44:24.446 16506 12137 E NetworkScheduler.ATC: Called cancelTask for already completed task com.google.android.gms/.learning.training.background.TrainingGcmTaskService{u=0 tag="com.google.android.gms.learning.BACKGROUND_TRAINING_TASK" trigger=window{period=900s,flex=600s,earliest=-603s,latest=-3s} requirements=[NET_ANY,CHARGING,DEVICE_IDLE] attributes=[PERSISTED,RECURRING] scheduled=-903s last_run=-3s jid=N/A status=ACTIVE retries=0 client_lib=MANCHEGO_GCM-14799000} :RESCHEDULED
12-07 22:44:24.616 12376 12376 E droid.apps.map: Not starting debugger since process cannot load the jdwp agent.
12-07 22:44:25.648 12409 12409 E e.process.gapp: Not starting debugger since process cannot load the jdwp agent.
12-07 22:44:33.602  1737  1809 E storaged: getDiskStats failed with result NOT_SUPPORTED and size 0
12-07 22:44:53.601 16788 17129 E PlayCommon: [121] com.google.android.play.b.g.a(448): Failed to connect to server: java.net.UnknownHostException: Unable to resolve host "play.googleapis.com": No address associated with hostname
12-07 22:45:07.703 15976 15989 E memtrack: Couldn't load memtrack module
12-07 22:45:07.806 15976 15989 E memtrack: Couldn't load memtrack module
12-07 22:45:07.863 15976 15989 E memtrack: Couldn't load memtrack module
12-07 22:45:11.013  1829  1829 E netmgr  : Failed to open QEMU pipe 'qemud:network': Invalid argument
12-07 22:45:11.013  1829  1829 E netmgr  : WifiForwarder unable to open QEMU pipe: Invalid argument
12-07 22:45:11.966 16085 16085 E native  : suggestion-transformer.cc:118 suggestion picked candidate not found for id: 3
12-07 22:45:13.083 15976 17388 E WindowManager: Performed 6 layouts in a row. Skipping
12-07 22:45:13.123 15976 17388 E WindowManager: Performed 6 layouts in a row. Skipping
12-07 22:45:13.176 15976 16026 E WindowManager: Performed 6 layouts in a row. Skipping
12-07 22:45:13.222 15976 16026 E WindowManager: Performed 6 layouts in a row. Skipping
12-07 22:45:13.266 15976 16026 E WindowManager: Performed 6 layouts in a row. Skipping
12-07 22:45:13.366 15976 16026 E WindowManager: Performed 6 layouts in a row. Skipping
12-07 22:45:13.405 15976 15991 E WindowManager: Performed 6 layouts in a row. Skipping
12-07 22:45:13.438 15976 17388 E WindowManager: Performed 6 layouts in a row. Skipping
12-07 22:45:13.483 15976 16026 E WindowManager: Performed 6 layouts in a row. Skipping
12-07 22:45:13.791 15976 16026 E WindowManager: Performed 6 layouts in a row. Skipping
12-07 22:45:13.816 15976 16026 E WindowManager: Performed 6 layouts in a row. Skipping
