--------- beginning of main
--------- beginning of system
12-08 04:21:42.999  1881  3968 E WindowManager: Performed 6 layouts in a row. Skipping
12-08 04:21:43.020  1881  1934 E WindowManager: Performed 6 layouts in a row. Skipping
12-08 04:21:43.091  1881  1934 E WindowManager: Performed 6 layouts in a row. Skipping
12-08 04:21:43.112  1881  3968 E WindowManager: Performed 6 layouts in a row. Skipping
12-08 04:21:43.137  1881  1934 E WindowManager: Performed 6 layouts in a row. Skipping
12-08 04:21:43.166  1881  1934 E WindowManager: Performed 6 layouts in a row. Skipping
12-08 04:21:43.192  1881  1934 E WindowManager: Performed 6 layouts in a row. Skipping
12-08 04:21:43.256  1881  1934 E WindowManager: Performed 6 layouts in a row. Skipping
12-08 04:21:44.536  1738  1772 E storaged: getDiskStats failed with result NOT_SUPPORTED and size 0
12-08 04:21:45.044  1881  1895 E ActivityManager: Failure starting process com.evancharlton.mileage
12-08 04:21:45.044  1881  1895 E ActivityManager: java.lang.SecurityException: Package com.evancharlton.mileage is currently frozen!
12-08 04:21:45.044  1881  1895 E ActivityManager: 	at com.android.server.pm.PackageManagerService.checkPackageStartable(PackageManagerService.java:4000)
12-08 04:21:45.044  1881  1895 E ActivityManager: 	at com.android.server.am.ActivityManagerService.startProcessLocked(ActivityManagerService.java:4234)
12-08 04:21:45.044  1881  1895 E ActivityManager: 	at com.android.server.am.ActivityManagerService.startProcessLocked(ActivityManagerService.java:4199)
12-08 04:21:45.044  1881  1895 E ActivityManager: 	at com.android.server.am.ActivityManagerService.startProcessLocked(ActivityManagerService.java:4181)
12-08 04:21:45.044  1881  1895 E ActivityManager: 	at com.android.server.am.ActivityManagerService.startProcessLocked(ActivityManagerService.java:4067)
12-08 04:21:45.044  1881  1895 E ActivityManager: 	at com.android.server.am.ActivityStackSupervisor.startSpecificActivityLocked(ActivityStackSupervisor.java:1715)
12-08 04:21:45.044  1881  1895 E ActivityManager: 	at com.android.server.am.ActivityStack.resumeTopActivityInnerLocked(ActivityStack.java:2764)
12-08 04:21:45.044  1881  1895 E ActivityManager: 	at com.android.server.am.ActivityStack.resumeTopActivityUncheckedLocked(ActivityStack.java:2302)
12-08 04:21:45.044  1881  1895 E ActivityManager: 	at com.android.server.am.ActivityStackSupervisor.resumeFocusedStackTopActivityLocked(ActivityStackSupervisor.java:2234)
12-08 04:21:45.044  1881  1895 E ActivityManager: 	at com.android.server.am.ActivityStackSupervisor.resumeFocusedStackTopActivityLocked(ActivityStackSupervisor.java:2218)
12-08 04:21:45.044  1881  1895 E ActivityManager: 	at com.android.server.am.ActivityManagerService.handleAppDiedLocked(ActivityManagerService.java:5923)
12-08 04:21:45.044  1881  1895 E ActivityManager: 	at com.android.server.am.ActivityManagerService.removeProcessLocked(ActivityManagerService.java:7501)
12-08 04:21:45.044  1881  1895 E ActivityManager: 	at com.android.server.am.ActivityManagerService.killPackageProcessesLocked(ActivityManagerService.java:7142)
12-08 04:21:45.044  1881  1895 E ActivityManager: 	at com.android.server.am.ActivityManagerService.forceStopPackageLocked(ActivityManagerService.java:7275)
12-08 04:21:45.044  1881  1895 E ActivityManager: 	at com.android.server.am.ActivityManagerService$MainHandler.handleMessage(ActivityManagerService.java:2289)
12-08 04:21:45.044  1881  1895 E ActivityManager: 	at android.os.Handler.dispatchMessage(Handler.java:106)
12-08 04:21:45.044  1881  1895 E ActivityManager: 	at android.os.Looper.loop(Looper.java:193)
12-08 04:21:45.044  1881  1895 E ActivityManager: 	at android.os.HandlerThread.run(HandlerThread.java:65)
12-08 04:21:45.044  1881  1895 E ActivityManager: 	at com.android.server.ServiceThread.run(ServiceThread.java:44)
12-08 04:21:48.731  1730  1944 E         : Couldn't opendir /data/app/vmdl2027567778.tmp: No such file or directory
12-08 04:21:48.731  1730  1944 E installd: Failed to delete /data/app/vmdl2027567778.tmp: No such file or directory
12-08 04:21:49.836  2475 19856 E ChromeSync: [Sync,SyncIntentOperation] Error handling the intent: Intent { act=android.intent.action.PACKAGE_ADDED dat=package:com.evancharlton.mileage flg=0x4000010 cmp=com.google.android.gms/.chimera.GmsIntentOperationService (has extras) }.
12-08 04:21:51.236 19903 19903 E harlton.mileag: Not starting debugger since process cannot load the jdwp agent.
12-08 04:22:09.180  2448 18924 E ctxmgr  : [ProducerStatusImpl]updateStateForNewContextData: inactive, contextName=7
12-08 04:22:09.255  2448 18924 E ctxmgr  : [ProducerStatusImpl]updateStateForNewContextData: inactive, contextName=1
12-08 04:22:09.389  1881  4164 E WindowManager: Performed 6 layouts in a row. Skipping
12-08 04:22:09.417  1881  1934 E WindowManager: Performed 6 layouts in a row. Skipping
12-08 04:22:09.482  2448  2448 E BeaconBle: Missing BluetoothAdapter
12-08 04:22:09.472  1881  1934 E WindowManager: Performed 6 layouts in a row. Skipping
12-08 04:22:09.531  1881  1934 E WindowManager: Performed 6 layouts in a row. Skipping
12-08 04:22:09.563  1881  1934 E WindowManager: Performed 6 layouts in a row. Skipping
12-08 04:22:09.604  1881  1896 E WindowManager: Performed 6 layouts in a row. Skipping
12-08 04:22:09.646  1881  3671 E WindowManager: Performed 6 layouts in a row. Skipping
12-08 04:22:09.667  2448  2448 E BeaconBle: Scan couldn't start for Places
12-08 04:22:09.705  1881  1934 E WindowManager: Performed 6 layouts in a row. Skipping
12-08 04:22:09.817  1881  1934 E WindowManager: Performed 6 layouts in a row. Skipping
12-08 04:22:10.385  2494  2716 E PlayCommon: [101] com.google.android.play.b.g.a(448): Failed to connect to server: java.net.UnknownHostException: Unable to resolve host "play.googleapis.com": No address associated with hostname
12-08 04:22:11.496  2692  2692 E ContextIntentStarter: No activity found for any of the 0 intents
12-08 04:22:12.736  1611  1695 E audio_hw_generic: pcm_write failed cannot write stream data: I/O error
12-08 04:22:22.814  1611  1695 E audio_hw_generic: pcm_write failed cannot write stream data: I/O error
12-08 04:22:39.879  1828  1828 E netmgr  : Failed to open QEMU pipe 'qemud:network': Invalid argument
12-08 04:22:39.880  1828  1828 E netmgr  : WifiForwarder unable to open QEMU pipe: Invalid argument
12-08 04:22:44.542  1738  1772 E storaged: getDiskStats failed with result NOT_SUPPORTED and size 0
12-08 04:23:14.179  2475 19237 E SQLiteCastStore: Skip saving CastDeviceInfo: "Nearby device" (__cast_nearby___V_04c42902-5cd1-4934-8aa3-9071f00513b0)
12-08 04:23:24.360  1881  1894 E memtrack: Couldn't load memtrack module
12-08 04:23:30.575  1881  4115 E WindowManager: Performed 6 layouts in a row. Skipping
12-08 04:23:30.595  1881  1934 E WindowManager: Performed 6 layouts in a row. Skipping
12-08 04:23:30.621  1881  1934 E WindowManager: Performed 6 layouts in a row. Skipping
12-08 04:23:30.659  1881  1934 E WindowManager: Performed 6 layouts in a row. Skipping
12-08 04:23:30.680  1881  1934 E WindowManager: Performed 6 layouts in a row. Skipping
12-08 04:23:30.700  1881  1896 E WindowManager: Performed 6 layouts in a row. Skipping
12-08 04:23:30.765  1881  1934 E WindowManager: Performed 6 layouts in a row. Skipping
12-08 04:23:30.798  1881  1934 E WindowManager: Performed 6 layouts in a row. Skipping
12-08 04:23:30.826  1881  4493 E WindowManager: Performed 6 layouts in a row. Skipping
12-08 04:23:30.868  1881  4115 E WindowManager: Performed 6 layouts in a row. Skipping
12-08 04:23:30.895  1881  1934 E WindowManager: Performed 6 layouts in a row. Skipping
12-08 04:23:31.030  1881  1934 E WindowManager: Performed 6 layouts in a row. Skipping
12-08 04:23:31.067  1881  4115 E WindowManager: Performed 6 layouts in a row. Skipping
