--------- beginning of system
--------- beginning of main
12-09 05:38:29.976  1633  1633 E lowmemorykiller: Error opening /proc/22584/oom_score_adj; errno=2
12-09 05:38:29.976  1633  1633 E lowmemorykiller: Error opening /proc/4175/oom_score_adj; errno=2
12-09 05:38:29.984  1633  1633 E lowmemorykiller: Error opening /proc/4175/oom_score_adj; errno=2
12-09 05:38:30.724  1885  1899 E ActivityManager: Failure starting process com.evancharlton.mileage
12-09 05:38:30.724  1885  1899 E ActivityManager: java.lang.SecurityException: Package com.evancharlton.mileage is currently frozen!
12-09 05:38:30.724  1885  1899 E ActivityManager: 	at com.android.server.pm.PackageManagerService.checkPackageStartable(PackageManagerService.java:4000)
12-09 05:38:30.724  1885  1899 E ActivityManager: 	at com.android.server.am.ActivityManagerService.startProcessLocked(ActivityManagerService.java:4234)
12-09 05:38:30.724  1885  1899 E ActivityManager: 	at com.android.server.am.ActivityManagerService.startProcessLocked(ActivityManagerService.java:4199)
12-09 05:38:30.724  1885  1899 E ActivityManager: 	at com.android.server.am.ActivityManagerService.startProcessLocked(ActivityManagerService.java:4181)
12-09 05:38:30.724  1885  1899 E ActivityManager: 	at com.android.server.am.ActivityManagerService.startProcessLocked(ActivityManagerService.java:4067)
12-09 05:38:30.724  1885  1899 E ActivityManager: 	at com.android.server.am.ActivityStackSupervisor.startSpecificActivityLocked(ActivityStackSupervisor.java:1715)
12-09 05:38:30.724  1885  1899 E ActivityManager: 	at com.android.server.am.ActivityStack.resumeTopActivityInnerLocked(ActivityStack.java:2764)
12-09 05:38:30.724  1885  1899 E ActivityManager: 	at com.android.server.am.ActivityStack.resumeTopActivityUncheckedLocked(ActivityStack.java:2302)
12-09 05:38:30.724  1885  1899 E ActivityManager: 	at com.android.server.am.ActivityStackSupervisor.resumeFocusedStackTopActivityLocked(ActivityStackSupervisor.java:2234)
12-09 05:38:30.724  1885  1899 E ActivityManager: 	at com.android.server.am.ActivityStackSupervisor.resumeFocusedStackTopActivityLocked(ActivityStackSupervisor.java:2218)
12-09 05:38:30.724  1885  1899 E ActivityManager: 	at com.android.server.am.ActivityManagerService.handleAppDiedLocked(ActivityManagerService.java:5923)
12-09 05:38:30.724  1885  1899 E ActivityManager: 	at com.android.server.am.ActivityManagerService.removeProcessLocked(ActivityManagerService.java:7501)
12-09 05:38:30.724  1885  1899 E ActivityManager: 	at com.android.server.am.ActivityManagerService.killPackageProcessesLocked(ActivityManagerService.java:7142)
12-09 05:38:30.724  1885  1899 E ActivityManager: 	at com.android.server.am.ActivityManagerService.forceStopPackageLocked(ActivityManagerService.java:7275)
12-09 05:38:30.724  1885  1899 E ActivityManager: 	at com.android.server.am.ActivityManagerService$MainHandler.handleMessage(ActivityManagerService.java:2289)
12-09 05:38:30.724  1885  1899 E ActivityManager: 	at android.os.Handler.dispatchMessage(Handler.java:106)
12-09 05:38:30.724  1885  1899 E ActivityManager: 	at android.os.Looper.loop(Looper.java:193)
12-09 05:38:30.724  1885  1899 E ActivityManager: 	at android.os.HandlerThread.run(HandlerThread.java:65)
12-09 05:38:30.724  1885  1899 E ActivityManager: 	at com.android.server.ServiceThread.run(ServiceThread.java:44)
12-09 05:38:31.873 26656 26656 E id.defcontaine: Not starting debugger since process cannot load the jdwp agent.
12-09 05:38:31.965 26670 26670 E ndroid.keychai: Not starting debugger since process cannot load the jdwp agent.
12-09 05:38:32.044 26686 26686 E oid.documentsu: Not starting debugger since process cannot load the jdwp agent.
12-09 05:38:32.895  2378 26653 E ctxmgr  : [ProducerStatusImpl]updateStateForNewContextData: inactive, contextName=7
12-09 05:38:33.165 26734 26734 E droid.apps.doc: Not starting debugger since process cannot load the jdwp agent.
12-09 05:38:33.470  2378  2378 E BeaconBle: Scan couldn't start for Places
12-09 05:38:34.715 26734 26734 E DocsApplication: [main] No default account found during application creation.
12-09 05:38:35.553  1731  1935 E         : Couldn't opendir /data/app/vmdl1146735054.tmp: No such file or directory
12-09 05:38:35.553  1731  1935 E installd: Failed to delete /data/app/vmdl1146735054.tmp: No such file or directory
12-09 05:38:37.632 26800 26800 E harlton.mileag: Not starting debugger since process cannot load the jdwp agent.
12-09 05:38:39.184  1994  7294 E putmethod.lati: Invalid ID 0x00000001.
12-09 05:38:39.187  1994  7294 E LstmTrainingCache: emn: Can't get resource name for input slot
12-09 05:38:39.187  1994  7294 E LstmTrainingCache: android.content.res.Resources$NotFoundException: Unable to find resource ID #0x1
12-09 05:38:39.187  1994  7294 E LstmTrainingCache: 	at android.content.res.ResourcesImpl.getResourceName(ResourcesImpl.java:255)
12-09 05:38:39.187  1994  7294 E LstmTrainingCache: 	at android.content.res.Resources.getResourceName(Resources.java:1954)
12-09 05:38:39.187  1994  7294 E LstmTrainingCache: 	at emn.a(PG:12)
12-09 05:38:39.187  1994  7294 E LstmTrainingCache: 	at emk.run(PG:5)
12-09 05:38:39.187  1994  7294 E LstmTrainingCache: 	at java.lang.Thread.run(Thread.java:764)
12-09 05:38:42.238  1994  7294 E putmethod.lati: Invalid ID 0x00000001.
12-09 05:38:42.240  1994  7294 E LstmTrainingCache: emn: Can't get resource name for input slot
12-09 05:38:42.240  1994  7294 E LstmTrainingCache: android.content.res.Resources$NotFoundException: Unable to find resource ID #0x1
12-09 05:38:42.240  1994  7294 E LstmTrainingCache: 	at android.content.res.ResourcesImpl.getResourceName(ResourcesImpl.java:255)
12-09 05:38:42.240  1994  7294 E LstmTrainingCache: 	at android.content.res.Resources.getResourceName(Resources.java:1954)
12-09 05:38:42.240  1994  7294 E LstmTrainingCache: 	at emn.a(PG:12)
12-09 05:38:42.240  1994  7294 E LstmTrainingCache: 	at emk.run(PG:5)
12-09 05:38:42.240  1994  7294 E LstmTrainingCache: 	at java.lang.Thread.run(Thread.java:764)
12-09 05:38:42.744 26800 26800 E SpannableStringBuilder: SPAN_EXCLUSIVE_EXCLUSIVE spans cannot have a zero length
12-09 05:38:42.744 26800 26800 E SpannableStringBuilder: SPAN_EXCLUSIVE_EXCLUSIVE spans cannot have a zero length
12-09 05:38:45.872  1885  2494 E InputMethodManagerService: Ignoring com.android.server.InputMethodManagerService.updateStatusIcon:2188 due to an invalid token. uid:10060 token:android.os.Binder@4836cc2
12-09 05:38:45.950  1994  1994 E EmojiSearchExtension: com.google.android.apps.inputmethod.libs.search.emoji.EmojiSearchExtension: Cannot deactivate emoji search JNI; null locale
12-09 05:38:47.585  2378 26575 E ctxmgr  : [ProducerStatusImpl]updateStateForNewContextData: inactive, contextName=7
12-09 05:38:47.879  2720 26571 E cr_CronetUrlRequestContext: Exception in upload method
12-09 05:38:47.879  2720 26571 E cr_CronetUrlRequestContext: com.google.android.apps.gsa.shared.exception.GsaIOException: Error code: 262182
12-09 05:38:47.879  2720 26571 E cr_CronetUrlRequestContext: 	at com.google.android.apps.gsa.shared.io.bn.abort(SourceFile:12)
12-09 05:38:47.879  2720 26571 E cr_CronetUrlRequestContext: 	at com.google.android.libraries.gsa.d.a.ay.abort(SourceFile:28)
12-09 05:38:47.879  2720 26571 E cr_CronetUrlRequestContext: 	at com.google.android.libraries.gsa.d.a.bq.e(SourceFile:22)
12-09 05:38:47.879  2720 26571 E cr_CronetUrlRequestContext: 	at com.google.android.libraries.gsa.d.a.a.disconnect(SourceFile:25)
12-09 05:38:47.879  2720 26571 E cr_CronetUrlRequestContext: 	at com.google.android.libraries.gsa.d.a.b.run(SourceFile:5)
12-09 05:38:47.879  2720 26571 E cr_CronetUrlRequestContext: 	at com.google.common.r.a.ar.execute(SourceFile:3)
12-09 05:38:47.879  2720 26571 E cr_CronetUrlRequestContext: 	at com.google.common.r.a.d.a(SourceFile:262)
12-09 05:38:47.879  2720 26571 E cr_CronetUrlRequestContext: 	at com.google.common.r.a.d.a(SourceFile:223)
12-09 05:38:47.879  2720 26571 E cr_CronetUrlRequestContext: 	at com.google.common.r.a.d.cancel(SourceFile:121)
12-09 05:38:47.879  2720 26571 E cr_CronetUrlRequestContext: 	at com.google.common.r.a.d.m(SourceFile:235)
12-09 05:38:47.879  2720 26571 E cr_CronetUrlRequestContext: 	at com.google.common.r.a.q.afterDone(SourceFile:27)
12-09 05:38:47.879  2720 26571 E cr_CronetUrlRequestContext: 	at com.google.common.r.a.d.a(SourceFile:207)
12-09 05:38:47.879  2720 26571 E cr_CronetUrlRequestContext: 	at com.google.common.r.a.d.cancel(SourceFile:121)
12-09 05:38:47.879  2720 26571 E cr_CronetUrlRequestContext: 	at com.google.common.r.a.d.m(SourceFile:235)
12-09 05:38:47.879  2720 26571 E cr_CronetUrlRequestContext: 	at com.google.common.r.a.q.afterDone(SourceFile:27)
12-09 05:38:47.879  2720 26571 E cr_CronetUrlRequestContext: 	at com.google.common.r.a.d.a(SourceFile:207)
12-09 05:38:47.879  2720 26571 E cr_CronetUrlRequestContext: 	at com.google.common.r.a.d.cancel(SourceFile:121)
12-09 05:38:47.879  2720 26571 E cr_CronetUrlRequestContext: 	at com.google.common.r.a.d.m(SourceFile:235)
12-09 05:38:47.879  2720 26571 E cr_CronetUrlRequestContext: 	at com.google.common.r.a.q.afterDone(SourceFile:27)
12-09 05:38:47.879  2720 26571 E cr_CronetUrlRequestContext: 	at com.google.common.r.a.d.a(SourceFile:207)
12-09 05:38:47.879  2720 26571 E cr_CronetUrlRequestContext: 	at com.google.common.r.a.d.cancel(SourceFile:121)
12-09 05:38:47.879  2720 26571 E cr_CronetUrlRequestContext: 	at com.google.common.r.a.d.m(SourceFile:235)
12-09 05:38:47.879  2720 26571 E cr_CronetUrlRequestContext: 	at com.google.common.r.a.q.afterDone(SourceFile:27)
12-09 05:38:47.879  2720 26571 E cr_CronetUrlRequestContext: 	at com.google.common.r.a.d.a(SourceFile:207)
12-09 05:38:47.879  2720 26571 E cr_CronetUrlRequestContext: 	at com.google.common.r.a.d.cancel(SourceFile:121)
12-09 05:38:47.879  2720 26571 E cr_CronetUrlRequestContext: 	at com.google.common.r.a.d.m(SourceFile:235)
12-09 05:38:47.879  2720 26571 E cr_CronetUrlRequestContext: 	at com.google.common.r.a.a.afterDone(SourceFile:42)
12-09 05:38:47.879  2720 26571 E cr_CronetUrlRequestContext: 	at com.google.common.r.a.d.a(SourceFile:207)
12-09 05:38:47.879  2720 26571 E cr_CronetUrlRequestContext: 	at com.google.common.r.a.d.cancel(SourceFile:121)
12-09 05:38:47.879  2720 26571 E cr_CronetUrlRequestContext: 	at com.google.common.r.a.ay.cancel(SourceFile:2)
12-09 05:38:47.879  2720 26571 E cr_CronetUrlRequestContext: 	at com.google.android.apps.gsa.s3.r.l(SourceFile:48)
12-09 05:38:47.879  2720 26571 E cr_CronetUrlRequestContext: 	at com.google.android.apps.gsa.s3.s.aws(SourceFile:35)
12-09 05:38:47.879  2720 26571 E cr_CronetUrlRequestContext: 	at com.google.android.apps.gsa.s3.u.run(SourceFile:21)
12-09 05:38:47.879  2720 26571 E cr_CronetUrlRequestContext: 	at java.util.concurrent.Executors$RunnableAdapter.call(Executors.java:458)
12-09 05:38:47.879  2720 26571 E cr_CronetUrlRequestContext: 	at java.util.concurrent.FutureTask.run(FutureTask.java:266)
12-09 05:38:47.879  2720 26571 E cr_CronetUrlRequestContext: 	at com.google.android.apps.gsa.shared.util.concurrent.b.i.run(Unknown Source:4)
12-09 05:38:47.879  2720 26571 E cr_CronetUrlRequestContext: 	at com.google.android.apps.gsa.shared.util.concurrent.b.bs.run(SourceFile:3)
12-09 05:38:47.879  2720 26571 E cr_CronetUrlRequestContext: 	at com.google.android.apps.gsa.shared.util.concurrent.b.bs.run(SourceFile:3)
12-09 05:38:47.879  2720 26571 E cr_CronetUrlRequestContext: 	at java.util.concurrent.ThreadPoolExecutor.runWorker(ThreadPoolExecutor.java:1167)
12-09 05:38:47.879  2720 26571 E cr_CronetUrlRequestContext: 	at java.util.concurrent.ThreadPoolExecutor$Worker.run(ThreadPoolExecutor.java:641)
12-09 05:38:47.879  2720 26571 E cr_CronetUrlRequestContext: 	at java.lang.Thread.run(Thread.java:764)
12-09 05:38:47.879  2720 26571 E cr_CronetUrlRequestContext: 	at com.google.android.apps.gsa.shared.util.concurrent.b.o.run(SourceFile:6)
12-09 05:38:48.173  2378  2378 E BeaconBle: Scan couldn't start for Places
12-09 05:38:56.343  2378 26875 E ctxmgr  : [ProducerStatusImpl]updateStateForNewContextData: inactive, contextName=7
12-09 05:38:56.539  2378  2378 E BeaconBle: Scan couldn't start for Places
12-09 05:39:03.918 26890 26890 E oid.apps.photo: Not starting debugger since process cannot load the jdwp agent.
12-09 05:39:04.288  2720  2720 E ContextIntentStarter: No activity found for any of the 0 intents
12-09 05:39:04.731 26911 26911 E ocess.gservice: Not starting debugger since process cannot load the jdwp agent.
12-09 05:39:10.611  1834  1834 E netmgr  : Failed to open QEMU pipe 'qemud:network': Invalid argument
12-09 05:39:10.611  1834  1834 E netmgr  : WifiForwarder unable to open QEMU pipe: Invalid argument
12-09 05:39:11.650 26960 26960 E boxed_process1: Not starting debugger since process cannot load the jdwp agent.
12-09 05:39:12.791  2720  2720 E ClientVe: Failed to create ClientVisualElementsProto for user interaction on view com.google.android.apps.gsa.searchbox.ui.suggestions.views.CoreSuggestionView{8a8bd99 VFE...CL. ...P.... 0,436-1038,583 #dd} because the view is not tagged for visual element logging.
12-09 05:39:12.889  2720  2720 E ClientVe: Failed to create ClientVisualElementsProto for user interaction on view com.google.android.apps.gsa.searchbox.ui.suggestions.views.CoreSuggestionView{ea6e6e0 VFE...CL. ...P.... 0,289-1038,436 #dc} because the view is not tagged for visual element logging.
12-09 05:39:13.255  2720  2720 E ClientVe: Failed to create ClientVisualElementsProto for user interaction on view com.google.android.apps.gsa.searchbox.ui.suggestions.views.CoreSuggestionView{2205ce3 VFE...CL. ...P.... 0,142-1038,289 #db} because the view is not tagged for visual element logging.
12-09 05:39:13.684  2720  2720 E ClientVe: Failed to create ClientVisualElementsProto for user interaction on view com.google.android.apps.gsa.searchbox.ui.suggestions.views.CoreSuggestionView{ea6e6e0 VFE...CL. ...P.... 0,289-1038,436 #dc} because the view is not tagged for visual element logging.
12-09 05:39:13.690  2720  2720 E ClientVe: Failed to create ClientVisualElementsProto for user interaction on view com.google.android.apps.gsa.searchbox.ui.suggestions.views.CoreSuggestionView{ea6e6e0 VFE...CL. ...P.... 0,289-1038,436 #dc} because the view is not tagged for visual element logging.
12-09 05:39:14.097  1885  1898 E memtrack: Couldn't load memtrack module
12-09 05:39:14.232  2720  2720 E ClientVe: Failed to create ClientVisualElementsProto for user interaction on view com.google.android.apps.gsa.searchbox.ui.suggestions.views.CoreSuggestionView{6f3885e VFE...CL. ...P.... 0,583-1038,730 #de} because the view is not tagged for visual element logging.
12-09 05:39:16.479  2720  2728 E ReloadingLock: Finalizing LOCKED Token[searchresults_activity 2018-12-09 05:39:15.001]
12-09 05:39:16.541 26995 26995 E .android.chrom: Not starting debugger since process cannot load the jdwp agent.
12-09 05:39:17.097  1739  1762 E storaged: getDiskStats failed with result NOT_SUPPORTED and size 0
12-09 05:39:21.073  1885  1898 E memtrack: Couldn't load memtrack module
12-09 05:39:26.869 26800 26800 E SpannableStringBuilder: SPAN_EXCLUSIVE_EXCLUSIVE spans cannot have a zero length
12-09 05:39:26.869 26800 26800 E SpannableStringBuilder: SPAN_EXCLUSIVE_EXCLUSIVE spans cannot have a zero length
12-09 05:39:27.420  1885  2149 E WindowManager: Performed 6 layouts in a row. Skipping
12-09 05:39:27.441  1885  1938 E WindowManager: Performed 6 layouts in a row. Skipping
12-09 05:39:27.500  1885  1938 E WindowManager: Performed 6 layouts in a row. Skipping
12-09 05:39:27.530  1885  1938 E WindowManager: Performed 6 layouts in a row. Skipping
12-09 05:39:27.554  1885  1938 E WindowManager: Performed 6 layouts in a row. Skipping
12-09 05:39:27.569  1885  1896 E WindowManager: Performed 6 layouts in a row. Skipping
12-09 05:39:27.599  1885  1900 E WindowManager: Performed 6 layouts in a row. Skipping
12-09 05:39:27.644  1885  1938 E WindowManager: Performed 6 layouts in a row. Skipping
12-09 05:39:27.661  1885  2189 E WindowManager: Performed 6 layouts in a row. Skipping
12-09 05:39:27.707  1885  1938 E WindowManager: Performed 6 layouts in a row. Skipping
12-09 05:39:27.825  1885  1938 E WindowManager: Performed 6 layouts in a row. Skipping
