--------- beginning of main
--------- beginning of system
12-07 17:33:11.991  1729  1931 E         : Couldn't opendir /data/app/vmdl662462029.tmp: No such file or directory
12-07 17:33:11.992  1729  1931 E installd: Failed to delete /data/app/vmdl662462029.tmp: No such file or directory
12-07 17:33:14.707  5773  5773 E harlton.mileag: Not starting debugger since process cannot load the jdwp agent.
12-07 17:33:15.750 16085 24146 E putmethod.lati: Invalid ID 0x00000001.
12-07 17:33:15.761 16085 24146 E LstmTrainingCache: emn: Can't get resource name for input slot
12-07 17:33:15.761 16085 24146 E LstmTrainingCache: android.content.res.Resources$NotFoundException: Unable to find resource ID #0x1
12-07 17:33:15.761 16085 24146 E LstmTrainingCache: 	at android.content.res.ResourcesImpl.getResourceName(ResourcesImpl.java:255)
12-07 17:33:15.761 16085 24146 E LstmTrainingCache: 	at android.content.res.Resources.getResourceName(Resources.java:1954)
12-07 17:33:15.761 16085 24146 E LstmTrainingCache: 	at emn.a(PG:12)
12-07 17:33:15.761 16085 24146 E LstmTrainingCache: 	at emk.run(PG:5)
12-07 17:33:15.761 16085 24146 E LstmTrainingCache: 	at java.lang.Thread.run(Thread.java:764)
12-07 17:33:16.327 16506  5117 E ctxmgr  : [AppIntervalImpl]closeInterval: stopTimeMillis invalid, stop=1544221996324, start=1544238227857
12-07 17:33:16.338 16506  5117 E ctxmgr  : [AppIntervalImpl]closeInterval: stopTimeMillis invalid, stop=1544221996337, start=1544238227858
12-07 17:33:18.860  5773  5773 E SpannableStringBuilder: SPAN_EXCLUSIVE_EXCLUSIVE spans cannot have a zero length
12-07 17:33:18.860  5773  5773 E SpannableStringBuilder: SPAN_EXCLUSIVE_EXCLUSIVE spans cannot have a zero length
12-07 17:33:20.500  5773  5773 E SpannableStringBuilder: SPAN_EXCLUSIVE_EXCLUSIVE spans cannot have a zero length
12-07 17:33:20.500  5773  5773 E SpannableStringBuilder: SPAN_EXCLUSIVE_EXCLUSIVE spans cannot have a zero length
12-07 17:33:26.508 15976 16042 E WindowManager: Performed 6 layouts in a row. Skipping
12-07 17:33:26.530 15976 16026 E WindowManager: Performed 6 layouts in a row. Skipping
12-07 17:33:26.544 15976 18399 E WindowManager: Performed 6 layouts in a row. Skipping
12-07 17:33:26.566 15976 15986 E WindowManager: Performed 6 layouts in a row. Skipping
12-07 17:33:26.605 15976 18246 E WindowManager: Performed 6 layouts in a row. Skipping
12-07 17:33:26.653 15976 15991 E WindowManager: Performed 6 layouts in a row. Skipping
12-07 17:33:26.686 15976 16026 E WindowManager: Performed 6 layouts in a row. Skipping
12-07 17:33:26.721 15976 16026 E WindowManager: Performed 6 layouts in a row. Skipping
12-07 17:33:26.739 15976 18246 E WindowManager: Performed 6 layouts in a row. Skipping
12-07 17:33:26.748 16485 24890 E s.nexuslaunche: Failed to open APK '/data/app/com.evancharlton.mileage-nHH9WCJK0Do4AeCoBd52kg==/base.apk' I/O error
12-07 17:33:26.753 16485 24890 E ResourcesManager: failed to add asset path /data/app/com.evancharlton.mileage-nHH9WCJK0Do4AeCoBd52kg==/base.apk
12-07 17:33:26.774 15976 16026 E WindowManager: Performed 6 layouts in a row. Skipping
12-07 17:33:26.794 15976 17775 E WindowManager: Performed 6 layouts in a row. Skipping
12-07 17:33:26.826 15976 16026 E WindowManager: Performed 6 layouts in a row. Skipping
12-07 17:33:26.872 15976 16026 E WindowManager: Performed 6 layouts in a row. Skipping
12-07 17:33:26.891 15976 15986 E WindowManager: Performed 6 layouts in a row. Skipping
12-07 17:33:26.913 15976 16026 E WindowManager: Performed 6 layouts in a row. Skipping
12-07 17:33:26.933 15976 16026 E WindowManager: Performed 6 layouts in a row. Skipping
12-07 17:33:26.960 15976 16026 E WindowManager: Performed 6 layouts in a row. Skipping
12-07 17:33:27.966 15976 16026 E WindowManager: Performed 6 layouts in a row. Skipping
12-07 17:33:27.966  1737  1809 E storaged: getDiskStats failed with result NOT_SUPPORTED and size 0
12-07 17:33:27.999 15976 16026 E WindowManager: Performed 6 layouts in a row. Skipping
12-07 17:33:28.928 16506 16506 E BeaconBle: Missing BluetoothAdapter
12-07 17:33:29.068 16506 16506 E BeaconBle: Scan couldn't start for Places
12-07 17:33:31.186 15976 16026 E WindowManager: Performed 6 layouts in a row. Skipping
12-07 17:33:31.204 15976 19423 E WindowManager: Performed 6 layouts in a row. Skipping
12-07 17:33:31.234 15976 16026 E WindowManager: Performed 6 layouts in a row. Skipping
12-07 17:33:31.311 15976 16026 E WindowManager: Performed 6 layouts in a row. Skipping
12-07 17:33:35.669 15976 15989 E memtrack: Couldn't load memtrack module
12-07 17:33:43.161 16506  5528 E ctxmgr  : [AppIntervalImpl]closeInterval: stopTimeMillis invalid, stop=1544222023160, start=1544238227857
12-07 17:33:43.162 16506  5528 E ctxmgr  : [AppIntervalImpl]closeInterval: stopTimeMillis invalid, stop=1544222023162, start=1544238227858
12-07 17:33:44.994 16561 16561 E ContextIntentStarter: No activity found for any of the 0 intents
12-07 17:33:46.544 16561 16708 E MicroDetectionWorker: Stale runnable..ignoring
12-07 17:33:47.065 16506 16506 E BeaconBle: Scan couldn't start for Places
12-07 17:33:48.191  5855  5855 E id.partnersetu: Not starting debugger since process cannot load the jdwp agent.
12-07 17:33:48.861  5876  5876 E dboxed_process: Not starting debugger since process cannot load the jdwp agent.
