--------- beginning of system
12-07 06:55:50.275  1735  1809 E storaged: getDiskStats failed with result NOT_SUPPORTED and size 0
12-07 06:56:09.395  1625  1625 E android.hardware.wifi@1.0-service: Failed to open directory: Permission denied
12-07 06:56:09.398  1625  1625 E android.hardware.wifi@1.0-service: Error occurred while deleting old tombstone files
12-07 06:56:09.398  1625  1625 E android.hardware.wifi@1.0-service: Error writing files to flash
12-07 06:56:10.108  1880  1969 E WifiP2pService: Unhandled message { when=-3ms what=131204 target=com.android.internal.util.StateMachine$SmHandler }
12-07 06:56:10.269  1880  1900 E BatteryExternalStatsWorker: no controller energy info supplied for wifi
12-07 06:56:10.295  1880  1900 E BatteryExternalStatsWorker: no controller energy info supplied for wifi
--------- beginning of main
12-07 06:56:35.827  2378 28666 E ctxmgr  : [ProducerStatusImpl]updateStateForNewContextData: inactive, contextName=7
12-07 06:56:36.296  2378  2378 E BeaconBle: Missing BluetoothAdapter
12-07 06:56:36.336  2378  2378 E BeaconBle: Scan couldn't start for Places
12-07 06:56:40.381  1829  1829 E netmgr  : Failed to open QEMU pipe 'qemud:network': Invalid argument
12-07 06:56:40.381  1829  1829 E netmgr  : WifiForwarder unable to open QEMU pipe: Invalid argument
12-07 06:56:50.178  2378 28738 E ctxmgr  : [ProducerStatusImpl]updateStateForNewContextData: inactive, contextName=7
12-07 06:56:50.307  1735  1809 E storaged: getDiskStats failed with result NOT_SUPPORTED and size 0
12-07 06:56:50.545  2378  2378 E BeaconBle: Missing BluetoothAdapter
12-07 06:56:50.641  2378  2378 E BeaconBle: Scan couldn't start for Places
12-07 06:57:01.465 28844 28844 E dboxed_process: Not starting debugger since process cannot load the jdwp agent.
12-07 06:57:11.504  2482 27270 E SQLiteCastStore: Skip saving CastDeviceInfo: "Nearby device" (__cast_nearby___V_6f8287a5-92e2-46ef-9cb5-e442be719ffe)
12-07 06:57:20.986  2378 28814 E ctxmgr  : [ProducerStatusImpl]updateStateForNewContextData: inactive, contextName=7
12-07 06:57:21.575  2378  2378 E BeaconBle: Scan couldn't start for Places
12-07 06:57:40.387  1829  1829 E netmgr  : Failed to open QEMU pipe 'qemud:network': Invalid argument
12-07 06:57:40.387  1829  1829 E netmgr  : WifiForwarder unable to open QEMU pipe: Invalid argument
12-07 06:57:45.895  1992  1992 E native  : suggestion-transformer.cc:118 suggestion picked candidate not found for id: 2
12-07 06:57:47.217  2378 28882 E ctxmgr  : [ProducerStatusImpl]updateStateForNewContextData: inactive, contextName=7
12-07 06:57:47.498  2378  2378 E BeaconBle: Missing BluetoothAdapter
12-07 06:57:47.517  2378  2378 E BeaconBle: Scan couldn't start for Places
12-07 06:57:50.347  1735  1809 E storaged: getDiskStats failed with result NOT_SUPPORTED and size 0
12-07 06:57:55.748 28929 28929 E dboxed_process: Not starting debugger since process cannot load the jdwp agent.
12-07 06:57:56.379  1610 28944 E audio_hw_generic: pcm_open(in) failed: cannot open device '/dev/snd/pcmC0D0c': Device or resource busy: channels 2 format 0 rate 16000
12-07 06:58:09.189 28963 28963 E dboxed_process: Not starting debugger since process cannot load the jdwp agent.
12-07 06:58:13.739 28640 28640 E SpannableStringBuilder: SPAN_EXCLUSIVE_EXCLUSIVE spans cannot have a zero length
12-07 06:58:13.739 28640 28640 E SpannableStringBuilder: SPAN_EXCLUSIVE_EXCLUSIVE spans cannot have a zero length
12-07 06:58:24.498  1610 28994 E audio_hw_generic: pcm_open(in) failed: cannot open device '/dev/snd/pcmC0D0c': Device or resource busy: channels 2 format 0 rate 16000
12-07 06:58:30.544  2482 27270 E SQLiteCastStore: Skip saving CastDeviceInfo: "Nearby device" (__cast_nearby___V_75c1f654-e805-4d8c-b181-2e5bca60d37a)
12-07 06:58:37.162  2378 28814 E ctxmgr  : [ProducerStatusImpl]updateStateForNewContextData: inactive, contextName=7
12-07 06:58:37.265  2378 28814 E ctxmgr  : [ProducerStatusImpl]updateStateForNewContextData: inactive, contextName=1
12-07 06:58:37.473  2378  2378 E BeaconBle: Scan couldn't start for Places
12-07 06:58:40.390  1829  1829 E netmgr  : Failed to open QEMU pipe 'qemud:network': Invalid argument
12-07 06:58:40.390  1829  1829 E netmgr  : WifiForwarder unable to open QEMU pipe: Invalid argument
12-07 06:58:42.421  1610 29010 E audio_hw_generic: pcm_open(in) failed: cannot open device '/dev/snd/pcmC0D0c': Device or resource busy: channels 2 format 0 rate 16000
12-07 06:58:43.561 29013 29013 E .android.chrom: Not starting debugger since process cannot load the jdwp agent.
12-07 06:58:50.367  1735  1809 E storaged: getDiskStats failed with result NOT_SUPPORTED and size 0
12-07 06:58:53.916  1880  1899 E libprocessgroup: Error encountered killing process cgroup uid 99084 pid 28963: No such file or directory
12-07 06:58:53.966  1992  9017 E putmethod.lati: Invalid ID 0x00000002.
12-07 06:58:53.991  1992  9017 E LstmTrainingCache: emn: Can't get resource name for input slot
12-07 06:58:53.991  1992  9017 E LstmTrainingCache: android.content.res.Resources$NotFoundException: Unable to find resource ID #0x2
12-07 06:58:53.991  1992  9017 E LstmTrainingCache: 	at android.content.res.ResourcesImpl.getResourceName(ResourcesImpl.java:255)
12-07 06:58:53.991  1992  9017 E LstmTrainingCache: 	at android.content.res.Resources.getResourceName(Resources.java:1954)
12-07 06:58:53.991  1992  9017 E LstmTrainingCache: 	at emn.a(PG:12)
12-07 06:58:53.991  1992  9017 E LstmTrainingCache: 	at emk.run(PG:5)
12-07 06:58:53.991  1992  9017 E LstmTrainingCache: 	at java.lang.Thread.run(Thread.java:764)
12-07 06:58:55.274  1992  9017 E putmethod.lati: Invalid ID 0x00000008.
12-07 06:58:55.274  1992  9017 E LstmTrainingCache: emn: Can't get resource name for input slot
12-07 06:58:55.274  1992  9017 E LstmTrainingCache: android.content.res.Resources$NotFoundException: Unable to find resource ID #0x8
12-07 06:58:55.274  1992  9017 E LstmTrainingCache: 	at android.content.res.ResourcesImpl.getResourceName(ResourcesImpl.java:255)
12-07 06:58:55.274  1992  9017 E LstmTrainingCache: 	at android.content.res.Resources.getResourceName(Resources.java:1954)
12-07 06:58:55.274  1992  9017 E LstmTrainingCache: 	at emn.a(PG:12)
12-07 06:58:55.274  1992  9017 E LstmTrainingCache: 	at emk.run(PG:5)
12-07 06:58:55.274  1992  9017 E LstmTrainingCache: 	at java.lang.Thread.run(Thread.java:764)
