--------- beginning of main
--------- beginning of system
12-08 00:01:49.802  1729  1945 E         : Couldn't opendir /data/app/vmdl1514693987.tmp: No such file or directory
12-08 00:01:49.802  1729  1945 E installd: Failed to delete /data/app/vmdl1514693987.tmp: No such file or directory
12-08 00:01:52.963 15327 15327 E harlton.mileag: Not starting debugger since process cannot load the jdwp agent.
12-08 00:01:58.891  1632  1632 E lowmemorykiller: Error opening /proc/14031/oom_score_adj; errno=2
12-08 00:01:59.287 15976 19423 E InputMethodManagerService: Ignoring com.android.server.InputMethodManagerService.updateStatusIcon:2188 due to an invalid token. uid:10060 token:android.os.Binder@2b471ec
12-08 00:01:59.414 16085 16085 E EmojiSearchExtension: com.google.android.apps.inputmethod.libs.search.emoji.EmojiSearchExtension: Cannot deactivate emoji search JNI; null locale
12-08 00:02:06.748  1829  1829 E netmgr  : Failed to open QEMU pipe 'qemud:network': Invalid argument
12-08 00:02:06.748  1829  1829 E netmgr  : WifiForwarder unable to open QEMU pipe: Invalid argument
12-08 00:02:06.827 16506 16506 E BeaconBle: Missing BluetoothAdapter
12-08 00:02:06.889 16506 16506 E BeaconBle: Scan couldn't start for Places
12-08 00:02:17.241 16085 16085 E native  : suggestion-transformer.cc:118 suggestion picked candidate not found for id: 6
12-08 00:02:18.112 16561 16561 E ContextIntentStarter: No activity found for any of the 0 intents
12-08 00:02:29.212  1737  1809 E storaged: getDiskStats failed with result NOT_SUPPORTED and size 0
12-08 00:02:29.905 15414 15414 E id.partnersetu: Not starting debugger since process cannot load the jdwp agent.
12-08 00:02:30.376 16561 16561 E ClientVe: Failed to create ClientVisualElementsProto for user interaction on view com.google.android.apps.gsa.searchbox.ui.suggestions.views.CoreSuggestionView{142e1d6 VFE...CL. ...P.... 0,583-1038,730 #128} because the view is not tagged for visual element logging.
12-08 00:02:30.387 15431 15431 E boxed_process1: Not starting debugger since process cannot load the jdwp agent.
12-08 00:02:31.231 15927 15451 E audio_hw_generic: pcm_open(in) failed: cannot open device '/dev/snd/pcmC0D0c': Device or resource busy: channels 2 format 0 rate 16000
12-08 00:03:06.750  1829  1829 E netmgr  : Failed to open QEMU pipe 'qemud:network': Invalid argument
12-08 00:03:06.751  1829  1829 E netmgr  : WifiForwarder unable to open QEMU pipe: Invalid argument
12-08 00:03:29.220  1737  1809 E storaged: getDiskStats failed with result NOT_SUPPORTED and size 0
12-08 00:04:06.812  1829  1829 E netmgr  : Failed to open QEMU pipe 'qemud:network': Invalid argument
12-08 00:04:06.813  1829  1829 E netmgr  : WifiForwarder unable to open QEMU pipe: Invalid argument
12-08 00:04:29.224  1737  1809 E storaged: getDiskStats failed with result NOT_SUPPORTED and size 0
12-08 00:05:06.827  1829  1829 E netmgr  : Failed to open QEMU pipe 'qemud:network': Invalid argument
12-08 00:05:06.827  1829  1829 E netmgr  : WifiForwarder unable to open QEMU pipe: Invalid argument
12-08 00:05:29.227  1737  1809 E storaged: getDiskStats failed with result NOT_SUPPORTED and size 0
12-08 00:06:02.125 15536 15536 E hod.latin:trai: Not starting debugger since process cannot load the jdwp agent.
12-08 00:06:05.566 16085 16085 E native  : suggestion-transformer.cc:118 suggestion picked candidate not found for id: 3
12-08 00:06:06.544 15976 19156 E WindowManager: Performed 6 layouts in a row. Skipping
12-08 00:06:06.563 15976 16026 E WindowManager: Performed 6 layouts in a row. Skipping
12-08 00:06:06.605 15976 15991 E WindowManager: Performed 6 layouts in a row. Skipping
12-08 00:06:06.672 15976 16026 E WindowManager: Performed 6 layouts in a row. Skipping
12-08 00:06:06.697 15976 15986 E WindowManager: Performed 6 layouts in a row. Skipping
12-08 00:06:06.741 15976 16026 E WindowManager: Performed 6 layouts in a row. Skipping
12-08 00:06:06.832  1829  1829 E netmgr  : Failed to open QEMU pipe 'qemud:network': Invalid argument
12-08 00:06:06.832  1829  1829 E netmgr  : WifiForwarder unable to open QEMU pipe: Invalid argument
12-08 00:06:06.843 15976 16026 E WindowManager: Performed 6 layouts in a row. Skipping
12-08 00:06:06.885 15976 16026 E WindowManager: Performed 6 layouts in a row. Skipping
12-08 00:06:09.047 16506 13699 E WakeLock: GCM_HB_ALARM release without a matched acquire!
12-08 00:06:09.416 15574 15574 E id.gms.learnin: Not starting debugger since process cannot load the jdwp agent.
