--------- beginning of system
12-07 19:19:22.844  2391  2391 E SchedPolicy: set_timerslack_ns write failed: Operation not permitted
12-07 19:19:26.972  2391  2391 E SchedPolicy: set_timerslack_ns write failed: Operation not permitted
12-07 19:19:33.913  1737  1809 E storaged: getDiskStats failed with result NOT_SUPPORTED and size 0
12-07 19:20:33.938  1737  1809 E storaged: getDiskStats failed with result NOT_SUPPORTED and size 0
12-07 19:21:12.046  1628  1628 E android.hardware.wifi@1.0-service: Failed to register radio mode change callback
12-07 19:21:12.049  1628  1628 E android.hardware.wifi@1.0-service: Failed to set DFS flag; DFS channels may be unavailable.
12-07 19:21:12.095  1738  1738 E wificond: No Offload Service available
12-07 19:21:12.302  1883  1967 E WifiP2pService: Unhandled message { when=-2ms what=131203 target=com.android.internal.util.StateMachine$SmHandler }
12-07 19:21:12.313  1883  1967 E WifiP2pService: Unhandled message { when=0 what=131203 target=com.android.internal.util.StateMachine$SmHandler }
12-07 19:21:12.355  1883  1901 E BatteryExternalStatsWorker: no controller energy info supplied for wifi
12-07 19:21:12.364  1883  1901 E BatteryExternalStatsWorker: no controller energy info supplied for wifi
12-07 19:21:16.714  1883  1901 E BatteryExternalStatsWorker: no controller energy info supplied for wifi
12-07 19:21:21.849  1883  2148 E NotificationService: Package enqueue rate is 12.153575. Shedding 0|com.google.android.googlequicksearchbox|393216|h|10036. package=com.google.android.googlequicksearchbox
12-07 19:21:33.989  1737  1809 E storaged: getDiskStats failed with result NOT_SUPPORTED and size 0
--------- beginning of main
12-07 19:22:13.627 28976 28976 E SpannableStringBuilder: SPAN_EXCLUSIVE_EXCLUSIVE spans cannot have a zero length
12-07 19:22:13.628 28976 28976 E SpannableStringBuilder: SPAN_EXCLUSIVE_EXCLUSIVE spans cannot have a zero length
12-07 19:22:17.817  8198  8198 E SpannableStringBuilder: SPAN_EXCLUSIVE_EXCLUSIVE spans cannot have a zero length
12-07 19:22:17.817  8198  8198 E SpannableStringBuilder: SPAN_EXCLUSIVE_EXCLUSIVE spans cannot have a zero length
12-07 19:22:22.832  2420  8266 E ctxmgr  : [ProducerStatusImpl]updateStateForNewContextData: inactive, contextName=7
12-07 19:22:23.351  2420  2420 E BeaconBle: Missing BluetoothAdapter
12-07 19:22:23.442  2420  2420 E BeaconBle: Scan couldn't start for Places
12-07 19:22:29.936 28976 28976 E ContextIntentStarter: No activity found for any of the 0 intents
12-07 19:22:34.017  1737  1809 E storaged: getDiskStats failed with result NOT_SUPPORTED and size 0
12-07 19:22:43.679 28976 28976 E ClientVe: Failed to create ClientVisualElementsProto for user interaction on view com.google.android.apps.gsa.searchbox.ui.suggestions.views.CoreSuggestionView{a062a78 VFE...CL. ...P.... 0,583-1038,730 #296} because the view is not tagged for visual element logging.
12-07 19:22:44.195 28976 28976 E ClientVe: Failed to create ClientVisualElementsProto for user interaction on view com.google.android.apps.gsa.searchbox.ui.suggestions.views.CoreSuggestionView{5dfb1b6 VFE...CL. ...P.... 0,142-1038,289 #293} because the view is not tagged for visual element logging.
12-07 19:22:45.269 28976 28976 E ClientVe: Failed to create ClientVisualElementsProto for user interaction on view com.google.android.apps.gsa.searchbox.ui.suggestions.views.CoreSuggestionView{a062a78 VFE...CL. ...P.... 0,583-1038,730 #296} because the view is not tagged for visual element logging.
12-07 19:22:46.233 28976 28976 E ClientVe: Failed to create ClientVisualElementsProto for user interaction on view com.google.android.apps.gsa.searchbox.ui.suggestions.views.CoreSuggestionView{660d551 VFE...CL. ...P.... 0,-5-1038,142 #292} because the view is not tagged for visual element logging.
12-07 19:22:47.313 28976 28976 E ClientVe: Failed to create ClientVisualElementsProto for user interaction on view com.google.android.apps.gsa.searchbox.ui.suggestions.views.CoreSuggestionView{660d551 VFE...CL. ...P.... 0,-5-1038,142 #292} because the view is not tagged for visual element logging.
12-07 19:22:47.361 28976 28976 E ClientVe: Failed to create ClientVisualElementsProto for user interaction on view com.google.android.apps.gsa.searchbox.ui.suggestions.views.CoreSuggestionView{eaf7624 VFE...CL. ...P.... 0,436-1038,583 #295} because the view is not tagged for visual element logging.
12-07 19:22:48.099 28976 28976 E ClientVe: Failed to create ClientVisualElementsProto for user interaction on view com.google.android.apps.gsa.searchbox.ui.suggestions.views.CoreSuggestionView{eaf7624 VFE...CL. ...P.... 0,436-1038,583 #295} because the view is not tagged for visual element logging.
12-07 19:22:49.204 28976 29013 E ThreadPoolDumper: Queue length for executor EventBus is now 56. Perhaps some tasks are too long, or the pool is too small.
12-07 19:22:55.846  1632  1632 E lowmemorykiller: Error opening /proc/8595/oom_score_adj; errno=2
12-07 19:22:55.899  1632  1632 E lowmemorykiller: Error opening /proc/8278/oom_score_adj; errno=2
12-07 19:22:55.910  1632  1632 E lowmemorykiller: Error opening /proc/8595/oom_score_adj; errno=2
12-07 19:22:55.910  1632  1632 E lowmemorykiller: Error opening /proc/8278/oom_score_adj; errno=2
12-07 19:22:55.949  1632  1632 E lowmemorykiller: Error opening /proc/8278/oom_score_adj; errno=2
12-07 19:23:04.047  2420  8593 E ctxmgr  : [ProducerStatusImpl]updateStateForNewContextData: inactive, contextName=7
12-07 19:23:04.473  2420  2420 E BeaconBle: Missing BluetoothAdapter
12-07 19:23:04.537  2420  2420 E BeaconBle: Scan couldn't start for Places
12-07 19:23:06.089  1738  1738 E wificond: Receive ERROR message in response to 'stop scheduled scan' request: Operation not supported on transport endpoint
12-07 19:23:06.395  8512  8512 E wpa_supplicant: nl80211: Failed to open /proc/sys/net/ipv4/conf/p2p-dev-wlan0/drop_unicast_in_l2_multicast: No such file or directory
12-07 19:23:06.395  8512  8512 E wpa_supplicant: nl80211: Failed to set IPv4 unicast in multicast filter
12-07 19:23:06.433  8512  8512 E wpa_supplicant: nl80211: Failed to open /proc/sys/net/ipv4/conf/p2p-dev-wlan0/drop_unicast_in_l2_multicast: No such file or directory
12-07 19:23:06.433  8512  8512 E wpa_supplicant: nl80211: Failed to set IPv4 unicast in multicast filter
12-07 19:23:06.586  8512  8512 E wpa_supplicant: nl80211: Failed to open /proc/sys/net/ipv4/conf/wlan0/drop_unicast_in_l2_multicast: No such file or directory
12-07 19:23:06.586  8512  8512 E wpa_supplicant: nl80211: Failed to set IPv4 unicast in multicast filter
12-07 19:23:06.595  8512  8512 E wpa_supplicant: nl80211: Failed to open /proc/sys/net/ipv4/conf/wlan0/drop_unicast_in_l2_multicast: No such file or directory
12-07 19:23:06.595  8512  8512 E wpa_supplicant: nl80211: Failed to set IPv4 unicast in multicast filter
12-07 19:23:06.691  8512  8512 E wpa_supplicant: nl80211: Failed to open /proc/sys/net/ipv4/conf/wlan0/drop_unicast_in_l2_multicast: No such file or directory
12-07 19:23:06.691  8512  8512 E wpa_supplicant: nl80211: Failed to set IPv4 unicast in multicast filter
12-07 19:23:07.069  1628  1628 E android.hardware.wifi@1.0-service: Failed to open directory: Permission denied
12-07 19:23:07.069  1628  1628 E android.hardware.wifi@1.0-service: Error occurred while deleting old tombstone files
12-07 19:23:07.069  1628  1628 E android.hardware.wifi@1.0-service: Error writing files to flash
12-07 19:23:07.364  1883  1967 E WifiP2pService: Unhandled message { when=-8ms what=131204 target=com.android.internal.util.StateMachine$SmHandler }
12-07 19:23:07.433  1883  1901 E BatteryExternalStatsWorker: no controller energy info supplied for wifi
12-07 19:23:07.462  1883  1901 E BatteryExternalStatsWorker: no controller energy info supplied for wifi
12-07 19:23:07.652  2420  8535 E WakeLock: GCM_HB_ALARM release without a matched acquire!
12-07 19:23:07.659  2420  8535 E GCM     : Connection closed with errorCode 20
12-07 19:23:07.735  2420  8535 E WakeLock: GCM_CONN_ALARM release without a matched acquire!
12-07 19:23:08.437  1829  1829 E netmgr  : Failed to open QEMU pipe 'qemud:network': Invalid argument
12-07 19:23:08.441  1829  1829 E netmgr  : WifiForwarder unable to open QEMU pipe: Invalid argument
12-07 19:23:11.834  2420  8669 E WakeLock: GCM_HB_ALARM release without a matched acquire!
12-07 19:23:11.853  2420  8669 E WakeLock: GCM_CONN_ALARM release without a matched acquire!
12-07 19:23:14.378  1883  1900 E libprocessgroup: Error encountered killing process cgroup uid 99217 pid 8566: No such file or directory
12-07 19:23:21.294  8198  8198 E SpannableStringBuilder: SPAN_EXCLUSIVE_EXCLUSIVE spans cannot have a zero length
12-07 19:23:21.294  8198  8198 E SpannableStringBuilder: SPAN_EXCLUSIVE_EXCLUSIVE spans cannot have a zero length
12-07 19:23:21.907  2420  8677 E WakeLock: GCM_HB_ALARM release without a matched acquire!
12-07 19:23:21.924  2420  8677 E WakeLock: GCM_CONN_ALARM release without a matched acquire!
12-07 19:23:23.368  1613  1692 E audio_hw_generic: pcm_write failed cannot write stream data: I/O error
