--------- beginning of main
--------- beginning of system
12-09 07:44:38.456  1885  1957 E InputDispatcher: channel '380580a com.evancharlton.mileage/com.evancharlton.mileage.FieldListActivity (server)' ~ Channel is unrecoverably broken and will be disposed!
12-09 07:44:38.457  1885  1957 E InputDispatcher: channel 'b61dc1 com.evancharlton.mileage/com.evancharlton.mileage.Mileage (server)' ~ Channel is unrecoverably broken and will be disposed!
12-09 07:44:38.510  1885  1899 E ActivityManager: Failure starting process com.evancharlton.mileage
12-09 07:44:38.510  1885  1899 E ActivityManager: java.lang.SecurityException: Package com.evancharlton.mileage is currently frozen!
12-09 07:44:38.510  1885  1899 E ActivityManager: 	at com.android.server.pm.PackageManagerService.checkPackageStartable(PackageManagerService.java:4000)
12-09 07:44:38.510  1885  1899 E ActivityManager: 	at com.android.server.am.ActivityManagerService.startProcessLocked(ActivityManagerService.java:4234)
12-09 07:44:38.510  1885  1899 E ActivityManager: 	at com.android.server.am.ActivityManagerService.startProcessLocked(ActivityManagerService.java:4199)
12-09 07:44:38.510  1885  1899 E ActivityManager: 	at com.android.server.am.ActivityManagerService.startProcessLocked(ActivityManagerService.java:4181)
12-09 07:44:38.510  1885  1899 E ActivityManager: 	at com.android.server.am.ActivityManagerService.startProcessLocked(ActivityManagerService.java:4067)
12-09 07:44:38.510  1885  1899 E ActivityManager: 	at com.android.server.am.ActivityStackSupervisor.startSpecificActivityLocked(ActivityStackSupervisor.java:1715)
12-09 07:44:38.510  1885  1899 E ActivityManager: 	at com.android.server.am.ActivityStack.resumeTopActivityInnerLocked(ActivityStack.java:2764)
12-09 07:44:38.510  1885  1899 E ActivityManager: 	at com.android.server.am.ActivityStack.resumeTopActivityUncheckedLocked(ActivityStack.java:2302)
12-09 07:44:38.510  1885  1899 E ActivityManager: 	at com.android.server.am.ActivityStackSupervisor.resumeFocusedStackTopActivityLocked(ActivityStackSupervisor.java:2234)
12-09 07:44:38.510  1885  1899 E ActivityManager: 	at com.android.server.am.ActivityStackSupervisor.resumeFocusedStackTopActivityLocked(ActivityStackSupervisor.java:2218)
12-09 07:44:38.510  1885  1899 E ActivityManager: 	at com.android.server.am.ActivityManagerService.handleAppDiedLocked(ActivityManagerService.java:5923)
12-09 07:44:38.510  1885  1899 E ActivityManager: 	at com.android.server.am.ActivityManagerService.removeProcessLocked(ActivityManagerService.java:7501)
12-09 07:44:38.510  1885  1899 E ActivityManager: 	at com.android.server.am.ActivityManagerService.killPackageProcessesLocked(ActivityManagerService.java:7142)
12-09 07:44:38.510  1885  1899 E ActivityManager: 	at com.android.server.am.ActivityManagerService.forceStopPackageLocked(ActivityManagerService.java:7275)
12-09 07:44:38.510  1885  1899 E ActivityManager: 	at com.android.server.am.ActivityManagerService$MainHandler.handleMessage(ActivityManagerService.java:2289)
12-09 07:44:38.510  1885  1899 E ActivityManager: 	at android.os.Handler.dispatchMessage(Handler.java:106)
12-09 07:44:38.510  1885  1899 E ActivityManager: 	at android.os.Looper.loop(Looper.java:193)
12-09 07:44:38.510  1885  1899 E ActivityManager: 	at android.os.HandlerThread.run(HandlerThread.java:65)
12-09 07:44:38.510  1885  1899 E ActivityManager: 	at com.android.server.ServiceThread.run(ServiceThread.java:44)
12-09 07:44:40.280  2378 11570 E ctxmgr  : [ProducerStatusImpl]updateStateForNewContextData: inactive, contextName=7
12-09 07:44:40.564  2378  2378 E BeaconBle: Scan couldn't start for Places
12-09 07:44:42.634  1731  1731 E         : Couldn't opendir /data/app/vmdl1835504894.tmp: No such file or directory
12-09 07:44:42.634  1731  1731 E installd: Failed to delete /data/app/vmdl1835504894.tmp: No such file or directory
12-09 07:44:44.479 12511 12511 E harlton.mileag: Not starting debugger since process cannot load the jdwp agent.
12-09 07:44:54.428  1885  1898 E memtrack: Couldn't load memtrack module
12-09 07:44:55.109  1885  1898 E memtrack: Couldn't load memtrack module
12-09 07:45:00.389 12511 12511 E SpannableStringBuilder: SPAN_EXCLUSIVE_EXCLUSIVE spans cannot have a zero length
12-09 07:45:00.389 12511 12511 E SpannableStringBuilder: SPAN_EXCLUSIVE_EXCLUSIVE spans cannot have a zero length
12-09 07:45:04.402  2378 12387 E ctxmgr  : [ProducerStatusImpl]updateStateForNewContextData: inactive, contextName=7
12-09 07:45:04.823  2378  2378 E BeaconBle: Missing BluetoothAdapter
12-09 07:45:04.941  2378  2378 E BeaconBle: Scan couldn't start for Places
12-09 07:45:07.569 23668 23668 E ContextIntentStarter: No activity found for any of the 0 intents
12-09 07:45:08.245 12400 12400 E wpa_supplicant: nl80211: Failed to open /proc/sys/net/ipv4/conf/p2p-dev-wlan0/drop_unicast_in_l2_multicast: No such file or directory
12-09 07:45:08.245 12400 12400 E wpa_supplicant: nl80211: Failed to set IPv4 unicast in multicast filter
12-09 07:45:08.275 12400 12400 E wpa_supplicant: nl80211: Failed to open /proc/sys/net/ipv4/conf/p2p-dev-wlan0/drop_unicast_in_l2_multicast: No such file or directory
12-09 07:45:08.275 12400 12400 E wpa_supplicant: nl80211: Failed to set IPv4 unicast in multicast filter
12-09 07:45:08.438 12400 12400 E wpa_supplicant: nl80211: Failed to open /proc/sys/net/ipv4/conf/wlan0/drop_unicast_in_l2_multicast: No such file or directory
12-09 07:45:08.438 12400 12400 E wpa_supplicant: nl80211: Failed to set IPv4 unicast in multicast filter
12-09 07:45:08.438 12400 12400 E wpa_supplicant: nl80211: Failed to open /proc/sys/net/ipv4/conf/wlan0/drop_unicast_in_l2_multicast: No such file or directory
12-09 07:45:08.438 12400 12400 E wpa_supplicant: nl80211: Failed to set IPv4 unicast in multicast filter
12-09 07:45:08.549 12400 12400 E wpa_supplicant: nl80211: Failed to open /proc/sys/net/ipv4/conf/wlan0/drop_unicast_in_l2_multicast: No such file or directory
12-09 07:45:08.549 12400 12400 E wpa_supplicant: nl80211: Failed to set IPv4 unicast in multicast filter
12-09 07:45:08.637  1885 12421 E DhcpClient: Read error
12-09 07:45:08.637  1885 12421 E DhcpClient: android.system.ErrnoException: read failed: ENETDOWN (Network is down)
12-09 07:45:08.637  1885 12421 E DhcpClient: 	at libcore.io.Linux.readBytes(Native Method)
12-09 07:45:08.637  1885 12421 E DhcpClient: 	at libcore.io.Linux.read(Linux.java:184)
12-09 07:45:08.637  1885 12421 E DhcpClient: 	at libcore.io.BlockGuardOs.read(BlockGuardOs.java:254)
12-09 07:45:08.637  1885 12421 E DhcpClient: 	at android.system.Os.read(Os.java:414)
12-09 07:45:08.637  1885 12421 E DhcpClient: 	at android.net.dhcp.DhcpClient$ReceiveThread.run(DhcpClient.java:364)
12-09 07:45:08.658  1885 12409 E ConnectivityPacketTracker.wlan0: readPacket error: 
12-09 07:45:08.658  1885 12409 E ConnectivityPacketTracker.wlan0: android.system.ErrnoException: read failed: ENETDOWN (Network is down)
12-09 07:45:08.658  1885 12409 E ConnectivityPacketTracker.wlan0: 	at libcore.io.Linux.readBytes(Native Method)
12-09 07:45:08.658  1885 12409 E ConnectivityPacketTracker.wlan0: 	at libcore.io.Linux.read(Linux.java:184)
12-09 07:45:08.658  1885 12409 E ConnectivityPacketTracker.wlan0: 	at libcore.io.BlockGuardOs.read(BlockGuardOs.java:254)
12-09 07:45:08.658  1885 12409 E ConnectivityPacketTracker.wlan0: 	at android.system.Os.read(Os.java:414)
12-09 07:45:08.658  1885 12409 E ConnectivityPacketTracker.wlan0: 	at android.net.util.PacketReader.readPacket(PacketReader.java:137)
12-09 07:45:08.658  1885 12409 E ConnectivityPacketTracker.wlan0: 	at android.net.util.PacketReader.handleInput(PacketReader.java:207)
12-09 07:45:08.658  1885 12409 E ConnectivityPacketTracker.wlan0: 	at android.net.util.PacketReader.access$100(PacketReader.java:70)
12-09 07:45:08.658  1885 12409 E ConnectivityPacketTracker.wlan0: 	at android.net.util.PacketReader$1.onFileDescriptorEvents(PacketReader.java:189)
12-09 07:45:08.658  1885 12409 E ConnectivityPacketTracker.wlan0: 	at android.os.MessageQueue.dispatchEvents(MessageQueue.java:285)
12-09 07:45:08.658  1885 12409 E ConnectivityPacketTracker.wlan0: 	at android.os.MessageQueue.nativePollOnce(Native Method)
12-09 07:45:08.658  1885 12409 E ConnectivityPacketTracker.wlan0: 	at android.os.MessageQueue.next(MessageQueue.java:326)
12-09 07:45:08.658  1885 12409 E ConnectivityPacketTracker.wlan0: 	at android.os.Looper.loop(Looper.java:160)
12-09 07:45:08.658  1885 12409 E ConnectivityPacketTracker.wlan0: 	at android.os.HandlerThread.run(HandlerThread.java:65)
12-09 07:45:08.788  1629  1629 E android.hardware.wifi@1.0-service: Failed to open directory: Permission denied
12-09 07:45:08.789  1629  1629 E android.hardware.wifi@1.0-service: Error occurred while deleting old tombstone files
12-09 07:45:08.789  1629  1629 E android.hardware.wifi@1.0-service: Error writing files to flash
12-09 07:45:09.035  1885  1969 E SupplicantStaIfaceHal: Can't call setPowerSave, ISupplicantStaIface is null
12-09 07:45:09.035  1885  1969 E SupplicantStaIfaceHal: Can't call setBtCoexistenceMode, ISupplicantStaIface is null
12-09 07:45:09.301  2378 12437 E WakeLock: GCM_HB_ALARM release without a matched acquire!
12-09 07:45:09.737  2378 12437 E GCM     : Connection closed with errorCode 20
12-09 07:45:09.877  1885  1969 E HalDevMgr: Should have at least 1 chip!
12-09 07:45:09.877  1885  1969 E HalDevMgr: dispatchAvailableForRequestListeners: no chip info found
12-09 07:45:09.944  1885  1969 E SupplicantStaIfaceHal: Can't call listNetworks, ISupplicantStaIface is null
12-09 07:45:09.945  1885  1969 E SupplicantStaIfaceHal: removeAllNetworks failed, got null networks
12-09 07:45:09.945  1885  1969 E WifiStateMachine: Failed to remove networks on exiting connect mode
12-09 07:45:09.945  1885  1971 E WifiP2pService: Unhandled message { when=0 what=131204 target=com.android.internal.util.StateMachine$SmHandler }
12-09 07:45:10.197  2378 12437 E WakeLock: GCM_CONN_ALARM release without a matched acquire!
12-09 07:45:10.212  1885  1903 E BatteryExternalStatsWorker: no controller energy info supplied for wifi
12-09 07:45:10.363  1885  1970 E WificondControl: No valid wificond scanner interface handler
12-09 07:45:11.168  1629  1629 E android.hardware.wifi@1.0-service: Failed to register radio mode change callback
12-09 07:45:11.176  1629  1629 E android.hardware.wifi@1.0-service: Failed to set DFS flag; DFS channels may be unavailable.
12-09 07:45:11.309  1740  1740 E wificond: No Offload Service available
12-09 07:45:11.310  1885  1969 E SupplicantStaIfaceHal: Can't call setupIface, ISupplicantStaIface is null
12-09 07:45:11.394  1885  1970 E WifiVendorHal: getBgScanCapabilities(l.671) failed {.code = ERROR_NOT_SUPPORTED, .description = }
12-09 07:45:11.434  1885  1971 E WifiP2pService: Unhandled message { when=-1ms what=131203 target=com.android.internal.util.StateMachine$SmHandler }
12-09 07:45:11.456  1885  1971 E WifiP2pService: Unhandled message { when=-3ms what=131203 target=com.android.internal.util.StateMachine$SmHandler }
12-09 07:45:11.491  1885  1903 E BatteryExternalStatsWorker: no controller energy info supplied for wifi
12-09 07:45:11.509  1885  1903 E BatteryExternalStatsWorker: no controller energy info supplied for wifi
12-09 07:45:13.707  2378 12575 E WakeLock: GCM_HB_ALARM release without a matched acquire!
12-09 07:45:13.724  2378 12575 E WakeLock: GCM_CONN_ALARM release without a matched acquire!
12-09 07:45:15.680  1885  1903 E BatteryExternalStatsWorker: no controller energy info supplied for wifi
12-09 07:45:15.832  1885  1969 E WifiVendorHal: stopRssiMonitoring(l.2404) failed {.code = ERROR_NOT_AVAILABLE, .description = }
12-09 07:45:15.947  1834  1834 E netmgr  : Failed to open QEMU pipe 'qemud:network': Invalid argument
12-09 07:45:15.947  1834  1834 E netmgr  : WifiForwarder unable to open QEMU pipe: Invalid argument
12-09 07:45:16.432  1737  1820 E Netd    : Error adding route ::/0 -> fe80::ff:fe00:100 wlan0 to table 1003: File exists
12-09 07:45:16.860  2378 12593 E WakeLock: GCM_CONN_ALARM release without a matched acquire!
12-09 07:45:21.381  1994  1994 E native  : suggestion-transformer.cc:118 suggestion picked candidate not found for id: 3
