--------- beginning of system
--------- beginning of main
12-08 06:45:22.340   989   989 E harlton.mileag: Not starting debugger since process cannot load the jdwp agent.
12-08 06:45:31.449  1738  1772 E storaged: getDiskStats failed with result NOT_SUPPORTED and size 0
12-08 06:46:05.318  1992 32469 E putmethod.lati: Invalid ID 0x00000001.
12-08 06:46:05.318  1992 32469 E LstmTrainingCache: emn: Can't get resource name for input slot
12-08 06:46:05.318  1992 32469 E LstmTrainingCache: android.content.res.Resources$NotFoundException: Unable to find resource ID #0x1
12-08 06:46:05.318  1992 32469 E LstmTrainingCache: 	at android.content.res.ResourcesImpl.getResourceName(ResourcesImpl.java:255)
12-08 06:46:05.318  1992 32469 E LstmTrainingCache: 	at android.content.res.Resources.getResourceName(Resources.java:1954)
12-08 06:46:05.318  1992 32469 E LstmTrainingCache: 	at emn.a(PG:12)
12-08 06:46:05.318  1992 32469 E LstmTrainingCache: 	at emk.run(PG:5)
12-08 06:46:05.318  1992 32469 E LstmTrainingCache: 	at java.lang.Thread.run(Thread.java:764)
12-08 06:46:21.218  1828  1828 E netmgr  : Failed to open QEMU pipe 'qemud:network': Invalid argument
12-08 06:46:21.218  1828  1828 E netmgr  : WifiForwarder unable to open QEMU pipe: Invalid argument
12-08 06:46:27.886  1611  1695 E audio_hw_generic: pcm_write failed cannot write stream data: I/O error
12-08 06:46:32.388  1738  1772 E storaged: getDiskStats failed with result NOT_SUPPORTED and size 0
12-08 06:46:39.246  1611  1695 E audio_hw_generic: pcm_write failed cannot write stream data: I/O error
12-08 06:46:46.119  2448   658 E ctxmgr  : [ProducerStatusImpl]updateStateForNewContextData: inactive, contextName=7
12-08 06:46:48.821  2448  2448 E BeaconBle: Missing BluetoothAdapter
12-08 06:46:50.588  1611  1695 E audio_hw_generic: pcm_write failed cannot write stream data: I/O error
12-08 06:46:50.708  2448  2448 E BeaconBle: Scan couldn't start for Places
12-08 06:46:59.914  1048  1048 E rrierdefaultap: Not starting debugger since process cannot load the jdwp agent.
12-08 06:47:00.087  2692  2692 E ContextIntentStarter: No activity found for any of the 0 intents
12-08 06:47:04.326  1611  1695 E audio_hw_generic: pcm_write failed cannot write stream data: I/O error
12-08 06:47:11.595  2448   658 E ctxmgr  : [ProducerStatusImpl]updateStateForNewContextData: inactive, contextName=7
12-08 06:47:14.075  2448  2448 E BeaconBle: Missing BluetoothAdapter
12-08 06:47:16.132  2448  2448 E BeaconBle: Scan couldn't start for Places
12-08 06:47:18.273 29746 29746 E SchedPolicy: set_timerslack_ns write failed: Operation not permitted
12-08 06:47:22.806  1828  1828 E netmgr  : Failed to open QEMU pipe 'qemud:network': Invalid argument
12-08 06:47:22.807  1828  1828 E netmgr  : WifiForwarder unable to open QEMU pipe: Invalid argument
12-08 06:47:22.920  2494  2716 E PlayCommon: [101] com.google.android.play.b.g.a(448): Failed to connect to server: java.net.UnknownHostException: Unable to resolve host "play.googleapis.com": No address associated with hostname
12-08 06:47:23.096 29746 29746 E SchedPolicy: set_timerslack_ns write failed: Operation not permitted
12-08 06:47:25.285  1881  1894 E memtrack: Couldn't load memtrack module
12-08 06:47:32.392  1738  1772 E storaged: getDiskStats failed with result NOT_SUPPORTED and size 0
12-08 06:47:41.523  1881  1894 E memtrack: Couldn't load memtrack module
