--------- beginning of main
12-08 03:11:59.322  1881  1964 E SupplicantStaIfaceHal: Can't call setupIface, ISupplicantStaIface is null
--------- beginning of system
12-08 03:11:59.412  1881  1966 E WifiP2pService: Unhandled message { when=0 what=131203 target=com.android.internal.util.StateMachine$SmHandler }
12-08 03:11:59.420  1881  1966 E WifiP2pService: Unhandled message { when=-1ms what=131203 target=com.android.internal.util.StateMachine$SmHandler }
12-08 03:11:59.436  1881  1899 E BatteryExternalStatsWorker: no controller energy info supplied for wifi
12-08 03:11:59.443  1881  1899 E BatteryExternalStatsWorker: no controller energy info supplied for wifi
12-08 03:11:59.769  6055  6055 E d.process.acor: Not starting debugger since process cannot load the jdwp agent.
12-08 03:12:00.733  5119  5119 E Dialer  : VvmStatusSmsFetcher - Request SMS send failed: RESULT_ERROR_GENERIC_FAILURE
12-08 03:12:00.774  5119  5384 E Dialer  : VvmActivationTask - Unable to send status request SMS
12-08 03:12:01.692  1881  1895 E ActivityManager: Failure starting process com.evancharlton.mileage
12-08 03:12:01.692  1881  1895 E ActivityManager: java.lang.SecurityException: Package com.evancharlton.mileage was not found!
12-08 03:12:01.692  1881  1895 E ActivityManager: 	at com.android.server.pm.PackageManagerService.checkPackageStartable(PackageManagerService.java:3987)
12-08 03:12:01.692  1881  1895 E ActivityManager: 	at com.android.server.am.ActivityManagerService.startProcessLocked(ActivityManagerService.java:4234)
12-08 03:12:01.692  1881  1895 E ActivityManager: 	at com.android.server.am.ActivityManagerService.startProcessLocked(ActivityManagerService.java:4199)
12-08 03:12:01.692  1881  1895 E ActivityManager: 	at com.android.server.am.ActivityManagerService.startProcessLocked(ActivityManagerService.java:4181)
12-08 03:12:01.692  1881  1895 E ActivityManager: 	at com.android.server.am.ActivityManagerService.startProcessLocked(ActivityManagerService.java:4067)
12-08 03:12:01.692  1881  1895 E ActivityManager: 	at com.android.server.am.ActivityStackSupervisor.startSpecificActivityLocked(ActivityStackSupervisor.java:1715)
12-08 03:12:01.692  1881  1895 E ActivityManager: 	at com.android.server.am.ActivityStack.resumeTopActivityInnerLocked(ActivityStack.java:2764)
12-08 03:12:01.692  1881  1895 E ActivityManager: 	at com.android.server.am.ActivityStack.resumeTopActivityUncheckedLocked(ActivityStack.java:2302)
12-08 03:12:01.692  1881  1895 E ActivityManager: 	at com.android.server.am.ActivityStackSupervisor.resumeFocusedStackTopActivityLocked(ActivityStackSupervisor.java:2234)
12-08 03:12:01.692  1881  1895 E ActivityManager: 	at com.android.server.am.ActivityStackSupervisor.resumeFocusedStackTopActivityLocked(ActivityStackSupervisor.java:2218)
12-08 03:12:01.692  1881  1895 E ActivityManager: 	at com.android.server.am.ActivityManagerService.handleAppDiedLocked(ActivityManagerService.java:5923)
12-08 03:12:01.692  1881  1895 E ActivityManager: 	at com.android.server.am.ActivityManagerService.removeProcessLocked(ActivityManagerService.java:7501)
12-08 03:12:01.692  1881  1895 E ActivityManager: 	at com.android.server.am.ActivityManagerService.killPackageProcessesLocked(ActivityManagerService.java:7142)
12-08 03:12:01.692  1881  1895 E ActivityManager: 	at com.android.server.am.ActivityManagerService.forceStopPackageLocked(ActivityManagerService.java:7275)
12-08 03:12:01.692  1881  1895 E ActivityManager: 	at com.android.server.am.ActivityManagerService$MainHandler.handleMessage(ActivityManagerService.java:2289)
12-08 03:12:01.692  1881  1895 E ActivityManager: 	at android.os.Handler.dispatchMessage(Handler.java:106)
12-08 03:12:01.692  1881  1895 E ActivityManager: 	at android.os.Looper.loop(Looper.java:193)
12-08 03:12:01.692  1881  1895 E ActivityManager: 	at android.os.HandlerThread.run(HandlerThread.java:65)
12-08 03:12:01.692  1881  1895 E ActivityManager: 	at com.android.server.ServiceThread.run(ServiceThread.java:44)
12-08 03:12:02.907  2448  5884 E ctxmgr  : [ProducerStatusImpl]updateStateForNewContextData: inactive, contextName=7
12-08 03:12:03.023  2448  2448 E BeaconBle: Scan couldn't start for Places
12-08 03:12:03.441  1881  1899 E BatteryExternalStatsWorker: no controller energy info supplied for wifi
12-08 03:12:04.062  2448  6141 E WakeLock: GCM_CONN_ALARM release without a matched acquire!
12-08 03:12:04.125  2475  3030 E MDD     : FileGroupManager: Trying to add expired group predictondevice.
12-08 03:12:04.125  2475  3030 E MDD     : MDDManager class aaoc
12-08 03:12:04.125  2475  3030 E MDD     : FileGroupManager: Trying to add expired group expander.
12-08 03:12:04.125  2475  3030 E MDD     : MDDManager class aaoc
12-08 03:12:04.255  1736  1785 E Netd    : Error adding route ::/0 -> fe80::ff:fe00:100 wlan0 to table 1003: File exists
12-08 03:12:04.277  6148  6148 E android.youtub: Not starting debugger since process cannot load the jdwp agent.
12-08 03:12:04.821  1730  1755 E         : Couldn't opendir /data/app/vmdl1666107756.tmp: No such file or directory
12-08 03:12:04.821  1730  1755 E installd: Failed to delete /data/app/vmdl1666107756.tmp: No such file or directory
12-08 03:12:05.214  6148  6168 E YouTube : Failed delayed event dispatch, no dispatchers.
12-08 03:12:05.903  6267  6267 E harlton.mileag: Not starting debugger since process cannot load the jdwp agent.
12-08 03:12:06.518  5119  5119 E Dialer  : VvmStatusSmsFetcher - Request SMS send failed: RESULT_ERROR_GENERIC_FAILURE
12-08 03:12:06.602  5119  5384 E Dialer  : VvmActivationTask - Unable to send status request SMS
12-08 03:12:12.003  5119  5119 E Dialer  : VvmStatusSmsFetcher - Request SMS send failed: RESULT_ERROR_GENERIC_FAILURE
12-08 03:12:12.072  5119  5384 E Dialer  : VvmActivationTask - Unable to send status request SMS
12-08 03:12:14.160  1881  1894 E memtrack: Couldn't load memtrack module
12-08 03:12:15.750  1881  1894 E memtrack: Couldn't load memtrack module
12-08 03:12:16.724  2448  5339 E ctxmgr  : [ProducerStatusImpl]updateStateForNewContextData: inactive, contextName=7
12-08 03:12:16.766  1881  1894 E memtrack: Couldn't load memtrack module
12-08 03:12:17.277  2448  2448 E BeaconBle: Scan couldn't start for Places
12-08 03:12:17.638  5119  5119 E Dialer  : VvmStatusSmsFetcher - Request SMS send failed: RESULT_ERROR_GENERIC_FAILURE
12-08 03:12:17.654  5119  5384 E Dialer  : VvmActivationTask - Unable to send status request SMS
12-08 03:12:18.922  2692  2692 E ContextIntentStarter: No activity found for any of the 0 intents
12-08 03:12:20.110  1611  6345 E audio_hw_generic: pcm_open(in) failed: cannot open device '/dev/snd/pcmC0D0c': Device or resource busy: channels 2 format 0 rate 16000
12-08 03:12:20.442  1881  1894 E GnssLocationProvider: no AGPS interface in set_agps_server
12-08 03:12:20.697  1881  1967 E ConnectivityService: exception in setMtu()java.lang.IllegalStateException: command '75 interface setmtu radio0 1500' failed with '400 75 Failed to set MTU (Permission denied)'
12-08 03:12:21.897  2463  2463 E SchedPolicy: set_timerslack_ns write failed: Operation not permitted
12-08 03:12:22.822  2463  2463 E SchedPolicy: set_timerslack_ns write failed: Operation not permitted
12-08 03:12:23.506  2448  4748 E Uploader: Clearcut transport failed to make network request.
12-08 03:12:23.506  2448  4748 E Uploader: java.net.SocketTimeoutException: timeout
12-08 03:12:23.506  2448  4748 E Uploader: 	at com.android.okhttp.okio.Okio$3.newTimeoutException(Okio.java:212)
12-08 03:12:23.506  2448  4748 E Uploader: 	at com.android.okhttp.okio.AsyncTimeout.exit(AsyncTimeout.java:261)
12-08 03:12:23.506  2448  4748 E Uploader: 	at com.android.okhttp.okio.AsyncTimeout$2.read(AsyncTimeout.java:215)
12-08 03:12:23.506  2448  4748 E Uploader: 	at com.android.okhttp.okio.RealBufferedSource.indexOf(RealBufferedSource.java:306)
12-08 03:12:23.506  2448  4748 E Uploader: 	at com.android.okhttp.okio.RealBufferedSource.indexOf(RealBufferedSource.java:300)
12-08 03:12:23.506  2448  4748 E Uploader: 	at com.android.okhttp.okio.RealBufferedSource.readUtf8LineStrict(RealBufferedSource.java:196)
12-08 03:12:23.506  2448  4748 E Uploader: 	at com.android.okhttp.internal.http.Http1xStream.readResponse(Http1xStream.java:186)
12-08 03:12:23.506  2448  4748 E Uploader: 	at com.android.okhttp.internal.http.Http1xStream.readResponseHeaders(Http1xStream.java:127)
12-08 03:12:23.506  2448  4748 E Uploader: 	at com.android.okhttp.internal.http.HttpEngine.readNetworkResponse(HttpEngine.java:737)
12-08 03:12:23.506  2448  4748 E Uploader: 	at com.android.okhttp.internal.http.HttpEngine.readResponse(HttpEngine.java:609)
12-08 03:12:23.506  2448  4748 E Uploader: 	at com.android.okhttp.internal.huc.HttpURLConnectionImpl.execute(HttpURLConnectionImpl.java:471)
12-08 03:12:23.506  2448  4748 E Uploader: 	at com.android.okhttp.internal.huc.HttpURLConnectionImpl.getResponse(HttpURLConnectionImpl.java:407)
12-08 03:12:23.506  2448  4748 E Uploader: 	at com.android.okhttp.internal.huc.HttpURLConnectionImpl.getResponseCode(HttpURLConnectionImpl.java:538)
12-08 03:12:23.506  2448  4748 E Uploader: 	at com.android.okhttp.internal.huc.DelegatingHttpsURLConnection.getResponseCode(DelegatingHttpsURLConnection.java:105)
12-08 03:12:23.506  2448  4748 E Uploader: 	at com.android.okhttp.internal.huc.HttpsURLConnectionImpl.getResponseCode(HttpsURLConnectionImpl.java:26)
12-08 03:12:23.506  2448  4748 E Uploader: 	at zyc.a(:com.google.android.gms@14799040@14.7.99 (100700-223214910):38)
12-08 03:12:23.506  2448  4748 E Uploader: 	at zyc.execute(:com.google.android.gms@14799040@14.7.99 (100700-223214910):8)
12-08 03:12:23.506  2448  4748 E Uploader: 	at zyc.execute(:com.google.android.gms@14799040@14.7.99 (100700-223214910):7)
12-08 03:12:23.506  2448  4748 E Uploader: 	at pjz.a(:com.google.android.gms@14799040@14.7.99 (100700-223214910):10)
12-08 03:12:23.506  2448  4748 E Uploader: 	at pjz.a(:com.google.android.gms@14799040@14.7.99 (100700-223214910):54)
12-08 03:12:23.506  2448  4748 E Uploader: 	at pko.a(:com.google.android.gms@14799040@14.7.99 (100700-223214910):159)
12-08 03:12:23.506  2448  4748 E Uploader: 	at pko.a(:com.google.android.gms@14799040@14.7.99 (100700-223214910):231)
12-08 03:12:23.506  2448  4748 E Uploader: 	at com.google.android.gms.clearcut.uploader.QosUploaderChimeraService.c(:com.google.android.gms@14799040@14.7.99 (100700-223214910):29)
12-08 03:12:23.506  2448  4748 E Uploader: 	at com.google.android.gms.clearcut.uploader.QosUploaderChimeraService.a(:com.google.android.gms@14799040@14.7.99 (100700-223214910):14)
12-08 03:12:23.506  2448  4748 E Uploader: 	at com.google.android.gms.clearcut.uploader.QosUploaderChimeraService.a(:com.google.android.gms@14799040@14.7.99 (100700-223214910):6)
12-08 03:12:23.506  2448  4748 E Uploader: 	at ynh.run(:com.google.android.gms@14799040@14.7.99 (100700-223214910):5)
12-08 03:12:23.506  2448  4748 E Uploader: 	at qwc.run(:com.google.android.gms@14799040@14.7.99 (100700-223214910):21)
12-08 03:12:23.506  2448  4748 E Uploader: 	at java.util.concurrent.ThreadPoolExecutor.runWorker(ThreadPoolExecutor.java:1167)
12-08 03:12:23.506  2448  4748 E Uploader: 	at java.util.concurrent.ThreadPoolExecutor$Worker.run(ThreadPoolExecutor.java:641)
12-08 03:12:23.506  2448  4748 E Uploader: 	at rbx.run(Unknown Source:7)
12-08 03:12:23.506  2448  4748 E Uploader: 	at java.lang.Thread.run(Thread.java:764)
12-08 03:12:23.506  2448  4748 E Uploader: Caused by: java.net.SocketException: socket is closed
12-08 03:12:23.506  2448  4748 E Uploader: 	at com.google.android.gms.org.conscrypt.ConscryptFileDescriptorSocket$SSLInputStream.read(:com.google.android.gms@14799040@14.7.99 (100700-223214910):8)
12-08 03:12:23.506  2448  4748 E Uploader: 	at com.android.okhttp.okio.Okio$2.read(Okio.java:136)
12-08 03:12:23.506  2448  4748 E Uploader: 	at com.android.okhttp.okio.AsyncTimeout$2.read(AsyncTimeout.java:211)
12-08 03:12:23.506  2448  4748 E Uploader: 	... 28 more
12-08 03:12:24.700  6366  6366 E id.gms.unstabl: Not starting debugger since process cannot load the jdwp agent.
12-08 03:12:27.730  1881  1894 E memtrack: Couldn't load memtrack module
12-08 03:12:30.622  2448  2899 E akgr    : Phenotype API error. Event # brpy@7ae8fb7c, EventCode: 12 [CONTEXT service_id=51 ]
12-08 03:12:30.622  2448  2899 E akgr    : akfn: 29503
12-08 03:12:30.622  2448  2899 E akgr    : 	at akgy.a(:com.google.android.gms@14799040@14.7.99 (100700-223214910):40)
12-08 03:12:30.622  2448  2899 E akgr    : 	at akgx.b(Unknown Source:2)
12-08 03:12:30.622  2448  2899 E akgr    : 	at akgr.a(:com.google.android.gms@14799040@14.7.99 (100700-223214910):107)
12-08 03:12:30.622  2448  2899 E akgr    : 	at akgr.a(:com.google.android.gms@14799040@14.7.99 (100700-223214910):101)
12-08 03:12:30.622  2448  2899 E akgr    : 	at ybc.run(:com.google.android.gms@14799040@14.7.99 (100700-223214910):27)
12-08 03:12:30.622  2448  2899 E akgr    : 	at beyi.run(:com.google.android.gms@14799040@14.7.99 (100700-223214910):2)
12-08 03:12:30.622  2448  2899 E akgr    : 	at qwc.run(:com.google.android.gms@14799040@14.7.99 (100700-223214910):21)
12-08 03:12:30.622  2448  2899 E akgr    : 	at java.util.concurrent.ThreadPoolExecutor.runWorker(ThreadPoolExecutor.java:1167)
12-08 03:12:30.622  2448  2899 E akgr    : 	at java.util.concurrent.ThreadPoolExecutor$Worker.run(ThreadPoolExecutor.java:641)
12-08 03:12:30.622  2448  2899 E akgr    : 	at rbx.run(Unknown Source:7)
12-08 03:12:30.622  2448  2899 E akgr    : 	at java.lang.Thread.run(Thread.java:764)
12-08 03:12:30.627  2448  2899 E AsyncOperation: serviceID=51, operation=GetCommittedConfigurationOperationCall
12-08 03:12:30.627  2448  2899 E AsyncOperation: OperationException[Status{statusCode=unknown status code: 29503, resolution=null}]
12-08 03:12:30.627  2448  2899 E AsyncOperation: 	at akgr.a(:com.google.android.gms@14799040@14.7.99 (100700-223214910):115)
12-08 03:12:30.627  2448  2899 E AsyncOperation: 	at akgr.a(:com.google.android.gms@14799040@14.7.99 (100700-223214910):101)
12-08 03:12:30.627  2448  2899 E AsyncOperation: 	at ybc.run(:com.google.android.gms@14799040@14.7.99 (100700-223214910):27)
12-08 03:12:30.627  2448  2899 E AsyncOperation: 	at beyi.run(:com.google.android.gms@14799040@14.7.99 (100700-223214910):2)
12-08 03:12:30.627  2448  2899 E AsyncOperation: 	at qwc.run(:com.google.android.gms@14799040@14.7.99 (100700-223214910):21)
12-08 03:12:30.627  2448  2899 E AsyncOperation: 	at java.util.concurrent.ThreadPoolExecutor.runWorker(ThreadPoolExecutor.java:1167)
12-08 03:12:30.627  2448  2899 E AsyncOperation: 	at java.util.concurrent.ThreadPoolExecutor$Worker.run(ThreadPoolExecutor.java:641)
12-08 03:12:30.627  2448  2899 E AsyncOperation: 	at rbx.run(Unknown Source:7)
12-08 03:12:30.627  2448  2899 E AsyncOperation: 	at java.lang.Thread.run(Thread.java:764)
12-08 03:12:30.635  2448  2979 E NetRec  : [125] ahqw.a: Could not retrieve server token for package com.google.android.apps.gcs
12-08 03:12:30.635  2448  2979 E NetRec  : java.util.concurrent.ExecutionException: ppw: 29503: 
12-08 03:12:30.635  2448  2979 E NetRec  : 	at arhb.b(:com.google.android.gms@14799040@14.7.99 (100700-223214910):2)
12-08 03:12:30.635  2448  2979 E NetRec  : 	at arhb.a(:com.google.android.gms@14799040@14.7.99 (100700-223214910):28)
12-08 03:12:30.635  2448  2979 E NetRec  : 	at ahqw.a(:com.google.android.gms@14799040@14.7.99 (100700-223214910):1)
12-08 03:12:30.635  2448  2979 E NetRec  : 	at ahqw.a(:com.google.android.gms@14799040@14.7.99 (100700-223214910):4)
12-08 03:12:30.635  2448  2979 E NetRec  : 	at ahqt.getHeaders(:com.google.android.gms@14799040@14.7.99 (100700-223214910):2)
12-08 03:12:30.635  2448  2979 E NetRec  : 	at com.android.volley.toolbox.HttpClientStack.performRequest(:com.google.android.gms@14799040@14.7.99 (100700-223214910):9)
12-08 03:12:30.635  2448  2979 E NetRec  : 	at qph.performRequest(:com.google.android.gms@14799040@14.7.99 (100700-223214910):1)
12-08 03:12:30.635  2448  2979 E NetRec  : 	at bpq.executeRequest(:com.google.android.gms@14799040@14.7.99 (100700-223214910):1)
12-08 03:12:30.635  2448  2979 E NetRec  : 	at com.android.volley.toolbox.BasicNetwork.performRequest(:com.google.android.gms@14799040@14.7.99 (100700-223214910):10)
12-08 03:12:30.635  2448  2979 E NetRec  : 	at qpi.performRequest(:com.google.android.gms@14799040@14.7.99 (100700-223214910):13)
12-08 03:12:30.635  2448  2979 E NetRec  : 	at com.android.volley.NetworkDispatcher.a(:com.google.android.gms@14799040@14.7.99 (100700-223214910):6)
12-08 03:12:30.635  2448  2979 E NetRec  : 	at com.android.volley.NetworkDispatcher.run(:com.google.android.gms@14799040@14.7.99 (100700-223214910):2)
12-08 03:12:30.635  2448  2979 E NetRec  : Caused by: ppw: 29503: 
12-08 03:12:30.635  2448  2979 E NetRec  : 	at pvq.a(:com.google.android.gms@14799040@14.7.99 (100700-223214910):3)
12-08 03:12:30.635  2448  2979 E NetRec  : 	at akei.b(:com.google.android.gms@14799040@14.7.99 (100700-223214910):3)
12-08 03:12:30.635  2448  2979 E NetRec  : 	at akgx.a(:com.google.android.gms@14799040@14.7.99 (100700-223214910):7)
12-08 03:12:30.635  2448  2979 E NetRec  : 	at yax.a(:com.google.android.gms@14799040@14.7.99 (100700-223214910):5)
12-08 03:12:30.635  2448  2979 E NetRec  : 	at ybc.run(:com.google.android.gms@14799040@14.7.99 (100700-223214910):34)
12-08 03:12:30.635  2448  2979 E NetRec  : 	at beyi.run(:com.google.android.gms@14799040@14.7.99 (100700-223214910):2)
12-08 03:12:30.635  2448  2979 E NetRec  : 	at qwc.run(:com.google.android.gms@14799040@14.7.99 (100700-223214910):21)
12-08 03:12:30.635  2448  2979 E NetRec  : 	at java.util.concurrent.ThreadPoolExecutor.runWorker(ThreadPoolExecutor.java:1167)
12-08 03:12:30.635  2448  2979 E NetRec  : 	at java.util.concurrent.ThreadPoolExecutor$Worker.run(ThreadPoolExecutor.java:641)
12-08 03:12:30.635  2448  2979 E NetRec  : 	at rbx.run(Unknown Source:7)
12-08 03:12:30.635  2448  2979 E NetRec  : 	at java.lang.Thread.run(Thread.java:764)
12-08 03:12:32.155  1881  5571 E WindowManager: Performed 6 layouts in a row. Skipping
12-08 03:12:32.177  1881  1934 E WindowManager: Performed 6 layouts in a row. Skipping
12-08 03:12:32.225  1881  1934 E WindowManager: Performed 6 layouts in a row. Skipping
12-08 03:12:32.245  1881  4165 E WindowManager: Performed 6 layouts in a row. Skipping
12-08 03:12:32.274  1881  1934 E WindowManager: Performed 6 layouts in a row. Skipping
12-08 03:12:32.293  1881  3624 E WindowManager: Performed 6 layouts in a row. Skipping
12-08 03:12:32.322  1881  1934 E WindowManager: Performed 6 layouts in a row. Skipping
12-08 03:12:32.360  1881  1934 E WindowManager: Performed 6 layouts in a row. Skipping
