--------- beginning of main
12-08 04:48:06.882 19032 19032 E id.defcontaine: Not starting debugger since process cannot load the jdwp agent.
--------- beginning of system
12-08 04:48:07.016 19038 19038 E oid.documentsu: Not starting debugger since process cannot load the jdwp agent.
12-08 04:48:07.021 19052 19052 E ndroid.keychai: Not starting debugger since process cannot load the jdwp agent.
12-08 04:48:07.696  1632  1632 E lowmemorykiller: Error writing /proc/18795/oom_score_adj; errno=22
12-08 04:48:07.696  1632  1632 E lowmemorykiller: Error writing /proc/18777/oom_score_adj; errno=22
12-08 04:48:07.735  1632  1632 E lowmemorykiller: Error opening /proc/18777/oom_score_adj; errno=2
12-08 04:48:08.020 19113 19113 E droid.apps.doc: Not starting debugger since process cannot load the jdwp agent.
12-08 04:48:09.010 19140 19140 E d.process.medi: Not starting debugger since process cannot load the jdwp agent.
12-08 04:48:09.714 19166 19166 E ocess.gservice: Not starting debugger since process cannot load the jdwp agent.
12-08 04:48:10.589 19113 19113 E DocsApplication: [main] No default account found during application creation.
12-08 04:48:11.148  1729  1945 E         : Couldn't opendir /data/app/vmdl1897707417.tmp: No such file or directory
12-08 04:48:11.148  1729  1945 E installd: Failed to delete /data/app/vmdl1897707417.tmp: No such file or directory
12-08 04:48:13.512  1829  1829 E netmgr  : Failed to open QEMU pipe 'qemud:network': Invalid argument
12-08 04:48:13.513  1829  1829 E netmgr  : WifiForwarder unable to open QEMU pipe: Invalid argument
12-08 04:48:15.127 19215 19215 E harlton.mileag: Not starting debugger since process cannot load the jdwp agent.
12-08 04:48:16.867 16085 31762 E putmethod.lati: Invalid ID 0x00000001.
12-08 04:48:16.874 16085 31762 E LstmTrainingCache: emn: Can't get resource name for input slot
12-08 04:48:16.874 16085 31762 E LstmTrainingCache: android.content.res.Resources$NotFoundException: Unable to find resource ID #0x1
12-08 04:48:16.874 16085 31762 E LstmTrainingCache: 	at android.content.res.ResourcesImpl.getResourceName(ResourcesImpl.java:255)
12-08 04:48:16.874 16085 31762 E LstmTrainingCache: 	at android.content.res.Resources.getResourceName(Resources.java:1954)
12-08 04:48:16.874 16085 31762 E LstmTrainingCache: 	at emn.a(PG:12)
12-08 04:48:16.874 16085 31762 E LstmTrainingCache: 	at emk.run(PG:5)
12-08 04:48:16.874 16085 31762 E LstmTrainingCache: 	at java.lang.Thread.run(Thread.java:764)
12-08 04:48:24.268 19245 19245 E emui:screensho: Not starting debugger since process cannot load the jdwp agent.
12-08 04:48:25.006 19245 19245 E SoundPool: error loading /product/media/audio/ui/camera_click.ogg
12-08 04:48:25.286  1739  1778 E OMXNodeInstance: getConfig(0xee326cc0:google.vorbis.decoder, ConfigAndroidVendorExtension(0x6f100004)) ERROR: Undefined(0x80001001)
12-08 04:48:32.093 16506 16506 E BeaconBle: Missing BluetoothAdapter
12-08 04:48:32.101 16506 17111 E PlaceInferenceEngine: Position timestamp out of order. Previous: 1544262341000, Current: 1544244511000. Skipping this Position.
12-08 04:48:32.204 16506 16506 E BeaconBle: Scan couldn't start for Places
12-08 04:48:35.098  1737  1809 E storaged: getDiskStats failed with result NOT_SUPPORTED and size 0
12-08 04:48:38.775 19299 19299 E oid.apps.photo: Not starting debugger since process cannot load the jdwp agent.
12-08 04:48:54.156 15976 16116 E WindowManager: Performed 6 layouts in a row. Skipping
12-08 04:48:54.174 15976 16026 E WindowManager: Performed 6 layouts in a row. Skipping
12-08 04:48:54.231 15976 16026 E WindowManager: Performed 6 layouts in a row. Skipping
12-08 04:48:54.286 15976 16026 E WindowManager: Performed 6 layouts in a row. Skipping
12-08 04:48:54.365 15976 16026 E WindowManager: Performed 6 layouts in a row. Skipping
12-08 04:48:54.381 15976 17636 E WindowManager: Performed 6 layouts in a row. Skipping
12-08 04:48:54.418 15976 15991 E WindowManager: Performed 6 layouts in a row. Skipping
12-08 04:48:54.477 15976 17636 E WindowManager: Performed 6 layouts in a row. Skipping
12-08 04:48:54.498 15976 16026 E WindowManager: Performed 6 layouts in a row. Skipping
12-08 04:48:54.611 15976 16026 E WindowManager: Performed 6 layouts in a row. Skipping
12-08 04:48:56.447 10641 10641 E ContextIntentStarter: No activity found for any of the 0 intents
12-08 04:49:08.118 15976 15989 E memtrack: Couldn't load memtrack module
12-08 04:49:08.161 15976 15989 E memtrack: Couldn't load memtrack module
12-08 04:49:08.165 15976 15989 E memtrack: Couldn't load memtrack module
12-08 04:49:08.170 15976 15989 E memtrack: Couldn't load memtrack module
12-08 04:49:08.172 15976 15989 E memtrack: Couldn't load memtrack module
12-08 04:49:08.175 15976 15989 E memtrack: Couldn't load memtrack module
12-08 04:49:08.180 15976 15989 E memtrack: Couldn't load memtrack module
12-08 04:49:08.183 15976 15989 E memtrack: Couldn't load memtrack module
12-08 04:49:08.201 15976 15989 E memtrack: Couldn't load memtrack module
12-08 04:49:08.205 15976 15989 E memtrack: Couldn't load memtrack module
12-08 04:49:08.209 15976 15989 E memtrack: Couldn't load memtrack module
12-08 04:49:08.215 15976 15989 E memtrack: Couldn't load memtrack module
12-08 04:49:08.220 15976 15989 E memtrack: Couldn't load memtrack module
12-08 04:49:08.227 15976 15989 E memtrack: Couldn't load memtrack module
12-08 04:49:08.248 15976 15989 E memtrack: Couldn't load memtrack module
12-08 04:49:08.252 15976 15989 E memtrack: Couldn't load memtrack module
12-08 04:49:08.256 15976 15989 E memtrack: Couldn't load memtrack module
12-08 04:49:08.259 15976 15989 E memtrack: Couldn't load memtrack module
12-08 04:49:08.262 15976 15989 E memtrack: Couldn't load memtrack module
12-08 04:49:08.266 15976 15989 E memtrack: Couldn't load memtrack module
12-08 04:49:08.275 15976 15989 E memtrack: Couldn't load memtrack module
12-08 04:49:08.280 15976 15989 E memtrack: Couldn't load memtrack module
12-08 04:49:08.282 15976 15989 E memtrack: Couldn't load memtrack module
12-08 04:49:08.286 15976 15989 E memtrack: Couldn't load memtrack module
12-08 04:49:08.290 15976 15989 E memtrack: Couldn't load memtrack module
12-08 04:49:08.292 15976 15989 E memtrack: Couldn't load memtrack module
12-08 04:49:08.309 15976 15989 E memtrack: Couldn't load memtrack module
12-08 04:49:08.320 15976 15989 E memtrack: Couldn't load memtrack module
12-08 04:49:08.324 15976 15989 E memtrack: Couldn't load memtrack module
12-08 04:49:08.330 15976 15989 E memtrack: Couldn't load memtrack module
12-08 04:49:08.335 15976 15989 E memtrack: Couldn't load memtrack module
12-08 04:49:08.343 15976 15989 E memtrack: Couldn't load memtrack module
12-08 04:49:08.364 15976 15989 E memtrack: Couldn't load memtrack module
12-08 04:49:08.381 15976 15989 E memtrack: Couldn't load memtrack module
12-08 04:49:08.385 15976 15989 E memtrack: Couldn't load memtrack module
12-08 04:49:08.391 15976 15989 E memtrack: Couldn't load memtrack module
12-08 04:49:08.413 15976 15989 E memtrack: Couldn't load memtrack module
12-08 04:49:08.423 15976 15989 E memtrack: Couldn't load memtrack module
12-08 04:49:08.430 15976 15989 E memtrack: Couldn't load memtrack module
12-08 04:49:08.434 15976 15989 E memtrack: Couldn't load memtrack module
12-08 04:49:08.439 15976 15989 E memtrack: Couldn't load memtrack module
12-08 04:49:08.450 15976 15989 E memtrack: Couldn't load memtrack module
12-08 04:49:08.452 15976 15989 E memtrack: Couldn't load memtrack module
12-08 04:49:08.456 15976 15989 E memtrack: Couldn't load memtrack module
12-08 04:49:08.460 15976 15989 E memtrack: Couldn't load memtrack module
12-08 04:49:08.462 15976 15989 E memtrack: Couldn't load memtrack module
12-08 04:49:08.467 15976 15989 E memtrack: Couldn't load memtrack module
12-08 04:49:08.469 15976 15989 E memtrack: Couldn't load memtrack module
12-08 04:49:08.472 15976 15989 E memtrack: Couldn't load memtrack module
12-08 04:49:08.477 15976 15989 E memtrack: Couldn't load memtrack module
12-08 04:49:08.541 15976 15989 E memtrack: Couldn't load memtrack module
12-08 04:49:08.559 15976 15989 E memtrack: Couldn't load memtrack module
12-08 04:49:08.568 15976 15989 E memtrack: Couldn't load memtrack module
12-08 04:49:08.577 15976 15989 E memtrack: Couldn't load memtrack module
12-08 04:49:08.584 15976 15989 E memtrack: Couldn't load memtrack module
12-08 04:49:08.587 15976 15989 E memtrack: Couldn't load memtrack module
12-08 04:49:08.619 15976 15989 E memtrack: Couldn't load memtrack module
12-08 04:49:08.621 15976 15989 E memtrack: Couldn't load memtrack module
12-08 04:49:08.623 15976 15989 E memtrack: Couldn't load memtrack module
12-08 04:49:08.659 15976 15989 E memtrack: Couldn't load memtrack module
12-08 04:49:08.720 15976 15989 E memtrack: Couldn't load memtrack module
12-08 04:49:08.830 15976 15989 E memtrack: Couldn't load memtrack module
12-08 04:49:08.837 16506 18271 E ctxmgr  : [AppIntervalImpl]closeInterval: ongoing
12-08 04:49:08.886 15976 15989 E memtrack: Couldn't load memtrack module
12-08 04:49:08.899 16506 18271 E ctxmgr  : [AppIntervalImpl]closeInterval: ongoing
12-08 04:49:08.942 15976 15989 E memtrack: Couldn't load memtrack module
12-08 04:49:09.000 15927 19367 E audio_hw_generic: pcm_open(in) failed: cannot open device '/dev/snd/pcmC0D0c': Device or resource busy: channels 2 format 0 rate 16000
12-08 04:49:09.017 15976 15989 E memtrack: Couldn't load memtrack module
12-08 04:49:09.068 15976 15989 E memtrack: Couldn't load memtrack module
12-08 04:49:09.168 15976 15989 E memtrack: Couldn't load memtrack module
12-08 04:49:09.346 15976 15989 E memtrack: Couldn't load memtrack module
12-08 04:49:09.386 15976 15989 E memtrack: Couldn't load memtrack module
12-08 04:49:09.438 15976 15989 E memtrack: Couldn't load memtrack module
12-08 04:49:09.481 15976 15989 E memtrack: Couldn't load memtrack module
12-08 04:49:09.539 15976 15989 E memtrack: Couldn't load memtrack module
12-08 04:49:09.607 15976 15989 E memtrack: Couldn't load memtrack module
12-08 04:49:09.744 15976 15989 E memtrack: Couldn't load memtrack module
12-08 04:49:09.936 15976 15989 E memtrack: Couldn't load memtrack module
12-08 04:49:10.078 15976 15989 E memtrack: Couldn't load memtrack module
12-08 04:49:10.181 15976 15989 E memtrack: Couldn't load memtrack module
12-08 04:49:10.461 15976 15989 E memtrack: Couldn't load memtrack module
12-08 04:49:12.147 19376 19376 E id.partnersetu: Not starting debugger since process cannot load the jdwp agent.
12-08 04:49:12.437 19391 19391 E boxed_process1: Not starting debugger since process cannot load the jdwp agent.
12-08 04:49:13.152 10641 10641 E ClientVe: Failed to create ClientVisualElementsProto for user interaction on view com.google.android.apps.gsa.searchbox.ui.suggestions.views.CoreSuggestionView{3c1753a VFE...CL. ...P.... 0,436-1038,583 #1a} because the view is not tagged for visual element logging.
12-08 04:49:13.184 10641 10641 E ClientVe: Failed to create ClientVisualElementsProto for user interaction on view com.google.android.apps.gsa.searchbox.ui.suggestions.views.CoreSuggestionView{16e0f48 VFE...CL. ...P.... 0,289-1038,436 #19} because the view is not tagged for visual element logging.
12-08 04:49:13.291 10641 10641 E ClientVe: Failed to create ClientVisualElementsProto for user interaction on view com.google.android.apps.gsa.searchbox.ui.suggestions.views.CoreSuggestionView{4c57f60 VFE...CL. ...P.... 0,142-1038,289 #18} because the view is not tagged for visual element logging.
12-08 04:49:13.567  1829  1829 E netmgr  : Failed to open QEMU pipe 'qemud:network': Invalid argument
12-08 04:49:13.568  1829  1829 E netmgr  : WifiForwarder unable to open QEMU pipe: Invalid argument
12-08 04:49:13.689 10641 10641 E ClientVe: Failed to create ClientVisualElementsProto for user interaction on view com.google.android.apps.gsa.searchbox.ui.suggestions.views.CoreSuggestionView{16e0f48 VFE...CL. ...p.... 0,289-1038,436 #19} because the view is not tagged for visual element logging.
12-08 04:49:13.784 10641 10641 E ClientVe: Failed to create ClientVisualElementsProto for user interaction on view com.google.android.apps.gsa.searchbox.ui.suggestions.views.CoreSuggestionView{16e0f48 VFE...CL. ...P.... 0,289-1038,436 #19} because the view is not tagged for visual element logging.
12-08 04:49:16.265 10641 18068 E IcingUsageReportRunnabl: Failed to connect when reporting usage: ConnectionResult{statusCode=TIMEOUT, resolution=null, message=null}
12-08 04:49:16.278 10641 16021 E IcingUsageReportRunnabl: Failed to connect when reporting usage: ConnectionResult{statusCode=TIMEOUT, resolution=null, message=null}
12-08 04:49:17.614 10641 10641 E ClientVe: Failed to create ClientVisualElementsProto for user interaction on view com.google.android.apps.gsa.searchbox.ui.suggestions.views.CoreSuggestionView{4c57f60 VFE...CL. ...P.... 0,142-1038,289 #18} because the view is not tagged for visual element logging.
12-08 04:49:18.952 10641 10641 E ClientVe: Failed to create ClientVisualElementsProto for user interaction on view com.google.android.apps.gsa.searchbox.ui.suggestions.views.CoreSuggestionView{926ac19 VFE...CL. ...P.... 0,-5-1038,142 #17} because the view is not tagged for visual element logging.
12-08 04:49:21.766 10641 10649 E ReloadingLock: Finalizing LOCKED Token[searchresults_activity 2018-12-08 04:49:20.390]
