--------- beginning of main
12-07 14:30:24.278  1880  4569 E memtrack: Couldn't load memtrack module
--------- beginning of system
12-07 14:30:27.190  1880  4569 E memtrack: Couldn't load memtrack module
12-07 14:30:34.750  1829  1829 E netmgr  : Failed to open QEMU pipe 'qemud:network': Invalid argument
12-07 14:30:34.750  1829  1829 E netmgr  : WifiForwarder unable to open QEMU pipe: Invalid argument
12-07 14:30:34.766  1735  1809 E storaged: getDiskStats failed with result NOT_SUPPORTED and size 0
12-07 14:30:34.849  1880  4569 E memtrack: Couldn't load memtrack module
12-07 14:30:34.880  2378  1435 E ctxmgr  : [ProducerStatusImpl]updateStateForNewContextData: inactive, contextName=7
12-07 14:30:34.931  1880  4569 E memtrack: Couldn't load memtrack module
12-07 14:30:34.934  1880  4569 E memtrack: Couldn't load memtrack module
12-07 14:30:34.936  1880  4569 E memtrack: Couldn't load memtrack module
12-07 14:30:34.938  1880  4569 E memtrack: Couldn't load memtrack module
12-07 14:30:34.943  1880  4569 E memtrack: Couldn't load memtrack module
12-07 14:30:34.955  1880  4569 E memtrack: Couldn't load memtrack module
12-07 14:30:34.974  1880  4569 E memtrack: Couldn't load memtrack module
12-07 14:30:34.994  1880  4569 E memtrack: Couldn't load memtrack module
12-07 14:30:35.009  1880  4569 E memtrack: Couldn't load memtrack module
12-07 14:30:35.016  1880  4569 E memtrack: Couldn't load memtrack module
12-07 14:30:35.025  1880  4569 E memtrack: Couldn't load memtrack module
12-07 14:30:35.043  1880  4569 E memtrack: Couldn't load memtrack module
12-07 14:30:35.056  1880  4569 E memtrack: Couldn't load memtrack module
12-07 14:30:35.063  1880  4569 E memtrack: Couldn't load memtrack module
12-07 14:30:35.074  1880  4569 E memtrack: Couldn't load memtrack module
12-07 14:30:35.099  1880  4569 E memtrack: Couldn't load memtrack module
12-07 14:30:35.106  1880  4569 E memtrack: Couldn't load memtrack module
12-07 14:30:37.528  1880  4569 E memtrack: Couldn't load memtrack module
12-07 14:30:37.536  1880  4569 E memtrack: Couldn't load memtrack module
12-07 14:30:37.546  1880  4569 E memtrack: Couldn't load memtrack module
12-07 14:30:37.554  1880  4569 E memtrack: Couldn't load memtrack module
12-07 14:30:37.562  1880  4569 E memtrack: Couldn't load memtrack module
12-07 14:30:37.571  1880  4569 E memtrack: Couldn't load memtrack module
12-07 14:30:37.579  1880  4569 E memtrack: Couldn't load memtrack module
12-07 14:30:37.587  1880  4569 E memtrack: Couldn't load memtrack module
12-07 14:30:37.595  1880  4569 E memtrack: Couldn't load memtrack module
12-07 14:30:37.600  1880  4569 E memtrack: Couldn't load memtrack module
12-07 14:30:37.607  1880  4569 E memtrack: Couldn't load memtrack module
12-07 14:30:37.614  1880  4569 E memtrack: Couldn't load memtrack module
12-07 14:30:37.621  1880  4569 E memtrack: Couldn't load memtrack module
12-07 14:30:37.626  1880  4569 E memtrack: Couldn't load memtrack module
12-07 14:30:37.654  1880  4569 E memtrack: Couldn't load memtrack module
12-07 14:30:37.658  1880  4569 E memtrack: Couldn't load memtrack module
12-07 14:30:37.666  1880  4569 E memtrack: Couldn't load memtrack module
12-07 14:30:37.671  1880  4569 E memtrack: Couldn't load memtrack module
12-07 14:30:37.677  1880  4569 E memtrack: Couldn't load memtrack module
12-07 14:30:37.696  2378  2378 E BeaconBle: Missing BluetoothAdapter
12-07 14:30:37.701  1880  4569 E memtrack: Couldn't load memtrack module
12-07 14:30:37.718  2378  2378 E BeaconBle: Scan couldn't start for Places
12-07 14:30:37.778  1880  4569 E memtrack: Couldn't load memtrack module
12-07 14:30:37.798  1880  4569 E memtrack: Couldn't load memtrack module
12-07 14:30:37.814  1880  4569 E memtrack: Couldn't load memtrack module
12-07 14:30:37.833  1880  4569 E memtrack: Couldn't load memtrack module
12-07 14:30:37.844  1880  4569 E memtrack: Couldn't load memtrack module
12-07 14:30:37.857  1880  4569 E memtrack: Couldn't load memtrack module
12-07 14:30:37.870  1880  4569 E memtrack: Couldn't load memtrack module
12-07 14:30:40.012  1880  4569 E memtrack: Couldn't load memtrack module
12-07 14:30:40.033  1880  4569 E memtrack: Couldn't load memtrack module
12-07 14:30:40.060  1880  4569 E memtrack: Couldn't load memtrack module
12-07 14:30:40.076  1880  4569 E memtrack: Couldn't load memtrack module
12-07 14:30:40.087  1880  4569 E memtrack: Couldn't load memtrack module
12-07 14:30:40.097  1880  4569 E memtrack: Couldn't load memtrack module
12-07 14:30:40.105  1880  4569 E memtrack: Couldn't load memtrack module
12-07 14:30:40.130  1880  4569 E memtrack: Couldn't load memtrack module
12-07 14:30:40.138  1880  4569 E memtrack: Couldn't load memtrack module
12-07 14:30:40.147  1880  4569 E memtrack: Couldn't load memtrack module
12-07 14:30:40.151  1880  4569 E memtrack: Couldn't load memtrack module
12-07 14:30:40.158  1880  4569 E memtrack: Couldn't load memtrack module
12-07 14:30:40.177  1880  4569 E memtrack: Couldn't load memtrack module
12-07 14:30:40.181  1880  4569 E memtrack: Couldn't load memtrack module
12-07 14:30:40.186  1880  4569 E memtrack: Couldn't load memtrack module
12-07 14:30:40.190  1880  4569 E memtrack: Couldn't load memtrack module
12-07 14:30:40.195  1880  4569 E memtrack: Couldn't load memtrack module
12-07 14:30:40.201  1880  4569 E memtrack: Couldn't load memtrack module
12-07 14:30:40.205  1880  4569 E memtrack: Couldn't load memtrack module
12-07 14:30:40.211  1880  4569 E memtrack: Couldn't load memtrack module
12-07 14:30:40.216  1880  4569 E memtrack: Couldn't load memtrack module
12-07 14:30:40.287  1880  4569 E memtrack: Couldn't load memtrack module
12-07 14:30:40.291  1880  4569 E memtrack: Couldn't load memtrack module
12-07 14:30:40.294  1880  4569 E memtrack: Couldn't load memtrack module
12-07 14:30:40.298  1880  4569 E memtrack: Couldn't load memtrack module
12-07 14:30:48.497 19845 19845 E TaskServiceHelper: Cannot execute TaskName.UNKNOWN (or data got corrupted).
12-07 14:31:01.020  1880  1895 E memtrack: Couldn't load memtrack module
12-07 14:31:01.196  1727  1945 E         : Couldn't opendir /data/app/vmdl1445895510.tmp: No such file or directory
12-07 14:31:01.196  1727  1945 E installd: Failed to delete /data/app/vmdl1445895510.tmp: No such file or directory
12-07 14:31:21.831  1880  1895 E memtrack: Couldn't load memtrack module
12-07 14:31:22.153  1552  1552 E harlton.mileag: Not starting debugger since process cannot load the jdwp agent.
12-07 14:31:32.581  1552  1552 E SQLiteLog: (1) near "null": syntax error
12-07 14:31:32.624  1552  1552 E SQLiteLog: (1) near "null": syntax error
--------- beginning of crash
12-07 14:31:32.659  1552  1552 E AndroidRuntime: FATAL EXCEPTION: main
12-07 14:31:32.659  1552  1552 E AndroidRuntime: Process: com.evancharlton.mileage, PID: 1552
12-07 14:31:32.659  1552  1552 E AndroidRuntime: java.lang.RuntimeException: Unable to start activity ComponentInfo{com.evancharlton.mileage/com.evancharlton.mileage.Mileage}: java.lang.RuntimeException: Unable to start activity ComponentInfo{com.evancharlton.mileage/com.evancharlton.mileage.FillupActivity}: android.view.InflateException: Binary XML file line #5: Binary XML file line #5: Error inflating class com.evancharlton.mileage.views.CursorSpinner
12-07 14:31:32.659  1552  1552 E AndroidRuntime: 	at android.app.ActivityThread.performLaunchActivity(ActivityThread.java:2913)
12-07 14:31:32.659  1552  1552 E AndroidRuntime: 	at android.app.ActivityThread.handleLaunchActivity(ActivityThread.java:3048)
12-07 14:31:32.659  1552  1552 E AndroidRuntime: 	at android.app.servertransaction.LaunchActivityItem.execute(LaunchActivityItem.java:78)
12-07 14:31:32.659  1552  1552 E AndroidRuntime: 	at android.app.servertransaction.TransactionExecutor.executeCallbacks(TransactionExecutor.java:108)
12-07 14:31:32.659  1552  1552 E AndroidRuntime: 	at android.app.servertransaction.TransactionExecutor.execute(TransactionExecutor.java:68)
12-07 14:31:32.659  1552  1552 E AndroidRuntime: 	at android.app.ActivityThread$H.handleMessage(ActivityThread.java:1808)
12-07 14:31:32.659  1552  1552 E AndroidRuntime: 	at android.os.Handler.dispatchMessage(Handler.java:106)
12-07 14:31:32.659  1552  1552 E AndroidRuntime: 	at android.os.Looper.loop(Looper.java:193)
12-07 14:31:32.659  1552  1552 E AndroidRuntime: 	at android.app.ActivityThread.main(ActivityThread.java:6669)
12-07 14:31:32.659  1552  1552 E AndroidRuntime: 	at java.lang.reflect.Method.invoke(Native Method)
12-07 14:31:32.659  1552  1552 E AndroidRuntime: 	at com.android.internal.os.RuntimeInit$MethodAndArgsCaller.run(RuntimeInit.java:493)
12-07 14:31:32.659  1552  1552 E AndroidRuntime: 	at com.android.internal.os.ZygoteInit.main(ZygoteInit.java:858)
12-07 14:31:32.659  1552  1552 E AndroidRuntime: Caused by: java.lang.RuntimeException: Unable to start activity ComponentInfo{com.evancharlton.mileage/com.evancharlton.mileage.FillupActivity}: android.view.InflateException: Binary XML file line #5: Binary XML file line #5: Error inflating class com.evancharlton.mileage.views.CursorSpinner
12-07 14:31:32.659  1552  1552 E AndroidRuntime: 	at android.app.ActivityThread.performLaunchActivity(ActivityThread.java:2913)
12-07 14:31:32.659  1552  1552 E AndroidRuntime: 	at android.app.ActivityThread.startActivityNow(ActivityThread.java:2723)
12-07 14:31:32.659  1552  1552 E AndroidRuntime: 	at android.app.LocalActivityManager.moveToState(LocalActivityManager.java:139)
12-07 14:31:32.659  1552  1552 E AndroidRuntime: 	at android.app.LocalActivityManager.startActivity(LocalActivityManager.java:366)
12-07 14:31:32.659  1552  1552 E AndroidRuntime: 	at android.widget.TabHost$IntentContentStrategy.getContentView(TabHost.java:774)
12-07 14:31:32.659  1552  1552 E AndroidRuntime: 	at android.widget.TabHost.setCurrentTab(TabHost.java:428)
12-07 14:31:32.659  1552  1552 E AndroidRuntime: 	at android.widget.TabHost.addTab(TabHost.java:238)
12-07 14:31:32.659  1552  1552 E AndroidRuntime: 	at com.evancharlton.mileage.Mileage.onCreate(Mileage.java:31)
12-07 14:31:32.659  1552  1552 E AndroidRuntime: 	at android.app.Activity.performCreate(Activity.java:7136)
12-07 14:31:32.659  1552  1552 E AndroidRuntime: 	at android.app.Activity.performCreate(Activity.java:7127)
12-07 14:31:32.659  1552  1552 E AndroidRuntime: 	at android.app.Instrumentation.callActivityOnCreate(Instrumentation.java:1271)
12-07 14:31:32.659  1552  1552 E AndroidRuntime: 	at android.app.ActivityThread.performLaunchActivity(ActivityThread.java:2893)
12-07 14:31:32.659  1552  1552 E AndroidRuntime: 	... 11 more
12-07 14:31:32.659  1552  1552 E AndroidRuntime: Caused by: android.view.InflateException: Binary XML file line #5: Binary XML file line #5: Error inflating class com.evancharlton.mileage.views.CursorSpinner
12-07 14:31:32.659  1552  1552 E AndroidRuntime: Caused by: android.view.InflateException: Binary XML file line #5: Error inflating class com.evancharlton.mileage.views.CursorSpinner
12-07 14:31:32.659  1552  1552 E AndroidRuntime: Caused by: java.lang.reflect.InvocationTargetException
12-07 14:31:32.659  1552  1552 E AndroidRuntime: 	at java.lang.reflect.Constructor.newInstance0(Native Method)
12-07 14:31:32.659  1552  1552 E AndroidRuntime: 	at java.lang.reflect.Constructor.newInstance(Constructor.java:343)
12-07 14:31:32.659  1552  1552 E AndroidRuntime: 	at android.view.LayoutInflater.createView(LayoutInflater.java:647)
12-07 14:31:32.659  1552  1552 E AndroidRuntime: 	at android.view.LayoutInflater.createViewFromTag(LayoutInflater.java:790)
12-07 14:31:32.659  1552  1552 E AndroidRuntime: 	at android.view.LayoutInflater.createViewFromTag(LayoutInflater.java:730)
12-07 14:31:32.659  1552  1552 E AndroidRuntime: 	at android.view.LayoutInflater.rInflate(LayoutInflater.java:863)
12-07 14:31:32.659  1552  1552 E AndroidRuntime: 	at android.view.LayoutInflater.inflate(LayoutInflater.java:489)
12-07 14:31:32.659  1552  1552 E AndroidRuntime: 	at android.view.LayoutInflater.inflate(LayoutInflater.java:423)
12-07 14:31:32.659  1552  1552 E AndroidRuntime: 	at android.view.LayoutInflater.inflate(LayoutInflater.java:374)
12-07 14:31:32.659  1552  1552 E AndroidRuntime: 	at com.evancharlton.mileage.BaseFormActivity.onCreate(BaseFormActivity.java:37)
12-07 14:31:32.659  1552  1552 E AndroidRuntime: 	at com.evancharlton.mileage.FillupActivity.onCreate(FillupActivity.java:72)
12-07 14:31:32.659  1552  1552 E AndroidRuntime: 	at android.app.Activity.performCreate(Activity.java:7136)
12-07 14:31:32.659  1552  1552 E AndroidRuntime: 	at android.app.Activity.performCreate(Activity.java:7127)
12-07 14:31:32.659  1552  1552 E AndroidRuntime: 	at android.app.Instrumentation.callActivityOnCreate(Instrumentation.java:1271)
12-07 14:31:32.659  1552  1552 E AndroidRuntime: 	at android.app.ActivityThread.performLaunchActivity(ActivityThread.java:2893)
12-07 14:31:32.659  1552  1552 E AndroidRuntime: 	at android.app.ActivityThread.startActivityNow(ActivityThread.java:2723)
12-07 14:31:32.665  1552  1552 E AndroidRuntime: 	at android.app.LocalActivityManager.moveToState(LocalActivityManager.java:139)
12-07 14:31:32.665  1552  1552 E AndroidRuntime: 	at android.app.LocalActivityManager.startActivity(LocalActivityManager.java:366)
12-07 14:31:32.665  1552  1552 E AndroidRuntime: 	at android.widget.TabHost$IntentContentStrategy.getContentView(TabHost.java:774)
12-07 14:31:32.665  1552  1552 E AndroidRuntime: 	at android.widget.TabHost.setCurrentTab(TabHost.java:428)
12-07 14:31:32.665  1552  1552 E AndroidRuntime: 	at android.widget.TabHost.addTab(TabHost.java:238)
12-07 14:31:32.665  1552  1552 E AndroidRuntime: 	at com.evancharlton.mileage.Mileage.onCreate(Mileage.java:31)
12-07 14:31:32.665  1552  1552 E AndroidRuntime: 	at android.app.Activity.performCreate(Activity.java:7136)
12-07 14:31:32.665  1552  1552 E AndroidRuntime: 	at android.app.Activity.performCreate(Activity.java:7127)
12-07 14:31:32.665  1552  1552 E AndroidRuntime: 	at android.app.Instrumentation.callActivityOnCreate(Instrumentation.java:1271)
12-07 14:31:32.665  1552  1552 E AndroidRuntime: 	at android.app.ActivityThread.performLaunchActivity(ActivityThread.java:2893)
12-07 14:31:32.665  1552  1552 E AndroidRuntime: 	at android.app.ActivityThread.handleLaunchActivity(ActivityThread.java:3048)
12-07 14:31:32.665  1552  1552 E AndroidRuntime: 	at android.app.servertransaction.LaunchActivityItem.execute(LaunchActivityItem.java:78)
12-07 14:31:32.665  1552  1552 E AndroidRuntime: 	at android.app.servertransaction.TransactionExecutor.executeCallbacks(TransactionExecutor.java:108)
12-07 14:31:32.665  1552  1552 E AndroidRuntime: 	at android.app.servertransaction.TransactionExecutor.execute(TransactionExecutor.java:68)
12-07 14:31:32.665  1552  1552 E AndroidRuntime: 	at android.app.ActivityThread$H.handleMessage(ActivityThread.java:1808)
12-07 14:31:32.665  1552  1552 E AndroidRuntime: 	at android.os.Handler.dispatchMessage(Handler.java:106)
12-07 14:31:32.665  1552  1552 E AndroidRuntime: 	at android.os.Looper.loop(Looper.java:193)
12-07 14:31:32.665  1552  1552 E AndroidRuntime: 	at android.app.ActivityThread.main(ActivityThread.java:6669)
12-07 14:31:32.665  1552  1552 E AndroidRuntime: 	at java.lang.reflect.Method.invoke(Native Method)
12-07 14:31:32.665  1552  1552 E AndroidRuntime: 	at com.android.internal.os.RuntimeInit$MethodAndArgsCaller.run(RuntimeInit.java:493)
12-07 14:31:32.665  1552  1552 E AndroidRuntime: 	at com.android.internal.os.ZygoteInit.main(ZygoteInit.java:858)
12-07 14:31:32.665  1552  1552 E AndroidRuntime: Caused by: android.database.sqlite.SQLiteException: near "null": syntax error (code 1 SQLITE_ERROR): , while compiling: CREATE TABLE fillups_fields (_id INTEGER PRIMARY KEY AUTOINCREMENT, fillup_id INTEGER, template_id INTEGER, null TEXT);
12-07 14:31:32.665  1552  1552 E AndroidRuntime: 	at android.database.sqlite.SQLiteConnection.nativePrepareStatement(Native Method)
12-07 14:31:32.665  1552  1552 E AndroidRuntime: 	at android.database.sqlite.SQLiteConnection.acquirePreparedStatement(SQLiteConnection.java:903)
12-07 14:31:32.665  1552  1552 E AndroidRuntime: 	at android.database.sqlite.SQLiteConnection.prepare(SQLiteConnection.java:514)
12-07 14:31:32.665  1552  1552 E AndroidRuntime: 	at android.database.sqlite.SQLiteSession.prepare(SQLiteSession.java:588)
12-07 14:31:32.665  1552  1552 E AndroidRuntime: 	at android.database.sqlite.SQLiteProgram.<init>(SQLiteProgram.java:58)
12-07 14:31:32.665  1552  1552 E AndroidRuntime: 	at android.database.sqlite.SQLiteStatement.<init>(SQLiteStatement.java:31)
12-07 14:31:32.665  1552  1552 E AndroidRuntime: 	at android.database.sqlite.SQLiteDatabase.executeSql(SQLiteDatabase.java:1769)
12-07 14:31:32.665  1552  1552 E AndroidRuntime: 	at android.database.sqlite.SQLiteDatabase.execSQL(SQLiteDatabase.java:1698)
12-07 14:31:32.665  1552  1552 E AndroidRuntime: 	at com.evancharlton.mileage.provider.FillUpsProvider$DatabaseHelper.onCreate(FillUpsProvider.java:113)
12-07 14:31:32.665  1552  1552 E AndroidRuntime: 	at android.database.sqlite.SQLiteOpenHelper.getDatabaseLocked(SQLiteOpenHelper.java:393)
12-07 14:31:32.665  1552  1552 E AndroidRuntime: 	at android.database.sqlite.SQLiteOpenHelper.getWritableDatabase(SQLiteOpenHelper.java:298)
12-07 14:31:32.665  1552  1552 E AndroidRuntime: 	at com.evancharlton.mileage.provider.FillUpsProvider.query(FillUpsProvider.java:240)
12-07 14:31:32.665  1552  1552 E AndroidRuntime: 	at android.content.ContentProvider.query(ContentProvider.java:1055)
12-07 14:31:32.665  1552  1552 E AndroidRuntime: 	at android.content.ContentProvider.query(ContentProvider.java:1147)
12-07 14:31:32.665  1552  1552 E AndroidRuntime: 	at android.content.ContentProvider$Transport.query(ContentProvider.java:240)
12-07 14:31:32.665  1552  1552 E AndroidRuntime: 	at android.content.ContentResolver.query(ContentResolver.java:802)
12-07 14:31:32.665  1552  1552 E AndroidRuntime: 	at android.content.ContentResolver.query(ContentResolver.java:752)
12-07 14:31:32.665  1552  1552 E AndroidRuntime: 	at android.content.ContentResolver.query(ContentResolver.java:710)
12-07 14:31:32.665  1552  1552 E AndroidRuntime: 	at com.evancharlton.mileage.views.CursorSpinner.filter(CursorSpinner.java:38)
12-07 14:31:32.665  1552  1552 E AndroidRuntime: 	at com.evancharlton.mileage.views.CursorSpinner.<init>(CursorSpinner.java:32)
12-07 14:31:32.665  1552  1552 E AndroidRuntime: 	... 37 more
12-07 14:31:32.728  1629  1629 E lowmemorykiller: Error writing /proc/1552/oom_score_adj; errno=22
12-07 14:31:35.149  1829  1829 E netmgr  : Failed to open QEMU pipe 'qemud:network': Invalid argument
12-07 14:31:35.149  1829  1829 E netmgr  : WifiForwarder unable to open QEMU pipe: Invalid argument
12-07 14:31:35.171  1735  1809 E storaged: getDiskStats failed with result NOT_SUPPORTED and size 0
12-07 14:31:43.038  1880  1895 E memtrack: Couldn't load memtrack module
12-07 14:32:04.861  1602  1602 E hod.latin:trai: Not starting debugger since process cannot load the jdwp agent.
12-07 14:32:18.399  1657  1657 E boxed_process1: Not starting debugger since process cannot load the jdwp agent.
12-07 14:32:28.929  1880  1895 E memtrack: Couldn't load memtrack module
12-07 14:32:34.645  1880  1896 E ActivityManager: ANR in com.google.android.inputmethod.latin:train
12-07 14:32:34.645  1880  1896 E ActivityManager: PID: 1602
12-07 14:32:34.645  1880  1896 E ActivityManager: Reason: executing service com.google.android.inputmethod.latin/com.google.android.apps.inputmethod.libs.dvrnn.trainingservice.DvrnnTrainingRpcService
12-07 14:32:34.645  1880  1896 E ActivityManager: Load: 0.0 / 0.0 / 0.0
12-07 14:32:34.645  1880  1896 E ActivityManager: CPU usage from 1ms to 5679ms later (2018-12-07 14:32:28.911 to 2018-12-07 14:32:34.589):
12-07 14:32:34.645  1880  1896 E ActivityManager:   92% 1880/system_server: 47% user + 45% kernel / faults: 256 minor 16 major
12-07 14:32:34.645  1880  1896 E ActivityManager:   90% 2482/com.google.android.gms: 44% user + 45% kernel / faults: 1153 minor 2 major
12-07 14:32:34.645  1880  1896 E ActivityManager:   50% 1602/com.google.android.inputmethod.latin:train: 20% user + 30% kernel / faults: 1980 minor 66 major
12-07 14:32:34.645  1880  1896 E ActivityManager:   41% 2378/com.google.android.gms.persistent: 23% user + 17% kernel / faults: 19 minor 3 major
12-07 14:32:34.645  1880  1896 E ActivityManager:   5.6% 1722/surfaceflinger: 3.6% user + 1.9% kernel / faults: 8 minor
12-07 14:32:34.645  1880  1896 E ActivityManager:   4.7% 646/kswapd0: 0% user + 4.7% kernel
12-07 14:32:34.645  1880  1896 E ActivityManager:   2.4% 1657/com.android.chrome:sandboxed_process18: 2.4% user + 0% kernel / faults: 567 minor 143 major
12-07 14:32:34.645  1880  1896 E ActivityManager:   2.4% 2008/com.android.systemui: 0.1% user + 2.2% kernel / faults: 243 minor 24 major
12-07 14:32:34.645  1880  1896 E ActivityManager:   1.7% 32598/kworker/u9:0: 0% user + 1.7% kernel
12-07 14:32:34.645  1880  1896 E ActivityManager:   1.2% 19845/com.google.android.googlequicksearchbox:search: 0.5% user + 0.7% kernel / faults: 35 minor 33 major
12-07 14:32:34.645  1880  1896 E ActivityManager:   1.2% 32186/kworker/u9:1: 0% user + 1.2% kernel
12-07 14:32:34.645  1880  1896 E ActivityManager:   0.8% 2300/adbd: 0.1% user + 0.7% kernel / faults: 11051 minor
12-07 14:32:34.645  1880  1896 E ActivityManager:   0.7% 1553/logd: 0% user + 0.7% kernel / faults: 1 minor
12-07 14:32:34.645  1880  1896 E ActivityManager:   0.5% 3/ksoftirqd/0: 0% user + 0.5% kernel
12-07 14:32:34.645  1880  1896 E ActivityManager:   0.5% 1535/com.android.commands.monkey: 0.5% user + 0% kernel / faults: 34 minor 2 major
12-07 14:32:34.645  1880  1896 E ActivityManager:   0.5% 1745/android.hardware.graphics.composer@2.1-service: 0% user + 0.5% kernel / faults: 12 minor
12-07 14:32:34.645  1880  1896 E ActivityManager:   0.3% 792/kworker/u8:6: 0% user + 0.3% kernel
12-07 14:32:34.645  1880  1896 E ActivityManager:   0.3% 1518/kworker/u8:1: 0% user + 0.3% kernel
12-07 14:32:34.645  1880  1896 E ActivityManager:   0.3% 18700/kworker/u9:4: 0% user + 0.3% kernel
12-07 14:32:34.645  1880  1896 E ActivityManager:   0.3% 32532/kworker/u8:4: 0% user + 0.3% kernel
12-07 14:32:34.645  1880  1896 E ActivityManager:   0.3% 32698/kworker/u9:3: 0% user + 0.3% kernel
12-07 14:32:34.645  1880  1896 E ActivityManager:   0% 1608/healthd: 0% user + 0% kernel
12-07 14:32:34.645  1880  1896 E ActivityManager:   0.1% 1619/android.hardware.gnss@1.0-service: 0% user + 0.1% kernel
12-07 14:32:34.645  1880  1896 E ActivityManager:   0.1% 1624/android.hardware.sensors@1.0-service: 0% user + 0.1% kernel
12-07 14:32:34.645  1880  1896 E ActivityManager:   0% 1707/kworker/1:1H: 0% user + 0% kernel
12-07 14:32:34.645  1880  1896 E ActivityManager:   0.1% 1992/com.google.android.inputmethod.latin: 0.1% user + 0% kernel / faults: 55 minor 10 major
12-07 14:32:34.645  1880  1896 E ActivityManager:   0.1% 2125/com.android.phone: 0% user + 0.1% kernel
12-07 14:32:34.645  1880  1896 E ActivityManager:   0.1% 32747/kworker/u8:5: 0% user + 0.1% kernel
12-07 14:32:34.645  1880  1896 E ActivityManager: 67% TOTAL: 14% user + 21% kernel + 31% iowait + 0.9% softirq
12-07 14:32:34.645  1880  1896 E ActivityManager: CPU usage from 33360297ms to 33360297ms ago (1970-01-01 00:00:00.000 to 1970-01-01 00:00:00.000) with 0% awake:
12-07 14:32:34.645  1880  1896 E ActivityManager: 0% TOTAL: 0% user + 0% kernel
12-07 14:32:36.907  1829  1829 E netmgr  : Failed to open QEMU pipe 'qemud:network': Invalid argument
12-07 14:32:36.907  1829  1829 E netmgr  : WifiForwarder unable to open QEMU pipe: Invalid argument
12-07 14:32:36.912  1735  1809 E storaged: getDiskStats failed with result NOT_SUPPORTED and size 0
12-07 14:32:39.705  1880  1895 E memtrack: Couldn't load memtrack module
12-07 14:32:42.645  1880  1890 E memtrack: Couldn't load memtrack module
12-07 14:32:45.127  1880  1890 E memtrack: Couldn't load memtrack module
12-07 14:32:45.269  1880  1890 E memtrack: Couldn't load memtrack module
12-07 14:32:45.369  1880  1890 E memtrack: Couldn't load memtrack module
12-07 14:32:47.618  1880  1890 E memtrack: Couldn't load memtrack module
12-07 14:32:47.718  1880  1890 E memtrack: Couldn't load memtrack module
12-07 14:32:47.792  1880  1890 E memtrack: Couldn't load memtrack module
12-07 14:32:47.857  1880  1890 E memtrack: Couldn't load memtrack module
12-07 14:32:50.272  1880  1890 E memtrack: Couldn't load memtrack module
12-07 14:32:50.335  1880  1890 E memtrack: Couldn't load memtrack module
12-07 14:32:50.404  1880  1890 E memtrack: Couldn't load memtrack module
12-07 14:32:50.471  1880  1890 E memtrack: Couldn't load memtrack module
12-07 14:32:50.537  1880  1890 E memtrack: Couldn't load memtrack module
12-07 14:32:52.775  1880  1890 E memtrack: Couldn't load memtrack module
12-07 14:32:52.864  1880  1890 E memtrack: Couldn't load memtrack module
12-07 14:32:52.948  1880  1890 E memtrack: Couldn't load memtrack module
12-07 14:32:53.018  1880  1890 E memtrack: Couldn't load memtrack module
12-07 14:32:53.082  1880  1890 E memtrack: Couldn't load memtrack module
12-07 14:32:55.539  1880  1890 E memtrack: Couldn't load memtrack module
12-07 14:32:55.617  1880  1890 E memtrack: Couldn't load memtrack module
