--------- beginning of system
12-07 06:15:45.339  1735  1809 E storaged: getDiskStats failed with result NOT_SUPPORTED and size 0
12-07 06:16:09.508  1880  3232 E WindowManager: Performed 6 layouts in a row. Skipping
12-07 06:16:09.548  1880  1934 E WindowManager: Performed 6 layouts in a row. Skipping
12-07 06:16:09.568  1880  1934 E WindowManager: Performed 6 layouts in a row. Skipping
12-07 06:16:09.609  1880  1934 E WindowManager: Performed 6 layouts in a row. Skipping
12-07 06:16:09.636  1880  1897 E WindowManager: Performed 6 layouts in a row. Skipping
12-07 06:16:09.663  1880  1934 E WindowManager: Performed 6 layouts in a row. Skipping
12-07 06:16:09.689  1880  1934 E WindowManager: Performed 6 layouts in a row. Skipping
12-07 06:16:09.719  1880  1934 E WindowManager: Performed 6 layouts in a row. Skipping
12-07 06:16:09.757  1880  4500 E WindowManager: Performed 6 layouts in a row. Skipping
12-07 06:16:09.782  1880  1934 E WindowManager: Performed 6 layouts in a row. Skipping
12-07 06:16:09.955  1880  1934 E WindowManager: Performed 6 layouts in a row. Skipping
--------- beginning of main
12-07 06:16:23.575  2378 18965 E ctxmgr  : [ProducerStatusImpl]updateStateForNewContextData: inactive, contextName=7
12-07 06:16:23.758  2378  2378 E BeaconBle: Missing BluetoothAdapter
12-07 06:16:23.808  2378  2378 E BeaconBle: Scan couldn't start for Places
12-07 06:16:29.185  1880  1900 E BatteryExternalStatsWorker: no controller energy info supplied for wifi
12-07 06:16:31.464  2768  2768 E ContextIntentStarter: No activity found for any of the 0 intents
12-07 06:16:34.229 19010 19010 E boxed_process1: Not starting debugger since process cannot load the jdwp agent.
12-07 06:16:34.291  2768  2768 E ClientVe: Failed to create ClientVisualElementsProto for user interaction on view com.google.android.apps.gsa.searchbox.ui.suggestions.views.CoreSuggestionView{66751a9 VFE...CL. ...P.... 0,583-1038,730 #18c} because the view is not tagged for visual element logging.
12-07 06:16:34.307  2768  2768 E ClientVe: Failed to create ClientVisualElementsProto for user interaction on view com.google.android.apps.gsa.searchbox.ui.suggestions.views.CoreSuggestionView{a4e3ecf VFE...CL. ...P.... 0,142-1038,289 #189} because the view is not tagged for visual element logging.
12-07 06:16:35.195  2768  2768 E ClientVe: Failed to create ClientVisualElementsProto for user interaction on view com.google.android.apps.gsa.searchbox.ui.suggestions.views.CoreSuggestionView{cba5f65 VFE...CL. ...P.... 0,436-1038,583 #18b} because the view is not tagged for visual element logging.
12-07 06:16:39.712  1829  1829 E netmgr  : Failed to open QEMU pipe 'qemud:network': Invalid argument
12-07 06:16:39.713  1829  1829 E netmgr  : WifiForwarder unable to open QEMU pipe: Invalid argument
12-07 06:16:40.559  2768  2935 E MicroDetectionWorker: Stale runnable..ignoring
12-07 06:16:42.340  2768  2776 E ReloadingLock: Finalizing LOCKED Token[searchresults_activity 2018-12-07 06:16:40.446]
12-07 06:16:45.131  1735  1809 E storaged: getDiskStats failed with result NOT_SUPPORTED and size 0
12-07 06:16:47.904  2378 18964 E ctxmgr  : [ProducerStatusImpl]updateStateForNewContextData: inactive, contextName=7
12-07 06:16:48.208  2378  2378 E BeaconBle: Scan couldn't start for Places
12-07 06:16:48.598  2482 15342 E SQLiteCastStore: Skip saving CastDeviceInfo: "Nearby device" (__cast_nearby___V_80b55cc4-e928-4ac6-baf2-e537f9e8f890)
12-07 06:16:54.427  2768  2768 E ContextIntentStarter: No activity found for any of the 0 intents
12-07 06:16:55.377  1736  1736 E wificond: Receive ERROR message in response to 'stop scheduled scan' request: Operation not supported on transport endpoint
12-07 06:16:55.530 18605 18605 E wpa_supplicant: nl80211: Failed to open /proc/sys/net/ipv4/conf/p2p-dev-wlan0/drop_unicast_in_l2_multicast: No such file or directory
12-07 06:16:55.530 18605 18605 E wpa_supplicant: nl80211: Failed to set IPv4 unicast in multicast filter
12-07 06:16:55.554 18605 18605 E wpa_supplicant: nl80211: Failed to open /proc/sys/net/ipv4/conf/p2p-dev-wlan0/drop_unicast_in_l2_multicast: No such file or directory
12-07 06:16:55.554 18605 18605 E wpa_supplicant: nl80211: Failed to set IPv4 unicast in multicast filter
12-07 06:16:55.672 18605 18605 E wpa_supplicant: nl80211: Failed to open /proc/sys/net/ipv4/conf/wlan0/drop_unicast_in_l2_multicast: No such file or directory
12-07 06:16:55.672 18605 18605 E wpa_supplicant: nl80211: Failed to set IPv4 unicast in multicast filter
12-07 06:16:55.672 18605 18605 E wpa_supplicant: nl80211: Failed to open /proc/sys/net/ipv4/conf/wlan0/drop_unicast_in_l2_multicast: No such file or directory
12-07 06:16:55.672 18605 18605 E wpa_supplicant: nl80211: Failed to set IPv4 unicast in multicast filter
12-07 06:16:55.754 18605 18605 E wpa_supplicant: nl80211: Failed to open /proc/sys/net/ipv4/conf/wlan0/drop_unicast_in_l2_multicast: No such file or directory
12-07 06:16:55.754 18605 18605 E wpa_supplicant: nl80211: Failed to set IPv4 unicast in multicast filter
12-07 06:16:56.016  1625  1625 E android.hardware.wifi@1.0-service: Failed to open directory: Permission denied
12-07 06:16:56.016  1625  1625 E android.hardware.wifi@1.0-service: Error occurred while deleting old tombstone files
12-07 06:16:56.016  1625  1625 E android.hardware.wifi@1.0-service: Error writing files to flash
12-07 06:16:56.301  1880  1969 E WifiP2pService: Unhandled message { when=-6ms what=131204 target=com.android.internal.util.StateMachine$SmHandler }
12-07 06:16:56.309  1880  1900 E BatteryExternalStatsWorker: no controller energy info supplied for wifi
12-07 06:16:56.411  2378 18671 E WakeLock: GCM_HB_ALARM release without a matched acquire!
12-07 06:16:56.424  2378 18671 E GCM     : Connection closed with errorCode 20
12-07 06:16:56.442  2378 18671 E WakeLock: GCM_CONN_ALARM release without a matched acquire!
12-07 06:16:56.658  2378 19079 E WakeLock: GCM_HB_ALARM release without a matched acquire!
12-07 06:16:56.674  2378 19081 E WakeLock: GCM_HB_ALARM release without a matched acquire!
12-07 06:16:56.677  2378 19081 E WakeLock: GCM_CONN_ALARM release without a matched acquire!
12-07 06:16:56.884  1625  1625 E android.hardware.wifi@1.0-service: Failed to register radio mode change callback
12-07 06:16:56.886  1625  1625 E android.hardware.wifi@1.0-service: Failed to set DFS flag; DFS channels may be unavailable.
12-07 06:16:56.903  1736  1736 E wificond: No Offload Service available
12-07 06:16:57.034  1880  1969 E WifiP2pService: Unhandled message { when=-1ms what=131203 target=com.android.internal.util.StateMachine$SmHandler }
12-07 06:16:57.073  1880  1969 E WifiP2pService: Unhandled message { when=-1ms what=131203 target=com.android.internal.util.StateMachine$SmHandler }
12-07 06:16:57.113  1880  1900 E BatteryExternalStatsWorker: no controller energy info supplied for wifi
12-07 06:16:57.177  1880  1900 E BatteryExternalStatsWorker: no controller energy info supplied for wifi
12-07 06:16:58.641  2378 19095 E WakeLock: GCM_HB_ALARM release without a matched acquire!
12-07 06:17:01.497  1629  1629 E lowmemorykiller: Error opening /proc/19010/oom_score_adj; errno=2
12-07 06:17:01.516  1880  1900 E BatteryExternalStatsWorker: no controller energy info supplied for wifi
12-07 06:17:01.535  1629  1629 E lowmemorykiller: Error opening /proc/19010/oom_score_adj; errno=2
12-07 06:17:01.883  2378 19113 E WakeLock: GCM_HB_ALARM release without a matched acquire!
12-07 06:17:01.890  2378 19113 E WakeLock: GCM_CONN_ALARM release without a matched acquire!
12-07 06:17:01.964  2768  2768 E ContextIntentStarter: No activity found for any of the 0 intents
12-07 06:17:02.146  1733  1824 E Netd    : Error adding route ::/0 -> fe80::ff:fe00:100 wlan0 to table 1003: File exists
12-07 06:17:07.712  2378 19124 E WakeLock: GCM_CONN_ALARM release without a matched acquire!
12-07 06:17:11.049 19132 19132 E ocess.gservice: Not starting debugger since process cannot load the jdwp agent.
12-07 06:17:11.069  2378 18965 E ctxmgr  : [ProducerStatusImpl]updateStateForNewContextData: inactive, contextName=7
12-07 06:17:11.251  2378  2378 E BeaconBle: Missing BluetoothAdapter
12-07 06:17:11.324  2378  2378 E BeaconBle: Scan couldn't start for Places
12-07 06:17:11.745  2378 19124 E WakeLock: GCM_HB_ALARM release without a matched acquire!
12-07 06:17:17.169  1610 19161 E audio_hw_generic: pcm_open(in) failed: cannot open device '/dev/snd/pcmC0D0c': Device or resource busy: channels 2 format 0 rate 16000
12-07 06:17:17.244  2768  2768 E ClientVe: Failed to create ClientVisualElementsProto for user interaction on view com.google.android.apps.gsa.searchbox.ui.suggestions.views.CoreSuggestionView{5046aeb VFE...CL. ...P.... 0,-5-1038,142 #18d} because the view is not tagged for visual element logging.
12-07 06:17:17.266 19164 19164 E boxed_process1: Not starting debugger since process cannot load the jdwp agent.
12-07 06:17:17.286  2768  2768 E ClientVe: Failed to create ClientVisualElementsProto for user interaction on view com.google.android.apps.gsa.searchbox.ui.suggestions.views.CoreSuggestionView{9b34ee1 VFE...CL. ...P.... 0,289-1038,436 #18f} because the view is not tagged for visual element logging.
12-07 06:17:17.618  2768  2768 E ClientVe: Failed to create ClientVisualElementsProto for user interaction on view com.google.android.apps.gsa.searchbox.ui.suggestions.views.CoreSuggestionView{6675406 VFE...CL. ...P.... 0,436-1038,583 #190} because the view is not tagged for visual element logging.
12-07 06:17:24.877  1880  3496 E NotificationService: Package enqueue rate is 12.100226. Shedding 0|com.google.android.googlequicksearchbox|393216|h|10036. package=com.google.android.googlequicksearchbox
12-07 06:17:33.631  1610 19207 E audio_hw_generic: pcm_open(in) failed: cannot open device '/dev/snd/pcmC0D0c': Device or resource busy: channels 2 format 0 rate 16000
12-07 06:17:37.550  2768  2768 E ContextIntentStarter: No activity found for any of the 0 intents
12-07 06:17:39.722  1829  1829 E netmgr  : Failed to open QEMU pipe 'qemud:network': Invalid argument
12-07 06:17:39.723  1829  1829 E netmgr  : WifiForwarder unable to open QEMU pipe: Invalid argument
12-07 06:17:40.552  2378 19191 E WakeLock: GCM_HB_ALARM release without a matched acquire!
12-07 06:17:40.600  2378 19191 E WakeLock: GCM_CONN_ALARM release without a matched acquire!
12-07 06:17:41.297  2482 19220 E WorkSourceUtil: Could not find package: com.google.android.gms.westworld
12-07 06:17:43.456  2768  2768 E ClientVe: Failed to create ClientVisualElementsProto for user interaction on view com.google.android.apps.gsa.searchbox.ui.suggestions.views.CoreSuggestionView{4c81bc6 VFE...CL. ...P.... 0,583-1038,730 #1a3} because the view is not tagged for visual element logging.
12-07 06:17:43.960  2768  2768 E ClientVe: Failed to create ClientVisualElementsProto for user interaction on view com.google.android.apps.gsa.searchbox.ui.suggestions.views.CoreSuggestionView{9f096b4 VFE...CL. ...P.... 0,142-1038,289 #1a0} because the view is not tagged for visual element logging.
12-07 06:17:44.116  2768  2768 E ClientVe: Failed to create ClientVisualElementsProto for user interaction on view com.google.android.apps.gsa.searchbox.ui.suggestions.views.CoreSuggestionView{4c81bc6 VFE...CL. ...P.... 0,583-1038,730 #1a3} because the view is not tagged for visual element logging.
12-07 06:17:44.397  2768  2768 E ClientVe: Failed to create ClientVisualElementsProto for user interaction on view com.google.android.apps.gsa.searchbox.ui.suggestions.views.CoreSuggestionView{2ce5787 VFE...CL. ...P.... 0,-5-1038,142 #19f} because the view is not tagged for visual element logging.
12-07 06:17:45.371  1610 19224 E audio_hw_generic: pcm_open(in) failed: cannot open device '/dev/snd/pcmC0D0c': Device or resource busy: channels 2 format 0 rate 16000
12-07 06:17:48.899  1735  1809 E storaged: getDiskStats failed with result NOT_SUPPORTED and size 0
12-07 06:17:51.731 19246 19246 E .android.video: Not starting debugger since process cannot load the jdwp agent.
12-07 06:17:53.627  2378  2378 E BeaconBle: Scan couldn't start for Places
12-07 06:17:56.221  1736  1736 E wificond: Receive ERROR message in response to 'stop scheduled scan' request: Operation not supported on transport endpoint
12-07 06:17:56.335 19075 19075 E wpa_supplicant: nl80211: Failed to open /proc/sys/net/ipv4/conf/p2p-dev-wlan0/drop_unicast_in_l2_multicast: No such file or directory
12-07 06:17:56.335 19075 19075 E wpa_supplicant: nl80211: Failed to set IPv4 unicast in multicast filter
12-07 06:17:56.372 19075 19075 E wpa_supplicant: nl80211: Failed to open /proc/sys/net/ipv4/conf/p2p-dev-wlan0/drop_unicast_in_l2_multicast: No such file or directory
12-07 06:17:56.372 19075 19075 E wpa_supplicant: nl80211: Failed to set IPv4 unicast in multicast filter
12-07 06:17:56.504 19075 19075 E wpa_supplicant: nl80211: Failed to open /proc/sys/net/ipv4/conf/wlan0/drop_unicast_in_l2_multicast: No such file or directory
12-07 06:17:56.504 19075 19075 E wpa_supplicant: nl80211: Failed to set IPv4 unicast in multicast filter
12-07 06:17:56.504 19075 19075 E wpa_supplicant: nl80211: Failed to open /proc/sys/net/ipv4/conf/wlan0/drop_unicast_in_l2_multicast: No such file or directory
12-07 06:17:56.504 19075 19075 E wpa_supplicant: nl80211: Failed to set IPv4 unicast in multicast filter
12-07 06:17:56.584 19075 19075 E wpa_supplicant: nl80211: Failed to open /proc/sys/net/ipv4/conf/wlan0/drop_unicast_in_l2_multicast: No such file or directory
12-07 06:17:56.584 19075 19075 E wpa_supplicant: nl80211: Failed to set IPv4 unicast in multicast filter
12-07 06:17:56.843  1625  1625 E android.hardware.wifi@1.0-service: Failed to open directory: Permission denied
12-07 06:17:56.843  1625  1625 E android.hardware.wifi@1.0-service: Error occurred while deleting old tombstone files
12-07 06:17:56.843  1625  1625 E android.hardware.wifi@1.0-service: Error writing files to flash
12-07 06:17:57.163  1880  1967 E SupplicantStaIfaceHal: Can't call listNetworks, ISupplicantStaIface is null
12-07 06:17:57.163  1880  1967 E SupplicantStaIfaceHal: removeAllNetworks failed, got null networks
12-07 06:17:57.163  1880  1967 E WifiStateMachine: Failed to remove networks on exiting connect mode
12-07 06:17:57.164  1880  1969 E WifiP2pService: Unhandled message { when=-1ms what=131204 target=com.android.internal.util.StateMachine$SmHandler }
12-07 06:17:57.176  2378 19242 E WakeLock: GCM_HB_ALARM release without a matched acquire!
12-07 06:17:57.231  1880  1900 E BatteryExternalStatsWorker: no controller energy info supplied for wifi
12-07 06:17:57.234  1880  1967 E WifiScanRequestProxy: Scan failure received. reason: -1,description: not available
12-07 06:17:57.248  2378 19311 E WakeLock: GCM_HB_ALARM release without a matched acquire!
12-07 06:17:57.258  2378 19311 E WakeLock: GCM_CONN_ALARM release without a matched acquire!
12-07 06:17:57.246  1880  1900 E BatteryExternalStatsWorker: no controller energy info supplied for wifi
12-07 06:17:58.248  2378 19319 E WakeLock: GCM_CONN_ALARM release without a matched acquire!
12-07 06:17:58.781  1610 19321 E audio_hw_generic: pcm_open(in) failed: cannot open device '/dev/snd/pcmC0D0c': Device or resource busy: channels 2 format 0 rate 16000
12-07 06:18:07.476  1880  1899 E libprocessgroup: Error encountered killing process cgroup uid 99059 pid 19164: No such file or directory
