--------- beginning of main
--------- beginning of system
12-08 01:13:35.604 29986 29986 E ndroid.keychai: Not starting debugger since process cannot load the jdwp agent.
12-08 01:13:35.605 29979 29979 E oid.documentsu: Not starting debugger since process cannot load the jdwp agent.
12-08 01:13:36.025  1737  1809 E storaged: getDiskStats failed with result NOT_SUPPORTED and size 0
12-08 01:13:36.476 30038 30038 E droid.apps.doc: Not starting debugger since process cannot load the jdwp agent.
12-08 01:13:37.387 30064 30064 E d.process.medi: Not starting debugger since process cannot load the jdwp agent.
12-08 01:13:38.854 30038 30038 E DocsApplication: [main] No default account found during application creation.
12-08 01:13:39.613  1729  2328 E         : Couldn't opendir /data/app/vmdl932084353.tmp: No such file or directory
12-08 01:13:39.613  1729  2328 E installd: Failed to delete /data/app/vmdl932084353.tmp: No such file or directory
12-08 01:13:43.240 30121 30121 E harlton.mileag: Not starting debugger since process cannot load the jdwp agent.
12-08 01:13:44.790 30141 30141 E hod.latin:trai: Not starting debugger since process cannot load the jdwp agent.
12-08 01:13:45.031 16085 31762 E putmethod.lati: Invalid ID 0x00000001.
12-08 01:13:45.032 16085 31762 E LstmTrainingCache: emn: Can't get resource name for input slot
12-08 01:13:45.032 16085 31762 E LstmTrainingCache: android.content.res.Resources$NotFoundException: Unable to find resource ID #0x1
12-08 01:13:45.032 16085 31762 E LstmTrainingCache: 	at android.content.res.ResourcesImpl.getResourceName(ResourcesImpl.java:255)
12-08 01:13:45.032 16085 31762 E LstmTrainingCache: 	at android.content.res.Resources.getResourceName(Resources.java:1954)
12-08 01:13:45.032 16085 31762 E LstmTrainingCache: 	at emn.a(PG:12)
12-08 01:13:45.032 16085 31762 E LstmTrainingCache: 	at emk.run(PG:5)
12-08 01:13:45.032 16085 31762 E LstmTrainingCache: 	at java.lang.Thread.run(Thread.java:764)
12-08 01:13:52.688 30171 30171 E emui:screensho: Not starting debugger since process cannot load the jdwp agent.
12-08 01:13:53.325 30171 30171 E SoundPool: error loading /product/media/audio/ui/camera_click.ogg
12-08 01:13:53.618  1739  1778 E OMXNodeInstance: getConfig(0xee326c00:google.vorbis.decoder, ConfigAndroidVendorExtension(0x6f100004)) ERROR: Undefined(0x80001001)
12-08 01:14:00.170 16506 16506 E BeaconBle: Missing BluetoothAdapter
12-08 01:14:00.314 16506 16506 E BeaconBle: Scan couldn't start for Places
12-08 01:14:06.431 30218 30218 E oid.apps.photo: Not starting debugger since process cannot load the jdwp agent.
12-08 01:14:08.075 30241 30241 E ocess.gservice: Not starting debugger since process cannot load the jdwp agent.
12-08 01:14:09.630 30271 30271 E id.partnersetu: Not starting debugger since process cannot load the jdwp agent.
12-08 01:14:16.044  1829  1829 E netmgr  : Failed to open QEMU pipe 'qemud:network': Invalid argument
12-08 01:14:16.044  1829  1829 E netmgr  : WifiForwarder unable to open QEMU pipe: Invalid argument
12-08 01:14:23.073 15976 19469 E WindowManager: Performed 6 layouts in a row. Skipping
12-08 01:14:23.106 15976 16026 E WindowManager: Performed 6 layouts in a row. Skipping
12-08 01:14:23.250 15976 16026 E WindowManager: Performed 6 layouts in a row. Skipping
12-08 01:14:23.312 15976 16026 E WindowManager: Performed 6 layouts in a row. Skipping
12-08 01:14:23.381 15976 16026 E WindowManager: Performed 6 layouts in a row. Skipping
12-08 01:14:23.411 15976 15991 E WindowManager: Performed 6 layouts in a row. Skipping
12-08 01:14:23.450 15976 16026 E WindowManager: Performed 6 layouts in a row. Skipping
12-08 01:14:23.475 15976 17135 E WindowManager: Performed 6 layouts in a row. Skipping
12-08 01:14:23.530 15976 16026 E WindowManager: Performed 6 layouts in a row. Skipping
12-08 01:14:23.575 15976 16026 E WindowManager: Performed 6 layouts in a row. Skipping
12-08 01:14:23.601 15976 17135 E WindowManager: Performed 6 layouts in a row. Skipping
12-08 01:14:23.625 15976 16026 E WindowManager: Performed 6 layouts in a row. Skipping
12-08 01:14:23.653 15976 16026 E WindowManager: Performed 6 layouts in a row. Skipping
12-08 01:14:23.682 15976 17135 E WindowManager: Performed 6 layouts in a row. Skipping
12-08 01:14:23.821 15976 16026 E WindowManager: Performed 6 layouts in a row. Skipping
12-08 01:14:23.864 15976 16026 E WindowManager: Performed 6 layouts in a row. Skipping
12-08 01:14:24.501 30121 30121 E WindowManager: 
12-08 01:14:24.501 30121 30121 E WindowManager: android.view.WindowLeaked: Activity com.evancharlton.mileage.FieldActivity has leaked window DecorView@fb19aee[FieldActivity] that was originally added here
12-08 01:14:24.501 30121 30121 E WindowManager: 	at android.view.ViewRootImpl.<init>(ViewRootImpl.java:511)
12-08 01:14:24.501 30121 30121 E WindowManager: 	at android.view.WindowManagerGlobal.addView(WindowManagerGlobal.java:346)
12-08 01:14:24.501 30121 30121 E WindowManager: 	at android.view.WindowManagerImpl.addView(WindowManagerImpl.java:93)
12-08 01:14:24.501 30121 30121 E WindowManager: 	at com.android.internal.policy.PhoneWindow.openPanel(PhoneWindow.java:887)
12-08 01:14:24.501 30121 30121 E WindowManager: 	at com.android.internal.policy.PhoneWindow.onKeyUpPanel(PhoneWindow.java:1104)
12-08 01:14:24.501 30121 30121 E WindowManager: 	at com.android.internal.policy.PhoneWindow.onKeyUp(PhoneWindow.java:2007)
12-08 01:14:24.501 30121 30121 E WindowManager: 	at com.android.internal.policy.DecorView.dispatchKeyEvent(DecorView.java:350)
12-08 01:14:24.501 30121 30121 E WindowManager: 	at android.view.ViewRootImpl$ViewPostImeInputStage.processKeyEvent(ViewRootImpl.java:5037)
12-08 01:14:24.501 30121 30121 E WindowManager: 	at android.view.ViewRootImpl$ViewPostImeInputStage.onProcess(ViewRootImpl.java:4905)
12-08 01:14:24.501 30121 30121 E WindowManager: 	at android.view.ViewRootImpl$InputStage.deliver(ViewRootImpl.java:4426)
12-08 01:14:24.501 30121 30121 E WindowManager: 	at android.view.ViewRootImpl$InputStage.onDeliverToNext(ViewRootImpl.java:4479)
12-08 01:14:24.501 30121 30121 E WindowManager: 	at android.view.ViewRootImpl$InputStage.forward(ViewRootImpl.java:4445)
12-08 01:14:24.501 30121 30121 E WindowManager: 	at android.view.ViewRootImpl$AsyncInputStage.forward(ViewRootImpl.java:4585)
12-08 01:14:24.501 30121 30121 E WindowManager: 	at android.view.ViewRootImpl$InputStage.apply(ViewRootImpl.java:4453)
12-08 01:14:24.501 30121 30121 E WindowManager: 	at android.view.ViewRootImpl$AsyncInputStage.apply(ViewRootImpl.java:4642)
12-08 01:14:24.501 30121 30121 E WindowManager: 	at android.view.ViewRootImpl$InputStage.deliver(ViewRootImpl.java:4426)
12-08 01:14:24.501 30121 30121 E WindowManager: 	at android.view.ViewRootImpl$InputStage.onDeliverToNext(ViewRootImpl.java:4479)
12-08 01:14:24.501 30121 30121 E WindowManager: 	at android.view.ViewRootImpl$InputStage.forward(ViewRootImpl.java:4445)
12-08 01:14:24.501 30121 30121 E WindowManager: 	at android.view.ViewRootImpl$InputStage.apply(ViewRootImpl.java:4453)
12-08 01:14:24.501 30121 30121 E WindowManager: 	at android.view.ViewRootImpl$InputStage.deliver(ViewRootImpl.java:4426)
12-08 01:14:24.501 30121 30121 E WindowManager: 	at android.view.ViewRootImpl$InputStage.onDeliverToNext(ViewRootImpl.java:4479)
12-08 01:14:24.501 30121 30121 E WindowManager: 	at android.view.ViewRootImpl$InputStage.forward(ViewRootImpl.java:4445)
12-08 01:14:24.501 30121 30121 E WindowManager: 	at android.view.ViewRootImpl$AsyncInputStage.forward(ViewRootImpl.java:4618)
12-08 01:14:24.501 30121 30121 E WindowManager: 	at android.view.ViewRootImpl$ImeInputStage.onFinishedInputEvent(ViewRootImpl.java:4779)
12-08 01:14:24.501 30121 30121 E WindowManager: 	at android.view.inputmethod.InputMethodManager$PendingEvent.run(InputMethodManager.java:2571)
12-08 01:14:24.501 30121 30121 E WindowManager: 	at android.view.inputmethod.InputMethodManager.invokeFinishedInputEventCallback(InputMethodManager.java:2081)
12-08 01:14:24.501 30121 30121 E WindowManager: 	at android.view.inputmethod.InputMethodManager.finishedInputEvent(InputMethodManager.java:2072)
12-08 01:14:24.501 30121 30121 E WindowManager: 	at android.view.inputmethod.InputMethodManager$ImeInputEventSender.onInputEventFinished(InputMethodManager.java:2548)
12-08 01:14:24.501 30121 30121 E WindowManager: 	at android.view.InputEventSender.dispatchInputEventFinished(InputEventSender.java:141)
12-08 01:14:24.501 30121 30121 E WindowManager: 	at android.os.MessageQueue.nativePollOnce(Native Method)
12-08 01:14:24.501 30121 30121 E WindowManager: 	at android.os.MessageQueue.next(MessageQueue.java:326)
12-08 01:14:24.501 30121 30121 E WindowManager: 	at android.os.Looper.loop(Looper.java:160)
12-08 01:14:24.501 30121 30121 E WindowManager: 	at android.app.ActivityThread.main(ActivityThread.java:6669)
12-08 01:14:24.501 30121 30121 E WindowManager: 	at java.lang.reflect.Method.invoke(Native Method)
12-08 01:14:24.501 30121 30121 E WindowManager: 	at com.android.internal.os.RuntimeInit$MethodAndArgsCaller.run(RuntimeInit.java:493)
12-08 01:14:24.501 30121 30121 E WindowManager: 	at com.android.internal.os.ZygoteInit.main(ZygoteInit.java:858)
12-08 01:14:25.363 28119 28119 E ContextIntentStarter: No activity found for any of the 0 intents
12-08 01:14:27.445 15976 16269 E WindowManager: Performed 6 layouts in a row. Skipping
12-08 01:14:27.509 15976 16026 E WindowManager: Performed 6 layouts in a row. Skipping
12-08 01:14:27.588 15976 16026 E WindowManager: Performed 6 layouts in a row. Skipping
12-08 01:14:27.670 15976 16026 E WindowManager: Performed 6 layouts in a row. Skipping
12-08 01:14:27.689 15976 15991 E WindowManager: Performed 6 layouts in a row. Skipping
12-08 01:14:27.719 15976 16269 E WindowManager: Performed 6 layouts in a row. Skipping
12-08 01:14:27.800 15976 16026 E WindowManager: Performed 6 layouts in a row. Skipping
12-08 01:14:27.929 15976 16026 E WindowManager: Performed 6 layouts in a row. Skipping
12-08 01:14:34.805 15927 30319 E audio_hw_generic: pcm_open(in) failed: cannot open device '/dev/snd/pcmC0D0c': Device or resource busy: channels 2 format 0 rate 16000
12-08 01:14:34.926 16506 29413 E ctxmgr  : [AppIntervalImpl]closeInterval: ongoing
12-08 01:14:34.967 16506 29413 E ctxmgr  : [AppIntervalImpl]closeInterval: ongoing
12-08 01:14:36.045  1737  1809 E storaged: getDiskStats failed with result NOT_SUPPORTED and size 0
12-08 01:14:59.465 16788 17129 E PlayCommon: [121] com.google.android.play.b.g.a(448): Failed to connect to server: java.net.UnknownHostException: Unable to resolve host "play.googleapis.com": No address associated with hostname
12-08 01:15:16.108  1829  1829 E netmgr  : Failed to open QEMU pipe 'qemud:network': Invalid argument
12-08 01:15:16.108  1829  1829 E netmgr  : WifiForwarder unable to open QEMU pipe: Invalid argument
12-08 01:15:36.050  1737  1809 E storaged: getDiskStats failed with result NOT_SUPPORTED and size 0
12-08 01:16:00.924 30352 30352 E id.gms.learnin: Not starting debugger since process cannot load the jdwp agent.
12-08 01:16:16.148  1829  1829 E netmgr  : Failed to open QEMU pipe 'qemud:network': Invalid argument
12-08 01:16:16.148  1829  1829 E netmgr  : WifiForwarder unable to open QEMU pipe: Invalid argument
12-08 01:16:36.067  1737  1809 E storaged: getDiskStats failed with result NOT_SUPPORTED and size 0
12-08 01:17:16.160  1829  1829 E netmgr  : Failed to open QEMU pipe 'qemud:network': Invalid argument
12-08 01:17:16.160  1829  1829 E netmgr  : WifiForwarder unable to open QEMU pipe: Invalid argument
12-08 01:17:36.072  1737  1809 E storaged: getDiskStats failed with result NOT_SUPPORTED and size 0
12-08 01:18:05.915 16506 29413 E ctxmgr  : [WorkManager]Ongoing task not found: ListenerInvokerRunner
12-08 01:18:16.176  1829  1829 E netmgr  : Failed to open QEMU pipe 'qemud:network': Invalid argument
12-08 01:18:16.177  1829  1829 E netmgr  : WifiForwarder unable to open QEMU pipe: Invalid argument
12-08 01:18:36.083  1737  1809 E storaged: getDiskStats failed with result NOT_SUPPORTED and size 0
