--------- beginning of main
--------- beginning of system
12-09 04:18:34.570  1885  1899 E ActivityManager: Failure starting process com.evancharlton.mileage
12-09 04:18:34.570  1885  1899 E ActivityManager: java.lang.SecurityException: Package com.evancharlton.mileage is currently frozen!
12-09 04:18:34.570  1885  1899 E ActivityManager: 	at com.android.server.pm.PackageManagerService.checkPackageStartable(PackageManagerService.java:4000)
12-09 04:18:34.570  1885  1899 E ActivityManager: 	at com.android.server.am.ActivityManagerService.startProcessLocked(ActivityManagerService.java:4234)
12-09 04:18:34.570  1885  1899 E ActivityManager: 	at com.android.server.am.ActivityManagerService.startProcessLocked(ActivityManagerService.java:4199)
12-09 04:18:34.570  1885  1899 E ActivityManager: 	at com.android.server.am.ActivityManagerService.startProcessLocked(ActivityManagerService.java:4181)
12-09 04:18:34.570  1885  1899 E ActivityManager: 	at com.android.server.am.ActivityManagerService.startProcessLocked(ActivityManagerService.java:4067)
12-09 04:18:34.570  1885  1899 E ActivityManager: 	at com.android.server.am.ActivityStackSupervisor.startSpecificActivityLocked(ActivityStackSupervisor.java:1715)
12-09 04:18:34.570  1885  1899 E ActivityManager: 	at com.android.server.am.ActivityStack.resumeTopActivityInnerLocked(ActivityStack.java:2764)
12-09 04:18:34.570  1885  1899 E ActivityManager: 	at com.android.server.am.ActivityStack.resumeTopActivityUncheckedLocked(ActivityStack.java:2302)
12-09 04:18:34.570  1885  1899 E ActivityManager: 	at com.android.server.am.ActivityStackSupervisor.resumeFocusedStackTopActivityLocked(ActivityStackSupervisor.java:2234)
12-09 04:18:34.570  1885  1899 E ActivityManager: 	at com.android.server.am.ActivityStackSupervisor.resumeFocusedStackTopActivityLocked(ActivityStackSupervisor.java:2218)
12-09 04:18:34.570  1885  1899 E ActivityManager: 	at com.android.server.am.ActivityManagerService.handleAppDiedLocked(ActivityManagerService.java:5923)
12-09 04:18:34.570  1885  1899 E ActivityManager: 	at com.android.server.am.ActivityManagerService.removeProcessLocked(ActivityManagerService.java:7501)
12-09 04:18:34.570  1885  1899 E ActivityManager: 	at com.android.server.am.ActivityManagerService.killPackageProcessesLocked(ActivityManagerService.java:7142)
12-09 04:18:34.570  1885  1899 E ActivityManager: 	at com.android.server.am.ActivityManagerService.forceStopPackageLocked(ActivityManagerService.java:7275)
12-09 04:18:34.570  1885  1899 E ActivityManager: 	at com.android.server.am.ActivityManagerService$MainHandler.handleMessage(ActivityManagerService.java:2289)
12-09 04:18:34.570  1885  1899 E ActivityManager: 	at android.os.Handler.dispatchMessage(Handler.java:106)
12-09 04:18:34.570  1885  1899 E ActivityManager: 	at android.os.Looper.loop(Looper.java:193)
12-09 04:18:34.570  1885  1899 E ActivityManager: 	at android.os.HandlerThread.run(HandlerThread.java:65)
12-09 04:18:34.570  1885  1899 E ActivityManager: 	at com.android.server.ServiceThread.run(ServiceThread.java:44)
12-09 04:18:35.113  4570  4570 E id.defcontaine: Not starting debugger since process cannot load the jdwp agent.
12-09 04:18:35.236  4585  4585 E oid.documentsu: Not starting debugger since process cannot load the jdwp agent.
12-09 04:18:35.276  1885  1938 E BatteryStatsImpl: Unable to find object for WindowManager in uid 11377 mapsize=0 activeoverflow=null curoverflow=null
12-09 04:18:35.345  4597  4597 E ndroid.keychai: Not starting debugger since process cannot load the jdwp agent.
12-09 04:18:36.034  4650  4650 E droid.apps.doc: Not starting debugger since process cannot load the jdwp agent.
12-09 04:18:37.592  4650  4650 E DocsApplication: [main] No default account found during application creation.
12-09 04:18:38.449  1731  1949 E         : Couldn't opendir /data/app/vmdl1803511356.tmp: No such file or directory
12-09 04:18:38.449  1731  1949 E installd: Failed to delete /data/app/vmdl1803511356.tmp: No such file or directory
12-09 04:18:40.854  4720  4720 E harlton.mileag: Not starting debugger since process cannot load the jdwp agent.
12-09 04:18:52.896  4748  4748 E emui:screensho: Not starting debugger since process cannot load the jdwp agent.
12-09 04:18:53.345  4748  4748 E SoundPool: error loading /product/media/audio/ui/camera_click.ogg
12-09 04:18:53.499  1726  1873 E SurfaceFlinger: ro.sf.lcd_density must be defined as a build property
12-09 04:18:53.635  1726  1750 E SurfaceFlinger: ro.sf.lcd_density must be defined as a build property
12-09 04:18:53.688  1741  1741 E OMXNodeInstance: getConfig(0xe93910c0:google.vorbis.decoder, ConfigAndroidVendorExtension(0x6f100004)) ERROR: Undefined(0x80001001)
12-09 04:19:00.336  2378  3570 E ctxmgr  : [ProducerStatusImpl]updateStateForNewContextData: inactive, contextName=7
12-09 04:19:00.357  2378  3570 E ctxmgr  : [ProducerStatusImpl]updateStateForNewContextData: inactive, contextName=1
12-09 04:19:00.534  2378  2378 E BeaconBle: Missing BluetoothAdapter
12-09 04:19:00.571  2378  2378 E BeaconBle: Scan couldn't start for Places
12-09 04:19:06.389  4801  4801 E oid.apps.photo: Not starting debugger since process cannot load the jdwp agent.
12-09 04:19:07.128  4818  4818 E ocess.gservice: Not starting debugger since process cannot load the jdwp agent.
12-09 04:19:13.340  1834  1834 E netmgr  : Failed to open QEMU pipe 'qemud:network': Invalid argument
12-09 04:19:13.341  1834  1834 E netmgr  : WifiForwarder unable to open QEMU pipe: Invalid argument
12-09 04:19:15.451  1885  4633 E WindowManager: Performed 6 layouts in a row. Skipping
12-09 04:19:15.481  1885  1938 E WindowManager: Performed 6 layouts in a row. Skipping
12-09 04:19:15.555  1885  1938 E WindowManager: Performed 6 layouts in a row. Skipping
12-09 04:19:15.594  1885  1938 E WindowManager: Performed 6 layouts in a row. Skipping
12-09 04:19:15.637  1885  1938 E WindowManager: Performed 6 layouts in a row. Skipping
12-09 04:19:15.671  1885  1938 E WindowManager: Performed 6 layouts in a row. Skipping
12-09 04:19:15.704  1885  1900 E WindowManager: Performed 6 layouts in a row. Skipping
12-09 04:19:15.734  1885  4478 E WindowManager: Performed 6 layouts in a row. Skipping
12-09 04:19:15.826  1885  1938 E WindowManager: Performed 6 layouts in a row. Skipping
12-09 04:19:16.462  4720  4720 E WindowManager: 
12-09 04:19:16.462  4720  4720 E WindowManager: android.view.WindowLeaked: Activity com.evancharlton.mileage.FieldActivity has leaked window DecorView@887ff75[FieldActivity] that was originally added here
12-09 04:19:16.462  4720  4720 E WindowManager: 	at android.view.ViewRootImpl.<init>(ViewRootImpl.java:511)
12-09 04:19:16.462  4720  4720 E WindowManager: 	at android.view.WindowManagerGlobal.addView(WindowManagerGlobal.java:346)
12-09 04:19:16.462  4720  4720 E WindowManager: 	at android.view.WindowManagerImpl.addView(WindowManagerImpl.java:93)
12-09 04:19:16.462  4720  4720 E WindowManager: 	at com.android.internal.policy.PhoneWindow.openPanel(PhoneWindow.java:887)
12-09 04:19:16.462  4720  4720 E WindowManager: 	at com.android.internal.policy.PhoneWindow.onKeyUpPanel(PhoneWindow.java:1104)
12-09 04:19:16.462  4720  4720 E WindowManager: 	at com.android.internal.policy.PhoneWindow.onKeyUp(PhoneWindow.java:2007)
12-09 04:19:16.462  4720  4720 E WindowManager: 	at com.android.internal.policy.DecorView.dispatchKeyEvent(DecorView.java:350)
12-09 04:19:16.462  4720  4720 E WindowManager: 	at android.view.ViewRootImpl$ViewPostImeInputStage.processKeyEvent(ViewRootImpl.java:5037)
12-09 04:19:16.462  4720  4720 E WindowManager: 	at android.view.ViewRootImpl$ViewPostImeInputStage.onProcess(ViewRootImpl.java:4905)
12-09 04:19:16.462  4720  4720 E WindowManager: 	at android.view.ViewRootImpl$InputStage.deliver(ViewRootImpl.java:4426)
12-09 04:19:16.462  4720  4720 E WindowManager: 	at android.view.ViewRootImpl$InputStage.onDeliverToNext(ViewRootImpl.java:4479)
12-09 04:19:16.462  4720  4720 E WindowManager: 	at android.view.ViewRootImpl$InputStage.forward(ViewRootImpl.java:4445)
12-09 04:19:16.462  4720  4720 E WindowManager: 	at android.view.ViewRootImpl$AsyncInputStage.forward(ViewRootImpl.java:4585)
12-09 04:19:16.462  4720  4720 E WindowManager: 	at android.view.ViewRootImpl$InputStage.apply(ViewRootImpl.java:4453)
12-09 04:19:16.462  4720  4720 E WindowManager: 	at android.view.ViewRootImpl$AsyncInputStage.apply(ViewRootImpl.java:4642)
12-09 04:19:16.462  4720  4720 E WindowManager: 	at android.view.ViewRootImpl$InputStage.deliver(ViewRootImpl.java:4426)
12-09 04:19:16.462  4720  4720 E WindowManager: 	at android.view.ViewRootImpl$InputStage.onDeliverToNext(ViewRootImpl.java:4479)
12-09 04:19:16.462  4720  4720 E WindowManager: 	at android.view.ViewRootImpl$InputStage.forward(ViewRootImpl.java:4445)
12-09 04:19:16.462  4720  4720 E WindowManager: 	at android.view.ViewRootImpl$InputStage.apply(ViewRootImpl.java:4453)
12-09 04:19:16.462  4720  4720 E WindowManager: 	at android.view.ViewRootImpl$InputStage.deliver(ViewRootImpl.java:4426)
12-09 04:19:16.462  4720  4720 E WindowManager: 	at android.view.ViewRootImpl$InputStage.onDeliverToNext(ViewRootImpl.java:4479)
12-09 04:19:16.462  4720  4720 E WindowManager: 	at android.view.ViewRootImpl$InputStage.forward(ViewRootImpl.java:4445)
12-09 04:19:16.462  4720  4720 E WindowManager: 	at android.view.ViewRootImpl$AsyncInputStage.forward(ViewRootImpl.java:4618)
12-09 04:19:16.462  4720  4720 E WindowManager: 	at android.view.ViewRootImpl$ImeInputStage.onFinishedInputEvent(ViewRootImpl.java:4779)
12-09 04:19:16.462  4720  4720 E WindowManager: 	at android.view.inputmethod.InputMethodManager$PendingEvent.run(InputMethodManager.java:2571)
12-09 04:19:16.462  4720  4720 E WindowManager: 	at android.view.inputmethod.InputMethodManager.invokeFinishedInputEventCallback(InputMethodManager.java:2081)
12-09 04:19:16.462  4720  4720 E WindowManager: 	at android.view.inputmethod.InputMethodManager.finishedInputEvent(InputMethodManager.java:2072)
12-09 04:19:16.462  4720  4720 E WindowManager: 	at android.view.inputmethod.InputMethodManager$ImeInputEventSender.onInputEventFinished(InputMethodManager.java:2548)
12-09 04:19:16.462  4720  4720 E WindowManager: 	at android.view.InputEventSender.dispatchInputEventFinished(InputEventSender.java:141)
12-09 04:19:16.462  4720  4720 E WindowManager: 	at android.os.MessageQueue.nativePollOnce(Native Method)
12-09 04:19:16.462  4720  4720 E WindowManager: 	at android.os.MessageQueue.next(MessageQueue.java:326)
12-09 04:19:16.462  4720  4720 E WindowManager: 	at android.os.Looper.loop(Looper.java:160)
12-09 04:19:16.462  4720  4720 E WindowManager: 	at android.app.ActivityThread.main(ActivityThread.java:6669)
12-09 04:19:16.462  4720  4720 E WindowManager: 	at java.lang.reflect.Method.invoke(Native Method)
12-09 04:19:16.462  4720  4720 E WindowManager: 	at com.android.internal.os.RuntimeInit$MethodAndArgsCaller.run(RuntimeInit.java:493)
12-09 04:19:16.462  4720  4720 E WindowManager: 	at com.android.internal.os.ZygoteInit.main(ZygoteInit.java:858)
12-09 04:19:16.470  1885  1898 E memtrack: Couldn't load memtrack module
12-09 04:19:15.909  1885  1938 E WindowManager: Performed 6 layouts in a row. Skipping
12-09 04:19:18.077  4375  4375 E ContextIntentStarter: No activity found for any of the 0 intents
12-09 04:19:21.284  1739  1762 E storaged: getDiskStats failed with result NOT_SUPPORTED and size 0
12-09 04:19:27.708  1885  1898 E memtrack: Couldn't load memtrack module
12-09 04:19:33.214  4878  4878 E e.process.gapp: Not starting debugger since process cannot load the jdwp agent.
12-09 04:19:35.920  4903  4903 E dboxed_process: Not starting debugger since process cannot load the jdwp agent.
12-09 04:19:36.080  4919  4919 E id.partnersetu: Not starting debugger since process cannot load the jdwp agent.
12-09 04:19:36.675  4375  4943 E BluetoothAdapter: Bluetooth binder is null
12-09 04:19:43.500  1885  1898 E memtrack: Couldn't load memtrack module
12-09 04:19:43.922  1885  2489 E WindowManager: Performed 6 layouts in a row. Skipping
12-09 04:19:43.944  1885  1938 E WindowManager: Performed 6 layouts in a row. Skipping
12-09 04:19:44.017  1885  1938 E WindowManager: Performed 6 layouts in a row. Skipping
12-09 04:19:44.038  1885  1938 E WindowManager: Performed 6 layouts in a row. Skipping
12-09 04:19:44.062  1885  1900 E WindowManager: Performed 6 layouts in a row. Skipping
12-09 04:19:44.095  1885  1938 E WindowManager: Performed 6 layouts in a row. Skipping
12-09 04:19:44.110  1885  5349 E WindowManager: Performed 6 layouts in a row. Skipping
12-09 04:19:44.202  1885  1938 E WindowManager: Performed 6 layouts in a row. Skipping
12-09 04:19:44.266  1885  1938 E WindowManager: Performed 6 layouts in a row. Skipping
