--------- beginning of main
--------- beginning of system
12-08 03:29:27.562  1881  1895 E ActivityManager: Failure starting process com.evancharlton.mileage
12-08 03:29:27.562  1881  1895 E ActivityManager: java.lang.SecurityException: Package com.evancharlton.mileage is currently frozen!
12-08 03:29:27.562  1881  1895 E ActivityManager: 	at com.android.server.pm.PackageManagerService.checkPackageStartable(PackageManagerService.java:4000)
12-08 03:29:27.562  1881  1895 E ActivityManager: 	at com.android.server.am.ActivityManagerService.startProcessLocked(ActivityManagerService.java:4234)
12-08 03:29:27.562  1881  1895 E ActivityManager: 	at com.android.server.am.ActivityManagerService.startProcessLocked(ActivityManagerService.java:4199)
12-08 03:29:27.562  1881  1895 E ActivityManager: 	at com.android.server.am.ActivityManagerService.startProcessLocked(ActivityManagerService.java:4181)
12-08 03:29:27.562  1881  1895 E ActivityManager: 	at com.android.server.am.ActivityManagerService.startProcessLocked(ActivityManagerService.java:4067)
12-08 03:29:27.562  1881  1895 E ActivityManager: 	at com.android.server.am.ActivityStackSupervisor.startSpecificActivityLocked(ActivityStackSupervisor.java:1715)
12-08 03:29:27.562  1881  1895 E ActivityManager: 	at com.android.server.am.ActivityStack.resumeTopActivityInnerLocked(ActivityStack.java:2764)
12-08 03:29:27.562  1881  1895 E ActivityManager: 	at com.android.server.am.ActivityStack.resumeTopActivityUncheckedLocked(ActivityStack.java:2302)
12-08 03:29:27.562  1881  1895 E ActivityManager: 	at com.android.server.am.ActivityStackSupervisor.resumeFocusedStackTopActivityLocked(ActivityStackSupervisor.java:2234)
12-08 03:29:27.562  1881  1895 E ActivityManager: 	at com.android.server.am.ActivityStackSupervisor.resumeFocusedStackTopActivityLocked(ActivityStackSupervisor.java:2218)
12-08 03:29:27.562  1881  1895 E ActivityManager: 	at com.android.server.am.ActivityManagerService.handleAppDiedLocked(ActivityManagerService.java:5923)
12-08 03:29:27.562  1881  1895 E ActivityManager: 	at com.android.server.am.ActivityManagerService.removeProcessLocked(ActivityManagerService.java:7501)
12-08 03:29:27.562  1881  1895 E ActivityManager: 	at com.android.server.am.ActivityManagerService.killPackageProcessesLocked(ActivityManagerService.java:7142)
12-08 03:29:27.562  1881  1895 E ActivityManager: 	at com.android.server.am.ActivityManagerService.forceStopPackageLocked(ActivityManagerService.java:7275)
12-08 03:29:27.562  1881  1895 E ActivityManager: 	at com.android.server.am.ActivityManagerService$MainHandler.handleMessage(ActivityManagerService.java:2289)
12-08 03:29:27.562  1881  1895 E ActivityManager: 	at android.os.Handler.dispatchMessage(Handler.java:106)
12-08 03:29:27.562  1881  1895 E ActivityManager: 	at android.os.Looper.loop(Looper.java:193)
12-08 03:29:27.562  1881  1895 E ActivityManager: 	at android.os.HandlerThread.run(HandlerThread.java:65)
12-08 03:29:27.562  1881  1895 E ActivityManager: 	at com.android.server.ServiceThread.run(ServiceThread.java:44)
12-08 03:29:28.764  2448 11486 E ctxmgr  : [ProducerStatusImpl]updateStateForNewContextData: inactive, contextName=7
12-08 03:29:29.114  2448  2448 E BeaconBle: Missing BluetoothAdapter
12-08 03:29:29.161  2448  2448 E BeaconBle: Scan couldn't start for Places
12-08 03:29:30.391  1730  1730 E         : Couldn't opendir /data/app/vmdl399354122.tmp: No such file or directory
12-08 03:29:30.391  1730  1730 E installd: Failed to delete /data/app/vmdl399354122.tmp: No such file or directory
12-08 03:29:30.971  2475 11787 E ChromeSync: [Sync,SyncIntentOperation] Error handling the intent: Intent { act=android.intent.action.PACKAGE_ADDED dat=package:com.evancharlton.mileage flg=0x4000010 cmp=com.google.android.gms/.chimera.GmsIntentOperationService (has extras) }.
12-08 03:29:31.333 11832 11832 E harlton.mileag: Not starting debugger since process cannot load the jdwp agent.
12-08 03:29:38.120  1828  1828 E netmgr  : Failed to open QEMU pipe 'qemud:network': Invalid argument
12-08 03:29:38.121  1828  1828 E netmgr  : WifiForwarder unable to open QEMU pipe: Invalid argument
12-08 03:29:41.908  1881  1894 E memtrack: Couldn't load memtrack module
12-08 03:29:43.818  1738  1772 E storaged: getDiskStats failed with result NOT_SUPPORTED and size 0
12-08 03:29:47.403  2448 11751 E ctxmgr  : [ProducerStatusImpl]updateStateForNewContextData: inactive, contextName=7
12-08 03:29:47.853  2448  2448 E BeaconBle: Missing BluetoothAdapter
12-08 03:29:48.092  2448  2448 E BeaconBle: Scan couldn't start for Places
12-08 03:29:51.114  2692  2692 E ContextIntentStarter: No activity found for any of the 0 intents
12-08 03:29:52.751  1611 11887 E audio_hw_generic: pcm_open(in) failed: cannot open device '/dev/snd/pcmC0D0c': Device or resource busy: channels 2 format 0 rate 16000
12-08 03:29:57.552  2463  2463 E SchedPolicy: set_timerslack_ns write failed: Operation not permitted
12-08 03:29:58.142  2463  2463 E SchedPolicy: set_timerslack_ns write failed: Operation not permitted
12-08 03:30:08.469  1881  4763 E WindowManager: Performed 6 layouts in a row. Skipping
12-08 03:30:08.505  1881  2408 E WindowManager: Performed 6 layouts in a row. Skipping
12-08 03:30:08.540  1881  1934 E WindowManager: Performed 6 layouts in a row. Skipping
12-08 03:30:08.566  1881  1934 E WindowManager: Performed 6 layouts in a row. Skipping
12-08 03:30:08.606  1881  3619 E WindowManager: Performed 6 layouts in a row. Skipping
12-08 03:30:08.645  1881  2408 E WindowManager: Performed 6 layouts in a row. Skipping
12-08 03:30:08.671  1881  1934 E WindowManager: Performed 6 layouts in a row. Skipping
12-08 03:30:08.694  1881  2408 E WindowManager: Performed 6 layouts in a row. Skipping
12-08 03:30:08.738  1881  1934 E WindowManager: Performed 6 layouts in a row. Skipping
12-08 03:30:08.764  1881  2408 E WindowManager: Performed 6 layouts in a row. Skipping
12-08 03:30:08.799  1881  1934 E WindowManager: Performed 6 layouts in a row. Skipping
12-08 03:30:08.961  1881  4763 E WindowManager: Performed 6 layouts in a row. Skipping
12-08 03:30:08.981  1881  1934 E WindowManager: Performed 6 layouts in a row. Skipping
12-08 03:30:09.013  1881  1934 E WindowManager: Performed 6 layouts in a row. Skipping
12-08 03:30:09.046  1881  1896 E WindowManager: Performed 6 layouts in a row. Skipping
12-08 03:30:09.078  1881  1934 E WindowManager: Performed 6 layouts in a row. Skipping
12-08 03:30:09.110  1881  3619 E WindowManager: Performed 6 layouts in a row. Skipping
12-08 03:30:09.137  1881  1934 E WindowManager: Performed 6 layouts in a row. Skipping
12-08 03:30:09.270  1881  1934 E WindowManager: Performed 6 layouts in a row. Skipping
