--------- beginning of main
12-08 02:06:37.600  3093  3093 E oid.documentsu: Not starting debugger since process cannot load the jdwp agent.
--------- beginning of system
12-08 02:06:37.669  3108  3108 E ndroid.keychai: Not starting debugger since process cannot load the jdwp agent.
12-08 02:06:39.083  3151  3151 E droid.apps.doc: Not starting debugger since process cannot load the jdwp agent.
12-08 02:06:39.650  1632  1632 E lowmemorykiller: Error writing /proc/2928/oom_score_adj; errno=22
12-08 02:06:40.226  3175  3175 E d.process.medi: Not starting debugger since process cannot load the jdwp agent.
12-08 02:06:40.303  1632  1632 E lowmemorykiller: Error writing /proc/2742/oom_score_adj; errno=22
12-08 02:06:40.303  1632  1632 E lowmemorykiller: Error writing /proc/3020/oom_score_adj; errno=22
12-08 02:06:40.321  1632  1632 E lowmemorykiller: Error writing /proc/2742/oom_score_adj; errno=22
12-08 02:06:40.321  1632  1632 E lowmemorykiller: Error opening /proc/3020/oom_score_adj; errno=2
12-08 02:06:41.406  3199  3199 E ocess.gservice: Not starting debugger since process cannot load the jdwp agent.
12-08 02:06:42.953  3151  3151 E DocsApplication: [main] No default account found during application creation.
12-08 02:06:43.294  1729  1945 E         : Couldn't opendir /data/app/vmdl571163350.tmp: No such file or directory
12-08 02:06:43.294  1729  1945 E installd: Failed to delete /data/app/vmdl571163350.tmp: No such file or directory
12-08 02:06:48.052  3257  3257 E harlton.mileag: Not starting debugger since process cannot load the jdwp agent.
12-08 02:06:50.402 16085 31762 E putmethod.lati: Invalid ID 0x00000001.
12-08 02:06:50.423 16085 31762 E LstmTrainingCache: emn: Can't get resource name for input slot
12-08 02:06:50.423 16085 31762 E LstmTrainingCache: android.content.res.Resources$NotFoundException: Unable to find resource ID #0x1
12-08 02:06:50.423 16085 31762 E LstmTrainingCache: 	at android.content.res.ResourcesImpl.getResourceName(ResourcesImpl.java:255)
12-08 02:06:50.423 16085 31762 E LstmTrainingCache: 	at android.content.res.Resources.getResourceName(Resources.java:1954)
12-08 02:06:50.423 16085 31762 E LstmTrainingCache: 	at emn.a(PG:12)
12-08 02:06:50.423 16085 31762 E LstmTrainingCache: 	at emk.run(PG:5)
12-08 02:06:50.423 16085 31762 E LstmTrainingCache: 	at java.lang.Thread.run(Thread.java:764)
12-08 02:06:58.565 16085 31762 E putmethod.lati: Invalid ID 0x00000001.
12-08 02:06:58.577 16085 31762 E LstmTrainingCache: emn: Can't get resource name for input slot
12-08 02:06:58.577 16085 31762 E LstmTrainingCache: android.content.res.Resources$NotFoundException: Unable to find resource ID #0x1
12-08 02:06:58.577 16085 31762 E LstmTrainingCache: 	at android.content.res.ResourcesImpl.getResourceName(ResourcesImpl.java:255)
12-08 02:06:58.577 16085 31762 E LstmTrainingCache: 	at android.content.res.Resources.getResourceName(Resources.java:1954)
12-08 02:06:58.577 16085 31762 E LstmTrainingCache: 	at emn.a(PG:12)
12-08 02:06:58.577 16085 31762 E LstmTrainingCache: 	at emk.run(PG:5)
12-08 02:06:58.577 16085 31762 E LstmTrainingCache: 	at java.lang.Thread.run(Thread.java:764)
12-08 02:07:00.364  3285  3285 E emui:screensho: Not starting debugger since process cannot load the jdwp agent.
12-08 02:07:01.202  3285  3285 E SoundPool: error loading /product/media/audio/ui/camera_click.ogg
12-08 02:07:01.444  1739  2068 E OMXNodeInstance: getConfig(0xee326c00:google.vorbis.decoder, ConfigAndroidVendorExtension(0x6f100004)) ERROR: Undefined(0x80001001)
12-08 02:07:06.335 16506 16506 E BeaconBle: Missing BluetoothAdapter
12-08 02:07:06.393 16506 16506 E BeaconBle: Scan couldn't start for Places
12-08 02:07:14.307  3331  3331 E oid.apps.photo: Not starting debugger since process cannot load the jdwp agent.
12-08 02:07:18.243  1829  1829 E netmgr  : Failed to open QEMU pipe 'qemud:network': Invalid argument
12-08 02:07:18.243  1829  1829 E netmgr  : WifiForwarder unable to open QEMU pipe: Invalid argument
12-08 02:07:21.925  3378  3378 E id.partnersetu: Not starting debugger since process cannot load the jdwp agent.
12-08 02:07:26.253 15976 18246 E WindowManager: Performed 6 layouts in a row. Skipping
12-08 02:07:26.278 15976 16026 E WindowManager: Performed 6 layouts in a row. Skipping
12-08 02:07:26.324 15976 16026 E WindowManager: Performed 6 layouts in a row. Skipping
12-08 02:07:26.346 15976 16026 E WindowManager: Performed 6 layouts in a row. Skipping
12-08 02:07:26.540 15976 16026 E WindowManager: Performed 6 layouts in a row. Skipping
12-08 02:07:26.634 15976 16026 E WindowManager: Performed 6 layouts in a row. Skipping
12-08 02:07:26.733 15976 16026 E WindowManager: Performed 6 layouts in a row. Skipping
12-08 02:07:26.757 15976 16269 E WindowManager: Performed 6 layouts in a row. Skipping
12-08 02:07:26.804 15976 15991 E WindowManager: Performed 6 layouts in a row. Skipping
12-08 02:07:26.855 15976 16026 E WindowManager: Performed 6 layouts in a row. Skipping
12-08 02:07:26.881 15976 17637 E WindowManager: Performed 6 layouts in a row. Skipping
12-08 02:07:26.938 15976 16026 E WindowManager: Performed 6 layouts in a row. Skipping
12-08 02:07:26.979 15976 16026 E WindowManager: Performed 6 layouts in a row. Skipping
12-08 02:07:27.003 15976 17388 E WindowManager: Performed 6 layouts in a row. Skipping
12-08 02:07:27.030 15976 16026 E WindowManager: Performed 6 layouts in a row. Skipping
12-08 02:07:27.125 15976 16026 E WindowManager: Performed 6 layouts in a row. Skipping
12-08 02:07:27.158 15976 17637 E WindowManager: Performed 6 layouts in a row. Skipping
12-08 02:07:27.185 15976 16026 E WindowManager: Performed 6 layouts in a row. Skipping
12-08 02:07:27.203 15976 16026 E WindowManager: Performed 6 layouts in a row. Skipping
12-08 02:07:27.286 15976 16026 E WindowManager: Performed 6 layouts in a row. Skipping
12-08 02:07:28.502 28119 28119 E ContextIntentStarter: No activity found for any of the 0 intents
12-08 02:07:29.115  3407  3407 E hod.latin:trai: Not starting debugger since process cannot load the jdwp agent.
12-08 02:07:36.987  1737  1809 E storaged: getDiskStats failed with result NOT_SUPPORTED and size 0
12-08 02:07:43.056 16506  2055 E ctxmgr  : [AppIntervalImpl]closeInterval: ongoing
12-08 02:07:43.068 16506  2055 E ctxmgr  : [AppIntervalImpl]closeInterval: ongoing
12-08 02:08:18.305  1829  1829 E netmgr  : Failed to open QEMU pipe 'qemud:network': Invalid argument
12-08 02:08:18.305  1829  1829 E netmgr  : WifiForwarder unable to open QEMU pipe: Invalid argument
12-08 02:08:36.999  1737  1809 E storaged: getDiskStats failed with result NOT_SUPPORTED and size 0
12-08 02:09:18.365  1829  1829 E netmgr  : Failed to open QEMU pipe 'qemud:network': Invalid argument
12-08 02:09:18.365  1829  1829 E netmgr  : WifiForwarder unable to open QEMU pipe: Invalid argument
12-08 02:09:37.004  1737  1809 E storaged: getDiskStats failed with result NOT_SUPPORTED and size 0
12-08 02:10:01.510 16788 17129 E PlayCommon: [121] com.google.android.play.b.g.a(448): Failed to connect to server: java.net.UnknownHostException: Unable to resolve host "play.googleapis.com": No address associated with hostname
12-08 02:10:18.426  1829  1829 E netmgr  : Failed to open QEMU pipe 'qemud:network': Invalid argument
12-08 02:10:18.427  1829  1829 E netmgr  : WifiForwarder unable to open QEMU pipe: Invalid argument
12-08 02:10:37.026  1737  1809 E storaged: getDiskStats failed with result NOT_SUPPORTED and size 0
12-08 02:11:18.451  1829  1829 E netmgr  : Failed to open QEMU pipe 'qemud:network': Invalid argument
12-08 02:11:18.451  1829  1829 E netmgr  : WifiForwarder unable to open QEMU pipe: Invalid argument
12-08 02:11:37.030  1737  1809 E storaged: getDiskStats failed with result NOT_SUPPORTED and size 0
