--------- beginning of system
12-07 18:30:27.416  1737  1809 E storaged: getDiskStats failed with result NOT_SUPPORTED and size 0
12-07 18:31:10.950   956   956 E LoadedApk: Unable to instantiate appComponentFactory
12-07 18:31:10.950   956   956 E LoadedApk: java.lang.ClassNotFoundException: Didn't find class "android.support.v4.app.CoreComponentFactory" on path: DexPathList[[zip file "/data/app/com.google.android.deskclock-irjeQ48B8SlCzNgOUY6aXg==/base.apk"],nativeLibraryDirectories=[/data/app/com.google.android.deskclock-irjeQ48B8SlCzNgOUY6aXg==/lib/x86, /system/lib]]
12-07 18:31:10.950   956   956 E LoadedApk: 	at dalvik.system.BaseDexClassLoader.findClass(BaseDexClassLoader.java:134)
12-07 18:31:10.950   956   956 E LoadedApk: 	at java.lang.ClassLoader.loadClass(ClassLoader.java:379)
12-07 18:31:10.950   956   956 E LoadedApk: 	at java.lang.ClassLoader.loadClass(ClassLoader.java:312)
12-07 18:31:10.950   956   956 E LoadedApk: 	at android.app.LoadedApk.createAppFactory(LoadedApk.java:226)
12-07 18:31:10.950   956   956 E LoadedApk: 	at android.app.LoadedApk.createOrUpdateClassLoaderLocked(LoadedApk.java:731)
12-07 18:31:10.950   956   956 E LoadedApk: 	at android.app.LoadedApk.getClassLoader(LoadedApk.java:810)
12-07 18:31:10.950   956   956 E LoadedApk: 	at android.app.LoadedApk.getResources(LoadedApk.java:1032)
12-07 18:31:10.950   956   956 E LoadedApk: 	at android.app.ContextImpl.createAppContext(ContextImpl.java:2345)
12-07 18:31:10.950   956   956 E LoadedApk: 	at android.app.ActivityThread.handleBindApplication(ActivityThread.java:5749)
12-07 18:31:10.950   956   956 E LoadedApk: 	at android.app.ActivityThread.access$1100(ActivityThread.java:199)
12-07 18:31:10.950   956   956 E LoadedApk: 	at android.app.ActivityThread$H.handleMessage(ActivityThread.java:1650)
12-07 18:31:10.950   956   956 E LoadedApk: 	at android.os.Handler.dispatchMessage(Handler.java:106)
12-07 18:31:10.950   956   956 E LoadedApk: 	at android.os.Looper.loop(Looper.java:193)
12-07 18:31:10.950   956   956 E LoadedApk: 	at android.app.ActivityThread.main(ActivityThread.java:6669)
12-07 18:31:10.950   956   956 E LoadedApk: 	at java.lang.reflect.Method.invoke(Native Method)
12-07 18:31:10.950   956   956 E LoadedApk: 	at com.android.internal.os.RuntimeInit$MethodAndArgsCaller.run(RuntimeInit.java:493)
12-07 18:31:10.950   956   956 E LoadedApk: 	at com.android.internal.os.ZygoteInit.main(ZygoteInit.java:858)
12-07 18:31:27.277  1737  1809 E storaged: getDiskStats failed with result NOT_SUPPORTED and size 0
--------- beginning of main
12-07 18:31:50.412  2528 31281 E SQLiteCastStore: Skip saving CastDeviceInfo: "Nearby device" (__cast_nearby___V_cee85bcb-842a-4073-b211-eb08118bb02e)
12-07 18:32:02.586  2420   531 E ctxmgr  : [ProducerStatusImpl]updateStateForNewContextData: inactive, contextName=7
12-07 18:32:03.000  2420  2420 E BeaconBle: Scan couldn't start for Places
12-07 18:32:08.000  1829  1829 E netmgr  : Failed to open QEMU pipe 'qemud:network': Invalid argument
12-07 18:32:08.001  1829  1829 E netmgr  : WifiForwarder unable to open QEMU pipe: Invalid argument
12-07 18:32:10.352  1628  1628 E android.hardware.wifi@1.0-service: Failed to register radio mode change callback
12-07 18:32:10.360  1628  1628 E android.hardware.wifi@1.0-service: Failed to set DFS flag; DFS channels may be unavailable.
12-07 18:32:10.410  1738  1738 E wificond: No Offload Service available
12-07 18:32:10.543  1883  1967 E WifiP2pService: Unhandled message { when=-1ms what=131203 target=com.android.internal.util.StateMachine$SmHandler }
12-07 18:32:10.582  1883  1967 E WifiP2pService: Unhandled message { when=0 what=131203 target=com.android.internal.util.StateMachine$SmHandler }
12-07 18:32:10.621  1883  1901 E BatteryExternalStatsWorker: no controller energy info supplied for wifi
12-07 18:32:10.668  1883  1901 E BatteryExternalStatsWorker: no controller energy info supplied for wifi
12-07 18:32:11.803 28976 28976 E ContextIntentStarter: No activity found for any of the 0 intents
12-07 18:32:14.771  1883  1901 E BatteryExternalStatsWorker: no controller energy info supplied for wifi
12-07 18:32:15.603  1735  1813 E Netd    : Error adding route ::/0 -> fe80::ff:fe00:100 wlan0 to table 1003: File exists
12-07 18:32:19.260 28976 28976 E ContextIntentStarter: No activity found for any of the 0 intents
12-07 18:32:19.857  2420  1179 E WakeLock: GCM_CONN_ALARM release without a matched acquire!
12-07 18:32:27.289  1737  1809 E storaged: getDiskStats failed with result NOT_SUPPORTED and size 0
12-07 18:32:30.507  2420  1142 E ctxmgr  : [ProducerStatusImpl]updateStateForNewContextData: inactive, contextName=7
12-07 18:32:30.881  2420  2420 E BeaconBle: Missing BluetoothAdapter
12-07 18:32:30.937  2420  2420 E BeaconBle: Scan couldn't start for Places
12-07 18:32:42.991  1613  1204 E audio_hw_generic: pcm_open(in) failed: cannot open device '/dev/snd/pcmC0D0c': Device or resource busy: channels 2 format 0 rate 16000
12-07 18:32:43.771  1209  1209 E boxed_process3: Not starting debugger since process cannot load the jdwp agent.
12-07 18:32:43.848 28976 28976 E ClientVe: Failed to create ClientVisualElementsProto for user interaction on view com.google.android.apps.gsa.searchbox.ui.suggestions.views.CoreSuggestionView{5bcea36 VFE...CL. ...P.... 21,436-1059,583 #139} because the view is not tagged for visual element logging.
12-07 18:32:44.211 28976 28976 E ClientVe: Failed to create ClientVisualElementsProto for user interaction on view com.google.android.apps.gsa.searchbox.ui.suggestions.views.CoreSuggestionView{a7b7809 VFE...CL. ...P.... 21,877-1059,1024 #13c} because the view is not tagged for visual element logging.
12-07 18:32:44.813 28976 28976 E ClientVe: Failed to create ClientVisualElementsProto for user interaction on view com.google.android.apps.gsa.searchbox.ui.suggestions.views.p{2ca9cca VFE...CL. ...P.... 414,21-621,279 #141} because the view is not tagged for visual element logging.
12-07 18:32:44.857 28976 28976 E ClientVe: Failed to create ClientVisualElementsProto for user interaction on view com.google.android.apps.gsa.searchbox.ui.suggestions.views.CoreSuggestionView{a7b7809 VFE...CL. ...P.... 21,877-1059,1024 #13c} because the view is not tagged for visual element logging.
12-07 18:32:44.906 28976 28976 E ClientVe: Failed to create ClientVisualElementsProto for user interaction on view com.google.android.apps.gsa.searchbox.ui.suggestions.views.CoreSuggestionView{2df4510 VFE...CL. ...P.... 21,730-1059,877 #13b} because the view is not tagged for visual element logging.
12-07 18:32:50.308 28976 28985 E ReloadingLock: Finalizing LOCKED Token[searchresults_activity 2018-12-07 18:32:48.204]
12-07 18:33:08.009  1829  1829 E netmgr  : Failed to open QEMU pipe 'qemud:network': Invalid argument
12-07 18:33:08.009  1829  1829 E netmgr  : WifiForwarder unable to open QEMU pipe: Invalid argument
12-07 18:33:13.213 28976 28976 E ContextIntentStarter: No activity found for any of the 0 intents
12-07 18:33:20.865 28976 28976 E ClientVe: Failed to create ClientVisualElementsProto for user interaction on view com.google.android.apps.gsa.searchbox.ui.suggestions.views.CoreSuggestionView{97dc71c VFE...CL. ...P.... 0,583-1038,730 #155} because the view is not tagged for visual element logging.
12-07 18:33:21.335 28976 28976 E ClientVe: Failed to create ClientVisualElementsProto for user interaction on view com.google.android.apps.gsa.searchbox.ui.suggestions.views.CoreSuggestionView{9f198fa VFE...CL. ...P.... 0,142-1038,289 #152} because the view is not tagged for visual element logging.
12-07 18:33:21.965 28976 28976 E ClientVe: Failed to create ClientVisualElementsProto for user interaction on view com.google.android.apps.gsa.searchbox.ui.suggestions.views.CoreSuggestionView{97dc71c VFE...CL. ...P.... 0,583-1038,730 #155} because the view is not tagged for visual element logging.
12-07 18:33:22.104 28976 28976 E ClientVe: Failed to create ClientVisualElementsProto for user interaction on view com.google.android.apps.gsa.searchbox.ui.suggestions.views.CoreSuggestionView{8e07f25 VFE...CL. ...P.... 0,-5-1038,142 #151} because the view is not tagged for visual element logging.
12-07 18:33:22.375 28976 28976 E ClientVe: Failed to create ClientVisualElementsProto for user interaction on view com.google.android.apps.gsa.searchbox.ui.suggestions.views.CoreSuggestionView{97dc71c VFE...CL. .F....ID 0,583-1038,730 #155} because the view is not tagged for visual element logging.
12-07 18:33:23.444 28976 28976 E ClientVe: Failed to create ClientVisualElementsProto for user interaction on view com.google.android.apps.gsa.searchbox.ui.suggestions.views.CoreSuggestionView{8e07f25 VFE...CL. ...P.... 0,-5-1038,142 #151} because the view is not tagged for visual element logging.
12-07 18:33:23.476 28976 28976 E ClientVe: Failed to create ClientVisualElementsProto for user interaction on view com.google.android.apps.gsa.searchbox.ui.suggestions.views.CoreSuggestionView{2e3908 VFE...CL. ...P.... 0,436-1038,583 #154} because the view is not tagged for visual element logging.
12-07 18:33:24.014 28976 28976 E ClientVe: Failed to create ClientVisualElementsProto for user interaction on view com.google.android.apps.gsa.searchbox.ui.suggestions.views.CoreSuggestionView{2e3908 VFE...CL. ...P.... 0,436-1038,583 #154} because the view is not tagged for visual element logging.
12-07 18:33:26.114 28976 29013 E MicroDetectionWorker: Stale runnable..ignoring
12-07 18:33:27.314  1737  1809 E storaged: getDiskStats failed with result NOT_SUPPORTED and size 0
12-07 18:33:32.814  2420  3201 E PlaceInferenceEngine: Position timestamp out of order. Previous: 1544225415000, Current: 1544207613000. Skipping this Position.
12-07 18:33:32.850  2420  1016 E ctxmgr  : [ProducerStatusImpl]updateStateForNewContextData: inactive, contextName=1
12-07 18:33:33.218  2420  2420 E BeaconBle: Scan couldn't start for Places
12-07 18:33:36.880  1738  1738 E wificond: Receive ERROR message in response to 'stop scheduled scan' request: Operation not supported on transport endpoint
12-07 18:33:37.100  1146  1146 E wpa_supplicant: nl80211: Failed to open /proc/sys/net/ipv4/conf/p2p-dev-wlan0/drop_unicast_in_l2_multicast: No such file or directory
12-07 18:33:37.100  1146  1146 E wpa_supplicant: nl80211: Failed to set IPv4 unicast in multicast filter
12-07 18:33:37.131  1146  1146 E wpa_supplicant: nl80211: Failed to open /proc/sys/net/ipv4/conf/p2p-dev-wlan0/drop_unicast_in_l2_multicast: No such file or directory
12-07 18:33:37.131  1146  1146 E wpa_supplicant: nl80211: Failed to set IPv4 unicast in multicast filter
12-07 18:33:37.323  1146  1146 E wpa_supplicant: nl80211: Failed to open /proc/sys/net/ipv4/conf/wlan0/drop_unicast_in_l2_multicast: No such file or directory
12-07 18:33:37.323  1146  1146 E wpa_supplicant: nl80211: Failed to set IPv4 unicast in multicast filter
12-07 18:33:37.323  1146  1146 E wpa_supplicant: nl80211: Failed to open /proc/sys/net/ipv4/conf/wlan0/drop_unicast_in_l2_multicast: No such file or directory
12-07 18:33:37.323  1146  1146 E wpa_supplicant: nl80211: Failed to set IPv4 unicast in multicast filter
12-07 18:33:37.433  1146  1146 E wpa_supplicant: nl80211: Failed to open /proc/sys/net/ipv4/conf/wlan0/drop_unicast_in_l2_multicast: No such file or directory
12-07 18:33:37.434  1146  1146 E wpa_supplicant: nl80211: Failed to set IPv4 unicast in multicast filter
12-07 18:33:37.704  1628  1628 E android.hardware.wifi@1.0-service: Failed to open directory: Permission denied
12-07 18:33:37.704  1628  1628 E android.hardware.wifi@1.0-service: Error occurred while deleting old tombstone files
12-07 18:33:37.704  1628  1628 E android.hardware.wifi@1.0-service: Error writing files to flash
12-07 18:33:38.003  1883  1965 E SupplicantStaIfaceHal: Can't call setPowerSave, ISupplicantStaIface is null
12-07 18:33:38.007  1883  1965 E SupplicantStaIfaceHal: Can't call setBtCoexistenceMode, ISupplicantStaIface is null
12-07 18:33:38.050  1883  1965 E HalDevMgr: Should have at least 1 chip!
12-07 18:33:38.051  1883  1965 E HalDevMgr: dispatchAvailableForRequestListeners: no chip info found
12-07 18:33:38.082  1883  1965 E SupplicantStaIfaceHal: Can't call setCountryCode, ISupplicantStaIface is null
12-07 18:33:38.082  1883  1965 E SupplicantStaIfaceHal: Can't call listNetworks, ISupplicantStaIface is null
12-07 18:33:38.082  1883  1965 E SupplicantStaIfaceHal: removeAllNetworks failed, got null networks
12-07 18:33:38.082  1883  1965 E WifiStateMachine: Failed to remove networks on exiting connect mode
12-07 18:33:38.084  1883  1967 E WifiP2pService: Unhandled message { when=-1ms what=131204 target=com.android.internal.util.StateMachine$SmHandler }
12-07 18:33:38.180  1883  1901 E BatteryExternalStatsWorker: no controller energy info supplied for wifi
12-07 18:33:38.186  1883  1965 E WifiScanRequestProxy: Scan failure received. reason: -1,description: not available
12-07 18:33:38.234  1883  1901 E BatteryExternalStatsWorker: no controller energy info supplied for wifi
12-07 18:33:38.311  2420  1179 E WakeLock: GCM_HB_ALARM release without a matched acquire!
12-07 18:33:38.332  2420  1179 E GCM     : Connection closed with errorCode 20
12-07 18:33:38.359  2420  1179 E WakeLock: GCM_CONN_ALARM release without a matched acquire!
12-07 18:33:40.931  1613  1292 E audio_hw_generic: pcm_open(in) failed: cannot open device '/dev/snd/pcmC0D0c': Device or resource busy: channels 2 format 0 rate 16000
12-07 18:33:45.657  2420  1299 E WakeLock: GCM_HB_ALARM release without a matched acquire!
12-07 18:33:45.777  2420  1299 E WakeLock: GCM_CONN_ALARM release without a matched acquire!
12-07 18:33:46.839  1883  1900 E libprocessgroup: Error encountered killing process cgroup uid 99173 pid 1209: No such file or directory
