--------- beginning of system
12-07 13:38:31.084  1736  1736 E wificond: NL80211_CMD_TRIGGER_SCAN failed: Device or resource busy
12-07 13:39:02.029  1735  1809 E storaged: getDiskStats failed with result NOT_SUPPORTED and size 0
12-07 13:40:02.030  1735  1809 E storaged: getDiskStats failed with result NOT_SUPPORTED and size 0
12-07 13:41:02.854  1735  1809 E storaged: getDiskStats failed with result NOT_SUPPORTED and size 0
12-07 13:42:03.528  1735  1809 E storaged: getDiskStats failed with result NOT_SUPPORTED and size 0
12-07 13:43:04.976  1735  1809 E storaged: getDiskStats failed with result NOT_SUPPORTED and size 0
12-07 13:44:05.591  1735  1809 E storaged: getDiskStats failed with result NOT_SUPPORTED and size 0
12-07 13:45:06.790  1735  1809 E storaged: getDiskStats failed with result NOT_SUPPORTED and size 0
12-07 13:45:06.862  1880  3002 E WindowManager: Performed 6 layouts in a row. Skipping
12-07 13:45:06.912  1880  1896 E WindowManager: Performed 6 layouts in a row. Skipping
12-07 13:45:06.943  1880  1934 E WindowManager: Performed 6 layouts in a row. Skipping
12-07 13:45:07.166  1880  1934 E WindowManager: Performed 6 layouts in a row. Skipping
12-07 13:45:09.277  1880  1934 E WindowManager: Performed 6 layouts in a row. Skipping
12-07 13:45:35.576  1880  1897 E AutofillSession: No assist structure - app might have crashed providing it
12-07 13:45:43.610  1880  1897 E AutofillSession: No assist structure - app might have crashed providing it
12-07 13:46:07.177  1735  1809 E storaged: getDiskStats failed with result NOT_SUPPORTED and size 0
12-07 13:46:39.049  1880  1900 E BatteryExternalStatsWorker: no controller energy info supplied for wifi
12-07 13:47:07.985  1735  1809 E storaged: getDiskStats failed with result NOT_SUPPORTED and size 0
12-07 13:47:08.194  1736  1736 E wificond: NL80211_CMD_TRIGGER_SCAN failed: Device or resource busy
12-07 13:48:08.468  1735  1809 E storaged: getDiskStats failed with result NOT_SUPPORTED and size 0
12-07 13:49:10.101  1735  1809 E storaged: getDiskStats failed with result NOT_SUPPORTED and size 0
12-07 13:50:10.656  1735  1809 E storaged: getDiskStats failed with result NOT_SUPPORTED and size 0
12-07 13:50:47.893  1736  1736 E wificond: NL80211_CMD_TRIGGER_SCAN failed: Device or resource busy
12-07 13:51:11.533  1735  1809 E storaged: getDiskStats failed with result NOT_SUPPORTED and size 0
--------- beginning of main
12-07 13:51:51.222  1829  1829 E netmgr  : Failed to open QEMU pipe 'qemud:network': Invalid argument
12-07 13:51:51.222  1829  1829 E netmgr  : WifiForwarder unable to open QEMU pipe: Invalid argument
12-07 13:52:04.638 19845 19845 E ContextIntentStarter: No activity found for any of the 0 intents
12-07 13:52:12.331  1735  1809 E storaged: getDiskStats failed with result NOT_SUPPORTED and size 0
12-07 13:52:52.067  1829  1829 E netmgr  : Failed to open QEMU pipe 'qemud:network': Invalid argument
12-07 13:52:52.070  1829  1829 E netmgr  : WifiForwarder unable to open QEMU pipe: Invalid argument
12-07 13:53:13.340  1735  1809 E storaged: getDiskStats failed with result NOT_SUPPORTED and size 0
12-07 13:53:34.471  2780  2915 E PlayCommon: [145] com.google.android.play.b.g.a(448): Failed to connect to server: java.net.UnknownHostException: Unable to resolve host "play.googleapis.com": No address associated with hostname
12-07 13:53:47.426  1736  1736 E wificond: NL80211_CMD_TRIGGER_SCAN failed: Device or resource busy
12-07 13:53:47.662  2378 32197 E ctxmgr  : [ProducerStatusImpl]updateStateForNewContextData: inactive, contextName=7
12-07 13:53:50.290  2378 32197 E ctxmgr  : [ProducerStatusImpl]updateStateForNewContextData: inactive, contextName=1
12-07 13:53:50.358  2378 32197 E ctxmgr  : [ProducerStatusImpl]updateStateForNewContextData: inactive, contextName=1
12-07 13:53:50.359  2378 32197 E ctxmgr  : [ProducerStatusImpl]updateStateForNewContextData: inactive, contextName=1
12-07 13:53:50.544  2378  2378 E BeaconBle: Missing BluetoothAdapter
12-07 13:53:52.815  1829  1829 E netmgr  : Failed to open QEMU pipe 'qemud:network': Invalid argument
12-07 13:53:52.815  1829  1829 E netmgr  : WifiForwarder unable to open QEMU pipe: Invalid argument
12-07 13:53:52.906  2378  2378 E BeaconBle: Scan couldn't start for Places
12-07 13:53:58.266  1610  1692 E audio_hw_generic: pcm_write failed cannot write stream data: I/O error
12-07 13:54:09.035  1610  1692 E audio_hw_generic: pcm_write failed cannot write stream data: I/O error
12-07 13:54:14.446  1735  1809 E storaged: getDiskStats failed with result NOT_SUPPORTED and size 0
12-07 13:54:19.864  1610  1692 E audio_hw_generic: pcm_write failed cannot write stream data: I/O error
12-07 13:54:22.938 32248 32248 E boxed_process1: Not starting debugger since process cannot load the jdwp agent.
12-07 13:54:30.439  1610  1692 E audio_hw_generic: pcm_write failed cannot write stream data: I/O error
12-07 13:54:43.903  1610  1692 E audio_hw_generic: pcm_write failed cannot write stream data: I/O error
12-07 13:54:54.513  1829  1829 E netmgr  : Failed to open QEMU pipe 'qemud:network': Invalid argument
12-07 13:54:54.513  1829  1829 E netmgr  : WifiForwarder unable to open QEMU pipe: Invalid argument
12-07 13:54:57.068  1610  1692 E audio_hw_generic: pcm_write failed cannot write stream data: I/O error
12-07 13:55:05.146  1880  1895 E memtrack: Couldn't load memtrack module
12-07 13:55:10.298  1880  1896 E system_server: libdebuggerd_client: received packet of unexpected length from tombstoned: expected 128, received -1
12-07 13:55:12.812  1880  1896 E system_server: libdebuggerd_client: timeout expired
12-07 13:55:12.813  1880  1896 E ActivityManager: Aborting stack trace dump (current firstPid=2008); deadline exceeded.
12-07 13:55:12.830  1741  1741 E /system/bin/tombstoned: Traces for pid 2008 written to: /data/anr/trace_18
12-07 13:55:12.860  1880  1896 E ActivityManager: ANR in com.evancharlton.mileage (com.evancharlton.mileage/.FieldActivity)
12-07 13:55:12.860  1880  1896 E ActivityManager: PID: 31936
12-07 13:55:12.860  1880  1896 E ActivityManager: Reason: Input dispatching timed out (Waiting because no window has focus but there is a focused application that may eventually add a window when it finishes starting up.)
12-07 13:55:12.860  1880  1896 E ActivityManager: Load: 5.06 / 3.23 / 2.99
12-07 13:55:12.860  1880  1896 E ActivityManager: CPU usage from 0ms to 31321ms later (2018-12-07 13:54:41.492 to 2018-12-07 13:55:12.813):
12-07 13:55:12.860  1880  1896 E ActivityManager:   46% 1880/system_server: 24% user + 21% kernel / faults: 3742 minor 151 major
12-07 13:55:12.860  1880  1896 E ActivityManager:   35% 1722/surfaceflinger: 14% user + 20% kernel / faults: 40 minor
12-07 13:55:12.860  1880  1896 E ActivityManager:   17% 1992/com.google.android.inputmethod.latin: 9.2% user + 8.1% kernel / faults: 2103 minor 73 major
12-07 13:55:12.860  1880  1896 E ActivityManager:   15% 646/kswapd0: 0% user + 15% kernel
12-07 13:55:12.860  1880  1896 E ActivityManager:   10% 19845/com.google.android.googlequicksearchbox:search: 4.9% user + 5.5% kernel / faults: 2230 minor 51 major
12-07 13:55:12.860  1880  1896 E ActivityManager:   9% 32248/com.android.chrome:sandboxed_process12: 2.5% user + 6.5% kernel / faults: 889 minor 331 major
12-07 13:55:12.860  1880  1896 E ActivityManager:   8.3% 1610/android.hardware.audio@2.0-service: 2.1% user + 6.2% kernel
12-07 13:55:12.860  1880  1896 E ActivityManager:   7.8% 2125/com.android.phone: 2.2% user + 5.6% kernel / faults: 729 minor 2 major
12-07 13:55:12.860  1880  1896 E ActivityManager:   7.8% 1553/logd: 1.3% user + 6.5% kernel / faults: 1 major
12-07 13:55:12.860  1880  1896 E ActivityManager:   1.9% 31936/com.evancharlton.mileage: 0.1% user + 1.8% kernel / faults: 19255 minor 104 major
12-07 13:55:12.860  1880  1896 E ActivityManager:   1.1% 2008/com.android.systemui: 0% user + 1.1% kernel / faults: 2753 minor 29 major
12-07 13:55:12.860  1880  1896 E ActivityManager:   1% 2300/adbd: 0% user + 0.9% kernel / faults: 58853 minor
12-07 13:55:12.860  1880  1896 E ActivityManager:   0.9% 2482/com.google.android.gms: 0.7% user + 0.2% kernel / faults: 1140 minor
12-07 13:55:12.860  1880  1896 E ActivityManager:   0.6% 2378/com.google.android.gms.persistent: 0.4% user + 0.2% kernel / faults: 201 minor 30 major
12-07 13:55:12.860  1880  1896 E ActivityManager:   0.6% 1628/audioserver: 0.2% user + 0.3% kernel
12-07 13:55:12.860  1880  1896 E ActivityManager:   0.6% 1745/android.hardware.graphics.composer@2.1-service: 0% user + 0.5% kernel / faults: 32 minor
12-07 13:55:12.860  1880  1896 E ActivityManager:   0.3% 32186/kworker/u9:1: 0% user + 0.3% kernel
12-07 13:55:12.860  1880  1896 E ActivityManager:   0.3% 32268/kworker/u8:0: 0% user + 0.3% kernel
12-07 13:55:12.860  1880  1896 E ActivityManager:   0.2% 18700/kworker/u9:4: 0% user + 0.2% kernel
12-07 13:55:12.860  1880  1896 E ActivityManager:   0% 2346/com.android.se: 0% user + 0% kernel / faults: 518 minor 10 major
12-07 13:55:12.860  1880  1896 E ActivityManager:   0.2% 30407/kworker/u9:3: 0% user + 0.2% kernel
12-07 13:55:12.860  1880  1896 E ActivityManager:   0.2% 31093/kworker/u8:3: 0% user + 0.2% kernel
12-07 13:55:12.860  1880  1896 E ActivityManager:   0.1% 1624/android.hardware.sensors@1.0-service: 0% user + 0.1% kernel
12-07 13:55:12.860  1880  1896 E ActivityManager:   0.1% 2318/logcat: 0% user + 0.1% kernel
12-07 13:55:12.860  1880  1896 E ActivityManager:   0.1% 3/ksoftirqd/0: 0% user + 0.1% kernel
12-07 13:55:12.860  1880  1896 E ActivityManager:   0.1% 31350/kworker/u8:4: 0% user + 0.1% kernel
12-07 13:55:12.860  1880  1896 E ActivityManager:   0.1% 31747/kworker/u9:2: 0% user + 0.1% kernel
12-07 13:55:12.860  1880  1896 E ActivityManager:   0.1% 31923/com.android.commands.monkey: 0.1% user + 0% kernel / faults: 65 minor 3 major
12-07 13:55:12.860  1880  1896 E ActivityManager:   0% 7/rcu_preempt: 0% user + 0% kernel
12-07 13:55:12.860  1880  1896 E ActivityManager:   0% 1619/android.hardware.gnss@1.0-service: 0% user + 0% kernel
12-07 13:55:12.860  1880  1896 E ActivityManager:   0% 1734/statsd: 0% user + 0% kernel
12-07 13:55:12.860  1880  1896 E ActivityManager:   0% 26518/com.google.android.apps.nexuslauncher: 0% user + 0% kernel / faults: 5 minor
12-07 13:55:12.860  1880  1896 E ActivityManager:   0% 32062/kworker/u8:5: 0% user + 0% kernel
12-07 13:55:12.860  1880  1896 E ActivityManager:   0% 32172/kworker/3:2: 0% user + 0% kernel
12-07 13:55:12.860  1880  1896 E ActivityManager:   0% 16/ksoftirqd/2: 0% user + 0% kernel
12-07 13:55:12.860  1880  1896 E ActivityManager:   0% 20/ksoftirqd/3: 0% user + 0% kernel
12-07 13:55:12.860  1880  1896 E ActivityManager:   0% 1554/servicemanager: 0% user + 0% kernel
12-07 13:55:12.860  1880  1896 E ActivityManager:   0% 1620/android.hardware.graphics.allocator@2.0-service: 0% user + 0% kernel / faults: 15 minor
12-07 13:55:12.860  1880  1896 E ActivityManager:   0% 1623/android.hardware.power@1.1-service.ranchu: 0% user + 0% kernel
12-07 13:55:12.860  1880  1896 E ActivityManager:   0% 1677/dmcrypt_write: 0% user + 0% kernel
12-07 13:55:12.860  1880  1896 E ActivityManager:   0% 1741/tombstoned: 0% user + 0% kernel / faults: 2 minor 1 major
12-07 13:55:12.860  1880  1896 E ActivityManager:   0% 2780/com.android.vending: 0% user + 0% kernel / faults: 40 minor 24 major
12-07 13:55:12.860  1880  1896 E ActivityManager:   0% 31960/kworker/0:2: 0% user + 0% kernel
12-07 13:55:12.860  1880  1896 E ActivityManager:  +0% 32286/crash_dump32: 0% user + 0% kernel
12-07 13:55:12.860  1880  1896 E ActivityManager:  +0% 32288/com.android.systemui: 0% user + 0% kernel
12-07 13:55:12.860  1880  1896 E ActivityManager: 30% TOTAL: 5.4% user + 8.1% kernel + 16% iowait + 0.4% softirq
12-07 13:55:12.860  1880  1896 E ActivityManager: CPU usage from 2550ms to 7755ms later (2018-12-07 13:54:44.043 to 2018-12-07 13:54:49.247):
12-07 13:55:12.860  1880  1896 E ActivityManager:   96% 1880/system_server: 49% user + 46% kernel / faults: 375 minor
12-07 13:55:12.860  1880  1896 E ActivityManager:     47% 1896/ActivityManager: 24% user + 22% kernel
12-07 13:55:12.860  1880  1896 E ActivityManager:     44% 1889/HeapTaskDaemon: 23% user + 21% kernel
12-07 13:55:12.860  1880  1896 E ActivityManager:     0.5% 2228/Binder:1880_7: 0% user + 0.5% kernel
12-07 13:55:12.860  1880  1896 E ActivityManager:     0.3% 1897/android.ui: 0.3% user + 0% kernel
12-07 13:55:12.860  1880  1896 E ActivityManager:     0.3% 1937/android.anim.lf: 0% user + 0.3% kernel
12-07 13:55:12.860  1880  1896 E ActivityManager:     0.3% 1954/InputDispatcher: 0% user + 0.3% kernel
12-07 13:55:12.860  1880  1896 E ActivityManager:     0.3% 4134/RenderThread: 0.3% user + 0% kernel
12-07 13:55:12.860  1880  1896 E ActivityManager:     0.1% 1934/android.anim: 0.1% user + 0% kernel
12-07 13:55:12.860  1880  1896 E ActivityManager:     0.1% 1968/WifiScanningSer: 0.1% user + 0% kernel
12-07 13:55:12.860  1880  1896 E ActivityManager:     0.1% 2357/Binder:1880_8: 0% user + 0.1% kernel
12-07 13:55:12.860  1880  1896 E ActivityManager:     0.1% 4490/Binder:1880_1
12-07 13:55:15.513  1610  1692 E audio_hw_generic: pcm_write failed cannot write stream data: I/O error
12-07 13:55:15.520  1735  1809 E storaged: getDiskStats failed with result NOT_SUPPORTED and size 0
12-07 13:55:15.833  1880  1899 E libprocessgroup: Error encountered killing process cgroup uid 99220 pid 32248: No such file or directory
12-07 13:55:18.446  1880  2228 E memtrack: Couldn't load memtrack module
12-07 13:55:20.835  1880  2228 E memtrack: Couldn't load memtrack module
12-07 13:55:21.009  1880  2228 E memtrack: Couldn't load memtrack module
12-07 13:55:21.079  1880  2228 E memtrack: Couldn't load memtrack module
12-07 13:55:21.198  1880  2228 E memtrack: Couldn't load memtrack module
12-07 13:55:23.406  1880  2228 E memtrack: Couldn't load memtrack module
12-07 13:55:23.496  1880  2228 E memtrack: Couldn't load memtrack module
12-07 13:55:23.558  1880  2228 E memtrack: Couldn't load memtrack module
12-07 13:55:23.622  1880  2228 E memtrack: Couldn't load memtrack module
12-07 13:55:23.686  1880  2228 E memtrack: Couldn't load memtrack module
12-07 13:55:26.057  1880  2228 E memtrack: Couldn't load memtrack module
12-07 13:55:26.140  1880  2228 E memtrack: Couldn't load memtrack module
12-07 13:55:26.221  1880  2228 E memtrack: Couldn't load memtrack module
12-07 13:55:26.289  1880  2228 E memtrack: Couldn't load memtrack module
12-07 13:55:26.357  1880  2228 E memtrack: Couldn't load memtrack module
12-07 13:55:28.527  1880  2228 E memtrack: Couldn't load memtrack module
12-07 13:55:28.624  1880  2228 E memtrack: Couldn't load memtrack module
12-07 13:55:28.692  1880  2228 E memtrack: Couldn't load memtrack module
12-07 13:55:28.767  1880  2228 E memtrack: Couldn't load memtrack module
12-07 13:55:31.151  1880  2228 E memtrack: Couldn't load memtrack module
12-07 13:55:31.223  1880  2228 E memtrack: Couldn't load memtrack module
12-07 13:55:31.287  1880  2228 E memtrack: Couldn't load memtrack module
12-07 13:55:31.353  1880  2228 E memtrack: Couldn't load memtrack module
12-07 13:55:31.428  1880  2228 E memtrack: Couldn't load memtrack module
12-07 13:55:33.575  1880  2228 E memtrack: Couldn't load memtrack module
