--------- beginning of main
12-07 20:00:28.663 23294 23294 E id.defcontaine: Not starting debugger since process cannot load the jdwp agent.
--------- beginning of system
12-07 20:00:28.722 23306 23306 E oid.documentsu: Not starting debugger since process cannot load the jdwp agent.
12-07 20:00:28.779 23316 23316 E ndroid.keychai: Not starting debugger since process cannot load the jdwp agent.
12-07 20:00:29.855 23375 23375 E droid.apps.doc: Not starting debugger since process cannot load the jdwp agent.
12-07 20:00:30.540 16506 16506 E BeaconBle: Missing BluetoothAdapter
12-07 20:00:30.558 16506 17111 E PlaceInferenceEngine: Position timestamp out of order. Previous: 1544248781000, Current: 1544230806446. Skipping this Position.
12-07 20:00:30.558  1737  1809 E storaged: getDiskStats failed with result NOT_SUPPORTED and size 0
12-07 20:00:30.669 16506 16506 E BeaconBle: Scan couldn't start for Places
12-07 20:00:31.333 23407 23407 E d.process.medi: Not starting debugger since process cannot load the jdwp agent.
12-07 20:00:32.358 23375 23375 E DocsApplication: [main] No default account found during application creation.
12-07 20:00:33.672  1729  1931 E         : Couldn't opendir /data/app/vmdl1573969616.tmp: No such file or directory
12-07 20:00:33.672  1729  1931 E installd: Failed to delete /data/app/vmdl1573969616.tmp: No such file or directory
12-07 20:00:37.457 23462 23462 E harlton.mileag: Not starting debugger since process cannot load the jdwp agent.
12-07 20:00:39.137 16085 24146 E putmethod.lati: Invalid ID 0x00000001.
12-07 20:00:39.143 16085 24146 E LstmTrainingCache: emn: Can't get resource name for input slot
12-07 20:00:39.143 16085 24146 E LstmTrainingCache: android.content.res.Resources$NotFoundException: Unable to find resource ID #0x1
12-07 20:00:39.143 16085 24146 E LstmTrainingCache: 	at android.content.res.ResourcesImpl.getResourceName(ResourcesImpl.java:255)
12-07 20:00:39.143 16085 24146 E LstmTrainingCache: 	at android.content.res.Resources.getResourceName(Resources.java:1954)
12-07 20:00:39.143 16085 24146 E LstmTrainingCache: 	at emn.a(PG:12)
12-07 20:00:39.143 16085 24146 E LstmTrainingCache: 	at emk.run(PG:5)
12-07 20:00:39.143 16085 24146 E LstmTrainingCache: 	at java.lang.Thread.run(Thread.java:764)
12-07 20:00:42.028 23462 23462 E SpannableStringBuilder: SPAN_EXCLUSIVE_EXCLUSIVE spans cannot have a zero length
12-07 20:00:42.028 23462 23462 E SpannableStringBuilder: SPAN_EXCLUSIVE_EXCLUSIVE spans cannot have a zero length
12-07 20:00:43.372 16506 23412 E ctxmgr  : [AppIntervalImpl]closeInterval: stopTimeMillis invalid, stop=1544230843372, start=1544238227857
12-07 20:00:43.383 16506 23412 E ctxmgr  : [AppIntervalImpl]closeInterval: stopTimeMillis invalid, stop=1544230843383, start=1544238227858
12-07 20:00:43.683 16085 24146 E putmethod.lati: Invalid ID 0x00000001.
12-07 20:00:43.716 16085 24146 E LstmTrainingCache: emn: Can't get resource name for input slot
12-07 20:00:43.716 16085 24146 E LstmTrainingCache: android.content.res.Resources$NotFoundException: Unable to find resource ID #0x1
12-07 20:00:43.716 16085 24146 E LstmTrainingCache: 	at android.content.res.ResourcesImpl.getResourceName(ResourcesImpl.java:255)
12-07 20:00:43.716 16085 24146 E LstmTrainingCache: 	at android.content.res.Resources.getResourceName(Resources.java:1954)
12-07 20:00:43.716 16085 24146 E LstmTrainingCache: 	at emn.a(PG:12)
12-07 20:00:43.716 16085 24146 E LstmTrainingCache: 	at emk.run(PG:5)
12-07 20:00:43.716 16085 24146 E LstmTrainingCache: 	at java.lang.Thread.run(Thread.java:764)
12-07 20:00:44.246 23462 23462 E SpannableStringBuilder: SPAN_EXCLUSIVE_EXCLUSIVE spans cannot have a zero length
12-07 20:00:44.246 23462 23462 E SpannableStringBuilder: SPAN_EXCLUSIVE_EXCLUSIVE spans cannot have a zero length
12-07 20:00:48.919 16085 24146 E putmethod.lati: Invalid ID 0x00000001.
12-07 20:00:48.926 16085 24146 E LstmTrainingCache: emn: Can't get resource name for input slot
12-07 20:00:48.926 16085 24146 E LstmTrainingCache: android.content.res.Resources$NotFoundException: Unable to find resource ID #0x1
12-07 20:00:48.926 16085 24146 E LstmTrainingCache: 	at android.content.res.ResourcesImpl.getResourceName(ResourcesImpl.java:255)
12-07 20:00:48.926 16085 24146 E LstmTrainingCache: 	at android.content.res.Resources.getResourceName(Resources.java:1954)
12-07 20:00:48.926 16085 24146 E LstmTrainingCache: 	at emn.a(PG:12)
12-07 20:00:48.926 16085 24146 E LstmTrainingCache: 	at emk.run(PG:5)
12-07 20:00:48.926 16085 24146 E LstmTrainingCache: 	at java.lang.Thread.run(Thread.java:764)
12-07 20:00:51.041 23498 23498 E emui:screensho: Not starting debugger since process cannot load the jdwp agent.
12-07 20:00:51.399 23498 23498 E SoundPool: error loading /product/media/audio/ui/camera_click.ogg
12-07 20:00:51.588  1724  1863 E SurfaceFlinger: ro.sf.lcd_density must be defined as a build property
12-07 20:00:51.646  1739  2068 E OMXNodeInstance: getConfig(0xedf11420:google.vorbis.decoder, ConfigAndroidVendorExtension(0x6f100004)) ERROR: Undefined(0x80001001)
12-07 20:00:51.748  1724  2165 E SurfaceFlinger: ro.sf.lcd_density must be defined as a build property
12-07 20:00:54.104 23407 23424 E SQLiteDatabase: Error inserting _data=/storage/emulated/0/Pictures/Screenshots/Screenshot_20181207-200053.png parent=33 _display_name=Screenshot_20181207-200053.png format=14347 title=Screenshot_20181207-200053.png _size=55584 bucket_id=1028075469 date_added=1544230854 datetaken=1544230853137 date_modified=1544230854 mime_type=image/png media_type=1 width=1080 height=1920 bucket_display_name=Screenshots
12-07 20:00:54.104 23407 23424 E SQLiteDatabase: android.database.sqlite.SQLiteConstraintException: UNIQUE constraint failed: files._data (code 2067 SQLITE_CONSTRAINT_UNIQUE)
12-07 20:00:54.104 23407 23424 E SQLiteDatabase: 	at android.database.sqlite.SQLiteConnection.nativeExecuteForLastInsertedRowId(Native Method)
12-07 20:00:54.104 23407 23424 E SQLiteDatabase: 	at android.database.sqlite.SQLiteConnection.executeForLastInsertedRowId(SQLiteConnection.java:796)
12-07 20:00:54.104 23407 23424 E SQLiteDatabase: 	at android.database.sqlite.SQLiteSession.executeForLastInsertedRowId(SQLiteSession.java:788)
12-07 20:00:54.104 23407 23424 E SQLiteDatabase: 	at android.database.sqlite.SQLiteStatement.executeInsert(SQLiteStatement.java:86)
12-07 20:00:54.104 23407 23424 E SQLiteDatabase: 	at android.database.sqlite.SQLiteDatabase.insertWithOnConflict(SQLiteDatabase.java:1564)
12-07 20:00:54.104 23407 23424 E SQLiteDatabase: 	at android.database.sqlite.SQLiteDatabase.insert(SQLiteDatabase.java:1433)
12-07 20:00:54.104 23407 23424 E SQLiteDatabase: 	at com.android.providers.media.MediaProvider.insertFile(MediaProvider.java:2359)
12-07 20:00:54.104 23407 23424 E SQLiteDatabase: 	at com.android.providers.media.MediaProvider.insertInternal(MediaProvider.java:2554)
12-07 20:00:54.104 23407 23424 E SQLiteDatabase: 	at com.android.providers.media.MediaProvider.insert(MediaProvider.java:1872)
12-07 20:00:54.104 23407 23424 E SQLiteDatabase: 	at android.content.ContentProvider$Transport.insert(ContentProvider.java:265)
12-07 20:00:54.104 23407 23424 E SQLiteDatabase: 	at android.content.ContentProviderNative.onTransact(ContentProviderNative.java:152)
12-07 20:00:54.104 23407 23424 E SQLiteDatabase: 	at android.os.Binder.execTransact(Binder.java:731)
12-07 20:00:54.150 23498 23524 E SaveImageInBackgroundTask: unable to save screenshot
12-07 20:00:54.150 23498 23524 E SaveImageInBackgroundTask: java.lang.NullPointerException: Attempt to invoke virtual method 'java.lang.String android.net.Uri.toString()' on a null object reference
12-07 20:00:54.150 23498 23524 E SaveImageInBackgroundTask: 	at com.android.systemui.screenshot.SaveImageInBackgroundTask.doInBackground(GlobalScreenshot.java:319)
12-07 20:00:54.150 23498 23524 E SaveImageInBackgroundTask: 	at com.android.systemui.screenshot.SaveImageInBackgroundTask.doInBackground(GlobalScreenshot.java:114)
12-07 20:00:54.150 23498 23524 E SaveImageInBackgroundTask: 	at android.os.AsyncTask$2.call(AsyncTask.java:333)
12-07 20:00:54.150 23498 23524 E SaveImageInBackgroundTask: 	at java.util.concurrent.FutureTask.run(FutureTask.java:266)
12-07 20:00:54.150 23498 23524 E SaveImageInBackgroundTask: 	at android.os.AsyncTask$SerialExecutor$1.run(AsyncTask.java:245)
12-07 20:00:54.150 23498 23524 E SaveImageInBackgroundTask: 	at java.util.concurrent.ThreadPoolExecutor.runWorker(ThreadPoolExecutor.java:1167)
12-07 20:00:54.150 23498 23524 E SaveImageInBackgroundTask: 	at java.util.concurrent.ThreadPoolExecutor$Worker.run(ThreadPoolExecutor.java:641)
12-07 20:00:54.150 23498 23524 E SaveImageInBackgroundTask: 	at java.lang.Thread.run(Thread.java:764)
12-07 20:00:55.124 16506 16506 E BeaconBle: Missing BluetoothAdapter
12-07 20:00:55.176 16506 16506 E BeaconBle: Scan couldn't start for Places
12-07 20:01:01.627 15976 16534 E WindowManager: Performed 6 layouts in a row. Skipping
12-07 20:01:01.654 15976 16026 E WindowManager: Performed 6 layouts in a row. Skipping
12-07 20:01:01.711 15976 16026 E WindowManager: Performed 6 layouts in a row. Skipping
12-07 20:01:01.743 15976 15991 E WindowManager: Performed 6 layouts in a row. Skipping
12-07 20:01:01.780 15976 16026 E WindowManager: Performed 6 layouts in a row. Skipping
12-07 20:01:01.802 15976 16026 E WindowManager: Performed 6 layouts in a row. Skipping
12-07 20:01:01.837 15976 16026 E WindowManager: Performed 6 layouts in a row. Skipping
12-07 20:01:01.873 15976 16026 E WindowManager: Performed 6 layouts in a row. Skipping
12-07 20:01:01.900 15976 19156 E WindowManager: Performed 6 layouts in a row. Skipping
12-07 20:01:01.946 15976 16026 E WindowManager: Performed 6 layouts in a row. Skipping
12-07 20:01:01.987 15976 16026 E WindowManager: Performed 6 layouts in a row. Skipping
12-07 20:01:02.013 15976 16026 E WindowManager: Performed 6 layouts in a row. Skipping
12-07 20:01:02.037 15976 16026 E WindowManager: Performed 6 layouts in a row. Skipping
12-07 20:01:02.104 15976 16026 E WindowManager: Performed 6 layouts in a row. Skipping
12-07 20:01:03.349 16561 16561 E ContextIntentStarter: No activity found for any of the 0 intents
12-07 20:01:08.225  1829  1829 E netmgr  : Failed to open QEMU pipe 'qemud:network': Invalid argument
12-07 20:01:08.225  1829  1829 E netmgr  : WifiForwarder unable to open QEMU pipe: Invalid argument
12-07 20:01:13.657 15927 23556 E audio_hw_generic: pcm_open(in) failed: cannot open device '/dev/snd/pcmC0D0c': Device or resource busy: channels 2 format 0 rate 16000
12-07 20:01:13.687 16506 23412 E ctxmgr  : [AppIntervalImpl]closeInterval: stopTimeMillis invalid, stop=1544230873687, start=1544238227857
12-07 20:01:13.692 16506 23412 E ctxmgr  : [AppIntervalImpl]closeInterval: stopTimeMillis invalid, stop=1544230873692, start=1544238227858
12-07 20:01:30.581  1737  1809 E storaged: getDiskStats failed with result NOT_SUPPORTED and size 0
12-07 20:02:08.229  1829  1829 E netmgr  : Failed to open QEMU pipe 'qemud:network': Invalid argument
12-07 20:02:08.229  1829  1829 E netmgr  : WifiForwarder unable to open QEMU pipe: Invalid argument
12-07 20:02:30.584  1737  1809 E storaged: getDiskStats failed with result NOT_SUPPORTED and size 0
12-07 20:03:08.231  1829  1829 E netmgr  : Failed to open QEMU pipe 'qemud:network': Invalid argument
12-07 20:03:08.231  1829  1829 E netmgr  : WifiForwarder unable to open QEMU pipe: Invalid argument
12-07 20:03:30.586  1737  1809 E storaged: getDiskStats failed with result NOT_SUPPORTED and size 0
12-07 20:04:08.292  1829  1829 E netmgr  : Failed to open QEMU pipe 'qemud:network': Invalid argument
12-07 20:04:08.293  1829  1829 E netmgr  : WifiForwarder unable to open QEMU pipe: Invalid argument
12-07 20:04:30.588  1737  1809 E storaged: getDiskStats failed with result NOT_SUPPORTED and size 0
12-07 20:04:43.985 23462 23462 E SpannableStringBuilder: SPAN_EXCLUSIVE_EXCLUSIVE spans cannot have a zero length
12-07 20:04:43.986 23462 23462 E SpannableStringBuilder: SPAN_EXCLUSIVE_EXCLUSIVE spans cannot have a zero length
