--------- beginning of main
--------- beginning of system
12-09 09:45:11.859  1885  4768 E WindowManager: Performed 6 layouts in a row. Skipping
12-09 09:45:11.918  1885  1938 E WindowManager: Performed 6 layouts in a row. Skipping
12-09 09:45:12.037  1885  1938 E WindowManager: Performed 6 layouts in a row. Skipping
12-09 09:45:12.061  1885  5349 E WindowManager: Performed 6 layouts in a row. Skipping
12-09 09:45:12.093  1885  1938 E WindowManager: Performed 6 layouts in a row. Skipping
12-09 09:45:12.167  1885  1938 E WindowManager: Performed 6 layouts in a row. Skipping
12-09 09:45:12.195  1885  1938 E WindowManager: Performed 6 layouts in a row. Skipping
12-09 09:45:12.251  1885  1938 E WindowManager: Performed 6 layouts in a row. Skipping
12-09 09:45:13.811  1834  1834 E netmgr  : Failed to open QEMU pipe 'qemud:network': Invalid argument
12-09 09:45:13.811  1834  1834 E netmgr  : WifiForwarder unable to open QEMU pipe: Invalid argument
12-09 09:45:13.970  1885  1899 E ActivityManager: Failure starting process com.evancharlton.mileage
12-09 09:45:13.970  1885  1899 E ActivityManager: java.lang.SecurityException: Package com.evancharlton.mileage is currently frozen!
12-09 09:45:13.970  1885  1899 E ActivityManager: 	at com.android.server.pm.PackageManagerService.checkPackageStartable(PackageManagerService.java:4000)
12-09 09:45:13.970  1885  1899 E ActivityManager: 	at com.android.server.am.ActivityManagerService.startProcessLocked(ActivityManagerService.java:4234)
12-09 09:45:13.970  1885  1899 E ActivityManager: 	at com.android.server.am.ActivityManagerService.startProcessLocked(ActivityManagerService.java:4199)
12-09 09:45:13.970  1885  1899 E ActivityManager: 	at com.android.server.am.ActivityManagerService.startProcessLocked(ActivityManagerService.java:4181)
12-09 09:45:13.970  1885  1899 E ActivityManager: 	at com.android.server.am.ActivityManagerService.startProcessLocked(ActivityManagerService.java:4067)
12-09 09:45:13.970  1885  1899 E ActivityManager: 	at com.android.server.am.ActivityStackSupervisor.startSpecificActivityLocked(ActivityStackSupervisor.java:1715)
12-09 09:45:13.970  1885  1899 E ActivityManager: 	at com.android.server.am.ActivityStack.resumeTopActivityInnerLocked(ActivityStack.java:2764)
12-09 09:45:13.970  1885  1899 E ActivityManager: 	at com.android.server.am.ActivityStack.resumeTopActivityUncheckedLocked(ActivityStack.java:2302)
12-09 09:45:13.970  1885  1899 E ActivityManager: 	at com.android.server.am.ActivityStackSupervisor.resumeFocusedStackTopActivityLocked(ActivityStackSupervisor.java:2234)
12-09 09:45:13.970  1885  1899 E ActivityManager: 	at com.android.server.am.ActivityStackSupervisor.resumeFocusedStackTopActivityLocked(ActivityStackSupervisor.java:2218)
12-09 09:45:13.970  1885  1899 E ActivityManager: 	at com.android.server.am.ActivityManagerService.handleAppDiedLocked(ActivityManagerService.java:5923)
12-09 09:45:13.970  1885  1899 E ActivityManager: 	at com.android.server.am.ActivityManagerService.removeProcessLocked(ActivityManagerService.java:7501)
12-09 09:45:13.970  1885  1899 E ActivityManager: 	at com.android.server.am.ActivityManagerService.killPackageProcessesLocked(ActivityManagerService.java:7142)
12-09 09:45:13.970  1885  1899 E ActivityManager: 	at com.android.server.am.ActivityManagerService.forceStopPackageLocked(ActivityManagerService.java:7275)
12-09 09:45:13.970  1885  1899 E ActivityManager: 	at com.android.server.am.ActivityManagerService$MainHandler.handleMessage(ActivityManagerService.java:2289)
12-09 09:45:13.970  1885  1899 E ActivityManager: 	at android.os.Handler.dispatchMessage(Handler.java:106)
12-09 09:45:13.970  1885  1899 E ActivityManager: 	at android.os.Looper.loop(Looper.java:193)
12-09 09:45:13.970  1885  1899 E ActivityManager: 	at android.os.HandlerThread.run(HandlerThread.java:65)
12-09 09:45:13.970  1885  1899 E ActivityManager: 	at com.android.server.ServiceThread.run(ServiceThread.java:44)
12-09 09:45:14.343  2342  2587 E IconLoader: Unexpected null component name or activity info: ComponentInfo{com.evancharlton.mileage/com.evancharlton.mileage.Mileage}, null
12-09 09:45:14.452  9084  9084 E id.defcontaine: Not starting debugger since process cannot load the jdwp agent.
12-09 09:45:14.590  9100  9100 E ndroid.keychai: Not starting debugger since process cannot load the jdwp agent.
12-09 09:45:14.664  9113  9113 E oid.documentsu: Not starting debugger since process cannot load the jdwp agent.
12-09 09:45:15.358  9155  9155 E droid.apps.doc: Not starting debugger since process cannot load the jdwp agent.
12-09 09:45:16.080  9181  9181 E d.process.medi: Not starting debugger since process cannot load the jdwp agent.
12-09 09:45:16.314  9203  9203 E ocess.gservice: Not starting debugger since process cannot load the jdwp agent.
12-09 09:45:16.960  9155  9155 E DocsApplication: [main] No default account found during application creation.
12-09 09:45:17.895  1731  1949 E         : Couldn't opendir /data/app/vmdl572111677.tmp: No such file or directory
12-09 09:45:17.895  1731  1949 E installd: Failed to delete /data/app/vmdl572111677.tmp: No such file or directory
12-09 09:45:20.512  9255  9255 E harlton.mileag: Not starting debugger since process cannot load the jdwp agent.
12-09 09:45:21.890  1739  1762 E storaged: getDiskStats failed with result NOT_SUPPORTED and size 0
12-09 09:45:22.193  1994  7294 E putmethod.lati: Invalid ID 0x00000001.
12-09 09:45:22.212  1994  7294 E LstmTrainingCache: emn: Can't get resource name for input slot
12-09 09:45:22.212  1994  7294 E LstmTrainingCache: android.content.res.Resources$NotFoundException: Unable to find resource ID #0x1
12-09 09:45:22.212  1994  7294 E LstmTrainingCache: 	at android.content.res.ResourcesImpl.getResourceName(ResourcesImpl.java:255)
12-09 09:45:22.212  1994  7294 E LstmTrainingCache: 	at android.content.res.Resources.getResourceName(Resources.java:1954)
12-09 09:45:22.212  1994  7294 E LstmTrainingCache: 	at emn.a(PG:12)
12-09 09:45:22.212  1994  7294 E LstmTrainingCache: 	at emk.run(PG:5)
12-09 09:45:22.212  1994  7294 E LstmTrainingCache: 	at java.lang.Thread.run(Thread.java:764)
12-09 09:45:30.917  9278  9278 E emui:screensho: Not starting debugger since process cannot load the jdwp agent.
12-09 09:45:31.031  9255  9255 E InputEventReceiver: Exception dispatching input event.
12-09 09:45:31.033  9255  9255 E MessageQueue-JNI: Exception in MessageQueue callback: handleReceiveCallback
12-09 09:45:31.056  9255  9255 E MessageQueue-JNI: java.lang.NullPointerException: Attempt to invoke virtual method 'boolean android.content.Intent.migrateExtraStreamToClipData()' on a null object reference
12-09 09:45:31.056  9255  9255 E MessageQueue-JNI: 	at android.app.Instrumentation.execStartActivity(Instrumentation.java:1666)
12-09 09:45:31.056  9255  9255 E MessageQueue-JNI: 	at android.app.Activity.startActivityForResult(Activity.java:4586)
12-09 09:45:31.056  9255  9255 E MessageQueue-JNI: 	at android.app.Activity.startActivityForResult(Activity.java:4544)
12-09 09:45:31.056  9255  9255 E MessageQueue-JNI: 	at android.app.Activity.startActivity(Activity.java:4905)
12-09 09:45:31.056  9255  9255 E MessageQueue-JNI: 	at android.app.Activity.startActivity(Activity.java:4873)
12-09 09:45:31.056  9255  9255 E MessageQueue-JNI: 	at com.evancharlton.mileage.FieldListActivity.onOptionsItemSelected(FieldListActivity.java:30)
12-09 09:45:31.056  9255  9255 E MessageQueue-JNI: 	at android.app.Activity.onMenuItemSelected(Activity.java:3543)
12-09 09:45:31.056  9255  9255 E MessageQueue-JNI: 	at com.android.internal.policy.PhoneWindow.onMenuItemSelected(PhoneWindow.java:1237)
12-09 09:45:31.056  9255  9255 E MessageQueue-JNI: 	at com.android.internal.view.menu.MenuBuilder.dispatchMenuItemSelected(MenuBuilder.java:776)
12-09 09:45:31.056  9255  9255 E MessageQueue-JNI: 	at com.android.internal.view.menu.MenuItemImpl.invoke(MenuItemImpl.java:148)
12-09 09:45:31.056  9255  9255 E MessageQueue-JNI: 	at com.android.internal.view.menu.MenuBuilder.performItemAction(MenuBuilder.java:923)
12-09 09:45:31.056  9255  9255 E MessageQueue-JNI: 	at com.android.internal.view.menu.MenuBuilder.performItemAction(MenuBuilder.java:913)
12-09 09:45:31.056  9255  9255 E MessageQueue-JNI: 	at com.android.internal.view.menu.IconMenuView.invokeItem(IconMenuView.java:468)
12-09 09:45:31.056  9255  9255 E MessageQueue-JNI: 	at com.android.internal.view.menu.IconMenuItemView.performClick(IconMenuItemView.java:140)
12-09 09:45:31.056  9255  9255 E MessageQueue-JNI: 	at android.view.View.performClickInternal(View.java:6574)
12-09 09:45:31.056  9255  9255 E MessageQueue-JNI: 	at android.view.View.onKeyUp(View.java:13216)
12-09 09:45:31.056  9255  9255 E MessageQueue-JNI: 	at android.widget.TextView.onKeyUp(TextView.java:7768)
12-09 09:45:31.056  9255  9255 E MessageQueue-JNI: 	at android.view.KeyEvent.dispatch(KeyEvent.java:2716)
12-09 09:45:31.056  9255  9255 E MessageQueue-JNI: 	at android.view.View.dispatchKeyEvent(View.java:12450)
12-09 09:45:31.056  9255  9255 E MessageQueue-JNI: 	at android.view.ViewGroup.dispatchKeyEvent(ViewGroup.java:1896)
12-09 09:45:31.056  9255  9255 E MessageQueue-JNI: 	at com.android.internal.view.menu.IconMenuView.dispatchKeyEvent(IconMenuView.java:558)
12-09 09:45:31.056  9255  9255 E MessageQueue-JNI: 	at android.view.ViewGroup.dispatchKeyEvent(ViewGroup.java:1896)
12-09 09:45:31.056  9255  9255 E MessageQueue-JNI: 	at com.android.internal.policy.DecorView.dispatchKeyEvent(DecorView.java:343)
12-09 09:45:31.056  9255  9255 E MessageQueue-JNI: 	at android.view.ViewRootImpl$ViewPostImeInputStage.processKeyEvent(ViewRootImpl.java:5037)
12-09 09:45:31.056  9255  9255 E MessageQueue-JNI: 	at android.view.ViewRootImpl$ViewPostImeInputStage.onProcess(ViewRootImpl.java:4905)
12-09 09:45:31.056  9255  9255 E MessageQueue-JNI: 	at android.view.ViewRootImpl$InputStage.deliver(ViewRootImpl.java:4426)
12-09 09:45:31.056  9255  9255 E MessageQueue-JNI: 	at android.view.ViewRootImpl$InputStage.onDeliverToNext(ViewRootImpl.java:4479)
12-09 09:45:31.056  9255  9255 E MessageQueue-JNI: 	at android.view.ViewRootImpl$InputStage.forward(ViewRootImpl.java:4445)
12-09 09:45:31.056  9255  9255 E MessageQueue-JNI: 	at android.view.ViewRootImpl$AsyncInputStage.forward(ViewRootImpl.java:4585)
12-09 09:45:31.056  9255  9255 E MessageQueue-JNI: 	at android.view.ViewRootImpl$InputStage.apply(ViewRootImpl.java:4453)
12-09 09:45:31.056  9255  9255 E MessageQueue-JNI: 	at android.view.ViewRootImpl$AsyncInputStage.apply(ViewRootImpl.java:4642)
12-09 09:45:31.056  9255  9255 E MessageQueue-JNI: 	at android.view.ViewRootImpl$InputStage.deliver(ViewRootImpl.java:4426)
12-09 09:45:31.056  9255  9255 E MessageQueue-JNI: 	at android.view.ViewRootImpl$InputStage.onDeliverToNext(ViewRootImpl.java:4479)
12-09 09:45:31.056  9255  9255 E MessageQueue-JNI: 	at android.view.ViewRootImpl$InputStage.forward(ViewRootImpl.java:4445)
12-09 09:45:31.056  9255  9255 E MessageQueue-JNI: 	at android.view.ViewRootImpl$InputStage.apply(ViewRootImpl.java:4453)
12-09 09:45:31.056  9255  9255 E MessageQueue-JNI: 	at android.view.ViewRootImpl$InputStage.deliver(ViewRootImpl.java:4426)
12-09 09:45:31.056  9255  9255 E MessageQueue-JNI: 	at android.view.ViewRootImpl$InputStage.onDeliverToNext(ViewRootImpl.java:4479)
12-09 09:45:31.056  9255  9255 E MessageQueue-JNI: 	at android.view.ViewRootImpl$InputStage.forward(ViewRootImpl.java:4445)
12-09 09:45:31.056  9255  9255 E MessageQueue-JNI: 	at android.view.ViewRootImpl$AsyncInputStage.forward(ViewRootImpl.java:4585)
12-09 09:45:31.056  9255  9255 E MessageQueue-JNI: 	at android.view.ViewRootImpl$InputStage.apply(ViewRootImpl.java:4453)
12-09 09:45:31.056  9255  9255 E MessageQueue-JNI: 	at android.view.ViewRootImpl$AsyncInputStage.apply(ViewRootImpl.java:4642)
12-09 09:45:31.056  9255  9255 E MessageQueue-JNI: 	at android.view.ViewRootImpl$InputStage.deliver(ViewRootImpl.java:4426)
12-09 09:45:31.056  9255  9255 E MessageQueue-JNI: 	at android.view.ViewRootImpl$InputStage.onDeliverToNext(ViewRootImpl.java:4479)
12-09 09:45:31.056  9255  9255 E MessageQueue-JNI: 	at android.view.ViewRootImpl$InputStage.forward(ViewRootImpl.java:4445)
12-09 09:45:31.056  9255  9255 E MessageQueue-JNI: 	at android.view.ViewRootImpl$InputStage.apply(ViewRootImpl.java:4453)
12-09 09:45:31.056  9255  9255 E MessageQueue-JNI: 	at android.view.ViewRootImpl$InputStage.deliver(ViewRootImpl.java:4426)
12-09 09:45:31.056  9255  9255 E MessageQueue-JNI: 	at android.view.ViewRootImpl$InputStage.onDeliverToNext(ViewRootImpl.java:4479)
12-09 09:45:31.056  9255  9255 E MessageQueue-JNI: 	at android.view.ViewRootImpl$InputStage.forward(ViewRootImpl.java:4445)
12-09 09:45:31.056  9255  9255 E MessageQueue-JNI: 	at android.view.ViewRootImpl$AsyncInputStage.forward(ViewRootImpl.java:4585)
12-09 09:45:31.056  9255  9255 E MessageQueue-JNI: 	at android.view.ViewRootImpl$InputStage.apply(ViewRootImpl.java:4453)
12-09 09:45:31.056  9255  9255 E MessageQueue-JNI: 	at android.view.ViewRootImpl$AsyncInputStage.apply(ViewRootImpl.java:4642)
12-09 09:45:31.056  9255  9255 E MessageQueue-JNI: 	at android.view.ViewRootImpl$InputStage.deliver(ViewRootImpl.java:4426)
12-09 09:45:31.056  9255  9255 E MessageQueue-JNI: 	at android.view.ViewRo
--------- beginning of crash
12-09 09:45:31.080  9255  9255 E AndroidRuntime: FATAL EXCEPTION: main
12-09 09:45:31.080  9255  9255 E AndroidRuntime: Process: com.evancharlton.mileage, PID: 9255
12-09 09:45:31.080  9255  9255 E AndroidRuntime: java.lang.NullPointerException: Attempt to invoke virtual method 'boolean android.content.Intent.migrateExtraStreamToClipData()' on a null object reference
12-09 09:45:31.080  9255  9255 E AndroidRuntime: 	at android.app.Instrumentation.execStartActivity(Instrumentation.java:1666)
12-09 09:45:31.080  9255  9255 E AndroidRuntime: 	at android.app.Activity.startActivityForResult(Activity.java:4586)
12-09 09:45:31.080  9255  9255 E AndroidRuntime: 	at android.app.Activity.startActivityForResult(Activity.java:4544)
12-09 09:45:31.080  9255  9255 E AndroidRuntime: 	at android.app.Activity.startActivity(Activity.java:4905)
12-09 09:45:31.080  9255  9255 E AndroidRuntime: 	at android.app.Activity.startActivity(Activity.java:4873)
12-09 09:45:31.080  9255  9255 E AndroidRuntime: 	at com.evancharlton.mileage.FieldListActivity.onOptionsItemSelected(FieldListActivity.java:30)
12-09 09:45:31.080  9255  9255 E AndroidRuntime: 	at android.app.Activity.onMenuItemSelected(Activity.java:3543)
12-09 09:45:31.080  9255  9255 E AndroidRuntime: 	at com.android.internal.policy.PhoneWindow.onMenuItemSelected(PhoneWindow.java:1237)
12-09 09:45:31.080  9255  9255 E AndroidRuntime: 	at com.android.internal.view.menu.MenuBuilder.dispatchMenuItemSelected(MenuBuilder.java:776)
12-09 09:45:31.080  9255  9255 E AndroidRuntime: 	at com.android.internal.view.menu.MenuItemImpl.invoke(MenuItemImpl.java:148)
12-09 09:45:31.080  9255  9255 E AndroidRuntime: 	at com.android.internal.view.menu.MenuBuilder.performItemAction(MenuBuilder.java:923)
12-09 09:45:31.080  9255  9255 E AndroidRuntime: 	at com.android.internal.view.menu.MenuBuilder.performItemAction(MenuBuilder.java:913)
12-09 09:45:31.080  9255  9255 E AndroidRuntime: 	at com.android.internal.view.menu.IconMenuView.invokeItem(IconMenuView.java:468)
12-09 09:45:31.080  9255  9255 E AndroidRuntime: 	at com.android.internal.view.menu.IconMenuItemView.performClick(IconMenuItemView.java:140)
12-09 09:45:31.080  9255  9255 E AndroidRuntime: 	at android.view.View.performClickInternal(View.java:6574)
12-09 09:45:31.080  9255  9255 E AndroidRuntime: 	at android.view.View.onKeyUp(View.java:13216)
12-09 09:45:31.080  9255  9255 E AndroidRuntime: 	at android.widget.TextView.onKeyUp(TextView.java:7768)
12-09 09:45:31.080  9255  9255 E AndroidRuntime: 	at android.view.KeyEvent.dispatch(KeyEvent.java:2716)
12-09 09:45:31.080  9255  9255 E AndroidRuntime: 	at android.view.View.dispatchKeyEvent(View.java:12450)
12-09 09:45:31.080  9255  9255 E AndroidRuntime: 	at android.view.ViewGroup.dispatchKeyEvent(ViewGroup.java:1896)
12-09 09:45:31.080  9255  9255 E AndroidRuntime: 	at com.android.internal.view.menu.IconMenuView.dispatchKeyEvent(IconMenuView.java:558)
12-09 09:45:31.080  9255  9255 E AndroidRuntime: 	at android.view.ViewGroup.dispatchKeyEvent(ViewGroup.java:1896)
12-09 09:45:31.080  9255  9255 E AndroidRuntime: 	at com.android.internal.policy.DecorView.dispatchKeyEvent(DecorView.java:343)
12-09 09:45:31.080  9255  9255 E AndroidRuntime: 	at android.view.ViewRootImpl$ViewPostImeInputStage.processKeyEvent(ViewRootImpl.java:5037)
12-09 09:45:31.080  9255  9255 E AndroidRuntime: 	at android.view.ViewRootImpl$ViewPostImeInputStage.onProcess(ViewRootImpl.java:4905)
12-09 09:45:31.080  9255  9255 E AndroidRuntime: 	at android.view.ViewRootImpl$InputStage.deliver(ViewRootImpl.java:4426)
12-09 09:45:31.080  9255  9255 E AndroidRuntime: 	at android.view.ViewRootImpl$InputStage.onDeliverToNext(ViewRootImpl.java:4479)
12-09 09:45:31.080  9255  9255 E AndroidRuntime: 	at android.view.ViewRootImpl$InputStage.forward(ViewRootImpl.java:4445)
12-09 09:45:31.080  9255  9255 E AndroidRuntime: 	at android.view.ViewRootImpl$AsyncInputStage.forward(ViewRootImpl.java:4585)
12-09 09:45:31.080  9255  9255 E AndroidRuntime: 	at android.view.ViewRootImpl$InputStage.apply(ViewRootImpl.java:4453)
12-09 09:45:31.080  9255  9255 E AndroidRuntime: 	at android.view.ViewRootImpl$AsyncInputStage.apply(ViewRootImpl.java:4642)
12-09 09:45:31.080  9255  9255 E AndroidRuntime: 	at android.view.ViewRootImpl$InputStage.deliver(ViewRootImpl.java:4426)
12-09 09:45:31.080  9255  9255 E AndroidRuntime: 	at android.view.ViewRootImpl$InputStage.onDeliverToNext(ViewRootImpl.java:4479)
12-09 09:45:31.080  9255  9255 E AndroidRuntime: 	at android.view.ViewRootImpl$InputStage.forward(ViewRootImpl.java:4445)
12-09 09:45:31.080  9255  9255 E AndroidRuntime: 	at android.view.ViewRootImpl$InputStage.apply(ViewRootImpl.java:4453)
12-09 09:45:31.080  9255  9255 E AndroidRuntime: 	at android.view.ViewRootImpl$InputStage.deliver(ViewRootImpl.java:4426)
12-09 09:45:31.080  9255  9255 E AndroidRuntime: 	at android.view.ViewRootImpl$InputStage.onDeliverToNext(ViewRootImpl.java:4479)
12-09 09:45:31.080  9255  9255 E AndroidRuntime: 	at android.view.ViewRootImpl$InputStage.forward(ViewRootImpl.java:4445)
12-09 09:45:31.080  9255  9255 E AndroidRuntime: 	at android.view.ViewRootImpl$AsyncInputStage.forward(ViewRootImpl.java:4585)
12-09 09:45:31.080  9255  9255 E AndroidRuntime: 	at android.view.ViewRootImpl$InputStage.apply(ViewRootImpl.java:4453)
12-09 09:45:31.080  9255  9255 E AndroidRuntime: 	at android.view.ViewRootImpl$AsyncInputStage.apply(ViewRootImpl.java:4642)
12-09 09:45:31.080  9255  9255 E AndroidRuntime: 	at android.view.ViewRootImpl$InputStage.deliver(ViewRootImpl.java:4426)
12-09 09:45:31.080  9255  9255 E AndroidRuntime: 	at android.view.ViewRootImpl$InputStage.onDeliverToNext(ViewRootImpl.java:4479)
12-09 09:45:31.080  9255  9255 E AndroidRuntime: 	at android.view.ViewRootImpl$InputStage.forward(ViewRootImpl.java:4445)
12-09 09:45:31.080  9255  9255 E AndroidRuntime: 	at android.view.ViewRootImpl$InputStage.apply(ViewRootImpl.java:4453)
12-09 09:45:31.080  9255  9255 E AndroidRuntime: 	at android.view.ViewRootImpl$InputStage.deliver(ViewRootImpl.java:4426)
12-09 09:45:31.080  9255  9255 E AndroidRuntime: 	at android.view.ViewRootImpl$InputStage.onDeliverToNext(ViewRootImpl.java:4479)
12-09 09:45:31.080  9255  9255 E AndroidRuntime: 	at android.view.ViewRootImpl$InputStage.forward(ViewRootImpl.java:4445)
12-09 09:45:31.080  9255  9255 E AndroidRuntime: 	at android.view.ViewRootImpl$AsyncInputStage.forward(ViewRootImpl.java:4585)
12-09 09:45:31.080  9255  9255 E AndroidRuntime: 	at android.view.ViewRootImpl$InputStage.apply(ViewRootImpl.java:4453)
12-09 09:45:31.080  9255  9255 E AndroidRuntime: 	at android.view.ViewRootImpl$AsyncInputStage.apply(ViewRootImpl.java:4642)
12-09 09:45:31.080  9255  9255 E AndroidRuntime: 	at android.view.ViewRootImpl$InputStage.deliver(ViewRootImpl.java:4426)
12-09 09:45:31.080  9255  9255 E AndroidRuntime: 	at android.view.ViewRootImpl.deliverInputEvent(ViewRootImpl.java:7092)
12-09 09:45:31.080  9255  9255 E AndroidRuntime: 	at android.view.ViewRootImpl.doProcessInputEvents(ViewRootImpl.java:7061)
12-09 09:45:31.080  9255  9255 E AndroidRuntime: 	at android.view.ViewRootImpl.enqueueInputEvent(ViewRootImpl.java:7022)
12-09 09:45:31.080  9255  9255 E AndroidRuntime: 	at android.view.ViewRootImpl$WindowInputEventReceiver.onInputEvent(ViewRootImpl.java:7195)
12-09 09:45:31.080  9255  9255 E AndroidRuntime: 	at android.view.InputEventReceiver.dispatchInputEvent(InputEventReceiver.java:186)
12-09 09:45:31.080  9255  9255 E AndroidRuntime: 	at android.os.MessageQueue.nativePollOnce(Native Method)
12-09 09:45:31.080  9255  9255 E AndroidRuntime: 	at android.os.MessageQueue.next(MessageQueue.java:326)
12-09 09:45:31.080  9255  9255 E AndroidRuntime: 	at android.os.Looper.loop(Looper.java:160)
12-09 09:45:31.080  9255  9255 E AndroidRuntime: 	at android.app.ActivityThread.main(ActivityThread.java:6669)
12-09 09:45:31.080  9255  9255 E AndroidRuntime: 	at java.lang.reflect.Method.invoke(Native Method)
12-09 09:45:31.080  9255  9255 E AndroidRuntime: 	at com.android.internal.os.RuntimeInit$MethodAndArgsCaller.run(RuntimeInit.java:493)
12-09 09:45:31.080  9255  9255 E AndroidRuntime: 	at com.android.internal.os.ZygoteInit.main(ZygoteInit.java:858)
12-09 09:45:31.322  9297  9297 E harlton.mileag: Not starting debugger since process cannot load the jdwp agent.
12-09 09:45:31.959  9278  9278 E SoundPool: error loading /product/media/audio/ui/camera_click.ogg
12-09 09:45:32.219  1741  2075 E OMXNodeInstance: getConfig(0xe97a6a20:google.vorbis.decoder, ConfigAndroidVendorExtension(0x6f100004)) ERROR: Undefined(0x80001001)
12-09 09:45:39.474  2378  3140 E PlaceInferenceEngine: Position timestamp out of order. Previous: 1544348535625, Current: 1544330739000. Skipping this Position.
12-09 09:45:39.490  2378  9186 E ctxmgr  : [ProducerStatusImpl]updateStateForNewContextData: inactive, contextName=7
12-09 09:45:39.542  2378  9186 E ctxmgr  : [ProducerStatusImpl]updateStateForNewContextData: inactive, contextName=1
12-09 09:45:39.802  2378  2378 E BeaconBle: Missing BluetoothAdapter
12-09 09:45:39.818  2378  2378 E BeaconBle: Scan couldn't start for Places
12-09 09:45:45.442  9357  9357 E oid.apps.photo: Not starting debugger since process cannot load the jdwp agent.
12-09 09:45:56.596  1885  4665 E WindowManager: Performed 6 layouts in a row. Skipping
12-09 09:45:56.624  1885  1938 E WindowManager: Performed 6 layouts in a row. Skipping
12-09 09:45:56.756  1885  1938 E WindowManager: Performed 6 layouts in a row. Skipping
12-09 09:45:56.770  1885  1997 E WindowManager: Performed 6 layouts in a row. Skipping
12-09 09:45:56.790  1885  1938 E WindowManager: Performed 6 layouts in a row. Skipping
12-09 09:45:56.838  1885  1938 E WindowManager: Performed 6 layouts in a row. Skipping
12-09 09:45:56.857  1885  3163 E WindowManager: Performed 6 layouts in a row. Skipping
12-09 09:45:56.887  1885  1938 E WindowManager: Performed 6 layouts in a row. Skipping
12-09 09:45:56.903  1885  3163 E WindowManager: Performed 6 layouts in a row. Skipping
12-09 09:45:56.940  1885  1938 E WindowManager: Performed 6 layouts in a row. Skipping
12-09 09:45:57.651  9297  9297 E WindowManager: 
12-09 09:45:57.651  9297  9297 E WindowManager: android.view.WindowLeaked: Activity com.evancharlton.mileage.FieldActivity has leaked window DecorView@f8586f1[FieldActivity] that was originally added here
12-09 09:45:57.651  9297  9297 E WindowManager: 	at android.view.ViewRootImpl.<init>(ViewRootImpl.java:511)
12-09 09:45:57.651  9297  9297 E WindowManager: 	at android.view.WindowManagerGlobal.addView(WindowManagerGlobal.java:346)
12-09 09:45:57.651  9297  9297 E WindowManager: 	at android.view.WindowManagerImpl.addView(WindowManagerImpl.java:93)
12-09 09:45:57.651  9297  9297 E WindowManager: 	at com.android.internal.policy.PhoneWindow.openPanel(PhoneWindow.java:887)
12-09 09:45:57.651  9297  9297 E WindowManager: 	at com.android.internal.policy.PhoneWindow.onKeyUpPanel(PhoneWindow.java:1104)
12-09 09:45:57.651  9297  9297 E WindowManager: 	at com.android.internal.policy.PhoneWindow.onKeyUp(PhoneWindow.java:2007)
12-09 09:45:57.651  9297  9297 E WindowManager: 	at com.android.internal.policy.DecorView.dispatchKeyEvent(DecorView.java:350)
12-09 09:45:57.651  9297  9297 E WindowManager: 	at android.view.ViewRootImpl$ViewPostImeInputStage.processKeyEvent(ViewRootImpl.java:5037)
12-09 09:45:57.651  9297  9297 E WindowManager: 	at android.view.ViewRootImpl$ViewPostImeInputStage.onProcess(ViewRootImpl.java:4905)
12-09 09:45:57.651  9297  9297 E WindowManager: 	at android.view.ViewRootImpl$InputStage.deliver(ViewRootImpl.java:4426)
12-09 09:45:57.651  9297  9297 E WindowManager: 	at android.view.ViewRootImpl$InputStage.onDeliverToNext(ViewRootImpl.java:4479)
12-09 09:45:57.651  9297  9297 E WindowManager: 	at android.view.ViewRootImpl$InputStage.forward(ViewRootImpl.java:4445)
12-09 09:45:57.651  9297  9297 E WindowManager: 	at android.view.ViewRootImpl$AsyncInputStage.forward(ViewRootImpl.java:4585)
12-09 09:45:57.651  9297  9297 E WindowManager: 	at android.view.ViewRootImpl$InputStage.apply(ViewRootImpl.java:4453)
12-09 09:45:57.651  9297  9297 E WindowManager: 	at android.view.ViewRootImpl$AsyncInputStage.apply(ViewRootImpl.java:4642)
12-09 09:45:57.651  9297  9297 E WindowManager: 	at android.view.ViewRootImpl$InputStage.deliver(ViewRootImpl.java:4426)
12-09 09:45:57.651  9297  9297 E WindowManager: 	at android.view.ViewRootImpl$InputStage.onDeliverToNext(ViewRootImpl.java:4479)
12-09 09:45:57.651  9297  9297 E WindowManager: 	at android.view.ViewRootImpl$InputStage.forward(ViewRootImpl.java:4445)
12-09 09:45:57.651  9297  9297 E WindowManager: 	at android.view.ViewRootImpl$InputStage.apply(ViewRootImpl.java:4453)
12-09 09:45:57.651  9297  9297 E WindowManager: 	at android.view.ViewRootImpl$InputStage.deliver(ViewRootImpl.java:4426)
12-09 09:45:57.651  9297  9297 E WindowManager: 	at android.view.ViewRootImpl$InputStage.onDeliverToNext(ViewRootImpl.java:4479)
12-09 09:45:57.651  9297  9297 E WindowManager: 	at android.view.ViewRootImpl$InputStage.forward(ViewRootImpl.java:4445)
12-09 09:45:57.651  9297  9297 E WindowManager: 	at android.view.ViewRootImpl$AsyncInputStage.forward(ViewRootImpl.java:4618)
12-09 09:45:57.651  9297  9297 E WindowManager: 	at android.view.ViewRootImpl$ImeInputStage.onFinishedInputEvent(ViewRootImpl.java:4779)
12-09 09:45:57.651  9297  9297 E WindowManager: 	at android.view.inputmethod.InputMethodManager$PendingEvent.run(InputMethodManager.java:2571)
12-09 09:45:57.651  9297  9297 E WindowManager: 	at android.view.inputmethod.InputMethodManager.invokeFinishedInputEventCallback(InputMethodManager.java:2081)
12-09 09:45:57.651  9297  9297 E WindowManager: 	at android.view.inputmethod.InputMethodManager.finishedInputEvent(InputMethodManager.java:2072)
12-09 09:45:57.651  9297  9297 E WindowManager: 	at android.view.inputmethod.InputMethodManager$ImeInputEventSender.onInputEventFinished(InputMethodManager.java:2548)
12-09 09:45:57.651  9297  9297 E WindowManager: 	at android.view.InputEventSender.dispatchInputEventFinished(InputEventSender.java:141)
12-09 09:45:57.651  9297  9297 E WindowManager: 	at android.os.MessageQueue.nativePollOnce(Native Method)
12-09 09:45:57.651  9297  9297 E WindowManager: 	at android.os.MessageQueue.next(MessageQueue.java:326)
12-09 09:45:57.651  9297  9297 E WindowManager: 	at android.os.Looper.loop(Looper.java:160)
12-09 09:45:57.651  9297  9297 E WindowManager: 	at android.app.ActivityThread.main(ActivityThread.java:6669)
12-09 09:45:57.651  9297  9297 E WindowManager: 	at java.lang.reflect.Method.invoke(Native Method)
12-09 09:45:57.651  9297  9297 E WindowManager: 	at com.android.internal.os.RuntimeInit$MethodAndArgsCaller.run(RuntimeInit.java:493)
12-09 09:45:57.651  9297  9297 E WindowManager: 	at com.android.internal.os.ZygoteInit.main(ZygoteInit.java:858)
12-09 09:45:57.034  1885  1938 E WindowManager: Performed 6 layouts in a row. Skipping
12-09 09:45:59.123  8824  8824 E ContextIntentStarter: No activity found for any of the 0 intents
12-09 09:46:13.869  1834  1834 E netmgr  : Failed to open QEMU pipe 'qemud:network': Invalid argument
12-09 09:46:13.869  1834  1834 E netmgr  : WifiForwarder unable to open QEMU pipe: Invalid argument
12-09 09:46:14.479  9420  9420 E e.process.gapp: Not starting debugger since process cannot load the jdwp agent.
12-09 09:46:18.861  9452  9452 E dboxed_process: Not starting debugger since process cannot load the jdwp agent.
12-09 09:46:19.716  8824  9474 E BluetoothAdapter: Bluetooth binder is null
12-09 09:46:21.913  1739  1762 E storaged: getDiskStats failed with result NOT_SUPPORTED and size 0
12-09 09:47:13.900  1834  1834 E netmgr  : Failed to open QEMU pipe 'qemud:network': Invalid argument
12-09 09:47:13.900  1834  1834 E netmgr  : WifiForwarder unable to open QEMU pipe: Invalid argument
12-09 09:47:14.753  1885  3163 E WindowManager: Performed 6 layouts in a row. Skipping
12-09 09:47:14.790  1885  1938 E WindowManager: Performed 6 layouts in a row. Skipping
12-09 09:47:14.981  1885  1938 E WindowManager: Performed 6 layouts in a row. Skipping
12-09 09:47:14.995  1885  4665 E WindowManager: Performed 6 layouts in a row. Skipping
12-09 09:47:15.024  1885  1938 E WindowManager: Performed 6 layouts in a row. Skipping
12-09 09:47:15.047  1885  1938 E WindowManager: Performed 6 layouts in a row. Skipping
12-09 09:47:15.073  1885  1938 E WindowManager: Performed 6 layouts in a row. Skipping
12-09 09:47:15.118  1885  1938 E WindowManager: Performed 6 layouts in a row. Skipping
12-09 09:47:16.152  1885  1898 E memtrack: Couldn't load memtrack module
