--------- beginning of main
--------- beginning of system
12-07 16:57:17.875 16561 16570 E ReloadingLock: Finalizing LOCKED Token[searchresults_activity 2018-12-07 16:57:11.784]
12-07 16:57:19.881 15976 15990 E ActivityManager: Failure starting process com.evancharlton.mileage
12-07 16:57:19.881 15976 15990 E ActivityManager: java.lang.SecurityException: Package com.evancharlton.mileage is currently frozen!
12-07 16:57:19.881 15976 15990 E ActivityManager: 	at com.android.server.pm.PackageManagerService.checkPackageStartable(PackageManagerService.java:4000)
12-07 16:57:19.881 15976 15990 E ActivityManager: 	at com.android.server.am.ActivityManagerService.startProcessLocked(ActivityManagerService.java:4234)
12-07 16:57:19.881 15976 15990 E ActivityManager: 	at com.android.server.am.ActivityManagerService.startProcessLocked(ActivityManagerService.java:4199)
12-07 16:57:19.881 15976 15990 E ActivityManager: 	at com.android.server.am.ActivityManagerService.startProcessLocked(ActivityManagerService.java:4181)
12-07 16:57:19.881 15976 15990 E ActivityManager: 	at com.android.server.am.ActivityManagerService.startProcessLocked(ActivityManagerService.java:4067)
12-07 16:57:19.881 15976 15990 E ActivityManager: 	at com.android.server.am.ActivityStackSupervisor.startSpecificActivityLocked(ActivityStackSupervisor.java:1715)
12-07 16:57:19.881 15976 15990 E ActivityManager: 	at com.android.server.am.ActivityStack.resumeTopActivityInnerLocked(ActivityStack.java:2764)
12-07 16:57:19.881 15976 15990 E ActivityManager: 	at com.android.server.am.ActivityStack.resumeTopActivityUncheckedLocked(ActivityStack.java:2302)
12-07 16:57:19.881 15976 15990 E ActivityManager: 	at com.android.server.am.ActivityStackSupervisor.resumeFocusedStackTopActivityLocked(ActivityStackSupervisor.java:2234)
12-07 16:57:19.881 15976 15990 E ActivityManager: 	at com.android.server.am.ActivityStackSupervisor.resumeFocusedStackTopActivityLocked(ActivityStackSupervisor.java:2218)
12-07 16:57:19.881 15976 15990 E ActivityManager: 	at com.android.server.am.ActivityManagerService.handleAppDiedLocked(ActivityManagerService.java:5923)
12-07 16:57:19.881 15976 15990 E ActivityManager: 	at com.android.server.am.ActivityManagerService.removeProcessLocked(ActivityManagerService.java:7501)
12-07 16:57:19.881 15976 15990 E ActivityManager: 	at com.android.server.am.ActivityManagerService.killPackageProcessesLocked(ActivityManagerService.java:7142)
12-07 16:57:19.881 15976 15990 E ActivityManager: 	at com.android.server.am.ActivityManagerService.forceStopPackageLocked(ActivityManagerService.java:7275)
12-07 16:57:19.881 15976 15990 E ActivityManager: 	at com.android.server.am.ActivityManagerService$MainHandler.handleMessage(ActivityManagerService.java:2289)
12-07 16:57:19.881 15976 15990 E ActivityManager: 	at android.os.Handler.dispatchMessage(Handler.java:106)
12-07 16:57:19.881 15976 15990 E ActivityManager: 	at android.os.Looper.loop(Looper.java:193)
12-07 16:57:19.881 15976 15990 E ActivityManager: 	at android.os.HandlerThread.run(HandlerThread.java:65)
12-07 16:57:19.881 15976 15990 E ActivityManager: 	at com.android.server.ServiceThread.run(ServiceThread.java:44)
12-07 16:57:21.804 16506 32671 E ctxmgr  : [ProducerStatusImpl]updateStateForNewContextData: inactive, contextName=7
12-07 16:57:22.078 16506 16506 E BeaconBle: Scan couldn't start for Places
12-07 16:57:23.927  1729  1752 E         : Couldn't opendir /data/app/vmdl1444763212.tmp: No such file or directory
12-07 16:57:23.927  1729  1752 E installd: Failed to delete /data/app/vmdl1444763212.tmp: No such file or directory
12-07 16:57:25.836 32739 32739 E harlton.mileag: Not starting debugger since process cannot load the jdwp agent.
12-07 16:57:26.889  1737  1809 E storaged: getDiskStats failed with result NOT_SUPPORTED and size 0
12-07 16:57:27.236 16085 24146 E putmethod.lati: Invalid ID 0x00000001.
12-07 16:57:27.252 16085 24146 E LstmTrainingCache: emn: Can't get resource name for input slot
12-07 16:57:27.252 16085 24146 E LstmTrainingCache: android.content.res.Resources$NotFoundException: Unable to find resource ID #0x1
12-07 16:57:27.252 16085 24146 E LstmTrainingCache: 	at android.content.res.ResourcesImpl.getResourceName(ResourcesImpl.java:255)
12-07 16:57:27.252 16085 24146 E LstmTrainingCache: 	at android.content.res.Resources.getResourceName(Resources.java:1954)
12-07 16:57:27.252 16085 24146 E LstmTrainingCache: 	at emn.a(PG:12)
12-07 16:57:27.252 16085 24146 E LstmTrainingCache: 	at emk.run(PG:5)
12-07 16:57:27.252 16085 24146 E LstmTrainingCache: 	at java.lang.Thread.run(Thread.java:764)
12-07 16:57:30.865 16085 16085 E native  : suggestion-transformer.cc:118 suggestion picked candidate not found for id: 2
12-07 16:57:36.411 15976 15989 E memtrack: Couldn't load memtrack module
12-07 16:57:38.769 15976 16042 E WindowManager: Performed 6 layouts in a row. Skipping
12-07 16:57:38.791 15976 19437 E WindowManager: Performed 6 layouts in a row. Skipping
12-07 16:57:38.819 15976 18395 E WindowManager: Performed 6 layouts in a row. Skipping
12-07 16:57:38.840 15976 19560 E WindowManager: Performed 6 layouts in a row. Skipping
12-07 16:57:38.863 15976 16026 E WindowManager: Performed 6 layouts in a row. Skipping
12-07 16:57:38.888 15976 16026 E WindowManager: Performed 6 layouts in a row. Skipping
12-07 16:57:38.928 15976 15991 E WindowManager: Performed 6 layouts in a row. Skipping
12-07 16:57:38.945 15976 16026 E WindowManager: Performed 6 layouts in a row. Skipping
12-07 16:57:38.965 15976 18395 E WindowManager: Performed 6 layouts in a row. Skipping
12-07 16:57:38.986 15976 16026 E WindowManager: Performed 6 layouts in a row. Skipping
12-07 16:57:39.030 15976 16026 E WindowManager: Performed 6 layouts in a row. Skipping
12-07 16:57:39.079 15976 16026 E WindowManager: Performed 6 layouts in a row. Skipping
12-07 16:57:39.095 15976 19560 E WindowManager: Performed 6 layouts in a row. Skipping
12-07 16:57:39.124 15976 18395 E WindowManager: Performed 6 layouts in a row. Skipping
12-07 16:57:39.155 15976 16026 E WindowManager: Performed 6 layouts in a row. Skipping
12-07 16:57:39.179 15976 16026 E WindowManager: Performed 6 layouts in a row. Skipping
12-07 16:57:39.321 15976 16026 E WindowManager: Performed 6 layouts in a row. Skipping
12-07 16:57:39.906 16506 32481 E ctxmgr  : [ProducerStatusImpl]updateStateForNewContextData: inactive, contextName=7
12-07 16:57:40.247 16506 16506 E BeaconBle: Missing BluetoothAdapter
12-07 16:57:40.360 16506 16506 E BeaconBle: Scan couldn't start for Places
12-07 16:57:42.270 16561 16561 E ContextIntentStarter: No activity found for any of the 0 intents
12-07 16:57:42.511 32060 32060 E wpa_supplicant: nl80211: Failed to open /proc/sys/net/ipv4/conf/p2p-dev-wlan0/drop_unicast_in_l2_multicast: No such file or directory
12-07 16:57:42.511 32060 32060 E wpa_supplicant: nl80211: Failed to set IPv4 unicast in multicast filter
12-07 16:57:42.571 32060 32060 E wpa_supplicant: nl80211: Failed to open /proc/sys/net/ipv4/conf/p2p-dev-wlan0/drop_unicast_in_l2_multicast: No such file or directory
12-07 16:57:42.571 32060 32060 E wpa_supplicant: nl80211: Failed to set IPv4 unicast in multicast filter
12-07 16:57:42.680 32060 32060 E wpa_supplicant: nl80211: Failed to open /proc/sys/net/ipv4/conf/wlan0/drop_unicast_in_l2_multicast: No such file or directory
12-07 16:57:42.680 32060 32060 E wpa_supplicant: nl80211: Failed to set IPv4 unicast in multicast filter
12-07 16:57:42.708 32060 32060 E wpa_supplicant: nl80211: Failed to open /proc/sys/net/ipv4/conf/wlan0/drop_unicast_in_l2_multicast: No such file or directory
12-07 16:57:42.708 32060 32060 E wpa_supplicant: nl80211: Failed to set IPv4 unicast in multicast filter
12-07 16:57:42.810 32060 32060 E wpa_supplicant: nl80211: Failed to open /proc/sys/net/ipv4/conf/wlan0/drop_unicast_in_l2_multicast: No such file or directory
12-07 16:57:42.810 32060 32060 E wpa_supplicant: nl80211: Failed to set IPv4 unicast in multicast filter
12-07 16:57:42.892 15976 32066 E ConnectivityPacketTracker.wlan0: readPacket error: 
12-07 16:57:42.892 15976 32066 E ConnectivityPacketTracker.wlan0: android.system.ErrnoException: read failed: ENETDOWN (Network is down)
12-07 16:57:42.892 15976 32066 E ConnectivityPacketTracker.wlan0: 	at libcore.io.Linux.readBytes(Native Method)
12-07 16:57:42.892 15976 32066 E ConnectivityPacketTracker.wlan0: 	at libcore.io.Linux.read(Linux.java:184)
12-07 16:57:42.892 15976 32066 E ConnectivityPacketTracker.wlan0: 	at libcore.io.BlockGuardOs.read(BlockGuardOs.java:254)
12-07 16:57:42.892 15976 32066 E ConnectivityPacketTracker.wlan0: 	at android.system.Os.read(Os.java:414)
12-07 16:57:42.892 15976 32066 E ConnectivityPacketTracker.wlan0: 	at android.net.util.PacketReader.readPacket(PacketReader.java:137)
12-07 16:57:42.892 15976 32066 E ConnectivityPacketTracker.wlan0: 	at android.net.util.PacketReader.handleInput(PacketReader.java:207)
12-07 16:57:42.892 15976 32066 E ConnectivityPacketTracker.wlan0: 	at android.net.util.PacketReader.access$100(PacketReader.java:70)
12-07 16:57:42.892 15976 32066 E ConnectivityPacketTracker.wlan0: 	at android.net.util.PacketReader$1.onFileDescriptorEvents(PacketReader.java:189)
12-07 16:57:42.892 15976 32066 E ConnectivityPacketTracker.wlan0: 	at android.os.MessageQueue.dispatchEvents(MessageQueue.java:285)
12-07 16:57:42.892 15976 32066 E ConnectivityPacketTracker.wlan0: 	at android.os.MessageQueue.nativePollOnce(Native Method)
12-07 16:57:42.892 15976 32066 E ConnectivityPacketTracker.wlan0: 	at android.os.MessageQueue.next(MessageQueue.java:326)
12-07 16:57:42.892 15976 32066 E ConnectivityPacketTracker.wlan0: 	at android.os.Looper.loop(Looper.java:160)
12-07 16:57:42.892 15976 32066 E ConnectivityPacketTracker.wlan0: 	at android.os.HandlerThread.run(HandlerThread.java:65)
12-07 16:57:42.892 15976 32103 E DhcpClient: Read error
12-07 16:57:42.892 15976 32103 E DhcpClient: android.system.ErrnoException: read failed: ENETDOWN (Network is down)
12-07 16:57:42.892 15976 32103 E DhcpClient: 	at libcore.io.Linux.readBytes(Native Method)
12-07 16:57:42.892 15976 32103 E DhcpClient: 	at libcore.io.Linux.read(Linux.java:184)
12-07 16:57:42.892 15976 32103 E DhcpClient: 	at libcore.io.BlockGuardOs.read(BlockGuardOs.java:254)
12-07 16:57:42.892 15976 32103 E DhcpClient: 	at android.system.Os.read(Os.java:414)
12-07 16:57:42.892 15976 32103 E DhcpClient: 	at android.net.dhcp.DhcpClient$ReceiveThread.run(DhcpClient.java:364)
12-07 16:57:42.940 15927   338 E audio_hw_generic: pcm_open(in) failed: cannot open device '/dev/snd/pcmC0D0c': Device or resource busy: channels 2 format 0 rate 16000
12-07 16:57:43.036  1628  1628 E android.hardware.wifi@1.0-service: Failed to open directory: Permission denied
12-07 16:57:43.036  1628  1628 E android.hardware.wifi@1.0-service: Error occurred while deleting old tombstone files
12-07 16:57:43.036  1628  1628 E android.hardware.wifi@1.0-service: Error writing files to flash
12-07 16:57:43.262 15976 16053 E SupplicantStaIfaceHal: Can't call setPowerSave, ISupplicantStaIface is null
12-07 16:57:43.262 15976 16053 E SupplicantStaIfaceHal: Can't call setBtCoexistenceMode, ISupplicantStaIface is null
12-07 16:57:43.350 15976 16053 E HalDevMgr: Should have at least 1 chip!
12-07 16:57:43.351 15976 16053 E HalDevMgr: dispatchAvailableForRequestListeners: no chip info found
12-07 16:57:43.360 15976 16053 E SupplicantStaIfaceHal: Can't call listNetworks, ISupplicantStaIface is null
12-07 16:57:43.360 15976 16053 E SupplicantStaIfaceHal: removeAllNetworks failed, got null networks
12-07 16:57:43.360 15976 16053 E WifiStateMachine: Failed to remove networks on exiting connect mode
12-07 16:57:43.362 15976 16055 E WifiP2pService: Unhandled message { when=-2ms what=131204 target=com.android.internal.util.StateMachine$SmHandler }
12-07 16:57:43.367 16506 32121 E WakeLock: GCM_HB_ALARM release without a matched acquire!
12-07 16:57:43.374 16506 32121 E GCM     : Connection closed with errorCode 20
12-07 16:57:43.388 16506 32121 E WakeLock: GCM_CONN_ALARM release without a matched acquire!
12-07 16:57:43.414 15976 16054 E WificondControl: No valid wificond scanner interface handler
12-07 16:57:43.446 15976 15994 E BatteryExternalStatsWorker: no controller energy info supplied for wifi
12-07 16:57:43.894  1628  1628 E android.hardware.wifi@1.0-service: Failed to register radio mode change callback
12-07 16:57:43.896  1628  1628 E android.hardware.wifi@1.0-service: Failed to set DFS flag; DFS channels may be unavailable.
12-07 16:57:43.950 15926 15926 E wificond: No Offload Service available
12-07 16:57:43.951 15976 16053 E SupplicantStaIfaceHal: Can't call setupIface, ISupplicantStaIface is null
12-07 16:57:44.037 15976 16054 E WifiVendorHal: getBgScanCapabilities(l.671) failed {.code = ERROR_NOT_SUPPORTED, .description = }
12-07 16:57:44.058 15976 16055 E WifiP2pService: Unhandled message { when=0 what=131203 target=com.android.internal.util.StateMachine$SmHandler }
12-07 16:57:44.074 15976 16055 E WifiP2pService: Unhandled message { when=-1ms what=131203 target=com.android.internal.util.StateMachine$SmHandler }
12-07 16:57:44.081 15976 15994 E BatteryExternalStatsWorker: no controller energy info supplied for wifi
12-07 16:57:44.120 15976 15994 E BatteryExternalStatsWorker: no controller energy info supplied for wifi
12-07 16:57:48.122 16506   353 E WakeLock: GCM_HB_ALARM release without a matched acquire!
12-07 16:57:48.129 16506   353 E WakeLock: GCM_CONN_ALARM release without a matched acquire!
12-07 16:57:48.379 15976 15994 E BatteryExternalStatsWorker: no controller energy info supplied for wifi
12-07 16:57:48.460 15976 16053 E WifiVendorHal: stopRssiMonitoring(l.2404) failed {.code = ERROR_NOT_AVAILABLE, .description = }
12-07 16:57:49.019 16506   373 E WakeLock: GCM_CONN_ALARM release without a matched acquire!
12-07 16:57:49.136 15925 15942 E Netd    : Error adding route ::/0 -> fe80::ff:fe00:100 wlan0 to table 1003: File exists
12-07 16:57:51.330 16085 16085 E native  : clearcut-logger.cc:191 USER_EDIT span#originalSpan is missing
