--------- beginning of system
12-08 13:36:29.104  1881  1899 E BatteryExternalStatsWorker: no controller energy info supplied for wifi
12-08 13:36:53.700  1881  1896 E AutofillSession: No assist structure - app might have crashed providing it
12-08 13:37:05.953  1738  1772 E storaged: getDiskStats failed with result NOT_SUPPORTED and size 0
--------- beginning of main
12-08 13:37:45.255  2494  2716 E PlayCommon: [101] com.google.android.play.b.g.a(448): Failed to connect to server: java.net.UnknownHostException: Unable to resolve host "play.googleapis.com": No address associated with hostname
12-08 13:37:54.960  1828  1828 E netmgr  : Failed to open QEMU pipe 'qemud:network': Invalid argument
12-08 13:37:54.960  1828  1828 E netmgr  : WifiForwarder unable to open QEMU pipe: Invalid argument
12-08 13:38:07.149  1738  1772 E storaged: getDiskStats failed with result NOT_SUPPORTED and size 0
12-08 13:38:29.534  8630  8630 E id.gms.learnin: Not starting debugger since process cannot load the jdwp agent.
12-08 13:38:32.044  8645  8645 E ocess.gservice: Not starting debugger since process cannot load the jdwp agent.
12-08 13:38:41.817  1611  1695 E audio_hw_generic: pcm_write failed cannot write stream data: I/O error
12-08 13:38:53.807  1611  1695 E audio_hw_generic: pcm_write failed cannot write stream data: I/O error
12-08 13:38:56.224  1828  1828 E netmgr  : Failed to open QEMU pipe 'qemud:network': Invalid argument
12-08 13:38:56.224  1828  1828 E netmgr  : WifiForwarder unable to open QEMU pipe: Invalid argument
12-08 13:39:03.994  1611  1695 E audio_hw_generic: pcm_write failed cannot write stream data: I/O error
12-08 13:39:06.314  2448  8100 E ctxmgr  : [ProducerStatusImpl]updateStateForNewContextData: inactive, contextName=7
12-08 13:39:06.483  2448  8100 E ctxmgr  : [ProducerStatusImpl]updateStateForNewContextData: inactive, contextName=1
12-08 13:39:08.790  1738  1772 E storaged: getDiskStats failed with result NOT_SUPPORTED and size 0
12-08 13:39:08.966  2448  2448 E BeaconBle: Missing BluetoothAdapter
12-08 13:39:09.039  2448  2448 E BeaconBle: Scan couldn't start for Places
12-08 13:39:16.470  2692  2692 E ContextIntentStarter: No activity found for any of the 0 intents
12-08 13:39:16.518  1611  1695 E audio_hw_generic: pcm_write failed cannot write stream data: I/O error
12-08 13:39:24.010  2448  8100 E ctxmgr  : [ProducerStatusImpl]updateStateForNewContextData: inactive, contextName=7
12-08 13:39:26.262  2448  2448 E BeaconBle: Missing BluetoothAdapter
12-08 13:39:26.360  2448  2448 E BeaconBle: Scan couldn't start for Places
12-08 13:39:28.734  1611  1695 E audio_hw_generic: pcm_write failed cannot write stream data: I/O error
12-08 13:39:36.239  8719  8719 E boxed_process3: Not starting debugger since process cannot load the jdwp agent.
12-08 13:39:42.442  8745  8745 E viders.calenda: Not starting debugger since process cannot load the jdwp agent.
12-08 13:39:49.818  8771  8771 E com.ustwo.lwp: Not starting debugger since process cannot load the jdwp agent.
12-08 13:39:54.666  1828  1828 E netmgr  : Failed to open QEMU pipe 'qemud:network': Invalid argument
12-08 13:39:54.669  1828  1828 E netmgr  : WifiForwarder unable to open QEMU pipe: Invalid argument
12-08 13:40:07.305  1738  1772 E storaged: getDiskStats failed with result NOT_SUPPORTED and size 0
12-08 13:40:31.957  1992  1992 E native  : suggestion-transformer.cc:118 suggestion picked candidate not found for id: 3
12-08 13:40:34.462  1881  1894 E memtrack: Couldn't load memtrack module
