--------- beginning of system
--------- beginning of main
12-07 23:36:24.457 16506 16506 E BeaconBle: Scan couldn't start for Places
12-07 23:36:26.859  1729  2328 E         : Couldn't opendir /data/app/vmdl328824212.tmp: No such file or directory
12-07 23:36:26.860  1729  2328 E installd: Failed to delete /data/app/vmdl328824212.tmp: No such file or directory
12-07 23:36:29.404  1737  1809 E storaged: getDiskStats failed with result NOT_SUPPORTED and size 0
12-07 23:36:30.252 12235 12235 E harlton.mileag: Not starting debugger since process cannot load the jdwp agent.
12-07 23:36:32.040 16085 24146 E putmethod.lati: Invalid ID 0x00000001.
12-07 23:36:32.045 16085 24146 E LstmTrainingCache: emn: Can't get resource name for input slot
12-07 23:36:32.045 16085 24146 E LstmTrainingCache: android.content.res.Resources$NotFoundException: Unable to find resource ID #0x1
12-07 23:36:32.045 16085 24146 E LstmTrainingCache: 	at android.content.res.ResourcesImpl.getResourceName(ResourcesImpl.java:255)
12-07 23:36:32.045 16085 24146 E LstmTrainingCache: 	at android.content.res.Resources.getResourceName(Resources.java:1954)
12-07 23:36:32.045 16085 24146 E LstmTrainingCache: 	at emn.a(PG:12)
12-07 23:36:32.045 16085 24146 E LstmTrainingCache: 	at emk.run(PG:5)
12-07 23:36:32.045 16085 24146 E LstmTrainingCache: 	at java.lang.Thread.run(Thread.java:764)
12-07 23:36:42.687 16506 11480 E ctxmgr  : [AppIntervalImpl]closeInterval: stopTimeMillis invalid, stop=1544225802687, start=1544238227857
12-07 23:36:42.699 16506 11480 E ctxmgr  : [AppIntervalImpl]closeInterval: stopTimeMillis invalid, stop=1544225802697, start=1544238227858
12-07 23:36:47.569 16485 19833 E s.nexuslaunche: Failed to open APK '/data/app/com.evancharlton.mileage-KZ_yCfiPIzixt6fi6OjaRw==/base.apk' I/O error
12-07 23:36:47.598 16485 19833 E ResourcesManager: failed to add asset path /data/app/com.evancharlton.mileage-KZ_yCfiPIzixt6fi6OjaRw==/base.apk
12-07 23:36:49.438 16506 16506 E BeaconBle: Missing BluetoothAdapter
12-07 23:36:49.524 16506 16506 E BeaconBle: Scan couldn't start for Places
12-07 23:37:07.117  1829  1829 E netmgr  : Failed to open QEMU pipe 'qemud:network': Invalid argument
12-07 23:37:07.117  1829  1829 E netmgr  : WifiForwarder unable to open QEMU pipe: Invalid argument
12-07 23:37:13.419 16561 16561 E ContextIntentStarter: No activity found for any of the 0 intents
12-07 23:37:14.245  1628  1628 E android.hardware.wifi@1.0-service: Failed to register radio mode change callback
12-07 23:37:14.248  1628  1628 E android.hardware.wifi@1.0-service: Failed to set DFS flag; DFS channels may be unavailable.
12-07 23:37:14.284 15926 15926 E wificond: No Offload Service available
12-07 23:37:14.613 15976 16056 E ConnectivityService: exception in setMtu()java.lang.IllegalStateException: command '837 interface setmtu radio0 1500' failed with '400 837 Failed to set MTU (Permission denied)'
12-07 23:37:14.615 15976 16055 E WifiP2pService: Unhandled message { when=-2ms what=131203 target=com.android.internal.util.StateMachine$SmHandler }
12-07 23:37:14.683 15976 16055 E WifiP2pService: Unhandled message { when=-3ms what=131203 target=com.android.internal.util.StateMachine$SmHandler }
12-07 23:37:14.787 15976 15994 E BatteryExternalStatsWorker: no controller energy info supplied for wifi
12-07 23:37:14.860 15976 15994 E BatteryExternalStatsWorker: no controller energy info supplied for wifi
12-07 23:37:15.977 12342 12342 E .android.video: Not starting debugger since process cannot load the jdwp agent.
12-07 23:37:16.117 16506 12339 E WakeLock: GCM_CONN_ALARM release without a matched acquire!
12-07 23:37:16.389 12375 12375 E id.gms.learnin: Not starting debugger since process cannot load the jdwp agent.
12-07 23:37:19.147 15976 15994 E BatteryExternalStatsWorker: no controller energy info supplied for wifi
12-07 23:37:19.994 15925 15942 E Netd    : Error adding route ::/0 -> fe80::ff:fe00:100 wlan0 to table 1003: File exists
12-07 23:37:20.105 16506 12450 E WakeLock: GCM_HB_ALARM release without a matched acquire!
12-07 23:37:20.346 16506 12454 E WakeLock: GCM_CONN_ALARM release without a matched acquire!
12-07 23:37:26.045 15927 12460 E audio_hw_generic: pcm_open(in) failed: cannot open device '/dev/snd/pcmC0D0c': Device or resource busy: channels 2 format 0 rate 16000
12-07 23:37:26.542 16506 11480 E PhenotypeFlagCommitter: Retrieving snapshot for com.google.android.gms.playlog.uploader failed
12-07 23:37:26.542 16506 11480 E PhenotypeFlagCommitter: java.lang.InterruptedException
12-07 23:37:26.542 16506 11480 E PhenotypeFlagCommitter: 	at java.util.concurrent.locks.AbstractQueuedSynchronizer.doAcquireSharedNanos(AbstractQueuedSynchronizer.java:1063)
12-07 23:37:26.542 16506 11480 E PhenotypeFlagCommitter: 	at java.util.concurrent.locks.AbstractQueuedSynchronizer.tryAcquireSharedNanos(AbstractQueuedSynchronizer.java:1352)
12-07 23:37:26.542 16506 11480 E PhenotypeFlagCommitter: 	at java.util.concurrent.CountDownLatch.await(CountDownLatch.java:278)
12-07 23:37:26.542 16506 11480 E PhenotypeFlagCommitter: 	at arhb.a(:com.google.android.gms@14799040@14.7.99 (100700-223214910):27)
12-07 23:37:26.542 16506 11480 E PhenotypeFlagCommitter: 	at akeu.a(:com.google.android.gms@14799040@14.7.99 (100700-223214910):2)
12-07 23:37:26.542 16506 11480 E PhenotypeFlagCommitter: 	at akeu.a(:com.google.android.gms@14799040@14.7.99 (100700-223214910):19)
12-07 23:37:26.542 16506 11480 E PhenotypeFlagCommitter: 	at akeu.a(:com.google.android.gms@14799040@14.7.99 (100700-223214910):26)
12-07 23:37:26.542 16506 11480 E PhenotypeFlagCommitter: 	at com.google.android.gms.clearcut.uploader.QosUploaderChimeraService.c(:com.google.android.gms@14799040@14.7.99 (100700-223214910):4)
12-07 23:37:26.542 16506 11480 E PhenotypeFlagCommitter: 	at com.google.android.gms.clearcut.uploader.QosUploaderChimeraService.a(:com.google.android.gms@14799040@14.7.99 (100700-223214910):14)
12-07 23:37:26.542 16506 11480 E PhenotypeFlagCommitter: 	at com.google.android.gms.clearcut.uploader.QosUploaderChimeraService.a(:com.google.android.gms@14799040@14.7.99 (100700-223214910):6)
12-07 23:37:26.542 16506 11480 E PhenotypeFlagCommitter: 	at ynh.run(:com.google.android.gms@14799040@14.7.99 (100700-223214910):5)
12-07 23:37:26.542 16506 11480 E PhenotypeFlagCommitter: 	at qwc.run(:com.google.android.gms@14799040@14.7.99 (100700-223214910):21)
12-07 23:37:26.542 16506 11480 E PhenotypeFlagCommitter: 	at java.util.concurrent.ThreadPoolExecutor.runWorker(ThreadPoolExecutor.java:1167)
12-07 23:37:26.542 16506 11480 E PhenotypeFlagCommitter: 	at java.util.concurrent.ThreadPoolExecutor$Worker.run(ThreadPoolExecutor.java:641)
12-07 23:37:26.542 16506 11480 E PhenotypeFlagCommitter: 	at rbx.run(Unknown Source:7)
12-07 23:37:26.542 16506 11480 E PhenotypeFlagCommitter: 	at java.lang.Thread.run(Thread.java:764)
12-07 23:37:29.429  1737  1809 E storaged: getDiskStats failed with result NOT_SUPPORTED and size 0
12-07 23:37:34.247 12470 12470 E viders.calenda: Not starting debugger since process cannot load the jdwp agent.
12-07 23:37:34.427 12486 12486 E ndroid.calenda: Not starting debugger since process cannot load the jdwp agent.
12-07 23:37:35.640 12528 12528 E droid.deskcloc: Not starting debugger since process cannot load the jdwp agent.
12-07 23:37:35.849 12528 12528 E LoadedApk: Unable to instantiate appComponentFactory
12-07 23:37:35.849 12528 12528 E LoadedApk: java.lang.ClassNotFoundException: Didn't find class "android.support.v4.app.CoreComponentFactory" on path: DexPathList[[zip file "/data/app/com.google.android.deskclock-irjeQ48B8SlCzNgOUY6aXg==/base.apk"],nativeLibraryDirectories=[/data/app/com.google.android.deskclock-irjeQ48B8SlCzNgOUY6aXg==/lib/x86, /system/lib]]
12-07 23:37:35.849 12528 12528 E LoadedApk: 	at dalvik.system.BaseDexClassLoader.findClass(BaseDexClassLoader.java:134)
12-07 23:37:35.849 12528 12528 E LoadedApk: 	at java.lang.ClassLoader.loadClass(ClassLoader.java:379)
12-07 23:37:35.849 12528 12528 E LoadedApk: 	at java.lang.ClassLoader.loadClass(ClassLoader.java:312)
12-07 23:37:35.849 12528 12528 E LoadedApk: 	at android.app.LoadedApk.createAppFactory(LoadedApk.java:226)
12-07 23:37:35.849 12528 12528 E LoadedApk: 	at android.app.LoadedApk.createOrUpdateClassLoaderLocked(LoadedApk.java:731)
12-07 23:37:35.849 12528 12528 E LoadedApk: 	at android.app.LoadedApk.getClassLoader(LoadedApk.java:810)
12-07 23:37:35.849 12528 12528 E LoadedApk: 	at android.app.LoadedApk.getResources(LoadedApk.java:1032)
12-07 23:37:35.849 12528 12528 E LoadedApk: 	at android.app.ContextImpl.createAppContext(ContextImpl.java:2345)
12-07 23:37:35.849 12528 12528 E LoadedApk: 	at android.app.ActivityThread.handleBindApplication(ActivityThread.java:5749)
12-07 23:37:35.849 12528 12528 E LoadedApk: 	at android.app.ActivityThread.access$1100(ActivityThread.java:199)
12-07 23:37:35.849 12528 12528 E LoadedApk: 	at android.app.ActivityThread$H.handleMessage(ActivityThread.java:1650)
12-07 23:37:35.849 12528 12528 E LoadedApk: 	at android.os.Handler.dispatchMessage(Handler.java:106)
12-07 23:37:35.849 12528 12528 E LoadedApk: 	at android.os.Looper.loop(Looper.java:193)
12-07 23:37:35.849 12528 12528 E LoadedApk: 	at android.app.ActivityThread.main(ActivityThread.java:6669)
12-07 23:37:35.849 12528 12528 E LoadedApk: 	at java.lang.reflect.Method.invoke(Native Method)
12-07 23:37:35.849 12528 12528 E LoadedApk: 	at com.android.internal.os.RuntimeInit$MethodAndArgsCaller.run(RuntimeInit.java:493)
12-07 23:37:35.849 12528 12528 E LoadedApk: 	at com.android.internal.os.ZygoteInit.main(ZygoteInit.java:858)
12-07 23:37:36.439 12559 12559 E com.ustwo.lwp: Not starting debugger since process cannot load the jdwp agent.
12-07 23:38:07.336  1829  1829 E netmgr  : Failed to open QEMU pipe 'qemud:network': Invalid argument
12-07 23:38:07.336  1829  1829 E netmgr  : WifiForwarder unable to open QEMU pipe: Invalid argument
12-07 23:38:15.753 16410 12332 E SQLiteCastStore: Skip saving CastDeviceInfo: "Nearby device" (__cast_nearby___V_801abd02-8986-41b4-abb5-cd46cf02c6f0)
12-07 23:38:29.638  1737  1809 E storaged: getDiskStats failed with result NOT_SUPPORTED and size 0
12-07 23:39:07.342  1829  1829 E netmgr  : Failed to open QEMU pipe 'qemud:network': Invalid argument
12-07 23:39:07.342  1829  1829 E netmgr  : WifiForwarder unable to open QEMU pipe: Invalid argument
12-07 23:39:29.641  1737  1809 E storaged: getDiskStats failed with result NOT_SUPPORTED and size 0
12-07 23:39:37.707 16085 16085 E native  : suggestion-transformer.cc:118 suggestion picked candidate not found for id: 3
12-07 23:39:38.598 15976 16116 E WindowManager: Performed 6 layouts in a row. Skipping
12-07 23:39:38.624 15976 16026 E WindowManager: Performed 6 layouts in a row. Skipping
12-07 23:39:38.929 15976 16026 E WindowManager: Performed 6 layouts in a row. Skipping
12-07 23:39:38.952 15976 16026 E WindowManager: Performed 6 layouts in a row. Skipping
12-07 23:39:39.019 15976 16026 E WindowManager: Performed 6 layouts in a row. Skipping
12-07 23:39:39.047 15976 15991 E WindowManager: Performed 6 layouts in a row. Skipping
12-07 23:39:39.097 15976 16026 E WindowManager: Performed 6 layouts in a row. Skipping
12-07 23:39:39.118 15976 16026 E WindowManager: Performed 6 layouts in a row. Skipping
12-07 23:39:39.154 15976 19437 E WindowManager: Performed 6 layouts in a row. Skipping
12-07 23:39:39.181 15976 16026 E WindowManager: Performed 6 layouts in a row. Skipping
12-07 23:39:39.204 15976 16026 E WindowManager: Performed 6 layouts in a row. Skipping
12-07 23:39:39.222 15976 19437 E WindowManager: Performed 6 layouts in a row. Skipping
12-07 23:39:39.264 15976 16026 E WindowManager: Performed 6 layouts in a row. Skipping
12-07 23:39:39.344 15976 16026 E WindowManager: Performed 6 layouts in a row. Skipping
