--------- beginning of main
--------- beginning of system
12-09 00:54:07.757  1885  1899 E ActivityManager: Failure starting process com.evancharlton.mileage
12-09 00:54:07.757  1885  1899 E ActivityManager: java.lang.SecurityException: Package com.evancharlton.mileage is currently frozen!
12-09 00:54:07.757  1885  1899 E ActivityManager: 	at com.android.server.pm.PackageManagerService.checkPackageStartable(PackageManagerService.java:4000)
12-09 00:54:07.757  1885  1899 E ActivityManager: 	at com.android.server.am.ActivityManagerService.startProcessLocked(ActivityManagerService.java:4234)
12-09 00:54:07.757  1885  1899 E ActivityManager: 	at com.android.server.am.ActivityManagerService.startProcessLocked(ActivityManagerService.java:4199)
12-09 00:54:07.757  1885  1899 E ActivityManager: 	at com.android.server.am.ActivityManagerService.startProcessLocked(ActivityManagerService.java:4181)
12-09 00:54:07.757  1885  1899 E ActivityManager: 	at com.android.server.am.ActivityManagerService.startProcessLocked(ActivityManagerService.java:4067)
12-09 00:54:07.757  1885  1899 E ActivityManager: 	at com.android.server.am.ActivityStackSupervisor.startSpecificActivityLocked(ActivityStackSupervisor.java:1715)
12-09 00:54:07.757  1885  1899 E ActivityManager: 	at com.android.server.am.ActivityStack.resumeTopActivityInnerLocked(ActivityStack.java:2764)
12-09 00:54:07.757  1885  1899 E ActivityManager: 	at com.android.server.am.ActivityStack.resumeTopActivityUncheckedLocked(ActivityStack.java:2302)
12-09 00:54:07.757  1885  1899 E ActivityManager: 	at com.android.server.am.ActivityStackSupervisor.resumeFocusedStackTopActivityLocked(ActivityStackSupervisor.java:2234)
12-09 00:54:07.757  1885  1899 E ActivityManager: 	at com.android.server.am.ActivityStackSupervisor.resumeFocusedStackTopActivityLocked(ActivityStackSupervisor.java:2218)
12-09 00:54:07.757  1885  1899 E ActivityManager: 	at com.android.server.am.ActivityManagerService.handleAppDiedLocked(ActivityManagerService.java:5923)
12-09 00:54:07.757  1885  1899 E ActivityManager: 	at com.android.server.am.ActivityManagerService.removeProcessLocked(ActivityManagerService.java:7501)
12-09 00:54:07.757  1885  1899 E ActivityManager: 	at com.android.server.am.ActivityManagerService.killPackageProcessesLocked(ActivityManagerService.java:7142)
12-09 00:54:07.757  1885  1899 E ActivityManager: 	at com.android.server.am.ActivityManagerService.forceStopPackageLocked(ActivityManagerService.java:7275)
12-09 00:54:07.757  1885  1899 E ActivityManager: 	at com.android.server.am.ActivityManagerService$MainHandler.handleMessage(ActivityManagerService.java:2289)
12-09 00:54:07.757  1885  1899 E ActivityManager: 	at android.os.Handler.dispatchMessage(Handler.java:106)
12-09 00:54:07.757  1885  1899 E ActivityManager: 	at android.os.Looper.loop(Looper.java:193)
12-09 00:54:07.757  1885  1899 E ActivityManager: 	at android.os.HandlerThread.run(HandlerThread.java:65)
12-09 00:54:07.757  1885  1899 E ActivityManager: 	at com.android.server.ServiceThread.run(ServiceThread.java:44)
12-09 00:54:10.969  1834  1834 E netmgr  : Failed to open QEMU pipe 'qemud:network': Invalid argument
12-09 00:54:10.969  1834  1834 E netmgr  : WifiForwarder unable to open QEMU pipe: Invalid argument
12-09 00:54:11.932  1731  1776 E         : Couldn't opendir /data/app/vmdl1352979876.tmp: No such file or directory
12-09 00:54:11.932  1731  1776 E installd: Failed to delete /data/app/vmdl1352979876.tmp: No such file or directory
12-09 00:54:14.678 29616 29616 E harlton.mileag: Not starting debugger since process cannot load the jdwp agent.
12-09 00:54:16.213  1994  7294 E putmethod.lati: Invalid ID 0x00000001.
12-09 00:54:16.215  1994  7294 E LstmTrainingCache: emn: Can't get resource name for input slot
12-09 00:54:16.215  1994  7294 E LstmTrainingCache: android.content.res.Resources$NotFoundException: Unable to find resource ID #0x1
12-09 00:54:16.215  1994  7294 E LstmTrainingCache: 	at android.content.res.ResourcesImpl.getResourceName(ResourcesImpl.java:255)
12-09 00:54:16.215  1994  7294 E LstmTrainingCache: 	at android.content.res.Resources.getResourceName(Resources.java:1954)
12-09 00:54:16.215  1994  7294 E LstmTrainingCache: 	at emn.a(PG:12)
12-09 00:54:16.215  1994  7294 E LstmTrainingCache: 	at emk.run(PG:5)
12-09 00:54:16.215  1994  7294 E LstmTrainingCache: 	at java.lang.Thread.run(Thread.java:764)
12-09 00:54:17.515  1739  1762 E storaged: getDiskStats failed with result NOT_SUPPORTED and size 0
12-09 00:54:18.878  1994  7294 E putmethod.lati: Invalid ID 0x00000001.
12-09 00:54:18.879  1994  7294 E LstmTrainingCache: emn: Can't get resource name for input slot
12-09 00:54:18.879  1994  7294 E LstmTrainingCache: android.content.res.Resources$NotFoundException: Unable to find resource ID #0x1
12-09 00:54:18.879  1994  7294 E LstmTrainingCache: 	at android.content.res.ResourcesImpl.getResourceName(ResourcesImpl.java:255)
12-09 00:54:18.879  1994  7294 E LstmTrainingCache: 	at android.content.res.Resources.getResourceName(Resources.java:1954)
12-09 00:54:18.879  1994  7294 E LstmTrainingCache: 	at emn.a(PG:12)
12-09 00:54:18.879  1994  7294 E LstmTrainingCache: 	at emk.run(PG:5)
12-09 00:54:18.879  1994  7294 E LstmTrainingCache: 	at java.lang.Thread.run(Thread.java:764)
12-09 00:54:19.377 29616 29616 E SpannableStringBuilder: SPAN_EXCLUSIVE_EXCLUSIVE spans cannot have a zero length
12-09 00:54:19.377 29616 29616 E SpannableStringBuilder: SPAN_EXCLUSIVE_EXCLUSIVE spans cannot have a zero length
12-09 00:54:23.981  1994  7294 E putmethod.lati: Invalid ID 0x00000001.
12-09 00:54:23.987  1994  7294 E LstmTrainingCache: emn: Can't get resource name for input slot
12-09 00:54:23.987  1994  7294 E LstmTrainingCache: android.content.res.Resources$NotFoundException: Unable to find resource ID #0x1
12-09 00:54:23.987  1994  7294 E LstmTrainingCache: 	at android.content.res.ResourcesImpl.getResourceName(ResourcesImpl.java:255)
12-09 00:54:23.987  1994  7294 E LstmTrainingCache: 	at android.content.res.Resources.getResourceName(Resources.java:1954)
12-09 00:54:23.987  1994  7294 E LstmTrainingCache: 	at emn.a(PG:12)
12-09 00:54:23.987  1994  7294 E LstmTrainingCache: 	at emk.run(PG:5)
12-09 00:54:23.987  1994  7294 E LstmTrainingCache: 	at java.lang.Thread.run(Thread.java:764)
12-09 00:54:32.324  2378 28795 E ctxmgr  : [ProducerStatusImpl]updateStateForNewContextData: inactive, contextName=7
12-09 00:54:32.561  2378  2378 E BeaconBle: Missing BluetoothAdapter
12-09 00:54:32.598  2378  2378 E BeaconBle: Scan couldn't start for Places
12-09 00:54:37.460  1885  1898 E memtrack: Couldn't load memtrack module
12-09 00:54:46.544  2720  2720 E ContextIntentStarter: No activity found for any of the 0 intents
12-09 00:54:48.152  1629  1629 E android.hardware.wifi@1.0-service: Failed to register radio mode change callback
12-09 00:54:48.157  1629  1629 E android.hardware.wifi@1.0-service: Failed to set DFS flag; DFS channels may be unavailable.
12-09 00:54:48.238  1740  1740 E wificond: No Offload Service available
12-09 00:54:48.243  1885  1969 E SupplicantStaIfaceHal: Can't call setupIface, ISupplicantStaIface is null
12-09 00:54:48.591  1885  1970 E WifiVendorHal: getBgScanCapabilities(l.671) failed {.code = ERROR_NOT_SUPPORTED, .description = }
12-09 00:54:48.647  1885  1971 E WifiP2pService: Unhandled message { when=-1ms what=131203 target=com.android.internal.util.StateMachine$SmHandler }
12-09 00:54:48.667  1885  1971 E WifiP2pService: Unhandled message { when=-1ms what=131203 target=com.android.internal.util.StateMachine$SmHandler }
12-09 00:54:48.700  1885  1903 E BatteryExternalStatsWorker: no controller energy info supplied for wifi
12-09 00:54:48.762  1885  1903 E BatteryExternalStatsWorker: no controller energy info supplied for wifi
12-09 00:54:49.644 29683 29683 E com.ustwo.lwp: Not starting debugger since process cannot load the jdwp agent.
12-09 00:54:49.779  1885  1972 E ConnectivityService: exception in setMtu()java.lang.IllegalStateException: command '1050 interface setmtu radio0 1500' failed with '400 1050 Failed to set MTU (Permission denied)'
12-09 00:54:50.823  2378 29719 E WakeLock: GCM_CONN_ALARM release without a matched acquire!
12-09 00:54:51.378 29723 29723 E id.gms.learnin: Not starting debugger since process cannot load the jdwp agent.
12-09 00:54:52.568  1740  1740 E wificond: Received error messsage: Operation not supported on transport endpoint
12-09 00:54:52.568  1740  1740 E wificond: NL80211_CMD_ABORT_SCAN failed
12-09 00:54:52.619 29740 29740 E ocess.gservice: Not starting debugger since process cannot load the jdwp agent.
12-09 00:54:52.752  1737  1810 E Netd    : Interface index 11 was never in a currently-connected netId
12-09 00:54:52.753  1737  1810 E Netd    : Interface index 11 was never in a currently-connected netId
12-09 00:54:52.757  2378 29753 E WakeLock: GCM_HB_ALARM release without a matched acquire!
12-09 00:54:52.791  2378 29753 E WakeLock: GCM_CONN_ALARM release without a matched acquire!
12-09 00:54:53.803  1885  1972 E ConnectivityService: exception in setMtu()java.lang.IllegalStateException: command '1065 interface setmtu radio0 1500' failed with '400 1065 Failed to set MTU (Permission denied)'
12-09 00:54:54.769 29671 29671 E wpa_supplicant: nl80211: Failed to open /proc/sys/net/ipv4/conf/p2p-dev-wlan0/drop_unicast_in_l2_multicast: No such file or directory
12-09 00:54:54.769 29671 29671 E wpa_supplicant: nl80211: Failed to set IPv4 unicast in multicast filter
12-09 00:54:54.810 29671 29671 E wpa_supplicant: nl80211: Failed to open /proc/sys/net/ipv4/conf/p2p-dev-wlan0/drop_unicast_in_l2_multicast: No such file or directory
12-09 00:54:54.811 29671 29671 E wpa_supplicant: nl80211: Failed to set IPv4 unicast in multicast filter
12-09 00:54:54.912 29671 29671 E wpa_supplicant: nl80211: Failed to open /proc/sys/net/ipv4/conf/wlan0/drop_unicast_in_l2_multicast: No such file or directory
12-09 00:54:54.912 29671 29671 E wpa_supplicant: nl80211: Failed to set IPv4 unicast in multicast filter
12-09 00:54:54.960 29671 29671 E wpa_supplicant: nl80211: Failed to open /proc/sys/net/ipv4/conf/wlan0/drop_unicast_in_l2_multicast: No such file or directory
12-09 00:54:54.960 29671 29671 E wpa_supplicant: nl80211: Failed to set IPv4 unicast in multicast filter
12-09 00:54:55.025  2378 29781 E WakeLock: GCM_CONN_ALARM release without a matched acquire!
12-09 00:54:55.279  1629  1629 E android.hardware.wifi@1.0-service: Failed to open directory: Permission denied
12-09 00:54:55.279  1629  1629 E android.hardware.wifi@1.0-service: Error occurred while deleting old tombstone files
12-09 00:54:55.279  1629  1629 E android.hardware.wifi@1.0-service: Error writing files to flash
12-09 00:54:55.375  2378 29783 E WakeLock: GCM_HB_ALARM release without a matched acquire!
12-09 00:54:55.382  2378 29783 E WakeLock: GCM_CONN_ALARM release without a matched acquire!
12-09 00:54:55.542  1885  1969 E SupplicantStaIfaceHal: Can't call setCurrentNetworkBssid, SupplicantStaNetwork is null
12-09 00:54:55.542  1885  1969 E SupplicantStaIfaceHal: Can't call setPowerSave, ISupplicantStaIface is null
12-09 00:54:55.543  1885  1969 E SupplicantStaIfaceHal: Can't call setBtCoexistenceMode, ISupplicantStaIface is null
12-09 00:54:55.574  1885  1969 E HalDevMgr: Should have at least 1 chip!
12-09 00:54:55.574  1885  1969 E HalDevMgr: dispatchAvailableForRequestListeners: no chip info found
12-09 00:54:55.614  1885  1969 E SupplicantStaIfaceHal: Can't call listNetworks, ISupplicantStaIface is null
12-09 00:54:55.614  1885  1969 E SupplicantStaIfaceHal: removeAllNetworks failed, got null networks
12-09 00:54:55.615  1885  1969 E WifiStateMachine: Failed to remove networks on exiting connect mode
12-09 00:54:55.618  1885  1971 E WifiP2pService: Unhandled message { when=-3ms what=131204 target=com.android.internal.util.StateMachine$SmHandler }
12-09 00:54:55.647  1885  1970 E WificondControl: No valid wificond scanner interface handler
12-09 00:54:55.664  1885  1969 E WifiScanRequestProxy: Scan failure received. reason: -1,description: Scan was interrupted
12-09 00:54:55.665  1885  1903 E BatteryExternalStatsWorker: no controller energy info supplied for wifi
12-09 00:54:55.692  1885  1903 E BatteryExternalStatsWorker: no controller energy info supplied for wifi
