--------- beginning of main
--------- beginning of system
12-08 10:17:12.567  1881  2406 E WindowManager: Performed 6 layouts in a row. Skipping
12-08 10:17:12.599  1881  1934 E WindowManager: Performed 6 layouts in a row. Skipping
12-08 10:17:12.622  1881  1934 E WindowManager: Performed 6 layouts in a row. Skipping
12-08 10:17:12.655  2494  2716 E PlayCommon: [101] com.google.android.play.b.g.a(448): Failed to connect to server: java.net.UnknownHostException: Unable to resolve host "play.googleapis.com": No address associated with hostname
12-08 10:17:12.684  1881  1934 E WindowManager: Performed 6 layouts in a row. Skipping
12-08 10:17:12.717  1881  1896 E WindowManager: Performed 6 layouts in a row. Skipping
12-08 10:17:12.757  1881  1934 E WindowManager: Performed 6 layouts in a row. Skipping
12-08 10:17:12.964  1881  1934 E WindowManager: Performed 6 layouts in a row. Skipping
12-08 10:17:12.995  1881  2132 E WindowManager: Performed 6 layouts in a row. Skipping
12-08 10:17:13.039  1881  1934 E WindowManager: Performed 6 layouts in a row. Skipping
12-08 10:17:13.068  1881  1934 E WindowManager: Performed 6 layouts in a row. Skipping
12-08 10:17:13.108  1881  2132 E WindowManager: Performed 6 layouts in a row. Skipping
12-08 10:17:13.133  1881  1934 E WindowManager: Performed 6 layouts in a row. Skipping
12-08 10:17:13.232  1881  1934 E WindowManager: Performed 6 layouts in a row. Skipping
12-08 10:17:13.255  1881  1934 E WindowManager: Performed 6 layouts in a row. Skipping
12-08 10:17:13.286  1881  1934 E WindowManager: Performed 6 layouts in a row. Skipping
12-08 10:17:14.684  1881  1895 E ActivityManager: Failure starting process com.evancharlton.mileage
12-08 10:17:14.684  1881  1895 E ActivityManager: java.lang.SecurityException: Package com.evancharlton.mileage is currently frozen!
12-08 10:17:14.684  1881  1895 E ActivityManager: 	at com.android.server.pm.PackageManagerService.checkPackageStartable(PackageManagerService.java:4000)
12-08 10:17:14.684  1881  1895 E ActivityManager: 	at com.android.server.am.ActivityManagerService.startProcessLocked(ActivityManagerService.java:4234)
12-08 10:17:14.684  1881  1895 E ActivityManager: 	at com.android.server.am.ActivityManagerService.startProcessLocked(ActivityManagerService.java:4199)
12-08 10:17:14.684  1881  1895 E ActivityManager: 	at com.android.server.am.ActivityManagerService.startProcessLocked(ActivityManagerService.java:4181)
12-08 10:17:14.684  1881  1895 E ActivityManager: 	at com.android.server.am.ActivityManagerService.startProcessLocked(ActivityManagerService.java:4067)
12-08 10:17:14.684  1881  1895 E ActivityManager: 	at com.android.server.am.ActivityStackSupervisor.startSpecificActivityLocked(ActivityStackSupervisor.java:1715)
12-08 10:17:14.684  1881  1895 E ActivityManager: 	at com.android.server.am.ActivityStack.resumeTopActivityInnerLocked(ActivityStack.java:2764)
12-08 10:17:14.684  1881  1895 E ActivityManager: 	at com.android.server.am.ActivityStack.resumeTopActivityUncheckedLocked(ActivityStack.java:2302)
12-08 10:17:14.684  1881  1895 E ActivityManager: 	at com.android.server.am.ActivityStackSupervisor.resumeFocusedStackTopActivityLocked(ActivityStackSupervisor.java:2234)
12-08 10:17:14.684  1881  1895 E ActivityManager: 	at com.android.server.am.ActivityStackSupervisor.resumeFocusedStackTopActivityLocked(ActivityStackSupervisor.java:2218)
12-08 10:17:14.684  1881  1895 E ActivityManager: 	at com.android.server.am.ActivityManagerService.handleAppDiedLocked(ActivityManagerService.java:5923)
12-08 10:17:14.684  1881  1895 E ActivityManager: 	at com.android.server.am.ActivityManagerService.removeProcessLocked(ActivityManagerService.java:7501)
12-08 10:17:14.684  1881  1895 E ActivityManager: 	at com.android.server.am.ActivityManagerService.killPackageProcessesLocked(ActivityManagerService.java:7142)
12-08 10:17:14.684  1881  1895 E ActivityManager: 	at com.android.server.am.ActivityManagerService.forceStopPackageLocked(ActivityManagerService.java:7275)
12-08 10:17:14.684  1881  1895 E ActivityManager: 	at com.android.server.am.ActivityManagerService$MainHandler.handleMessage(ActivityManagerService.java:2289)
12-08 10:17:14.684  1881  1895 E ActivityManager: 	at android.os.Handler.dispatchMessage(Handler.java:106)
12-08 10:17:14.684  1881  1895 E ActivityManager: 	at android.os.Looper.loop(Looper.java:193)
12-08 10:17:14.684  1881  1895 E ActivityManager: 	at android.os.HandlerThread.run(HandlerThread.java:65)
12-08 10:17:14.684  1881  1895 E ActivityManager: 	at com.android.server.ServiceThread.run(ServiceThread.java:44)
12-08 10:17:15.665 25537 25537 E droid.apps.doc: Not starting debugger since process cannot load the jdwp agent.
12-08 10:17:17.533 25537 25537 E DocsApplication: [main] No default account found during application creation.
12-08 10:17:18.583  1730  1730 E         : Couldn't opendir /data/app/vmdl130736675.tmp: No such file or directory
12-08 10:17:18.583  1730  1730 E installd: Failed to delete /data/app/vmdl130736675.tmp: No such file or directory
12-08 10:17:19.885  2475 25548 E ChromeSync: [Sync,SyncIntentOperation] Error handling the intent: Intent { act=android.intent.action.PACKAGE_ADDED dat=package:com.evancharlton.mileage flg=0x4000010 cmp=com.google.android.gms/.chimera.GmsIntentOperationService (has extras) }.
12-08 10:17:21.285  2448 23253 E ctxmgr  : [ProducerStatusImpl]updateStateForNewContextData: inactive, contextName=1
12-08 10:17:21.617  2448  2448 E BeaconBle: Scan couldn't start for Places
12-08 10:17:22.109 25626 25626 E harlton.mileag: Not starting debugger since process cannot load the jdwp agent.
12-08 10:17:30.093  2692  2700 E ReloadingLock: Finalizing LOCKED Token[searchresults_activity 2018-12-08 10:16:37.207]
12-08 10:17:38.348  2448 25614 E ctxmgr  : [ProducerStatusImpl]updateStateForNewContextData: inactive, contextName=7
12-08 10:17:38.516  2448  2448 E BeaconBle: Missing BluetoothAdapter
12-08 10:17:38.560  2448  2448 E BeaconBle: Scan couldn't start for Places
12-08 10:17:42.620  1828  1828 E netmgr  : Failed to open QEMU pipe 'qemud:network': Invalid argument
12-08 10:17:42.620  1828  1828 E netmgr  : WifiForwarder unable to open QEMU pipe: Invalid argument
12-08 10:17:43.021  1611  1695 E audio_hw_generic: pcm_write failed cannot write stream data: I/O error
12-08 10:17:45.466  1738  1772 E storaged: getDiskStats failed with result NOT_SUPPORTED and size 0
12-08 10:17:49.953  2692  2692 E ContextIntentStarter: No activity found for any of the 0 intents
12-08 10:17:54.954  1611 25675 E audio_hw_generic: pcm_open(in) failed: cannot open device '/dev/snd/pcmC0D0c': Device or resource busy: channels 2 format 0 rate 16000
12-08 10:18:42.681  1828  1828 E netmgr  : Failed to open QEMU pipe 'qemud:network': Invalid argument
12-08 10:18:42.682  1828  1828 E netmgr  : WifiForwarder unable to open QEMU pipe: Invalid argument
12-08 10:18:45.468  1738  1772 E storaged: getDiskStats failed with result NOT_SUPPORTED and size 0
12-08 10:19:42.744  1828  1828 E netmgr  : Failed to open QEMU pipe 'qemud:network': Invalid argument
12-08 10:19:42.744  1828  1828 E netmgr  : WifiForwarder unable to open QEMU pipe: Invalid argument
12-08 10:19:45.469  1738  1772 E storaged: getDiskStats failed with result NOT_SUPPORTED and size 0
12-08 10:20:15.956 25626 25681 E SQLiteLog: (1) no such table: fillups
12-08 10:20:15.974 25626 25681 E DatabaseUpgrader: Couldn't upgrade database!
12-08 10:20:15.974 25626 25681 E DatabaseUpgrader: android.database.sqlite.SQLiteException: no such table: fillups (code 1 SQLITE_ERROR): , while compiling: ALTER TABLE fillups ADD COLUMN is_partial INTEGER;
12-08 10:20:15.974 25626 25681 E DatabaseUpgrader: 	at android.database.sqlite.SQLiteConnection.nativePrepareStatement(Native Method)
12-08 10:20:15.974 25626 25681 E DatabaseUpgrader: 	at android.database.sqlite.SQLiteConnection.acquirePreparedStatement(SQLiteConnection.java:903)
12-08 10:20:15.974 25626 25681 E DatabaseUpgrader: 	at android.database.sqlite.SQLiteConnection.prepare(SQLiteConnection.java:514)
12-08 10:20:15.974 25626 25681 E DatabaseUpgrader: 	at android.database.sqlite.SQLiteSession.prepare(SQLiteSession.java:588)
12-08 10:20:15.974 25626 25681 E DatabaseUpgrader: 	at android.database.sqlite.SQLiteProgram.<init>(SQLiteProgram.java:58)
12-08 10:20:15.974 25626 25681 E DatabaseUpgrader: 	at android.database.sqlite.SQLiteStatement.<init>(SQLiteStatement.java:31)
12-08 10:20:15.974 25626 25681 E DatabaseUpgrader: 	at android.database.sqlite.SQLiteDatabase.executeSql(SQLiteDatabase.java:1769)
12-08 10:20:15.974 25626 25681 E DatabaseUpgrader: 	at android.database.sqlite.SQLiteDatabase.execSQL(SQLiteDatabase.java:1698)
12-08 10:20:15.974 25626 25681 E DatabaseUpgrader: 	at com.evancharlton.mileage.provider.DatabaseUpgrader.exec(DatabaseUpgrader.java:105)
12-08 10:20:15.974 25626 25681 E DatabaseUpgrader: 	at com.evancharlton.mileage.provider.DatabaseUpgrader.upgradeDatabase(DatabaseUpgrader.java:44)
12-08 10:20:15.974 25626 25681 E DatabaseUpgrader: 	at com.evancharlton.mileage.tasks.DbImportTask.upgradeDatabase(DbImportTask.java:77)
12-08 10:20:15.974 25626 25681 E DatabaseUpgrader: 	at com.evancharlton.mileage.tasks.DbImportTask.doInBackground(DbImportTask.java:43)
12-08 10:20:15.974 25626 25681 E DatabaseUpgrader: 	at com.evancharlton.mileage.tasks.DbImportTask.doInBackground(DbImportTask.java:20)
12-08 10:20:15.974 25626 25681 E DatabaseUpgrader: 	at android.os.AsyncTask$2.call(AsyncTask.java:333)
12-08 10:20:15.974 25626 25681 E DatabaseUpgrader: 	at java.util.concurrent.FutureTask.run(FutureTask.java:266)
12-08 10:20:15.974 25626 25681 E DatabaseUpgrader: 	at java.util.concurrent.ThreadPoolExecutor.runWorker(ThreadPoolExecutor.java:1167)
12-08 10:20:15.974 25626 25681 E DatabaseUpgrader: 	at java.util.concurrent.ThreadPoolExecutor$Worker.run(ThreadPoolExecutor.java:641)
12-08 10:20:15.974 25626 25681 E DatabaseUpgrader: 	at java.lang.Thread.run(Thread.java:764)
