--------- beginning of main
--------- beginning of system
12-07 16:37:44.122 15976 15989 E memtrack: Couldn't load memtrack module
12-07 16:37:45.674 15976 15990 E ActivityManager: Failure starting process com.evancharlton.mileage
12-07 16:37:45.674 15976 15990 E ActivityManager: java.lang.SecurityException: Package com.evancharlton.mileage is currently frozen!
12-07 16:37:45.674 15976 15990 E ActivityManager: 	at com.android.server.pm.PackageManagerService.checkPackageStartable(PackageManagerService.java:4000)
12-07 16:37:45.674 15976 15990 E ActivityManager: 	at com.android.server.am.ActivityManagerService.startProcessLocked(ActivityManagerService.java:4234)
12-07 16:37:45.674 15976 15990 E ActivityManager: 	at com.android.server.am.ActivityManagerService.startProcessLocked(ActivityManagerService.java:4199)
12-07 16:37:45.674 15976 15990 E ActivityManager: 	at com.android.server.am.ActivityManagerService.startProcessLocked(ActivityManagerService.java:4181)
12-07 16:37:45.674 15976 15990 E ActivityManager: 	at com.android.server.am.ActivityManagerService.startProcessLocked(ActivityManagerService.java:4067)
12-07 16:37:45.674 15976 15990 E ActivityManager: 	at com.android.server.am.ActivityStackSupervisor.startSpecificActivityLocked(ActivityStackSupervisor.java:1715)
12-07 16:37:45.674 15976 15990 E ActivityManager: 	at com.android.server.am.ActivityStack.resumeTopActivityInnerLocked(ActivityStack.java:2764)
12-07 16:37:45.674 15976 15990 E ActivityManager: 	at com.android.server.am.ActivityStack.resumeTopActivityUncheckedLocked(ActivityStack.java:2302)
12-07 16:37:45.674 15976 15990 E ActivityManager: 	at com.android.server.am.ActivityStackSupervisor.resumeFocusedStackTopActivityLocked(ActivityStackSupervisor.java:2234)
12-07 16:37:45.674 15976 15990 E ActivityManager: 	at com.android.server.am.ActivityStackSupervisor.resumeFocusedStackTopActivityLocked(ActivityStackSupervisor.java:2218)
12-07 16:37:45.674 15976 15990 E ActivityManager: 	at com.android.server.am.ActivityManagerService.handleAppDiedLocked(ActivityManagerService.java:5923)
12-07 16:37:45.674 15976 15990 E ActivityManager: 	at com.android.server.am.ActivityManagerService.removeProcessLocked(ActivityManagerService.java:7501)
12-07 16:37:45.674 15976 15990 E ActivityManager: 	at com.android.server.am.ActivityManagerService.killPackageProcessesLocked(ActivityManagerService.java:7142)
12-07 16:37:45.674 15976 15990 E ActivityManager: 	at com.android.server.am.ActivityManagerService.forceStopPackageLocked(ActivityManagerService.java:7275)
12-07 16:37:45.674 15976 15990 E ActivityManager: 	at com.android.server.am.ActivityManagerService$MainHandler.handleMessage(ActivityManagerService.java:2289)
12-07 16:37:45.674 15976 15990 E ActivityManager: 	at android.os.Handler.dispatchMessage(Handler.java:106)
12-07 16:37:45.674 15976 15990 E ActivityManager: 	at android.os.Looper.loop(Looper.java:193)
12-07 16:37:45.674 15976 15990 E ActivityManager: 	at android.os.HandlerThread.run(HandlerThread.java:65)
12-07 16:37:45.674 15976 15990 E ActivityManager: 	at com.android.server.ServiceThread.run(ServiceThread.java:44)
12-07 16:37:45.693 15976 16042 E InputDispatcher: channel '1649516 com.evancharlton.mileage/com.evancharlton.mileage.FieldListActivity (server)' ~ Channel is unrecoverably broken and will be disposed!
12-07 16:37:45.693 15976 16042 E InputDispatcher: channel 'da191c8 com.evancharlton.mileage/com.evancharlton.mileage.Mileage (server)' ~ Channel is unrecoverably broken and will be disposed!
12-07 16:37:45.887 15976 15989 E memtrack: Couldn't load memtrack module
12-07 16:37:47.080 16506 25350 E ctxmgr  : [ProducerStatusImpl]updateStateForNewContextData: inactive, contextName=7
12-07 16:37:47.345 16506 16506 E BeaconBle: Missing BluetoothAdapter
12-07 16:37:47.372 16506 16506 E BeaconBle: Scan couldn't start for Places
12-07 16:37:47.440 15976 15989 E memtrack: Couldn't load memtrack module
12-07 16:37:48.993  1729  2328 E         : Couldn't opendir /data/app/vmdl617080240.tmp: No such file or directory
12-07 16:37:48.993  1729  2328 E installd: Failed to delete /data/app/vmdl617080240.tmp: No such file or directory
12-07 16:37:50.356 25811 25811 E harlton.mileag: Not starting debugger since process cannot load the jdwp agent.
12-07 16:37:57.395 16085 24146 E putmethod.lati: Invalid ID 0x00000001.
12-07 16:37:57.399 16085 24146 E LstmTrainingCache: emn: Can't get resource name for input slot
12-07 16:37:57.399 16085 24146 E LstmTrainingCache: android.content.res.Resources$NotFoundException: Unable to find resource ID #0x1
12-07 16:37:57.399 16085 24146 E LstmTrainingCache: 	at android.content.res.ResourcesImpl.getResourceName(ResourcesImpl.java:255)
12-07 16:37:57.399 16085 24146 E LstmTrainingCache: 	at android.content.res.Resources.getResourceName(Resources.java:1954)
12-07 16:37:57.399 16085 24146 E LstmTrainingCache: 	at emn.a(PG:12)
12-07 16:37:57.399 16085 24146 E LstmTrainingCache: 	at emk.run(PG:5)
12-07 16:37:57.399 16085 24146 E LstmTrainingCache: 	at java.lang.Thread.run(Thread.java:764)
12-07 16:37:59.056 16561 16561 E TaskServiceHelper: Cannot execute TaskName.UNKNOWN (or data got corrupted).
12-07 16:38:00.578 15976 15989 E memtrack: Couldn't load memtrack module
12-07 16:38:01.755 16506 25350 E ctxmgr  : [ProducerStatusImpl]updateStateForNewContextData: inactive, contextName=7
12-07 16:38:02.140 16506 16506 E BeaconBle: Missing BluetoothAdapter
12-07 16:38:02.209 16506 16506 E BeaconBle: Scan couldn't start for Places
12-07 16:38:04.256 15976 15989 E memtrack: Couldn't load memtrack module
12-07 16:38:04.256 16561 16561 E ContextIntentStarter: No activity found for any of the 0 intents
12-07 16:38:04.929 15927 25867 E audio_hw_generic: pcm_open(in) failed: cannot open device '/dev/snd/pcmC0D0c': Device or resource busy: channels 2 format 0 rate 16000
12-07 16:38:05.070  1829  1829 E netmgr  : Failed to open QEMU pipe 'qemud:network': Invalid argument
12-07 16:38:05.070  1829  1829 E netmgr  : WifiForwarder unable to open QEMU pipe: Invalid argument
12-07 16:38:05.406 25873 25873 E rrierdefaultap: Not starting debugger since process cannot load the jdwp agent.
12-07 16:38:05.557 25436 25436 E wpa_supplicant: nl80211: Failed to open /proc/sys/net/ipv4/conf/p2p-dev-wlan0/drop_unicast_in_l2_multicast: No such file or directory
12-07 16:38:05.557 25436 25436 E wpa_supplicant: nl80211: Failed to set IPv4 unicast in multicast filter
12-07 16:38:05.596 25436 25436 E wpa_supplicant: nl80211: Failed to open /proc/sys/net/ipv4/conf/p2p-dev-wlan0/drop_unicast_in_l2_multicast: No such file or directory
12-07 16:38:05.596 25436 25436 E wpa_supplicant: nl80211: Failed to set IPv4 unicast in multicast filter
12-07 16:38:05.734 25436 25436 E wpa_supplicant: nl80211: Failed to open /proc/sys/net/ipv4/conf/wlan0/drop_unicast_in_l2_multicast: No such file or directory
12-07 16:38:05.734 25436 25436 E wpa_supplicant: nl80211: Failed to set IPv4 unicast in multicast filter
12-07 16:38:05.735 25436 25436 E wpa_supplicant: nl80211: Failed to open /proc/sys/net/ipv4/conf/wlan0/drop_unicast_in_l2_multicast: No such file or directory
12-07 16:38:05.735 25436 25436 E wpa_supplicant: nl80211: Failed to set IPv4 unicast in multicast filter
12-07 16:38:05.760 15976 15989 E memtrack: Couldn't load memtrack module
12-07 16:38:05.839 25436 25436 E wpa_supplicant: nl80211: Failed to open /proc/sys/net/ipv4/conf/wlan0/drop_unicast_in_l2_multicast: No such file or directory
12-07 16:38:05.840 25436 25436 E wpa_supplicant: nl80211: Failed to set IPv4 unicast in multicast filter
12-07 16:38:05.931 15976 25503 E DhcpClient: Read error
12-07 16:38:05.931 15976 25503 E DhcpClient: android.system.ErrnoException: read failed: ENETDOWN (Network is down)
12-07 16:38:05.931 15976 25503 E DhcpClient: 	at libcore.io.Linux.readBytes(Native Method)
12-07 16:38:05.931 15976 25503 E DhcpClient: 	at libcore.io.Linux.read(Linux.java:184)
12-07 16:38:05.931 15976 25503 E DhcpClient: 	at libcore.io.BlockGuardOs.read(BlockGuardOs.java:254)
12-07 16:38:05.931 15976 25503 E DhcpClient: 	at android.system.Os.read(Os.java:414)
12-07 16:38:05.931 15976 25503 E DhcpClient: 	at android.net.dhcp.DhcpClient$ReceiveThread.run(DhcpClient.java:364)
12-07 16:38:05.931 15976 25440 E ConnectivityPacketTracker.wlan0: readPacket error: 
12-07 16:38:05.931 15976 25440 E ConnectivityPacketTracker.wlan0: android.system.ErrnoException: read failed: ENETDOWN (Network is down)
12-07 16:38:05.931 15976 25440 E ConnectivityPacketTracker.wlan0: 	at libcore.io.Linux.readBytes(Native Method)
12-07 16:38:05.931 15976 25440 E ConnectivityPacketTracker.wlan0: 	at libcore.io.Linux.read(Linux.java:184)
12-07 16:38:05.931 15976 25440 E ConnectivityPacketTracker.wlan0: 	at libcore.io.BlockGuardOs.read(BlockGuardOs.java:254)
12-07 16:38:05.931 15976 25440 E ConnectivityPacketTracker.wlan0: 	at android.system.Os.read(Os.java:414)
12-07 16:38:05.931 15976 25440 E ConnectivityPacketTracker.wlan0: 	at android.net.util.PacketReader.readPacket(PacketReader.java:137)
12-07 16:38:05.931 15976 25440 E ConnectivityPacketTracker.wlan0: 	at android.net.util.PacketReader.handleInput(PacketReader.java:207)
12-07 16:38:05.931 15976 25440 E ConnectivityPacketTracker.wlan0: 	at android.net.util.PacketReader.access$100(PacketReader.java:70)
12-07 16:38:05.931 15976 25440 E ConnectivityPacketTracker.wlan0: 	at android.net.util.PacketReader$1.onFileDescriptorEvents(PacketReader.java:189)
12-07 16:38:05.931 15976 25440 E ConnectivityPacketTracker.wlan0: 	at android.os.MessageQueue.dispatchEvents(MessageQueue.java:285)
12-07 16:38:05.931 15976 25440 E ConnectivityPacketTracker.wlan0: 	at android.os.MessageQueue.nativePollOnce(Native Method)
12-07 16:38:05.931 15976 25440 E ConnectivityPacketTracker.wlan0: 	at android.os.MessageQueue.next(MessageQueue.java:326)
12-07 16:38:05.931 15976 25440 E ConnectivityPacketTracker.wlan0: 	at android.os.Looper.loop(Looper.java:160)
12-07 16:38:05.931 15976 25440 E ConnectivityPacketTracker.wlan0: 	at android.os.HandlerThread.run(HandlerThread.java:65)
12-07 16:38:05.994  1628  1628 E android.hardware.wifi@1.0-service: Failed to open directory: Permission denied
12-07 16:38:05.994  1628  1628 E android.hardware.wifi@1.0-service: Error occurred while deleting old tombstone files
12-07 16:38:05.994  1628  1628 E android.hardware.wifi@1.0-service: Error writing files to flash
12-07 16:38:06.203 15976 16053 E SupplicantStaIfaceHal: Can't call setPowerSave, ISupplicantStaIface is null
12-07 16:38:06.203 15976 16053 E SupplicantStaIfaceHal: Can't call setBtCoexistenceMode, ISupplicantStaIface is null
12-07 16:38:06.216 15976 16053 E HalDevMgr: Should have at least 1 chip!
12-07 16:38:06.216 15976 16053 E HalDevMgr: dispatchAvailableForRequestListeners: no chip info found
12-07 16:38:06.223 15976 15996 E NetdConnector: NDC event {600 Iface linkstate radio0 down} took too long: 795ms
12-07 16:38:06.223 15976 16053 E SupplicantStaIfaceHal: Can't call listNetworks, ISupplicantStaIface is null
12-07 16:38:06.223 15976 16053 E SupplicantStaIfaceHal: removeAllNetworks failed, got null networks
12-07 16:38:06.223 15976 16053 E WifiStateMachine: Failed to remove networks on exiting connect mode
12-07 16:38:06.223 15976 15996 E NetdConnector: NDC event {616 Route removed fe80::/64 dev radio0} processed too late: 795ms
12-07 16:38:06.223 15976 16055 E WifiP2pService: Unhandled message { when=0 what=131204 target=com.android.internal.util.StateMachine$SmHandler }
12-07 16:38:06.224 15976 15996 E NetdConnector: NDC event {616 Route removed fec0::/64 dev radio0} processed too late: 795ms
12-07 16:38:06.224 15976 15996 E NetdConnector: NDC event {616 Route removed ::/0 via fe80::c96:19ff:fef5:82f7 dev radio0} processed too late: 796ms
12-07 16:38:06.225 15976 15996 E NetdConnector: NDC event {614 Address removed fec0::5549:2645:143a:9946/64 radio0 1 200} processed too late: 795ms
12-07 16:38:06.229 15976 15996 E NetdConnector: NDC event {614 Address removed fec0::7c7d:aaff:fe6f:a7bb/64 radio0 0 200} processed too late: 797ms
12-07 16:38:06.231 15976 15996 E NetdConnector: NDC event {614 Address removed fe80::7c7d:aaff:fe6f:a7bb/64 radio0 128 253} processed too late: 796ms
12-07 16:38:06.234 15976 15996 E NetdConnector: NDC event {613 IfaceClass active 1 20846811201470 0} processed too late: 788ms
12-07 16:38:06.236 15976 15996 E NetdConnector: NDC event {600 Iface linkstate wlan0 down} processed too late: 501ms
12-07 16:38:06.258 16506 25515 E WakeLock: GCM_HB_ALARM release without a matched acquire!
12-07 16:38:06.260 16506 25515 E GCM     : Connection closed with errorCode 20
12-07 16:38:06.270 16506 25515 E WakeLock: GCM_CONN_ALARM release without a matched acquire!
12-07 16:38:06.314 15976 16054 E WificondControl: No valid wificond scanner interface handler
12-07 16:38:06.316 15976 15994 E BatteryExternalStatsWorker: no controller energy info supplied for wifi
12-07 16:38:06.321 15976 15994 E BatteryExternalStatsWorker: no controller energy info supplied for wifi
12-07 16:38:06.671 15976 16053 E WifiScanRequestProxy: Scan failure received. reason: -1,description: not available
12-07 16:38:08.195  1628  1628 E android.hardware.wifi@1.0-service: Failed to register radio mode change callback
12-07 16:38:08.201  1628  1628 E android.hardware.wifi@1.0-service: Failed to set DFS flag; DFS channels may be unavailable.
12-07 16:38:08.295 15926 15926 E wificond: No Offload Service available
12-07 16:38:08.298 15976 16053 E SupplicantStaIfaceHal: Can't call setupIface, ISupplicantStaIface is null
12-07 16:38:08.389 15976 16054 E WifiVendorHal: getBgScanCapabilities(l.671) failed {.code = ERROR_NOT_SUPPORTED, .description = }
12-07 16:38:08.459 15976 16055 E WifiP2pService: Unhandled message { when=0 what=131203 target=com.android.internal.util.StateMachine$SmHandler }
12-07 16:38:08.465 15976 16055 E WifiP2pService: Unhandled message { when=-1ms what=131203 target=com.android.internal.util.StateMachine$SmHandler }
12-07 16:38:08.479 15976 15994 E BatteryExternalStatsWorker: no controller energy info supplied for wifi
12-07 16:38:08.487 15976 15994 E BatteryExternalStatsWorker: no controller energy info supplied for wifi
12-07 16:38:08.633 15976 16056 E ConnectivityService: exception in setMtu()java.lang.IllegalStateException: command '305 interface setmtu radio0 1500' failed with '400 305 Failed to set MTU (Permission denied)'
12-07 16:38:08.917 16506 25924 E WakeLock: GCM_HB_ALARM release without a matched acquire!
12-07 16:38:08.931 16506 25926 E WakeLock: GCM_HB_ALARM release without a matched acquire!
12-07 16:38:08.938 16506 25926 E WakeLock: GCM_CONN_ALARM release without a matched acquire!
