--------- beginning of main
12-07 20:11:27.657 24362 24362 E oid.documentsu: Not starting debugger since process cannot load the jdwp agent.
--------- beginning of system
12-07 20:11:27.718 24377 24377 E ndroid.keychai: Not starting debugger since process cannot load the jdwp agent.
12-07 20:11:28.763 24423 24423 E droid.apps.doc: Not starting debugger since process cannot load the jdwp agent.
12-07 20:11:30.485 24423 24423 E DocsApplication: [main] No default account found during application creation.
12-07 20:11:30.694  1737  1809 E storaged: getDiskStats failed with result NOT_SUPPORTED and size 0
12-07 20:11:31.434  1729  1752 E         : Couldn't opendir /data/app/vmdl1340848723.tmp: No such file or directory
12-07 20:11:31.435  1729  1752 E installd: Failed to delete /data/app/vmdl1340848723.tmp: No such file or directory
12-07 20:11:34.715 24484 24484 E harlton.mileag: Not starting debugger since process cannot load the jdwp agent.
12-07 20:11:36.184 16085 24146 E putmethod.lati: Invalid ID 0x00000001.
12-07 20:11:36.201 16085 24146 E LstmTrainingCache: emn: Can't get resource name for input slot
12-07 20:11:36.201 16085 24146 E LstmTrainingCache: android.content.res.Resources$NotFoundException: Unable to find resource ID #0x1
12-07 20:11:36.201 16085 24146 E LstmTrainingCache: 	at android.content.res.ResourcesImpl.getResourceName(ResourcesImpl.java:255)
12-07 20:11:36.201 16085 24146 E LstmTrainingCache: 	at android.content.res.Resources.getResourceName(Resources.java:1954)
12-07 20:11:36.201 16085 24146 E LstmTrainingCache: 	at emn.a(PG:12)
12-07 20:11:36.201 16085 24146 E LstmTrainingCache: 	at emk.run(PG:5)
12-07 20:11:36.201 16085 24146 E LstmTrainingCache: 	at java.lang.Thread.run(Thread.java:764)
12-07 20:11:36.330 24505 24505 E hod.latin:trai: Not starting debugger since process cannot load the jdwp agent.
12-07 20:11:40.947 16506 24216 E ctxmgr  : [AppIntervalImpl]closeInterval: stopTimeMillis invalid, stop=1544231500947, start=1544238227857
12-07 20:11:40.955 16506 24216 E ctxmgr  : [AppIntervalImpl]closeInterval: stopTimeMillis invalid, stop=1544231500955, start=1544238227858
12-07 20:11:48.919 16506 16506 E BeaconBle: Missing BluetoothAdapter
12-07 20:11:48.992 16506 16506 E BeaconBle: Scan couldn't start for Places
12-07 20:12:08.463  1829  1829 E netmgr  : Failed to open QEMU pipe 'qemud:network': Invalid argument
12-07 20:12:08.464  1829  1829 E netmgr  : WifiForwarder unable to open QEMU pipe: Invalid argument
12-07 20:12:09.636  1628  1628 E android.hardware.wifi@1.0-service: Failed to register radio mode change callback
12-07 20:12:09.642  1628  1628 E android.hardware.wifi@1.0-service: Failed to set DFS flag; DFS channels may be unavailable.
12-07 20:12:09.667 15926 15926 E wificond: No Offload Service available
12-07 20:12:10.034 15976 16055 E WifiP2pService: Unhandled message { when=-6ms what=131203 target=com.android.internal.util.StateMachine$SmHandler }
12-07 20:12:10.052 15976 16055 E WifiP2pService: Unhandled message { when=-5ms what=131203 target=com.android.internal.util.StateMachine$SmHandler }
12-07 20:12:10.077 15976 15994 E BatteryExternalStatsWorker: no controller energy info supplied for wifi
12-07 20:12:10.135 15976 15994 E BatteryExternalStatsWorker: no controller energy info supplied for wifi
12-07 20:12:10.407 16561 16561 E ContextIntentStarter: No activity found for any of the 0 intents
12-07 20:12:10.981 24581 24581 E wpa_supplicant: nl80211: Failed to open /proc/sys/net/ipv4/conf/p2p-dev-wlan0/drop_unicast_in_l2_multicast: No such file or directory
12-07 20:12:10.982 24581 24581 E wpa_supplicant: nl80211: Failed to set IPv4 unicast in multicast filter
12-07 20:12:10.983 24581 24581 E wpa_supplicant: nl80211: Failed to open /proc/sys/net/ipv4/conf/p2p-dev-wlan0/drop_unicast_in_l2_multicast: No such file or directory
12-07 20:12:10.983 24581 24581 E wpa_supplicant: nl80211: Failed to set IPv4 unicast in multicast filter
12-07 20:12:11.091 24581 24581 E wpa_supplicant: nl80211: Failed to open /proc/sys/net/ipv4/conf/wlan0/drop_unicast_in_l2_multicast: No such file or directory
12-07 20:12:11.091 24581 24581 E wpa_supplicant: nl80211: Failed to set IPv4 unicast in multicast filter
12-07 20:12:11.119 24589 24589 E rrierdefaultap: Not starting debugger since process cannot load the jdwp agent.
12-07 20:12:11.201 24581 24581 E wpa_supplicant: nl80211: Failed to open /proc/sys/net/ipv4/conf/wlan0/drop_unicast_in_l2_multicast: No such file or directory
12-07 20:12:11.201 24581 24581 E wpa_supplicant: nl80211: Failed to set IPv4 unicast in multicast filter
12-07 20:12:11.435  1628  1628 E android.hardware.wifi@1.0-service: Failed to open directory: Permission denied
12-07 20:12:11.435  1628  1628 E android.hardware.wifi@1.0-service: Error occurred while deleting old tombstone files
12-07 20:12:11.435  1628  1628 E android.hardware.wifi@1.0-service: Error writing files to flash
12-07 20:12:11.656 15976 16055 E WifiP2pService: Unhandled message { when=-1ms what=131204 target=com.android.internal.util.StateMachine$SmHandler }
12-07 20:12:11.706 15976 15994 E BatteryExternalStatsWorker: no controller energy info supplied for wifi
12-07 20:12:11.715 15976 15994 E BatteryExternalStatsWorker: no controller energy info supplied for wifi
12-07 20:12:17.632 15927 24607 E audio_hw_generic: pcm_open(in) failed: cannot open device '/dev/snd/pcmC0D0c': Device or resource busy: channels 2 format 0 rate 16000
12-07 20:12:30.725  1737  1809 E storaged: getDiskStats failed with result NOT_SUPPORTED and size 0
12-07 20:13:08.526  1829  1829 E netmgr  : Failed to open QEMU pipe 'qemud:network': Invalid argument
12-07 20:13:08.526  1829  1829 E netmgr  : WifiForwarder unable to open QEMU pipe: Invalid argument
12-07 20:13:30.730  1737  1809 E storaged: getDiskStats failed with result NOT_SUPPORTED and size 0
12-07 20:14:08.581  1829  1829 E netmgr  : Failed to open QEMU pipe 'qemud:network': Invalid argument
12-07 20:14:08.581  1829  1829 E netmgr  : WifiForwarder unable to open QEMU pipe: Invalid argument
12-07 20:14:30.732  1737  1809 E storaged: getDiskStats failed with result NOT_SUPPORTED and size 0
12-07 20:15:08.643  1829  1829 E netmgr  : Failed to open QEMU pipe 'qemud:network': Invalid argument
12-07 20:15:08.643  1829  1829 E netmgr  : WifiForwarder unable to open QEMU pipe: Invalid argument
