--------- beginning of main
--------- beginning of system
12-08 01:57:55.564 29550 29550 E emui:screensho: Not starting debugger since process cannot load the jdwp agent.
12-08 01:57:56.100 29550 29550 E SoundPool: error loading /product/media/audio/ui/camera_click.ogg
12-08 01:57:56.384  1724  1766 E SurfaceFlinger: ro.sf.lcd_density must be defined as a build property
12-08 01:57:56.428  1739  1739 E OMXNodeInstance: getConfig(0xee326c00:google.vorbis.decoder, ConfigAndroidVendorExtension(0x6f100004)) ERROR: Undefined(0x80001001)
12-08 01:57:56.558  1724  2165 E SurfaceFlinger: ro.sf.lcd_density must be defined as a build property
12-08 01:57:59.123  1632  1632 E lowmemorykiller: Error writing /proc/28299/oom_score_adj; errno=22
12-08 01:58:00.888 16506 16506 E BeaconBle: Missing BluetoothAdapter
12-08 01:58:00.963 16506 16506 E BeaconBle: Scan couldn't start for Places
12-08 01:58:09.471 29599 29599 E oid.apps.photo: Not starting debugger since process cannot load the jdwp agent.
12-08 01:58:10.133  1829  1829 E netmgr  : Failed to open QEMU pipe 'qemud:network': Invalid argument
12-08 01:58:10.133  1829  1829 E netmgr  : WifiForwarder unable to open QEMU pipe: Invalid argument
12-08 01:58:10.645 29617 29617 E ocess.gservice: Not starting debugger since process cannot load the jdwp agent.
12-08 01:58:21.922 16085 16085 E native  : suggestion-transformer.cc:118 suggestion picked candidate not found for id: 1
12-08 01:58:23.226 16561 16561 E ContextIntentStarter: No activity found for any of the 0 intents
12-08 01:58:23.753  1628  1628 E android.hardware.wifi@1.0-service: Failed to register radio mode change callback
12-08 01:58:23.757  1628  1628 E android.hardware.wifi@1.0-service: Failed to set DFS flag; DFS channels may be unavailable.
12-08 01:58:23.994 15926 15926 E wificond: No Offload Service available
12-08 01:58:24.261 15976 16055 E WifiP2pService: Unhandled message { when=0 what=131203 target=com.android.internal.util.StateMachine$SmHandler }
12-08 01:58:24.276 29671 29671 E .android.diale: Not starting debugger since process cannot load the jdwp agent.
12-08 01:58:24.307 15976 16055 E WifiP2pService: Unhandled message { when=-1ms what=131203 target=com.android.internal.util.StateMachine$SmHandler }
12-08 01:58:24.350 15976 15994 E BatteryExternalStatsWorker: no controller energy info supplied for wifi
12-08 01:58:24.375 15976 15994 E BatteryExternalStatsWorker: no controller energy info supplied for wifi
12-08 01:58:25.605 29671 29671 E .android.diale: The String#value field is not present on Android versions >= 6.0
12-08 01:58:28.799 15976 15994 E BatteryExternalStatsWorker: no controller energy info supplied for wifi
12-08 01:58:29.399 15925 15942 E Netd    : Error adding route ::/0 -> fe80::ff:fe00:100 wlan0 to table 1003: File exists
12-08 01:58:30.099 16506 29724 E WakeLock: GCM_CONN_ALARM release without a matched acquire!
12-08 01:58:30.192 29725 29725 E android.youtub: Not starting debugger since process cannot load the jdwp agent.
12-08 01:58:30.713 16506 29593 E ctxmgr  : [NetworkUtil]No active synchronizable contexts.
12-08 01:58:30.877 29741 29741 E id.gms.unstabl: Not starting debugger since process cannot load the jdwp agent.
12-08 01:58:31.717  1737  1809 E storaged: getDiskStats failed with result NOT_SUPPORTED and size 0
12-08 01:58:32.772 29725 29771 E YouTube : Failed delayed event dispatch, no dispatchers.
12-08 01:58:33.944 16506 29740 E NetworkScheduler.ATC: Called cancelTask for already completed task com.google.android.youtube/com.google.android.libraries.youtube.common.gcore.gcoreclient.gcm.impl.GcmTaskServiceDelegator{u=0 tag="device_context_task" trigger=window{period=5400s,flex=600s,earliest=-2489s,latest=-1889s} requirements=[NET_UNMETERED] attributes=[PERSISTED,RECURRING] scheduled=-7289s last_run=-3s jid=N/A status=PENDING retries=0 client_lib=MANCHEGO_GCM-13280000} :RESCHEDULED
12-08 01:58:33.956 16506 29740 E NetworkScheduler: Unknown result code received: 4
12-08 01:58:37.350 15927 29893 E audio_hw_generic: pcm_open(in) failed: cannot open device '/dev/snd/pcmC0D0c': Device or resource busy: channels 2 format 0 rate 16000
12-08 01:58:41.070 16506 16506 E BluetoothAdapter: Bluetooth binder is null
12-08 01:58:41.071 16506 16506 E BluetoothAdapter: Bluetooth binder is null
12-08 01:58:41.854 29919 29919 E .android.gms.u: Not starting debugger since process cannot load the jdwp agent.
12-08 01:58:45.630 29975 29975 E viders.calenda: Not starting debugger since process cannot load the jdwp agent.
12-08 01:58:46.853 30007 30007 E s.messaging:rc: Not starting debugger since process cannot load the jdwp agent.
12-08 01:58:48.348 16506 26798 E NetworkScheduler.TED: Dropping task as app's play services SDK version does not support Android O. Either update the SDK or lower your app's target SDK version. Canceling all tasks for the service: ComponentInfo{com.google.android.youtube/com.google.android.libraries.youtube.common.gcore.gcoreclient.gcm.impl.GcmTaskServiceDelegator}
12-08 01:58:48.559  1632  1632 E lowmemorykiller: Error opening /proc/29550/oom_score_adj; errno=2
12-08 01:58:48.683  1632  1632 E lowmemorykiller: Error opening /proc/29073/oom_score_adj; errno=2
12-08 01:58:49.311 30055 30055 E ndroid.calenda: Not starting debugger since process cannot load the jdwp agent.
12-08 01:58:49.539  1632  1632 E lowmemorykiller: Error opening /proc/29741/oom_score_adj; errno=2
12-08 01:58:49.539  1632  1632 E lowmemorykiller: Error opening /proc/28248/oom_score_adj; errno=2
12-08 01:58:49.572  1632  1632 E lowmemorykiller: Error opening /proc/28248/oom_score_adj; errno=2
12-08 01:58:49.644 30073 30073 E d.process.acor: Not starting debugger since process cannot load the jdwp agent.
12-08 01:58:49.804 16506 29593 E ctxmgr  : [AppIntervalImpl]closeInterval: stopTimeMillis invalid, stop=1544234329804, start=1544238227857
12-08 01:58:49.807 16506 29593 E ctxmgr  : [AppIntervalImpl]closeInterval: stopTimeMillis invalid, stop=1544234329807, start=1544238227858
12-08 01:58:51.604 30125 30125 E droid.deskcloc: Not starting debugger since process cannot load the jdwp agent.
12-08 01:58:52.102 30125 30125 E LoadedApk: Unable to instantiate appComponentFactory
12-08 01:58:52.102 30125 30125 E LoadedApk: java.lang.ClassNotFoundException: Didn't find class "android.support.v4.app.CoreComponentFactory" on path: DexPathList[[zip file "/data/app/com.google.android.deskclock-irjeQ48B8SlCzNgOUY6aXg==/base.apk"],nativeLibraryDirectories=[/data/app/com.google.android.deskclock-irjeQ48B8SlCzNgOUY6aXg==/lib/x86, /system/lib]]
12-08 01:58:52.102 30125 30125 E LoadedApk: 	at dalvik.system.BaseDexClassLoader.findClass(BaseDexClassLoader.java:134)
12-08 01:58:52.102 30125 30125 E LoadedApk: 	at java.lang.ClassLoader.loadClass(ClassLoader.java:379)
12-08 01:58:52.102 30125 30125 E LoadedApk: 	at java.lang.ClassLoader.loadClass(ClassLoader.java:312)
12-08 01:58:52.102 30125 30125 E LoadedApk: 	at android.app.LoadedApk.createAppFactory(LoadedApk.java:226)
12-08 01:58:52.102 30125 30125 E LoadedApk: 	at android.app.LoadedApk.createOrUpdateClassLoaderLocked(LoadedApk.java:731)
12-08 01:58:52.102 30125 30125 E LoadedApk: 	at android.app.LoadedApk.getClassLoader(LoadedApk.java:810)
12-08 01:58:52.102 30125 30125 E LoadedApk: 	at android.app.LoadedApk.getResources(LoadedApk.java:1032)
12-08 01:58:52.102 30125 30125 E LoadedApk: 	at android.app.ContextImpl.createAppContext(ContextImpl.java:2345)
12-08 01:58:52.102 30125 30125 E LoadedApk: 	at android.app.ActivityThread.handleBindApplication(ActivityThread.java:5749)
12-08 01:58:52.102 30125 30125 E LoadedApk: 	at android.app.ActivityThread.access$1100(ActivityThread.java:199)
12-08 01:58:52.102 30125 30125 E LoadedApk: 	at android.app.ActivityThread$H.handleMessage(ActivityThread.java:1650)
12-08 01:58:52.102 30125 30125 E LoadedApk: 	at android.os.Handler.dispatchMessage(Handler.java:106)
12-08 01:58:52.102 30125 30125 E LoadedApk: 	at android.os.Looper.loop(Looper.java:193)
12-08 01:58:52.102 30125 30125 E LoadedApk: 	at android.app.ActivityThread.main(ActivityThread.java:6669)
12-08 01:58:52.102 30125 30125 E LoadedApk: 	at java.lang.reflect.Method.invoke(Native Method)
12-08 01:58:52.102 30125 30125 E LoadedApk: 	at com.android.internal.os.RuntimeInit$MethodAndArgsCaller.run(RuntimeInit.java:493)
12-08 01:58:52.102 30125 30125 E LoadedApk: 	at com.android.internal.os.ZygoteInit.main(ZygoteInit.java:858)
12-08 01:58:53.238 30155 30155 E com.ustwo.lwp: Not starting debugger since process cannot load the jdwp agent.
12-08 01:59:00.848 30195 30195 E .android.video: Not starting debugger since process cannot load the jdwp agent.
12-08 01:59:02.758 16506 29593 E NetworkScheduler.ATC: Called cancelTask for already completed task com.google.android.gms/.measurement.PackageMeasurementTaskService{u=0 tag="Measurement.PackageMeasurementTaskService.UPLOAD_TASK_TAG" trigger=window{start=1749s,end=3499s,earliest=-1751s,latest=-1s} requirements=[NET_CONNECTED] attributes=[PERSISTED] scheduled=-3500s last_run=-6s jid=N/A status=ACTIVE retries=0 client_lib=MANCHEGO_GCM-14799000} :RESCHEDULED
12-08 01:59:10.388  1829  1829 E netmgr  : Failed to open QEMU pipe 'qemud:network': Invalid argument
12-08 01:59:10.389  1829  1829 E netmgr  : WifiForwarder unable to open QEMU pipe: Invalid argument
12-08 01:59:12.845 16561 16561 E TaskServiceHelper: Cannot execute TaskName.UNKNOWN (or data got corrupted).
12-08 01:59:31.981  1737  1809 E storaged: getDiskStats failed with result NOT_SUPPORTED and size 0
12-08 01:59:43.943 16410 29477 E SQLiteCastStore: Skip saving CastDeviceInfo: "Nearby device" (__cast_nearby___V_28551630-8fd1-43f0-8494-5d64a3f69f35)
12-08 02:00:10.395  1829  1829 E netmgr  : Failed to open QEMU pipe 'qemud:network': Invalid argument
12-08 02:00:10.395  1829  1829 E netmgr  : WifiForwarder unable to open QEMU pipe: Invalid argument
12-08 02:00:32.005  1737  1809 E storaged: getDiskStats failed with result NOT_SUPPORTED and size 0
12-08 02:01:10.400  1829  1829 E netmgr  : Failed to open QEMU pipe 'qemud:network': Invalid argument
12-08 02:01:10.400  1829  1829 E netmgr  : WifiForwarder unable to open QEMU pipe: Invalid argument
12-08 02:01:32.014  1737  1809 E storaged: getDiskStats failed with result NOT_SUPPORTED and size 0
12-08 02:02:10.404  1829  1829 E netmgr  : Failed to open QEMU pipe 'qemud:network': Invalid argument
12-08 02:02:10.405  1829  1829 E netmgr  : WifiForwarder unable to open QEMU pipe: Invalid argument
12-08 02:02:11.500 16085 16085 E native  : suggestion-transformer.cc:118 suggestion picked candidate not found for id: 3
