--------- beginning of main
12-08 03:13:45.855  8320  8320 E ndroid.keychai: Not starting debugger since process cannot load the jdwp agent.
12-08 03:13:45.856  8308  8308 E id.defcontaine: Not starting debugger since process cannot load the jdwp agent.
12-08 03:13:45.857  8313  8313 E oid.documentsu: Not starting debugger since process cannot load the jdwp agent.
--------- beginning of system
12-08 03:13:46.363 16506  8356 E WakeLock: GCM_CONN_ALARM release without a matched acquire!
12-08 03:13:46.895  8387  8387 E id.gms.learnin: Not starting debugger since process cannot load the jdwp agent.
12-08 03:13:47.094  8404  8404 E droid.apps.doc: Not starting debugger since process cannot load the jdwp agent.
12-08 03:13:47.720  8423  8423 E id.gms.unstabl: Not starting debugger since process cannot load the jdwp agent.
12-08 03:13:48.558  8454  8454 E d.process.medi: Not starting debugger since process cannot load the jdwp agent.
12-08 03:13:49.850  8404  8404 E DocsApplication: [main] No default account found during application creation.
12-08 03:13:51.841  1729  1729 E         : Couldn't opendir /data/app/vmdl1036044952.tmp: No such file or directory
12-08 03:13:51.841  1729  1729 E installd: Failed to delete /data/app/vmdl1036044952.tmp: No such file or directory
12-08 03:13:55.490  8534  8534 E harlton.mileag: Not starting debugger since process cannot load the jdwp agent.
12-08 03:13:57.281  8557  8557 E viders.calenda: Not starting debugger since process cannot load the jdwp agent.
12-08 03:13:57.920 16085 31762 E putmethod.lati: Invalid ID 0x00000001.
12-08 03:13:57.932 16085 31762 E LstmTrainingCache: emn: Can't get resource name for input slot
12-08 03:13:57.932 16085 31762 E LstmTrainingCache: android.content.res.Resources$NotFoundException: Unable to find resource ID #0x1
12-08 03:13:57.932 16085 31762 E LstmTrainingCache: 	at android.content.res.ResourcesImpl.getResourceName(ResourcesImpl.java:255)
12-08 03:13:57.932 16085 31762 E LstmTrainingCache: 	at android.content.res.Resources.getResourceName(Resources.java:1954)
12-08 03:13:57.932 16085 31762 E LstmTrainingCache: 	at emn.a(PG:12)
12-08 03:13:57.932 16085 31762 E LstmTrainingCache: 	at emk.run(PG:5)
12-08 03:13:57.932 16085 31762 E LstmTrainingCache: 	at java.lang.Thread.run(Thread.java:764)
12-08 03:14:05.924 16085 16085 E native  : suggestion-transformer.cc:118 suggestion picked candidate not found for id: 2
12-08 03:14:10.209  8596  8596 E emui:screensho: Not starting debugger since process cannot load the jdwp agent.
12-08 03:14:10.765  1829  1829 E netmgr  : Failed to open QEMU pipe 'qemud:network': Invalid argument
12-08 03:14:10.766  1829  1829 E netmgr  : WifiForwarder unable to open QEMU pipe: Invalid argument
12-08 03:14:11.710  8596  8596 E SoundPool: error loading /product/media/audio/ui/camera_click.ogg
12-08 03:14:12.048  1724  1876 E SurfaceFlinger: ro.sf.lcd_density must be defined as a build property
12-08 03:14:12.059  1739  1739 E OMXNodeInstance: getConfig(0xee326b40:google.vorbis.decoder, ConfigAndroidVendorExtension(0x6f100004)) ERROR: Undefined(0x80001001)
12-08 03:14:12.428  1724  1876 E SurfaceFlinger: ro.sf.lcd_density must be defined as a build property
12-08 03:14:15.020  8625  8625 E d.process.medi: Not starting debugger since process cannot load the jdwp agent.
12-08 03:14:17.849  8646  8646 E oid.apps.photo: Not starting debugger since process cannot load the jdwp agent.
12-08 03:14:20.347 16506  7539 E ctxmgr  : [AppIntervalImpl]closeInterval: ongoing
12-08 03:14:20.351 16506  7539 E ctxmgr  : [AppIntervalImpl]closeInterval: ongoing
12-08 03:14:20.565 16506 16506 E BeaconBle: Missing BluetoothAdapter
12-08 03:14:20.636 16506 16506 E BeaconBle: Scan couldn't start for Places
12-08 03:14:20.821  8683  8683 E ndroid.calenda: Not starting debugger since process cannot load the jdwp agent.
12-08 03:14:20.827  8678  8678 E ocess.gservice: Not starting debugger since process cannot load the jdwp agent.
12-08 03:14:22.416  8719  8719 E viders.calenda: Not starting debugger since process cannot load the jdwp agent.
12-08 03:14:23.560  8765  8765 E droid.deskcloc: Not starting debugger since process cannot load the jdwp agent.
12-08 03:14:24.318  8765  8765 E LoadedApk: Unable to instantiate appComponentFactory
12-08 03:14:24.318  8765  8765 E LoadedApk: java.lang.ClassNotFoundException: Didn't find class "android.support.v4.app.CoreComponentFactory" on path: DexPathList[[zip file "/data/app/com.google.android.deskclock-irjeQ48B8SlCzNgOUY6aXg==/base.apk"],nativeLibraryDirectories=[/data/app/com.google.android.deskclock-irjeQ48B8SlCzNgOUY6aXg==/lib/x86, /system/lib]]
12-08 03:14:24.318  8765  8765 E LoadedApk: 	at dalvik.system.BaseDexClassLoader.findClass(BaseDexClassLoader.java:134)
12-08 03:14:24.318  8765  8765 E LoadedApk: 	at java.lang.ClassLoader.loadClass(ClassLoader.java:379)
12-08 03:14:24.318  8765  8765 E LoadedApk: 	at java.lang.ClassLoader.loadClass(ClassLoader.java:312)
12-08 03:14:24.318  8765  8765 E LoadedApk: 	at android.app.LoadedApk.createAppFactory(LoadedApk.java:226)
12-08 03:14:24.318  8765  8765 E LoadedApk: 	at android.app.LoadedApk.createOrUpdateClassLoaderLocked(LoadedApk.java:731)
12-08 03:14:24.318  8765  8765 E LoadedApk: 	at android.app.LoadedApk.getClassLoader(LoadedApk.java:810)
12-08 03:14:24.318  8765  8765 E LoadedApk: 	at android.app.LoadedApk.getResources(LoadedApk.java:1032)
12-08 03:14:24.318  8765  8765 E LoadedApk: 	at android.app.ContextImpl.createAppContext(ContextImpl.java:2345)
12-08 03:14:24.318  8765  8765 E LoadedApk: 	at android.app.ActivityThread.handleBindApplication(ActivityThread.java:5749)
12-08 03:14:24.318  8765  8765 E LoadedApk: 	at android.app.ActivityThread.access$1100(ActivityThread.java:199)
12-08 03:14:24.318  8765  8765 E LoadedApk: 	at android.app.ActivityThread$H.handleMessage(ActivityThread.java:1650)
12-08 03:14:24.318  8765  8765 E LoadedApk: 	at android.os.Handler.dispatchMessage(Handler.java:106)
12-08 03:14:24.318  8765  8765 E LoadedApk: 	at android.os.Looper.loop(Looper.java:193)
12-08 03:14:24.318  8765  8765 E LoadedApk: 	at android.app.ActivityThread.main(ActivityThread.java:6669)
12-08 03:14:24.318  8765  8765 E LoadedApk: 	at java.lang.reflect.Method.invoke(Native Method)
12-08 03:14:24.318  8765  8765 E LoadedApk: 	at com.android.internal.os.RuntimeInit$MethodAndArgsCaller.run(RuntimeInit.java:493)
12-08 03:14:24.318  8765  8765 E LoadedApk: 	at com.android.internal.os.ZygoteInit.main(ZygoteInit.java:858)
12-08 03:14:25.585  8793  8793 E com.ustwo.lwp: Not starting debugger since process cannot load the jdwp agent.
12-08 03:14:33.173  1737  1809 E storaged: getDiskStats failed with result NOT_SUPPORTED and size 0
12-08 03:14:41.167 16410  7492 E SQLiteCastStore: Skip saving CastDeviceInfo: "Nearby device" (__cast_nearby___V_5d1efd87-a6c2-4ce8-9014-d11dfd44418c)
12-08 03:14:45.298  8534  8534 E SpannableStringBuilder: SPAN_EXCLUSIVE_EXCLUSIVE spans cannot have a zero length
12-08 03:14:45.298  8534  8534 E SpannableStringBuilder: SPAN_EXCLUSIVE_EXCLUSIVE spans cannot have a zero length
12-08 03:14:46.822 16561 16561 E ContextIntentStarter: No activity found for any of the 0 intents
12-08 03:14:47.116  8857  8857 E rrierdefaultap: Not starting debugger since process cannot load the jdwp agent.
12-08 03:14:47.450 16506  8873 E WakeLock: GCM_HB_ALARM release without a matched acquire!
12-08 03:14:47.485 16506  8873 E WakeLock: GCM_CONN_ALARM release without a matched acquire!
12-08 03:14:48.786 16788 17129 E PlayCommon: [121] com.google.android.play.b.g.a(448): Failed to connect to server: java.net.UnknownHostException: Unable to resolve host "play.googleapis.com": No address associated with hostname
12-08 03:14:56.309 16506  8887 E WakeLock: GCM_HB_ALARM release without a matched acquire!
12-08 03:14:56.340 16506  8887 E WakeLock: GCM_CONN_ALARM release without a matched acquire!
12-08 03:14:59.371 15927  8894 E audio_hw_generic: pcm_open(in) failed: cannot open device '/dev/snd/pcmC0D0c': Device or resource busy: channels 2 format 0 rate 16000
12-08 03:15:10.773  1829  1829 E netmgr  : Failed to open QEMU pipe 'qemud:network': Invalid argument
12-08 03:15:10.774  1829  1829 E netmgr  : WifiForwarder unable to open QEMU pipe: Invalid argument
12-08 03:15:13.805 16506  8901 E WakeLock: GCM_HB_ALARM release without a matched acquire!
12-08 03:15:13.815 16506  8901 E WakeLock: GCM_CONN_ALARM release without a matched acquire!
12-08 03:15:33.190  1737  1809 E storaged: getDiskStats failed with result NOT_SUPPORTED and size 0
12-08 03:15:48.731 16506  8915 E WakeLock: GCM_HB_ALARM release without a matched acquire!
12-08 03:15:48.735 16506  8915 E WakeLock: GCM_CONN_ALARM release without a matched acquire!
12-08 03:16:10.777  1829  1829 E netmgr  : Failed to open QEMU pipe 'qemud:network': Invalid argument
12-08 03:16:10.778  1829  1829 E netmgr  : WifiForwarder unable to open QEMU pipe: Invalid argument
12-08 03:16:33.194  1737  1809 E storaged: getDiskStats failed with result NOT_SUPPORTED and size 0
12-08 03:16:58.541 16506  8938 E WakeLock: GCM_HB_ALARM release without a matched acquire!
12-08 03:16:58.548 16506  8938 E WakeLock: GCM_CONN_ALARM release without a matched acquire!
12-08 03:17:06.283  8948  8948 E hod.latin:trai: Not starting debugger since process cannot load the jdwp agent.
12-08 03:17:10.316 15976 15989 E memtrack: Couldn't load memtrack module
12-08 03:17:10.322 15976 15989 E memtrack: Couldn't load memtrack module
12-08 03:17:10.323 15976 15989 E memtrack: Couldn't load memtrack module
12-08 03:17:10.325 15976 15989 E memtrack: Couldn't load memtrack module
12-08 03:17:10.325 15976 15989 E memtrack: Couldn't load memtrack module
12-08 03:17:10.332 15976 15989 E memtrack: Couldn't load memtrack module
12-08 03:17:10.336 15976 15989 E memtrack: Couldn't load memtrack module
12-08 03:17:10.341 15976 15989 E memtrack: Couldn't load memtrack module
12-08 03:17:10.345 15976 15989 E memtrack: Couldn't load memtrack module
12-08 03:17:10.351 15976 15989 E memtrack: Couldn't load memtrack module
12-08 03:17:10.359 15976 15989 E memtrack: Couldn't load memtrack module
12-08 03:17:10.363 15976 15989 E memtrack: Couldn't load memtrack module
12-08 03:17:10.368 15976 15989 E memtrack: Couldn't load memtrack module
12-08 03:17:10.378 15976 15989 E memtrack: Couldn't load memtrack module
12-08 03:17:10.383 15976 15989 E memtrack: Couldn't load memtrack module
12-08 03:17:10.398 15976 15989 E memtrack: Couldn't load memtrack module
12-08 03:17:10.404 15976 15989 E memtrack: Couldn't load memtrack module
12-08 03:17:10.410 15976 15989 E memtrack: Couldn't load memtrack module
12-08 03:17:10.419 15976 15989 E memtrack: Couldn't load memtrack module
12-08 03:17:10.426 15976 15989 E memtrack: Couldn't load memtrack module
12-08 03:17:10.433 15976 15989 E memtrack: Couldn't load memtrack module
12-08 03:17:10.438 15976 15989 E memtrack: Couldn't load memtrack module
12-08 03:17:10.446 15976 15989 E memtrack: Couldn't load memtrack module
12-08 03:17:10.452 15976 15989 E memtrack: Couldn't load memtrack module
12-08 03:17:10.456 15976 15989 E memtrack: Couldn't load memtrack module
12-08 03:17:10.464 15976 15989 E memtrack: Couldn't load memtrack module
12-08 03:17:10.468 15976 15989 E memtrack: Couldn't load memtrack module
12-08 03:17:10.472 15976 15989 E memtrack: Couldn't load memtrack module
12-08 03:17:10.474 15976 15989 E memtrack: Couldn't load memtrack module
12-08 03:17:10.480 15976 15989 E memtrack: Couldn't load memtrack module
12-08 03:17:10.495 15976 15989 E memtrack: Couldn't load memtrack module
12-08 03:17:10.498 15976 15989 E memtrack: Couldn't load memtrack module
12-08 03:17:10.513 15976 15989 E memtrack: Couldn't load memtrack module
12-08 03:17:10.547 15976 15989 E memtrack: Couldn't load memtrack module
12-08 03:17:10.564 15976 15989 E memtrack: Couldn't load memtrack module
12-08 03:17:10.571 15976 15989 E memtrack: Couldn't load memtrack module
12-08 03:17:10.578 15976 15989 E memtrack: Couldn't load memtrack module
12-08 03:17:10.587 15976 15989 E memtrack: Couldn't load memtrack module
12-08 03:17:10.595 15976 15989 E memtrack: Couldn't load memtrack module
12-08 03:17:10.611 15976 15989 E memtrack: Couldn't load memtrack module
12-08 03:17:10.624 15976 15989 E memtrack: Couldn't load memtrack module
12-08 03:17:10.631 15976 15989 E memtrack: Couldn't load memtrack module
12-08 03:17:10.637 15976 15989 E memtrack: Couldn't load memtrack module
12-08 03:17:10.652 15976 15989 E memtrack: Couldn't load memtrack module
12-08 03:17:10.658 15976 15989 E memtrack: Couldn't load memtrack module
12-08 03:17:10.663 15976 15989 E memtrack: Couldn't load memtrack module
12-08 03:17:10.667 15976 15989 E memtrack: Couldn't load memtrack module
12-08 03:17:10.672 15976 15989 E memtrack: Couldn't load memtrack module
12-08 03:17:10.687 15976 15989 E memtrack: Couldn't load memtrack module
12-08 03:17:10.691 15976 15989 E memtrack: Couldn't load memtrack module
12-08 03:17:10.696 15976 15989 E memtrack: Couldn't load memtrack module
12-08 03:17:10.699 15976 15989 E memtrack: Couldn't load memtrack module
12-08 03:17:10.702 15976 15989 E memtrack: Couldn't load memtrack module
12-08 03:17:10.706 15976 15989 E memtrack: Couldn't load memtrack module
12-08 03:17:10.709 15976 15989 E memtrack: Couldn't load memtrack module
12-08 03:17:10.711 15976 15989 E memtrack: Couldn't load memtrack module
12-08 03:17:10.714 15976 15989 E memtrack: Couldn't load memtrack module
12-08 03:17:10.714 15976 15989 E memtrack: Couldn't load memtrack module
12-08 03:17:10.760 15976 15989 E memtrack: Couldn't load memtrack module
12-08 03:17:10.780 15976 15989 E memtrack: Couldn't load memtrack module
12-08 03:17:10.786  1829  1829 E netmgr  : Failed to open QEMU pipe 'qemud:network': Invalid argument
12-08 03:17:10.786  1829  1829 E netmgr  : WifiForwarder unable to open QEMU pipe: Invalid argument
12-08 03:17:10.793 15976 15989 E memtrack: Couldn't load memtrack module
12-08 03:17:10.807 15976 15989 E memtrack: Couldn't load memtrack module
12-08 03:17:10.816 15976 15989 E memtrack: Couldn't load memtrack module
12-08 03:17:10.821 15976 15989 E memtrack: Couldn't load memtrack module
12-08 03:17:10.831 15976 15989 E memtrack: Couldn't load memtrack module
12-08 03:17:10.834 15976 15989 E memtrack: Couldn't load memtrack module
12-08 03:17:10.837 15976 15989 E memtrack: Couldn't load memtrack module
12-08 03:17:10.888 15976 15989 E memtrack: Couldn't load memtrack module
12-08 03:17:10.953 15976 15989 E memtrack: Couldn't load memtrack module
