--------- beginning of main
--------- beginning of system
12-07 09:08:30.577  2378 19151 E ctxmgr  : [ProducerStatusImpl]updateStateForNewContextData: inactive, contextName=7
12-07 09:08:32.846  2378  2378 E BeaconBle: Missing BluetoothAdapter
12-07 09:08:32.906  2378  2378 E BeaconBle: Scan couldn't start for Places
12-07 09:08:39.477  1727  1945 E         : Couldn't opendir /data/app/vmdl1837298498.tmp: No such file or directory
12-07 09:08:39.477  1727  1945 E installd: Failed to delete /data/app/vmdl1837298498.tmp: No such file or directory
12-07 09:08:50.365 19375 19375 E harlton.mileag: Not starting debugger since process cannot load the jdwp agent.
12-07 09:08:52.271  1829  1829 E netmgr  : Failed to open QEMU pipe 'qemud:network': Invalid argument
12-07 09:08:52.271  1829  1829 E netmgr  : WifiForwarder unable to open QEMU pipe: Invalid argument
12-07 09:09:01.444  1880  1897 E AutofillSession: No assist structure - app might have crashed providing it
12-07 09:09:06.115  1992  9017 E putmethod.lati: Invalid ID 0x00000001.
12-07 09:09:06.155  1992  9017 E LstmTrainingCache: emn: Can't get resource name for input slot
12-07 09:09:06.155  1992  9017 E LstmTrainingCache: android.content.res.Resources$NotFoundException: Unable to find resource ID #0x1
12-07 09:09:06.155  1992  9017 E LstmTrainingCache: 	at android.content.res.ResourcesImpl.getResourceName(ResourcesImpl.java:255)
12-07 09:09:06.155  1992  9017 E LstmTrainingCache: 	at android.content.res.Resources.getResourceName(Resources.java:1954)
12-07 09:09:06.155  1992  9017 E LstmTrainingCache: 	at emn.a(PG:12)
12-07 09:09:06.155  1992  9017 E LstmTrainingCache: 	at emk.run(PG:5)
12-07 09:09:06.155  1992  9017 E LstmTrainingCache: 	at java.lang.Thread.run(Thread.java:764)
12-07 09:09:12.222  1735  1809 E storaged: getDiskStats failed with result NOT_SUPPORTED and size 0
12-07 09:09:25.590  1992  9017 E putmethod.lati: Invalid ID 0x00000001.
12-07 09:09:25.603  1992  9017 E LstmTrainingCache: emn: Can't get resource name for input slot
12-07 09:09:25.603  1992  9017 E LstmTrainingCache: android.content.res.Resources$NotFoundException: Unable to find resource ID #0x1
12-07 09:09:25.603  1992  9017 E LstmTrainingCache: 	at android.content.res.ResourcesImpl.getResourceName(ResourcesImpl.java:255)
12-07 09:09:25.603  1992  9017 E LstmTrainingCache: 	at android.content.res.Resources.getResourceName(Resources.java:1954)
12-07 09:09:25.603  1992  9017 E LstmTrainingCache: 	at emn.a(PG:12)
12-07 09:09:25.603  1992  9017 E LstmTrainingCache: 	at emk.run(PG:5)
12-07 09:09:25.603  1992  9017 E LstmTrainingCache: 	at java.lang.Thread.run(Thread.java:764)
12-07 09:09:38.576  1880  1897 E AutofillSession: No assist structure - app might have crashed providing it
12-07 09:09:53.981  1829  1829 E netmgr  : Failed to open QEMU pipe 'qemud:network': Invalid argument
12-07 09:09:53.981  1829  1829 E netmgr  : WifiForwarder unable to open QEMU pipe: Invalid argument
12-07 09:10:00.451  1992  9017 E putmethod.lati: Invalid ID 0x00000001.
12-07 09:10:00.475  1992  9017 E LstmTrainingCache: emn: Can't get resource name for input slot
12-07 09:10:00.475  1992  9017 E LstmTrainingCache: android.content.res.Resources$NotFoundException: Unable to find resource ID #0x1
12-07 09:10:00.475  1992  9017 E LstmTrainingCache: 	at android.content.res.ResourcesImpl.getResourceName(ResourcesImpl.java:255)
12-07 09:10:00.475  1992  9017 E LstmTrainingCache: 	at android.content.res.Resources.getResourceName(Resources.java:1954)
12-07 09:10:00.475  1992  9017 E LstmTrainingCache: 	at emn.a(PG:12)
12-07 09:10:00.475  1992  9017 E LstmTrainingCache: 	at emk.run(PG:5)
12-07 09:10:00.475  1992  9017 E LstmTrainingCache: 	at java.lang.Thread.run(Thread.java:764)
12-07 09:10:13.652  1735  1809 E storaged: getDiskStats failed with result NOT_SUPPORTED and size 0
12-07 09:10:22.354  1610  1692 E audio_hw_generic: pcm_write failed cannot write stream data: I/O error
12-07 09:10:55.625  1829  1829 E netmgr  : Failed to open QEMU pipe 'qemud:network': Invalid argument
12-07 09:10:55.625  1829  1829 E netmgr  : WifiForwarder unable to open QEMU pipe: Invalid argument
12-07 09:11:13.694  1735  1809 E storaged: getDiskStats failed with result NOT_SUPPORTED and size 0
12-07 09:11:18.284  2378 19402 E ctxmgr  : [ProducerStatusImpl]updateStateForNewContextData: inactive, contextName=7
12-07 09:11:18.460  2378 19402 E ctxmgr  : [ProducerStatusImpl]updateStateForNewContextData: inactive, contextName=1
12-07 09:11:18.461  2378 19402 E ctxmgr  : [ProducerStatusImpl]updateStateForNewContextData: inactive, contextName=1
12-07 09:11:20.397  2378  2378 E BeaconBle: Missing BluetoothAdapter
12-07 09:11:20.480  2378  2378 E BeaconBle: Scan couldn't start for Places
12-07 09:11:26.867  2378 19342 E ctxmgr  : [ProducerStatusImpl]updateStateForNewContextData: inactive, contextName=18
12-07 09:11:37.740  6805  6805 E ContextIntentStarter: No activity found for any of the 0 intents
12-07 09:11:55.681  1829  1829 E netmgr  : Failed to open QEMU pipe 'qemud:network': Invalid argument
12-07 09:11:55.682  1829  1829 E netmgr  : WifiForwarder unable to open QEMU pipe: Invalid argument
12-07 09:11:55.972  6805  6832 E MicroDetectionWorker: Stale runnable..ignoring
12-07 09:12:00.260  6805 19441 E Search.IcingConnection: Could not connect to Icing. Error code 15.
12-07 09:12:02.560  1880  1895 E memtrack: Couldn't load memtrack module
12-07 09:12:02.744  2378 19402 E ctxmgr  : [ProducerStatusImpl]updateStateForNewContextData: inactive, contextName=7
12-07 09:12:04.903 19448 19448 E id.partnersetu: Not starting debugger since process cannot load the jdwp agent.
12-07 09:12:04.956  2378  2378 E BeaconBle: Missing BluetoothAdapter
12-07 09:12:06.869  2378  2378 E BeaconBle: Scan couldn't start for Places
12-07 09:12:07.133 19465 19465 E boxed_process2: Not starting debugger since process cannot load the jdwp agent.
12-07 09:12:15.499  1735  1809 E storaged: getDiskStats failed with result NOT_SUPPORTED and size 0
12-07 09:12:15.772  1880  1896 E ActivityManager: ANR in com.google.android.googlequicksearchbox:search
12-07 09:12:15.772  1880  1896 E ActivityManager: PID: 6805
12-07 09:12:15.772  1880  1896 E ActivityManager: Reason: Input dispatching timed out (Waiting to send key event because the focused window has not finished processing all of the input events that were previously delivered to it.  Outbound queue length: 0.  Wait queue length: 1.)
12-07 09:12:15.772  1880  1896 E ActivityManager: Load: 0.0 / 0.0 / 0.0
12-07 09:12:15.772  1880  1896 E ActivityManager: CPU usage from 0ms to 6713ms later (2018-12-07 09:12:09.031 to 2018-12-07 09:12:15.744):
12-07 09:12:15.772  1880  1896 E ActivityManager:   82% 2482/com.google.android.gms: 40% user + 41% kernel / faults: 1741 minor 102 major
12-07 09:12:15.772  1880  1896 E ActivityManager:   68% 6805/com.google.android.googlequicksearchbox:search: 29% user + 39% kernel / faults: 2648 minor 312 major
12-07 09:12:15.772  1880  1896 E ActivityManager:   58% 1702/kworker/u9:3: 0% user + 58% kernel
12-07 09:12:15.772  1880  1896 E ActivityManager:   38% 646/kswapd0: 0% user + 38% kernel
12-07 09:12:15.772  1880  1896 E ActivityManager:   31% 1722/surfaceflinger: 12% user + 18% kernel
12-07 09:12:15.772  1880  1896 E ActivityManager:   30% 1701/kworker/u9:2: 0% user + 30% kernel
12-07 09:12:15.772  1880  1896 E ActivityManager:   25% 19465/com.android.chrome:sandboxed_process23: 5.2% user + 20% kernel / faults: 1068 minor 293 major
12-07 09:12:15.772  1880  1896 E ActivityManager:   5.2% 1880/system_server: 2% user + 3.1% kernel / faults: 101 minor 73 major
12-07 09:12:15.772  1880  1896 E ActivityManager:   4% 1675/kworker/u9:0: 0% user + 4% kernel
12-07 09:12:15.772  1880  1896 E ActivityManager:   3.5% 1992/com.google.android.inputmethod.latin: 0.7% user + 2.8% kernel / faults: 751 minor 322 major
12-07 09:12:15.772  1880  1896 E ActivityManager:   3.1% 1700/kworker/u9:1: 0% user + 3.1% kernel
12-07 09:12:15.772  1880  1896 E ActivityManager:   1.4% 2378/com.google.android.gms.persistent: 1% user + 0.4% kernel / faults: 49 minor 5 major
12-07 09:12:15.772  1880  1896 E ActivityManager:   1% 2300/adbd: 0% user + 1% kernel / faults: 8995 minor
12-07 09:12:15.772  1880  1896 E ActivityManager:   0.7% 1745/android.hardware.graphics.composer@2.1-service: 0% user + 0.7% kernel
12-07 09:12:15.772  1880  1896 E ActivityManager:   0.7% 17226/kworker/u8:5: 0% user + 0.7% kernel
12-07 09:12:15.772  1880  1896 E ActivityManager:   0.5% 18168/kworker/u8:6: 0% user + 0.5% kernel
12-07 09:12:15.772  1880  1896 E ActivityManager:   0.4% 1553/logd: 0% user + 0.4% kernel / faults: 1 minor
12-07 09:12:15.772  1880  1896 E ActivityManager:   0.4% 15200/kworker/u8:0: 0% user + 0.4% kernel
12-07 09:12:15.772  1880  1896 E ActivityManager:   0.4% 18700/kworker/u9:4: 0% user + 0.4% kernel
12-07 09:12:15.772  1880  1896 E ActivityManager:   0.4% 19448/com.google.android.partnersetup: 0.2% user + 0.1% kernel / faults: 93 minor 9 major
12-07 09:12:15.772  1880  1896 E ActivityManager:   0.1% 1733/netd: 0% user + 0% kernel / faults: 17 minor 4 major
12-07 09:12:15.772  1880  1896 E ActivityManager:   0.1% 3/ksoftirqd/0: 0% user + 0.1% kernel
12-07 09:12:15.772  1880  1896 E ActivityManager:   0% 7/rcu_preempt: 0% user + 0% kernel
12-07 09:12:15.772  1880  1896 E ActivityManager:   0.1% 16/ksoftirqd/2: 0% user + 0.1% kernel
12-07 09:12:15.772  1880  1896 E ActivityManager:   0% 1620/android.hardware.graphics.allocator@2.0-service: 0% user + 0% kernel / faults: 5 minor 4 major
12-07 09:12:15.772  1880  1896 E ActivityManager:   0.1% 1624/android.hardware.sensors@1.0-service: 0% user + 0.1% kernel
12-07 09:12:15.772  1880  1896 E ActivityManager:   0% 1735/storaged: 0% user + 0% kernel / faults: 18 minor 44 major
12-07 09:12:15.772  1880  1896 E ActivityManager:   0% 1854/dhcpclient: 0% user + 0% kernel / faults: 6 major
12-07 09:12:15.772  1880  1896 E ActivityManager:   0.1% 2008/com.android.systemui: 0% user + 0.1% kernel / faults: 56 minor 8 major
12-07 09:12:15.772  1880  1896 E ActivityManager:   0% 2780/com.android.vending: 0% user + 0% kernel / faults: 66 minor 25 major
12-07 09:12:15.772  1880  1896 E ActivityManager:   0% 18667/com.google.process.gservices: 0% user + 0% kernel / faults: 429 minor 22 major
12-07 09:12:15.772  1880  1896 E ActivityManager:   0% 18889/kworker/3:1: 0% user + 0% kernel
12-07 09:12:15.772  1880  1896 E ActivityManager:   0% 18905/com.android.systemui:screenshot: 0% user + 0% kernel / faults: 26 minor 3 major
12-07 09:12:15.772  1880  1896 E ActivityManager:   0% 19289/kworker/1:2: 0% user + 0% kernel
12-07 09:12:15.772  1880  1896 E ActivityManager:   0.1% 19360/com.android.commands.monkey: 0.1% user + 0% kernel / faults: 4 minor 3 major
12-07 09:12:15.772  1880  1896 E ActivityManager:  +0% 19483/kworker/3:2: 0% user + 0% kernel
12-07 09:12:15.772  1880  1896 E ActivityManager: 74% TOTAL: 14% user + 52% kernel + 6.2% iowait + 1.5% softirq
12-07 09:12:15.772  1880  1896 E ActivityManager: CPU usage from 14139563ms to 14139563ms ago (1970-01-01 00:00:00.000 to 1970-01-01 00:00:00.000) with 0% awake:
12-07 09:12:15.772  1880  1896 E ActivityManager: 0% TOTAL: 0% user + 0% kernel
12-07 09:12:24.391  1880  2651 E memtrack: Couldn't load memtrack module
12-07 09:12:26.066  1880  2651 E memtrack: Couldn't load memtrack module
12-07 09:12:26.117  1880  1895 E memtrack: Couldn't load memtrack module
12-07 09:12:26.224  1880  2651 E memtrack: Couldn't load memtrack module
12-07 09:12:26.340  1880  2651 E memtrack: Couldn't load memtrack module
12-07 09:12:26.423  1880  2651 E memtrack: Couldn't load memtrack module
12-07 09:12:26.514  1880  2651 E memtrack: Couldn't load memtrack module
12-07 09:12:28.438  1880  2651 E memtrack: Couldn't load memtrack module
12-07 09:12:28.502  1880  2651 E memtrack: Couldn't load memtrack module
12-07 09:12:28.577  1880  2651 E memtrack: Couldn't load memtrack module
12-07 09:12:28.643  1880  2651 E memtrack: Couldn't load memtrack module
12-07 09:12:28.700  1880  2651 E memtrack: Couldn't load memtrack module
12-07 09:12:28.762  1880  2651 E memtrack: Couldn't load memtrack module
12-07 09:12:30.314  1880  2651 E memtrack: Couldn't load memtrack module
12-07 09:12:30.386  1880  2651 E memtrack: Couldn't load memtrack module
12-07 09:12:30.464  1880  2651 E memtrack: Couldn't load memtrack module
12-07 09:12:30.531  1880  2651 E memtrack: Couldn't load memtrack module
12-07 09:12:30.605  1880  2651 E memtrack: Couldn't load memtrack module
12-07 09:12:30.669  1880  2651 E memtrack: Couldn't load memtrack module
12-07 09:12:30.732  1880  2651 E memtrack: Couldn't load memtrack module
12-07 09:12:32.610  1880  1895 E memtrack: Couldn't load memtrack module
12-07 09:12:32.651  1880  2651 E memtrack: Couldn't load memtrack module
12-07 09:12:32.726  1880  2651 E memtrack: Couldn't load memtrack module
12-07 09:12:32.818  1880  2651 E memtrack: Couldn't load memtrack module
12-07 09:12:32.907  1880  2651 E memtrack: Couldn't load memtrack module
12-07 09:12:33.041  1880  2651 E memtrack: Couldn't load memtrack module
12-07 09:12:33.067  1880  2651 E memtrack: Couldn't load memtrack module
12-07 09:12:33.068  1880  2651 E memtrack: Couldn't load memtrack module
12-07 09:12:33.069  1880  2651 E memtrack: Couldn't load memtrack module
12-07 09:12:33.070  1880  2651 E memtrack: Couldn't load memtrack module
12-07 09:12:34.624  1880  2651 E memtrack: Couldn't load memtrack module
12-07 09:12:34.639  1880  2651 E memtrack: Couldn't load memtrack module
12-07 09:12:34.652  1880  2651 E memtrack: Couldn't load memtrack module
12-07 09:12:34.663  1880  2651 E memtrack: Couldn't load memtrack module
12-07 09:12:34.677  1880  2651 E memtrack: Couldn't load memtrack module
12-07 09:12:34.693  1880  2651 E memtrack: Couldn't load memtrack module
12-07 09:12:34.711  1880  2651 E memtrack: Couldn't load memtrack module
12-07 09:12:34.720  1880  2651 E memtrack: Couldn't load memtrack module
12-07 09:12:34.736  1880  2651 E memtrack: Couldn't load memtrack module
12-07 09:12:34.752  1880  2651 E memtrack: Couldn't load memtrack module
12-07 09:12:34.759  1880  2651 E memtrack: Couldn't load memtrack module
12-07 09:12:34.778  1880  2651 E memtrack: Couldn't load memtrack module
12-07 09:12:34.786  1880  2651 E memtrack: Couldn't load memtrack module
12-07 09:12:34.794  1880  2651 E memtrack: Couldn't load memtrack module
12-07 09:12:34.804  1880  2651 E memtrack: Couldn't load memtrack module
12-07 09:12:34.815  1880  2651 E memtrack: Couldn't load memtrack module
12-07 09:12:34.824  1880  2651 E memtrack: Couldn't load memtrack module
12-07 09:12:34.832  1880  2651 E memtrack: Couldn't load memtrack module
12-07 09:12:34.839  1880  2651 E memtrack: Couldn't load memtrack module
12-07 09:12:34.849  1880  2651 E memtrack: Couldn't load memtrack module
12-07 09:12:34.855  1880  2651 E memtrack: Couldn't load memtrack module
12-07 09:12:34.860  1880  2651 E memtrack: Couldn't load memtrack module
12-07 09:12:34.866  1880  2651 E memtrack: Couldn't load memtrack module
12-07 09:12:34.873  1880  2651 E memtrack: Couldn't load memtrack module
12-07 09:12:34.877  1880  2651 E memtrack: Couldn't load memtrack module
12-07 09:12:34.910  1880  2651 E memtrack: Couldn't load memtrack module
12-07 09:12:34.914  1880  2651 E memtrack: Couldn't load memtrack module
12-07 09:12:34.921  1880  2651 E memtrack: Couldn't load memtrack module
12-07 09:12:34.925  1880  2651 E memtrack: Couldn't load memtrack module
12-07 09:12:34.930  1880  2651 E memtrack: Couldn't load memtrack module
12-07 09:12:34.952  1880  2651 E memtrack: Couldn't load memtrack module
12-07 09:12:35.012  1880  2651 E memtrack: Couldn't load memtrack module
12-07 09:12:35.028  1880  2651 E memtrack: Couldn't load memtrack module
12-07 09:12:35.041  1880  2651 E memtrack: Couldn't load memtrack module
12-07 09:12:35.049  1880  2651 E memtrack: Couldn't load memtrack module
12-07 09:12:35.056  1880  2651 E memtrack: Couldn't load memtrack module
12-07 09:12:36.921  1880  2651 E memtrack: Couldn't load memtrack module
12-07 09:12:36.934  1880  2651 E memtrack: Couldn't load memtrack module
12-07 09:12:36.965  1880  2651 E memtrack: Couldn't load memtrack module
12-07 09:12:36.980  1880  2651 E memtrack: Couldn't load memtrack module
12-07 09:12:37.000  1880  2651 E memtrack: Couldn't load memtrack module
12-07 09:12:37.013  1880  2651 E memtrack: Couldn't load memtrack module
12-07 09:12:37.023  1880  2651 E memtrack: Couldn't load memtrack module
12-07 09:12:37.032  1880  2651 E memtrack: Couldn't load memtrack module
12-07 09:12:37.042  1880  2651 E memtrack: Couldn't load memtrack module
12-07 09:12:37.065  1880  2651 E memtrack: Couldn't load memtrack module
12-07 09:12:37.072  1880  2651 E memtrack: Couldn't load memtrack module
12-07 09:12:37.080  1880  2651 E memtrack: Couldn't load memtrack module
12-07 09:12:37.084  1880  2651 E memtrack: Couldn't load memtrack module
12-07 09:12:37.090  1880  2651 E memtrack: Couldn't load memtrack module
12-07 09:12:37.106  1880  2651 E memtrack: Couldn't load memtrack module
12-07 09:12:37.109  1880  2651 E memtrack: Couldn't load memtrack module
12-07 09:12:37.112  1880  2651 E memtrack: Couldn't load memtrack module
12-07 09:12:37.116  1880  2651 E memtrack: Couldn't load memtrack module
12-07 09:12:37.121  1880  2651 E memtrack: Couldn't load memtrack module
12-07 09:12:37.125  1880  2651 E memtrack: Couldn't load memtrack module
12-07 09:12:37.129  1880  2651 E memtrack: Couldn't load memtrack module
12-07 09:12:37.134  1880  2651 E memtrack: Couldn't load memtrack module
12-07 09:12:37.138  1880  2651 E memtrack: Couldn't load memtrack module
12-07 09:12:37.200  1880  2651 E memtrack: Couldn't load memtrack module
12-07 09:12:37.203  1880  2651 E memtrack: Couldn't load memtrack module
12-07 09:12:37.209  1880  2651 E memtrack: Couldn't load memtrack module
12-07 09:12:37.215  1880  2651 E memtrack: Couldn't load memtrack module
12-07 09:12:37.222  1880  2651 E memtrack: Couldn't load memtrack module
12-07 09:12:37.222  1880  2651 E memtrack: Couldn't load memtrack module
12-07 09:12:37.224  1880  2651 E memtrack: Couldn't load memtrack module
