--------- beginning of main
12-08 02:43:11.362  3656  3656 E id.defcontaine: Not starting debugger since process cannot load the jdwp agent.
--------- beginning of system
12-08 02:43:11.420  3671  3671 E oid.documentsu: Not starting debugger since process cannot load the jdwp agent.
12-08 02:43:11.475  3688  3688 E ndroid.keychai: Not starting debugger since process cannot load the jdwp agent.
12-08 02:43:12.563  3733  3733 E droid.apps.doc: Not starting debugger since process cannot load the jdwp agent.
12-08 02:43:13.708  3755  3755 E d.process.medi: Not starting debugger since process cannot load the jdwp agent.
12-08 02:43:13.745  3766  3766 E id.defcontaine: Not starting debugger since process cannot load the jdwp agent.
12-08 02:43:15.868  3733  3733 E DocsApplication: [main] No default account found during application creation.
12-08 02:43:17.515  1729  1931 E         : Couldn't opendir /data/app/vmdl1255024961.tmp: No such file or directory
12-08 02:43:17.515  1729  1931 E installd: Failed to delete /data/app/vmdl1255024961.tmp: No such file or directory
12-08 02:43:21.945  3833  3833 E harlton.mileag: Not starting debugger since process cannot load the jdwp agent.
12-08 02:43:23.872 16085 31762 E putmethod.lati: Invalid ID 0x00000001.
12-08 02:43:23.883 16085 31762 E LstmTrainingCache: emn: Can't get resource name for input slot
12-08 02:43:23.883 16085 31762 E LstmTrainingCache: android.content.res.Resources$NotFoundException: Unable to find resource ID #0x1
12-08 02:43:23.883 16085 31762 E LstmTrainingCache: 	at android.content.res.ResourcesImpl.getResourceName(ResourcesImpl.java:255)
12-08 02:43:23.883 16085 31762 E LstmTrainingCache: 	at android.content.res.Resources.getResourceName(Resources.java:1954)
12-08 02:43:23.883 16085 31762 E LstmTrainingCache: 	at emn.a(PG:12)
12-08 02:43:23.883 16085 31762 E LstmTrainingCache: 	at emk.run(PG:5)
12-08 02:43:23.883 16085 31762 E LstmTrainingCache: 	at java.lang.Thread.run(Thread.java:764)
12-08 02:43:27.061 16085 16085 E native  : suggestion-transformer.cc:118 suggestion picked candidate not found for id: 12
12-08 02:43:27.076 16085 16085 E native  : suggestion-transformer.cc:118 suggestion picked candidate not found for id: 12
12-08 02:43:31.482 16085 31762 E putmethod.lati: Invalid ID 0x00000001.
12-08 02:43:31.496 16085 31762 E LstmTrainingCache: emn: Can't get resource name for input slot
12-08 02:43:31.496 16085 31762 E LstmTrainingCache: android.content.res.Resources$NotFoundException: Unable to find resource ID #0x1
12-08 02:43:31.496 16085 31762 E LstmTrainingCache: 	at android.content.res.ResourcesImpl.getResourceName(ResourcesImpl.java:255)
12-08 02:43:31.496 16085 31762 E LstmTrainingCache: 	at android.content.res.Resources.getResourceName(Resources.java:1954)
12-08 02:43:31.496 16085 31762 E LstmTrainingCache: 	at emn.a(PG:12)
12-08 02:43:31.496 16085 31762 E LstmTrainingCache: 	at emk.run(PG:5)
12-08 02:43:31.496 16085 31762 E LstmTrainingCache: 	at java.lang.Thread.run(Thread.java:764)
12-08 02:43:32.553  3861  3861 E emui:screensho: Not starting debugger since process cannot load the jdwp agent.
12-08 02:43:32.625  1737  1809 E storaged: getDiskStats failed with result NOT_SUPPORTED and size 0
12-08 02:43:33.906  3861  3861 E SoundPool: error loading /product/media/audio/ui/camera_click.ogg
12-08 02:43:34.348  1724  1876 E SurfaceFlinger: ro.sf.lcd_density must be defined as a build property
12-08 02:43:34.481  1739  1778 E OMXNodeInstance: getConfig(0xee326b40:google.vorbis.decoder, ConfigAndroidVendorExtension(0x6f100004)) ERROR: Undefined(0x80001001)
12-08 02:43:34.782  1724  1767 E SurfaceFlinger: ro.sf.lcd_density must be defined as a build property
12-08 02:43:38.418 16561 16561 E ContextIntentStarter: No activity found for any of the 0 intents
12-08 02:43:40.099  1628  1628 E android.hardware.wifi@1.0-service: Failed to register radio mode change callback
12-08 02:43:40.108  1628  1628 E android.hardware.wifi@1.0-service: Failed to set DFS flag; DFS channels may be unavailable.
12-08 02:43:40.186 15926 15926 E wificond: No Offload Service available
12-08 02:43:40.468  1632  1632 E lowmemorykiller: Error opening /proc/3766/oom_score_adj; errno=2
12-08 02:43:40.689  3911  3911 E viders.calenda: Not starting debugger since process cannot load the jdwp agent.
12-08 02:43:40.793 15976 16055 E WifiP2pService: Unhandled message { when=-2ms what=131203 target=com.android.internal.util.StateMachine$SmHandler }
12-08 02:43:40.818 15976 16055 E WifiP2pService: Unhandled message { when=-1ms what=131203 target=com.android.internal.util.StateMachine$SmHandler }
12-08 02:43:40.872 15976 15994 E BatteryExternalStatsWorker: no controller energy info supplied for wifi
12-08 02:43:40.944 15976 15994 E BatteryExternalStatsWorker: no controller energy info supplied for wifi
12-08 02:43:41.360  3929  3929 E oid.apps.photo: Not starting debugger since process cannot load the jdwp agent.
12-08 02:43:42.224  3951  3951 E ocess.gservice: Not starting debugger since process cannot load the jdwp agent.
12-08 02:43:42.316  3966  3966 E ndroid.calenda: Not starting debugger since process cannot load the jdwp agent.
12-08 02:43:43.496  4019  4019 E droid.deskcloc: Not starting debugger since process cannot load the jdwp agent.
12-08 02:43:44.045  4019  4019 E LoadedApk: Unable to instantiate appComponentFactory
12-08 02:43:44.045  4019  4019 E LoadedApk: java.lang.ClassNotFoundException: Didn't find class "android.support.v4.app.CoreComponentFactory" on path: DexPathList[[zip file "/data/app/com.google.android.deskclock-irjeQ48B8SlCzNgOUY6aXg==/base.apk"],nativeLibraryDirectories=[/data/app/com.google.android.deskclock-irjeQ48B8SlCzNgOUY6aXg==/lib/x86, /system/lib]]
12-08 02:43:44.045  4019  4019 E LoadedApk: 	at dalvik.system.BaseDexClassLoader.findClass(BaseDexClassLoader.java:134)
12-08 02:43:44.045  4019  4019 E LoadedApk: 	at java.lang.ClassLoader.loadClass(ClassLoader.java:379)
12-08 02:43:44.045  4019  4019 E LoadedApk: 	at java.lang.ClassLoader.loadClass(ClassLoader.java:312)
12-08 02:43:44.045  4019  4019 E LoadedApk: 	at android.app.LoadedApk.createAppFactory(LoadedApk.java:226)
12-08 02:43:44.045  4019  4019 E LoadedApk: 	at android.app.LoadedApk.createOrUpdateClassLoaderLocked(LoadedApk.java:731)
12-08 02:43:44.045  4019  4019 E LoadedApk: 	at android.app.LoadedApk.getClassLoader(LoadedApk.java:810)
12-08 02:43:44.045  4019  4019 E LoadedApk: 	at android.app.LoadedApk.getResources(LoadedApk.java:1032)
12-08 02:43:44.045  4019  4019 E LoadedApk: 	at android.app.ContextImpl.createAppContext(ContextImpl.java:2345)
12-08 02:43:44.045  4019  4019 E LoadedApk: 	at android.app.ActivityThread.handleBindApplication(ActivityThread.java:5749)
12-08 02:43:44.045  4019  4019 E LoadedApk: 	at android.app.ActivityThread.access$1100(ActivityThread.java:199)
12-08 02:43:44.045  4019  4019 E LoadedApk: 	at android.app.ActivityThread$H.handleMessage(ActivityThread.java:1650)
12-08 02:43:44.045  4019  4019 E LoadedApk: 	at android.os.Handler.dispatchMessage(Handler.java:106)
12-08 02:43:44.045  4019  4019 E LoadedApk: 	at android.os.Looper.loop(Looper.java:193)
12-08 02:43:44.045  4019  4019 E LoadedApk: 	at android.app.ActivityThread.main(ActivityThread.java:6669)
12-08 02:43:44.045  4019  4019 E LoadedApk: 	at java.lang.reflect.Method.invoke(Native Method)
12-08 02:43:44.045  4019  4019 E LoadedApk: 	at com.android.internal.os.RuntimeInit$MethodAndArgsCaller.run(RuntimeInit.java:493)
12-08 02:43:44.045  4019  4019 E LoadedApk: 	at com.android.internal.os.ZygoteInit.main(ZygoteInit.java:858)
12-08 02:43:44.975  4051  4051 E com.ustwo.lwp: Not starting debugger since process cannot load the jdwp agent.
12-08 02:43:45.454 15976 15994 E BatteryExternalStatsWorker: no controller energy info supplied for wifi
12-08 02:43:46.080 15925 15942 E Netd    : Error adding route ::/0 -> fe80::ff:fe00:100 wlan0 to table 1003: File exists
12-08 02:43:46.473 16506  4085 E WakeLock: GCM_CONN_ALARM release without a matched acquire!
12-08 02:43:46.739  4086  4086 E id.partnersetu: Not starting debugger since process cannot load the jdwp agent.
12-08 02:43:48.339  4111  4111 E id.gms.learnin: Not starting debugger since process cannot load the jdwp agent.
12-08 02:43:50.520 15976 17651 E NotificationService: Package enqueue rate is 6.367673. Shedding 0|com.google.android.googlequicksearchbox|393216|h|10036. package=com.google.android.googlequicksearchbox
12-08 02:43:56.931 15976 16534 E NotificationService: Package enqueue rate is 12.716523. Shedding 0|com.google.android.googlequicksearchbox|393216|h|10036. package=com.google.android.googlequicksearchbox
12-08 02:43:59.780  4155  4155 E com.ustwo.lwp: Not starting debugger since process cannot load the jdwp agent.
12-08 02:44:10.164  1829  1829 E netmgr  : Failed to open QEMU pipe 'qemud:network': Invalid argument
12-08 02:44:10.164  1829  1829 E netmgr  : WifiForwarder unable to open QEMU pipe: Invalid argument
12-08 02:44:31.971  1737  1809 E storaged: getDiskStats failed with result NOT_SUPPORTED and size 0
12-08 02:45:10.166  1829  1829 E netmgr  : Failed to open QEMU pipe 'qemud:network': Invalid argument
12-08 02:45:10.166  1829  1829 E netmgr  : WifiForwarder unable to open QEMU pipe: Invalid argument
12-08 02:45:31.984  1737  1809 E storaged: getDiskStats failed with result NOT_SUPPORTED and size 0
12-08 02:46:10.168  1829  1829 E netmgr  : Failed to open QEMU pipe 'qemud:network': Invalid argument
12-08 02:46:10.168  1829  1829 E netmgr  : WifiForwarder unable to open QEMU pipe: Invalid argument
12-08 02:46:31.987  1737  1809 E storaged: getDiskStats failed with result NOT_SUPPORTED and size 0
12-08 02:47:10.213  1829  1829 E netmgr  : Failed to open QEMU pipe 'qemud:network': Invalid argument
12-08 02:47:10.213  1829  1829 E netmgr  : WifiForwarder unable to open QEMU pipe: Invalid argument
12-08 02:47:32.014  1737  1809 E storaged: getDiskStats failed with result NOT_SUPPORTED and size 0
12-08 02:47:32.173  3833  3833 E SpannableStringBuilder: SPAN_EXCLUSIVE_EXCLUSIVE spans cannot have a zero length
12-08 02:47:32.173  3833  3833 E SpannableStringBuilder: SPAN_EXCLUSIVE_EXCLUSIVE spans cannot have a zero length
12-08 02:47:33.809 16085 16085 E native  : clearcut-logger.cc:191 USER_EDIT span#originalSpan is missing
