--------- beginning of system
--------- beginning of main
12-09 02:56:54.608  1741  1793 E storaged: getDiskStats failed with result NOT_SUPPORTED and size 0
12-09 02:57:02.149  1991  1991 E native  : suggestion-transformer.cc:118 suggestion picked candidate not found for id: 2
12-09 02:57:02.422  2082  2082 E SpannableStringBuilder: SPAN_EXCLUSIVE_EXCLUSIVE spans cannot have a zero length
12-09 02:57:02.423  2082  2082 E SpannableStringBuilder: SPAN_EXCLUSIVE_EXCLUSIVE spans cannot have a zero length
12-09 02:57:07.428  1743  2060 E OMXNodeInstance: setConfig(0xee2ac4e0:google.vorbis.decoder, ConfigPriority(0x6f800002)) ERROR: Undefined(0x80001001)
12-09 02:57:07.430  1743  2060 E OMXNodeInstance: getConfig(0xee2ac4e0:google.vorbis.decoder, ConfigAndroidVendorExtension(0x6f100004)) ERROR: Undefined(0x80001001)
12-09 02:57:07.995  1743  2060 E OMXNodeInstance: setConfig(0xee2ac4e0:google.vorbis.decoder, ConfigPriority(0x6f800002)) ERROR: Undefined(0x80001001)
12-09 02:57:08.006  1743  2060 E OMXNodeInstance: getConfig(0xee2ac4e0:google.vorbis.decoder, ConfigAndroidVendorExtension(0x6f100004)) ERROR: Undefined(0x80001001)
12-09 02:57:08.621  2222  2222 E emui:screensho: Not starting debugger since process cannot load the jdwp agent.
12-09 02:57:09.077  1743  2060 E OMXNodeInstance: setConfig(0xee2ac180:google.vorbis.decoder, ConfigPriority(0x6f800002)) ERROR: Undefined(0x80001001)
12-09 02:57:09.085  1743  1743 E OMXNodeInstance: getConfig(0xee2ac180:google.vorbis.decoder, ConfigAndroidVendorExtension(0x6f100004)) ERROR: Undefined(0x80001001)
12-09 02:57:09.157  2222  2222 E SoundPool: error loading /product/media/audio/ui/camera_click.ogg
12-09 02:57:09.244  1743  1743 E OMXNodeInstance: getConfig(0xee2ac4e0:google.vorbis.decoder, ConfigAndroidVendorExtension(0x6f100004)) ERROR: Undefined(0x80001001)
12-09 02:57:14.051  2438 32596 E ctxmgr  : [ProducerStatusImpl]updateStateForNewContextData: inactive, contextName=7
12-09 02:57:14.102  2438 32596 E ctxmgr  : [ProducerStatusImpl]updateStateForNewContextData: inactive, contextName=1
12-09 02:57:14.102  2438 32596 E ctxmgr  : [ProducerStatusImpl]updateStateForNewContextData: inactive, contextName=1
12-09 02:57:14.353  2438  2438 E BeaconBle: Missing BluetoothAdapter
12-09 02:57:14.400  2438  2438 E BeaconBle: Scan couldn't start for Places
12-09 02:57:22.216  2313  2313 E oid.apps.photo: Not starting debugger since process cannot load the jdwp agent.
12-09 02:57:23.581  2334  2334 E ocess.gservice: Not starting debugger since process cannot load the jdwp agent.
12-09 02:57:23.783  2368  2368 E id.partnersetu: Not starting debugger since process cannot load the jdwp agent.
12-09 02:57:26.359  1743  2060 E OMXNodeInstance: setConfig(0xee2ac4e0:google.vorbis.decoder, ConfigPriority(0x6f800002)) ERROR: Undefined(0x80001001)
12-09 02:57:26.365  1743  2060 E OMXNodeInstance: getConfig(0xee2ac4e0:google.vorbis.decoder, ConfigAndroidVendorExtension(0x6f100004)) ERROR: Undefined(0x80001001)
12-09 02:57:26.738  1743  2059 E OMXNodeInstance: setConfig(0xee2ac4e0:google.vorbis.decoder, ConfigPriority(0x6f800002)) ERROR: Undefined(0x80001001)
12-09 02:57:26.738  1743  2059 E OMXNodeInstance: getConfig(0xee2ac4e0:google.vorbis.decoder, ConfigAndroidVendorExtension(0x6f100004)) ERROR: Undefined(0x80001001)
12-09 02:57:27.310  1743  2059 E OMXNodeInstance: setConfig(0xee9a6ae0:google.vorbis.decoder, ConfigPriority(0x6f800002)) ERROR: Undefined(0x80001001)
12-09 02:57:27.318  1743  2059 E OMXNodeInstance: getConfig(0xee9a6ae0:google.vorbis.decoder, ConfigAndroidVendorExtension(0x6f100004)) ERROR: Undefined(0x80001001)
12-09 02:57:28.009  1743  2059 E OMXNodeInstance: setConfig(0xee9a6ae0:google.vorbis.decoder, ConfigPriority(0x6f800002)) ERROR: Undefined(0x80001001)
12-09 02:57:28.009  1743  2059 E OMXNodeInstance: getConfig(0xee9a6ae0:google.vorbis.decoder, ConfigAndroidVendorExtension(0x6f100004)) ERROR: Undefined(0x80001001)
--------- beginning of crash
12-09 02:57:29.090  4204  4204 E AndroidRuntime: FATAL EXCEPTION: main
12-09 02:57:29.090  4204  4204 E AndroidRuntime: Process: android.process.media, PID: 4204
12-09 02:57:29.090  4204  4204 E AndroidRuntime: java.lang.NullPointerException: Attempt to invoke virtual method 'android.net.Uri android.net.Uri.getCanonicalUri()' on a null object reference
12-09 02:57:29.090  4204  4204 E AndroidRuntime: 	at android.media.Ringtone.play(Ringtone.java:354)
12-09 02:57:29.090  4204  4204 E AndroidRuntime: 	at com.android.providers.media.RingtonePickerActivity.run(RingtonePickerActivity.java:546)
12-09 02:57:29.090  4204  4204 E AndroidRuntime: 	at android.os.Handler.handleCallback(Handler.java:873)
12-09 02:57:29.090  4204  4204 E AndroidRuntime: 	at android.os.Handler.dispatchMessage(Handler.java:99)
12-09 02:57:29.090  4204  4204 E AndroidRuntime: 	at android.os.Looper.loop(Looper.java:193)
12-09 02:57:29.090  4204  4204 E AndroidRuntime: 	at android.app.ActivityThread.main(ActivityThread.java:6669)
12-09 02:57:29.090  4204  4204 E AndroidRuntime: 	at java.lang.reflect.Method.invoke(Native Method)
12-09 02:57:29.090  4204  4204 E AndroidRuntime: 	at com.android.internal.os.RuntimeInit$MethodAndArgsCaller.run(RuntimeInit.java:493)
12-09 02:57:29.090  4204  4204 E AndroidRuntime: 	at com.android.internal.os.ZygoteInit.main(ZygoteInit.java:858)
12-09 02:57:29.445  1633  1633 E lowmemorykiller: Error writing /proc/4204/oom_score_adj; errno=22
12-09 02:57:30.038  2558  2558 E oid.apps.photo: Not starting debugger since process cannot load the jdwp agent.
12-09 02:57:30.841  1881  4077 E ActivityManager: applyOptionsLocked: Unknown animationType=0
12-09 02:57:30.870  2570  2570 E ContextIntentStarter: No activity found for any of the 0 intents
12-09 02:57:32.234  2570  2570 E ValyrianViewPager: Error changing children drawing order
12-09 02:57:32.428  2602  2602 E viders.calenda: Not starting debugger since process cannot load the jdwp agent.
12-09 02:57:32.519  2570  2570 E WalletClient: Account is null.
12-09 02:57:35.464  2634  2634 E gle.android.tt: Not starting debugger since process cannot load the jdwp agent.
12-09 02:57:35.930  2570  2601 E HistoryStore: syncServerDeletions: HistoryStore not initialized!
12-09 02:57:36.917  2570  2584 E ReloadingLock: Finalizing LOCKED Token[searchresults_activity 2018-12-09 02:57:33.129]
12-09 02:57:37.075  2570  2950 E MicroDetectionWorker: Stale runnable..ignoring
12-09 02:57:37.783  2634  2634 E gle.android.tt: The String#value field is not present on Android versions >= 6.0
12-09 02:57:38.242  2438  2476 E ctxmgr  : [ProducerStatusImpl]updateStateForNewContextData: inactive, contextName=7
12-09 02:57:38.561  2438  2438 E BeaconBle: Missing BluetoothAdapter
12-09 02:57:38.666  2438  2438 E BeaconBle: Scan couldn't start for Places
12-09 02:57:48.166  1807  1807 E netmgr  : Failed to open QEMU pipe 'qemud:network': Invalid argument
12-09 02:57:48.167  1807  1807 E netmgr  : WifiForwarder unable to open QEMU pipe: Invalid argument
12-09 02:57:54.619  1741  1793 E storaged: getDiskStats failed with result NOT_SUPPORTED and size 0
12-09 02:58:02.380  2570  2570 E ZSMainController: Failed to load Zero State section data.
12-09 02:58:02.380  2570  2570 E ZSMainController: java.util.concurrent.CancellationException: Task was cancelled.
12-09 02:58:02.380  2570  2570 E ZSMainController: 	at com.google.common.r.a.d.fa(SourceFile:101)
12-09 02:58:02.380  2570  2570 E ZSMainController: 	at com.google.common.r.a.d.get(SourceFile:80)
12-09 02:58:02.380  2570  2570 E ZSMainController: 	at com.google.common.r.a.cw.l(SourceFile:1)
12-09 02:58:02.380  2570  2570 E ZSMainController: 	at com.google.common.r.a.bd.n(SourceFile:34)
12-09 02:58:02.380  2570  2570 E ZSMainController: 	at com.google.common.r.a.bf.run(SourceFile:4)
12-09 02:58:02.380  2570  2570 E ZSMainController: 	at com.google.android.apps.gsa.shared.util.concurrent.b.cq.bsW(SourceFile:2)
12-09 02:58:02.380  2570  2570 E ZSMainController: 	at com.google.android.apps.gsa.shared.util.concurrent.b.cp.run(SourceFile:5)
12-09 02:58:02.380  2570  2570 E ZSMainController: 	at android.os.Handler.handleCallback(Handler.java:873)
12-09 02:58:02.380  2570  2570 E ZSMainController: 	at android.os.Handler.dispatchMessage(Handler.java:99)
12-09 02:58:02.380  2570  2570 E ZSMainController: 	at android.os.Looper.loop(Looper.java:193)
12-09 02:58:02.380  2570  2570 E ZSMainController: 	at android.app.ActivityThread.main(ActivityThread.java:6669)
12-09 02:58:02.380  2570  2570 E ZSMainController: 	at java.lang.reflect.Method.invoke(Native Method)
12-09 02:58:02.380  2570  2570 E ZSMainController: 	at com.android.internal.os.RuntimeInit$MethodAndArgsCaller.run(RuntimeInit.java:493)
12-09 02:58:02.380  2570  2570 E ZSMainController: 	at com.android.internal.os.ZygoteInit.main(ZygoteInit.java:858)
12-09 02:58:33.416  2689  2689 E .apps.wallpape: Not starting debugger since process cannot load the jdwp agent.
12-09 02:58:34.437  1728  2034 E SurfaceFlinger: ro.sf.lcd_density must be defined as a build property
12-09 02:58:34.734  1728  1814 E SurfaceFlinger: ro.sf.lcd_density must be defined as a build property
12-09 02:58:48.171  1807  1807 E netmgr  : Failed to open QEMU pipe 'qemud:network': Invalid argument
12-09 02:58:48.172  1807  1807 E netmgr  : WifiForwarder unable to open QEMU pipe: Invalid argument
12-09 02:58:54.628  1741  1793 E storaged: getDiskStats failed with result NOT_SUPPORTED and size 0
12-09 02:59:48.221  1807  1807 E netmgr  : Failed to open QEMU pipe 'qemud:network': Invalid argument
12-09 02:59:48.221  1807  1807 E netmgr  : WifiForwarder unable to open QEMU pipe: Invalid argument
12-09 02:59:54.630  1741  1793 E storaged: getDiskStats failed with result NOT_SUPPORTED and size 0
12-09 03:00:33.708  1881  1899 E BatteryExternalStatsWorker: no controller energy info supplied for wifi
12-09 03:00:41.487  1881  1894 E memtrack: Couldn't load memtrack module
12-09 03:00:44.849  2731  2731 E .android.diale: Not starting debugger since process cannot load the jdwp agent.
12-09 03:00:46.145  2731  2731 E .android.diale: The String#value field is not present on Android versions >= 6.0
12-09 03:00:46.923  2762  2762 E id.partnersetu: Not starting debugger since process cannot load the jdwp agent.
12-09 03:00:47.309  2786  2786 E d.process.acor: Not starting debugger since process cannot load the jdwp agent.
12-09 03:00:48.220  2731  2757 E PhenotypeFlagCommitter: Retrieving snapshot for com.google.android.dialer failed
12-09 03:00:48.220  2731  2757 E PhenotypeFlagCommitter: java.util.concurrent.TimeoutException: Timed out waiting for Task
12-09 03:00:48.220  2731  2757 E PhenotypeFlagCommitter: 	at fas.a(Unknown Source:77)
12-09 03:00:48.220  2731  2757 E PhenotypeFlagCommitter: 	at fpa.a(Unknown Source:3)
12-09 03:00:48.220  2731  2757 E PhenotypeFlagCommitter: 	at edu.a(PG:7)
12-09 03:00:48.220  2731  2757 E PhenotypeFlagCommitter: 	at bcc.c(PG:14)
12-09 03:00:48.220  2731  2757 E PhenotypeFlagCommitter: 	at bcd.run(Unknown Source:2)
12-09 03:00:48.220  2731  2757 E PhenotypeFlagCommitter: 	at java.util.concurrent.Executors$RunnableAdapter.call(Executors.java:458)
12-09 03:00:48.220  2731  2757 E PhenotypeFlagCommitter: 	at java.util.concurrent.FutureTask.run(FutureTask.java:266)
12-09 03:00:48.220  2731  2757 E PhenotypeFlagCommitter: 	at java.util.concurrent.ScheduledThreadPoolExecutor$ScheduledFutureTask.run(ScheduledThreadPoolExecutor.java:301)
12-09 03:00:48.220  2731  2757 E PhenotypeFlagCommitter: 	at java.util.concurrent.ThreadPoolExecutor.runWorker(ThreadPoolExecutor.java:1167)
12-09 03:00:48.220  2731  2757 E PhenotypeFlagCommitter: 	at java.util.concurrent.ThreadPoolExecutor$Worker.run(ThreadPoolExecutor.java:641)
12-09 03:00:48.220  2731  2757 E PhenotypeFlagCommitter: 	at java.lang.Thread.run(Thread.java:764)
12-09 03:00:48.276  1807  1807 E netmgr  : Failed to open QEMU pipe 'qemud:network': Invalid argument
12-09 03:00:48.276  1807  1807 E netmgr  : WifiForwarder unable to open QEMU pipe: Invalid argument
12-09 03:00:51.756  1881  1934 E system_server: No package ID ff found for ID 0xffffffff.
12-09 03:00:51.943  2731  2731 E Dialer  : MotorolaHiddenMenuKeySequence - the key sequence array is not matching, turn off feature.key sequence: 0 != 0, key pattern 0 != 0
12-09 03:00:52.892  2825  2825 E ndroid.contact: Not starting debugger since process cannot load the jdwp agent.
12-09 03:00:54.651  1741  1793 E storaged: getDiskStats failed with result NOT_SUPPORTED and size 0
12-09 03:00:55.138  1881  1894 E memtrack: Couldn't load memtrack module
12-09 03:00:58.333  1881  1894 E memtrack: Couldn't load memtrack module
12-09 03:00:58.340  1881  1894 E memtrack: Couldn't load memtrack module
12-09 03:00:58.340  1881  1894 E memtrack: Couldn't load memtrack module
12-09 03:00:58.341  1881  1894 E memtrack: Couldn't load memtrack module
12-09 03:00:58.342  1881  1894 E memtrack: Couldn't load memtrack module
12-09 03:00:58.346  1881  1894 E memtrack: Couldn't load memtrack module
12-09 03:00:58.349  1881  1894 E memtrack: Couldn't load memtrack module
12-09 03:00:58.352  1881  1894 E memtrack: Couldn't load memtrack module
12-09 03:00:58.355  1881  1894 E memtrack: Couldn't load memtrack module
12-09 03:00:58.359  1881  1894 E memtrack: Couldn't load memtrack module
12-09 03:00:58.364  1881  1894 E memtrack: Couldn't load memtrack module
12-09 03:00:58.367  1881  1894 E memtrack: Couldn't load memtrack module
12-09 03:00:58.370  1881  1894 E memtrack: Couldn't load memtrack module
12-09 03:00:58.376  1881  1894 E memtrack: Couldn't load memtrack module
12-09 03:00:58.384  1881  1894 E memtrack: Couldn't load memtrack module
12-09 03:00:58.387  1881  1894 E memtrack: Couldn't load memtrack module
12-09 03:00:58.397  1881  1894 E memtrack: Couldn't load memtrack module
12-09 03:00:58.401  1881  1894 E memtrack: Couldn't load memtrack module
12-09 03:00:58.405  1881  1894 E memtrack: Couldn't load memtrack module
12-09 03:00:58.409  1881  1894 E memtrack: Couldn't load memtrack module
12-09 03:00:58.418  1881  1894 E memtrack: Couldn't load memtrack module
12-09 03:00:58.423  1881  1894 E memtrack: Couldn't load memtrack module
12-09 03:00:58.427  1881  1894 E memtrack: Couldn't load memtrack module
12-09 03:00:58.431  1881  1894 E memtrack: Couldn't load memtrack module
12-09 03:00:58.436  1881  1894 E memtrack: Couldn't load memtrack module
12-09 03:00:58.439  1881  1894 E memtrack: Couldn't load memtrack module
12-09 03:00:58.442  1881  1894 E memtrack: Couldn't load memtrack module
12-09 03:00:58.445  1881  1894 E memtrack: Couldn't load memtrack module
12-09 03:00:58.451  1881  1894 E memtrack: Couldn't load memtrack module
12-09 03:00:58.454  1881  1894 E memtrack: Couldn't load memtrack module
12-09 03:00:58.469  1881  1894 E memtrack: Couldn't load memtrack module
12-09 03:00:58.471  1881  1894 E memtrack: Couldn't load memtrack module
12-09 03:00:58.475  1881  1894 E memtrack: Couldn't load memtrack module
12-09 03:00:58.477  1881  1894 E memtrack: Couldn't load memtrack module
12-09 03:00:58.479  1881  1894 E memtrack: Couldn't load memtrack module
12-09 03:00:58.492  1881  1894 E memtrack: Couldn't load memtrack module
12-09 03:00:58.556  1881  1894 E memtrack: Couldn't load memtrack module
12-09 03:00:58.575  1881  1894 E memtrack: Couldn't load memtrack module
12-09 03:00:58.587  1881  1894 E memtrack: Couldn't load memtrack module
12-09 03:00:58.592  1881  1894 E memtrack: Couldn't load memtrack module
12-09 03:00:58.599  1881  1894 E memtrack: Couldn't load memtrack module
12-09 03:00:58.606  1881  1894 E memtrack: Couldn't load memtrack module
12-09 03:00:58.612  1881  1894 E memtrack: Couldn't load memtrack module
12-09 03:00:58.626  1881  1894 E memtrack: Couldn't load memtrack module
12-09 03:00:58.635  1881  1894 E memtrack: Couldn't load memtrack module
12-09 03:00:58.650  1881  1894 E memtrack: Couldn't load memtrack module
12-09 03:00:58.660  1881  1894 E memtrack: Couldn't load memtrack module
12-09 03:00:58.666  1881  1894 E memtrack: Couldn't load memtrack module
12-09 03:00:58.670  1881  1894 E memtrack: Couldn't load memtrack module
12-09 03:00:58.674  1881  1894 E memtrack: Couldn't load memtrack module
12-09 03:00:58.684  1881  1894 E memtrack: Couldn't load memtrack module
12-09 03:00:58.688  1881  1894 E memtrack: Couldn't load memtrack module
12-09 03:00:58.693  1881  1894 E memtrack: Couldn't load memtrack module
12-09 03:00:58.695  1881  1894 E memtrack: Couldn't load memtrack module
12-09 03:00:58.698  1881  1894 E memtrack: Couldn't load memtrack module
12-09 03:00:58.700  1881  1894 E memtrack: Couldn't load memtrack module
12-09 03:00:58.702  1881  1894 E memtrack: Couldn't load memtrack module
12-09 03:00:58.704  1881  1894 E memtrack: Couldn't load memtrack module
12-09 03:00:58.706  1881  1894 E memtrack: Couldn't load memtrack module
12-09 03:00:58.715  1881  1894 E memtrack: Couldn't load memtrack module
12-09 03:00:58.718  1881  1894 E memtrack: Couldn't load memtrack module
12-09 03:00:58.721  1881  1894 E memtrack: Couldn't load memtrack module
12-09 03:00:58.725  1881  1894 E memtrack: Couldn't load memtrack module
12-09 03:00:58.728  1881  1894 E memtrack: Couldn't load memtrack module
12-09 03:00:58.731  1881  1894 E memtrack: Couldn't load memtrack module
12-09 03:00:58.763  1881  1894 E memtrack: Couldn't load memtrack module
12-09 03:00:58.770  1881  1894 E memtrack: Couldn't load memtrack module
12-09 03:00:58.775  1881  1894 E memtrack: Couldn't load memtrack module
12-09 03:00:58.813  1881  1894 E memtrack: Couldn't load memtrack module
12-09 03:00:58.863  1881  1894 E memtrack: Couldn't load memtrack module
12-09 03:00:58.919  1881  1894 E memtrack: Couldn't load memtrack module
12-09 03:00:58.980  1881  1894 E memtrack: Couldn't load memtrack module
12-09 03:00:59.018  1881  1894 E memtrack: Couldn't load memtrack module
12-09 03:00:59.062  1881  1894 E memtrack: Couldn't load memtrack module
12-09 03:00:59.097  1881  1894 E memtrack: Couldn't load memtrack module
12-09 03:00:59.131  1881  1894 E memtrack: Couldn't load memtrack module
12-09 03:00:59.170  1881  1894 E memtrack: Couldn't load memtrack module
12-09 03:00:59.207  1881  1894 E memtrack: Couldn't load memtrack module
12-09 03:00:59.241  1881  1894 E memtrack: Couldn't load memtrack module
12-09 03:00:59.277  1881  1894 E memtrack: Couldn't load memtrack module
12-09 03:00:59.313  1881  1894 E memtrack: Couldn't load memtrack module
12-09 03:00:59.364  1881  1894 E memtrack: Couldn't load memtrack module
12-09 03:00:59.445  1881  1894 E memtrack: Couldn't load memtrack module
