--------- beginning of system
12-08 09:29:57.970  1881  4709 E WindowManager: Performed 6 layouts in a row. Skipping
12-08 09:29:57.997  1881  1934 E WindowManager: Performed 6 layouts in a row. Skipping
12-08 09:29:58.082  1881  1934 E WindowManager: Performed 6 layouts in a row. Skipping
12-08 09:29:58.108  1881  2381 E WindowManager: Performed 6 layouts in a row. Skipping
12-08 09:29:58.135  1881  1934 E WindowManager: Performed 6 layouts in a row. Skipping
12-08 09:29:58.307  1881  1934 E WindowManager: Performed 6 layouts in a row. Skipping
12-08 09:29:59.955  1881  1895 E ActivityManager: Failure starting process com.evancharlton.mileage
12-08 09:29:59.955  1881  1895 E ActivityManager: java.lang.SecurityException: Package com.evancharlton.mileage is currently frozen!
12-08 09:29:59.955  1881  1895 E ActivityManager: 	at com.android.server.pm.PackageManagerService.checkPackageStartable(PackageManagerService.java:4000)
12-08 09:29:59.955  1881  1895 E ActivityManager: 	at com.android.server.am.ActivityManagerService.startProcessLocked(ActivityManagerService.java:4234)
12-08 09:29:59.955  1881  1895 E ActivityManager: 	at com.android.server.am.ActivityManagerService.startProcessLocked(ActivityManagerService.java:4199)
12-08 09:29:59.955  1881  1895 E ActivityManager: 	at com.android.server.am.ActivityManagerService.startProcessLocked(ActivityManagerService.java:4181)
12-08 09:29:59.955  1881  1895 E ActivityManager: 	at com.android.server.am.ActivityManagerService.startProcessLocked(ActivityManagerService.java:4067)
12-08 09:29:59.955  1881  1895 E ActivityManager: 	at com.android.server.am.ActivityStackSupervisor.startSpecificActivityLocked(ActivityStackSupervisor.java:1715)
12-08 09:29:59.955  1881  1895 E ActivityManager: 	at com.android.server.am.ActivityStack.resumeTopActivityInnerLocked(ActivityStack.java:2764)
12-08 09:29:59.955  1881  1895 E ActivityManager: 	at com.android.server.am.ActivityStack.resumeTopActivityUncheckedLocked(ActivityStack.java:2302)
12-08 09:29:59.955  1881  1895 E ActivityManager: 	at com.android.server.am.ActivityStackSupervisor.resumeFocusedStackTopActivityLocked(ActivityStackSupervisor.java:2234)
12-08 09:29:59.955  1881  1895 E ActivityManager: 	at com.android.server.am.ActivityStackSupervisor.resumeFocusedStackTopActivityLocked(ActivityStackSupervisor.java:2218)
12-08 09:29:59.955  1881  1895 E ActivityManager: 	at com.android.server.am.ActivityManagerService.handleAppDiedLocked(ActivityManagerService.java:5923)
12-08 09:29:59.955  1881  1895 E ActivityManager: 	at com.android.server.am.ActivityManagerService.removeProcessLocked(ActivityManagerService.java:7501)
12-08 09:29:59.955  1881  1895 E ActivityManager: 	at com.android.server.am.ActivityManagerService.killPackageProcessesLocked(ActivityManagerService.java:7142)
12-08 09:29:59.955  1881  1895 E ActivityManager: 	at com.android.server.am.ActivityManagerService.forceStopPackageLocked(ActivityManagerService.java:7275)
12-08 09:29:59.955  1881  1895 E ActivityManager: 	at com.android.server.am.ActivityManagerService$MainHandler.handleMessage(ActivityManagerService.java:2289)
12-08 09:29:59.955  1881  1895 E ActivityManager: 	at android.os.Handler.dispatchMessage(Handler.java:106)
12-08 09:29:59.955  1881  1895 E ActivityManager: 	at android.os.Looper.loop(Looper.java:193)
12-08 09:29:59.955  1881  1895 E ActivityManager: 	at android.os.HandlerThread.run(HandlerThread.java:65)
12-08 09:29:59.955  1881  1895 E ActivityManager: 	at com.android.server.ServiceThread.run(ServiceThread.java:44)
--------- beginning of main
12-08 09:30:21.218  2463  2492 E s.nexuslaunche: Failed to open APK '/data/app/com.evancharlton.mileage-zNFHDcIfGPLila9zNFxdUg==/base.apk' I/O error
12-08 09:30:21.224  2463  2492 E ResourcesManager: failed to add asset path /data/app/com.evancharlton.mileage-zNFHDcIfGPLila9zNFxdUg==/base.apk
12-08 09:30:22.235  2448 20397 E ctxmgr  : [ProducerStatusImpl]updateStateForNewContextData: inactive, contextName=7
12-08 09:30:22.401  2448  2448 E BeaconBle: Missing BluetoothAdapter
12-08 09:30:22.440  2448  2448 E BeaconBle: Scan couldn't start for Places
12-08 09:30:27.069  1611  1695 E audio_hw_generic: pcm_write failed cannot write stream data: I/O error
12-08 09:30:37.090  1611  1695 E audio_hw_generic: pcm_write failed cannot write stream data: I/O error
12-08 09:30:37.775  2692  2692 E ContextIntentStarter: No activity found for any of the 0 intents
12-08 09:30:39.406  1881  4026 E WindowManager: Performed 6 layouts in a row. Skipping
12-08 09:30:39.428  1881  1934 E WindowManager: Performed 6 layouts in a row. Skipping
12-08 09:30:39.451  1881  1934 E WindowManager: Performed 6 layouts in a row. Skipping
12-08 09:30:39.486  1881  1934 E WindowManager: Performed 6 layouts in a row. Skipping
12-08 09:30:39.527  1881  1896 E WindowManager: Performed 6 layouts in a row. Skipping
12-08 09:30:39.565  1881  1934 E WindowManager: Performed 6 layouts in a row. Skipping
12-08 09:30:39.586  1881  2132 E WindowManager: Performed 6 layouts in a row. Skipping
12-08 09:30:39.953  1828  1828 E netmgr  : Failed to open QEMU pipe 'qemud:network': Invalid argument
12-08 09:30:39.954  1828  1828 E netmgr  : WifiForwarder unable to open QEMU pipe: Invalid argument
12-08 09:30:44.325  1738  1772 E storaged: getDiskStats failed with result NOT_SUPPORTED and size 0
12-08 09:30:47.120  1611  1695 E audio_hw_generic: pcm_write failed cannot write stream data: I/O error
12-08 09:30:57.140  1611  1695 E audio_hw_generic: pcm_write failed cannot write stream data: I/O error
12-08 09:31:10.160  1611  1695 E audio_hw_generic: pcm_write failed cannot write stream data: I/O error
12-08 09:31:39.963  1828  1828 E netmgr  : Failed to open QEMU pipe 'qemud:network': Invalid argument
12-08 09:31:39.964  1828  1828 E netmgr  : WifiForwarder unable to open QEMU pipe: Invalid argument
12-08 09:31:44.330  1738  1772 E storaged: getDiskStats failed with result NOT_SUPPORTED and size 0
12-08 09:32:10.363  2494  2716 E PlayCommon: [101] com.google.android.play.b.g.a(448): Failed to connect to server: java.net.UnknownHostException: Unable to resolve host "play.googleapis.com": No address associated with hostname
12-08 09:32:33.873  1881  4709 E WindowManager: Performed 6 layouts in a row. Skipping
12-08 09:32:33.901  1881  1934 E WindowManager: Performed 6 layouts in a row. Skipping
12-08 09:32:33.930  1881  2150 E WindowManager: Performed 6 layouts in a row. Skipping
12-08 09:32:33.953  1881  2150 E WindowManager: Performed 6 layouts in a row. Skipping
12-08 09:32:33.986  1881  1934 E WindowManager: Performed 6 layouts in a row. Skipping
12-08 09:32:34.013  1881  1934 E WindowManager: Performed 6 layouts in a row. Skipping
12-08 09:32:34.063  1881  1934 E WindowManager: Performed 6 layouts in a row. Skipping
12-08 09:32:37.520  1611  1695 E audio_hw_generic: pcm_write failed cannot write stream data: I/O error
12-08 09:32:37.570  1881  2150 E WindowManager: Performed 6 layouts in a row. Skipping
12-08 09:32:37.601  1881  1934 E WindowManager: Performed 6 layouts in a row. Skipping
12-08 09:32:37.638  1881  1934 E WindowManager: Performed 6 layouts in a row. Skipping
12-08 09:32:37.662  1881  1934 E WindowManager: Performed 6 layouts in a row. Skipping
12-08 09:32:37.695  1881  1896 E WindowManager: Performed 6 layouts in a row. Skipping
12-08 09:32:37.717  1881  2132 E WindowManager: Performed 6 layouts in a row. Skipping
12-08 09:32:37.791  1881  1934 E WindowManager: Performed 6 layouts in a row. Skipping
12-08 09:32:37.959  1881  1934 E WindowManager: Performed 6 layouts in a row. Skipping
12-08 09:32:37.990  1881  1934 E WindowManager: Performed 6 layouts in a row. Skipping
12-08 09:32:38.070  1881  1934 E WindowManager: Performed 6 layouts in a row. Skipping
