--------- beginning of system
--------- beginning of main
12-08 02:24:04.393  5362  5362 E id.defcontaine: Not starting debugger since process cannot load the jdwp agent.
12-08 02:24:04.470  5373  5373 E oid.documentsu: Not starting debugger since process cannot load the jdwp agent.
12-08 02:24:04.628  5393  5393 E ndroid.keychai: Not starting debugger since process cannot load the jdwp agent.
12-08 02:24:06.852  5441  5441 E droid.apps.doc: Not starting debugger since process cannot load the jdwp agent.
12-08 02:24:08.270  5466  5466 E d.process.medi: Not starting debugger since process cannot load the jdwp agent.
12-08 02:24:08.848  5492  5492 E ocess.gservice: Not starting debugger since process cannot load the jdwp agent.
12-08 02:24:09.758  5441  5441 E DocsApplication: [main] No default account found during application creation.
12-08 02:24:10.297  1729  1945 E         : Couldn't opendir /data/app/vmdl1334514295.tmp: No such file or directory
12-08 02:24:10.297  1729  1945 E installd: Failed to delete /data/app/vmdl1334514295.tmp: No such file or directory
12-08 02:24:14.648  5548  5548 E harlton.mileag: Not starting debugger since process cannot load the jdwp agent.
12-08 02:24:17.575 16085 31762 E putmethod.lati: Invalid ID 0x00000001.
12-08 02:24:17.611 16085 31762 E LstmTrainingCache: emn: Can't get resource name for input slot
12-08 02:24:17.611 16085 31762 E LstmTrainingCache: android.content.res.Resources$NotFoundException: Unable to find resource ID #0x1
12-08 02:24:17.611 16085 31762 E LstmTrainingCache: 	at android.content.res.ResourcesImpl.getResourceName(ResourcesImpl.java:255)
12-08 02:24:17.611 16085 31762 E LstmTrainingCache: 	at android.content.res.Resources.getResourceName(Resources.java:1954)
12-08 02:24:17.611 16085 31762 E LstmTrainingCache: 	at emn.a(PG:12)
12-08 02:24:17.611 16085 31762 E LstmTrainingCache: 	at emk.run(PG:5)
12-08 02:24:17.611 16085 31762 E LstmTrainingCache: 	at java.lang.Thread.run(Thread.java:764)
12-08 02:24:18.950  1829  1829 E netmgr  : Failed to open QEMU pipe 'qemud:network': Invalid argument
12-08 02:24:18.953  1829  1829 E netmgr  : WifiForwarder unable to open QEMU pipe: Invalid argument
12-08 02:24:20.222  1632  1632 E lowmemorykiller: Error opening /proc/5373/oom_score_adj; errno=2
12-08 02:24:27.720  5590  5590 E emui:screensho: Not starting debugger since process cannot load the jdwp agent.
12-08 02:24:28.776  5590  5590 E SoundPool: error loading /product/media/audio/ui/camera_click.ogg
12-08 02:24:29.108  1739  2068 E OMXNodeInstance: getConfig(0xedf11000:google.vorbis.decoder, ConfigAndroidVendorExtension(0x6f100004)) ERROR: Undefined(0x80001001)
12-08 02:24:30.979  5616  5616 E id.partnersetu: Not starting debugger since process cannot load the jdwp agent.
12-08 02:24:32.515  5638  5638 E d.process.medi: Not starting debugger since process cannot load the jdwp agent.
12-08 02:24:33.265  5653  5653 E ocess.gservice: Not starting debugger since process cannot load the jdwp agent.
12-08 02:24:34.622 16506 16506 E BeaconBle: Missing BluetoothAdapter
12-08 02:24:34.801 16506 16506 E BeaconBle: Scan couldn't start for Places
12-08 02:24:37.227  1737  1809 E storaged: getDiskStats failed with result NOT_SUPPORTED and size 0
12-08 02:24:43.965  5689  5689 E oid.apps.photo: Not starting debugger since process cannot load the jdwp agent.
12-08 02:25:00.865  3953  3953 E ContextIntentStarter: No activity found for any of the 0 intents
12-08 02:25:02.062 15976 16893 E WindowManager: Performed 6 layouts in a row. Skipping
12-08 02:25:02.086 15976 16026 E WindowManager: Performed 6 layouts in a row. Skipping
12-08 02:25:02.204 16788 17129 E PlayCommon: [121] com.google.android.play.b.g.a(448): Failed to connect to server: java.net.UnknownHostException: Unable to resolve host "play.googleapis.com": No address associated with hostname
12-08 02:25:02.219 15976 16026 E WindowManager: Performed 6 layouts in a row. Skipping
12-08 02:25:02.270 15976 16026 E WindowManager: Performed 6 layouts in a row. Skipping
12-08 02:25:02.289 15976 16026 E WindowManager: Performed 6 layouts in a row. Skipping
12-08 02:25:02.306 15976 16026 E WindowManager: Performed 6 layouts in a row. Skipping
12-08 02:25:02.393 15976 16026 E WindowManager: Performed 6 layouts in a row. Skipping
12-08 02:25:02.414 15976 15991 E WindowManager: Performed 6 layouts in a row. Skipping
12-08 02:25:02.457 15976 16026 E WindowManager: Performed 6 layouts in a row. Skipping
12-08 02:25:02.501 15976 16026 E WindowManager: Performed 6 layouts in a row. Skipping
12-08 02:25:02.524 15976 16026 E WindowManager: Performed 6 layouts in a row. Skipping
12-08 02:25:02.552 15976 16026 E WindowManager: Performed 6 layouts in a row. Skipping
12-08 02:25:02.580 15976 16026 E WindowManager: Performed 6 layouts in a row. Skipping
12-08 02:25:09.498 15927  5762 E audio_hw_generic: pcm_open(in) failed: cannot open device '/dev/snd/pcmC0D0c': Device or resource busy: channels 2 format 0 rate 16000
12-08 02:25:09.642 16506  1977 E ctxmgr  : [AppIntervalImpl]closeInterval: ongoing
12-08 02:25:09.651 16506  1977 E ctxmgr  : [AppIntervalImpl]closeInterval: ongoing
12-08 02:25:18.970  1829  1829 E netmgr  : Failed to open QEMU pipe 'qemud:network': Invalid argument
12-08 02:25:18.971  1829  1829 E netmgr  : WifiForwarder unable to open QEMU pipe: Invalid argument
12-08 02:25:37.243  1737  1809 E storaged: getDiskStats failed with result NOT_SUPPORTED and size 0
12-08 02:26:19.019  1829  1829 E netmgr  : Failed to open QEMU pipe 'qemud:network': Invalid argument
12-08 02:26:19.020  1829  1829 E netmgr  : WifiForwarder unable to open QEMU pipe: Invalid argument
12-08 02:26:37.247  1737  1809 E storaged: getDiskStats failed with result NOT_SUPPORTED and size 0
12-08 02:27:19.062  1829  1829 E netmgr  : Failed to open QEMU pipe 'qemud:network': Invalid argument
12-08 02:27:19.063  1829  1829 E netmgr  : WifiForwarder unable to open QEMU pipe: Invalid argument
12-08 02:27:37.248  1737  1809 E storaged: getDiskStats failed with result NOT_SUPPORTED and size 0
12-08 02:28:19.123  1829  1829 E netmgr  : Failed to open QEMU pipe 'qemud:network': Invalid argument
12-08 02:28:19.123  1829  1829 E netmgr  : WifiForwarder unable to open QEMU pipe: Invalid argument
12-08 02:28:35.997  5832  5832 E hod.latin:trai: Not starting debugger since process cannot load the jdwp agent.
12-08 02:28:37.265  1737  1809 E storaged: getDiskStats failed with result NOT_SUPPORTED and size 0
12-08 02:28:41.843 15976 17775 E WindowManager: Performed 6 layouts in a row. Skipping
12-08 02:28:41.870 15976 16026 E WindowManager: Performed 6 layouts in a row. Skipping
12-08 02:28:41.917 15976 16026 E WindowManager: Performed 6 layouts in a row. Skipping
12-08 02:28:41.967 15976 16026 E WindowManager: Performed 6 layouts in a row. Skipping
12-08 02:28:42.003 15976 16026 E WindowManager: Performed 6 layouts in a row. Skipping
12-08 02:28:42.019 15976 15991 E WindowManager: Performed 6 layouts in a row. Skipping
12-08 02:28:42.068 15976 17775 E WindowManager: Performed 6 layouts in a row. Skipping
12-08 02:28:42.128 15976 16026 E WindowManager: Performed 6 layouts in a row. Skipping
12-08 02:28:42.166 15976 17775 E WindowManager: Performed 6 layouts in a row. Skipping
12-08 02:28:42.221 15976 16026 E WindowManager: Performed 6 layouts in a row. Skipping
12-08 02:28:42.273 15976 16026 E WindowManager: Performed 6 layouts in a row. Skipping
12-08 02:28:42.312 15976 16026 E WindowManager: Performed 6 layouts in a row. Skipping
12-08 02:28:42.374 15976 16026 E WindowManager: Performed 6 layouts in a row. Skipping
12-08 02:28:42.439 15976 16026 E WindowManager: Performed 6 layouts in a row. Skipping
12-08 02:28:42.468 15976 15991 E WindowManager: Performed 6 layouts in a row. Skipping
