--------- beginning of main
12-08 14:19:13.684  2540  2548 E ReloadingLock: Finalizing LOCKED Token[searchresults_activity 2018-12-08 19:19:12.141]
--------- beginning of system
12-08 14:19:15.570  1885  1899 E ActivityManager: Failure starting process com.evancharlton.mileage
12-08 14:19:15.570  1885  1899 E ActivityManager: java.lang.SecurityException: Package com.evancharlton.mileage was not found!
12-08 14:19:15.570  1885  1899 E ActivityManager: 	at com.android.server.pm.PackageManagerService.checkPackageStartable(PackageManagerService.java:3987)
12-08 14:19:15.570  1885  1899 E ActivityManager: 	at com.android.server.am.ActivityManagerService.startProcessLocked(ActivityManagerService.java:4234)
12-08 14:19:15.570  1885  1899 E ActivityManager: 	at com.android.server.am.ActivityManagerService.startProcessLocked(ActivityManagerService.java:4199)
12-08 14:19:15.570  1885  1899 E ActivityManager: 	at com.android.server.am.ActivityManagerService.startProcessLocked(ActivityManagerService.java:4181)
12-08 14:19:15.570  1885  1899 E ActivityManager: 	at com.android.server.am.ActivityManagerService.startProcessLocked(ActivityManagerService.java:4067)
12-08 14:19:15.570  1885  1899 E ActivityManager: 	at com.android.server.am.ActivityStackSupervisor.startSpecificActivityLocked(ActivityStackSupervisor.java:1715)
12-08 14:19:15.570  1885  1899 E ActivityManager: 	at com.android.server.am.ActivityStack.resumeTopActivityInnerLocked(ActivityStack.java:2764)
12-08 14:19:15.570  1885  1899 E ActivityManager: 	at com.android.server.am.ActivityStack.resumeTopActivityUncheckedLocked(ActivityStack.java:2302)
12-08 14:19:15.570  1885  1899 E ActivityManager: 	at com.android.server.am.ActivityStackSupervisor.resumeFocusedStackTopActivityLocked(ActivityStackSupervisor.java:2234)
12-08 14:19:15.570  1885  1899 E ActivityManager: 	at com.android.server.am.ActivityStackSupervisor.resumeFocusedStackTopActivityLocked(ActivityStackSupervisor.java:2218)
12-08 14:19:15.570  1885  1899 E ActivityManager: 	at com.android.server.am.ActivityManagerService.handleAppDiedLocked(ActivityManagerService.java:5923)
12-08 14:19:15.570  1885  1899 E ActivityManager: 	at com.android.server.am.ActivityManagerService.removeProcessLocked(ActivityManagerService.java:7501)
12-08 14:19:15.570  1885  1899 E ActivityManager: 	at com.android.server.am.ActivityManagerService.killPackageProcessesLocked(ActivityManagerService.java:7142)
12-08 14:19:15.570  1885  1899 E ActivityManager: 	at com.android.server.am.ActivityManagerService.forceStopPackageLocked(ActivityManagerService.java:7275)
12-08 14:19:15.570  1885  1899 E ActivityManager: 	at com.android.server.am.ActivityManagerService$MainHandler.handleMessage(ActivityManagerService.java:2289)
12-08 14:19:15.570  1885  1899 E ActivityManager: 	at android.os.Handler.dispatchMessage(Handler.java:106)
12-08 14:19:15.570  1885  1899 E ActivityManager: 	at android.os.Looper.loop(Looper.java:193)
12-08 14:19:15.570  1885  1899 E ActivityManager: 	at android.os.HandlerThread.run(HandlerThread.java:65)
12-08 14:19:15.570  1885  1899 E ActivityManager: 	at com.android.server.ServiceThread.run(ServiceThread.java:44)
12-08 14:19:15.930  2407  5656 E IconLoader: Unexpected null component name or activity info: ComponentInfo{com.evancharlton.mileage/com.evancharlton.mileage.Mileage}, null
12-08 14:19:16.859 26230 26230 E droid.apps.doc: Not starting debugger since process cannot load the jdwp agent.
12-08 14:19:21.378 26230 26230 E DocsApplication: [main] No default account found during application creation.
12-08 14:19:22.585  1614 26295 E audio_hw_generic: pcm_open(in) failed: cannot open device '/dev/snd/pcmC0D0c': Device or resource busy: channels 2 format 0 rate 16000
12-08 14:19:23.160  1732  1732 E         : Couldn't opendir /data/app/vmdl1128092688.tmp: No such file or directory
12-08 14:19:23.161  1732  1732 E installd: Failed to delete /data/app/vmdl1128092688.tmp: No such file or directory
12-08 14:19:25.714 26322 26322 E harlton.mileag: Not starting debugger since process cannot load the jdwp agent.
12-08 14:19:27.631  1996  2601 E putmethod.lati: Invalid ID 0x00000001.
12-08 14:19:27.635  1996  2601 E LstmTrainingCache: emn: Can't get resource name for input slot
12-08 14:19:27.635  1996  2601 E LstmTrainingCache: android.content.res.Resources$NotFoundException: Unable to find resource ID #0x1
12-08 14:19:27.635  1996  2601 E LstmTrainingCache: 	at android.content.res.ResourcesImpl.getResourceName(ResourcesImpl.java:255)
12-08 14:19:27.635  1996  2601 E LstmTrainingCache: 	at android.content.res.Resources.getResourceName(Resources.java:1954)
12-08 14:19:27.635  1996  2601 E LstmTrainingCache: 	at emn.a(PG:12)
12-08 14:19:27.635  1996  2601 E LstmTrainingCache: 	at emk.run(PG:5)
12-08 14:19:27.635  1996  2601 E LstmTrainingCache: 	at java.lang.Thread.run(Thread.java:764)
12-08 14:19:43.824  2429 26067 E ctxmgr  : [ProducerStatusImpl]updateStateForNewContextData: inactive, contextName=7
12-08 14:19:44.117  2429  2429 E BeaconBle: Missing BluetoothAdapter
12-08 14:19:44.166  2429  2429 E BeaconBle: Scan couldn't start for Places
12-08 14:19:53.142  2540  2540 E ContextIntentStarter: No activity found for any of the 0 intents
12-08 14:19:53.921 25165 25165 E wpa_supplicant: nl80211: Failed to open /proc/sys/net/ipv4/conf/p2p-dev-wlan0/drop_unicast_in_l2_multicast: No such file or directory
12-08 14:19:53.921 25165 25165 E wpa_supplicant: nl80211: Failed to set IPv4 unicast in multicast filter
12-08 14:19:53.970 25165 25165 E wpa_supplicant: nl80211: Failed to open /proc/sys/net/ipv4/conf/p2p-dev-wlan0/drop_unicast_in_l2_multicast: No such file or directory
12-08 14:19:53.970 25165 25165 E wpa_supplicant: nl80211: Failed to set IPv4 unicast in multicast filter
12-08 14:19:54.128 25165 25165 E wpa_supplicant: nl80211: Failed to open /proc/sys/net/ipv4/conf/wlan0/drop_unicast_in_l2_multicast: No such file or directory
12-08 14:19:54.128 25165 25165 E wpa_supplicant: nl80211: Failed to set IPv4 unicast in multicast filter
12-08 14:19:54.128 25165 25165 E wpa_supplicant: nl80211: Failed to open /proc/sys/net/ipv4/conf/wlan0/drop_unicast_in_l2_multicast: No such file or directory
12-08 14:19:54.129 25165 25165 E wpa_supplicant: nl80211: Failed to set IPv4 unicast in multicast filter
12-08 14:19:54.202 25165 25165 E wpa_supplicant: nl80211: Failed to open /proc/sys/net/ipv4/conf/wlan0/drop_unicast_in_l2_multicast: No such file or directory
12-08 14:19:54.202 25165 25165 E wpa_supplicant: nl80211: Failed to set IPv4 unicast in multicast filter
12-08 14:19:54.797  1629  1629 E android.hardware.wifi@1.0-service: Failed to open directory: Permission denied
12-08 14:19:54.798  1629  1629 E android.hardware.wifi@1.0-service: Error occurred while deleting old tombstone files
12-08 14:19:54.798  1629  1629 E android.hardware.wifi@1.0-service: Error writing files to flash
12-08 14:19:56.030  1885  1971 E WifiP2pService: Unhandled message { when=0 what=131204 target=com.android.internal.util.StateMachine$SmHandler }
12-08 14:19:56.126  2429 25227 E WakeLock: GCM_HB_ALARM release without a matched acquire!
12-08 14:19:56.208  1885  1903 E BatteryExternalStatsWorker: no controller energy info supplied for wifi
12-08 14:19:56.264  2429 25227 E WakeLock: GCM_CONN_ALARM release without a matched acquire!
12-08 14:19:56.411 26398 26398 E ndroid.calenda: Not starting debugger since process cannot load the jdwp agent.
12-08 14:19:56.503 26392 26392 E viders.calenda: Not starting debugger since process cannot load the jdwp agent.
12-08 14:19:57.123  1629  1629 E android.hardware.wifi@1.0-service: Failed to register radio mode change callback
12-08 14:19:57.128  1629  1629 E android.hardware.wifi@1.0-service: Failed to set DFS flag; DFS channels may be unavailable.
12-08 14:19:57.409  1741  1741 E wificond: No Offload Service available
12-08 14:19:57.808  1885  1971 E WifiP2pService: Unhandled message { when=-1ms what=131203 target=com.android.internal.util.StateMachine$SmHandler }
12-08 14:19:57.815  1885  1971 E WifiP2pService: Unhandled message { when=0 what=131203 target=com.android.internal.util.StateMachine$SmHandler }
12-08 14:19:57.870  1885  1903 E BatteryExternalStatsWorker: no controller energy info supplied for wifi
12-08 14:19:58.118  2429 26019 E ctxmgr  : [ProducerStatusImpl]updateStateForNewContextData: inactive, contextName=7
12-08 14:19:58.442  2429  2429 E BeaconBle: Missing BluetoothAdapter
12-08 14:19:57.941  1885  1903 E BatteryExternalStatsWorker: no controller energy info supplied for wifi
12-08 14:19:58.507  2429  2429 E BeaconBle: Scan couldn't start for Places
12-08 14:19:58.553  1885  1972 E ConnectivityService: exception in setMtu()java.lang.IllegalStateException: command '775 interface setmtu radio0 1500' failed with '400 775 Failed to set MTU (Permission denied)'
12-08 14:19:59.300  2429 26482 E WakeLock: GCM_CONN_ALARM release without a matched acquire!
12-08 14:19:59.581 26486 26486 E droid.deskcloc: Not starting debugger since process cannot load the jdwp agent.
12-08 14:19:59.942 26486 26486 E LoadedApk: Unable to instantiate appComponentFactory
12-08 14:19:59.942 26486 26486 E LoadedApk: java.lang.ClassNotFoundException: Didn't find class "android.support.v4.app.CoreComponentFactory" on path: DexPathList[[zip file "/data/app/com.google.android.deskclock-irjeQ48B8SlCzNgOUY6aXg==/base.apk"],nativeLibraryDirectories=[/data/app/com.google.android.deskclock-irjeQ48B8SlCzNgOUY6aXg==/lib/x86, /system/lib]]
12-08 14:19:59.942 26486 26486 E LoadedApk: 	at dalvik.system.BaseDexClassLoader.findClass(BaseDexClassLoader.java:134)
12-08 14:19:59.942 26486 26486 E LoadedApk: 	at java.lang.ClassLoader.loadClass(ClassLoader.java:379)
12-08 14:19:59.942 26486 26486 E LoadedApk: 	at java.lang.ClassLoader.loadClass(ClassLoader.java:312)
12-08 14:19:59.942 26486 26486 E LoadedApk: 	at android.app.LoadedApk.createAppFactory(LoadedApk.java:226)
12-08 14:19:59.942 26486 26486 E LoadedApk: 	at android.app.LoadedApk.createOrUpdateClassLoaderLocked(LoadedApk.java:731)
12-08 14:19:59.942 26486 26486 E LoadedApk: 	at android.app.LoadedApk.getClassLoader(LoadedApk.java:810)
12-08 14:19:59.942 26486 26486 E LoadedApk: 	at android.app.LoadedApk.getResources(LoadedApk.java:1032)
12-08 14:19:59.942 26486 26486 E LoadedApk: 	at android.app.ContextImpl.createAppContext(ContextImpl.java:2345)
12-08 14:19:59.942 26486 26486 E LoadedApk: 	at android.app.ActivityThread.handleBindApplication(ActivityThread.java:5749)
12-08 14:19:59.942 26486 26486 E LoadedApk: 	at android.app.ActivityThread.access$1100(ActivityThread.java:199)
12-08 14:19:59.942 26486 26486 E LoadedApk: 	at android.app.ActivityThread$H.handleMessage(ActivityThread.java:1650)
12-08 14:19:59.942 26486 26486 E LoadedApk: 	at android.os.Handler.dispatchMessage(Handler.java:106)
12-08 14:19:59.942 26486 26486 E LoadedApk: 	at android.os.Looper.loop(Looper.java:193)
12-08 14:19:59.942 26486 26486 E LoadedApk: 	at android.app.ActivityThread.main(ActivityThread.java:6669)
12-08 14:19:59.942 26486 26486 E LoadedApk: 	at java.lang.reflect.Method.invoke(Native Method)
12-08 14:19:59.942 26486 26486 E LoadedApk: 	at com.android.internal.os.RuntimeInit$MethodAndArgsCaller.run(RuntimeInit.java:493)
12-08 14:19:59.942 26486 26486 E LoadedApk: 	at com.android.internal.os.ZygoteInit.main(ZygoteInit.java:858)
12-08 14:20:00.557 26518 26518 E com.ustwo.lwp: Not starting debugger since process cannot load the jdwp agent.
12-08 14:20:02.000  1885  1903 E BatteryExternalStatsWorker: no controller energy info supplied for wifi
12-08 14:20:02.677  2429 26551 E WakeLock: GCM_HB_ALARM release without a matched acquire!
12-08 14:20:02.852  1738  1800 E Netd    : Error adding route ::/0 -> fe80::ff:fe00:100 wlan0 to table 1003: File exists
12-08 14:20:02.935  2429 26554 E WakeLock: GCM_CONN_ALARM release without a matched acquire!
12-08 14:20:04.400  1614  1698 E audio_hw_generic: pcm_write failed cannot write stream data: I/O error
12-08 14:20:05.178  1834  1834 E netmgr  : Failed to open QEMU pipe 'qemud:network': Invalid argument
12-08 14:20:05.178  1834  1834 E netmgr  : WifiForwarder unable to open QEMU pipe: Invalid argument
12-08 14:20:11.408  1740  1805 E storaged: getDiskStats failed with result NOT_SUPPORTED and size 0
12-08 14:20:14.498  1885  1898 E memtrack: Couldn't load memtrack module
12-08 14:20:14.740  1614  1698 E audio_hw_generic: pcm_write failed cannot write stream data: I/O error
12-08 14:20:18.011  1885  1898 E memtrack: Couldn't load memtrack module
12-08 14:20:19.642  1885  1898 E memtrack: Couldn't load memtrack module
12-08 14:20:21.341  1885  1898 E memtrack: Couldn't load memtrack module
12-08 14:20:21.404  1885  1898 E memtrack: Couldn't load memtrack module
12-08 14:20:24.750  1614  1698 E audio_hw_generic: pcm_write failed cannot write stream data: I/O error
