--------- beginning of system
12-07 14:33:39.875  1735  1809 E storaged: getDiskStats failed with result NOT_SUPPORTED and size 0
--------- beginning of crash
12-07 14:33:53.388  1932  1932 E AndroidRuntime: FATAL EXCEPTION: main
12-07 14:33:53.388  1932  1932 E AndroidRuntime: Process: com.evancharlton.mileage, PID: 1932
12-07 14:33:53.388  1932  1932 E AndroidRuntime: java.lang.VerifyError: Rejecting class com.evancharlton.mileage.provider.tables.FillupsTable that attempts to sub-type erroneous class com.evancharlton.mileage.provider.tables.ContentTable (declaration of 'com.evancharlton.mileage.provider.tables.FillupsTable' appears in base.apk)
12-07 14:33:53.388  1932  1932 E AndroidRuntime: 	at com.evancharlton.mileage.provider.FillUpsProvider.<clinit>(FillUpsProvider.java:76)
12-07 14:33:53.388  1932  1932 E AndroidRuntime: 	at java.lang.Class.newInstance(Native Method)
12-07 14:33:53.388  1932  1932 E AndroidRuntime: 	at android.app.AppComponentFactory.instantiateProvider(AppComponentFactory.java:121)
12-07 14:33:53.388  1932  1932 E AndroidRuntime: 	at android.app.ActivityThread.installProvider(ActivityThread.java:6380)
12-07 14:33:53.388  1932  1932 E AndroidRuntime: 	at android.app.ActivityThread.installContentProviders(ActivityThread.java:5938)
12-07 14:33:53.388  1932  1932 E AndroidRuntime: 	at android.app.ActivityThread.handleBindApplication(ActivityThread.java:5853)
12-07 14:33:53.388  1932  1932 E AndroidRuntime: 	at android.app.ActivityThread.access$1100(ActivityThread.java:199)
12-07 14:33:53.388  1932  1932 E AndroidRuntime: 	at android.app.ActivityThread$H.handleMessage(ActivityThread.java:1650)
12-07 14:33:53.388  1932  1932 E AndroidRuntime: 	at android.os.Handler.dispatchMessage(Handler.java:106)
12-07 14:33:53.388  1932  1932 E AndroidRuntime: 	at android.os.Looper.loop(Looper.java:193)
12-07 14:33:53.388  1932  1932 E AndroidRuntime: 	at android.app.ActivityThread.main(ActivityThread.java:6669)
12-07 14:33:53.388  1932  1932 E AndroidRuntime: 	at java.lang.reflect.Method.invoke(Native Method)
12-07 14:33:53.388  1932  1932 E AndroidRuntime: 	at com.android.internal.os.RuntimeInit$MethodAndArgsCaller.run(RuntimeInit.java:493)
12-07 14:33:53.388  1932  1932 E AndroidRuntime: 	at com.android.internal.os.ZygoteInit.main(ZygoteInit.java:858)
12-07 14:33:53.388  1932  1932 E AndroidRuntime: Caused by: java.lang.VerifyError: Verifier rejected class com.evancharlton.mileage.provider.tables.ContentTable: int com.evancharlton.mileage.provider.tables.ContentTable.delete(android.database.sqlite.SQLiteDatabase, android.net.Uri, java.lang.String, java.lang.String[]) failed to verify: int com.evancharlton.mileage.provider.tables.ContentTable.delete(android.database.sqlite.SQLiteDatabase, android.net.Uri, java.lang.String, java.lang.String[]): [0x34] wide register v2 has type Long (Low Half)/Zero/null (declaration of 'com.evancharlton.mileage.provider.tables.ContentTable' appears in base.apk)
12-07 14:33:53.388  1932  1932 E AndroidRuntime: 	... 14 more
12-07 14:34:41.034  1735  1809 E storaged: getDiskStats failed with result NOT_SUPPORTED and size 0
12-07 14:34:57.223  1628  1979 F libc    : Fatal signal 6 (SIGABRT), code -6 (SI_TKILL) in tid 1979 (TimeCheckThread), pid 1628 (audioserver)
12-07 14:34:57.460  2057  2057 F DEBUG   : *** *** *** *** *** *** *** *** *** *** *** *** *** *** *** ***
12-07 14:34:57.460  2057  2057 F DEBUG   : Build fingerprint: 'google/sdk_gphone_x86/generic_x86:9/PSR1.180720.075/5124027:user/release-keys'
12-07 14:34:57.460  2057  2057 F DEBUG   : Revision: '0'
12-07 14:34:57.460  2057  2057 F DEBUG   : ABI: 'x86'
12-07 14:34:57.460  2057  2057 F DEBUG   : pid: 1628, tid: 1979, name: TimeCheckThread  >>> /system/bin/audioserver <<<
12-07 14:34:57.460  2057  2057 F DEBUG   : signal 6 (SIGABRT), code -6 (SI_TKILL), fault addr --------
12-07 14:34:57.460  2057  2057 F DEBUG   : Abort message: 'TimeCheck timeout for IAudioFlinger'
12-07 14:34:57.460  2057  2057 F DEBUG   :     eax 00000000  ebx 0000065c  ecx 000007bb  edx 00000006
12-07 14:34:57.460  2057  2057 F DEBUG   :     edi 0000065c  esi e7eff3fc
12-07 14:34:57.461  2057  2057 F DEBUG   :     ebp e7eff3c8  esp e7eff358  eip ec11eb39
12-07 14:34:57.465  2057  2057 F DEBUG   : 
12-07 14:34:57.465  2057  2057 F DEBUG   : backtrace:
12-07 14:34:57.466  2057  2057 F DEBUG   :     #00 pc 00000b39  [vdso:ec11e000] (__kernel_vsyscall+9)
12-07 14:34:57.466  2057  2057 F DEBUG   :     #01 pc 0001fdf8  /system/lib/libc.so (syscall+40)
12-07 14:34:57.466  2057  2057 F DEBUG   :     #02 pc 00022ed3  /system/lib/libc.so (abort+115)
12-07 14:34:57.466  2057  2057 F DEBUG   :     #03 pc 00006c84  /system/lib/liblog.so (__android_log_assert+292)
12-07 14:34:57.466  2057  2057 F DEBUG   :     #04 pc 00010d8c  /system/lib/libmedia_helper.so (android::TimeCheck::TimeCheckThread::threadLoop()+428)
12-07 14:34:57.466  2057  2057 F DEBUG   :     #05 pc 0000e5ae  /system/lib/libutils.so (android::Thread::_threadLoop(void*)+222)
12-07 14:34:57.466  2057  2057 F DEBUG   :     #06 pc 0000df76  /system/lib/libutils.so (thread_data_t::trampoline(thread_data_t const*)+246)
12-07 14:34:57.466  2057  2057 F DEBUG   :     #07 pc 0008f065  /system/lib/libc.so (__pthread_start(void*)+53)
12-07 14:34:57.466  2057  2057 F DEBUG   :     #08 pc 0002485b  /system/lib/libc.so (__start_thread+75)
12-07 14:35:29.248  1880  1890 E InputMethodManagerService: Ignoring com.android.server.InputMethodManagerService.updateStatusIcon:2188 due to an invalid token. uid:10060 token:android.os.Binder@3383db6
12-07 14:35:42.470  1735  1809 E storaged: getDiskStats failed with result NOT_SUPPORTED and size 0
--------- beginning of main
12-07 14:35:56.262  2116  2116 E harlton.mileag: Not starting debugger since process cannot load the jdwp agent.
12-07 14:35:58.794  2065  2097 E AudioFlinger: no wake lock to update, but system ready!
12-07 14:36:01.687  2116  2116 E AndroidRuntime: FATAL EXCEPTION: main
12-07 14:36:01.687  2116  2116 E AndroidRuntime: Process: com.evancharlton.mileage, PID: 2116
12-07 14:36:01.687  2116  2116 E AndroidRuntime: java.lang.VerifyError: Rejecting class com.evancharlton.mileage.provider.tables.FillupsTable that attempts to sub-type erroneous class com.evancharlton.mileage.provider.tables.ContentTable (declaration of 'com.evancharlton.mileage.provider.tables.FillupsTable' appears in base.apk)
12-07 14:36:01.687  2116  2116 E AndroidRuntime: 	at com.evancharlton.mileage.provider.FillUpsProvider.<clinit>(FillUpsProvider.java:76)
12-07 14:36:01.687  2116  2116 E AndroidRuntime: 	at java.lang.Class.newInstance(Native Method)
12-07 14:36:01.687  2116  2116 E AndroidRuntime: 	at android.app.AppComponentFactory.instantiateProvider(AppComponentFactory.java:121)
12-07 14:36:01.687  2116  2116 E AndroidRuntime: 	at android.app.ActivityThread.installProvider(ActivityThread.java:6380)
12-07 14:36:01.687  2116  2116 E AndroidRuntime: 	at android.app.ActivityThread.installContentProviders(ActivityThread.java:5938)
12-07 14:36:01.687  2116  2116 E AndroidRuntime: 	at android.app.ActivityThread.handleBindApplication(ActivityThread.java:5853)
12-07 14:36:01.687  2116  2116 E AndroidRuntime: 	at android.app.ActivityThread.access$1100(ActivityThread.java:199)
12-07 14:36:01.687  2116  2116 E AndroidRuntime: 	at android.app.ActivityThread$H.handleMessage(ActivityThread.java:1650)
12-07 14:36:01.687  2116  2116 E AndroidRuntime: 	at android.os.Handler.dispatchMessage(Handler.java:106)
12-07 14:36:01.687  2116  2116 E AndroidRuntime: 	at android.os.Looper.loop(Looper.java:193)
12-07 14:36:01.687  2116  2116 E AndroidRuntime: 	at android.app.ActivityThread.main(ActivityThread.java:6669)
12-07 14:36:01.687  2116  2116 E AndroidRuntime: 	at java.lang.reflect.Method.invoke(Native Method)
12-07 14:36:01.687  2116  2116 E AndroidRuntime: 	at com.android.internal.os.RuntimeInit$MethodAndArgsCaller.run(RuntimeInit.java:493)
12-07 14:36:01.687  2116  2116 E AndroidRuntime: 	at com.android.internal.os.ZygoteInit.main(ZygoteInit.java:858)
12-07 14:36:01.687  2116  2116 E AndroidRuntime: Caused by: java.lang.VerifyError: Verifier rejected class com.evancharlton.mileage.provider.tables.ContentTable: int com.evancharlton.mileage.provider.tables.ContentTable.delete(android.database.sqlite.SQLiteDatabase, android.net.Uri, java.lang.String, java.lang.String[]) failed to verify: int com.evancharlton.mileage.provider.tables.ContentTable.delete(android.database.sqlite.SQLiteDatabase, android.net.Uri, java.lang.String, java.lang.String[]): [0x34] wide register v2 has type Long (Low Half)/Zero/null (declaration of 'com.evancharlton.mileage.provider.tables.ContentTable' appears in base.apk)
12-07 14:36:01.687  2116  2116 E AndroidRuntime: 	... 14 more
12-07 14:36:06.809  1629  1629 E lowmemorykiller: Error opening /proc/2116/oom_score_adj; errno=2
12-07 14:36:25.789  2171  2171 E harlton.mileag: Not starting debugger since process cannot load the jdwp agent.
12-07 14:36:31.121  2171  2171 E AndroidRuntime: FATAL EXCEPTION: main
12-07 14:36:31.121  2171  2171 E AndroidRuntime: Process: com.evancharlton.mileage, PID: 2171
12-07 14:36:31.121  2171  2171 E AndroidRuntime: java.lang.VerifyError: Rejecting class com.evancharlton.mileage.provider.tables.FillupsTable that attempts to sub-type erroneous class com.evancharlton.mileage.provider.tables.ContentTable (declaration of 'com.evancharlton.mileage.provider.tables.FillupsTable' appears in base.apk)
12-07 14:36:31.121  2171  2171 E AndroidRuntime: 	at com.evancharlton.mileage.provider.FillUpsProvider.<clinit>(FillUpsProvider.java:76)
12-07 14:36:31.121  2171  2171 E AndroidRuntime: 	at java.lang.Class.newInstance(Native Method)
12-07 14:36:31.121  2171  2171 E AndroidRuntime: 	at android.app.AppComponentFactory.instantiateProvider(AppComponentFactory.java:121)
12-07 14:36:31.121  2171  2171 E AndroidRuntime: 	at android.app.ActivityThread.installProvider(ActivityThread.java:6380)
12-07 14:36:31.121  2171  2171 E AndroidRuntime: 	at android.app.ActivityThread.installContentProviders(ActivityThread.java:5938)
12-07 14:36:31.121  2171  2171 E AndroidRuntime: 	at android.app.ActivityThread.handleBindApplication(ActivityThread.java:5853)
12-07 14:36:31.121  2171  2171 E AndroidRuntime: 	at android.app.ActivityThread.access$1100(ActivityThread.java:199)
12-07 14:36:31.121  2171  2171 E AndroidRuntime: 	at android.app.ActivityThread$H.handleMessage(ActivityThread.java:1650)
12-07 14:36:31.121  2171  2171 E AndroidRuntime: 	at android.os.Handler.dispatchMessage(Handler.java:106)
12-07 14:36:31.121  2171  2171 E AndroidRuntime: 	at android.os.Looper.loop(Looper.java:193)
12-07 14:36:31.121  2171  2171 E AndroidRuntime: 	at android.app.ActivityThread.main(ActivityThread.java:6669)
12-07 14:36:31.121  2171  2171 E AndroidRuntime: 	at java.lang.reflect.Method.invoke(Native Method)
12-07 14:36:31.121  2171  2171 E AndroidRuntime: 	at com.android.internal.os.RuntimeInit$MethodAndArgsCaller.run(RuntimeInit.java:493)
12-07 14:36:31.121  2171  2171 E AndroidRuntime: 	at com.android.internal.os.ZygoteInit.main(ZygoteInit.java:858)
12-07 14:36:31.121  2171  2171 E AndroidRuntime: Caused by: java.lang.VerifyError: Verifier rejected class com.evancharlton.mileage.provider.tables.ContentTable: int com.evancharlton.mileage.provider.tables.ContentTable.delete(android.database.sqlite.SQLiteDatabase, android.net.Uri, java.lang.String, java.lang.String[]) failed to verify: int com.evancharlton.mileage.provider.tables.ContentTable.delete(android.database.sqlite.SQLiteDatabase, android.net.Uri, java.lang.String, java.lang.String[]): [0x34] wide register v2 has type Long (Low Half)/Zero/null (declaration of 'com.evancharlton.mileage.provider.tables.ContentTable' appears in base.apk)
12-07 14:36:31.121  2171  2171 E AndroidRuntime: 	... 14 more
12-07 14:36:36.286  1629  1629 E lowmemorykiller: Error writing /proc/2171/oom_score_adj; errno=22
12-07 14:36:39.041  2218  2218 E .android.chrom: Not starting debugger since process cannot load the jdwp agent.
12-07 14:36:44.262  1829  1829 E netmgr  : Failed to open QEMU pipe 'qemud:network': Invalid argument
12-07 14:36:44.275  1829  1829 E netmgr  : WifiForwarder unable to open QEMU pipe: Invalid argument
12-07 14:36:44.243  1735  1809 E storaged: getDiskStats failed with result NOT_SUPPORTED and size 0
12-07 14:36:57.524  2289  2289 E harlton.mileag: Not starting debugger since process cannot load the jdwp agent.
12-07 14:36:57.742  2289  2289 E AndroidRuntime: FATAL EXCEPTION: main
12-07 14:36:57.742  2289  2289 E AndroidRuntime: Process: com.evancharlton.mileage, PID: 2289
12-07 14:36:57.742  2289  2289 E AndroidRuntime: java.lang.VerifyError: Rejecting class com.evancharlton.mileage.provider.tables.FillupsTable that attempts to sub-type erroneous class com.evancharlton.mileage.provider.tables.ContentTable (declaration of 'com.evancharlton.mileage.provider.tables.FillupsTable' appears in base.apk)
12-07 14:36:57.742  2289  2289 E AndroidRuntime: 	at com.evancharlton.mileage.provider.FillUpsProvider.<clinit>(FillUpsProvider.java:76)
12-07 14:36:57.742  2289  2289 E AndroidRuntime: 	at java.lang.Class.newInstance(Native Method)
12-07 14:36:57.742  2289  2289 E AndroidRuntime: 	at android.app.AppComponentFactory.instantiateProvider(AppComponentFactory.java:121)
12-07 14:36:57.742  2289  2289 E AndroidRuntime: 	at android.app.ActivityThread.installProvider(ActivityThread.java:6380)
12-07 14:36:57.742  2289  2289 E AndroidRuntime: 	at android.app.ActivityThread.installContentProviders(ActivityThread.java:5938)
12-07 14:36:57.742  2289  2289 E AndroidRuntime: 	at android.app.ActivityThread.handleBindApplication(ActivityThread.java:5853)
12-07 14:36:57.742  2289  2289 E AndroidRuntime: 	at android.app.ActivityThread.access$1100(ActivityThread.java:199)
12-07 14:36:57.742  2289  2289 E AndroidRuntime: 	at android.app.ActivityThread$H.handleMessage(ActivityThread.java:1650)
12-07 14:36:57.742  2289  2289 E AndroidRuntime: 	at android.os.Handler.dispatchMessage(Handler.java:106)
12-07 14:36:57.742  2289  2289 E AndroidRuntime: 	at android.os.Looper.loop(Looper.java:193)
12-07 14:36:57.742  2289  2289 E AndroidRuntime: 	at android.app.ActivityThread.main(ActivityThread.java:6669)
12-07 14:36:57.742  2289  2289 E AndroidRuntime: 	at java.lang.reflect.Method.invoke(Native Method)
12-07 14:36:57.742  2289  2289 E AndroidRuntime: 	at com.android.internal.os.RuntimeInit$MethodAndArgsCaller.run(RuntimeInit.java:493)
12-07 14:36:57.742  2289  2289 E AndroidRuntime: 	at com.android.internal.os.ZygoteInit.main(ZygoteInit.java:858)
12-07 14:36:57.742  2289  2289 E AndroidRuntime: Caused by: java.lang.VerifyError: Verifier rejected class com.evancharlton.mileage.provider.tables.ContentTable: int com.evancharlton.mileage.provider.tables.ContentTable.delete(android.database.sqlite.SQLiteDatabase, android.net.Uri, java.lang.String, java.lang.String[]) failed to verify: int com.evancharlton.mileage.provider.tables.ContentTable.delete(android.database.sqlite.SQLiteDatabase, android.net.Uri, java.lang.String, java.lang.String[]): [0x34] wide register v2 has type Long (Low Half)/Zero/null (declaration of 'com.evancharlton.mileage.provider.tables.ContentTable' appears in base.apk)
12-07 14:36:57.742  2289  2289 E AndroidRuntime: 	... 14 more
12-07 14:37:02.798  1629  1629 E lowmemorykiller: Error writing /proc/2289/oom_score_adj; errno=22
12-07 14:37:27.083  2364  2364 E harlton.mileag: Not starting debugger since process cannot load the jdwp agent.
12-07 14:37:29.625  2364  2364 E AndroidRuntime: FATAL EXCEPTION: main
12-07 14:37:29.625  2364  2364 E AndroidRuntime: Process: com.evancharlton.mileage, PID: 2364
12-07 14:37:29.625  2364  2364 E AndroidRuntime: java.lang.VerifyError: Rejecting class com.evancharlton.mileage.provider.tables.FillupsTable that attempts to sub-type erroneous class com.evancharlton.mileage.provider.tables.ContentTable (declaration of 'com.evancharlton.mileage.provider.tables.FillupsTable' appears in base.apk)
12-07 14:37:29.625  2364  2364 E AndroidRuntime: 	at com.evancharlton.mileage.provider.FillUpsProvider.<clinit>(FillUpsProvider.java:76)
12-07 14:37:29.625  2364  2364 E AndroidRuntime: 	at java.lang.Class.newInstance(Native Method)
12-07 14:37:29.625  2364  2364 E AndroidRuntime: 	at android.app.AppComponentFactory.instantiateProvider(AppComponentFactory.java:121)
12-07 14:37:29.625  2364  2364 E AndroidRuntime: 	at android.app.ActivityThread.installProvider(ActivityThread.java:6380)
12-07 14:37:29.625  2364  2364 E AndroidRuntime: 	at android.app.ActivityThread.installContentProviders(ActivityThread.java:5938)
12-07 14:37:29.625  2364  2364 E AndroidRuntime: 	at android.app.ActivityThread.handleBindApplication(ActivityThread.java:5853)
12-07 14:37:29.625  2364  2364 E AndroidRuntime: 	at android.app.ActivityThread.access$1100(ActivityThread.java:199)
12-07 14:37:29.625  2364  2364 E AndroidRuntime: 	at android.app.ActivityThread$H.handleMessage(ActivityThread.java:1650)
12-07 14:37:29.625  2364  2364 E AndroidRuntime: 	at android.os.Handler.dispatchMessage(Handler.java:106)
12-07 14:37:29.625  2364  2364 E AndroidRuntime: 	at android.os.Looper.loop(Looper.java:193)
12-07 14:37:29.625  2364  2364 E AndroidRuntime: 	at android.app.ActivityThread.main(ActivityThread.java:6669)
12-07 14:37:29.625  2364  2364 E AndroidRuntime: 	at java.lang.reflect.Method.invoke(Native Method)
12-07 14:37:29.625  2364  2364 E AndroidRuntime: 	at com.android.internal.os.RuntimeInit$MethodAndArgsCaller.run(RuntimeInit.java:493)
12-07 14:37:29.625  2364  2364 E AndroidRuntime: 	at com.android.internal.os.ZygoteInit.main(ZygoteInit.java:858)
12-07 14:37:29.625  2364  2364 E AndroidRuntime: Caused by: java.lang.VerifyError: Verifier rejected class com.evancharlton.mileage.provider.tables.ContentTable: int com.evancharlton.mileage.provider.tables.ContentTable.delete(android.database.sqlite.SQLiteDatabase, android.net.Uri, java.lang.String, java.lang.String[]) failed to verify: int com.evancharlton.mileage.provider.tables.ContentTable.delete(android.database.sqlite.SQLiteDatabase, android.net.Uri, java.lang.String, java.lang.String[]): [0x34] wide register v2 has type Long (Low Half)/Zero/null (declaration of 'com.evancharlton.mileage.provider.tables.ContentTable' appears in base.apk)
12-07 14:37:29.625  2364  2364 E AndroidRuntime: 	... 14 more
12-07 14:37:29.712  1629  1629 E lowmemorykiller: Error writing /proc/2364/oom_score_adj; errno=22
12-07 14:37:37.580  1629  1629 E lowmemorykiller: Error opening /proc/2364/oom_score_adj; errno=2
12-07 14:37:42.736  1880  1902 E NetdConnector: NDC event {613 IfaceClass active 0 33668857648380 10036} took too long: 4991ms
12-07 14:37:45.327  1735  1809 E storaged: getDiskStats failed with result NOT_SUPPORTED and size 0
12-07 14:37:45.337  1829  1829 E netmgr  : Failed to open QEMU pipe 'qemud:network': Invalid argument
12-07 14:37:45.337  1829  1829 E netmgr  : WifiForwarder unable to open QEMU pipe: Invalid argument
12-07 14:38:30.919  2426  2426 E harlton.mileag: Not starting debugger since process cannot load the jdwp agent.
12-07 14:38:36.187  2426  2426 E AndroidRuntime: FATAL EXCEPTION: main
12-07 14:38:36.187  2426  2426 E AndroidRuntime: Process: com.evancharlton.mileage, PID: 2426
12-07 14:38:36.187  2426  2426 E AndroidRuntime: java.lang.VerifyError: Rejecting class com.evancharlton.mileage.provider.tables.FillupsTable that attempts to sub-type erroneous class com.evancharlton.mileage.provider.tables.ContentTable (declaration of 'com.evancharlton.mileage.provider.tables.FillupsTable' appears in base.apk)
12-07 14:38:36.187  2426  2426 E AndroidRuntime: 	at com.evancharlton.mileage.provider.FillUpsProvider.<clinit>(FillUpsProvider.java:76)
12-07 14:38:36.187  2426  2426 E AndroidRuntime: 	at java.lang.Class.newInstance(Native Method)
12-07 14:38:36.187  2426  2426 E AndroidRuntime: 	at android.app.AppComponentFactory.instantiateProvider(AppComponentFactory.java:121)
12-07 14:38:36.187  2426  2426 E AndroidRuntime: 	at android.app.ActivityThread.installProvider(ActivityThread.java:6380)
12-07 14:38:36.187  2426  2426 E AndroidRuntime: 	at android.app.ActivityThread.installContentProviders(ActivityThread.java:5938)
12-07 14:38:36.187  2426  2426 E AndroidRuntime: 	at android.app.ActivityThread.handleBindApplication(ActivityThread.java:5853)
12-07 14:38:36.187  2426  2426 E AndroidRuntime: 	at android.app.ActivityThread.access$1100(ActivityThread.java:199)
12-07 14:38:36.187  2426  2426 E AndroidRuntime: 	at android.app.ActivityThread$H.handleMessage(ActivityThread.java:1650)
12-07 14:38:36.187  2426  2426 E AndroidRuntime: 	at android.os.Handler.dispatchMessage(Handler.java:106)
12-07 14:38:36.187  2426  2426 E AndroidRuntime: 	at android.os.Looper.loop(Looper.java:193)
12-07 14:38:36.187  2426  2426 E AndroidRuntime: 	at android.app.ActivityThread.main(ActivityThread.java:6669)
12-07 14:38:36.187  2426  2426 E AndroidRuntime: 	at java.lang.reflect.Method.invoke(Native Method)
12-07 14:38:36.187  2426  2426 E AndroidRuntime: 	at com.android.internal.os.RuntimeInit$MethodAndArgsCaller.run(RuntimeInit.java:493)
12-07 14:38:36.187  2426  2426 E AndroidRuntime: 	at com.android.internal.os.ZygoteInit.main(ZygoteInit.java:858)
12-07 14:38:36.187  2426  2426 E AndroidRuntime: Caused by: java.lang.VerifyError: Verifier rejected class com.evancharlton.mileage.provider.tables.ContentTable: int com.evancharlton.mileage.provider.tables.ContentTable.delete(android.database.sqlite.SQLiteDatabase, android.net.Uri, java.lang.String, java.lang.String[]) failed to verify: int com.evancharlton.mileage.provider.tables.ContentTable.delete(android.database.sqlite.SQLiteDatabase, android.net.Uri, java.lang.String, java.lang.String[]): [0x34] wide register v2 has type Long (Low Half)/Zero/null (declaration of 'com.evancharlton.mileage.provider.tables.ContentTable' appears in base.apk)
12-07 14:38:36.187  2426  2426 E AndroidRuntime: 	... 14 more
12-07 14:38:36.231  1629  1629 E lowmemorykiller: Error writing /proc/2426/oom_score_adj; errno=22
12-07 14:38:46.493  1829  1829 E netmgr  : Failed to open QEMU pipe 'qemud:network': Invalid argument
12-07 14:38:46.493  1829  1829 E netmgr  : WifiForwarder unable to open QEMU pipe: Invalid argument
12-07 14:38:46.505  1735  1809 E storaged: getDiskStats failed with result NOT_SUPPORTED and size 0
12-07 14:38:46.723  2068  2456 E audio_hw_generic: pcm_open(in) failed: cannot open device '/dev/snd/pcmC0D0c': Device or resource busy: channels 2 format 0 rate 16000
12-07 14:39:29.696 19845 19845 E ContextIntentStarter: No activity found for any of the 0 intents
12-07 14:39:34.960  2471  2471 E harlton.mileag: Not starting debugger since process cannot load the jdwp agent.
12-07 14:39:43.048  2508  2508 E rrierdefaultap: Not starting debugger since process cannot load the jdwp agent.
12-07 14:39:45.589  2471  2471 E AndroidRuntime: FATAL EXCEPTION: main
12-07 14:39:45.589  2471  2471 E AndroidRuntime: Process: com.evancharlton.mileage, PID: 2471
12-07 14:39:45.589  2471  2471 E AndroidRuntime: java.lang.VerifyError: Rejecting class com.evancharlton.mileage.provider.tables.FillupsTable that attempts to sub-type erroneous class com.evancharlton.mileage.provider.tables.ContentTable (declaration of 'com.evancharlton.mileage.provider.tables.FillupsTable' appears in base.apk)
12-07 14:39:45.589  2471  2471 E AndroidRuntime: 	at com.evancharlton.mileage.provider.FillUpsProvider.<clinit>(FillUpsProvider.java:76)
12-07 14:39:45.589  2471  2471 E AndroidRuntime: 	at java.lang.Class.newInstance(Native Method)
12-07 14:39:45.589  2471  2471 E AndroidRuntime: 	at android.app.AppComponentFactory.instantiateProvider(AppComponentFactory.java:121)
12-07 14:39:45.589  2471  2471 E AndroidRuntime: 	at android.app.ActivityThread.installProvider(ActivityThread.java:6380)
12-07 14:39:45.589  2471  2471 E AndroidRuntime: 	at android.app.ActivityThread.installContentProviders(ActivityThread.java:5938)
12-07 14:39:45.589  2471  2471 E AndroidRuntime: 	at android.app.ActivityThread.handleBindApplication(ActivityThread.java:5853)
12-07 14:39:45.589  2471  2471 E AndroidRuntime: 	at android.app.ActivityThread.access$1100(ActivityThread.java:199)
12-07 14:39:45.589  2471  2471 E AndroidRuntime: 	at android.app.ActivityThread$H.handleMessage(ActivityThread.java:1650)
12-07 14:39:45.589  2471  2471 E AndroidRuntime: 	at android.os.Handler.dispatchMessage(Handler.java:106)
12-07 14:39:45.589  2471  2471 E AndroidRuntime: 	at android.os.Looper.loop(Looper.java:193)
12-07 14:39:45.589  2471  2471 E AndroidRuntime: 	at android.app.ActivityThread.main(ActivityThread.java:6669)
12-07 14:39:45.589  2471  2471 E AndroidRuntime: 	at java.lang.reflect.Method.invoke(Native Method)
12-07 14:39:45.589  2471  2471 E AndroidRuntime: 	at com.android.internal.os.RuntimeInit$MethodAndArgsCaller.run(RuntimeInit.java:493)
12-07 14:39:45.589  2471  2471 E AndroidRuntime: 	at com.android.internal.os.ZygoteInit.main(ZygoteInit.java:858)
12-07 14:39:45.589  2471  2471 E AndroidRuntime: Caused by: java.lang.VerifyError: Verifier rejected class com.evancharlton.mileage.provider.tables.ContentTable: int com.evancharlton.mileage.provider.tables.ContentTable.delete(android.database.sqlite.SQLiteDatabase, android.net.Uri, java.lang.String, java.lang.String[]) failed to verify: int com.evancharlton.mileage.provider.tables.ContentTable.delete(android.database.sqlite.SQLiteDatabase, android.net.Uri, java.lang.String, java.lang.String[]): [0x34] wide register v2 has type Long (Low Half)/Zero/null (declaration of 'com.evancharlton.mileage.provider.tables.ContentTable' appears in base.apk)
12-07 14:39:45.589  2471  2471 E AndroidRuntime: 	... 14 more
12-07 14:39:45.719  1629  1629 E lowmemorykiller: Error writing /proc/2471/oom_score_adj; errno=22
12-07 14:39:48.233  1829  1829 E netmgr  : Failed to open QEMU pipe 'qemud:network': Invalid argument
12-07 14:39:48.233  1829  1829 E netmgr  : WifiForwarder unable to open QEMU pipe: Invalid argument
12-07 14:39:48.251  1735  1809 E storaged: getDiskStats failed with result NOT_SUPPORTED and size 0
12-07 14:39:48.365 26518 29980 E s.nexuslaunche: No package ID ff found for ID 0xffffffff.
12-07 14:39:48.381 26518 29980 E IconLoader: Could not find icon drawable from resource
12-07 14:39:48.381 26518 29980 E IconLoader: android.content.res.Resources$NotFoundException: Resource ID #0xffffffff
12-07 14:39:48.381 26518 29980 E IconLoader: 	at android.content.res.ResourcesImpl.getValueForDensity(ResourcesImpl.java:225)
12-07 14:39:48.381 26518 29980 E IconLoader: 	at android.content.res.Resources.getDrawableForDensity(Resources.java:887)
12-07 14:39:48.381 26518 29980 E IconLoader: 	at android.content.res.Resources.getDrawable(Resources.java:827)
12-07 14:39:48.381 26518 29980 E IconLoader: 	at com.android.systemui.shared.recents.model.IconLoader.createNewIconForTask(SourceFile:118)
12-07 14:39:48.381 26518 29980 E IconLoader: 	at com.android.systemui.shared.recents.model.IconLoader.getAndInvalidateIfModified(SourceFile:94)
12-07 14:39:48.381 26518 29980 E IconLoader: 	at com.android.systemui.shared.recents.model.RecentsTaskLoader.getAndUpdateActivityIcon(SourceFile:325)
12-07 14:39:48.381 26518 29980 E IconLoader: 	at com.android.systemui.shared.recents.model.RecentsTaskLoadPlan.executePlan(SourceFile:188)
12-07 14:39:48.381 26518 29980 E IconLoader: 	at com.android.systemui.shared.recents.model.RecentsTaskLoader.loadTasks(SourceFile:173)
12-07 14:39:48.381 26518 29980 E IconLoader: 	at com.android.quickstep.RecentsModel.onTaskStackChangedBackground(SourceFile:214)
12-07 14:39:48.381 26518 29980 E IconLoader: 	at com.android.systemui.shared.system.TaskStackChangeListeners.onTaskStackChanged(SourceFile:80)
12-07 14:39:48.381 26518 29980 E IconLoader: 	at android.app.ITaskStackListener$Stub.onTransact(ITaskStackListener.java:50)
12-07 14:39:48.381 26518 29980 E IconLoader: 	at android.os.Binder.execTransact(Binder.java:731)
12-07 14:39:53.783  2378  2536 E WakeLock: GCM_HB_ALARM release without a matched acquire!
12-07 14:39:53.820  2378  2536 E WakeLock: GCM_CONN_ALARM release without a matched acquire!
12-07 14:40:41.718  2068  2085 E audio_hw_generic: pcm_write failed cannot write stream data: I/O error
12-07 14:40:49.954  1829  1829 E netmgr  : Failed to open QEMU pipe 'qemud:network': Invalid argument
12-07 14:40:49.958  1829  1829 E netmgr  : WifiForwarder unable to open QEMU pipe: Invalid argument
12-07 14:40:49.961  1735  1809 E storaged: getDiskStats failed with result NOT_SUPPORTED and size 0
12-07 14:41:05.969  2068  2085 E audio_hw_generic: pcm_write failed cannot write stream data: I/O error
12-07 14:41:16.546  2068  2085 E audio_hw_generic: pcm_write failed cannot write stream data: I/O error
12-07 14:41:29.879  2068  2085 E audio_hw_generic: pcm_write failed cannot write stream data: I/O error
12-07 14:41:40.665  2068  2085 E audio_hw_generic: pcm_write failed cannot write stream data: I/O error
12-07 14:41:48.887  2546  2546 E harlton.mileag: Not starting debugger since process cannot load the jdwp agent.
12-07 14:41:54.200  2068  2085 E audio_hw_generic: pcm_write failed cannot write stream data: I/O error
12-07 14:41:54.214  1735  1809 E storaged: getDiskStats failed with result NOT_SUPPORTED and size 0
12-07 14:41:54.218  1829  1829 E netmgr  : Failed to open QEMU pipe 'qemud:network': Invalid argument
12-07 14:41:54.221  1829  1829 E netmgr  : WifiForwarder unable to open QEMU pipe: Invalid argument
12-07 14:41:56.860  2546  2546 E AndroidRuntime: FATAL EXCEPTION: main
12-07 14:41:56.860  2546  2546 E AndroidRuntime: Process: com.evancharlton.mileage, PID: 2546
12-07 14:41:56.860  2546  2546 E AndroidRuntime: java.lang.VerifyError: Rejecting class com.evancharlton.mileage.provider.tables.FillupsTable that attempts to sub-type erroneous class com.evancharlton.mileage.provider.tables.ContentTable (declaration of 'com.evancharlton.mileage.provider.tables.FillupsTable' appears in base.apk)
12-07 14:41:56.860  2546  2546 E AndroidRuntime: 	at com.evancharlton.mileage.provider.FillUpsProvider.<clinit>(FillUpsProvider.java:76)
12-07 14:41:56.860  2546  2546 E AndroidRuntime: 	at java.lang.Class.newInstance(Native Method)
12-07 14:41:56.860  2546  2546 E AndroidRuntime: 	at android.app.AppComponentFactory.instantiateProvider(AppComponentFactory.java:121)
12-07 14:41:56.860  2546  2546 E AndroidRuntime: 	at android.app.ActivityThread.installProvider(ActivityThread.java:6380)
12-07 14:41:56.860  2546  2546 E AndroidRuntime: 	at android.app.ActivityThread.installContentProviders(ActivityThread.java:5938)
12-07 14:41:56.860  2546  2546 E AndroidRuntime: 	at android.app.ActivityThread.handleBindApplication(ActivityThread.java:5853)
12-07 14:41:56.860  2546  2546 E AndroidRuntime: 	at android.app.ActivityThread.access$1100(ActivityThread.java:199)
12-07 14:41:56.860  2546  2546 E AndroidRuntime: 	at android.app.ActivityThread$H.handleMessage(ActivityThread.java:1650)
12-07 14:41:56.860  2546  2546 E AndroidRuntime: 	at android.os.Handler.dispatchMessage(Handler.java:106)
12-07 14:41:56.860  2546  2546 E AndroidRuntime: 	at android.os.Looper.loop(Looper.java:193)
12-07 14:41:56.860  2546  2546 E AndroidRuntime: 	at android.app.ActivityThread.main(ActivityThread.java:6669)
12-07 14:41:56.860  2546  2546 E AndroidRuntime: 	at java.lang.reflect.Method.invoke(Native Method)
12-07 14:41:56.860  2546  2546 E AndroidRuntime: 	at com.android.internal.os.RuntimeInit$MethodAndArgsCaller.run(RuntimeInit.java:493)
12-07 14:41:56.860  2546  2546 E AndroidRuntime: 	at com.android.internal.os.ZygoteInit.main(ZygoteInit.java:858)
12-07 14:41:56.860  2546  2546 E AndroidRuntime: Caused by: java.lang.VerifyError: Verifier rejected class com.evancharlton.mileage.provider.tables.ContentTable: int com.evancharlton.mileage.provider.tables.ContentTable.delete(android.database.sqlite.SQLiteDatabase, android.net.Uri, java.lang.String, java.lang.String[]) failed to verify: int com.evancharlton.mileage.provider.tables.ContentTable.delete(android.database.sqlite.SQLiteDatabase, android.net.Uri, java.lang.String, java.lang.String[]): [0x34] wide register v2 has type Long (Low Half)/Zero/null (declaration of 'com.evancharlton.mileage.provider.tables.ContentTable' appears in base.apk)
12-07 14:41:56.860  2546  2546 E AndroidRuntime: 	... 14 more
12-07 14:41:59.689  1880  1896 E system_server: libdebuggerd_client: failed to send signal to pid 2546: No such process
12-07 14:41:59.692  1880  1896 E system_server: libdebuggerd_client: failed to send signal to pid 2546: No such process
12-07 14:42:10.263  1880  1896 E system_server: libdebuggerd_client: failed to read response from tombstoned: timeout reached?
12-07 14:42:15.579  1880  1896 E system_server: libdebuggerd_client: received packet of unexpected length from tombstoned: expected 128, received -1
12-07 14:42:18.486  1741  1741 E /system/bin/tombstoned: Traces for pid 1880 written to: /data/anr/trace_21
12-07 14:42:23.448  1880  1896 E system_server: libdebuggerd_client: received packet of unexpected length from tombstoned: expected 128, received -1
12-07 14:42:26.227  1880  1896 E system_server: libdebuggerd_client: received packet of unexpected length from tombstoned: expected 128, received -1
12-07 14:42:26.230  1880  1896 E ActivityManager: Aborting stack trace dump (current firstPid=19845); deadline exceeded.
12-07 14:42:26.287  1880  1896 E ActivityManager: ANR in com.evancharlton.mileage (com.evancharlton.mileage/.Mileage)
12-07 14:42:26.287  1880  1896 E ActivityManager: PID: 2546
12-07 14:42:26.287  1880  1896 E ActivityManager: Reason: Input dispatching timed out (Waiting because no window has focus but there is a focused application that may eventually add a window when it finishes starting up.)
12-07 14:42:26.287  1880  1896 E ActivityManager: Load: 3.15 / 5.7 / 5.12
12-07 14:42:26.287  1880  1896 E ActivityManager: CPU usage from 0ms to 31883ms later (2018-12-07 14:41:54.349 to 2018-12-07 14:42:26.230):
12-07 14:42:26.287  1880  1896 E ActivityManager:   91% 1880/system_server: 44% user + 46% kernel / faults: 16252 minor 252 major
12-07 14:42:26.287  1880  1896 E ActivityManager:   63% 19845/com.google.android.googlequicksearchbox:search: 33% user + 30% kernel / faults: 3837 minor 285 major
12-07 14:42:26.287  1880  1896 E ActivityManager:   39% 26518/com.google.android.apps.nexuslauncher: 21% user + 17% kernel / faults: 624 minor 84 major
12-07 14:42:26.287  1880  1896 E ActivityManager:   33% 1722/surfaceflinger: 14% user + 19% kernel / faults: 37 minor
12-07 14:42:26.287  1880  1896 E ActivityManager:   16% 646/kswapd0: 0% user + 16% kernel
12-07 14:42:26.287  1880  1896 E ActivityManager:   13% 2378/com.google.android.gms.persistent: 7.2% user + 6.3% kernel / faults: 42 minor 21 major
12-07 14:42:26.287  1880  1896 E ActivityManager:   7.1% 1518/kworker/u8:1: 0% user + 7.1% kernel
12-07 14:42:26.287  1880  1896 E ActivityManager:   7.1% 2068/android.hardware.audio@2.0-service: 3.5% user + 3.6% kernel / faults: 15 minor 2 major
12-07 14:42:26.287  1880  1896 E ActivityManager:   0.6% 2008/com.android.systemui: 0.2% user + 0.4% kernel / faults: 34 minor 21 major
12-07 14:42:26.287  1880  1896 E ActivityManager:   0.5% 2300/adbd: 0% user + 0.5% kernel / faults: 30069 minor
12-07 14:42:26.287  1880  1896 E ActivityManager:   0.5% 2065/audioserver: 0.2% user + 0.2% kernel / faults: 89 minor 3 major
12-07 14:42:26.287  1880  1896 E ActivityManager:   0.4% 18700/kworker/u9:4: 0% user + 0.4% kernel
12-07 14:42:26.287  1880  1896 E ActivityManager:   0.4% 1745/android.hardware.graphics.composer@2.1-service: 0.1% user + 0.3% kernel / faults: 26 minor
12-07 14:42:26.287  1880  1896 E ActivityManager:   0.3% 32598/kworker/u9:0: 0% user + 0.3% kernel
12-07 14:42:26.287  1880  1896 E ActivityManager:   0.3% 1657/com.android.chrome:sandboxed_process18: 0.3% user + 0% kernel / faults: 6 minor 1 major
12-07 14:42:26.287  1880  1896 E ActivityManager:   0.2% 31747/kworker/u9:2: 0% user + 0.2% kernel
12-07 14:42:26.287  1880  1896 E ActivityManager:   0.2% 32186/kworker/u9:1: 0% user + 0.2% kernel
12-07 14:42:26.287  1880  1896 E ActivityManager:   0.2% 1553/logd: 0% user + 0.2% kernel / faults: 2 minor 1 major
12-07 14:42:26.287  1880  1896 E ActivityManager:   0.2% 32532/kworker/u8:4: 0% user + 0.2% kernel
12-07 14:42:26.287  1880  1896 E ActivityManager:   0.1% 396/kworker/u8:0: 0% user + 0.1% kernel
12-07 14:42:26.287  1880  1896 E ActivityManager:   0.1% 1744/kworker/u8:3: 0% user + 0.1% kernel
12-07 14:42:26.287  1880  1896 E ActivityManager:   0% 7/rcu_preempt: 0% user + 0% kernel
12-07 14:42:26.287  1880  1896 E ActivityManager:   0% 1715/jbd2/dm-1-8: 0% user + 0% kernel
12-07 14:42:26.287  1880  1896 E ActivityManager:   0% 1992/com.google.android.inputmethod.latin: 0% user + 0% kernel / faults: 36 minor 5 major
12-07 14:42:26.287  1880  1896 E ActivityManager:   0% 2318/logcat: 0% user + 0% kernel
12-07 14:42:26.287  1880  1896 E ActivityManager:   0% 3/ksoftirqd/0: 0% user + 0% kernel
12-07 14:42:26.287  1880  1896 E ActivityManager:   0% 1882/com.android.commands.monkey: 0% user + 0% kernel / faults: 11 minor 3 major
12-07 14:42:26.287  1880  1896 E ActivityManager:   0% 2780/com.android.vending: 0% user + 0% kernel / faults: 36 minor 7 major
12-07 14:42:26.287  1880  1896 E ActivityManager:   0% 1554/servicemanager: 0% user + 0% kernel
12-07 14:42:26.287  1880  1896 E ActivityManager:   0% 1602/com.google.android.inputmethod.latin:train: 0% user + 0% kernel / faults: 36 minor 18 major
12-07 14:42:26.287  1880  1896 E ActivityManager:   0% 1734/statsd: 0% user + 0% kernel
12-07 14:42:26.287  1880  1896 E ActivityManager:   0% 1741/tombstoned: 0% user + 0% kernel / faults: 7 minor 3 major
12-07 14:42:26.287  1880  1896 E ActivityManager:   0% 1785/kworker/0:1H: 0% user + 0% kernel
12-07 14:42:26.287  1880  1896 E ActivityManager:   0% 2169/kworker/0:0: 0% user + 0% kernel
12-07 14:42:26.287  1880  1896 E ActivityManager:  +0% 2563/crash_dump32: 0% user + 0% kernel
12-07 14:42:26.287  1880  1896 E ActivityManager:  +0% 2565/system_server: 0% user + 0% kernel
12-07 14:42:26.287  1880  1896 E ActivityManager:  +0% 2573/crash_dump32: 0% user + 0% kernel
12-07 14:42:26.287  1880  1896 E ActivityManager:  +0% 2574/crash_dump32: 0% user + 0% kernel
12-07 14:42:26.287  1880  1896 E ActivityManager: 26% TOTAL: 8.5% user + 16% kernel + 1.6% iowait + 0.5% softirq
12-07 14:42:26.287  1880  1896 E ActivityManager: CPU usage from 60ms to 5258ms later (2018-12-07 14:41:54.408 to 2018-12-07 14:41:59.605):
12-07 14:42:26.287  1880  1896 E ActivityManager:   105% 1880/system_server: 54% user + 51% kernel / faults: 2211 minor 25 major
12-07 14:42:26.287  1880  1896 E ActivityManager:     88% 2579/Binder:1880_B: 46% user + 42% kernel
12-07 14:42:26.287  1880  1896 E ActivityManager:     5.7% 1896/ActivityManager: 5.7% user + 0% kernel
12-07 14:42:26.287  1880  1896 E ActivityManager:     3.6% 1934/android.anim: 0% user + 3.6% kernel
12-07 14:42:26.287  1880  1896 E ActivityManager:     1.8% 2357/Binder:1880_8: 0% user + 1.8% kernel
12-07 14:42:26.287  1880  1896 E ActivityManager:     1.8% 4134/RenderThread: 0% user + 1.8% kernel
12-07 14:42:26.287  1880  1896 E ActivityManager:     0.7% 1880/system_server: 0.3% user + 0.3% kernel
12-07 14:42:26.287  1880  1896 E ActivityManager:     0.3% 1895/android.bg: 0.3% user + 0% kernel
12-07 14:42:26.287  1880  1896 E ActivityManager:     0.3% 1897/android.ui: 0.3% user + 0% kernel
12-07 14:42:26.287  1880  1896 E ActivityManager:     0.3% 1937/android.anim.lf: 0% user + 0.3% kernel
12-07 14:42:26.287  1880  1896 E ActivityManager:     0.3% 1954/InputDispatcher: 0.3% user + 0% kernel
12-07 14:42:26.287  1880  1896 E ActivityManager:     0.3% 2153/Binder:1880_6: 0.3% user + 0% kernel
12-07 14:42:26.287  1880  1896 E ActivityManager:   92% 1722/surfaceflinger: 37% user + 54% kernel / faults: 16 minor
12-07 14:42:26.287  1880  1896 E ActivityManager:     89% 1722/surfaceflinger: 33% user + 56% kernel
12-07 14:42:26.287  1880  1896 E ActivityManager:     0.7% 1750/DispSync: 0.3% user + 0.3% kernel
12-07 14:42:26.287  1880  1896 E ActivityManager:     0.7% 1752/sfEventThread: 0.3% user + 0.3% kernel
12-07 14:42:26.287  1880  1896 E ActivityManager:     0.7% 1959/Binder:1722_4: 0% user + 0.7% kernel
12-07 14:42:26.287  1880  1896 E ActivityManager:     0.7% 2117/Binder:1722_5: 0.7% user + 0% kernel
12-07 14:42:26.287  1880  1896 E ActivityManager:     0.3% 1749/Binder:1722_2: 0% user + 0.3% kernel
12-07 14:42:26.287  1880  1896 E ActivityManager:     0.3% 1856/Binder:1722_3: 0% user + 0.3% kernel
12-07 14:42:26.287  1880  1896 E ActivityManager:   46% 646/kswapd0: 0% user + 46% kernel
12-07 14:42:26.287  1880  1896 E ActivityManager:   43% 1518/
12-07 14:42:28.691  2068  2085 E audio_hw_generic: pcm_write failed cannot write stream data: I/O error
12-07 14:42:28.779  2563  2563 E crash_dump32: failed to notify tombstoned of completion
12-07 14:42:34.013 19845 19894 E libbacktrace: void SignalHandler(int, siginfo_t *, void *): Timed out waiting for unwind thread to indicate it completed.
12-07 14:42:42.266  2574  2574 E crash_dump32: failed to notify tombstoned of completion
12-07 14:42:44.700  1880  4569 E memtrack: Couldn't load memtrack module
12-07 14:42:44.841  1880  4569 E memtrack: Couldn't load memtrack module
12-07 14:42:44.937  1880  4569 E memtrack: Couldn't load memtrack module
12-07 14:42:47.429  1741  1741 E /system/bin/tombstoned: Traces for pid 19845 written to: /data/anr/trace_22
12-07 14:42:47.437  1880  4569 E memtrack: Couldn't load memtrack module
12-07 14:42:47.522  1880  4569 E memtrack: Couldn't load memtrack module
12-07 14:42:47.612  1880  4569 E memtrack: Couldn't load memtrack module
12-07 14:42:49.859  1880  4569 E memtrack: Couldn't load memtrack module
12-07 14:42:49.929  1880  4569 E memtrack: Couldn't load memtrack module
12-07 14:42:49.992  1880  4569 E memtrack: Couldn't load memtrack module
12-07 14:42:50.057  1880  4569 E memtrack: Couldn't load memtrack module
12-07 14:42:50.125  1880  4569 E memtrack: Couldn't load memtrack module
12-07 14:42:55.013  1829  1829 E netmgr  : Failed to open QEMU pipe 'qemud:network': Invalid argument
12-07 14:42:55.013  1735  1809 E storaged: getDiskStats failed with result NOT_SUPPORTED and size 0
12-07 14:42:55.023  1829  1829 E netmgr  : WifiForwarder unable to open QEMU pipe: Invalid argument
12-07 14:42:55.133  1880  4569 E memtrack: Couldn't load memtrack module
12-07 14:42:55.216  1880  4569 E memtrack: Couldn't load memtrack module
12-07 14:42:55.281  1880  4569 E memtrack: Couldn't load memtrack module
12-07 14:42:55.349  1880  4569 E memtrack: Couldn't load memtrack module
12-07 14:43:00.270  1880  4569 E memtrack: Couldn't load memtrack module
12-07 14:43:00.359  1880  4569 E memtrack: Couldn't load memtrack module
12-07 14:43:00.431  1880  4569 E memtrack: Couldn't load memtrack module
12-07 14:43:00.513  1880  4569 E memtrack: Couldn't load memtrack module
