--------- beginning of main
--------- beginning of system
12-07 19:54:48.696 21965 21965 E oid.documentsu: Not starting debugger since process cannot load the jdwp agent.
12-07 19:54:48.698 21959 21959 E ndroid.keychai: Not starting debugger since process cannot load the jdwp agent.
12-07 19:54:49.425 22017 22017 E droid.apps.doc: Not starting debugger since process cannot load the jdwp agent.
12-07 19:54:51.019 22017 22017 E DocsApplication: [main] No default account found during application creation.
12-07 19:54:51.946  1729  1931 E         : Couldn't opendir /data/app/vmdl605966500.tmp: No such file or directory
12-07 19:54:51.947  1729  1931 E installd: Failed to delete /data/app/vmdl605966500.tmp: No such file or directory
12-07 19:54:55.167 22079 22079 E harlton.mileag: Not starting debugger since process cannot load the jdwp agent.
12-07 19:55:00.424  1632  1632 E lowmemorykiller: Error writing /proc/21846/oom_score_adj; errno=22
12-07 19:55:04.254 16085 24146 E putmethod.lati: Invalid ID 0x00000001.
12-07 19:55:04.264 16085 24146 E LstmTrainingCache: emn: Can't get resource name for input slot
12-07 19:55:04.264 16085 24146 E LstmTrainingCache: android.content.res.Resources$NotFoundException: Unable to find resource ID #0x1
12-07 19:55:04.264 16085 24146 E LstmTrainingCache: 	at android.content.res.ResourcesImpl.getResourceName(ResourcesImpl.java:255)
12-07 19:55:04.264 16085 24146 E LstmTrainingCache: 	at android.content.res.Resources.getResourceName(Resources.java:1954)
12-07 19:55:04.264 16085 24146 E LstmTrainingCache: 	at emn.a(PG:12)
12-07 19:55:04.264 16085 24146 E LstmTrainingCache: 	at emk.run(PG:5)
12-07 19:55:04.264 16085 24146 E LstmTrainingCache: 	at java.lang.Thread.run(Thread.java:764)
12-07 19:55:05.250 22108 22108 E emui:screensho: Not starting debugger since process cannot load the jdwp agent.
12-07 19:55:05.775 22108 22108 E SoundPool: error loading /product/media/audio/ui/camera_click.ogg
12-07 19:55:06.032  1739  2068 E OMXNodeInstance: getConfig(0xedf11420:google.vorbis.decoder, ConfigAndroidVendorExtension(0x6f100004)) ERROR: Undefined(0x80001001)
12-07 19:55:06.237 16085 24146 E putmethod.lati: Invalid ID 0x00000001.
12-07 19:55:06.244 16085 24146 E LstmTrainingCache: emn: Can't get resource name for input slot
12-07 19:55:06.244 16085 24146 E LstmTrainingCache: android.content.res.Resources$NotFoundException: Unable to find resource ID #0x1
12-07 19:55:06.244 16085 24146 E LstmTrainingCache: 	at android.content.res.ResourcesImpl.getResourceName(ResourcesImpl.java:255)
12-07 19:55:06.244 16085 24146 E LstmTrainingCache: 	at android.content.res.Resources.getResourceName(Resources.java:1954)
12-07 19:55:06.244 16085 24146 E LstmTrainingCache: 	at emn.a(PG:12)
12-07 19:55:06.244 16085 24146 E LstmTrainingCache: 	at emk.run(PG:5)
12-07 19:55:06.244 16085 24146 E LstmTrainingCache: 	at java.lang.Thread.run(Thread.java:764)
12-07 19:55:08.166  1829  1829 E netmgr  : Failed to open QEMU pipe 'qemud:network': Invalid argument
12-07 19:55:08.171  1829  1829 E netmgr  : WifiForwarder unable to open QEMU pipe: Invalid argument
12-07 19:55:10.540 16485 19320 E s.nexuslaunche: Failed to open APK '/data/app/com.evancharlton.mileage-Kg2oS69_jwcKUtqbSHvw3Q==/base.apk' I/O error
12-07 19:55:10.545 16485 19320 E ResourcesManager: failed to add asset path /data/app/com.evancharlton.mileage-Kg2oS69_jwcKUtqbSHvw3Q==/base.apk
12-07 19:55:11.906 16506 16506 E BeaconBle: Missing BluetoothAdapter
12-07 19:55:11.969 16506 16506 E BeaconBle: Scan couldn't start for Places
12-07 19:55:14.886 16506 20378 E WakeLock: GCM_HB_ALARM release without a matched acquire!
12-07 19:55:15.284 22161 22161 E id.gms.unstabl: Not starting debugger since process cannot load the jdwp agent.
12-07 19:55:15.402 22175 22175 E id.gms.learnin: Not starting debugger since process cannot load the jdwp agent.
12-07 19:55:15.810 22191 22191 E ocess.gservice: Not starting debugger since process cannot load the jdwp agent.
12-07 19:55:18.648 22235 22235 E oid.apps.photo: Not starting debugger since process cannot load the jdwp agent.
12-07 19:55:30.415  1737  1809 E storaged: getDiskStats failed with result NOT_SUPPORTED and size 0
12-07 19:55:32.209 16506 22157 E ctxmgr  : [AppIntervalImpl]closeInterval: stopTimeMillis invalid, stop=1544230532209, start=1544238227857
12-07 19:55:32.220 16506 22157 E ctxmgr  : [AppIntervalImpl]closeInterval: stopTimeMillis invalid, stop=1544230532220, start=1544238227858
12-07 19:55:33.246 16561 16561 E ContextIntentStarter: No activity found for any of the 0 intents
12-07 19:55:53.800 22306 22306 E id.partnersetu: Not starting debugger since process cannot load the jdwp agent.
12-07 19:55:54.181 22322 22322 E boxed_process2: Not starting debugger since process cannot load the jdwp agent.
12-07 19:55:54.650 16561 16561 E ClientVe: Failed to create ClientVisualElementsProto for user interaction on view com.google.android.apps.gsa.searchbox.ui.suggestions.views.CoreSuggestionView{bc19705 VFE...CL. ...P.... 0,-5-1038,142 #147} because the view is not tagged for visual element logging.
12-07 19:55:54.725 16561 16561 E ClientVe: Failed to create ClientVisualElementsProto for user interaction on view com.google.android.apps.gsa.searchbox.ui.suggestions.views.CoreSuggestionView{4f035a VFE...CL. ...P.... 0,142-1038,289 #148} because the view is not tagged for visual element logging.
12-07 19:55:56.832 16561 16561 E ClientVe: Failed to create ClientVisualElementsProto for user interaction on view com.google.android.apps.gsa.searchbox.ui.suggestions.views.CoreSuggestionView{646098b VFE...CL. ...P.... 0,289-1038,436 #149} because the view is not tagged for visual element logging.
12-07 19:55:56.923 16561 16561 E ClientVe: Failed to create ClientVisualElementsProto for user interaction on view com.google.android.apps.gsa.searchbox.ui.suggestions.views.CoreSuggestionView{f3c9a68 VFE...CL. ...P.... 0,436-1038,583 #14a} because the view is not tagged for visual element logging.
12-07 19:55:57.342 16561 16570 E ReloadingLock: Finalizing LOCKED Token[searchresults_activity 2018-12-07 19:55:55.222]
12-07 19:55:59.363 16561 16561 E ClientVe: Failed to create ClientVisualElementsProto for user interaction on view com.google.android.apps.gsa.searchbox.ui.suggestions.views.CoreSuggestionView{f3c9a68 VFE...CL. ...P.... 0,436-1038,583 #14a} because the view is not tagged for visual element logging.
12-07 19:55:59.417 16561 16561 E ClientVe: Failed to create ClientVisualElementsProto for user interaction on view com.google.android.apps.gsa.searchbox.ui.suggestions.views.CoreSuggestionView{646098b VFE...CL. ...P.... 0,289-1038,436 #149} because the view is not tagged for visual element logging.
12-07 19:55:59.514 16561 16561 E ClientVe: Failed to create ClientVisualElementsProto for user interaction on view com.google.android.apps.gsa.searchbox.ui.suggestions.views.CoreSuggestionView{4f035a VFE...CL. ...P.... 0,142-1038,289 #148} because the view is not tagged for visual element logging.
12-07 19:55:59.806 16561 16561 E ClientVe: Failed to create ClientVisualElementsProto for user interaction on view com.google.android.apps.gsa.searchbox.ui.suggestions.views.CoreSuggestionView{646098b VFE...CL. ...P.... 0,289-1038,436 #149} because the view is not tagged for visual element logging.
12-07 19:56:00.002 16561 16561 E ClientVe: Failed to create ClientVisualElementsProto for user interaction on view com.google.android.apps.gsa.searchbox.ui.suggestions.views.CoreSuggestionView{646098b VFE...CL. ...P.... 0,289-1038,436 #149} because the view is not tagged for visual element logging.
12-07 19:56:00.531 16561 16561 E ClientVe: Failed to create ClientVisualElementsProto for user interaction on view com.google.android.apps.gsa.searchbox.ui.suggestions.views.CoreSuggestionView{8499e81 VFE...CL. ...P.... 0,583-1038,730 #14b} because the view is not tagged for visual element logging.
12-07 19:56:01.345 16561 16561 E ClientVe: Failed to create ClientVisualElementsProto for user interaction on view com.google.android.apps.gsa.searchbox.ui.suggestions.views.CoreSuggestionView{4f035a VFE...CL. ...P.... 0,142-1038,289 #148} because the view is not tagged for visual element logging.
12-07 19:56:02.434 16561 16561 E ClientVe: Failed to create ClientVisualElementsProto for user interaction on view com.google.android.apps.gsa.searchbox.ui.suggestions.views.CoreSuggestionView{bc19705 VFE...CL. ...P.... 0,-5-1038,142 #147} because the view is not tagged for visual element logging.
12-07 19:56:03.249 15976 15989 E memtrack: Couldn't load memtrack module
12-07 19:56:03.261 15976 15989 E memtrack: Couldn't load memtrack module
12-07 19:56:03.264 15976 15989 E memtrack: Couldn't load memtrack module
12-07 19:56:03.266 15976 15989 E memtrack: Couldn't load memtrack module
12-07 19:56:03.272 15976 15989 E memtrack: Couldn't load memtrack module
12-07 19:56:03.280 15976 15989 E memtrack: Couldn't load memtrack module
12-07 19:56:03.286 15976 15989 E memtrack: Couldn't load memtrack module
12-07 19:56:03.314 15976 15989 E memtrack: Couldn't load memtrack module
12-07 19:56:03.324 15976 15989 E memtrack: Couldn't load memtrack module
12-07 19:56:03.330 15976 15989 E memtrack: Couldn't load memtrack module
12-07 19:56:03.340 15976 15989 E memtrack: Couldn't load memtrack module
12-07 19:56:03.352 15976 15989 E memtrack: Couldn't load memtrack module
12-07 19:56:03.366 15976 15989 E memtrack: Couldn't load memtrack module
12-07 19:56:03.390 15976 15989 E memtrack: Couldn't load memtrack module
12-07 19:56:03.418 15976 15989 E memtrack: Couldn't load memtrack module
12-07 19:56:03.438 15976 15989 E memtrack: Couldn't load memtrack module
12-07 19:56:03.488 15976 15989 E memtrack: Couldn't load memtrack module
12-07 19:56:03.516 15976 15989 E memtrack: Couldn't load memtrack module
12-07 19:56:03.524 15976 15989 E memtrack: Couldn't load memtrack module
12-07 19:56:03.533 15976 15989 E memtrack: Couldn't load memtrack module
12-07 19:56:03.537 15976 15989 E memtrack: Couldn't load memtrack module
12-07 19:56:03.544 15976 15989 E memtrack: Couldn't load memtrack module
12-07 19:56:03.659 15976 15989 E memtrack: Couldn't load memtrack module
12-07 19:56:03.669 15976 15989 E memtrack: Couldn't load memtrack module
12-07 19:56:03.674 15976 15989 E memtrack: Couldn't load memtrack module
12-07 19:56:03.676 15976 15989 E memtrack: Couldn't load memtrack module
12-07 19:56:03.681 15976 15989 E memtrack: Couldn't load memtrack module
12-07 19:56:03.690 15976 15989 E memtrack: Couldn't load memtrack module
12-07 19:56:03.703 15976 15989 E memtrack: Couldn't load memtrack module
12-07 19:56:03.723 15976 15989 E memtrack: Couldn't load memtrack module
12-07 19:56:03.730 15976 15989 E memtrack: Couldn't load memtrack module
12-07 19:56:03.832 15976 18399 E WindowManager: Performed 6 layouts in a row. Skipping
12-07 19:56:03.860 15976 16026 E WindowManager: Performed 6 layouts in a row. Skipping
12-07 19:56:03.942 15976 16026 E WindowManager: Performed 6 layouts in a row. Skipping
12-07 19:56:03.989 15976 16026 E WindowManager: Performed 6 layouts in a row. Skipping
12-07 19:56:04.009 15976 16026 E WindowManager: Performed 6 layouts in a row. Skipping
12-07 19:56:04.043 15976 16026 E WindowManager: Performed 6 layouts in a row. Skipping
12-07 19:56:04.068 15976 15991 E WindowManager: Performed 6 layouts in a row. Skipping
12-07 19:56:04.115 15976 16026 E WindowManager: Performed 6 layouts in a row. Skipping
12-07 19:56:04.152 15976 16026 E WindowManager: Performed 6 layouts in a row. Skipping
12-07 19:56:04.164 15976 15989 E memtrack: Couldn't load memtrack module
12-07 19:56:04.182 15976 16247 E WindowManager: Performed 6 layouts in a row. Skipping
12-07 19:56:04.206 15976 16026 E WindowManager: Performed 6 layouts in a row. Skipping
12-07 19:56:04.239 15976 17775 E WindowManager: Performed 6 layouts in a row. Skipping
12-07 19:56:04.277 15976 16026 E WindowManager: Performed 6 layouts in a row. Skipping
12-07 19:56:04.278 15976 15989 E memtrack: Couldn't load memtrack module
12-07 19:56:04.324 15976 15989 E memtrack: Couldn't load memtrack module
12-07 19:56:04.326 15976 16026 E WindowManager: Performed 6 layouts in a row. Skipping
12-07 19:56:04.349 15976 16026 E WindowManager: Performed 6 layouts in a row. Skipping
12-07 19:56:04.382 15976 15989 E memtrack: Couldn't load memtrack module
12-07 19:56:04.423 15976 15989 E memtrack: Couldn't load memtrack module
12-07 19:56:04.429 15976 15989 E memtrack: Couldn't load memtrack module
12-07 19:56:04.452 15976 15989 E memtrack: Couldn't load memtrack module
12-07 19:56:04.455 15976 15989 E memtrack: Couldn't load memtrack module
12-07 19:56:04.457 15976 15989 E memtrack: Couldn't load memtrack module
12-07 19:56:04.590 15976 15989 E memtrack: Couldn't load memtrack module
12-07 19:56:04.594 15976 16026 E WindowManager: Performed 6 layouts in a row. Skipping
12-07 19:56:04.594 15976 15989 E memtrack: Couldn't load memtrack module
12-07 19:56:04.643 15976 15989 E memtrack: Couldn't load memtrack module
12-07 19:56:04.645 15976 15989 E memtrack: Couldn't load memtrack module
12-07 19:56:04.765 15976 15989 E memtrack: Couldn't load memtrack module
12-07 19:56:04.886 15976 15989 E memtrack: Couldn't load memtrack module
12-07 19:56:04.987 15976 15989 E memtrack: Couldn't load memtrack module
12-07 19:56:05.074 15976 15989 E memtrack: Couldn't load memtrack module
12-07 19:56:05.369 22381 22381 E .android.chrom: Not starting debugger since process cannot load the jdwp agent.
12-07 19:56:05.412 15976 15989 E memtrack: Couldn't load memtrack module
12-07 19:56:05.572 15976 15989 E memtrack: Couldn't load memtrack module
12-07 19:56:05.631 15976 15989 E memtrack: Couldn't load memtrack module
12-07 19:56:05.767 15976 15989 E memtrack: Couldn't load memtrack module
12-07 19:56:05.945 15976 15989 E memtrack: Couldn't load memtrack module
12-07 19:56:06.093 15976 15989 E memtrack: Couldn't load memtrack module
12-07 19:56:06.159 15976 15989 E memtrack: Couldn't load memtrack module
12-07 19:56:06.318 15976 15989 E memtrack: Couldn't load memtrack module
12-07 19:56:06.445 15976 15989 E memtrack: Couldn't load memtrack module
12-07 19:56:06.529 15976 15989 E memtrack: Couldn't load memtrack module
12-07 19:56:06.723 15976 15989 E memtrack: Couldn't load memtrack module
12-07 19:56:06.846 15976 15989 E memtrack: Couldn't load memtrack module
12-07 19:56:06.925 15976 15989 E memtrack: Couldn't load memtrack module
12-07 19:56:08.173  1829  1829 E netmgr  : Failed to open QEMU pipe 'qemud:network': Invalid argument
12-07 19:56:08.173  1829  1829 E netmgr  : WifiForwarder unable to open QEMU pipe: Invalid argument
