--------- beginning of main
--------- beginning of system
12-08 16:22:02.006  1884  1898 E ActivityManager: Failure starting process com.evancharlton.mileage
12-08 16:22:02.006  1884  1898 E ActivityManager: java.lang.SecurityException: Package com.evancharlton.mileage was not found!
12-08 16:22:02.006  1884  1898 E ActivityManager: 	at com.android.server.pm.PackageManagerService.checkPackageStartable(PackageManagerService.java:3987)
12-08 16:22:02.006  1884  1898 E ActivityManager: 	at com.android.server.am.ActivityManagerService.startProcessLocked(ActivityManagerService.java:4234)
12-08 16:22:02.006  1884  1898 E ActivityManager: 	at com.android.server.am.ActivityManagerService.startProcessLocked(ActivityManagerService.java:4199)
12-08 16:22:02.006  1884  1898 E ActivityManager: 	at com.android.server.am.ActivityManagerService.startProcessLocked(ActivityManagerService.java:4181)
12-08 16:22:02.006  1884  1898 E ActivityManager: 	at com.android.server.am.ActivityManagerService.startProcessLocked(ActivityManagerService.java:4067)
12-08 16:22:02.006  1884  1898 E ActivityManager: 	at com.android.server.am.ActivityStackSupervisor.startSpecificActivityLocked(ActivityStackSupervisor.java:1715)
12-08 16:22:02.006  1884  1898 E ActivityManager: 	at com.android.server.am.ActivityStack.resumeTopActivityInnerLocked(ActivityStack.java:2764)
12-08 16:22:02.006  1884  1898 E ActivityManager: 	at com.android.server.am.ActivityStack.resumeTopActivityUncheckedLocked(ActivityStack.java:2302)
12-08 16:22:02.006  1884  1898 E ActivityManager: 	at com.android.server.am.ActivityStackSupervisor.resumeFocusedStackTopActivityLocked(ActivityStackSupervisor.java:2234)
12-08 16:22:02.006  1884  1898 E ActivityManager: 	at com.android.server.am.ActivityStackSupervisor.resumeFocusedStackTopActivityLocked(ActivityStackSupervisor.java:2218)
12-08 16:22:02.006  1884  1898 E ActivityManager: 	at com.android.server.am.ActivityManagerService.handleAppDiedLocked(ActivityManagerService.java:5923)
12-08 16:22:02.006  1884  1898 E ActivityManager: 	at com.android.server.am.ActivityManagerService.removeProcessLocked(ActivityManagerService.java:7501)
12-08 16:22:02.006  1884  1898 E ActivityManager: 	at com.android.server.am.ActivityManagerService.killPackageProcessesLocked(ActivityManagerService.java:7142)
12-08 16:22:02.006  1884  1898 E ActivityManager: 	at com.android.server.am.ActivityManagerService.forceStopPackageLocked(ActivityManagerService.java:7275)
12-08 16:22:02.006  1884  1898 E ActivityManager: 	at com.android.server.am.ActivityManagerService$MainHandler.handleMessage(ActivityManagerService.java:2289)
12-08 16:22:02.006  1884  1898 E ActivityManager: 	at android.os.Handler.dispatchMessage(Handler.java:106)
12-08 16:22:02.006  1884  1898 E ActivityManager: 	at android.os.Looper.loop(Looper.java:193)
12-08 16:22:02.006  1884  1898 E ActivityManager: 	at android.os.HandlerThread.run(HandlerThread.java:65)
12-08 16:22:02.006  1884  1898 E ActivityManager: 	at com.android.server.ServiceThread.run(ServiceThread.java:44)
12-08 16:22:03.739  2439 16937 E ctxmgr  : [ProducerStatusImpl]updateStateForNewContextData: inactive, contextName=7
12-08 16:22:04.090  2439  2439 E BeaconBle: Missing BluetoothAdapter
12-08 16:22:04.198  2439  2439 E BeaconBle: Scan couldn't start for Places
12-08 16:22:05.797  1731  1934 E         : Couldn't opendir /data/app/vmdl564201487.tmp: No such file or directory
12-08 16:22:05.798  1731  1934 E installd: Failed to delete /data/app/vmdl564201487.tmp: No such file or directory
12-08 16:22:07.335 17085 17085 E harlton.mileag: Not starting debugger since process cannot load the jdwp agent.
12-08 16:22:13.439  1884  1897 E memtrack: Couldn't load memtrack module
12-08 16:22:17.616  1884  1897 E memtrack: Couldn't load memtrack module
12-08 16:22:22.559  2439 16008 E ctxmgr  : [ProducerStatusImpl]updateStateForNewContextData: inactive, contextName=7
12-08 16:22:22.732  2439  2439 E BeaconBle: Missing BluetoothAdapter
12-08 16:22:22.795  2439  2439 E BeaconBle: Scan couldn't start for Places
12-08 16:22:29.958  2826  2826 E ContextIntentStarter: No activity found for any of the 0 intents
12-08 16:22:31.498  1628  1628 E android.hardware.wifi@1.0-service: Failed to register radio mode change callback
12-08 16:22:31.507  1628  1628 E android.hardware.wifi@1.0-service: Failed to set DFS flag; DFS channels may be unavailable.
12-08 16:22:31.634  1740  1740 E wificond: No Offload Service available
12-08 16:22:31.637  1884  1967 E SupplicantStaIfaceHal: Can't call setupIface, ISupplicantStaIface is null
12-08 16:22:31.898  1884  1968 E WifiVendorHal: getBgScanCapabilities(l.671) failed {.code = ERROR_NOT_SUPPORTED, .description = }
12-08 16:22:32.007  1884  1969 E WifiP2pService: Unhandled message { when=-15ms what=131203 target=com.android.internal.util.StateMachine$SmHandler }
12-08 16:22:32.132  1884  1969 E WifiP2pService: Unhandled message { when=-2ms what=131203 target=com.android.internal.util.StateMachine$SmHandler }
12-08 16:22:32.155  1884  1897 E GnssLocationProvider: no AGPS interface in set_agps_server
12-08 16:22:32.235  1884  1902 E BatteryExternalStatsWorker: no controller energy info supplied for wifi
12-08 16:22:32.288 17141 17141 E wpa_supplicant: nl80211: Failed to open /proc/sys/net/ipv4/conf/p2p-dev-wlan0/drop_unicast_in_l2_multicast: No such file or directory
12-08 16:22:32.288 17141 17141 E wpa_supplicant: nl80211: Failed to set IPv4 unicast in multicast filter
12-08 16:22:32.290 17141 17141 E wpa_supplicant: nl80211: Failed to open /proc/sys/net/ipv4/conf/p2p-dev-wlan0/drop_unicast_in_l2_multicast: No such file or directory
12-08 16:22:32.290 17141 17141 E wpa_supplicant: nl80211: Failed to set IPv4 unicast in multicast filter
12-08 16:22:32.382 17141 17141 E wpa_supplicant: nl80211: Failed to open /proc/sys/net/ipv4/conf/wlan0/drop_unicast_in_l2_multicast: No such file or directory
12-08 16:22:32.383 17141 17141 E wpa_supplicant: nl80211: Failed to set IPv4 unicast in multicast filter
12-08 16:22:32.462 17141 17141 E wpa_supplicant: nl80211: Failed to open /proc/sys/net/ipv4/conf/wlan0/drop_unicast_in_l2_multicast: No such file or directory
12-08 16:22:32.462 17141 17141 E wpa_supplicant: nl80211: Failed to set IPv4 unicast in multicast filter
12-08 16:22:32.739  1628  1628 E android.hardware.wifi@1.0-service: Failed to open directory: Permission denied
12-08 16:22:32.739  1628  1628 E android.hardware.wifi@1.0-service: Error occurred while deleting old tombstone files
12-08 16:22:32.739  1628  1628 E android.hardware.wifi@1.0-service: Error writing files to flash
12-08 16:22:32.954  1884  1967 E SupplicantStaIfaceHal: Can't call setPowerSave, ISupplicantStaIface is null
12-08 16:22:32.956  1884  1967 E SupplicantStaIfaceHal: Can't call setBtCoexistenceMode, ISupplicantStaIface is null
12-08 16:22:32.961  1884  1967 E HalDevMgr: Should have at least 1 chip!
12-08 16:22:32.961  1884  1967 E HalDevMgr: dispatchAvailableForRequestListeners: no chip info found
12-08 16:22:32.973  1884  1967 E SupplicantStaIfaceHal: Can't call listNetworks, ISupplicantStaIface is null
12-08 16:22:32.973  1884  1967 E SupplicantStaIfaceHal: removeAllNetworks failed, got null networks
12-08 16:22:32.973  1884  1967 E WifiStateMachine: Failed to remove networks on exiting connect mode
12-08 16:22:32.973  1884  1969 E WifiP2pService: Unhandled message { when=-1ms what=131204 target=com.android.internal.util.StateMachine$SmHandler }
12-08 16:22:32.997  1884  1968 E WificondControl: No valid wificond scanner interface handler
12-08 16:22:32.999  1884  1902 E BatteryExternalStatsWorker: no controller energy info supplied for wifi
12-08 16:22:33.008  1884  1967 E WifiScanRequestProxy: Scan failure received. reason: -1,description: not available
12-08 16:22:33.014  1884  1902 E BatteryExternalStatsWorker: no controller energy info supplied for wifi
12-08 16:22:37.063  2413  2413 E SchedPolicy: set_timerslack_ns write failed: Operation not permitted
12-08 16:22:38.821  2413  2413 E SchedPolicy: set_timerslack_ns write failed: Operation not permitted
12-08 16:22:43.027  1827  1827 E netmgr  : Failed to open QEMU pipe 'qemud:network': Invalid argument
12-08 16:22:43.034  1827  1827 E netmgr  : WifiForwarder unable to open QEMU pipe: Invalid argument
12-08 16:22:47.157  1884  1968 E WificondScannerImpl: Timed out waiting for scan result from wificond
12-08 16:22:49.544  1739  1753 E storaged: getDiskStats failed with result NOT_SUPPORTED and size 0
12-08 16:22:51.760  1884  1897 E memtrack: Couldn't load memtrack module
