--------- beginning of system
12-08 10:21:48.816  1738  1772 E storaged: getDiskStats failed with result NOT_SUPPORTED and size 0
12-08 10:21:51.451  1881  1896 E AutofillSession: No assist structure - app might have crashed providing it
12-08 10:22:29.999  1881  1896 E AutofillSession: No assist structure - app might have crashed providing it
12-08 10:22:50.759  1738  1772 E storaged: getDiskStats failed with result NOT_SUPPORTED and size 0
--------- beginning of main
12-08 10:23:35.273  1828  1828 E netmgr  : Failed to open QEMU pipe 'qemud:network': Invalid argument
12-08 10:23:35.274  1828  1828 E netmgr  : WifiForwarder unable to open QEMU pipe: Invalid argument
12-08 10:23:50.760  1738  1772 E storaged: getDiskStats failed with result NOT_SUPPORTED and size 0
12-08 10:24:19.260  1881  1896 E AutofillSession: No assist structure - app might have crashed providing it
12-08 10:24:22.023  2448 13200 E ctxmgr  : [ProducerStatusImpl]updateStateForNewContextData: inactive, contextName=7
12-08 10:24:22.173  2448 13200 E ctxmgr  : [ProducerStatusImpl]updateStateForNewContextData: inactive, contextName=1
12-08 10:24:22.174  2448 13200 E ctxmgr  : [ProducerStatusImpl]updateStateForNewContextData: inactive, contextName=1
12-08 10:24:22.175  2448 13200 E ctxmgr  : [ProducerStatusImpl]updateStateForNewContextData: inactive, contextName=1
12-08 10:24:22.175  2448 13200 E ctxmgr  : [ProducerStatusImpl]updateStateForNewContextData: inactive, contextName=1
12-08 10:24:24.584  2448  2448 E BeaconBle: Missing BluetoothAdapter
12-08 10:24:24.634  2448  2448 E BeaconBle: Scan couldn't start for Places
12-08 10:24:35.287  1828  1828 E netmgr  : Failed to open QEMU pipe 'qemud:network': Invalid argument
12-08 10:24:35.288  1828  1828 E netmgr  : WifiForwarder unable to open QEMU pipe: Invalid argument
12-08 10:24:37.737  2692  2692 E ContextIntentStarter: No activity found for any of the 0 intents
12-08 10:24:40.413 14223 14223 E wpa_supplicant: nl80211: Failed to open /proc/sys/net/ipv4/conf/p2p-dev-wlan0/drop_unicast_in_l2_multicast: No such file or directory
12-08 10:24:40.413 14223 14223 E wpa_supplicant: nl80211: Failed to set IPv4 unicast in multicast filter
12-08 10:24:40.454 14223 14223 E wpa_supplicant: nl80211: Failed to open /proc/sys/net/ipv4/conf/p2p-dev-wlan0/drop_unicast_in_l2_multicast: No such file or directory
12-08 10:24:40.454 14223 14223 E wpa_supplicant: nl80211: Failed to set IPv4 unicast in multicast filter
12-08 10:24:40.546 14223 14223 E wpa_supplicant: nl80211: Failed to open /proc/sys/net/ipv4/conf/wlan0/drop_unicast_in_l2_multicast: No such file or directory
12-08 10:24:40.546 14223 14223 E wpa_supplicant: nl80211: Failed to set IPv4 unicast in multicast filter
12-08 10:24:42.934 14223 14223 E wpa_supplicant: nl80211: Failed to open /proc/sys/net/ipv4/conf/wlan0/drop_unicast_in_l2_multicast: No such file or directory
12-08 10:24:42.934 14223 14223 E wpa_supplicant: nl80211: Failed to set IPv4 unicast in multicast filter
12-08 10:24:43.250  1626  1626 E android.hardware.wifi@1.0-service: Failed to open directory: Permission denied
12-08 10:24:43.250  1626  1626 E android.hardware.wifi@1.0-service: Error occurred while deleting old tombstone files
12-08 10:24:43.250  1626  1626 E android.hardware.wifi@1.0-service: Error writing files to flash
12-08 10:24:48.317  1881  1966 E WifiP2pService: Unhandled message { when=-61ms what=131204 target=com.android.internal.util.StateMachine$SmHandler }
12-08 10:24:48.459  1881  1899 E BatteryExternalStatsWorker: no controller energy info supplied for wifi
12-08 10:24:48.488  1881  1899 E BatteryExternalStatsWorker: no controller energy info supplied for wifi
12-08 10:24:50.768  1738  1772 E storaged: getDiskStats failed with result NOT_SUPPORTED and size 0
12-08 10:24:50.856  2448 13200 E ctxmgr  : [ProducerStatusImpl]updateStateForNewContextData: inactive, contextName=7
12-08 10:24:53.744  2448  2448 E BeaconBle: Missing BluetoothAdapter
12-08 10:24:56.125  2448  2448 E BeaconBle: Scan couldn't start for Places
12-08 10:24:58.784  2692 11034 E Search.IcingConnection: Could not connect to Icing. Error code 14.
12-08 10:24:58.788  2692  3069 E Search.IcingConnection: Could not connect to Icing. Error code 13.
12-08 10:24:59.150 14529 14529 E boxed_process3: Not starting debugger since process cannot load the jdwp agent.
12-08 10:25:35.871  1611  1695 E audio_hw_generic: pcm_write failed cannot write stream data: I/O error
12-08 10:25:35.881  1828  1828 E netmgr  : Failed to open QEMU pipe 'qemud:network': Invalid argument
12-08 10:25:35.882  1828  1828 E netmgr  : WifiForwarder unable to open QEMU pipe: Invalid argument
12-08 10:25:46.381  1611  1695 E audio_hw_generic: pcm_write failed cannot write stream data: I/O error
12-08 10:25:51.666  1738  1772 E storaged: getDiskStats failed with result NOT_SUPPORTED and size 0
12-08 10:25:56.906  1611  1695 E audio_hw_generic: pcm_write failed cannot write stream data: I/O error
12-08 10:26:07.282  1611  1695 E audio_hw_generic: pcm_write failed cannot write stream data: I/O error
12-08 10:26:25.319  1611  1695 E audio_hw_generic: pcm_write failed cannot write stream data: I/O error
12-08 10:26:25.333  1881  1896 E AutofillSession: No assist structure - app might have crashed providing it
12-08 10:26:28.079  1992  1992 E native  : suggestion-transformer.cc:118 suggestion picked candidate not found for id: 3
12-08 10:26:35.931  1828  1828 E netmgr  : Failed to open QEMU pipe 'qemud:network': Invalid argument
12-08 10:26:35.931  1828  1828 E netmgr  : WifiForwarder unable to open QEMU pipe: Invalid argument
12-08 10:26:38.346  1611  1695 E audio_hw_generic: pcm_write failed cannot write stream data: I/O error
