--------- beginning of main
--------- beginning of system
12-08 10:40:54.557  1881  1894 E memtrack: Couldn't load memtrack module
12-08 10:41:05.180  1738  1772 E storaged: getDiskStats failed with result NOT_SUPPORTED and size 0
12-08 10:41:05.534  2448 15134 E ctxmgr  : [ProducerStatusImpl]updateStateForNewContextData: inactive, contextName=7
12-08 10:41:07.851  2448  2448 E BeaconBle: Missing BluetoothAdapter
12-08 10:41:07.893  2448  2448 E BeaconBle: Scan couldn't start for Places
12-08 10:41:28.264  1881  1894 E memtrack: Couldn't load memtrack module
12-08 10:41:28.406  1730  1730 E         : Couldn't opendir /data/app/vmdl1879072212.tmp: No such file or directory
12-08 10:41:28.406  1730  1730 E installd: Failed to delete /data/app/vmdl1879072212.tmp: No such file or directory
12-08 10:41:36.147  2475 15292 E ChromeSync: [Sync,SyncIntentOperation] Error handling the intent: Intent { act=android.intent.action.PACKAGE_ADDED dat=package:com.evancharlton.mileage flg=0x4000010 cmp=com.google.android.gms/.chimera.GmsIntentOperationService (has extras) }.
12-08 10:41:41.279 15307 15307 E harlton.mileag: Not starting debugger since process cannot load the jdwp agent.
12-08 10:41:48.931  1828  1828 E netmgr  : Failed to open QEMU pipe 'qemud:network': Invalid argument
12-08 10:41:48.931  1828  1828 E netmgr  : WifiForwarder unable to open QEMU pipe: Invalid argument
12-08 10:41:48.968  1881  1894 E memtrack: Couldn't load memtrack module
12-08 10:41:51.556  1725  1797 E IPCThreadState: binder thread pool (4 threads) starved for 2537 ms
12-08 10:41:51.610  1881  1894 E memtrack: Couldn't load memtrack module
12-08 10:41:54.100  1881  1896 E AutofillSession: No assist structure - app might have crashed providing it
12-08 10:42:01.927  1611  1695 E audio_hw_generic: pcm_write failed cannot write stream data: I/O error
12-08 10:42:04.752  1881  1894 E memtrack: Couldn't load memtrack module
12-08 10:42:07.146  1738  1772 E storaged: getDiskStats failed with result NOT_SUPPORTED and size 0
12-08 10:42:09.595  1881  1894 E memtrack: Couldn't load memtrack module
12-08 10:42:12.245  1611  1695 E audio_hw_generic: pcm_write failed cannot write stream data: I/O error
12-08 10:42:14.821  1881  1895 E system_server: libdebuggerd_client: received packet of unexpected length from tombstoned: expected 128, received -1
12-08 10:42:17.541  1881  1895 E system_server: libdebuggerd_client: timeout expired
12-08 10:42:17.549  1881  1895 E ActivityManager: Aborting stack trace dump (current firstPid=2692); deadline exceeded.
12-08 10:42:17.640  1881  1895 E ActivityManager: ANR in com.evancharlton.mileage (com.evancharlton.mileage/.Mileage)
12-08 10:42:17.640  1881  1895 E ActivityManager: PID: 15307
12-08 10:42:17.640  1881  1895 E ActivityManager: Reason: Input dispatching timed out (Waiting because no window has focus but there is a focused application that may eventually add a window when it finishes starting up.)
12-08 10:42:17.640  1881  1895 E ActivityManager: Load: 2.92 / 3.5 / 3.74
12-08 10:42:17.640  1881  1895 E ActivityManager: CPU usage from 1ms to 25943ms later (2018-12-08 10:41:51.607 to 2018-12-08 10:42:17.550) with 99% awake:
12-08 10:42:17.640  1881  1895 E ActivityManager:   47% 2692/com.google.android.googlequicksearchbox:search: 21% user + 25% kernel / faults: 14769 minor 402 major
12-08 10:42:17.640  1881  1895 E ActivityManager:   27% 1992/com.google.android.inputmethod.latin: 13% user + 14% kernel / faults: 2296 minor 216 major
12-08 10:42:17.640  1881  1895 E ActivityManager:   27% 2314/adbd: 1.2% user + 25% kernel / faults: 64507 minor 1 major
12-08 10:42:17.640  1881  1895 E ActivityManager:   25% 1881/system_server: 11% user + 13% kernel / faults: 2857 minor 231 major
12-08 10:42:17.640  1881  1895 E ActivityManager:   18% 2448/com.google.android.gms.persistent: 9.3% user + 8.8% kernel / faults: 838 minor 180 major
12-08 10:42:17.640  1881  1895 E ActivityManager:   12% 645/kswapd0: 0% user + 12% kernel
12-08 10:42:17.640  1881  1895 E ActivityManager:   9.4% 1611/android.hardware.audio@2.0-service: 2.3% user + 7% kernel / faults: 3 major
12-08 10:42:17.640  1881  1895 E ActivityManager:   9.1% 1625/android.hardware.sensors@1.0-service: 0.6% user + 8.4% kernel
12-08 10:42:17.640  1881  1895 E ActivityManager:   9.1% 1629/audioserver: 3.2% user + 5.8% kernel / faults: 7 minor 15 major
12-08 10:42:17.640  1881  1895 E ActivityManager:   9.1% 13668/kworker/u8:5: 0% user + 9.1% kernel
12-08 10:42:17.640  1881  1895 E ActivityManager:   9.1% 15282/com.android.commands.monkey: 2.3% user + 6.7% kernel / faults: 170 minor 34 major
12-08 10:42:17.640  1881  1895 E ActivityManager:   8.7% 1620/android.hardware.gnss@1.0-service: 0.1% user + 8.5% kernel
12-08 10:42:17.640  1881  1895 E ActivityManager:   3.6% 15307/com.evancharlton.mileage: 1.4% user + 2.1% kernel / faults: 14015 minor 143 major
12-08 10:42:17.640  1881  1895 E ActivityManager:   3.1% 1725/surfaceflinger: 1.5% user + 1.6% kernel / faults: 25 minor
12-08 10:42:17.640  1881  1895 E ActivityManager:   1.2% 5249/kworker/u9:2: 0% user + 1.2% kernel
12-08 10:42:17.640  1881  1895 E ActivityManager:   0.9% 9451/kworker/u9:0: 0% user + 0.9% kernel
12-08 10:42:17.640  1881  1895 E ActivityManager:   0.8% 1704/kworker/u9:4: 0% user + 0.8% kernel
12-08 10:42:17.640  1881  1895 E ActivityManager:   0.7% 2004/com.android.systemui: 0% user + 0.7% kernel / faults: 153 minor 33 major
12-08 10:42:17.640  1881  1895 E ActivityManager:   0.5% 2508/kworker/u9:3: 0% user + 0.5% kernel
12-08 10:42:17.640  1881  1895 E ActivityManager:   0.4% 1747/android.hardware.graphics.composer@2.1-service: 0% user + 0.4% kernel / faults: 26 minor
12-08 10:42:17.640  1881  1895 E ActivityManager:   0.3% 15085/kworker/u8:6: 0% user + 0.3% kernel
12-08 10:42:17.640  1881  1895 E ActivityManager:   0.3% 1553/logd: 0% user + 0.3% kernel / faults: 2 minor 1 major
12-08 10:42:17.640  1881  1895 E ActivityManager:   0.3% 14381/kworker/u8:2: 0% user + 0.3% kernel
12-08 10:42:17.640  1881  1895 E ActivityManager:   0.2% 13080/kworker/u8:1: 0% user + 0.2% kernel
12-08 10:42:17.640  1881  1895 E ActivityManager:   0.1% 2330/logcat: 0.1% user + 0% kernel
12-08 10:42:17.640  1881  1895 E ActivityManager:   0% 2475/com.google.android.gms: 0% user + 0% kernel / faults: 8 minor 4 major
12-08 10:42:17.640  1881  1895 E ActivityManager:   0% 13274/com.android.phone: 0% user + 0% kernel / faults: 5 minor 13 major
12-08 10:42:17.640  1881  1895 E ActivityManager:   0% 15127/kworker/0:0: 0% user + 0% kernel
12-08 10:42:17.640  1881  1895 E ActivityManager:   0% 29746/com.google.android.apps.nexuslauncher: 0% user + 0% kernel / faults: 41 minor 16 major
12-08 10:42:17.640  1881  1895 E ActivityManager:   0% 3/ksoftirqd/0: 0% user + 0% kernel
12-08 10:42:17.640  1881  1895 E ActivityManager:   0% 21/ksoftirqd/3: 0% user + 0% kernel
12-08 10:42:17.640  1881  1895 E ActivityManager:   0% 1554/servicemanager: 0% user + 0% kernel
12-08 10:42:17.640  1881  1895 E ActivityManager:   0% 1621/android.hardware.graphics.allocator@2.0-service: 0% user + 0% kernel / faults: 15 minor
12-08 10:42:17.640  1881  1895 E ActivityManager:   0% 1624/android.hardware.power@1.1-service.ranchu: 0% user + 0% kernel
12-08 10:42:17.640  1881  1895 E ActivityManager:   0% 1628/qemu-props: 0% user + 0% kernel
12-08 10:42:17.640  1881  1895 E ActivityManager:   0% 1635/traced: 0% user + 0% kernel
12-08 10:42:17.640  1881  1895 E ActivityManager:   0% 1636/traced_probes: 0% user + 0% kernel
12-08 10:42:17.640  1881  1895 E ActivityManager:   0% 1672/dmcrypt_write: 0% user + 0% kernel
12-08 10:42:17.640  1881  1895 E ActivityManager:   0% 1737/statsd: 0% user + 0% kernel
12-08 10:42:17.640  1881  1895 E ActivityManager:   0% 1744/tombstoned: 0% user + 0% kernel / faults: 2 minor 1 major
12-08 10:42:17.640  1881  1895 E ActivityManager:   0% 2494/com.android.vending: 0% user + 0% kernel / faults: 15 minor
12-08 10:42:17.640  1881  1895 E ActivityManager:   0% 14203/com.google.android.inputmethod.latin:train: 0% user + 0% kernel / faults: 15 minor 8 major
12-08 10:42:17.640  1881  1895 E ActivityManager:  +0% 15336/earchbox:search: 0% user + 0% kernel
12-08 10:42:17.640  1881  1895 E ActivityManager: 25% TOTAL: 7.3% user + 16% kernel + 1.5% iowait + 0.6% softirq
12-08 10:42:17.640  1881  1895 E ActivityManager: CPU usage from 28ms to 2734ms later (2018-12-08 10:41:51.634 to 2018-12-08 10:41:54.340):
12-08 10:42:17.640  1881  1895 E ActivityManager:   83% 2314/adbd: 3.8% user + 79% kernel / faults: 6939 minor
12-08 10:42:17.640  1881  1895 E ActivityManager:     82% 2314/adbd: 7.2% user + 75% kernel
12-08 10:42:17.640  1881  1895 E ActivityManager:     0.3% 2317/->host-9: 0% user + 0.3% kernel
12-08 10:42:17.640  1881  1895 E ActivityManager:     0.3% 2318/<-host-9: 0% user + 0.3% kernel
12-08 10:42:17.640  1881  1895 E ActivityManager:   83% 2448/com.google.android.gms.persistent: 45% user + 38% kernel / faults: 54 minor 11 major
12-08 10:42:17.640  1881  1895 E ActivityManager:     82% 2448/.gms.persistent: 40% user + 42% kernel
12-08 10:42:17.640  1881  1895 E ActivityManager:     0.3% 15155/lowpool[687]: 0% user + 0.3% kernel
12-08 10:42:17.640  1881  1895 E ActivityManager:     0.3% 15272/lowpool[689]: 0% user + 0.3% kernel
12-08 10:42:17.640  1881  1895 E ActivityManager:   13% 1881/system_server: 7.5% user + 5.6% kernel / faults: 366 minor 26 major
12-08 10:42:17.640  1881  1895 E ActivityManager:     7.1% 1895/ActivityManager: 7.1% user + 0% kernel
12-08 10:42:17.640  1881  1895 E ActivityManager:     1.1% 4900/Binder:1881_1B: 0% user + 1.1% kernel
12-08 10:42:17.640  1881  1895 E ActivityManager:     0.7% 1896/android.ui: 0.3% user + 0
12-08 10:42:17.781  1744  1744 E /system/bin/tombstoned: Traces for pid 2692 written to: /data/anr/trace_07
12-08 10:42:22.654  1611  1695 E audio_hw_generic: pcm_write failed cannot write stream data: I/O error
12-08 10:42:22.846  1881  2407 E memtrack: Couldn't load memtrack module
12-08 10:42:22.951  1881  2407 E memtrack: Couldn't load memtrack module
12-08 10:42:25.148  1881  2407 E memtrack: Couldn't load memtrack module
12-08 10:42:25.243  1881  2407 E memtrack: Couldn't load memtrack module
12-08 10:42:25.326  1881  2407 E memtrack: Couldn't load memtrack module
12-08 10:42:25.412  1881  2407 E memtrack: Couldn't load memtrack module
12-08 10:42:25.501  1881  2407 E memtrack: Couldn't load memtrack module
12-08 10:42:27.815  1881  2407 E memtrack: Couldn't load memtrack module
12-08 10:42:27.897  1881  2407 E memtrack: Couldn't load memtrack module
12-08 10:42:27.963  1881  2407 E memtrack: Couldn't load memtrack module
12-08 10:42:28.029  1881  2407 E memtrack: Couldn't load memtrack module
12-08 10:42:28.098  1881  2407 E memtrack: Couldn't load memtrack module
12-08 10:42:30.251  1881  2407 E memtrack: Couldn't load memtrack module
12-08 10:42:30.321  1881  2407 E memtrack: Couldn't load memtrack module
12-08 10:42:30.387  1881  2407 E memtrack: Couldn't load memtrack module
12-08 10:42:30.456  1881  2407 E memtrack: Couldn't load memtrack module
12-08 10:42:30.530  1881  2407 E memtrack: Couldn't load memtrack module
12-08 10:42:32.859  1881  2407 E memtrack: Couldn't load memtrack module
12-08 10:42:32.942  1881  2407 E memtrack: Couldn't load memtrack module
12-08 10:42:35.365  1881  1894 E memtrack: Couldn't load memtrack module
12-08 10:42:35.407  1881  2407 E memtrack: Couldn't load memtrack module
12-08 10:42:35.483  1881  2407 E memtrack: Couldn't load memtrack module
12-08 10:42:35.549  1881  2407 E memtrack: Couldn't load memtrack module
