--------- beginning of main
--------- beginning of system
12-08 16:14:06.983  1881  5791 E memtrack: Couldn't load memtrack module
12-08 16:14:07.136  1881  5791 E memtrack: Couldn't load memtrack module
12-08 16:14:09.658  1881  5791 E memtrack: Couldn't load memtrack module
12-08 16:14:12.296  1881  5791 E memtrack: Couldn't load memtrack module
12-08 16:14:12.491  1881  5791 E memtrack: Couldn't load memtrack module
12-08 16:14:20.169  1881  5791 E memtrack: Couldn't load memtrack module
12-08 16:14:20.295  1881  5791 E memtrack: Couldn't load memtrack module
12-08 16:14:20.459  1881  5791 E memtrack: Couldn't load memtrack module
12-08 16:14:25.361  1828  1828 E netmgr  : Failed to open QEMU pipe 'qemud:network': Invalid argument
12-08 16:14:25.361  1828  1828 E netmgr  : WifiForwarder unable to open QEMU pipe: Invalid argument
12-08 16:14:25.475  1881  5791 E memtrack: Couldn't load memtrack module
12-08 16:14:25.635  1881  5791 E memtrack: Couldn't load memtrack module
12-08 16:14:30.647  1881  5791 E memtrack: Couldn't load memtrack module
12-08 16:14:30.815  1881  5791 E memtrack: Couldn't load memtrack module
12-08 16:14:30.902  1881  5791 E memtrack: Couldn't load memtrack module
12-08 16:14:35.931  1881  5791 E memtrack: Couldn't load memtrack module
12-08 16:14:36.005  2448 17105 E ctxmgr  : [ProducerStatusImpl]updateStateForNewContextData: inactive, contextName=7
12-08 16:14:36.016  1881  5791 E memtrack: Couldn't load memtrack module
12-08 16:14:36.095  1881  5791 E memtrack: Couldn't load memtrack module
12-08 16:14:36.176  1881  5791 E memtrack: Couldn't load memtrack module
12-08 16:14:36.248  1881  5791 E memtrack: Couldn't load memtrack module
12-08 16:14:40.990  2448  2448 E BeaconBle: Missing BluetoothAdapter
12-08 16:14:41.048  2448  2448 E BeaconBle: Scan couldn't start for Places
12-08 16:14:41.091  1881  5791 E memtrack: Couldn't load memtrack module
12-08 16:14:41.181  1881  5791 E memtrack: Couldn't load memtrack module
12-08 16:14:43.506  1738  1772 E storaged: getDiskStats failed with result NOT_SUPPORTED and size 0
12-08 16:14:43.528  1881  5791 E memtrack: Couldn't load memtrack module
12-08 16:14:43.622  1881  5791 E memtrack: Couldn't load memtrack module
12-08 16:14:43.626  1881  5791 E memtrack: Couldn't load memtrack module
12-08 16:14:43.629  1881  5791 E memtrack: Couldn't load memtrack module
12-08 16:14:43.631  1881  5791 E memtrack: Couldn't load memtrack module
12-08 16:14:43.639  1881  5791 E memtrack: Couldn't load memtrack module
12-08 16:14:43.645  1881  5791 E memtrack: Couldn't load memtrack module
12-08 16:14:43.653  1881  5791 E memtrack: Couldn't load memtrack module
12-08 16:14:43.659  1881  5791 E memtrack: Couldn't load memtrack module
12-08 16:14:43.666  1881  5791 E memtrack: Couldn't load memtrack module
12-08 16:14:43.682  1881  5791 E memtrack: Couldn't load memtrack module
12-08 16:14:43.690  1881  5791 E memtrack: Couldn't load memtrack module
12-08 16:14:43.701  1881  5791 E memtrack: Couldn't load memtrack module
12-08 16:14:43.717  1881  5791 E memtrack: Couldn't load memtrack module
12-08 16:14:43.812  1881  5791 E memtrack: Couldn't load memtrack module
12-08 16:14:43.823  1881  5791 E memtrack: Couldn't load memtrack module
12-08 16:14:46.198  1881  5791 E memtrack: Couldn't load memtrack module
12-08 16:14:46.246  1881  5791 E memtrack: Couldn't load memtrack module
12-08 16:14:46.262  1881  5791 E memtrack: Couldn't load memtrack module
12-08 16:14:46.277  1881  5791 E memtrack: Couldn't load memtrack module
12-08 16:14:46.287  1881  5791 E memtrack: Couldn't load memtrack module
12-08 16:14:46.299  1881  5791 E memtrack: Couldn't load memtrack module
12-08 16:14:46.307  1881  5791 E memtrack: Couldn't load memtrack module
12-08 16:14:46.315  1881  5791 E memtrack: Couldn't load memtrack module
12-08 16:14:46.322  1881  5791 E memtrack: Couldn't load memtrack module
12-08 16:14:46.328  1881  5791 E memtrack: Couldn't load memtrack module
12-08 16:14:46.334  1881  5791 E memtrack: Couldn't load memtrack module
12-08 16:14:46.342  1881  5791 E memtrack: Couldn't load memtrack module
12-08 16:14:46.348  1881  5791 E memtrack: Couldn't load memtrack module
12-08 16:14:46.352  1881  5791 E memtrack: Couldn't load memtrack module
12-08 16:14:46.377  1881  5791 E memtrack: Couldn't load memtrack module
12-08 16:14:46.381  1881  5791 E memtrack: Couldn't load memtrack module
12-08 16:14:46.388  1881  5791 E memtrack: Couldn't load memtrack module
12-08 16:14:46.392  1881  5791 E memtrack: Couldn't load memtrack module
12-08 16:14:46.398  1881  5791 E memtrack: Couldn't load memtrack module
12-08 16:14:46.432  1881  5791 E memtrack: Couldn't load memtrack module
12-08 16:14:46.505  1881  5791 E memtrack: Couldn't load memtrack module
12-08 16:14:46.522  1881  5791 E memtrack: Couldn't load memtrack module
12-08 16:14:46.539  1881  5791 E memtrack: Couldn't load memtrack module
12-08 16:14:53.889  1881  5791 E memtrack: Couldn't load memtrack module
12-08 16:14:53.903  1881  5791 E memtrack: Couldn't load memtrack module
12-08 16:14:53.917  1881  5791 E memtrack: Couldn't load memtrack module
12-08 16:14:53.928  1881  5791 E memtrack: Couldn't load memtrack module
12-08 16:14:53.950  1881  5791 E memtrack: Couldn't load memtrack module
12-08 16:14:53.964  1881  5791 E memtrack: Couldn't load memtrack module
12-08 16:14:53.986  1881  5791 E memtrack: Couldn't load memtrack module
12-08 16:14:53.999  1881  5791 E memtrack: Couldn't load memtrack module
12-08 16:14:54.008  1881  5791 E memtrack: Couldn't load memtrack module
12-08 16:14:54.016  1881  5791 E memtrack: Couldn't load memtrack module
12-08 16:14:54.023  1881  5791 E memtrack: Couldn't load memtrack module
12-08 16:14:54.046  1881  5791 E memtrack: Couldn't load memtrack module
12-08 16:14:54.054  1881  5791 E memtrack: Couldn't load memtrack module
12-08 16:14:54.062  1881  5791 E memtrack: Couldn't load memtrack module
12-08 16:14:54.066  1881  5791 E memtrack: Couldn't load memtrack module
12-08 16:14:54.072  1881  5791 E memtrack: Couldn't load memtrack module
12-08 16:14:54.087  1881  5791 E memtrack: Couldn't load memtrack module
12-08 16:14:54.091  1881  5791 E memtrack: Couldn't load memtrack module
12-08 16:14:54.094  1881  5791 E memtrack: Couldn't load memtrack module
12-08 16:14:54.098  1881  5791 E memtrack: Couldn't load memtrack module
12-08 16:14:54.102  1881  5791 E memtrack: Couldn't load memtrack module
12-08 16:14:54.106  1881  5791 E memtrack: Couldn't load memtrack module
12-08 16:14:54.110  1881  5791 E memtrack: Couldn't load memtrack module
12-08 16:14:54.115  1881  5791 E memtrack: Couldn't load memtrack module
12-08 16:14:54.119  1881  5791 E memtrack: Couldn't load memtrack module
12-08 16:14:54.183  1881  5791 E memtrack: Couldn't load memtrack module
12-08 16:14:54.194  1881  5791 E memtrack: Couldn't load memtrack module
12-08 16:14:54.199  1881  5791 E memtrack: Couldn't load memtrack module
12-08 16:14:54.207  1881  5791 E memtrack: Couldn't load memtrack module
12-08 16:14:54.211  1881  5791 E memtrack: Couldn't load memtrack module
12-08 16:14:54.216  1881  5791 E memtrack: Couldn't load memtrack module
12-08 16:15:06.916  1730  1944 E         : Couldn't opendir /data/app/vmdl122009405.tmp: No such file or directory
12-08 16:15:06.916  1730  1944 E installd: Failed to delete /data/app/vmdl122009405.tmp: No such file or directory
12-08 16:15:22.209  1881  1894 E memtrack: Couldn't load memtrack module
12-08 16:15:22.318  2475 17281 E ChromeSync: [Sync,SyncIntentOperation] Error handling the intent: Intent { act=android.intent.action.PACKAGE_ADDED dat=package:com.evancharlton.mileage flg=0x4000010 cmp=com.google.android.gms/.chimera.GmsIntentOperationService (has extras) }.
12-08 16:15:27.286  1828  1828 E netmgr  : Failed to open QEMU pipe 'qemud:network': Invalid argument
12-08 16:15:27.291  1828  1828 E netmgr  : WifiForwarder unable to open QEMU pipe: Invalid argument
12-08 16:15:32.707 17302 17302 E harlton.mileag: Not starting debugger since process cannot load the jdwp agent.
12-08 16:15:45.438  1738  1772 E storaged: getDiskStats failed with result NOT_SUPPORTED and size 0
12-08 16:15:45.450  1881  1894 E memtrack: Couldn't load memtrack module
12-08 16:15:56.174  1881  1894 E memtrack: Couldn't load memtrack module
12-08 16:16:00.885  1881  1894 E memtrack: Couldn't load memtrack module
12-08 16:16:27.247  1881  1896 E AutofillSession: No assist structure - app might have crashed providing it
12-08 16:16:32.075  1828  1828 E netmgr  : Failed to open QEMU pipe 'qemud:network': Invalid argument
12-08 16:16:32.075  1828  1828 E netmgr  : WifiForwarder unable to open QEMU pipe: Invalid argument
12-08 16:16:32.104  1881  1895 E system_server: libdebuggerd_client: failed to read response from tombstoned: timeout reached?
12-08 16:16:34.796  1881  1895 E system_server: libdebuggerd_client: received packet of unexpected length from tombstoned: expected 128, received -1
12-08 16:16:35.025  1744  1744 E /system/bin/tombstoned: Traces for pid 1881 written to: /data/anr/trace_16
12-08 16:16:42.504  1881  1895 E system_server: libdebuggerd_client: received packet of unexpected length from tombstoned: expected 128, received -1
12-08 16:16:42.729  1744  1744 E /system/bin/tombstoned: Tombstone written to: /data/tombstones/tombstone_05
12-08 16:16:45.226  1881  1895 E system_server: libdebuggerd_client: timeout expired
12-08 16:16:45.226  1881  1895 E ActivityManager: Aborting stack trace dump (current firstPid=2692); deadline exceeded.
12-08 16:16:45.272  1881  1895 E ActivityManager: ANR in com.evancharlton.mileage (com.evancharlton.mileage/.Mileage)
12-08 16:16:45.272  1881  1895 E ActivityManager: PID: 17302
12-08 16:16:45.272  1881  1895 E ActivityManager: Reason: Input dispatching timed out (Waiting to send key event because the focused window has not finished processing all of the input events that were previously delivered to it.  Outbound queue length: 0.  Wait queue length: 13.)
12-08 16:16:45.272  1881  1895 E ActivityManager: Load: 4.53 / 4.52 / 4.23
12-08 16:16:45.272  1881  1895 E ActivityManager: CPU usage from 0ms to 28514ms later (2018-12-08 16:16:16.713 to 2018-12-08 16:16:45.227):
12-08 16:16:45.272  1881  1895 E ActivityManager:   106% 1881/system_server: 53% user + 53% kernel / faults: 6901 minor 168 major
12-08 16:16:45.272  1881  1895 E ActivityManager:   35% 2692/com.google.android.googlequicksearchbox:search: 16% user + 18% kernel / faults: 3160 minor 60 major
12-08 16:16:45.272  1881  1895 E ActivityManager:   18% 645/kswapd0: 0% user + 18% kernel
12-08 16:16:45.272  1881  1895 E ActivityManager:   11% 1725/surfaceflinger: 4.4% user + 6.5% kernel / faults: 42 minor
12-08 16:16:45.272  1881  1895 E ActivityManager:   10% 17302/com.evancharlton.mileage: 7.8% user + 2.5% kernel / faults: 8604 minor 119 major
12-08 16:16:45.272  1881  1895 E ActivityManager:   9.3% 2314/adbd: 0.6% user + 8.6% kernel / faults: 42405 minor
12-08 16:16:45.272  1881  1895 E ActivityManager:   8.5% 2004/com.android.systemui: 4.6% user + 3.9% kernel / faults: 115 minor 9 major
12-08 16:16:45.272  1881  1895 E ActivityManager:   7.6% 17277/com.android.commands.monkey: 3% user + 4.5% kernel / faults: 162 minor 11 major
12-08 16:16:45.272  1881  1895 E ActivityManager:   0.5% 2448/com.google.android.gms.persistent: 0.5% user + 0% kernel / faults: 224 minor 4 major
12-08 16:16:45.272  1881  1895 E ActivityManager:   0.5% 1992/com.google.android.inputmethod.latin: 0.4% user + 0% kernel / faults: 196 minor 9 major
12-08 16:16:45.272  1881  1895 E ActivityManager:   0.4% 1747/android.hardware.graphics.composer@2.1-service: 0% user + 0.4% kernel / faults: 31 minor
12-08 16:16:45.272  1881  1895 E ActivityManager:   0.2% 1553/logd: 0% user + 0.2% kernel / faults: 1 major
12-08 16:16:45.272  1881  1895 E ActivityManager:   0.2% 15085/kworker/u8:6: 0% user + 0.2% kernel
12-08 16:16:45.272  1881  1895 E ActivityManager:   0.2% 5249/kworker/u9:2: 0% user + 0.2% kernel
12-08 16:16:45.272  1881  1895 E ActivityManager:   0.1% 1704/kworker/u9:4: 0% user + 0.1% kernel
12-08 16:16:45.272  1881  1895 E ActivityManager:   0.1% 5536/kworker/u9:1: 0% user + 0.1% kernel
12-08 16:16:45.272  1881  1895 E ActivityManager:   0.1% 15677/kworker/u8:2: 0% user + 0.1% kernel
12-08 16:16:45.272  1881  1895 E ActivityManager:   0.1% 16852/kworker/u8:1: 0% user + 0.1% kernel
12-08 16:16:45.272  1881  1895 E ActivityManager:   0.1% 1625/android.hardware.sensors@1.0-service: 0% user + 0.1% kernel
12-08 16:16:45.272  1881  1895 E ActivityManager:   0% 1621/android.hardware.graphics.allocator@2.0-service: 0% user + 0% kernel / faults: 14 minor
12-08 16:16:45.272  1881  1895 E ActivityManager:   0% 2330/logcat: 0% user + 0% kernel
12-08 16:16:45.272  1881  1895 E ActivityManager:   0% 2508/kworker/u9:3: 0% user + 0% kernel
12-08 16:16:45.272  1881  1895 E ActivityManager:   0% 15251/kworker/u8:0: 0% user + 0% kernel
12-08 16:16:45.272  1881  1895 E ActivityManager:   0% 16529/kworker/u8:3: 0% user + 0% kernel
12-08 16:16:45.272  1881  1895 E ActivityManager:   0% 1//init: 0% user + 0% kernel / faults: 15 minor 10 major
12-08 16:16:45.272  1881  1895 E ActivityManager:   0% 3/ksoftirqd/0: 0% user + 0% kernel
12-08 16:16:45.272  1881  1895 E ActivityManager:   0% 1609/healthd: 0% user + 0% kernel
12-08 16:16:45.272  1881  1895 E ActivityManager:   0% 1620/android.hardware.gnss@1.0-service: 0% user + 0% kernel
12-08 16:16:45.272  1881  1895 E ActivityManager:   0% 1718/jbd2/dm-1-8: 0% user + 0% kernel
12-08 16:16:45.272  1881  1895 E ActivityManager:   0% 1744/tombstoned: 0% user + 0% kernel / faults: 2 minor 1 major
12-08 16:16:45.272  1881  1895 E ActivityManager:   0% 13274/com.android.phone: 0% user + 0% kernel / faults: 10 minor
12-08 16:16:45.272  1881  1895 E ActivityManager:   0% 16913/kworker/0:1: 0% user + 0% kernel
12-08 16:16:45.272  1881  1895 E ActivityManager:  +0% 17340/crash_dump32: 0% user + 0% kernel
12-08 16:16:45.272  1881  1895 E ActivityManager:  +0% 17342/com.google.android.googlequicksearchbox:search: 0% user + 0% kernel
12-08 16:16:45.272  1881  1895 E ActivityManager: 27% TOTAL: 5.8% user + 10% kernel + 11% iowait + 0.4% softirq
12-08 16:16:45.272  1881  1895 E ActivityManager: CPU usage from 54ms to 5095ms later (2018-12-08 16:16:16.768 to 2018-12-08 16:16:21.807):
12-08 16:16:45.272  1881  1895 E ActivityManager:   57% 1881/system_server: 38% user + 19% kernel / faults: 446 minor 7 major
12-08 16:16:45.272  1881  1895 E ActivityManager:     51% 1895/ActivityManager: 33% user + 18% kernel
12-08 16:16:45.272  1881  1895 E ActivityManager:     2.4% 1890/HeapTaskDaemon: 2% user + 0.4% kernel
12-08 16:16:45.272  1881  1895 E ActivityManager:     0.8% 1953/InputDispatcher: 0.6% user + 0.2% kernel
12-08 16:16:45.272  1881  1895 E ActivityManager:     0.6% 4115/Binder:1881_13: 0.6% user + 0% kernel
12-08 16:16:45.272  1881  1895 E ActivityManager:     0.4% 4493/Binder:1881_18: 0.4% user + 0% kernel
12-08 16:16:45.272  1881  1895 E ActivityManager:     0.2% 1888/FinalizerDaemon: 0% user + 0.2% kernel
12-08 16:16:45.272  1881  1895 E ActivityManager:     0.2% 1894/android.bg: 0.2% user + 0% kernel
12-08 16:16:45.272  1881  1895 E ActivityManager:     0.2% 1896/android.ui: 0% user + 0.2% kernel
12-08 16:16:45.272  1881  1895 E ActivityManager:     0.2% 1901/android.fg: 0.2% user + 0% kernel
12-08 16:16:45.272  1881  1895 E ActivityManager:     0.2% 1934/android.anim: 0.2% user + 0% kernel
12-08 16:16:45.272  1881  1895 E ActivityManager:     0.2% 1941/SensorService: 0% user + 0.2% kernel
12-08 16:16:45.272  1881  1895 E ActivityManager:     0.2% 5179/Binder:1881_1C: 0% user + 0.2% kernel
12-08 16:16:45.272  1881  1895 E ActivityManager:   88% 17277/com.android.commands.monkey: 35% user + 53% kernel / faults: 2 minor
12-08 16:16:45.272  1881  1895 E ActivityManager:     88% 17277/commands.monkey: 39% user + 49% kernel
12-08 16:16:45.272  1881  1895 E ActivityManager:   2.2% 1725/surfaceflinger: 0.2% user + 2% kernel / faults: 7 minor
12-08 16:16:45.272  1881  1895 E ActivityManager:     1.2% 1725/surfaceflinger: 0.4% user + 0.8% kernel
12-08 16:16:45.272  1881  1895 E ActivityManager:     0.2% 1799/DispSync: 0% user + 0.2% kernel
12-08 16:16:45.272  1881  1895 E ActivityManager:     0.2% 1800/appEventThread: 0.2% user + 0% kernel
12-08 16:16:45.272  1881  1895 E ActivityManager:     0.2% 1827/surfaceflinger: 0% user + 0.2% kernel
12-08 16:16:45.272  1881  1895 E ActivityManager:     0.2% 1951/Binder:1725_4: 0.2% user + 0% kernel
12-08 16:16:45.272  1881  1895 E ActivityManager:   3.7% 17302/com.evancharlton.mileage: 3.7% user + 0% kernel / faults: 284 minor 3 major
12-08 16:16:45.272  1881  1895 E ActivityManager:     3.7% 17302/harlton.mileage: 3.7% user + 0% kernel
12-08 16:16:45.272  1881  1895 E ActivityManager:    
12-08 16:16:45.412  1744  1744 E /system/bin/tombstoned: Traces for pid 2692 written to: /data/anr/trace_17
12-08 16:16:45.452  1738  1772 E storaged: getDiskStats failed with result NOT_SUPPORTED and size 0
12-08 16:16:58.109  1881  1894 E memtrack: Couldn't load memtrack module
12-08 16:16:58.276  1881  4164 E memtrack: Couldn't load memtrack module
12-08 16:16:58.340  1881  4164 E memtrack: Couldn't load memtrack module
12-08 16:16:58.446  1881  4164 E memtrack: Couldn't load memtrack module
12-08 16:17:03.348  1881  4164 E memtrack: Couldn't load memtrack module
12-08 16:17:03.465  1881  4164 E memtrack: Couldn't load memtrack module
12-08 16:17:03.550  1881  4164 E memtrack: Couldn't load memtrack module
12-08 16:17:08.391  1881  4164 E memtrack: Couldn't load memtrack module
12-08 16:17:08.476  1881  4164 E memtrack: Couldn't load memtrack module
12-08 16:17:13.518  1881  4164 E memtrack: Couldn't load memtrack module
12-08 16:17:13.625  1881  4164 E memtrack: Couldn't load memtrack module
12-08 16:17:13.691  1881  4164 E memtrack: Couldn't load memtrack module
12-08 16:17:13.755  1881  4164 E memtrack: Couldn't load memtrack module
