--------- beginning of system
12-08 14:34:43.639  1739  1739 E wificond: NL80211_CMD_TRIGGER_SCAN failed: Device or resource busy
12-08 14:34:58.551  1738  1772 E storaged: getDiskStats failed with result NOT_SUPPORTED and size 0
12-08 14:35:03.376  1739  1739 E wificond: NL80211_CMD_TRIGGER_SCAN failed: Device or resource busy
--------- beginning of main
12-08 14:35:03.669 11806 11806 E harlton.mileag: Not starting debugger since process cannot load the jdwp agent.
12-08 14:35:43.931  1881  1896 E AutofillSession: No assist structure - app might have crashed providing it
12-08 14:35:46.362  1828  1828 E netmgr  : Failed to open QEMU pipe 'qemud:network': Invalid argument
12-08 14:35:46.371  1828  1828 E netmgr  : WifiForwarder unable to open QEMU pipe: Invalid argument
12-08 14:35:59.093  1738  1772 E storaged: getDiskStats failed with result NOT_SUPPORTED and size 0
12-08 14:36:32.420  1881  1899 E BatteryExternalStatsWorker: no controller energy info supplied for wifi
12-08 14:36:47.566  1828  1828 E netmgr  : Failed to open QEMU pipe 'qemud:network': Invalid argument
12-08 14:36:47.566  1828  1828 E netmgr  : WifiForwarder unable to open QEMU pipe: Invalid argument
12-08 14:36:47.589  1992 11853 E HttpClientWrapper: fid: Exception occurred while executing network request.
12-08 14:36:47.750  1992 11856 E HttpClientWrapper: fid: Exception occurred while executing network request.
12-08 14:36:47.752  1992 11855 E InsertionMixStrat: eyf: Primary GIF fetcher encountered error: Error{exception=java.net.UnknownHostException: Unable to resolve host "www.google.com": No address associated with hostname, code=NETWORK_NOT_AVAILABLE}
12-08 14:37:00.293  1738  1772 E storaged: getDiskStats failed with result NOT_SUPPORTED and size 0
12-08 14:37:16.070  2448 11549 E ctxmgr  : [ProducerStatusImpl]updateStateForNewContextData: inactive, contextName=7
12-08 14:37:16.073  2448  3146 E PlaceInferenceEngine: Position timestamp out of order. Previous: 1544279521000, Current: 1544261835000. Skipping this Position.
12-08 14:37:18.403  2448 11549 E ctxmgr  : [ProducerStatusImpl]updateStateForNewContextData: inactive, contextName=1
12-08 14:37:18.404  2448 11549 E ctxmgr  : [ProducerStatusImpl]updateStateForNewContextData: inactive, contextName=1
12-08 14:37:21.078  2448  2448 E BeaconBle: Missing BluetoothAdapter
12-08 14:37:21.125  2448  2448 E BeaconBle: Scan couldn't start for Places
12-08 14:37:28.708  2692  2692 E ContextIntentStarter: No activity found for any of the 0 intents
12-08 14:37:36.384 11671 11671 E wpa_supplicant: nl80211: Failed to open /proc/sys/net/ipv4/conf/p2p-dev-wlan0/drop_unicast_in_l2_multicast: No such file or directory
12-08 14:37:36.384 11671 11671 E wpa_supplicant: nl80211: Failed to set IPv4 unicast in multicast filter
12-08 14:37:36.443 11671 11671 E wpa_supplicant: nl80211: Failed to open /proc/sys/net/ipv4/conf/p2p-dev-wlan0/drop_unicast_in_l2_multicast: No such file or directory
12-08 14:37:36.443 11671 11671 E wpa_supplicant: nl80211: Failed to set IPv4 unicast in multicast filter
12-08 14:37:36.537 11671 11671 E wpa_supplicant: nl80211: Failed to open /proc/sys/net/ipv4/conf/wlan0/drop_unicast_in_l2_multicast: No such file or directory
12-08 14:37:36.537 11671 11671 E wpa_supplicant: nl80211: Failed to set IPv4 unicast in multicast filter
12-08 14:37:36.616 11671 11671 E wpa_supplicant: nl80211: Failed to open /proc/sys/net/ipv4/conf/wlan0/drop_unicast_in_l2_multicast: No such file or directory
12-08 14:37:36.616 11671 11671 E wpa_supplicant: nl80211: Failed to set IPv4 unicast in multicast filter
12-08 14:37:38.861  1881  1901 E NetdConnector: NDC event {600 Iface linkstate wlan0 down} took too long: 2182ms
12-08 14:37:39.223  1626  1626 E android.hardware.wifi@1.0-service: Failed to open directory: Permission denied
12-08 14:37:39.223  1626  1626 E android.hardware.wifi@1.0-service: Error occurred while deleting old tombstone files
12-08 14:37:39.223  1626  1626 E android.hardware.wifi@1.0-service: Error writing files to flash
12-08 14:37:41.563  1611  1695 E audio_hw_generic: pcm_write failed cannot write stream data: I/O error
12-08 14:37:44.097  1881  1966 E WifiP2pService: Unhandled message { when=-2ms what=131204 target=com.android.internal.util.StateMachine$SmHandler }
12-08 14:37:44.114  1881  1899 E BatteryExternalStatsWorker: no controller energy info supplied for wifi
12-08 14:37:44.220  2448 11493 E ctxmgr  : [ProducerStatusImpl]updateStateForNewContextData: inactive, contextName=7
12-08 14:37:44.135  1881  1899 E BatteryExternalStatsWorker: no controller energy info supplied for wifi
12-08 14:37:46.843  2448  2448 E BeaconBle: Missing BluetoothAdapter
12-08 14:37:46.909  2448  2448 E BeaconBle: Scan couldn't start for Places
12-08 14:37:49.197  1828  1828 E netmgr  : Failed to open QEMU pipe 'qemud:network': Invalid argument
12-08 14:37:49.197  1828  1828 E netmgr  : WifiForwarder unable to open QEMU pipe: Invalid argument
12-08 14:37:54.543 29746 29746 E SchedPolicy: set_timerslack_ns write failed: Operation not permitted
12-08 14:37:59.935  2494  2716 E PlayCommon: [101] com.google.android.play.b.g.a(448): Failed to connect to server: java.net.UnknownHostException: Unable to resolve host "play.googleapis.com": No address associated with hostname
12-08 14:38:02.302  1738  1772 E storaged: getDiskStats failed with result NOT_SUPPORTED and size 0
12-08 14:38:10.196 29746 29746 E SchedPolicy: set_timerslack_ns write failed: Operation not permitted
12-08 14:38:17.927  1611  1695 E audio_hw_generic: pcm_write failed cannot write stream data: I/O error
12-08 14:38:28.279  1611  1695 E audio_hw_generic: pcm_write failed cannot write stream data: I/O error
12-08 14:38:38.667  1611  1695 E audio_hw_generic: pcm_write failed cannot write stream data: I/O error
12-08 14:38:48.864  1611  1695 E audio_hw_generic: pcm_write failed cannot write stream data: I/O error
12-08 14:38:49.258  1828  1828 E netmgr  : Failed to open QEMU pipe 'qemud:network': Invalid argument
12-08 14:38:49.258  1828  1828 E netmgr  : WifiForwarder unable to open QEMU pipe: Invalid argument
12-08 14:38:51.386  2475 11542 E SQLiteCastStore: Skip saving CastDeviceInfo: "Nearby device" (__cast_nearby___V_46bfe962-4983-48c2-ab1d-6d2e1206ff4c)
12-08 14:39:01.591  1611  1695 E audio_hw_generic: pcm_write failed cannot write stream data: I/O error
