--------- beginning of main
--------- beginning of system
12-07 22:41:33.999  1729  1931 E         : Couldn't opendir /data/app/vmdl1823411326.tmp: No such file or directory
12-07 22:41:33.999  1729  1931 E installd: Failed to delete /data/app/vmdl1823411326.tmp: No such file or directory
12-07 22:41:36.514  6844  6844 E harlton.mileag: Not starting debugger since process cannot load the jdwp agent.
12-07 22:41:38.061 16085 24146 E putmethod.lati: Invalid ID 0x00000001.
12-07 22:41:38.063 16085 24146 E LstmTrainingCache: emn: Can't get resource name for input slot
12-07 22:41:38.063 16085 24146 E LstmTrainingCache: android.content.res.Resources$NotFoundException: Unable to find resource ID #0x1
12-07 22:41:38.063 16085 24146 E LstmTrainingCache: 	at android.content.res.ResourcesImpl.getResourceName(ResourcesImpl.java:255)
12-07 22:41:38.063 16085 24146 E LstmTrainingCache: 	at android.content.res.Resources.getResourceName(Resources.java:1954)
12-07 22:41:38.063 16085 24146 E LstmTrainingCache: 	at emn.a(PG:12)
12-07 22:41:38.063 16085 24146 E LstmTrainingCache: 	at emk.run(PG:5)
12-07 22:41:38.063 16085 24146 E LstmTrainingCache: 	at java.lang.Thread.run(Thread.java:764)
12-07 22:41:43.484  1724  1876 E BufferQueueProducer: [com.google.android.apps.nexuslauncher/com.google.android.apps.nexuslauncher.NexusLauncherActivity#1] cancelBuffer: BufferQueue has been abandoned
12-07 22:41:44.067 16506  5796 E ctxmgr  : [AppIntervalImpl]closeInterval: stopTimeMillis invalid, stop=1544222504065, start=1544238227857
12-07 22:41:44.102 16506  5796 E ctxmgr  : [AppIntervalImpl]closeInterval: stopTimeMillis invalid, stop=1544222504100, start=1544238227858
12-07 22:41:44.413 16085 16085 E native  : suggestion-transformer.cc:118 suggestion picked candidate not found for id: 2
12-07 22:41:44.418 16085 16085 E native  : suggestion-transformer.cc:118 suggestion picked candidate not found for id: 2
12-07 22:41:50.968 15976 16042 E WindowManager: Performed 6 layouts in a row. Skipping
12-07 22:41:50.997 15976 17388 E WindowManager: Performed 6 layouts in a row. Skipping
12-07 22:41:51.045 15976 16026 E WindowManager: Performed 6 layouts in a row. Skipping
12-07 22:41:51.089 15976 15991 E WindowManager: Performed 6 layouts in a row. Skipping
12-07 22:41:51.143 15976 16026 E WindowManager: Performed 6 layouts in a row. Skipping
12-07 22:41:51.162 15976 17388 E WindowManager: Performed 6 layouts in a row. Skipping
12-07 22:41:51.195 15976 16026 E WindowManager: Performed 6 layouts in a row. Skipping
12-07 22:41:51.219 15976 17135 E WindowManager: Performed 6 layouts in a row. Skipping
12-07 22:41:51.277 15976 16026 E WindowManager: Performed 6 layouts in a row. Skipping
12-07 22:41:51.333 15976 16026 E WindowManager: Performed 6 layouts in a row. Skipping
12-07 22:41:51.421 15976 16026 E WindowManager: Performed 6 layouts in a row. Skipping
12-07 22:41:51.442 15976 17388 E WindowManager: Performed 6 layouts in a row. Skipping
12-07 22:41:51.481 15976 16026 E WindowManager: Performed 6 layouts in a row. Skipping
12-07 22:41:52.728 16506 16506 E BeaconBle: Missing BluetoothAdapter
12-07 22:41:52.787 16506 16506 E BeaconBle: Scan couldn't start for Places
12-07 22:41:52.835 15976 16026 E WindowManager: Performed 6 layouts in a row. Skipping
12-07 22:41:52.854 15976 16026 E WindowManager: Performed 6 layouts in a row. Skipping
12-07 22:41:55.276 15976 16026 E WindowManager: Performed 6 layouts in a row. Skipping
12-07 22:41:55.300 15976 16971 E WindowManager: Performed 6 layouts in a row. Skipping
12-07 22:41:55.320 15976 16026 E WindowManager: Performed 6 layouts in a row. Skipping
12-07 22:41:55.734 15976 16026 E WindowManager: Performed 6 layouts in a row. Skipping
12-07 22:41:55.750 15976 16971 E WindowManager: Performed 6 layouts in a row. Skipping
12-07 22:41:55.769 15976 16026 E WindowManager: Performed 6 layouts in a row. Skipping
12-07 22:42:06.223  1829  1829 E netmgr  : Failed to open QEMU pipe 'qemud:network': Invalid argument
12-07 22:42:06.223  1829  1829 E netmgr  : WifiForwarder unable to open QEMU pipe: Invalid argument
12-07 22:42:11.142 16561 16561 E ContextIntentStarter: No activity found for any of the 0 intents
12-07 22:42:12.073  1628  1628 E android.hardware.wifi@1.0-service: Failed to register radio mode change callback
12-07 22:42:12.099  1628  1628 E android.hardware.wifi@1.0-service: Failed to set DFS flag; DFS channels may be unavailable.
12-07 22:42:12.221 15926 15926 E wificond: No Offload Service available
12-07 22:42:12.478 15976 16055 E WifiP2pService: Unhandled message { when=-1ms what=131203 target=com.android.internal.util.StateMachine$SmHandler }
12-07 22:42:12.495 15976 16055 E WifiP2pService: Unhandled message { when=-1ms what=131203 target=com.android.internal.util.StateMachine$SmHandler }
12-07 22:42:12.501 15976 15994 E BatteryExternalStatsWorker: no controller energy info supplied for wifi
12-07 22:42:12.521 15976 15994 E BatteryExternalStatsWorker: no controller energy info supplied for wifi
12-07 22:42:16.453 15976 15994 E BatteryExternalStatsWorker: no controller energy info supplied for wifi
12-07 22:42:17.309 15925 15942 E Netd    : Error adding route ::/0 -> fe80::ff:fe00:100 wlan0 to table 1003: File exists
12-07 22:42:17.363 16506  6953 E WakeLock: GCM_CONN_ALARM release without a matched acquire!
12-07 22:42:28.107  1737  1809 E storaged: getDiskStats failed with result NOT_SUPPORTED and size 0
12-07 22:43:06.258  1829  1829 E netmgr  : Failed to open QEMU pipe 'qemud:network': Invalid argument
12-07 22:43:06.258  1829  1829 E netmgr  : WifiForwarder unable to open QEMU pipe: Invalid argument
12-07 22:43:28.111  1737  1809 E storaged: getDiskStats failed with result NOT_SUPPORTED and size 0
12-07 22:43:34.123 16485 16485 E SchedPolicy: set_timerslack_ns write failed: Operation not permitted
12-07 22:43:38.699 16485 16485 E SchedPolicy: set_timerslack_ns write failed: Operation not permitted
12-07 22:44:06.259  1829  1829 E netmgr  : Failed to open QEMU pipe 'qemud:network': Invalid argument
12-07 22:44:06.260  1829  1829 E netmgr  : WifiForwarder unable to open QEMU pipe: Invalid argument
12-07 22:44:28.113  1737  1809 E storaged: getDiskStats failed with result NOT_SUPPORTED and size 0
12-07 22:45:06.279  1829  1829 E netmgr  : Failed to open QEMU pipe 'qemud:network': Invalid argument
12-07 22:45:06.280  1829  1829 E netmgr  : WifiForwarder unable to open QEMU pipe: Invalid argument
12-07 22:45:28.114  1737  1809 E storaged: getDiskStats failed with result NOT_SUPPORTED and size 0
12-07 22:45:34.077 15976 15989 E memtrack: Couldn't load memtrack module
12-07 22:45:41.901  7049  7049 E hod.latin:trai: Not starting debugger since process cannot load the jdwp agent.
12-07 22:45:45.024 15976 15989 E memtrack: Couldn't load memtrack module
12-07 22:45:45.384 16085 16085 E native  : suggestion-transformer.cc:118 suggestion picked candidate not found for id: 3
