--------- beginning of system
12-08 09:27:56.776  1881  4492 E WindowManager: Performed 6 layouts in a row. Skipping
12-08 09:27:56.809  1881  1934 E WindowManager: Performed 6 layouts in a row. Skipping
12-08 09:27:56.847  1881  1896 E WindowManager: Performed 6 layouts in a row. Skipping
12-08 09:27:56.869  1881  1934 E WindowManager: Performed 6 layouts in a row. Skipping
--------- beginning of main
12-08 09:27:56.889  1881  5403 E WindowManager: Performed 6 layouts in a row. Skipping
12-08 09:27:56.936  1881  1934 E WindowManager: Performed 6 layouts in a row. Skipping
12-08 09:27:57.033  1881  1934 E WindowManager: Performed 6 layouts in a row. Skipping
12-08 09:27:58.855  1881  1895 E ActivityManager: Failure starting process com.evancharlton.mileage
12-08 09:27:58.855  1881  1895 E ActivityManager: java.lang.SecurityException: Package com.evancharlton.mileage is currently frozen!
12-08 09:27:58.855  1881  1895 E ActivityManager: 	at com.android.server.pm.PackageManagerService.checkPackageStartable(PackageManagerService.java:4000)
12-08 09:27:58.855  1881  1895 E ActivityManager: 	at com.android.server.am.ActivityManagerService.startProcessLocked(ActivityManagerService.java:4234)
12-08 09:27:58.855  1881  1895 E ActivityManager: 	at com.android.server.am.ActivityManagerService.startProcessLocked(ActivityManagerService.java:4199)
12-08 09:27:58.855  1881  1895 E ActivityManager: 	at com.android.server.am.ActivityManagerService.startProcessLocked(ActivityManagerService.java:4181)
12-08 09:27:58.855  1881  1895 E ActivityManager: 	at com.android.server.am.ActivityManagerService.startProcessLocked(ActivityManagerService.java:4067)
12-08 09:27:58.855  1881  1895 E ActivityManager: 	at com.android.server.am.ActivityStackSupervisor.startSpecificActivityLocked(ActivityStackSupervisor.java:1715)
12-08 09:27:58.855  1881  1895 E ActivityManager: 	at com.android.server.am.ActivityStack.resumeTopActivityInnerLocked(ActivityStack.java:2764)
12-08 09:27:58.855  1881  1895 E ActivityManager: 	at com.android.server.am.ActivityStack.resumeTopActivityUncheckedLocked(ActivityStack.java:2302)
12-08 09:27:58.855  1881  1895 E ActivityManager: 	at com.android.server.am.ActivityStackSupervisor.resumeFocusedStackTopActivityLocked(ActivityStackSupervisor.java:2234)
12-08 09:27:58.855  1881  1895 E ActivityManager: 	at com.android.server.am.ActivityStackSupervisor.resumeFocusedStackTopActivityLocked(ActivityStackSupervisor.java:2218)
12-08 09:27:58.855  1881  1895 E ActivityManager: 	at com.android.server.am.ActivityManagerService.handleAppDiedLocked(ActivityManagerService.java:5923)
12-08 09:27:58.855  1881  1895 E ActivityManager: 	at com.android.server.am.ActivityManagerService.removeProcessLocked(ActivityManagerService.java:7501)
12-08 09:27:58.855  1881  1895 E ActivityManager: 	at com.android.server.am.ActivityManagerService.killPackageProcessesLocked(ActivityManagerService.java:7142)
12-08 09:27:58.855  1881  1895 E ActivityManager: 	at com.android.server.am.ActivityManagerService.forceStopPackageLocked(ActivityManagerService.java:7275)
12-08 09:27:58.855  1881  1895 E ActivityManager: 	at com.android.server.am.ActivityManagerService$MainHandler.handleMessage(ActivityManagerService.java:2289)
12-08 09:27:58.855  1881  1895 E ActivityManager: 	at android.os.Handler.dispatchMessage(Handler.java:106)
12-08 09:27:58.855  1881  1895 E ActivityManager: 	at android.os.Looper.loop(Looper.java:193)
12-08 09:27:58.855  1881  1895 E ActivityManager: 	at android.os.HandlerThread.run(HandlerThread.java:65)
12-08 09:27:58.855  1881  1895 E ActivityManager: 	at com.android.server.ServiceThread.run(ServiceThread.java:44)
12-08 09:28:00.310  2448 20292 E ctxmgr  : [ProducerStatusImpl]updateStateForNewContextData: inactive, contextName=7
12-08 09:28:00.473  2448  2448 E BeaconBle: Scan couldn't start for Places
12-08 09:28:02.357  1730  1944 E         : Couldn't opendir /data/app/vmdl766226245.tmp: No such file or directory
12-08 09:28:02.357  1730  1944 E installd: Failed to delete /data/app/vmdl766226245.tmp: No such file or directory
12-08 09:28:03.202  2475 20317 E ChromeSync: [Sync,SyncIntentOperation] Error handling the intent: Intent { act=android.intent.action.PACKAGE_ADDED dat=package:com.evancharlton.mileage flg=0x4000010 cmp=com.google.android.gms/.chimera.GmsIntentOperationService (has extras) }.
12-08 09:28:04.518 20366 20366 E harlton.mileag: Not starting debugger since process cannot load the jdwp agent.
12-08 09:28:15.658  2448 20397 E ctxmgr  : [ProducerStatusImpl]updateStateForNewContextData: inactive, contextName=7
12-08 09:28:15.932  2448  2448 E BeaconBle: Scan couldn't start for Places
12-08 09:28:26.122  2692  2692 E ContextIntentStarter: No activity found for any of the 0 intents
12-08 09:28:40.094  1828  1828 E netmgr  : Failed to open QEMU pipe 'qemud:network': Invalid argument
12-08 09:28:40.094  1828  1828 E netmgr  : WifiForwarder unable to open QEMU pipe: Invalid argument
12-08 09:28:44.579  1738  1772 E storaged: getDiskStats failed with result NOT_SUPPORTED and size 0
12-08 09:28:48.188 20430 20430 E viders.calenda: Not starting debugger since process cannot load the jdwp agent.
12-08 09:28:48.193 20435 20435 E ndroid.calenda: Not starting debugger since process cannot load the jdwp agent.
12-08 09:28:49.503 20492 20492 E droid.deskcloc: Not starting debugger since process cannot load the jdwp agent.
12-08 09:28:49.594 20492 20492 E LoadedApk: Unable to instantiate appComponentFactory
12-08 09:28:49.594 20492 20492 E LoadedApk: java.lang.ClassNotFoundException: Didn't find class "android.support.v4.app.CoreComponentFactory" on path: DexPathList[[zip file "/data/app/com.google.android.deskclock-irjeQ48B8SlCzNgOUY6aXg==/base.apk"],nativeLibraryDirectories=[/data/app/com.google.android.deskclock-irjeQ48B8SlCzNgOUY6aXg==/lib/x86, /system/lib]]
12-08 09:28:49.594 20492 20492 E LoadedApk: 	at dalvik.system.BaseDexClassLoader.findClass(BaseDexClassLoader.java:134)
12-08 09:28:49.594 20492 20492 E LoadedApk: 	at java.lang.ClassLoader.loadClass(ClassLoader.java:379)
12-08 09:28:49.594 20492 20492 E LoadedApk: 	at java.lang.ClassLoader.loadClass(ClassLoader.java:312)
12-08 09:28:49.594 20492 20492 E LoadedApk: 	at android.app.LoadedApk.createAppFactory(LoadedApk.java:226)
12-08 09:28:49.594 20492 20492 E LoadedApk: 	at android.app.LoadedApk.createOrUpdateClassLoaderLocked(LoadedApk.java:731)
12-08 09:28:49.594 20492 20492 E LoadedApk: 	at android.app.LoadedApk.getClassLoader(LoadedApk.java:810)
12-08 09:28:49.594 20492 20492 E LoadedApk: 	at android.app.LoadedApk.getResources(LoadedApk.java:1032)
12-08 09:28:49.594 20492 20492 E LoadedApk: 	at android.app.ContextImpl.createAppContext(ContextImpl.java:2345)
12-08 09:28:49.594 20492 20492 E LoadedApk: 	at android.app.ActivityThread.handleBindApplication(ActivityThread.java:5749)
12-08 09:28:49.594 20492 20492 E LoadedApk: 	at android.app.ActivityThread.access$1100(ActivityThread.java:199)
12-08 09:28:49.594 20492 20492 E LoadedApk: 	at android.app.ActivityThread$H.handleMessage(ActivityThread.java:1650)
12-08 09:28:49.594 20492 20492 E LoadedApk: 	at android.os.Handler.dispatchMessage(Handler.java:106)
12-08 09:28:49.594 20492 20492 E LoadedApk: 	at android.os.Looper.loop(Looper.java:193)
12-08 09:28:49.594 20492 20492 E LoadedApk: 	at android.app.ActivityThread.main(ActivityThread.java:6669)
12-08 09:28:49.594 20492 20492 E LoadedApk: 	at java.lang.reflect.Method.invoke(Native Method)
12-08 09:28:49.594 20492 20492 E LoadedApk: 	at com.android.internal.os.RuntimeInit$MethodAndArgsCaller.run(RuntimeInit.java:493)
12-08 09:28:49.594 20492 20492 E LoadedApk: 	at com.android.internal.os.ZygoteInit.main(ZygoteInit.java:858)
12-08 09:28:50.136 20522 20522 E com.ustwo.lwp: Not starting debugger since process cannot load the jdwp agent.
12-08 09:28:51.217  2448 20179 E NetworkScheduler.ATC: Called cancelTask for already completed task com.google.android.gms/.learning.training.background.TrainingGcmTaskService{u=0 tag="com.google.android.gms.learning.BACKGROUND_TRAINING_TASK" trigger=window{period=900s,flex=600s,earliest=-268s,latest=331s} requirements=[NET_ANY,CHARGING,DEVICE_IDLE] attributes=[PERSISTED,RECURRING] scheduled=-568s last_run=0s jid=N/A status=ACTIVE retries=0 client_lib=MANCHEGO_GCM-14799000} :RESCHEDULED
12-08 09:28:52.681  1611  1695 E audio_hw_generic: pcm_write failed cannot write stream data: I/O error
12-08 09:29:02.700  1611  1695 E audio_hw_generic: pcm_write failed cannot write stream data: I/O error
12-08 09:29:12.720  1611  1695 E audio_hw_generic: pcm_write failed cannot write stream data: I/O error
12-08 09:29:23.450  1611  1695 E audio_hw_generic: pcm_write failed cannot write stream data: I/O error
12-08 09:29:28.184  2475 20174 E SQLiteCastStore: Skip saving CastDeviceInfo: "Nearby device" (__cast_nearby___V_76179b64-1910-42c0-b887-098e2c6fc2cd)
12-08 09:29:33.470  1611  1695 E audio_hw_generic: pcm_write failed cannot write stream data: I/O error
12-08 09:29:39.890  1828  1828 E netmgr  : Failed to open QEMU pipe 'qemud:network': Invalid argument
12-08 09:29:39.891  1828  1828 E netmgr  : WifiForwarder unable to open QEMU pipe: Invalid argument
12-08 09:29:44.320  1738  1772 E storaged: getDiskStats failed with result NOT_SUPPORTED and size 0
12-08 09:29:44.509  1611  1695 E audio_hw_generic: pcm_write failed cannot write stream data: I/O error
12-08 09:29:47.678  1881  1894 E memtrack: Couldn't load memtrack module
12-08 09:29:52.763  1881  1894 E memtrack: Couldn't load memtrack module
12-08 09:29:54.530  1611  1695 E audio_hw_generic: pcm_write failed cannot write stream data: I/O error
12-08 09:29:57.970  1881  4709 E WindowManager: Performed 6 layouts in a row. Skipping
12-08 09:29:57.997  1881  1934 E WindowManager: Performed 6 layouts in a row. Skipping
12-08 09:29:58.082  1881  1934 E WindowManager: Performed 6 layouts in a row. Skipping
12-08 09:29:58.108  1881  2381 E WindowManager: Performed 6 layouts in a row. Skipping
12-08 09:29:58.135  1881  1934 E WindowManager: Performed 6 layouts in a row. Skipping
12-08 09:29:58.307  1881  1934 E WindowManager: Performed 6 layouts in a row. Skipping
