--------- beginning of main
--------- beginning of system
12-08 16:04:53.673  1884  1898 E ActivityManager: Failure starting process com.evancharlton.mileage
12-08 16:04:53.673  1884  1898 E ActivityManager: java.lang.SecurityException: Package com.evancharlton.mileage is currently frozen!
12-08 16:04:53.673  1884  1898 E ActivityManager: 	at com.android.server.pm.PackageManagerService.checkPackageStartable(PackageManagerService.java:4000)
12-08 16:04:53.673  1884  1898 E ActivityManager: 	at com.android.server.am.ActivityManagerService.startProcessLocked(ActivityManagerService.java:4234)
12-08 16:04:53.673  1884  1898 E ActivityManager: 	at com.android.server.am.ActivityManagerService.startProcessLocked(ActivityManagerService.java:4199)
12-08 16:04:53.673  1884  1898 E ActivityManager: 	at com.android.server.am.ActivityManagerService.startProcessLocked(ActivityManagerService.java:4181)
12-08 16:04:53.673  1884  1898 E ActivityManager: 	at com.android.server.am.ActivityManagerService.startProcessLocked(ActivityManagerService.java:4067)
12-08 16:04:53.673  1884  1898 E ActivityManager: 	at com.android.server.am.ActivityStackSupervisor.startSpecificActivityLocked(ActivityStackSupervisor.java:1715)
12-08 16:04:53.673  1884  1898 E ActivityManager: 	at com.android.server.am.ActivityStack.resumeTopActivityInnerLocked(ActivityStack.java:2764)
12-08 16:04:53.673  1884  1898 E ActivityManager: 	at com.android.server.am.ActivityStack.resumeTopActivityUncheckedLocked(ActivityStack.java:2302)
12-08 16:04:53.673  1884  1898 E ActivityManager: 	at com.android.server.am.ActivityStackSupervisor.resumeFocusedStackTopActivityLocked(ActivityStackSupervisor.java:2234)
12-08 16:04:53.673  1884  1898 E ActivityManager: 	at com.android.server.am.ActivityStackSupervisor.resumeFocusedStackTopActivityLocked(ActivityStackSupervisor.java:2218)
12-08 16:04:53.673  1884  1898 E ActivityManager: 	at com.android.server.am.ActivityManagerService.handleAppDiedLocked(ActivityManagerService.java:5923)
12-08 16:04:53.673  1884  1898 E ActivityManager: 	at com.android.server.am.ActivityManagerService.removeProcessLocked(ActivityManagerService.java:7501)
12-08 16:04:53.673  1884  1898 E ActivityManager: 	at com.android.server.am.ActivityManagerService.killPackageProcessesLocked(ActivityManagerService.java:7142)
12-08 16:04:53.673  1884  1898 E ActivityManager: 	at com.android.server.am.ActivityManagerService.forceStopPackageLocked(ActivityManagerService.java:7275)
12-08 16:04:53.673  1884  1898 E ActivityManager: 	at com.android.server.am.ActivityManagerService$MainHandler.handleMessage(ActivityManagerService.java:2289)
12-08 16:04:53.673  1884  1898 E ActivityManager: 	at android.os.Handler.dispatchMessage(Handler.java:106)
12-08 16:04:53.673  1884  1898 E ActivityManager: 	at android.os.Looper.loop(Looper.java:193)
12-08 16:04:53.673  1884  1898 E ActivityManager: 	at android.os.HandlerThread.run(HandlerThread.java:65)
12-08 16:04:53.673  1884  1898 E ActivityManager: 	at com.android.server.ServiceThread.run(ServiceThread.java:44)
12-08 16:04:55.128  2439 12939 E ctxmgr  : [ProducerStatusImpl]updateStateForNewContextData: inactive, contextName=7
12-08 16:04:55.293  2439  2439 E BeaconBle: Missing BluetoothAdapter
12-08 16:04:55.331  2439  2439 E BeaconBle: Scan couldn't start for Places
12-08 16:04:56.785  1731 11051 E         : Couldn't opendir /data/app/vmdl1125037485.tmp: No such file or directory
12-08 16:04:56.785  1731 11051 E installd: Failed to delete /data/app/vmdl1125037485.tmp: No such file or directory
12-08 16:04:57.824 13171 13171 E harlton.mileag: Not starting debugger since process cannot load the jdwp agent.
12-08 16:04:59.026  1993  2612 E putmethod.lati: Invalid ID 0x00000001.
12-08 16:04:59.057  1993  2612 E LstmTrainingCache: emn: Can't get resource name for input slot
12-08 16:04:59.057  1993  2612 E LstmTrainingCache: android.content.res.Resources$NotFoundException: Unable to find resource ID #0x1
12-08 16:04:59.057  1993  2612 E LstmTrainingCache: 	at android.content.res.ResourcesImpl.getResourceName(ResourcesImpl.java:255)
12-08 16:04:59.057  1993  2612 E LstmTrainingCache: 	at android.content.res.Resources.getResourceName(Resources.java:1954)
12-08 16:04:59.057  1993  2612 E LstmTrainingCache: 	at emn.a(PG:12)
12-08 16:04:59.057  1993  2612 E LstmTrainingCache: 	at emk.run(PG:5)
12-08 16:04:59.057  1993  2612 E LstmTrainingCache: 	at java.lang.Thread.run(Thread.java:764)
12-08 16:05:08.450  1884  1897 E memtrack: Couldn't load memtrack module
12-08 16:05:11.883  2439 12939 E ctxmgr  : [ProducerStatusImpl]updateStateForNewContextData: inactive, contextName=7
12-08 16:05:12.217  2439  2439 E BeaconBle: Missing BluetoothAdapter
12-08 16:05:12.283  2439  2439 E BeaconBle: Scan couldn't start for Places
12-08 16:05:15.411  2826  2826 E ContextIntentStarter: No activity found for any of the 0 intents
12-08 16:05:15.799 13060 13060 E wpa_supplicant: nl80211: Failed to open /proc/sys/net/ipv4/conf/p2p-dev-wlan0/drop_unicast_in_l2_multicast: No such file or directory
12-08 16:05:15.799 13060 13060 E wpa_supplicant: nl80211: Failed to set IPv4 unicast in multicast filter
12-08 16:05:15.807 13060 13060 E wpa_supplicant: nl80211: Failed to open /proc/sys/net/ipv4/conf/p2p-dev-wlan0/drop_unicast_in_l2_multicast: No such file or directory
12-08 16:05:15.807 13060 13060 E wpa_supplicant: nl80211: Failed to set IPv4 unicast in multicast filter
12-08 16:05:15.961 13060 13060 E wpa_supplicant: nl80211: Failed to open /proc/sys/net/ipv4/conf/wlan0/drop_unicast_in_l2_multicast: No such file or directory
12-08 16:05:15.961 13060 13060 E wpa_supplicant: nl80211: Failed to set IPv4 unicast in multicast filter
12-08 16:05:15.963 13060 13060 E wpa_supplicant: nl80211: Failed to open /proc/sys/net/ipv4/conf/wlan0/drop_unicast_in_l2_multicast: No such file or directory
12-08 16:05:15.963 13060 13060 E wpa_supplicant: nl80211: Failed to set IPv4 unicast in multicast filter
12-08 16:05:16.045 13060 13060 E wpa_supplicant: nl80211: Failed to open /proc/sys/net/ipv4/conf/wlan0/drop_unicast_in_l2_multicast: No such file or directory
12-08 16:05:16.045 13060 13060 E wpa_supplicant: nl80211: Failed to set IPv4 unicast in multicast filter
12-08 16:05:16.111  1884 13063 E ConnectivityPacketTracker.wlan0: readPacket error: 
12-08 16:05:16.111  1884 13063 E ConnectivityPacketTracker.wlan0: android.system.ErrnoException: read failed: ENETDOWN (Network is down)
12-08 16:05:16.111  1884 13063 E ConnectivityPacketTracker.wlan0: 	at libcore.io.Linux.readBytes(Native Method)
12-08 16:05:16.111  1884 13063 E ConnectivityPacketTracker.wlan0: 	at libcore.io.Linux.read(Linux.java:184)
12-08 16:05:16.111  1884 13063 E ConnectivityPacketTracker.wlan0: 	at libcore.io.BlockGuardOs.read(BlockGuardOs.java:254)
12-08 16:05:16.111  1884 13063 E ConnectivityPacketTracker.wlan0: 	at android.system.Os.read(Os.java:414)
12-08 16:05:16.111  1884 13063 E ConnectivityPacketTracker.wlan0: 	at android.net.util.PacketReader.readPacket(PacketReader.java:137)
12-08 16:05:16.111  1884 13063 E ConnectivityPacketTracker.wlan0: 	at android.net.util.PacketReader.handleInput(PacketReader.java:207)
12-08 16:05:16.111  1884 13063 E ConnectivityPacketTracker.wlan0: 	at android.net.util.PacketReader.access$100(PacketReader.java:70)
12-08 16:05:16.111  1884 13063 E ConnectivityPacketTracker.wlan0: 	at android.net.util.PacketReader$1.onFileDescriptorEvents(PacketReader.java:189)
12-08 16:05:16.111  1884 13063 E ConnectivityPacketTracker.wlan0: 	at android.os.MessageQueue.dispatchEvents(MessageQueue.java:285)
12-08 16:05:16.111  1884 13063 E ConnectivityPacketTracker.wlan0: 	at android.os.MessageQueue.nativePollOnce(Native Method)
12-08 16:05:16.111  1884 13063 E ConnectivityPacketTracker.wlan0: 	at android.os.MessageQueue.next(MessageQueue.java:326)
12-08 16:05:16.111  1884 13063 E ConnectivityPacketTracker.wlan0: 	at android.os.Looper.loop(Looper.java:160)
12-08 16:05:16.111  1884 13063 E ConnectivityPacketTracker.wlan0: 	at android.os.HandlerThread.run(HandlerThread.java:65)
12-08 16:05:16.111  1884 13074 E DhcpClient: Read error
12-08 16:05:16.111  1884 13074 E DhcpClient: android.system.ErrnoException: read failed: ENETDOWN (Network is down)
12-08 16:05:16.111  1884 13074 E DhcpClient: 	at libcore.io.Linux.readBytes(Native Method)
12-08 16:05:16.111  1884 13074 E DhcpClient: 	at libcore.io.Linux.read(Linux.java:184)
12-08 16:05:16.111  1884 13074 E DhcpClient: 	at libcore.io.BlockGuardOs.read(BlockGuardOs.java:254)
12-08 16:05:16.111  1884 13074 E DhcpClient: 	at android.system.Os.read(Os.java:414)
12-08 16:05:16.111  1884 13074 E DhcpClient: 	at android.net.dhcp.DhcpClient$ReceiveThread.run(DhcpClient.java:364)
12-08 16:05:16.267  1628  1628 E android.hardware.wifi@1.0-service: Failed to open directory: Permission denied
12-08 16:05:16.267  1628  1628 E android.hardware.wifi@1.0-service: Error occurred while deleting old tombstone files
12-08 16:05:16.267  1628  1628 E android.hardware.wifi@1.0-service: Error writing files to flash
12-08 16:05:16.489  1884  1967 E SupplicantStaIfaceHal: Can't call setPowerSave, ISupplicantStaIface is null
12-08 16:05:16.490  1884  1967 E SupplicantStaIfaceHal: Can't call setBtCoexistenceMode, ISupplicantStaIface is null
12-08 16:05:16.512  1884  1967 E HalDevMgr: Should have at least 1 chip!
12-08 16:05:16.519  1884  1967 E HalDevMgr: dispatchAvailableForRequestListeners: no chip info found
12-08 16:05:16.596  1884  1967 E SupplicantStaIfaceHal: Can't call listNetworks, ISupplicantStaIface is null
12-08 16:05:16.596  1884  1967 E SupplicantStaIfaceHal: removeAllNetworks failed, got null networks
12-08 16:05:16.596  1884  1967 E WifiStateMachine: Failed to remove networks on exiting connect mode
12-08 16:05:16.597  1884  1969 E WifiP2pService: Unhandled message { when=-1ms what=131204 target=com.android.internal.util.StateMachine$SmHandler }
12-08 16:05:16.618  2439 13088 E WakeLock: GCM_HB_ALARM release without a matched acquire!
12-08 16:05:16.625  2439 13088 E GCM     : Connection closed with errorCode 20
12-08 16:05:16.672  1884  1968 E WificondControl: No valid wificond scanner interface handler
12-08 16:05:16.676  2439 13088 E WakeLock: GCM_CONN_ALARM release without a matched acquire!
12-08 16:05:16.680  1884  1902 E BatteryExternalStatsWorker: no controller energy info supplied for wifi
12-08 16:05:16.748  1884  1897 E memtrack: Couldn't load memtrack module
12-08 16:05:17.187  1628  1628 E android.hardware.wifi@1.0-service: Failed to register radio mode change callback
12-08 16:05:17.188  1628  1628 E android.hardware.wifi@1.0-service: Failed to set DFS flag; DFS channels may be unavailable.
12-08 16:05:17.300  1740  1740 E wificond: No Offload Service available
12-08 16:05:17.319  1884  1967 E SupplicantStaIfaceHal: Can't call setupIface, ISupplicantStaIface is null
12-08 16:05:17.551  1884  1968 E WifiVendorHal: getBgScanCapabilities(l.671) failed {.code = ERROR_NOT_SUPPORTED, .description = }
12-08 16:05:17.709  1884  1969 E WifiP2pService: Unhandled message { when=-2ms what=131203 target=com.android.internal.util.StateMachine$SmHandler }
12-08 16:05:17.759  1884  1969 E WifiP2pService: Unhandled message { when=-1ms what=131203 target=com.android.internal.util.StateMachine$SmHandler }
12-08 16:05:17.947  1884  1902 E BatteryExternalStatsWorker: no controller energy info supplied for wifi
12-08 16:05:18.021  1884  1902 E BatteryExternalStatsWorker: no controller energy info supplied for wifi
12-08 16:05:18.263 13236 13236 E wpa_supplicant: nl80211: Failed to open /proc/sys/net/ipv4/conf/p2p-dev-wlan0/drop_unicast_in_l2_multicast: No such file or directory
12-08 16:05:18.270 13236 13236 E wpa_supplicant: nl80211: Failed to set IPv4 unicast in multicast filter
12-08 16:05:18.270 13236 13236 E wpa_supplicant: nl80211: Failed to open /proc/sys/net/ipv4/conf/p2p-dev-wlan0/drop_unicast_in_l2_multicast: No such file or directory
12-08 16:05:18.270 13236 13236 E wpa_supplicant: nl80211: Failed to set IPv4 unicast in multicast filter
12-08 16:05:18.355 13236 13236 E wpa_supplicant: nl80211: Failed to open /proc/sys/net/ipv4/conf/wlan0/drop_unicast_in_l2_multicast: No such file or directory
12-08 16:05:18.355 13236 13236 E wpa_supplicant: nl80211: Failed to set IPv4 unicast in multicast filter
12-08 16:05:18.452 13236 13236 E wpa_supplicant: nl80211: Failed to open /proc/sys/net/ipv4/conf/wlan0/drop_unicast_in_l2_multicast: No such file or directory
12-08 16:05:18.452 13236 13236 E wpa_supplicant: nl80211: Failed to set IPv4 unicast in multicast filter
12-08 16:05:18.738  1628  1628 E android.hardware.wifi@1.0-service: Failed to open directory: Permission denied
12-08 16:05:18.739  1628  1628 E android.hardware.wifi@1.0-service: Error occurred while deleting old tombstone files
12-08 16:05:18.739  1628  1628 E android.hardware.wifi@1.0-service: Error writing files to flash
12-08 16:05:18.957  1884  1967 E SupplicantStaIfaceHal: Can't call setPowerSave, ISupplicantStaIface is null
12-08 16:05:18.958  1884  1967 E SupplicantStaIfaceHal: Can't call setBtCoexistenceMode, ISupplicantStaIface is null
12-08 16:05:18.978  1884  1967 E HalDevMgr: Should have at least 1 chip!
12-08 16:05:18.978  1884  1967 E HalDevMgr: dispatchAvailableForRequestListeners: no chip info found
12-08 16:05:19.014  1884  1967 E SupplicantStaIfaceHal: Can't call listNetworks, ISupplicantStaIface is null
12-08 16:05:19.014  1884  1967 E SupplicantStaIfaceHal: removeAllNetworks failed, got null networks
12-08 16:05:19.014  1884  1967 E WifiStateMachine: Failed to remove networks on exiting connect mode
12-08 16:05:19.020  1884  1969 E WifiP2pService: Unhandled message { when=-5ms what=131204 target=com.android.internal.util.StateMachine$SmHandler }
12-08 16:05:19.043  1884  1968 E WificondControl: No valid wificond scanner interface handler
12-08 16:05:19.049  1884  1902 E BatteryExternalStatsWorker: no controller energy info supplied for wifi
12-08 16:05:19.056  1884  1902 E BatteryExternalStatsWorker: no controller energy info supplied for wifi
12-08 16:05:21.206  1628  1628 E android.hardware.wifi@1.0-service: Failed to register radio mode change callback
12-08 16:05:21.207  1628  1628 E android.hardware.wifi@1.0-service: Failed to set DFS flag; DFS channels may be unavailable.
12-08 16:05:21.272  1740  1740 E wificond: No Offload Service available
12-08 16:05:21.274  1884  1967 E SupplicantStaIfaceHal: Can't call setupIface, ISupplicantStaIface is null
12-08 16:05:21.384  1884  1968 E WifiVendorHal: getBgScanCapabilities(l.671) failed {.code = ERROR_NOT_SUPPORTED, .description = }
12-08 16:05:21.471  1884  1969 E WifiP2pService: Unhandled message { when=-1ms what=131203 target=com.android.internal.util.StateMachine$SmHandler }
12-08 16:05:21.519  1884  1969 E WifiP2pService: Unhandled message { when=-2ms what=131203 target=com.android.internal.util.StateMachine$SmHandler }
12-08 16:05:21.634  1884  1902 E BatteryExternalStatsWorker: no controller energy info supplied for wifi
12-08 16:05:21.687  1884  1902 E BatteryExternalStatsWorker: no controller energy info supplied for wifi
12-08 16:05:25.528  1884  1902 E BatteryExternalStatsWorker: no controller energy info supplied for wifi
12-08 16:05:25.611  1884  1967 E WifiVendorHal: stopRssiMonitoring(l.2404) failed {.code = ERROR_NOT_AVAILABLE, .description = }
12-08 16:05:26.018  2439 13281 E WakeLock: GCM_CONN_ALARM release without a matched acquire!
