--------- beginning of main
12-08 10:49:30.036  1881  2406 E memtrack: Couldn't load memtrack module
12-08 10:49:30.160  1881  2406 E memtrack: Couldn't load memtrack module
12-08 10:49:30.268  1881  2406 E memtrack: Couldn't load memtrack module
--------- beginning of system
12-08 10:49:33.060  1881  2406 E memtrack: Couldn't load memtrack module
12-08 10:49:35.527  1881  2406 E memtrack: Couldn't load memtrack module
12-08 10:49:35.683  1881  2406 E memtrack: Couldn't load memtrack module
12-08 10:49:38.275  1881  2406 E memtrack: Couldn't load memtrack module
12-08 10:49:40.755  1881  2406 E memtrack: Couldn't load memtrack module
12-08 10:49:43.477  1881  2406 E memtrack: Couldn't load memtrack module
12-08 10:49:43.528  1881  2406 E memtrack: Couldn't load memtrack module
12-08 10:49:43.537  2448 15502 E ctxmgr  : [ProducerStatusImpl]updateStateForNewContextData: inactive, contextName=7
12-08 10:49:43.539  1881  2406 E memtrack: Couldn't load memtrack module
12-08 10:49:43.571  1881  2406 E memtrack: Couldn't load memtrack module
12-08 10:49:43.573  1881  2406 E memtrack: Couldn't load memtrack module
12-08 10:49:43.596  1881  2406 E memtrack: Couldn't load memtrack module
12-08 10:49:43.606  1881  2406 E memtrack: Couldn't load memtrack module
12-08 10:49:43.617  1881  2406 E memtrack: Couldn't load memtrack module
12-08 10:49:43.622  1881  2406 E memtrack: Couldn't load memtrack module
12-08 10:49:43.633  1881  2406 E memtrack: Couldn't load memtrack module
12-08 10:49:43.655  1881  2406 E memtrack: Couldn't load memtrack module
12-08 10:49:43.664  1881  2406 E memtrack: Couldn't load memtrack module
12-08 10:49:43.673  1881  2406 E memtrack: Couldn't load memtrack module
12-08 10:49:43.687  1881  2406 E memtrack: Couldn't load memtrack module
12-08 10:49:43.709  1881  2406 E memtrack: Couldn't load memtrack module
12-08 10:49:43.716  1881  2406 E memtrack: Couldn't load memtrack module
12-08 10:49:43.736  1881  2406 E memtrack: Couldn't load memtrack module
12-08 10:49:43.747  1881  2406 E memtrack: Couldn't load memtrack module
12-08 10:49:43.763  1881  2406 E memtrack: Couldn't load memtrack module
12-08 10:49:43.774  1881  2406 E memtrack: Couldn't load memtrack module
12-08 10:49:43.789  1881  2406 E memtrack: Couldn't load memtrack module
12-08 10:49:45.984  1881  2406 E memtrack: Couldn't load memtrack module
12-08 10:49:45.994  1881  2406 E memtrack: Couldn't load memtrack module
12-08 10:49:46.009  1881  2406 E memtrack: Couldn't load memtrack module
12-08 10:49:46.020  1881  2406 E memtrack: Couldn't load memtrack module
12-08 10:49:46.027  1881  2406 E memtrack: Couldn't load memtrack module
12-08 10:49:46.034  1881  2406 E memtrack: Couldn't load memtrack module
12-08 10:49:46.044  1881  2406 E memtrack: Couldn't load memtrack module
12-08 10:49:46.050  1881  2406 E memtrack: Couldn't load memtrack module
12-08 10:49:46.056  1881  2406 E memtrack: Couldn't load memtrack module
12-08 10:49:46.067  2448  2448 E BeaconBle: Missing BluetoothAdapter
12-08 10:49:46.099  1881  2406 E memtrack: Couldn't load memtrack module
12-08 10:49:46.106  1881  2406 E memtrack: Couldn't load memtrack module
12-08 10:49:46.117  1881  2406 E memtrack: Couldn't load memtrack module
12-08 10:49:46.123  1881  2406 E memtrack: Couldn't load memtrack module
12-08 10:49:46.127  1881  2406 E memtrack: Couldn't load memtrack module
12-08 10:49:46.159  1881  2406 E memtrack: Couldn't load memtrack module
12-08 10:49:46.195  2448  2448 E BeaconBle: Scan couldn't start for Places
12-08 10:49:46.244  1881  2406 E memtrack: Couldn't load memtrack module
12-08 10:49:46.265  1881  2406 E memtrack: Couldn't load memtrack module
12-08 10:49:46.283  1881  2406 E memtrack: Couldn't load memtrack module
12-08 10:49:46.290  1881  2406 E memtrack: Couldn't load memtrack module
12-08 10:49:46.300  1881  2406 E memtrack: Couldn't load memtrack module
12-08 10:49:46.311  1881  2406 E memtrack: Couldn't load memtrack module
12-08 10:49:46.327  1881  2406 E memtrack: Couldn't load memtrack module
12-08 10:49:48.708  1881  2406 E memtrack: Couldn't load memtrack module
12-08 10:49:48.730  1881  2406 E memtrack: Couldn't load memtrack module
12-08 10:49:48.758  1881  2406 E memtrack: Couldn't load memtrack module
12-08 10:49:48.775  1881  2406 E memtrack: Couldn't load memtrack module
12-08 10:49:48.789  1881  2406 E memtrack: Couldn't load memtrack module
12-08 10:49:48.800  1881  2406 E memtrack: Couldn't load memtrack module
12-08 10:49:48.809  1881  2406 E memtrack: Couldn't load memtrack module
12-08 10:49:48.838  1881  2406 E memtrack: Couldn't load memtrack module
12-08 10:49:48.855  1881  2406 E memtrack: Couldn't load memtrack module
12-08 10:49:48.864  1881  2406 E memtrack: Couldn't load memtrack module
12-08 10:49:48.867  1881  2406 E memtrack: Couldn't load memtrack module
12-08 10:49:48.876  1881  2406 E memtrack: Couldn't load memtrack module
12-08 10:49:48.895  1881  2406 E memtrack: Couldn't load memtrack module
12-08 10:49:48.900  1881  2406 E memtrack: Couldn't load memtrack module
12-08 10:49:48.903  1881  2406 E memtrack: Couldn't load memtrack module
12-08 10:49:48.912  1881  2406 E memtrack: Couldn't load memtrack module
12-08 10:49:48.917  1881  2406 E memtrack: Couldn't load memtrack module
12-08 10:49:48.922  1881  2406 E memtrack: Couldn't load memtrack module
12-08 10:49:48.928  1881  2406 E memtrack: Couldn't load memtrack module
12-08 10:49:48.935  1881  2406 E memtrack: Couldn't load memtrack module
12-08 10:49:48.939  1881  2406 E memtrack: Couldn't load memtrack module
12-08 10:49:49.023  1881  2406 E memtrack: Couldn't load memtrack module
12-08 10:49:49.027  1881  2406 E memtrack: Couldn't load memtrack module
12-08 10:49:49.030  1881  2406 E memtrack: Couldn't load memtrack module
12-08 10:49:49.038  1881  2406 E memtrack: Couldn't load memtrack module
12-08 10:49:49.042  1881  2406 E memtrack: Couldn't load memtrack module
12-08 10:49:49.050  1881  2406 E memtrack: Couldn't load memtrack module
12-08 10:49:56.587  1828  1828 E netmgr  : Failed to open QEMU pipe 'qemud:network': Invalid argument
12-08 10:49:56.589  1828  1828 E netmgr  : WifiForwarder unable to open QEMU pipe: Invalid argument
12-08 10:50:12.694  1738  1772 E storaged: getDiskStats failed with result NOT_SUPPORTED and size 0
12-08 10:50:13.043  1730  1730 E         : Couldn't opendir /data/app/vmdl1573167760.tmp: No such file or directory
12-08 10:50:13.044  1730  1730 E installd: Failed to delete /data/app/vmdl1573167760.tmp: No such file or directory
12-08 10:50:26.202  2475 15778 E ChromeSync: [Sync,SyncIntentOperation] Error handling the intent: Intent { act=android.intent.action.PACKAGE_ADDED dat=package:com.evancharlton.mileage flg=0x4000010 cmp=com.google.android.gms/.chimera.GmsIntentOperationService (has extras) }.
12-08 10:50:33.999 15799 15799 E harlton.mileag: Not starting debugger since process cannot load the jdwp agent.
12-08 10:50:44.539  1881  1894 E memtrack: Couldn't load memtrack module
12-08 10:50:50.031  1881  1896 E AutofillSession: No assist structure - app might have crashed providing it
12-08 10:50:54.814  1611  1695 E audio_hw_generic: pcm_write failed cannot write stream data: I/O error
12-08 10:50:54.840  1881  1894 E memtrack: Couldn't load memtrack module
12-08 10:50:57.548  1828  1828 E netmgr  : Failed to open QEMU pipe 'qemud:network': Invalid argument
12-08 10:50:57.548  1828  1828 E netmgr  : WifiForwarder unable to open QEMU pipe: Invalid argument
12-08 10:51:05.356  1611  1695 E audio_hw_generic: pcm_write failed cannot write stream data: I/O error
12-08 10:51:05.387  1881  1895 E system_server: libdebuggerd_client: received packet of unexpected length from tombstoned: expected 128, received -1
12-08 10:51:05.562 15822 15822 E DEBUG   : failed to readlink /proc/13274/fd/35: No such file or directory
12-08 10:51:08.084  1881  1895 E system_server: libdebuggerd_client: received packet of unexpected length from tombstoned: expected 128, received -1
12-08 10:51:08.084  1881  1895 E ActivityManager: Aborting stack trace dump (current firstPid=13274); deadline exceeded.
12-08 10:51:08.158  1881  1895 E ActivityManager: ANR in com.evancharlton.mileage (com.evancharlton.mileage/.Mileage)
12-08 10:51:08.158  1881  1895 E ActivityManager: PID: 15799
12-08 10:51:08.158  1881  1895 E ActivityManager: Reason: Input dispatching timed out (Waiting because no window has focus but there is a focused application that may eventually add a window when it finishes starting up.)
12-08 10:51:08.158  1881  1895 E ActivityManager: Load: 4.45 / 4.0 / 3.79
12-08 10:51:08.158  1881  1895 E ActivityManager: CPU usage from 0ms to 28806ms later (2018-12-08 10:50:39.278 to 2018-12-08 10:51:08.084):
12-08 10:51:08.158  1881  1895 E ActivityManager:   43% 1725/surfaceflinger: 18% user + 24% kernel / faults: 36 minor 1 major
12-08 10:51:08.158  1881  1895 E ActivityManager:   41% 1881/system_server: 19% user + 21% kernel / faults: 4111 minor 229 major
12-08 10:51:08.158  1881  1895 E ActivityManager:   35% 15799/com.evancharlton.mileage: 16% user + 19% kernel / faults: 15924 minor 164 major
12-08 10:51:08.158  1881  1895 E ActivityManager:   34% 2692/com.google.android.googlequicksearchbox:search: 16% user + 18% kernel / faults: 13787 minor 223 major
12-08 10:51:08.158  1881  1895 E ActivityManager:   26% 645/kswapd0: 0% user + 26% kernel
12-08 10:51:08.158  1881  1895 E ActivityManager:   24% 2314/adbd: 1.3% user + 23% kernel / faults: 68619 minor
12-08 10:51:08.158  1881  1895 E ActivityManager:   3.3% 1992/com.google.android.inputmethod.latin: 1.4% user + 1.8% kernel / faults: 2481 minor 98 major
12-08 10:51:08.158  1881  1895 E ActivityManager:   8.8% 1611/android.hardware.audio@2.0-service: 2.5% user + 6.2% kernel / faults: 1 major
12-08 10:51:08.158  1881  1895 E ActivityManager:   8.7% 1704/kworker/u9:4: 0% user + 8.7% kernel
12-08 10:51:08.158  1881  1895 E ActivityManager:   7.7% 15085/kworker/u8:6: 0% user + 7.7% kernel
12-08 10:51:08.158  1881  1895 E ActivityManager:   7.6% 15368/kworker/u8:4: 0% user + 7.6% kernel
12-08 10:51:08.158  1881  1895 E ActivityManager:   1.3% 2448/com.google.android.gms.persistent: 0.2% user + 1% kernel / faults: 427 minor 115 major
12-08 10:51:08.158  1881  1895 E ActivityManager:   0.8% 2508/kworker/u9:3: 0% user + 0.8% kernel
12-08 10:51:08.158  1881  1895 E ActivityManager:   0.7% 2004/com.android.systemui: 0.3% user + 0.4% kernel / faults: 108 minor 35 major
12-08 10:51:08.158  1881  1895 E ActivityManager:   0.5% 1747/android.hardware.graphics.composer@2.1-service: 0% user + 0.5% kernel / faults: 35 minor
12-08 10:51:08.158  1881  1895 E ActivityManager:   0.5% 13274/com.android.phone: 0% user + 0.5% kernel / faults: 1138 minor 8 major
12-08 10:51:08.158  1881  1895 E ActivityManager:   0.5% 5249/kworker/u9:2: 0% user + 0.5% kernel
12-08 10:51:08.158  1881  1895 E ActivityManager:   0.4% 1629/audioserver: 0% user + 0.4% kernel / faults: 1 minor 5 major
12-08 10:51:08.158  1881  1895 E ActivityManager:   0.3% 9451/kworker/u9:0: 0% user + 0.3% kernel
12-08 10:51:08.158  1881  1895 E ActivityManager:   0.3% 15771/com.android.commands.monkey: 0.3% user + 0% kernel / faults: 154 minor 17 major
12-08 10:51:08.158  1881  1895 E ActivityManager:   0.3% 2475/com.google.android.gms: 0% user + 0.3% kernel / faults: 1687 minor
12-08 10:51:08.158  1881  1895 E ActivityManager:   0.2% 1553/logd: 0.1% user + 0.1% kernel
12-08 10:51:08.158  1881  1895 E ActivityManager:   0.2% 1625/android.hardware.sensors@1.0-service: 0.2% user + 0% kernel
12-08 10:51:08.158  1881  1895 E ActivityManager:   0% 2376/com.android.se: 0% user + 0% kernel / faults: 571 minor 8 major
12-08 10:51:08.158  1881  1895 E ActivityManager:   0.2% 15251/kworker/u8:0: 0% user + 0.2% kernel
12-08 10:51:08.158  1881  1895 E ActivityManager:   0.1% 15677/kworker/u8:2: 0% user + 0.1% kernel
12-08 10:51:08.158  1881  1895 E ActivityManager:   0.1% 2330/logcat: 0% user + 0.1% kernel
12-08 10:51:08.158  1881  1895 E ActivityManager:   0.1% 15127/kworker/0:0: 0% user + 0.1% kernel
12-08 10:51:08.158  1881  1895 E ActivityManager:   0% 3/ksoftirqd/0: 0% user + 0% kernel
12-08 10:51:08.158  1881  1895 E ActivityManager:   0% 1621/android.hardware.graphics.allocator@2.0-service: 0% user + 0% kernel / faults: 21 minor
12-08 10:51:08.158  1881  1895 E ActivityManager:   0% 1672/dmcrypt_write: 0% user + 0% kernel
12-08 10:51:08.158  1881  1895 E ActivityManager:   0% 29746/com.google.android.apps.nexuslauncher: 0% user + 0% kernel / faults: 76 minor 18 major
12-08 10:51:08.158  1881  1895 E ActivityManager:   0% 7/rcu_preempt: 0% user + 0% kernel
12-08 10:51:08.158  1881  1895 E ActivityManager:   0% 21/ksoftirqd/3: 0% user + 0% kernel
12-08 10:51:08.158  1881  1895 E ActivityManager:   0% 1554/servicemanager: 0% user + 0% kernel
12-08 10:51:08.158  1881  1895 E ActivityManager:   0% 1620/android.hardware.gnss@1.0-service: 0% user + 0% kernel
12-08 10:51:08.158  1881  1895 E ActivityManager:   0% 1718/jbd2/dm-1-8: 0% user + 0% kernel
12-08 10:51:08.158  1881  1895 E ActivityManager:   0% 1744/tombstoned: 0% user + 0% kernel
12-08 10:51:08.158  1881  1895 E ActivityManager:   0% 2494/com.android.vending: 0% user + 0% kernel / faults: 10 minor 2 major
12-08 10:51:08.158  1881  1895 E ActivityManager:   0% 12657/kworker/2:2: 0% user + 0% kernel
12-08 10:51:08.158  1881  1895 E ActivityManager:  +0% 15821/crash_dump32: 0% user + 0% kernel
12-08 10:51:08.158  1881  1895 E ActivityManager:  +0% 15822/crash_dump32: 0% user + 0% kernel
12-08 10:51:08.158  1881  1895 E ActivityManager: 29% TOTAL: 8.1% user + 14% kernel + 5.9% iowait + 0.8% softirq
12-08 10:51:08.158  1881  1895 E ActivityManager: CPU usage from 76ms to 5100ms later (2018-12-08 10:50:39.358 to 2018-12-08 10:50:44.379):
12-08 10:51:08.158  1881  1895 E ActivityManager:   184% 1725/surfaceflinger: 78% user + 105% kernel / faults: 3 minor 1 major
12-08 10:51:08.158  1881  1895 E ActivityManager:     92% 1725/surfaceflinger: 36% user + 56% kernel
12-08 10:51:08.158  1881  1895 E ActivityManager:     91% 1991/Binder:1725_5: 34% user + 56% kernel
12-08 10:51:08.158  1881  1895 E ActivityManager:     0.2% 1798/Binder:1725_2: 0.2% user + 0% kernel
12-08 10:51:08.158  1881  1895 E ActivityManager:     0.2% 1800/appEventThread: 0.2% user + 0% kernel
12-08 10:51:08.158  1881  1895 E ActivityManager:     0.2% 1801/sfEventThread: 0% user + 0.2% kernel
12-08 10:51:08.158  1881  1895 E ActivityManager:     0.2% 1861/Binder:1725_3: 0% user + 0.2% kernel
12-08 10:51:08.158  1881  1895 E ActivityManager:   11% 1881/system_server: 8.3% user + 3.5% kernel / faults: 553 minor 15 major
12-08 10:51:08.158  1881  1895 E ActivityManager:     5.9% 1895/ActivityManager: 5.9% user + 0% kernel
12-08 10:51:08.158  1881  1895 E ActivityManager:     1.5% 1953/InputDispatcher: 0.3% user + 1.1% kernel
12-08 10:51:08.158  1881  1895 E ActivityManager:     1.5% 3035/RenderThread: 0% user + 1.5% kernel
12-08 10:51:08.158  1881  1895 E ActivityManager:     0.7% 1934/android.anim: 0.7% user + 0% kernel
12-08 10:51:08.158  1881  1895 E ActivityManager:     0.3% 1894/android.bg: 0% user + 0.3% kernel
12-08 10:51:08.158  1881  1895 E ActivityManager:     0.3% 1905/PowerManagerSer: 0% user + 0.3% kernel
12-08 10:51:08.158  1881  1895 E ActivityManager:     0.3% 1935/android.anim.lf: 0.3% user + 0% kernel
12-08 10:51:08.158  1881  1895 E ActivityManager:  
12-08 10:51:10.662 13274 13274 E libbacktrace: void SignalHandler(int, siginfo_t *, void *): Timed out waiting for unwind thread to indicate it completed.
12-08 10:51:10.702 13274 13281 E libbacktrace: bool BacktraceCurrent::UnwindThread(size_t): Timed out waiting for signal handler to get ucontext data.
12-08 10:51:10.737  1744  1744 E /system/bin/tombstoned: Traces for pid 13274 written to: /data/anr/trace_09
12-08 10:51:10.950  1744  1744 E /system/bin/tombstoned: Tombstone written to: /data/tombstones/tombstone_00
12-08 10:51:13.375  1738  1772 E storaged: getDiskStats failed with result NOT_SUPPORTED and size 0
12-08 10:51:13.507  1881  4492 E memtrack: Couldn't load memtrack module
12-08 10:51:13.599  1881  4492 E memtrack: Couldn't load memtrack module
12-08 10:51:13.663  1881  4492 E memtrack: Couldn't load memtrack module
12-08 10:51:15.776  1611  1695 E audio_hw_generic: pcm_write failed cannot write stream data: I/O error
12-08 10:51:15.873  1881  4492 E memtrack: Couldn't load memtrack module
12-08 10:51:15.961  1881  4492 E memtrack: Couldn't load memtrack module
12-08 10:51:16.045  1881  4492 E memtrack: Couldn't load memtrack module
12-08 10:51:16.133  1881  4492 E memtrack: Couldn't load memtrack module
12-08 10:51:18.489  1881  4492 E memtrack: Couldn't load memtrack module
12-08 10:51:18.563  1881  4492 E memtrack: Couldn't load memtrack module
12-08 10:51:18.625  1881  4492 E memtrack: Couldn't load memtrack module
12-08 10:51:18.687  1881  4492 E memtrack: Couldn't load memtrack module
12-08 10:51:18.748  1881  4492 E memtrack: Couldn't load memtrack module
12-08 10:51:18.813  1881  4492 E memtrack: Couldn't load memtrack module
12-08 10:51:21.045  1881  4492 E memtrack: Couldn't load memtrack module
12-08 10:51:21.122  1881  4492 E memtrack: Couldn't load memtrack module
12-08 10:51:21.186  1881  4492 E memtrack: Couldn't load memtrack module
12-08 10:51:21.255  1881  4492 E memtrack: Couldn't load memtrack module
12-08 10:51:21.324  1881  4492 E memtrack: Couldn't load memtrack module
12-08 10:51:23.694  1881  4492 E memtrack: Couldn't load memtrack module
12-08 10:51:23.764  1881  4492 E memtrack: Couldn't load memtrack module
12-08 10:51:23.830  1881  4492 E memtrack: Couldn't load memtrack module
12-08 10:51:23.909  1881  4492 E memtrack: Couldn't load memtrack module
