--------- beginning of system
12-08 10:30:02.346  1881  1993 E WindowManager: Performed 6 layouts in a row. Skipping
--------- beginning of main
12-08 10:30:02.375  1881  1934 E WindowManager: Performed 6 layouts in a row. Skipping
12-08 10:30:02.439  1881  1934 E WindowManager: Performed 6 layouts in a row. Skipping
12-08 10:30:02.475  1881  1896 E WindowManager: Performed 6 layouts in a row. Skipping
12-08 10:30:02.524  1881  1934 E WindowManager: Performed 6 layouts in a row. Skipping
12-08 10:30:02.552  1881  1993 E WindowManager: Performed 6 layouts in a row. Skipping
12-08 10:30:02.597  1881  1934 E WindowManager: Performed 6 layouts in a row. Skipping
12-08 10:30:02.731  1881  1934 E WindowManager: Performed 6 layouts in a row. Skipping
12-08 10:30:04.532  1881  1895 E ActivityManager: Failure starting process com.evancharlton.mileage
12-08 10:30:04.532  1881  1895 E ActivityManager: java.lang.SecurityException: Package com.evancharlton.mileage is currently frozen!
12-08 10:30:04.532  1881  1895 E ActivityManager: 	at com.android.server.pm.PackageManagerService.checkPackageStartable(PackageManagerService.java:4000)
12-08 10:30:04.532  1881  1895 E ActivityManager: 	at com.android.server.am.ActivityManagerService.startProcessLocked(ActivityManagerService.java:4234)
12-08 10:30:04.532  1881  1895 E ActivityManager: 	at com.android.server.am.ActivityManagerService.startProcessLocked(ActivityManagerService.java:4199)
12-08 10:30:04.532  1881  1895 E ActivityManager: 	at com.android.server.am.ActivityManagerService.startProcessLocked(ActivityManagerService.java:4181)
12-08 10:30:04.532  1881  1895 E ActivityManager: 	at com.android.server.am.ActivityManagerService.startProcessLocked(ActivityManagerService.java:4067)
12-08 10:30:04.532  1881  1895 E ActivityManager: 	at com.android.server.am.ActivityStackSupervisor.startSpecificActivityLocked(ActivityStackSupervisor.java:1715)
12-08 10:30:04.532  1881  1895 E ActivityManager: 	at com.android.server.am.ActivityStack.resumeTopActivityInnerLocked(ActivityStack.java:2764)
12-08 10:30:04.532  1881  1895 E ActivityManager: 	at com.android.server.am.ActivityStack.resumeTopActivityUncheckedLocked(ActivityStack.java:2302)
12-08 10:30:04.532  1881  1895 E ActivityManager: 	at com.android.server.am.ActivityStackSupervisor.resumeFocusedStackTopActivityLocked(ActivityStackSupervisor.java:2234)
12-08 10:30:04.532  1881  1895 E ActivityManager: 	at com.android.server.am.ActivityStackSupervisor.resumeFocusedStackTopActivityLocked(ActivityStackSupervisor.java:2218)
12-08 10:30:04.532  1881  1895 E ActivityManager: 	at com.android.server.am.ActivityManagerService.handleAppDiedLocked(ActivityManagerService.java:5923)
12-08 10:30:04.532  1881  1895 E ActivityManager: 	at com.android.server.am.ActivityManagerService.removeProcessLocked(ActivityManagerService.java:7501)
12-08 10:30:04.532  1881  1895 E ActivityManager: 	at com.android.server.am.ActivityManagerService.killPackageProcessesLocked(ActivityManagerService.java:7142)
12-08 10:30:04.532  1881  1895 E ActivityManager: 	at com.android.server.am.ActivityManagerService.forceStopPackageLocked(ActivityManagerService.java:7275)
12-08 10:30:04.532  1881  1895 E ActivityManager: 	at com.android.server.am.ActivityManagerService$MainHandler.handleMessage(ActivityManagerService.java:2289)
12-08 10:30:04.532  1881  1895 E ActivityManager: 	at android.os.Handler.dispatchMessage(Handler.java:106)
12-08 10:30:04.532  1881  1895 E ActivityManager: 	at android.os.Looper.loop(Looper.java:193)
12-08 10:30:04.532  1881  1895 E ActivityManager: 	at android.os.HandlerThread.run(HandlerThread.java:65)
12-08 10:30:04.532  1881  1895 E ActivityManager: 	at com.android.server.ServiceThread.run(ServiceThread.java:44)
12-08 10:30:05.393 26657 26657 E oid.documentsu: Not starting debugger since process cannot load the jdwp agent.
12-08 10:30:05.434 26672 26672 E ndroid.keychai: Not starting debugger since process cannot load the jdwp agent.
12-08 10:30:08.291  1730  1755 E         : Couldn't opendir /data/app/vmdl856358784.tmp: No such file or directory
12-08 10:30:08.292  1730  1755 E installd: Failed to delete /data/app/vmdl856358784.tmp: No such file or directory
12-08 10:30:09.196  2475 26691 E ChromeSync: [Sync,SyncIntentOperation] Error handling the intent: Intent { act=android.intent.action.PACKAGE_ADDED dat=package:com.evancharlton.mileage flg=0x4000010 cmp=com.google.android.gms/.chimera.GmsIntentOperationService (has extras) }.
12-08 10:30:10.168  1611 26746 E audio_hw_generic: pcm_open(in) failed: cannot open device '/dev/snd/pcmC0D0c': Device or resource busy: channels 2 format 0 rate 16000
12-08 10:30:10.764 26749 26749 E harlton.mileag: Not starting debugger since process cannot load the jdwp agent.
12-08 10:30:12.358  1992 20735 E putmethod.lati: Invalid ID 0x00000001.
12-08 10:30:12.373  1992 20735 E LstmTrainingCache: emn: Can't get resource name for input slot
12-08 10:30:12.373  1992 20735 E LstmTrainingCache: android.content.res.Resources$NotFoundException: Unable to find resource ID #0x1
12-08 10:30:12.373  1992 20735 E LstmTrainingCache: 	at android.content.res.ResourcesImpl.getResourceName(ResourcesImpl.java:255)
12-08 10:30:12.373  1992 20735 E LstmTrainingCache: 	at android.content.res.Resources.getResourceName(Resources.java:1954)
12-08 10:30:12.373  1992 20735 E LstmTrainingCache: 	at emn.a(PG:12)
12-08 10:30:12.373  1992 20735 E LstmTrainingCache: 	at emk.run(PG:5)
12-08 10:30:12.373  1992 20735 E LstmTrainingCache: 	at java.lang.Thread.run(Thread.java:764)
12-08 10:30:23.352  2463 13743 E s.nexuslaunche: Failed to open APK '/data/app/com.evancharlton.mileage-YMmJCt7wqz7VTOElocoj0Q==/base.apk' I/O error
12-08 10:30:23.378  2463 13743 E ResourcesManager: failed to add asset path /data/app/com.evancharlton.mileage-YMmJCt7wqz7VTOElocoj0Q==/base.apk
12-08 10:30:24.435  2448 26306 E ctxmgr  : [ProducerStatusImpl]updateStateForNewContextData: inactive, contextName=7
12-08 10:30:24.489  2448 26306 E ctxmgr  : [ProducerStatusImpl]updateStateForNewContextData: inactive, contextName=1
12-08 10:30:24.833  2448  2448 E BeaconBle: Missing BluetoothAdapter
12-08 10:30:24.887  2448  2448 E BeaconBle: Scan couldn't start for Places
12-08 10:30:32.011  1611  1695 E audio_hw_generic: pcm_write failed cannot write stream data: I/O error
12-08 10:30:35.217 26795 26795 E oid.apps.photo: Not starting debugger since process cannot load the jdwp agent.
12-08 10:30:40.650  1881  4763 E WindowManager: Performed 6 layouts in a row. Skipping
12-08 10:30:40.677  1881  1934 E WindowManager: Performed 6 layouts in a row. Skipping
12-08 10:30:40.736  1881  1934 E WindowManager: Performed 6 layouts in a row. Skipping
12-08 10:30:40.756  1881  1896 E WindowManager: Performed 6 layouts in a row. Skipping
12-08 10:30:40.806  1881  1934 E WindowManager: Performed 6 layouts in a row. Skipping
12-08 10:30:40.856  1881  1934 E WindowManager: Performed 6 layouts in a row. Skipping
12-08 10:30:40.888  1881  4492 E WindowManager: Performed 6 layouts in a row. Skipping
12-08 10:30:40.940  1881  1934 E WindowManager: Performed 6 layouts in a row. Skipping
12-08 10:30:40.983  1881  1934 E WindowManager: Performed 6 layouts in a row. Skipping
12-08 10:30:41.017  1881  4492 E WindowManager: Performed 6 layouts in a row. Skipping
12-08 10:30:41.048  1881  1934 E WindowManager: Performed 6 layouts in a row. Skipping
12-08 10:30:41.151  1881  1934 E WindowManager: Performed 6 layouts in a row. Skipping
12-08 10:30:42.956  2692  2692 E ContextIntentStarter: No activity found for any of the 0 intents
12-08 10:30:43.213  1828  1828 E netmgr  : Failed to open QEMU pipe 'qemud:network': Invalid argument
12-08 10:30:43.213  1828  1828 E netmgr  : WifiForwarder unable to open QEMU pipe: Invalid argument
12-08 10:30:44.083  1881  4763 E WindowManager: Performed 6 layouts in a row. Skipping
12-08 10:30:44.151  1881  1934 E WindowManager: Performed 6 layouts in a row. Skipping
12-08 10:30:44.186  1881  1934 E WindowManager: Performed 6 layouts in a row. Skipping
12-08 10:30:44.218  1881  3619 E WindowManager: Performed 6 layouts in a row. Skipping
12-08 10:30:44.245  1881  1896 E WindowManager: Performed 6 layouts in a row. Skipping
12-08 10:30:44.285  1881  1934 E WindowManager: Performed 6 layouts in a row. Skipping
12-08 10:30:45.522  1738  1772 E storaged: getDiskStats failed with result NOT_SUPPORTED and size 0
12-08 10:30:48.629  1611 26848 E audio_hw_generic: pcm_open(in) failed: cannot open device '/dev/snd/pcmC0D0c': Device or resource busy: channels 2 format 0 rate 16000
12-08 10:31:43.214  1828  1828 E netmgr  : Failed to open QEMU pipe 'qemud:network': Invalid argument
12-08 10:31:43.214  1828  1828 E netmgr  : WifiForwarder unable to open QEMU pipe: Invalid argument
12-08 10:31:45.527  1738  1772 E storaged: getDiskStats failed with result NOT_SUPPORTED and size 0
12-08 10:32:13.297  2494  2716 E PlayCommon: [101] com.google.android.play.b.g.a(448): Failed to connect to server: java.net.UnknownHostException: Unable to resolve host "play.googleapis.com": No address associated with hostname
12-08 10:32:43.215  1828  1828 E netmgr  : Failed to open QEMU pipe 'qemud:network': Invalid argument
12-08 10:32:43.215  1828  1828 E netmgr  : WifiForwarder unable to open QEMU pipe: Invalid argument
12-08 10:32:45.529  1738  1772 E storaged: getDiskStats failed with result NOT_SUPPORTED and size 0
12-08 10:32:54.243  1881  4900 E WindowManager: Performed 6 layouts in a row. Skipping
12-08 10:32:54.272  1881  1934 E WindowManager: Performed 6 layouts in a row. Skipping
12-08 10:32:54.375  1881  1934 E WindowManager: Performed 6 layouts in a row. Skipping
12-08 10:32:54.400  1881  3619 E WindowManager: Performed 6 layouts in a row. Skipping
12-08 10:32:54.442  1881  1934 E WindowManager: Performed 6 layouts in a row. Skipping
12-08 10:32:54.476  1881  1934 E WindowManager: Performed 6 layouts in a row. Skipping
12-08 10:32:54.497  1881  1934 E WindowManager: Performed 6 layouts in a row. Skipping
12-08 10:32:54.559  1881  1934 E WindowManager: Performed 6 layouts in a row. Skipping
