--------- beginning of main
--------- beginning of system
12-08 23:35:23.184  1884  1898 E ActivityManager: Failure starting process com.evancharlton.mileage
12-08 23:35:23.184  1884  1898 E ActivityManager: java.lang.SecurityException: Package com.evancharlton.mileage was not found!
12-08 23:35:23.184  1884  1898 E ActivityManager: 	at com.android.server.pm.PackageManagerService.checkPackageStartable(PackageManagerService.java:3987)
12-08 23:35:23.184  1884  1898 E ActivityManager: 	at com.android.server.am.ActivityManagerService.startProcessLocked(ActivityManagerService.java:4234)
12-08 23:35:23.184  1884  1898 E ActivityManager: 	at com.android.server.am.ActivityManagerService.startProcessLocked(ActivityManagerService.java:4199)
12-08 23:35:23.184  1884  1898 E ActivityManager: 	at com.android.server.am.ActivityManagerService.startProcessLocked(ActivityManagerService.java:4181)
12-08 23:35:23.184  1884  1898 E ActivityManager: 	at com.android.server.am.ActivityManagerService.startProcessLocked(ActivityManagerService.java:4067)
12-08 23:35:23.184  1884  1898 E ActivityManager: 	at com.android.server.am.ActivityStackSupervisor.startSpecificActivityLocked(ActivityStackSupervisor.java:1715)
12-08 23:35:23.184  1884  1898 E ActivityManager: 	at com.android.server.am.ActivityStack.resumeTopActivityInnerLocked(ActivityStack.java:2764)
12-08 23:35:23.184  1884  1898 E ActivityManager: 	at com.android.server.am.ActivityStack.resumeTopActivityUncheckedLocked(ActivityStack.java:2302)
12-08 23:35:23.184  1884  1898 E ActivityManager: 	at com.android.server.am.ActivityStackSupervisor.resumeFocusedStackTopActivityLocked(ActivityStackSupervisor.java:2234)
12-08 23:35:23.184  1884  1898 E ActivityManager: 	at com.android.server.am.ActivityStackSupervisor.resumeFocusedStackTopActivityLocked(ActivityStackSupervisor.java:2218)
12-08 23:35:23.184  1884  1898 E ActivityManager: 	at com.android.server.am.ActivityManagerService.handleAppDiedLocked(ActivityManagerService.java:5923)
12-08 23:35:23.184  1884  1898 E ActivityManager: 	at com.android.server.am.ActivityManagerService.removeProcessLocked(ActivityManagerService.java:7501)
12-08 23:35:23.184  1884  1898 E ActivityManager: 	at com.android.server.am.ActivityManagerService.killPackageProcessesLocked(ActivityManagerService.java:7142)
12-08 23:35:23.184  1884  1898 E ActivityManager: 	at com.android.server.am.ActivityManagerService.forceStopPackageLocked(ActivityManagerService.java:7275)
12-08 23:35:23.184  1884  1898 E ActivityManager: 	at com.android.server.am.ActivityManagerService$MainHandler.handleMessage(ActivityManagerService.java:2289)
12-08 23:35:23.184  1884  1898 E ActivityManager: 	at android.os.Handler.dispatchMessage(Handler.java:106)
12-08 23:35:23.184  1884  1898 E ActivityManager: 	at android.os.Looper.loop(Looper.java:193)
12-08 23:35:23.184  1884  1898 E ActivityManager: 	at android.os.HandlerThread.run(HandlerThread.java:65)
12-08 23:35:23.184  1884  1898 E ActivityManager: 	at com.android.server.ServiceThread.run(ServiceThread.java:44)
12-08 23:35:23.897  2493  2493 E id.defcontaine: Not starting debugger since process cannot load the jdwp agent.
12-08 23:35:23.996  2510  2510 E oid.documentsu: Not starting debugger since process cannot load the jdwp agent.
12-08 23:35:24.074  2530  2530 E ndroid.keychai: Not starting debugger since process cannot load the jdwp agent.
12-08 23:35:25.024  2601  2601 E droid.apps.doc: Not starting debugger since process cannot load the jdwp agent.
12-08 23:35:26.065  2637  2637 E d.process.medi: Not starting debugger since process cannot load the jdwp agent.
12-08 23:35:26.730  2674  2674 E ocess.gservice: Not starting debugger since process cannot load the jdwp agent.
12-08 23:35:27.475  2601  2601 E DocsApplication: [main] No default account found during application creation.
12-08 23:35:28.396  1731  1731 E         : Couldn't opendir /data/app/vmdl1323122956.tmp: No such file or directory
12-08 23:35:28.396  1731  1731 E installd: Failed to delete /data/app/vmdl1323122956.tmp: No such file or directory
12-08 23:35:31.027  2762  2762 E harlton.mileag: Not starting debugger since process cannot load the jdwp agent.
12-08 23:35:32.708  1993 19358 E putmethod.lati: Invalid ID 0x00000001.
12-08 23:35:32.718  1993 19358 E LstmTrainingCache: emn: Can't get resource name for input slot
12-08 23:35:32.718  1993 19358 E LstmTrainingCache: android.content.res.Resources$NotFoundException: Unable to find resource ID #0x1
12-08 23:35:32.718  1993 19358 E LstmTrainingCache: 	at android.content.res.ResourcesImpl.getResourceName(ResourcesImpl.java:255)
12-08 23:35:32.718  1993 19358 E LstmTrainingCache: 	at android.content.res.Resources.getResourceName(Resources.java:1954)
12-08 23:35:32.718  1993 19358 E LstmTrainingCache: 	at emn.a(PG:12)
12-08 23:35:32.718  1993 19358 E LstmTrainingCache: 	at emk.run(PG:5)
12-08 23:35:32.718  1993 19358 E LstmTrainingCache: 	at java.lang.Thread.run(Thread.java:764)
12-08 23:35:40.602  1884  2181 E WindowManager: Performed 6 layouts in a row. Skipping
12-08 23:35:40.627  1884  1938 E WindowManager: Performed 6 layouts in a row. Skipping
12-08 23:35:40.681  1884  1938 E WindowManager: Performed 6 layouts in a row. Skipping
12-08 23:35:40.705  1884  1899 E WindowManager: Performed 6 layouts in a row. Skipping
12-08 23:35:40.766  1884  1938 E WindowManager: Performed 6 layouts in a row. Skipping
12-08 23:35:40.896  1884  1938 E WindowManager: Performed 6 layouts in a row. Skipping
12-08 23:35:40.915  1884  2181 E WindowManager: Performed 6 layouts in a row. Skipping
12-08 23:35:40.941  1884  1938 E WindowManager: Performed 6 layouts in a row. Skipping
12-08 23:35:41.024  1884  1938 E WindowManager: Performed 6 layouts in a row. Skipping
12-08 23:35:41.049  1884  2181 E WindowManager: Performed 6 layouts in a row. Skipping
12-08 23:35:41.077  1884  1938 E WindowManager: Performed 6 layouts in a row. Skipping
12-08 23:35:41.095  1884  2181 E WindowManager: Performed 6 layouts in a row. Skipping
12-08 23:35:41.131  1884  1938 E WindowManager: Performed 6 layouts in a row. Skipping
12-08 23:35:41.226  1884  1938 E WindowManager: Performed 6 layouts in a row. Skipping
12-08 23:35:44.234  1827  1827 E netmgr  : Failed to open QEMU pipe 'qemud:network': Invalid argument
12-08 23:35:44.234  1827  1827 E netmgr  : WifiForwarder unable to open QEMU pipe: Invalid argument
12-08 23:35:45.082  2810  2810 E emui:screensho: Not starting debugger since process cannot load the jdwp agent.
12-08 23:35:47.736  2810  2810 E SoundPool: error loading /product/media/audio/ui/camera_click.ogg
12-08 23:35:48.020  1726  1955 E SurfaceFlinger: ro.sf.lcd_density must be defined as a build property
12-08 23:35:48.195  1741  2192 E OMXNodeInstance: getConfig(0xe6a26d20:google.vorbis.decoder, ConfigAndroidVendorExtension(0x6f100004)) ERROR: Undefined(0x80001001)
12-08 23:35:48.245  1726  1757 E SurfaceFlinger: ro.sf.lcd_density must be defined as a build property
12-08 23:35:50.590  1993  1993 E RecyclerView: No adapter attached; skipping layout
12-08 23:35:51.739  1739  1753 E storaged: getDiskStats failed with result NOT_SUPPORTED and size 0
12-08 23:35:52.425  2439  2657 E ctxmgr  : [ProducerStatusImpl]updateStateForNewContextData: inactive, contextName=7
12-08 23:35:52.544  2439  2439 E BeaconBle: Missing BluetoothAdapter
12-08 23:35:52.601  2439  2439 E BeaconBle: Scan couldn't start for Places
12-08 23:36:01.187  2879  2879 E oid.apps.photo: Not starting debugger since process cannot load the jdwp agent.
12-08 23:36:03.364  2762  2762 E SpannableStringBuilder: SPAN_EXCLUSIVE_EXCLUSIVE spans cannot have a zero length
12-08 23:36:03.365  2762  2762 E SpannableStringBuilder: SPAN_EXCLUSIVE_EXCLUSIVE spans cannot have a zero length
12-08 23:36:04.807  2826  2826 E ContextIntentStarter: No activity found for any of the 0 intents
12-08 23:36:14.643  2826  2826 E ClientVe: Failed to create ClientVisualElementsProto for user interaction on view com.google.android.apps.gsa.searchbox.ui.suggestions.views.CoreSuggestionView{ef7f371 VFE...CL. ...P.... 0,289-1038,436 #e9} because the view is not tagged for visual element logging.
12-08 23:36:15.180  2932  2932 E id.partnersetu: Not starting debugger since process cannot load the jdwp agent.
12-08 23:36:15.515  2946  2946 E boxed_process2: Not starting debugger since process cannot load the jdwp agent.
12-08 23:36:15.582  2826  2826 E ClientVe: Failed to create ClientVisualElementsProto for user interaction on view com.google.android.apps.gsa.searchbox.ui.suggestions.views.CoreSuggestionView{f255c98 VFE...CL. ...P.... 0,436-1038,583 #ea} because the view is not tagged for visual element logging.
12-08 23:36:18.341  2826  2826 E ClientVe: Failed to create ClientVisualElementsProto for user interaction on view com.google.android.apps.gsa.searchbox.ui.suggestions.views.CoreSuggestionView{f255c98 VFE...CL. ...P.... 0,436-1038,583 #ea} because the view is not tagged for visual element logging.
12-08 23:36:18.432  2826  2826 E ClientVe: Failed to create ClientVisualElementsProto for user interaction on view com.google.android.apps.gsa.searchbox.ui.suggestions.views.CoreSuggestionView{ef7f371 VFE...CL. ...P.... 0,289-1038,436 #e9} because the view is not tagged for visual element logging.
12-08 23:36:19.288  2826  2826 E SpannableStringBuilder: SPAN_EXCLUSIVE_EXCLUSIVE spans cannot have a zero length
12-08 23:36:19.288  2826  2826 E SpannableStringBuilder: SPAN_EXCLUSIVE_EXCLUSIVE spans cannot have a zero length
12-08 23:36:21.591  2990  2990 E .android.chrom: Not starting debugger since process cannot load the jdwp agent.
12-08 23:36:22.389  2826  2834 E ReloadingLock: Finalizing LOCKED Token[searchresults_activity 2018-12-08 23:36:21.204]
12-08 23:36:43.753  1884  1897 E memtrack: Couldn't load memtrack module
12-08 23:36:44.243  1827  1827 E netmgr  : Failed to open QEMU pipe 'qemud:network': Invalid argument
12-08 23:36:44.243  1827  1827 E netmgr  : WifiForwarder unable to open QEMU pipe: Invalid argument
12-08 23:36:47.853  1884  1897 E memtrack: Couldn't load memtrack module
12-08 23:36:51.777  1739  1753 E storaged: getDiskStats failed with result NOT_SUPPORTED and size 0
