--------- beginning of system
--------- beginning of main
12-08 22:29:19.970  1884  1898 E ActivityManager: Failure starting process com.evancharlton.mileage
12-08 22:29:19.970  1884  1898 E ActivityManager: java.lang.SecurityException: Package com.evancharlton.mileage is currently frozen!
12-08 22:29:19.970  1884  1898 E ActivityManager: 	at com.android.server.pm.PackageManagerService.checkPackageStartable(PackageManagerService.java:4000)
12-08 22:29:19.970  1884  1898 E ActivityManager: 	at com.android.server.am.ActivityManagerService.startProcessLocked(ActivityManagerService.java:4234)
12-08 22:29:19.970  1884  1898 E ActivityManager: 	at com.android.server.am.ActivityManagerService.startProcessLocked(ActivityManagerService.java:4199)
12-08 22:29:19.970  1884  1898 E ActivityManager: 	at com.android.server.am.ActivityManagerService.startProcessLocked(ActivityManagerService.java:4181)
12-08 22:29:19.970  1884  1898 E ActivityManager: 	at com.android.server.am.ActivityManagerService.startProcessLocked(ActivityManagerService.java:4067)
12-08 22:29:19.970  1884  1898 E ActivityManager: 	at com.android.server.am.ActivityStackSupervisor.startSpecificActivityLocked(ActivityStackSupervisor.java:1715)
12-08 22:29:19.970  1884  1898 E ActivityManager: 	at com.android.server.am.ActivityStack.resumeTopActivityInnerLocked(ActivityStack.java:2764)
12-08 22:29:19.970  1884  1898 E ActivityManager: 	at com.android.server.am.ActivityStack.resumeTopActivityUncheckedLocked(ActivityStack.java:2302)
12-08 22:29:19.970  1884  1898 E ActivityManager: 	at com.android.server.am.ActivityStackSupervisor.resumeFocusedStackTopActivityLocked(ActivityStackSupervisor.java:2234)
12-08 22:29:19.970  1884  1898 E ActivityManager: 	at com.android.server.am.ActivityStackSupervisor.resumeFocusedStackTopActivityLocked(ActivityStackSupervisor.java:2218)
12-08 22:29:19.970  1884  1898 E ActivityManager: 	at com.android.server.am.ActivityManagerService.handleAppDiedLocked(ActivityManagerService.java:5923)
12-08 22:29:19.970  1884  1898 E ActivityManager: 	at com.android.server.am.ActivityManagerService.removeProcessLocked(ActivityManagerService.java:7501)
12-08 22:29:19.970  1884  1898 E ActivityManager: 	at com.android.server.am.ActivityManagerService.killPackageProcessesLocked(ActivityManagerService.java:7142)
12-08 22:29:19.970  1884  1898 E ActivityManager: 	at com.android.server.am.ActivityManagerService.forceStopPackageLocked(ActivityManagerService.java:7275)
12-08 22:29:19.970  1884  1898 E ActivityManager: 	at com.android.server.am.ActivityManagerService$MainHandler.handleMessage(ActivityManagerService.java:2289)
12-08 22:29:19.970  1884  1898 E ActivityManager: 	at android.os.Handler.dispatchMessage(Handler.java:106)
12-08 22:29:19.970  1884  1898 E ActivityManager: 	at android.os.Looper.loop(Looper.java:193)
12-08 22:29:19.970  1884  1898 E ActivityManager: 	at android.os.HandlerThread.run(HandlerThread.java:65)
12-08 22:29:19.970  1884  1898 E ActivityManager: 	at com.android.server.ServiceThread.run(ServiceThread.java:44)
12-08 22:29:23.778  1731  1771 E         : Couldn't opendir /data/app/vmdl1933726146.tmp: No such file or directory
12-08 22:29:23.778  1731  1771 E installd: Failed to delete /data/app/vmdl1933726146.tmp: No such file or directory
12-08 22:29:25.985 26361 26361 E harlton.mileag: Not starting debugger since process cannot load the jdwp agent.
12-08 22:29:27.286  1993 19358 E putmethod.lati: Invalid ID 0x00000001.
12-08 22:29:27.289  1993 19358 E LstmTrainingCache: emn: Can't get resource name for input slot
12-08 22:29:27.289  1993 19358 E LstmTrainingCache: android.content.res.Resources$NotFoundException: Unable to find resource ID #0x1
12-08 22:29:27.289  1993 19358 E LstmTrainingCache: 	at android.content.res.ResourcesImpl.getResourceName(ResourcesImpl.java:255)
12-08 22:29:27.289  1993 19358 E LstmTrainingCache: 	at android.content.res.Resources.getResourceName(Resources.java:1954)
12-08 22:29:27.289  1993 19358 E LstmTrainingCache: 	at emn.a(PG:12)
12-08 22:29:27.289  1993 19358 E LstmTrainingCache: 	at emk.run(PG:5)
12-08 22:29:27.289  1993 19358 E LstmTrainingCache: 	at java.lang.Thread.run(Thread.java:764)
12-08 22:29:40.928  2439 26390 E ctxmgr  : [ProducerStatusImpl]updateStateForNewContextData: inactive, contextName=7
12-08 22:29:41.096  2439  2439 E BeaconBle: Scan couldn't start for Places
12-08 22:29:43.176  1827  1827 E netmgr  : Failed to open QEMU pipe 'qemud:network': Invalid argument
12-08 22:29:43.176  1827  1827 E netmgr  : WifiForwarder unable to open QEMU pipe: Invalid argument
12-08 22:29:50.107  1739  1753 E storaged: getDiskStats failed with result NOT_SUPPORTED and size 0
12-08 22:29:50.224  1884  4824 E WindowManager: Performed 6 layouts in a row. Skipping
12-08 22:29:50.258  1884  1938 E WindowManager: Performed 6 layouts in a row. Skipping
12-08 22:29:50.318  1884  1938 E WindowManager: Performed 6 layouts in a row. Skipping
12-08 22:29:50.352  1884  1938 E WindowManager: Performed 6 layouts in a row. Skipping
12-08 22:29:50.408  1884  1938 E WindowManager: Performed 6 layouts in a row. Skipping
12-08 22:29:50.428  1884  1899 E WindowManager: Performed 6 layouts in a row. Skipping
12-08 22:29:50.466  1884  1938 E WindowManager: Performed 6 layouts in a row. Skipping
12-08 22:29:50.493  1884  1938 E WindowManager: Performed 6 layouts in a row. Skipping
12-08 22:29:50.530  1884  1938 E WindowManager: Performed 6 layouts in a row. Skipping
12-08 22:29:50.563  1884  4712 E WindowManager: Performed 6 layouts in a row. Skipping
12-08 22:29:50.596  1884  1938 E WindowManager: Performed 6 layouts in a row. Skipping
12-08 22:29:50.702  1884  1938 E WindowManager: Performed 6 layouts in a row. Skipping
12-08 22:29:51.393 26361 26361 E WindowManager: 
12-08 22:29:51.393 26361 26361 E WindowManager: android.view.WindowLeaked: Activity com.evancharlton.mileage.FieldActivity has leaked window DecorView@9bfcc3b[FieldActivity] that was originally added here
12-08 22:29:51.393 26361 26361 E WindowManager: 	at android.view.ViewRootImpl.<init>(ViewRootImpl.java:511)
12-08 22:29:51.393 26361 26361 E WindowManager: 	at android.view.WindowManagerGlobal.addView(WindowManagerGlobal.java:346)
12-08 22:29:51.393 26361 26361 E WindowManager: 	at android.view.WindowManagerImpl.addView(WindowManagerImpl.java:93)
12-08 22:29:51.393 26361 26361 E WindowManager: 	at com.android.internal.policy.PhoneWindow.openPanel(PhoneWindow.java:887)
12-08 22:29:51.393 26361 26361 E WindowManager: 	at com.android.internal.policy.PhoneWindow.onKeyUpPanel(PhoneWindow.java:1104)
12-08 22:29:51.393 26361 26361 E WindowManager: 	at com.android.internal.policy.PhoneWindow.onKeyUp(PhoneWindow.java:2007)
12-08 22:29:51.393 26361 26361 E WindowManager: 	at com.android.internal.policy.DecorView.dispatchKeyEvent(DecorView.java:350)
12-08 22:29:51.393 26361 26361 E WindowManager: 	at android.view.ViewRootImpl$ViewPostImeInputStage.processKeyEvent(ViewRootImpl.java:5037)
12-08 22:29:51.393 26361 26361 E WindowManager: 	at android.view.ViewRootImpl$ViewPostImeInputStage.onProcess(ViewRootImpl.java:4905)
12-08 22:29:51.393 26361 26361 E WindowManager: 	at android.view.ViewRootImpl$InputStage.deliver(ViewRootImpl.java:4426)
12-08 22:29:51.393 26361 26361 E WindowManager: 	at android.view.ViewRootImpl$InputStage.onDeliverToNext(ViewRootImpl.java:4479)
12-08 22:29:51.393 26361 26361 E WindowManager: 	at android.view.ViewRootImpl$InputStage.forward(ViewRootImpl.java:4445)
12-08 22:29:51.393 26361 26361 E WindowManager: 	at android.view.ViewRootImpl$AsyncInputStage.forward(ViewRootImpl.java:4585)
12-08 22:29:51.393 26361 26361 E WindowManager: 	at android.view.ViewRootImpl$InputStage.apply(ViewRootImpl.java:4453)
12-08 22:29:51.393 26361 26361 E WindowManager: 	at android.view.ViewRootImpl$AsyncInputStage.apply(ViewRootImpl.java:4642)
12-08 22:29:51.393 26361 26361 E WindowManager: 	at android.view.ViewRootImpl$InputStage.deliver(ViewRootImpl.java:4426)
12-08 22:29:51.393 26361 26361 E WindowManager: 	at android.view.ViewRootImpl$InputStage.onDeliverToNext(ViewRootImpl.java:4479)
12-08 22:29:51.393 26361 26361 E WindowManager: 	at android.view.ViewRootImpl$InputStage.forward(ViewRootImpl.java:4445)
12-08 22:29:51.393 26361 26361 E WindowManager: 	at android.view.ViewRootImpl$InputStage.apply(ViewRootImpl.java:4453)
12-08 22:29:51.393 26361 26361 E WindowManager: 	at android.view.ViewRootImpl$InputStage.deliver(ViewRootImpl.java:4426)
12-08 22:29:51.393 26361 26361 E WindowManager: 	at android.view.ViewRootImpl$InputStage.onDeliverToNext(ViewRootImpl.java:4479)
12-08 22:29:51.393 26361 26361 E WindowManager: 	at android.view.ViewRootImpl$InputStage.forward(ViewRootImpl.java:4445)
12-08 22:29:51.393 26361 26361 E WindowManager: 	at android.view.ViewRootImpl$AsyncInputStage.forward(ViewRootImpl.java:4618)
12-08 22:29:51.393 26361 26361 E WindowManager: 	at android.view.ViewRootImpl$ImeInputStage.onFinishedInputEvent(ViewRootImpl.java:4779)
12-08 22:29:51.393 26361 26361 E WindowManager: 	at android.view.inputmethod.InputMethodManager$PendingEvent.run(InputMethodManager.java:2571)
12-08 22:29:51.393 26361 26361 E WindowManager: 	at android.view.inputmethod.InputMethodManager.invokeFinishedInputEventCallback(InputMethodManager.java:2081)
12-08 22:29:51.393 26361 26361 E WindowManager: 	at android.view.inputmethod.InputMethodManager.finishedInputEvent(InputMethodManager.java:2072)
12-08 22:29:51.393 26361 26361 E WindowManager: 	at android.view.inputmethod.InputMethodManager$ImeInputEventSender.onInputEventFinished(InputMethodManager.java:2548)
12-08 22:29:51.393 26361 26361 E WindowManager: 	at android.view.InputEventSender.dispatchInputEventFinished(InputEventSender.java:141)
12-08 22:29:51.393 26361 26361 E WindowManager: 	at android.os.MessageQueue.nativePollOnce(Native Method)
12-08 22:29:51.393 26361 26361 E WindowManager: 	at android.os.MessageQueue.next(MessageQueue.java:326)
12-08 22:29:51.393 26361 26361 E WindowManager: 	at android.os.Looper.loop(Looper.java:160)
12-08 22:29:51.393 26361 26361 E WindowManager: 	at android.app.ActivityThread.main(ActivityThread.java:6669)
12-08 22:29:51.393 26361 26361 E WindowManager: 	at java.lang.reflect.Method.invoke(Native Method)
12-08 22:29:51.393 26361 26361 E WindowManager: 	at com.android.internal.os.RuntimeInit$MethodAndArgsCaller.run(RuntimeInit.java:493)
12-08 22:29:51.393 26361 26361 E WindowManager: 	at com.android.internal.os.ZygoteInit.main(ZygoteInit.java:858)
12-08 22:29:52.575  2826  2826 E ContextIntentStarter: No activity found for any of the 0 intents
12-08 22:29:53.706  1884  5059 E WindowManager: Performed 6 layouts in a row. Skipping
12-08 22:29:53.732  1884  1938 E WindowManager: Performed 6 layouts in a row. Skipping
12-08 22:29:53.788  1884  1938 E WindowManager: Performed 6 layouts in a row. Skipping
12-08 22:29:53.812  1884  1899 E WindowManager: Performed 6 layouts in a row. Skipping
12-08 22:29:53.906  1884  1938 E WindowManager: Performed 6 layouts in a row. Skipping
12-08 22:29:53.928  1884  1938 E WindowManager: Performed 6 layouts in a row. Skipping
12-08 22:29:53.958  1884  2181 E WindowManager: Performed 6 layouts in a row. Skipping
12-08 22:30:43.178  1827  1827 E netmgr  : Failed to open QEMU pipe 'qemud:network': Invalid argument
12-08 22:30:43.178  1827  1827 E netmgr  : WifiForwarder unable to open QEMU pipe: Invalid argument
12-08 22:30:50.110  1739  1753 E storaged: getDiskStats failed with result NOT_SUPPORTED and size 0
12-08 22:31:39.527  1884  3891 E WindowManager: Performed 6 layouts in a row. Skipping
12-08 22:31:39.549  1884  1938 E WindowManager: Performed 6 layouts in a row. Skipping
12-08 22:31:39.564  1884  1938 E WindowManager: Performed 6 layouts in a row. Skipping
12-08 22:31:39.597  1884  1938 E WindowManager: Performed 6 layouts in a row. Skipping
12-08 22:31:39.619  1884  1938 E WindowManager: Performed 6 layouts in a row. Skipping
12-08 22:31:39.633  1884  1938 E WindowManager: Performed 6 layouts in a row. Skipping
12-08 22:31:39.651  1884  1899 E WindowManager: Performed 6 layouts in a row. Skipping
12-08 22:31:39.682  1884  1938 E WindowManager: Performed 6 layouts in a row. Skipping
12-08 22:31:39.701  1884  4922 E WindowManager: Performed 6 layouts in a row. Skipping
12-08 22:31:39.741  1884  1938 E WindowManager: Performed 6 layouts in a row. Skipping
12-08 22:31:39.857  1884  1938 E WindowManager: Performed 6 layouts in a row. Skipping
