--------- beginning of system
12-07 20:18:27.833  1737  1809 E storaged: getDiskStats failed with result NOT_SUPPORTED and size 0
12-07 20:19:29.093  1737  1809 E storaged: getDiskStats failed with result NOT_SUPPORTED and size 0
12-07 20:20:30.656  1737  1809 E storaged: getDiskStats failed with result NOT_SUPPORTED and size 0
12-07 20:21:31.639  1737  1809 E storaged: getDiskStats failed with result NOT_SUPPORTED and size 0
12-07 20:21:36.713  2391  2391 E SchedPolicy: set_timerslack_ns write failed: Operation not permitted
12-07 20:21:48.305  2391  2391 E SchedPolicy: set_timerslack_ns write failed: Operation not permitted
12-07 20:22:32.836  1737  1809 E storaged: getDiskStats failed with result NOT_SUPPORTED and size 0
12-07 20:23:33.312  1737  1809 E storaged: getDiskStats failed with result NOT_SUPPORTED and size 0
12-07 20:24:35.055  1737  1809 E storaged: getDiskStats failed with result NOT_SUPPORTED and size 0
12-07 20:25:35.552  1737  1809 E storaged: getDiskStats failed with result NOT_SUPPORTED and size 0
12-07 20:26:36.573  1737  1809 E storaged: getDiskStats failed with result NOT_SUPPORTED and size 0
12-07 20:27:36.590  1737  1809 E storaged: getDiskStats failed with result NOT_SUPPORTED and size 0
12-07 20:27:55.831  1628  1628 E android.hardware.wifi@1.0-service: Failed to register radio mode change callback
12-07 20:27:55.835  1628  1628 E android.hardware.wifi@1.0-service: Failed to set DFS flag; DFS channels may be unavailable.
12-07 20:27:57.553  1738  1738 E wificond: No Offload Service available
12-07 20:27:57.883  1883  1967 E WifiP2pService: Unhandled message { when=-1ms what=131203 target=com.android.internal.util.StateMachine$SmHandler }
12-07 20:27:57.915  1883  1967 E WifiP2pService: Unhandled message { when=0 what=131203 target=com.android.internal.util.StateMachine$SmHandler }
12-07 20:27:57.954  1883  1901 E BatteryExternalStatsWorker: no controller energy info supplied for wifi
12-07 20:28:00.054  1883  1901 E BatteryExternalStatsWorker: no controller energy info supplied for wifi
12-07 20:28:36.861  1737  1809 E storaged: getDiskStats failed with result NOT_SUPPORTED and size 0
12-07 20:29:36.985  1737  1809 E storaged: getDiskStats failed with result NOT_SUPPORTED and size 0
--------- beginning of main
12-07 20:30:37.760  1737  1809 E storaged: getDiskStats failed with result NOT_SUPPORTED and size 0
12-07 20:30:47.192  1829  1829 E netmgr  : Failed to open QEMU pipe 'qemud:network': Invalid argument
12-07 20:30:47.192  1829  1829 E netmgr  : WifiForwarder unable to open QEMU pipe: Invalid argument
12-07 20:30:52.372  2420 13364 E ctxmgr  : [ProducerStatusImpl]updateStateForNewContextData: inactive, contextName=7
12-07 20:30:56.726  2420  2420 E BeaconBle: Scan couldn't start for Places
12-07 20:31:39.370  1737  1809 E storaged: getDiskStats failed with result NOT_SUPPORTED and size 0
12-07 20:31:44.292 13423 13423 E dboxed_process: Not starting debugger since process cannot load the jdwp agent.
12-07 20:31:48.733  1829  1829 E netmgr  : Failed to open QEMU pipe 'qemud:network': Invalid argument
12-07 20:31:48.734  1829  1829 E netmgr  : WifiForwarder unable to open QEMU pipe: Invalid argument
12-07 20:32:21.680  2420 13417 E ctxmgr  : [ProducerStatusImpl]updateStateForNewContextData: inactive, contextName=7
12-07 20:32:23.881  2420  2420 E BeaconBle: Missing BluetoothAdapter
12-07 20:32:23.953  2420  2420 E BeaconBle: Scan couldn't start for Places
12-07 20:32:31.010  1613  1692 E audio_hw_generic: pcm_write failed cannot write stream data: I/O error
12-07 20:32:40.484  1737  1809 E storaged: getDiskStats failed with result NOT_SUPPORTED and size 0
12-07 20:32:42.801  1613  1692 E audio_hw_generic: pcm_write failed cannot write stream data: I/O error
12-07 20:32:50.145  1829  1829 E netmgr  : Failed to open QEMU pipe 'qemud:network': Invalid argument
12-07 20:32:50.145  1829  1829 E netmgr  : WifiForwarder unable to open QEMU pipe: Invalid argument
12-07 20:32:54.842  1613  1692 E audio_hw_generic: pcm_write failed cannot write stream data: I/O error
12-07 20:32:57.294 13461 13461 E boxed_process1: Not starting debugger since process cannot load the jdwp agent.
12-07 20:33:06.470  1613  1692 E audio_hw_generic: pcm_write failed cannot write stream data: I/O error
12-07 20:33:18.047  1613  1692 E audio_hw_generic: pcm_write failed cannot write stream data: I/O error
12-07 20:33:40.653  1883  1897 E system_server: libdebuggerd_client: received packet of unexpected length from tombstoned: expected 128, received -1
12-07 20:33:40.654  1883  1897 E ActivityManager: Aborting stack trace dump (current native pid=1631); deadline exceeded.
12-07 20:33:40.683  1737  1809 E storaged: getDiskStats failed with result NOT_SUPPORTED and size 0
12-07 20:33:40.739  1743  1743 E /system/bin/tombstoned: Traces for pid 2391 written to: /data/anr/trace_00
12-07 20:33:40.748  1883  1897 E ActivityManager: ANR in com.google.android.apps.nexuslauncher (com.google.android.apps.nexuslauncher/.NexusLauncherActivity)
12-07 20:33:40.748  1883  1897 E ActivityManager: PID: 2391
12-07 20:33:40.748  1883  1897 E ActivityManager: Reason: Input dispatching timed out (Waiting to send key event because the focused window has not finished processing all of the input events that were previously delivered to it.  Outbound queue length: 0.  Wait queue length: 1.)
12-07 20:33:40.748  1883  1897 E ActivityManager: Load: 5.39 / 3.73 / 3.43
12-07 20:33:40.748  1883  1897 E ActivityManager: CPU usage from 20ms to 24767ms later (2018-12-07 20:33:15.907 to 2018-12-07 20:33:40.654):
12-07 20:33:40.748  1883  1897 E ActivityManager:   43% 11781/com.google.android.googlequicksearchbox:search: 19% user + 24% kernel / faults: 3724 minor 348 major
12-07 20:33:40.748  1883  1897 E ActivityManager:   43% 1883/system_server: 23% user + 19% kernel / faults: 5170 minor 288 major
12-07 20:33:40.748  1883  1897 E ActivityManager:   36% 2391/com.google.android.apps.nexuslauncher: 20% user + 15% kernel / faults: 4312 minor 261 major
12-07 20:33:40.748  1883  1897 E ActivityManager:   26% 645/kswapd0: 0% user + 26% kernel
12-07 20:33:40.748  1883  1897 E ActivityManager:   24% 2528/com.google.android.gms: 12% user + 11% kernel / faults: 1358 minor 7 major
12-07 20:33:40.748  1883  1897 E ActivityManager:   8.8% 1990/com.google.android.inputmethod.latin: 4.7% user + 4.1% kernel / faults: 1967 minor 53 major
12-07 20:33:40.748  1883  1897 E ActivityManager:   8.8% 13213/kworker/u8:2: 0% user + 8.8% kernel
12-07 20:33:40.748  1883  1897 E ActivityManager:   8.5% 13461/com.android.chrome:sandboxed_process10: 2.1% user + 6.3% kernel / faults: 793 minor 379 major
12-07 20:33:40.748  1883  1897 E ActivityManager:   8.5% 13448/kworker/u8:3: 0% user + 8.5% kernel
12-07 20:33:40.748  1883  1897 E ActivityManager:   1.6% 1631/audioserver: 0.6% user + 1% kernel / faults: 207 minor 21 major
12-07 20:33:40.748  1883  1897 E ActivityManager:   1.4% 1613/android.hardware.audio@2.0-service: 1.4% user + 0% kernel / faults: 5 major
12-07 20:33:40.748  1883  1897 E ActivityManager:   1.1% 2008/com.android.systemui: 0.7% user + 0.4% kernel / faults: 2021 minor 55 major
12-07 20:33:40.748  1883  1897 E ActivityManager:   0.8% 1702/kworker/u9:2: 0% user + 0.8% kernel
12-07 20:33:40.748  1883  1897 E ActivityManager:   0.7% 1696/kworker/u9:1: 0% user + 0.7% kernel
12-07 20:33:40.748  1883  1897 E ActivityManager:   0.7% 11356/kworker/u8:5: 0% user + 0.7% kernel
12-07 20:33:40.748  1883  1897 E ActivityManager:   0.7% 2420/com.google.android.gms.persistent: 0.4% user + 0.2% kernel / faults: 243 minor 17 major
12-07 20:33:40.748  1883  1897 E ActivityManager:   0.6% 1672/kworker/u9:0: 0% user + 0.6% kernel
12-07 20:33:40.748  1883  1897 E ActivityManager:   0.6% 2305/adbd: 0% user + 0.6% kernel / faults: 17476 minor
12-07 20:33:40.748  1883  1897 E ActivityManager:   0.6% 12972/kworker/u8:4: 0% user + 0.6% kernel
12-07 20:33:40.748  1883  1897 E ActivityManager:   0.4% 3/ksoftirqd/0: 0% user + 0.4% kernel
12-07 20:33:40.748  1883  1897 E ActivityManager:   0.4% 2117/com.android.phone: 0% user + 0.4% kernel / faults: 792 minor 33 major
12-07 20:33:40.748  1883  1897 E ActivityManager:   0.3% 1724/surfaceflinger: 0.1% user + 0.2% kernel / faults: 2 minor 3 major
12-07 20:33:40.748  1883  1897 E ActivityManager:   0.3% 12674/kworker/u8:6: 0% user + 0.3% kernel
12-07 20:33:40.748  1883  1897 E ActivityManager:   0.3% 1627/android.hardware.sensors@1.0-service: 0% user + 0.3% kernel
12-07 20:33:40.748  1883  1897 E ActivityManager:   0.2% 7/rcu_preempt: 0% user + 0.2% kernel
12-07 20:33:40.748  1883  1897 E ActivityManager:   0.2% 1746/android.hardware.graphics.composer@2.1-service: 0% user + 0.2% kernel
12-07 20:33:40.748  1883  1897 E ActivityManager:   0.2% 1704/kworker/u9:4: 0% user + 0.2% kernel
12-07 20:33:40.748  1883  1897 E ActivityManager:   0.1% 1717/jbd2/dm-1-8: 0% user + 0.1% kernel
12-07 20:33:40.748  1883  1897 E ActivityManager:   0% 2433/com.android.se: 0% user + 0% kernel / faults: 860 minor 12 major
12-07 20:33:40.748  1883  1897 E ActivityManager:   0% 1555/logd: 0% user + 0% kernel
12-07 20:33:40.748  1883  1897 E ActivityManager:   0% 1556/servicemanager: 0% user + 0% kernel
12-07 20:33:40.748  1883  1897 E ActivityManager:   0% 2561/com.android.vending: 0% user + 0% kernel / faults: 45 minor 24 major
12-07 20:33:40.748  1883  1897 E ActivityManager:   0% 11/migration/1: 0% user + 0% kernel
12-07 20:33:40.748  1883  1897 E ActivityManager:   0% 815/hwrng: 0% user + 0% kernel
12-07 20:33:40.748  1883  1897 E ActivityManager:   0% 1622/android.hardware.gnss@1.0-service: 0% user + 0% kernel
12-07 20:33:40.748  1883  1897 E ActivityManager:   0% 1625/android.hardware.health@2.0-service.goldfish: 0% user + 0% kernel / faults: 2 major
12-07 20:33:40.748  1883  1897 E ActivityManager:   0% 1637/traced: 0% user + 0% kernel / faults: 3 minor 2 major
12-07 20:33:40.748  1883  1897 E ActivityManager:   0% 1675/dmcrypt_write: 0% user + 0% kernel
12-07 20:33:40.748  1883  1897 E ActivityManager:   0% 1708/kworker/1:1H: 0% user + 0% kernel
12-07 20:33:40.748  1883  1897 E ActivityManager:   0% 1740/rild: 0% user + 0% kernel / faults: 14 minor 26 major
12-07 20:33:40.748  1883  1897 E ActivityManager:   0% 1743/tombstoned: 0% user + 0% kernel / faults: 8 minor 2 major
12-07 20:33:40.748  1883  1897 E ActivityManager:   0% 13353/wpa_supplicant: 0% user + 0% kernel
12-07 20:33:40.748  1883  1897 E ActivityManager:  +0% 13503/crash_dump32: 0% user + 0% kernel
12-07 20:33:40.748  1883  1897 E ActivityManager:  +0% 13505/audioserver: 0% user + 0% kernel
12-07 20:33:40.748  1883  1897 E ActivityManager: 39% TOTAL: 7.9% user + 13% kernel + 17% iowait + 0.8% softirq
12-07 20:33:40.748  1883  1897 E ActivityManager: CPU usage from 73ms to 2538ms later (2018-12-07 20:33:15.960 to 2018-12-07 20:33:18.425):
12-07 20:33:40.748  1883  1897 E ActivityManager:   90% 1883/system_server: 52% user + 38% kernel / faults: 286 minor
12-07 20:33:40.748  1883  1897 E ActivityManager:     89% 1897/ActivityManager: 50% user + 39% kernel
12-07 20:33:40.748  1883  1897 E ActivityManager:     0.8% 3224/Binder:1883_10: 0% user + 0.8% kernel
12-07 20:33:40.748  1883  1897 E ActivityManager:     0.4% 1935/android.anim: 0.4% user + 0% kernel
12-07 20:33:40.748  1883  1897 E ActivityManager:     0.4% 1994/Binder:1883_4: 0% user + 0.4% kernel
12-07 20:33:40.748  1883  1897 E ActivityManager:   87% 11781/com.google.android.googlequicksearchbox:search: 31% user + 56% kernel / faults: 395 minor 160 major
12-07 20:33:40.748  1883  1897 E ActivityManager:     77% 11785/Jit thread pool: 18% user + 58% kernel
12-07 20:33:40.748  1883  1897 E ActivityManager:     2.2% 12419/NonUserFacing8: 0% user + 2.2% kernel
12-07 20:33:40.748  1883  1897 E ActivityManager:     1.7% 12449/Chrome_IOThread: 0% user + 1.7% kernel
12-07 20:33:40.748  1883  1897 E ActivityManager:     0.8% 11781/earchbox:search: 0% user + 0.8% kernel
12-07 20:33:40.748  1883  1897 E ActivityManager:     0.8% 
12-07 20:33:40.780  1743  1743 E /system/bin/tombstoned: Tombstone written to: /data/tombstones/tombstone_04
12-07 20:33:41.023  1883  1896 E memtrack: Couldn't load memtrack module
--------- beginning of crash
12-07 20:33:45.430  2391  2401 E AndroidRuntime: FATAL EXCEPTION: FinalizerWatchdogDaemon
12-07 20:33:45.430  2391  2401 E AndroidRuntime: Process: com.google.android.apps.nexuslauncher, PID: 2391
12-07 20:33:45.430  2391  2401 E AndroidRuntime: java.util.concurrent.TimeoutException: android.view.ThreadedRenderer.finalize() timed out after 10 seconds
12-07 20:33:45.430  2391  2401 E AndroidRuntime: 	at android.view.ThreadedRenderer.nDeleteProxy(Native Method)
12-07 20:33:45.430  2391  2401 E AndroidRuntime: 	at android.view.ThreadedRenderer.finalize(ThreadedRenderer.java:967)
12-07 20:33:45.430  2391  2401 E AndroidRuntime: 	at java.lang.Daemons$FinalizerDaemon.doFinalize(Daemons.java:250)
12-07 20:33:45.430  2391  2401 E AndroidRuntime: 	at java.lang.Daemons$FinalizerDaemon.runInternal(Daemons.java:237)
12-07 20:33:45.430  2391  2401 E AndroidRuntime: 	at java.lang.Daemons$Daemon.run(Daemons.java:103)
12-07 20:33:45.430  2391  2401 E AndroidRuntime: 	at java.lang.Thread.run(Thread.java:764)
12-07 20:33:45.501  1632  1632 E lowmemorykiller: Error writing /proc/2391/oom_score_adj; errno=22
12-07 20:33:45.652  1883  1954 E InputDispatcher: channel 'f3a6209 com.google.android.apps.nexuslauncher/com.google.android.apps.nexuslauncher.NexusLauncherActivity (server)' ~ Channel is unrecoverably broken and will be disposed!
12-07 20:33:45.690  1883  6143 E WindowManager: Failed to notify cancel
12-07 20:33:45.690  1883  6143 E WindowManager: android.os.DeadObjectException
12-07 20:33:45.690  1883  6143 E WindowManager: 	at android.os.BinderProxy.transactNative(Native Method)
12-07 20:33:45.690  1883  6143 E WindowManager: 	at android.os.BinderProxy.transact(Binder.java:1127)
12-07 20:33:45.690  1883  6143 E WindowManager: 	at android.view.IRemoteAnimationRunner$Stub$Proxy.onAnimationCancelled(IRemoteAnimationRunner.java:117)
12-07 20:33:45.690  1883  6143 E WindowManager: 	at com.android.server.wm.RemoteAnimationController.invokeAnimationCancelled(RemoteAnimationController.java:210)
12-07 20:33:45.690  1883  6143 E WindowManager: 	at com.android.server.wm.RemoteAnimationController.cancelAnimation(RemoteAnimationController.java:143)
12-07 20:33:45.690  1883  6143 E WindowManager: 	at com.android.server.wm.RemoteAnimationController.binderDied(RemoteAnimationController.java:247)
12-07 20:33:45.690  1883  6143 E WindowManager: 	at android.os.BinderProxy.sendDeathNotice(Binder.java:1193)
12-07 20:33:45.806  1883  6143 E WindowManager: Failed to notify cancel
12-07 20:33:45.806  1883  6143 E WindowManager: android.os.DeadObjectException
12-07 20:33:45.806  1883  6143 E WindowManager: 	at android.os.BinderProxy.transactNative(Native Method)
12-07 20:33:45.806  1883  6143 E WindowManager: 	at android.os.BinderProxy.transact(Binder.java:1127)
12-07 20:33:45.806  1883  6143 E WindowManager: 	at android.view.IRemoteAnimationRunner$Stub$Proxy.onAnimationCancelled(IRemoteAnimationRunner.java:117)
12-07 20:33:45.806  1883  6143 E WindowManager: 	at com.android.server.wm.RemoteAnimationController.invokeAnimationCancelled(RemoteAnimationController.java:210)
12-07 20:33:45.806  1883  6143 E WindowManager: 	at com.android.server.wm.RemoteAnimationController.cancelAnimation(RemoteAnimationController.java:143)
12-07 20:33:45.806  1883  6143 E WindowManager: 	at com.android.server.wm.RemoteAnimationController.binderDied(RemoteAnimationController.java:247)
12-07 20:33:45.806  1883  6143 E WindowManager: 	at android.os.BinderProxy.sendDeathNotice(Binder.java:1193)
12-07 20:33:45.820  1883  6143 E WindowManager: Failed to notify cancel
12-07 20:33:45.820  1883  6143 E WindowManager: android.os.DeadObjectException
12-07 20:33:45.820  1883  6143 E WindowManager: 	at android.os.BinderProxy.transactNative(Native Method)
12-07 20:33:45.820  1883  6143 E WindowManager: 	at android.os.BinderProxy.transact(Binder.java:1127)
12-07 20:33:45.820  1883  6143 E WindowManager: 	at android.view.IRemoteAnimationRunner$Stub$Proxy.onAnimationCancelled(IRemoteAnimationRunner.java:117)
12-07 20:33:45.820  1883  6143 E WindowManager: 	at com.android.server.wm.RemoteAnimationController.invokeAnimationCancelled(RemoteAnimationController.java:210)
12-07 20:33:45.820  1883  6143 E WindowManager: 	at com.android.server.wm.RemoteAnimationController.cancelAnimation(RemoteAnimationController.java:143)
12-07 20:33:45.820  1883  6143 E WindowManager: 	at com.android.server.wm.RemoteAnimationController.binderDied(RemoteAnimationController.java:247)
12-07 20:33:45.820  1883  6143 E WindowManager: 	at android.os.BinderProxy.sendDeathNotice(Binder.java:1193)
12-07 20:33:47.678 13523 13523 E s.nexuslaunche: Not starting debugger since process cannot load the jdwp agent.
12-07 20:33:47.871 11781 11781 E OverlaySController: Failed to send status update
12-07 20:33:47.871 11781 11781 E OverlaySController: android.os.DeadObjectException
12-07 20:33:47.871 11781 11781 E OverlaySController: 	at android.os.BinderProxy.transactNative(Native Method)
12-07 20:33:47.871 11781 11781 E OverlaySController: 	at android.os.BinderProxy.transact(Binder.java:1127)
12-07 20:33:47.871 11781 11781 E OverlaySController: 	at com.google.android.a.a.c(SourceFile:20)
12-07 20:33:47.871 11781 11781 E OverlaySController: 	at com.google.android.libraries.m.f.PB(SourceFile:7)
12-07 20:33:47.871 11781 11781 E OverlaySController: 	at com.google.android.libraries.gsa.e.b.r.a(SourceFile:90)
12-07 20:33:47.871 11781 11781 E OverlaySController: 	at com.google.android.libraries.gsa.e.b.p.handleMessage(SourceFile:122)
12-07 20:33:47.871 11781 11781 E OverlaySController: 	at com.google.android.libraries.gsa.e.b.q.handleMessage(SourceFile:9)
12-07 20:33:47.871 11781 11781 E OverlaySController: 	at android.os.Handler.dispatchMessage(Handler.java:102)
12-07 20:33:47.871 11781 11781 E OverlaySController: 	at android.os.Looper.loop(Looper.java:193)
12-07 20:33:47.871 11781 11781 E OverlaySController: 	at android.app.ActivityThread.main(ActivityThread.java:6669)
12-07 20:33:47.871 11781 11781 E OverlaySController: 	at java.lang.reflect.Method.invoke(Native Method)
12-07 20:33:47.871 11781 11781 E OverlaySController: 	at com.android.internal.os.RuntimeInit$MethodAndArgsCaller.run(RuntimeInit.java:493)
12-07 20:33:47.871 11781 11781 E OverlaySController: 	at com.android.internal.os.ZygoteInit.main(ZygoteInit.java:858)
12-07 20:33:47.880  1883  5862 E memtrack: Couldn't load memtrack module
12-07 20:33:49.885  1613  1692 E audio_hw_generic: pcm_write failed cannot write stream data: I/O error
12-07 20:33:50.103  1883  5862 E memtrack: Couldn't load memtrack module
12-07 20:33:50.198  1829  1829 E netmgr  : Failed to open QEMU pipe 'qemud:network': Invalid argument
12-07 20:33:50.199  1829  1829 E netmgr  : WifiForwarder unable to open QEMU pipe: Invalid argument
12-07 20:33:50.221  1883  1900 E libprocessgroup: Error encountered killing process cgroup uid 99244 pid 13461: No such file or directory
12-07 20:33:50.273  1883  5862 E memtrack: Couldn't load memtrack module
12-07 20:33:52.042  1883  1896 E memtrack: Couldn't load memtrack module
12-07 20:33:52.196  1883  5862 E memtrack: Couldn't load memtrack module
12-07 20:33:52.317  1883  5862 E memtrack: Couldn't load memtrack module
12-07 20:33:52.410  1883  5862 E memtrack: Couldn't load memtrack module
12-07 20:33:52.459 13549 13549 E ocess.gservice: Not starting debugger since process cannot load the jdwp agent.
12-07 20:33:52.479  1883  5862 E memtrack: Couldn't load memtrack module
12-07 20:33:54.538  1883  5862 E memtrack: Couldn't load memtrack module
12-07 20:33:54.605  1883  5862 E memtrack: Couldn't load memtrack module
12-07 20:33:54.681  1883  5862 E memtrack: Couldn't load memtrack module
12-07 20:33:54.771  1883  5862 E memtrack: Couldn't load memtrack module
12-07 20:33:54.841  1883  5862 E memtrack: Couldn't load memtrack module
12-07 20:33:56.630  1883  5862 E memtrack: Couldn't load memtrack module
12-07 20:33:56.713  1883  5862 E memtrack: Couldn't load memtrack module
12-07 20:33:56.778  1883  5862 E memtrack: Couldn't load memtrack module
12-07 20:33:56.843  1883  5862 E memtrack: Couldn't load memtrack module
12-07 20:33:56.905  1883  5862 E memtrack: Couldn't load memtrack module
12-07 20:33:56.966  1883  5862 E memtrack: Couldn't load memtrack module
12-07 20:33:58.967  1883  5862 E memtrack: Couldn't load memtrack module
12-07 20:33:59.115  1883  5862 E memtrack: Couldn't load memtrack module
12-07 20:33:59.209  1883  5862 E memtrack: Couldn't load memtrack module
12-07 20:33:59.327  1883  5862 E memtrack: Couldn't load memtrack module
12-07 20:34:01.072  1883  5862 E memtrack: Couldn't load memtrack module
12-07 20:34:01.074  1883  5862 E memtrack: Couldn't load memtrack module
12-07 20:34:01.075  1883  5862 E memtrack: Couldn't load memtrack module
12-07 20:34:01.076  1883  5862 E memtrack: Couldn't load memtrack module
12-07 20:34:01.085  1883  5862 E memtrack: Couldn't load memtrack module
12-07 20:34:01.091  1883  5862 E memtrack: Couldn't load memtrack module
12-07 20:34:01.098  1883  5862 E memtrack: Couldn't load memtrack module
12-07 20:34:01.103  1883  5862 E memtrack: Couldn't load memtrack module
12-07 20:34:01.111  1883  5862 E memtrack: Couldn't load memtrack module
12-07 20:34:01.122  1883  5862 E memtrack: Couldn't load memtrack module
12-07 20:34:01.127  1883  5862 E memtrack: Couldn't load memtrack module
12-07 20:34:01.137  1883  5862 E memtrack: Couldn't load memtrack module
12-07 20:34:01.151  1883  5862 E memtrack: Couldn't load memtrack module
12-07 20:34:01.172  1883  5862 E memtrack: Couldn't load memtrack module
12-07 20:34:01.179  1883  5862 E memtrack: Couldn't load memtrack module
12-07 20:34:01.205  1883  5862 E memtrack: Couldn't load memtrack module
12-07 20:34:01.215  1883  5862 E memtrack: Couldn't load memtrack module
12-07 20:34:01.222  1883  5862 E memtrack: Couldn't load memtrack module
12-07 20:34:01.230  1883  5862 E memtrack: Couldn't load memtrack module
12-07 20:34:01.238  1883  5862 E memtrack: Couldn't load memtrack module
12-07 20:34:01.247  1883  5862 E memtrack: Couldn't load memtrack module
12-07 20:34:01.254  1883  5862 E memtrack: Couldn't load memtrack module
12-07 20:34:01.261  1883  5862 E memtrack: Couldn't load memtrack module
12-07 20:34:01.269  1883  5862 E memtrack: Couldn't load memtrack module
12-07 20:34:01.274  1883  5862 E memtrack: Couldn't load memtrack module
12-07 20:34:01.280  1883  5862 E memtrack: Couldn't load memtrack module
12-07 20:34:01.286  1883  5862 E memtrack: Couldn't load memtrack module
12-07 20:34:01.293  1883  5862 E memtrack: Couldn't load memtrack module
12-07 20:34:01.297  1883  5862 E memtrack: Couldn't load memtrack module
12-07 20:34:01.324  1883  5862 E memtrack: Couldn't load memtrack module
12-07 20:34:01.327  1883  5862 E memtrack: Couldn't load memtrack module
