--------- beginning of main
--------- beginning of system
12-08 13:44:29.898  1996  1996 E native  : clearcut-logger.cc:191 USER_EDIT span#originalSpan is missing
12-08 13:44:34.745  1732  1759 E         : Couldn't opendir /data/app/vmdl1849975016.tmp: No such file or directory
12-08 13:44:34.745  1732  1759 E installd: Failed to delete /data/app/vmdl1849975016.tmp: No such file or directory
12-08 13:44:36.931 18791 18791 E harlton.mileag: Not starting debugger since process cannot load the jdwp agent.
12-08 13:44:47.113  1996  2601 E putmethod.lati: Invalid ID 0x00000001.
12-08 13:44:47.168  1996  2601 E LstmTrainingCache: emn: Can't get resource name for input slot
12-08 13:44:47.168  1996  2601 E LstmTrainingCache: android.content.res.Resources$NotFoundException: Unable to find resource ID #0x1
12-08 13:44:47.168  1996  2601 E LstmTrainingCache: 	at android.content.res.ResourcesImpl.getResourceName(ResourcesImpl.java:255)
12-08 13:44:47.168  1996  2601 E LstmTrainingCache: 	at android.content.res.Resources.getResourceName(Resources.java:1954)
12-08 13:44:47.168  1996  2601 E LstmTrainingCache: 	at emn.a(PG:12)
12-08 13:44:47.168  1996  2601 E LstmTrainingCache: 	at emk.run(PG:5)
12-08 13:44:47.168  1996  2601 E LstmTrainingCache: 	at java.lang.Thread.run(Thread.java:764)
12-08 13:44:52.965  2429 17831 E ctxmgr  : [ProducerStatusImpl]updateStateForNewContextData: inactive, contextName=7
12-08 13:44:53.429  2429  2429 E BeaconBle: Missing BluetoothAdapter
12-08 13:44:53.482  2429  2429 E BeaconBle: Scan couldn't start for Places
12-08 13:44:57.157  2540  2540 E ContextIntentStarter: No activity found for any of the 0 intents
12-08 13:44:57.798 16898 16898 E wpa_supplicant: nl80211: Failed to open /proc/sys/net/ipv4/conf/p2p-dev-wlan0/drop_unicast_in_l2_multicast: No such file or directory
12-08 13:44:57.798 16898 16898 E wpa_supplicant: nl80211: Failed to set IPv4 unicast in multicast filter
12-08 13:44:57.864 16898 16898 E wpa_supplicant: nl80211: Failed to open /proc/sys/net/ipv4/conf/p2p-dev-wlan0/drop_unicast_in_l2_multicast: No such file or directory
12-08 13:44:57.865 16898 16898 E wpa_supplicant: nl80211: Failed to set IPv4 unicast in multicast filter
12-08 13:44:57.982 16898 16898 E wpa_supplicant: nl80211: Failed to open /proc/sys/net/ipv4/conf/wlan0/drop_unicast_in_l2_multicast: No such file or directory
12-08 13:44:57.982 16898 16898 E wpa_supplicant: nl80211: Failed to set IPv4 unicast in multicast filter
12-08 13:44:57.982 16898 16898 E wpa_supplicant: nl80211: Failed to open /proc/sys/net/ipv4/conf/wlan0/drop_unicast_in_l2_multicast: No such file or directory
12-08 13:44:57.982 16898 16898 E wpa_supplicant: nl80211: Failed to set IPv4 unicast in multicast filter
12-08 13:44:58.086 16898 16898 E wpa_supplicant: nl80211: Failed to open /proc/sys/net/ipv4/conf/wlan0/drop_unicast_in_l2_multicast: No such file or directory
12-08 13:44:58.086 16898 16898 E wpa_supplicant: nl80211: Failed to set IPv4 unicast in multicast filter
12-08 13:44:58.248 18846 18846 E rrierdefaultap: Not starting debugger since process cannot load the jdwp agent.
12-08 13:44:58.427  1629  1629 E android.hardware.wifi@1.0-service: Failed to open directory: Permission denied
12-08 13:44:58.427  1629  1629 E android.hardware.wifi@1.0-service: Error occurred while deleting old tombstone files
12-08 13:44:58.427  1629  1629 E android.hardware.wifi@1.0-service: Error writing files to flash
12-08 13:44:58.860  1885  1971 E WifiP2pService: Unhandled message { when=0 what=131204 target=com.android.internal.util.StateMachine$SmHandler }
12-08 13:44:59.253  2429 16966 E WakeLock: GCM_HB_ALARM release without a matched acquire!
12-08 13:44:59.378  2429 16966 E WakeLock: GCM_CONN_ALARM release without a matched acquire!
12-08 13:44:59.426  1885  1903 E BatteryExternalStatsWorker: no controller energy info supplied for wifi
12-08 13:44:59.777  1885  1972 E ConnectivityService: exception in setMtu()java.lang.IllegalStateException: command '305 interface setmtu radio0 1500' failed with '400 305 Failed to set MTU (Permission denied)'
12-08 13:45:00.371  1629  1629 E android.hardware.wifi@1.0-service: Failed to register radio mode change callback
12-08 13:45:00.389  1629  1629 E android.hardware.wifi@1.0-service: Failed to set DFS flag; DFS channels may be unavailable.
12-08 13:45:00.554  1741  1741 E wificond: No Offload Service available
12-08 13:45:01.025  2429 18890 E WakeLock: GCM_CONN_ALARM release without a matched acquire!
12-08 13:45:01.320  1885  1971 E WifiP2pService: Unhandled message { when=-2ms what=131203 target=com.android.internal.util.StateMachine$SmHandler }
12-08 13:45:01.365  1885  1971 E WifiP2pService: Unhandled message { when=-1ms what=131203 target=com.android.internal.util.StateMachine$SmHandler }
12-08 13:45:01.371  1885  1903 E BatteryExternalStatsWorker: no controller energy info supplied for wifi
12-08 13:45:01.383  1885  1903 E BatteryExternalStatsWorker: no controller energy info supplied for wifi
12-08 13:45:02.006 18897 18897 E id.gms.unstabl: Not starting debugger since process cannot load the jdwp agent.
12-08 13:45:02.385 18915 18915 E id.gms.learnin: Not starting debugger since process cannot load the jdwp agent.
12-08 13:45:04.627  1834  1834 E netmgr  : Failed to open QEMU pipe 'qemud:network': Invalid argument
12-08 13:45:04.628  1834  1834 E netmgr  : WifiForwarder unable to open QEMU pipe: Invalid argument
12-08 13:45:06.102  1885  1903 E BatteryExternalStatsWorker: no controller energy info supplied for wifi
12-08 13:45:06.293  1885  1968 E WifiVendorHal: stopRssiMonitoring(l.2404) failed {.code = ERROR_NOT_AVAILABLE, .description = }
12-08 13:45:06.850  1738  1800 E Netd    : Error adding route ::/0 -> fe80::ff:fe00:100 wlan0 to table 1003: File exists
12-08 13:45:06.869  2429 18090 E NetworkScheduler.ATC: Called cancelTask for already completed task com.google.android.gms/.learning.training.background.TrainingGcmTaskService{u=0 tag="com.google.android.gms.learning.BACKGROUND_TRAINING_TASK" trigger=window{period=900s,flex=600s,earliest=-106s,latest=493s} requirements=[NET_ANY,CHARGING,DEVICE_IDLE] attributes=[PERSISTED,RECURRING] scheduled=-406s last_run=-5s jid=N/A status=ACTIVE retries=0 client_lib=MANCHEGO_GCM-14799000} :RESCHEDULED
12-08 13:45:08.746  1614  1698 E audio_hw_generic: pcm_write failed cannot write stream data: I/O error
12-08 13:45:10.118  1740  1805 E storaged: getDiskStats failed with result NOT_SUPPORTED and size 0
12-08 13:45:11.017  2429 18970 E WakeLock: GCM_HB_ALARM release without a matched acquire!
12-08 13:45:11.323  2429 18975 E WakeLock: GCM_CONN_ALARM release without a matched acquire!
12-08 13:45:13.433  1885  1898 E memtrack: Couldn't load memtrack module
12-08 13:45:17.651  1885  1902 E libprocessgroup: Error encountered killing process cgroup uid 99031 pid 18150: No such file or directory
12-08 13:45:18.185  1996  2601 E putmethod.lati: Invalid ID 0x00000001.
12-08 13:45:18.195  1996  2601 E LstmTrainingCache: emn: Can't get resource name for input slot
12-08 13:45:18.195  1996  2601 E LstmTrainingCache: android.content.res.Resources$NotFoundException: Unable to find resource ID #0x1
12-08 13:45:18.195  1996  2601 E LstmTrainingCache: 	at android.content.res.ResourcesImpl.getResourceName(ResourcesImpl.java:255)
12-08 13:45:18.195  1996  2601 E LstmTrainingCache: 	at android.content.res.Resources.getResourceName(Resources.java:1954)
12-08 13:45:18.195  1996  2601 E LstmTrainingCache: 	at emn.a(PG:12)
12-08 13:45:18.195  1996  2601 E LstmTrainingCache: 	at emk.run(PG:5)
12-08 13:45:18.195  1996  2601 E LstmTrainingCache: 	at java.lang.Thread.run(Thread.java:764)
12-08 13:45:18.762  1614  1698 E audio_hw_generic: pcm_write failed cannot write stream data: I/O error
12-08 13:45:19.165  1996  2601 E putmethod.lati: Invalid ID 0x00000001.
12-08 13:45:19.166  1996  2601 E LstmTrainingCache: emn: Can't get resource name for input slot
12-08 13:45:19.166  1996  2601 E LstmTrainingCache: android.content.res.Resources$NotFoundException: Unable to find resource ID #0x1
12-08 13:45:19.166  1996  2601 E LstmTrainingCache: 	at android.content.res.ResourcesImpl.getResourceName(ResourcesImpl.java:255)
12-08 13:45:19.166  1996  2601 E LstmTrainingCache: 	at android.content.res.Resources.getResourceName(Resources.java:1954)
12-08 13:45:19.166  1996  2601 E LstmTrainingCache: 	at emn.a(PG:12)
12-08 13:45:19.166  1996  2601 E LstmTrainingCache: 	at emk.run(PG:5)
12-08 13:45:19.166  1996  2601 E LstmTrainingCache: 	at java.lang.Thread.run(Thread.java:764)
12-08 13:45:19.402  1885  1898 E memtrack: Couldn't load memtrack module
12-08 13:45:20.757  1885  3260 E WindowManager: Performed 6 layouts in a row. Skipping
12-08 13:45:20.775  1885  1939 E WindowManager: Performed 6 layouts in a row. Skipping
12-08 13:45:20.830  1885  1939 E WindowManager: Performed 6 layouts in a row. Skipping
12-08 13:45:20.917 18791 18977 E SQLiteLog: (1) no such table: fillups
12-08 13:45:20.923 18791 18977 E DatabaseUpgrader: Couldn't upgrade database!
12-08 13:45:20.923 18791 18977 E DatabaseUpgrader: android.database.sqlite.SQLiteException: no such table: fillups (code 1 SQLITE_ERROR): , while compiling: ALTER TABLE fillups ADD COLUMN is_partial INTEGER;
12-08 13:45:20.923 18791 18977 E DatabaseUpgrader: 	at android.database.sqlite.SQLiteConnection.nativePrepareStatement(Native Method)
12-08 13:45:20.923 18791 18977 E DatabaseUpgrader: 	at android.database.sqlite.SQLiteConnection.acquirePreparedStatement(SQLiteConnection.java:903)
12-08 13:45:20.923 18791 18977 E DatabaseUpgrader: 	at android.database.sqlite.SQLiteConnection.prepare(SQLiteConnection.java:514)
12-08 13:45:20.923 18791 18977 E DatabaseUpgrader: 	at android.database.sqlite.SQLiteSession.prepare(SQLiteSession.java:588)
12-08 13:45:20.923 18791 18977 E DatabaseUpgrader: 	at android.database.sqlite.SQLiteProgram.<init>(SQLiteProgram.java:58)
12-08 13:45:20.923 18791 18977 E DatabaseUpgrader: 	at android.database.sqlite.SQLiteStatement.<init>(SQLiteStatement.java:31)
12-08 13:45:20.923 18791 18977 E DatabaseUpgrader: 	at android.database.sqlite.SQLiteDatabase.executeSql(SQLiteDatabase.java:1769)
12-08 13:45:20.923 18791 18977 E DatabaseUpgrader: 	at android.database.sqlite.SQLiteDatabase.execSQL(SQLiteDatabase.java:1698)
12-08 13:45:20.923 18791 18977 E DatabaseUpgrader: 	at com.evancharlton.mileage.provider.DatabaseUpgrader.exec(DatabaseUpgrader.java:105)
12-08 13:45:20.923 18791 18977 E DatabaseUpgrader: 	at com.evancharlton.mileage.provider.DatabaseUpgrader.upgradeDatabase(DatabaseUpgrader.java:44)
12-08 13:45:20.923 18791 18977 E DatabaseUpgrader: 	at com.evancharlton.mileage.provider.DatabaseUpgrader.upgradeDatabase(DatabaseUpgrader.java:89)
12-08 13:45:20.923 18791 18977 E DatabaseUpgrader: 	at com.evancharlton.mileage.tasks.DbImportTask.upgradeDatabase(DbImportTask.java:77)
12-08 13:45:20.923 18791 18977 E DatabaseUpgrader: 	at com.evancharlton.mileage.tasks.DbImportTask.doInBackground(DbImportTask.java:43)
12-08 13:45:20.923 18791 18977 E DatabaseUpgrader: 	at com.evancharlton.mileage.tasks.DbImportTask.doInBackground(DbImportTask.java:20)
12-08 13:45:20.923 18791 18977 E DatabaseUpgrader: 	at android.os.AsyncTask$2.call(AsyncTask.java:333)
12-08 13:45:20.923 18791 18977 E DatabaseUpgrader: 	at java.util.concurrent.FutureTask.run(FutureTask.java:266)
12-08 13:45:20.923 18791 18977 E DatabaseUpgrader: 	at java.util.concurrent.ThreadPoolExecutor.runWorker(ThreadPoolExecutor.java:1167)
12-08 13:45:20.923 18791 18977 E DatabaseUpgrader: 	at java.util.concurrent.ThreadPoolExecutor$Worker.run(ThreadPoolExecutor.java:641)
12-08 13:45:20.923 18791 18977 E DatabaseUpgrader: 	at java.lang.Thread.run(Thread.java:764)
12-08 13:45:21.024  1885  1939 E WindowManager: Performed 6 layouts in a row. Skipping
12-08 13:45:21.041  1885  3788 E WindowManager: Performed 6 layouts in a row. Skipping
12-08 13:45:21.075  1885  1939 E WindowManager: Performed 6 layouts in a row. Skipping
12-08 13:45:21.149  1885  1939 E WindowManager: Performed 6 layouts in a row. Skipping
