--------- beginning of main
--------- beginning of system
12-08 18:20:49.196  1885  1957 E InputDispatcher: channel '59c813f com.evancharlton.mileage/com.evancharlton.mileage.FieldListActivity (server)' ~ Channel is unrecoverably broken and will be disposed!
12-08 18:20:49.198  1885  1957 E InputDispatcher: channel 'bfdebd7 com.evancharlton.mileage/com.evancharlton.mileage.Mileage (server)' ~ Channel is unrecoverably broken and will be disposed!
12-08 18:20:49.257  1885  1899 E ActivityManager: Failure starting process com.evancharlton.mileage
12-08 18:20:49.257  1885  1899 E ActivityManager: java.lang.SecurityException: Package com.evancharlton.mileage was not found!
12-08 18:20:49.257  1885  1899 E ActivityManager: 	at com.android.server.pm.PackageManagerService.checkPackageStartable(PackageManagerService.java:3987)
12-08 18:20:49.257  1885  1899 E ActivityManager: 	at com.android.server.am.ActivityManagerService.startProcessLocked(ActivityManagerService.java:4234)
12-08 18:20:49.257  1885  1899 E ActivityManager: 	at com.android.server.am.ActivityManagerService.startProcessLocked(ActivityManagerService.java:4199)
12-08 18:20:49.257  1885  1899 E ActivityManager: 	at com.android.server.am.ActivityManagerService.startProcessLocked(ActivityManagerService.java:4181)
12-08 18:20:49.257  1885  1899 E ActivityManager: 	at com.android.server.am.ActivityManagerService.startProcessLocked(ActivityManagerService.java:4067)
12-08 18:20:49.257  1885  1899 E ActivityManager: 	at com.android.server.am.ActivityStackSupervisor.startSpecificActivityLocked(ActivityStackSupervisor.java:1715)
12-08 18:20:49.257  1885  1899 E ActivityManager: 	at com.android.server.am.ActivityStack.resumeTopActivityInnerLocked(ActivityStack.java:2764)
12-08 18:20:49.257  1885  1899 E ActivityManager: 	at com.android.server.am.ActivityStack.resumeTopActivityUncheckedLocked(ActivityStack.java:2302)
12-08 18:20:49.257  1885  1899 E ActivityManager: 	at com.android.server.am.ActivityStackSupervisor.resumeFocusedStackTopActivityLocked(ActivityStackSupervisor.java:2234)
12-08 18:20:49.257  1885  1899 E ActivityManager: 	at com.android.server.am.ActivityStackSupervisor.resumeFocusedStackTopActivityLocked(ActivityStackSupervisor.java:2218)
12-08 18:20:49.257  1885  1899 E ActivityManager: 	at com.android.server.am.ActivityManagerService.handleAppDiedLocked(ActivityManagerService.java:5923)
12-08 18:20:49.257  1885  1899 E ActivityManager: 	at com.android.server.am.ActivityManagerService.removeProcessLocked(ActivityManagerService.java:7501)
12-08 18:20:49.257  1885  1899 E ActivityManager: 	at com.android.server.am.ActivityManagerService.killPackageProcessesLocked(ActivityManagerService.java:7142)
12-08 18:20:49.257  1885  1899 E ActivityManager: 	at com.android.server.am.ActivityManagerService.forceStopPackageLocked(ActivityManagerService.java:7275)
12-08 18:20:49.257  1885  1899 E ActivityManager: 	at com.android.server.am.ActivityManagerService$MainHandler.handleMessage(ActivityManagerService.java:2289)
12-08 18:20:49.257  1885  1899 E ActivityManager: 	at android.os.Handler.dispatchMessage(Handler.java:106)
12-08 18:20:49.257  1885  1899 E ActivityManager: 	at android.os.Looper.loop(Looper.java:193)
12-08 18:20:49.257  1885  1899 E ActivityManager: 	at android.os.HandlerThread.run(HandlerThread.java:65)
12-08 18:20:49.257  1885  1899 E ActivityManager: 	at com.android.server.ServiceThread.run(ServiceThread.java:44)
12-08 18:20:50.702  2429  9923 E ctxmgr  : [ProducerStatusImpl]updateStateForNewContextData: inactive, contextName=7
12-08 18:20:50.960  2429  2429 E BeaconBle: Missing BluetoothAdapter
12-08 18:20:50.999  2429  2429 E BeaconBle: Scan couldn't start for Places
12-08 18:20:51.853  1732  1935 E         : Couldn't opendir /data/app/vmdl539176208.tmp: No such file or directory
12-08 18:20:51.853  1732  1935 E installd: Failed to delete /data/app/vmdl539176208.tmp: No such file or directory
12-08 18:20:52.790 11356 11356 E harlton.mileag: Not starting debugger since process cannot load the jdwp agent.
12-08 18:21:04.142  1885  1898 E memtrack: Couldn't load memtrack module
12-08 18:21:04.335  1834  1834 E netmgr  : Failed to open QEMU pipe 'qemud:network': Invalid argument
12-08 18:21:04.335  1834  1834 E netmgr  : WifiForwarder unable to open QEMU pipe: Invalid argument
12-08 18:21:06.937  1885  1995 E WindowManager: Performed 6 layouts in a row. Skipping
12-08 18:21:06.969  1885  4906 E WindowManager: Performed 6 layouts in a row. Skipping
12-08 18:21:06.997  1885  1957 E WindowManager: Performed 6 layouts in a row. Skipping
12-08 18:21:07.026  1885  1939 E WindowManager: Performed 6 layouts in a row. Skipping
12-08 18:21:07.055  1885  2505 E WindowManager: Performed 6 layouts in a row. Skipping
12-08 18:21:07.089  1885  1939 E WindowManager: Performed 6 layouts in a row. Skipping
12-08 18:21:07.125  1885  1900 E WindowManager: Performed 6 layouts in a row. Skipping
12-08 18:21:07.187  1885  2505 E WindowManager: Performed 6 layouts in a row. Skipping
12-08 18:21:07.220  1885  1939 E WindowManager: Performed 6 layouts in a row. Skipping
12-08 18:21:07.256  1885  1939 E WindowManager: Performed 6 layouts in a row. Skipping
12-08 18:21:07.277  1885  2505 E WindowManager: Performed 6 layouts in a row. Skipping
12-08 18:21:07.311  1885  2158 E WindowManager: Performed 6 layouts in a row. Skipping
12-08 18:21:07.355  1885  1939 E WindowManager: Performed 6 layouts in a row. Skipping
12-08 18:21:07.388  1885  1939 E WindowManager: Performed 6 layouts in a row. Skipping
12-08 18:21:07.444  1885  1939 E WindowManager: Performed 6 layouts in a row. Skipping
12-08 18:21:07.643  1885  1939 E WindowManager: Performed 6 layouts in a row. Skipping
12-08 18:21:07.693  1885  1939 E WindowManager: Performed 6 layouts in a row. Skipping
12-08 18:21:07.797  2429 11115 E ctxmgr  : [ProducerStatusImpl]updateStateForNewContextData: inactive, contextName=7
12-08 18:21:08.116  2429  2429 E BeaconBle: Missing BluetoothAdapter
12-08 18:21:07.752  1885  1939 E WindowManager: Performed 6 layouts in a row. Skipping
12-08 18:21:08.236  2429  2429 E BeaconBle: Scan couldn't start for Places
12-08 18:21:09.639  1740  1805 E storaged: getDiskStats failed with result NOT_SUPPORTED and size 0
12-08 18:21:10.745  2540  2540 E ContextIntentStarter: No activity found for any of the 0 intents
12-08 18:21:11.872  1614 11410 E audio_hw_generic: pcm_open(in) failed: cannot open device '/dev/snd/pcmC0D0c': Device or resource busy: channels 2 format 0 rate 16000
12-08 18:21:13.940 11414 11414 E boxed_process1: Not starting debugger since process cannot load the jdwp agent.
12-08 18:21:14.644  1614 11430 E audio_hw_generic: pcm_open(in) failed: cannot open device '/dev/snd/pcmC0D0c': Device or resource busy: channels 2 format 0 rate 16000
12-08 18:21:20.413  1885  1898 E memtrack: Couldn't load memtrack module
12-08 18:21:23.914 11445 11445 E hod.latin:trai: Not starting debugger since process cannot load the jdwp agent.
12-08 18:21:24.251  1885  1902 E libprocessgroup: Error encountered killing process cgroup uid 99016 pid 11414: No such file or directory
12-08 18:21:24.801  1727  1727 E SurfaceFlinger: [StatusBar#0] rejecting buffer: bufWidth=1080, bufHeight=1920, front.active.{w=1080, h=63}
