--------- beginning of main
--------- beginning of system
12-08 20:20:09.933  1881  1895 E ActivityManager: Failure starting process com.evancharlton.mileage
12-08 20:20:09.933  1881  1895 E ActivityManager: java.lang.SecurityException: Package com.evancharlton.mileage is currently frozen!
12-08 20:20:09.933  1881  1895 E ActivityManager: 	at com.android.server.pm.PackageManagerService.checkPackageStartable(PackageManagerService.java:4000)
12-08 20:20:09.933  1881  1895 E ActivityManager: 	at com.android.server.am.ActivityManagerService.startProcessLocked(ActivityManagerService.java:4234)
12-08 20:20:09.933  1881  1895 E ActivityManager: 	at com.android.server.am.ActivityManagerService.startProcessLocked(ActivityManagerService.java:4199)
12-08 20:20:09.933  1881  1895 E ActivityManager: 	at com.android.server.am.ActivityManagerService.startProcessLocked(ActivityManagerService.java:4181)
12-08 20:20:09.933  1881  1895 E ActivityManager: 	at com.android.server.am.ActivityManagerService.startProcessLocked(ActivityManagerService.java:4067)
12-08 20:20:09.933  1881  1895 E ActivityManager: 	at com.android.server.am.ActivityStackSupervisor.startSpecificActivityLocked(ActivityStackSupervisor.java:1715)
12-08 20:20:09.933  1881  1895 E ActivityManager: 	at com.android.server.am.ActivityStack.resumeTopActivityInnerLocked(ActivityStack.java:2764)
12-08 20:20:09.933  1881  1895 E ActivityManager: 	at com.android.server.am.ActivityStack.resumeTopActivityUncheckedLocked(ActivityStack.java:2302)
12-08 20:20:09.933  1881  1895 E ActivityManager: 	at com.android.server.am.ActivityStackSupervisor.resumeFocusedStackTopActivityLocked(ActivityStackSupervisor.java:2234)
12-08 20:20:09.933  1881  1895 E ActivityManager: 	at com.android.server.am.ActivityStackSupervisor.resumeFocusedStackTopActivityLocked(ActivityStackSupervisor.java:2218)
12-08 20:20:09.933  1881  1895 E ActivityManager: 	at com.android.server.am.ActivityManagerService.handleAppDiedLocked(ActivityManagerService.java:5923)
12-08 20:20:09.933  1881  1895 E ActivityManager: 	at com.android.server.am.ActivityManagerService.removeProcessLocked(ActivityManagerService.java:7501)
12-08 20:20:09.933  1881  1895 E ActivityManager: 	at com.android.server.am.ActivityManagerService.killPackageProcessesLocked(ActivityManagerService.java:7142)
12-08 20:20:09.933  1881  1895 E ActivityManager: 	at com.android.server.am.ActivityManagerService.forceStopPackageLocked(ActivityManagerService.java:7275)
12-08 20:20:09.933  1881  1895 E ActivityManager: 	at com.android.server.am.ActivityManagerService$MainHandler.handleMessage(ActivityManagerService.java:2289)
12-08 20:20:09.933  1881  1895 E ActivityManager: 	at android.os.Handler.dispatchMessage(Handler.java:106)
12-08 20:20:09.933  1881  1895 E ActivityManager: 	at android.os.Looper.loop(Looper.java:193)
12-08 20:20:09.933  1881  1895 E ActivityManager: 	at android.os.HandlerThread.run(HandlerThread.java:65)
12-08 20:20:09.933  1881  1895 E ActivityManager: 	at com.android.server.ServiceThread.run(ServiceThread.java:44)
12-08 20:20:10.931 24777 24777 E ndroid.keychai: Not starting debugger since process cannot load the jdwp agent.
12-08 20:20:10.955 24796 24796 E oid.documentsu: Not starting debugger since process cannot load the jdwp agent.
12-08 20:20:11.672 24830 24830 E droid.apps.doc: Not starting debugger since process cannot load the jdwp agent.
12-08 20:20:13.227 24830 24830 E DocsApplication: [main] No default account found during application creation.
12-08 20:20:15.831  1733  1752 E         : Couldn't opendir /data/app/vmdl686287582.tmp: No such file or directory
12-08 20:20:15.831  1733  1752 E installd: Failed to delete /data/app/vmdl686287582.tmp: No such file or directory
12-08 20:20:19.283 24898 24898 E harlton.mileag: Not starting debugger since process cannot load the jdwp agent.
12-08 20:20:19.775  2438 23554 E ctxmgr  : [ProducerStatusImpl]updateStateForNewContextData: inactive, contextName=1
12-08 20:20:20.158  2438  2438 E BeaconBle: Scan couldn't start for Places
12-08 20:20:21.146  1991 22160 E putmethod.lati: Invalid ID 0x00000001.
12-08 20:20:21.161  1991 22160 E LstmTrainingCache: emn: Can't get resource name for input slot
12-08 20:20:21.161  1991 22160 E LstmTrainingCache: android.content.res.Resources$NotFoundException: Unable to find resource ID #0x1
12-08 20:20:21.161  1991 22160 E LstmTrainingCache: 	at android.content.res.ResourcesImpl.getResourceName(ResourcesImpl.java:255)
12-08 20:20:21.161  1991 22160 E LstmTrainingCache: 	at android.content.res.Resources.getResourceName(Resources.java:1954)
12-08 20:20:21.161  1991 22160 E LstmTrainingCache: 	at emn.a(PG:12)
12-08 20:20:21.161  1991 22160 E LstmTrainingCache: 	at emk.run(PG:5)
12-08 20:20:21.161  1991 22160 E LstmTrainingCache: 	at java.lang.Thread.run(Thread.java:764)
12-08 20:20:29.436  2438 24920 E ctxmgr  : [AppIntervalImpl]closeInterval: ongoing
12-08 20:20:29.447  2438 24920 E ctxmgr  : [AppIntervalImpl]closeInterval: ongoing
12-08 20:20:34.699  2438 22122 E ctxmgr  : [ProducerStatusImpl]updateStateForNewContextData: inactive, contextName=7
12-08 20:20:34.882  2438  2438 E BeaconBle: Missing BluetoothAdapter
12-08 20:20:34.928  2438  2438 E BeaconBle: Scan couldn't start for Places
12-08 20:20:46.059  1807  1807 E netmgr  : Failed to open QEMU pipe 'qemud:network': Invalid argument
12-08 20:20:46.060  1807  1807 E netmgr  : WifiForwarder unable to open QEMU pipe: Invalid argument
12-08 20:20:52.738  1741  1793 E storaged: getDiskStats failed with result NOT_SUPPORTED and size 0
12-08 20:20:54.330  2570  2570 E ContextIntentStarter: No activity found for any of the 0 intents
12-08 20:21:46.061  1807  1807 E netmgr  : Failed to open QEMU pipe 'qemud:network': Invalid argument
12-08 20:21:46.061  1807  1807 E netmgr  : WifiForwarder unable to open QEMU pipe: Invalid argument
12-08 20:21:52.741  1741  1793 E storaged: getDiskStats failed with result NOT_SUPPORTED and size 0
12-08 20:22:34.660  2337  2337 E SchedPolicy: set_timerslack_ns write failed: Operation not permitted
12-08 20:22:46.063  1807  1807 E netmgr  : Failed to open QEMU pipe 'qemud:network': Invalid argument
12-08 20:22:46.064  1807  1807 E netmgr  : WifiForwarder unable to open QEMU pipe: Invalid argument
12-08 20:22:48.360  2337  2337 E SchedPolicy: set_timerslack_ns write failed: Operation not permitted
12-08 20:22:52.742  1741  1793 E storaged: getDiskStats failed with result NOT_SUPPORTED and size 0
12-08 20:23:46.065  1807  1807 E netmgr  : Failed to open QEMU pipe 'qemud:network': Invalid argument
12-08 20:23:46.066  1807  1807 E netmgr  : WifiForwarder unable to open QEMU pipe: Invalid argument
12-08 20:23:52.744  1741  1793 E storaged: getDiskStats failed with result NOT_SUPPORTED and size 0
12-08 20:24:34.256  1881  1894 E memtrack: Couldn't load memtrack module
12-08 20:24:45.193 24967 24967 E hod.latin:trai: Not starting debugger since process cannot load the jdwp agent.
12-08 20:24:46.067  1807  1807 E netmgr  : Failed to open QEMU pipe 'qemud:network': Invalid argument
12-08 20:24:46.067  1807  1807 E netmgr  : WifiForwarder unable to open QEMU pipe: Invalid argument
12-08 20:24:52.745  1741  1793 E storaged: getDiskStats failed with result NOT_SUPPORTED and size 0
