--------- beginning of main
--------- beginning of system
12-09 01:43:50.729  1881  1895 E ActivityManager: Failure starting process com.evancharlton.mileage
12-09 01:43:50.729  1881  1895 E ActivityManager: java.lang.SecurityException: Package com.evancharlton.mileage is currently frozen!
12-09 01:43:50.729  1881  1895 E ActivityManager: 	at com.android.server.pm.PackageManagerService.checkPackageStartable(PackageManagerService.java:4000)
12-09 01:43:50.729  1881  1895 E ActivityManager: 	at com.android.server.am.ActivityManagerService.startProcessLocked(ActivityManagerService.java:4234)
12-09 01:43:50.729  1881  1895 E ActivityManager: 	at com.android.server.am.ActivityManagerService.startProcessLocked(ActivityManagerService.java:4199)
12-09 01:43:50.729  1881  1895 E ActivityManager: 	at com.android.server.am.ActivityManagerService.startProcessLocked(ActivityManagerService.java:4181)
12-09 01:43:50.729  1881  1895 E ActivityManager: 	at com.android.server.am.ActivityManagerService.startProcessLocked(ActivityManagerService.java:4067)
12-09 01:43:50.729  1881  1895 E ActivityManager: 	at com.android.server.am.ActivityStackSupervisor.startSpecificActivityLocked(ActivityStackSupervisor.java:1715)
12-09 01:43:50.729  1881  1895 E ActivityManager: 	at com.android.server.am.ActivityStack.resumeTopActivityInnerLocked(ActivityStack.java:2764)
12-09 01:43:50.729  1881  1895 E ActivityManager: 	at com.android.server.am.ActivityStack.resumeTopActivityUncheckedLocked(ActivityStack.java:2302)
12-09 01:43:50.729  1881  1895 E ActivityManager: 	at com.android.server.am.ActivityStackSupervisor.resumeFocusedStackTopActivityLocked(ActivityStackSupervisor.java:2234)
12-09 01:43:50.729  1881  1895 E ActivityManager: 	at com.android.server.am.ActivityStackSupervisor.resumeFocusedStackTopActivityLocked(ActivityStackSupervisor.java:2218)
12-09 01:43:50.729  1881  1895 E ActivityManager: 	at com.android.server.am.ActivityManagerService.handleAppDiedLocked(ActivityManagerService.java:5923)
12-09 01:43:50.729  1881  1895 E ActivityManager: 	at com.android.server.am.ActivityManagerService.removeProcessLocked(ActivityManagerService.java:7501)
12-09 01:43:50.729  1881  1895 E ActivityManager: 	at com.android.server.am.ActivityManagerService.killPackageProcessesLocked(ActivityManagerService.java:7142)
12-09 01:43:50.729  1881  1895 E ActivityManager: 	at com.android.server.am.ActivityManagerService.forceStopPackageLocked(ActivityManagerService.java:7275)
12-09 01:43:50.729  1881  1895 E ActivityManager: 	at com.android.server.am.ActivityManagerService$MainHandler.handleMessage(ActivityManagerService.java:2289)
12-09 01:43:50.729  1881  1895 E ActivityManager: 	at android.os.Handler.dispatchMessage(Handler.java:106)
12-09 01:43:50.729  1881  1895 E ActivityManager: 	at android.os.Looper.loop(Looper.java:193)
12-09 01:43:50.729  1881  1895 E ActivityManager: 	at android.os.HandlerThread.run(HandlerThread.java:65)
12-09 01:43:50.729  1881  1895 E ActivityManager: 	at com.android.server.ServiceThread.run(ServiceThread.java:44)
12-09 01:43:51.116  2337  5749 E IconLoader: Unexpected null component name or activity info: ComponentInfo{com.evancharlton.mileage/com.evancharlton.mileage.Mileage}, null
12-09 01:43:51.566 26695 26695 E oid.documentsu: Not starting debugger since process cannot load the jdwp agent.
12-09 01:43:53.127  1741  1793 E storaged: getDiskStats failed with result NOT_SUPPORTED and size 0
12-09 01:43:55.450  1733  1752 E         : Couldn't opendir /data/app/vmdl547172727.tmp: No such file or directory
12-09 01:43:55.450  1733  1752 E installd: Failed to delete /data/app/vmdl547172727.tmp: No such file or directory
12-09 01:43:58.294  2438 26737 E ctxmgr  : [ProducerStatusImpl]updateStateForNewContextData: inactive, contextName=7
12-09 01:43:58.358  2438 26737 E ctxmgr  : [ProducerStatusImpl]updateStateForNewContextData: inactive, contextName=1
12-09 01:43:58.547  2438  2438 E BeaconBle: Scan couldn't start for Places
12-09 01:43:58.566  2438  3009 E PlaceInferenceEngine: Position timestamp out of order. Previous: 1544337587000, Current: 1544319837000. Skipping this Position.
12-09 01:43:59.542 26773 26773 E harlton.mileag: Not starting debugger since process cannot load the jdwp agent.
12-09 01:44:00.871  1991 22160 E putmethod.lati: Invalid ID 0x00000001.
12-09 01:44:00.877  1991 22160 E LstmTrainingCache: emn: Can't get resource name for input slot
12-09 01:44:00.877  1991 22160 E LstmTrainingCache: android.content.res.Resources$NotFoundException: Unable to find resource ID #0x1
12-09 01:44:00.877  1991 22160 E LstmTrainingCache: 	at android.content.res.ResourcesImpl.getResourceName(ResourcesImpl.java:255)
12-09 01:44:00.877  1991 22160 E LstmTrainingCache: 	at android.content.res.Resources.getResourceName(Resources.java:1954)
12-09 01:44:00.877  1991 22160 E LstmTrainingCache: 	at emn.a(PG:12)
12-09 01:44:00.877  1991 22160 E LstmTrainingCache: 	at emk.run(PG:5)
12-09 01:44:00.877  1991 22160 E LstmTrainingCache: 	at java.lang.Thread.run(Thread.java:764)
12-09 01:44:19.457  2438 26803 E ctxmgr  : [ProducerStatusImpl]updateStateForNewContextData: inactive, contextName=7
12-09 01:44:19.640  2438  2438 E BeaconBle: Missing BluetoothAdapter
12-09 01:44:19.697  2438  2438 E BeaconBle: Scan couldn't start for Places
12-09 01:44:38.846  2570  2570 E ContextIntentStarter: No activity found for any of the 0 intents
12-09 01:44:46.660  1807  1807 E netmgr  : Failed to open QEMU pipe 'qemud:network': Invalid argument
12-09 01:44:46.660  1807  1807 E netmgr  : WifiForwarder unable to open QEMU pipe: Invalid argument
12-09 01:44:53.139  1741  1793 E storaged: getDiskStats failed with result NOT_SUPPORTED and size 0
12-09 01:45:46.664  1807  1807 E netmgr  : Failed to open QEMU pipe 'qemud:network': Invalid argument
12-09 01:45:46.665  1807  1807 E netmgr  : WifiForwarder unable to open QEMU pipe: Invalid argument
12-09 01:45:53.147  1741  1793 E storaged: getDiskStats failed with result NOT_SUPPORTED and size 0
12-09 01:46:46.672  1807  1807 E netmgr  : Failed to open QEMU pipe 'qemud:network': Invalid argument
12-09 01:46:46.672  1807  1807 E netmgr  : WifiForwarder unable to open QEMU pipe: Invalid argument
12-09 01:46:53.149  1741  1793 E storaged: getDiskStats failed with result NOT_SUPPORTED and size 0
12-09 01:47:46.702  1807  1807 E netmgr  : Failed to open QEMU pipe 'qemud:network': Invalid argument
12-09 01:47:46.702  1807  1807 E netmgr  : WifiForwarder unable to open QEMU pipe: Invalid argument
12-09 01:47:53.154  1741  1793 E storaged: getDiskStats failed with result NOT_SUPPORTED and size 0
12-09 01:48:46.712  1807  1807 E netmgr  : Failed to open QEMU pipe 'qemud:network': Invalid argument
12-09 01:48:46.712  1807  1807 E netmgr  : WifiForwarder unable to open QEMU pipe: Invalid argument
12-09 01:48:53.156  1741  1793 E storaged: getDiskStats failed with result NOT_SUPPORTED and size 0
12-09 01:48:55.312 26863 26863 E hod.latin:trai: Not starting debugger since process cannot load the jdwp agent.
12-09 01:48:59.973  1991  1991 E native  : suggestion-transformer.cc:118 suggestion picked candidate not found for id: 1
