--------- beginning of system
--------- beginning of main
12-08 02:41:59.301  3297  3297 E oid.documentsu: Not starting debugger since process cannot load the jdwp agent.
12-08 02:41:59.592  3322  3322 E ndroid.keychai: Not starting debugger since process cannot load the jdwp agent.
12-08 02:42:00.219  3353  3353 E droid.apps.doc: Not starting debugger since process cannot load the jdwp agent.
12-08 02:42:02.300  3353  3353 E DocsApplication: [main] No default account found during application creation.
12-08 02:42:02.881  1729  1931 E         : Couldn't opendir /data/app/vmdl2132389187.tmp: No such file or directory
12-08 02:42:02.881  1729  1931 E installd: Failed to delete /data/app/vmdl2132389187.tmp: No such file or directory
12-08 02:42:06.318  3416  3416 E harlton.mileag: Not starting debugger since process cannot load the jdwp agent.
12-08 02:42:08.839 16085 31762 E putmethod.lati: Invalid ID 0x00000001.
12-08 02:42:08.854 16085 31762 E LstmTrainingCache: emn: Can't get resource name for input slot
12-08 02:42:08.854 16085 31762 E LstmTrainingCache: android.content.res.Resources$NotFoundException: Unable to find resource ID #0x1
12-08 02:42:08.854 16085 31762 E LstmTrainingCache: 	at android.content.res.ResourcesImpl.getResourceName(ResourcesImpl.java:255)
12-08 02:42:08.854 16085 31762 E LstmTrainingCache: 	at android.content.res.Resources.getResourceName(Resources.java:1954)
12-08 02:42:08.854 16085 31762 E LstmTrainingCache: 	at emn.a(PG:12)
12-08 02:42:08.854 16085 31762 E LstmTrainingCache: 	at emk.run(PG:5)
12-08 02:42:08.854 16085 31762 E LstmTrainingCache: 	at java.lang.Thread.run(Thread.java:764)
12-08 02:42:10.817  1829  1829 E netmgr  : Failed to open QEMU pipe 'qemud:network': Invalid argument
12-08 02:42:10.817  1829  1829 E netmgr  : WifiForwarder unable to open QEMU pipe: Invalid argument
12-08 02:42:19.922  1632  1632 E lowmemorykiller: Error opening /proc/3322/oom_score_adj; errno=2
12-08 02:42:19.922  1632  1632 E lowmemorykiller: Error writing /proc/3161/oom_score_adj; errno=22
12-08 02:42:19.949  1632  1632 E lowmemorykiller: Error opening /proc/3161/oom_score_adj; errno=2
12-08 02:42:24.128 16506 16506 E BeaconBle: Missing BluetoothAdapter
12-08 02:42:24.215 16506 16506 E BeaconBle: Scan couldn't start for Places
12-08 02:42:29.875  3474  3474 E oid.apps.photo: Not starting debugger since process cannot load the jdwp agent.
12-08 02:42:31.209  3494  3494 E ocess.gservice: Not starting debugger since process cannot load the jdwp agent.
12-08 02:42:32.604  1737  1809 E storaged: getDiskStats failed with result NOT_SUPPORTED and size 0
12-08 02:42:39.610 15976 15989 E memtrack: Couldn't load memtrack module
12-08 02:42:41.380 16561 16561 E ContextIntentStarter: No activity found for any of the 0 intents
12-08 02:42:41.916 15976 15989 E memtrack: Couldn't load memtrack module
12-08 02:42:48.442 15976 15989 E memtrack: Couldn't load memtrack module
12-08 02:42:48.457 15976 15989 E memtrack: Couldn't load memtrack module
12-08 02:42:48.458 15976 15989 E memtrack: Couldn't load memtrack module
12-08 02:42:48.459 15976 15989 E memtrack: Couldn't load memtrack module
12-08 02:42:48.460 15976 15989 E memtrack: Couldn't load memtrack module
12-08 02:42:48.463 15976 15989 E memtrack: Couldn't load memtrack module
12-08 02:42:48.469 15976 15989 E memtrack: Couldn't load memtrack module
12-08 02:42:48.503 15976 15989 E memtrack: Couldn't load memtrack module
12-08 02:42:48.536 15976 15989 E memtrack: Couldn't load memtrack module
12-08 02:42:48.594 15976 15989 E memtrack: Couldn't load memtrack module
12-08 02:42:48.602 15976 15989 E memtrack: Couldn't load memtrack module
12-08 02:42:48.605 15976 15989 E memtrack: Couldn't load memtrack module
12-08 02:42:48.611 15976 15989 E memtrack: Couldn't load memtrack module
12-08 02:42:48.619 15976 15989 E memtrack: Couldn't load memtrack module
12-08 02:42:48.622 15976 15989 E memtrack: Couldn't load memtrack module
12-08 02:42:48.632 15976 15989 E memtrack: Couldn't load memtrack module
12-08 02:42:48.641 15976 15989 E memtrack: Couldn't load memtrack module
12-08 02:42:48.654 15976 15989 E memtrack: Couldn't load memtrack module
12-08 02:42:48.664 15976 15989 E memtrack: Couldn't load memtrack module
12-08 02:42:48.671 15976 15989 E memtrack: Couldn't load memtrack module
12-08 02:42:48.678 15976 15989 E memtrack: Couldn't load memtrack module
12-08 02:42:48.685 15976 15989 E memtrack: Couldn't load memtrack module
12-08 02:42:48.691 15976 15989 E memtrack: Couldn't load memtrack module
12-08 02:42:48.699 15976 15989 E memtrack: Couldn't load memtrack module
12-08 02:42:48.703 15976 15989 E memtrack: Couldn't load memtrack module
12-08 02:42:48.707 15976 15989 E memtrack: Couldn't load memtrack module
12-08 02:42:48.711 15976 15989 E memtrack: Couldn't load memtrack module
12-08 02:42:48.715 15976 15989 E memtrack: Couldn't load memtrack module
12-08 02:42:48.719 15976 15989 E memtrack: Couldn't load memtrack module
12-08 02:42:48.722 15976 15989 E memtrack: Couldn't load memtrack module
12-08 02:42:48.726 15976 15989 E memtrack: Couldn't load memtrack module
12-08 02:42:48.729 15976 15989 E memtrack: Couldn't load memtrack module
12-08 02:42:48.732 15976 15989 E memtrack: Couldn't load memtrack module
12-08 02:42:48.746 15976 15989 E memtrack: Couldn't load memtrack module
12-08 02:42:48.758 15976 15989 E memtrack: Couldn't load memtrack module
12-08 02:42:48.763 15976 15989 E memtrack: Couldn't load memtrack module
12-08 02:42:48.769 15976 15989 E memtrack: Couldn't load memtrack module
12-08 02:42:48.778 15976 15989 E memtrack: Couldn't load memtrack module
12-08 02:42:48.784 15976 15989 E memtrack: Couldn't load memtrack module
12-08 02:42:48.803 15976 15989 E memtrack: Couldn't load memtrack module
12-08 02:42:48.815 15976 15989 E memtrack: Couldn't load memtrack module
12-08 02:42:48.820 15976 15989 E memtrack: Couldn't load memtrack module
12-08 02:42:48.826 15976 15989 E memtrack: Couldn't load memtrack module
12-08 02:42:48.841 15976 15989 E memtrack: Couldn't load memtrack module
12-08 02:42:48.848 15976 15989 E memtrack: Couldn't load memtrack module
12-08 02:42:48.853 15976 15989 E memtrack: Couldn't load memtrack module
12-08 02:42:48.858 15976 15989 E memtrack: Couldn't load memtrack module
12-08 02:42:48.861 15976 15989 E memtrack: Couldn't load memtrack module
12-08 02:42:48.872 15976 15989 E memtrack: Couldn't load memtrack module
12-08 02:42:48.875 15976 15989 E memtrack: Couldn't load memtrack module
12-08 02:42:48.878 15976 15989 E memtrack: Couldn't load memtrack module
12-08 02:42:48.881 15976 15989 E memtrack: Couldn't load memtrack module
12-08 02:42:48.884 15976 15989 E memtrack: Couldn't load memtrack module
12-08 02:42:48.887 15976 15989 E memtrack: Couldn't load memtrack module
12-08 02:42:48.890 15976 15989 E memtrack: Couldn't load memtrack module
12-08 02:42:48.892 15976 15989 E memtrack: Couldn't load memtrack module
12-08 02:42:48.895 15976 15989 E memtrack: Couldn't load memtrack module
12-08 02:42:48.929 15976 15989 E memtrack: Couldn't load memtrack module
12-08 02:42:48.941 15976 15989 E memtrack: Couldn't load memtrack module
12-08 02:42:49.017 15976 15989 E memtrack: Couldn't load memtrack module
12-08 02:42:49.037 15976 15989 E memtrack: Couldn't load memtrack module
12-08 02:42:49.045 16506  2647 E ctxmgr  : [AppIntervalImpl]closeInterval: stopTimeMillis invalid, stop=1544236969045, start=1544238227857
12-08 02:42:49.051 15976 15989 E memtrack: Couldn't load memtrack module
12-08 02:42:49.051 16506  2647 E ctxmgr  : [AppIntervalImpl]closeInterval: stopTimeMillis invalid, stop=1544236969051, start=1544238227858
12-08 02:42:49.063 15976 15989 E memtrack: Couldn't load memtrack module
12-08 02:42:49.073 15976 15989 E memtrack: Couldn't load memtrack module
12-08 02:42:49.079 15976 15989 E memtrack: Couldn't load memtrack module
12-08 02:42:49.090 15976 15989 E memtrack: Couldn't load memtrack module
12-08 02:42:49.094 15976 15989 E memtrack: Couldn't load memtrack module
12-08 02:42:49.099 15976 15989 E memtrack: Couldn't load memtrack module
12-08 02:42:49.142 15976 15989 E memtrack: Couldn't load memtrack module
12-08 02:42:49.206 15976 15989 E memtrack: Couldn't load memtrack module
12-08 02:42:49.246 15927  3546 E audio_hw_generic: pcm_open(in) failed: cannot open device '/dev/snd/pcmC0D0c': Device or resource busy: channels 2 format 0 rate 16000
12-08 02:42:49.306 15976 15989 E memtrack: Couldn't load memtrack module
12-08 02:42:49.361 15976 15989 E memtrack: Couldn't load memtrack module
12-08 02:42:49.429 15976 15989 E memtrack: Couldn't load memtrack module
12-08 02:42:49.504 15976 15989 E memtrack: Couldn't load memtrack module
12-08 02:42:49.561 15976 15989 E memtrack: Couldn't load memtrack module
12-08 02:42:49.614 15976 15989 E memtrack: Couldn't load memtrack module
12-08 02:42:49.665 15976 15989 E memtrack: Couldn't load memtrack module
12-08 02:42:49.733 15976 15989 E memtrack: Couldn't load memtrack module
12-08 02:42:49.782 15976 15989 E memtrack: Couldn't load memtrack module
12-08 02:42:49.837 15976 15989 E memtrack: Couldn't load memtrack module
12-08 02:42:49.885 15976 15989 E memtrack: Couldn't load memtrack module
12-08 02:42:49.935 15976 15989 E memtrack: Couldn't load memtrack module
12-08 02:42:49.984 15976 15989 E memtrack: Couldn't load memtrack module
12-08 02:42:50.033 15976 15989 E memtrack: Couldn't load memtrack module
12-08 02:42:50.080 15976 15989 E memtrack: Couldn't load memtrack module
12-08 02:42:50.145 15976 15989 E memtrack: Couldn't load memtrack module
12-08 02:42:50.204 15976 15989 E memtrack: Couldn't load memtrack module
12-08 02:42:50.268 15976 15989 E memtrack: Couldn't load memtrack module
12-08 02:42:54.387  3553  3553 E id.partnersetu: Not starting debugger since process cannot load the jdwp agent.
12-08 02:42:55.286  3568  3568 E dboxed_process: Not starting debugger since process cannot load the jdwp agent.
12-08 02:42:56.481 16561 16561 E ClientVe: Failed to create ClientVisualElementsProto for user interaction on view com.google.android.apps.gsa.searchbox.ui.suggestions.views.CoreSuggestionView{d7f74b6 VFE...CL. ...P.... 0,142-1038,289 #16d} because the view is not tagged for visual element logging.
12-08 02:42:56.526 16561 16561 E ClientVe: Failed to create ClientVisualElementsProto for user interaction on view com.google.android.apps.gsa.searchbox.ui.suggestions.views.CoreSuggestionView{d7f74b6 VFE...CL. ...P.... 0,142-1038,289 #16d} because the view is not tagged for visual element logging.
12-08 02:42:57.331  3595  3595 E hod.latin:trai: Not starting debugger since process cannot load the jdwp agent.
12-08 02:42:58.363 16561 16570 E ReloadingLock: Finalizing LOCKED Token[searchresults_activity 2018-12-08 02:42:56.942]
12-08 02:42:59.321 16561 16561 E ClientVe: Failed to create ClientVisualElementsProto for user interaction on view com.google.android.apps.gsa.searchbox.ui.suggestions.views.CoreSuggestionView{f9855b7 VFE...CL. .F....ID 0,289-1038,436 #16e} because the view is not tagged for visual element logging.
12-08 02:43:00.538 16561 16561 E ClientVe: Failed to create ClientVisualElementsProto for user interaction on view com.google.android.apps.gsa.searchbox.ui.suggestions.views.CoreSuggestionView{f9855b7 VFE...CL. ...P.... 0,289-1038,436 #16e} because the view is not tagged for visual element logging.
12-08 02:43:00.584 16561 16561 E ClientVe: Failed to create ClientVisualElementsProto for user interaction on view com.google.android.apps.gsa.searchbox.ui.suggestions.views.CoreSuggestionView{847124 VFE...CL. ...P.... 0,436-1038,583 #16f} because the view is not tagged for visual element logging.
12-08 02:43:00.938 16561 16561 E SpannableStringBuilder: SPAN_EXCLUSIVE_EXCLUSIVE spans cannot have a zero length
12-08 02:43:01.001 16561 16561 E SpannableStringBuilder: SPAN_EXCLUSIVE_EXCLUSIVE spans cannot have a zero length
12-08 02:43:02.311 16561 16561 E ClientVe: Failed to create ClientVisualElementsProto for user interaction on view com.google.android.apps.gsa.searchbox.ui.suggestions.views.CoreSuggestionView{847124 VFE...CL. ...P.... 0,436-1038,583 #16f} because the view is not tagged for visual element logging.
12-08 02:43:02.384 16561 16561 E ClientVe: Failed to create ClientVisualElementsProto for user interaction on view com.google.android.apps.gsa.searchbox.ui.suggestions.views.CoreSuggestionView{f9855b7 VFE...CL. ...P.... 0,289-1038,436 #16e} because the view is not tagged for visual element logging.
12-08 02:43:02.482 16561 16561 E ClientVe: Failed to create ClientVisualElementsProto for user interaction on view com.google.android.apps.gsa.searchbox.ui.suggestions.views.CoreSuggestionView{d7f74b6 VFE...CL. ...P.... 0,142-1038,289 #16d} because the view is not tagged for visual element logging.
12-08 02:43:03.188 16561 16561 E ClientVe: Failed to create ClientVisualElementsProto for user interaction on view com.google.android.apps.gsa.searchbox.ui.suggestions.views.CoreSuggestionView{f9855b7 VFE...CL. ...P.... 0,289-1038,436 #16e} because the view is not tagged for visual element logging.
12-08 02:43:03.211 16561 16561 E ClientVe: Failed to create ClientVisualElementsProto for user interaction on view com.google.android.apps.gsa.searchbox.ui.suggestions.views.CoreSuggestionView{f9855b7 VFE...CL. ...P.... 0,289-1038,436 #16e} because the view is not tagged for visual element logging.
12-08 02:43:03.535 16561 16561 E ClientVe: Failed to create ClientVisualElementsProto for user interaction on view com.google.android.apps.gsa.searchbox.ui.suggestions.views.CoreSuggestionView{8b5548d VFE...CL. ...P.... 0,583-1038,730 #170} because the view is not tagged for visual element logging.
12-08 02:43:03.879 16085 16085 E native  : suggestion-transformer.cc:118 suggestion picked candidate not found for id: 2
12-08 02:43:03.883 16085 16085 E native  : suggestion-transformer.cc:118 suggestion picked candidate not found for id: 2
12-08 02:43:03.982 16561 16561 E ClientVe: Failed to create ClientVisualElementsProto for user interaction on view com.google.android.apps.gsa.searchbox.ui.suggestions.views.CoreSuggestionView{d7f74b6 VFE...CL. ...P.... 0,142-1038,289 #16d} because the view is not tagged for visual element logging.
12-08 02:43:04.514  1632  1632 E lowmemorykiller: Error writing /proc/3112/oom_score_adj; errno=22
12-08 02:43:04.514  1632  1632 E lowmemorykiller: Error opening /proc/3353/oom_score_adj; errno=2
12-08 02:43:04.854 16561 16561 E ClientVe: Failed to create ClientVisualElementsProto for user interaction on view com.google.android.apps.gsa.searchbox.ui.suggestions.views.CoreSuggestionView{b69c451 VFE...CL. ...P.... 0,-5-1038,142 #16c} because the view is not tagged for visual element logging.
12-08 02:43:05.815  1632  1632 E lowmemorykiller: Error writing /proc/3595/oom_score_adj; errno=22
12-08 02:43:05.824  1632  1632 E lowmemorykiller: Error opening /proc/3474/oom_score_adj; errno=2
12-08 02:43:05.824  1632  1632 E lowmemorykiller: Error writing /proc/3028/oom_score_adj; errno=22
12-08 02:43:05.872  1632  1632 E lowmemorykiller: Error opening /proc/3474/oom_score_adj; errno=2
