--------- beginning of system
12-09 04:15:15.000  1885  2413 E WindowManager: Performed 6 layouts in a row. Skipping
--------- beginning of main
12-09 04:15:15.037  1885  1938 E WindowManager: Performed 6 layouts in a row. Skipping
12-09 04:15:15.064  1885  1938 E WindowManager: Performed 6 layouts in a row. Skipping
12-09 04:15:15.089  1885  1938 E WindowManager: Performed 6 layouts in a row. Skipping
12-09 04:15:15.107  1885  2413 E WindowManager: Performed 6 layouts in a row. Skipping
12-09 04:15:15.129  1885  1938 E WindowManager: Performed 6 layouts in a row. Skipping
12-09 04:15:15.150  1885  2413 E WindowManager: Performed 6 layouts in a row. Skipping
12-09 04:15:15.178  1885  1938 E WindowManager: Performed 6 layouts in a row. Skipping
12-09 04:15:15.227  1885  1938 E WindowManager: Performed 6 layouts in a row. Skipping
12-09 04:15:15.247  1885  2413 E WindowManager: Performed 6 layouts in a row. Skipping
12-09 04:15:15.282  1885  1938 E WindowManager: Performed 6 layouts in a row. Skipping
12-09 04:15:15.355  1885  1938 E WindowManager: Performed 6 layouts in a row. Skipping
12-09 04:15:17.287  1885  1899 E ActivityManager: Failure starting process com.evancharlton.mileage
12-09 04:15:17.287  1885  1899 E ActivityManager: java.lang.SecurityException: Package com.evancharlton.mileage is currently frozen!
12-09 04:15:17.287  1885  1899 E ActivityManager: 	at com.android.server.pm.PackageManagerService.checkPackageStartable(PackageManagerService.java:4000)
12-09 04:15:17.287  1885  1899 E ActivityManager: 	at com.android.server.am.ActivityManagerService.startProcessLocked(ActivityManagerService.java:4234)
12-09 04:15:17.287  1885  1899 E ActivityManager: 	at com.android.server.am.ActivityManagerService.startProcessLocked(ActivityManagerService.java:4199)
12-09 04:15:17.287  1885  1899 E ActivityManager: 	at com.android.server.am.ActivityManagerService.startProcessLocked(ActivityManagerService.java:4181)
12-09 04:15:17.287  1885  1899 E ActivityManager: 	at com.android.server.am.ActivityManagerService.startProcessLocked(ActivityManagerService.java:4067)
12-09 04:15:17.287  1885  1899 E ActivityManager: 	at com.android.server.am.ActivityStackSupervisor.startSpecificActivityLocked(ActivityStackSupervisor.java:1715)
12-09 04:15:17.287  1885  1899 E ActivityManager: 	at com.android.server.am.ActivityStack.resumeTopActivityInnerLocked(ActivityStack.java:2764)
12-09 04:15:17.287  1885  1899 E ActivityManager: 	at com.android.server.am.ActivityStack.resumeTopActivityUncheckedLocked(ActivityStack.java:2302)
12-09 04:15:17.287  1885  1899 E ActivityManager: 	at com.android.server.am.ActivityStackSupervisor.resumeFocusedStackTopActivityLocked(ActivityStackSupervisor.java:2234)
12-09 04:15:17.287  1885  1899 E ActivityManager: 	at com.android.server.am.ActivityStackSupervisor.resumeFocusedStackTopActivityLocked(ActivityStackSupervisor.java:2218)
12-09 04:15:17.287  1885  1899 E ActivityManager: 	at com.android.server.am.ActivityManagerService.handleAppDiedLocked(ActivityManagerService.java:5923)
12-09 04:15:17.287  1885  1899 E ActivityManager: 	at com.android.server.am.ActivityManagerService.removeProcessLocked(ActivityManagerService.java:7501)
12-09 04:15:17.287  1885  1899 E ActivityManager: 	at com.android.server.am.ActivityManagerService.killPackageProcessesLocked(ActivityManagerService.java:7142)
12-09 04:15:17.287  1885  1899 E ActivityManager: 	at com.android.server.am.ActivityManagerService.forceStopPackageLocked(ActivityManagerService.java:7275)
12-09 04:15:17.287  1885  1899 E ActivityManager: 	at com.android.server.am.ActivityManagerService$MainHandler.handleMessage(ActivityManagerService.java:2289)
12-09 04:15:17.287  1885  1899 E ActivityManager: 	at android.os.Handler.dispatchMessage(Handler.java:106)
12-09 04:15:17.287  1885  1899 E ActivityManager: 	at android.os.Looper.loop(Looper.java:193)
12-09 04:15:17.287  1885  1899 E ActivityManager: 	at android.os.HandlerThread.run(HandlerThread.java:65)
12-09 04:15:17.287  1885  1899 E ActivityManager: 	at com.android.server.ServiceThread.run(ServiceThread.java:44)
12-09 04:15:18.025  4138  4138 E id.defcontaine: Not starting debugger since process cannot load the jdwp agent.
12-09 04:15:18.117  4151  4151 E oid.documentsu: Not starting debugger since process cannot load the jdwp agent.
12-09 04:15:18.138  4167  4167 E ndroid.keychai: Not starting debugger since process cannot load the jdwp agent.
12-09 04:15:18.800  4208  4208 E droid.apps.doc: Not starting debugger since process cannot load the jdwp agent.
12-09 04:15:19.899  4241  4241 E ocess.gservice: Not starting debugger since process cannot load the jdwp agent.
12-09 04:15:20.522  4208  4208 E DocsApplication: [main] No default account found during application creation.
12-09 04:15:21.259  1739  1762 E storaged: getDiskStats failed with result NOT_SUPPORTED and size 0
12-09 04:15:21.458  1731  1949 E         : Couldn't opendir /data/app/vmdl994114125.tmp: No such file or directory
12-09 04:15:21.458  1731  1949 E installd: Failed to delete /data/app/vmdl994114125.tmp: No such file or directory
12-09 04:15:23.870  4295  4295 E harlton.mileag: Not starting debugger since process cannot load the jdwp agent.
12-09 04:15:25.080  1994  7294 E putmethod.lati: Invalid ID 0x00000001.
12-09 04:15:25.094  1994  7294 E LstmTrainingCache: emn: Can't get resource name for input slot
12-09 04:15:25.094  1994  7294 E LstmTrainingCache: android.content.res.Resources$NotFoundException: Unable to find resource ID #0x1
12-09 04:15:25.094  1994  7294 E LstmTrainingCache: 	at android.content.res.ResourcesImpl.getResourceName(ResourcesImpl.java:255)
12-09 04:15:25.094  1994  7294 E LstmTrainingCache: 	at android.content.res.Resources.getResourceName(Resources.java:1954)
12-09 04:15:25.094  1994  7294 E LstmTrainingCache: 	at emn.a(PG:12)
12-09 04:15:25.094  1994  7294 E LstmTrainingCache: 	at emk.run(PG:5)
12-09 04:15:25.094  1994  7294 E LstmTrainingCache: 	at java.lang.Thread.run(Thread.java:764)
12-09 04:15:31.920  1994  7294 E putmethod.lati: Invalid ID 0x00000001.
12-09 04:15:31.920  1994  7294 E LstmTrainingCache: emn: Can't get resource name for input slot
12-09 04:15:31.920  1994  7294 E LstmTrainingCache: android.content.res.Resources$NotFoundException: Unable to find resource ID #0x1
12-09 04:15:31.920  1994  7294 E LstmTrainingCache: 	at android.content.res.ResourcesImpl.getResourceName(ResourcesImpl.java:255)
12-09 04:15:31.920  1994  7294 E LstmTrainingCache: 	at android.content.res.Resources.getResourceName(Resources.java:1954)
12-09 04:15:31.920  1994  7294 E LstmTrainingCache: 	at emn.a(PG:12)
12-09 04:15:31.920  1994  7294 E LstmTrainingCache: 	at emk.run(PG:5)
12-09 04:15:31.920  1994  7294 E LstmTrainingCache: 	at java.lang.Thread.run(Thread.java:764)
12-09 04:15:34.126  4320  4320 E emui:screensho: Not starting debugger since process cannot load the jdwp agent.
12-09 04:15:34.778  4320  4320 E SoundPool: error loading /product/media/audio/ui/camera_click.ogg
12-09 04:15:35.115  1741  2075 E OMXNodeInstance: getConfig(0xe93910c0:google.vorbis.decoder, ConfigAndroidVendorExtension(0x6f100004)) ERROR: Undefined(0x80001001)
12-09 04:15:36.107  1633  1633 E lowmemorykiller: Error writing /proc/3978/oom_score_adj; errno=22
12-09 04:15:36.107  1633  1633 E lowmemorykiller: Error writing /proc/4208/oom_score_adj; errno=22
12-09 04:15:36.107  1633  1633 E lowmemorykiller: Error writing /proc/4151/oom_score_adj; errno=22
12-09 04:15:36.138  1633  1633 E lowmemorykiller: Error writing /proc/4208/oom_score_adj; errno=22
12-09 04:15:37.789  4354  4354 E d.process.medi: Not starting debugger since process cannot load the jdwp agent.
12-09 04:15:40.429  4375  4375 E earchbox:searc: Not starting debugger since process cannot load the jdwp agent.
12-09 04:15:41.721  4375  4375 E OverlaySController: Calling with an invalid UID, the interface will not work
12-09 04:15:42.301  4413  4413 E id.partnersetu: Not starting debugger since process cannot load the jdwp agent.
12-09 04:15:42.327  4427  4427 E e.process.gapp: Not starting debugger since process cannot load the jdwp agent.
12-09 04:15:42.346  4375  4402 E BluetoothAdapter: Bluetooth binder is null
12-09 04:15:46.838  2378  3570 E ctxmgr  : [ProducerStatusImpl]updateStateForNewContextData: inactive, contextName=7
12-09 04:15:47.002  2378  2378 E BeaconBle: Missing BluetoothAdapter
12-09 04:15:47.072  2378  2378 E BeaconBle: Scan couldn't start for Places
12-09 04:15:48.636  4480  4480 E oid.apps.photo: Not starting debugger since process cannot load the jdwp agent.
12-09 04:15:48.784  1885  5349 E WindowManager: Performed 6 layouts in a row. Skipping
12-09 04:15:48.831  1885  1938 E WindowManager: Performed 6 layouts in a row. Skipping
12-09 04:15:48.901  1885  1938 E WindowManager: Performed 6 layouts in a row. Skipping
12-09 04:15:48.935  1885  1938 E WindowManager: Performed 6 layouts in a row. Skipping
12-09 04:15:49.015  1885  1938 E WindowManager: Performed 6 layouts in a row. Skipping
12-09 04:15:49.053  1885  1938 E WindowManager: Performed 6 layouts in a row. Skipping
12-09 04:15:49.078  1885  1938 E WindowManager: Performed 6 layouts in a row. Skipping
12-09 04:15:49.113  1885  4768 E WindowManager: Performed 6 layouts in a row. Skipping
12-09 04:15:49.147  1885  1938 E WindowManager: Performed 6 layouts in a row. Skipping
12-09 04:15:49.179  1885  1938 E WindowManager: Performed 6 layouts in a row. Skipping
12-09 04:15:49.211  1885  1938 E WindowManager: Performed 6 layouts in a row. Skipping
12-09 04:15:49.260  1885  1896 E WindowManager: Performed 6 layouts in a row. Skipping
12-09 04:15:49.289  1885  1938 E WindowManager: Performed 6 layouts in a row. Skipping
12-09 04:15:49.323  1885  1938 E WindowManager: Performed 6 layouts in a row. Skipping
12-09 04:15:51.089  4375  4375 E ContextIntentStarter: No activity found for any of the 0 intents
12-09 04:16:13.333  1834  1834 E netmgr  : Failed to open QEMU pipe 'qemud:network': Invalid argument
12-09 04:16:13.333  1834  1834 E netmgr  : WifiForwarder unable to open QEMU pipe: Invalid argument
12-09 04:16:21.267  1739  1762 E storaged: getDiskStats failed with result NOT_SUPPORTED and size 0
12-09 04:17:13.335  1834  1834 E netmgr  : Failed to open QEMU pipe 'qemud:network': Invalid argument
12-09 04:17:13.336  1834  1834 E netmgr  : WifiForwarder unable to open QEMU pipe: Invalid argument
12-09 04:17:21.268  1739  1762 E storaged: getDiskStats failed with result NOT_SUPPORTED and size 0
12-09 04:18:13.338  1834  1834 E netmgr  : Failed to open QEMU pipe 'qemud:network': Invalid argument
12-09 04:18:13.338  1834  1834 E netmgr  : WifiForwarder unable to open QEMU pipe: Invalid argument
12-09 04:18:21.269  1739  1762 E storaged: getDiskStats failed with result NOT_SUPPORTED and size 0
12-09 04:18:22.215  2524  2836 E PlayCommon: [104] com.google.android.play.b.g.a(448): Failed to connect to server: java.net.UnknownHostException: Unable to resolve host "play.googleapis.com": No address associated with hostname
