--------- beginning of main
--------- beginning of system
12-07 20:30:35.366  1729  1752 E         : Couldn't opendir /data/app/vmdl2019751840.tmp: No such file or directory
12-07 20:30:35.366  1729  1752 E installd: Failed to delete /data/app/vmdl2019751840.tmp: No such file or directory
12-07 20:30:38.014 25961 25961 E harlton.mileag: Not starting debugger since process cannot load the jdwp agent.
12-07 20:30:39.910 16085 24146 E putmethod.lati: Invalid ID 0x00000001.
12-07 20:30:39.917 16085 24146 E LstmTrainingCache: emn: Can't get resource name for input slot
12-07 20:30:39.917 16085 24146 E LstmTrainingCache: android.content.res.Resources$NotFoundException: Unable to find resource ID #0x1
12-07 20:30:39.917 16085 24146 E LstmTrainingCache: 	at android.content.res.ResourcesImpl.getResourceName(ResourcesImpl.java:255)
12-07 20:30:39.917 16085 24146 E LstmTrainingCache: 	at android.content.res.Resources.getResourceName(Resources.java:1954)
12-07 20:30:39.917 16085 24146 E LstmTrainingCache: 	at emn.a(PG:12)
12-07 20:30:39.917 16085 24146 E LstmTrainingCache: 	at emk.run(PG:5)
12-07 20:30:39.917 16085 24146 E LstmTrainingCache: 	at java.lang.Thread.run(Thread.java:764)
12-07 20:30:45.274 15927 25989 E audio_hw_generic: pcm_open(in) failed: cannot open device '/dev/snd/pcmC0D0c': Device or resource busy: channels 2 format 0 rate 16000
12-07 20:30:45.625 16506 25497 E ctxmgr  : [AppIntervalImpl]closeInterval: stopTimeMillis invalid, stop=1544232645625, start=1544238227857
12-07 20:30:45.633 16506 25497 E ctxmgr  : [AppIntervalImpl]closeInterval: stopTimeMillis invalid, stop=1544232645633, start=1544238227858
12-07 20:30:55.944 16506 16506 E BeaconBle: Missing BluetoothAdapter
12-07 20:30:56.030 16506 16506 E BeaconBle: Scan couldn't start for Places
12-07 20:31:08.884  1829  1829 E netmgr  : Failed to open QEMU pipe 'qemud:network': Invalid argument
12-07 20:31:08.884  1829  1829 E netmgr  : WifiForwarder unable to open QEMU pipe: Invalid argument
12-07 20:31:12.552 16561 16561 E ContextIntentStarter: No activity found for any of the 0 intents
12-07 20:31:24.894 15927 26039 E audio_hw_generic: pcm_open(in) failed: cannot open device '/dev/snd/pcmC0D0c': Device or resource busy: channels 2 format 0 rate 16000
12-07 20:31:30.943  1737  1809 E storaged: getDiskStats failed with result NOT_SUPPORTED and size 0
12-07 20:32:08.891  1829  1829 E netmgr  : Failed to open QEMU pipe 'qemud:network': Invalid argument
12-07 20:32:08.891  1829  1829 E netmgr  : WifiForwarder unable to open QEMU pipe: Invalid argument
12-07 20:32:30.957  1737  1809 E storaged: getDiskStats failed with result NOT_SUPPORTED and size 0
12-07 20:33:08.904  1829  1829 E netmgr  : Failed to open QEMU pipe 'qemud:network': Invalid argument
12-07 20:33:08.905  1829  1829 E netmgr  : WifiForwarder unable to open QEMU pipe: Invalid argument
12-07 20:33:30.959  1737  1809 E storaged: getDiskStats failed with result NOT_SUPPORTED and size 0
12-07 20:34:08.920  1829  1829 E netmgr  : Failed to open QEMU pipe 'qemud:network': Invalid argument
12-07 20:34:08.920  1829  1829 E netmgr  : WifiForwarder unable to open QEMU pipe: Invalid argument
12-07 20:34:30.961  1737  1809 E storaged: getDiskStats failed with result NOT_SUPPORTED and size 0
12-07 20:34:33.727 16788 17129 E PlayCommon: [121] com.google.android.play.b.g.a(448): Failed to connect to server: java.net.UnknownHostException: Unable to resolve host "play.googleapis.com": No address associated with hostname
12-07 20:34:56.664 26107 26107 E hod.latin:trai: Not starting debugger since process cannot load the jdwp agent.
12-07 20:35:00.972 16085 16085 E native  : suggestion-transformer.cc:118 suggestion picked candidate not found for id: 1
12-07 20:35:01.570 15976 19423 E WindowManager: Performed 6 layouts in a row. Skipping
12-07 20:35:01.589 15976 16026 E WindowManager: Performed 6 layouts in a row. Skipping
12-07 20:35:01.620 15976 16026 E WindowManager: Performed 6 layouts in a row. Skipping
12-07 20:35:01.644 15976 16026 E WindowManager: Performed 6 layouts in a row. Skipping
12-07 20:35:01.674 15976 15991 E WindowManager: Performed 6 layouts in a row. Skipping
12-07 20:35:01.706 15976 16026 E WindowManager: Performed 6 layouts in a row. Skipping
12-07 20:35:01.771 15976 16026 E WindowManager: Performed 6 layouts in a row. Skipping
12-07 20:35:01.791 15976 19423 E WindowManager: Performed 6 layouts in a row. Skipping
12-07 20:35:01.835 15976 16026 E WindowManager: Performed 6 layouts in a row. Skipping
12-07 20:35:01.919 15976 16026 E WindowManager: Performed 6 layouts in a row. Skipping
12-07 20:35:01.938 15976 19423 E WindowManager: Performed 6 layouts in a row. Skipping
12-07 20:35:01.986 15976 15991 E WindowManager: Performed 6 layouts in a row. Skipping
12-07 20:35:02.016 15976 16026 E WindowManager: Performed 6 layouts in a row. Skipping
12-07 20:35:02.087 15976 16026 E WindowManager: Performed 6 layouts in a row. Skipping
