--------- beginning of system
12-08 09:43:07.928  1738  1772 E storaged: getDiskStats failed with result NOT_SUPPORTED and size 0
12-08 09:43:18.133  1739  1739 E wificond: NL80211_CMD_TRIGGER_SCAN failed: Device or resource busy
--------- beginning of main
12-08 09:43:30.444  2475 10390 E SQLiteCastStore: Skip saving CastDeviceInfo: "Nearby device" (__cast_nearby___V_3addc05a-8da4-4577-bd72-3abc7c5ad15f)
12-08 09:43:30.512 12273 12273 E harlton.mileag: Not starting debugger since process cannot load the jdwp agent.
12-08 09:43:40.599  1881  1896 E AutofillSession: No assist structure - app might have crashed providing it
12-08 09:43:40.865  1992  6060 E putmethod.lati: Invalid ID 0x00000001.
12-08 09:43:40.883  1992  6060 E LstmTrainingCache: emn: Can't get resource name for input slot
12-08 09:43:40.883  1992  6060 E LstmTrainingCache: android.content.res.Resources$NotFoundException: Unable to find resource ID #0x1
12-08 09:43:40.883  1992  6060 E LstmTrainingCache: 	at android.content.res.ResourcesImpl.getResourceName(ResourcesImpl.java:255)
12-08 09:43:40.883  1992  6060 E LstmTrainingCache: 	at android.content.res.Resources.getResourceName(Resources.java:1954)
12-08 09:43:40.883  1992  6060 E LstmTrainingCache: 	at emn.a(PG:12)
12-08 09:43:40.883  1992  6060 E LstmTrainingCache: 	at emk.run(PG:5)
12-08 09:43:40.883  1992  6060 E LstmTrainingCache: 	at java.lang.Thread.run(Thread.java:764)
12-08 09:43:43.321 12294 12294 E hod.latin:trai: Not starting debugger since process cannot load the jdwp agent.
12-08 09:43:53.360  1828  1828 E netmgr  : Failed to open QEMU pipe 'qemud:network': Invalid argument
12-08 09:43:53.360  1828  1828 E netmgr  : WifiForwarder unable to open QEMU pipe: Invalid argument
12-08 09:44:01.155  1739  1739 E wificond: NL80211_CMD_TRIGGER_SCAN failed: Device or resource busy
12-08 09:44:08.805  1738  1772 E storaged: getDiskStats failed with result NOT_SUPPORTED and size 0
12-08 09:44:19.026  1881  1896 E AutofillSession: No assist structure - app might have crashed providing it
12-08 09:44:36.860  1992  6060 E putmethod.lati: Invalid ID 0x00000001.
12-08 09:44:36.863  1992  6060 E LstmTrainingCache: emn: Can't get resource name for input slot
12-08 09:44:36.863  1992  6060 E LstmTrainingCache: android.content.res.Resources$NotFoundException: Unable to find resource ID #0x1
12-08 09:44:36.863  1992  6060 E LstmTrainingCache: 	at android.content.res.ResourcesImpl.getResourceName(ResourcesImpl.java:255)
12-08 09:44:36.863  1992  6060 E LstmTrainingCache: 	at android.content.res.Resources.getResourceName(Resources.java:1954)
12-08 09:44:36.863  1992  6060 E LstmTrainingCache: 	at emn.a(PG:12)
12-08 09:44:36.863  1992  6060 E LstmTrainingCache: 	at emk.run(PG:5)
12-08 09:44:36.863  1992  6060 E LstmTrainingCache: 	at java.lang.Thread.run(Thread.java:764)
12-08 09:44:54.645  1828  1828 E netmgr  : Failed to open QEMU pipe 'qemud:network': Invalid argument
12-08 09:44:54.645  1828  1828 E netmgr  : WifiForwarder unable to open QEMU pipe: Invalid argument
12-08 09:45:10.116  1738  1772 E storaged: getDiskStats failed with result NOT_SUPPORTED and size 0
12-08 09:45:30.597  2448 11944 E ctxmgr  : [ProducerStatusImpl]updateStateForNewContextData: inactive, contextName=7
12-08 09:45:30.711  2448 11944 E ctxmgr  : [ProducerStatusImpl]updateStateForNewContextData: inactive, contextName=1
12-08 09:45:30.712  2448 11944 E ctxmgr  : [ProducerStatusImpl]updateStateForNewContextData: inactive, contextName=1
12-08 09:45:33.197  2448  2448 E BeaconBle: Missing BluetoothAdapter
12-08 09:45:33.256  2448  2448 E BeaconBle: Scan couldn't start for Places
12-08 09:45:51.486  2692  2692 E ContextIntentStarter: No activity found for any of the 0 intents
12-08 09:45:56.217  1828  1828 E netmgr  : Failed to open QEMU pipe 'qemud:network': Invalid argument
12-08 09:45:56.217  1828  1828 E netmgr  : WifiForwarder unable to open QEMU pipe: Invalid argument
12-08 09:46:03.884  2692  3033 E MicroDetectionWorker: Stale runnable..ignoring
12-08 09:46:09.377  2448 12353 E ctxmgr  : [ProducerStatusImpl]updateStateForNewContextData: inactive, contextName=7
12-08 09:46:11.757  1738  1772 E storaged: getDiskStats failed with result NOT_SUPPORTED and size 0
12-08 09:46:14.334  2448  2448 E BeaconBle: Missing BluetoothAdapter
12-08 09:46:14.491  2448  2448 E BeaconBle: Scan couldn't start for Places
12-08 09:46:16.966 12362 12362 E boxed_process3: Not starting debugger since process cannot load the jdwp agent.
12-08 09:46:37.649  1611  1695 E audio_hw_generic: pcm_write failed cannot write stream data: I/O error
12-08 09:46:48.074  1611  1695 E audio_hw_generic: pcm_write failed cannot write stream data: I/O error
12-08 09:46:56.274  1828  1828 E netmgr  : Failed to open QEMU pipe 'qemud:network': Invalid argument
12-08 09:46:56.274  1828  1828 E netmgr  : WifiForwarder unable to open QEMU pipe: Invalid argument
12-08 09:47:09.070  1611  1695 E audio_hw_generic: pcm_write failed cannot write stream data: I/O error
12-08 09:47:11.759  1738  1772 E storaged: getDiskStats failed with result NOT_SUPPORTED and size 0
12-08 09:47:19.472  1611  1695 E audio_hw_generic: pcm_write failed cannot write stream data: I/O error
12-08 09:47:29.825  1611  1695 E audio_hw_generic: pcm_write failed cannot write stream data: I/O error
12-08 09:47:35.192  1881  1898 E libprocessgroup: Error encountered killing process cgroup uid 99078 pid 12362: No such file or directory
12-08 09:47:40.044  1611  1695 E audio_hw_generic: pcm_write failed cannot write stream data: I/O error
