--------- beginning of main
--------- beginning of system
12-07 11:45:49.139  1727  1945 E         : Couldn't opendir /data/app/vmdl1571490867.tmp: No such file or directory
12-07 11:45:49.139  1727  1945 E installd: Failed to delete /data/app/vmdl1571490867.tmp: No such file or directory
12-07 11:45:53.521  1829  1829 E netmgr  : Failed to open QEMU pipe 'qemud:network': Invalid argument
12-07 11:45:53.522  1829  1829 E netmgr  : WifiForwarder unable to open QEMU pipe: Invalid argument
12-07 11:46:01.010 27619 27619 E harlton.mileag: Not starting debugger since process cannot load the jdwp agent.
12-07 11:46:23.069  1735  1809 E storaged: getDiskStats failed with result NOT_SUPPORTED and size 0
12-07 11:46:31.079  1880  1900 E BatteryExternalStatsWorker: no controller energy info supplied for wifi
12-07 11:46:55.581  1829  1829 E netmgr  : Failed to open QEMU pipe 'qemud:network': Invalid argument
12-07 11:46:55.581  1829  1829 E netmgr  : WifiForwarder unable to open QEMU pipe: Invalid argument
12-07 11:47:18.279  1610  1692 E audio_hw_generic: pcm_write failed cannot write stream data: I/O error
12-07 11:47:23.286  1735  1809 E storaged: getDiskStats failed with result NOT_SUPPORTED and size 0
12-07 11:47:33.470 26518 26536 E s.nexuslaunche: Failed to open APK '/data/app/com.evancharlton.mileage-MeSyrfUmfyqz7uuwwO78NQ==/base.apk' I/O error
12-07 11:47:33.470 26518 26536 E ResourcesManager: failed to add asset path /data/app/com.evancharlton.mileage-MeSyrfUmfyqz7uuwwO78NQ==/base.apk
12-07 11:47:38.753 19845 19896 E MicroDetectionWorker: Stale runnable..ignoring
12-07 11:47:41.154  2378 27525 E ctxmgr  : [ProducerStatusImpl]updateStateForNewContextData: inactive, contextName=7
12-07 11:47:41.263  2378 27525 E ctxmgr  : [ProducerStatusImpl]updateStateForNewContextData: inactive, contextName=1
12-07 11:47:41.263  2378 27525 E ctxmgr  : [ProducerStatusImpl]updateStateForNewContextData: inactive, contextName=1
12-07 11:47:41.389  2378  2378 E BeaconBle: Missing BluetoothAdapter
12-07 11:47:41.426  2378  2378 E BeaconBle: Scan couldn't start for Places
12-07 11:47:46.424 19845 19845 E ContextIntentStarter: No activity found for any of the 0 intents
12-07 11:47:53.797  1625  1625 E android.hardware.wifi@1.0-service: Failed to register radio mode change callback
12-07 11:47:53.805  1625  1625 E android.hardware.wifi@1.0-service: Failed to set DFS flag; DFS channels may be unavailable.
12-07 11:47:53.936  1736  1736 E wificond: No Offload Service available
12-07 11:47:56.173  1829  1829 E netmgr  : Failed to open QEMU pipe 'qemud:network': Invalid argument
12-07 11:47:56.174  1829  1829 E netmgr  : WifiForwarder unable to open QEMU pipe: Invalid argument
12-07 11:47:56.423  2378 27674 E ctxmgr  : [ProducerStatusImpl]updateStateForNewContextData: inactive, contextName=7
12-07 11:47:56.567  1880  1969 E WifiP2pService: Unhandled message { when=-3ms what=131203 target=com.android.internal.util.StateMachine$SmHandler }
12-07 11:47:58.604  1880  1969 E WifiP2pService: Unhandled message { when=-1ms what=131203 target=com.android.internal.util.StateMachine$SmHandler }
12-07 11:47:58.708  1880  1900 E BatteryExternalStatsWorker: no controller energy info supplied for wifi
12-07 11:47:58.813  1880  1900 E BatteryExternalStatsWorker: no controller energy info supplied for wifi
12-07 11:48:01.288 19845 27256 E Search.IcingConnection: Could not connect to Icing. Error code 15.
12-07 11:48:01.386 20586 20586 E Bugle   : com.google.android.apps.messaging.shared.util.common.AsyncTimeoutReporter$SilentTimeoutError: CountryCodeDetectorAction.executeAction did not complete in 1000ms
12-07 11:48:01.405  1880  1970 E ConnectivityService: exception in setMtu()java.lang.IllegalStateException: command '1312 interface setmtu radio0 1500' failed with '400 1312 Failed to set MTU (Permission denied)'
12-07 11:48:03.577  2378  2378 E BeaconBle: Missing BluetoothAdapter
12-07 11:48:03.717  2378  2378 E BeaconBle: Scan couldn't start for Places
12-07 11:48:04.044 27718 27718 E .android.diale: Not starting debugger since process cannot load the jdwp agent.
12-07 11:48:08.931 27748 27748 E boxed_process2: Not starting debugger since process cannot load the jdwp agent.
12-07 11:48:11.388  1880  1895 E memtrack: Couldn't load memtrack module
12-07 11:48:11.449 27718 27718 E .android.diale: The String#value field is not present on Android versions >= 6.0
12-07 11:48:13.235 27718 27772 E PhenotypeFlagCommitter: Retrieving snapshot for com.google.android.dialer failed
12-07 11:48:13.235 27718 27772 E PhenotypeFlagCommitter: java.util.concurrent.TimeoutException: Timed out waiting for Task
12-07 11:48:13.235 27718 27772 E PhenotypeFlagCommitter: 	at fas.a(Unknown Source:77)
12-07 11:48:13.235 27718 27772 E PhenotypeFlagCommitter: 	at fpa.a(Unknown Source:3)
12-07 11:48:13.235 27718 27772 E PhenotypeFlagCommitter: 	at edu.a(PG:7)
12-07 11:48:13.235 27718 27772 E PhenotypeFlagCommitter: 	at bcc.c(PG:14)
12-07 11:48:13.235 27718 27772 E PhenotypeFlagCommitter: 	at bcd.run(Unknown Source:2)
12-07 11:48:13.235 27718 27772 E PhenotypeFlagCommitter: 	at java.util.concurrent.Executors$RunnableAdapter.call(Executors.java:458)
12-07 11:48:13.235 27718 27772 E PhenotypeFlagCommitter: 	at java.util.concurrent.FutureTask.run(FutureTask.java:266)
12-07 11:48:13.235 27718 27772 E PhenotypeFlagCommitter: 	at java.util.concurrent.ScheduledThreadPoolExecutor$ScheduledFutureTask.run(ScheduledThreadPoolExecutor.java:301)
12-07 11:48:13.235 27718 27772 E PhenotypeFlagCommitter: 	at java.util.concurrent.ThreadPoolExecutor.runWorker(ThreadPoolExecutor.java:1167)
12-07 11:48:13.235 27718 27772 E PhenotypeFlagCommitter: 	at java.util.concurrent.ThreadPoolExecutor$Worker.run(ThreadPoolExecutor.java:641)
12-07 11:48:13.235 27718 27772 E PhenotypeFlagCommitter: 	at java.lang.Thread.run(Thread.java:764)
12-07 11:48:13.442  1880  1968 E WificondScannerImpl: Timed out waiting for scan result from wificond
12-07 11:48:15.837  1736  1736 E wificond: NL80211_CMD_TRIGGER_SCAN failed: Device or resource busy
12-07 11:48:15.837  1880  1968 E WificondScannerImpl: Failed to start scan, freqs=null
12-07 11:48:15.839  2378 27785 E WakeLock: GCM_CONN_ALARM release without a matched acquire!
12-07 11:48:18.313  1880  1896 E ActivityManager: ANR in com.google.android.dialer
12-07 11:48:18.313  1880  1896 E ActivityManager: PID: 27718
12-07 11:48:18.313  1880  1896 E ActivityManager: Reason: Broadcast of Intent { act=android.telephony.action.SHOW_VOICEMAIL_NOTIFICATION flg=0x10000010 pkg=com.google.android.dialer cmp=com.google.android.dialer/com.android.dialer.app.voicemail.LegacyVoicemailNotificationReceiver (has extras) }
12-07 11:48:18.313  1880  1896 E ActivityManager: Load: 0.0 / 0.0 / 0.0
12-07 11:48:18.313  1880  1896 E ActivityManager: CPU usage from 5137ms to 0ms ago (2018-12-07 11:48:08.890 to 2018-12-07 11:48:13.591):
12-07 11:48:18.313  1880  1896 E ActivityManager:   56% 1880/system_server: 34% user + 22% kernel / faults: 670 minor 7 major
12-07 11:48:18.313  1880  1896 E ActivityManager:   44% 646/kswapd0: 0% user + 44% kernel
12-07 11:48:18.313  1880  1896 E ActivityManager:   44% 2482/com.google.android.gms: 21% user + 23% kernel / faults: 642 minor 73 major
12-07 11:48:18.313  1880  1896 E ActivityManager:   43% 1722/surfaceflinger: 17% user + 25% kernel / faults: 2 minor
12-07 11:48:18.313  1880  1896 E ActivityManager:   39% 2300/adbd: 2.5% user + 37% kernel / faults: 14353 minor
12-07 11:48:18.313  1880  1896 E ActivityManager:   38% 21141/kworker/u8:5: 0% user + 38% kernel
12-07 11:48:18.313  1880  1896 E ActivityManager:   5.6% 19845/com.google.android.googlequicksearchbox:search: 5.6% user + 0% kernel / faults: 522 minor 87 major
12-07 11:48:18.313  1880  1896 E ActivityManager:   3.5% 27718/com.google.android.dialer: 3.5% user + 0% kernel / faults: 743 minor 17 major
12-07 11:48:18.313  1880  1896 E ActivityManager:   2.9% 1701/kworker/u9:2: 0% user + 2.9% kernel
12-07 11:48:18.313  1880  1896 E ActivityManager:   2.5% 1702/kworker/u9:3: 0% user + 2.5% kernel
12-07 11:48:18.313  1880  1896 E ActivityManager:   2.3% 2378/com.google.android.gms.persistent: 1.3% user + 0.9% kernel / faults: 430 minor 44 major
12-07 11:48:18.313  1880  1896 E ActivityManager:   2.3% 27312/kworker/u9:0: 0% user + 2.3% kernel
12-07 11:48:18.313  1880  1896 E ActivityManager:   2.1% 2008/com.android.systemui: 1.5% user + 0.5% kernel / faults: 62 minor 4 major
12-07 11:48:18.313  1880  1896 E ActivityManager:   1.7% 1992/com.google.android.inputmethod.latin: 1.1% user + 0.5% kernel / faults: 23 minor 4 major
12-07 11:48:18.313  1880  1896 E ActivityManager:   1.1% 27748/webview_zygote: 0% user + 1.1% kernel / faults: 2148 minor 64 major
12-07 11:48:18.313  1880  1896 E ActivityManager:   0.9% 1553/logd: 0% user + 0.9% kernel
12-07 11:48:18.313  1880  1896 E ActivityManager:   0.9% 1745/android.hardware.graphics.composer@2.1-service: 0% user + 0.9% kernel / faults: 2 minor
12-07 11:48:18.313  1880  1896 E ActivityManager:   0.9% 2780/com.android.vending: 0.1% user + 0.7% kernel / faults: 40 minor 29 major
12-07 11:48:18.313  1880  1896 E ActivityManager:   0.9% 27474/kworker/u9:1: 0% user + 0.9% kernel
12-07 11:48:18.313  1880  1896 E ActivityManager:   0.9% 27609/com.android.commands.monkey: 0% user + 0.9% kernel / faults: 3 minor
12-07 11:48:18.313  1880  1896 E ActivityManager:   0% 18700/kworker/u9:4: 0% user + 0% kernel
12-07 11:48:18.313  1880  1896 E ActivityManager:   0.7% 22205/kworker/u8:3: 0% user + 0.7% kernel
12-07 11:48:18.313  1880  1896 E ActivityManager:   0.1% 26995/com.google.android.apps.photos: 0% user + 0% kernel / faults: 131 minor 35 major
12-07 11:48:18.313  1880  1896 E ActivityManager:   0.5% 1554/servicemanager: 0% user + 0.5% kernel
12-07 11:48:18.313  1880  1896 E ActivityManager:   0% 26377/com.android.providers.calendar: 0% user + 0% kernel / faults: 65 minor 10 major
12-07 11:48:18.313  1880  1896 E ActivityManager:   0.5% 26518/com.google.android.apps.nexuslauncher: 0% user + 0.5% kernel / faults: 508 minor 37 major
12-07 11:48:18.313  1880  1896 E ActivityManager:   0% 26903/android.process.acore: 0% user + 0% kernel / faults: 23 minor 8 major
12-07 11:48:18.313  1880  1896 E ActivityManager:   0.3% 2125/com.android.phone: 0% user + 0.3% kernel / faults: 22 minor 1 major
12-07 11:48:18.313  1880  1896 E ActivityManager:   0.3% 25658/kworker/u8:2: 0% user + 0.3% kernel
12-07 11:48:18.313  1880  1896 E ActivityManager:   0.3% 27178/com.google.android.partnersetup: 0.3% user + 0% kernel / faults: 25 minor
12-07 11:48:18.313  1880  1896 E ActivityManager:   0.1% 3/ksoftirqd/0: 0% user + 0.1% kernel
12-07 11:48:18.313  1880  1896 E ActivityManager:   0% 16/ksoftirqd/2: 0% user + 0% kernel
12-07 11:48:18.313  1880  1896 E ActivityManager:   0.1% 1624/android.hardware.sensors@1.0-service: 0% user + 0.1% kernel
12-07 11:48:18.313  1880  1896 E ActivityManager:   0% 1627/qemu-props: 0% user + 0% kernel
12-07 11:48:18.313  1880  1896 E ActivityManager:   0.1% 1715/jbd2/dm-1-8: 0% user + 0.1% kernel
12-07 11:48:18.313  1880  1896 E ActivityManager:   0.1% 1733/netd: 0.1% user + 0% kernel / faults: 21 minor
12-07 11:48:18.313  1880  1896 E ActivityManager:   0.1% 1738/rild: 0% user + 0.1% kernel / faults: 2 minor
12-07 11:48:18.313  1880  1896 E ActivityManager:   0% 1854/dhcpclient: 0% user + 0% kernel / faults: 2 major
12-07 11:48:18.313  1880  1896 E ActivityManager:   0.1% 2314/mdnsd: 0% user + 0.1% kernel
12-07 11:48:18.313  1880  1896 E ActivityManager:   0.1% 2318/logcat: 0% user + 0.1% kernel
12-07 11:48:18.313  1880  1896 E ActivityManager:   0.1% 20586/com.google.android.apps.messaging: 0.1% user + 0% kernel / faults: 2 minor
12-07 11:48:18.313  1880  1896 E ActivityManager:   0.1% 23839/kworker/u8:1: 0% user + 0.1% kernel
12-07 11:48:18.313  1880  1896 E ActivityManager:   0% 25584/kworker/1:1: 0% user + 0% kernel
12-07 11:48:18.313  1880  1896 E ActivityManager:   0% 26441/com.google.process.gservices: 0% user + 0% kernel / faults: 21 minor
12-07 11:48:18.313  1880  1896 E ActivityManager:   0% 26949/com.android.systemui:screenshot: 0% user + 0% kernel / faults: 9 minor
12-07 11:48:18.313  1880  1896 E ActivityManager: 46% TOTAL: 17% user + 25% kernel + 1.5% iowait + 1% softirq
12-07 11:48:18.313  1880  1896 E ActivityManager: CPU usage from 23504558ms to 23504558ms ago (1970-01-01 00:00:00.000 to 1970-01-01 00:00:00.000) with 0% awake:
12-07 11:48:18.313  1880  1896 E ActivityManager: 0% TOTAL: 0% user + 0% kernel
12-07 11:48:20.807 27803 27803 E droid.deskcloc: Not starting debugger since process cannot load the jdwp agent.
12-07 11:48:20.986 27803 27803 E LoadedApk: Unable to instantiate appComponentFactory
12-07 11:48:20.986 27803 27803 E LoadedApk: java.lang.ClassNotFoundException: Didn't find class "android.support.v4.app.CoreComponentFactory" on path: DexPathList[[zip file "/data/app/com.google.android.deskclock-irjeQ48B8SlCzNgOUY6aXg==/base.apk"],nativeLibraryDirectories=[/data/app/com.google.android.deskclock-irjeQ48B8SlCzNgOUY6aXg==/lib/x86, /system/lib]]
12-07 11:48:20.986 27803 27803 E LoadedApk: 	at dalvik.system.BaseDexClassLoader.findClass(BaseDexClassLoader.java:134)
12-07 11:48:20.986 27803 27803 E LoadedApk: 	at java.lang.ClassLoader.loadClass(ClassLoader.java:379)
12-07 11:48:20.986 27803 27803 E LoadedApk: 	at java.lang.ClassLoader.loadClass(ClassLoader.java:312)
12-07 11:48:20.986 27803 27803 E LoadedApk: 	at android.app.LoadedApk.createAppFactory(LoadedApk.java:226)
12-07 11:48:20.986 27803 27803 E LoadedApk: 	at android.app.LoadedApk.createOrUpdateClassLoaderLocked(LoadedApk.java:731)
12-07 11:48:20.986 27803 27803 E LoadedApk: 	at android.app.LoadedApk.getClassLoader(LoadedApk.java:810)
12-07 11:48:20.986 27803 27803 E LoadedApk: 	at android.app.LoadedApk.getResources(LoadedApk.java:1032)
12-07 11:48:20.986 27803 27803 E LoadedApk: 	at android.app.ContextImpl.createAppContext(ContextImpl.java:2345)
12-07 11:48:20.986 27803 27803 E LoadedApk: 	at android.app.ActivityThread.handleBindApplication(ActivityThread.java:5749)
12-07 11:48:20.986 27803 27803 E LoadedApk: 	at android.app.ActivityThread.access$1100(ActivityThread.java:199)
12-07 11:48:20.986 27803 27803 E LoadedApk: 	at android.app.ActivityThread$H.handleMessage(ActivityThread.java:1650)
12-07 11:48:20.986 27803 27803 E LoadedApk: 	at android.os.Handler.dispatchMessage(Handler.java:106)
12-07 11:48:20.986 27803 27803 E LoadedApk: 	at android.os.Looper.loop(Looper.java:193)
12-07 11:48:20.986 27803 27803 E LoadedApk: 	at android.app.ActivityThread.main(ActivityThread.java:6669)
12-07 11:48:20.986 27803 27803 E LoadedApk: 	at java.lang.reflect.Method.invoke(Native Method)
12-07 11:48:20.986 27803 27803 E LoadedApk: 	at com.android.internal.os.RuntimeInit$MethodAndArgsCaller.run(RuntimeInit.java:493)
12-07 11:48:20.986 27803 27803 E LoadedApk: 	at com.android.internal.os.ZygoteInit.main(ZygoteInit.java:858)
12-07 11:48:23.037  1735  1809 E storaged: getDiskStats failed with result NOT_SUPPORTED and size 0
12-07 11:48:25.946  1880  4500 E memtrack: Couldn't load memtrack module
12-07 11:48:28.025  1880  1895 E memtrack: Couldn't load memtrack module
12-07 11:48:28.128  1880  4500 E memtrack: Couldn't load memtrack module
12-07 11:48:28.246  1880  4500 E memtrack: Couldn't load memtrack module
12-07 11:48:28.258 27849 27849 E com.ustwo.lwp: Not starting debugger since process cannot load the jdwp agent.
12-07 11:48:28.344  1880  4500 E memtrack: Couldn't load memtrack module
12-07 11:48:30.544  1880  1895 E memtrack: Couldn't load memtrack module
12-07 11:48:30.590  1880  4500 E memtrack: Couldn't load memtrack module
12-07 11:48:30.705  1880  4500 E memtrack: Couldn't load memtrack module
12-07 11:48:30.786  1880  4500 E memtrack: Couldn't load memtrack module
12-07 11:48:32.827  1880  1895 E memtrack: Couldn't load memtrack module
12-07 11:48:32.856  1880  4500 E memtrack: Couldn't load memtrack module
12-07 11:48:32.951  1880  4500 E memtrack: Couldn't load memtrack module
12-07 11:48:33.057  1880  4500 E memtrack: Couldn't load memtrack module
12-07 11:48:33.149  1880  4500 E memtrack: Couldn't load memtrack module
12-07 11:48:33.173  2482  6237 E MDD     : FileGroupManager: Trying to add expired group predictondevice.
12-07 11:48:33.173  2482  6237 E MDD     : MDDManager class aaoc
12-07 11:48:33.173  2482  6237 E MDD     : FileGroupManager: Trying to add expired group expander.
12-07 11:48:33.173  2482  6237 E MDD     : MDDManager class aaoc
12-07 11:48:35.360  1880  1968 E WificondScannerImpl: Timed out waiting for scan result from wificond
12-07 11:48:35.429  1880  4500 E memtrack: Couldn't load memtrack module
12-07 11:48:35.513  1880  4500 E memtrack: Couldn't load memtrack module
12-07 11:48:35.583  1880  4500 E memtrack: Couldn't load memtrack module
12-07 11:48:35.662  1880  4500 E memtrack: Couldn't load memtrack module
12-07 11:48:37.782  1880  4500 E memtrack: Couldn't load memtrack module
12-07 11:48:37.791  1736  1736 E wificond: NL80211_CMD_TRIGGER_SCAN failed: Device or resource busy
12-07 11:48:37.791  1880  1968 E WificondScannerImpl: Failed to start scan, freqs=null
12-07 11:48:37.858  1880  4500 E memtrack: Couldn't load memtrack module
12-07 11:48:37.940  1880  4500 E memtrack: Couldn't load memtrack module
12-07 11:48:38.012  1880  4500 E memtrack: Couldn't load memtrack module
12-07 11:48:38.084  1880  4500 E memtrack: Couldn't load memtrack module
12-07 11:48:40.318  1880  4500 E memtrack: Couldn't load memtrack module
12-07 11:48:40.411  1880  4500 E memtrack: Couldn't load memtrack module
12-07 11:48:40.491  1880  4500 E memtrack: Couldn't load memtrack module
12-07 11:48:40.580  1880  4500 E memtrack: Couldn't load memtrack module
