--------- beginning of system
12-07 22:04:58.954 16485 16485 E SchedPolicy: set_timerslack_ns write failed: Operation not permitted
12-07 22:05:06.834 16485 16485 E SchedPolicy: set_timerslack_ns write failed: Operation not permitted
12-07 22:05:27.806  1737  1809 E storaged: getDiskStats failed with result NOT_SUPPORTED and size 0
12-07 22:05:48.476  1628  1628 E android.hardware.wifi@1.0-service: Failed to open directory: Permission denied
12-07 22:05:48.476  1628  1628 E android.hardware.wifi@1.0-service: Error occurred while deleting old tombstone files
12-07 22:05:48.476  1628  1628 E android.hardware.wifi@1.0-service: Error writing files to flash
12-07 22:05:48.838 15976 16055 E WifiP2pService: Unhandled message { when=-2ms what=131204 target=com.android.internal.util.StateMachine$SmHandler }
12-07 22:05:48.962 15976 15994 E BatteryExternalStatsWorker: no controller energy info supplied for wifi
12-07 22:05:48.990 15976 15994 E BatteryExternalStatsWorker: no controller energy info supplied for wifi
--------- beginning of main
12-07 22:05:49.863 16506 16506 E BeaconBle: Scan couldn't start for Places
12-07 22:05:53.383 16485 16485 E SchedPolicy: set_timerslack_ns write failed: Operation not permitted
12-07 22:05:57.623 16485 16485 E SchedPolicy: set_timerslack_ns write failed: Operation not permitted
12-07 22:05:58.823  2782  2782 E .apps.messagin: Not starting debugger since process cannot load the jdwp agent.
12-07 22:06:02.011  2823  2823 E s.messaging:rc: Not starting debugger since process cannot load the jdwp agent.
12-07 22:06:05.975  1829  1829 E netmgr  : Failed to open QEMU pipe 'qemud:network': Invalid argument
12-07 22:06:05.975  1829  1829 E netmgr  : WifiForwarder unable to open QEMU pipe: Invalid argument
12-07 22:06:10.854 16085 16085 E native  : clearcut-logger.cc:191 USER_EDIT span#originalSpan is missing
12-07 22:06:11.663 16506  1854 E ctxmgr  : [AppIntervalImpl]closeInterval: stopTimeMillis invalid, stop=1544220371661, start=1544238227857
12-07 22:06:11.668 16506  1854 E ctxmgr  : [AppIntervalImpl]closeInterval: stopTimeMillis invalid, stop=1544220371668, start=1544238227858
12-07 22:06:12.494 15976 15990 E ActivityManager: Failure starting process com.evancharlton.mileage
12-07 22:06:12.494 15976 15990 E ActivityManager: java.lang.SecurityException: Package com.evancharlton.mileage was not found!
12-07 22:06:12.494 15976 15990 E ActivityManager: 	at com.android.server.pm.PackageManagerService.checkPackageStartable(PackageManagerService.java:3987)
12-07 22:06:12.494 15976 15990 E ActivityManager: 	at com.android.server.am.ActivityManagerService.startProcessLocked(ActivityManagerService.java:4234)
12-07 22:06:12.494 15976 15990 E ActivityManager: 	at com.android.server.am.ActivityManagerService.startProcessLocked(ActivityManagerService.java:4199)
12-07 22:06:12.494 15976 15990 E ActivityManager: 	at com.android.server.am.ActivityManagerService.startProcessLocked(ActivityManagerService.java:4181)
12-07 22:06:12.494 15976 15990 E ActivityManager: 	at com.android.server.am.ActivityManagerService.startProcessLocked(ActivityManagerService.java:4067)
12-07 22:06:12.494 15976 15990 E ActivityManager: 	at com.android.server.am.ActivityStackSupervisor.startSpecificActivityLocked(ActivityStackSupervisor.java:1715)
12-07 22:06:12.494 15976 15990 E ActivityManager: 	at com.android.server.am.ActivityStack.resumeTopActivityInnerLocked(ActivityStack.java:2764)
12-07 22:06:12.494 15976 15990 E ActivityManager: 	at com.android.server.am.ActivityStack.resumeTopActivityUncheckedLocked(ActivityStack.java:2302)
12-07 22:06:12.494 15976 15990 E ActivityManager: 	at com.android.server.am.ActivityStackSupervisor.resumeFocusedStackTopActivityLocked(ActivityStackSupervisor.java:2234)
12-07 22:06:12.494 15976 15990 E ActivityManager: 	at com.android.server.am.ActivityStackSupervisor.resumeFocusedStackTopActivityLocked(ActivityStackSupervisor.java:2218)
12-07 22:06:12.494 15976 15990 E ActivityManager: 	at com.android.server.am.ActivityManagerService.handleAppDiedLocked(ActivityManagerService.java:5923)
12-07 22:06:12.494 15976 15990 E ActivityManager: 	at com.android.server.am.ActivityManagerService.removeProcessLocked(ActivityManagerService.java:7501)
12-07 22:06:12.494 15976 15990 E ActivityManager: 	at com.android.server.am.ActivityManagerService.killPackageProcessesLocked(ActivityManagerService.java:7142)
12-07 22:06:12.494 15976 15990 E ActivityManager: 	at com.android.server.am.ActivityManagerService.forceStopPackageLocked(ActivityManagerService.java:7275)
12-07 22:06:12.494 15976 15990 E ActivityManager: 	at com.android.server.am.ActivityManagerService$MainHandler.handleMessage(ActivityManagerService.java:2289)
12-07 22:06:12.494 15976 15990 E ActivityManager: 	at android.os.Handler.dispatchMessage(Handler.java:106)
12-07 22:06:12.494 15976 15990 E ActivityManager: 	at android.os.Looper.loop(Looper.java:193)
12-07 22:06:12.494 15976 15990 E ActivityManager: 	at android.os.HandlerThread.run(HandlerThread.java:65)
12-07 22:06:12.494 15976 15990 E ActivityManager: 	at com.android.server.ServiceThread.run(ServiceThread.java:44)
12-07 22:06:13.842 16506 16506 E BeaconBle: Scan couldn't start for Places
12-07 22:06:15.989  1729  1729 E         : Couldn't opendir /data/app/vmdl1280412995.tmp: No such file or directory
12-07 22:06:15.989  1729  1729 E installd: Failed to delete /data/app/vmdl1280412995.tmp: No such file or directory
12-07 22:06:18.014  2935  2935 E harlton.mileag: Not starting debugger since process cannot load the jdwp agent.
12-07 22:06:19.366 16085 24146 E putmethod.lati: Invalid ID 0x00000001.
12-07 22:06:19.375 16085 24146 E LstmTrainingCache: emn: Can't get resource name for input slot
12-07 22:06:19.375 16085 24146 E LstmTrainingCache: android.content.res.Resources$NotFoundException: Unable to find resource ID #0x1
12-07 22:06:19.375 16085 24146 E LstmTrainingCache: 	at android.content.res.ResourcesImpl.getResourceName(ResourcesImpl.java:255)
12-07 22:06:19.375 16085 24146 E LstmTrainingCache: 	at android.content.res.Resources.getResourceName(Resources.java:1954)
12-07 22:06:19.375 16085 24146 E LstmTrainingCache: 	at emn.a(PG:12)
12-07 22:06:19.375 16085 24146 E LstmTrainingCache: 	at emk.run(PG:5)
12-07 22:06:19.375 16085 24146 E LstmTrainingCache: 	at java.lang.Thread.run(Thread.java:764)
12-07 22:06:21.776  2935  2935 E SpannableStringBuilder: SPAN_EXCLUSIVE_EXCLUSIVE spans cannot have a zero length
12-07 22:06:21.776  2935  2935 E SpannableStringBuilder: SPAN_EXCLUSIVE_EXCLUSIVE spans cannot have a zero length
12-07 22:06:25.252  2935  2935 E SpannableStringBuilder: SPAN_EXCLUSIVE_EXCLUSIVE spans cannot have a zero length
12-07 22:06:25.252  2935  2935 E SpannableStringBuilder: SPAN_EXCLUSIVE_EXCLUSIVE spans cannot have a zero length
12-07 22:06:25.284 16085 16085 E native  : suggestion-transformer.cc:118 suggestion picked candidate not found for id: 7
12-07 22:06:27.817  1737  1809 E storaged: getDiskStats failed with result NOT_SUPPORTED and size 0
12-07 22:06:32.229 16485 19320 E s.nexuslaunche: Failed to open APK '/data/app/com.evancharlton.mileage-SVcdiL_rPgvf0Bquigg8DQ==/base.apk' I/O error
12-07 22:06:32.244 16485 19320 E ResourcesManager: failed to add asset path /data/app/com.evancharlton.mileage-SVcdiL_rPgvf0Bquigg8DQ==/base.apk
12-07 22:06:40.358 16506  2526 E ctxmgr  : [AppIntervalImpl]closeInterval: stopTimeMillis invalid, stop=1544220400350, start=1544238227857
12-07 22:06:40.365 16506  2526 E ctxmgr  : [AppIntervalImpl]closeInterval: stopTimeMillis invalid, stop=1544220400365, start=1544238227858
12-07 22:06:41.370 16561 16561 E ContextIntentStarter: No activity found for any of the 0 intents
12-07 22:06:42.775 15927  2994 E audio_hw_generic: pcm_open(in) failed: cannot open device '/dev/snd/pcmC0D0c': Device or resource busy: channels 2 format 0 rate 16000
12-07 22:06:43.033 16506 17111 E PlaceInferenceEngine: Position timestamp out of order. Previous: 1544238231000, Current: 1544220402000. Skipping this Position.
12-07 22:06:43.216 16506 16506 E BeaconBle: Scan couldn't start for Places
12-07 22:07:06.022  1829  1829 E netmgr  : Failed to open QEMU pipe 'qemud:network': Invalid argument
12-07 22:07:06.022  1829  1829 E netmgr  : WifiForwarder unable to open QEMU pipe: Invalid argument
12-07 22:07:27.840  1737  1809 E storaged: getDiskStats failed with result NOT_SUPPORTED and size 0
12-07 22:08:06.026  1829  1829 E netmgr  : Failed to open QEMU pipe 'qemud:network': Invalid argument
12-07 22:08:06.026  1829  1829 E netmgr  : WifiForwarder unable to open QEMU pipe: Invalid argument
12-07 22:08:27.841  1737  1809 E storaged: getDiskStats failed with result NOT_SUPPORTED and size 0
12-07 22:08:58.636 15976 15989 E memtrack: Couldn't load memtrack module
12-07 22:09:00.006 15976 15989 E memtrack: Couldn't load memtrack module
12-07 22:09:06.029  1829  1829 E netmgr  : Failed to open QEMU pipe 'qemud:network': Invalid argument
12-07 22:09:06.030  1829  1829 E netmgr  : WifiForwarder unable to open QEMU pipe: Invalid argument
