--------- beginning of main
--------- beginning of system
12-08 07:30:37.110  2448  3688 E ctxmgr  : [ProducerStatusImpl]updateStateForNewContextData: inactive, contextName=7
12-08 07:30:39.348  2448  2448 E BeaconBle: Missing BluetoothAdapter
12-08 07:30:39.393  2448  2448 E BeaconBle: Scan couldn't start for Places
12-08 07:30:46.437  1730  1730 E         : Couldn't opendir /data/app/vmdl1003307927.tmp: No such file or directory
12-08 07:30:46.437  1730  1730 E installd: Failed to delete /data/app/vmdl1003307927.tmp: No such file or directory
12-08 07:30:50.859  2475  4496 E ChromeSync: [Sync,SyncIntentOperation] Error handling the intent: Intent { act=android.intent.action.PACKAGE_ADDED dat=package:com.evancharlton.mileage flg=0x4000010 cmp=com.google.android.gms/.chimera.GmsIntentOperationService (has extras) }.
12-08 07:30:52.995  4516  4516 E harlton.mileag: Not starting debugger since process cannot load the jdwp agent.
12-08 07:30:55.177  1828  1828 E netmgr  : Failed to open QEMU pipe 'qemud:network': Invalid argument
12-08 07:30:55.178  1828  1828 E netmgr  : WifiForwarder unable to open QEMU pipe: Invalid argument
12-08 07:31:04.596  1738  1772 E storaged: getDiskStats failed with result NOT_SUPPORTED and size 0
12-08 07:31:14.036  1881  1896 E AutofillSession: No assist structure - app might have crashed providing it
12-08 07:31:56.078  1828  1828 E netmgr  : Failed to open QEMU pipe 'qemud:network': Invalid argument
12-08 07:31:56.078  1828  1828 E netmgr  : WifiForwarder unable to open QEMU pipe: Invalid argument
12-08 07:32:05.585  1738  1772 E storaged: getDiskStats failed with result NOT_SUPPORTED and size 0
12-08 07:32:05.945  2448  3688 E ctxmgr  : [ProducerStatusImpl]updateStateForNewContextData: inactive, contextName=7
12-08 07:32:08.177  2448  3688 E ctxmgr  : [ProducerStatusImpl]updateStateForNewContextData: inactive, contextName=1
12-08 07:32:10.425 29746 29746 E SchedPolicy: set_timerslack_ns write failed: Operation not permitted
12-08 07:32:10.638  2448  2448 E BeaconBle: Missing BluetoothAdapter
12-08 07:32:10.527 29746 29746 E SchedPolicy: set_timerslack_ns write failed: Operation not permitted
12-08 07:32:10.696  2448  2448 E BeaconBle: Scan couldn't start for Places
12-08 07:32:24.617  2692  2692 E ContextIntentStarter: No activity found for any of the 0 intents
12-08 07:32:31.827  2494  2716 E PlayCommon: [101] com.google.android.play.b.g.a(448): Failed to connect to server: java.net.UnknownHostException: Unable to resolve host "play.googleapis.com": No address associated with hostname
12-08 07:32:31.890  2448  4579 E ctxmgr  : [ProducerStatusImpl]updateStateForNewContextData: inactive, contextName=7
12-08 07:32:31.934 29746 29746 E SchedPolicy: set_timerslack_ns write failed: Operation not permitted
12-08 07:32:34.216  1611  1695 E audio_hw_generic: pcm_write failed cannot write stream data: I/O error
12-08 07:32:32.103 29746 29746 E SchedPolicy: set_timerslack_ns write failed: Operation not permitted
12-08 07:32:34.497  2448  2448 E BeaconBle: Missing BluetoothAdapter
12-08 07:32:34.561  2448  2448 E BeaconBle: Scan couldn't start for Places
12-08 07:32:46.023  1611  1695 E audio_hw_generic: pcm_write failed cannot write stream data: I/O error
12-08 07:32:56.065  1611  1695 E audio_hw_generic: pcm_write failed cannot write stream data: I/O error
12-08 07:32:58.134  1828  1828 E netmgr  : Failed to open QEMU pipe 'qemud:network': Invalid argument
12-08 07:32:58.134  1828  1828 E netmgr  : WifiForwarder unable to open QEMU pipe: Invalid argument
12-08 07:33:05.589  1738  1772 E storaged: getDiskStats failed with result NOT_SUPPORTED and size 0
12-08 07:33:08.141  1611  1695 E audio_hw_generic: pcm_write failed cannot write stream data: I/O error
12-08 07:33:19.425  1611  1695 E audio_hw_generic: pcm_write failed cannot write stream data: I/O error
