--------- beginning of main
--------- beginning of system
12-09 02:40:04.556 15973 15973 E id.defcontaine: Not starting debugger since process cannot load the jdwp agent.
12-09 02:40:04.614 15985 15985 E ndroid.keychai: Not starting debugger since process cannot load the jdwp agent.
12-09 02:40:04.695 16001 16001 E oid.documentsu: Not starting debugger since process cannot load the jdwp agent.
12-09 02:40:05.456 16042 16042 E droid.apps.doc: Not starting debugger since process cannot load the jdwp agent.
12-09 02:40:06.436 16073 16073 E d.process.medi: Not starting debugger since process cannot load the jdwp agent.
12-09 02:40:06.557 16089 16089 E ocess.gservice: Not starting debugger since process cannot load the jdwp agent.
12-09 02:40:07.572 16042 16042 E DocsApplication: [main] No default account found during application creation.
12-09 02:40:08.368  1731  1776 E         : Couldn't opendir /data/app/vmdl95362030.tmp: No such file or directory
12-09 02:40:08.368  1731  1776 E installd: Failed to delete /data/app/vmdl95362030.tmp: No such file or directory
12-09 02:40:11.051 16144 16144 E harlton.mileag: Not starting debugger since process cannot load the jdwp agent.
12-09 02:40:12.035  1834  1834 E netmgr  : Failed to open QEMU pipe 'qemud:network': Invalid argument
12-09 02:40:12.036  1834  1834 E netmgr  : WifiForwarder unable to open QEMU pipe: Invalid argument
12-09 02:40:12.914  1994  7294 E putmethod.lati: Invalid ID 0x00000001.
12-09 02:40:12.931  1994  7294 E LstmTrainingCache: emn: Can't get resource name for input slot
12-09 02:40:12.931  1994  7294 E LstmTrainingCache: android.content.res.Resources$NotFoundException: Unable to find resource ID #0x1
12-09 02:40:12.931  1994  7294 E LstmTrainingCache: 	at android.content.res.ResourcesImpl.getResourceName(ResourcesImpl.java:255)
12-09 02:40:12.931  1994  7294 E LstmTrainingCache: 	at android.content.res.Resources.getResourceName(Resources.java:1954)
12-09 02:40:12.931  1994  7294 E LstmTrainingCache: 	at emn.a(PG:12)
12-09 02:40:12.931  1994  7294 E LstmTrainingCache: 	at emk.run(PG:5)
12-09 02:40:12.931  1994  7294 E LstmTrainingCache: 	at java.lang.Thread.run(Thread.java:764)
12-09 02:40:19.089  1739  1762 E storaged: getDiskStats failed with result NOT_SUPPORTED and size 0
12-09 02:40:21.629 16171 16171 E emui:screensho: Not starting debugger since process cannot load the jdwp agent.
12-09 02:40:22.608 16171 16171 E SoundPool: error loading /product/media/audio/ui/camera_click.ogg
12-09 02:40:22.939  1741  2074 E OMXNodeInstance: getConfig(0xe97a6e40:google.vorbis.decoder, ConfigAndroidVendorExtension(0x6f100004)) ERROR: Undefined(0x80001001)
12-09 02:40:27.890  2378 15910 E ctxmgr  : [ProducerStatusImpl]updateStateForNewContextData: inactive, contextName=7
12-09 02:40:27.933  2378 15910 E ctxmgr  : [ProducerStatusImpl]updateStateForNewContextData: inactive, contextName=1
12-09 02:40:27.934  2378 15910 E ctxmgr  : [ProducerStatusImpl]updateStateForNewContextData: inactive, contextName=1
12-09 02:40:28.132  2378  2378 E BeaconBle: Missing BluetoothAdapter
12-09 02:40:28.190  2378  2378 E BeaconBle: Scan couldn't start for Places
12-09 02:40:36.557 16220 16220 E oid.apps.photo: Not starting debugger since process cannot load the jdwp agent.
12-09 02:40:45.381 10557 10557 E ContextIntentStarter: No activity found for any of the 0 intents
12-09 02:40:46.035 14159 14159 E wpa_supplicant: nl80211: Failed to open /proc/sys/net/ipv4/conf/p2p-dev-wlan0/drop_unicast_in_l2_multicast: No such file or directory
12-09 02:40:46.035 14159 14159 E wpa_supplicant: nl80211: Failed to set IPv4 unicast in multicast filter
12-09 02:40:46.053 14159 14159 E wpa_supplicant: nl80211: Failed to open /proc/sys/net/ipv4/conf/p2p-dev-wlan0/drop_unicast_in_l2_multicast: No such file or directory
12-09 02:40:46.053 14159 14159 E wpa_supplicant: nl80211: Failed to set IPv4 unicast in multicast filter
12-09 02:40:46.203 14159 14159 E wpa_supplicant: nl80211: Failed to open /proc/sys/net/ipv4/conf/wlan0/drop_unicast_in_l2_multicast: No such file or directory
12-09 02:40:46.203 14159 14159 E wpa_supplicant: nl80211: Failed to set IPv4 unicast in multicast filter
12-09 02:40:46.203 14159 14159 E wpa_supplicant: nl80211: Failed to open /proc/sys/net/ipv4/conf/wlan0/drop_unicast_in_l2_multicast: No such file or directory
12-09 02:40:46.203 14159 14159 E wpa_supplicant: nl80211: Failed to set IPv4 unicast in multicast filter
12-09 02:40:46.284 14159 14159 E wpa_supplicant: nl80211: Failed to open /proc/sys/net/ipv4/conf/wlan0/drop_unicast_in_l2_multicast: No such file or directory
12-09 02:40:46.285 14159 14159 E wpa_supplicant: nl80211: Failed to set IPv4 unicast in multicast filter
12-09 02:40:46.552 16282 16282 E rrierdefaultap: Not starting debugger since process cannot load the jdwp agent.
12-09 02:40:46.655  1629  1629 E android.hardware.wifi@1.0-service: Failed to open directory: Permission denied
12-09 02:40:46.655  1629  1629 E android.hardware.wifi@1.0-service: Error occurred while deleting old tombstone files
12-09 02:40:46.655  1629  1629 E android.hardware.wifi@1.0-service: Error writing files to flash
12-09 02:40:46.905  1885  1971 E WifiP2pService: Unhandled message { when=-1ms what=131204 target=com.android.internal.util.StateMachine$SmHandler }
12-09 02:40:46.924  1885  1903 E BatteryExternalStatsWorker: no controller energy info supplied for wifi
12-09 02:40:46.940  1885  1903 E BatteryExternalStatsWorker: no controller energy info supplied for wifi
12-09 02:40:47.104  2378 16296 E WakeLock: GCM_HB_ALARM release without a matched acquire!
12-09 02:40:47.141  2378 16296 E WakeLock: GCM_CONN_ALARM release without a matched acquire!
12-09 02:41:12.065  1834  1834 E netmgr  : Failed to open QEMU pipe 'qemud:network': Invalid argument
12-09 02:41:12.066  1834  1834 E netmgr  : WifiForwarder unable to open QEMU pipe: Invalid argument
12-09 02:41:19.092  1739  1762 E storaged: getDiskStats failed with result NOT_SUPPORTED and size 0
12-09 02:42:12.115  1834  1834 E netmgr  : Failed to open QEMU pipe 'qemud:network': Invalid argument
12-09 02:42:12.115  1834  1834 E netmgr  : WifiForwarder unable to open QEMU pipe: Invalid argument
12-09 02:42:19.096  1739  1762 E storaged: getDiskStats failed with result NOT_SUPPORTED and size 0
12-09 02:43:05.835  1885  1898 E memtrack: Couldn't load memtrack module
12-09 02:43:09.272  1885  4665 E WindowManager: Performed 6 layouts in a row. Skipping
12-09 02:43:09.289  1885  1938 E WindowManager: Performed 6 layouts in a row. Skipping
12-09 02:43:09.388  1885  1938 E WindowManager: Performed 6 layouts in a row. Skipping
12-09 02:43:09.407  1885  4665 E WindowManager: Performed 6 layouts in a row. Skipping
12-09 02:43:09.433  1885  1938 E WindowManager: Performed 6 layouts in a row. Skipping
12-09 02:43:09.509  1885  1938 E WindowManager: Performed 6 layouts in a row. Skipping
12-09 02:43:09.533  1885  1938 E WindowManager: Performed 6 layouts in a row. Skipping
12-09 02:43:09.595  1885  1938 E WindowManager: Performed 6 layouts in a row. Skipping
12-09 02:43:10.648  1885  2001 E WindowManager: Performed 6 layouts in a row. Skipping
12-09 02:43:10.672  1885  1938 E WindowManager: Performed 6 layouts in a row. Skipping
12-09 02:43:10.704  1885  1938 E WindowManager: Performed 6 layouts in a row. Skipping
12-09 02:43:10.733  1885  3163 E WindowManager: Performed 6 layouts in a row. Skipping
12-09 02:43:10.764  1885  1938 E WindowManager: Performed 6 layouts in a row. Skipping
12-09 02:43:10.787  1885  1938 E WindowManager: Performed 6 layouts in a row. Skipping
12-09 02:43:10.808  1885  3512 E WindowManager: Performed 6 layouts in a row. Skipping
12-09 02:43:10.850  1885  1938 E WindowManager: Performed 6 layouts in a row. Skipping
12-09 02:43:10.920  1885  1938 E WindowManager: Performed 6 layouts in a row. Skipping
12-09 02:43:12.119  1834  1834 E netmgr  : Failed to open QEMU pipe 'qemud:network': Invalid argument
12-09 02:43:12.120  1834  1834 E netmgr  : WifiForwarder unable to open QEMU pipe: Invalid argument
