--------- beginning of system
12-07 11:49:24.416  1735  1809 E storaged: getDiskStats failed with result NOT_SUPPORTED and size 0
12-07 11:50:24.417  1735  1809 E storaged: getDiskStats failed with result NOT_SUPPORTED and size 0
12-07 11:51:24.421  1735  1809 E storaged: getDiskStats failed with result NOT_SUPPORTED and size 0
12-07 11:52:17.103 26518 26518 E SchedPolicy: set_timerslack_ns write failed: Operation not permitted
12-07 11:52:24.569  1735  1809 E storaged: getDiskStats failed with result NOT_SUPPORTED and size 0
12-07 11:52:29.765 26518 26518 E SchedPolicy: set_timerslack_ns write failed: Operation not permitted
12-07 11:53:24.666  1735  1809 E storaged: getDiskStats failed with result NOT_SUPPORTED and size 0
12-07 11:54:12.027  1736  1736 E wificond: NL80211_CMD_TRIGGER_SCAN failed: Device or resource busy
12-07 11:54:24.669  1735  1809 E storaged: getDiskStats failed with result NOT_SUPPORTED and size 0
12-07 11:55:24.671  1735  1809 E storaged: getDiskStats failed with result NOT_SUPPORTED and size 0
12-07 11:56:24.912  1735  1809 E storaged: getDiskStats failed with result NOT_SUPPORTED and size 0
12-07 11:57:15.729  1736  1736 E wificond: NL80211_CMD_TRIGGER_SCAN failed: Device or resource busy
12-07 11:57:25.608  1735  1809 E storaged: getDiskStats failed with result NOT_SUPPORTED and size 0
12-07 11:58:25.982  1735  1809 E storaged: getDiskStats failed with result NOT_SUPPORTED and size 0
12-07 11:59:26.292  1735  1809 E storaged: getDiskStats failed with result NOT_SUPPORTED and size 0
12-07 12:00:16.326  1880  1897 E AutofillSession: No assist structure - app might have crashed providing it
12-07 12:00:26.470  1735  1809 E storaged: getDiskStats failed with result NOT_SUPPORTED and size 0
12-07 12:01:14.394 26518 26518 E SchedPolicy: set_timerslack_ns write failed: Operation not permitted
12-07 12:01:14.474 26518 26518 E SchedPolicy: set_timerslack_ns write failed: Operation not permitted
12-07 12:01:27.373  1735  1809 E storaged: getDiskStats failed with result NOT_SUPPORTED and size 0
--------- beginning of main
12-07 12:01:30.289  1610 28539 E audio_hw_generic: pcm_open(in) failed: cannot open device '/dev/snd/pcmC0D0c': Device or resource busy: channels 2 format 0 rate 16000
12-07 12:01:32.720 28544 28544 E boxed_process2: Not starting debugger since process cannot load the jdwp agent.
12-07 12:01:55.281 19845 28574 E IcingUsageReportRunnabl: Failed to connect when reporting usage: ConnectionResult{statusCode=TIMEOUT, resolution=null, message=null}
12-07 12:01:55.284 19845 27691 E IcingUsageReportRunnabl: Failed to connect when reporting usage: ConnectionResult{statusCode=TIMEOUT, resolution=null, message=null}
12-07 12:02:03.082  1829  1829 E netmgr  : Failed to open QEMU pipe 'qemud:network': Invalid argument
12-07 12:02:03.086  1829  1829 E netmgr  : WifiForwarder unable to open QEMU pipe: Invalid argument
12-07 12:02:18.521  1736  1736 E wificond: NL80211_CMD_TRIGGER_SCAN failed: Device or resource busy
12-07 12:02:28.727  1735  1809 E storaged: getDiskStats failed with result NOT_SUPPORTED and size 0
12-07 12:02:33.997 19845 19853 E ReloadingLock: Finalizing LOCKED Token[searchresults_activity 2018-12-07 12:01:55.464]
12-07 12:02:41.208  1736  1736 E wificond: NL80211_CMD_TRIGGER_SCAN failed: Device or resource busy
12-07 12:02:51.255  2378 28529 E ctxmgr  : [ProducerStatusImpl]updateStateForNewContextData: inactive, contextName=7
12-07 12:02:51.713  2378  2378 E BeaconBle: Missing BluetoothAdapter
12-07 12:02:51.765  2378  2378 E BeaconBle: Scan couldn't start for Places
12-07 12:02:59.531 19845 19845 E ContextIntentStarter: No activity found for any of the 0 intents
12-07 12:03:04.341  1829  1829 E netmgr  : Failed to open QEMU pipe 'qemud:network': Invalid argument
12-07 12:03:04.342  1829  1829 E netmgr  : WifiForwarder unable to open QEMU pipe: Invalid argument
12-07 12:03:29.621  1735  1809 E storaged: getDiskStats failed with result NOT_SUPPORTED and size 0
12-07 12:04:04.533  1829  1829 E netmgr  : Failed to open QEMU pipe 'qemud:network': Invalid argument
12-07 12:04:04.534  1829  1829 E netmgr  : WifiForwarder unable to open QEMU pipe: Invalid argument
12-07 12:04:12.523  2378 28633 E ctxmgr  : [ProducerStatusImpl]updateStateForNewContextData: inactive, contextName=7
12-07 12:04:15.105  2378  2378 E BeaconBle: Missing BluetoothAdapter
12-07 12:04:15.175  2378  2378 E BeaconBle: Scan couldn't start for Places
12-07 12:04:27.463  1736  1736 E wificond: Receive ERROR message in response to 'stop scheduled scan' request: Operation not supported on transport endpoint
12-07 12:04:27.648 27688 27688 E wpa_supplicant: nl80211: Failed to open /proc/sys/net/ipv4/conf/p2p-dev-wlan0/drop_unicast_in_l2_multicast: No such file or directory
12-07 12:04:27.648 27688 27688 E wpa_supplicant: nl80211: Failed to set IPv4 unicast in multicast filter
12-07 12:04:27.675 27688 27688 E wpa_supplicant: nl80211: Failed to open /proc/sys/net/ipv4/conf/p2p-dev-wlan0/drop_unicast_in_l2_multicast: No such file or directory
12-07 12:04:27.675 27688 27688 E wpa_supplicant: nl80211: Failed to set IPv4 unicast in multicast filter
12-07 12:04:27.784 27688 27688 E wpa_supplicant: nl80211: Failed to open /proc/sys/net/ipv4/conf/wlan0/drop_unicast_in_l2_multicast: No such file or directory
12-07 12:04:27.784 27688 27688 E wpa_supplicant: nl80211: Failed to set IPv4 unicast in multicast filter
12-07 12:04:30.057  1735  1809 E storaged: getDiskStats failed with result NOT_SUPPORTED and size 0
12-07 12:04:30.074 27688 27688 E wpa_supplicant: nl80211: Failed to open /proc/sys/net/ipv4/conf/wlan0/drop_unicast_in_l2_multicast: No such file or directory
12-07 12:04:30.074 27688 27688 E wpa_supplicant: nl80211: Failed to set IPv4 unicast in multicast filter
12-07 12:04:30.375  1625  1625 E android.hardware.wifi@1.0-service: Failed to open directory: Permission denied
12-07 12:04:30.375  1625  1625 E android.hardware.wifi@1.0-service: Error occurred while deleting old tombstone files
12-07 12:04:30.375  1625  1625 E android.hardware.wifi@1.0-service: Error writing files to flash
12-07 12:04:32.581  1880  1969 E WifiP2pService: Unhandled message { when=-1ms what=131204 target=com.android.internal.util.StateMachine$SmHandler }
12-07 12:04:32.591  1880  1900 E BatteryExternalStatsWorker: no controller energy info supplied for wifi
12-07 12:04:32.605  1880  1900 E BatteryExternalStatsWorker: no controller energy info supplied for wifi
12-07 12:04:40.426  2378 28655 E ctxmgr  : [ProducerStatusImpl]updateStateForNewContextData: inactive, contextName=7
12-07 12:04:42.822  2378  2378 E BeaconBle: Missing BluetoothAdapter
12-07 12:04:42.877  2378  2378 E BeaconBle: Scan couldn't start for Places
12-07 12:05:05.496  1829  1829 E netmgr  : Failed to open QEMU pipe 'qemud:network': Invalid argument
12-07 12:05:05.502  1829  1829 E netmgr  : WifiForwarder unable to open QEMU pipe: Invalid argument
12-07 12:05:30.448  1735  1809 E storaged: getDiskStats failed with result NOT_SUPPORTED and size 0
