--------- beginning of system
--------- beginning of main
12-08 07:26:41.967  4324  4324 E harlton.mileag: Not starting debugger since process cannot load the jdwp agent.
12-08 07:26:50.964  1828  1828 E netmgr  : Failed to open QEMU pipe 'qemud:network': Invalid argument
12-08 07:26:50.964  1828  1828 E netmgr  : WifiForwarder unable to open QEMU pipe: Invalid argument
12-08 07:27:00.315  1738  1772 E storaged: getDiskStats failed with result NOT_SUPPORTED and size 0
12-08 07:27:26.168  1992  1992 E native  : suggestion-transformer.cc:118 suggestion picked candidate not found for id: 7
12-08 07:27:26.236  4324  4324 E SpannableStringBuilder: SPAN_EXCLUSIVE_EXCLUSIVE spans cannot have a zero length
12-08 07:27:26.236  4324  4324 E SpannableStringBuilder: SPAN_EXCLUSIVE_EXCLUSIVE spans cannot have a zero length
12-08 07:27:30.858  2494  2716 E PlayCommon: [101] com.google.android.play.b.g.a(448): Failed to connect to server: java.net.UnknownHostException: Unable to resolve host "play.googleapis.com": No address associated with hostname
12-08 07:27:51.587  1828  1828 E netmgr  : Failed to open QEMU pipe 'qemud:network': Invalid argument
12-08 07:27:51.593  1828  1828 E netmgr  : WifiForwarder unable to open QEMU pipe: Invalid argument
12-08 07:28:00.874  1738  1772 E storaged: getDiskStats failed with result NOT_SUPPORTED and size 0
12-08 07:28:17.287  4324  4324 E SpannableStringBuilder: SPAN_EXCLUSIVE_EXCLUSIVE spans cannot have a zero length
12-08 07:28:17.287  4324  4324 E SpannableStringBuilder: SPAN_EXCLUSIVE_EXCLUSIVE spans cannot have a zero length
12-08 07:28:36.486  2448  3688 E ctxmgr  : [ProducerStatusImpl]updateStateForNewContextData: inactive, contextName=7
12-08 07:28:36.638  2448  2448 E BeaconBle: Missing BluetoothAdapter
12-08 07:28:38.705  2448  2448 E BeaconBle: Scan couldn't start for Places
12-08 07:28:52.859  1828  1828 E netmgr  : Failed to open QEMU pipe 'qemud:network': Invalid argument
12-08 07:28:52.860  1828  1828 E netmgr  : WifiForwarder unable to open QEMU pipe: Invalid argument
12-08 07:28:55.395  2692  2692 E ContextIntentStarter: No activity found for any of the 0 intents
12-08 07:29:02.239  1738  1772 E storaged: getDiskStats failed with result NOT_SUPPORTED and size 0
12-08 07:29:09.323  2448  4345 E ctxmgr  : [ProducerStatusImpl]updateStateForNewContextData: inactive, contextName=7
12-08 07:29:09.574  2448  2448 E BeaconBle: Missing BluetoothAdapter
12-08 07:29:09.603  2448  2448 E BeaconBle: Scan couldn't start for Places
12-08 07:29:47.625  1611  1695 E audio_hw_generic: pcm_write failed cannot write stream data: I/O error
12-08 07:29:54.863  1828  1828 E netmgr  : Failed to open QEMU pipe 'qemud:network': Invalid argument
12-08 07:29:54.864  1828  1828 E netmgr  : WifiForwarder unable to open QEMU pipe: Invalid argument
12-08 07:29:59.556  1611  1695 E audio_hw_generic: pcm_write failed cannot write stream data: I/O error
12-08 07:30:04.203  1738  1772 E storaged: getDiskStats failed with result NOT_SUPPORTED and size 0
12-08 07:30:08.839  1881  1896 E AutofillSession: No assist structure - app might have crashed providing it
12-08 07:30:11.030  1611  1695 E audio_hw_generic: pcm_write failed cannot write stream data: I/O error
12-08 07:30:22.700  1611  1695 E audio_hw_generic: pcm_write failed cannot write stream data: I/O error
