--------- beginning of main
12-07 22:01:38.553  6406  6406 E id.defcontaine: Not starting debugger since process cannot load the jdwp agent.
--------- beginning of system
12-07 22:01:38.699  6419  6419 E ndroid.keychai: Not starting debugger since process cannot load the jdwp agent.
12-07 22:01:38.819  6436  6436 E oid.documentsu: Not starting debugger since process cannot load the jdwp agent.
12-07 22:01:39.792  6480  6480 E droid.apps.doc: Not starting debugger since process cannot load the jdwp agent.
12-07 22:01:41.054  6505  6505 E d.process.medi: Not starting debugger since process cannot load the jdwp agent.
12-07 22:01:42.206  6480  6480 E DocsApplication: [main] No default account found during application creation.
12-07 22:01:43.403  1729  1931 E         : Couldn't opendir /data/app/vmdl1252977469.tmp: No such file or directory
12-07 22:01:43.403  1729  1931 E installd: Failed to delete /data/app/vmdl1252977469.tmp: No such file or directory
12-07 22:01:47.612  6573  6573 E harlton.mileag: Not starting debugger since process cannot load the jdwp agent.
12-07 22:01:49.204  1724  1767 E SurfaceFlinger: getLayerUser(name=0xe74afab0) is dead
12-07 22:01:50.093 16085 31762 E putmethod.lati: Invalid ID 0x00000001.
12-07 22:01:50.107 16085 31762 E LstmTrainingCache: emn: Can't get resource name for input slot
12-07 22:01:50.107 16085 31762 E LstmTrainingCache: android.content.res.Resources$NotFoundException: Unable to find resource ID #0x1
12-07 22:01:50.107 16085 31762 E LstmTrainingCache: 	at android.content.res.ResourcesImpl.getResourceName(ResourcesImpl.java:255)
12-07 22:01:50.107 16085 31762 E LstmTrainingCache: 	at android.content.res.Resources.getResourceName(Resources.java:1954)
12-07 22:01:50.107 16085 31762 E LstmTrainingCache: 	at emn.a(PG:12)
12-07 22:01:50.107 16085 31762 E LstmTrainingCache: 	at emk.run(PG:5)
12-07 22:01:50.107 16085 31762 E LstmTrainingCache: 	at java.lang.Thread.run(Thread.java:764)
12-07 22:01:56.892  6606  6606 E emui:screensho: Not starting debugger since process cannot load the jdwp agent.
12-07 22:01:59.361  6606  6606 E SoundPool: error loading /product/media/audio/ui/camera_click.ogg
12-07 22:01:59.672  1724  1767 E SurfaceFlinger: ro.sf.lcd_density must be defined as a build property
12-07 22:01:59.676  1739  2097 E OMXNodeInstance: getConfig(0xee326de0:google.vorbis.decoder, ConfigAndroidVendorExtension(0x6f100004)) ERROR: Undefined(0x80001001)
12-07 22:01:59.939  1724  1863 E SurfaceFlinger: ro.sf.lcd_density must be defined as a build property
12-07 22:02:05.433 16506 16506 E BeaconBle: Missing BluetoothAdapter
12-07 22:02:05.501 16506 16506 E BeaconBle: Scan couldn't start for Places
12-07 22:02:06.130 16561 16561 E ContextIntentStarter: No activity found for any of the 0 intents
12-07 22:02:06.338  5975  5975 E wpa_supplicant: nl80211: Failed to open /proc/sys/net/ipv4/conf/p2p-dev-wlan0/drop_unicast_in_l2_multicast: No such file or directory
12-07 22:02:06.338  5975  5975 E wpa_supplicant: nl80211: Failed to set IPv4 unicast in multicast filter
12-07 22:02:06.369  5975  5975 E wpa_supplicant: nl80211: Failed to open /proc/sys/net/ipv4/conf/p2p-dev-wlan0/drop_unicast_in_l2_multicast: No such file or directory
12-07 22:02:06.370  5975  5975 E wpa_supplicant: nl80211: Failed to set IPv4 unicast in multicast filter
12-07 22:02:06.518  5975  5975 E wpa_supplicant: nl80211: Failed to open /proc/sys/net/ipv4/conf/wlan0/drop_unicast_in_l2_multicast: No such file or directory
12-07 22:02:06.518  5975  5975 E wpa_supplicant: nl80211: Failed to set IPv4 unicast in multicast filter
12-07 22:02:06.519  5975  5975 E wpa_supplicant: nl80211: Failed to open /proc/sys/net/ipv4/conf/wlan0/drop_unicast_in_l2_multicast: No such file or directory
12-07 22:02:06.520  5975  5975 E wpa_supplicant: nl80211: Failed to set IPv4 unicast in multicast filter
12-07 22:02:06.605  6661  6661 E rrierdefaultap: Not starting debugger since process cannot load the jdwp agent.
12-07 22:02:06.608  5975  5975 E wpa_supplicant: nl80211: Failed to open /proc/sys/net/ipv4/conf/wlan0/drop_unicast_in_l2_multicast: No such file or directory
12-07 22:02:06.608  5975  5975 E wpa_supplicant: nl80211: Failed to set IPv4 unicast in multicast filter
12-07 22:02:07.113  1628  1628 E android.hardware.wifi@1.0-service: Failed to open directory: Permission denied
12-07 22:02:07.113  1628  1628 E android.hardware.wifi@1.0-service: Error occurred while deleting old tombstone files
12-07 22:02:07.113  1628  1628 E android.hardware.wifi@1.0-service: Error writing files to flash
12-07 22:02:07.426 15976 16055 E WifiP2pService: Unhandled message { when=-13ms what=131204 target=com.android.internal.util.StateMachine$SmHandler }
12-07 22:02:07.431 15976 15994 E BatteryExternalStatsWorker: no controller energy info supplied for wifi
12-07 22:02:07.643 16506  6118 E WakeLock: GCM_HB_ALARM release without a matched acquire!
12-07 22:02:07.717 16506  6118 E WakeLock: GCM_CONN_ALARM release without a matched acquire!
12-07 22:02:08.002  1628  1628 E android.hardware.wifi@1.0-service: Failed to register radio mode change callback
12-07 22:02:08.006  1628  1628 E android.hardware.wifi@1.0-service: Failed to set DFS flag; DFS channels may be unavailable.
12-07 22:02:08.091 15926 15926 E wificond: No Offload Service available
12-07 22:02:08.371 15976 16055 E WifiP2pService: Unhandled message { when=-1ms what=131203 target=com.android.internal.util.StateMachine$SmHandler }
12-07 22:02:08.402 15976 16055 E WifiP2pService: Unhandled message { when=-1ms what=131203 target=com.android.internal.util.StateMachine$SmHandler }
12-07 22:02:08.424 15976 15994 E BatteryExternalStatsWorker: no controller energy info supplied for wifi
12-07 22:02:08.451 15976 15994 E BatteryExternalStatsWorker: no controller energy info supplied for wifi
12-07 22:02:08.958 16506  6645 E ctxmgr  : [AppIntervalImpl]closeInterval: stopTimeMillis invalid, stop=1544238128958, start=1544238227857
12-07 22:02:08.966 16506  6645 E ctxmgr  : [AppIntervalImpl]closeInterval: stopTimeMillis invalid, stop=1544238128966, start=1544238227858
12-07 22:02:10.376  1829  1829 E netmgr  : Failed to open QEMU pipe 'qemud:network': Invalid argument
12-07 22:02:10.376  1829  1829 E netmgr  : WifiForwarder unable to open QEMU pipe: Invalid argument
12-07 22:02:12.465 15976 15994 E BatteryExternalStatsWorker: no controller energy info supplied for wifi
12-07 22:02:13.322  6707  6707 E oid.apps.photo: Not starting debugger since process cannot load the jdwp agent.
12-07 22:02:13.338 15925 15942 E Netd    : Error adding route ::/0 -> fe80::ff:fe00:100 wlan0 to table 1003: File exists
12-07 22:02:13.483 16506  6706 E WakeLock: GCM_CONN_ALARM release without a matched acquire!
12-07 22:02:13.717  6725  6725 E .android.video: Not starting debugger since process cannot load the jdwp agent.
12-07 22:02:14.444  6741  6741 E ocess.gservice: Not starting debugger since process cannot load the jdwp agent.
12-07 22:02:16.831 16506  5383 E NetworkScheduler.ATC: Called cancelTask for already completed task com.google.android.videos/com.google.android.apps.play.movies.common.service.drm.RefreshLicenseTaskService{u=0 tag="refresh_license_forced" trigger=window{start=3600s,end=10800s,earliest=-193s,latest=7006s} requirements=[NET_CONNECTED] attributes=[] scheduled=-3793s last_run=-3s jid=N/A status=ACTIVE retries=0 client_lib=MANCHEGO_GCM-10400000} :RESCHEDULED
12-07 22:02:23.222 16506  6504 E NetworkScheduler.ATC: Called cancelTask for already completed task com.google.android.gms/.measurement.PackageMeasurementTaskService{u=0 tag="Measurement.PackageMeasurementTaskService.UPLOAD_TASK_TAG" trigger=window{start=232s,end=466s,earliest=-200s,latest=33s} requirements=[NET_CONNECTED] attributes=[PERSISTED] scheduled=-432s last_run=-9s jid=N/A status=ACTIVE retries=0 client_lib=MANCHEGO_GCM-14799000} :RESCHEDULED
12-07 22:02:32.509  1737  1809 E storaged: getDiskStats failed with result NOT_SUPPORTED and size 0
12-07 22:02:48.965 16485 16485 E SchedPolicy: set_timerslack_ns write failed: Operation not permitted
12-07 22:02:54.310 16485 16485 E SchedPolicy: set_timerslack_ns write failed: Operation not permitted
12-07 22:03:10.398  1829  1829 E netmgr  : Failed to open QEMU pipe 'qemud:network': Invalid argument
12-07 22:03:10.399  1829  1829 E netmgr  : WifiForwarder unable to open QEMU pipe: Invalid argument
12-07 22:03:32.536  1737  1809 E storaged: getDiskStats failed with result NOT_SUPPORTED and size 0
12-07 22:04:10.403  1829  1829 E netmgr  : Failed to open QEMU pipe 'qemud:network': Invalid argument
12-07 22:04:10.403  1829  1829 E netmgr  : WifiForwarder unable to open QEMU pipe: Invalid argument
12-07 22:04:32.541  1737  1809 E storaged: getDiskStats failed with result NOT_SUPPORTED and size 0
12-07 22:05:07.561  6892  6892 E hod.latin:trai: Not starting debugger since process cannot load the jdwp agent.
12-07 22:05:10.429  1829  1829 E netmgr  : Failed to open QEMU pipe 'qemud:network': Invalid argument
12-07 22:05:10.430  1829  1829 E netmgr  : WifiForwarder unable to open QEMU pipe: Invalid argument
12-07 22:05:15.300 16085 16085 E native  : clearcut-logger.cc:191 USER_EDIT span#originalSpan is missing
