--------- beginning of system
--------- beginning of main
12-07 06:29:35.334 26700 26700 E id.defcontaine: Not starting debugger since process cannot load the jdwp agent.
12-07 06:29:35.381 26714 26714 E oid.documentsu: Not starting debugger since process cannot load the jdwp agent.
12-07 06:29:35.501 26742 26742 E ndroid.keychai: Not starting debugger since process cannot load the jdwp agent.
12-07 06:29:37.433  1829  1829 E netmgr  : Failed to open QEMU pipe 'qemud:network': Invalid argument
12-07 06:29:37.433  1829  1829 E netmgr  : WifiForwarder unable to open QEMU pipe: Invalid argument
12-07 06:29:37.790 26773 26773 E droid.apps.doc: Not starting debugger since process cannot load the jdwp agent.
12-07 06:29:40.280 26798 26798 E d.process.medi: Not starting debugger since process cannot load the jdwp agent.
12-07 06:29:45.078 26773 26773 E DocsApplication: [main] No default account found during application creation.
12-07 06:29:49.756  1727  1945 E         : Couldn't opendir /data/app/vmdl1928078389.tmp: No such file or directory
12-07 06:29:49.756  1727  1945 E installd: Failed to delete /data/app/vmdl1928078389.tmp: No such file or directory
12-07 06:29:56.947 26877 26877 E harlton.mileag: Not starting debugger since process cannot load the jdwp agent.
12-07 06:30:06.498  1992  9017 E putmethod.lati: Invalid ID 0x00000001.
12-07 06:30:06.511  1992  9017 E LstmTrainingCache: emn: Can't get resource name for input slot
12-07 06:30:06.511  1992  9017 E LstmTrainingCache: android.content.res.Resources$NotFoundException: Unable to find resource ID #0x1
12-07 06:30:06.511  1992  9017 E LstmTrainingCache: 	at android.content.res.ResourcesImpl.getResourceName(ResourcesImpl.java:255)
12-07 06:30:06.511  1992  9017 E LstmTrainingCache: 	at android.content.res.Resources.getResourceName(Resources.java:1954)
12-07 06:30:06.511  1992  9017 E LstmTrainingCache: 	at emn.a(PG:12)
12-07 06:30:06.511  1992  9017 E LstmTrainingCache: 	at emk.run(PG:5)
12-07 06:30:06.511  1992  9017 E LstmTrainingCache: 	at java.lang.Thread.run(Thread.java:764)
12-07 06:30:08.936  1735  1809 E storaged: getDiskStats failed with result NOT_SUPPORTED and size 0
12-07 06:30:28.976 26903 26903 E d.process.acor: Not starting debugger since process cannot load the jdwp agent.
12-07 06:30:33.550 26924 26924 E hod.latin:trai: Not starting debugger since process cannot load the jdwp agent.
12-07 06:30:38.353  1829  1829 E netmgr  : Failed to open QEMU pipe 'qemud:network': Invalid argument
12-07 06:30:38.355  1829  1829 E netmgr  : WifiForwarder unable to open QEMU pipe: Invalid argument
12-07 06:30:48.163  1610  1692 E audio_hw_generic: pcm_write failed cannot write stream data: I/O error
12-07 06:30:58.188  1610  1692 E audio_hw_generic: pcm_write failed cannot write stream data: I/O error
12-07 06:31:00.546  1992  9017 E putmethod.lati: Invalid ID 0x00000001.
12-07 06:31:00.546  1992  9017 E LstmTrainingCache: emn: Can't get resource name for input slot
12-07 06:31:00.546  1992  9017 E LstmTrainingCache: android.content.res.Resources$NotFoundException: Unable to find resource ID #0x1
12-07 06:31:00.546  1992  9017 E LstmTrainingCache: 	at android.content.res.ResourcesImpl.getResourceName(ResourcesImpl.java:255)
12-07 06:31:00.546  1992  9017 E LstmTrainingCache: 	at android.content.res.Resources.getResourceName(Resources.java:1954)
12-07 06:31:00.546  1992  9017 E LstmTrainingCache: 	at emn.a(PG:12)
12-07 06:31:00.546  1992  9017 E LstmTrainingCache: 	at emk.run(PG:5)
12-07 06:31:00.546  1992  9017 E LstmTrainingCache: 	at java.lang.Thread.run(Thread.java:764)
12-07 06:31:08.062 26949 26949 E emui:screensho: Not starting debugger since process cannot load the jdwp agent.
12-07 06:31:08.208  1610  1692 E audio_hw_generic: pcm_write failed cannot write stream data: I/O error
12-07 06:31:10.249  1735  1809 E storaged: getDiskStats failed with result NOT_SUPPORTED and size 0
12-07 06:31:10.363 26949 26949 E SoundPool: error loading /product/media/audio/ui/camera_click.ogg
12-07 06:31:10.492  1722  2117 E SurfaceFlinger: ro.sf.lcd_density must be defined as a build property
12-07 06:31:10.573  1722  1856 E SurfaceFlinger: ro.sf.lcd_density must be defined as a build property
12-07 06:31:10.628  1737  4612 E OMXNodeInstance: getConfig(0xe9a2c000:google.vorbis.decoder, ConfigAndroidVendorExtension(0x6f100004)) ERROR: Undefined(0x80001001)
12-07 06:31:20.289  1610  1692 E audio_hw_generic: pcm_write failed cannot write stream data: I/O error
12-07 06:31:25.226  1722  1959 E IPCThreadState: binder thread pool (4 threads) starved for 2061 ms
12-07 06:31:25.245  1737  4612 E OMXNodeInstance: setConfig(0xe9a2c000:google.vorbis.decoder, ConfigPriority(0x6f800002)) ERROR: Undefined(0x80001001)
12-07 06:31:25.245  1737  4612 E OMXNodeInstance: getConfig(0xe9a2c000:google.vorbis.decoder, ConfigAndroidVendorExtension(0x6f100004)) ERROR: Undefined(0x80001001)
12-07 06:31:30.330  1610  1692 E audio_hw_generic: pcm_write failed cannot write stream data: I/O error
12-07 06:31:33.072 26995 26995 E oid.apps.photo: Not starting debugger since process cannot load the jdwp agent.
12-07 06:31:40.129  1829  1829 E netmgr  : Failed to open QEMU pipe 'qemud:network': Invalid argument
12-07 06:31:40.130  1829  1829 E netmgr  : WifiForwarder unable to open QEMU pipe: Invalid argument
12-07 06:31:52.768  1610  1692 E audio_hw_generic: pcm_write failed cannot write stream data: I/O error
12-07 06:31:55.177  1741  1741 E /system/bin/tombstoned: Traces for pid 2125 written to: /data/anr/trace_15
12-07 06:31:57.457  1880  1896 E system_server: libdebuggerd_client: timeout expired
12-07 06:31:57.457  1880  1896 E ActivityManager: Aborting stack trace dump (current firstPid=2125); deadline exceeded.
12-07 06:31:57.531  1880  1896 E ActivityManager: ANR in system
12-07 06:31:57.531  1880  1896 E ActivityManager: PID: 1880
12-07 06:31:57.531  1880  1896 E ActivityManager: Reason: Input dispatching timed out (Waiting to send key event because the focused window has not finished processing all of the input events that were previously delivered to it.  Outbound queue length: 0.  Wait queue length: 1.)
12-07 06:31:57.531  1880  1896 E ActivityManager: Load: 2.25 / 3.22 / 3.47
12-07 06:31:57.531  1880  1896 E ActivityManager: CPU usage from 2ms to 26886ms later (2018-12-07 06:31:30.573 to 2018-12-07 06:31:57.458):
12-07 06:31:57.531  1880  1896 E ActivityManager:   41% 1880/system_server: 21% user + 20% kernel / faults: 3756 minor 138 major
12-07 06:31:57.531  1880  1896 E ActivityManager:   36% 1722/surfaceflinger: 14% user + 21% kernel / faults: 65 minor 2 major
12-07 06:31:57.531  1880  1896 E ActivityManager:   33% 19845/com.google.android.googlequicksearchbox:search: 13% user + 20% kernel / faults: 2060 minor 140 major
12-07 06:31:57.531  1880  1896 E ActivityManager:   33% 2300/adbd: 1.7% user + 31% kernel / faults: 70675 minor
12-07 06:31:57.531  1880  1896 E ActivityManager:   17% 26877/com.evancharlton.mileage: 7.4% user + 9.6% kernel / faults: 8338 minor 2 major
12-07 06:31:57.531  1880  1896 E ActivityManager:   9.2% 1992/com.google.android.inputmethod.latin: 4.4% user + 4.8% kernel / faults: 2142 minor 11 major
12-07 06:31:57.531  1880  1896 E ActivityManager:   8.8% 26518/com.google.android.apps.nexuslauncher: 4% user + 4.7% kernel / faults: 546 minor 26 major
12-07 06:31:57.531  1880  1896 E ActivityManager:   8.4% 646/kswapd0: 0% user + 8.4% kernel
12-07 06:31:57.531  1880  1896 E ActivityManager:   7.8% 18700/kworker/u9:4: 0% user + 7.8% kernel
12-07 06:31:57.531  1880  1896 E ActivityManager:   7.7% 1745/android.hardware.graphics.composer@2.1-service: 0.7% user + 7% kernel / faults: 35 minor
12-07 06:31:57.531  1880  1896 E ActivityManager:   7.5% 26857/com.android.commands.monkey: 3.4% user + 4.1% kernel / faults: 168 minor 2 major
12-07 06:31:57.531  1880  1896 E ActivityManager:   0.8% 2008/com.android.systemui: 0.4% user + 0.4% kernel / faults: 96 minor 3 major
12-07 06:31:57.531  1880  1896 E ActivityManager:   0.7% 1610/android.hardware.audio@2.0-service: 0.3% user + 0.4% kernel
12-07 06:31:57.531  1880  1896 E ActivityManager:   0.5% 1700/kworker/u9:1: 0% user + 0.5% kernel
12-07 06:31:57.531  1880  1896 E ActivityManager:   0.5% 1553/logd: 0% user + 0.5% kernel / faults: 3 minor 1 major
12-07 06:31:57.531  1880  1896 E ActivityManager:   0.5% 1628/audioserver: 0.2% user + 0.2% kernel
12-07 06:31:57.531  1880  1896 E ActivityManager:   0.5% 1702/kworker/u9:3: 0% user + 0.5% kernel
12-07 06:31:57.531  1880  1896 E ActivityManager:   0.4% 2125/com.android.phone: 0.1% user + 0.3% kernel / faults: 1135 minor 3 major
12-07 06:31:57.531  1880  1896 E ActivityManager:   0.3% 1675/kworker/u9:0: 0% user + 0.3% kernel
12-07 06:31:57.531  1880  1896 E ActivityManager:   0.2% 1624/android.hardware.sensors@1.0-service: 0% user + 0.2% kernel
12-07 06:31:57.531  1880  1896 E ActivityManager:   0.2% 2378/com.google.android.gms.persistent: 0% user + 0.2% kernel / faults: 105 minor 5 major
12-07 06:31:57.531  1880  1896 E ActivityManager:   0% 2346/com.android.se: 0% user + 0% kernel / faults: 661 minor 1 major
12-07 06:31:57.531  1880  1896 E ActivityManager:   0.2% 26510/kworker/u8:4: 0% user + 0.2% kernel
12-07 06:31:57.531  1880  1896 E ActivityManager:   0.2% 26798/android.process.media: 0.1% user + 0% kernel / faults: 151 minor 1 major
12-07 06:31:57.531  1880  1896 E ActivityManager:   0.1% 2318/logcat: 0% user + 0.1% kernel
12-07 06:31:57.531  1880  1896 E ActivityManager:   0.1% 22205/kworker/u8:3: 0% user + 0.1% kernel
12-07 06:31:57.531  1880  1896 E ActivityManager:   0.1% 26945/kworker/0:1: 0% user + 0.1% kernel
12-07 06:31:57.531  1880  1896 E ActivityManager:   0.1% 1608/healthd: 0% user + 0.1% kernel
12-07 06:31:57.531  1880  1896 E ActivityManager:   0.1% 1723/zygote: 0% user + 0.1% kernel / faults: 134 minor
12-07 06:31:57.531  1880  1896 E ActivityManager:   0.1% 23839/kworker/u8:1: 0% user + 0.1% kernel
12-07 06:31:57.531  1880  1896 E ActivityManager:   0% 7/rcu_preempt: 0% user + 0% kernel
12-07 06:31:57.531  1880  1896 E ActivityManager:   0% 1619/android.hardware.gnss@1.0-service: 0% user + 0% kernel
12-07 06:31:57.531  1880  1896 E ActivityManager:   0% 1620/android.hardware.graphics.allocator@2.0-service: 0% user + 0% kernel / faults: 11 minor
12-07 06:31:57.531  1880  1896 E ActivityManager:   0% 2780/com.android.vending: 0% user + 0% kernel / faults: 34 minor
12-07 06:31:57.531  1880  1896 E ActivityManager:   0% 26441/com.google.process.gservices: 0% user + 0% kernel / faults: 27 minor 5 major
12-07 06:31:57.531  1880  1896 E ActivityManager:   0% 3/ksoftirqd/0: 0% user + 0% kernel
12-07 06:31:57.531  1880  1896 E ActivityManager:   0% 16/ksoftirqd/2: 0% user + 0% kernel
12-07 06:31:57.531  1880  1896 E ActivityManager:   0% 1622/android.hardware.health@2.0-service.goldfish: 0% user + 0% kernel / faults: 1 minor
12-07 06:31:57.531  1880  1896 E ActivityManager:   0% 1623/android.hardware.power@1.1-service.ranchu: 0% user + 0% kernel
12-07 06:31:57.531  1880  1896 E ActivityManager:   0% 1677/dmcrypt_write: 0% user + 0% kernel
12-07 06:31:57.531  1880  1896 E ActivityManager:   0% 1724/cameraserver: 0% user + 0% kernel / faults: 3 major
12-07 06:31:57.531  1880  1896 E ActivityManager:   0% 1734/statsd: 0% user + 0% kernel
12-07 06:31:57.531  1880  1896 E ActivityManager:   0% 2482/com.google.android.gms: 0% user + 0% kernel / faults: 20 minor
12-07 06:31:57.531  1880  1896 E ActivityManager:   0% 26427/kworker/2:2: 0% user + 0% kernel
12-07 06:31:57.531  1880  1896 E ActivityManager:   0% 26903/android.process.acore: 0% user + 0% kernel
12-07 06:31:57.531  1880  1896 E ActivityManager:  +0% 26995/com.google.android.apps.photos: 0% user + 0% kernel
12-07 06:31:57.531  1880  1896 E ActivityManager:  +0% 27041/crash_dump32: 0% user + 0% kernel
12-07 06:31:57.531  1880  1896 E ActivityManager:  +0% 27043/com.android.phone: 0% user + 0% kernel
12-07 06:31:57.531  1880  1896 E ActivityManager: 30% TOTAL: 9.1% user + 15% kernel + 5.6% iowait + 0.6% softirq
12-07 06:31:57.531  1880  1896 E ActivityManager: CPU usage from 51ms to 4671ms later (2018-12-07 06:31:30.622 to 2018-12-07 06:31:35.244):
12-07 06:31:57.531  1880  1896 E ActivityManager:   89% 1722/surfaceflinger: 38% user + 50% kernel / faults: 4 minor
12-07 06:31:57.531  1880  1896 E ActivityManager:     87% 1722/surfaceflinger: 34% user + 53% kernel
12-07 06:31:57.531  1880  1896 E ActivityManager:     0.8% 2117/Binder:1722_5: 0% user + 0.8% kernel
12-07 06:31:57.531  1880  1896 E ActivityManager:     0.4% 1750/DispSync: 0.4% user + 0% kernel
12-07 06:31:57.531  1880  1896 E ActivityManager:   18% 1880/system_server: 11% user + 6.9% kernel / faults: 398 minor 6 major
12-07 06:31:57.531  1880  1896 E ActivityManager:     8.2% 1896/ActivityManager: 7.4% user + 0.8% kernel
12-07 06:31:57.531  1880  1896 E ActivityManager:     2.1% 413
12-07 06:32:02.544  1880  1895 E memtrack: Couldn't load memtrack module
12-07 06:32:02.789  1610  1692 E audio_hw_generic: pcm_write failed cannot write stream data: I/O error
12-07 06:32:02.821  1880  5028 E memtrack: Couldn't load memtrack module
12-07 06:32:04.901  1880  5028 E memtrack: Couldn't load memtrack module
12-07 06:32:05.040  1880  5028 E memtrack: Couldn't load memtrack module
12-07 06:32:05.180  1880  5028 E memtrack: Couldn't load memtrack module
12-07 06:32:05.248  1880  1895 E memtrack: Couldn't load memtrack module
12-07 06:32:07.482  2378 26898 E ctxmgr  : [ProducerStatusImpl]updateStateForNewContextData: inactive, contextName=7
12-07 06:32:07.507  2378 26898 E ctxmgr  : [ProducerStatusImpl]updateStateForNewContextData: inactive, contextName=1
12-07 06:32:07.507  2378 26898 E ctxmgr  : [ProducerStatusImpl]updateStateForNewContextData: inactive, contextName=1
12-07 06:32:07.509  1880  5028 E memtrack: Couldn't load memtrack module
12-07 06:32:07.601  1880  5028 E memtrack: Couldn't load memtrack module
12-07 06:32:07.667  2378  2378 E BeaconBle: Missing BluetoothAdapter
12-07 06:32:07.683  2378  2378 E BeaconBle: Scan couldn't start for Places
12-07 06:32:07.723  1880  5028 E memtrack: Couldn't load memtrack module
12-07 06:32:07.797  1880  5028 E memtrack: Couldn't load memtrack module
12-07 06:32:09.721  1880  5028 E memtrack: Couldn't load memtrack module
12-07 06:32:09.789  1880  5028 E memtrack: Couldn't load memtrack module
12-07 06:32:09.859  1880  5028 E memtrack: Couldn't load memtrack module
12-07 06:32:09.930  1880  5028 E memtrack: Couldn't load memtrack module
12-07 06:32:09.997  1880  5028 E memtrack: Couldn't load memtrack module
12-07 06:32:10.063  1880  5028 E memtrack: Couldn't load memtrack module
12-07 06:32:12.153  1735  1809 E storaged: getDiskStats failed with result NOT_SUPPORTED and size 0
12-07 06:32:12.257  1880  5028 E memtrack: Couldn't load memtrack module
12-07 06:32:12.327  1880  5028 E memtrack: Couldn't load memtrack module
12-07 06:32:12.391  1880  5028 E memtrack: Couldn't load memtrack module
12-07 06:32:12.459  1880  5028 E memtrack: Couldn't load memtrack module
12-07 06:32:12.574  1880  5028 E memtrack: Couldn't load memtrack module
12-07 06:32:14.409  1610  1692 E audio_hw_generic: pcm_write failed cannot write stream data: I/O error
12-07 06:32:14.522  1880  5028 E memtrack: Couldn't load memtrack module
12-07 06:32:14.587  1880  5028 E memtrack: Couldn't load memtrack module
12-07 06:32:14.653  1880  5028 E memtrack: Couldn't load memtrack module
12-07 06:32:14.719  1880  5028 E memtrack: Couldn't load memtrack module
12-07 06:32:14.787  1880  5028 E memtrack: Couldn't load memtrack module
12-07 06:32:14.855  1880  5028 E memtrack: Couldn't load memtrack module
12-07 06:32:16.980  1880  5028 E memtrack: Couldn't load memtrack module
12-07 06:32:17.043  1880  5028 E memtrack: Couldn't load memtrack module
12-07 06:32:17.106  1880  5028 E memtrack: Couldn't load memtrack module
12-07 06:32:17.173  1880  5028 E memtrack: Couldn't load memtrack module
