--------- beginning of main
12-08 00:54:46.334 27880 27880 E oid.documentsu: Not starting debugger since process cannot load the jdwp agent.
--------- beginning of system
12-08 00:54:46.933  1632  1632 E lowmemorykiller: Error writing /proc/27709/oom_score_adj; errno=22
12-08 00:54:46.934  1632  1632 E lowmemorykiller: Error writing /proc/27680/oom_score_adj; errno=22
12-08 00:54:46.948  1632  1632 E lowmemorykiller: Error opening /proc/27709/oom_score_adj; errno=2
12-08 00:54:47.222 27925 27925 E droid.apps.doc: Not starting debugger since process cannot load the jdwp agent.
12-08 00:54:48.247 27958 27958 E id.defcontaine: Not starting debugger since process cannot load the jdwp agent.
12-08 00:54:48.249 27951 27951 E d.process.medi: Not starting debugger since process cannot load the jdwp agent.
12-08 00:54:48.875 27989 27989 E ocess.gservice: Not starting debugger since process cannot load the jdwp agent.
12-08 00:54:50.367 27925 27925 E DocsApplication: [main] No default account found during application creation.
12-08 00:54:51.221  1729  1752 E         : Couldn't opendir /data/app/vmdl1132324892.tmp: No such file or directory
12-08 00:54:51.221  1729  1752 E installd: Failed to delete /data/app/vmdl1132324892.tmp: No such file or directory
12-08 00:54:56.156 28035 28035 E harlton.mileag: Not starting debugger since process cannot load the jdwp agent.
12-08 00:54:56.378 28049 28049 E id.partnersetu: Not starting debugger since process cannot load the jdwp agent.
12-08 00:54:57.434 10641 10670 E MicroDetectionWorker: Stale runnable..ignoring
12-08 00:54:58.147 16506 16506 E BeaconBle: Missing BluetoothAdapter
12-08 00:54:58.376 16788 17129 E PlayCommon: [121] com.google.android.play.b.g.a(448): Failed to connect to server: java.net.UnknownHostException: Unable to resolve host "play.googleapis.com": No address associated with hostname
12-08 00:54:58.425 16506 28075 E ctxmgr  : [AppIntervalImpl]closeInterval: ongoing
12-08 00:54:58.434 16506 28075 E ctxmgr  : [AppIntervalImpl]closeInterval: ongoing
12-08 00:54:58.546 16506 16506 E BeaconBle: Scan couldn't start for Places
12-08 00:54:58.558 16085 31762 E putmethod.lati: Invalid ID 0x00000001.
12-08 00:54:58.585 16085 31762 E LstmTrainingCache: emn: Can't get resource name for input slot
12-08 00:54:58.585 16085 31762 E LstmTrainingCache: android.content.res.Resources$NotFoundException: Unable to find resource ID #0x1
12-08 00:54:58.585 16085 31762 E LstmTrainingCache: 	at android.content.res.ResourcesImpl.getResourceName(ResourcesImpl.java:255)
12-08 00:54:58.585 16085 31762 E LstmTrainingCache: 	at android.content.res.Resources.getResourceName(Resources.java:1954)
12-08 00:54:58.585 16085 31762 E LstmTrainingCache: 	at emn.a(PG:12)
12-08 00:54:58.585 16085 31762 E LstmTrainingCache: 	at emk.run(PG:5)
12-08 00:54:58.585 16085 31762 E LstmTrainingCache: 	at java.lang.Thread.run(Thread.java:764)
12-08 00:55:08.586 28095 28095 E emui:screensho: Not starting debugger since process cannot load the jdwp agent.
12-08 00:55:08.877 28095 28095 E SoundPool: error loading /product/media/audio/ui/camera_click.ogg
12-08 00:55:09.163  1739  2068 E OMXNodeInstance: getConfig(0xee326f00:google.vorbis.decoder, ConfigAndroidVendorExtension(0x6f100004)) ERROR: Undefined(0x80001001)
12-08 00:55:10.807 28119 28119 E earchbox:searc: Not starting debugger since process cannot load the jdwp agent.
12-08 00:55:12.542 28119 28119 E OverlaySController: Calling with an invalid UID, the interface will not work
12-08 00:55:13.279 28163 28163 E e.process.gapp: Not starting debugger since process cannot load the jdwp agent.
12-08 00:55:13.313 28119 28156 E BluetoothAdapter: Bluetooth binder is null
12-08 00:55:15.424  1829  1829 E netmgr  : Failed to open QEMU pipe 'qemud:network': Invalid argument
12-08 00:55:15.425  1829  1829 E netmgr  : WifiForwarder unable to open QEMU pipe: Invalid argument
12-08 00:55:21.863 28225 28225 E oid.apps.photo: Not starting debugger since process cannot load the jdwp agent.
12-08 00:55:22.054 16506 16506 E BeaconBle: Missing BluetoothAdapter
12-08 00:55:22.084 28035 28035 E WindowManager: 
12-08 00:55:22.084 28035 28035 E WindowManager: android.view.WindowLeaked: Activity com.evancharlton.mileage.FieldActivity has leaked window DecorView@5e4a6f9[FieldActivity] that was originally added here
12-08 00:55:22.084 28035 28035 E WindowManager: 	at android.view.ViewRootImpl.<init>(ViewRootImpl.java:511)
12-08 00:55:22.084 28035 28035 E WindowManager: 	at android.view.WindowManagerGlobal.addView(WindowManagerGlobal.java:346)
12-08 00:55:22.084 28035 28035 E WindowManager: 	at android.view.WindowManagerImpl.addView(WindowManagerImpl.java:93)
12-08 00:55:22.084 28035 28035 E WindowManager: 	at com.android.internal.policy.PhoneWindow.openPanel(PhoneWindow.java:887)
12-08 00:55:22.084 28035 28035 E WindowManager: 	at com.android.internal.policy.PhoneWindow.onKeyUpPanel(PhoneWindow.java:1104)
12-08 00:55:22.084 28035 28035 E WindowManager: 	at com.android.internal.policy.PhoneWindow.onKeyUp(PhoneWindow.java:2007)
12-08 00:55:22.084 28035 28035 E WindowManager: 	at com.android.internal.policy.DecorView.dispatchKeyEvent(DecorView.java:350)
12-08 00:55:22.084 28035 28035 E WindowManager: 	at android.view.ViewRootImpl$ViewPostImeInputStage.processKeyEvent(ViewRootImpl.java:5037)
12-08 00:55:22.084 28035 28035 E WindowManager: 	at android.view.ViewRootImpl$ViewPostImeInputStage.onProcess(ViewRootImpl.java:4905)
12-08 00:55:22.084 28035 28035 E WindowManager: 	at android.view.ViewRootImpl$InputStage.deliver(ViewRootImpl.java:4426)
12-08 00:55:22.084 28035 28035 E WindowManager: 	at android.view.ViewRootImpl$InputStage.onDeliverToNext(ViewRootImpl.java:4479)
12-08 00:55:22.084 28035 28035 E WindowManager: 	at android.view.ViewRootImpl$InputStage.forward(ViewRootImpl.java:4445)
12-08 00:55:22.084 28035 28035 E WindowManager: 	at android.view.ViewRootImpl$AsyncInputStage.forward(ViewRootImpl.java:4585)
12-08 00:55:22.084 28035 28035 E WindowManager: 	at android.view.ViewRootImpl$InputStage.apply(ViewRootImpl.java:4453)
12-08 00:55:22.084 28035 28035 E WindowManager: 	at android.view.ViewRootImpl$AsyncInputStage.apply(ViewRootImpl.java:4642)
12-08 00:55:22.084 28035 28035 E WindowManager: 	at android.view.ViewRootImpl$InputStage.deliver(ViewRootImpl.java:4426)
12-08 00:55:22.084 28035 28035 E WindowManager: 	at android.view.ViewRootImpl$InputStage.onDeliverToNext(ViewRootImpl.java:4479)
12-08 00:55:22.084 28035 28035 E WindowManager: 	at android.view.ViewRootImpl$InputStage.forward(ViewRootImpl.java:4445)
12-08 00:55:22.084 28035 28035 E WindowManager: 	at android.view.ViewRootImpl$InputStage.apply(ViewRootImpl.java:4453)
12-08 00:55:22.084 28035 28035 E WindowManager: 	at android.view.ViewRootImpl$InputStage.deliver(ViewRootImpl.java:4426)
12-08 00:55:22.084 28035 28035 E WindowManager: 	at android.view.ViewRootImpl$InputStage.onDeliverToNext(ViewRootImpl.java:4479)
12-08 00:55:22.084 28035 28035 E WindowManager: 	at android.view.ViewRootImpl$InputStage.forward(ViewRootImpl.java:4445)
12-08 00:55:22.084 28035 28035 E WindowManager: 	at android.view.ViewRootImpl$AsyncInputStage.forward(ViewRootImpl.java:4618)
12-08 00:55:22.084 28035 28035 E WindowManager: 	at android.view.ViewRootImpl$ImeInputStage.onFinishedInputEvent(ViewRootImpl.java:4779)
12-08 00:55:22.084 28035 28035 E WindowManager: 	at android.view.inputmethod.InputMethodManager$PendingEvent.run(InputMethodManager.java:2571)
12-08 00:55:22.084 28035 28035 E WindowManager: 	at android.view.inputmethod.InputMethodManager.invokeFinishedInputEventCallback(InputMethodManager.java:2081)
12-08 00:55:22.084 28035 28035 E WindowManager: 	at android.view.inputmethod.InputMethodManager.finishedInputEvent(InputMethodManager.java:2072)
12-08 00:55:22.084 28035 28035 E WindowManager: 	at android.view.inputmethod.InputMethodManager$ImeInputEventSender.onInputEventFinished(InputMethodManager.java:2548)
12-08 00:55:22.084 28035 28035 E WindowManager: 	at android.view.InputEventSender.dispatchInputEventFinished(InputEventSender.java:141)
12-08 00:55:22.084 28035 28035 E WindowManager: 	at android.os.MessageQueue.nativePollOnce(Native Method)
12-08 00:55:22.084 28035 28035 E WindowManager: 	at android.os.MessageQueue.next(MessageQueue.java:326)
12-08 00:55:22.084 28035 28035 E WindowManager: 	at android.os.Looper.loop(Looper.java:160)
12-08 00:55:22.084 28035 28035 E WindowManager: 	at android.app.ActivityThread.main(ActivityThread.java:6669)
12-08 00:55:22.084 28035 28035 E WindowManager: 	at java.lang.reflect.Method.invoke(Native Method)
12-08 00:55:22.084 28035 28035 E WindowManager: 	at com.android.internal.os.RuntimeInit$MethodAndArgsCaller.run(RuntimeInit.java:493)
12-08 00:55:22.084 28035 28035 E WindowManager: 	at com.android.internal.os.ZygoteInit.main(ZygoteInit.java:858)
12-08 00:55:22.293 16506 16506 E BeaconBle: Scan couldn't start for Places
12-08 00:55:24.619 28119 28119 E ContextIntentStarter: No activity found for any of the 0 intents
12-08 00:55:25.257 15976 16318 E WindowManager: Performed 6 layouts in a row. Skipping
12-08 00:55:25.289 15976 16026 E WindowManager: Performed 6 layouts in a row. Skipping
12-08 00:55:25.375 15976 16026 E WindowManager: Performed 6 layouts in a row. Skipping
12-08 00:55:25.436 15976 16026 E WindowManager: Performed 6 layouts in a row. Skipping
12-08 00:55:25.474 15976 16026 E WindowManager: Performed 6 layouts in a row. Skipping
12-08 00:55:25.542 15976 16026 E WindowManager: Performed 6 layouts in a row. Skipping
12-08 00:55:25.560 15976 15991 E WindowManager: Performed 6 layouts in a row. Skipping
12-08 00:55:25.620 15976 16208 E WindowManager: Performed 6 layouts in a row. Skipping
12-08 00:55:25.700 15976 16026 E WindowManager: Performed 6 layouts in a row. Skipping
12-08 00:55:25.738 15976 16208 E WindowManager: Performed 6 layouts in a row. Skipping
12-08 00:55:35.792  1737  1809 E storaged: getDiskStats failed with result NOT_SUPPORTED and size 0
12-08 00:55:37.539 16506 28074 E ctxmgr  : [AppIntervalImpl]closeInterval: ongoing
12-08 00:55:37.547 16506 28074 E ctxmgr  : [AppIntervalImpl]closeInterval: ongoing
12-08 00:55:37.637 15927 28288 E audio_hw_generic: pcm_open(in) failed: cannot open device '/dev/snd/pcmC0D0c': Device or resource busy: channels 2 format 0 rate 16000
12-08 00:56:15.488  1829  1829 E netmgr  : Failed to open QEMU pipe 'qemud:network': Invalid argument
12-08 00:56:15.488  1829  1829 E netmgr  : WifiForwarder unable to open QEMU pipe: Invalid argument
12-08 00:56:35.795  1737  1809 E storaged: getDiskStats failed with result NOT_SUPPORTED and size 0
12-08 00:56:40.410 28324 28324 E webview_servic: Not starting debugger since process cannot load the jdwp agent.
12-08 00:57:02.625 16485 16485 E SchedPolicy: set_timerslack_ns write failed: Operation not permitted
12-08 00:57:03.492 16485 16485 E SchedPolicy: set_timerslack_ns write failed: Operation not permitted
12-08 00:57:15.515  1829  1829 E netmgr  : Failed to open QEMU pipe 'qemud:network': Invalid argument
12-08 00:57:15.515  1829  1829 E netmgr  : WifiForwarder unable to open QEMU pipe: Invalid argument
12-08 00:57:35.806  1737  1809 E storaged: getDiskStats failed with result NOT_SUPPORTED and size 0
12-08 00:58:15.568  1829  1829 E netmgr  : Failed to open QEMU pipe 'qemud:network': Invalid argument
12-08 00:58:15.569  1829  1829 E netmgr  : WifiForwarder unable to open QEMU pipe: Invalid argument
12-08 00:58:35.812  1737  1809 E storaged: getDiskStats failed with result NOT_SUPPORTED and size 0
12-08 00:59:15.629  1829  1829 E netmgr  : Failed to open QEMU pipe 'qemud:network': Invalid argument
12-08 00:59:15.629  1829  1829 E netmgr  : WifiForwarder unable to open QEMU pipe: Invalid argument
12-08 00:59:20.336 15976 16115 E WindowManager: Performed 6 layouts in a row. Skipping
12-08 00:59:20.359 15976 16026 E WindowManager: Performed 6 layouts in a row. Skipping
12-08 00:59:20.426 15976 16026 E WindowManager: Performed 6 layouts in a row. Skipping
12-08 00:59:20.467 15976 16026 E WindowManager: Performed 6 layouts in a row. Skipping
12-08 00:59:20.494 15976 15991 E WindowManager: Performed 6 layouts in a row. Skipping
12-08 00:59:20.516 15976 16318 E WindowManager: Performed 6 layouts in a row. Skipping
12-08 00:59:20.549 15976 16026 E WindowManager: Performed 6 layouts in a row. Skipping
12-08 00:59:20.580 15976 16026 E WindowManager: Performed 6 layouts in a row. Skipping
12-08 00:59:20.621 15976 16026 E WindowManager: Performed 6 layouts in a row. Skipping
12-08 00:59:20.727 15976 16026 E WindowManager: Performed 6 layouts in a row. Skipping
