--------- beginning of system
12-07 10:00:02.379  1735  1809 E storaged: getDiskStats failed with result NOT_SUPPORTED and size 0
12-07 10:01:04.013  1735  1809 E storaged: getDiskStats failed with result NOT_SUPPORTED and size 0
12-07 10:02:04.160  1735  1809 E storaged: getDiskStats failed with result NOT_SUPPORTED and size 0
12-07 10:02:53.341  1736  1736 E wificond: NL80211_CMD_TRIGGER_SCAN failed: Device or resource busy
12-07 10:03:04.676  1735  1809 E storaged: getDiskStats failed with result NOT_SUPPORTED and size 0
12-07 10:04:05.364  1735  1809 E storaged: getDiskStats failed with result NOT_SUPPORTED and size 0
12-07 10:05:05.424  1735  1809 E storaged: getDiskStats failed with result NOT_SUPPORTED and size 0
12-07 10:06:05.832  1735  1809 E storaged: getDiskStats failed with result NOT_SUPPORTED and size 0
12-07 10:07:06.295  1735  1809 E storaged: getDiskStats failed with result NOT_SUPPORTED and size 0
12-07 10:08:07.762  1735  1809 E storaged: getDiskStats failed with result NOT_SUPPORTED and size 0
12-07 10:08:56.672  1880  1934 E WindowManager: Performed 6 layouts in a row. Skipping
12-07 10:08:56.690  1880  1934 E WindowManager: Performed 6 layouts in a row. Skipping
12-07 10:08:56.720  1880  1934 E WindowManager: Performed 6 layouts in a row. Skipping
12-07 10:08:56.751  1880  1934 E WindowManager: Performed 6 layouts in a row. Skipping
12-07 10:08:56.870  1880  1934 E WindowManager: Performed 6 layouts in a row. Skipping
12-07 10:09:08.258  1735  1809 E storaged: getDiskStats failed with result NOT_SUPPORTED and size 0
12-07 10:10:09.588  1735  1809 E storaged: getDiskStats failed with result NOT_SUPPORTED and size 0
12-07 10:11:10.563  1735  1809 E storaged: getDiskStats failed with result NOT_SUPPORTED and size 0
12-07 10:12:11.763  1735  1809 E storaged: getDiskStats failed with result NOT_SUPPORTED and size 0
12-07 10:12:28.375  1880  1902 E NetdConnector: NDC event {613 IfaceClass active 0 17756726767480 10036} took too long: 2174ms
12-07 10:13:12.754  1735  1809 E storaged: getDiskStats failed with result NOT_SUPPORTED and size 0
12-07 10:14:14.293  1735  1809 E storaged: getDiskStats failed with result NOT_SUPPORTED and size 0
12-07 10:14:21.585  1880  4500 E WindowManager: Performed 6 layouts in a row. Skipping
12-07 10:14:21.612  1880  1934 E WindowManager: Performed 6 layouts in a row. Skipping
12-07 10:14:23.704  1880  1934 E WindowManager: Performed 6 layouts in a row. Skipping
12-07 10:14:23.739  1880  1934 E WindowManager: Performed 6 layouts in a row. Skipping
12-07 10:14:23.765  1880  1934 E WindowManager: Performed 6 layouts in a row. Skipping
12-07 10:14:23.804  1880  1897 E WindowManager: Performed 6 layouts in a row. Skipping
12-07 10:14:23.829  1880  1934 E WindowManager: Performed 6 layouts in a row. Skipping
12-07 10:14:23.873  1880  1934 E WindowManager: Performed 6 layouts in a row. Skipping
12-07 10:14:23.939  1880  1934 E WindowManager: Performed 6 layouts in a row. Skipping
12-07 10:14:23.966  1880  3002 E WindowManager: Performed 6 layouts in a row. Skipping
12-07 10:14:24.001  1880  1934 E WindowManager: Performed 6 layouts in a row. Skipping
12-07 10:14:24.067  1880  1934 E WindowManager: Performed 6 layouts in a row. Skipping
12-07 10:14:25.940  1880  1934 E WindowManager: Performed 6 layouts in a row. Skipping
12-07 10:14:26.012  1880  1934 E WindowManager: Performed 6 layouts in a row. Skipping
12-07 10:15:15.505  1735  1809 E storaged: getDiskStats failed with result NOT_SUPPORTED and size 0
12-07 10:16:16.400  1735  1809 E storaged: getDiskStats failed with result NOT_SUPPORTED and size 0
12-07 10:16:30.665  1880  1900 E BatteryExternalStatsWorker: no controller energy info supplied for wifi
12-07 10:17:16.408  1735  1809 E storaged: getDiskStats failed with result NOT_SUPPORTED and size 0
12-07 10:18:17.963  1735  1809 E storaged: getDiskStats failed with result NOT_SUPPORTED and size 0
--------- beginning of main
12-07 10:18:34.644  2378  2659 E SynchronizedLE: asynchronous call timed out or was interrupted
12-07 10:18:41.717  1829  1829 E netmgr  : Failed to open QEMU pipe 'qemud:network': Invalid argument
12-07 10:18:41.726  1829  1829 E netmgr  : WifiForwarder unable to open QEMU pipe: Invalid argument
12-07 10:18:59.585 23077 23077 E .android.chrom: Not starting debugger since process cannot load the jdwp agent.
12-07 10:19:42.758  1829  1829 E netmgr  : Failed to open QEMU pipe 'qemud:network': Invalid argument
12-07 10:19:42.758  1829  1829 E netmgr  : WifiForwarder unable to open QEMU pipe: Invalid argument
12-07 10:19:49.851  1880  1897 E AutofillSession: No assist structure - app might have crashed providing it
12-07 10:19:52.240  1735  1809 E storaged: getDiskStats failed with result NOT_SUPPORTED and size 0
12-07 10:19:59.538 22423 22423 E SpannableStringBuilder: SPAN_EXCLUSIVE_EXCLUSIVE spans cannot have a zero length
12-07 10:19:59.539 22423 22423 E SpannableStringBuilder: SPAN_EXCLUSIVE_EXCLUSIVE spans cannot have a zero length
12-07 10:20:18.696  2378 23071 E ctxmgr  : [ProducerStatusImpl]updateStateForNewContextData: inactive, contextName=7
12-07 10:20:18.835  2378 23071 E ctxmgr  : [ProducerStatusImpl]updateStateForNewContextData: inactive, contextName=1
12-07 10:20:21.004  2378 23071 E ctxmgr  : [ProducerStatusImpl]updateStateForNewContextData: inactive, contextName=1
12-07 10:20:21.332  2378  2378 E BeaconBle: Missing BluetoothAdapter
12-07 10:20:23.249  2378  2378 E BeaconBle: Scan couldn't start for Places
12-07 10:20:42.785  1829  1829 E netmgr  : Failed to open QEMU pipe 'qemud:network': Invalid argument
12-07 10:20:42.785  1829  1829 E netmgr  : WifiForwarder unable to open QEMU pipe: Invalid argument
12-07 10:20:52.257  1735  1809 E storaged: getDiskStats failed with result NOT_SUPPORTED and size 0
12-07 10:21:27.953  1610  1692 E audio_hw_generic: pcm_write failed cannot write stream data: I/O error
12-07 10:21:28.180 19845 19845 E ClientVe: Failed to create ClientVisualElementsProto for user interaction on view com.google.android.apps.gsa.searchbox.ui.suggestions.views.CoreSuggestionView{83745cc VFE...CL. ...P.... 0,583-1038,730 #54} because the view is not tagged for visual element logging.
12-07 10:21:39.585  1610  1692 E audio_hw_generic: pcm_write failed cannot write stream data: I/O error
12-07 10:21:39.955 19845 19845 E ClientVe: Failed to create ClientVisualElementsProto for user interaction on view com.google.android.apps.gsa.searchbox.ui.suggestions.views.CoreSuggestionView{4ef387d VFE...CL. ......ID 0,142-1038,289 #51} because the view is not tagged for visual element logging.
12-07 10:21:42.357 19845 19845 E ClientVe: Failed to create ClientVisualElementsProto for user interaction on view com.google.android.apps.gsa.searchbox.ui.suggestions.views.CoreSuggestionView{83745cc VFE...CL. ...P.... 0,583-1038,730 #54} because the view is not tagged for visual element logging.
12-07 10:21:44.307  1829  1829 E netmgr  : Failed to open QEMU pipe 'qemud:network': Invalid argument
12-07 10:21:44.307  1829  1829 E netmgr  : WifiForwarder unable to open QEMU pipe: Invalid argument
12-07 10:21:47.080 19845 19845 E ClientVe: Failed to create ClientVisualElementsProto for user interaction on view com.google.android.apps.gsa.searchbox.ui.suggestions.views.CoreSuggestionView{8aed4 VFE...CL. ...P.... 0,-5-1038,142 #50} because the view is not tagged for visual element logging.
12-07 10:21:51.471  1610  1692 E audio_hw_generic: pcm_write failed cannot write stream data: I/O error
12-07 10:21:53.735  1735  1809 E storaged: getDiskStats failed with result NOT_SUPPORTED and size 0
12-07 10:22:03.202  1610  1692 E audio_hw_generic: pcm_write failed cannot write stream data: I/O error
12-07 10:22:10.642 18498 18498 E wpa_supplicant: nl80211: Failed to open /proc/sys/net/ipv4/conf/p2p-dev-wlan0/drop_unicast_in_l2_multicast: No such file or directory
12-07 10:22:10.642 18498 18498 E wpa_supplicant: nl80211: Failed to set IPv4 unicast in multicast filter
12-07 10:22:10.771 18498 18498 E wpa_supplicant: nl80211: Failed to open /proc/sys/net/ipv4/conf/p2p-dev-wlan0/drop_unicast_in_l2_multicast: No such file or directory
12-07 10:22:10.771 18498 18498 E wpa_supplicant: nl80211: Failed to set IPv4 unicast in multicast filter
12-07 10:22:10.899 18498 18498 E wpa_supplicant: nl80211: Failed to open /proc/sys/net/ipv4/conf/wlan0/drop_unicast_in_l2_multicast: No such file or directory
12-07 10:22:10.899 18498 18498 E wpa_supplicant: nl80211: Failed to set IPv4 unicast in multicast filter
12-07 10:22:12.838 18498 18498 E wpa_supplicant: nl80211: Failed to open /proc/sys/net/ipv4/conf/wlan0/drop_unicast_in_l2_multicast: No such file or directory
12-07 10:22:12.838 18498 18498 E wpa_supplicant: nl80211: Failed to set IPv4 unicast in multicast filter
12-07 10:22:12.845  2378 23161 E WakeLock: GCM_HB_ALARM release without a matched acquire!
12-07 10:22:12.902  2378 23161 E WakeLock: GCM_CONN_ALARM release without a matched acquire!
12-07 10:22:13.050 23162 23162 E rrierdefaultap: Not starting debugger since process cannot load the jdwp agent.
12-07 10:22:15.249  1610  1692 E audio_hw_generic: pcm_write failed cannot write stream data: I/O error
12-07 10:22:15.290 20586 20586 E Bugle   : com.google.android.apps.messaging.shared.util.common.AsyncTimeoutReporter$SilentTimeoutError: CountryCodeDetectorAction.executeAction did not complete in 1000ms
12-07 10:22:15.467  1625  1625 E android.hardware.wifi@1.0-service: Failed to open directory: Permission denied
12-07 10:22:15.467  1625  1625 E android.hardware.wifi@1.0-service: Error occurred while deleting old tombstone files
12-07 10:22:15.467  1625  1625 E android.hardware.wifi@1.0-service: Error writing files to flash
12-07 10:22:17.777  1880  1969 E WifiP2pService: Unhandled message { when=-65ms what=131204 target=com.android.internal.util.StateMachine$SmHandler }
12-07 10:22:17.779  1880  1900 E BatteryExternalStatsWorker: no controller energy info supplied for wifi
12-07 10:22:20.033  1880  1900 E BatteryExternalStatsWorker: no controller energy info supplied for wifi
12-07 10:22:27.182 23180 23180 E id.gms.learnin: Not starting debugger since process cannot load the jdwp agent.
12-07 10:22:27.202  1880  1896 E ActivityManager: ANR in com.android.carrierdefaultapp
12-07 10:22:27.202  1880  1896 E ActivityManager: PID: 23162
12-07 10:22:27.202  1880  1896 E ActivityManager: Reason: Broadcast of Intent { act=com.android.internal.telephony.CARRIER_SIGNAL_RESET flg=0x10000010 cmp=com.android.carrierdefaultapp/.CarrierDefaultBroadcastReceiver (has extras) }
12-07 10:22:27.202  1880  1896 E ActivityManager: Load: 0.0 / 0.0 / 0.0
12-07 10:22:27.202  1880  1896 E ActivityManager: CPU usage from 14307ms to 0ms ago (2018-12-07 10:22:10.472 to 2018-12-07 10:22:24.775):
12-07 10:22:27.202  1880  1896 E ActivityManager:   62% 1880/system_server: 33% user + 29% kernel / faults: 669 minor 179 major
12-07 10:22:27.202  1880  1896 E ActivityManager:   44% 23028/webview_zygote: 21% user + 22% kernel / faults: 852 minor 327 major
12-07 10:22:27.202  1880  1896 E ActivityManager:   36% 19845/com.google.android.googlequicksearchbox:search: 15% user + 21% kernel / faults: 1476 minor 385 major
12-07 10:22:27.202  1880  1896 E ActivityManager:   32% 646/kswapd0: 0% user + 32% kernel
12-07 10:22:27.202  1880  1896 E ActivityManager:   28% 2482/com.google.android.gms: 14% user + 14% kernel / faults: 1210 minor 153 major
12-07 10:22:27.202  1880  1896 E ActivityManager:   18% 1722/surfaceflinger: 7.3% user + 10% kernel / faults: 22 minor 1 major
12-07 10:22:27.202  1880  1896 E ActivityManager:   16% 1610/android.hardware.audio@2.0-service: 5.5% user + 11% kernel
12-07 10:22:27.202  1880  1896 E ActivityManager:   16% 1628/audioserver: 6% user + 10% kernel
12-07 10:22:27.202  1880  1896 E ActivityManager:   16% 1992/com.google.android.inputmethod.latin: 8% user + 7.9% kernel / faults: 4513 minor 55 major
12-07 10:22:27.202  1880  1896 E ActivityManager:   14% 21141/kworker/u8:5: 0% user + 14% kernel
12-07 10:22:27.202  1880  1896 E ActivityManager:   14% 1702/kworker/u9:3: 0% user + 14% kernel
12-07 10:22:27.202  1880  1896 E ActivityManager:   14% 2125/com.android.phone: 4.6% user + 9.5% kernel / faults: 638 minor 37 major
12-07 10:22:27.202  1880  1896 E ActivityManager:   3% 2008/com.android.systemui: 1.1% user + 1.9% kernel / faults: 502 minor 103 major
12-07 10:22:27.202  1880  1896 E ActivityManager:   2.8% 2378/com.google.android.gms.persistent: 1.2% user + 1.6% kernel / faults: 1180 minor 106 major
12-07 10:22:27.202  1880  1896 E ActivityManager:   2.8% 2422/com.google.android.apps.nexuslauncher: 0.2% user + 2.6% kernel / faults: 6 minor
12-07 10:22:27.202  1880  1896 E ActivityManager:   1.8% 2300/adbd: 0% user + 1.7% kernel / faults: 24672 minor
12-07 10:22:27.202  1880  1896 E ActivityManager:   1.7% 1701/kworker/u9:2: 0% user + 1.7% kernel
12-07 10:22:27.202  1880  1896 E ActivityManager:   1.5% 1700/kworker/u9:1: 0% user + 1.5% kernel
12-07 10:22:27.202  1880  1896 E ActivityManager:   1.2% 1745/android.hardware.graphics.composer@2.1-service: 0.2% user + 1% kernel / faults: 37 minor
12-07 10:22:27.202  1880  1896 E ActivityManager:   1.2% 18700/kworker/u9:4: 0% user + 1.2% kernel
12-07 10:22:27.202  1880  1896 E ActivityManager:   1.1% 22205/kworker/u8:3: 0% user + 1.1% kernel
12-07 10:22:27.202  1880  1896 E ActivityManager:   0.8% 1675/kworker/u9:0: 0% user + 0.8% kernel
12-07 10:22:27.202  1880  1896 E ActivityManager:   0.6% 1553/logd: 0.1% user + 0.5% kernel / faults: 3 minor
12-07 10:22:27.202  1880  1896 E ActivityManager:   0.5% 2347/kworker/u8:4: 0% user + 0.5% kernel
12-07 10:22:27.202  1880  1896 E ActivityManager:   0.5% 22385/kworker/u8:6: 0% user + 0.5% kernel
12-07 10:22:27.202  1880  1896 E ActivityManager:   0.4% 1554/servicemanager: 0% user + 0.4% kernel
12-07 10:22:27.202  1880  1896 E ActivityManager:   0.4% 23007/kworker/u8:0: 0% user + 0.4% kernel
12-07 10:22:27.202  1880  1896 E ActivityManager:   0.3% 1624/android.hardware.sensors@1.0-service: 0.2% user + 0.1% kernel
12-07 10:22:27.202  1880  1896 E ActivityManager:   0% 20586/com.google.android.apps.messaging: 0% user + 0% kernel / faults: 367 minor 86 major
12-07 10:22:27.202  1880  1896 E ActivityManager:   0.2% 1677/dmcrypt_write: 0% user + 0.2% kernel
12-07 10:22:27.202  1880  1896 E ActivityManager:   0.2% 22878/kworker/0:1: 0% user + 0.2% kernel
12-07 10:22:27.202  1880  1896 E ActivityManager:   0% 2314/mdnsd: 0% user + 0% kernel / faults: 10 minor 16 major
12-07 10:22:27.202  1880  1896 E ActivityManager:   0% 1//init: 0% user + 0% kernel / faults: 50 minor 26 major
12-07 10:22:27.202  1880  1896 E ActivityManager:   0.1% 1629/lmkd: 0% user + 0.1% kernel
12-07 10:22:27.202  1880  1896 E ActivityManager:   0.1% 1715/jbd2/dm-1-8: 0% user + 0.1% kernel
12-07 10:22:27.202  1880  1896 E ActivityManager:   0% 1723/zygote: 0% user + 0% kernel / faults: 404 minor 19 major
12-07 10:22:27.202  1880  1896 E ActivityManager:   0.1% 1733/netd: 0% user + 0.1% kernel / faults: 6 minor 6 major
12-07 10:22:27.202  1880  1896 E ActivityManager:   0% 1736/wificond: 0% user + 0% kernel / faults: 5 minor 7 major
12-07 10:22:27.202  1880  1896 E ActivityManager:   0.1% 1738/rild: 0% user + 0% kernel / faults: 7 minor 5 major
12-07 10:22:27.202  1880  1896 E ActivityManager:   0.1% 22882/kworker/u8:1: 0% user + 0.1% kernel
12-07 10:22:27.202  1880  1896 E ActivityManager:   0% 3/ksoftirqd/0: 0% user + 0% kernel
12-07 10:22:27.202  1880  1896 E ActivityManager:   0% 12/ksoftirqd/1: 0% user + 0% kernel
12-07 10:22:27.202  1880  1896 E ActivityManager:   0% 1608/healthd: 0% user + 0% kernel / faults: 1 major
12-07 10:22:27.202  1880  1896 E ActivityManager:   0% 1619/android.hardware.gnss@1.0-service: 0% user + 0% kernel
12-07 10:22:27.202  1880  1896 E ActivityManager:   0% 1625/android.hardware.wifi@1.0-service: 0% user + 0% kernel / faults: 15 minor 20 major
12-07 10:22:27.202  1880  1896 E ActivityManager:   0% 1743/android.hardware.biometrics.fingerprint@2.1-service: 0% user + 0% kernel
12-07 10:22:27.202  1880  1896 E ActivityManager:   0% 2318/logcat: 0% user + 0% kernel / faults: 1 minor
12-07 10:22:27.202  1880  1896 E ActivityManager:   0% 3504/com.google.android.setupwizard: 0% user + 0% kernel / faults: 71 minor 35 major
12-07 10:22:27.202  1880  1896 E ActivityManager:   0% 22404/com.android.commands.monkey: 0% user + 0% kernel / faults: 5 minor 5 major
12-07 10:22:27.202  1880  1896 E ActivityManager:   0% 22423/com.evancharlton.mileage: 0% user + 0% kernel / faults: 45 minor 11 major
12-07 10:22:27.202  1880  1896 E ActivityManager:   0% 22698/com.google.android.partnersetup: 0% user + 0% kernel / faults: 140 minor
12-07 10:22:27.202  1880  1896 E ActivityManager:  +0% 23162/com.android.carrierdefaultapp: 0% user + 0% kernel
12-07 10:22:27.202  1880  1896 E ActivityManager: 99% TOTAL: 21% user + 47% kernel + 27% iowait + 2.1% softirq
12-07 10:22:27.202  1880  1896 E ActivityManager: CPU usage from 18355307ms to 18355307ms ago (1970-01-01 00:00:00.000 to 1970-01-01 00:00:00.000) with 0% awake:
12-07 10:22:27.202  1880  1896 E ActivityManager: 0% TOTAL: 0% user + 0% kernel
12-07 10:22:34.389 23207 23207 E ocess.gservice: Not starting debugger since process cannot load the jdwp agent.
12-07 10:22:36.395  1610  1692 E audio_hw_generic: pcm_write failed cannot write stream data: I/O error
12-07 10:22:36.530  1880  1895 E memtrack: Couldn't load memtrack module
12-07 10:22:39.050  1880  1890 E memtrack: Couldn't load memtrack module
12-07 10:22:39.219  1880  1890 E memtrack: Couldn't load memtrack module
12-07 10:22:41.093  1880  1890 E memtrack: Couldn't load memtrack module
12-07 10:22:41.213  1880  1890 E memtrack: Couldn't load memtrack module
12-07 10:22:41.335  1880  1890 E memtrack: Couldn't load memtrack module
12-07 10:22:41.438  1880  1890 E memtrack: Couldn't load memtrack module
12-07 10:22:43.576  1880  1890 E memtrack: Couldn't load memtrack module
12-07 10:22:43.674  1880  1890 E memtrack: Couldn't load memtrack module
12-07 10:22:43.785  1880  1890 E memtrack: Couldn't load memtrack module
12-07 10:22:43.894  1880  1890 E memtrack: Couldn't load memtrack module
12-07 10:22:45.629  1829  1829 E netmgr  : Failed to open QEMU pipe 'qemud:network': Invalid argument
12-07 10:22:45.629  1829  1829 E netmgr  : WifiForwarder unable to open QEMU pipe: Invalid argument
12-07 10:22:45.632  2378 23145 E NetworkScheduler.TED: Dropping task as app's play services SDK version does not support Android O. Either update the SDK or lower your app's target SDK version. Canceling all tasks for the service: ComponentInfo{com.google.android.gms/com.google.android.gms.learning.training.background.TrainingGcmTaskService}
12-07 10:22:45.679  2378 18179 E NetworkScheduler: Unknown result code received: 4
12-07 10:22:45.704  2378  2378 E NetworkScheduler.ATC: Called cancelTask for already completed task com.google.android.gms/.learning.training.background.TrainingGcmTaskService{u=0 tag="com.google.android.gms.learning.BACKGROUND_TRAINING_TASK" trigger=window{period=900s,flex=600s,earliest=-627s,latest=-27s} requirements=[NET_ANY,CHARGING,DEVICE_IDLE] attributes=[PERSISTED,RECURRING] scheduled=-927s last_run=-25s jid=N/A status=PENDING retries=1 client_lib=MANCHEGO_GCM-14799000} :INVALID_START
12-07 10:22:45.773  1880  1890 E memtrack: Couldn't load memtrack module
12-07 10:22:45.946  1880  1890 E memtrack: Couldn't load memtrack module
12-07 10:22:48.087  1880  1895 E memtrack: Couldn't load memtrack module
12-07 10:22:48.174  1880  1890 E memtrack: Couldn't load memtrack module
12-07 10:22:50.505  1880  1890 E memtrack: Couldn't load memtrack module
12-07 10:22:52.787  1880  1890 E memtrack: Couldn't load memtrack module
12-07 10:22:52.878  1880  1890 E memtrack: Couldn't load memtrack module
12-07 10:22:52.962  1880  1890 E memtrack: Couldn't load memtrack module
12-07 10:22:53.073  1880  1890 E memtrack: Couldn't load memtrack module
12-07 10:22:54.948  1735  1809 E storaged: getDiskStats failed with result NOT_SUPPORTED and size 0
12-07 10:22:54.964  1880  1890 E memtrack: Couldn't load memtrack module
12-07 10:22:55.118  1880  1890 E memtrack: Couldn't load memtrack module
12-07 10:22:55.154  1880  1890 E memtrack: Couldn't load memtrack module
12-07 10:22:55.156  1880  1890 E memtrack: Couldn't load memtrack module
12-07 10:22:55.157  1880  1890 E memtrack: Couldn't load memtrack module
12-07 10:22:55.159  1880  1890 E memtrack: Couldn't load memtrack module
12-07 10:22:55.167  1880  1890 E memtrack: Couldn't load memtrack module
12-07 10:22:55.173  1880  1890 E memtrack: Couldn't load memtrack module
12-07 10:22:55.180  1880  1890 E memtrack: Couldn't load memtrack module
12-07 10:22:55.185  1880  1890 E memtrack: Couldn't load memtrack module
12-07 10:22:55.192  1880  1890 E memtrack: Couldn't load memtrack module
12-07 10:22:55.206  1880  1890 E memtrack: Couldn't load memtrack module
12-07 10:22:55.213  1880  1890 E memtrack: Couldn't load memtrack module
12-07 10:22:55.220  1880  1890 E memtrack: Couldn't load memtrack module
12-07 10:22:55.232  1880  1890 E memtrack: Couldn't load memtrack module
12-07 10:22:55.251  1880  1890 E memtrack: Couldn't load memtrack module
12-07 10:22:55.257  1880  1890 E memtrack: Couldn't load memtrack module
12-07 10:22:55.280  1880  1890 E memtrack: Couldn't load memtrack module
12-07 10:22:55.290  1880  1890 E memtrack: Couldn't load memtrack module
12-07 10:22:55.298  1880  1890 E memtrack: Couldn't load memtrack module
12-07 10:22:55.308  1880  1890 E memtrack: Couldn't load memtrack module
12-07 10:22:55.317  1880  1890 E memtrack: Couldn't load memtrack module
12-07 10:22:55.328  1880  1890 E memtrack: Couldn't load memtrack module
12-07 10:22:57.376  1880  1890 E memtrack: Couldn't load memtrack module
12-07 10:22:57.391  1880  1890 E memtrack: Couldn't load memtrack module
12-07 10:22:57.402  1880  1890 E memtrack: Couldn't load memtrack module
12-07 10:22:57.410  1880  1890 E memtrack: Couldn't load memtrack module
12-07 10:22:57.415  1880  1890 E memtrack: Couldn't load memtrack module
12-07 10:22:57.425  1880  1890 E memtrack: Couldn't load memtrack module
12-07 10:22:57.431  1880  1890 E memtrack: Couldn't load memtrack module
12-07 10:22:57.438  1880  1890 E memtrack: Couldn't load memtrack module
12-07 10:22:57.477  1880  1890 E memtrack: Couldn't load memtrack module
12-07 10:22:57.481  1880  1890 E memtrack: Couldn't load memtrack module
12-07 10:22:57.488  1880  1890 E memtrack: Couldn't load memtrack module
12-07 10:22:57.493  1880  1890 E memtrack: Couldn't load memtrack module
12-07 10:22:57.498  1880  1890 E memtrack: Couldn't load memtrack module
12-07 10:22:57.522  1880  1890 E memtrack: Couldn't load memtrack module
12-07 10:22:57.590  1880  1890 E memtrack: Couldn't load memtrack module
12-07 10:22:57.607  1880  1890 E memtrack: Couldn't load memtrack module
12-07 10:22:57.623  1880  1890 E memtrack: Couldn't load memtrack module
12-07 10:22:57.630  1880  1890 E memtrack: Couldn't load memtrack module
12-07 10:22:57.640  1880  1890 E memtrack: Couldn't load memtrack module
12-07 10:22:57.651  1880  1890 E memtrack: Couldn't load memtrack module
12-07 10:22:57.662  1880  1890 E memtrack: Couldn't load memtrack module
12-07 10:22:57.684  1880  1890 E memtrack: Couldn't load memtrack module
12-07 10:22:57.700  1880  1890 E memtrack: Couldn't load memtrack module
12-07 10:22:57.720  1880  1890 E memtrack: Couldn't load memtrack module
12-07 10:22:57.735  1880  1890 E memtrack: Couldn't load memtrack module
12-07 10:22:57.745  1880  1890 E memtrack: Couldn't load memtrack module
12-07 10:22:57.753  1880  1890 E memtrack: Couldn't load memtrack module
12-07 10:22:57.760  1880  1890 E memtrack: Couldn't load memtrack module
12-07 10:22:57.782  1880  1890 E memtrack: Couldn't load memtrack module
12-07 10:22:57.790  1880  1890 E memtrack: Couldn't load memtrack module
12-07 10:22:59.537  1880  1890 E memtrack: Couldn't load memtrack module
12-07 10:22:59.545  1880  1890 E memtrack: Couldn't load memtrack module
12-07 10:22:59.554  1880  1890 E memtrack: Couldn't load memtrack module
12-07 10:22:59.580  1880  1890 E memtrack: Couldn't load memtrack module
12-07 10:22:59.584  1880  1890 E memtrack: Couldn't load memtrack module
12-07 10:22:59.590  1880  1890 E memtrack: Couldn't load memtrack module
12-07 10:22:59.598  1880  1890 E memtrack: Couldn't load memtrack module
12-07 10:22:59.604  1880  1890 E memtrack: Couldn't load memtrack module
