--------- beginning of main
--------- beginning of system
12-08 18:01:42.927  2407  2418 E IconLoader: Unexpected null component name or activity info: ComponentInfo{com.evancharlton.mileage/com.evancharlton.mileage.Mileage}, null
12-08 18:01:43.278  1996  2601 E LstmTrainingCache: emn: Can't get resource name for input slot
12-08 18:01:43.278  1996  2601 E LstmTrainingCache: android.content.pm.PackageManager$NameNotFoundException: com.evancharlton.mileage
12-08 18:01:43.278  1996  2601 E LstmTrainingCache: 	at android.app.ApplicationPackageManager.getApplicationInfoAsUser(ApplicationPackageManager.java:395)
12-08 18:01:43.278  1996  2601 E LstmTrainingCache: 	at android.app.ApplicationPackageManager.getApplicationInfo(ApplicationPackageManager.java:377)
12-08 18:01:43.278  1996  2601 E LstmTrainingCache: 	at android.app.ApplicationPackageManager.getResourcesForApplication(ApplicationPackageManager.java:1436)
12-08 18:01:43.278  1996  2601 E LstmTrainingCache: 	at emn.a(PG:11)
12-08 18:01:43.278  1996  2601 E LstmTrainingCache: 	at emk.run(PG:5)
12-08 18:01:43.278  1996  2601 E LstmTrainingCache: 	at java.lang.Thread.run(Thread.java:764)
12-08 18:01:43.771  1885  1898 E AutofillSession: Error notifying client to finish session
12-08 18:01:43.771  1885  1898 E AutofillSession: android.os.DeadObjectException
12-08 18:01:43.771  1885  1898 E AutofillSession: 	at android.os.BinderProxy.transactNative(Native Method)
12-08 18:01:43.771  1885  1898 E AutofillSession: 	at android.os.BinderProxy.transact(Binder.java:1127)
12-08 18:01:43.771  1885  1898 E AutofillSession: 	at android.view.autofill.IAutoFillManagerClient$Stub$Proxy.setSessionFinished(IAutoFillManagerClient.java:512)
12-08 18:01:43.771  1885  1898 E AutofillSession: 	at com.android.server.autofill.Session.forceRemoveSelfLocked(Session.java:2751)
12-08 18:01:43.771  1885  1898 E AutofillSession: 	at com.android.server.autofill.Session.forceRemoveSelfLocked(Session.java:2738)
12-08 18:01:43.771  1885  1898 E AutofillSession: 	at com.android.server.autofill.AutofillManagerServiceImpl.destroySessionsLocked(AutofillManagerServiceImpl.java:1042)
12-08 18:01:43.771  1885  1898 E AutofillSession: 	at com.android.server.autofill.AutofillManagerService.updateCachedServiceLocked(AutofillManagerService.java:579)
12-08 18:01:43.771  1885  1898 E AutofillSession: 	at com.android.server.autofill.AutofillManagerService.updateCachedServiceLocked(AutofillManagerService.java:569)
12-08 18:01:43.771  1885  1898 E AutofillSession: 	at com.android.server.autofill.AutofillManagerService.access$400(AutofillManagerService.java:100)
12-08 18:01:43.771  1885  1898 E AutofillSession: 	at com.android.server.autofill.AutofillManagerService$2.onSomePackagesChanged(AutofillManagerService.java:215)
12-08 18:01:43.771  1885  1898 E AutofillSession: 	at com.android.internal.content.PackageMonitor.onReceive(PackageMonitor.java:451)
12-08 18:01:43.771  1885  1898 E AutofillSession: 	at android.app.LoadedApk$ReceiverDispatcher$Args.lambda$getRunnable$0(LoadedApk.java:1391)
12-08 18:01:43.771  1885  1898 E AutofillSession: 	at android.app.-$$Lambda$LoadedApk$ReceiverDispatcher$Args$_BumDX2UKsnxLVrE6UJsJZkotuA.run(Unknown Source:2)
12-08 18:01:43.771  1885  1898 E AutofillSession: 	at android.os.Handler.handleCallback(Handler.java:873)
12-08 18:01:43.771  1885  1898 E AutofillSession: 	at android.os.Handler.dispatchMessage(Handler.java:99)
12-08 18:01:43.771  1885  1898 E AutofillSession: 	at android.os.Looper.loop(Looper.java:193)
12-08 18:01:43.771  1885  1898 E AutofillSession: 	at android.os.HandlerThread.run(HandlerThread.java:65)
12-08 18:01:43.836  2608  3152 E BaseAppContext: Tried to stop global GMSCore RequestQueue. This is likely unintended, so ignoring.
12-08 18:01:44.037  1885  1900 E AutofillSession: No assist structure - app might have crashed providing it
12-08 18:01:45.856  2742  3328 E Finsky  : [176] com.google.android.finsky.as.c.a(27): Unable to build selector: /storage/emulated/0/Download/marketenvs.csv (No such file or directory)
12-08 18:01:47.547  2608  3152 E native  : array-storage.cc:101 Array storage bad crc 2033945268 vs 512257265
12-08 18:01:47.547  2608  3152 E native  : array-storage-crc.cc:163 File /data/data/com.google.android.gms/files/AppDataSearch/main/cur/ds.docids failed to init (elt_size 4 num_elts 4823 array_crc 512257265)
12-08 18:01:47.898  2608  3152 E native  : array-storage.cc:101 Array storage bad crc 3475672010 vs 1770912128
12-08 18:01:47.898  2608  3152 E native  : array-storage-crc.cc:163 File /data/data/com.google.android.gms/files/AppDataSearch/main/cur/ds.perdocdata failed to init (elt_size 30 num_elts 4823 array_crc 1770912128)
12-08 18:01:47.914  2608  3152 E native  : array-storage.cc:101 Array storage bad crc 1365808524 vs 2304970787
12-08 18:01:47.914  2608  3152 E native  : array-storage-crc.cc:163 File /data/data/com.google.android.gms/files/AppDataSearch/main/cur/ds.cscoring failed to init (elt_size 37 num_elts 276 array_crc 2304970787)
12-08 18:01:48.073  2608  3152 E native  : array-storage.cc:101 Array storage bad crc 2239066737 vs 2365256822
12-08 18:01:48.073  2608  3152 E native  : dynamic-trie.cc:510 Trie mmap suffix failed
12-08 18:01:48.232  1732  1935 E         : Couldn't opendir /data/app/vmdl245458527.tmp: No such file or directory
12-08 18:01:48.232  1732  1935 E installd: Failed to delete /data/app/vmdl245458527.tmp: No such file or directory
12-08 18:01:49.627  2429  3398 E WakeLock: GCM_HB_ALARM release without a matched acquire!
12-08 18:01:49.679  3400  3400 E harlton.mileag: Not starting debugger since process cannot load the jdwp agent.
12-08 18:01:50.051  2608  3204 E ChromeSync: [Sync,SyncIntentOperation] Error handling the intent: Intent { act=android.intent.action.PACKAGE_ADDED dat=package:com.evancharlton.mileage flg=0x4000010 cmp=com.google.android.gms/.chimera.GmsIntentOperationService (has extras) }.
12-08 18:01:50.167  2608  3152 E native  : flash-index.cc:729 Lite index failed to initialize; clearing: generic::data_loss: Lite index crc check failed: 570521455 vs 915288890
12-08 18:01:50.671  3231  3418 E Bugle   : BuglePhoneNumberUtils: Not able to parse phone number MSISDN{x_x_x!x} for country US
12-08 18:01:50.671  3231  3418 E Bugle   : Error type: NOT_A_NUMBER. The string supplied did not seem to be a phone number.
12-08 18:01:50.671  3231  3418 E Bugle   : 	at owd.b(SourceFile:269)
12-08 18:01:50.671  3231  3418 E Bugle   : 	at fdr.e(SourceFile:53)
12-08 18:01:50.671  3231  3418 E Bugle   : 	at fdr.d(SourceFile:37)
12-08 18:01:50.671  3231  3418 E Bugle   : 	at fdr.a(SourceFile:78)
12-08 18:01:50.671  3231  3418 E Bugle   : 	at fdr.a(SourceFile:74)
12-08 18:01:50.671  3231  3418 E Bugle   : 	at dkt.a(SourceFile:90)
12-08 18:01:50.671  3231  3418 E Bugle   : 	at eoe.b(SourceFile:21)
12-08 18:01:50.671  3231  3418 E Bugle   : 	at eoe.a(SourceFile:8)
12-08 18:01:50.671  3231  3418 E Bugle   : 	at com.google.android.apps.messaging.shared.datamodel.action.ExpireWapPushSiMessageAction.a(SourceFile:21)
12-08 18:01:50.671  3231  3418 E Bugle   : 	at com.google.android.apps.messaging.shared.datamodel.action.ExpireWapPushSiMessageAction.executeAction(SourceFile:4)
12-08 18:01:50.671  3231  3418 E Bugle   : 	at ddp.a(SourceFile:9)
12-08 18:01:50.671  3231  3418 E Bugle   : 	at dcx.run(SourceFile:8)
12-08 18:01:50.671  3231  3418 E Bugle   : 	at java.util.concurrent.ThreadPoolExecutor.runWorker(ThreadPoolExecutor.java:1167)
12-08 18:01:50.671  3231  3418 E Bugle   : 	at java.util.concurrent.ThreadPoolExecutor$Worker.run(ThreadPoolExecutor.java:641)
12-08 18:01:50.671  3231  3418 E Bugle   : 	at java.lang.Thread.run(Thread.java:764)
12-08 18:01:51.413  3445  3445 E s.messaging:rc: Not starting debugger since process cannot load the jdwp agent.
12-08 18:01:51.555  3459  3459 E webview_servic: Not starting debugger since process cannot load the jdwp agent.
12-08 18:01:52.134  3445  3445 E BugleRcsEngine: [2] mff.b: Package not found: android.content.pm.PackageManager$NameNotFoundException: com.google.android.ims
12-08 18:01:52.134  3445  3445 E BugleRcsEngine: [2] AutoStartReceiver.onReceive: JibeService cant be started... Neither Bugle is whitelisted,  nor cs apk is installed
12-08 18:01:52.491  3494  3494 E .apps.wallpape: Not starting debugger since process cannot load the jdwp agent.
12-08 18:01:53.257  3514  3514 E ndroid.calenda: Not starting debugger since process cannot load the jdwp agent.
12-08 18:01:53.899  3533  3533 E roid.music:mai: Not starting debugger since process cannot load the jdwp agent.
12-08 18:01:55.431  3585  3585 E d.configupdate: Not starting debugger since process cannot load the jdwp agent.
12-08 18:01:55.674  3585  3585 E ConfigUpdater: ignoring update request
12-08 18:01:55.685  3585  3585 E ConfigUpdater: ignoring update request
12-08 18:01:55.699  3585  3585 E ConfigUpdater: ignoring update request
12-08 18:01:55.717  3585  3585 E ConfigUpdater: ignoring update request
12-08 18:01:55.723  3585  3585 E ConfigUpdater: ignoring update request
12-08 18:01:55.732  3585  3585 E ConfigUpdater: ignoring update request
12-08 18:01:55.740  3585  3585 E ConfigUpdater: ignoring update request
12-08 18:01:55.786  3585  3585 E ConfigUpdater: ignoring update request
12-08 18:01:55.797  3585  3585 E ConfigUpdater: ignoring update request
12-08 18:01:55.839  3628  3628 E droid.deskcloc: Not starting debugger since process cannot load the jdwp agent.
12-08 18:01:56.003  3628  3628 E LoadedApk: Unable to instantiate appComponentFactory
12-08 18:01:56.003  3628  3628 E LoadedApk: java.lang.ClassNotFoundException: Didn't find class "android.support.v4.app.CoreComponentFactory" on path: DexPathList[[zip file "/data/app/com.google.android.deskclock-irjeQ48B8SlCzNgOUY6aXg==/base.apk"],nativeLibraryDirectories=[/data/app/com.google.android.deskclock-irjeQ48B8SlCzNgOUY6aXg==/lib/x86, /system/lib]]
12-08 18:01:56.003  3628  3628 E LoadedApk: 	at dalvik.system.BaseDexClassLoader.findClass(BaseDexClassLoader.java:134)
12-08 18:01:56.003  3628  3628 E LoadedApk: 	at java.lang.ClassLoader.loadClass(ClassLoader.java:379)
12-08 18:01:56.003  3628  3628 E LoadedApk: 	at java.lang.ClassLoader.loadClass(ClassLoader.java:312)
12-08 18:01:56.003  3628  3628 E LoadedApk: 	at android.app.LoadedApk.createAppFactory(LoadedApk.java:226)
12-08 18:01:56.003  3628  3628 E LoadedApk: 	at android.app.LoadedApk.createOrUpdateClassLoaderLocked(LoadedApk.java:731)
12-08 18:01:56.003  3628  3628 E LoadedApk: 	at android.app.LoadedApk.getClassLoader(LoadedApk.java:810)
12-08 18:01:56.003  3628  3628 E LoadedApk: 	at android.app.LoadedApk.getResources(LoadedApk.java:1032)
12-08 18:01:56.003  3628  3628 E LoadedApk: 	at android.app.ContextImpl.createAppContext(ContextImpl.java:2345)
12-08 18:01:56.003  3628  3628 E LoadedApk: 	at android.app.ActivityThread.handleBindApplication(ActivityThread.java:5749)
12-08 18:01:56.003  3628  3628 E LoadedApk: 	at android.app.ActivityThread.access$1100(ActivityThread.java:199)
12-08 18:01:56.003  3628  3628 E LoadedApk: 	at android.app.ActivityThread$H.handleMessage(ActivityThread.java:1650)
12-08 18:01:56.003  3628  3628 E LoadedApk: 	at android.os.Handler.dispatchMessage(Handler.java:106)
12-08 18:01:56.003  3628  3628 E LoadedApk: 	at android.os.Looper.loop(Looper.java:193)
12-08 18:01:56.003  3628  3628 E LoadedApk: 	at android.app.ActivityThread.main(ActivityThread.java:6669)
12-08 18:01:56.003  3628  3628 E LoadedApk: 	at java.lang.reflect.Method.invoke(Native Method)
12-08 18:01:56.003  3628  3628 E LoadedApk: 	at com.android.internal.os.RuntimeInit$MethodAndArgsCaller.run(RuntimeInit.java:493)
12-08 18:01:56.003  3628  3628 E LoadedApk: 	at com.android.internal.os.ZygoteInit.main(ZygoteInit.java:858)
12-08 18:01:56.677  3666  3666 E ogle.android.g: Not starting debugger since process cannot load the jdwp agent.
12-08 18:01:57.343  2608  3152 E Icing   : Aborting indexing of corpus messagesCorpus
12-08 18:01:57.380  3686  3686 E .android.video: Not starting debugger since process cannot load the jdwp agent.
12-08 18:01:59.384  3759  3759 E .android.chrom: Not starting debugger since process cannot load the jdwp agent.
12-08 18:01:59.610  3780  3780 E timeinitialize: Not starting debugger since process cannot load the jdwp agent.
12-08 18:01:59.726  3800  3800 E emui:screensho: Not starting debugger since process cannot load the jdwp agent.
12-08 18:01:59.970  2429  2429 E BluetoothAdapter: Bluetooth binder is null
12-08 18:02:00.008  3832  3832 E ackageinstalle: Not starting debugger since process cannot load the jdwp agent.
12-08 18:02:00.163  2429  3746 E EasyUnlock: [EasyUnlockSupportReporterIntentOperation] Invalid account list.
12-08 18:02:00.227  2540  3068 E BluetoothAdapter: Bluetooth binder is null
12-08 18:02:00.335  3800  3800 E SoundPool: error loading /product/media/audio/ui/camera_click.ogg
12-08 18:02:00.478  1742  1789 E OMXNodeInstance: getConfig(0xedda6c60:google.vorbis.decoder, ConfigAndroidVendorExtension(0x6f100004)) ERROR: Undefined(0x80001001)
12-08 18:02:01.324  3889  3889 E e.process.gapp: Not starting debugger since process cannot load the jdwp agent.
12-08 18:02:01.998  3912  3912 E android.youtub: Not starting debugger since process cannot load the jdwp agent.
12-08 18:02:03.341  3950  3950 E d.process.medi: Not starting debugger since process cannot load the jdwp agent.
12-08 18:02:04.103  1834  1834 E netmgr  : Failed to open QEMU pipe 'qemud:network': Invalid argument
12-08 18:02:04.103  1834  1834 E netmgr  : WifiForwarder unable to open QEMU pipe: Invalid argument
12-08 18:02:06.122  2429  2429 E BeaconBle: Missing BluetoothAdapter
12-08 18:02:06.213  3912  4004 E YouTube : Failed delayed event dispatch, no dispatchers.
12-08 18:02:06.318  2429  2429 E BeaconBle: Scan couldn't start for Places
12-08 18:02:06.499  4083  4083 E id.gms.unstabl: Not starting debugger since process cannot load the jdwp agent.
12-08 18:02:07.401  2608  4089 E MDM     : [264] aeso.a: Couldn't connect to Google API client: pkz{statusCode=API_UNAVAILABLE, resolution=null, message=null}
12-08 18:02:07.429  2429  4034 E aqna    : Error retrieving account [CONTEXT service_id=79 ]
12-08 18:02:07.429  2429  4034 E aqna    : java.lang.IllegalStateException: No current tap-and-pay account
12-08 18:02:07.429  2429  4034 E aqna    : 	at apsz.b(:com.google.android.gms@14799040@14.7.99 (100700-223214910):4)
12-08 18:02:07.429  2429  4034 E aqna    : 	at apsz.a(:com.google.android.gms@14799040@14.7.99 (100700-223214910):1)
12-08 18:02:07.429  2429  4034 E aqna    : 	at aqna.a(:com.google.android.gms@14799040@14.7.99 (100700-223214910):26)
12-08 18:02:07.429  2429  4034 E aqna    : 	at com.google.android.gms.tapandpay.gcmtask.TapAndPayGcmTaskChimeraService.b(:com.google.android.gms@14799040@14.7.99 (100700-223214910):2)
12-08 18:02:07.429  2429  4034 E aqna    : 	at com.google.android.gms.tapandpay.gcmtask.TapAndPayGcmTaskChimeraService.a(:com.google.android.gms@14799040@14.7.99 (100700-223214910):1)
12-08 18:02:07.429  2429  4034 E aqna    : 	at aqcm.f(:com.google.android.gms@14799040@14.7.99 (100700-223214910):6)
12-08 18:02:07.429  2429  4034 E aqna    : 	at aqcm.a(:com.google.android.gms@14799040@14.7.99 (100700-223214910):1)
12-08 18:02:07.429  2429  4034 E aqna    : 	at com.google.android.gms.tapandpay.init.TapAndPayInitIntentOperation.onHandleIntent(:com.google.android.gms@14799040@14.7.99 (100700-223214910):4)
12-08 18:02:07.429  2429  4034 E aqna    : 	at com.google.android.chimera.IntentOperation.onHandleIntent(:com.google.android.gms@14799040@14.7.99 (100700-223214910):2)
12-08 18:02:07.429  2429  4034 E aqna    : 	at dtf.run(:com.google.android.gms@14799040@14.7.99 (100700-223214910):12)
12-08 18:02:07.429  2429  4034 E aqna    : 	at dtc.run(:com.google.android.gms@14799040@14.7.99 (100700-223214910):9)
12-08 18:02:07.429  2429  4034 E aqna    : 	at java.util.concurrent.ThreadPoolExecutor.runWorker(ThreadPoolExecutor.java:1167)
12-08 18:02:07.429  2429  4034 E aqna    : 	at java.util.concurrent.ThreadPoolExecutor$Worker.run(ThreadPoolExecutor.java:641)
12-08 18:02:07.429  2429  4034 E aqna    : 	at java.lang.Thread.run(Thread.java:764)
12-08 18:02:07.714  2540  2540 E ContextIntentStarter: No activity found for any of the 0 intents
12-08 18:02:08.085  2608  3972 E WorkSourceUtil: Could not find package: com.google.android.gms.westworld
12-08 18:02:08.102  2608  3972 E WorkSourceUtil: Could not find package: com.google.android.gms.westworld
12-08 18:02:08.405  2429  2429 E BluetoothAdapter: Bluetooth binder is null
12-08 18:02:09.073  4199  4199 E ndroid.setting: Not starting debugger since process cannot load the jdwp agent.
12-08 18:02:09.206  4221  4221 E dboxed_process: Not starting debugger since process cannot load the jdwp agent.
12-08 18:02:09.731  2407  2407 E SchedPolicy: set_timerslack_ns write failed: Operation not permitted
12-08 18:02:10.071  1740  1805 E storaged: getDiskStats failed with result NOT_SUPPORTED and size 0
12-08 18:02:10.117  2742  4244 E Finsky  : [189] com.google.android.finsky.setup.am.a(77): Error prefetching preloads, using account=null, preloads=NULL, preloadGroups=NULL
12-08 18:02:10.117  2742  4244 E Finsky  : com.google.android.finsky.setup.fetchers.RawDocumentsFetchException[reason=pai_config, account=null]
12-08 18:02:10.117  2742  4244 E Finsky  : 	at com.google.android.finsky.setup.am.a(SourceFile:50)
12-08 18:02:10.117  2742  4244 E Finsky  : 	at com.google.android.finsky.setup.ao.call(Unknown Source:4)
12-08 18:02:10.117  2742  4244 E Finsky  : 	at java.util.concurrent.FutureTask.run(FutureTask.java:266)
12-08 18:02:10.117  2742  4244 E Finsky  : 	at java.util.concurrent.ThreadPoolExecutor.runWorker(ThreadPoolExecutor.java:1167)
12-08 18:02:10.117  2742  4244 E Finsky  : 	at java.util.concurrent.ThreadPoolExecutor$Worker.run(ThreadPoolExecutor.java:641)
12-08 18:02:10.117  2742  4244 E Finsky  : 	at java.lang.Thread.run(Thread.java:764)
12-08 18:02:10.673  2540  4260 E BluetoothAdapter: Bluetooth binder is null
12-08 18:02:10.791  2540  3145 E Search.IcingConnection: Could not connect to Icing. Error code 15.
12-08 18:02:10.986  2608  3158 E CheckinRequestProcessor: CheckinNowTaskTag : Checkin failed: https://android.googleapis.com/checkin (fragment #0): java.net.UnknownHostException: Unable to resolve host "android.googleapis.com": No address associated with hostname
12-08 18:02:11.210  4282  4282 E oadcastreceive: Not starting debugger since process cannot load the jdwp agent.
12-08 18:02:11.731  1885  1939 E system_server: No package ID ff found for ID 0xffffffff.
12-08 18:02:11.809  2407  2407 E SchedPolicy: set_timerslack_ns write failed: Operation not permitted
12-08 18:02:12.734  4322  4322 E id.gms.learnin: Not starting debugger since process cannot load the jdwp agent.
12-08 18:02:13.015  4339  4339 E com.ustwo.lwp: Not starting debugger since process cannot load the jdwp agent.
12-08 18:02:13.016  2407  2407 E SchedPolicy: set_timerslack_ns write failed: Operation not permitted
12-08 18:02:13.181  2407  2407 E SchedPolicy: set_timerslack_ns write failed: Operation not permitted
12-08 18:02:13.382  1885  1898 E memtrack: Couldn't load memtrack module
12-08 18:02:13.570  2608  3167 E CheckinRequestProcessor: CheckinNowTaskTag : Checkin failed: https://android.googleapis.com/checkin (fragment #0): java.net.UnknownHostException: Unable to resolve host "android.googleapis.com": No address associated with hostname
12-08 18:02:14.655  4379  4379 E droid.apps.map: Not starting debugger since process cannot load the jdwp agent.
12-08 18:02:15.657  2608  3152 E Icing   : Aborting indexing of corpus partsCorpus
12-08 18:02:15.976  1885  1898 E memtrack: Couldn't load memtrack module
12-08 18:02:16.915  1885  1902 E libprocessgroup: Error encountered killing process cgroup uid 99000 pid 4221: No such file or directory
12-08 18:02:16.932  1885  1903 E KernelUidCpuFreqTimeReader: Failed to read /proc/uid_time_in_state: java.io.FileNotFoundException: /proc/uid_time_in_state (No such file or directory)
12-08 18:02:17.328  1885  1898 E memtrack: Couldn't load memtrack module
12-08 18:02:17.504  1885  1898 E memtrack: Couldn't load memtrack module
12-08 18:02:17.669  4436  4436 E oid.documentsu: Not starting debugger since process cannot load the jdwp agent.
12-08 18:02:17.957  4454  4454 E externalstorag: Not starting debugger since process cannot load the jdwp agent.
12-08 18:02:18.437  1885  1898 E memtrack: Couldn't load memtrack module
12-08 18:02:18.624  4495  4495 E s.messaging:rc: Not starting debugger since process cannot load the jdwp agent.
12-08 18:02:18.991  4513  4513 E com.android.mt: Not starting debugger since process cannot load the jdwp agent.
12-08 18:02:19.478  4528  4528 E droid.apps.doc: Not starting debugger since process cannot load the jdwp agent.
12-08 18:02:19.482  1885  1898 E memtrack: Couldn't load memtrack module
