--------- beginning of main
--------- beginning of system
12-09 06:08:28.674 23668 23677 E ReloadingLock: Finalizing LOCKED Token[searchresults_activity 2018-12-09 06:08:27.050]
12-09 06:08:29.617  1885  1899 E ActivityManager: Failure starting process com.evancharlton.mileage
12-09 06:08:29.617  1885  1899 E ActivityManager: java.lang.SecurityException: Package com.evancharlton.mileage is currently frozen!
12-09 06:08:29.617  1885  1899 E ActivityManager: 	at com.android.server.pm.PackageManagerService.checkPackageStartable(PackageManagerService.java:4000)
12-09 06:08:29.617  1885  1899 E ActivityManager: 	at com.android.server.am.ActivityManagerService.startProcessLocked(ActivityManagerService.java:4234)
12-09 06:08:29.617  1885  1899 E ActivityManager: 	at com.android.server.am.ActivityManagerService.startProcessLocked(ActivityManagerService.java:4199)
12-09 06:08:29.617  1885  1899 E ActivityManager: 	at com.android.server.am.ActivityManagerService.startProcessLocked(ActivityManagerService.java:4181)
12-09 06:08:29.617  1885  1899 E ActivityManager: 	at com.android.server.am.ActivityManagerService.startProcessLocked(ActivityManagerService.java:4067)
12-09 06:08:29.617  1885  1899 E ActivityManager: 	at com.android.server.am.ActivityStackSupervisor.startSpecificActivityLocked(ActivityStackSupervisor.java:1715)
12-09 06:08:29.617  1885  1899 E ActivityManager: 	at com.android.server.am.ActivityStack.resumeTopActivityInnerLocked(ActivityStack.java:2764)
12-09 06:08:29.617  1885  1899 E ActivityManager: 	at com.android.server.am.ActivityStack.resumeTopActivityUncheckedLocked(ActivityStack.java:2302)
12-09 06:08:29.617  1885  1899 E ActivityManager: 	at com.android.server.am.ActivityStackSupervisor.resumeFocusedStackTopActivityLocked(ActivityStackSupervisor.java:2234)
12-09 06:08:29.617  1885  1899 E ActivityManager: 	at com.android.server.am.ActivityStackSupervisor.resumeFocusedStackTopActivityLocked(ActivityStackSupervisor.java:2218)
12-09 06:08:29.617  1885  1899 E ActivityManager: 	at com.android.server.am.ActivityManagerService.handleAppDiedLocked(ActivityManagerService.java:5923)
12-09 06:08:29.617  1885  1899 E ActivityManager: 	at com.android.server.am.ActivityManagerService.removeProcessLocked(ActivityManagerService.java:7501)
12-09 06:08:29.617  1885  1899 E ActivityManager: 	at com.android.server.am.ActivityManagerService.killPackageProcessesLocked(ActivityManagerService.java:7142)
12-09 06:08:29.617  1885  1899 E ActivityManager: 	at com.android.server.am.ActivityManagerService.forceStopPackageLocked(ActivityManagerService.java:7275)
12-09 06:08:29.617  1885  1899 E ActivityManager: 	at com.android.server.am.ActivityManagerService$MainHandler.handleMessage(ActivityManagerService.java:2289)
12-09 06:08:29.617  1885  1899 E ActivityManager: 	at android.os.Handler.dispatchMessage(Handler.java:106)
12-09 06:08:29.617  1885  1899 E ActivityManager: 	at android.os.Looper.loop(Looper.java:193)
12-09 06:08:29.617  1885  1899 E ActivityManager: 	at android.os.HandlerThread.run(HandlerThread.java:65)
12-09 06:08:29.617  1885  1899 E ActivityManager: 	at com.android.server.ServiceThread.run(ServiceThread.java:44)
12-09 06:08:29.858 23591 23863 E IconLoader: Unexpected null component name or activity info: ComponentInfo{com.evancharlton.mileage/com.evancharlton.mileage.Mileage}, null
12-09 06:08:30.298 24152 24152 E id.defcontaine: Not starting debugger since process cannot load the jdwp agent.
12-09 06:08:30.322 24159 24159 E ndroid.keychai: Not starting debugger since process cannot load the jdwp agent.
12-09 06:08:30.482 24194 24194 E oid.documentsu: Not starting debugger since process cannot load the jdwp agent.
12-09 06:08:31.185 24226 24226 E droid.apps.doc: Not starting debugger since process cannot load the jdwp agent.
12-09 06:08:32.201 24226 24226 E DocsApplication: [main] No default account found during application creation.
12-09 06:08:32.947 23668 23702 E DoodleDataUtils: Doodle: bad search_url: 
12-09 06:08:33.516  1731  1731 E         : Couldn't opendir /data/app/vmdl1294132227.tmp: No such file or directory
12-09 06:08:33.516  1731  1731 E installd: Failed to delete /data/app/vmdl1294132227.tmp: No such file or directory
12-09 06:08:34.861 24302 24302 E harlton.mileag: Not starting debugger since process cannot load the jdwp agent.
12-09 06:08:36.476  1994  7294 E putmethod.lati: Invalid ID 0x00000001.
12-09 06:08:36.511  1994  7294 E LstmTrainingCache: emn: Can't get resource name for input slot
12-09 06:08:36.511  1994  7294 E LstmTrainingCache: android.content.res.Resources$NotFoundException: Unable to find resource ID #0x1
12-09 06:08:36.511  1994  7294 E LstmTrainingCache: 	at android.content.res.ResourcesImpl.getResourceName(ResourcesImpl.java:255)
12-09 06:08:36.511  1994  7294 E LstmTrainingCache: 	at android.content.res.Resources.getResourceName(Resources.java:1954)
12-09 06:08:36.511  1994  7294 E LstmTrainingCache: 	at emn.a(PG:12)
12-09 06:08:36.511  1994  7294 E LstmTrainingCache: 	at emk.run(PG:5)
12-09 06:08:36.511  1994  7294 E LstmTrainingCache: 	at java.lang.Thread.run(Thread.java:764)
12-09 06:08:43.650  1885  1898 E memtrack: Couldn't load memtrack module
12-09 06:08:43.721  1885  1898 E memtrack: Couldn't load memtrack module
12-09 06:08:45.530  1885  1898 E memtrack: Couldn't load memtrack module
12-09 06:08:48.401  1885  1898 E memtrack: Couldn't load memtrack module
12-09 06:08:50.743  1885  1898 E memtrack: Couldn't load memtrack module
12-09 06:08:50.882  1885  1898 E memtrack: Couldn't load memtrack module
12-09 06:08:51.072  2378 23988 E ctxmgr  : [ProducerStatusImpl]updateStateForNewContextData: inactive, contextName=7
12-09 06:08:51.472  1885  1898 E memtrack: Couldn't load memtrack module
12-09 06:08:51.945  2378  2378 E BeaconBle: Missing BluetoothAdapter
12-09 06:08:52.072  2378  2378 E BeaconBle: Scan couldn't start for Places
12-09 06:08:52.873 24302 24302 E SpannableStringBuilder: SPAN_EXCLUSIVE_EXCLUSIVE spans cannot have a zero length
12-09 06:08:52.873 24302 24302 E SpannableStringBuilder: SPAN_EXCLUSIVE_EXCLUSIVE spans cannot have a zero length
12-09 06:08:53.789 23668 23668 E ContextIntentStarter: No activity found for any of the 0 intents
12-09 06:08:54.113 23776 23776 E wpa_supplicant: nl80211: Failed to open /proc/sys/net/ipv4/conf/p2p-dev-wlan0/drop_unicast_in_l2_multicast: No such file or directory
12-09 06:08:54.115 23776 23776 E wpa_supplicant: nl80211: Failed to set IPv4 unicast in multicast filter
12-09 06:08:54.161 23776 23776 E wpa_supplicant: nl80211: Failed to open /proc/sys/net/ipv4/conf/p2p-dev-wlan0/drop_unicast_in_l2_multicast: No such file or directory
12-09 06:08:54.161 23776 23776 E wpa_supplicant: nl80211: Failed to set IPv4 unicast in multicast filter
12-09 06:08:54.173 24368 24368 E rrierdefaultap: Not starting debugger since process cannot load the jdwp agent.
12-09 06:08:54.279 23776 23776 E wpa_supplicant: nl80211: Failed to open /proc/sys/net/ipv4/conf/wlan0/drop_unicast_in_l2_multicast: No such file or directory
12-09 06:08:54.279 23776 23776 E wpa_supplicant: nl80211: Failed to set IPv4 unicast in multicast filter
12-09 06:08:54.280 23776 23776 E wpa_supplicant: nl80211: Failed to open /proc/sys/net/ipv4/conf/wlan0/drop_unicast_in_l2_multicast: No such file or directory
12-09 06:08:54.280 23776 23776 E wpa_supplicant: nl80211: Failed to set IPv4 unicast in multicast filter
12-09 06:08:54.396 23776 23776 E wpa_supplicant: nl80211: Failed to open /proc/sys/net/ipv4/conf/wlan0/drop_unicast_in_l2_multicast: No such file or directory
12-09 06:08:54.396 23776 23776 E wpa_supplicant: nl80211: Failed to set IPv4 unicast in multicast filter
12-09 06:08:54.531  1885 23951 E DhcpClient: Read error
12-09 06:08:54.531  1885 23951 E DhcpClient: android.system.ErrnoException: read failed: ENETDOWN (Network is down)
12-09 06:08:54.531  1885 23951 E DhcpClient: 	at libcore.io.Linux.readBytes(Native Method)
12-09 06:08:54.531  1885 23951 E DhcpClient: 	at libcore.io.Linux.read(Linux.java:184)
12-09 06:08:54.531  1885 23951 E DhcpClient: 	at libcore.io.BlockGuardOs.read(BlockGuardOs.java:254)
12-09 06:08:54.531  1885 23951 E DhcpClient: 	at android.system.Os.read(Os.java:414)
12-09 06:08:54.531  1885 23951 E DhcpClient: 	at android.net.dhcp.DhcpClient$ReceiveThread.run(DhcpClient.java:364)
12-09 06:08:54.540  1885 23793 E ConnectivityPacketTracker.wlan0: readPacket error: 
12-09 06:08:54.540  1885 23793 E ConnectivityPacketTracker.wlan0: android.system.ErrnoException: read failed: ENETDOWN (Network is down)
12-09 06:08:54.540  1885 23793 E ConnectivityPacketTracker.wlan0: 	at libcore.io.Linux.readBytes(Native Method)
12-09 06:08:54.540  1885 23793 E ConnectivityPacketTracker.wlan0: 	at libcore.io.Linux.read(Linux.java:184)
12-09 06:08:54.540  1885 23793 E ConnectivityPacketTracker.wlan0: 	at libcore.io.BlockGuardOs.read(BlockGuardOs.java:254)
12-09 06:08:54.540  1885 23793 E ConnectivityPacketTracker.wlan0: 	at android.system.Os.read(Os.java:414)
12-09 06:08:54.540  1885 23793 E ConnectivityPacketTracker.wlan0: 	at android.net.util.PacketReader.readPacket(PacketReader.java:137)
12-09 06:08:54.540  1885 23793 E ConnectivityPacketTracker.wlan0: 	at android.net.util.PacketReader.handleInput(PacketReader.java:207)
12-09 06:08:54.540  1885 23793 E ConnectivityPacketTracker.wlan0: 	at android.net.util.PacketReader.access$100(PacketReader.java:70)
12-09 06:08:54.540  1885 23793 E ConnectivityPacketTracker.wlan0: 	at android.net.util.PacketReader$1.onFileDescriptorEvents(PacketReader.java:189)
12-09 06:08:54.540  1885 23793 E ConnectivityPacketTracker.wlan0: 	at android.os.MessageQueue.dispatchEvents(MessageQueue.java:285)
12-09 06:08:54.540  1885 23793 E ConnectivityPacketTracker.wlan0: 	at android.os.MessageQueue.nativePollOnce(Native Method)
12-09 06:08:54.540  1885 23793 E ConnectivityPacketTracker.wlan0: 	at android.os.MessageQueue.next(MessageQueue.java:326)
12-09 06:08:54.540  1885 23793 E ConnectivityPacketTracker.wlan0: 	at android.os.Looper.loop(Looper.java:160)
12-09 06:08:54.540  1885 23793 E ConnectivityPacketTracker.wlan0: 	at android.os.HandlerThread.run(HandlerThread.java:65)
12-09 06:08:54.754  1629  1629 E android.hardware.wifi@1.0-service: Failed to open directory: Permission denied
12-09 06:08:54.756  1629  1629 E android.hardware.wifi@1.0-service: Error occurred while deleting old tombstone files
12-09 06:08:54.756  1629  1629 E android.hardware.wifi@1.0-service: Error writing files to flash
12-09 06:08:54.984  1885  1969 E SupplicantStaIfaceHal: Can't call setPowerSave, ISupplicantStaIface is null
12-09 06:08:54.988  1885  1969 E SupplicantStaIfaceHal: Can't call setBtCoexistenceMode, ISupplicantStaIface is null
12-09 06:08:55.065  1885  1969 E HalDevMgr: Should have at least 1 chip!
12-09 06:08:55.080  1885  1969 E HalDevMgr: dispatchAvailableForRequestListeners: no chip info found
12-09 06:08:55.140  1885  1969 E SupplicantStaIfaceHal: Can't call listNetworks, ISupplicantStaIface is null
12-09 06:08:55.140  1885  1969 E SupplicantStaIfaceHal: removeAllNetworks failed, got null networks
12-09 06:08:55.140  1885  1969 E WifiStateMachine: Failed to remove networks on exiting connect mode
12-09 06:08:55.147  1885  1971 E WifiP2pService: Unhandled message { when=-6ms what=131204 target=com.android.internal.util.StateMachine$SmHandler }
12-09 06:08:55.177  1885  1970 E WificondControl: No valid wificond scanner interface handler
12-09 06:08:55.178  1885  1903 E BatteryExternalStatsWorker: no controller energy info supplied for wifi
12-09 06:08:55.192  2378 23972 E WakeLock: GCM_HB_ALARM release without a matched acquire!
12-09 06:08:55.200  2378 23972 E GCM     : Connection closed with errorCode 20
12-09 06:08:55.254  2378 23972 E WakeLock: GCM_CONN_ALARM release without a matched acquire!
12-09 06:08:55.869  1629  1629 E android.hardware.wifi@1.0-service: Failed to register radio mode change callback
12-09 06:08:55.897  1629  1629 E android.hardware.wifi@1.0-service: Failed to set DFS flag; DFS channels may be unavailable.
12-09 06:08:56.018  1740  1740 E wificond: No Offload Service available
12-09 06:08:56.020  1885  1969 E SupplicantStaIfaceHal: Can't call setupIface, ISupplicantStaIface is null
12-09 06:08:56.192  1885  1970 E WifiVendorHal: getBgScanCapabilities(l.671) failed {.code = ERROR_NOT_SUPPORTED, .description = }
12-09 06:08:56.209  1885  1971 E WifiP2pService: Unhandled message { when=-1ms what=131203 target=com.android.internal.util.StateMachine$SmHandler }
12-09 06:08:56.240  1885  1971 E WifiP2pService: Unhandled message { when=-1ms what=131203 target=com.android.internal.util.StateMachine$SmHandler }
12-09 06:08:56.256  1885  1903 E BatteryExternalStatsWorker: no controller energy info supplied for wifi
12-09 06:08:56.411  2378 24398 E WakeLock: GCM_HB_ALARM release without a matched acquire!
12-09 06:08:56.420  2378 24398 E WakeLock: GCM_CONN_ALARM release without a matched acquire!
12-09 06:08:56.270  1885  1903 E BatteryExternalStatsWorker: no controller energy info supplied for wifi
12-09 06:09:00.204  1885  1903 E BatteryExternalStatsWorker: no controller energy info supplied for wifi
12-09 06:09:00.266  1885  1969 E WifiVendorHal: stopRssiMonitoring(l.2404) failed {.code = ERROR_NOT_AVAILABLE, .description = }
12-09 06:09:00.812  2378 24417 E WakeLock: GCM_CONN_ALARM release without a matched acquire!
12-09 06:09:01.112  1737  1820 E Netd    : Error adding route ::/0 -> fe80::ff:fe00:100 wlan0 to table 1003: File exists
12-09 06:09:02.424  1885  1898 E memtrack: Couldn't load memtrack module
12-09 06:09:03.680  1885  1898 E memtrack: Couldn't load memtrack module
