--------- beginning of main
--------- beginning of system
12-07 23:28:29.152  1729  1752 E         : Couldn't opendir /data/app/vmdl1404496976.tmp: No such file or directory
12-07 23:28:29.153  1729  1752 E installd: Failed to delete /data/app/vmdl1404496976.tmp: No such file or directory
12-07 23:28:33.023 16916 16916 E harlton.mileag: Not starting debugger since process cannot load the jdwp agent.
12-07 23:28:34.313  1737  1809 E storaged: getDiskStats failed with result NOT_SUPPORTED and size 0
12-07 23:28:39.948 16085 31762 E putmethod.lati: Invalid ID 0x00000001.
12-07 23:28:39.955 16085 31762 E LstmTrainingCache: emn: Can't get resource name for input slot
12-07 23:28:39.955 16085 31762 E LstmTrainingCache: android.content.res.Resources$NotFoundException: Unable to find resource ID #0x1
12-07 23:28:39.955 16085 31762 E LstmTrainingCache: 	at android.content.res.ResourcesImpl.getResourceName(ResourcesImpl.java:255)
12-07 23:28:39.955 16085 31762 E LstmTrainingCache: 	at android.content.res.Resources.getResourceName(Resources.java:1954)
12-07 23:28:39.955 16085 31762 E LstmTrainingCache: 	at emn.a(PG:12)
12-07 23:28:39.955 16085 31762 E LstmTrainingCache: 	at emk.run(PG:5)
12-07 23:28:39.955 16085 31762 E LstmTrainingCache: 	at java.lang.Thread.run(Thread.java:764)
12-07 23:28:45.805 16485 19833 E s.nexuslaunche: Failed to open APK '/data/app/com.evancharlton.mileage-uv47rYBT150bx6P2XgX0TQ==/base.apk' I/O error
12-07 23:28:45.816 16485 19833 E ResourcesManager: failed to add asset path /data/app/com.evancharlton.mileage-uv47rYBT150bx6P2XgX0TQ==/base.apk
12-07 23:28:49.217 16506 16506 E BeaconBle: Missing BluetoothAdapter
12-07 23:28:49.302 16506 16506 E BeaconBle: Scan couldn't start for Places
12-07 23:29:09.857 15976 16893 E WindowManager: Performed 6 layouts in a row. Skipping
12-07 23:29:09.919 15976 16026 E WindowManager: Performed 6 layouts in a row. Skipping
12-07 23:29:10.000 15976 16026 E WindowManager: Performed 6 layouts in a row. Skipping
12-07 23:29:10.063 15976 16026 E WindowManager: Performed 6 layouts in a row. Skipping
12-07 23:29:10.104 15976 16026 E WindowManager: Performed 6 layouts in a row. Skipping
12-07 23:29:10.121 15976 15991 E WindowManager: Performed 6 layouts in a row. Skipping
12-07 23:29:10.145 15976 19560 E WindowManager: Performed 6 layouts in a row. Skipping
12-07 23:29:10.224 15976 16026 E WindowManager: Performed 6 layouts in a row. Skipping
12-07 23:29:10.256 15976 19560 E WindowManager: Performed 6 layouts in a row. Skipping
12-07 23:29:10.302 15976 16026 E WindowManager: Performed 6 layouts in a row. Skipping
12-07 23:29:10.461 15976 16026 E WindowManager: Performed 6 layouts in a row. Skipping
12-07 23:29:10.507 15976 16026 E WindowManager: Performed 6 layouts in a row. Skipping
12-07 23:29:10.562 15976 16247 E WindowManager: Performed 6 layouts in a row. Skipping
12-07 23:29:12.248  1829  1829 E netmgr  : Failed to open QEMU pipe 'qemud:network': Invalid argument
12-07 23:29:12.248  1829  1829 E netmgr  : WifiForwarder unable to open QEMU pipe: Invalid argument
12-07 23:29:12.967 10641 10641 E ContextIntentStarter: No activity found for any of the 0 intents
12-07 23:29:23.793 15927 17002 E audio_hw_generic: pcm_open(in) failed: cannot open device '/dev/snd/pcmC0D0c': Device or resource busy: channels 2 format 0 rate 16000
12-07 23:29:32.991 17008 17008 E id.gms.learnin: Not starting debugger since process cannot load the jdwp agent.
12-07 23:29:34.394  1737  1809 E storaged: getDiskStats failed with result NOT_SUPPORTED and size 0
12-07 23:29:55.043 16788 17129 E PlayCommon: [121] com.google.android.play.b.g.a(448): Failed to connect to server: java.net.UnknownHostException: Unable to resolve host "play.googleapis.com": No address associated with hostname
12-07 23:30:12.260  1829  1829 E netmgr  : Failed to open QEMU pipe 'qemud:network': Invalid argument
12-07 23:30:12.260  1829  1829 E netmgr  : WifiForwarder unable to open QEMU pipe: Invalid argument
12-07 23:30:34.411  1737  1809 E storaged: getDiskStats failed with result NOT_SUPPORTED and size 0
12-07 23:31:12.321  1829  1829 E netmgr  : Failed to open QEMU pipe 'qemud:network': Invalid argument
12-07 23:31:12.321  1829  1829 E netmgr  : WifiForwarder unable to open QEMU pipe: Invalid argument
12-07 23:31:34.415  1737  1809 E storaged: getDiskStats failed with result NOT_SUPPORTED and size 0
12-07 23:32:12.334  1829  1829 E netmgr  : Failed to open QEMU pipe 'qemud:network': Invalid argument
12-07 23:32:12.334  1829  1829 E netmgr  : WifiForwarder unable to open QEMU pipe: Invalid argument
12-07 23:32:34.418  1737  1809 E storaged: getDiskStats failed with result NOT_SUPPORTED and size 0
12-07 23:32:36.411 10641 10641 E TaskServiceHelper: Cannot execute TaskName.UNKNOWN (or data got corrupted).
12-07 23:32:36.433 10641 10641 E TaskServiceHelper: Cannot execute TaskName.UNKNOWN (or data got corrupted).
12-07 23:32:36.457 10641 10641 E TaskServiceHelper: Cannot execute TaskName.UNKNOWN (or data got corrupted).
12-07 23:33:12.395  1829  1829 E netmgr  : Failed to open QEMU pipe 'qemud:network': Invalid argument
12-07 23:33:12.395  1829  1829 E netmgr  : WifiForwarder unable to open QEMU pipe: Invalid argument
