--------- beginning of main
--------- beginning of system
12-08 23:05:31.800  1885  1899 E ActivityManager: Failure starting process com.evancharlton.mileage
12-08 23:05:31.800  1885  1899 E ActivityManager: java.lang.SecurityException: Package com.evancharlton.mileage was not found!
12-08 23:05:31.800  1885  1899 E ActivityManager: 	at com.android.server.pm.PackageManagerService.checkPackageStartable(PackageManagerService.java:3987)
12-08 23:05:31.800  1885  1899 E ActivityManager: 	at com.android.server.am.ActivityManagerService.startProcessLocked(ActivityManagerService.java:4234)
12-08 23:05:31.800  1885  1899 E ActivityManager: 	at com.android.server.am.ActivityManagerService.startProcessLocked(ActivityManagerService.java:4199)
12-08 23:05:31.800  1885  1899 E ActivityManager: 	at com.android.server.am.ActivityManagerService.startProcessLocked(ActivityManagerService.java:4181)
12-08 23:05:31.800  1885  1899 E ActivityManager: 	at com.android.server.am.ActivityManagerService.startProcessLocked(ActivityManagerService.java:4067)
12-08 23:05:31.800  1885  1899 E ActivityManager: 	at com.android.server.am.ActivityStackSupervisor.startSpecificActivityLocked(ActivityStackSupervisor.java:1715)
12-08 23:05:31.800  1885  1899 E ActivityManager: 	at com.android.server.am.ActivityStack.resumeTopActivityInnerLocked(ActivityStack.java:2764)
12-08 23:05:31.800  1885  1899 E ActivityManager: 	at com.android.server.am.ActivityStack.resumeTopActivityUncheckedLocked(ActivityStack.java:2302)
12-08 23:05:31.800  1885  1899 E ActivityManager: 	at com.android.server.am.ActivityStackSupervisor.resumeFocusedStackTopActivityLocked(ActivityStackSupervisor.java:2234)
12-08 23:05:31.800  1885  1899 E ActivityManager: 	at com.android.server.am.ActivityStackSupervisor.resumeFocusedStackTopActivityLocked(ActivityStackSupervisor.java:2218)
12-08 23:05:31.800  1885  1899 E ActivityManager: 	at com.android.server.am.ActivityManagerService.handleAppDiedLocked(ActivityManagerService.java:5923)
12-08 23:05:31.800  1885  1899 E ActivityManager: 	at com.android.server.am.ActivityManagerService.removeProcessLocked(ActivityManagerService.java:7501)
12-08 23:05:31.800  1885  1899 E ActivityManager: 	at com.android.server.am.ActivityManagerService.killPackageProcessesLocked(ActivityManagerService.java:7142)
12-08 23:05:31.800  1885  1899 E ActivityManager: 	at com.android.server.am.ActivityManagerService.forceStopPackageLocked(ActivityManagerService.java:7275)
12-08 23:05:31.800  1885  1899 E ActivityManager: 	at com.android.server.am.ActivityManagerService$MainHandler.handleMessage(ActivityManagerService.java:2289)
12-08 23:05:31.800  1885  1899 E ActivityManager: 	at android.os.Handler.dispatchMessage(Handler.java:106)
12-08 23:05:31.800  1885  1899 E ActivityManager: 	at android.os.Looper.loop(Looper.java:193)
12-08 23:05:31.800  1885  1899 E ActivityManager: 	at android.os.HandlerThread.run(HandlerThread.java:65)
12-08 23:05:31.800  1885  1899 E ActivityManager: 	at com.android.server.ServiceThread.run(ServiceThread.java:44)
12-08 23:05:32.814  2378 11964 E ctxmgr  : [ProducerStatusImpl]updateStateForNewContextData: inactive, contextName=7
12-08 23:05:33.275  2378  2378 E BeaconBle: Scan couldn't start for Places
12-08 23:05:34.888  1731  1935 E         : Couldn't opendir /data/app/vmdl308687101.tmp: No such file or directory
12-08 23:05:34.888  1731  1935 E installd: Failed to delete /data/app/vmdl308687101.tmp: No such file or directory
12-08 23:05:35.917 12666 12666 E harlton.mileag: Not starting debugger since process cannot load the jdwp agent.
12-08 23:05:39.406  1726  2181 E SurfaceFlinger: getLayerUser(name=0xe7ab8450) is dead
12-08 23:05:39.406  1726  2181 E SurfaceFlinger: getLayerUser(name=0xe7ab8450) is dead
12-08 23:05:49.871  1885  1957 E WindowManager: Performed 6 layouts in a row. Skipping
12-08 23:05:49.888  1885  1938 E WindowManager: Performed 6 layouts in a row. Skipping
12-08 23:05:49.926  1885  1938 E WindowManager: Performed 6 layouts in a row. Skipping
12-08 23:05:49.965  1885  4034 E WindowManager: Performed 6 layouts in a row. Skipping
12-08 23:05:49.983  1885  1938 E WindowManager: Performed 6 layouts in a row. Skipping
12-08 23:05:50.028  1885  1938 E WindowManager: Performed 6 layouts in a row. Skipping
12-08 23:05:50.055  1885  1900 E WindowManager: Performed 6 layouts in a row. Skipping
12-08 23:05:50.078  1885  4034 E WindowManager: Performed 6 layouts in a row. Skipping
12-08 23:05:50.102  1885  1938 E WindowManager: Performed 6 layouts in a row. Skipping
12-08 23:05:50.136  1885  4232 E WindowManager: Performed 6 layouts in a row. Skipping
12-08 23:05:50.158  1885  1938 E WindowManager: Performed 6 layouts in a row. Skipping
12-08 23:05:50.604  2378 12629 E ctxmgr  : [ProducerStatusImpl]updateStateForNewContextData: inactive, contextName=7
12-08 23:05:50.947  2378  2378 E BeaconBle: Missing BluetoothAdapter
12-08 23:05:51.130  2378  2378 E BeaconBle: Scan couldn't start for Places
12-08 23:05:54.100  2720  2720 E ContextIntentStarter: No activity found for any of the 0 intents
12-08 23:05:54.187  1629  1629 E android.hardware.wifi@1.0-service: Failed to register radio mode change callback
12-08 23:05:54.189  1629  1629 E android.hardware.wifi@1.0-service: Failed to set DFS flag; DFS channels may be unavailable.
12-08 23:05:54.288  1740  1740 E wificond: No Offload Service available
12-08 23:05:54.416  1885  1970 E WifiVendorHal: getBgScanCapabilities(l.671) failed {.code = ERROR_NOT_SUPPORTED, .description = }
12-08 23:05:54.550  1885  1971 E WifiP2pService: Unhandled message { when=-3ms what=131203 target=com.android.internal.util.StateMachine$SmHandler }
12-08 23:05:54.587  1885  1971 E WifiP2pService: Unhandled message { when=0 what=131203 target=com.android.internal.util.StateMachine$SmHandler }
12-08 23:05:54.706  1885  1903 E BatteryExternalStatsWorker: no controller energy info supplied for wifi
12-08 23:05:54.792 12717 12717 E wpa_supplicant: nl80211: Failed to open /proc/sys/net/ipv4/conf/p2p-dev-wlan0/drop_unicast_in_l2_multicast: No such file or directory
12-08 23:05:54.792 12717 12717 E wpa_supplicant: nl80211: Failed to set IPv4 unicast in multicast filter
12-08 23:05:54.800 12717 12717 E wpa_supplicant: nl80211: Failed to open /proc/sys/net/ipv4/conf/p2p-dev-wlan0/drop_unicast_in_l2_multicast: No such file or directory
12-08 23:05:54.800 12717 12717 E wpa_supplicant: nl80211: Failed to set IPv4 unicast in multicast filter
12-08 23:05:54.885 12717 12717 E wpa_supplicant: nl80211: Failed to open /proc/sys/net/ipv4/conf/wlan0/drop_unicast_in_l2_multicast: No such file or directory
12-08 23:05:54.886 12717 12717 E wpa_supplicant: nl80211: Failed to set IPv4 unicast in multicast filter
12-08 23:05:54.959 12717 12717 E wpa_supplicant: nl80211: Failed to open /proc/sys/net/ipv4/conf/wlan0/drop_unicast_in_l2_multicast: No such file or directory
12-08 23:05:54.960 12717 12717 E wpa_supplicant: nl80211: Failed to set IPv4 unicast in multicast filter
12-08 23:05:55.074  1629  1629 E android.hardware.wifi@1.0-service: Failed to open directory: Permission denied
12-08 23:05:55.074  1629  1629 E android.hardware.wifi@1.0-service: Error occurred while deleting old tombstone files
12-08 23:05:55.074  1629  1629 E android.hardware.wifi@1.0-service: Error writing files to flash
12-08 23:05:55.301  1885  1972 E ConnectivityService: exception in setMtu()java.lang.IllegalStateException: command '436 interface setmtu radio0 1500' failed with '400 436 Failed to set MTU (Permission denied)'
12-08 23:05:55.318  1885  1969 E SupplicantStaIfaceHal: Can't call setPowerSave, ISupplicantStaIface is null
12-08 23:05:55.318  1885  1969 E SupplicantStaIfaceHal: Can't call setBtCoexistenceMode, ISupplicantStaIface is null
12-08 23:05:55.370  1885  1969 E HalDevMgr: Should have at least 1 chip!
12-08 23:05:55.370  1885  1969 E HalDevMgr: dispatchAvailableForRequestListeners: no chip info found
12-08 23:05:55.392  1885  1969 E SupplicantStaIfaceHal: Can't call listNetworks, ISupplicantStaIface is null
12-08 23:05:55.392  1885  1969 E SupplicantStaIfaceHal: removeAllNetworks failed, got null networks
12-08 23:05:55.392  1885  1969 E WifiStateMachine: Failed to remove networks on exiting connect mode
12-08 23:05:55.396  1885  1971 E WifiP2pService: Unhandled message { when=-4ms what=131204 target=com.android.internal.util.StateMachine$SmHandler }
12-08 23:05:55.449  1885  1970 E WificondControl: No valid wificond scanner interface handler
12-08 23:05:55.467  1885  1903 E BatteryExternalStatsWorker: no controller energy info supplied for wifi
12-08 23:05:55.886  1629  1629 E android.hardware.wifi@1.0-service: Failed to register radio mode change callback
12-08 23:05:55.906  1629  1629 E android.hardware.wifi@1.0-service: Failed to set DFS flag; DFS channels may be unavailable.
12-08 23:05:56.064  1740  1740 E wificond: No Offload Service available
12-08 23:05:56.065  1885  1969 E SupplicantStaIfaceHal: Can't call setupIface, ISupplicantStaIface is null
12-08 23:05:56.180  1885  1970 E WifiVendorHal: getBgScanCapabilities(l.671) failed {.code = ERROR_NOT_SUPPORTED, .description = }
12-08 23:05:56.268  1885  1971 E WifiP2pService: Unhandled message { when=-1ms what=131203 target=com.android.internal.util.StateMachine$SmHandler }
12-08 23:05:56.344  1885  1971 E WifiP2pService: Unhandled message { when=-15ms what=131203 target=com.android.internal.util.StateMachine$SmHandler }
12-08 23:05:56.573  1885  1903 E BatteryExternalStatsWorker: no controller energy info supplied for wifi
12-08 23:05:56.668  1885  1903 E BatteryExternalStatsWorker: no controller energy info supplied for wifi
12-08 23:05:56.713 12733 12733 E wpa_supplicant: nl80211: Failed to open /proc/sys/net/ipv4/conf/p2p-dev-wlan0/drop_unicast_in_l2_multicast: No such file or directory
12-08 23:05:56.714 12733 12733 E wpa_supplicant: nl80211: Failed to set IPv4 unicast in multicast filter
12-08 23:05:56.714 12733 12733 E wpa_supplicant: nl80211: Failed to open /proc/sys/net/ipv4/conf/p2p-dev-wlan0/drop_unicast_in_l2_multicast: No such file or directory
12-08 23:05:56.714 12733 12733 E wpa_supplicant: nl80211: Failed to set IPv4 unicast in multicast filter
12-08 23:05:56.834 12733 12733 E wpa_supplicant: nl80211: Failed to open /proc/sys/net/ipv4/conf/wlan0/drop_unicast_in_l2_multicast: No such file or directory
12-08 23:05:56.834 12733 12733 E wpa_supplicant: nl80211: Failed to set IPv4 unicast in multicast filter
12-08 23:05:56.842  2378 12751 E WakeLock: GCM_CONN_ALARM release without a matched acquire!
12-08 23:05:56.920 12733 12733 E wpa_supplicant: nl80211: Failed to open /proc/sys/net/ipv4/conf/wlan0/drop_unicast_in_l2_multicast: No such file or directory
12-08 23:05:56.920 12733 12733 E wpa_supplicant: nl80211: Failed to set IPv4 unicast in multicast filter
12-08 23:05:57.258  1629  1629 E android.hardware.wifi@1.0-service: Failed to open directory: Permission denied
12-08 23:05:57.258  1629  1629 E android.hardware.wifi@1.0-service: Error occurred while deleting old tombstone files
12-08 23:05:57.258  1629  1629 E android.hardware.wifi@1.0-service: Error writing files to flash
12-08 23:05:57.338  2378 12758 E WakeLock: GCM_HB_ALARM release without a matched acquire!
12-08 23:05:57.388  2378 12758 E WakeLock: GCM_CONN_ALARM release without a matched acquire!
12-08 23:05:57.476  1885  1969 E SupplicantStaIfaceHal: Can't call setPowerSave, ISupplicantStaIface is null
12-08 23:05:57.476  1885  1969 E SupplicantStaIfaceHal: Can't call setBtCoexistenceMode, ISupplicantStaIface is null
12-08 23:05:57.502  1885  1969 E HalDevMgr: Should have at least 1 chip!
12-08 23:05:57.502  1885  1969 E HalDevMgr: dispatchAvailableForRequestListeners: no chip info found
12-08 23:05:57.529  1885  1969 E SupplicantStaIfaceHal: Can't call listNetworks, ISupplicantStaIface is null
12-08 23:05:57.529  1885  1969 E SupplicantStaIfaceHal: removeAllNetworks failed, got null networks
12-08 23:05:57.529  1885  1969 E WifiStateMachine: Failed to remove networks on exiting connect mode
12-08 23:05:57.533  1885  1971 E WifiP2pService: Unhandled message { when=-3ms what=131204 target=com.android.internal.util.StateMachine$SmHandler }
12-08 23:05:57.560  1885  1898 E GnssLocationProvider: no AGPS interface in set_agps_server
12-08 23:05:57.564  1885  1970 E WificondControl: No valid wificond scanner interface handler
12-08 23:05:57.565  1885  1903 E BatteryExternalStatsWorker: no controller energy info supplied for wifi
12-08 23:05:57.615  1885  1903 E BatteryExternalStatsWorker: no controller energy info supplied for wifi
12-08 23:05:58.418 12760 12760 E id.gms.unstabl: Not starting debugger since process cannot load the jdwp agent.
12-08 23:05:59.401  1885  1969 E WifiScanRequestProxy: Scan failure received. reason: -1,description: not available
12-08 23:06:00.502  1629  1629 E android.hardware.wifi@1.0-service: Failed to register radio mode change callback
12-08 23:06:00.502  1629  1629 E android.hardware.wifi@1.0-service: Failed to set DFS flag; DFS channels may be unavailable.
12-08 23:06:00.517  1740  1740 E wificond: No Offload Service available
12-08 23:06:00.520  1885  1969 E SupplicantStaIfaceHal: Can't call setupIface, ISupplicantStaIface is null
12-08 23:06:00.646  1885  1970 E WifiVendorHal: getBgScanCapabilities(l.671) failed {.code = ERROR_NOT_SUPPORTED, .description = }
12-08 23:06:00.693  1885  1971 E WifiP2pService: Unhandled message { when=-1ms what=131203 target=com.android.internal.util.StateMachine$SmHandler }
12-08 23:06:00.855  1885  1971 E WifiP2pService: Unhandled message { when=0 what=131203 target=com.android.internal.util.StateMachine$SmHandler }
12-08 23:06:00.918  1885  1903 E BatteryExternalStatsWorker: no controller energy info supplied for wifi
12-08 23:06:00.981  1885  1903 E BatteryExternalStatsWorker: no controller energy info supplied for wifi
12-08 23:06:02.176 12802 12802 E id.gms.learnin: Not starting debugger since process cannot load the jdwp agent.
12-08 23:06:03.276  2378 12448 E HeterodyneSyncTaskChime: Sync task failure [CONTEXT service_id=51 ]
12-08 23:06:03.719  1994  1994 E native  : suggestion-transformer.cc:118 suggestion picked candidate not found for id: 3
12-08 23:06:04.909  1885  1903 E BatteryExternalStatsWorker: no controller energy info supplied for wifi
12-08 23:06:05.026  1885  1969 E WifiVendorHal: stopRssiMonitoring(l.2404) failed {.code = ERROR_NOT_AVAILABLE, .description = }
12-08 23:06:05.395  2378 12850 E WakeLock: GCM_CONN_ALARM release without a matched acquire!
12-08 23:06:05.772  1737  1820 E Netd    : Error adding route ::/0 -> fe80::ff:fe00:100 wlan0 to table 1003: File exists
